12-11 16:54:42.632 13169 13169 W ViewRootImpl: Dropping event due to root view being removed: MotionEvent { action=ACTION_UP, actionButton=0, id[0]=0, x[0]=982.94995, y[0]=-310.79333, toolType[0]=TOOL_TYPE_UNKNOWN, buttonState=0, metaState=0, flags=0x0, edgeFlags=0x0, pointerCount=1, historySize=0, eventTime=5902009, downTime=5902006, deviceId=0, source=0x1002 }
12-11 16:54:42.632 13169 13169 W InputEventReceiver: Attempted to finish an input event but the input event receiver has already been disposed.
12-11 16:54:42.634   609  3358 W InputMethodManagerService: Window already focused, ignoring focus gain of: com.android.internal.view.IInputMethodClient$Stub$Proxy@8c253e9 attribute=null, token = android.os.BinderProxy@7e45038
12-11 16:54:42.707   609  1164 I ActivityManager: START u0 {act=android.intent.action.MAIN cat=[android.intent.category.LAUNCHER] flg=0x10200000 cmp=com.example.snoopy/.CameraInputFrames} from uid 2000 on display 0
12-11 16:54:42.798 11041 13248 E Volley  : [653] BasicNetwork.performRequest: Unexpected response code 400 for https://www.googleapis.com/identitytoolkit/v3/relyingparty/signupNewUser?alt=proto&key=AIzaSyAlPR096sOohVB9d0xuRCe1M34wBO-crBA
12-11 16:54:42.799 11041 11355 I AuthChimeraService: Error description received from server: INVALID_EMAIL
12-11 16:54:42.799 11041 11355 W FirebaseAuth: [PhoneNumberAuthPostProcessor] postProcess starts
12-11 16:54:42.800 11041 11355 W FirebaseAuth: [PhoneNumberAuthPostProcessor] postProcess ends
12-11 16:54:42.861  1059 13218 E Surface : getSlotFromBufferLocked: unknown buffer: 0xa9d23040
12-11 16:54:43.026   609   618 I art     : Background partial concurrent mark sweep GC freed 42510(2MB) AllocSpace objects, 16(328KB) LOS objects, 33% free, 25MB/37MB, paused 1.922ms total 140.258ms
12-11 16:54:43.116 11018 11096 E SQLiteDatabase: Error inserting source=4 tag=qos_default_periodic requires_charging=0 target_package=com.google.android.gms source_version=11509000 required_network_type=0 flex_time=3540000 target_class=com.google.android.gms.clearcut.uploader.QosUploaderService runtime=1513043621639 retry_strategy={"maximum_backoff_seconds":{"3600":0},"initial_backoff_seconds":{"30":0},"retry_policy":{"0":0}} last_runtime=0 period=3600000 task_type=1 job_id=-1 user_id=0
12-11 16:54:43.116 11018 11096 E SQLiteDatabase: android.database.sqlite.SQLiteConstraintException: UNIQUE constraint failed: pending_ops.tag, pending_ops.target_class, pending_ops.target_package, pending_ops.user_id (code 2067)
12-11 16:54:43.116 11018 11096 E SQLiteDatabase: 	at android.database.sqlite.SQLiteConnection.nativeExecuteForLastInsertedRowId(Native Method)
12-11 16:54:43.116 11018 11096 E SQLiteDatabase: 	at android.database.sqlite.SQLiteConnection.executeForLastInsertedRowId(SQLiteConnection.java:780)
12-11 16:54:43.116 11018 11096 E SQLiteDatabase: 	at android.database.sqlite.SQLiteSession.executeForLastInsertedRowId(SQLiteSession.java:788)
12-11 16:54:43.116 11018 11096 E SQLiteDatabase: 	at android.database.sqlite.SQLiteStatement.executeInsert(SQLiteStatement.java:86)
12-11 16:54:43.116 11018 11096 E SQLiteDatabase: 	at android.database.sqlite.SQLiteDatabase.insertWithOnConflict(SQLiteDatabase.java:1471)
12-11 16:54:43.116 11018 11096 E SQLiteDatabase: 	at android.database.sqlite.SQLiteDatabase.insert(SQLiteDatabase.java:1341)
12-11 16:54:43.116 11018 11096 E SQLiteDatabase: 	at svp.a(:com.google.android.gms@11509436:208)
12-11 16:54:43.116 11018 11096 E SQLiteDatabase: 	at swv.a(:com.google.android.gms@11509436:64)
12-11 16:54:43.116 11018 11096 E SQLiteDatabase: 	at sww.handleMessage(:com.google.android.gms@11509436:29)
12-11 16:54:43.116 11018 11096 E SQLiteDatabase: 	at android.os.Handler.dispatchMessage(Handler.java:102)
12-11 16:54:43.116 11018 11096 E SQLiteDatabase: 	at android.os.Looper.loop(Looper.java:148)
12-11 16:54:43.116 11018 11096 E SQLiteDatabase: 	at android.os.HandlerThread.run(HandlerThread.java:61)
12-11 16:54:43.116 11018 11096 E NetworkScheduler: Error persisting task: com.google.android.gms/.clearcut.uploader.QosUploaderService{u=0 tag="qos_default_periodic" trigger=window{period=3600s,flex=3540s,earliest=3598s,latest=7138s} requirements=[NET_CONNECTED] attributes=[PERSISTED,RECURRING] scheduled=3538s last_run=N/A jid=N/A status=PENDING retries=0}
12-11 16:54:43.126 13169 13187 I art     : Starting a blocking GC Explicit
12-11 16:54:43.143 13169 13187 I art     : Explicit concurrent mark sweep GC freed 2588(140KB) AllocSpace objects, 1(20KB) LOS objects, 40% free, 8MB/13MB, paused 335us total 15.106ms
12-11 16:54:43.159 13169 13187 I art     : Starting a blocking GC Explicit
12-11 16:54:43.172 13169 13187 I art     : Explicit concurrent mark sweep GC freed 50(1936B) AllocSpace objects, 0(0B) LOS objects, 40% free, 8MB/13MB, paused 274us total 12.878ms
12-11 16:54:43.188 13169 13187 I art     : Starting a blocking GC Explicit
12-11 16:54:43.201 13169 13187 I art     : Explicit concurrent mark sweep GC freed 328(14KB) AllocSpace objects, 0(0B) LOS objects, 40% free, 8MB/13MB, paused 274us total 13.061ms
12-11 16:54:43.216 13169 13187 I art     : Starting a blocking GC Explicit
12-11 16:54:43.230 13169 13187 I art     : Explicit concurrent mark sweep GC freed 223(11KB) AllocSpace objects, 0(0B) LOS objects, 40% free, 8MB/13MB, paused 274us total 13.366ms
12-11 16:54:43.246 13169 13187 I art     : Starting a blocking GC Explicit
12-11 16:54:43.259 13169 13187 I art     : Explicit concurrent mark sweep GC freed 3(96B) AllocSpace objects, 0(0B) LOS objects, 40% free, 8MB/13MB, paused 274us total 13.549ms
12-11 16:54:43.441  1059  1059 I Keyboard.Facilitator: onStartInput()
12-11 16:54:43.448  1059  1059 I LatinIME: Starting input. Cursor position = 40,40
12-11 16:54:43.502  1059  1059 I Keyboard.Facilitator: resetDictionaries() : no-op
12-11 16:54:43.502  1059  1059 I StatsUtilsManager: onLoadSettings()
12-11 16:54:43.602   609  8020 I ActivityManager: START u0 {act=android.intent.action.MAIN cat=[android.intent.category.LAUNCHER] flg=0x10200000 cmp=com.example.snoopy/.CameraInputFrames} from uid 2000 on display 0
12-11 16:54:43.646  1059 13218 E Surface : getSlotFromBufferLocked: unknown buffer: 0xa9cbdd00
12-11 16:54:43.722   609   959 I ActivityManager: START u0 {act=android.intent.action.MAIN cat=[android.intent.category.LAUNCHER] flg=0x10200000 cmp=com.example.snoopy/.CameraInputFrames} from uid 2000 on display 0
12-11 16:54:43.760 13169 13199 E Surface : getSlotFromBufferLocked: unknown buffer: 0x9fdb3ea0
12-11 16:54:43.776   609  3042 I ActivityManager: START u0 {act=android.intent.action.MAIN cat=[android.intent.category.LAUNCHER] flg=0x10200000 cmp=com.example.snoopy/.MainActivity} from uid 2000 on display 0
12-11 16:54:44.017   742   742 D PhoneStatusBar: disable: < expand ICONS* alerts SYSTEM_INFO* back home recent clock search quick_settings >
12-11 16:54:44.095   742   742 D PhoneStatusBar: disable: < expand icons* alerts system_info* back home recent clock search quick_settings >
12-11 16:54:44.174   742  1359 E Surface : getSlotFromBufferLocked: unknown buffer: 0x99df51d0
12-11 16:54:44.244  1059  1059 I Keyboard.Facilitator: onStartInput()
12-11 16:54:44.251  1059  1059 I LatinIME: Starting input. Cursor position = 40,40
12-11 16:54:44.311  1059  1059 I Keyboard.Facilitator: resetDictionaries() : no-op
12-11 16:54:44.311  1059  1059 I StatsUtilsManager: onLoadSettings()
12-11 16:54:44.858   742   742 D PhoneStatusBar: disable: < expand ICONS* alerts SYSTEM_INFO* back home recent clock search quick_settings >
12-11 16:54:45.086   609  3416 W InputMethodManagerService: Window already focused, ignoring focus gain of: com.android.internal.view.IInputMethodClient$Stub$Proxy@e0ee0da attribute=null, token = android.os.BinderProxy@7e45038
12-11 16:54:45.104   742   742 D PhoneStatusBar: disable: < expand icons* alerts system_info* back home recent clock search quick_settings >
12-11 16:54:45.175   742  1359 E Surface : getSlotFromBufferLocked: unknown buffer: 0x99df5a90
12-11 16:54:45.218 13169 13180 I art     : Starting a blocking GC Explicit
12-11 16:54:45.234 13169 13180 I art     : Explicit concurrent mark sweep GC freed 2973(129KB) AllocSpace objects, 1(20KB) LOS objects, 39% free, 8MB/13MB, paused 823us total 15.167ms
12-11 16:54:45.251 13169 13180 I art     : Starting a blocking GC Explicit
12-11 16:54:45.266 13169 13180 I art     : Explicit concurrent mark sweep GC freed 514(26KB) AllocSpace objects, 0(0B) LOS objects, 39% free, 8MB/13MB, paused 335us total 14.831ms
12-11 16:54:45.285 13169 13180 I art     : Starting a blocking GC Explicit
12-11 16:54:45.299 13169 13180 I art     : Explicit concurrent mark sweep GC freed 3(96B) AllocSpace objects, 0(0B) LOS objects, 40% free, 8MB/13MB, paused 274us total 13.122ms
12-11 16:54:45.316 13169 13180 I art     : Starting a blocking GC Explicit
12-11 16:54:45.330 13169 13180 I art     : Explicit concurrent mark sweep GC freed 3(96B) AllocSpace objects, 0(0B) LOS objects, 39% free, 8MB/13MB, paused 274us total 13.610ms
12-11 16:54:45.346 13169 13180 I art     : Starting a blocking GC Explicit
12-11 16:54:45.362 13169 13180 I art     : Explicit concurrent mark sweep GC freed 3(96B) AllocSpace objects, 0(0B) LOS objects, 39% free, 8MB/13MB, paused 305us total 15.777ms
12-11 16:54:45.524   609  7033 I ActivityManager: START u0 {act=android.intent.action.MAIN cat=[android.intent.category.LAUNCHER] flg=0x10200000 cmp=com.example.snoopy/.CameraInputFrames} from uid 2000 on display 0
12-11 16:54:45.756   196   602 D audio_hw_primary: disable_audio_route: reset and update mixer path: low-latency-playback
12-11 16:54:45.756   196   602 D audio_hw_primary: disable_snd_device: snd_device(3: speaker-reverse)
12-11 16:54:45.814   196   602 D audio_hw_primary: out_set_parameters: enter: usecase(1: low-latency-playback) kvpairs: routing=2
12-11 16:54:45.826   196   601 D audio_hw_primary: select_devices: out_snd_device(3: speaker-reverse) in_snd_device(0: none)
12-11 16:54:45.826   196   601 D ACDB-LOADER: ACDB -> send_afe_cal
12-11 16:54:45.826   196   601 D audio_hw_primary: enable_snd_device: snd_device(3: speaker-reverse)
12-11 16:54:45.829   196   601 D audio_hw_primary: enable_audio_route: apply and update mixer path: low-latency-playback
12-11 16:54:45.852   196   602 D AudioFlinger: mixer(0xb4240000) throttle end: throttle time(10)
12-11 16:54:45.854 11041 11209 I AuthChimeraService: Executing request: ProxyRequest[ url: https://www.googleapis.com/identitytoolkit/v3/relyingparty/signupNewUser?alt=proto&key=AIzaSyAlPR096sOohVB9d0xuRCe1M34wBO-crBA, method: 1 ]
12-11 16:54:45.894 13169 13169 W InputEventReceiver: Attempted to finish an input event but the input event receiver has already been disposed.
12-11 16:54:45.895 13169 13169 W ViewRootImpl: Dropping event due to root view being removed: MotionEvent { action=ACTION_UP, actionButton=0, id[0]=0, x[0]=325.97516, y[0]=-77.29855, toolType[0]=TOOL_TYPE_UNKNOWN, buttonState=0, metaState=0, flags=0x0, edgeFlags=0x0, pointerCount=1, historySize=0, eventTime=5905296, downTime=5905294, deviceId=0, source=0x1002 }
12-11 16:54:45.895 13169 13169 W InputEventReceiver: Attempted to finish an input event but the input event receiver has already been disposed.
12-11 16:54:45.916   609   620 W InputMethodManagerService: Window already focused, ignoring focus gain of: com.android.internal.view.IInputMethodClient$Stub$Proxy@2fbcae2 attribute=null, token = android.os.BinderProxy@7e45038
12-11 16:54:46.075 11041 13246 E Volley  : [651] BasicNetwork.performRequest: Unexpected response code 400 for https://www.googleapis.com/identitytoolkit/v3/relyingparty/signupNewUser?alt=proto&key=AIzaSyAlPR096sOohVB9d0xuRCe1M34wBO-crBA
12-11 16:54:46.083 11041 11209 I AuthChimeraService: Error description received from server: INVALID_EMAIL
12-11 16:54:46.086 11041 11355 W FirebaseAuth: [PhoneNumberAuthPostProcessor] postProcess starts
12-11 16:54:46.086 11041 11355 W FirebaseAuth: [PhoneNumberAuthPostProcessor] postProcess ends
12-11 16:54:46.106  1059  1059 I Keyboard.Facilitator: onFinishInput()
12-11 16:54:46.107  1059  1059 I Keyboard.Facilitator: onStartInput()
12-11 16:54:46.120  1059  1059 I LatinIME: Starting input. Cursor position = 33,33
12-11 16:54:46.173  1059  1059 I Keyboard.Facilitator: resetDictionaries() : no-op
12-11 16:54:46.173  1059  1059 I StatsUtilsManager: onLoadSettings()
12-11 16:54:46.368   609  7033 I ActivityManager: START u0 {act=android.intent.action.MAIN cat=[android.intent.category.LAUNCHER] flg=0x10200000 cmp=com.example.snoopy/.CameraInputFrames} from uid 2000 on display 0
12-11 16:54:46.482   609   620 I ActivityManager: START u0 {act=android.intent.action.MAIN cat=[android.intent.category.LAUNCHER] flg=0x10200000 cmp=com.example.snoopy/.MainActivity} from uid 2000 on display 0
12-11 16:54:46.644   609  3357 I ActivityManager: START u0 {act=android.intent.action.MAIN cat=[android.intent.category.LAUNCHER] flg=0x10200000 cmp=com.example.snoopy/.CameraInputFrames} from uid 2000 on display 0
12-11 16:54:46.804   609  8020 I ActivityManager: START u0 {act=android.intent.action.MAIN cat=[android.intent.category.LAUNCHER] flg=0x10200000 cmp=com.example.snoopy/.CameraInputFrames} from uid 2000 on display 0
12-11 16:54:47.005   196   602 D audio_hw_primary: out_set_parameters: enter: usecase(1: low-latency-playback) kvpairs: routing=2
12-11 16:54:47.012 13169 13187 I art     : Starting a blocking GC Explicit
12-11 16:54:47.018 11041 11209 I AuthChimeraService: Executing request: ProxyRequest[ url: https://www.googleapis.com/identitytoolkit/v3/relyingparty/signupNewUser?alt=proto&key=AIzaSyAlPR096sOohVB9d0xuRCe1M34wBO-crBA, method: 1 ]
12-11 16:54:47.046 13169 13187 I art     : Explicit concurrent mark sweep GC freed 3155(151KB) AllocSpace objects, 1(20KB) LOS objects, 40% free, 8MB/13MB, paused 335us total 33.691ms
12-11 16:54:47.061 13169 13169 W InputEventReceiver: Attempted to finish an input event but the input event receiver has already been disposed.
12-11 16:54:47.062 13169 13169 W ViewRootImpl: Dropping event due to root view being removed: MotionEvent { action=ACTION_UP, actionButton=0, id[0]=0, x[0]=688.90955, y[0]=-162.23047, toolType[0]=TOOL_TYPE_UNKNOWN, buttonState=0, metaState=0, flags=0x0, edgeFlags=0x0, pointerCount=1, historySize=0, eventTime=5906457, downTime=5906456, deviceId=0, source=0x1002 }
12-11 16:54:47.062 13169 13169 W InputEventReceiver: Attempted to finish an input event but the input event receiver has already been disposed.
12-11 16:54:47.064 13169 13187 I art     : Starting a blocking GC Explicit
12-11 16:54:47.067   609  3442 W InputMethodManagerService: Window already focused, ignoring focus gain of: com.android.internal.view.IInputMethodClient$Stub$Proxy@5bb38eb attribute=null, token = android.os.BinderProxy@7e45038
12-11 16:54:47.081 13169 13187 I art     : Explicit concurrent mark sweep GC freed 919(51KB) AllocSpace objects, 0(0B) LOS objects, 40% free, 8MB/13MB, paused 366us total 16.326ms
12-11 16:54:47.102 13169 13187 I art     : Starting a blocking GC Explicit
12-11 16:54:47.118 13169 13187 I art     : Explicit concurrent mark sweep GC freed 82(3KB) AllocSpace objects, 0(0B) LOS objects, 39% free, 8MB/13MB, paused 305us total 15.167ms
12-11 16:54:47.135 13169 13187 I art     : Starting a blocking GC Explicit
12-11 16:54:47.151 13169 13187 I art     : Explicit concurrent mark sweep GC freed 36(1776B) AllocSpace objects, 0(0B) LOS objects, 39% free, 8MB/13MB, paused 671us total 15.380ms
12-11 16:54:47.169 13169 13187 I art     : Starting a blocking GC Explicit
12-11 16:54:47.184 13169 13187 I art     : Explicit concurrent mark sweep GC freed 21(848B) AllocSpace objects, 0(0B) LOS objects, 40% free, 8MB/13MB, paused 305us total 15.228ms
12-11 16:54:47.251 11041 13249 E Volley  : [654] BasicNetwork.performRequest: Unexpected response code 400 for https://www.googleapis.com/identitytoolkit/v3/relyingparty/signupNewUser?alt=proto&key=AIzaSyAlPR096sOohVB9d0xuRCe1M34wBO-crBA
12-11 16:54:47.252 11041 11209 I AuthChimeraService: Error description received from server: INVALID_EMAIL
12-11 16:54:47.261 11041 11209 W FirebaseAuth: [PhoneNumberAuthPostProcessor] postProcess starts
12-11 16:54:47.261 11041 11209 W FirebaseAuth: [PhoneNumberAuthPostProcessor] postProcess ends
12-11 16:54:48.112   609   775 I ActivityManager: START u0 {act=android.intent.action.MAIN cat=[android.intent.category.LAUNCHER] flg=0x10200000 cmp=com.example.snoopy/.CameraInputFrames} from uid 2000 on display 0
12-11 16:54:48.384   609  3416 I ActivityManager: START u0 {act=android.intent.action.MAIN cat=[android.intent.category.LAUNCHER] flg=0x10200000 cmp=com.example.snoopy/.CameraInputFrames} from uid 2000 on display 0
12-11 16:54:48.953   609  1289 I ActivityManager: START u0 {act=android.intent.action.MAIN cat=[android.intent.category.LAUNCHER] flg=0x10200000 cmp=com.example.snoopy/.MainActivity} from uid 2000 on display 0
12-11 16:54:49.013 13169 13199 E Surface : getSlotFromBufferLocked: unknown buffer: 0x9fef9270
12-11 16:54:49.035  1059  1059 I Keyboard.Facilitator: onFinishInput()
12-11 16:54:49.035  1059  1059 I Keyboard.Facilitator: onStartInput()
12-11 16:54:49.042  1059  1059 I LatinIME: Starting input. Cursor position = 27,27
12-11 16:54:49.053  1059  1059 I Keyboard.Facilitator: resetDictionaries() : no-op
12-11 16:54:49.053  1059  1059 I StatsUtilsManager: onLoadSettings()
12-11 16:54:49.145   196   602 D audio_hw_primary: out_set_parameters: enter: usecase(1: low-latency-playback) kvpairs: routing=2
12-11 16:54:49.155 13169 13180 I art     : Starting a blocking GC Explicit
12-11 16:54:49.171 13169 13180 I art     : Explicit concurrent mark sweep GC freed 2744(143KB) AllocSpace objects, 1(20KB) LOS objects, 40% free, 8MB/13MB, paused 305us total 15.502ms
12-11 16:54:49.189 13169 13180 I art     : Starting a blocking GC Explicit
12-11 16:54:49.206 13169 13180 I art     : Explicit concurrent mark sweep GC freed 419(20KB) AllocSpace objects, 0(0B) LOS objects, 40% free, 8MB/13MB, paused 396us total 16.662ms
12-11 16:54:49.214 11041 11355 I AuthChimeraService: Executing request: ProxyRequest[ url: https://www.googleapis.com/identitytoolkit/v3/relyingparty/signupNewUser?alt=proto&key=AIzaSyAlPR096sOohVB9d0xuRCe1M34wBO-crBA, method: 1 ]
12-11 16:54:49.226 13169 13180 I art     : Starting a blocking GC Explicit
12-11 16:54:49.263 13169 13169 W InputEventReceiver: Attempted to finish an input event but the input event receiver has already been disposed.
12-11 16:54:49.263 13169 13169 W ViewRootImpl: Dropping event due to root view being removed: MotionEvent { action=ACTION_MOVE, actionButton=0, id[0]=0, x[0]=883.5985, y[0]=328.88446, toolType[0]=TOOL_TYPE_UNKNOWN, buttonState=0, metaState=0, flags=0x0, edgeFlags=0x0, pointerCount=1, historySize=4, eventTime=5908658, downTime=5908652, deviceId=0, source=0x1002 }
12-11 16:54:49.264 13169 13169 W InputEventReceiver: Attempted to finish an input event but the input event receiver has already been disposed.
12-11 16:54:49.264 13169 13169 W ViewRootImpl: Dropping event due to root view being removed: MotionEvent { action=ACTION_UP, actionButton=0, id[0]=0, x[0]=881.3102, y[0]=326.37445, toolType[0]=TOOL_TYPE_UNKNOWN, buttonState=0, metaState=0, flags=0x0, edgeFlags=0x0, pointerCount=1, historySize=0, eventTime=5908659, downTime=5908652, deviceId=0, source=0x1002 }
12-11 16:54:49.264 13169 13169 W InputEventReceiver: Attempted to finish an input event but the input event receiver has already been disposed.
12-11 16:54:49.272 13169 13180 I art     : Explicit concurrent mark sweep GC freed 327(21KB) AllocSpace objects, 0(0B) LOS objects, 40% free, 8MB/13MB, paused 1.159ms total 45.471ms
12-11 16:54:49.277   609   959 W InputMethodManagerService: Window already focused, ignoring focus gain of: com.android.internal.view.IInputMethodClient$Stub$Proxy@4961889 attribute=null, token = android.os.BinderProxy@7e45038
12-11 16:54:49.300 13169 13180 I art     : Starting a blocking GC Explicit
12-11 16:54:49.319 13169 13180 I art     : Explicit concurrent mark sweep GC freed 381(18KB) AllocSpace objects, 0(0B) LOS objects, 39% free, 8MB/13MB, paused 305us total 17.578ms
12-11 16:54:49.338 11041 11050 I art     : Background partial concurrent mark sweep GC freed 59228(3MB) AllocSpace objects, 14(320KB) LOS objects, 39% free, 16MB/27MB, paused 1.251ms total 101.898ms
12-11 16:54:49.348 13169 13180 I art     : Starting a blocking GC Explicit
12-11 16:54:49.371 13169 13180 I art     : Explicit concurrent mark sweep GC freed 45(1664B) AllocSpace objects, 0(0B) LOS objects, 40% free, 8MB/13MB, paused 427us total 22.949ms
12-11 16:54:49.447 11041 13247 E Volley  : [652] BasicNetwork.performRequest: Unexpected response code 400 for https://www.googleapis.com/identitytoolkit/v3/relyingparty/signupNewUser?alt=proto&key=AIzaSyAlPR096sOohVB9d0xuRCe1M34wBO-crBA
12-11 16:54:49.447 11041 11355 I AuthChimeraService: Error description received from server: INVALID_EMAIL
12-11 16:54:49.448 11041 11355 W FirebaseAuth: [PhoneNumberAuthPostProcessor] postProcess starts
12-11 16:54:49.448 11041 11355 W FirebaseAuth: [PhoneNumberAuthPostProcessor] postProcess ends
12-11 16:54:49.466   742   742 D PhoneStatusBar: disable: < expand ICONS* alerts SYSTEM_INFO* back home recent clock search quick_settings >
12-11 16:54:49.585   609  3417 I ActivityManager: START u0 {act=android.intent.action.MAIN cat=[android.intent.category.LAUNCHER] flg=0x10200000 cmp=com.example.snoopy/.MainActivity} from uid 2000 on display 0
12-11 16:54:49.615   609   959 W InputMethodManagerService: Window already focused, ignoring focus gain of: com.android.internal.view.IInputMethodClient$Stub$Proxy@258608e attribute=null, token = android.os.BinderProxy@7e45038
12-11 16:54:49.631   742   742 D PhoneStatusBar: disable: < expand icons* alerts system_info* back home recent clock search quick_settings >
12-11 16:54:49.690   742  1359 E Surface : getSlotFromBufferLocked: unknown buffer: 0x99df4e60
12-11 16:54:49.857 13169 13169 W IInputConnectionWrapper: getTextAfterCursor on inactive InputConnection
12-11 16:54:49.864  1059  1059 I Keyboard.Facilitator: onFinishInput()
12-11 16:54:49.865  1059  1059 I Keyboard.Facilitator: onStartInput()
12-11 16:54:49.874  1059  1059 I LatinIME: Starting input. Cursor position = 23,23
12-11 16:54:49.912 13169 13169 W IInputConnectionWrapper: endBatchEdit on inactive InputConnection
12-11 16:54:49.927   742   742 D PhoneStatusBar: disable: < expand ICONS* alerts SYSTEM_INFO* back home recent clock search quick_settings >
12-11 16:54:50.013  1059  1059 I Keyboard.Facilitator: resetDictionaries() : no-op
12-11 16:54:50.013  1059  1059 I StatsUtilsManager: onLoadSettings()
12-11 16:54:50.033   742   742 D PhoneStatusBar: disable: < expand icons* alerts system_info* back home recent clock search quick_settings >
12-11 16:54:50.112   742  1359 E Surface : getSlotFromBufferLocked: unknown buffer: 0x99df4e60
12-11 16:54:50.594   742   742 D PhoneStatusBar: disable: < expand ICONS* alerts SYSTEM_INFO* back home recent clock search quick_settings >
12-11 16:54:50.697   609  7033 I ActivityManager: START u0 {act=android.intent.action.MAIN cat=[android.intent.category.LAUNCHER] flg=0x10200000 cmp=com.example.snoopy/.CameraInputFrames} from uid 2000 on display 0
12-11 16:54:50.711   742   742 D PhoneStatusBar: disable: < expand icons* alerts system_info* back home recent clock search quick_settings >
12-11 16:54:50.748   742  1359 E Surface : getSlotFromBufferLocked: unknown buffer: 0x99df4e60
12-11 16:54:50.874 13169 13322 I art     : Starting a blocking GC Explicit
12-11 16:54:50.891 13169 13322 I art     : Explicit concurrent mark sweep GC freed 2270(114KB) AllocSpace objects, 1(20KB) LOS objects, 40% free, 8MB/13MB, paused 305us total 15.838ms
12-11 16:54:50.908 13169 13322 I art     : Starting a blocking GC Explicit
12-11 16:54:50.923 13169 13322 I art     : Explicit concurrent mark sweep GC freed 368(18KB) AllocSpace objects, 0(0B) LOS objects, 40% free, 8MB/13MB, paused 335us total 14.953ms
12-11 16:54:50.940 13169 13322 I art     : Starting a blocking GC Explicit
12-11 16:54:50.954 13169 13322 I art     : Explicit concurrent mark sweep GC freed 3(96B) AllocSpace objects, 0(0B) LOS objects, 40% free, 8MB/13MB, paused 274us total 13.763ms
12-11 16:54:50.970 13169 13322 I art     : Starting a blocking GC Explicit
12-11 16:54:50.984 13169 13322 I art     : Explicit concurrent mark sweep GC freed 3(96B) AllocSpace objects, 0(0B) LOS objects, 40% free, 8MB/13MB, paused 274us total 13.336ms
12-11 16:54:50.999 13169 13322 I art     : Starting a blocking GC Explicit
12-11 16:54:51.014 13169 13322 I art     : Explicit concurrent mark sweep GC freed 3(96B) AllocSpace objects, 0(0B) LOS objects, 40% free, 8MB/13MB, paused 274us total 13.916ms
12-11 16:54:51.146   609   959 I ActivityManager: START u0 {act=android.intent.action.MAIN cat=[android.intent.category.LAUNCHER] flg=0x10200000 cmp=com.example.snoopy/.CameraInputFrames} from uid 2000 on display 0
12-11 16:54:51.327 13169 13199 E Surface : getSlotFromBufferLocked: unknown buffer: 0x9fdb39a0
12-11 16:54:51.415   196   602 D audio_hw_primary: out_set_parameters: enter: usecase(1: low-latency-playback) kvpairs: routing=2
12-11 16:54:51.429 11041 11355 I AuthChimeraService: Executing request: ProxyRequest[ url: https://www.googleapis.com/identitytoolkit/v3/relyingparty/signupNewUser?alt=proto&key=AIzaSyAlPR096sOohVB9d0xuRCe1M34wBO-crBA, method: 1 ]
12-11 16:54:51.449   196   602 D AudioFlinger: mixer(0xb4240000) throttle end: throttle time(7)
12-11 16:54:51.478 13169 13169 W InputEventReceiver: Attempted to finish an input event but the input event receiver has already been disposed.
12-11 16:54:51.479 13169 13169 W ViewRootImpl: Dropping event due to root view being removed: MotionEvent { action=ACTION_MOVE, actionButton=0, id[0]=0, x[0]=1247.1368, y[0]=-158.34088, toolType[0]=TOOL_TYPE_UNKNOWN, buttonState=0, metaState=0, flags=0x0, edgeFlags=0x0, pointerCount=1, historySize=2, eventTime=5910859, downTime=5910852, deviceId=0, source=0x1002 }
12-11 16:54:51.479 13169 13169 W InputEventReceiver: Attempted to finish an input event but the input event receiver has already been disposed.
12-11 16:54:51.479 13169 13169 W ViewRootImpl: Dropping event due to root view being removed: MotionEvent { action=ACTION_UP, actionButton=0, id[0]=0, x[0]=1247.8248, y[0]=-162.30377, toolType[0]=TOOL_TYPE_UNKNOWN, buttonState=0, metaState=0, flags=0x0, edgeFlags=0x0, pointerCount=1, historySize=0, eventTime=5910862, downTime=5910852, deviceId=0, source=0x1002 }
12-11 16:54:51.479 13169 13169 W InputEventReceiver: Attempted to finish an input event but the input event receiver has already been disposed.
12-11 16:54:51.488   609   620 W InputMethodManagerService: Window already focused, ignoring focus gain of: com.android.internal.view.IInputMethodClient$Stub$Proxy@bd9c96d attribute=null, token = android.os.BinderProxy@7e45038
12-11 16:54:51.656 11041 13248 E Volley  : [653] BasicNetwork.performRequest: Unexpected response code 400 for https://www.googleapis.com/identitytoolkit/v3/relyingparty/signupNewUser?alt=proto&key=AIzaSyAlPR096sOohVB9d0xuRCe1M34wBO-crBA
12-11 16:54:51.657 11041 11355 I AuthChimeraService: Error description received from server: INVALID_EMAIL
12-11 16:54:51.657 11041 11355 W FirebaseAuth: [PhoneNumberAuthPostProcessor] postProcess starts
12-11 16:54:51.657 11041 11355 W FirebaseAuth: [PhoneNumberAuthPostProcessor] postProcess ends
12-11 16:54:51.968  1059  1059 I Keyboard.Facilitator: onFinishInput()
12-11 16:54:51.969  1059  1059 I Keyboard.Facilitator: onStartInput()
12-11 16:54:51.979  1059  1059 I LatinIME: Starting input. Cursor position = 31,31
12-11 16:54:51.991  1059  1059 I Keyboard.Facilitator: resetDictionaries() : no-op
12-11 16:54:51.991  1059  1059 I StatsUtilsManager: onLoadSettings()
12-11 16:54:52.054   742   742 D PhoneStatusBar: disable: < expand ICONS* alerts SYSTEM_INFO* back home recent clock search quick_settings >
12-11 16:54:52.107   609  7033 I ActivityManager: START u0 {act=android.intent.action.MAIN cat=[android.intent.category.LAUNCHER] flg=0x10200000 cmp=com.example.snoopy/.CameraInputFrames} from uid 2000 on display 0
12-11 16:54:52.164   609   775 I ActivityManager: START u0 {act=android.intent.action.MAIN cat=[android.intent.category.LAUNCHER] flg=0x10200000 cmp=com.example.snoopy/.MainActivity} from uid 2000 on display 0
12-11 16:54:52.289   609  1289 I ActivityManager: START u0 {act=android.intent.action.MAIN cat=[android.intent.category.LAUNCHER] flg=0x10200000 cmp=com.example.snoopy/.CameraInputFrames} from uid 2000 on display 0
12-11 16:54:52.538   609  3357 I ActivityManager: START u0 {act=android.intent.action.MAIN cat=[android.intent.category.LAUNCHER] flg=0x10200000 cmp=com.example.snoopy/.CameraInputFrames} from uid 2000 on display 0
12-11 16:54:52.713 13169 13187 I art     : Starting a blocking GC Explicit
12-11 16:54:52.728 13169 13187 I art     : Explicit concurrent mark sweep GC freed 2483(143KB) AllocSpace objects, 1(20KB) LOS objects, 40% free, 8MB/13MB, paused 305us total 14.892ms
12-11 16:54:52.743 13169 13187 I art     : Starting a blocking GC Explicit
12-11 16:54:52.758 13169 13187 I art     : Explicit concurrent mark sweep GC freed 399(19KB) AllocSpace objects, 0(0B) LOS objects, 40% free, 8MB/13MB, paused 335us total 14.678ms
12-11 16:54:52.774 13169 13187 I art     : Starting a blocking GC Explicit
12-11 16:54:52.787 13169 13187 I art     : Explicit concurrent mark sweep GC freed 3(96B) AllocSpace objects, 0(0B) LOS objects, 40% free, 8MB/13MB, paused 274us total 12.939ms
12-11 16:54:52.803 13169 13187 I art     : Starting a blocking GC Explicit
12-11 16:54:52.817 13169 13187 I art     : Explicit concurrent mark sweep GC freed 3(96B) AllocSpace objects, 0(0B) LOS objects, 40% free, 8MB/13MB, paused 274us total 13.885ms
12-11 16:54:52.833 13169 13187 I art     : Starting a blocking GC Explicit
12-11 16:54:52.847 13169 13187 I art     : Explicit concurrent mark sweep GC freed 3(96B) AllocSpace objects, 0(0B) LOS objects, 40% free, 8MB/13MB, paused 274us total 13.732ms
12-11 16:54:53.018   609  1289 I ActivityManager: START u0 {act=android.intent.action.MAIN cat=[android.intent.category.LAUNCHER] flg=0x10200000 cmp=com.example.snoopy/.MainActivity} from uid 2000 on display 0
12-11 16:54:53.482   742   742 D StatusBar: Clicked on content of 0|com.amazon.aatp.aatpdevicemanager|1096041549|null|11363
12-11 16:54:53.484   609  1164 I ActivityManager: START u0 {} from uid 11363 on display 0
12-11 16:54:53.493   609   775 W InputMethodManagerService: Window already focused, ignoring focus gain of: com.android.internal.view.IInputMethodClient$Stub$Proxy@cd7c2a1 attribute=null, token = android.os.BinderProxy@7e45038
12-11 16:54:53.495   196   602 D audio_hw_primary: out_set_parameters: enter: usecase(1: low-latency-playback) kvpairs: routing=2
12-11 16:54:53.529   196   602 D AudioFlinger: mixer(0xb4240000) throttle end: throttle time(7)
12-11 16:54:53.867   742   742 D PhoneStatusBar: disable: < expand icons* alerts system_info* back home recent clock search quick_settings >
12-11 16:54:53.942   742  1359 E Surface : getSlotFromBufferLocked: unknown buffer: 0x99df6760
12-11 16:54:54.220 13169 13199 E Surface : getSlotFromBufferLocked: unknown buffer: 0x9fef9630
12-11 16:54:54.344  1059 13218 E Surface : getSlotFromBufferLocked: unknown buffer: 0xa9d23040
12-11 16:54:54.432   609   620 I ActivityManager: START u0 {act=android.intent.action.MAIN cat=[android.intent.category.LAUNCHER] flg=0x10200000 cmp=com.example.snoopy/.MainActivity} from uid 2000 on display 0
12-11 16:54:54.541 13169 13187 I art     : Starting a blocking GC Explicit
12-11 16:54:54.548   609  3358 I ActivityManager: START u0 {act=android.intent.action.MAIN cat=[android.intent.category.LAUNCHER] flg=0x10200000 cmp=com.example.snoopy/.MainActivity} from uid 2000 on display 0
12-11 16:54:54.565 13169 13187 I art     : Explicit concurrent mark sweep GC freed 1974(99KB) AllocSpace objects, 1(20KB) LOS objects, 40% free, 8MB/13MB, paused 305us total 24.536ms
12-11 16:54:54.594 13169 13187 I art     : Starting a blocking GC Explicit
12-11 16:54:54.608 13169 13187 I art     : Explicit concurrent mark sweep GC freed 354(18KB) AllocSpace objects, 0(0B) LOS objects, 40% free, 8MB/13MB, paused 305us total 13.458ms
12-11 16:54:54.625 13169 13187 I art     : Starting a blocking GC Explicit
12-11 16:54:54.641 13169 13187 I art     : Explicit concurrent mark sweep GC freed 3(96B) AllocSpace objects, 0(0B) LOS objects, 40% free, 8MB/13MB, paused 274us total 16.052ms
12-11 16:54:54.657 13169 13187 I art     : Starting a blocking GC Explicit
12-11 16:54:54.671 13169 13187 I art     : Explicit concurrent mark sweep GC freed 3(96B) AllocSpace objects, 0(0B) LOS objects, 40% free, 8MB/13MB, paused 274us total 14.038ms
12-11 16:54:54.688 13169 13187 I art     : Starting a blocking GC Explicit
12-11 16:54:54.702 13169 13187 I art     : Explicit concurrent mark sweep GC freed 3(96B) AllocSpace objects, 0(0B) LOS objects, 40% free, 8MB/13MB, paused 274us total 14.312ms
12-11 16:54:54.851   742   742 D PhoneStatusBar: disable: < expand ICONS* alerts SYSTEM_INFO* back home recent clock search quick_settings >
12-11 16:54:55.017   609   832 W InputMethodManagerService: Window already focused, ignoring focus gain of: com.android.internal.view.IInputMethodClient$Stub$Proxy@5db914c attribute=null, token = android.os.BinderProxy@7e45038
12-11 16:54:55.042   742   742 D PhoneStatusBar: disable: < expand icons* alerts system_info* back home recent clock search quick_settings >
12-11 16:54:55.082   609  1289 I ActivityManager: START u0 {act=android.intent.action.MAIN cat=[android.intent.category.LAUNCHER] flg=0x10200000 cmp=com.example.snoopy/.MainActivity} from uid 2000 on display 0
12-11 16:54:55.086   742  1359 E Surface : getSlotFromBufferLocked: unknown buffer: 0x99df4d70
12-11 16:54:55.138   609   620 I ActivityManager: START u0 {act=android.intent.action.MAIN cat=[android.intent.category.LAUNCHER] flg=0x10200000 cmp=com.example.snoopy/.CameraInputFrames} from uid 2000 on display 0
12-11 16:54:55.468   609   832 I ActivityManager: START u0 {act=android.intent.action.MAIN cat=[android.intent.category.LAUNCHER] flg=0x10200000 cmp=com.example.snoopy/.CameraInputFrames} from uid 2000 on display 0
12-11 16:54:55.926   609   832 I ActivityManager: START u0 {act=android.intent.action.MAIN cat=[android.intent.category.LAUNCHER] flg=0x10200000 cmp=com.example.snoopy/.MainActivity} from uid 2000 on display 0
12-11 16:54:56.096   742   742 D PhoneStatusBar: disable: < expand ICONS* alerts SYSTEM_INFO* back home recent clock search quick_settings >
12-11 16:54:56.195   742   742 D PhoneStatusBar: disable: < expand icons* alerts system_info* back home recent clock search quick_settings >
12-11 16:54:56.247   742  1359 E Surface : getSlotFromBufferLocked: unknown buffer: 0x99df5090
12-11 16:54:56.333 13169 13187 I art     : Starting a blocking GC Explicit
12-11 16:54:56.347 13169 13187 I art     : Explicit concurrent mark sweep GC freed 1310(75KB) AllocSpace objects, 1(20KB) LOS objects, 40% free, 8MB/13MB, paused 274us total 13.519ms
12-11 16:54:56.363 13169 13187 I art     : Starting a blocking GC Explicit
12-11 16:54:56.377 13169 13187 I art     : Explicit concurrent mark sweep GC freed 185(9KB) AllocSpace objects, 0(0B) LOS objects, 40% free, 8MB/13MB, paused 274us total 13.671ms
12-11 16:54:56.392 13169 13187 I art     : Starting a blocking GC Explicit
12-11 16:54:56.405 13169 13187 I art     : Explicit concurrent mark sweep GC freed 3(96B) AllocSpace objects, 0(0B) LOS objects, 40% free, 8MB/13MB, paused 274us total 12.878ms
12-11 16:54:56.421 13169 13187 I art     : Starting a blocking GC Explicit
12-11 16:54:56.434 13169 13187 I art     : Explicit concurrent mark sweep GC freed 3(96B) AllocSpace objects, 0(0B) LOS objects, 40% free, 8MB/13MB, paused 305us total 13.305ms
12-11 16:54:56.449 13169 13187 I art     : Starting a blocking GC Explicit
12-11 16:54:56.463 13169 13187 I art     : Explicit concurrent mark sweep GC freed 74(3KB) AllocSpace objects, 0(0B) LOS objects, 39% free, 8MB/13MB, paused 305us total 14.190ms
12-11 16:54:56.465   196   602 D audio_hw_primary: out_set_parameters: enter: usecase(1: low-latency-playback) kvpairs: routing=2
12-11 16:54:56.485 11041 11355 I AuthChimeraService: Executing request: ProxyRequest[ url: https://www.googleapis.com/identitytoolkit/v3/relyingparty/signupNewUser?alt=proto&key=AIzaSyAlPR096sOohVB9d0xuRCe1M34wBO-crBA, method: 1 ]
12-11 16:54:56.548 13169 13169 W InputEventReceiver: Attempted to finish an input event but the input event receiver has already been disposed.
12-11 16:54:56.549 13169 13169 W ViewRootImpl: Dropping event due to root view being removed: MotionEvent { action=ACTION_MOVE, actionButton=0, id[0]=0, x[0]=1048.0308, y[0]=-38.606873, toolType[0]=TOOL_TYPE_UNKNOWN, buttonState=0, metaState=0, flags=0x0, edgeFlags=0x0, pointerCount=1, historySize=2, eventTime=5915915, downTime=5915911, deviceId=0, source=0x1002 }
12-11 16:54:56.549 13169 13169 W InputEventReceiver: Attempted to finish an input event but the input event receiver has already been disposed.
12-11 16:54:56.549 13169 13169 W ViewRootImpl: Dropping event due to root view being removed: MotionEvent { action=ACTION_UP, actionButton=0, id[0]=0, x[0]=1043.8417, y[0]=-38.48831, toolType[0]=TOOL_TYPE_UNKNOWN, buttonState=0, metaState=0, flags=0x0, edgeFlags=0x0, pointerCount=1, historySize=0, eventTime=5915920, downTime=5915911, deviceId=0, source=0x1002 }
12-11 16:54:56.549 13169 13169 W InputEventReceiver: Attempted to finish an input event but the input event receiver has already been disposed.
12-11 16:54:56.552   609  3358 W InputMethodManagerService: Window already focused, ignoring focus gain of: com.android.internal.view.IInputMethodClient$Stub$Proxy@c0be57c attribute=null, token = android.os.BinderProxy@7e45038
12-11 16:54:56.715 11041 13246 E Volley  : [651] BasicNetwork.performRequest: Unexpected response code 400 for https://www.googleapis.com/identitytoolkit/v3/relyingparty/signupNewUser?alt=proto&key=AIzaSyAlPR096sOohVB9d0xuRCe1M34wBO-crBA
12-11 16:54:56.715 11041 11355 I AuthChimeraService: Error description received from server: INVALID_EMAIL
12-11 16:54:56.718 11041 11355 W FirebaseAuth: [PhoneNumberAuthPostProcessor] postProcess starts
12-11 16:54:56.718 11041 11355 W FirebaseAuth: [PhoneNumberAuthPostProcessor] postProcess ends
12-11 16:54:56.724   742   742 D PhoneStatusBar: disable: < expand ICONS* alerts SYSTEM_INFO* back home recent clock search quick_settings >
12-11 16:54:56.776   609  8020 I ActivityManager: START u0 {act=android.intent.action.MAIN cat=[android.intent.category.LAUNCHER] flg=0x10200000 cmp=com.example.snoopy/.CameraInputFrames} from uid 2000 on display 0
12-11 16:54:56.923   609  7033 W InputMethodManagerService: Window already focused, ignoring focus gain of: com.android.internal.view.IInputMethodClient$Stub$Proxy@7996814 attribute=null, token = android.os.BinderProxy@7e45038
12-11 16:54:56.939   742   742 D PhoneStatusBar: disable: < expand icons* alerts system_info* back home recent clock search quick_settings >
12-11 16:54:56.990   742  1359 E Surface : getSlotFromBufferLocked: unknown buffer: 0x99df7390
12-11 16:54:57.120   609  3358 I ActivityManager: START u0 {act=android.intent.action.MAIN cat=[android.intent.category.LAUNCHER] flg=0x10200000 cmp=com.example.snoopy/.CameraInputFrames} from uid 2000 on display 0
12-11 16:54:57.365   196   602 D audio_hw_primary: out_set_parameters: enter: usecase(1: low-latency-playback) kvpairs: routing=2
12-11 16:54:57.378 11041 11209 I AuthChimeraService: Executing request: ProxyRequest[ url: https://www.googleapis.com/identitytoolkit/v3/relyingparty/signupNewUser?alt=proto&key=AIzaSyAlPR096sOohVB9d0xuRCe1M34wBO-crBA, method: 1 ]
12-11 16:54:57.579 13169 13169 W InputEventReceiver: Attempted to finish an input event but the input event receiver has already been disposed.
12-11 16:54:57.579 13169 13169 W ViewRootImpl: Dropping event due to root view being removed: MotionEvent { action=ACTION_MOVE, actionButton=0, id[0]=0, x[0]=155.68286, y[0]=609.5531, toolType[0]=TOOL_TYPE_UNKNOWN, buttonState=0, metaState=0, flags=0x0, edgeFlags=0x0, pointerCount=1, historySize=2, eventTime=5916980, downTime=5916977, deviceId=0, source=0x1002 }
12-11 16:54:57.579 13169 13169 W InputEventReceiver: Attempted to finish an input event but the input event receiver has already been disposed.
12-11 16:54:57.580 13169 13169 W ViewRootImpl: Dropping event due to root view being removed: MotionEvent { action=ACTION_UP, actionButton=0, id[0]=0, x[0]=160.69836, y[0]=613.5078, toolType[0]=TOOL_TYPE_UNKNOWN, buttonState=0, metaState=0, flags=0x0, edgeFlags=0x0, pointerCount=1, historySize=0, eventTime=5916981, downTime=5916977, deviceId=0, source=0x1002 }
12-11 16:54:57.580 13169 13169 W InputEventReceiver: Attempted to finish an input event but the input event receiver has already been disposed.
12-11 16:54:57.581   609   959 W InputMethodManagerService: Window already focused, ignoring focus gain of: com.android.internal.view.IInputMethodClient$Stub$Proxy@5e423fe attribute=null, token = android.os.BinderProxy@7e45038
12-11 16:54:57.584 11041 13249 E Volley  : [654] BasicNetwork.performRequest: Unexpected response code 400 for https://www.googleapis.com/identitytoolkit/v3/relyingparty/signupNewUser?alt=proto&key=AIzaSyAlPR096sOohVB9d0xuRCe1M34wBO-crBA
12-11 16:54:57.585 11041 11209 I AuthChimeraService: Error description received from server: INVALID_EMAIL
12-11 16:54:57.585 11041 11209 W FirebaseAuth: [PhoneNumberAuthPostProcessor] postProcess starts
12-11 16:54:57.585 11041 11209 W FirebaseAuth: [PhoneNumberAuthPostProcessor] postProcess ends
12-11 16:54:57.668   609  1289 I ActivityManager: START u0 {act=android.intent.action.MAIN cat=[android.intent.category.LAUNCHER] flg=0x10200000 cmp=com.example.snoopy/.MainActivity} from uid 2000 on display 0
12-11 16:54:57.727  1059  1059 I Keyboard.Facilitator: onFinishInput()
12-11 16:54:57.730  1059  1059 I Keyboard.Facilitator: onStartInput()
12-11 16:54:57.736  1059  1059 I LatinIME: Starting input. Cursor position = 24,24
12-11 16:54:57.790  1059  1059 I Keyboard.Facilitator: resetDictionaries() : no-op
12-11 16:54:57.790  1059  1059 I StatsUtilsManager: onLoadSettings()
12-11 16:54:58.210 13169 13187 I art     : Starting a blocking GC Explicit
12-11 16:54:58.226 13169 13187 I art     : Explicit concurrent mark sweep GC freed 2809(165KB) AllocSpace objects, 1(20KB) LOS objects, 40% free, 8MB/13MB, paused 366us total 15.686ms
12-11 16:54:58.244 13169 13187 I art     : Starting a blocking GC Explicit
12-11 16:54:58.257 13169 13187 I art     : Explicit concurrent mark sweep GC freed 218(10KB) AllocSpace objects, 0(0B) LOS objects, 39% free, 8MB/13MB, paused 274us total 13.183ms
12-11 16:54:58.274 13169 13187 I art     : Starting a blocking GC Explicit
12-11 16:54:58.288 13169 13187 I art     : Explicit concurrent mark sweep GC freed 214(9KB) AllocSpace objects, 0(0B) LOS objects, 40% free, 8MB/13MB, paused 305us total 13.305ms
12-11 16:54:58.306 13169 13187 I art     : Starting a blocking GC Explicit
12-11 16:54:58.319 13169 13187 I art     : Explicit concurrent mark sweep GC freed 10(416B) AllocSpace objects, 0(0B) LOS objects, 40% free, 8MB/13MB, paused 274us total 13.397ms
12-11 16:54:58.334 13169 13187 I art     : Starting a blocking GC Explicit
12-11 16:54:58.348 13169 13187 I art     : Explicit concurrent mark sweep GC freed 66(3KB) AllocSpace objects, 0(0B) LOS objects, 40% free, 8MB/13MB, paused 274us total 13.427ms
12-11 16:54:58.431   609  1164 I ActivityManager: START u0 {act=android.intent.action.MAIN cat=[android.intent.category.LAUNCHER] flg=0x10200000 cmp=com.example.snoopy/.MainActivity} from uid 2000 on display 0
12-11 16:54:58.816   609   673 D WifiStateMachine: starting scan for "9902008825"WPA_PSK with 2437
12-11 16:54:58.817   609   719 I WifiHAL : event received NL80211_CMD_TRIGGER_SCAN
12-11 16:54:58.817   609   719 I WifiHAL : event ignored!!
12-11 16:54:58.867   609   719 I WifiHAL : event received NL80211_CMD_NEW_SCAN_RESULTS
12-11 16:54:58.867   609   719 I WifiHAL : event ignored!!
12-11 16:54:58.933   609   959 I ActivityManager: START u0 {act=android.intent.action.MAIN cat=[android.intent.category.LAUNCHER] flg=0x10200000 cmp=com.example.snoopy/.MainActivity} from uid 2000 on display 0
12-11 16:54:59.045   196   602 D audio_hw_primary: out_set_parameters: enter: usecase(1: low-latency-playback) kvpairs: routing=2
12-11 16:54:59.072 11041 11209 I AuthChimeraService: Executing request: ProxyRequest[ url: https://www.googleapis.com/identitytoolkit/v3/relyingparty/signupNewUser?alt=proto&key=AIzaSyAlPR096sOohVB9d0xuRCe1M34wBO-crBA, method: 1 ]
12-11 16:54:59.203   609  3358 W InputManager: Input event injection from pid 13158 failed.
12-11 16:54:59.203 13169 13169 W InputEventReceiver: Attempted to finish an input event but the input event receiver has already been disposed.
12-11 16:54:59.204 13169 13169 W ViewRootImpl: Dropping event due to root view being removed: MotionEvent { action=ACTION_MOVE, actionButton=0, id[0]=0, x[0]=1193.0262, y[0]=-255.92871, toolType[0]=TOOL_TYPE_UNKNOWN, buttonState=0, metaState=0, flags=0x0, edgeFlags=0x0, pointerCount=1, historySize=0, eventTime=5918566, downTime=5918564, deviceId=0, source=0x1002 }
12-11 16:54:59.204 13169 13169 W InputEventReceiver: Attempted to finish an input event but the input event receiver has already been disposed.
12-11 16:54:59.204 13169 13169 W ViewRootImpl: Dropping event due to root view being removed: MotionEvent { action=ACTION_UP, actionButton=0, id[0]=0, x[0]=1180.0908, y[0]=-243.37221, toolType[0]=TOOL_TYPE_UNKNOWN, buttonState=0, metaState=0, flags=0x0, edgeFlags=0x0, pointerCount=1, historySize=0, eventTime=5918567, downTime=5918564, deviceId=0, source=0x1002 }
12-11 16:54:59.204 13169 13169 W InputEventReceiver: Attempted to finish an input event but the input event receiver has already been disposed.
12-11 16:54:59.204 13169 13169 W ViewRootImpl: Dropping event due to root view being removed: MotionEvent { action=ACTION_DOWN, actionButton=0, id[0]=0, x[0]=794.0, y[0]=-53.0, toolType[0]=TOOL_TYPE_UNKNOWN, buttonState=0, metaState=0, flags=0x0, edgeFlags=0x0, pointerCount=1, historySize=0, eventTime=5918619, downTime=5918619, deviceId=0, source=0x1002 }
12-11 16:54:59.204 13169 13169 W InputEventReceiver: Attempted to finish an input event but the input event receiver has already been disposed.
12-11 16:54:59.204   609  7033 W InputManager: Input event injection from pid 13158 failed.
12-11 16:54:59.206   609   775 W InputManager: Input event injection from pid 13158 failed.
12-11 16:54:59.206   609   832 W InputMethodManagerService: Window already focused, ignoring focus gain of: com.android.internal.view.IInputMethodClient$Stub$Proxy@d062fc8 attribute=null, token = android.os.BinderProxy@7e45038
12-11 16:54:59.207   609  3416 W InputManager: Input event injection from pid 13158 failed.
12-11 16:54:59.292 11041 13247 E Volley  : [652] BasicNetwork.performRequest: Unexpected response code 400 for https://www.googleapis.com/identitytoolkit/v3/relyingparty/signupNewUser?alt=proto&key=AIzaSyAlPR096sOohVB9d0xuRCe1M34wBO-crBA
12-11 16:54:59.293 11041 11209 I AuthChimeraService: Error description received from server: INVALID_EMAIL
12-11 16:54:59.294 11041 11209 W FirebaseAuth: [PhoneNumberAuthPostProcessor] postProcess starts
12-11 16:54:59.294 11041 11209 W FirebaseAuth: [PhoneNumberAuthPostProcessor] postProcess ends
12-11 16:54:59.477   609  3442 I ActivityManager: START u0 {act=android.intent.action.MAIN cat=[android.intent.category.LAUNCHER] flg=0x10200000 cmp=com.example.snoopy/.CameraInputFrames} from uid 2000 on display 0
12-11 16:54:59.699   609   775 I ActivityManager: START u0 {act=android.intent.action.MAIN cat=[android.intent.category.LAUNCHER] flg=0x10200000 cmp=com.example.snoopy/.MainActivity} from uid 2000 on display 0
12-11 16:54:59.998 13169 13187 I art     : Starting a blocking GC Explicit
12-11 16:55:00.012 13169 13187 I art     : Explicit concurrent mark sweep GC freed 2434(146KB) AllocSpace objects, 1(20KB) LOS objects, 40% free, 8MB/13MB, paused 305us total 14.099ms
12-11 16:55:00.031 13169 13187 I art     : Starting a blocking GC Explicit
12-11 16:55:00.054 13169 13187 I art     : Explicit concurrent mark sweep GC freed 295(13KB) AllocSpace objects, 0(0B) LOS objects, 39% free, 8MB/13MB, paused 488us total 18.585ms
12-11 16:55:00.075 13169 13187 I art     : Starting a blocking GC Explicit
12-11 16:55:00.097 13169 13187 I art     : Explicit concurrent mark sweep GC freed 54(2528B) AllocSpace objects, 0(0B) LOS objects, 40% free, 8MB/13MB, paused 488us total 21.087ms
12-11 16:55:00.099 13169 13199 E Surface : getSlotFromBufferLocked: unknown buffer: 0x9fef94a0
12-11 16:55:00.118 13169 13187 I art     : Starting a blocking GC Explicit
12-11 16:55:00.137 13169 13187 I art     : Explicit concurrent mark sweep GC freed 77(3KB) AllocSpace objects, 0(0B) LOS objects, 40% free, 8MB/13MB, paused 335us total 18.066ms
12-11 16:55:00.159 13169 13187 I art     : Starting a blocking GC Explicit
12-11 16:55:00.173 13169 13187 I art     : Explicit concurrent mark sweep GC freed 146(7KB) AllocSpace objects, 0(0B) LOS objects, 40% free, 8MB/13MB, paused 274us total 14.221ms
12-11 16:55:00.224   196   602 D audio_hw_primary: out_set_parameters: enter: usecase(1: low-latency-playback) kvpairs: routing=2
12-11 16:55:00.227 11041 11209 I AuthChimeraService: Executing request: ProxyRequest[ url: https://www.googleapis.com/identitytoolkit/v3/relyingparty/signupNewUser?alt=proto&key=AIzaSyAlPR096sOohVB9d0xuRCe1M34wBO-crBA, method: 1 ]
12-11 16:55:00.288 13169 13169 W InputEventReceiver: Attempted to finish an input event but the input event receiver has already been disposed.
