12-11 16:54:24.664   196   602 D audio_hw_primary: out_set_parameters: enter: usecase(1: low-latency-playback) kvpairs: routing=2
12-11 16:54:24.670 11041 11209 I AuthChimeraService: Executing request: ProxyRequest[ url: https://www.googleapis.com/identitytoolkit/v3/relyingparty/signupNewUser?alt=proto&key=AIzaSyAlPR096sOohVB9d0xuRCe1M34wBO-crBA, method: 1 ]
12-11 16:54:24.731 13169 13169 W InputEventReceiver: Attempted to finish an input event but the input event receiver has already been disposed.
12-11 16:54:24.731 13169 13169 W ViewRootImpl: Dropping event due to root view being removed: MotionEvent { action=ACTION_MOVE, actionButton=0, id[0]=0, x[0]=1178.5712, y[0]=557.07227, toolType[0]=TOOL_TYPE_UNKNOWN, buttonState=0, metaState=0, flags=0x0, edgeFlags=0x0, pointerCount=1, historySize=3, eventTime=5884116, downTime=5884110, deviceId=0, source=0x1002 }
12-11 16:54:24.731 13169 13169 W InputEventReceiver: Attempted to finish an input event but the input event receiver has already been disposed.
12-11 16:54:24.731 13169 13169 W ViewRootImpl: Dropping event due to root view being removed: MotionEvent { action=ACTION_UP, actionButton=0, id[0]=0, x[0]=1186.48, y[0]=556.5943, toolType[0]=TOOL_TYPE_UNKNOWN, buttonState=0, metaState=0, flags=0x0, edgeFlags=0x0, pointerCount=1, historySize=0, eventTime=5884118, downTime=5884110, deviceId=0, source=0x1002 }
12-11 16:54:24.731 13169 13169 W InputEventReceiver: Attempted to finish an input event but the input event receiver has already been disposed.
12-11 16:54:24.734   609  3442 W InputMethodManagerService: Window already focused, ignoring focus gain of: com.android.internal.view.IInputMethodClient$Stub$Proxy@da8112c attribute=null, token = android.os.BinderProxy@7e45038
12-11 16:54:24.805   609   775 I ActivityManager: START u0 {act=android.intent.action.MAIN cat=[android.intent.category.LAUNCHER] flg=0x10200000 cmp=com.example.snoopy/.CameraInputFrames} from uid 2000 on display 0
12-11 16:54:24.861 11041 13248 E Volley  : [653] BasicNetwork.performRequest: Unexpected response code 400 for https://www.googleapis.com/identitytoolkit/v3/relyingparty/signupNewUser?alt=proto&key=AIzaSyAlPR096sOohVB9d0xuRCe1M34wBO-crBA
12-11 16:54:24.862 11041 11209 I AuthChimeraService: Error description received from server: INVALID_EMAIL
12-11 16:54:24.869 11041 11209 W FirebaseAuth: [PhoneNumberAuthPostProcessor] postProcess starts
12-11 16:54:24.872 11041 11209 W FirebaseAuth: [PhoneNumberAuthPostProcessor] postProcess ends
12-11 16:54:24.881 13169 13187 I art     : Starting a blocking GC Explicit
12-11 16:54:24.899 13169 13187 I art     : Explicit concurrent mark sweep GC freed 2904(144KB) AllocSpace objects, 1(20KB) LOS objects, 39% free, 8MB/13MB, paused 274us total 17.211ms
12-11 16:54:24.918 13169 13187 I art     : Starting a blocking GC Explicit
12-11 16:54:24.936 13169 13187 I art     : Explicit concurrent mark sweep GC freed 216(8KB) AllocSpace objects, 0(0B) LOS objects, 39% free, 8MB/13MB, paused 274us total 17.578ms
12-11 16:54:24.954 13169 13187 I art     : Starting a blocking GC Explicit
12-11 16:54:24.969 13169 13187 I art     : Explicit concurrent mark sweep GC freed 59(4KB) AllocSpace objects, 0(0B) LOS objects, 39% free, 8MB/13MB, paused 274us total 14.465ms
12-11 16:54:24.988 13169 13187 I art     : Starting a blocking GC Explicit
12-11 16:54:25.002 13169 13187 I art     : Explicit concurrent mark sweep GC freed 4(144B) AllocSpace objects, 0(0B) LOS objects, 39% free, 8MB/13MB, paused 274us total 14.221ms
12-11 16:54:25.020 13169 13187 I art     : Starting a blocking GC Explicit
12-11 16:54:25.034 13169 13187 I art     : Explicit concurrent mark sweep GC freed 3(96B) AllocSpace objects, 0(0B) LOS objects, 39% free, 8MB/13MB, paused 305us total 14.129ms
12-11 16:54:25.221  1059  1059 I Keyboard.Facilitator: onFinishInput()
12-11 16:54:25.221  1059  1059 I Keyboard.Facilitator: onStartInput()
12-11 16:54:25.227  1059  1059 I LatinIME: Starting input. Cursor position = 7,7
12-11 16:54:25.286  1059  1059 I Keyboard.Facilitator: resetDictionaries() : no-op
12-11 16:54:25.286  1059  1059 I StatsUtilsManager: onLoadSettings()
12-11 16:54:25.320   609   775 I ActivityManager: START u0 {act=android.intent.action.MAIN cat=[android.intent.category.LAUNCHER] flg=0x10200000 cmp=com.example.snoopy/.CameraInputFrames} from uid 2000 on display 0
12-11 16:54:25.894   196   602 D audio_hw_primary: out_set_parameters: enter: usecase(1: low-latency-playback) kvpairs: routing=2
12-11 16:54:25.930   196   602 D AudioFlinger: mixer(0xb4240000) throttle end: throttle time(5)
12-11 16:54:25.962 11041 11309 I AuthChimeraService: Executing request: ProxyRequest[ url: https://www.googleapis.com/identitytoolkit/v3/relyingparty/signupNewUser?alt=proto&key=AIzaSyAlPR096sOohVB9d0xuRCe1M34wBO-crBA, method: 1 ]
12-11 16:54:25.986 13169 13169 W InputEventReceiver: Attempted to finish an input event but the input event receiver has already been disposed.
12-11 16:54:25.986 13169 13169 W ViewRootImpl: Dropping event due to root view being removed: MotionEvent { action=ACTION_MOVE, actionButton=0, id[0]=0, x[0]=83.59131, y[0]=-328.224, toolType[0]=TOOL_TYPE_UNKNOWN, buttonState=0, metaState=0, flags=0x0, edgeFlags=0x0, pointerCount=1, historySize=6, eventTime=5885363, downTime=5885343, deviceId=0, source=0x1002 }
12-11 16:54:25.986 13169 13169 W InputEventReceiver: Attempted to finish an input event but the input event receiver has already been disposed.
12-11 16:54:25.986 13169 13169 W ViewRootImpl: Dropping event due to root view being removed: MotionEvent { action=ACTION_UP, actionButton=0, id[0]=0, x[0]=82.92346, y[0]=-329.1289, toolType[0]=TOOL_TYPE_UNKNOWN, buttonState=0, metaState=0, flags=0x0, edgeFlags=0x0, pointerCount=1, historySize=0, eventTime=5885364, downTime=5885343, deviceId=0, source=0x1002 }
12-11 16:54:25.986 13169 13169 W InputEventReceiver: Attempted to finish an input event but the input event receiver has already been disposed.
12-11 16:54:25.989   609  3358 W InputMethodManagerService: Window already focused, ignoring focus gain of: com.android.internal.view.IInputMethodClient$Stub$Proxy@11c79eb attribute=null, token = android.os.BinderProxy@7e45038
12-11 16:54:26.075  1059  1059 I Keyboard.Facilitator: onFinishInput()
12-11 16:54:26.076  1059  1059 I Keyboard.Facilitator: onStartInput()
12-11 16:54:26.082  1059  1059 I LatinIME: Starting input. Cursor position = 9,9
12-11 16:54:26.096  1059  1059 I Keyboard.Facilitator: resetDictionaries() : no-op
12-11 16:54:26.096  1059  1059 I StatsUtilsManager: onLoadSettings()
12-11 16:54:26.202 11041 13246 E Volley  : [651] BasicNetwork.performRequest: Unexpected response code 400 for https://www.googleapis.com/identitytoolkit/v3/relyingparty/signupNewUser?alt=proto&key=AIzaSyAlPR096sOohVB9d0xuRCe1M34wBO-crBA
12-11 16:54:26.202 11041 11309 I AuthChimeraService: Error description received from server: INVALID_EMAIL
12-11 16:54:26.206 11041 11309 W FirebaseAuth: [PhoneNumberAuthPostProcessor] postProcess starts
12-11 16:54:26.206 11041 11309 W FirebaseAuth: [PhoneNumberAuthPostProcessor] postProcess ends
12-11 16:54:26.442   609  7033 I ActivityManager: START u0 {act=android.intent.action.MAIN cat=[android.intent.category.LAUNCHER] flg=0x10200000 cmp=com.example.snoopy/.CameraInputFrames} from uid 2000 on display 0
12-11 16:54:26.554 13169 13322 I art     : Starting a blocking GC Explicit
12-11 16:54:26.563   609   775 I ActivityManager: START u0 {act=android.intent.action.MAIN cat=[android.intent.category.LAUNCHER] flg=0x10200000 cmp=com.example.snoopy/.MainActivity} from uid 2000 on display 0
12-11 16:54:26.572 13169 13322 I art     : Explicit concurrent mark sweep GC freed 2794(148KB) AllocSpace objects, 1(20KB) LOS objects, 39% free, 8MB/13MB, paused 396us total 17.333ms
12-11 16:54:26.595 13169 13322 I art     : Starting a blocking GC Explicit
12-11 16:54:26.614 13169 13322 I art     : Explicit concurrent mark sweep GC freed 370(16KB) AllocSpace objects, 0(0B) LOS objects, 40% free, 8MB/13MB, paused 274us total 19.104ms
12-11 16:54:26.636 13169 13322 I art     : Starting a blocking GC Explicit
12-11 16:54:26.655 13169 13322 I art     : Explicit concurrent mark sweep GC freed 65(4KB) AllocSpace objects, 0(0B) LOS objects, 40% free, 8MB/13MB, paused 427us total 18.096ms
12-11 16:54:26.679 13169 13322 I art     : Starting a blocking GC Explicit
12-11 16:54:26.694 13169 13322 I art     : Explicit concurrent mark sweep GC freed 6(256B) AllocSpace objects, 0(0B) LOS objects, 40% free, 8MB/13MB, paused 274us total 14.343ms
12-11 16:54:26.710 13169 13322 I art     : Starting a blocking GC Explicit
12-11 16:54:26.725 13169 13322 I art     : Explicit concurrent mark sweep GC freed 3(96B) AllocSpace objects, 0(0B) LOS objects, 40% free, 8MB/13MB, paused 244us total 14.282ms
12-11 16:54:26.798   742   742 D PhoneStatusBar: disable: < expand ICONS* alerts SYSTEM_INFO* back home recent clock search quick_settings >
12-11 16:54:26.874   742   742 D PhoneStatusBar: disable: < expand icons* alerts system_info* back home recent clock search quick_settings >
12-11 16:54:26.913   742  1359 E Surface : getSlotFromBufferLocked: unknown buffer: 0x99df4c80
12-11 16:54:27.124   609  3357 I ActivityManager: START u0 {act=android.intent.action.MAIN cat=[android.intent.category.LAUNCHER] flg=0x10200000 cmp=com.example.snoopy/.MainActivity} from uid 2000 on display 0
12-11 16:54:27.571   609   959 I ActivityManager: START u0 {act=android.intent.action.MAIN cat=[android.intent.category.LAUNCHER] flg=0x10200000 cmp=com.example.snoopy/.MainActivity} from uid 2000 on display 0
12-11 16:54:27.752   609  1164 I ActivityManager: START u0 {act=android.intent.action.MAIN cat=[android.intent.category.LAUNCHER] flg=0x10200000 cmp=com.example.snoopy/.CameraInputFrames} from uid 2000 on display 0
12-11 16:54:27.920   609  8020 I ActivityManager: START u0 {act=android.intent.action.MAIN cat=[android.intent.category.LAUNCHER] flg=0x10200000 cmp=com.example.snoopy/.MainActivity} from uid 2000 on display 0
12-11 16:54:28.284   609  3442 I ActivityManager: START u0 {act=android.intent.action.MAIN cat=[android.intent.category.LAUNCHER] flg=0x10200000 cmp=com.example.snoopy/.CameraInputFrames} from uid 2000 on display 0
12-11 16:54:28.676  1059  1059 I Keyboard.Facilitator: onFinishInput()
12-11 16:54:28.676  1059  1059 I Keyboard.Facilitator: onStartInput()
12-11 16:54:28.682  1059  1059 I LatinIME: Starting input. Cursor position = 3,3
12-11 16:54:28.712 13169 13187 I art     : Starting a blocking GC Explicit
12-11 16:54:28.731 13169 13187 I art     : Explicit concurrent mark sweep GC freed 3012(129KB) AllocSpace objects, 1(20KB) LOS objects, 40% free, 8MB/13MB, paused 366us total 18.615ms
12-11 16:54:28.755 13169 13187 I art     : Starting a blocking GC Explicit
12-11 16:54:28.763  1059  1059 I Keyboard.Facilitator: resetDictionaries() : no-op
12-11 16:54:28.763  1059  1059 I StatsUtilsManager: onLoadSettings()
12-11 16:54:28.778 13169 13187 I art     : Explicit concurrent mark sweep GC freed 236(9KB) AllocSpace objects, 0(0B) LOS objects, 40% free, 8MB/13MB, paused 488us total 23.345ms
12-11 16:54:28.798 13169 13187 I art     : Starting a blocking GC Explicit
12-11 16:54:28.799 13169 13199 E Surface : getSlotFromBufferLocked: unknown buffer: 0x9fdb6970
12-11 16:54:28.822 13169 13187 I art     : Explicit concurrent mark sweep GC freed 109(6KB) AllocSpace objects, 0(0B) LOS objects, 40% free, 8MB/13MB, paused 488us total 24.047ms
12-11 16:54:28.849 13169 13187 I art     : Starting a blocking GC Explicit
12-11 16:54:28.864 13169 13187 I art     : Explicit concurrent mark sweep GC freed 156(7KB) AllocSpace objects, 0(0B) LOS objects, 40% free, 8MB/13MB, paused 335us total 14.282ms
12-11 16:54:28.882 13169 13187 I art     : Starting a blocking GC Explicit
12-11 16:54:28.899 13169 13187 I art     : Explicit concurrent mark sweep GC freed 83(4KB) AllocSpace objects, 0(0B) LOS objects, 39% free, 8MB/13MB, paused 305us total 15.625ms
12-11 16:54:29.020   609   832 I ActivityManager: START u0 {act=android.intent.action.MAIN cat=[android.intent.category.LAUNCHER] flg=0x10200000 cmp=com.example.snoopy/.CameraInputFrames} from uid 2000 on display 0
12-11 16:54:29.088   196   602 D audio_hw_primary: disable_audio_route: reset and update mixer path: low-latency-playback
12-11 16:54:29.088   196   602 D audio_hw_primary: disable_snd_device: snd_device(3: speaker-reverse)
12-11 16:54:29.144   196   602 D audio_hw_primary: out_set_parameters: enter: usecase(1: low-latency-playback) kvpairs: routing=2
12-11 16:54:29.157   196   601 D audio_hw_primary: select_devices: out_snd_device(3: speaker-reverse) in_snd_device(0: none)
12-11 16:54:29.157   196   601 D ACDB-LOADER: ACDB -> send_afe_cal
12-11 16:54:29.157   196   601 D audio_hw_primary: enable_snd_device: snd_device(3: speaker-reverse)
12-11 16:54:29.159   196   601 D audio_hw_primary: enable_audio_route: apply and update mixer path: low-latency-playback
12-11 16:54:29.164 11041 11309 I AuthChimeraService: Executing request: ProxyRequest[ url: https://www.googleapis.com/identitytoolkit/v3/relyingparty/signupNewUser?alt=proto&key=AIzaSyAlPR096sOohVB9d0xuRCe1M34wBO-crBA, method: 1 ]
12-11 16:54:29.180   196   602 D AudioFlinger: mixer(0xb4240000) throttle end: throttle time(10)
12-11 16:54:29.216 13169 13169 W InputEventReceiver: Attempted to finish an input event but the input event receiver has already been disposed.
12-11 16:54:29.217 13169 13169 W ViewRootImpl: Dropping event due to root view being removed: MotionEvent { action=ACTION_UP, actionButton=0, id[0]=0, x[0]=847.65857, y[0]=-267.31567, toolType[0]=TOOL_TYPE_UNKNOWN, buttonState=0, metaState=0, flags=0x0, edgeFlags=0x0, pointerCount=1, historySize=0, eventTime=5888609, downTime=5888607, deviceId=0, source=0x1002 }
12-11 16:54:29.217 13169 13169 W InputEventReceiver: Attempted to finish an input event but the input event receiver has already been disposed.
12-11 16:54:29.220   609   832 W InputMethodManagerService: Window already focused, ignoring focus gain of: com.android.internal.view.IInputMethodClient$Stub$Proxy@67579bc attribute=null, token = android.os.BinderProxy@7e45038
12-11 16:54:29.377 13169 13199 E Surface : getSlotFromBufferLocked: unknown buffer: 0x9fdb55c0
12-11 16:54:29.394 11041 13249 E Volley  : [654] BasicNetwork.performRequest: Unexpected response code 400 for https://www.googleapis.com/identitytoolkit/v3/relyingparty/signupNewUser?alt=proto&key=AIzaSyAlPR096sOohVB9d0xuRCe1M34wBO-crBA
12-11 16:54:29.394 11041 11309 I AuthChimeraService: Error description received from server: INVALID_EMAIL
12-11 16:54:29.403 11041 11309 W FirebaseAuth: [PhoneNumberAuthPostProcessor] postProcess starts
12-11 16:54:29.403 11041 11309 W FirebaseAuth: [PhoneNumberAuthPostProcessor] postProcess ends
12-11 16:54:29.981   609   959 I ActivityManager: START u0 {act=android.intent.action.MAIN cat=[android.intent.category.LAUNCHER] flg=0x10200000 cmp=com.example.snoopy/.CameraInputFrames} from uid 2000 on display 0
12-11 16:54:30.101   742   742 D PhoneStatusBar: disable: < expand ICONS* alerts SYSTEM_INFO* back home recent clock search quick_settings >
12-11 16:54:30.170   742   742 D PhoneStatusBar: disable: < expand icons* alerts system_info* back home recent clock search quick_settings >
12-11 16:54:30.226   742  1359 E Surface : getSlotFromBufferLocked: unknown buffer: 0x99df4c80
12-11 16:54:30.454 13169 13322 I art     : Starting a blocking GC Explicit
12-11 16:54:30.466  1059  1059 I Keyboard.Facilitator: onFinishInput()
12-11 16:54:30.466  1059  1059 I Keyboard.Facilitator: onStartInput()
12-11 16:54:30.474  1059  1059 I LatinIME: Starting input. Cursor position = 14,14
12-11 16:54:30.481 13169 13322 I art     : Explicit concurrent mark sweep GC freed 2618(140KB) AllocSpace objects, 1(20KB) LOS objects, 40% free, 8MB/13MB, paused 518us total 25.238ms
12-11 16:54:30.499 13169 13322 I art     : Starting a blocking GC Explicit
12-11 16:54:30.515 13169 13322 I art     : Explicit concurrent mark sweep GC freed 508(24KB) AllocSpace objects, 0(0B) LOS objects, 40% free, 8MB/13MB, paused 335us total 14.526ms
12-11 16:54:30.542 13169 13322 I art     : Starting a blocking GC Explicit
12-11 16:54:30.558 13169 13322 I art     : Explicit concurrent mark sweep GC freed 95(5KB) AllocSpace objects, 0(0B) LOS objects, 39% free, 8MB/13MB, paused 305us total 15.838ms
12-11 16:54:30.579  1059  1059 I Keyboard.Facilitator: resetDictionaries() : no-op
12-11 16:54:30.579  1059  1059 I StatsUtilsManager: onLoadSettings()
12-11 16:54:30.592 13169 13322 I art     : Starting a blocking GC Explicit
12-11 16:54:30.615 13169 13322 I art     : Explicit concurrent mark sweep GC freed 320(38KB) AllocSpace objects, 2(40KB) LOS objects, 40% free, 8MB/13MB, paused 427us total 22.094ms
12-11 16:54:30.633 13169 13322 I art     : Starting a blocking GC Explicit
12-11 16:54:30.657 13169 13322 I art     : Explicit concurrent mark sweep GC freed 471(27KB) AllocSpace objects, 0(0B) LOS objects, 40% free, 8MB/13MB, paused 488us total 23.956ms
12-11 16:54:30.711   609   620 I AccountManagerService: getTypesVisibleToCaller: isPermitted? true
12-11 16:54:30.714   609  1289 I AccountManagerService: getTypesVisibleToCaller: isPermitted? true
12-11 16:54:30.857   609  7033 I AccountManagerService: getTypesVisibleToCaller: isPermitted? true
12-11 16:54:30.858 12816 12859 D Finsky  : [524] AppStatesReplicator.handleContentSyncResponse: Completed 0 account content syncs with 0 successful.
12-11 16:54:30.858 12816 12816 D Finsky  : [1] 5.onFinished: Installation state replication succeeded.
12-11 16:54:31.374   742   742 D PhoneStatusBar: disable: < expand ICONS* alerts SYSTEM_INFO* back home recent clock search quick_settings >
12-11 16:54:31.463   742   742 D PhoneStatusBar: disable: < expand icons* alerts system_info* back home recent clock search quick_settings >
12-11 16:54:31.475   609   775 I ActivityManager: START u0 {act=android.intent.action.MAIN cat=[android.intent.category.LAUNCHER] flg=0x10200000 cmp=com.example.snoopy/.CameraInputFrames} from uid 2000 on display 0
12-11 16:54:31.512   742  1359 E Surface : getSlotFromBufferLocked: unknown buffer: 0x99df4c80
12-11 16:54:31.648   742   742 D PhoneStatusBar: disable: < expand ICONS* alerts SYSTEM_INFO* back home recent clock search quick_settings >
12-11 16:54:31.695   742   742 D PhoneStatusBar: disable: < expand icons* alerts system_info* back home recent clock search quick_settings >
12-11 16:54:31.696   742   742 D PhoneStatusBar: disable: < expand ICONS* alerts SYSTEM_INFO* back home recent clock search quick_settings >
12-11 16:54:31.732   742   742 D PhoneStatusBar: disable: < expand icons* alerts system_info* back home recent clock search quick_settings >
12-11 16:54:31.734   742   742 D PhoneStatusBar: disable: < expand ICONS* alerts SYSTEM_INFO* back home recent clock search quick_settings >
12-11 16:54:31.759   742   742 D PhoneStatusBar: disable: < expand icons* alerts system_info* back home recent clock search quick_settings >
12-11 16:54:31.765   742   742 D PhoneStatusBar: disable: < expand ICONS* alerts SYSTEM_INFO* back home recent clock search quick_settings >
12-11 16:54:31.769   742   742 D PhoneStatusBar: disable: < expand icons* alerts system_info* back home recent clock search quick_settings >
12-11 16:54:31.778   609   832 W InputMethodManagerService: Window already focused, ignoring focus gain of: com.android.internal.view.IInputMethodClient$Stub$Proxy@4c06a84 attribute=null, token = android.os.BinderProxy@7e45038
12-11 16:54:31.787   742  1359 E Surface : getSlotFromBufferLocked: unknown buffer: 0x99df4c80
12-11 16:54:31.858  1059 13218 E Surface : getSlotFromBufferLocked: unknown buffer: 0xa9d22230
12-11 16:54:31.946   609   619 I ActivityManager: START u0 {act=android.intent.action.MAIN cat=[android.intent.category.LAUNCHER] flg=0x10200000 cmp=com.example.snoopy/.MainActivity} from uid 2000 on display 0
12-11 16:54:32.139 13169 13199 E Surface : getSlotFromBufferLocked: unknown buffer: 0x9fdb4f80
12-11 16:54:32.287   742   742 D PhoneStatusBar: disable: < expand ICONS* alerts SYSTEM_INFO* back home recent clock search quick_settings >
12-11 16:54:32.367   742   742 D PhoneStatusBar: disable: < expand icons* alerts system_info* back home recent clock search quick_settings >
12-11 16:54:32.395   609   619 I ActivityManager: START u0 {act=android.intent.action.MAIN cat=[android.intent.category.LAUNCHER] flg=0x10200000 cmp=com.example.snoopy/.CameraInputFrames} from uid 2000 on display 0
12-11 16:54:32.403   196   602 D audio_hw_primary: disable_audio_route: reset and update mixer path: low-latency-playback
12-11 16:54:32.404   196   602 D audio_hw_primary: disable_snd_device: snd_device(3: speaker-reverse)
12-11 16:54:32.429   742  1359 E Surface : getSlotFromBufferLocked: unknown buffer: 0x99df54a0
12-11 16:54:32.456   742   742 D PhoneStatusBar: disable: < expand ICONS* alerts SYSTEM_INFO* back home recent clock search quick_settings >
12-11 16:54:32.504   609  3358 I ActivityManager: START u0 {act=android.intent.action.MAIN cat=[android.intent.category.LAUNCHER] flg=0x10200000 cmp=com.example.snoopy/.MainActivity} from uid 2000 on display 0
12-11 16:54:32.515 13169 13180 I art     : Starting a blocking GC Explicit
12-11 16:54:32.532 13169 13180 I art     : Explicit concurrent mark sweep GC freed 3067(139KB) AllocSpace objects, 1(20KB) LOS objects, 40% free, 8MB/13MB, paused 335us total 16.693ms
12-11 16:54:32.555 13169 13180 I art     : Starting a blocking GC Explicit
12-11 16:54:32.574 13169 13180 I art     : Explicit concurrent mark sweep GC freed 347(16KB) AllocSpace objects, 0(0B) LOS objects, 40% free, 8MB/13MB, paused 274us total 18.676ms
12-11 16:54:32.600 13169 13180 I art     : Starting a blocking GC Explicit
12-11 16:54:32.618 13169 13180 I art     : Explicit concurrent mark sweep GC freed 4(144B) AllocSpace objects, 0(0B) LOS objects, 39% free, 8MB/13MB, paused 274us total 16.510ms
12-11 16:54:32.636 13169 13180 I art     : Starting a blocking GC Explicit
12-11 16:54:32.640   609  8020 W InputMethodManagerService: Window already focused, ignoring focus gain of: com.android.internal.view.IInputMethodClient$Stub$Proxy@55feffa attribute=null, token = android.os.BinderProxy@7e45038
12-11 16:54:32.648   742   742 D PhoneStatusBar: disable: < expand icons* alerts system_info* back home recent clock search quick_settings >
12-11 16:54:32.652 13169 13180 I art     : Explicit concurrent mark sweep GC freed 5(160B) AllocSpace objects, 0(0B) LOS objects, 40% free, 8MB/13MB, paused 305us total 15.258ms
12-11 16:54:32.670 13169 13180 I art     : Starting a blocking GC Explicit
12-11 16:54:32.684 13169 13180 I art     : Explicit concurrent mark sweep GC freed 4(144B) AllocSpace objects, 0(0B) LOS objects, 39% free, 8MB/13MB, paused 274us total 14.251ms
12-11 16:54:32.710   742  1359 E Surface : getSlotFromBufferLocked: unknown buffer: 0x99df5770
12-11 16:54:32.780   609  3442 I ActivityManager: START u0 {act=android.intent.action.MAIN cat=[android.intent.category.LAUNCHER] flg=0x10200000 cmp=com.example.snoopy/.MainActivity} from uid 2000 on display 0
12-11 16:54:33.058   742   742 D PhoneStatusBar: disable: < expand ICONS* alerts SYSTEM_INFO* back home recent clock search quick_settings >
12-11 16:54:33.469   742   742 D StatusBar: Clicked on content of 0|com.amazon.aatp.aatpdevicemanager|1096041560|null|11363
12-11 16:54:33.471   196   602 D audio_hw_primary: out_set_parameters: enter: usecase(1: low-latency-playback) kvpairs: routing=2
12-11 16:54:33.474   609   832 I ActivityManager: START u0 {} from uid 11363 on display 0
12-11 16:54:33.484   196   601 D audio_hw_primary: select_devices: out_snd_device(3: speaker-reverse) in_snd_device(0: none)
12-11 16:54:33.484   196   601 D ACDB-LOADER: ACDB -> send_afe_cal
12-11 16:54:33.484   196   601 D audio_hw_primary: enable_snd_device: snd_device(3: speaker-reverse)
12-11 16:54:33.487   609  3358 W InputMethodManagerService: Window already focused, ignoring focus gain of: com.android.internal.view.IInputMethodClient$Stub$Proxy@a5389ab attribute=null, token = android.os.BinderProxy@7e45038
12-11 16:54:33.489   196   601 D audio_hw_primary: enable_audio_route: apply and update mixer path: low-latency-playback
12-11 16:54:33.679   742   742 D PhoneStatusBar: disable: < expand icons* alerts system_info* back home recent clock search quick_settings >
12-11 16:54:33.691   742   742 D PhoneStatusBar: disable: < expand ICONS* alerts SYSTEM_INFO* back home recent clock search quick_settings >
12-11 16:54:33.724   742   742 D PhoneStatusBar: disable: < expand icons* alerts system_info* back home recent clock search quick_settings >
12-11 16:54:33.728   742   742 D PhoneStatusBar: disable: < expand ICONS* alerts SYSTEM_INFO* back home recent clock search quick_settings >
12-11 16:54:33.765   742   742 D PhoneStatusBar: disable: < expand icons* alerts system_info* back home recent clock search quick_settings >
12-11 16:54:33.787   609  1289 W InputMethodManagerService: Window already focused, ignoring focus gain of: com.android.internal.view.IInputMethodClient$Stub$Proxy@ec5e808 attribute=null, token = android.os.BinderProxy@7e45038
12-11 16:54:33.793   742  1359 E Surface : getSlotFromBufferLocked: unknown buffer: 0x99df51d0
12-11 16:54:34.086  1059  1059 I Keyboard.Facilitator: onStartInput()
12-11 16:54:34.094  1059  1059 I LatinIME: Starting input. Cursor position = 14,14
12-11 16:54:34.167  1059  1059 I Keyboard.Facilitator: resetDictionaries() : no-op
12-11 16:54:34.167  1059  1059 I StatsUtilsManager: onLoadSettings()
12-11 16:54:34.295   196   602 D audio_hw_primary: out_set_parameters: enter: usecase(1: low-latency-playback) kvpairs: routing=2
12-11 16:54:34.313 13169 13187 I art     : Starting a blocking GC Explicit
12-11 16:54:34.318 11041 11309 I AuthChimeraService: Executing request: ProxyRequest[ url: https://www.googleapis.com/identitytoolkit/v3/relyingparty/signupNewUser?alt=proto&key=AIzaSyAlPR096sOohVB9d0xuRCe1M34wBO-crBA, method: 1 ]
12-11 16:54:34.336 13169 13187 I art     : Explicit concurrent mark sweep GC freed 1671(89KB) AllocSpace objects, 1(20KB) LOS objects, 40% free, 8MB/13MB, paused 640us total 22.033ms
12-11 16:54:34.376 13169 13187 I art     : Starting a blocking GC Explicit
12-11 16:54:34.395 13169 13187 I art     : Explicit concurrent mark sweep GC freed 623(31KB) AllocSpace objects, 0(0B) LOS objects, 39% free, 8MB/13MB, paused 1.983ms total 18.432ms
12-11 16:54:34.411 13169 13187 I art     : Starting a blocking GC Explicit
12-11 16:54:34.425 13169 13169 W InputEventReceiver: Attempted to finish an input event but the input event receiver has already been disposed.
12-11 16:54:34.425 13169 13169 W ViewRootImpl: Dropping event due to root view being removed: MotionEvent { action=ACTION_MOVE, actionButton=0, id[0]=0, x[0]=-293.03067, y[0]=556.61115, toolType[0]=TOOL_TYPE_UNKNOWN, buttonState=0, metaState=0, flags=0x0, edgeFlags=0x0, pointerCount=1, historySize=0, eventTime=5893782, downTime=5893780, deviceId=0, source=0x1002 }
12-11 16:54:34.426 13169 13169 W InputEventReceiver: Attempted to finish an input event but the input event receiver has already been disposed.
12-11 16:54:34.426 13169 13169 W ViewRootImpl: Dropping event due to root view being removed: MotionEvent { action=ACTION_UP, actionButton=0, id[0]=0, x[0]=-280.88495, y[0]=565.08276, toolType[0]=TOOL_TYPE_UNKNOWN, buttonState=0, metaState=0, flags=0x0, edgeFlags=0x0, pointerCount=1, historySize=0, eventTime=5893783, downTime=5893780, deviceId=0, source=0x1002 }
12-11 16:54:34.426 13169 13169 W InputEventReceiver: Attempted to finish an input event but the input event receiver has already been disposed.
12-11 16:54:34.426 13169 13169 W ViewRootImpl: Dropping event due to root view being removed: MotionEvent { action=ACTION_DOWN, actionButton=0, id[0]=0, x[0]=1461.0, y[0]=105.0, toolType[0]=TOOL_TYPE_UNKNOWN, buttonState=0, metaState=0, flags=0x0, edgeFlags=0x0, pointerCount=1, historySize=0, eventTime=5893835, downTime=5893835, deviceId=0, source=0x1002 }
12-11 16:54:34.426 13169 13169 W InputEventReceiver: Attempted to finish an input event but the input event receiver has already been disposed.
12-11 16:54:34.426 13169 13169 W ViewRootImpl: Dropping event due to root view being removed: MotionEvent { action=ACTION_UP, actionButton=0, id[0]=0, x[0]=1459.2671, y[0]=104.61859, toolType[0]=TOOL_TYPE_UNKNOWN, buttonState=0, metaState=0, flags=0x0, edgeFlags=0x0, pointerCount=1, historySize=0, eventTime=5893837, downTime=5893835, deviceId=0, source=0x1002 }
12-11 16:54:34.426 13169 13169 W InputEventReceiver: Attempted to finish an input event but the input event receiver has already been disposed.
12-11 16:54:34.428 13169 13199 E Surface : getSlotFromBufferLocked: unknown buffer: 0x9fdb61a0
12-11 16:54:34.435 13169 13187 I art     : Explicit concurrent mark sweep GC freed 118(24KB) AllocSpace objects, 0(0B) LOS objects, 39% free, 8MB/13MB, paused 396us total 22.918ms
12-11 16:54:34.450   609  3442 W InputMethodManagerService: Window already focused, ignoring focus gain of: com.android.internal.view.IInputMethodClient$Stub$Proxy@41d204e attribute=null, token = android.os.BinderProxy@7e45038
12-11 16:54:34.459 13169 13187 I art     : Starting a blocking GC Explicit
12-11 16:54:34.476 13169 13187 I art     : Explicit concurrent mark sweep GC freed 29(1024B) AllocSpace objects, 0(0B) LOS objects, 40% free, 8MB/13MB, paused 457us total 16.815ms
12-11 16:54:34.495 13169 13187 I art     : Starting a blocking GC Explicit
12-11 16:54:34.515 13169 13187 I art     : Explicit concurrent mark sweep GC freed 154(7KB) AllocSpace objects, 0(0B) LOS objects, 40% free, 8MB/13MB, paused 335us total 19.195ms
12-11 16:54:34.549 11041 13247 E Volley  : [652] BasicNetwork.performRequest: Unexpected response code 400 for https://www.googleapis.com/identitytoolkit/v3/relyingparty/signupNewUser?alt=proto&key=AIzaSyAlPR096sOohVB9d0xuRCe1M34wBO-crBA
12-11 16:54:34.551 11041 11309 I AuthChimeraService: Error description received from server: INVALID_EMAIL
12-11 16:54:34.551 11041 11309 W FirebaseAuth: [PhoneNumberAuthPostProcessor] postProcess starts
12-11 16:54:34.551 11041 11309 W FirebaseAuth: [PhoneNumberAuthPostProcessor] postProcess ends
12-11 16:54:34.774   742   742 D PhoneStatusBar: disable: < expand ICONS* alerts SYSTEM_INFO* back home recent clock search quick_settings >
12-11 16:54:34.856   742   742 D PhoneStatusBar: disable: < expand icons* alerts system_info* back home recent clock search quick_settings >
12-11 16:54:34.942   742  1359 E Surface : getSlotFromBufferLocked: unknown buffer: 0x99df5770
12-11 16:54:34.952   609  1164 I ActivityManager: START u0 {act=android.intent.action.MAIN cat=[android.intent.category.LAUNCHER] flg=0x10200000 cmp=com.example.snoopy/.MainActivity} from uid 2000 on display 0
12-11 16:54:35.977   196   602 D audio_hw_primary: out_set_parameters: enter: usecase(1: low-latency-playback) kvpairs: routing=2
12-11 16:54:35.985 11041 11209 I AuthChimeraService: Executing request: ProxyRequest[ url: https://www.googleapis.com/identitytoolkit/v3/relyingparty/signupNewUser?alt=proto&key=AIzaSyAlPR096sOohVB9d0xuRCe1M34wBO-crBA, method: 1 ]
12-11 16:54:36.044 13169 13169 W InputEventReceiver: Attempted to finish an input event but the input event receiver has already been disposed.
12-11 16:54:36.044 13169 13169 W ViewRootImpl: Dropping event due to root view being removed: MotionEvent { action=ACTION_MOVE, actionButton=0, id[0]=0, x[0]=1308.8605, y[0]=-403.86484, toolType[0]=TOOL_TYPE_UNKNOWN, buttonState=0, metaState=0, flags=0x0, edgeFlags=0x0, pointerCount=1, historySize=2, eventTime=5895434, downTime=5895429, deviceId=0, source=0x1002 }
12-11 16:54:36.044 13169 13169 W InputEventReceiver: Attempted to finish an input event but the input event receiver has already been disposed.
12-11 16:54:36.044 13169 13169 W ViewRootImpl: Dropping event due to root view being removed: MotionEvent { action=ACTION_UP, actionButton=0, id[0]=0, x[0]=1294.0242, y[0]=-401.17487, toolType[0]=TOOL_TYPE_UNKNOWN, buttonState=0, metaState=0, flags=0x0, edgeFlags=0x0, pointerCount=1, historySize=0, eventTime=5895436, downTime=5895429, deviceId=0, source=0x1002 }
12-11 16:54:36.044 13169 13169 W InputEventReceiver: Attempted to finish an input event but the input event receiver has already been disposed.
12-11 16:54:36.052   609  7033 W InputMethodManagerService: Window already focused, ignoring focus gain of: com.android.internal.view.IInputMethodClient$Stub$Proxy@8d893b2 attribute=null, token = android.os.BinderProxy@7e45038
12-11 16:54:36.137 13169 13322 I art     : Starting a blocking GC Explicit
12-11 16:54:36.156 13169 13322 I art     : Explicit concurrent mark sweep GC freed 2745(140KB) AllocSpace objects, 1(20KB) LOS objects, 40% free, 8MB/13MB, paused 1.068ms total 17.700ms
12-11 16:54:36.173 13169 13322 I art     : Starting a blocking GC Explicit
12-11 16:54:36.193 13169 13322 I art     : Explicit concurrent mark sweep GC freed 147(4KB) AllocSpace objects, 0(0B) LOS objects, 40% free, 8MB/13MB, paused 305us total 19.531ms
12-11 16:54:36.212 13169 13322 I art     : Starting a blocking GC Explicit
12-11 16:54:36.227 13169 13322 I art     : Explicit concurrent mark sweep GC freed 196(6KB) AllocSpace objects, 0(0B) LOS objects, 39% free, 8MB/13MB, paused 366us total 14.709ms
12-11 16:54:36.233 11041 13248 E Volley  : [653] BasicNetwork.performRequest: Unexpected response code 400 for https://www.googleapis.com/identitytoolkit/v3/relyingparty/signupNewUser?alt=proto&key=AIzaSyAlPR096sOohVB9d0xuRCe1M34wBO-crBA
12-11 16:54:36.233 11041 11209 I AuthChimeraService: Error description received from server: INVALID_EMAIL
12-11 16:54:36.242 11041 11209 W FirebaseAuth: [PhoneNumberAuthPostProcessor] postProcess starts
12-11 16:54:36.242 11041 11209 W FirebaseAuth: [PhoneNumberAuthPostProcessor] postProcess ends
12-11 16:54:36.250 13169 13322 I art     : Starting a blocking GC Explicit
12-11 16:54:36.264 13169 13322 I art     : Explicit concurrent mark sweep GC freed 46(1392B) AllocSpace objects, 0(0B) LOS objects, 40% free, 8MB/13MB, paused 305us total 14.068ms
12-11 16:54:36.282 13169 13322 I art     : Starting a blocking GC Explicit
12-11 16:54:36.297 13169 13322 I art     : Explicit concurrent mark sweep GC freed 9(352B) AllocSpace objects, 0(0B) LOS objects, 40% free, 8MB/13MB, paused 305us total 15.136ms
12-11 16:54:36.347   609  1289 I ActivityManager: START u0 {act=android.intent.action.MAIN cat=[android.intent.category.LAUNCHER] flg=0x10200000 cmp=com.example.snoopy/.MainActivity} from uid 2000 on display 0
12-11 16:54:36.952   609  3442 I ActivityManager: START u0 {act=android.intent.action.MAIN cat=[android.intent.category.LAUNCHER] flg=0x10200000 cmp=com.example.snoopy/.CameraInputFrames} from uid 2000 on display 0
12-11 16:54:37.095  1059 13218 E Surface : getSlotFromBufferLocked: unknown buffer: 0xa9d23bd0
12-11 16:54:37.324   742 13456 E libEGL  : error creating cache file /data/user/0/com.android.systemui/code_cache/com.android.opengl.shaders_cache: No such file or directory (2)
12-11 16:54:37.510   609   620 I ActivityManager: START u0 {act=android.intent.action.MAIN cat=[android.intent.category.LAUNCHER] flg=0x10200000 cmp=com.example.snoopy/.MainActivity} from uid 2000 on display 0
12-11 16:54:37.738  1059  1059 I Keyboard.Facilitator: onFinishInput()
12-11 16:54:37.740  1059  1059 I Keyboard.Facilitator: onStartInput()
12-11 16:54:37.747  1059  1059 I LatinIME: Starting input. Cursor position = 23,23
12-11 16:54:37.818  1059  1059 I Keyboard.Facilitator: resetDictionaries() : no-op
12-11 16:54:37.818  1059  1059 I StatsUtilsManager: onLoadSettings()
12-11 16:54:37.902 13169 13180 I art     : Starting a blocking GC Explicit
12-11 16:54:37.925 13169 13180 I art     : Explicit concurrent mark sweep GC freed 2853(128KB) AllocSpace objects, 1(20KB) LOS objects, 40% free, 8MB/13MB, paused 396us total 22.949ms
12-11 16:54:37.947 13169 13180 I art     : Starting a blocking GC Explicit
12-11 16:54:37.969 13169 13180 I art     : Explicit concurrent mark sweep GC freed 291(14KB) AllocSpace objects, 0(0B) LOS objects, 40% free, 8MB/13MB, paused 305us total 21.881ms
12-11 16:54:37.995 13169 13180 I art     : Starting a blocking GC Explicit
12-11 16:54:38.014 13169 13180 I art     : Explicit concurrent mark sweep GC freed 178(8KB) AllocSpace objects, 0(0B) LOS objects, 39% free, 8MB/13MB, paused 305us total 19.287ms
12-11 16:54:38.036 13169 13180 I art     : Starting a blocking GC Explicit
12-11 16:54:38.055 13169 13180 I art     : Explicit concurrent mark sweep GC freed 45(2176B) AllocSpace objects, 0(0B) LOS objects, 40% free, 8MB/13MB, paused 396us total 19.256ms
12-11 16:54:38.086 13169 13180 I art     : Starting a blocking GC Explicit
12-11 16:54:38.117 13169 13180 I art     : Explicit concurrent mark sweep GC freed 154(6KB) AllocSpace objects, 0(0B) LOS objects, 39% free, 8MB/13MB, paused 457us total 29.602ms
12-11 16:54:38.666   609  1289 I ActivityManager: START u0 {act=android.intent.action.MAIN cat=[android.intent.category.LAUNCHER] flg=0x10200000 cmp=com.example.snoopy/.MainActivity} from uid 2000 on display 0
12-11 16:54:38.720   609  7033 I ActivityManager: START u0 {act=android.intent.action.MAIN cat=[android.intent.category.LAUNCHER] flg=0x10200000 cmp=com.example.snoopy/.MainActivity} from uid 2000 on display 0
12-11 16:54:38.813   609   719 I WifiHAL : event received NL80211_CMD_TRIGGER_SCAN
12-11 16:54:38.813   609   719 I WifiHAL : event ignored!!
12-11 16:54:39.158   196   602 D audio_hw_primary: disable_audio_route: reset and update mixer path: low-latency-playback
12-11 16:54:39.159   196   602 D audio_hw_primary: disable_snd_device: snd_device(3: speaker-reverse)
12-11 16:54:39.167   609   832 I ActivityManager: START u0 {act=android.intent.action.MAIN cat=[android.intent.category.LAUNCHER] flg=0x10200000 cmp=com.example.snoopy/.CameraInputFrames} from uid 2000 on display 0
12-11 16:54:39.220   609  3042 I ActivityManager: START u0 {act=android.intent.action.MAIN cat=[android.intent.category.LAUNCHER] flg=0x10200000 cmp=com.example.snoopy/.CameraInputFrames} from uid 2000 on display 0
12-11 16:54:39.347 13169 13199 E Surface : getSlotFromBufferLocked: unknown buffer: 0x9fdb6650
12-11 16:54:39.478   196   602 D audio_hw_primary: out_set_parameters: enter: usecase(1: low-latency-playback) kvpairs: routing=2
12-11 16:54:39.490   196   601 D audio_hw_primary: select_devices: out_snd_device(3: speaker-reverse) in_snd_device(0: none)
12-11 16:54:39.490   196   601 D ACDB-LOADER: ACDB -> send_afe_cal
12-11 16:54:39.490   196   601 D audio_hw_primary: enable_snd_device: snd_device(3: speaker-reverse)
12-11 16:54:39.495   196   601 D audio_hw_primary: enable_audio_route: apply and update mixer path: low-latency-playback
12-11 16:54:39.505 11041 11209 I AuthChimeraService: Executing request: ProxyRequest[ url: https://www.googleapis.com/identitytoolkit/v3/relyingparty/signupNewUser?alt=proto&key=AIzaSyAlPR096sOohVB9d0xuRCe1M34wBO-crBA, method: 1 ]
12-11 16:54:39.512   196   602 D AudioFlinger: mixer(0xb4240000) throttle end: throttle time(10)
12-11 16:54:39.518   609   719 I WifiHAL : event received NL80211_CMD_NEW_SCAN_RESULTS
12-11 16:54:39.518   609   719 I WifiHAL : event ignored!!
12-11 16:54:39.562 13169 13169 W InputEventReceiver: Attempted to finish an input event but the input event receiver has already been disposed.
12-11 16:54:39.562 13169 13169 W ViewRootImpl: Dropping event due to root view being removed: MotionEvent { action=ACTION_MOVE, actionButton=0, id[0]=0, x[0]=1203.2423, y[0]=-84.33981, toolType[0]=TOOL_TYPE_UNKNOWN, buttonState=0, metaState=0, flags=0x0, edgeFlags=0x0, pointerCount=1, historySize=5, eventTime=5898963, downTime=5898936, deviceId=0, source=0x1002 }
12-11 16:54:39.562 13169 13169 W InputEventReceiver: Attempted to finish an input event but the input event receiver has already been disposed.
12-11 16:54:39.563 13169 13169 W ViewRootImpl: Dropping event due to root view being removed: MotionEvent { action=ACTION_UP, actionButton=0, id[0]=0, x[0]=1213.1575, y[0]=-85.41443, toolType[0]=TOOL_TYPE_UNKNOWN, buttonState=0, metaState=0, flags=0x0, edgeFlags=0x0, pointerCount=1, historySize=0, eventTime=5898965, downTime=5898936, deviceId=0, source=0x1002 }
12-11 16:54:39.563 13169 13169 W InputEventReceiver: Attempted to finish an input event but the input event receiver has already been disposed.
12-11 16:54:39.566   609   619 W InputMethodManagerService: Window already focused, ignoring focus gain of: com.android.internal.view.IInputMethodClient$Stub$Proxy@a618b36 attribute=null, token = android.os.BinderProxy@7e45038
12-11 16:54:39.615 13169 13219 I art     : Starting a blocking GC Explicit
12-11 16:54:39.636 13169 13219 I art     : Explicit concurrent mark sweep GC freed 2420(139KB) AllocSpace objects, 1(20KB) LOS objects, 40% free, 8MB/13MB, paused 274us total 21.087ms
12-11 16:54:39.653 13169 13219 I art     : Starting a blocking GC Explicit
12-11 16:54:39.653   609  1289 I ActivityManager: START u0 {act=android.intent.action.MAIN cat=[android.intent.category.LAUNCHER] flg=0x10200000 cmp=com.example.snoopy/.CameraInputFrames} from uid 2000 on display 0
12-11 16:54:39.667 13169 13219 I art     : Explicit concurrent mark sweep GC freed 132(6KB) AllocSpace objects, 0(0B) LOS objects, 40% free, 8MB/13MB, paused 305us total 13.854ms
12-11 16:54:39.684 13169 13219 I art     : Starting a blocking GC Explicit
12-11 16:54:39.699 13169 13219 I art     : Explicit concurrent mark sweep GC freed 258(13KB) AllocSpace objects, 0(0B) LOS objects, 39% free, 8MB/13MB, paused 274us total 14.831ms
12-11 16:54:39.706   609  7033 I ActivityManager: START u0 {act=android.intent.action.MAIN cat=[android.intent.category.LAUNCHER] flg=0x10200000 cmp=com.example.snoopy/.MainActivity} from uid 2000 on display 0
12-11 16:54:39.715 13169 13219 I art     : Starting a blocking GC Explicit
12-11 16:54:39.730 13169 13219 I art     : Explicit concurrent mark sweep GC freed 10(416B) AllocSpace objects, 0(0B) LOS objects, 40% free, 8MB/13MB, paused 274us total 13.977ms
12-11 16:54:39.741 11041 13246 E Volley  : [651] BasicNetwork.performRequest: Unexpected response code 400 for https://www.googleapis.com/identitytoolkit/v3/relyingparty/signupNewUser?alt=proto&key=AIzaSyAlPR096sOohVB9d0xuRCe1M34wBO-crBA
12-11 16:54:39.742 11041 11209 I AuthChimeraService: Error description received from server: INVALID_EMAIL
12-11 16:54:39.747 13169 13219 I art     : Starting a blocking GC Explicit
12-11 16:54:39.755 11041 11209 W FirebaseAuth: [PhoneNumberAuthPostProcessor] postProcess starts
12-11 16:54:39.755 11041 11209 W FirebaseAuth: [PhoneNumberAuthPostProcessor] postProcess ends
12-11 16:54:39.765 13169 13219 I art     : Explicit concurrent mark sweep GC freed 44(1808B) AllocSpace objects, 0(0B) LOS objects, 40% free, 8MB/13MB, paused 366us total 15.441ms
12-11 16:54:39.812   196   602 D audio_hw_primary: out_set_parameters: enter: usecase(1: low-latency-playback) kvpairs: routing=2
12-11 16:54:39.826 11041 11209 I AuthChimeraService: Executing request: ProxyRequest[ url: https://www.googleapis.com/identitytoolkit/v3/relyingparty/signupNewUser?alt=proto&key=AIzaSyAlPR096sOohVB9d0xuRCe1M34wBO-crBA, method: 1 ]
12-11 16:54:39.920 13169 13169 W InputEventReceiver: Attempted to finish an input event but the input event receiver has already been disposed.
12-11 16:54:39.920 13169 13169 W ViewRootImpl: Dropping event due to root view being removed: MotionEvent { action=ACTION_UP, actionButton=0, id[0]=0, x[0]=723.66785, y[0]=302.70642, toolType[0]=TOOL_TYPE_UNKNOWN, buttonState=0, metaState=0, flags=0x0, edgeFlags=0x0, pointerCount=1, historySize=0, eventTime=5899296, downTime=5899295, deviceId=0, source=0x1002 }
12-11 16:54:39.920 13169 13169 W InputEventReceiver: Attempted to finish an input event but the input event receiver has already been disposed.
12-11 16:54:39.976   609  3357 W InputMethodManagerService: Window already focused, ignoring focus gain of: com.android.internal.view.IInputMethodClient$Stub$Proxy@c348a1a attribute=null, token = android.os.BinderProxy@7e45038
12-11 16:54:40.030 11041 13249 E Volley  : [654] BasicNetwork.performRequest: Unexpected response code 400 for https://www.googleapis.com/identitytoolkit/v3/relyingparty/signupNewUser?alt=proto&key=AIzaSyAlPR096sOohVB9d0xuRCe1M34wBO-crBA
12-11 16:54:40.033 11041 11209 I AuthChimeraService: Error description received from server: INVALID_EMAIL
12-11 16:54:40.035 11041 11209 W FirebaseAuth: [PhoneNumberAuthPostProcessor] postProcess starts
12-11 16:54:40.036 11041 11209 W FirebaseAuth: [PhoneNumberAuthPostProcessor] postProcess ends
12-11 16:54:40.054 11041 11355 I AuthChimeraService: Executing request: ProxyRequest[ url: https://www.googleapis.com/identitytoolkit/v3/relyingparty/signupNewUser?alt=proto&key=AIzaSyAlPR096sOohVB9d0xuRCe1M34wBO-crBA, method: 1 ]
12-11 16:54:40.094   609  1289 I ActivityManager: START u0 {act=android.intent.action.MAIN cat=[android.intent.category.LAUNCHER] flg=0x10200000 cmp=com.example.snoopy/.CameraInputFrames} from uid 2000 on display 0
12-11 16:54:40.115   609   832 W InputMethodManagerService: Window already focused, ignoring focus gain of: com.android.internal.view.IInputMethodClient$Stub$Proxy@e8ee94b attribute=null, token = android.os.BinderProxy@7e45038
12-11 16:54:40.248 11041 13247 E Volley  : [652] BasicNetwork.performRequest: Unexpected response code 400 for https://www.googleapis.com/identitytoolkit/v3/relyingparty/signupNewUser?alt=proto&key=AIzaSyAlPR096sOohVB9d0xuRCe1M34wBO-crBA
12-11 16:54:40.248 11041 11355 I AuthChimeraService: Error description received from server: INVALID_EMAIL
12-11 16:54:40.249 11041 11355 W FirebaseAuth: [PhoneNumberAuthPostProcessor] postProcess starts
12-11 16:54:40.249 11041 11355 W FirebaseAuth: [PhoneNumberAuthPostProcessor] postProcess ends
12-11 16:54:40.372   742   742 D PhoneStatusBar: disable: < expand ICONS* alerts SYSTEM_INFO* back home recent clock search quick_settings >
12-11 16:54:40.459   609   619 W InputMethodManagerService: Window already focused, ignoring focus gain of: com.android.internal.view.IInputMethodClient$Stub$Proxy@8f05f28 attribute=null, token = android.os.BinderProxy@7e45038
12-11 16:54:40.468   742   742 D PhoneStatusBar: disable: < expand icons* alerts system_info* back home recent clock search quick_settings >
12-11 16:54:40.534   742  1359 E Surface : getSlotFromBufferLocked: unknown buffer: 0x99df4e10
12-11 16:54:40.562   609   619 I ActivityManager: START u0 {act=android.intent.action.MAIN cat=[android.intent.category.LAUNCHER] flg=0x10200000 cmp=com.example.snoopy/.MainActivity} from uid 2000 on display 0
12-11 16:54:40.668   609  3442 I ActivityManager: START u0 {act=android.intent.action.MAIN cat=[android.intent.category.LAUNCHER] flg=0x10200000 cmp=com.example.snoopy/.MainActivity} from uid 2000 on display 0
12-11 16:54:41.290 13169 13322 I art     : Starting a blocking GC Explicit
12-11 16:54:41.305 13169 13322 I art     : Explicit concurrent mark sweep GC freed 2617(142KB) AllocSpace objects, 1(20KB) LOS objects, 39% free, 8MB/13MB, paused 274us total 14.404ms
12-11 16:54:41.321 13169 13322 I art     : Starting a blocking GC Explicit
12-11 16:54:41.336 13169 13322 I art     : Explicit concurrent mark sweep GC freed 145(5KB) AllocSpace objects, 0(0B) LOS objects, 39% free, 8MB/13MB, paused 305us total 15.075ms
12-11 16:54:41.342   742   742 D PhoneStatusBar: disable: < expand ICONS* alerts SYSTEM_INFO* back home recent clock search quick_settings >
12-11 16:54:41.352 13169 13322 I art     : Starting a blocking GC Explicit
12-11 16:54:41.369 13169 13322 I art     : Explicit concurrent mark sweep GC freed 3(96B) AllocSpace objects, 0(0B) LOS objects, 39% free, 8MB/13MB, paused 305us total 17.089ms
12-11 16:54:41.386 13169 13322 I art     : Starting a blocking GC Explicit
12-11 16:54:41.401 13169 13322 I art     : Explicit concurrent mark sweep GC freed 3(96B) AllocSpace objects, 0(0B) LOS objects, 39% free, 8MB/13MB, paused 274us total 14.495ms
12-11 16:54:41.408   742   742 D PhoneStatusBar: disable: < expand icons* alerts system_info* back home recent clock search quick_settings >
12-11 16:54:41.417 13169 13322 I art     : Starting a blocking GC Explicit
12-11 16:54:41.431 13169 13322 I art     : Explicit concurrent mark sweep GC freed 97(4KB) AllocSpace objects, 0(0B) LOS objects, 40% free, 8MB/13MB, paused 244us total 13.824ms
12-11 16:54:41.453   742  1359 E Surface : getSlotFromBufferLocked: unknown buffer: 0x99df5770
12-11 16:54:42.020   742   742 D PhoneStatusBar: disable: < expand ICONS* alerts SYSTEM_INFO* back home recent clock search quick_settings >
12-11 16:54:42.104   742   742 D PhoneStatusBar: disable: < expand icons* alerts system_info* back home recent clock search quick_settings >
12-11 16:54:42.174   742  1359 E Surface : getSlotFromBufferLocked: unknown buffer: 0x99df5770
12-11 16:54:42.488  1059  1059 I Keyboard.Facilitator: onFinishInput()
12-11 16:54:42.488  1059  1059 I Keyboard.Facilitator: onStartInput()
12-11 16:54:42.498  1059  1059 I LatinIME: Starting input. Cursor position = 40,40
12-11 16:54:42.521  1059  1059 I Keyboard.Facilitator: resetDictionaries() : no-op
12-11 16:54:42.521  1059  1059 I StatsUtilsManager: onLoadSettings()
12-11 16:54:42.566   196   602 D audio_hw_primary: out_set_parameters: enter: usecase(1: low-latency-playback) kvpairs: routing=2
12-11 16:54:42.582 11041 11355 I AuthChimeraService: Executing request: ProxyRequest[ url: https://www.googleapis.com/identitytoolkit/v3/relyingparty/signupNewUser?alt=proto&key=AIzaSyAlPR096sOohVB9d0xuRCe1M34wBO-crBA, method: 1 ]
12-11 16:54:42.602   196   602 D AudioFlinger: mixer(0xb4240000) throttle end: throttle time(5)
12-11 16:54:42.632 13169 13169 W InputEventReceiver: Attempted to finish an input event but the input event receiver has already been disposed.
