--------- beginning of system
12-11 16:54:11.700   193   580 E NetlinkEvent: NetlinkEvent::FindParam(): Parameter 'UID' not found
--------- beginning of main
12-11 16:54:11.856 13158 13158 D AndroidRuntime: >>>>>> START com.android.internal.os.RuntimeInit uid 2000 <<<<<<
12-11 16:54:11.863 13158 13158 D AndroidRuntime: CheckJNI is OFF
12-11 16:54:11.927 13158 13158 D ICU     : No timezone override file found: /data/misc/zoneinfo/current/icu/icu_tzdata.dat
12-11 16:54:11.999 13158 13158 I Radio-JNI: register_android_hardware_Radio DONE
12-11 16:54:12.032 13158 13158 D AndroidRuntime: Calling main entry com.android.commands.monkey.Monkey
12-11 16:54:12.078   609   622 W BroadcastQueue: Skipping deliver [background] BroadcastRecord{4beb7f0 u-1 android.net.conn.CONNECTIVITY_CHANGE} to ReceiverList{4dfa169 13158 (unknown name)/2000/u-1 remote:c2a33a2}: process crashing
12-11 16:54:12.102   609  1289 I ActivityManager: START u0 {act=android.intent.action.MAIN cat=[android.intent.category.LAUNCHER] flg=0x10200000 cmp=com.example.snoopy/.MainActivity} from uid 2000 on display 0
12-11 16:54:12.163   609   620 I ActivityManager: Start proc 13169:com.example.snoopy/u0a1364 for activity com.example.snoopy/.MainActivity
12-11 16:54:12.176 13169 13169 I art     : Late-enabling -Xcheck:jni
12-11 16:54:12.226   609   658 I InputDispatcher: Dropping event because there is no touchable window at (579, 595).
12-11 16:54:12.226   609  1289 W InputManager: Input event injection from pid 13158 failed.
12-11 16:54:12.229   609  1164 W InputManager: Input event injection from pid 13158 failed.
12-11 16:54:12.230   609   832 W InputManager: Input event injection from pid 13158 failed.
12-11 16:54:12.231   609   620 W InputManager: Input event injection from pid 13158 failed.
12-11 16:54:12.232   609  7033 W InputManager: Input event injection from pid 13158 failed.
12-11 16:54:12.235   609  3417 W InputManager: Input event injection from pid 13158 failed.
12-11 16:54:12.237   609  3416 W InputManager: Input event injection from pid 13158 failed.
12-11 16:54:12.238   609   832 W InputManager: Input event injection from pid 13158 failed.
12-11 16:54:12.248  1160  1324 E Surface : getSlotFromBufferLocked: unknown buffer: 0x9a70bcb0
12-11 16:54:12.259 13169 13169 W System  : ClassLoader referenced unknown path: /data/app/com.example.snoopy-1/lib/arm
12-11 16:54:12.289   609  7033 I ActivityManager: START u0 {act=android.intent.action.MAIN cat=[android.intent.category.LAUNCHER] flg=0x10200000 cmp=com.example.snoopy/.MainActivity} from uid 2000 on display 0
12-11 16:54:12.301 13169 13191 W DynamiteModule: Local module descriptor class for com.google.firebase.auth not found.
12-11 16:54:12.308 13169 13169 D FirebaseApp: com.google.firebase.crash.FirebaseCrash is not linked. Skipping initialization.
12-11 16:54:12.319 13169 13169 I FA      : App measurement is starting up, version: 11400
12-11 16:54:12.319 13169 13191 W DynamiteModule: Local module descriptor class for com.google.firebase.auth not found.
12-11 16:54:12.319 13169 13169 I FA      : To enable debug logging run: adb shell setprop log.tag.FA VERBOSE
12-11 16:54:12.335 13169 13169 I FA      : To enable faster debug mode event logging run:
12-11 16:54:12.335 13169 13169 I FA      :   adb shell setprop debug.firebase.analytics.app com.example.snoopy
12-11 16:54:12.345   609   658 I InputDispatcher: Dropping event because there is no touchable window at (752, 361).
12-11 16:54:12.345   609   775 W InputManager: Input event injection from pid 13158 failed.
12-11 16:54:12.346   609  3417 W InputManager: Input event injection from pid 13158 failed.
12-11 16:54:12.348   609  1289 W InputManager: Input event injection from pid 13158 failed.
12-11 16:54:12.349   609  3358 W InputManager: Input event injection from pid 13158 failed.
12-11 16:54:12.350   609  3416 W InputManager: Input event injection from pid 13158 failed.
12-11 16:54:12.351   609   619 W InputManager: Input event injection from pid 13158 failed.
12-11 16:54:12.353   609  3442 W InputManager: Input event injection from pid 13158 failed.
12-11 16:54:12.354   609   832 W InputManager: Input event injection from pid 13158 failed.
12-11 16:54:12.355   609  7033 W InputManager: Input event injection from pid 13158 failed.
12-11 16:54:12.355 13169 13169 I FirebaseInitProvider: FirebaseApp initialization successful
12-11 16:54:12.356   609  1289 W InputManager: Input event injection from pid 13158 failed.
12-11 16:54:12.385 13169 13169 W art     : Before Android 4.1, method android.graphics.PorterDuffColorFilter android.support.graphics.drawable.VectorDrawableCompat.updateTintFilter(android.graphics.PorterDuffColorFilter, android.content.res.ColorStateList, android.graphics.PorterDuff$Mode) would have incorrectly overridden the package-private method in android.graphics.drawable.Drawable
12-11 16:54:12.408   609   658 I InputDispatcher: Dropping event because there is no touchable window at (357, 117).
12-11 16:54:12.408   609   959 W InputManager: Input event injection from pid 13158 failed.
12-11 16:54:12.409   609  3042 W InputManager: Input event injection from pid 13158 failed.
12-11 16:54:12.461   609   658 I InputDispatcher: Dropping event because there is no touchable window at (485, 495).
12-11 16:54:12.461   609   832 W InputManager: Input event injection from pid 13158 failed.
12-11 16:54:12.462   609  3417 W InputManager: Input event injection from pid 13158 failed.
12-11 16:54:12.509 13169 13199 D OpenGLRenderer: Use EGL_SWAP_BEHAVIOR_PRESERVED: true
12-11 16:54:12.515   609   658 I InputDispatcher: Dropping event because there is no touchable window at (168, 519).
12-11 16:54:12.515   609   832 W InputManager: Input event injection from pid 13158 failed.
12-11 16:54:12.516   609  3357 W InputManager: Input event injection from pid 13158 failed.
12-11 16:54:12.567   609  3042 I ActivityManager: START u0 {act=android.intent.action.MAIN cat=[android.intent.category.LAUNCHER] flg=0x10200000 cmp=com.example.snoopy/.CameraInputFrames} from uid 2000 on display 0
12-11 16:54:12.583 13169 13199 I Adreno-EGL: <qeglDrvAPI_eglInitialize:379>: QUALCOMM Build: 09/02/15, 76f806e, Ibddc658e36
12-11 16:54:12.585 13169 13199 I OpenGLRenderer: Initialized EGL, version 1.4
12-11 16:54:12.686   609  3417 I ActivityManager: START u0 {act=android.intent.action.MAIN cat=[android.intent.category.LAUNCHER] flg=0x10200000 cmp=com.example.snoopy/.MainActivity} from uid 2000 on display 0
12-11 16:54:12.828   609   627 I ActivityManager: Displayed com.example.snoopy/.MainActivity: +680ms
12-11 16:54:12.871 13169 13169 W InputMethodManager: Ignoring onBind: cur seq=9, given seq=8
12-11 16:54:12.995  1059  1059 W RichInputMethodSubtype: Can't find emoji subtype
12-11 16:54:12.995  1059  1059 W RichInputMethodSubtype: No input method subtype found; returning dummy subtype: Multi-lingual subtype: android.view.inputmethod.InputMethodSubtype@d78b2ed0, zz
12-11 16:54:13.189   742   742 D PhoneStatusBar: disable: < expand ICONS* alerts SYSTEM_INFO* back home recent clock search quick_settings >
12-11 16:54:13.190  1059  1059 W ViewPager: Requested offscreen page limit 0 too small; defaulting to 1
12-11 16:54:13.200  1059  1059 I Keyboard.Facilitator: onStartInput()
12-11 16:54:13.216  1059  1059 I LatinIME: Starting input. Cursor position = -1,-1
12-11 16:54:13.223  1160  1160 W IInputConnectionWrapper: getTextBeforeCursor on inactive InputConnection
12-11 16:54:13.224  1160  1160 W IInputConnectionWrapper: getSelectedText on inactive InputConnection
12-11 16:54:13.229  1160  1160 W IInputConnectionWrapper: requestCursorAnchorInfo on inactive InputConnection
12-11 16:54:13.230  1160  1160 W IInputConnectionWrapper: getTextBeforeCursor on inactive InputConnection
12-11 16:54:13.231  1059  1059 E RichInputConnection: Unable to connect to the editor to retrieve text.
12-11 16:54:13.231  1059  1059 D RichInputConnection: Will try to retrieve text later.
12-11 16:54:13.231  1059  1059 I InputAttributes: InputType.TYPE_NULL is specified
12-11 16:54:13.247  1059  1059 I Keyboard.Facilitator: resetDictionaries() : no-op
12-11 16:54:13.247  1059  1059 I StatsUtilsManager: onLoadSettings()
12-11 16:54:13.248  1160  1160 W IInputConnectionWrapper: getTextBeforeCursor on inactive InputConnection
12-11 16:54:13.249  1059  1059 E RichInputConnection: Unable to connect to the editor to retrieve text.
12-11 16:54:13.249  1059  1059 W RichInputConnection: Unable to connect to the editor. Setting caps mode without knowing text.
12-11 16:54:13.280   742   742 D PhoneStatusBar: disable: < expand icons* alerts system_info* back home recent clock search quick_settings >
12-11 16:54:13.308   742  1359 E Surface : getSlotFromBufferLocked: unknown buffer: 0xa8ffcda0
12-11 16:54:13.350  1059 13218 D OpenGLRenderer: Use EGL_SWAP_BEHAVIOR_PRESERVED: true
12-11 16:54:13.353 13169 13187 I art     : Starting a blocking GC Explicit
12-11 16:54:13.382 13169 13187 I art     : Explicit concurrent mark sweep GC freed 17367(1257KB) AllocSpace objects, 6(120KB) LOS objects, 40% free, 7MB/13MB, paused 396us total 26.214ms
12-11 16:54:13.408 13169 13187 I art     : Starting a blocking GC Explicit
12-11 16:54:13.425 13169 13187 I art     : Explicit concurrent mark sweep GC freed 329(17KB) AllocSpace objects, 0(0B) LOS objects, 40% free, 7MB/12MB, paused 335us total 16.784ms
12-11 16:54:13.429 13169 13169 W IInputConnectionWrapper: finishComposingText on inactive InputConnection
12-11 16:54:13.430  1059  1059 I Keyboard.Facilitator: onFinishInput()
12-11 16:54:13.430  1059  1059 I Keyboard.Facilitator: onStartInput()
12-11 16:54:13.439  1059  1059 I LatinIME: Starting input. Cursor position = 0,0
12-11 16:54:13.441 13169 13169 W IInputConnectionWrapper: getTextBeforeCursor on inactive InputConnection
12-11 16:54:13.441 13169 13169 W IInputConnectionWrapper: getSelectedText on inactive InputConnection
12-11 16:54:13.441 13169 13169 W IInputConnectionWrapper: requestCursorAnchorInfo on inactive InputConnection
12-11 16:54:13.442 13169 13169 W IInputConnectionWrapper: getTextBeforeCursor on inactive InputConnection
12-11 16:54:13.442  1059  1059 E RichInputConnection: Unable to connect to the editor to retrieve text.
12-11 16:54:13.442  1059  1059 D RichInputConnection: Will try to retrieve text later.
12-11 16:54:13.444 13169 13187 I art     : Starting a blocking GC Explicit
12-11 16:54:13.444  1059  1059 I Keyboard.Facilitator: resetDictionaries() : no-op
12-11 16:54:13.444  1059  1059 I StatsUtilsManager: onLoadSettings()
12-11 16:54:13.445 13169 13169 W IInputConnectionWrapper: getTextBeforeCursor on inactive InputConnection
12-11 16:54:13.445  1059  1059 E RichInputConnection: Unable to connect to the editor to retrieve text.
12-11 16:54:13.445  1059  1059 W RichInputConnection: Unable to connect to the editor. Setting caps mode without knowing text.
12-11 16:54:13.463 13169 13187 I art     : Explicit concurrent mark sweep GC freed 13(336B) AllocSpace objects, 0(0B) LOS objects, 40% free, 7MB/12MB, paused 427us total 18.615ms
12-11 16:54:13.481 13169 13187 I art     : Starting a blocking GC Explicit
12-11 16:54:13.493  1059  1059 I Keyboard.Facilitator: onFinishInput()
12-11 16:54:13.493  1059  1059 I Keyboard.Facilitator: onStartInput()
12-11 16:54:13.495 13169 13187 I art     : Explicit concurrent mark sweep GC freed 7(256B) AllocSpace objects, 0(0B) LOS objects, 40% free, 7MB/12MB, paused 335us total 13.336ms
12-11 16:54:13.501  1059  1059 I LatinIME: Starting input. Cursor position = 0,0
12-11 16:54:13.511 13169 13187 I art     : Starting a blocking GC Explicit
12-11 16:54:13.525  1059  1059 I Keyboard.Facilitator: resetDictionaries() : no-op
12-11 16:54:13.526  1059  1059 I StatsUtilsManager: onLoadSettings()
12-11 16:54:13.526   742   742 D PhoneStatusBar: disable: < expand ICONS* alerts SYSTEM_INFO* back home recent clock search quick_settings >
12-11 16:54:13.530 13169 13187 I art     : Explicit concurrent mark sweep GC freed 33(1088B) AllocSpace objects, 0(0B) LOS objects, 40% free, 7MB/13MB, paused 305us total 17.730ms
12-11 16:54:13.568   742   742 W PathParser: Points are too far apart 4.030360828967057
12-11 16:54:13.568   742   742 W PathParser: Points are too far apart 4.030360538880159
12-11 16:54:13.571   742   742 W PathParser: Points are too far apart 4.030360828967057
12-11 16:54:13.571   742   742 W PathParser: Points are too far apart 4.030360538880159
12-11 16:54:13.585  1059 13218 I Adreno-EGL: <qeglDrvAPI_eglInitialize:379>: QUALCOMM Build: 09/02/15, 76f806e, Ibddc658e36
12-11 16:54:13.586  1059 13218 E linker  : readlink('/proc/self/fd/36') failed: Permission denied [fd=36]
12-11 16:54:13.587  1059 13218 E linker  : warning: unable to get realpath for the library "/vendor/lib/egl/eglsubAndroid.so". Will use given name.
12-11 16:54:13.615  1059 13218 I OpenGLRenderer: Initialized EGL, version 1.4
12-11 16:54:13.635   742   742 D PhoneStatusBar: disable: < expand icons* alerts system_info* back home recent clock search quick_settings >
12-11 16:54:13.712   742  1359 E Surface : getSlotFromBufferLocked: unknown buffer: 0xa8ffccb0
12-11 16:54:13.741   609  3357 I ActivityManager: START u0 {act=android.intent.action.MAIN cat=[android.intent.category.LAUNCHER] flg=0x10200000 cmp=com.example.snoopy/.CameraInputFrames} from uid 2000 on display 0
12-11 16:54:13.963   609  3358 I ActivityManager: START u0 {act=android.intent.action.MAIN cat=[android.intent.category.LAUNCHER] flg=0x10200000 cmp=com.example.snoopy/.CameraInputFrames} from uid 2000 on display 0
12-11 16:54:14.514  1059  1059 I Keyboard.Facilitator: onFinishInput()
12-11 16:54:14.515  1059  1059 I Keyboard.Facilitator: onStartInput()
12-11 16:54:14.525  1059  1059 I LatinIME: Starting input. Cursor position = 0,0
12-11 16:54:14.533  1059  1059 I Keyboard.Facilitator: resetDictionaries() : no-op
12-11 16:54:14.533  1059  1059 I StatsUtilsManager: onLoadSettings()
12-11 16:54:14.566   742   742 D PhoneStatusBar: disable: < expand ICONS* alerts SYSTEM_INFO* back home recent clock search quick_settings >
12-11 16:54:14.657   742   742 D PhoneStatusBar: disable: < expand icons* alerts system_info* back home recent clock search quick_settings >
12-11 16:54:14.665   742   742 D PhoneStatusBar: disable: < expand ICONS* alerts SYSTEM_INFO* back home recent clock search quick_settings >
12-11 16:54:14.776   742   742 D PhoneStatusBar: disable: < expand icons* alerts system_info* back home recent clock search quick_settings >
12-11 16:54:14.793   609  3442 W InputMethodManagerService: Window already focused, ignoring focus gain of: com.android.internal.view.IInputMethodClient$Stub$Proxy@8283768 attribute=null, token = android.os.BinderProxy@7e45038
12-11 16:54:14.803   742  1359 E Surface : getSlotFromBufferLocked: unknown buffer: 0xa8ffd9d0
12-11 16:54:15.234   196   602 D audio_hw_primary: out_set_parameters: enter: usecase(1: low-latency-playback) kvpairs: routing=2
12-11 16:54:15.247   196   601 D audio_hw_primary: select_devices: out_snd_device(3: speaker-reverse) in_snd_device(0: none)
12-11 16:54:15.255   196   601 D ACDB-LOADER: ACDB -> send_afe_cal
12-11 16:54:15.255   196   601 D audio_hw_primary: enable_snd_device: snd_device(3: speaker-reverse)
12-11 16:54:15.263   196   601 D audio_hw_primary: enable_audio_route: apply and update mixer path: low-latency-playback
12-11 16:54:15.347 13169 13187 I art     : Starting a blocking GC Explicit
12-11 16:54:15.360 13169 13169 W InputEventReceiver: Attempted to finish an input event but the input event receiver has already been disposed.
12-11 16:54:15.360 13169 13169 W ViewRootImpl: Dropping event due to root view being removed: MotionEvent { action=ACTION_MOVE, actionButton=0, id[0]=0, x[0]=-246.73076, y[0]=-1.0153809, toolType[0]=TOOL_TYPE_UNKNOWN, buttonState=0, metaState=0, flags=0x0, edgeFlags=0x0, pointerCount=1, historySize=4, eventTime=5874746, downTime=5874741, deviceId=0, source=0x1002 }
12-11 16:54:15.360 13169 13169 W InputEventReceiver: Attempted to finish an input event but the input event receiver has already been disposed.
12-11 16:54:15.360 13169 13169 W ViewRootImpl: Dropping event due to root view being removed: MotionEvent { action=ACTION_UP, actionButton=0, id[0]=0, x[0]=-248.01758, y[0]=-15.722473, toolType[0]=TOOL_TYPE_UNKNOWN, buttonState=0, metaState=0, flags=0x0, edgeFlags=0x0, pointerCount=1, historySize=0, eventTime=5874747, downTime=5874741, deviceId=0, source=0x1002 }
12-11 16:54:15.360 13169 13169 W InputEventReceiver: Attempted to finish an input event but the input event receiver has already been disposed.
12-11 16:54:15.376   609   775 W InputMethodManagerService: Window already focused, ignoring focus gain of: com.android.internal.view.IInputMethodClient$Stub$Proxy@1f53003 attribute=null, token = android.os.BinderProxy@7e45038
12-11 16:54:15.378 13169 13187 I art     : Explicit concurrent mark sweep GC freed 3022(183KB) AllocSpace objects, 1(20KB) LOS objects, 40% free, 7MB/13MB, paused 396us total 31.127ms
12-11 16:54:15.408 13169 13187 I art     : Starting a blocking GC Explicit
12-11 16:54:15.429 13169 13187 I art     : Explicit concurrent mark sweep GC freed 313(13KB) AllocSpace objects, 0(0B) LOS objects, 40% free, 7MB/13MB, paused 366us total 20.477ms
12-11 16:54:15.453 11041 11171 I Auth    : [ReflectiveChannelBinder] Successfully bound channel!
12-11 16:54:15.454 11041 11171 E BaseAppContext: Tried to stop global GMSCore RequestQueue. This is likely unintended, so ignoring.
12-11 16:54:15.458 11041 11259 I AuthChimeraService: Executing request: ProxyRequest[ url: https://www.googleapis.com/identitytoolkit/v3/relyingparty/signupNewUser?alt=proto&key=AIzaSyAlPR096sOohVB9d0xuRCe1M34wBO-crBA, method: 1 ]
12-11 16:54:15.459 13169 13187 I art     : Starting a blocking GC Explicit
12-11 16:54:15.477 13169 13187 I art     : Explicit concurrent mark sweep GC freed 25(1040B) AllocSpace objects, 0(0B) LOS objects, 40% free, 7MB/13MB, paused 335us total 18.646ms
12-11 16:54:15.493   609   620 I ActivityManager: START u0 {act=android.intent.action.MAIN cat=[android.intent.category.LAUNCHER] flg=0x10200000 cmp=com.example.snoopy/.CameraInputFrames} from uid 2000 on display 0
12-11 16:54:15.497 13169 13187 I art     : Starting a blocking GC Explicit
12-11 16:54:15.512 13169 13187 I art     : Explicit concurrent mark sweep GC freed 13(448B) AllocSpace objects, 0(0B) LOS objects, 40% free, 7MB/13MB, paused 549us total 14.923ms
12-11 16:54:15.530 13169 13187 I art     : Starting a blocking GC Explicit
12-11 16:54:15.544 13169 13187 I art     : Explicit concurrent mark sweep GC freed 5(160B) AllocSpace objects, 0(0B) LOS objects, 40% free, 7MB/13MB, paused 335us total 13.793ms
12-11 16:54:15.579   193   580 E NetlinkEvent: NetlinkEvent::FindParam(): Parameter 'UID' not found
12-11 16:54:15.624 11041 13249 W Conscrypt: Could not set socket write timeout:
12-11 16:54:15.624 11041 13249 W Conscrypt:    java.lang.reflect.Method.invoke(Native Method)
12-11 16:54:15.624 11041 13249 W Conscrypt:    com.google.android.gms.org.conscrypt.Platform.setSocketWriteTimeout(:com.google.android.gms@11509436:13)
12-11 16:54:15.661   609  3357 I ActivityManager: START u0 {act=android.intent.action.MAIN cat=[android.intent.category.LAUNCHER] flg=0x10200000 cmp=com.example.snoopy/.MainActivity} from uid 2000 on display 0
12-11 16:54:15.747 11041 13249 W Conscrypt: Could not set socket write timeout:
12-11 16:54:15.748 11041 13249 W Conscrypt:    java.lang.reflect.Method.invoke(Native Method)
12-11 16:54:15.748 11041 13249 W Conscrypt:    com.google.android.gms.org.conscrypt.Platform.setSocketWriteTimeout(:com.google.android.gms@11509436:13)
12-11 16:54:15.908   196   602 D audio_hw_primary: out_set_parameters: enter: usecase(1: low-latency-playback) kvpairs: routing=2
12-11 16:54:15.914 11041 13249 E Volley  : [654] BasicNetwork.performRequest: Unexpected response code 400 for https://www.googleapis.com/identitytoolkit/v3/relyingparty/signupNewUser?alt=proto&key=AIzaSyAlPR096sOohVB9d0xuRCe1M34wBO-crBA
12-11 16:54:15.916 11041 11259 I AuthChimeraService: Error description received from server: INVALID_EMAIL
12-11 16:54:15.930 11041 11355 W FirebaseAuth: [PhoneNumberAuthPostProcessor] postProcess starts
12-11 16:54:15.934 11041 11355 W FirebaseAuth: [PhoneNumberAuthPostProcessor] postProcess ends
12-11 16:54:15.945   196   602 D AudioFlinger: mixer(0xb4240000) throttle end: throttle time(4)
12-11 16:54:15.948   742   742 D PhoneStatusBar: disable: < expand ICONS* alerts SYSTEM_INFO* back home recent clock search quick_settings >
12-11 16:54:16.032   742   742 D PhoneStatusBar: disable: < expand icons* alerts system_info* back home recent clock search quick_settings >
12-11 16:54:16.053   609   619 I ActivityManager: START u0 {act=android.intent.action.MAIN cat=[android.intent.category.LAUNCHER] flg=0x10200000 cmp=com.example.snoopy/.MainActivity} from uid 2000 on display 0
12-11 16:54:16.092   742  1359 E Surface : getSlotFromBufferLocked: unknown buffer: 0xa8ffccb0
12-11 16:54:16.120 11041 11309 I AuthChimeraService: Executing request: ProxyRequest[ url: https://www.googleapis.com/identitytoolkit/v3/relyingparty/signupNewUser?alt=proto&key=AIzaSyAlPR096sOohVB9d0xuRCe1M34wBO-crBA, method: 1 ]
12-11 16:54:16.166   609  3442 W InputMethodManagerService: Window already focused, ignoring focus gain of: com.android.internal.view.IInputMethodClient$Stub$Proxy@b348557 attribute=null, token = android.os.BinderProxy@7e45038
12-11 16:54:16.266 13169 13199 V RenderScript: 0xaec7c000 Launching thread(s), CPUs 4
12-11 16:54:16.302   196   602 D audio_hw_primary: out_set_parameters: enter: usecase(1: low-latency-playback) kvpairs: routing=2
12-11 16:54:16.414   742   742 D PhoneStatusBar: disable: < expand ICONS* alerts SYSTEM_INFO* back home recent clock search quick_settings >
12-11 16:54:16.451 11041 13247 E Volley  : [652] BasicNetwork.performRequest: Unexpected response code 400 for https://www.googleapis.com/identitytoolkit/v3/relyingparty/signupNewUser?alt=proto&key=AIzaSyAlPR096sOohVB9d0xuRCe1M34wBO-crBA
12-11 16:54:16.487 13169 13169 W InputEventReceiver: Attempted to finish an input event but the input event receiver has already been disposed.
12-11 16:54:16.488 13169 13169 W ViewRootImpl: Dropping event due to root view being removed: MotionEvent { action=ACTION_UP, actionButton=0, id[0]=0, x[0]=1132.329, y[0]=-110.97656, toolType[0]=TOOL_TYPE_UNKNOWN, buttonState=0, metaState=0, flags=0x0, edgeFlags=0x0, pointerCount=1, historySize=0, eventTime=5875777, downTime=5875775, deviceId=0, source=0x1002 }
12-11 16:54:16.488 13169 13169 W InputEventReceiver: Attempted to finish an input event but the input event receiver has already been disposed.
12-11 16:54:16.488 13169 13169 W ViewRootImpl: Dropping event due to root view being removed: MotionEvent { action=ACTION_DOWN, actionButton=0, id[0]=0, x[0]=502.0, y[0]=268.0, toolType[0]=TOOL_TYPE_UNKNOWN, buttonState=0, metaState=0, flags=0x0, edgeFlags=0x0, pointerCount=1, historySize=0, eventTime=5875882, downTime=5875882, deviceId=0, source=0x1002 }
12-11 16:54:16.488 13169 13169 W InputEventReceiver: Attempted to finish an input event but the input event receiver has already been disposed.
12-11 16:54:16.488 13169 13169 W ViewRootImpl: Dropping event due to root view being removed: MotionEvent { action=ACTION_UP, actionButton=0, id[0]=0, x[0]=510.34735, y[0]=276.06696, toolType[0]=TOOL_TYPE_UNKNOWN, buttonState=0, metaState=0, flags=0x0, edgeFlags=0x0, pointerCount=1, historySize=0, eventTime=5875883, downTime=5875882, deviceId=0, source=0x1002 }
12-11 16:54:16.488 13169 13169 W InputEventReceiver: Attempted to finish an input event but the input event receiver has already been disposed.
12-11 16:54:16.527 11041 11309 I AuthChimeraService: Error description received from server: INVALID_EMAIL
12-11 16:54:16.545   742   742 D PhoneStatusBar: disable: < expand icons* alerts system_info* back home recent clock search quick_settings >
12-11 16:54:16.550 11041 11209 I AuthChimeraService: Executing request: ProxyRequest[ url: https://www.googleapis.com/identitytoolkit/v3/relyingparty/signupNewUser?alt=proto&key=AIzaSyAlPR096sOohVB9d0xuRCe1M34wBO-crBA, method: 1 ]
12-11 16:54:16.575   742 13201 E libEGL  : error creating cache file /data/user/0/com.android.systemui/code_cache/com.android.opengl.shaders_cache: No such file or directory (2)
12-11 16:54:16.575   609  3417 I ActivityManager: START u0 {act=android.intent.action.MAIN cat=[android.intent.category.LAUNCHER] flg=0x10200000 cmp=com.example.snoopy/.CameraInputFrames} from uid 2000 on display 0
12-11 16:54:16.589 11041 11309 W FirebaseAuth: [PhoneNumberAuthPostProcessor] postProcess starts
12-11 16:54:16.589 11041 11309 W FirebaseAuth: [PhoneNumberAuthPostProcessor] postProcess ends
12-11 16:54:16.642   742  1359 E Surface : getSlotFromBufferLocked: unknown buffer: 0xa8ffccb0
12-11 16:54:16.643  1059  1059 W RichInputConnection: Slow InputConnection: GET_WORD_RANGE_AT_CURSOR took 332 ms.
12-11 16:54:16.644   609  1289 W InputMethodManagerService: Window already focused, ignoring focus gain of: com.android.internal.view.IInputMethodClient$Stub$Proxy@76fc4e5 attribute=null, token = android.os.BinderProxy@7e45038
12-11 16:54:16.794 11041 13248 E Volley  : [653] BasicNetwork.performRequest: Unexpected response code 400 for https://www.googleapis.com/identitytoolkit/v3/relyingparty/signupNewUser?alt=proto&key=AIzaSyAlPR096sOohVB9d0xuRCe1M34wBO-crBA
12-11 16:54:16.795 11041 11209 I AuthChimeraService: Error description received from server: INVALID_EMAIL
12-11 16:54:16.806 11041 11209 W FirebaseAuth: [PhoneNumberAuthPostProcessor] postProcess starts
12-11 16:54:16.806 11041 11209 W FirebaseAuth: [PhoneNumberAuthPostProcessor] postProcess ends
12-11 16:54:16.879   742   742 D PhoneStatusBar: disable: < expand ICONS* alerts SYSTEM_INFO* back home recent clock search quick_settings >
12-11 16:54:17.021   742   742 D PhoneStatusBar: disable: < expand icons* alerts system_info* back home recent clock search quick_settings >
12-11 16:54:17.076   742  1359 E Surface : getSlotFromBufferLocked: unknown buffer: 0x99df4c80
12-11 16:54:17.201 13169 13219 I art     : Starting a blocking GC Explicit
12-11 16:54:17.215   609  3358 I ActivityManager: START u0 {act=android.intent.action.MAIN cat=[android.intent.category.LAUNCHER] flg=0x10200000 cmp=com.example.snoopy/.CameraInputFrames} from uid 2000 on display 0
12-11 16:54:17.226 13169 13219 I art     : Explicit concurrent mark sweep GC freed 2909(187KB) AllocSpace objects, 1(20KB) LOS objects, 39% free, 8MB/13MB, paused 366us total 25.482ms
12-11 16:54:17.242 13169 13219 I art     : Starting a blocking GC Explicit
12-11 16:54:17.255 13169 13219 I art     : Explicit concurrent mark sweep GC freed 125(5KB) AllocSpace objects, 0(0B) LOS objects, 40% free, 8MB/13MB, paused 335us total 12.756ms
12-11 16:54:17.271 13169 13219 I art     : Starting a blocking GC Explicit
12-11 16:54:17.286 13169 13219 I art     : Explicit concurrent mark sweep GC freed 99(4KB) AllocSpace objects, 0(0B) LOS objects, 40% free, 8MB/13MB, paused 335us total 14.801ms
12-11 16:54:17.304 13169 13219 I art     : Starting a blocking GC Explicit
12-11 16:54:17.319 13169 13219 I art     : Explicit concurrent mark sweep GC freed 122(4KB) AllocSpace objects, 0(0B) LOS objects, 39% free, 8MB/13MB, paused 335us total 14.007ms
12-11 16:54:17.336 13169 13219 I art     : Starting a blocking GC Explicit
12-11 16:54:17.353 13169 13219 I art     : Explicit concurrent mark sweep GC freed 29(1024B) AllocSpace objects, 0(0B) LOS objects, 40% free, 8MB/13MB, paused 427us total 16.510ms
12-11 16:54:17.452  1059  1059 I Keyboard.Facilitator: onFinishInput()
12-11 16:54:17.453  1059  1059 I Keyboard.Facilitator: onStartInput()
12-11 16:54:17.458  1059  1059 I LatinIME: Starting input. Cursor position = 3,3
12-11 16:54:17.519  1059  1059 I Keyboard.Facilitator: resetDictionaries() : no-op
12-11 16:54:17.519  1059  1059 I StatsUtilsManager: onLoadSettings()
12-11 16:54:17.537 13169 13199 E Surface : getSlotFromBufferLocked: unknown buffer: 0x9fdb5b10
12-11 16:54:17.943  1059  1059 I Keyboard.Facilitator: onFinishInput()
12-11 16:54:17.943  1059  1059 I Keyboard.Facilitator: onStartInput()
12-11 16:54:17.948  1059  1059 I LatinIME: Starting input. Cursor position = 8,8
12-11 16:54:18.008  1059  1059 I Keyboard.Facilitator: resetDictionaries() : no-op
12-11 16:54:18.008  1059  1059 I StatsUtilsManager: onLoadSettings()
12-11 16:54:18.026 13169 13199 E Surface : getSlotFromBufferLocked: unknown buffer: 0x9fdb5d90
12-11 16:54:18.228   742   742 D PhoneStatusBar: disable: < expand ICONS* alerts SYSTEM_INFO* back home recent clock search quick_settings >
12-11 16:54:18.280   609  7033 I ActivityManager: START u0 {act=android.intent.action.MAIN cat=[android.intent.category.LAUNCHER] flg=0x10200000 cmp=com.example.snoopy/.CameraInputFrames} from uid 2000 on display 0
12-11 16:54:18.316   742   742 D PhoneStatusBar: disable: < expand icons* alerts system_info* back home recent clock search quick_settings >
12-11 16:54:18.362   742  1359 E Surface : getSlotFromBufferLocked: unknown buffer: 0x99df4c80
12-11 16:54:18.534 13169 13199 E Surface : getSlotFromBufferLocked: unknown buffer: 0x9fdb5f20
12-11 16:54:18.744   742   742 D PhoneStatusBar: disable: < expand ICONS* alerts SYSTEM_INFO* back home recent clock search quick_settings >
12-11 16:54:18.810   609   673 D WifiStateMachine: starting scan for "9902008825"WPA_PSK with 2437
12-11 16:54:18.812   609   719 I WifiHAL : event received NL80211_CMD_TRIGGER_SCAN
12-11 16:54:18.812   609   719 I WifiHAL : event ignored!!
12-11 16:54:18.826   742   742 D PhoneStatusBar: disable: < expand icons* alerts system_info* back home recent clock search quick_settings >
12-11 16:54:18.868   609   719 I WifiHAL : event received NL80211_CMD_NEW_SCAN_RESULTS
12-11 16:54:18.868   609   719 I WifiHAL : event ignored!!
12-11 16:54:18.879   742  1359 E Surface : getSlotFromBufferLocked: unknown buffer: 0x99df4c80
12-11 16:54:18.966   609  8020 I ActivityManager: START u0 {act=android.intent.action.MAIN cat=[android.intent.category.LAUNCHER] flg=0x10200000 cmp=com.example.snoopy/.MainActivity} from uid 2000 on display 0
12-11 16:54:19.092 13169 13199 E Surface : getSlotFromBufferLocked: unknown buffer: 0x9fdb5f20
12-11 16:54:19.202   609  7033 I ActivityManager: START u0 {act=android.intent.action.MAIN cat=[android.intent.category.LAUNCHER] flg=0x10200000 cmp=com.example.snoopy/.MainActivity} from uid 2000 on display 0
12-11 16:54:19.226 13169 13219 I art     : Starting a blocking GC Explicit
12-11 16:54:19.248 13169 13219 I art     : Explicit concurrent mark sweep GC freed 3320(151KB) AllocSpace objects, 1(20KB) LOS objects, 39% free, 8MB/13MB, paused 396us total 21.026ms
12-11 16:54:19.265  1059  1059 I Keyboard.Facilitator: onFinishInput()
12-11 16:54:19.265  1059  1059 I Keyboard.Facilitator: onStartInput()
12-11 16:54:19.277  1059  1059 I LatinIME: Starting input. Cursor position = 7,7
12-11 16:54:19.293 13169 13219 I art     : Starting a blocking GC Explicit
12-11 16:54:19.320 13169 13219 I art     : Explicit concurrent mark sweep GC freed 925(45KB) AllocSpace objects, 0(0B) LOS objects, 39% free, 8MB/13MB, paused 701us total 26.214ms
12-11 16:54:19.343 13169 13219 I art     : Starting a blocking GC Explicit
12-11 16:54:19.363   609  8020 I ActivityManager: START u0 {act=android.intent.action.MAIN cat=[android.intent.category.LAUNCHER] flg=0x10200000 cmp=com.example.snoopy/.CameraInputFrames} from uid 2000 on display 0
12-11 16:54:19.364 13169 13219 I art     : Explicit concurrent mark sweep GC freed 57(2032B) AllocSpace objects, 0(0B) LOS objects, 40% free, 8MB/13MB, paused 396us total 19.805ms
12-11 16:54:19.364  1059  1059 I Keyboard.Facilitator: resetDictionaries() : no-op
12-11 16:54:19.365  1059  1059 I StatsUtilsManager: onLoadSettings()
12-11 16:54:19.404 13169 13219 I art     : Starting a blocking GC Explicit
12-11 16:54:19.426   609  3417 I ActivityManager: START u0 {act=android.intent.action.MAIN cat=[android.intent.category.LAUNCHER] flg=0x10200000 cmp=com.example.snoopy/.MainActivity} from uid 2000 on display 0
12-11 16:54:19.432 13169 13219 I art     : Explicit concurrent mark sweep GC freed 21(848B) AllocSpace objects, 0(0B) LOS objects, 40% free, 8MB/13MB, paused 335us total 27.648ms
12-11 16:54:19.454 13169 13219 I art     : Starting a blocking GC Explicit
12-11 16:54:19.468 13169 13219 I art     : Explicit concurrent mark sweep GC freed 8(272B) AllocSpace objects, 0(0B) LOS objects, 39% free, 8MB/13MB, paused 305us total 14.495ms
12-11 16:54:19.485   196   602 D audio_hw_primary: disable_audio_route: reset and update mixer path: low-latency-playback
12-11 16:54:19.485   196   602 D audio_hw_primary: disable_snd_device: snd_device(3: speaker-reverse)
12-11 16:54:19.492 13169 13199 E Surface : getSlotFromBufferLocked: unknown buffer: 0x9fdb5f20
12-11 16:54:19.568  1059 13218 E Surface : getSlotFromBufferLocked: unknown buffer: 0xa9cbebb0
12-11 16:54:19.590   609  3442 I ActivityManager: START u0 {act=android.intent.action.MAIN cat=[android.intent.category.LAUNCHER] flg=0x10200000 cmp=com.example.snoopy/.CameraInputFrames} from uid 2000 on display 0
12-11 16:54:19.651   609   620 I ActivityManager: START u0 {act=android.intent.action.MAIN cat=[android.intent.category.LAUNCHER] flg=0x10200000 cmp=com.example.snoopy/.CameraInputFrames} from uid 2000 on display 0
12-11 16:54:19.935   609  3042 I ActivityManager: START u0 {act=android.intent.action.MAIN cat=[android.intent.category.LAUNCHER] flg=0x10200000 cmp=com.example.snoopy/.CameraInputFrames} from uid 2000 on display 0
12-11 16:54:20.042   609   832 I ActivityManager: START u0 {act=android.intent.action.MAIN cat=[android.intent.category.LAUNCHER] flg=0x10200000 cmp=com.example.snoopy/.CameraInputFrames} from uid 2000 on display 0
12-11 16:54:20.449   196   602 D audio_hw_primary: out_set_parameters: enter: usecase(1: low-latency-playback) kvpairs: routing=2
12-11 16:54:20.463   196   601 D audio_hw_primary: select_devices: out_snd_device(3: speaker-reverse) in_snd_device(0: none)
12-11 16:54:20.463   196   601 D ACDB-LOADER: ACDB -> send_afe_cal
12-11 16:54:20.463   196   601 D audio_hw_primary: enable_snd_device: snd_device(3: speaker-reverse)
12-11 16:54:20.465   196   601 D audio_hw_primary: enable_audio_route: apply and update mixer path: low-latency-playback
12-11 16:54:20.472 11041 11309 I AuthChimeraService: Executing request: ProxyRequest[ url: https://www.googleapis.com/identitytoolkit/v3/relyingparty/signupNewUser?alt=proto&key=AIzaSyAlPR096sOohVB9d0xuRCe1M34wBO-crBA, method: 1 ]
12-11 16:54:20.525 13169 13169 W InputEventReceiver: Attempted to finish an input event but the input event receiver has already been disposed.
12-11 16:54:20.525 13169 13169 W ViewRootImpl: Dropping event due to root view being removed: MotionEvent { action=ACTION_UP, actionButton=0, id[0]=0, x[0]=649.198, y[0]=-217.37495, toolType[0]=TOOL_TYPE_UNKNOWN, buttonState=0, metaState=0, flags=0x0, edgeFlags=0x0, pointerCount=1, historySize=0, eventTime=5879911, downTime=5879909, deviceId=0, source=0x1002 }
12-11 16:54:20.525 13169 13169 W InputEventReceiver: Attempted to finish an input event but the input event receiver has already been disposed.
12-11 16:54:20.528   609   832 W InputMethodManagerService: Window already focused, ignoring focus gain of: com.android.internal.view.IInputMethodClient$Stub$Proxy@c52aa4b attribute=null, token = android.os.BinderProxy@7e45038
12-11 16:54:20.564 13169 13198 I FA      : Tag Manager is not found and thus will not be used
12-11 16:54:20.590   609 11734 D NetlinkSocketObserver: NeighborEvent{elapsedMs=5879999, 192.168.1.1, [74DA38839138], RTM_NEWNEIGH, NUD_REACHABLE}
12-11 16:54:20.599   609   959 I ActivityManager: START u0 {act=android.intent.action.MAIN cat=[android.intent.category.LAUNCHER] flg=0x10200000 cmp=com.example.snoopy/.CameraInputFrames} from uid 2000 on display 0
12-11 16:54:20.723 11041 13246 E Volley  : [651] BasicNetwork.performRequest: Unexpected response code 400 for https://www.googleapis.com/identitytoolkit/v3/relyingparty/signupNewUser?alt=proto&key=AIzaSyAlPR096sOohVB9d0xuRCe1M34wBO-crBA
12-11 16:54:20.724 11041 11309 I AuthChimeraService: Error description received from server: INVALID_EMAIL
12-11 16:54:20.730 11041 11309 W FirebaseAuth: [PhoneNumberAuthPostProcessor] postProcess starts
12-11 16:54:20.730 11041 11309 W FirebaseAuth: [PhoneNumberAuthPostProcessor] postProcess ends
12-11 16:54:20.794   196   602 D audio_hw_primary: out_set_parameters: enter: usecase(1: low-latency-playback) kvpairs: routing=2
12-11 16:54:20.812 11041 11309 I AuthChimeraService: Executing request: ProxyRequest[ url: https://www.googleapis.com/identitytoolkit/v3/relyingparty/signupNewUser?alt=proto&key=AIzaSyAlPR096sOohVB9d0xuRCe1M34wBO-crBA, method: 1 ]
12-11 16:54:20.818   609   620 I ActivityManager: START u0 {act=android.intent.action.MAIN cat=[android.intent.category.LAUNCHER] flg=0x10200000 cmp=com.example.snoopy/.CameraInputFrames} from uid 2000 on display 0
12-11 16:54:20.831   196   602 D AudioFlinger: mixer(0xb4240000) throttle end: throttle time(4)
12-11 16:54:20.907 13169 13169 W InputEventReceiver: Attempted to finish an input event but the input event receiver has already been disposed.
12-11 16:54:20.907 13169 13169 W ViewRootImpl: Dropping event due to root view being removed: MotionEvent { action=ACTION_MOVE, actionButton=0, id[0]=0, x[0]=943.43677, y[0]=445.87512, toolType[0]=TOOL_TYPE_UNKNOWN, buttonState=0, metaState=0, flags=0x0, edgeFlags=0x0, pointerCount=1, historySize=3, eventTime=5880298, downTime=5880295, deviceId=0, source=0x1002 }
12-11 16:54:20.907 13169 13169 W InputEventReceiver: Attempted to finish an input event but the input event receiver has already been disposed.
12-11 16:54:20.907 13169 13169 W ViewRootImpl: Dropping event due to root view being removed: MotionEvent { action=ACTION_UP, actionButton=0, id[0]=0, x[0]=943.0906, y[0]=447.1117, toolType[0]=TOOL_TYPE_UNKNOWN, buttonState=0, metaState=0, flags=0x0, edgeFlags=0x0, pointerCount=1, historySize=0, eventTime=5880299, downTime=5880295, deviceId=0, source=0x1002 }
12-11 16:54:20.907 13169 13169 W InputEventReceiver: Attempted to finish an input event but the input event receiver has already been disposed.
12-11 16:54:20.912   609  3357 W InputMethodManagerService: Window already focused, ignoring focus gain of: com.android.internal.view.IInputMethodClient$Stub$Proxy@c519196 attribute=null, token = android.os.BinderProxy@7e45038
12-11 16:54:20.984   609  3358 I ActivityManager: START u0 {act=android.intent.action.MAIN cat=[android.intent.category.LAUNCHER] flg=0x10200000 cmp=com.example.snoopy/.CameraInputFrames} from uid 2000 on display 0
12-11 16:54:21.052 11041 13249 E Volley  : [654] BasicNetwork.performRequest: Unexpected response code 400 for https://www.googleapis.com/identitytoolkit/v3/relyingparty/signupNewUser?alt=proto&key=AIzaSyAlPR096sOohVB9d0xuRCe1M34wBO-crBA
12-11 16:54:21.052 11041 11309 I AuthChimeraService: Error description received from server: INVALID_EMAIL
12-11 16:54:21.054 11041 11309 W FirebaseAuth: [PhoneNumberAuthPostProcessor] postProcess starts
12-11 16:54:21.055 11041 11309 W FirebaseAuth: [PhoneNumberAuthPostProcessor] postProcess ends
12-11 16:54:21.220  1059  1059 I Keyboard.Facilitator: onFinishInput()
12-11 16:54:21.220  1059  1059 I Keyboard.Facilitator: onStartInput()
12-11 16:54:21.229  1059  1059 I LatinIME: Starting input. Cursor position = 21,21
12-11 16:54:21.258 11041 11171 I Icing   : IndexChimeraService.getServiceInterface callingPackage=com.google.android.music componentName=null serviceId=36
12-11 16:54:21.291 11041 11309 I Icing   : updateResources: need to parse tus{com.google.android.music}
12-11 16:54:21.296  1059  1059 I Keyboard.Facilitator: resetDictionaries() : no-op
12-11 16:54:21.296  1059  1059 I StatsUtilsManager: onLoadSettings()
12-11 16:54:21.496 13169 13187 I art     : Starting a blocking GC Explicit
12-11 16:54:21.520 13169 13187 I art     : Explicit concurrent mark sweep GC freed 4721(383KB) AllocSpace objects, 8(160KB) LOS objects, 40% free, 8MB/13MB, paused 305us total 23.895ms
12-11 16:54:21.546 13169 13187 I art     : Starting a blocking GC Explicit
12-11 16:54:21.567 13169 13187 I art     : Explicit concurrent mark sweep GC freed 309(14KB) AllocSpace objects, 0(0B) LOS objects, 39% free, 8MB/13MB, paused 274us total 19.927ms
12-11 16:54:21.587 13169 13187 I art     : Starting a blocking GC Explicit
12-11 16:54:21.598   609  1289 I ActivityManager: START u0 {act=android.intent.action.MAIN cat=[android.intent.category.LAUNCHER] flg=0x10200000 cmp=com.example.snoopy/.CameraInputFrames} from uid 2000 on display 0
12-11 16:54:21.608 13169 13187 I art     : Explicit concurrent mark sweep GC freed 719(40KB) AllocSpace objects, 0(0B) LOS objects, 39% free, 8MB/13MB, paused 305us total 20.629ms
12-11 16:54:21.626 13169 13187 I art     : Starting a blocking GC Explicit
12-11 16:54:21.639 13169 13187 I art     : Explicit concurrent mark sweep GC freed 18(864B) AllocSpace objects, 0(0B) LOS objects, 39% free, 8MB/13MB, paused 274us total 13.427ms
12-11 16:54:21.659 13169 13187 I art     : Starting a blocking GC Explicit
12-11 16:54:21.684 13169 13187 I art     : Explicit concurrent mark sweep GC freed 80(3KB) AllocSpace objects, 0(0B) LOS objects, 39% free, 8MB/13MB, paused 579us total 24.230ms
12-11 16:54:21.708   609  7033 I ActivityManager: START u0 {act=android.intent.action.MAIN cat=[android.intent.category.LAUNCHER] flg=0x10200000 cmp=com.example.snoopy/.CameraInputFrames} from uid 2000 on display 0
12-11 16:54:21.819   609   775 I ActivityManager: START u0 {act=android.intent.action.MAIN cat=[android.intent.category.LAUNCHER] flg=0x10200000 cmp=com.example.snoopy/.MainActivity} from uid 2000 on display 0
12-11 16:54:21.866 11041 11309 I Icing   : Usage reports 0 indexed 0 rejected 0 imm upload false
12-11 16:54:21.868 11041 11309 I Icing   : Indexing 294AAA4B31FE9BEED9CF93BFB69D9E087A7C7C26 from com.google.android.music
12-11 16:54:21.884 11041 11171 I Icing   : IndexChimeraService.getServiceInterface callingPackage=com.google.android.music componentName=null serviceId=36
12-11 16:54:21.941 11041 11171 I Icing   : IndexChimeraService.getServiceInterface callingPackage=com.google.android.music componentName=null serviceId=36
12-11 16:54:21.969 11041 11309 I Icing   : Indexing done 294AAA4B31FE9BEED9CF93BFB69D9E087A7C7C26
12-11 16:54:21.971 11041 11309 I Icing   : Indexing 730F21B0108CFA93BF8BB3E2F7BC9EAF591DE9EF from com.google.android.music
12-11 16:54:21.972 11041 11171 I Icing   : IndexChimeraService.getServiceInterface callingPackage=com.google.android.music componentName=null serviceId=36
12-11 16:54:22.027 11041 11171 I Icing   : IndexChimeraService.getServiceInterface callingPackage=com.google.android.music componentName=null serviceId=36
12-11 16:54:22.041 11041 11309 I Icing   : Indexing done 730F21B0108CFA93BF8BB3E2F7BC9EAF591DE9EF
12-11 16:54:22.041 11041 11309 I Icing   : Indexing 871D996C68C35701A0E37393ABC1442440427479 from com.google.android.music
12-11 16:54:22.109 11041 11171 I Icing   : IndexChimeraService.getServiceInterface callingPackage=com.google.android.music componentName=null serviceId=36
12-11 16:54:22.115 11041 11309 I Icing   : Indexing done 871D996C68C35701A0E37393ABC1442440427479
12-11 16:54:22.126 11041 11309 I Icing   : Indexing A619266005AD72872D44A8732D49F1B17698C5F3 from com.google.android.music
12-11 16:54:22.228 11041 11171 I Icing   : IndexChimeraService.getServiceInterface callingPackage=com.google.android.music componentName=null serviceId=36
12-11 16:54:22.296 11041 11309 I Icing   : Indexing done A619266005AD72872D44A8732D49F1B17698C5F3
12-11 16:54:22.299 11041 11309 I Icing   : Indexing 9468FBE43313AC369966400125B68D3DD8283044 from com.google.android.music
12-11 16:54:22.368 11041 11309 I Icing   : Indexing done 9468FBE43313AC369966400125B68D3DD8283044
12-11 16:54:22.371 11041 11309 I Icing   : Indexing E9517E181A25CF874B3746BD7F844D435BB41990 from com.google.android.music
12-11 16:54:22.437 11041 11309 I Icing   : Indexing done E9517E181A25CF874B3746BD7F844D435BB41990
12-11 16:54:22.439 11041 11309 I Icing   : Indexing 9B937732518334CA1EAF45A33C815687EBF54B27 from com.google.android.music
12-11 16:54:22.495 11041 11309 I Icing   : Indexing done 9B937732518334CA1EAF45A33C815687EBF54B27
12-11 16:54:22.503 11041 11309 I Icing   : Usage reports 0 indexed 0 rejected 0 imm upload false
12-11 16:54:22.515 11041 11309 I Icing   : Usage reports 0 indexed 0 rejected 0 imm upload false
12-11 16:54:22.520 11041 11309 I Icing   : Usage reports 0 indexed 0 rejected 0 imm upload false
12-11 16:54:22.528 11041 11309 I Icing   : Usage reports 0 indexed 0 rejected 0 imm upload false
12-11 16:54:22.534 11041 11309 I Icing   : Usage reports 0 indexed 0 rejected 0 imm upload false
12-11 16:54:22.540 11041 11309 I Icing   : Usage reports 0 indexed 0 rejected 0 imm upload false
12-11 16:54:22.571   609  3042 I ActivityManager: START u0 {act=android.intent.action.MAIN cat=[android.intent.category.LAUNCHER] flg=0x10200000 cmp=com.example.snoopy/.CameraInputFrames} from uid 2000 on display 0
12-11 16:54:22.917  1059  1059 I Keyboard.Facilitator: onFinishInput()
12-11 16:54:22.918  1059  1059 I Keyboard.Facilitator: onStartInput()
12-11 16:54:22.924  1059  1059 I LatinIME: Starting input. Cursor position = 1,1
12-11 16:54:22.988  1059  1059 I Keyboard.Facilitator: resetDictionaries() : no-op
12-11 16:54:22.989  1059  1059 I StatsUtilsManager: onLoadSettings()
12-11 16:54:23.045   196   602 D audio_hw_primary: out_set_parameters: enter: usecase(1: low-latency-playback) kvpairs: routing=2
12-11 16:54:23.091 11041 11309 I AuthChimeraService: Executing request: ProxyRequest[ url: https://www.googleapis.com/identitytoolkit/v3/relyingparty/signupNewUser?alt=proto&key=AIzaSyAlPR096sOohVB9d0xuRCe1M34wBO-crBA, method: 1 ]
12-11 16:54:23.121 13169 13169 W InputEventReceiver: Attempted to finish an input event but the input event receiver has already been disposed.
12-11 16:54:23.121 13169 13169 W ViewRootImpl: Dropping event due to root view being removed: MotionEvent { action=ACTION_UP, actionButton=0, id[0]=0, x[0]=-113.90335, y[0]=347.69183, toolType[0]=TOOL_TYPE_UNKNOWN, buttonState=0, metaState=0, flags=0x0, edgeFlags=0x0, pointerCount=1, historySize=0, eventTime=5882500, downTime=5882498, deviceId=0, source=0x1002 }
12-11 16:54:23.121 13169 13169 W InputEventReceiver: Attempted to finish an input event but the input event receiver has already been disposed.
12-11 16:54:23.126   609  3417 W InputMethodManagerService: Window already focused, ignoring focus gain of: com.android.internal.view.IInputMethodClient$Stub$Proxy@a4d1385 attribute=null, token = android.os.BinderProxy@7e45038
12-11 16:54:23.349 11041 13247 E Volley  : [652] BasicNetwork.performRequest: Unexpected response code 400 for https://www.googleapis.com/identitytoolkit/v3/relyingparty/signupNewUser?alt=proto&key=AIzaSyAlPR096sOohVB9d0xuRCe1M34wBO-crBA
12-11 16:54:23.350 11041 11309 I AuthChimeraService: Error description received from server: INVALID_EMAIL
12-11 16:54:23.355 11041 11309 W FirebaseAuth: [PhoneNumberAuthPostProcessor] postProcess starts
12-11 16:54:23.355 11041 11309 W FirebaseAuth: [PhoneNumberAuthPostProcessor] postProcess ends
12-11 16:54:23.425   609  3042 I ActivityManager: START u0 {act=android.intent.action.MAIN cat=[android.intent.category.LAUNCHER] flg=0x10200000 cmp=com.example.snoopy/.CameraInputFrames} from uid 2000 on display 0
12-11 16:54:23.426 13169 13187 I art     : Starting a blocking GC Explicit
12-11 16:54:23.443 13169 13187 I art     : Explicit concurrent mark sweep GC freed 3087(156KB) AllocSpace objects, 1(20KB) LOS objects, 40% free, 8MB/13MB, paused 274us total 17.272ms
12-11 16:54:23.462 13169 13187 I art     : Starting a blocking GC Explicit
12-11 16:54:23.480 13169 13187 I art     : Explicit concurrent mark sweep GC freed 607(27KB) AllocSpace objects, 0(0B) LOS objects, 39% free, 8MB/13MB, paused 305us total 18.341ms
12-11 16:54:23.505 13169 13187 I art     : Starting a blocking GC Explicit
12-11 16:54:23.521 13169 13187 I art     : Explicit concurrent mark sweep GC freed 161(4KB) AllocSpace objects, 0(0B) LOS objects, 39% free, 8MB/13MB, paused 305us total 15.930ms
12-11 16:54:23.539 13169 13187 I art     : Starting a blocking GC Explicit
12-11 16:54:23.556 13169 13187 I art     : Explicit concurrent mark sweep GC freed 7(256B) AllocSpace objects, 0(0B) LOS objects, 40% free, 8MB/13MB, paused 305us total 16.113ms
12-11 16:54:23.574 13169 13187 I art     : Starting a blocking GC Explicit
12-11 16:54:23.589 13169 13187 I art     : Explicit concurrent mark sweep GC freed 5(160B) AllocSpace objects, 0(0B) LOS objects, 40% free, 8MB/13MB, paused 274us total 14.007ms
12-11 16:54:23.728   742   742 D PhoneStatusBar: disable: < expand ICONS* alerts SYSTEM_INFO* back home recent clock search quick_settings >
12-11 16:54:23.872   609  3042 W InputMethodManagerService: Window already focused, ignoring focus gain of: com.android.internal.view.IInputMethodClient$Stub$Proxy@d2aa5a6 attribute=null, token = android.os.BinderProxy@7e45038
12-11 16:54:23.875   742   742 D PhoneStatusBar: disable: < expand icons* alerts system_info* back home recent clock search quick_settings >
12-11 16:54:23.914   609  3442 I ActivityManager: START u0 {act=android.intent.action.MAIN cat=[android.intent.category.LAUNCHER] flg=0x10200000 cmp=com.example.snoopy/.CameraInputFrames} from uid 2000 on display 0
12-11 16:54:23.940   742  1359 E Surface : getSlotFromBufferLocked: unknown buffer: 0x99df4f50
12-11 16:54:24.358   609  1289 I ActivityManager: START u0 {act=android.intent.action.MAIN cat=[android.intent.category.LAUNCHER] flg=0x10200000 cmp=com.example.snoopy/.CameraInputFrames} from uid 2000 on display 0
