12-11 16:55:22.799   609   775 I ActivityManager: START u0 {act=android.intent.action.MAIN cat=[android.intent.category.LAUNCHER] flg=0x10200000 cmp=com.example.snoopy/.CameraInputFrames} from uid 2000 on display 0
12-11 16:55:22.960   609 11734 D NetlinkSocketObserver: NeighborEvent{elapsedMs=5942369, 192.168.1.1, [74DA38839138], RTM_NEWNEIGH, NUD_REACHABLE}
12-11 16:55:23.081   609  3357 I ActivityManager: START u0 {act=android.intent.action.MAIN cat=[android.intent.category.LAUNCHER] flg=0x10200000 cmp=com.example.snoopy/.MainActivity} from uid 2000 on display 0
12-11 16:55:23.427 13169 13199 E Surface : getSlotFromBufferLocked: unknown buffer: 0x9fefb9d0
12-11 16:55:23.689   196   602 D audio_hw_primary: disable_audio_route: reset and update mixer path: low-latency-playback
12-11 16:55:23.690   196   602 D audio_hw_primary: disable_snd_device: snd_device(3: speaker-reverse)
12-11 16:55:23.748   609  1289 I ActivityManager: START u0 {act=android.intent.action.MAIN cat=[android.intent.category.LAUNCHER] flg=0x10200000 cmp=com.example.snoopy/.MainActivity} from uid 2000 on display 0
12-11 16:55:23.995 13169 13219 I art     : Starting a blocking GC Explicit
12-11 16:55:24.016 13169 13219 I art     : Explicit concurrent mark sweep GC freed 3205(135KB) AllocSpace objects, 1(20KB) LOS objects, 40% free, 8MB/13MB, paused 396us total 21.026ms
12-11 16:55:24.037  1059  1059 I Keyboard.Facilitator: onFinishInput()
12-11 16:55:24.037  1059  1059 I Keyboard.Facilitator: onStartInput()
12-11 16:55:24.038 13169 13219 I art     : Starting a blocking GC Explicit
12-11 16:55:24.043  1059  1059 I LatinIME: Starting input. Cursor position = 4,4
12-11 16:55:24.058 13169 13219 I art     : Explicit concurrent mark sweep GC freed 430(21KB) AllocSpace objects, 0(0B) LOS objects, 39% free, 8MB/13MB, paused 427us total 19.348ms
12-11 16:55:24.078 13169 13219 I art     : Starting a blocking GC Explicit
12-11 16:55:24.094 13169 13219 I art     : Explicit concurrent mark sweep GC freed 23(784B) AllocSpace objects, 0(0B) LOS objects, 40% free, 8MB/13MB, paused 335us total 15.228ms
12-11 16:55:24.105  1059  1059 I Keyboard.Facilitator: resetDictionaries() : no-op
12-11 16:55:24.105  1059  1059 I StatsUtilsManager: onLoadSettings()
12-11 16:55:24.110 13169 13219 I art     : Starting a blocking GC Explicit
12-11 16:55:24.124 13169 13219 I art     : Explicit concurrent mark sweep GC freed 47(1936B) AllocSpace objects, 0(0B) LOS objects, 39% free, 8MB/13MB, paused 366us total 13.702ms
12-11 16:55:24.140 13169 13219 I art     : Starting a blocking GC Explicit
12-11 16:55:24.155 13169 13219 I art     : Explicit concurrent mark sweep GC freed 9(320B) AllocSpace objects, 0(0B) LOS objects, 40% free, 8MB/13MB, paused 274us total 14.892ms
12-11 16:55:24.214 13169 13199 E Surface : getSlotFromBufferLocked: unknown buffer: 0x9fef9540
12-11 16:55:24.271  1059  1059 I Keyboard.Facilitator: onFinishInput()
12-11 16:55:24.274  1059  1059 I Keyboard.Facilitator: onStartInput()
12-11 16:55:24.279  1059  1059 I LatinIME: Starting input. Cursor position = 60,60
12-11 16:55:24.301  1059  1059 I Keyboard.Facilitator: resetDictionaries() : no-op
12-11 16:55:24.301  1059  1059 I StatsUtilsManager: onLoadSettings()
12-11 16:55:24.369   742   742 D PhoneStatusBar: disable: < expand ICONS* alerts SYSTEM_INFO* back home recent clock search quick_settings >
12-11 16:55:24.452   742   742 D PhoneStatusBar: disable: < expand icons* alerts system_info* back home recent clock search quick_settings >
12-11 16:55:24.510   742  1359 E Surface : getSlotFromBufferLocked: unknown buffer: 0x99df5860
12-11 16:55:24.649   609  3357 I ActivityManager: START u0 {act=android.intent.action.MAIN cat=[android.intent.category.LAUNCHER] flg=0x10200000 cmp=com.example.snoopy/.MainActivity} from uid 2000 on display 0
12-11 16:55:24.818   609  7033 I ActivityManager: START u0 {act=android.intent.action.MAIN cat=[android.intent.category.LAUNCHER] flg=0x10200000 cmp=com.example.snoopy/.MainActivity} from uid 2000 on display 0
12-11 16:55:24.879   742   742 D PhoneStatusBar: disable: < expand ICONS* alerts SYSTEM_INFO* back home recent clock search quick_settings >
12-11 16:55:24.952   742   742 D PhoneStatusBar: disable: < expand icons* alerts system_info* back home recent clock search quick_settings >
12-11 16:55:25.000   742  1359 E Surface : getSlotFromBufferLocked: unknown buffer: 0x99df5860
12-11 16:55:25.140  1059 13218 E Surface : getSlotFromBufferLocked: unknown buffer: 0xa9d23090
12-11 16:55:25.274  1059  1059 I Keyboard.Facilitator: onFinishInput()
12-11 16:55:25.276  1059  1059 I Keyboard.Facilitator: onStartInput()
12-11 16:55:25.285  1059  1059 I LatinIME: Starting input. Cursor position = 11,11
12-11 16:55:25.354  1059  1059 I Keyboard.Facilitator: resetDictionaries() : no-op
12-11 16:55:25.354  1059  1059 I StatsUtilsManager: onLoadSettings()
12-11 16:55:25.832 13169 13199 E Surface : getSlotFromBufferLocked: unknown buffer: 0x9fefb610
12-11 16:55:26.095   609   775 I ActivityManager: START u0 {act=android.intent.action.MAIN cat=[android.intent.category.LAUNCHER] flg=0x10200000 cmp=com.example.snoopy/.CameraInputFrames} from uid 2000 on display 0
12-11 16:55:26.148   609  3442 I ActivityManager: START u0 {act=android.intent.action.MAIN cat=[android.intent.category.LAUNCHER] flg=0x10200000 cmp=com.example.snoopy/.MainActivity} from uid 2000 on display 0
12-11 16:55:26.151 13169 13322 I art     : Starting a blocking GC Explicit
12-11 16:55:26.174 13169 13322 I art     : Explicit concurrent mark sweep GC freed 3077(139KB) AllocSpace objects, 1(20KB) LOS objects, 40% free, 8MB/13MB, paused 427us total 22.918ms
12-11 16:55:26.198 13169 13322 I art     : Starting a blocking GC Explicit
12-11 16:55:26.205   742   742 D PhoneStatusBar: disable: < expand ICONS* alerts SYSTEM_INFO* back home recent clock search quick_settings >
12-11 16:55:26.221 13169 13322 I art     : Explicit concurrent mark sweep GC freed 486(24KB) AllocSpace objects, 0(0B) LOS objects, 39% free, 8MB/13MB, paused 488us total 22.216ms
12-11 16:55:26.239 13169 13322 I art     : Starting a blocking GC Explicit
12-11 16:55:26.256 13169 13322 I art     : Explicit concurrent mark sweep GC freed 3(96B) AllocSpace objects, 0(0B) LOS objects, 39% free, 8MB/13MB, paused 335us total 16.967ms
12-11 16:55:26.273   742   742 D PhoneStatusBar: disable: < expand icons* alerts system_info* back home recent clock search quick_settings >
12-11 16:55:26.274 13169 13322 I art     : Starting a blocking GC Explicit
12-11 16:55:26.277   742   742 D PhoneStatusBar: disable: < expand ICONS* alerts SYSTEM_INFO* back home recent clock search quick_settings >
12-11 16:55:26.300 13169 13322 I art     : Explicit concurrent mark sweep GC freed 3(96B) AllocSpace objects, 0(0B) LOS objects, 39% free, 8MB/13MB, paused 427us total 25.482ms
12-11 16:55:26.322 13169 13322 I art     : Starting a blocking GC Explicit
12-11 16:55:26.337 13169 13322 I art     : Explicit concurrent mark sweep GC freed 11(352B) AllocSpace objects, 0(0B) LOS objects, 40% free, 8MB/13MB, paused 366us total 15.289ms
12-11 16:55:26.346   742   742 D PhoneStatusBar: disable: < expand icons* alerts system_info* back home recent clock search quick_settings >
12-11 16:55:26.357   742   742 D PhoneStatusBar: disable: < expand ICONS* alerts SYSTEM_INFO* back home recent clock search quick_settings >
12-11 16:55:26.386   742   742 D PhoneStatusBar: disable: < expand icons* alerts system_info* back home recent clock search quick_settings >
12-11 16:55:26.410   609  3417 W InputMethodManagerService: Window already focused, ignoring focus gain of: com.android.internal.view.IInputMethodClient$Stub$Proxy@f300126 attribute=null, token = android.os.BinderProxy@7e45038
12-11 16:55:26.418   742  1359 E Surface : getSlotFromBufferLocked: unknown buffer: 0x99df78e0
12-11 16:55:26.478   742   742 D PhoneStatusBar: disable: < expand ICONS* alerts SYSTEM_INFO* back home recent clock search quick_settings >
12-11 16:55:26.551   742   742 D PhoneStatusBar: disable: < expand icons* alerts system_info* back home recent clock search quick_settings >
12-11 16:55:26.604   742  1359 E Surface : getSlotFromBufferLocked: unknown buffer: 0x99df5860
12-11 16:55:26.647   196   602 D audio_hw_primary: out_set_parameters: enter: usecase(1: low-latency-playback) kvpairs: routing=2
12-11 16:55:26.662   196   601 D audio_hw_primary: select_devices: out_snd_device(3: speaker-reverse) in_snd_device(0: none)
12-11 16:55:26.662   196   601 D ACDB-LOADER: ACDB -> send_afe_cal
12-11 16:55:26.662   196   601 D audio_hw_primary: enable_snd_device: snd_device(3: speaker-reverse)
12-11 16:55:26.670   196   601 D audio_hw_primary: enable_audio_route: apply and update mixer path: low-latency-playback
12-11 16:55:26.671 11041 11355 I AuthChimeraService: Executing request: ProxyRequest[ url: https://www.googleapis.com/identitytoolkit/v3/relyingparty/signupNewUser?alt=proto&key=AIzaSyAlPR096sOohVB9d0xuRCe1M34wBO-crBA, method: 1 ]
12-11 16:55:26.726 13169 13169 W InputEventReceiver: Attempted to finish an input event but the input event receiver has already been disposed.
12-11 16:55:26.727 13169 13169 W ViewRootImpl: Dropping event due to root view being removed: MotionEvent { action=ACTION_MOVE, actionButton=0, id[0]=0, x[0]=1474.3646, y[0]=-195.52039, toolType[0]=TOOL_TYPE_UNKNOWN, buttonState=0, metaState=0, flags=0x0, edgeFlags=0x0, pointerCount=1, historySize=0, eventTime=5946119, downTime=5946116, deviceId=0, source=0x1002 }
12-11 16:55:26.730 13169 13169 W InputEventReceiver: Attempted to finish an input event but the input event receiver has already been disposed.
12-11 16:55:26.730 13169 13169 W ViewRootImpl: Dropping event due to root view being removed: MotionEvent { action=ACTION_UP, actionButton=0, id[0]=0, x[0]=1477.4261, y[0]=-197.70993, toolType[0]=TOOL_TYPE_UNKNOWN, buttonState=0, metaState=0, flags=0x0, edgeFlags=0x0, pointerCount=1, historySize=0, eventTime=5946120, downTime=5946116, deviceId=0, source=0x1002 }
12-11 16:55:26.731 13169 13169 W InputEventReceiver: Attempted to finish an input event but the input event receiver has already been disposed.
12-11 16:55:26.735   609  8020 W InputMethodManagerService: Window already focused, ignoring focus gain of: com.android.internal.view.IInputMethodClient$Stub$Proxy@5ca0398 attribute=null, token = android.os.BinderProxy@7e45038
12-11 16:55:26.808   609  3357 I ActivityManager: START u0 {act=android.intent.action.MAIN cat=[android.intent.category.LAUNCHER] flg=0x10200000 cmp=com.example.snoopy/.CameraInputFrames} from uid 2000 on display 0
12-11 16:55:26.911 11041 13246 E Volley  : [651] BasicNetwork.performRequest: Unexpected response code 400 for https://www.googleapis.com/identitytoolkit/v3/relyingparty/signupNewUser?alt=proto&key=AIzaSyAlPR096sOohVB9d0xuRCe1M34wBO-crBA
12-11 16:55:26.911 11041 11355 I AuthChimeraService: Error description received from server: INVALID_EMAIL
12-11 16:55:26.921 11041 11355 W FirebaseAuth: [PhoneNumberAuthPostProcessor] postProcess starts
12-11 16:55:26.921 11041 11355 W FirebaseAuth: [PhoneNumberAuthPostProcessor] postProcess ends
12-11 16:55:27.378   609  3358 I ActivityManager: START u0 {act=android.intent.action.MAIN cat=[android.intent.category.LAUNCHER] flg=0x10200000 cmp=com.example.snoopy/.MainActivity} from uid 2000 on display 0
12-11 16:55:27.553 13169 13199 E Surface : getSlotFromBufferLocked: unknown buffer: 0xab3c6a10
12-11 16:55:27.575  1059  1059 I Keyboard.Facilitator: onFinishInput()
12-11 16:55:27.575  1059  1059 I Keyboard.Facilitator: onStartInput()
12-11 16:55:27.581  1059  1059 I LatinIME: Starting input. Cursor position = 64,64
12-11 16:55:27.593  1059  1059 I Keyboard.Facilitator: resetDictionaries() : no-op
12-11 16:55:27.593  1059  1059 I StatsUtilsManager: onLoadSettings()
12-11 16:55:27.720   196   602 D audio_hw_primary: out_set_parameters: enter: usecase(1: low-latency-playback) kvpairs: routing=2
12-11 16:55:27.726 11041 11355 I AuthChimeraService: Executing request: ProxyRequest[ url: https://www.googleapis.com/identitytoolkit/v3/relyingparty/signupNewUser?alt=proto&key=AIzaSyAlPR096sOohVB9d0xuRCe1M34wBO-crBA, method: 1 ]
12-11 16:55:27.754   196   602 D AudioFlinger: mixer(0xb4240000) throttle end: throttle time(7)
12-11 16:55:27.763   742   742 D PhoneStatusBar: disable: < expand ICONS* alerts SYSTEM_INFO* back home recent clock search quick_settings >
12-11 16:55:27.852   742   742 D PhoneStatusBar: disable: < expand icons* alerts system_info* back home recent clock search quick_settings >
12-11 16:55:27.939 11041 13249 E Volley  : [654] BasicNetwork.performRequest: Unexpected response code 400 for https://www.googleapis.com/identitytoolkit/v3/relyingparty/signupNewUser?alt=proto&key=AIzaSyAlPR096sOohVB9d0xuRCe1M34wBO-crBA
12-11 16:55:27.940 11041 11355 I AuthChimeraService: Error description received from server: INVALID_EMAIL
12-11 16:55:27.950 11041 11355 W FirebaseAuth: [PhoneNumberAuthPostProcessor] postProcess starts
12-11 16:55:27.950 11041 11355 W FirebaseAuth: [PhoneNumberAuthPostProcessor] postProcess ends
12-11 16:55:27.981 13169 13187 I art     : Starting a blocking GC Explicit
12-11 16:55:27.994   742  1359 E Surface : getSlotFromBufferLocked: unknown buffer: 0x99df5860
12-11 16:55:27.996   609  3042 W InputMethodManagerService: Window already focused, ignoring focus gain of: com.android.internal.view.IInputMethodClient$Stub$Proxy@c1a79e5 attribute=null, token = android.os.BinderProxy@7e45038
12-11 16:55:28.022 13169 13187 I art     : Explicit concurrent mark sweep GC freed 3228(169KB) AllocSpace objects, 1(20KB) LOS objects, 39% free, 8MB/13MB, paused 457us total 40.100ms
12-11 16:55:28.052 13169 13187 I art     : Starting a blocking GC Explicit
12-11 16:55:28.066 13169 13187 I art     : Explicit concurrent mark sweep GC freed 439(18KB) AllocSpace objects, 0(0B) LOS objects, 39% free, 8MB/13MB, paused 305us total 14.099ms
12-11 16:55:28.086 13169 13187 I art     : Starting a blocking GC Explicit
12-11 16:55:28.100 13169 13187 I art     : Explicit concurrent mark sweep GC freed 27(832B) AllocSpace objects, 0(0B) LOS objects, 39% free, 8MB/13MB, paused 305us total 14.190ms
12-11 16:55:28.118 13169 13187 I art     : Starting a blocking GC Explicit
12-11 16:55:28.132 13169 13187 I art     : Explicit concurrent mark sweep GC freed 8(272B) AllocSpace objects, 0(0B) LOS objects, 40% free, 8MB/13MB, paused 305us total 13.488ms
12-11 16:55:28.150 13169 13187 I art     : Starting a blocking GC Explicit
12-11 16:55:28.165 13169 13187 I art     : Explicit concurrent mark sweep GC freed 7(224B) AllocSpace objects, 0(0B) LOS objects, 40% free, 8MB/13MB, paused 305us total 14.678ms
12-11 16:55:28.800   196   602 D audio_hw_primary: out_set_parameters: enter: usecase(1: low-latency-playback) kvpairs: routing=2
12-11 16:55:28.804 11041 11355 I AuthChimeraService: Executing request: ProxyRequest[ url: https://www.googleapis.com/identitytoolkit/v3/relyingparty/signupNewUser?alt=proto&key=AIzaSyAlPR096sOohVB9d0xuRCe1M34wBO-crBA, method: 1 ]
12-11 16:55:28.834   196   602 D AudioFlinger: mixer(0xb4240000) throttle end: throttle time(7)
12-11 16:55:28.859 13169 13169 W InputEventReceiver: Attempted to finish an input event but the input event receiver has already been disposed.
12-11 16:55:28.859 13169 13169 W ViewRootImpl: Dropping event due to root view being removed: MotionEvent { action=ACTION_MOVE, actionButton=0, id[0]=0, x[0]=533.8479, y[0]=629.95996, toolType[0]=TOOL_TYPE_UNKNOWN, buttonState=0, metaState=0, flags=0x0, edgeFlags=0x0, pointerCount=1, historySize=5, eventTime=5948265, downTime=5948253, deviceId=0, source=0x1002 }
12-11 16:55:28.860 13169 13169 W InputEventReceiver: Attempted to finish an input event but the input event receiver has already been disposed.
12-11 16:55:28.860 13169 13169 W ViewRootImpl: Dropping event due to root view being removed: MotionEvent { action=ACTION_UP, actionButton=0, id[0]=0, x[0]=531.70105, y[0]=640.6858, toolType[0]=TOOL_TYPE_UNKNOWN, buttonState=0, metaState=0, flags=0x0, edgeFlags=0x0, pointerCount=1, historySize=0, eventTime=5948266, downTime=5948253, deviceId=0, source=0x1002 }
12-11 16:55:28.860 13169 13169 W InputEventReceiver: Attempted to finish an input event but the input event receiver has already been disposed.
12-11 16:55:28.870   609  3442 W InputMethodManagerService: Window already focused, ignoring focus gain of: com.android.internal.view.IInputMethodClient$Stub$Proxy@c1182c8 attribute=null, token = android.os.BinderProxy@7e45038
12-11 16:55:29.027 11041 13247 E Volley  : [652] BasicNetwork.performRequest: Unexpected response code 400 for https://www.googleapis.com/identitytoolkit/v3/relyingparty/signupNewUser?alt=proto&key=AIzaSyAlPR096sOohVB9d0xuRCe1M34wBO-crBA
12-11 16:55:29.028 11041 11355 I AuthChimeraService: Error description received from server: INVALID_EMAIL
12-11 16:55:29.030 11041 11355 W FirebaseAuth: [PhoneNumberAuthPostProcessor] postProcess starts
12-11 16:55:29.030 11041 11355 W FirebaseAuth: [PhoneNumberAuthPostProcessor] postProcess ends
12-11 16:55:29.186   609   618 I art     : Background partial concurrent mark sweep GC freed 42195(2MB) AllocSpace objects, 17(344KB) LOS objects, 33% free, 25MB/37MB, paused 2.166ms total 148.925ms
12-11 16:55:29.390   609  3417 I ActivityManager: START u0 {act=android.intent.action.MAIN cat=[android.intent.category.LAUNCHER] flg=0x10200000 cmp=com.example.snoopy/.CameraInputFrames} from uid 2000 on display 0
12-11 16:55:29.451   742   742 D PhoneStatusBar: disable: < expand ICONS* alerts SYSTEM_INFO* back home recent clock search quick_settings >
12-11 16:55:29.562   609   832 I ActivityManager: START u0 {act=android.intent.action.MAIN cat=[android.intent.category.LAUNCHER] flg=0x10200000 cmp=com.example.snoopy/.CameraInputFrames} from uid 2000 on display 0
12-11 16:55:29.612   609  3042 W InputMethodManagerService: Window already focused, ignoring focus gain of: com.android.internal.view.IInputMethodClient$Stub$Proxy@3d3c8e3 attribute=null, token = android.os.BinderProxy@7e45038
12-11 16:55:29.623   742   742 D PhoneStatusBar: disable: < expand icons* alerts system_info* back home recent clock search quick_settings >
12-11 16:55:29.691   742  1359 E Surface : getSlotFromBufferLocked: unknown buffer: 0x99df7c50
12-11 16:55:29.754 13169 13322 I art     : Starting a blocking GC Explicit
12-11 16:55:29.774 13169 13322 I art     : Explicit concurrent mark sweep GC freed 2906(149KB) AllocSpace objects, 1(20KB) LOS objects, 40% free, 8MB/13MB, paused 305us total 19.409ms
12-11 16:55:29.792 13169 13322 I art     : Starting a blocking GC Explicit
12-11 16:55:29.814 13169 13322 I art     : Explicit concurrent mark sweep GC freed 445(19KB) AllocSpace objects, 0(0B) LOS objects, 39% free, 8MB/13MB, paused 274us total 21.728ms
12-11 16:55:29.834 13169 13322 I art     : Starting a blocking GC Explicit
12-11 16:55:29.851 13169 13322 I art     : Explicit concurrent mark sweep GC freed 3(96B) AllocSpace objects, 0(0B) LOS objects, 39% free, 8MB/13MB, paused 305us total 16.754ms
12-11 16:55:29.872 13169 13322 I art     : Starting a blocking GC Explicit
12-11 16:55:29.886 13169 13322 I art     : Explicit concurrent mark sweep GC freed 3(96B) AllocSpace objects, 0(0B) LOS objects, 39% free, 8MB/13MB, paused 274us total 14.068ms
12-11 16:55:29.911 13169 13322 I art     : Starting a blocking GC Explicit
12-11 16:55:29.929 13169 13322 I art     : Explicit concurrent mark sweep GC freed 3(96B) AllocSpace objects, 0(0B) LOS objects, 39% free, 8MB/13MB, paused 305us total 17.425ms
12-11 16:55:30.579   609  3417 I ActivityManager: START u0 {act=android.intent.action.MAIN cat=[android.intent.category.LAUNCHER] flg=0x10200000 cmp=com.example.snoopy/.MainActivity} from uid 2000 on display 0
12-11 16:55:30.803   609  3417 I ActivityManager: START u0 {act=android.intent.action.MAIN cat=[android.intent.category.LAUNCHER] flg=0x10200000 cmp=com.example.snoopy/.CameraInputFrames} from uid 2000 on display 0
12-11 16:55:31.306   742   742 D PhoneStatusBar: disable: < expand ICONS* alerts SYSTEM_INFO* back home recent clock search quick_settings >
12-11 16:55:31.359   609   832 I ActivityManager: START u0 {act=android.intent.action.MAIN cat=[android.intent.category.LAUNCHER] flg=0x10200000 cmp=com.example.snoopy/.CameraInputFrames} from uid 2000 on display 0
12-11 16:55:31.568   609  1164 W InputMethodManagerService: Window already focused, ignoring focus gain of: com.android.internal.view.IInputMethodClient$Stub$Proxy@a1ee45e attribute=null, token = android.os.BinderProxy@7e45038
12-11 16:55:31.586   742   742 D PhoneStatusBar: disable: < expand icons* alerts system_info* back home recent clock search quick_settings >
12-11 16:55:31.596 13169 13180 I art     : Starting a blocking GC Explicit
12-11 16:55:31.612 13169 13180 I art     : Explicit concurrent mark sweep GC freed 2294(108KB) AllocSpace objects, 1(20KB) LOS objects, 40% free, 8MB/13MB, paused 396us total 15.930ms
12-11 16:55:31.631 13169 13180 I art     : Starting a blocking GC Explicit
12-11 16:55:31.647 13169 13180 I art     : Explicit concurrent mark sweep GC freed 220(10KB) AllocSpace objects, 0(0B) LOS objects, 39% free, 8MB/13MB, paused 335us total 15.319ms
12-11 16:55:31.659   742  1359 E Surface : getSlotFromBufferLocked: unknown buffer: 0x99df5860
12-11 16:55:31.666 13169 13180 I art     : Starting a blocking GC Explicit
12-11 16:55:31.682 13169 13180 I art     : Explicit concurrent mark sweep GC freed 34(752B) AllocSpace objects, 0(0B) LOS objects, 40% free, 8MB/13MB, paused 457us total 15.686ms
12-11 16:55:31.707 13169 13180 I art     : Starting a blocking GC Explicit
12-11 16:55:31.723 13169 13180 I art     : Explicit concurrent mark sweep GC freed 58(1984B) AllocSpace objects, 0(0B) LOS objects, 40% free, 8MB/13MB, paused 274us total 15.777ms
12-11 16:55:31.740 13169 13180 I art     : Starting a blocking GC Explicit
12-11 16:55:31.755 13169 13180 I art     : Explicit concurrent mark sweep GC freed 5(160B) AllocSpace objects, 0(0B) LOS objects, 39% free, 8MB/13MB, paused 274us total 14.465ms
12-11 16:55:31.987   609   620 I ActivityManager: START u0 {act=android.intent.action.MAIN cat=[android.intent.category.LAUNCHER] flg=0x10200000 cmp=com.example.snoopy/.MainActivity} from uid 2000 on display 0
12-11 16:55:31.994   196   602 D audio_hw_primary: disable_audio_route: reset and update mixer path: low-latency-playback
12-11 16:55:31.994   196   602 D audio_hw_primary: disable_snd_device: snd_device(3: speaker-reverse)
12-11 16:55:32.438   609   775 I ActivityManager: START u0 {act=android.intent.action.MAIN cat=[android.intent.category.LAUNCHER] flg=0x10200000 cmp=com.example.snoopy/.CameraInputFrames} from uid 2000 on display 0
12-11 16:55:32.607   196   602 D audio_hw_primary: out_set_parameters: enter: usecase(1: low-latency-playback) kvpairs: routing=2
12-11 16:55:32.618   196   601 D audio_hw_primary: select_devices: out_snd_device(3: speaker-reverse) in_snd_device(0: none)
12-11 16:55:32.618   196   601 D ACDB-LOADER: ACDB -> send_afe_cal
12-11 16:55:32.618   196   601 D audio_hw_primary: enable_snd_device: snd_device(3: speaker-reverse)
12-11 16:55:32.625   196   601 D audio_hw_primary: enable_audio_route: apply and update mixer path: low-latency-playback
12-11 16:55:32.640   196   602 D AudioFlinger: mixer(0xb4240000) throttle end: throttle time(10)
12-11 16:55:32.643 11041 11309 I AuthChimeraService: Executing request: ProxyRequest[ url: https://www.googleapis.com/identitytoolkit/v3/relyingparty/signupNewUser?alt=proto&key=AIzaSyAlPR096sOohVB9d0xuRCe1M34wBO-crBA, method: 1 ]
12-11 16:55:32.652   609  1289 I ActivityManager: START u0 {act=android.intent.action.MAIN cat=[android.intent.category.LAUNCHER] flg=0x10200000 cmp=com.example.snoopy/.CameraInputFrames} from uid 2000 on display 0
12-11 16:55:32.766 13169 13169 W InputEventReceiver: Attempted to finish an input event but the input event receiver has already been disposed.
12-11 16:55:32.766 13169 13169 W ViewRootImpl: Dropping event due to root view being removed: MotionEvent { action=ACTION_UP, actionButton=0, id[0]=0, x[0]=-149.57321, y[0]=17.63002, toolType[0]=TOOL_TYPE_UNKNOWN, buttonState=0, metaState=0, flags=0x0, edgeFlags=0x0, pointerCount=1, historySize=0, eventTime=5952133, downTime=5952132, deviceId=0, source=0x1002 }
12-11 16:55:32.766 13169 13169 W InputEventReceiver: Attempted to finish an input event but the input event receiver has already been disposed.
12-11 16:55:32.770   609  3442 W InputMethodManagerService: Window already focused, ignoring focus gain of: com.android.internal.view.IInputMethodClient$Stub$Proxy@a818b09 attribute=null, token = android.os.BinderProxy@7e45038
12-11 16:55:32.878 11041 13248 E Volley  : [653] BasicNetwork.performRequest: Unexpected response code 400 for https://www.googleapis.com/identitytoolkit/v3/relyingparty/signupNewUser?alt=proto&key=AIzaSyAlPR096sOohVB9d0xuRCe1M34wBO-crBA
12-11 16:55:32.880 11041 11309 I AuthChimeraService: Error description received from server: INVALID_EMAIL
12-11 16:55:32.887 11041 11309 W FirebaseAuth: [PhoneNumberAuthPostProcessor] postProcess starts
12-11 16:55:32.887 11041 11309 W FirebaseAuth: [PhoneNumberAuthPostProcessor] postProcess ends
12-11 16:55:33.112  1059  1059 I Keyboard.Facilitator: onFinishInput()
12-11 16:55:33.113  1059  1059 I Keyboard.Facilitator: onStartInput()
12-11 16:55:33.119  1059  1059 I LatinIME: Starting input. Cursor position = 8,8
12-11 16:55:33.190  1059  1059 I Keyboard.Facilitator: resetDictionaries() : no-op
12-11 16:55:33.190  1059  1059 I StatsUtilsManager: onLoadSettings()
12-11 16:55:33.277 13169 13219 I art     : Starting a blocking GC Explicit
12-11 16:55:33.293 13169 13219 I art     : Explicit concurrent mark sweep GC freed 3383(158KB) AllocSpace objects, 1(20KB) LOS objects, 39% free, 8MB/13MB, paused 305us total 15.594ms
12-11 16:55:33.311 13169 13219 I art     : Starting a blocking GC Explicit
12-11 16:55:33.327 13169 13219 I art     : Explicit concurrent mark sweep GC freed 281(13KB) AllocSpace objects, 0(0B) LOS objects, 40% free, 8MB/13MB, paused 305us total 15.319ms
12-11 16:55:33.345 13169 13219 I art     : Starting a blocking GC Explicit
12-11 16:55:33.360 13169 13219 I art     : Explicit concurrent mark sweep GC freed 5(160B) AllocSpace objects, 0(0B) LOS objects, 40% free, 8MB/13MB, paused 335us total 15.106ms
12-11 16:55:33.378 13169 13219 I art     : Starting a blocking GC Explicit
12-11 16:55:33.393 13169 13219 I art     : Explicit concurrent mark sweep GC freed 53(2224B) AllocSpace objects, 0(0B) LOS objects, 40% free, 8MB/13MB, paused 274us total 14.068ms
12-11 16:55:33.411 13169 13219 I art     : Starting a blocking GC Explicit
12-11 16:55:33.427 13169 13219 I art     : Explicit concurrent mark sweep GC freed 127(6KB) AllocSpace objects, 0(0B) LOS objects, 40% free, 8MB/13MB, paused 335us total 15.502ms
12-11 16:55:33.539   742   742 D PhoneStatusBar: disable: < expand ICONS* alerts SYSTEM_INFO* back home recent clock search quick_settings >
12-11 16:55:33.646   742   742 D PhoneStatusBar: disable: < expand icons* alerts system_info* back home recent clock search quick_settings >
12-11 16:55:33.660   742   742 D PhoneStatusBar: disable: < expand ICONS* alerts SYSTEM_INFO* back home recent clock search quick_settings >
12-11 16:55:33.701   742   742 D PhoneStatusBar: disable: < expand icons* alerts system_info* back home recent clock search quick_settings >
12-11 16:55:33.704   742   742 D PhoneStatusBar: disable: < expand ICONS* alerts SYSTEM_INFO* back home recent clock search quick_settings >
12-11 16:55:33.724   742   742 D PhoneStatusBar: disable: < expand icons* alerts system_info* back home recent clock search quick_settings >
12-11 16:55:33.727   742   742 D PhoneStatusBar: disable: < expand ICONS* alerts SYSTEM_INFO* back home recent clock search quick_settings >
12-11 16:55:33.744   742   742 D PhoneStatusBar: disable: < expand icons* alerts system_info* back home recent clock search quick_settings >
12-11 16:55:33.746   742   742 D PhoneStatusBar: disable: < expand ICONS* alerts SYSTEM_INFO* back home recent clock search quick_settings >
12-11 16:55:33.771   742   742 D PhoneStatusBar: disable: < expand icons* alerts system_info* back home recent clock search quick_settings >
12-11 16:55:33.788   609  3042 W InputMethodManagerService: Window already focused, ignoring focus gain of: com.android.internal.view.IInputMethodClient$Stub$Proxy@b0a5140 attribute=null, token = android.os.BinderProxy@7e45038
12-11 16:55:33.801   742  1359 E Surface : getSlotFromBufferLocked: unknown buffer: 0x99df5540
12-11 16:55:34.153   609  3416 I ActivityManager: START u0 {act=android.intent.action.MAIN cat=[android.intent.category.LAUNCHER] flg=0x10200000 cmp=com.example.snoopy/.MainActivity} from uid 2000 on display 0
12-11 16:55:34.234   196   602 D audio_hw_primary: out_set_parameters: enter: usecase(1: low-latency-playback) kvpairs: routing=2
12-11 16:55:34.250 11041 11309 I AuthChimeraService: Executing request: ProxyRequest[ url: https://www.googleapis.com/identitytoolkit/v3/relyingparty/signupNewUser?alt=proto&key=AIzaSyAlPR096sOohVB9d0xuRCe1M34wBO-crBA, method: 1 ]
12-11 16:55:34.354 13169 13169 W InputEventReceiver: Attempted to finish an input event but the input event receiver has already been disposed.
12-11 16:55:34.355 13169 13169 W ViewRootImpl: Dropping event due to root view being removed: MotionEvent { action=ACTION_MOVE, actionButton=0, id[0]=0, x[0]=-56.926514, y[0]=-291.12732, toolType[0]=TOOL_TYPE_UNKNOWN, buttonState=0, metaState=0, flags=0x0, edgeFlags=0x0, pointerCount=1, historySize=5, eventTime=5953749, downTime=5953743, deviceId=0, source=0x1002 }
12-11 16:55:34.355 13169 13169 W InputEventReceiver: Attempted to finish an input event but the input event receiver has already been disposed.
12-11 16:55:34.355 13169 13169 W ViewRootImpl: Dropping event due to root view being removed: MotionEvent { action=ACTION_UP, actionButton=0, id[0]=0, x[0]=-37.27942, y[0]=-292.19095, toolType[0]=TOOL_TYPE_UNKNOWN, buttonState=0, metaState=0, flags=0x0, edgeFlags=0x0, pointerCount=1, historySize=0, eventTime=5953750, downTime=5953743, deviceId=0, source=0x1002 }
12-11 16:55:34.355 13169 13169 W InputEventReceiver: Attempted to finish an input event but the input event receiver has already been disposed.
12-11 16:55:34.356   609   832 W InputMethodManagerService: Window already focused, ignoring focus gain of: com.android.internal.view.IInputMethodClient$Stub$Proxy@2f714b3 attribute=null, token = android.os.BinderProxy@7e45038
12-11 16:55:34.401  1059  1059 I Keyboard.Facilitator: onFinishInput()
12-11 16:55:34.402  1059  1059 I Keyboard.Facilitator: onStartInput()
12-11 16:55:34.407  1059  1059 I LatinIME: Starting input. Cursor position = 92,92
12-11 16:55:34.419  1059  1059 I Keyboard.Facilitator: resetDictionaries() : no-op
12-11 16:55:34.419  1059  1059 I StatsUtilsManager: onLoadSettings()
12-11 16:55:34.485 11041 13246 E Volley  : [651] BasicNetwork.performRequest: Unexpected response code 400 for https://www.googleapis.com/identitytoolkit/v3/relyingparty/signupNewUser?alt=proto&key=AIzaSyAlPR096sOohVB9d0xuRCe1M34wBO-crBA
12-11 16:55:34.487 11041 11309 I AuthChimeraService: Error description received from server: INVALID_EMAIL
12-11 16:55:34.490 11041 11355 W FirebaseAuth: [PhoneNumberAuthPostProcessor] postProcess starts
12-11 16:55:34.490 11041 11355 W FirebaseAuth: [PhoneNumberAuthPostProcessor] postProcess ends
12-11 16:55:34.854   196   602 D audio_hw_primary: out_set_parameters: enter: usecase(1: low-latency-playback) kvpairs: routing=2
12-11 16:55:34.866 11041 11355 I AuthChimeraService: Executing request: ProxyRequest[ url: https://www.googleapis.com/identitytoolkit/v3/relyingparty/signupNewUser?alt=proto&key=AIzaSyAlPR096sOohVB9d0xuRCe1M34wBO-crBA, method: 1 ]
12-11 16:55:34.878   609  7033 I ActivityManager: START u0 {act=android.intent.action.MAIN cat=[android.intent.category.LAUNCHER] flg=0x10200000 cmp=com.example.snoopy/.MainActivity} from uid 2000 on display 0
12-11 16:55:35.045 13169 13169 W InputEventReceiver: Attempted to finish an input event but the input event receiver has already been disposed.
12-11 16:55:35.045 13169 13169 W ViewRootImpl: Dropping event due to root view being removed: MotionEvent { action=ACTION_UP, actionButton=0, id[0]=0, x[0]=1287.1664, y[0]=857.32056, toolType[0]=TOOL_TYPE_UNKNOWN, buttonState=0, metaState=0, flags=0x0, edgeFlags=0x0, pointerCount=1, historySize=0, eventTime=5954418, downTime=5954416, deviceId=0, source=0x1002 }
12-11 16:55:35.046 13169 13169 W InputEventReceiver: Attempted to finish an input event but the input event receiver has already been disposed.
12-11 16:55:35.070   609  3417 W InputMethodManagerService: Window already focused, ignoring focus gain of: com.android.internal.view.IInputMethodClient$Stub$Proxy@d5d7759 attribute=null, token = android.os.BinderProxy@7e45038
12-11 16:55:35.097 13169 13219 I art     : Starting a blocking GC Explicit
12-11 16:55:35.126 11041 13249 E Volley  : [654] BasicNetwork.performRequest: Unexpected response code 400 for https://www.googleapis.com/identitytoolkit/v3/relyingparty/signupNewUser?alt=proto&key=AIzaSyAlPR096sOohVB9d0xuRCe1M34wBO-crBA
12-11 16:55:35.127 11041 11355 I AuthChimeraService: Error description received from server: INVALID_EMAIL
12-11 16:55:35.129 11041 11209 W FirebaseAuth: [PhoneNumberAuthPostProcessor] postProcess starts
12-11 16:55:35.129 11041 11209 W FirebaseAuth: [PhoneNumberAuthPostProcessor] postProcess ends
12-11 16:55:35.132 13169 13219 I art     : Explicit concurrent mark sweep GC freed 4001(199KB) AllocSpace objects, 1(20KB) LOS objects, 39% free, 8MB/13MB, paused 366us total 33.966ms
12-11 16:55:35.150 13169 13219 I art     : Starting a blocking GC Explicit
12-11 16:55:35.176 13169 13219 I art     : Explicit concurrent mark sweep GC freed 167(5KB) AllocSpace objects, 0(0B) LOS objects, 39% free, 8MB/13MB, paused 366us total 24.627ms
12-11 16:55:35.197 13169 13219 I art     : Starting a blocking GC Explicit
12-11 16:55:35.220 13169 13219 I art     : Explicit concurrent mark sweep GC freed 646(28KB) AllocSpace objects, 0(0B) LOS objects, 40% free, 8MB/13MB, paused 305us total 22.186ms
12-11 16:55:35.242 13169 13219 I art     : Starting a blocking GC Explicit
12-11 16:55:35.259 13169 13219 I art     : Explicit concurrent mark sweep GC freed 9(448B) AllocSpace objects, 0(0B) LOS objects, 40% free, 8MB/13MB, paused 305us total 15.136ms
12-11 16:55:35.279 13169 13219 I art     : Starting a blocking GC Explicit
12-11 16:55:35.296 13169 13219 I art     : Explicit concurrent mark sweep GC freed 10(336B) AllocSpace objects, 0(0B) LOS objects, 40% free, 8MB/13MB, paused 305us total 16.387ms
12-11 16:55:35.704   196   602 D audio_hw_primary: out_set_parameters: enter: usecase(1: low-latency-playback) kvpairs: routing=2
12-11 16:55:35.727 11041 11309 I AuthChimeraService: Executing request: ProxyRequest[ url: https://www.googleapis.com/identitytoolkit/v3/relyingparty/signupNewUser?alt=proto&key=AIzaSyAlPR096sOohVB9d0xuRCe1M34wBO-crBA, method: 1 ]
12-11 16:55:35.740   196   602 D AudioFlinger: mixer(0xb4240000) throttle end: throttle time(4)
12-11 16:55:35.782 13169 13169 W InputEventReceiver: Attempted to finish an input event but the input event receiver has already been disposed.
12-11 16:55:35.783 13169 13169 W ViewRootImpl: Dropping event due to root view being removed: MotionEvent { action=ACTION_MOVE, actionButton=0, id[0]=0, x[0]=-159.61533, y[0]=563.2235, toolType[0]=TOOL_TYPE_UNKNOWN, buttonState=0, metaState=0, flags=0x0, edgeFlags=0x0, pointerCount=1, historySize=2, eventTime=5955173, downTime=5955166, deviceId=0, source=0x1002 }
12-11 16:55:35.783 13169 13169 W InputEventReceiver: Attempted to finish an input event but the input event receiver has already been disposed.
12-11 16:55:35.783 13169 13169 W ViewRootImpl: Dropping event due to root view being removed: MotionEvent { action=ACTION_UP, actionButton=0, id[0]=0, x[0]=-171.79025, y[0]=562.5181, toolType[0]=TOOL_TYPE_UNKNOWN, buttonState=0, metaState=0, flags=0x0, edgeFlags=0x0, pointerCount=1, historySize=0, eventTime=5955174, downTime=5955166, deviceId=0, source=0x1002 }
12-11 16:55:35.783 13169 13169 W InputEventReceiver: Attempted to finish an input event but the input event receiver has already been disposed.
12-11 16:55:35.788   609   620 W InputMethodManagerService: Window already focused, ignoring focus gain of: com.android.internal.view.IInputMethodClient$Stub$Proxy@87a0f2a attribute=null, token = android.os.BinderProxy@7e45038
12-11 16:55:35.954 11041 13247 E Volley  : [652] BasicNetwork.performRequest: Unexpected response code 400 for https://www.googleapis.com/identitytoolkit/v3/relyingparty/signupNewUser?alt=proto&key=AIzaSyAlPR096sOohVB9d0xuRCe1M34wBO-crBA
12-11 16:55:35.955 11041 11309 I AuthChimeraService: Error description received from server: INVALID_EMAIL
12-11 16:55:35.955 11041 11309 W FirebaseAuth: [PhoneNumberAuthPostProcessor] postProcess starts
12-11 16:55:35.961 11041 11309 W FirebaseAuth: [PhoneNumberAuthPostProcessor] postProcess ends
12-11 16:55:36.422 13169 13199 E Surface : getSlotFromBufferLocked: unknown buffer: 0x9fefbd40
12-11 16:55:36.722 13169 13187 I art     : Starting a blocking GC Explicit
12-11 16:55:36.738 13169 13187 I art     : Explicit concurrent mark sweep GC freed 3204(157KB) AllocSpace objects, 1(20KB) LOS objects, 40% free, 8MB/13MB, paused 305us total 15.350ms
12-11 16:55:36.754 13169 13187 I art     : Starting a blocking GC Explicit
12-11 16:55:36.769 13169 13187 I art     : Explicit concurrent mark sweep GC freed 445(17KB) AllocSpace objects, 0(0B) LOS objects, 40% free, 8MB/13MB, paused 305us total 14.831ms
12-11 16:55:36.789 13169 13187 I art     : Starting a blocking GC Explicit
12-11 16:55:36.807 13169 13187 I art     : Explicit concurrent mark sweep GC freed 145(4KB) AllocSpace objects, 0(0B) LOS objects, 40% free, 8MB/13MB, paused 396us total 17.761ms
12-11 16:55:36.826 13169 13187 I art     : Starting a blocking GC Explicit
12-11 16:55:36.842 13169 13187 I art     : Explicit concurrent mark sweep GC freed 59(1616B) AllocSpace objects, 0(0B) LOS objects, 39% free, 8MB/13MB, paused 305us total 15.655ms
12-11 16:55:36.861 13169 13187 I art     : Starting a blocking GC Explicit
12-11 16:55:36.885 13169 13187 I art     : Explicit concurrent mark sweep GC freed 169(5KB) AllocSpace objects, 0(0B) LOS objects, 39% free, 8MB/13MB, paused 305us total 24.383ms
12-11 16:55:37.032  1059 13218 E Surface : getSlotFromBufferLocked: unknown buffer: 0xa9d24a80
12-11 16:55:37.494   609  3442 I ActivityManager: START u0 {act=android.intent.action.MAIN cat=[android.intent.category.LAUNCHER] flg=0x10200000 cmp=com.example.snoopy/.CameraInputFrames} from uid 2000 on display 0
12-11 16:55:38.177   609  8020 I ActivityManager: START u0 {act=android.intent.action.MAIN cat=[android.intent.category.LAUNCHER] flg=0x10200000 cmp=com.example.snoopy/.CameraInputFrames} from uid 2000 on display 0
12-11 16:55:38.412   609  3417 I ActivityManager: START u0 {act=android.intent.action.MAIN cat=[android.intent.category.LAUNCHER] flg=0x10200000 cmp=com.example.snoopy/.MainActivity} from uid 2000 on display 0
12-11 16:55:38.820   609   673 D WifiStateMachine: starting scan for "9902008825"WPA_PSK with 2437
12-11 16:55:38.821   609   719 I WifiHAL : event received NL80211_CMD_TRIGGER_SCAN
12-11 16:55:38.821   609   719 I WifiHAL : event ignored!!
12-11 16:55:38.877   609   719 I WifiHAL : event received NL80211_CMD_NEW_SCAN_RESULTS
12-11 16:55:38.877   609   719 I WifiHAL : event ignored!!
12-11 16:55:38.884 13169 13322 I art     : Starting a blocking GC Explicit
12-11 16:55:38.900   196   602 D audio_hw_primary: disable_audio_route: reset and update mixer path: low-latency-playback
12-11 16:55:38.900   196   602 D audio_hw_primary: disable_snd_device: snd_device(3: speaker-reverse)
12-11 16:55:38.914 13169 13322 I art     : Explicit concurrent mark sweep GC freed 1740(91KB) AllocSpace objects, 1(20KB) LOS objects, 40% free, 8MB/13MB, paused 274us total 29.479ms
12-11 16:55:38.934 13169 13322 I art     : Starting a blocking GC Explicit
12-11 16:55:38.959 13169 13322 I art     : Explicit concurrent mark sweep GC freed 251(12KB) AllocSpace objects, 0(0B) LOS objects, 40% free, 8MB/13MB, paused 335us total 23.590ms
12-11 16:55:38.978 13169 13322 I art     : Starting a blocking GC Explicit
12-11 16:55:38.993 13169 13322 I art     : Explicit concurrent mark sweep GC freed 168(9KB) AllocSpace objects, 0(0B) LOS objects, 40% free, 8MB/13MB, paused 305us total 14.617ms
12-11 16:55:39.009 13169 13322 I art     : Starting a blocking GC Explicit
12-11 16:55:39.030 13169 13322 I art     : Explicit concurrent mark sweep GC freed 22(736B) AllocSpace objects, 0(0B) LOS objects, 40% free, 8MB/13MB, paused 274us total 19.866ms
12-11 16:55:39.037   196   602 D audio_hw_primary: out_set_parameters: enter: usecase(1: low-latency-playback) kvpairs: routing=2
12-11 16:55:39.051 13169 13322 I art     : Starting a blocking GC Explicit
12-11 16:55:39.051   196   601 D audio_hw_primary: select_devices: out_snd_device(3: speaker-reverse) in_snd_device(0: none)
12-11 16:55:39.051   196   601 D ACDB-LOADER: ACDB -> send_afe_cal
12-11 16:55:39.051   196   601 D audio_hw_primary: enable_snd_device: snd_device(3: speaker-reverse)
12-11 16:55:39.054   196   601 D audio_hw_primary: enable_audio_route: apply and update mixer path: low-latency-playback
12-11 16:55:39.066 13169 13322 I art     : Explicit concurrent mark sweep GC freed 72(3KB) AllocSpace objects, 0(0B) LOS objects, 39% free, 8MB/13MB, paused 335us total 14.739ms
12-11 16:55:39.074   196   602 D AudioFlinger: mixer(0xb4240000) throttle end: throttle time(10)
12-11 16:55:39.093 11041 11209 I AuthChimeraService: Executing request: ProxyRequest[ url: https://www.googleapis.com/identitytoolkit/v3/relyingparty/signupNewUser?alt=proto&key=AIzaSyAlPR096sOohVB9d0xuRCe1M34wBO-crBA, method: 1 ]
12-11 16:55:39.198 13169 13169 W InputEventReceiver: Attempted to finish an input event but the input event receiver has already been disposed.
12-11 16:55:39.199 13169 13169 W ViewRootImpl: Dropping event due to root view being removed: MotionEvent { action=ACTION_MOVE, actionButton=0, id[0]=0, x[0]=798.20056, y[0]=294.07996, toolType[0]=TOOL_TYPE_UNKNOWN, buttonState=0, metaState=0, flags=0x0, edgeFlags=0x0, pointerCount=1, historySize=3, eventTime=5958565, downTime=5958561, deviceId=0, source=0x1002 }
12-11 16:55:39.199 13169 13169 W InputEventReceiver: Attempted to finish an input event but the input event receiver has already been disposed.
12-11 16:55:39.200 13169 13169 W ViewRootImpl: Dropping event due to root view being removed: MotionEvent { action=ACTION_UP, actionButton=0, id[0]=0, x[0]=801.5558, y[0]=294.53192, toolType[0]=TOOL_TYPE_UNKNOWN, buttonState=0, metaState=0, flags=0x0, edgeFlags=0x0, pointerCount=1, historySize=0, eventTime=5958566, downTime=5958561, deviceId=0, source=0x1002 }
12-11 16:55:39.200 13169 13169 W InputEventReceiver: Attempted to finish an input event but the input event receiver has already been disposed.
12-11 16:55:39.214   609  3358 W InputMethodManagerService: Window already focused, ignoring focus gain of: com.android.internal.view.IInputMethodClient$Stub$Proxy@a7ba2c4 attribute=null, token = android.os.BinderProxy@7e45038
12-11 16:55:39.314 11041 13248 E Volley  : [653] BasicNetwork.performRequest: Unexpected response code 400 for https://www.googleapis.com/identitytoolkit/v3/relyingparty/signupNewUser?alt=proto&key=AIzaSyAlPR096sOohVB9d0xuRCe1M34wBO-crBA
12-11 16:55:39.314 11041 11209 I AuthChimeraService: Error description received from server: INVALID_EMAIL
12-11 16:55:39.320 11041 11209 W FirebaseAuth: [PhoneNumberAuthPostProcessor] postProcess starts
12-11 16:55:39.320 11041 11209 W FirebaseAuth: [PhoneNumberAuthPostProcessor] postProcess ends
12-11 16:55:39.764   609  3358 I ActivityManager: START u0 {act=android.intent.action.MAIN cat=[android.intent.category.LAUNCHER] flg=0x10200000 cmp=com.example.snoopy/.CameraInputFrames} from uid 2000 on display 0
12-11 16:55:39.817   609  3442 I ActivityManager: START u0 {act=android.intent.action.MAIN cat=[android.intent.category.LAUNCHER] flg=0x10200000 cmp=com.example.snoopy/.CameraInputFrames} from uid 2000 on display 0
12-11 16:55:40.452   609   623 I ActivityManager: Config changes=480 {1.0 310mcc?mnc en_US ldltr sw600dp w600dp h888dp 320dpi lrg port finger -keyb/v/h -nav/h s.8}
12-11 16:55:40.458   609   659 I InputReader: Reconfiguring input devices.  changes=0x00000004
12-11 16:55:40.458   609   659 I InputReader: Device reconfigured: id=6, name='elan-touchscreen', size 1200x1920, orientation 0, mode 1, display id 0
12-11 16:55:40.459   609   659 I InputReader: Reconfiguring input devices.  changes=0x00000004
12-11 16:55:40.523 12370 12370 D MusicLifecycle: com.google.android.music.api.MusicPublicContentProvider generated event: initializing
12-11 16:55:40.528 12370 12370 D MusicLifecycle: com.google.android.music.store.MusicContentProvider generated event: initializing
12-11 16:55:40.554 13158 13158 I art     : System.exit called, status: 0
12-11 16:55:40.554 13158 13158 I AndroidRuntime: VM exiting with result code 0.
12-11 16:55:40.567 13169 13199 E Surface : getSlotFromBufferLocked: unknown buffer: 0xab3c5160
12-11 16:55:40.623   742  1359 E Surface : getSlotFromBufferLocked: unknown buffer: 0x99df6da0
12-11 16:55:40.721 13169 13219 I art     : Starting a blocking GC Explicit
12-11 16:55:40.738 13169 13219 I art     : Explicit concurrent mark sweep GC freed 3481(240KB) AllocSpace objects, 4(80KB) LOS objects, 39% free, 8MB/13MB, paused 488us total 16.815ms
12-11 16:55:40.754  1059  1059 I Keyboard.Facilitator: onFinishInput()
12-11 16:55:40.757   609   627 I WindowManager: Screen frozen for +362ms due to Window{90a865c u0 com.example.snoopy/com.example.snoopy.MainActivity}
12-11 16:55:40.764 13169 13219 I art     : Starting a blocking GC Explicit
12-11 16:55:40.790 13169 13169 W IInputConnectionWrapper: finishComposingText on inactive InputConnection
12-11 16:55:40.799 13169 13219 I art     : Explicit concurrent mark sweep GC freed 915(44KB) AllocSpace objects, 0(0B) LOS objects, 40% free, 8MB/13MB, paused 305us total 33.538ms
12-11 16:55:40.807  1059  1059 W RichInputMethodSubtype: Can't find emoji subtype
12-11 16:55:40.807  1059  1059 W RichInputMethodSubtype: No input method subtype found; returning dummy subtype: Multi-lingual subtype: android.view.inputmethod.InputMethodSubtype@d78b2ed0, zz
12-11 16:55:40.833 13169 13219 I art     : Starting a blocking GC Explicit
12-11 16:55:40.868 13169 13219 I art     : Explicit concurrent mark sweep GC freed 116(5KB) AllocSpace objects, 0(0B) LOS objects, 39% free, 8MB/13MB, paused 427us total 35.156ms
12-11 16:55:40.890  1059  1059 W ViewPager: Requested offscreen page limit 0 too small; defaulting to 1
12-11 16:55:40.897  1059  1059 I Keyboard.Facilitator: onStartInput()
12-11 16:55:40.903  1059  1059 I LatinIME: Starting input. Cursor position = 98,98
12-11 16:55:40.911 13169 13219 I art     : Starting a blocking GC Explicit
12-11 16:55:40.919  1059  1059 I Keyboard.Facilitator: resetDictionaries() : no-op
12-11 16:55:40.919  1059  1059 I StatsUtilsManager: onLoadSettings()
12-11 16:55:40.932 13169 13219 I art     : Explicit concurrent mark sweep GC freed 51(1984B) AllocSpace objects, 0(0B) LOS objects, 39% free, 8MB/13MB, paused 396us total 20.324ms
12-11 16:55:40.945 13169 13199 E Surface : getSlotFromBufferLocked: unknown buffer: 0x9fefb980
12-11 16:55:40.952 13169 13219 I art     : Starting a blocking GC Explicit
12-11 16:55:40.970 13169 13219 I art     : Explicit concurrent mark sweep GC freed 14(656B) AllocSpace objects, 0(0B) LOS objects, 40% free, 8MB/13MB, paused 305us total 18.280ms
12-11 16:55:42.291   196   602 D audio_hw_primary: disable_audio_route: reset and update mixer path: low-latency-playback
12-11 16:55:42.291   196   602 D audio_hw_primary: disable_snd_device: snd_device(3: speaker-reverse)
12-11 16:55:42.441 13169 13322 I art     : Starting a blocking GC Explicit
12-11 16:55:42.460 13169 13322 I art     : Explicit concurrent mark sweep GC freed 1428(80KB) AllocSpace objects, 1(20KB) LOS objects, 40% free, 8MB/13MB, paused 366us total 17.761ms
12-11 16:55:42.479 13169 13322 I art     : Starting a blocking GC Explicit
12-11 16:55:42.496 13169 13322 I art     : Explicit concurrent mark sweep GC freed 185(9KB) AllocSpace objects, 0(0B) LOS objects, 40% free, 8MB/13MB, paused 366us total 17.059ms
12-11 16:55:42.516 13169 13322 I art     : Starting a blocking GC Explicit
12-11 16:55:42.533 13169 13322 I art     : Explicit concurrent mark sweep GC freed 3(96B) AllocSpace objects, 0(0B) LOS objects, 40% free, 8MB/13MB, paused 396us total 16.906ms
12-11 16:55:42.551 13169 13322 I art     : Starting a blocking GC Explicit
12-11 16:55:42.568 13169 13322 I art     : Explicit concurrent mark sweep GC freed 3(96B) AllocSpace objects, 0(0B) LOS objects, 40% free, 8MB/13MB, paused 305us total 16.876ms
12-11 16:55:42.587 13169 13322 I art     : Starting a blocking GC Explicit
12-11 16:55:42.604 13169 13322 I art     : Explicit concurrent mark sweep GC freed 3(96B) AllocSpace objects, 0(0B) LOS objects, 40% free, 8MB/13MB, paused 335us total 16.937ms
12-11 16:55:42.782   609   627 I art     : Starting a blocking GC Explicit
12-11 16:55:42.936   609   627 I art     : Explicit concurrent mark sweep GC freed 27604(1531KB) AllocSpace objects, 12(244KB) LOS objects, 33% free, 25MB/37MB, paused 2.136ms total 153.747ms
