12-12 13:34:21.131  1027  1713 D ActivityManager:  getDeferredInfo final delay 600
12-12 13:34:21.141  1027  1133 I InputDispatcher: Delivering touch to (1230): action: 0x4, toolType: 0
12-12 13:34:21.141  1027  1133 I InputDispatcher: Delivering touch to (15547): action: 0x0, toolType: 0
12-12 13:34:21.141 15547 15547 D ViewRootImpl: ViewPostImeInputStage ACTION_DOWN
12-12 13:34:21.141  1027  1133 I InputDispatcher: Delivering touch to (15547): action: 0x1, toolType: 0
12-12 13:34:21.151 15731 15731 I PCWCLIENTTRACE_PushUtil: SPPPushClient is installed : true
12-12 13:34:21.151 15731 15731 I PCWCLIENTTRACE_PushUtil: sales region : global
12-12 13:34:21.151 15731 15731 I PCWCLIENTTRACE_PushUtil: getPushTypeList : [SPP, GCM]
12-12 13:34:21.151 15731 15731 I PCWCLIENTTRACE_SYSTEMReceiver: [onReceive] - android.intent.action.PACKAGE_ADDED
12-12 13:34:21.151  1027  1606 V BroadcastQueue: [background] Process cur broadcast BroadcastRecord{214871c3 u0 android.intent.action.PACKAGE_ADDED} DELIVERED for app ProcessRecord{c7d045e 14854:com.android.vending/u0a24}
12-12 13:34:21.161  1027  1052 V BroadcastQueue: [backgroundsplit_0] Process cur broadcast BroadcastRecord{3136671f u0 android.intent.action.PACKAGE_ADDED} DELIVERED for app ProcessRecord{546f293 2508:com.android.contacts/u0a16}
12-12 13:34:21.171  1027  1713 V BroadcastQueue: [backgroundsplit_0] Process cur broadcast BroadcastRecord{3136671f u0 android.intent.action.PACKAGE_ADDED} DELIVERED for app ProcessRecord{24372374 14804:com.sec.android.gallery3d/u0a38}
12-12 13:34:21.171 14804 14804 I PackagesMonitor: PackagesMonitor onReceive :com.example.snoopy
12-12 13:34:21.171 15747 15747 W ContextImpl: Calling a method in the system process without a qualified user: android.app.ContextImpl.startService:2136 android.content.ContextWrapper.startService:534 android.content.ContextWrapper.startService:534 com.samsung.android.app.assistantmenu.AssistantMenuReceiver.onReceive:147 android.app.ActivityThread.handleReceiver:3491 
12-12 13:34:21.181  1027  1772 V BroadcastQueue: [background] Process cur broadcast BroadcastRecord{214871c3 u0 android.intent.action.PACKAGE_ADDED} DELIVERED for app ProcessRecord{14e4563b 14942:com.policydm/1000}
12-12 13:34:21.181  1027  1496 D ActivityManager: startService callerProcessName:com.samsung.android.app.assistantmenu, calleePkgName: com.samsung.android.app.assistantmenu
12-12 13:34:21.181 14942 14942 I DBG_POLICYDM: [com.policydm.XSPPReceiver(52/onReceive)] ACTION_PACKAGE_ADDED. mPkgName:com.example.snoopy
12-12 13:34:21.181  1027  1039 D ActivityManager: BGQ getDeferredInfo app launch 300
12-12 13:34:21.191  1027  1771 D ActivityManager: BGQ getDeferredInfo app launch 300
12-12 13:34:21.191  1027  1771 D ActivityManager: BGQ getDeferredInfo app launch 300
12-12 13:34:21.191  1027  1771 I ActivityManager: Killing 14886:com.sec.knox.bridge/1000 (adj 15): empty #31
12-12 13:34:21.201  1027  1133 I InputDispatcher: Delivering touch to (1230): action: 0x4, toolType: 0
12-12 13:34:21.201  1027  1133 I InputDispatcher: Delivering touch to (15547): action: 0x0, toolType: 0
12-12 13:34:21.201 15547 15547 D ViewRootImpl: ViewPostImeInputStage ACTION_DOWN
12-12 13:34:21.201 15714 15714 V ConcreteDeviceInfoLoader: deviceInfo simOperator : 310260
12-12 13:34:21.201  1027  1133 I InputDispatcher: Delivering touch to (15547): action: 0x1, toolType: 0
12-12 13:34:21.201  1027  1039 I ActivityManager: Killing 14356:com.google.android.apps.plus/u0a115 (adj 15): empty #31
12-12 13:34:21.241 15714 15714 V ConcreteDeviceInfoLoader: deviceInfo simOperator : 310260
12-12 13:34:21.241 15714 15714 V ConcreteDeviceInfoLoader: deviceInfo simOperator : 310260
12-12 13:34:21.261  1027  1133 I InputDispatcher: Delivering touch to (1230): action: 0x4, toolType: 0
12-12 13:34:21.261  1027  1133 I InputDispatcher: Delivering touch to (15547): action: 0x0, toolType: 0
12-12 13:34:21.261 15714 15714 D [SAUI]  : StickerCenterInfo::::StickerCenterInfo
12-12 13:34:21.261 15547 15547 D ViewRootImpl: ViewPostImeInputStage ACTION_DOWN
12-12 13:34:21.261  1027  1133 I InputDispatcher: Delivering touch to (15547): action: 0x1, toolType: 0
12-12 13:34:21.271  1027  1343 W WindowManager: Execute app transition: mNextAppTransition=0xffffffff displayId = 0
12-12 13:34:21.271  1027  1343 W WindowManager: java.lang.RuntimeException: here
12-12 13:34:21.271  1027  1343 W WindowManager: 	at com.android.server.wm.WindowManagerService.executeAppTransition(WindowManagerService.java:7314)
12-12 13:34:21.271  1027  1343 W WindowManager: 	at com.android.server.am.ActivityStack.resumeTopActivityInnerLocked(ActivityStack.java:2575)
12-12 13:34:21.271  1027  1343 W WindowManager: 	at com.android.server.am.ActivityStack.resumeTopActivityLocked(ActivityStack.java:2492)
12-12 13:34:21.271  1027  1343 W WindowManager: 	at com.android.server.am.ActivityStackSupervisor.resumeTopActivitiesLocked(ActivityStackSupervisor.java:4478)
12-12 13:34:21.271  1027  1343 W WindowManager: 	at com.android.server.am.ActivityStackSupervisor.resumeTopActivitiesLocked(ActivityStackSupervisor.java:4451)
12-12 13:34:21.271  1027  1343 W WindowManager: 	at com.android.server.am.ActivityManagerService.handleAppDiedLocked(ActivityManagerService.java:7067)
12-12 13:34:21.271  1027  1343 W WindowManager: 	at com.android.server.am.ActivityManagerService.appDiedLocked(ActivityManagerService.java:7248)
12-12 13:34:21.271  1027  1343 W WindowManager: 	at com.android.server.am.ActivityManagerService$AppDeathRecipient.binderDied(ActivityManagerService.java:1754)
12-12 13:34:21.271  1027  1343 W WindowManager: 	at android.os.BinderProxy.sendDeathNotice(Binder.java:566)
12-12 13:34:21.271  1027  1040 W WindowManager: Execute app transition: mNextAppTransition=0xffffffff displayId = 0
12-12 13:34:21.271  1027  1040 W WindowManager: java.lang.RuntimeException: here
12-12 13:34:21.271  1027  1040 W WindowManager: 	at com.android.server.wm.WindowManagerService.executeAppTransition(WindowManagerService.java:7314)
12-12 13:34:21.271  1027  1040 W WindowManager: 	at com.android.server.am.ActivityStack.resumeTopActivityInnerLocked(ActivityStack.java:2575)
12-12 13:34:21.271  1027  1040 W WindowManager: 	at com.android.server.am.ActivityStack.resumeTopActivityLocked(ActivityStack.java:2492)
12-12 13:34:21.271  1027  1040 W WindowManager: 	at com.android.server.am.ActivityStackSupervisor.resumeTopActivitiesLocked(ActivityStackSupervisor.java:4478)
12-12 13:34:21.271  1027  1040 W WindowManager: 	at com.android.server.am.ActivityStackSupervisor.resumeTopActivitiesLocked(ActivityStackSupervisor.java:4451)
12-12 13:34:21.271  1027  1040 W WindowManager: 	at com.android.server.am.ActivityManagerService.handleAppDiedLocked(ActivityManagerService.java:7067)
12-12 13:34:21.271  1027  1040 W WindowManager: 	at com.android.server.am.ActivityManagerService.appDiedLocked(ActivityManagerService.java:7248)
12-12 13:34:21.271  1027  1040 W WindowManager: 	at com.android.server.am.ActivityManagerService$AppDeathRecipient.binderDied(ActivityManagerService.java:1754)
12-12 13:34:21.271  1027  1040 W WindowManager: 	at android.os.BinderProxy.sendDeathNotice(Binder.java:566)
12-12 13:34:21.281 12769 12769 I WearableService: Wearable Services stopping
12-12 13:34:21.311  1027  1133 I InputDispatcher: Delivering touch to (1230): action: 0x4, toolType: 0
12-12 13:34:21.311  1027  1133 I InputDispatcher: Delivering touch to (15547): action: 0x0, toolType: 0
12-12 13:34:21.311 15547 15547 D ViewRootImpl: ViewPostImeInputStage ACTION_DOWN
12-12 13:34:21.311  1027  1133 I InputDispatcher: Delivering touch to (15547): action: 0x1, toolType: 0
12-12 13:34:21.331 15714 15714 D [SAUI]  : StickerCenterAsyncQueryHandler::::startAllStickerItemInfoQuery content://null/noBlob/sticker/*
12-12 13:34:21.341 15714 15767 E ActivityThread: Failed to find provider info for null
12-12 13:34:21.361 15714 15714 D Sppmt   : Test mode:false, cfgFileExist:false, canWrite:false
12-12 13:34:21.361  1027  1343 D ActivityManager: startService callerProcessName:com.sec.android.app.samsungapps, calleePkgName: com.sec.android.app.samsungapps
12-12 13:34:21.371  1027  1133 I InputDispatcher: Delivering touch to (1230): action: 0x0, toolType: 0
12-12 13:34:21.371  1230  1230 D ViewRootImpl: ViewPostImeInputStage ACTION_DOWN
12-12 13:34:21.371 15714 15714 D ReflectUtils: Cannot load field: SEM_INT
12-12 13:34:21.371  1027  1133 I InputDispatcher: Delivering touch to (1230): action: 0x1, toolType: 0
12-12 13:34:21.391 15714 15714 D SamsungApps: GalaxyApps Application onCreate called...
12-12 13:34:21.391  1027  1606 D ActivityManager: BGQ getDeferredInfo app launch 300
12-12 13:34:21.391 15714 15714 D [SAUI]  : Global::recovered::false
12-12 13:34:21.391 15714 15714 D [SAUI]  : StickerCenterAsyncQueryHandler::::cursor is empty
12-12 13:34:21.421  1027  1133 I InputDispatcher: Delivering touch to (1230): action: 0x4, toolType: 0
12-12 13:34:21.421  1027  1133 I InputDispatcher: Delivering touch to (15547): action: 0x0, toolType: 0
12-12 13:34:21.421 15547 15547 D ViewRootImpl: ViewPostImeInputStage ACTION_DOWN
12-12 13:34:21.431  1027  1606 I ActivityManager: Killing 14909:com.samsung.android.app.watchmanagerstub/u0a93 (adj 15): empty #31
12-12 13:34:21.441  1027  1133 I InputDispatcher: Delivering touch to (15547): action: 0x1, toolType: 0
12-12 13:34:21.491  1027  1133 I InputDispatcher: Delivering touch to (1230): action: 0x4, toolType: 0
12-12 13:34:21.491  1027  1133 I InputDispatcher: Delivering touch to (15547): action: 0x0, toolType: 0
12-12 13:34:21.491 15547 15547 D ViewRootImpl: ViewPostImeInputStage ACTION_DOWN
12-12 13:34:21.491  1027  1133 I InputDispatcher: Delivering touch to (15547): action: 0x1, toolType: 0
12-12 13:34:21.491 15547 15561 I art     : Explicit concurrent mark sweep GC freed 1232(68KB) AllocSpace objects, 1(16KB) LOS objects, 39% free, 8MB/14MB, paused 1.878ms total 29.661ms
12-12 13:34:21.501 15782 15782 E Zygote  : MountEmulatedStorage()
12-12 13:34:21.501 15782 15782 E Zygote  : v2
12-12 13:34:21.501 15782 15782 I libpersona: KNOX_SDCARD checking this for 1000
12-12 13:34:21.501 15782 15782 I libpersona: KNOX_SDCARD not a persona
12-12 13:34:21.501 15782 15782 I SELinux : Function: selinux_compare_spd_ram, SPD-policy is existed. and_ver=SEPF_SM-E500H_5.1.1 ver=51
12-12 13:34:21.501  1027  1052 I ActivityManager: Start proc 15782:com.samsung.android.bbc.bbcagent/1000 for broadcast-4 com.samsung.android.bbc.bbcagent/.bbccontroller.receiver.PackageEventReceiver
12-12 13:34:21.511 15782 15782 I SELinux : Function: selinux_compare_spd_ram , priority [1] , priority version is VE=SEPF_SM-E500H_5.1.1_0051
12-12 13:34:21.511 15782 15782 E SELinux : [DEBUG] get_category: variable seinfo: platform sensitivity: NULL, cateogry: NULL
12-12 13:34:21.541 15782 15782 D TimaKeyStoreProvider: TimaSignature is unavailable
12-12 13:34:21.541 15782 15782 D ActivityThread: Added TimaKeyStore provider
12-12 13:34:21.551  1027  1133 I InputDispatcher: Delivering touch to (1230): action: 0x4, toolType: 0
12-12 13:34:21.551 15547 15547 D ViewRootImpl: ViewPostImeInputStage ACTION_DOWN
12-12 13:34:21.551  1027  1133 I InputDispatcher: Delivering touch to (15547): action: 0x0, toolType: 0
12-12 13:34:21.551 15798 15798 E Zygote  : MountEmulatedStorage()
12-12 13:34:21.551  1027  1052 I ActivityManager: Start proc 15798:com.sec.spp.push/u0a29 for broadcast-3 com.sec.spp.push/.receiver.PackageInfoChangeReceiver
12-12 13:34:21.551 15798 15798 E Zygote  : v2
12-12 13:34:21.551 15798 15798 I libpersona: KNOX_SDCARD checking this for 10029
12-12 13:34:21.551 15798 15798 I libpersona: KNOX_SDCARD not a persona
12-12 13:34:21.551  1027  1133 I InputDispatcher: Delivering touch to (15547): action: 0x1, toolType: 0
12-12 13:34:21.551 15798 15798 I SELinux : Function: selinux_compare_spd_ram, SPD-policy is existed. and_ver=SEPF_SM-E500H_5.1.1 ver=51
12-12 13:34:21.561  1027  1052 V BroadcastQueue: [backgroundsplit_0] Process cur broadcast BroadcastRecord{3136671f u0 android.intent.action.PACKAGE_ADDED} DELIVERED for app ProcessRecord{1c535219 4602:com.android.mms/u0a40}
12-12 13:34:21.561 15798 15798 I SELinux : Function: selinux_compare_spd_ram , priority [1] , priority version is VE=SEPF_SM-E500H_5.1.1_0051
12-12 13:34:21.561  1027  1039 V BroadcastQueue: [backgroundsplit_1] Process cur broadcast BroadcastRecord{12680d79 u0 android.intent.action.PACKAGE_ADDED} DELIVERED for app ProcessRecord{117b075d 15782:com.samsung.android.bbc.bbcagent/1000}
12-12 13:34:21.561  1027  1496 W WindowManager: Execute app transition: mNextAppTransition=0xffffffff displayId = 0
12-12 13:34:21.561  1027  1496 W WindowManager: java.lang.RuntimeException: here
12-12 13:34:21.561  1027  1496 W WindowManager: 	at com.android.server.wm.WindowManagerService.executeAppTransition(WindowManagerService.java:7314)
12-12 13:34:21.561  1027  1496 W WindowManager: 	at com.android.server.am.ActivityStack.resumeTopActivityInnerLocked(ActivityStack.java:2575)
12-12 13:34:21.561  1027  1496 W WindowManager: 	at com.android.server.am.ActivityStack.resumeTopActivityLocked(ActivityStack.java:2492)
12-12 13:34:21.561  1027  1496 W WindowManager: 	at com.android.server.am.ActivityStackSupervisor.resumeTopActivitiesLocked(ActivityStackSupervisor.java:4478)
12-12 13:34:21.561  1027  1496 W WindowManager: 	at com.android.server.am.ActivityStackSupervisor.resumeTopActivitiesLocked(ActivityStackSupervisor.java:4451)
12-12 13:34:21.561  1027  1496 W WindowManager: 	at com.android.server.am.ActivityManagerService.handleAppDiedLocked(ActivityManagerService.java:7067)
12-12 13:34:21.561  1027  1496 W WindowManager: 	at com.android.server.am.ActivityManagerService.appDiedLocked(ActivityManagerService.java:7248)
12-12 13:34:21.561  1027  1496 W WindowManager: 	at com.android.server.am.ActivityManagerService$AppDeathRecipient.binderDied(ActivityManagerService.java:1754)
12-12 13:34:21.561  1027  1496 W WindowManager: 	at android.os.BinderProxy.sendDeathNotice(Binder.java:566)
12-12 13:34:21.571  1027  1606 D ActivityManager: BGQ getDeferredInfo app launch 300
12-12 13:34:21.571 15798 15798 E SELinux : [DEBUG] get_category: variable seinfo: samsung sensitivity: NULL, cateogry: NULL
12-12 13:34:21.581 15782 15782 W ResourcesManager: Asset path '/system/framework/com.samsung.bbccommon.jar' does not exist or contains no resources.
12-12 13:34:21.581 15798 15798 D TimaKeyStoreProvider: TimaSignature is unavailable
12-12 13:34:21.581 15798 15798 D ActivityThread: Added TimaKeyStore provider
12-12 13:34:21.591 12797 12869 I Icing   : Indexing 53DC444651B7B9716001054E1A95DF41309528EE from com.google.android.googlequicksearchbox
12-12 13:34:21.591 15547 15561 I art     : Explicit concurrent mark sweep GC freed 30(920B) AllocSpace objects, 0(0B) LOS objects, 40% free, 8MB/14MB, paused 863us total 36.030ms
12-12 13:34:21.591  1027  1471 V BroadcastQueue: [background] Process cur broadcast BroadcastRecord{214871c3 u0 android.intent.action.PACKAGE_ADDED} DELIVERED for app ProcessRecord{3c8ea8d2 15798:com.sec.spp.push/u0a29}
12-12 13:34:21.611  1027  1133 I InputDispatcher: Delivering touch to (1230): action: 0x4, toolType: 0
12-12 13:34:21.611  1027  1133 I InputDispatcher: Delivering touch to (15547): action: 0x0, toolType: 0
12-12 13:34:21.611 15547 15547 D ViewRootImpl: ViewPostImeInputStage ACTION_DOWN
12-12 13:34:21.621  1027  1133 I InputDispatcher: Delivering touch to (15547): action: 0x1, toolType: 0
12-12 13:34:21.671 15798 15798 D SPPClientService: Create
12-12 13:34:21.681  1027  1133 I InputDispatcher: Delivering touch to (1230): action: 0x4, toolType: 0
12-12 13:34:21.681  1027  1133 I InputDispatcher: Delivering touch to (15547): action: 0x0, toolType: 0
12-12 13:34:21.681 15547 15547 D ViewRootImpl: ViewPostImeInputStage ACTION_DOWN
12-12 13:34:21.681 15798 15813 D SPPClientService: Create SPP
12-12 13:34:21.681 15798 15813 E SPPClientService: ShipBuild Binary : True
12-12 13:34:21.681 15547 15561 I art     : Explicit concurrent mark sweep GC freed 15(384B) AllocSpace objects, 0(0B) LOS objects, 40% free, 8MB/14MB, paused 1.064ms total 30.028ms
12-12 13:34:21.711 15814 15814 E Zygote  : MountEmulatedStorage()
12-12 13:34:21.711 15814 15814 E Zygote  : v2
12-12 13:34:21.711  1027  1810 I ActivityManager: Start proc 15814:com.sec.spp.push:RemoteNotiProcess/u0a29 for broadcast-3 com.sec.spp.push/.notisvc.registration.PackageChangeEventReceiver
12-12 13:34:21.711  1027  1810 I ActivityManager: Killing 14957:com.google.android.gms:car/u0a8 (adj 15): empty #31
12-12 13:34:21.711 15814 15814 I libpersona: KNOX_SDCARD checking this for 10029
12-12 13:34:21.711 15814 15814 I libpersona: KNOX_SDCARD not a persona
12-12 13:34:21.711 15814 15814 I SELinux : Function: selinux_compare_spd_ram, SPD-policy is existed. and_ver=SEPF_SM-E500H_5.1.1 ver=51
12-12 13:34:21.721 15814 15814 I SELinux : Function: selinux_compare_spd_ram , priority [1] , priority version is VE=SEPF_SM-E500H_5.1.1_0051
12-12 13:34:21.731 15814 15814 E SELinux : [DEBUG] get_category: variable seinfo: samsung sensitivity: NULL, cateogry: NULL
12-12 13:34:21.731  1027  1052 V BroadcastQueue: [backgroundsplit_2] Process cur broadcast BroadcastRecord{3cd30835 u0 android.intent.action.PACKAGE_ADDED} DELIVERED for app ProcessRecord{20e09642 12797:com.google.android.gms/u0a8}
12-12 13:34:21.741  1027  1133 I InputDispatcher: Delivering touch to (15547): action: 0x1, toolType: 0
12-12 13:34:21.761 15814 15814 D TimaKeyStoreProvider: TimaSignature is unavailable
12-12 13:34:21.761 15814 15814 D ActivityThread: Added TimaKeyStore provider
12-12 13:34:21.771 15798 15813 D SPPClientService: PushLog.txt file is not deleted.
12-12 13:34:21.771 15798 15813 D SPPClientService: PushLog.txt file is not deleted.
12-12 13:34:21.771 15830 15830 E Zygote  : MountEmulatedStorage()
12-12 13:34:21.771 12797 12869 I Icing   : Indexing done 53DC444651B7B9716001054E1A95DF41309528EE
12-12 13:34:21.771 15798 15813 D SPPClientService: ============PushLog. stop!
12-12 13:34:21.771 15830 15830 E Zygote  : v2
12-12 13:34:21.771 15830 15830 I libpersona: KNOX_SDCARD checking this for 1000
12-12 13:34:21.771 15830 15830 I libpersona: KNOX_SDCARD not a persona
12-12 13:34:21.771 15830 15830 I SELinux : Function: selinux_compare_spd_ram, SPD-policy is existed. and_ver=SEPF_SM-E500H_5.1.1 ver=51
12-12 13:34:21.771  1027  1052 I ActivityManager: Start proc 15830:com.samsung.android.securitylogagent/1000 for broadcast-5 com.samsung.android.securitylogagent/.receivers.NetworkReceiver
12-12 13:34:21.781 15830 15830 I SELinux : Function: selinux_compare_spd_ram , priority [1] , priority version is VE=SEPF_SM-E500H_5.1.1_0051
12-12 13:34:21.781 15547 15561 I art     : Explicit concurrent mark sweep GC freed 11(288B) AllocSpace objects, 0(0B) LOS objects, 40% free, 8MB/14MB, paused 931us total 30.638ms
12-12 13:34:21.781 15830 15830 E SELinux : [DEBUG] get_category: variable seinfo: platform sensitivity: NULL, cateogry: NULL
12-12 13:34:21.791  1027  6760 W WindowManager: Execute app transition: mNextAppTransition=0xffffffff displayId = 0
12-12 13:34:21.791  1027  6760 W WindowManager: java.lang.RuntimeException: here
12-12 13:34:21.791  1027  6760 W WindowManager: 	at com.android.server.wm.WindowManagerService.executeAppTransition(WindowManagerService.java:7314)
12-12 13:34:21.791  1027  6760 W WindowManager: 	at com.android.server.am.ActivityStack.resumeTopActivityInnerLocked(ActivityStack.java:2575)
12-12 13:34:21.791  1027  6760 W WindowManager: 	at com.android.server.am.ActivityStack.resumeTopActivityLocked(ActivityStack.java:2492)
12-12 13:34:21.791  1027  6760 W WindowManager: 	at com.android.server.am.ActivityStackSupervisor.resumeTopActivitiesLocked(ActivityStackSupervisor.java:4478)
12-12 13:34:21.791  1027  6760 W WindowManager: 	at com.android.server.am.ActivityStackSupervisor.resumeTopActivitiesLocked(ActivityStackSupervisor.java:4451)
12-12 13:34:21.791  1027  6760 W WindowManager: 	at com.android.server.am.ActivityManagerService.handleAppDiedLocked(ActivityManagerService.java:7067)
12-12 13:34:21.791  1027  6760 W WindowManager: 	at com.android.server.am.ActivityManagerService.appDiedLocked(ActivityManagerService.java:7248)
12-12 13:34:21.791  1027  6760 W WindowManager: 	at com.android.server.am.ActivityManagerService$AppDeathRecipient.binderDied(ActivityManagerService.java:1754)
12-12 13:34:21.791  1027  6760 W WindowManager: 	at android.os.BinderProxy.sendDeathNotice(Binder.java:566)
12-12 13:34:21.791  1027  1713 D ActivityManager: BGQ getDeferredInfo app launch 300
12-12 13:34:21.801  1027  1606 V BroadcastQueue: [background] Process cur broadcast BroadcastRecord{214871c3 u0 android.intent.action.PACKAGE_ADDED} DELIVERED for app ProcessRecord{34d1a8a0 15814:com.sec.spp.push:RemoteNotiProcess/u0a29}
12-12 13:34:21.801  1027  1713 D ActivityManager: BGQ getDeferredInfo app launch 300
12-12 13:34:21.811 15830 15830 D TimaKeyStoreProvider: TimaSignature is unavailable
12-12 13:34:21.811 15830 15830 D ActivityThread: Added TimaKeyStore provider
12-12 13:34:21.811  1027  1772 I ActivityManager: Killing 15042:com.google.android.configupdater/u0a78 (adj 15): empty #31
12-12 13:34:21.811  1027  1133 I InputDispatcher: Delivering touch to (1230): action: 0x4, toolType: 0
12-12 13:34:21.811  1027  1133 I InputDispatcher: Delivering touch to (15547): action: 0x0, toolType: 0
12-12 13:34:21.811 15547 15547 D ViewRootImpl: ViewPostImeInputStage ACTION_DOWN
12-12 13:34:21.821  1027  1133 I InputDispatcher: Delivering touch to (15547): action: 0x1, toolType: 0
12-12 13:34:21.831   301   301 I art     : Explicit concurrent mark sweep GC freed 8766(373KB) AllocSpace objects, 0(0B) LOS objects, 39% free, 7MB/11MB, paused 1.276ms total 52.223ms
12-12 13:34:21.831  1027  1496 V BroadcastQueue: [deferred] Process cur broadcast BroadcastRecord{1617bcd2 u-1 android.net.conn.CONNECTIVITY_CHANGE} DELIVERED for app ProcessRecord{2a65bc59 15830:com.samsung.android.securitylogagent/1000}
12-12 13:34:21.851   301   301 I art     : Explicit concurrent mark sweep GC freed 5(160B) AllocSpace objects, 0(0B) LOS objects, 39% free, 7MB/11MB, paused 822us total 21.610ms
12-12 13:34:21.871 15814 15814 D SPPClientService: Create
12-12 13:34:21.881  1027  1133 I InputDispatcher: Delivering touch to (1230): action: 0x4, toolType: 0
12-12 13:34:21.881  1027  1133 I InputDispatcher: Delivering touch to (15547): action: 0x0, toolType: 0
12-12 13:34:21.881 15547 15547 D ViewRootImpl: ViewPostImeInputStage ACTION_DOWN
12-12 13:34:21.881 15547 15561 I art     : Explicit concurrent mark sweep GC freed 9(240B) AllocSpace objects, 0(0B) LOS objects, 40% free, 8MB/14MB, paused 1.006ms total 30.737ms
12-12 13:34:21.891   301   301 I art     : Explicit concurrent mark sweep GC freed 5(160B) AllocSpace objects, 0(0B) LOS objects, 39% free, 7MB/11MB, paused 879us total 30.669ms
12-12 13:34:21.891  1027  1810 D ConnectivityService: returning getNetworkInfo for network type 1 : [type: WIFI[] - WIFI, state: CONNECTED/CONNECTED, reason: (unspecified), extra: "9902007673", roaming: false, failover: false, isAvailable: true, isConnectedToProvisioningNetwork: false]
12-12 13:34:21.901 15830 15830 D SecurityLogAgent: KnoxConfiguration : Current State = 1
12-12 13:34:21.901 15830 15830 D SecurityLogAgent: KnoxConfiguration : Current State Mapping Found 
12-12 13:34:21.901 15830 15830 D SecurityLogAgent: StateMachine : Current State = 1
12-12 13:34:21.901  1027  1133 I InputDispatcher: Delivering touch to (15547): action: 0x1, toolType: 0
12-12 13:34:21.901  1027  1606 D ConnectivityService: returning getNetworkInfo for network type 1 : [type: WIFI[] - WIFI, state: CONNECTED/CONNECTED, reason: (unspecified), extra: "9902007673", roaming: false, failover: false, isAvailable: true, isConnectedToProvisioningNetwork: false]
12-12 13:34:21.911 15849 15849 E Zygote  : MountEmulatedStorage()
12-12 13:34:21.911 15849 15849 E Zygote  : v2
12-12 13:34:21.911 15849 15849 I libpersona: KNOX_SDCARD checking this for 10041
12-12 13:34:21.911 15849 15849 I libpersona: KNOX_SDCARD not a persona
12-12 13:34:21.911 15849 15849 I SELinux : Function: selinux_compare_spd_ram, SPD-policy is existed. and_ver=SEPF_SM-E500H_5.1.1 ver=51
12-12 13:34:21.911  1027  1052 I ActivityManager: Start proc 15849:com.sec.android.app.myfiles/u0a41 for broadcast-4 com.sec.android.app.myfiles/.receiver.MyFilesReceiver
12-12 13:34:21.921  1027  1039 D ActivityManager: BGQ getDeferredInfo app launch 300
12-12 13:34:21.921  1027  1039 I ActivityManager: Killing 15128:com.sec.android.widgetapp.activeapplicationwidget/u0a135 (adj 15): empty #31
12-12 13:34:21.921 15814 15846 D SPPClientService: Create
12-12 13:34:21.921 15849 15849 I SELinux : Function: selinux_compare_spd_ram , priority [1] , priority version is VE=SEPF_SM-E500H_5.1.1_0051
12-12 13:34:21.921 15814 15846 E SPPClientService: ShipBuild Binary : True
12-12 13:34:21.921 15849 15849 E SELinux : [DEBUG] get_category: variable seinfo: platform sensitivity: NULL, cateogry: NULL
12-12 13:34:21.921 15830 15830 D SecurityLogAgent: StateMachine : Changed Current State = 1
12-12 13:34:21.931  1027  6760 W WindowManager: Execute app transition: mNextAppTransition=0xffffffff displayId = 0
12-12 13:34:21.931  1027  6760 W WindowManager: java.lang.RuntimeException: here
12-12 13:34:21.931  1027  6760 W WindowManager: 	at com.android.server.wm.WindowManagerService.executeAppTransition(WindowManagerService.java:7314)
12-12 13:34:21.931  1027  6760 W WindowManager: 	at com.android.server.am.ActivityStack.resumeTopActivityInnerLocked(ActivityStack.java:2575)
12-12 13:34:21.931  1027  6760 W WindowManager: 	at com.android.server.am.ActivityStack.resumeTopActivityLocked(ActivityStack.java:2492)
12-12 13:34:21.931  1027  6760 W WindowManager: 	at com.android.server.am.ActivityStackSupervisor.resumeTopActivitiesLocked(ActivityStackSupervisor.java:4478)
12-12 13:34:21.931  1027  6760 W WindowManager: 	at com.android.server.am.ActivityStackSupervisor.resumeTopActivitiesLocked(ActivityStackSupervisor.java:4451)
12-12 13:34:21.931  1027  6760 W WindowManager: 	at com.android.server.am.ActivityManagerService.handleAppDiedLocked(ActivityManagerService.java:7067)
12-12 13:34:21.931  1027  6760 W WindowManager: 	at com.android.server.am.ActivityManagerService.appDiedLocked(ActivityManagerService.java:7248)
12-12 13:34:21.931  1027  6760 W WindowManager: 	at com.android.server.am.ActivityManagerService$AppDeathRecipient.binderDied(ActivityManagerService.java:1754)
12-12 13:34:21.931  1027  6760 W WindowManager: 	at android.os.BinderProxy.sendDeathNotice(Binder.java:566)
12-12 13:34:21.941  1027  1343 D ActivityManager:  getDeferredInfo final delay 900
12-12 13:34:21.941  1027  1343 I ActivityManager: Killing 15143:com.google.android.gm/u0a94 (adj 15): empty #31
12-12 13:34:21.961  1027  1133 I InputDispatcher: Delivering touch to (1230): action: 0x4, toolType: 0
12-12 13:34:21.961  1027  1133 I InputDispatcher: Delivering touch to (15547): action: 0x0, toolType: 0
12-12 13:34:21.961 15547 15547 D ViewRootImpl: ViewPostImeInputStage ACTION_DOWN
12-12 13:34:21.961 15849 15849 D TimaKeyStoreProvider: TimaSignature is unavailable
12-12 13:34:21.961 15849 15849 D ActivityThread: Added TimaKeyStore provider
12-12 13:34:21.971  1027  1039 V BroadcastQueue: [backgroundsplit_0] Process cur broadcast BroadcastRecord{3136671f u0 android.intent.action.PACKAGE_ADDED} DELIVERED for app ProcessRecord{128a801e 15849:com.sec.android.app.myfiles/u0a41}
12-12 13:34:21.971  1027  6760 W WindowManager: Execute app transition: mNextAppTransition=0xffffffff displayId = 0
12-12 13:34:21.971  1027  6760 W WindowManager: java.lang.RuntimeException: here
12-12 13:34:21.971  1027  6760 W WindowManager: 	at com.android.server.wm.WindowManagerService.executeAppTransition(WindowManagerService.java:7314)
12-12 13:34:21.971  1027  6760 W WindowManager: 	at com.android.server.am.ActivityStack.resumeTopActivityInnerLocked(ActivityStack.java:2575)
12-12 13:34:21.971  1027  6760 W WindowManager: 	at com.android.server.am.ActivityStack.resumeTopActivityLocked(ActivityStack.java:2492)
12-12 13:34:21.971  1027  6760 W WindowManager: 	at com.android.server.am.ActivityStackSupervisor.resumeTopActivitiesLocked(ActivityStackSupervisor.java:4478)
12-12 13:34:21.971  1027  6760 W WindowManager: 	at com.android.server.am.ActivityStackSupervisor.resumeTopActivitiesLocked(ActivityStackSupervisor.java:4451)
12-12 13:34:21.971  1027  6760 W WindowManager: 	at com.android.server.am.ActivityManagerService.handleAppDiedLocked(ActivityManagerService.java:7067)
12-12 13:34:21.971  1027  6760 W WindowManager: 	at com.android.server.am.ActivityManagerService.appDiedLocked(ActivityManagerService.java:7248)
12-12 13:34:21.971  1027  6760 W WindowManager: 	at com.android.server.am.ActivityManagerService$AppDeathRecipient.binderDied(ActivityManagerService.java:1754)
12-12 13:34:21.971  1027  6760 W WindowManager: 	at android.os.BinderProxy.sendDeathNotice(Binder.java:566)
12-12 13:34:21.981  1027  1133 I InputDispatcher: Delivering touch to (15547): action: 0x1, toolType: 0
12-12 13:34:21.981 15849 15849 W ResourcesManager: Asset path '/system/framework/twframework.jar' does not exist or contains no resources.
12-12 13:34:21.981 15849 15849 W ResourcesManager: Asset path '/system/framework/allshare.jar' does not exist or contains no resources.
12-12 13:34:21.981 15849 15849 W ResourcesManager: Asset path '/system/framework/secvision.jar' does not exist or contains no resources.
12-12 13:34:22.001  1027  1769 W WindowManager: Execute app transition: mNextAppTransition=0xffffffff displayId = 0
12-12 13:34:22.001  1027  1769 W WindowManager: java.lang.RuntimeException: here
12-12 13:34:22.001  1027  1769 W WindowManager: 	at com.android.server.wm.WindowManagerService.executeAppTransition(WindowManagerService.java:7314)
12-12 13:34:22.001  1027  1769 W WindowManager: 	at com.android.server.am.ActivityStack.resumeTopActivityInnerLocked(ActivityStack.java:2575)
12-12 13:34:22.001  1027  1769 W WindowManager: 	at com.android.server.am.ActivityStack.resumeTopActivityLocked(ActivityStack.java:2492)
12-12 13:34:22.001  1027  1769 W WindowManager: 	at com.android.server.am.ActivityStackSupervisor.resumeTopActivitiesLocked(ActivityStackSupervisor.java:4478)
12-12 13:34:22.001  1027  1769 W WindowManager: 	at com.android.server.am.ActivityStackSupervisor.resumeTopActivitiesLocked(ActivityStackSupervisor.java:4451)
12-12 13:34:22.001  1027  1769 W WindowManager: 	at com.android.server.am.ActivityManagerService.handleAppDiedLocked(ActivityManagerService.java:7067)
12-12 13:34:22.001  1027  1769 W WindowManager: 	at com.android.server.am.ActivityManagerService.appDiedLocked(ActivityManagerService.java:7248)
12-12 13:34:22.001  1027  1769 W WindowManager: 	at com.android.server.am.ActivityManagerService$AppDeathRecipient.binderDied(ActivityManagerService.java:1754)
12-12 13:34:22.001  1027  1769 W WindowManager: 	at android.os.BinderProxy.sendDeathNotice(Binder.java:566)
12-12 13:34:22.031  1027  1133 I InputDispatcher: Delivering touch to (1230): action: 0x4, toolType: 0
12-12 13:34:22.031  1027  1133 I InputDispatcher: Delivering touch to (15547): action: 0x0, toolType: 0
12-12 13:34:22.031 15547 15547 D ViewRootImpl: ViewPostImeInputStage ACTION_DOWN
12-12 13:34:22.031  1027  1133 I InputDispatcher: Delivering touch to (15547): action: 0x1, toolType: 0
12-12 13:34:22.031 15849 15849 D MyFiles : MyFilesReceiver::Received the android.intent.action.PACKAGE_ADDED
12-12 13:34:22.031  1027  1066 D ActivityManager: bindService callerProcessName:system, calleePkgName: com.android.defcontainer, action: null
12-12 13:34:22.041  1027  1343 D ActivityManager: BGQ getDeferredInfo app launch 300
12-12 13:34:22.041   278   278 E installd: system dir 0 : /system/app/
12-12 13:34:22.041   278   278 E installd: system dir 1 : /system/priv-app/
12-12 13:34:22.041   278   278 E installd: system dir 2 : /vendor/app/
12-12 13:34:22.041   278   278 E installd: system dir 3 : /oem/app/
12-12 13:34:22.051  1027  1066 D PackageManager: remove MCS_UNBIND message and Posting MCS_UNBIND 10 secs later
12-12 13:34:22.081  1027  1133 I InputDispatcher: Delivering touch to (1230): action: 0x4, toolType: 0
12-12 13:34:22.081  1027  1133 I InputDispatcher: Delivering touch to (15547): action: 0x0, toolType: 0
12-12 13:34:22.081 15547 15547 D ViewRootImpl: ViewPostImeInputStage ACTION_DOWN
12-12 13:34:22.081  1027  1133 I InputDispatcher: Delivering touch to (15547): action: 0x1, toolType: 0
12-12 13:34:22.101 15867 15867 E Zygote  : MountEmulatedStorage()
12-12 13:34:22.101 15867 15867 E Zygote  : v2
12-12 13:34:22.101 15867 15867 I libpersona: KNOX_SDCARD checking this for 1000
12-12 13:34:22.101 15867 15867 I libpersona: KNOX_SDCARD not a persona
12-12 13:34:22.101 15867 15867 I SELinux : Function: selinux_compare_spd_ram, SPD-policy is existed. and_ver=SEPF_SM-E500H_5.1.1 ver=51
12-12 13:34:22.101  1027  1052 I ActivityManager: Start proc 15867:com.sec.knox.bridge/1000 for broadcast-4 com.sec.knox.bridge/.PersonaShortcutReceiver
12-12 13:34:22.111  1027  1052 V BroadcastQueue: [backgroundsplit_2] Process cur broadcast BroadcastRecord{3cd30835 u0 android.intent.action.PACKAGE_ADDED} DELIVERED for app ProcessRecord{20e09642 12797:com.google.android.gms/u0a8}
12-12 13:34:22.111 15867 15867 I SELinux : Function: selinux_compare_spd_ram , priority [1] , priority version is VE=SEPF_SM-E500H_5.1.1_0051
12-12 13:34:22.111  1027  1769 D ActivityManager: startService callerProcessName:com.google.android.gms, calleePkgName: com.google.android.gms
12-12 13:34:22.111 15867 15867 E SELinux : [DEBUG] get_category: variable seinfo: platform sensitivity: NULL, cateogry: NULL
12-12 13:34:22.111  1027  1774 D ActivityManager: BGQ getDeferredInfo app launch 300
12-12 13:34:22.131 15867 15867 D TimaKeyStoreProvider: TimaSignature is unavailable
12-12 13:34:22.131 15867 15867 D ActivityThread: Added TimaKeyStore provider
12-12 13:34:22.131  1027  1771 V BroadcastQueue: [backgroundsplit_1] Process cur broadcast BroadcastRecord{12680d79 u0 android.intent.action.PACKAGE_ADDED} DELIVERED for app ProcessRecord{2bda802a 15867:com.sec.knox.bridge/1000}
12-12 13:34:22.141  1027  1133 I InputDispatcher: Delivering touch to (1230): action: 0x4, toolType: 0
12-12 13:34:22.141  1027  1133 I InputDispatcher: Delivering touch to (15547): action: 0x0, toolType: 0
12-12 13:34:22.141 15547 15547 D ViewRootImpl: ViewPostImeInputStage ACTION_DOWN
12-12 13:34:22.141  1027  1133 I InputDispatcher: Delivering touch to (15547): action: 0x1, toolType: 0
12-12 13:34:22.141 15867 15867 W ResourcesManager: Asset path '/system/framework/twframework.jar' does not exist or contains no resources.
12-12 13:34:22.161  1027  1773 D ActivityManager: BGQ getDeferredInfo app launch 300
12-12 13:34:22.161  1027  1773 I ActivityManager: Killing 14699:com.sec.android.widgetapp.SPlannerAppWidget/u0a126 (adj 15): empty #31
12-12 13:34:22.171  1027  1471 D ActivityManager: startService callerProcessName:com.google.android.gms, calleePkgName: com.google.android.gms
12-12 13:34:22.191  1027  1133 I InputDispatcher: Delivering touch to (1230): action: 0x4, toolType: 0
12-12 13:34:22.191  1027  1133 I InputDispatcher: Delivering touch to (15547): action: 0x0, toolType: 0
12-12 13:34:22.191 15547 15547 D ViewRootImpl: ViewPostImeInputStage ACTION_DOWN
12-12 13:34:22.201  1027  1133 I InputDispatcher: Delivering touch to (15547): action: 0x1, toolType: 0
12-12 13:34:22.241 15882 15882 E Zygote  : MountEmulatedStorage()
12-12 13:34:22.241 15882 15882 E Zygote  : v2
12-12 13:34:22.241 15882 15882 I libpersona: KNOX_SDCARD checking this for 10032
12-12 13:34:22.241 15882 15882 I libpersona: KNOX_SDCARD not a persona
12-12 13:34:22.241 15882 15882 I SELinux : Function: selinux_compare_spd_ram, SPD-policy is existed. and_ver=SEPF_SM-E500H_5.1.1 ver=51
12-12 13:34:22.251  1027  1052 I ActivityManager: Start proc 15882:com.samsung.android.sdk.samsunglink/u0a32 for broadcast-3 com.samsung.android.sdk.samsunglink/com.sec.pcw.service.push.spp.SPPReceiver
12-12 13:34:22.251  1027  6760 W WindowManager: Execute app transition: mNextAppTransition=0xffffffff displayId = 0
12-12 13:34:22.251  1027  6760 W WindowManager: java.lang.RuntimeException: here
12-12 13:34:22.251  1027  6760 W WindowManager: 	at com.android.server.wm.WindowManagerService.executeAppTransition(WindowManagerService.java:7314)
12-12 13:34:22.251  1027  6760 W WindowManager: 	at com.android.server.am.ActivityStack.resumeTopActivityInnerLocked(ActivityStack.java:2575)
12-12 13:34:22.251  1027  6760 W WindowManager: 	at com.android.server.am.ActivityStack.resumeTopActivityLocked(ActivityStack.java:2492)
12-12 13:34:22.251  1027  6760 W WindowManager: 	at com.android.server.am.ActivityStackSupervisor.resumeTopActivitiesLocked(ActivityStackSupervisor.java:4478)
12-12 13:34:22.251  1027  6760 W WindowManager: 	at com.android.server.am.ActivityStackSupervisor.resumeTopActivitiesLocked(ActivityStackSupervisor.java:4451)
12-12 13:34:22.251  1027  6760 W WindowManager: 	at com.android.server.am.ActivityManagerService.handleAppDiedLocked(ActivityManagerService.java:7067)
12-12 13:34:22.251  1027  6760 W WindowManager: 	at com.android.server.am.ActivityManagerService.appDiedLocked(ActivityManagerService.java:7248)
12-12 13:34:22.251  1027  6760 W WindowManager: 	at com.android.server.am.ActivityManagerService$AppDeathRecipient.binderDied(ActivityManagerService.java:1754)
12-12 13:34:22.251  1027  6760 W WindowManager: 	at android.os.BinderProxy.sendDeathNotice(Binder.java:566)
12-12 13:34:22.251 15882 15882 I SELinux : Function: selinux_compare_spd_ram , priority [1] , priority version is VE=SEPF_SM-E500H_5.1.1_0051
12-12 13:34:22.251 15882 15882 E SELinux : [DEBUG] get_category: variable seinfo: samsung sensitivity: NULL, cateogry: NULL
12-12 13:34:22.261  1027  1133 I InputDispatcher: Delivering touch to (1230): action: 0x4, toolType: 0
12-12 13:34:22.261  1027  1133 I InputDispatcher: Delivering touch to (15547): action: 0x0, toolType: 0
12-12 13:34:22.261 15547 15547 D ViewRootImpl: ViewPostImeInputStage ACTION_DOWN
12-12 13:34:22.271  1027  1133 I InputDispatcher: Delivering touch to (15547): action: 0x1, toolType: 0
12-12 13:34:22.281 15882 15882 D TimaKeyStoreProvider: TimaSignature is unavailable
12-12 13:34:22.281 15882 15882 D ActivityThread: Added TimaKeyStore provider
12-12 13:34:22.291  1027  1471 V BroadcastQueue: [background] Process cur broadcast BroadcastRecord{214871c3 u0 android.intent.action.PACKAGE_ADDED} DELIVERED for app ProcessRecord{9918e1b 15882:com.samsung.android.sdk.samsunglink/u0a32}
12-12 13:34:22.311 15882 15882 W ResourcesManager: Asset path '/system/framework/twframework.jar' does not exist or contains no resources.
12-12 13:34:22.311 15882 15882 W ResourcesManager: Asset path '/system/framework/allshare.jar' does not exist or contains no resources.
12-12 13:34:22.321  1027  1133 I InputDispatcher: Delivering touch to (1230): action: 0x4, toolType: 0
12-12 13:34:22.321 15547 15547 D ViewRootImpl: ViewPostImeInputStage ACTION_DOWN
12-12 13:34:22.321  1027  1133 I InputDispatcher: Delivering touch to (15547): action: 0x0, toolType: 0
12-12 13:34:22.321  1027  1133 I InputDispatcher: Delivering touch to (15547): action: 0x1, toolType: 0
12-12 13:34:22.351 15899 15899 E Zygote  : MountEmulatedStorage()
12-12 13:34:22.351 15899 15899 I libpersona: KNOX_SDCARD checking this for 1000
12-12 13:34:22.351 15899 15899 E Zygote  : v2
12-12 13:34:22.351 15899 15899 I libpersona: KNOX_SDCARD not a persona
12-12 13:34:22.351 15899 15899 I SELinux : Function: selinux_compare_spd_ram, SPD-policy is existed. and_ver=SEPF_SM-E500H_5.1.1 ver=51
12-12 13:34:22.361 15899 15899 I SELinux : Function: selinux_compare_spd_ram , priority [1] , priority version is VE=SEPF_SM-E500H_5.1.1_0051
12-12 13:34:22.361  1027  1052 I ActivityManager: Start proc 15899:com.android.settings/1000 for broadcast-4 com.android.settings/.TactileAssistBroadcastReceiver
12-12 13:34:22.361 15899 15899 E SELinux : [DEBUG] get_category: variable seinfo: platform sensitivity: NULL, cateogry: NULL
12-12 13:34:22.381 15899 15899 D TimaKeyStoreProvider: TimaSignature is unavailable
12-12 13:34:22.381  1027  1133 I InputDispatcher: Delivering touch to (1230): action: 0x4, toolType: 0
12-12 13:34:22.381  1027  1133 I InputDispatcher: Delivering touch to (15547): action: 0x0, toolType: 0
12-12 13:34:22.381 15899 15899 D ActivityThread: Added TimaKeyStore provider
12-12 13:34:22.381 15547 15547 D ViewRootImpl: ViewPostImeInputStage ACTION_DOWN
12-12 13:34:22.391  1027  1769 V BroadcastQueue: [backgroundsplit_0] Process cur broadcast BroadcastRecord{3136671f u0 android.intent.action.PACKAGE_ADDED} DELIVERED for app ProcessRecord{3027ebb8 15899:com.android.settings/1000}
12-12 13:34:22.391  1027  1133 I InputDispatcher: Delivering touch to (15547): action: 0x1, toolType: 0
12-12 13:34:22.401 15899 15899 W ResourcesManager: Asset path '/system/framework/sec_platform_library.jar' does not exist or contains no resources.
12-12 13:34:22.401 15899 15899 W ResourcesManager: Asset path '/system/framework/smatlib.jar' does not exist or contains no resources.
12-12 13:34:22.401 15899 15899 W ResourcesManager: Asset path '/system/framework/sechardware.jar' does not exist or contains no resources.
12-12 13:34:22.401 15899 15899 W ResourcesManager: Asset path '/system/framework/com.google.android.maps.jar' does not exist or contains no resources.
12-12 13:34:22.401 15899 15899 W ResourcesManager: Asset path '/system/framework/twframework.jar' does not exist or contains no resources.
12-12 13:34:22.401 15899 15899 W ResourcesManager: Asset path '/system/framework/com.broadcom.bt.jar' does not exist or contains no resources.
12-12 13:34:22.411  1027  1052 V BroadcastQueue: [backgroundsplit_2] Process cur broadcast BroadcastRecord{3cd30835 u0 android.intent.action.PACKAGE_ADDED} DELIVERED for app ProcessRecord{3f447b18 12769:com.google.android.gms.persistent/u0a8}
12-12 13:34:22.431  1027  1040 D ActivityManager: BGQ getDeferredInfo app launch 300
12-12 13:34:22.441  1027  1133 I InputDispatcher: Delivering touch to (1230): action: 0x4, toolType: 0
12-12 13:34:22.441  1027  1133 I InputDispatcher: Delivering touch to (15547): action: 0x0, toolType: 0
12-12 13:34:22.451 15547 15547 D ViewRootImpl: ViewPostImeInputStage ACTION_DOWN
12-12 13:34:22.461  1027  1133 I InputDispatcher: Delivering touch to (15547): action: 0x1, toolType: 0
12-12 13:34:22.481 15916 15916 E Zygote  : MountEmulatedStorage()
12-12 13:34:22.481 15916 15916 E Zygote  : v2
12-12 13:34:22.481 15916 15916 I libpersona: KNOX_SDCARD checking this for 1000
12-12 13:34:22.481 15899 15899 D MySettingsProvider: DatabaseHelper(Context context):DATABASE_VERSION=1
12-12 13:34:22.481 15916 15916 I libpersona: KNOX_SDCARD not a persona
12-12 13:34:22.481 15916 15916 I SELinux : Function: selinux_compare_spd_ram, SPD-policy is existed. and_ver=SEPF_SM-E500H_5.1.1 ver=51
12-12 13:34:22.481 15899 15899 E SQLiteLog: (283) recovered 9 frames from WAL file /data/data/com.android.settings/databases/mysettings.db-wal
12-12 13:34:22.481 15916 15916 I SELinux : Function: selinux_compare_spd_ram , priority [1] , priority version is VE=SEPF_SM-E500H_5.1.1_0051
12-12 13:34:22.491 15916 15916 E SELinux : [DEBUG] get_category: variable seinfo: platform sensitivity: NULL, cateogry: NULL
12-12 13:34:22.491 15899 15899 D MySettingsProvider: onCreate():(mDB == null)? false:true  =true
12-12 13:34:22.491  1027  1052 I ActivityManager: Start proc 15916:com.samsung.android.app.filterinstaller/1000 for broadcast-4 com.samsung.android.app.filterinstaller/.PackageIntentReceiver
12-12 13:34:22.491  1027  1471 D ActivityManager: BGQ getDeferredInfo app launch 300
12-12 13:34:22.501  1027  1471 I ActivityManager: Killing 15231:com.android.providers.calendar/u0a36 (adj 15): empty #31
12-12 13:34:22.511 15916 15916 D TimaKeyStoreProvider: TimaSignature is unavailable
12-12 13:34:22.511 15916 15916 D ActivityThread: Added TimaKeyStore provider
12-12 13:34:22.511  1027  1133 I InputDispatcher: Delivering touch to (1230): action: 0x4, toolType: 0
12-12 13:34:22.511  1027  1133 I InputDispatcher: Delivering touch to (15547): action: 0x0, toolType: 0
12-12 13:34:22.511 15547 15547 D ViewRootImpl: ViewPostImeInputStage ACTION_DOWN
12-12 13:34:22.521  1027  1133 I InputDispatcher: Delivering touch to (15547): action: 0x1, toolType: 0
12-12 13:34:22.521  1027  1713 V BroadcastQueue: [backgroundsplit_1] Process cur broadcast BroadcastRecord{12680d79 u0 android.intent.action.PACKAGE_ADDED} DELIVERED for app ProcessRecord{33219d91 15916:com.samsung.android.app.filterinstaller/1000}
12-12 13:34:22.521 15882 15882 I SL_DEBUG: isLoggable:: isProductShip = 1
12-12 13:34:22.521 15882 15882 I SL_DEBUG: isLoggable:: SL_DEBUG_EXIST = false
12-12 13:34:22.531 15916 15916 W ResourcesManager: Asset path '/system/framework/secimaging.jar' does not exist or contains no resources.
12-12 13:34:22.541 15916 15916 E FilterPackageIntentReceiver: This package is not a effect filter
12-12 13:34:22.561 15935 15935 E Zygote  : MountEmulatedStorage()
12-12 13:34:22.561 15935 15935 I libpersona: KNOX_SDCARD checking this for 10093
12-12 13:34:22.561 15935 15935 E Zygote  : v2
12-12 13:34:22.561 15935 15935 I libpersona: KNOX_SDCARD not a persona
12-12 13:34:22.561 15935 15935 I SELinux : Function: selinux_compare_spd_ram, SPD-policy is existed. and_ver=SEPF_SM-E500H_5.1.1 ver=51
12-12 13:34:22.561 15935 15935 I SELinux : Function: selinux_compare_spd_ram , priority [1] , priority version is VE=SEPF_SM-E500H_5.1.1_0051
12-12 13:34:22.561 15935 15935 E SELinux : [DEBUG] get_category: variable seinfo: platform sensitivity: NULL, cateogry: NULL
12-12 13:34:22.561  1027  1606 I ActivityManager: Start proc 15935:com.samsung.android.app.watchmanagerstub/u0a93 for broadcast-4 com.samsung.android.app.watchmanagerstub/com.sec.android.applicationmgr.PackageIntentReceiver
12-12 13:34:22.561  1027  1606 I ActivityManager: Killing 15205:com.android.calendar/u0a127 (adj 15): empty #31
12-12 13:34:22.571  1027  1133 I InputDispatcher: Delivering touch to (1230): action: 0x4, toolType: 0
12-12 13:34:22.571  1027  1133 I InputDispatcher: Delivering touch to (15547): action: 0x0, toolType: 0
12-12 13:34:22.571 15547 15547 D ViewRootImpl: ViewPostImeInputStage ACTION_DOWN
12-12 13:34:22.571  1027  1133 I InputDispatcher: Delivering touch to (15547): action: 0x1, toolType: 0
12-12 13:34:22.581  1027  1496 W WindowManager: Execute app transition: mNextAppTransition=0xffffffff displayId = 0
12-12 13:34:22.581  1027  1496 W WindowManager: java.lang.RuntimeException: here
12-12 13:34:22.581  1027  1496 W WindowManager: 	at com.android.server.wm.WindowManagerService.executeAppTransition(WindowManagerService.java:7314)
12-12 13:34:22.581  1027  1496 W WindowManager: 	at com.android.server.am.ActivityStack.resumeTopActivityInnerLocked(ActivityStack.java:2575)
12-12 13:34:22.581  1027  1496 W WindowManager: 	at com.android.server.am.ActivityStack.resumeTopActivityLocked(ActivityStack.java:2492)
12-12 13:34:22.581  1027  1496 W WindowManager: 	at com.android.server.am.ActivityStackSupervisor.resumeTopActivitiesLocked(ActivityStackSupervisor.java:4478)
12-12 13:34:22.581  1027  1496 W WindowManager: 	at com.android.server.am.ActivityStackSupervisor.resumeTopActivitiesLocked(ActivityStackSupervisor.java:4451)
12-12 13:34:22.581  1027  1496 W WindowManager: 	at com.android.server.am.ActivityManagerService.handleAppDiedLocked(ActivityManagerService.java:7067)
12-12 13:34:22.581  1027  1496 W WindowManager: 	at com.android.server.am.ActivityManagerService.appDiedLocked(ActivityManagerService.java:7248)
12-12 13:34:22.581  1027  1496 W WindowManager: 	at com.android.server.am.ActivityManagerService$AppDeathRecipient.binderDied(ActivityManagerService.java:1754)
12-12 13:34:22.581  1027  1496 W WindowManager: 	at android.os.BinderProxy.sendDeathNotice(Binder.java:566)
12-12 13:34:22.591 15935 15935 D TimaKeyStoreProvider: TimaSignature is unavailable
12-12 13:34:22.591 15935 15935 D ActivityThread: Added TimaKeyStore provider
12-12 13:34:22.601  1027  1471 V BroadcastQueue: [backgroundsplit_1] Process cur broadcast BroadcastRecord{12680d79 u0 android.intent.action.PACKAGE_ADDED} DELIVERED for app ProcessRecord{327874f6 15935:com.samsung.android.app.watchmanagerstub/u0a93}
12-12 13:34:22.601  1027  1606 D ActivityManager: getContentProviderImpl callerProcessName:com.samsung.android.sdk.samsunglink, calleePkgName: com.samsung.android.sdk.samsunglink
12-12 13:34:22.601 15882 15882 D ActivityThread: Loading provider com.samsung.android.sdk.samsunglink.provider.SLinkMedia: com.mfluent.asp.datamodel.ASPMediaStoreProvider
12-12 13:34:22.611 15935 15935 D PackageIntentReceiver: ACTION_PACKAGE_ADDED
12-12 13:34:22.611 15935 15935 D PackageIntentReceiver: Not GearManger package! 
12-12 13:34:22.631  1027  1133 I InputDispatcher: Delivering touch to (1230): action: 0x4, toolType: 0
12-12 13:34:22.631  1027  1133 I InputDispatcher: Delivering touch to (15547): action: 0x0, toolType: 0
12-12 13:34:22.631 15547 15547 D ViewRootImpl: ViewPostImeInputStage ACTION_DOWN
12-12 13:34:22.641 15952 15952 E Zygote  : MountEmulatedStorage()
12-12 13:34:22.641 15952 15952 E Zygote  : v2
12-12 13:34:22.641 15952 15952 I libpersona: KNOX_SDCARD checking this for 1000
12-12 13:34:22.641 15952 15952 I libpersona: KNOX_SDCARD not a persona
12-12 13:34:22.641 15952 15952 I SELinux : Function: selinux_compare_spd_ram, SPD-policy is existed. and_ver=SEPF_SM-E500H_5.1.1 ver=51
12-12 13:34:22.641  1027  1496 I ActivityManager: Start proc 15952:com.samsung.helphub/1000 for broadcast-4 com.samsung.helphub/.broadcast.HelpHubBroadcastReceiver
12-12 13:34:22.641 15952 15952 I SELinux : Function: selinux_compare_spd_ram , priority [1] , priority version is VE=SEPF_SM-E500H_5.1.1_0051
