12-12 13:34:26.171  1027  1133 I InputDispatcher: Delivering touch to (15547): action: 0x0, toolType: 0
12-12 13:34:26.171 15547 15547 D ViewRootImpl: ViewPostImeInputStage ACTION_DOWN
12-12 13:34:26.171  1027  1133 I InputDispatcher: Delivering touch to (15547): action: 0x1, toolType: 0
12-12 13:34:26.231  1027  1133 I InputDispatcher: Delivering touch to (1230): action: 0x4, toolType: 0
12-12 13:34:26.231  1027  1133 I InputDispatcher: Delivering touch to (15547): action: 0x0, toolType: 0
12-12 13:34:26.231 15547 15547 D ViewRootImpl: ViewPostImeInputStage ACTION_DOWN
12-12 13:34:26.231  1027  1133 I InputDispatcher: Delivering touch to (15547): action: 0x1, toolType: 0
12-12 13:34:26.281  1027  1133 I InputDispatcher: Delivering touch to (1230): action: 0x4, toolType: 0
12-12 13:34:26.281  1027  1133 I InputDispatcher: Delivering touch to (15547): action: 0x0, toolType: 0
12-12 13:34:26.281 15547 15547 D ViewRootImpl: ViewPostImeInputStage ACTION_DOWN
12-12 13:34:26.291  1027  1133 I InputDispatcher: Delivering touch to (15547): action: 0x1, toolType: 0
12-12 13:34:26.341 15534 15534 I Timeline: Timeline: Activity_launch_request id:com.example.snoopy time:5715763
12-12 13:34:26.341  1027  1713 D ActivityManager: mDVFSHelper.acquire()
12-12 13:34:26.351  1027  1713 D CustomFrequencyManagerService: FrequencyrequestList.getNextCStateDisableRequest, index: 0
12-12 13:34:26.351  1027  1713 W WindowManager: Execute app transition: mNextAppTransition=0xffffffff displayId = 0
12-12 13:34:26.351  1027  1713 W WindowManager: java.lang.RuntimeException: here
12-12 13:34:26.351  1027  1713 W WindowManager: 	at com.android.server.wm.WindowManagerService.executeAppTransition(WindowManagerService.java:7314)
12-12 13:34:26.351  1027  1713 W WindowManager: 	at com.android.server.am.ActivityStack.resumeTopActivityInnerLocked(ActivityStack.java:2575)
12-12 13:34:26.351  1027  1713 W WindowManager: 	at com.android.server.am.ActivityStack.resumeTopActivityLocked(ActivityStack.java:2492)
12-12 13:34:26.351  1027  1713 W WindowManager: 	at com.android.server.am.ActivityStackSupervisor.startActivityUncheckedLocked(ActivityStackSupervisor.java:3702)
12-12 13:34:26.351  1027  1713 W WindowManager: 	at com.android.server.am.ActivityStackSupervisor.startActivityLocked(ActivityStackSupervisor.java:2815)
12-12 13:34:26.351  1027  1713 W WindowManager: 	at com.android.server.am.ActivityStackSupervisor.startActivityMayWait(ActivityStackSupervisor.java:1952)
12-12 13:34:26.351  1027  1713 W WindowManager: 	at com.android.server.am.ActivityManagerService.startActivityAsUser(ActivityManagerService.java:5440)
12-12 13:34:26.351  1027  1713 W WindowManager: 	at com.android.server.am.ActivityManagerService.startActivity(ActivityManagerService.java:5218)
12-12 13:34:26.351  1027  1713 W WindowManager: 	at android.app.ActivityManagerNative.onTransact(ActivityManagerNative.java:145)
12-12 13:34:26.351  1027  1713 W WindowManager: 	at com.android.server.am.ActivityManagerService.onTransact(ActivityManagerService.java:3372)
12-12 13:34:26.351  1027  1713 W WindowManager: 	at android.os.Binder.execTransact(Binder.java:461)
12-12 13:34:26.401  1027  1052 V BroadcastQueue: [background] Process cur broadcast BroadcastRecord{8104ddb u0 com.google.android.gms.gcm.ACTION_SCHEDULE} DELIVERED for app ProcessRecord{3f447b18 12769:com.google.android.gms.persistent/u0a8}
12-12 13:34:26.411  1027  1133 I InputDispatcher: Delivering touch to (1230): action: 0x4, toolType: 0
12-12 13:34:26.411  1027  1133 I InputDispatcher: Delivering touch to (15547): action: 0x0, toolType: 0
12-12 13:34:26.411 15547 15547 D ViewRootImpl: ViewPostImeInputStage ACTION_DOWN
12-12 13:34:26.411  1027  1133 I InputDispatcher: Delivering touch to (15547): action: 0x1, toolType: 0
12-12 13:34:26.411  1027  1771 V BroadcastQueue: [background] Process cur broadcast BroadcastRecord{390c1078 u0 com.google.android.gms.gcm.ACTION_SCHEDULE} DELIVERED for app ProcessRecord{3f447b18 12769:com.google.android.gms.persistent/u0a8}
12-12 13:34:26.421  1027  1771 V BroadcastQueue: [background] Process cur broadcast BroadcastRecord{2bf7c351 u0 com.google.android.gms.gcm.ACTION_SCHEDULE} DELIVERED for app ProcessRecord{3f447b18 12769:com.google.android.gms.persistent/u0a8}
12-12 13:34:26.431  1027  1771 V BroadcastQueue: [background] Process cur broadcast BroadcastRecord{17a707b6 u0 com.google.android.gms.gcm.ACTION_SCHEDULE} DELIVERED for app ProcessRecord{3f447b18 12769:com.google.android.gms.persistent/u0a8}
12-12 13:34:26.441  1027  1771 V BroadcastQueue: [background] Process cur broadcast BroadcastRecord{233becb7 u0 com.google.android.gms.gcm.ACTION_SCHEDULE} DELIVERED for app ProcessRecord{3f447b18 12769:com.google.android.gms.persistent/u0a8}
12-12 13:34:26.441  1027  1771 V BroadcastQueue: [background] Process cur broadcast BroadcastRecord{f2dbc24 u0 com.google.android.gms.gcm.ACTION_SCHEDULE} DELIVERED for app ProcessRecord{3f447b18 12769:com.google.android.gms.persistent/u0a8}
12-12 13:34:26.451  1027  1496 V BroadcastQueue: [background] Process cur broadcast BroadcastRecord{da4438d u0 com.google.android.gms.gcm.ACTION_SCHEDULE} DELIVERED for app ProcessRecord{3f447b18 12769:com.google.android.gms.persistent/u0a8}
12-12 13:34:26.461  1027  1606 V BroadcastQueue: [background] Process cur broadcast BroadcastRecord{2793e942 u0 com.google.android.gms.gcm.ACTION_SCHEDULE} DELIVERED for app ProcessRecord{3f447b18 12769:com.google.android.gms.persistent/u0a8}
12-12 13:34:26.461 15534 15534 I Timeline: Timeline: Activity_launch_request id:com.example.snoopy time:5715888
12-12 13:34:26.471  1027  6760 V BroadcastQueue: [background] Process cur broadcast BroadcastRecord{16189d53 u0 com.google.android.gms.gcm.ACTION_SCHEDULE} DELIVERED for app ProcessRecord{3f447b18 12769:com.google.android.gms.persistent/u0a8}
12-12 13:34:26.471  1027  1774 D ActivityManager: mDVFSHelper.acquire()
12-12 13:34:26.481  1027  1774 D CustomFrequencyManagerService: FrequencyrequestList.getNextCStateDisableRequest, index: 0
12-12 13:34:26.481  1027  1774 W WindowManager: Execute app transition: mNextAppTransition=0xffffffff displayId = 0
12-12 13:34:26.481  1027  1774 W WindowManager: java.lang.RuntimeException: here
12-12 13:34:26.481  1027  1774 W WindowManager: 	at com.android.server.wm.WindowManagerService.executeAppTransition(WindowManagerService.java:7314)
12-12 13:34:26.481  1027  1774 W WindowManager: 	at com.android.server.am.ActivityStack.resumeTopActivityInnerLocked(ActivityStack.java:2575)
12-12 13:34:26.481  1027  1774 W WindowManager: 	at com.android.server.am.ActivityStack.resumeTopActivityLocked(ActivityStack.java:2492)
12-12 13:34:26.481  1027  1774 W WindowManager: 	at com.android.server.am.ActivityStackSupervisor.startActivityUncheckedLocked(ActivityStackSupervisor.java:3702)
12-12 13:34:26.481  1027  1774 W WindowManager: 	at com.android.server.am.ActivityStackSupervisor.startActivityLocked(ActivityStackSupervisor.java:2815)
12-12 13:34:26.481  1027  1774 W WindowManager: 	at com.android.server.am.ActivityStackSupervisor.startActivityMayWait(ActivityStackSupervisor.java:1952)
12-12 13:34:26.481  1027  1774 W WindowManager: 	at com.android.server.am.ActivityManagerService.startActivityAsUser(ActivityManagerService.java:5440)
12-12 13:34:26.481  1027  1774 W WindowManager: 	at com.android.server.am.ActivityManagerService.startActivity(ActivityManagerService.java:5218)
12-12 13:34:26.481  1027  1774 W WindowManager: 	at android.app.ActivityManagerNative.onTransact(ActivityManagerNative.java:145)
12-12 13:34:26.481  1027  1774 W WindowManager: 	at com.android.server.am.ActivityManagerService.onTransact(ActivityManagerService.java:3372)
12-12 13:34:26.481  1027  1774 W WindowManager: 	at android.os.Binder.execTransact(Binder.java:461)
12-12 13:34:26.481  1027  6760 V BroadcastQueue: [background] Process cur broadcast BroadcastRecord{299c7690 u0 com.google.android.gms.gcm.ACTION_SCHEDULE} DELIVERED for app ProcessRecord{3f447b18 12769:com.google.android.gms.persistent/u0a8}
12-12 13:34:26.481  1027  1122 D TimaService: TIMA: TimaService scheduler is intialized. 
12-12 13:34:26.481  1027  1122 D TimaService: TIMA: checkEvent, operation: 50000 subject: 10000
12-12 13:34:26.481  1027  1121 D TimaService: TimaServiceHandler.handleMessage what =1
12-12 13:34:26.491  1027  6760 V BroadcastQueue: [background] Process cur broadcast BroadcastRecord{271e8b89 u0 com.google.android.gms.gcm.ACTION_SCHEDULE} DELIVERED for app ProcessRecord{3f447b18 12769:com.google.android.gms.persistent/u0a8}
12-12 13:34:26.491  1027  1039 V BroadcastQueue: [background] Process cur broadcast BroadcastRecord{2b7b578e u0 com.google.android.gms.gcm.ACTION_CHECK_QUEUE} DELIVERED for app ProcessRecord{3f447b18 12769:com.google.android.gms.persistent/u0a8}
12-12 13:34:26.511 16062 16062 E Zygote  : MountEmulatedStorage()
12-12 13:34:26.511 16062 16062 E Zygote  : v2
12-12 13:34:26.511 16062 16062 I libpersona: KNOX_SDCARD checking this for 10094
12-12 13:34:26.511 16062 16062 I libpersona: KNOX_SDCARD not a persona
12-12 13:34:26.511  1027  1039 I ActivityManager: Start proc 16062:com.google.android.gm/u0a94 for broadcast-3 com.google.android.gm/.widget.GmailWidgetProvider
12-12 13:34:26.521 16062 16062 I SELinux : Function: selinux_compare_spd_ram, SPD-policy is existed. and_ver=SEPF_SM-E500H_5.1.1 ver=51
12-12 13:34:26.521 16062 16062 I SELinux : Function: selinux_compare_spd_ram , priority [1] , priority version is VE=SEPF_SM-E500H_5.1.1_0051
12-12 13:34:26.521 16062 16062 E SELinux : [DEBUG] get_category: variable seinfo: untrusted sensitivity: NULL, cateogry: NULL
12-12 13:34:26.531  1027  1133 I InputDispatcher: Delivering touch to (1230): action: 0x4, toolType: 0
12-12 13:34:26.531  1027  1133 I InputDispatcher: Delivering touch to (15547): action: 0x0, toolType: 0
12-12 13:34:26.531 15547 15547 D ViewRootImpl: ViewPostImeInputStage ACTION_DOWN
12-12 13:34:26.551 16062 16062 D TimaKeyStoreProvider: TimaSignature is unavailable
12-12 13:34:26.551 16062 16062 D ActivityThread: Added TimaKeyStore provider
12-12 13:34:26.561  1027  1133 I InputDispatcher: Delivering touch to (15547): action: 0x1, toolType: 0
12-12 13:34:26.561  1027  1772 V BroadcastQueue: [background] Process cur broadcast BroadcastRecord{1e05bbaf u0 com.android.mail.ACTION_NOTIFY_DATASET_CHANGED} DELIVERED for app ProcessRecord{1ffa6bbc 16062:com.google.android.gm/u0a94}
12-12 13:34:26.611  1027  1133 I InputDispatcher: Delivering touch to (1230): action: 0x4, toolType: 0
12-12 13:34:26.611  1027  1133 I InputDispatcher: Delivering touch to (15547): action: 0x0, toolType: 0
12-12 13:34:26.611 15547 15547 D ViewRootImpl: ViewPostImeInputStage ACTION_DOWN
12-12 13:34:26.611  1027  1133 I InputDispatcher: Delivering touch to (15547): action: 0x1, toolType: 0
12-12 13:34:26.661  1027  1039 D ActivityManager: getContentProviderImpl callerProcessName:com.google.android.gm, calleePkgName: com.google.android.gm
12-12 13:34:26.661 16062 16080 I Gmail   : getAccountsCursor
12-12 13:34:26.661 16062 16081 D ActivityThread: Loading provider com.google.android.gmail.provider;com.android.mail.notifier;com.google.android.gm.email.provider;com.google.android.gm.email.notifier: com.android.email.provider.EmailProvider
12-12 13:34:26.661  1027  1810 D ActivityManager: bindService callerProcessName:system, calleePkgName: com.google.android.gms, action: android.accounts.AccountAuthenticator
12-12 13:34:26.671 12769 12769 W ChimeraUtils: Non Chimera context
12-12 13:34:26.671  1027  1133 I InputDispatcher: Delivering touch to (1230): action: 0x4, toolType: 0
12-12 13:34:26.671  1027  1133 I InputDispatcher: Delivering touch to (15547): action: 0x0, toolType: 0
12-12 13:34:26.671 15547 15547 D ViewRootImpl: ViewPostImeInputStage ACTION_DOWN
12-12 13:34:26.671  1027  1133 I InputDispatcher: Delivering touch to (15547): action: 0x1, toolType: 0
12-12 13:34:26.701  1027  1040 W ActivityManager: Unable to start service Intent { act=com.google.android.gm.email.EXCHANGE_INTENT pkg=com.google.android.gm.exchange } U=0: not found
12-12 13:34:26.701  1027  1810 W ActivityManager: Unable to start service Intent { act=com.google.android.gm.email.EXCHANGE_INTENT pkg=com.google.android.gm.exchange } U=0: not found
12-12 13:34:26.731  1027  1133 I InputDispatcher: Delivering touch to (1230): action: 0x4, toolType: 0
12-12 13:34:26.731  1027  1133 I InputDispatcher: Delivering touch to (15547): action: 0x0, toolType: 0
12-12 13:34:26.731 15547 15547 D ViewRootImpl: ViewPostImeInputStage ACTION_DOWN
12-12 13:34:26.731  1027  1133 I InputDispatcher: Delivering touch to (15547): action: 0x1, toolType: 0
12-12 13:34:26.751  1027  6760 W ActivityManager: Unable to start service Intent { cmp=com.google.android.gm/com.android.email.service.AttachmentService } U=0: not found
12-12 13:34:26.761 16062 16085 I Gmail   : Observing account changes for notifications
12-12 13:34:26.761  1027  1040 W ActivityManager: Unable to start service Intent { act=com.google.android.gm.email.EXCHANGE_INTENT pkg=com.google.android.gm.exchange } U=0: not found
12-12 13:34:26.771  1027  1039 D ActivityManager: startService callerProcessName:com.google.android.gm, calleePkgName: com.google.android.gm
12-12 13:34:26.781  1027  1773 W ActivityManager: Unable to start service Intent { act=com.google.android.gm.email.EXCHANGE_INTENT pkg=com.google.android.gm.exchange } U=0: not found
12-12 13:34:26.781  1027  1606 D ActivityManager: startService callerProcessName:com.google.android.gm, calleePkgName: com.google.android.gm
12-12 13:34:26.781  1027  1774 D ActivityManager: BGQ getDeferredInfo app launch 300
12-12 13:34:26.781  1027  1133 I InputDispatcher: Delivering touch to (1230): action: 0x4, toolType: 0
12-12 13:34:26.781  1027  1133 I InputDispatcher: Delivering touch to (15547): action: 0x0, toolType: 0
12-12 13:34:26.781 15547 15547 D ViewRootImpl: ViewPostImeInputStage ACTION_DOWN
12-12 13:34:26.791  1027  1133 I InputDispatcher: Delivering touch to (15547): action: 0x1, toolType: 0
12-12 13:34:26.791 16062 16089 E Gmail   : Error finding the version of the Email provider.....
12-12 13:34:26.791 16062 16089 E Gmail   : android.content.pm.PackageManager$NameNotFoundException: com.google.android.email
12-12 13:34:26.791 16062 16089 E Gmail   : 	at android.app.ApplicationPackageManager.getPackageInfo(ApplicationPackageManager.java:167)
12-12 13:34:26.791 16062 16089 E Gmail   : 	at com.google.android.gm.EmailMigrationService.a(SourceFile:1240)
12-12 13:34:26.791 16062 16089 E Gmail   : 	at com.google.android.gm.EmailMigrationService.onHandleIntent(SourceFile:188)
12-12 13:34:26.791 16062 16089 E Gmail   : 	at android.app.IntentService$ServiceHandler.handleMessage(IntentService.java:65)
12-12 13:34:26.791 16062 16089 E Gmail   : 	at android.os.Handler.dispatchMessage(Handler.java:102)
12-12 13:34:26.791 16062 16089 E Gmail   : 	at android.os.Looper.loop(Looper.java:145)
12-12 13:34:26.791 16062 16089 E Gmail   : 	at android.os.HandlerThread.run(HandlerThread.java:61)
12-12 13:34:26.791 16062 16089 W EmailMigration: We do not support migrating this version of the Email provider.
12-12 13:34:26.791 16062 16091 I Gmail   : getAccountsCursor
12-12 13:34:26.791  1027  1343 D ActivityManager: bindService callerProcessName:system, calleePkgName: com.google.android.gms, action: android.accounts.AccountAuthenticator
12-12 13:34:26.801  1027  1260 I ActivityManager: Killing 1953:com.sec.android.daemonapp/u0a151 (adj 15): SPC_empty #31
12-12 13:34:26.821  1027  1830 D ActivityManager: bindService callerProcessName:system, calleePkgName: com.google.android.gms, action: android.accounts.AccountAuthenticator
12-12 13:34:26.831 16062 16093 I Gmail   : getAccountsCursor
12-12 13:34:26.831  1027  1810 D ActivityManager: bindService callerProcessName:system, calleePkgName: com.google.android.gms, action: android.accounts.AccountAuthenticator
12-12 13:34:26.841 15534 15534 I Timeline: Timeline: Activity_launch_request id:com.example.snoopy time:5716261
12-12 13:34:26.841  1027  1343 D ActivityManager: mDVFSHelper.acquire()
12-12 13:34:26.841  1027  1343 D CustomFrequencyManagerService: FrequencyrequestList.getNextCStateDisableRequest, index: 0
12-12 13:34:26.851  1027  1343 W WindowManager: Execute app transition: mNextAppTransition=0xffffffff displayId = 0
12-12 13:34:26.851  1027  1343 W WindowManager: java.lang.RuntimeException: here
12-12 13:34:26.851  1027  1343 W WindowManager: 	at com.android.server.wm.WindowManagerService.executeAppTransition(WindowManagerService.java:7314)
12-12 13:34:26.851  1027  1343 W WindowManager: 	at com.android.server.am.ActivityStack.resumeTopActivityInnerLocked(ActivityStack.java:2575)
12-12 13:34:26.851  1027  1343 W WindowManager: 	at com.android.server.am.ActivityStack.resumeTopActivityLocked(ActivityStack.java:2492)
12-12 13:34:26.851  1027  1343 W WindowManager: 	at com.android.server.am.ActivityStackSupervisor.startActivityUncheckedLocked(ActivityStackSupervisor.java:3702)
12-12 13:34:26.851  1027  1343 W WindowManager: 	at com.android.server.am.ActivityStackSupervisor.startActivityLocked(ActivityStackSupervisor.java:2815)
12-12 13:34:26.851  1027  1343 W WindowManager: 	at com.android.server.am.ActivityStackSupervisor.startActivityMayWait(ActivityStackSupervisor.java:1952)
12-12 13:34:26.851  1027  1343 W WindowManager: 	at com.android.server.am.ActivityManagerService.startActivityAsUser(ActivityManagerService.java:5440)
12-12 13:34:26.851  1027  1343 W WindowManager: 	at com.android.server.am.ActivityManagerService.startActivity(ActivityManagerService.java:5218)
12-12 13:34:26.851  1027  1343 W WindowManager: 	at android.app.ActivityManagerNative.onTransact(ActivityManagerNative.java:145)
12-12 13:34:26.851  1027  1343 W WindowManager: 	at com.android.server.am.ActivityManagerService.onTransact(ActivityManagerService.java:3372)
12-12 13:34:26.851  1027  1343 W WindowManager: 	at android.os.Binder.execTransact(Binder.java:461)
12-12 13:34:26.861  1027  1773 W ActivityManager: Scheduling restart of crashed service com.sec.android.daemonapp/.ap.accuweather.WeatherClockService in 1000ms
12-12 13:34:26.861  1027  1773 W WindowManager: Execute app transition: mNextAppTransition=0xffffffff displayId = 0
12-12 13:34:26.861  1027  1773 W WindowManager: java.lang.RuntimeException: here
12-12 13:34:26.861  1027  1773 W WindowManager: 	at com.android.server.wm.WindowManagerService.executeAppTransition(WindowManagerService.java:7314)
12-12 13:34:26.861  1027  1773 W WindowManager: 	at com.android.server.am.ActivityStack.resumeTopActivityInnerLocked(ActivityStack.java:2575)
12-12 13:34:26.861  1027  1773 W WindowManager: 	at com.android.server.am.ActivityStack.resumeTopActivityLocked(ActivityStack.java:2492)
12-12 13:34:26.861  1027  1773 W WindowManager: 	at com.android.server.am.ActivityStackSupervisor.resumeTopActivitiesLocked(ActivityStackSupervisor.java:4478)
12-12 13:34:26.861  1027  1773 W WindowManager: 	at com.android.server.am.ActivityStackSupervisor.resumeTopActivitiesLocked(ActivityStackSupervisor.java:4451)
12-12 13:34:26.861  1027  1773 W WindowManager: 	at com.android.server.am.ActivityManagerService.handleAppDiedLocked(ActivityManagerService.java:7067)
12-12 13:34:26.861  1027  1773 W WindowManager: 	at com.android.server.am.ActivityManagerService.appDiedLocked(ActivityManagerService.java:7248)
12-12 13:34:26.861  1027  1773 W WindowManager: 	at com.android.server.am.ActivityManagerService$AppDeathRecipient.binderDied(ActivityManagerService.java:1754)
12-12 13:34:26.861  1027  1773 W WindowManager: 	at android.os.BinderProxy.sendDeathNotice(Binder.java:566)
12-12 13:34:26.881  1027  1496 I ActivityManager: Killing 14750:com.google.android.gms.ui/u0a8 (adj 15): empty #31
12-12 13:34:26.901  1027  1133 I InputDispatcher: Delivering touch to (1230): action: 0x4, toolType: 0
12-12 13:34:26.901  1027  1133 I InputDispatcher: Delivering touch to (15547): action: 0x0, toolType: 0
12-12 13:34:26.901 15547 15547 D ViewRootImpl: ViewPostImeInputStage ACTION_DOWN
12-12 13:34:26.901  1027  1133 I InputDispatcher: Delivering touch to (15547): action: 0x1, toolType: 0
12-12 13:34:26.951  1027  1133 I InputDispatcher: Delivering touch to (1230): action: 0x4, toolType: 0
12-12 13:34:26.961  1027  1133 I InputDispatcher: Delivering touch to (15547): action: 0x0, toolType: 0
12-12 13:34:26.961 15547 15547 D ViewRootImpl: ViewPostImeInputStage ACTION_DOWN
12-12 13:34:26.971  1027  1133 I InputDispatcher: Delivering touch to (15547): action: 0x1, toolType: 0
12-12 13:34:26.971  1027  1773 W WindowManager: Execute app transition: mNextAppTransition=0xffffffff displayId = 0
12-12 13:34:26.971  1027  1773 W WindowManager: java.lang.RuntimeException: here
12-12 13:34:26.971  1027  1773 W WindowManager: 	at com.android.server.wm.WindowManagerService.executeAppTransition(WindowManagerService.java:7314)
12-12 13:34:26.971  1027  1773 W WindowManager: 	at com.android.server.am.ActivityStack.resumeTopActivityInnerLocked(ActivityStack.java:2575)
12-12 13:34:26.971  1027  1773 W WindowManager: 	at com.android.server.am.ActivityStack.resumeTopActivityLocked(ActivityStack.java:2492)
12-12 13:34:26.971  1027  1773 W WindowManager: 	at com.android.server.am.ActivityStackSupervisor.resumeTopActivitiesLocked(ActivityStackSupervisor.java:4478)
12-12 13:34:26.971  1027  1773 W WindowManager: 	at com.android.server.am.ActivityStackSupervisor.resumeTopActivitiesLocked(ActivityStackSupervisor.java:4451)
12-12 13:34:26.971  1027  1773 W WindowManager: 	at com.android.server.am.ActivityManagerService.handleAppDiedLocked(ActivityManagerService.java:7067)
12-12 13:34:26.971  1027  1773 W WindowManager: 	at com.android.server.am.ActivityManagerService.appDiedLocked(ActivityManagerService.java:7248)
12-12 13:34:26.971  1027  1773 W WindowManager: 	at com.android.server.am.ActivityManagerService$AppDeathRecipient.binderDied(ActivityManagerService.java:1754)
12-12 13:34:26.971  1027  1773 W WindowManager: 	at android.os.BinderProxy.sendDeathNotice(Binder.java:566)
12-12 13:34:27.031  1027  1133 I InputDispatcher: Delivering touch to (1230): action: 0x0, toolType: 0
12-12 13:34:27.031  1230  1230 D ViewRootImpl: ViewPostImeInputStage ACTION_DOWN
12-12 13:34:27.031  1027  1133 I InputDispatcher: Delivering touch to (1230): action: 0x1, toolType: 0
12-12 13:34:27.061  1027  6760 I EDMNativeHelperService: isScreenCaptureEnabled
12-12 13:34:27.081  1027  1052 D ActivityManager:  getDeferredInfo final delay 1180
12-12 13:34:27.081 15534 15534 I Timeline: Timeline: Activity_launch_request id:com.example.snoopy time:5716506
12-12 13:34:27.091  1027  1052 V BroadcastQueue: [background] Process cur broadcast BroadcastRecord{10a49916 u0 com.android.mail.ACTION_NOTIFY_DATASET_CHANGED} DELIVERED for app ProcessRecord{1ffa6bbc 16062:com.google.android.gm/u0a94}
12-12 13:34:27.091  1027  1769 D ActivityManager: mDVFSHelper.acquire()
12-12 13:34:27.091  1027  1769 D CustomFrequencyManagerService: FrequencyrequestList.getNextCStateDisableRequest, index: 0
12-12 13:34:27.091  1027  1769 W WindowManager: Execute app transition: mNextAppTransition=0xffffffff displayId = 0
12-12 13:34:27.091  1027  1769 W WindowManager: java.lang.RuntimeException: here
12-12 13:34:27.091  1027  1769 W WindowManager: 	at com.android.server.wm.WindowManagerService.executeAppTransition(WindowManagerService.java:7314)
12-12 13:34:27.091  1027  1769 W WindowManager: 	at com.android.server.am.ActivityStack.resumeTopActivityInnerLocked(ActivityStack.java:2575)
12-12 13:34:27.091  1027  1769 W WindowManager: 	at com.android.server.am.ActivityStack.resumeTopActivityLocked(ActivityStack.java:2492)
12-12 13:34:27.091  1027  1769 W WindowManager: 	at com.android.server.am.ActivityStackSupervisor.startActivityUncheckedLocked(ActivityStackSupervisor.java:3702)
12-12 13:34:27.091  1027  1769 W WindowManager: 	at com.android.server.am.ActivityStackSupervisor.startActivityLocked(ActivityStackSupervisor.java:2815)
12-12 13:34:27.091  1027  1769 W WindowManager: 	at com.android.server.am.ActivityStackSupervisor.startActivityMayWait(ActivityStackSupervisor.java:1952)
12-12 13:34:27.091  1027  1769 W WindowManager: 	at com.android.server.am.ActivityManagerService.startActivityAsUser(ActivityManagerService.java:5440)
12-12 13:34:27.091  1027  1769 W WindowManager: 	at com.android.server.am.ActivityManagerService.startActivity(ActivityManagerService.java:5218)
12-12 13:34:27.091  1027  1769 W WindowManager: 	at android.app.ActivityManagerNative.onTransact(ActivityManagerNative.java:145)
12-12 13:34:27.091  1027  1769 W WindowManager: 	at com.android.server.am.ActivityManagerService.onTransact(ActivityManagerService.java:3372)
12-12 13:34:27.091  1027  1769 W WindowManager: 	at android.os.Binder.execTransact(Binder.java:461)
12-12 13:34:27.091  1027  1774 D ActivityManager: startService callerProcessName:com.google.android.gm, calleePkgName: com.google.android.gm
12-12 13:34:27.091  1027  1830 D ActivityManager: BGQ getDeferredInfo app launch 300
12-12 13:34:27.151  1027  1133 I InputDispatcher: Delivering touch to (1230): action: 0x4, toolType: 0
12-12 13:34:27.151  1027  1133 I InputDispatcher: Delivering touch to (15547): action: 0x0, toolType: 0
12-12 13:34:27.151 15547 15547 D ViewRootImpl: ViewPostImeInputStage ACTION_DOWN
12-12 13:34:27.151  1027  1133 I InputDispatcher: Delivering touch to (15547): action: 0x1, toolType: 0
12-12 13:34:27.201 15534 15534 I Timeline: Timeline: Activity_launch_request id:com.example.snoopy time:5716625
12-12 13:34:27.211  1027  1040 D ActivityManager: mDVFSHelper.acquire()
12-12 13:34:27.211  1027  1040 D CustomFrequencyManagerService: FrequencyrequestList.getNextCStateDisableRequest, index: 0
12-12 13:34:27.211  1027  1040 W WindowManager: Execute app transition: mNextAppTransition=0xffffffff displayId = 0
12-12 13:34:27.211  1027  1040 W WindowManager: java.lang.RuntimeException: here
12-12 13:34:27.211  1027  1040 W WindowManager: 	at com.android.server.wm.WindowManagerService.executeAppTransition(WindowManagerService.java:7314)
12-12 13:34:27.211  1027  1040 W WindowManager: 	at com.android.server.am.ActivityStack.resumeTopActivityInnerLocked(ActivityStack.java:2575)
12-12 13:34:27.211  1027  1040 W WindowManager: 	at com.android.server.am.ActivityStack.resumeTopActivityLocked(ActivityStack.java:2492)
12-12 13:34:27.211  1027  1040 W WindowManager: 	at com.android.server.am.ActivityStackSupervisor.startActivityUncheckedLocked(ActivityStackSupervisor.java:3702)
12-12 13:34:27.211  1027  1040 W WindowManager: 	at com.android.server.am.ActivityStackSupervisor.startActivityLocked(ActivityStackSupervisor.java:2815)
12-12 13:34:27.211  1027  1040 W WindowManager: 	at com.android.server.am.ActivityStackSupervisor.startActivityMayWait(ActivityStackSupervisor.java:1952)
12-12 13:34:27.211  1027  1040 W WindowManager: 	at com.android.server.am.ActivityManagerService.startActivityAsUser(ActivityManagerService.java:5440)
12-12 13:34:27.211  1027  1040 W WindowManager: 	at com.android.server.am.ActivityManagerService.startActivity(ActivityManagerService.java:5218)
12-12 13:34:27.211  1027  1040 W WindowManager: 	at android.app.ActivityManagerNative.onTransact(ActivityManagerNative.java:145)
12-12 13:34:27.211  1027  1040 W WindowManager: 	at com.android.server.am.ActivityManagerService.onTransact(ActivityManagerService.java:3372)
12-12 13:34:27.211  1027  1040 W WindowManager: 	at android.os.Binder.execTransact(Binder.java:461)
12-12 13:34:27.271  1027  1133 I InputDispatcher: Delivering touch to (1230): action: 0x4, toolType: 0
12-12 13:34:27.271  1027  1133 I InputDispatcher: Delivering touch to (15547): action: 0x0, toolType: 0
12-12 13:34:27.271 15547 15547 D ViewRootImpl: ViewPostImeInputStage ACTION_DOWN
12-12 13:34:27.281  1027  1133 I InputDispatcher: Delivering touch to (15547): action: 0x1, toolType: 0
12-12 13:34:27.331  1027  1133 I InputDispatcher: Delivering touch to (1230): action: 0x4, toolType: 0
12-12 13:34:27.331  1027  1133 I InputDispatcher: Delivering touch to (15547): action: 0x0, toolType: 0
12-12 13:34:27.331 15547 15547 D ViewRootImpl: ViewPostImeInputStage ACTION_DOWN
12-12 13:34:27.341  1027  1133 I InputDispatcher: Delivering touch to (15547): action: 0x1, toolType: 0
12-12 13:34:27.361 15547 16050 I art     : Explicit concurrent mark sweep GC freed 1168(66KB) AllocSpace objects, 1(16KB) LOS objects, 39% free, 8MB/14MB, paused 803us total 27.304ms
12-12 13:34:27.391  1027  1133 I InputDispatcher: Delivering touch to (1230): action: 0x4, toolType: 0
12-12 13:34:27.391  1027  1133 I InputDispatcher: Delivering touch to (15547): action: 0x0, toolType: 0
12-12 13:34:27.391 15547 15547 D ViewRootImpl: ViewPostImeInputStage ACTION_DOWN
12-12 13:34:27.391  1027  1133 I InputDispatcher: Delivering touch to (15547): action: 0x1, toolType: 0
12-12 13:34:27.401  1027  1052 V BroadcastQueue: [background] Process cur broadcast BroadcastRecord{37621c84 u0 com.google.android.gm.intent.ACTION_PROVIDER_CREATED} DELIVERED for app ProcessRecord{1ffa6bbc 16062:com.google.android.gm/u0a94}
12-12 13:34:27.401  1027  1810 D ActivityManager: startService callerProcessName:com.google.android.gm, calleePkgName: com.google.android.gm
12-12 13:34:27.401  1027  1713 D ActivityManager: BGQ getDeferredInfo app launch 300
12-12 13:34:27.431  1027  2848 D SSRM:n  : SIOP:: AP = 330, LCD = 0
12-12 13:34:27.441 15547 16050 I art     : Explicit concurrent mark sweep GC freed 24(776B) AllocSpace objects, 0(0B) LOS objects, 39% free, 8MB/14MB, paused 785us total 28.458ms
12-12 13:34:27.441 15534 15534 I Timeline: Timeline: Activity_launch_request id:com.example.snoopy time:5716869
12-12 13:34:27.451  1027  1830 D ActivityManager: mDVFSHelper.acquire()
12-12 13:34:27.451  1027  1830 D CustomFrequencyManagerService: FrequencyrequestList.getNextCStateDisableRequest, index: 0
12-12 13:34:27.451  1027  1830 W WindowManager: Execute app transition: mNextAppTransition=0xffffffff displayId = 0
12-12 13:34:27.451  1027  1830 W WindowManager: java.lang.RuntimeException: here
12-12 13:34:27.451  1027  1830 W WindowManager: 	at com.android.server.wm.WindowManagerService.executeAppTransition(WindowManagerService.java:7314)
12-12 13:34:27.451  1027  1830 W WindowManager: 	at com.android.server.am.ActivityStack.resumeTopActivityInnerLocked(ActivityStack.java:2575)
12-12 13:34:27.451  1027  1830 W WindowManager: 	at com.android.server.am.ActivityStack.resumeTopActivityLocked(ActivityStack.java:2492)
12-12 13:34:27.451  1027  1830 W WindowManager: 	at com.android.server.am.ActivityStackSupervisor.startActivityUncheckedLocked(ActivityStackSupervisor.java:3702)
12-12 13:34:27.451  1027  1830 W WindowManager: 	at com.android.server.am.ActivityStackSupervisor.startActivityLocked(ActivityStackSupervisor.java:2815)
12-12 13:34:27.451  1027  1830 W WindowManager: 	at com.android.server.am.ActivityStackSupervisor.startActivityMayWait(ActivityStackSupervisor.java:1952)
12-12 13:34:27.451  1027  1830 W WindowManager: 	at com.android.server.am.ActivityManagerService.startActivityAsUser(ActivityManagerService.java:5440)
12-12 13:34:27.451  1027  1830 W WindowManager: 	at com.android.server.am.ActivityManagerService.startActivity(ActivityManagerService.java:5218)
12-12 13:34:27.451  1027  1830 W WindowManager: 	at android.app.ActivityManagerNative.onTransact(ActivityManagerNative.java:145)
12-12 13:34:27.451  1027  1830 W WindowManager: 	at com.android.server.am.ActivityManagerService.onTransact(ActivityManagerService.java:3372)
12-12 13:34:27.451  1027  1830 W WindowManager: 	at android.os.Binder.execTransact(Binder.java:461)
12-12 13:34:27.511  1027  1133 I InputDispatcher: Delivering touch to (1230): action: 0x4, toolType: 0
12-12 13:34:27.511  1027  1133 I InputDispatcher: Delivering touch to (15547): action: 0x0, toolType: 0
12-12 13:34:27.511 15547 15547 D ViewRootImpl: ViewPostImeInputStage ACTION_DOWN
12-12 13:34:27.511  1027  1133 I InputDispatcher: Delivering touch to (15547): action: 0x1, toolType: 0
12-12 13:34:27.521 15547 16050 I art     : Explicit concurrent mark sweep GC freed 9(240B) AllocSpace objects, 0(0B) LOS objects, 39% free, 8MB/14MB, paused 836us total 26.699ms
12-12 13:34:27.561  1027  1133 I InputDispatcher: Delivering touch to (1230): action: 0x4, toolType: 0
12-12 13:34:27.561  1027  1133 I InputDispatcher: Delivering touch to (15547): action: 0x0, toolType: 0
12-12 13:34:27.561 15547 15547 D ViewRootImpl: ViewPostImeInputStage ACTION_DOWN
12-12 13:34:27.561  1027  1133 I InputDispatcher: Delivering touch to (15547): action: 0x1, toolType: 0
12-12 13:34:27.601 15547 16050 I art     : Explicit concurrent mark sweep GC freed 9(240B) AllocSpace objects, 0(0B) LOS objects, 39% free, 8MB/14MB, paused 861us total 26.453ms
12-12 13:34:27.611  1027  1133 I InputDispatcher: Delivering touch to (1230): action: 0x4, toolType: 0
12-12 13:34:27.611  1027  1133 I InputDispatcher: Delivering touch to (15547): action: 0x0, toolType: 0
12-12 13:34:27.621 15547 15547 D ViewRootImpl: ViewPostImeInputStage ACTION_DOWN
12-12 13:34:27.621  1027  1133 I InputDispatcher: Delivering touch to (15547): action: 0x1, toolType: 0
12-12 13:34:27.671  1027  1133 I InputDispatcher: Delivering touch to (1230): action: 0x4, toolType: 0
12-12 13:34:27.671  1027  1133 I InputDispatcher: Delivering touch to (15547): action: 0x0, toolType: 0
12-12 13:34:27.671 15547 15547 D ViewRootImpl: ViewPostImeInputStage ACTION_DOWN
12-12 13:34:27.681  1027  1133 I InputDispatcher: Delivering touch to (15547): action: 0x1, toolType: 0
12-12 13:34:27.681 15547 16050 I art     : Explicit concurrent mark sweep GC freed 15(384B) AllocSpace objects, 0(0B) LOS objects, 39% free, 8MB/14MB, paused 992us total 26.917ms
12-12 13:34:27.711  1027  1052 V BroadcastQueue: [background] Process cur broadcast BroadcastRecord{23c930a2 u0 com.android.mail.ACTION_NOTIFY_DATASET_CHANGED} DELIVERED for app ProcessRecord{1ffa6bbc 16062:com.google.android.gm/u0a94}
12-12 13:34:27.711  1027  1343 D ActivityManager: startService callerProcessName:com.google.android.gm, calleePkgName: com.google.android.gm
12-12 13:34:27.711  1027  1774 D ActivityManager: BGQ getDeferredInfo app launch 300
12-12 13:34:27.731  1027  1133 I InputDispatcher: Delivering touch to (1230): action: 0x4, toolType: 0
12-12 13:34:27.731 15547 15547 D ViewRootImpl: ViewPostImeInputStage ACTION_DOWN
12-12 13:34:27.731  1027  1133 I InputDispatcher: Delivering touch to (15547): action: 0x0, toolType: 0
12-12 13:34:27.741  1027  1133 I InputDispatcher: Delivering touch to (15547): action: 0x1, toolType: 0
12-12 13:34:27.791  1027  1133 I InputDispatcher: Delivering touch to (1230): action: 0x4, toolType: 0
12-12 13:34:27.791  1027  1133 I InputDispatcher: Delivering touch to (15547): action: 0x0, toolType: 0
12-12 13:34:27.791 15547 15547 D ViewRootImpl: ViewPostImeInputStage ACTION_DOWN
12-12 13:34:27.791  1027  1133 I InputDispatcher: Delivering touch to (15547): action: 0x1, toolType: 0
12-12 13:34:27.851 15534 15534 I Timeline: Timeline: Activity_launch_request id:com.example.snoopy time:5717271
12-12 13:34:27.851  1027  1771 D ActivityManager: mDVFSHelper.acquire()
12-12 13:34:27.851  1027  1771 D CustomFrequencyManagerService: FrequencyrequestList.getNextCStateDisableRequest, index: 0
12-12 13:34:27.861  1027  1771 W WindowManager: Execute app transition: mNextAppTransition=0xffffffff displayId = 0
12-12 13:34:27.861  1027  1771 W WindowManager: java.lang.RuntimeException: here
12-12 13:34:27.861  1027  1771 W WindowManager: 	at com.android.server.wm.WindowManagerService.executeAppTransition(WindowManagerService.java:7314)
12-12 13:34:27.861  1027  1771 W WindowManager: 	at com.android.server.am.ActivityStack.resumeTopActivityInnerLocked(ActivityStack.java:2575)
12-12 13:34:27.861  1027  1771 W WindowManager: 	at com.android.server.am.ActivityStack.resumeTopActivityLocked(ActivityStack.java:2492)
12-12 13:34:27.861  1027  1771 W WindowManager: 	at com.android.server.am.ActivityStackSupervisor.startActivityUncheckedLocked(ActivityStackSupervisor.java:3702)
12-12 13:34:27.861  1027  1771 W WindowManager: 	at com.android.server.am.ActivityStackSupervisor.startActivityLocked(ActivityStackSupervisor.java:2815)
12-12 13:34:27.861  1027  1771 W WindowManager: 	at com.android.server.am.ActivityStackSupervisor.startActivityMayWait(ActivityStackSupervisor.java:1952)
12-12 13:34:27.861  1027  1771 W WindowManager: 	at com.android.server.am.ActivityManagerService.startActivityAsUser(ActivityManagerService.java:5440)
12-12 13:34:27.861  1027  1771 W WindowManager: 	at com.android.server.am.ActivityManagerService.startActivity(ActivityManagerService.java:5218)
12-12 13:34:27.861  1027  1771 W WindowManager: 	at android.app.ActivityManagerNative.onTransact(ActivityManagerNative.java:145)
12-12 13:34:27.861  1027  1771 W WindowManager: 	at com.android.server.am.ActivityManagerService.onTransact(ActivityManagerService.java:3372)
12-12 13:34:27.861  1027  1771 W WindowManager: 	at android.os.Binder.execTransact(Binder.java:461)
12-12 13:34:27.881 16107 16107 E Zygote  : MountEmulatedStorage()
12-12 13:34:27.881 16107 16107 E Zygote  : v2
12-12 13:34:27.881 16107 16107 I libpersona: KNOX_SDCARD checking this for 10151
12-12 13:34:27.881 16107 16107 I libpersona: KNOX_SDCARD not a persona
12-12 13:34:27.881 16107 16107 I SELinux : Function: selinux_compare_spd_ram, SPD-policy is existed. and_ver=SEPF_SM-E500H_5.1.1 ver=51
12-12 13:34:27.881  1027  1052 I ActivityManager: Start proc 16107:com.sec.android.daemonapp/u0a151 for service com.sec.android.daemonapp/.ap.accuweather.WeatherClockService
12-12 13:34:27.881 16107 16107 I SELinux : Function: selinux_compare_spd_ram , priority [1] , priority version is VE=SEPF_SM-E500H_5.1.1_0051
12-12 13:34:27.891 16107 16107 E SELinux : [DEBUG] get_category: variable seinfo: shared sensitivity: NULL, cateogry: NULL
12-12 13:34:27.911  1027  1133 I InputDispatcher: Delivering touch to (1230): action: 0x4, toolType: 0
12-12 13:34:27.911 15547 15547 D ViewRootImpl: ViewPostImeInputStage ACTION_DOWN
12-12 13:34:27.911 16107 16107 D TimaKeyStoreProvider: TimaSignature is unavailable
12-12 13:34:27.911  1027  1133 I InputDispatcher: Delivering touch to (15547): action: 0x0, toolType: 0
12-12 13:34:27.911 16107 16107 D ActivityThread: Added TimaKeyStore provider
12-12 13:34:27.921  1027  1133 I InputDispatcher: Delivering touch to (15547): action: 0x1, toolType: 0
12-12 13:34:27.921   301   301 I art     : Explicit concurrent mark sweep GC freed 8780(373KB) AllocSpace objects, 0(0B) LOS objects, 39% free, 7MB/11MB, paused 1.395ms total 35.393ms
12-12 13:34:27.931 16107 16107 W ResourcesManager: Asset path '/system/framework/twframework.jar' does not exist or contains no resources.
12-12 13:34:27.941   301   301 I art     : Explicit concurrent mark sweep GC freed 5(160B) AllocSpace objects, 0(0B) LOS objects, 39% free, 7MB/11MB, paused 736us total 21.743ms
12-12 13:34:27.951 16107 16107 D comsamsungapp: [MSC_Daemon]>>> WCP:1122 [0:0] Provider Created
12-12 13:34:27.961   301   301 I art     : Explicit concurrent mark sweep GC freed 5(160B) AllocSpace objects, 0(0B) LOS objects, 39% free, 7MB/11MB, paused 676us total 20.335ms
12-12 13:34:27.961 16107 16107 D comsamsungapp: [MSC_Daemon]>>> AOH:46 [0:0] OpenHelper : 67
12-12 13:34:27.971  1027  1133 I InputDispatcher: Delivering touch to (1230): action: 0x0, toolType: 0
12-12 13:34:27.971  1230  1230 D ViewRootImpl: ViewPostImeInputStage ACTION_DOWN
12-12 13:34:27.971  1027  1133 I InputDispatcher: Delivering touch to (1230): action: 0x1, toolType: 0
12-12 13:34:27.981 16107 16107 D comsamsungapp: [MSC_Daemon]>>> WNCP:216 [0:0] WeatherNewsJP Provider Created
12-12 13:34:27.981 16107 16107 D comsamsungapp: [MSC_Daemon]>>> AOH:46 [0:0] OpenHelper : 67
12-12 13:34:27.981  1230  1230 D PhoneStatusBar: makeExpandedVisible:false
12-12 13:34:27.981 16107 16107 D comsamsungapp: [MSC_Daemon]>>> CCP:226 [0:0] CmaWeather Provider Created
12-12 13:34:27.981 16107 16107 D comsamsungapp: [MSC_Daemon]>>> AOH:46 [0:0] OpenHelper : 67
12-12 13:34:27.981  1230  1230 D StatusBar-Window: fnf=false sanc=false, kni=false, sbf=true
12-12 13:34:27.981  1230  1230 D CoverUI : applyFocusableFlag() : Remove SAMSUNG_FLAG_SVIEW_COVER
12-12 13:34:27.981  1230  1230 D CoverUI : applyHeight h = -1, oc = false, ex = true, fa = false, ac = false, sc = false
12-12 13:34:27.981 16107 16107 D comsamsungapp: [MSC_Daemon]>>> KWCP:221 [0:0] KWeather Provider Created
12-12 13:34:27.981 16107 16107 D comsamsungapp: [MSC_Daemon]>>> AOH:46 [0:0] OpenHelper : 67
12-12 13:34:27.991  1027  1774 V Vibrator: Called cancel() API - PUID: 1000, PackageName: android
12-12 13:34:27.991  1027  1774 D VibratorService: Turning vibrator off - google.
12-12 13:34:27.991  1027  1774 D LightsService: [api] [SvcLED] turnOff:: id = 5 (uid: 1000 pid: 1027) 
12-12 13:34:27.991  1027  1774 D LightsService: [api] [SvcLED] LED indicator : Not supported.
12-12 13:34:27.991  1230  1230 D PhoneStatusBar: disable: < expand icons alerts system_info back home recent clock search >
12-12 13:34:27.991  1230  1230 D PhoneStatusBar: makeExpandedInvisible: mExpandedVisible=true
12-12 13:34:27.991  1230  1230 D StatusBar-QSPanel: setSingleLine:true
12-12 13:34:27.991  1230  1230 D StatusBar-QSPanel: adjustCellWidth mButtonWidth : 134, displayWidth : 688
12-12 13:34:27.991  1230  1230 D StatusBar-QSPanel: updateButtonInfo mButtonWidth : 134 mColumns:5 orien: 1 mButtonCorrectionWidth:6
12-12 13:34:27.991  1230  1230 D StatusBar-QSPanel: setSingleLine height:186
12-12 13:34:28.001  1230  1230 D STATUSBAR-PhoneStatusBar:  mBrightnessEnablebySettings = true mBrightnessEnablebyBattery = true mBrightnessEnablebyDisableFlag = true mPmsBrightnessEnablebySettings = true
12-12 13:34:28.001  1230  1230 D StatusBar: getNumberOfActiveSim: 1
12-12 13:34:28.001  1230  1230 D PhoneStatusBar: updateQSpanelHeight: 186 height:186
12-12 13:34:28.001  1230  1230 D PanelView: flingSettings mQsMin:262 mQsMax:262 mQsEx:262.0mQsPeek:186
12-12 13:34:28.001  1230  1230 I PhoneStatusBar: Icon Only
12-12 13:34:28.001  1230  1230 I StatusBar: Icon Only
12-12 13:34:28.001  1230  1230 D StatusBar: getNumberOfActiveSim: 1
12-12 13:34:28.001  1230  1230 D PanelView: kidsfalse mQsExpansionEnabled:true
12-12 13:34:28.001  1230  1230 D StatusBar-Window: fnf=true sanc=false, kni=false, sbf=false
12-12 13:34:28.001  1230  1230 D CoverUI : applyFocusableFlag() : Remove SAMSUNG_FLAG_SVIEW_COVER
12-12 13:34:28.001  1230  1230 D CoverUI : applyHeight h = 50, oc = false, ex = false, fa = false, ac = false, sc = false
12-12 13:34:28.001  1230  1230 D PhoneStatusBar: disable: < expand icons alerts system_info back home recent clock search >
12-12 13:34:28.011  1027  2848 D SSRM:a  : DeviceInfo:: 000000000000
12-12 13:34:28.011  1027  2848 D SSRM:a  : SettingsAirViewInfo:: 000000000
12-12 13:34:28.021  1027  1052 V BroadcastQueue: [background] Process cur broadcast BroadcastRecord{13267cf0 u0 com.google.android.gms.gcm.ACTION_SCHEDULE} DELIVERED for app ProcessRecord{3f447b18 12769:com.google.android.gms.persistent/u0a8}
12-12 13:34:28.021 16107 16107 D comsamsungapp: [MSC_Daemon]>>> WU:264 [0:0] regintype : SWA
12-12 13:34:28.021 16107 16107 D comsamsungapp: [MSC_Daemon]>>> WU:320 [0:0] cp type is : cp_eng
12-12 13:34:28.021  1027  1040 D ActivityManager: BGQ getDeferredInfo app launch 300
12-12 13:34:28.021 16107 16107 D comsamsungapp: [MSC_Daemon]>>> WCS:39 [0:0] onStartcommand()
12-12 13:34:28.021 15534 15534 I Timeline: Timeline: Activity_launch_request id:com.example.snoopy time:5717445
12-12 13:34:28.031  1027  1260 D ActivityManager: mDVFSHelper.acquire()
12-12 13:34:28.031  1027  1260 D CustomFrequencyManagerService: FrequencyrequestList.getNextCStateDisableRequest, index: 0
12-12 13:34:28.031  1027  1260 W WindowManager: Execute app transition: mNextAppTransition=0xffffffff displayId = 0
12-12 13:34:28.031  1027  1260 W WindowManager: java.lang.RuntimeException: here
12-12 13:34:28.031  1027  1260 W WindowManager: 	at com.android.server.wm.WindowManagerService.executeAppTransition(WindowManagerService.java:7314)
12-12 13:34:28.031  1027  1260 W WindowManager: 	at com.android.server.am.ActivityStack.resumeTopActivityInnerLocked(ActivityStack.java:2575)
12-12 13:34:28.031  1027  1260 W WindowManager: 	at com.android.server.am.ActivityStack.resumeTopActivityLocked(ActivityStack.java:2492)
12-12 13:34:28.031  1027  1260 W WindowManager: 	at com.android.server.am.ActivityStackSupervisor.startActivityUncheckedLocked(ActivityStackSupervisor.java:3702)
12-12 13:34:28.031  1027  1260 W WindowManager: 	at com.android.server.am.ActivityStackSupervisor.startActivityLocked(ActivityStackSupervisor.java:2815)
12-12 13:34:28.031  1027  1260 W WindowManager: 	at com.android.server.am.ActivityStackSupervisor.startActivityMayWait(ActivityStackSupervisor.java:1952)
12-12 13:34:28.031  1027  1260 W WindowManager: 	at com.android.server.am.ActivityManagerService.startActivityAsUser(ActivityManagerService.java:5440)
12-12 13:34:28.031  1027  1260 W WindowManager: 	at com.android.server.am.ActivityManagerService.startActivity(ActivityManagerService.java:5218)
12-12 13:34:28.031  1027  1260 W WindowManager: 	at android.app.ActivityManagerNative.onTransact(ActivityManagerNative.java:145)
12-12 13:34:28.031  1027  1260 W WindowManager: 	at com.android.server.am.ActivityManagerService.onTransact(ActivityManagerService.java:3372)
12-12 13:34:28.031  1027  1260 W WindowManager: 	at android.os.Binder.execTransact(Binder.java:461)
12-12 13:34:28.041 16107 16107 D comsamsungapp: [MSC_Daemon]>>> WU:264 [0:0] regintype : SWA
12-12 13:34:28.041 16107 16107 D comsamsungapp: [MSC_Daemon]>>> WU:320 [0:0] cp type is : cp_eng
12-12 13:34:28.041 16107 16107 D comsamsungapp: [MSC_Daemon]>>> WCS:62 [0:0] CP Name cp_eng
12-12 13:34:28.041 16107 16107 D comsamsungapp: [MSC_Daemon]>>> WCP:1142 [0:0] Provider query : content://daemonappapaccuweatherprovider/settings
12-12 13:34:28.061 16107 16107 D comsamsungapp: [MSC_Daemon]>>> WCS:65 [0:0] selLocation : cityId:current
12-12 13:34:28.061 16107 16107 D comsamsungapp: [MSC_Daemon]>>> WCP:1142 [0:0] Provider query : content://daemonappapaccuweatherprovider/weatherinfo
12-12 13:34:28.081 16107 16107 D comsamsungapp: [MSC_Daemon]>>> WU:264 [0:0] regintype : SWA
12-12 13:34:28.081 16107 16107 D comsamsungapp: [MSC_Daemon]>>> WU:320 [0:0] cp type is : cp_eng
12-12 13:34:28.091 16107 16107 D comsamsungapp: [MSC_Daemon]>>> WCS:81 [0:0] WeatherIconNumConverter : GMT-8, 06:55 AM, 04:29 PM
12-12 13:34:28.091  1027  1133 I InputDispatcher: Delivering touch to (1230): action: 0x4, toolType: 0
12-12 13:34:28.091 15547 15547 D ViewRootImpl: ViewPostImeInputStage ACTION_DOWN
12-12 13:34:28.091  1027  1133 I InputDispatcher: Delivering touch to (15547): action: 0x0, toolType: 0
12-12 13:34:28.091  1027  1133 I InputDispatcher: Delivering touch to (15547): action: 0x1, toolType: 0
12-12 13:34:28.141  1027  1133 I InputDispatcher: Delivering touch to (1230): action: 0x4, toolType: 0
12-12 13:34:28.151 15547 15547 D ViewRootImpl: ViewPostImeInputStage ACTION_DOWN
12-12 13:34:28.151  1027  1133 I InputDispatcher: Delivering touch to (15547): action: 0x0, toolType: 0
12-12 13:34:28.161  1027  1133 I InputDispatcher: Delivering touch to (15547): action: 0x1, toolType: 0
12-12 13:34:28.211  1027  1133 I InputDispatcher: Delivering touch to (1230): action: 0x4, toolType: 0
12-12 13:34:28.211  1027  1133 I InputDispatcher: Delivering touch to (15547): action: 0x0, toolType: 0
12-12 13:34:28.211 15547 15547 D ViewRootImpl: ViewPostImeInputStage ACTION_DOWN
12-12 13:34:28.211  1027  1133 I InputDispatcher: Delivering touch to (15547): action: 0x1, toolType: 0
12-12 13:34:28.271  1027  1133 I InputDispatcher: Delivering touch to (1230): action: 0x4, toolType: 0
12-12 13:34:28.271  1027  1133 I InputDispatcher: Delivering touch to (15547): action: 0x0, toolType: 0
12-12 13:34:28.271 15547 15547 D ViewRootImpl: ViewPostImeInputStage ACTION_DOWN
12-12 13:34:28.271  1027  1133 I InputDispatcher: Delivering touch to (15547): action: 0x1, toolType: 0
12-12 13:34:28.311  1027  1052 D ActivityManager:  getDeferredInfo final delay 700
12-12 13:34:28.321  1027  1133 I InputDispatcher: Delivering touch to (1230): action: 0x4, toolType: 0
12-12 13:34:28.321  1027  1133 I InputDispatcher: Delivering touch to (15547): action: 0x0, toolType: 0
12-12 13:34:28.331 15547 15547 D ViewRootImpl: ViewPostImeInputStage ACTION_DOWN
12-12 13:34:28.331  1027  1133 I InputDispatcher: Delivering touch to (15547): action: 0x1, toolType: 0
12-12 13:34:28.341 16126 16126 E Zygote  : MountEmulatedStorage()
12-12 13:34:28.341 16126 16126 E Zygote  : v2
12-12 13:34:28.341 16126 16126 I libpersona: KNOX_SDCARD checking this for 10126
12-12 13:34:28.341 16126 16126 I libpersona: KNOX_SDCARD not a persona
12-12 13:34:28.341 16126 16126 I SELinux : Function: selinux_compare_spd_ram, SPD-policy is existed. and_ver=SEPF_SM-E500H_5.1.1 ver=51
12-12 13:34:28.351  1027  1052 I ActivityManager: Start proc 16126:com.sec.android.widgetapp.SPlannerAppWidget/u0a126 for broadcast-3 com.sec.android.widgetapp.SPlannerAppWidget/.EasyWidget.EasyCalendarAppWidgetProvider
12-12 13:34:28.351 16126 16126 I SELinux : Function: selinux_compare_spd_ram , priority [1] , priority version is VE=SEPF_SM-E500H_5.1.1_0051
12-12 13:34:28.351 16126 16126 E SELinux : [DEBUG] get_category: variable seinfo: shared sensitivity: NULL, cateogry: NULL
12-12 13:34:28.361  1027  1596 I art     : Explicit concurrent mark sweep GC freed 155967(9MB) AllocSpace objects, 27(452KB) LOS objects, 33% free, 31MB/47MB, paused 2.871ms total 223.279ms
12-12 13:34:28.371 16126 16126 D TimaKeyStoreProvider: TimaSignature is unavailable
12-12 13:34:28.371 16126 16126 D ActivityThread: Added TimaKeyStore provider
