12-12 13:34:17.061  1230  1230 D StatusBar.MSimNetworkController: refreshViews connected={ wifi } phoneId = 0 level=0 mMSimcombinedSignalIconId=0x7f020696/com.android.systemui:drawable/stat_sys_wifi_signal_4 mMSimcombinedActivityIconId=0x7f02064d mAirplaneMode=false mMSimDataActivity=0 mMSimPhoneSignalIconId=0x7f0207e9/com.android.systemui:drawable/tw_stat_sys_signal_null mMSimDataDirectionIconId=0x0 mMSimDataSignalIconId=0x7f0207e9 mMSimDataTypeIconId=0x0/(null) mNoMSimIconId=0x0/(null) mMSimMobileActivityIconId=0x0/(null) mWifiIconId=0x7f020696 mBluetoothTetherIconId=0x10808fa mRoamingIconId=0x 0/(null)
12-12 13:34:17.061  1230  1230 D StatusBar.MSimNetworkController: refreshSignalCluster : called
12-12 13:34:17.061  1230  1230 D StatusBar.MSimNetworkController: refreshNwBoosterIndicator - setNWBoosterIndicators(false)
12-12 13:34:17.071  1230  1230 D StatusBar.MSimNetworkController: refreshNwBoosterIndicator - setNWBoosterIndicators(false)
12-12 13:34:17.081  1230  1230 D PanelView: onExpandingFinished
12-12 13:34:17.081  1230  1230 D PhoneStatusBar: makeExpandedInvisible: mExpandedVisible=true
12-12 13:34:17.081  1230  1230 D StatusBar-QSPanel: setSingleLine:true
12-12 13:34:17.081  1230  1230 D StatusBar-QSPanel: adjustCellWidth mButtonWidth : 134, displayWidth : 688
12-12 13:34:17.081  1230  1230 D StatusBar-QSPanel: updateButtonInfo mButtonWidth : 134 mColumns:5 orien: 1 mButtonCorrectionWidth:6
12-12 13:34:17.081  1027  1133 I InputDispatcher: Delivering touch to (1230): action: 0x0, toolType: 0
12-12 13:34:17.081  1230  1230 D StatusBar-QSPanel: setSingleLine height:186
12-12 13:34:17.081  1230  1230 D STATUSBAR-PhoneStatusBar:  mBrightnessEnablebySettings = true mBrightnessEnablebyBattery = true mBrightnessEnablebyDisableFlag = true mPmsBrightnessEnablebySettings = true
12-12 13:34:17.081  1027  1133 I InputDispatcher: Delivering touch to (1230): action: 0x1, toolType: 0
12-12 13:34:17.091  1230  1230 D StatusBar: getNumberOfActiveSim: 1
12-12 13:34:17.091  1230  1230 D PhoneStatusBar: updateQSpanelHeight: 186 height:186
12-12 13:34:17.091  1230  1230 D PanelView: flingSettings mQsMin:262 mQsMax:262 mQsEx:262.0mQsPeek:186
12-12 13:34:17.091  1230  1230 I PhoneStatusBar: Icon Only
12-12 13:34:17.091  1230  1230 I StatusBar: Icon Only
12-12 13:34:17.091  1230  1230 D StatusBar: getNumberOfActiveSim: 1
12-12 13:34:17.091  1230  1230 D PanelView: kidsfalse mQsExpansionEnabled:true
12-12 13:34:17.091  1230  1230 D StatusBar-Window: fnf=true sanc=false, kni=false, sbf=false
12-12 13:34:17.091  1230  1230 D CoverUI : applyFocusableFlag() : Remove SAMSUNG_FLAG_SVIEW_COVER
12-12 13:34:17.091  1230  1230 D CoverUI : applyHeight h = 50, oc = false, ex = false, fa = false, ac = false, sc = false
12-12 13:34:17.101  1230  1230 D PhoneStatusBar: disable: < expand icons alerts system_info back home recent clock search >
12-12 13:34:17.101  1027  1055 D StatusBarManagerService: manageDisableList userId=0 what=0x0 pkg=Window{2f90ca9e u0 d0 com.example.snoopy/com.example.snoopy.CameraInputFrames}
12-12 13:34:17.111  1027  1830 D InputDispatcher: Focus left window: 1230
12-12 13:34:17.111  1027  1830 D InputDispatcher: Focus entered window: 15547
12-12 13:34:17.121  1027  1057 D PointerIcon: setMouseIconStyle1 pointerType: 1001 iconType:101 flag:0 pid:1027 uid:1000
12-12 13:34:17.121  1027  1057 D PointerIcon: setMouseCustomIcon IconType is same.101
12-12 13:34:17.121  1027  1260 D InputMethodManagerService: windowGainedFocus mCurrentFocusedUserId - 0 and mSecureKeypadEnabled-false
12-12 13:34:17.121  1027  1260 W InputMethodManagerService: Window already focused, ignoring focus gain of: com.android.internal.view.IInputMethodClient$Stub$Proxy@1f213b55 attribute=null, token = android.os.BinderProxy@3ac4a0d9
12-12 13:34:17.121  1027  1260 D InputMethodManagerService: [HARDWARE_KEYBOARD] (refreshImeWindowVis) mImeWindowVis= 0 inputVisible = falsehaveHardKeyboard = false hardKeyShown = false
12-12 13:34:17.131  1230  1230 D ViewRootImpl: ViewPostImeInputStage ACTION_DOWN
12-12 13:34:17.131  1230  1230 D VisualEffectParticleEffect: KeyguardEffectViewParticleSpace : onWindowFocusChanged - false
12-12 13:34:17.131  1230  1230 D VisualEffectCircleUnlockEffect: clearEffect
12-12 13:34:17.131  1230  1230 D VisualEffectCircleUnlockEffect: cancelAllAnimator
12-12 13:34:17.131  1230  1230 D VisualEffectCircleUnlockEffect: clearEffect
12-12 13:34:17.141  1230  1230 D VisualEffectCircleUnlockEffect: cancelAllAnimator
12-12 13:34:17.141  1027  1133 I InputDispatcher: Delivering touch to (1230): action: 0x4, toolType: 0
12-12 13:34:17.141  1027  1133 I InputDispatcher: Delivering touch to (15547): action: 0x0, toolType: 0
12-12 13:34:17.141 15547 15547 D ViewRootImpl: ViewPostImeInputStage ACTION_DOWN
12-12 13:34:17.141  1027  1133 I InputDispatcher: Delivering touch to (15547): action: 0x1, toolType: 0
12-12 13:34:17.161  1027  2848 D SSRM:a  : DeviceInfo:: 000000000000
12-12 13:34:17.161  1027  2848 D SSRM:a  : SettingsAirViewInfo:: 000000000
12-12 13:34:17.181 15635 15635 E Zygote  : MountEmulatedStorage()
12-12 13:34:17.181 15635 15635 E Zygote  : v2
12-12 13:34:17.181 15635 15635 I libpersona: KNOX_SDCARD checking this for 10114
12-12 13:34:17.181 15635 15635 I libpersona: KNOX_SDCARD not a persona
12-12 13:34:17.191 15635 15635 I SELinux : Function: selinux_compare_spd_ram, SPD-policy is existed. and_ver=SEPF_SM-E500H_5.1.1 ver=51
12-12 13:34:17.191  1027  1052 I ActivityManager: Start proc 15635:com.google.android.play.games.ui/u0a114 for broadcast-3 com.google.android.play.games/com.google.android.gms.games.config.PhenotypeBroadcastReceiver
12-12 13:34:17.191 15635 15635 I SELinux : Function: selinux_compare_spd_ram , priority [1] , priority version is VE=SEPF_SM-E500H_5.1.1_0051
12-12 13:34:17.191 15635 15635 E SELinux : [DEBUG] get_category: variable seinfo: untrusted sensitivity: NULL, cateogry: NULL
12-12 13:34:17.191  1027  1133 I InputDispatcher: Delivering touch to (1230): action: 0x4, toolType: 0
12-12 13:34:17.191  1027  1133 I InputDispatcher: Delivering touch to (15547): action: 0x0, toolType: 0
12-12 13:34:17.191 15547 15547 D ViewRootImpl: ViewPostImeInputStage ACTION_DOWN
12-12 13:34:17.201  1027  1133 I InputDispatcher: Delivering touch to (15547): action: 0x1, toolType: 0
12-12 13:34:17.211 15635 15635 D TimaKeyStoreProvider: TimaSignature is unavailable
12-12 13:34:17.211 15635 15635 D ActivityThread: Added TimaKeyStore provider
12-12 13:34:17.221  1027  6760 V BroadcastQueue: [background] Process cur broadcast BroadcastRecord{19f8596a u0 com.google.android.gms.phenotype.UPDATE} DELIVERED for app ProcessRecord{bf88e5b 15635:com.google.android.play.games.ui/u0a114}
12-12 13:34:17.261 15534 15534 I Timeline: Timeline: Activity_launch_request id:com.example.snoopy time:5706683
12-12 13:34:17.261  1027  1260 D ActivityManager: mDVFSHelper.acquire()
12-12 13:34:17.271  1027  1260 D CustomFrequencyManagerService: FrequencyrequestList.getNextCStateDisableRequest, index: 0
12-12 13:34:17.271  1027  1260 W WindowManager: Execute app transition: mNextAppTransition=0xffffffff displayId = 0
12-12 13:34:17.271  1027  1260 W WindowManager: java.lang.RuntimeException: here
12-12 13:34:17.271  1027  1260 W WindowManager: 	at com.android.server.wm.WindowManagerService.executeAppTransition(WindowManagerService.java:7314)
12-12 13:34:17.271  1027  1260 W WindowManager: 	at com.android.server.am.ActivityStack.resumeTopActivityInnerLocked(ActivityStack.java:2575)
12-12 13:34:17.271  1027  1260 W WindowManager: 	at com.android.server.am.ActivityStack.resumeTopActivityLocked(ActivityStack.java:2492)
12-12 13:34:17.271  1027  1260 W WindowManager: 	at com.android.server.am.ActivityStackSupervisor.startActivityUncheckedLocked(ActivityStackSupervisor.java:3702)
12-12 13:34:17.271  1027  1260 W WindowManager: 	at com.android.server.am.ActivityStackSupervisor.startActivityLocked(ActivityStackSupervisor.java:2815)
12-12 13:34:17.271  1027  1260 W WindowManager: 	at com.android.server.am.ActivityStackSupervisor.startActivityMayWait(ActivityStackSupervisor.java:1952)
12-12 13:34:17.271  1027  1260 W WindowManager: 	at com.android.server.am.ActivityManagerService.startActivityAsUser(ActivityManagerService.java:5440)
12-12 13:34:17.271  1027  1260 W WindowManager: 	at com.android.server.am.ActivityManagerService.startActivity(ActivityManagerService.java:5218)
12-12 13:34:17.271  1027  1260 W WindowManager: 	at android.app.ActivityManagerNative.onTransact(ActivityManagerNative.java:145)
12-12 13:34:17.271  1027  1260 W WindowManager: 	at com.android.server.am.ActivityManagerService.onTransact(ActivityManagerService.java:3372)
12-12 13:34:17.271  1027  1260 W WindowManager: 	at android.os.Binder.execTransact(Binder.java:461)
12-12 13:34:17.321  1027  1133 I InputDispatcher: Delivering touch to (1230): action: 0x4, toolType: 0
12-12 13:34:17.321  1027  1133 I InputDispatcher: Delivering touch to (15547): action: 0x0, toolType: 0
12-12 13:34:17.321 15547 15547 D ViewRootImpl: ViewPostImeInputStage ACTION_DOWN
12-12 13:34:17.331  1027  1133 I InputDispatcher: Delivering touch to (15547): action: 0x1, toolType: 0
12-12 13:34:17.381  1027  1133 I InputDispatcher: Delivering touch to (1230): action: 0x4, toolType: 0
12-12 13:34:17.381  1027  1133 I InputDispatcher: Delivering touch to (15547): action: 0x0, toolType: 0
12-12 13:34:17.381 15547 15547 D ViewRootImpl: ViewPostImeInputStage ACTION_DOWN
12-12 13:34:17.391  1027  1133 I InputDispatcher: Delivering touch to (15547): action: 0x1, toolType: 0
12-12 13:34:17.411  1027  2848 D SSRM:n  : SIOP:: AP = 330, LCD = 0
12-12 13:34:17.411  1027  1260 D ActivityManager: BGQ getDeferredInfo app launch 300
12-12 13:34:17.411  1027  1260 I ActivityManager: Killing 14084:com.google.android.talk/u0a97 (adj 15): empty #31
12-12 13:34:17.421  1027  1606 D ActivityManager: startService callerProcessName:com.google.android.gms.persistent, calleePkgName: com.google.android.gms
12-12 13:34:17.441  1027  1133 I InputDispatcher: Delivering touch to (1230): action: 0x4, toolType: 0
12-12 13:34:17.441 15547 15547 D ViewRootImpl: ViewPostImeInputStage ACTION_DOWN
12-12 13:34:17.441  1027  1133 I InputDispatcher: Delivering touch to (15547): action: 0x0, toolType: 0
12-12 13:34:17.451  1027  1133 I InputDispatcher: Delivering touch to (15547): action: 0x1, toolType: 0
12-12 13:34:17.471  1027  1496 D ActivityManager: startService callerProcessName:com.google.android.gms.persistent, calleePkgName: com.google.android.gms
12-12 13:34:17.491 12769 13263 W acfh    : Stale snapshot (committed configuration changed) for com.google.android.games.app
12-12 13:34:17.491 15635 15635 W PhenotypeFlagCommitter: Committing snapshot for com.google.android.games.app failed, retrying
12-12 13:34:17.501 15635 15635 W PhFlagCommitter: Successfully committed experiment flags for user: 
12-12 13:34:17.511  1027  1133 I InputDispatcher: Delivering touch to (1230): action: 0x4, toolType: 0
12-12 13:34:17.511  1027  1133 I InputDispatcher: Delivering touch to (15547): action: 0x0, toolType: 0
12-12 13:34:17.511  1027  1771 W WindowManager: Execute app transition: mNextAppTransition=0xffffffff displayId = 0
12-12 13:34:17.511  1027  1771 W WindowManager: java.lang.RuntimeException: here
12-12 13:34:17.511  1027  1771 W WindowManager: 	at com.android.server.wm.WindowManagerService.executeAppTransition(WindowManagerService.java:7314)
12-12 13:34:17.511  1027  1771 W WindowManager: 	at com.android.server.am.ActivityStack.resumeTopActivityInnerLocked(ActivityStack.java:2575)
12-12 13:34:17.511  1027  1771 W WindowManager: 	at com.android.server.am.ActivityStack.resumeTopActivityLocked(ActivityStack.java:2492)
12-12 13:34:17.511  1027  1771 W WindowManager: 	at com.android.server.am.ActivityStackSupervisor.resumeTopActivitiesLocked(ActivityStackSupervisor.java:4478)
12-12 13:34:17.511  1027  1771 W WindowManager: 	at com.android.server.am.ActivityStackSupervisor.resumeTopActivitiesLocked(ActivityStackSupervisor.java:4451)
12-12 13:34:17.511  1027  1771 W WindowManager: 	at com.android.server.am.ActivityManagerService.handleAppDiedLocked(ActivityManagerService.java:7067)
12-12 13:34:17.511  1027  1771 W WindowManager: 	at com.android.server.am.ActivityManagerService.appDiedLocked(ActivityManagerService.java:7248)
12-12 13:34:17.511  1027  1771 W WindowManager: 	at com.android.server.am.ActivityManagerService$AppDeathRecipient.binderDied(ActivityManagerService.java:1754)
12-12 13:34:17.511  1027  1771 W WindowManager: 	at android.os.BinderProxy.sendDeathNotice(Binder.java:566)
12-12 13:34:17.511 15547 15547 D ViewRootImpl: ViewPostImeInputStage ACTION_DOWN
12-12 13:34:17.521  1027  1133 I InputDispatcher: Delivering touch to (15547): action: 0x1, toolType: 0
12-12 13:34:17.521  1027  1471 D ActivityManager: startService callerProcessName:com.google.android.gms.persistent, calleePkgName: com.google.android.gms
12-12 13:34:17.541 15635 15635 W PhFlagCommitter: Successfully committed experiment flags for user: 
12-12 13:34:17.571  1027  1133 I InputDispatcher: Delivering touch to (1230): action: 0x4, toolType: 0
12-12 13:34:17.571 15547 15547 D ViewRootImpl: ViewPostImeInputStage ACTION_DOWN
12-12 13:34:17.571  1027  1133 I InputDispatcher: Delivering touch to (15547): action: 0x0, toolType: 0
12-12 13:34:17.571  1027  1133 I InputDispatcher: Delivering touch to (15547): action: 0x1, toolType: 0
12-12 13:34:17.581 12797 13062 I art     : Explicit concurrent mark sweep GC freed 34316(1860KB) AllocSpace objects, 9(144KB) LOS objects, 39% free, 18MB/30MB, paused 1.684ms total 103.448ms
12-12 13:34:17.631  1027  1133 I InputDispatcher: Delivering touch to (1230): action: 0x4, toolType: 0
12-12 13:34:17.631 15547 15547 D ViewRootImpl: ViewPostImeInputStage ACTION_DOWN
12-12 13:34:17.631  1027  1133 I InputDispatcher: Delivering touch to (15547): action: 0x0, toolType: 0
12-12 13:34:17.641  1027  1133 I InputDispatcher: Delivering touch to (15547): action: 0x1, toolType: 0
12-12 13:34:17.671 15547 15561 I art     : Explicit concurrent mark sweep GC freed 1147(66KB) AllocSpace objects, 1(16KB) LOS objects, 39% free, 8MB/14MB, paused 862us total 31.380ms
12-12 13:34:17.681 12797 12808 W DynamiteModule: Local module descriptor class for com.google.android.gms.googlecertificates not found.
12-12 13:34:17.681 12797 12808 I DynamiteModule: Considering local module com.google.android.gms.googlecertificates:0 and remote module com.google.android.gms.googlecertificates:4
12-12 13:34:17.681 12797 12808 I DynamiteModule: Selected remote version of com.google.android.gms.googlecertificates, version >= 4
12-12 13:34:17.711 15534 15534 I Timeline: Timeline: Activity_launch_request id:com.example.snoopy time:5707137
12-12 13:34:17.751 15547 15561 I art     : Explicit concurrent mark sweep GC freed 22(792B) AllocSpace objects, 0(0B) LOS objects, 39% free, 8MB/14MB, paused 812us total 26.423ms
12-12 13:34:17.771  1027  1052 D ActivityManager:  getDeferredInfo final delay 1860
12-12 13:34:17.771  1027  1810 D ActivityManager: mDVFSHelper.acquire()
12-12 13:34:17.771  1027  1810 D CustomFrequencyManagerService: FrequencyrequestList.getNextCStateDisableRequest, index: 0
12-12 13:34:17.781  1027  1810 W WindowManager: Execute app transition: mNextAppTransition=0xffffffff displayId = 0
12-12 13:34:17.781  1027  1810 W WindowManager: java.lang.RuntimeException: here
12-12 13:34:17.781  1027  1810 W WindowManager: 	at com.android.server.wm.WindowManagerService.executeAppTransition(WindowManagerService.java:7314)
12-12 13:34:17.781  1027  1810 W WindowManager: 	at com.android.server.am.ActivityStack.resumeTopActivityInnerLocked(ActivityStack.java:2575)
12-12 13:34:17.781  1027  1810 W WindowManager: 	at com.android.server.am.ActivityStack.resumeTopActivityLocked(ActivityStack.java:2492)
12-12 13:34:17.781  1027  1810 W WindowManager: 	at com.android.server.am.ActivityStackSupervisor.startActivityUncheckedLocked(ActivityStackSupervisor.java:3702)
12-12 13:34:17.781  1027  1810 W WindowManager: 	at com.android.server.am.ActivityStackSupervisor.startActivityLocked(ActivityStackSupervisor.java:2815)
12-12 13:34:17.781  1027  1810 W WindowManager: 	at com.android.server.am.ActivityStackSupervisor.startActivityMayWait(ActivityStackSupervisor.java:1952)
12-12 13:34:17.781  1027  1810 W WindowManager: 	at com.android.server.am.ActivityManagerService.startActivityAsUser(ActivityManagerService.java:5440)
12-12 13:34:17.781  1027  1810 W WindowManager: 	at com.android.server.am.ActivityManagerService.startActivity(ActivityManagerService.java:5218)
12-12 13:34:17.781  1027  1810 W WindowManager: 	at android.app.ActivityManagerNative.onTransact(ActivityManagerNative.java:145)
12-12 13:34:17.781  1027  1810 W WindowManager: 	at com.android.server.am.ActivityManagerService.onTransact(ActivityManagerService.java:3372)
12-12 13:34:17.781  1027  1810 W WindowManager: 	at android.os.Binder.execTransact(Binder.java:461)
12-12 13:34:17.781  1027  1052 V BroadcastQueue: [background] Process cur broadcast BroadcastRecord{14181009 u0 com.google.android.gms.phenotype.UPDATE} DELIVERED for app ProcessRecord{3f447b18 12769:com.google.android.gms.persistent/u0a8}
12-12 13:34:17.791  1027  1713 D ActivityManager: startService callerProcessName:com.google.android.gms.persistent, calleePkgName: com.google.android.gms
12-12 13:34:17.791  1027  1771 D ActivityManager: startService callerProcessName:com.google.android.gms.persistent, calleePkgName: com.google.android.gms
12-12 13:34:17.791  1027  1774 D ActivityManager: startService callerProcessName:com.google.android.gms, calleePkgName: com.google.android.gms
12-12 13:34:17.791  1027  1606 D ActivityManager: startService callerProcessName:com.google.android.gms.persistent, calleePkgName: com.google.android.gms
12-12 13:34:17.801  1027  1471 D ActivityManager: BGQ getDeferredInfo app launch 300
12-12 13:34:17.801  1027  1260 D ActivityManager: startService callerProcessName:com.google.android.gms.persistent, calleePkgName: com.google.android.gms
12-12 13:34:17.801  1027  1773 D ActivityManager: startService callerProcessName:com.google.android.gms.ui, calleePkgName: com.google.android.gms
12-12 13:34:17.821 12769 14230 I NetRec  : [1905] ConfigChangedIntentOperation.onHandleIntent: Handling a Phenotype update
12-12 13:34:17.821 12769 14230 I NetRec  : [1905] zlv.b: onConfigChanged()
12-12 13:34:17.831 12769 15436 W ConfigurationChimeraPro: Got null configs for com.google.android.gms.auth_managed
12-12 13:34:17.831  1027  1133 I InputDispatcher: Delivering touch to (1230): action: 0x4, toolType: 0
12-12 13:34:17.831 15547 15547 D ViewRootImpl: ViewPostImeInputStage ACTION_DOWN
12-12 13:34:17.831  1027  1133 I InputDispatcher: Delivering touch to (15547): action: 0x0, toolType: 0
12-12 13:34:17.831  1027  1133 I InputDispatcher: Delivering touch to (15547): action: 0x1, toolType: 0
12-12 13:34:17.841  1027  1772 D ActivityManager: startService callerProcessName:com.google.android.gms.persistent, calleePkgName: com.google.android.gms
12-12 13:34:17.851 15547 15561 I art     : Explicit concurrent mark sweep GC freed 9(240B) AllocSpace objects, 0(0B) LOS objects, 39% free, 8MB/14MB, paused 1.063ms total 33.275ms
12-12 13:34:17.851 12769 14230 I NetRec  : [1905] zlv.b: Cancelling all NetRec GCM tasks
12-12 13:34:17.851 12769 15436 I NetRec  : [1950] ClearDatabaseService.onHandleIntent: Clearing score cache
12-12 13:34:17.851  1027  1343 D ActivityManager: startService callerProcessName:com.google.android.gms.persistent, calleePkgName: com.google.android.gms
12-12 13:34:17.861  1027  1040 D ActivityManager: startService callerProcessName:com.google.android.gms.persistent, calleePkgName: com.google.android.gms
12-12 13:34:17.891  1027  1133 I InputDispatcher: Delivering touch to (1230): action: 0x0, toolType: 0
12-12 13:34:17.891  1230  1230 D ViewRootImpl: ViewPostImeInputStage ACTION_DOWN
12-12 13:34:17.891  1027  1133 I InputDispatcher: Delivering touch to (1230): action: 0x1, toolType: 0
12-12 13:34:17.891  1230  1230 D PhoneStatusBar: makeExpandedVisible:false
12-12 13:34:17.901  1230  1230 D StatusBar-Window: fnf=false sanc=false, kni=false, sbf=true
12-12 13:34:17.901  1230  1230 D CoverUI : applyFocusableFlag() : Remove SAMSUNG_FLAG_SVIEW_COVER
12-12 13:34:17.901  1230  1230 D CoverUI : applyHeight h = -1, oc = false, ex = true, fa = false, ac = false, sc = false
12-12 13:34:17.901  1027  1771 V Vibrator: Called cancel() API - PUID: 1000, PackageName: android
12-12 13:34:17.901  1027  1771 D VibratorService: Turning vibrator off - google.
12-12 13:34:17.901  1027  1771 D LightsService: [api] [SvcLED] turnOff:: id = 5 (uid: 1000 pid: 1027) 
12-12 13:34:17.901  1027  1771 D LightsService: [api] [SvcLED] LED indicator : Not supported.
12-12 13:34:17.901  1230  1230 D PhoneStatusBar: disable: < expand icons alerts system_info back home recent clock search >
12-12 13:34:17.911  1230  1230 D PhoneStatusBar: makeExpandedInvisible: mExpandedVisible=true
12-12 13:34:17.911  1230  1230 D StatusBar-QSPanel: setSingleLine:true
12-12 13:34:17.911  1230  1230 D StatusBar-QSPanel: adjustCellWidth mButtonWidth : 134, displayWidth : 688
12-12 13:34:17.911  1230  1230 D StatusBar-QSPanel: updateButtonInfo mButtonWidth : 134 mColumns:5 orien: 1 mButtonCorrectionWidth:6
12-12 13:34:17.911  1230  1230 D StatusBar-QSPanel: setSingleLine height:186
12-12 13:34:17.911  1230  1230 D STATUSBAR-PhoneStatusBar:  mBrightnessEnablebySettings = true mBrightnessEnablebyBattery = true mBrightnessEnablebyDisableFlag = true mPmsBrightnessEnablebySettings = true
12-12 13:34:17.911  1230  1230 D StatusBar: getNumberOfActiveSim: 1
12-12 13:34:17.911  1230  1230 D PhoneStatusBar: updateQSpanelHeight: 186 height:186
12-12 13:34:17.911  1230  1230 D PanelView: flingSettings mQsMin:262 mQsMax:262 mQsEx:262.0mQsPeek:186
12-12 13:34:17.911  1230  1230 I PhoneStatusBar: Icon Only
12-12 13:34:17.911  1230  1230 I StatusBar: Icon Only
12-12 13:34:17.921  1230  1230 D StatusBar: getNumberOfActiveSim: 1
12-12 13:34:17.921  1230  1230 D PanelView: kidsfalse mQsExpansionEnabled:true
12-12 13:34:17.921  1230  1230 D StatusBar-Window: fnf=true sanc=false, kni=false, sbf=false
12-12 13:34:17.921  1230  1230 D CoverUI : applyFocusableFlag() : Remove SAMSUNG_FLAG_SVIEW_COVER
12-12 13:34:17.921  1230  1230 D CoverUI : applyHeight h = 50, oc = false, ex = false, fa = false, ac = false, sc = false
12-12 13:34:17.921  1230  1230 D PhoneStatusBar: disable: < expand icons alerts system_info back home recent clock search >
12-12 13:34:17.931 15547 15561 I art     : Explicit concurrent mark sweep GC freed 3(96B) AllocSpace objects, 0(0B) LOS objects, 39% free, 8MB/14MB, paused 809us total 32.379ms
12-12 13:34:17.941 15534 15534 I Timeline: Timeline: Activity_launch_request id:com.example.snoopy time:5707364
12-12 13:34:17.951  1027  1772 D ActivityManager: mDVFSHelper.acquire()
12-12 13:34:17.951  1027  1772 D CustomFrequencyManagerService: FrequencyrequestList.getNextCStateDisableRequest, index: 0
12-12 13:34:17.951  1027  1772 W WindowManager: Execute app transition: mNextAppTransition=0xffffffff displayId = 0
12-12 13:34:17.951  1027  1772 W WindowManager: java.lang.RuntimeException: here
12-12 13:34:17.951  1027  1772 W WindowManager: 	at com.android.server.wm.WindowManagerService.executeAppTransition(WindowManagerService.java:7314)
12-12 13:34:17.951  1027  1772 W WindowManager: 	at com.android.server.am.ActivityStack.resumeTopActivityInnerLocked(ActivityStack.java:2575)
12-12 13:34:17.951  1027  1772 W WindowManager: 	at com.android.server.am.ActivityStack.resumeTopActivityLocked(ActivityStack.java:2492)
12-12 13:34:17.951  1027  1772 W WindowManager: 	at com.android.server.am.ActivityStackSupervisor.startActivityUncheckedLocked(ActivityStackSupervisor.java:3702)
12-12 13:34:17.951  1027  1772 W WindowManager: 	at com.android.server.am.ActivityStackSupervisor.startActivityLocked(ActivityStackSupervisor.java:2815)
12-12 13:34:17.951  1027  1772 W WindowManager: 	at com.android.server.am.ActivityStackSupervisor.startActivityMayWait(ActivityStackSupervisor.java:1952)
12-12 13:34:17.951  1027  1772 W WindowManager: 	at com.android.server.am.ActivityManagerService.startActivityAsUser(ActivityManagerService.java:5440)
12-12 13:34:17.951  1027  1772 W WindowManager: 	at com.android.server.am.ActivityManagerService.startActivity(ActivityManagerService.java:5218)
12-12 13:34:17.951  1027  1772 W WindowManager: 	at android.app.ActivityManagerNative.onTransact(ActivityManagerNative.java:145)
12-12 13:34:17.951  1027  1772 W WindowManager: 	at com.android.server.am.ActivityManagerService.onTransact(ActivityManagerService.java:3372)
12-12 13:34:17.951  1027  1772 W WindowManager: 	at android.os.Binder.execTransact(Binder.java:461)
12-12 13:34:18.001  1027  1133 I InputDispatcher: Delivering touch to (1230): action: 0x4, toolType: 0
12-12 13:34:18.001 15547 15547 D ViewRootImpl: ViewPostImeInputStage ACTION_DOWN
12-12 13:34:18.001  1027  1133 I InputDispatcher: Delivering touch to (15547): action: 0x0, toolType: 0
12-12 13:34:18.001  1027  1133 I InputDispatcher: Delivering touch to (15547): action: 0x1, toolType: 0
12-12 13:34:18.011 15547 15561 I art     : Explicit concurrent mark sweep GC freed 9(240B) AllocSpace objects, 0(0B) LOS objects, 39% free, 8MB/14MB, paused 820us total 26.858ms
12-12 13:34:18.061  1027  1133 I InputDispatcher: Delivering touch to (1230): action: 0x4, toolType: 0
12-12 13:34:18.061 15547 15547 D ViewRootImpl: ViewPostImeInputStage ACTION_DOWN
12-12 13:34:18.061  1027  1133 I InputDispatcher: Delivering touch to (15547): action: 0x0, toolType: 0
12-12 13:34:18.061  1027  1133 I InputDispatcher: Delivering touch to (15547): action: 0x1, toolType: 0
12-12 13:34:18.101 15573 15605 E SQLiteLog: (284) automatic index on sqlite_sq_B834EE80(entryId)
12-12 13:34:18.101  1027  2848 D SSRM:a  : DeviceInfo:: 000000000000
12-12 13:34:18.101  1027  2848 D SSRM:a  : SettingsAirViewInfo:: 000000000
12-12 13:34:18.101  1027  1052 V BroadcastQueue: [background] Process cur broadcast BroadcastRecord{1317c20e u0 com.google.android.gms.phenotype.UPDATE} DELIVERED for app ProcessRecord{3f447b18 12769:com.google.android.gms.persistent/u0a8}
12-12 13:34:18.111  1027  1496 D ActivityManager: startService callerProcessName:com.google.android.gms.persistent, calleePkgName: com.google.android.gms
12-12 13:34:18.111  1027  1771 D ActivityManager: startService callerProcessName:com.google.android.gms.persistent, calleePkgName: com.google.android.gms
12-12 13:34:18.111  1027  1039 D ActivityManager: startService callerProcessName:com.google.android.gms, calleePkgName: com.google.android.gms
12-12 13:34:18.111  1027  1606 D ActivityManager: startService callerProcessName:com.google.android.gms.persistent, calleePkgName: com.google.android.gms
12-12 13:34:18.111  1027  1133 I InputDispatcher: Delivering touch to (1230): action: 0x4, toolType: 0
12-12 13:34:18.111  1027  1133 I InputDispatcher: Delivering touch to (15547): action: 0x0, toolType: 0
12-12 13:34:18.111 15547 15547 D ViewRootImpl: ViewPostImeInputStage ACTION_DOWN
12-12 13:34:18.111  1027  1810 D ActivityManager: BGQ getDeferredInfo app launch 300
12-12 13:34:18.121  1027  6760 D ActivityManager: startService callerProcessName:com.google.android.gms.ui, calleePkgName: com.google.android.gms
12-12 13:34:18.121  1027  1040 D ActivityManager: startService callerProcessName:com.google.android.gms.persistent, calleePkgName: com.google.android.gms
12-12 13:34:18.121  1027  1133 I InputDispatcher: Delivering touch to (15547): action: 0x1, toolType: 0
12-12 13:34:18.141 12769 14230 I NetRec  : [1905] ConfigChangedIntentOperation.onHandleIntent: Handling a Phenotype update
12-12 13:34:18.141 12769 14230 I NetRec  : [1905] zlv.b: onConfigChanged()
12-12 13:34:18.151 12769 15436 W ConfigurationChimeraPro: Got null configs for com.google.android.gms.auth_managed
12-12 13:34:18.161 15573 15605 W ResourcesManager: Asset path '/system/framework/com.android.media.remotedisplay.jar' does not exist or contains no resources.
12-12 13:34:18.161 15573 15605 W ResourcesManager: Asset path '/system/framework/com.android.location.provider.jar' does not exist or contains no resources.
12-12 13:34:18.161  1027  1772 D ActivityManager: startService callerProcessName:com.google.android.gms.persistent, calleePkgName: com.google.android.gms
12-12 13:34:18.161 12769 14230 I NetRec  : [1905] zlv.b: Cancelling all NetRec GCM tasks
12-12 13:34:18.161 12769 15436 I NetRec  : [1950] ClearDatabaseService.onHandleIntent: Clearing score cache
12-12 13:34:18.171  1027  1773 D ActivityManager: startService callerProcessName:com.google.android.gms.persistent, calleePkgName: com.google.android.gms
12-12 13:34:18.171  1027  1343 D ActivityManager: startService callerProcessName:com.google.android.gms.persistent, calleePkgName: com.google.android.gms
12-12 13:34:18.171  1027  1133 I InputDispatcher: Delivering touch to (1230): action: 0x4, toolType: 0
12-12 13:34:18.171  1027  1133 I InputDispatcher: Delivering touch to (15547): action: 0x0, toolType: 0
12-12 13:34:18.171 15547 15547 D ViewRootImpl: ViewPostImeInputStage ACTION_DOWN
12-12 13:34:18.191  1027  1133 I InputDispatcher: Delivering touch to (15547): action: 0x1, toolType: 0
12-12 13:34:18.241  1027  1133 I InputDispatcher: Delivering touch to (1230): action: 0x4, toolType: 0
12-12 13:34:18.241  1027  1133 I InputDispatcher: Delivering touch to (15547): action: 0x0, toolType: 0
12-12 13:34:18.241 15547 15547 D ViewRootImpl: ViewPostImeInputStage ACTION_DOWN
12-12 13:34:18.251  1027  1133 I InputDispatcher: Delivering touch to (15547): action: 0x1, toolType: 0
12-12 13:34:18.261 15573 15605 W linker  : libconscrypt_gmscore_jni.so: unused DT entry: type 0xf arg 0x1dc
12-12 13:34:18.271 15573 15605 V NativeCrypto: Registering com/google/android/gms/org/conscrypt/NativeCrypto's 276 native methods...
12-12 13:34:18.291 15573 15605 I art     : Rejecting re-init on previously-failed class java.lang.Class<com.google.android.gms.org.conscrypt.DelegatingExtendedSSLSession>
12-12 13:34:18.291 15573 15605 I art     : Rejecting re-init on previously-failed class java.lang.Class<com.google.android.gms.org.conscrypt.DelegatingExtendedSSLSession>
12-12 13:34:18.301 15573 15605 I art     : Rejecting re-init on previously-failed class java.lang.Class<com.google.android.gms.org.conscrypt.DelegatingExtendedSSLSession>
12-12 13:34:18.301  1027  1133 I InputDispatcher: Delivering touch to (1230): action: 0x4, toolType: 0
12-12 13:34:18.301 15547 15547 D ViewRootImpl: ViewPostImeInputStage ACTION_DOWN
12-12 13:34:18.301  1027  1133 I InputDispatcher: Delivering touch to (15547): action: 0x0, toolType: 0
12-12 13:34:18.301  1027  1133 I InputDispatcher: Delivering touch to (15547): action: 0x1, toolType: 0
12-12 13:34:18.351 15573 15605 I ProviderInstaller: Installed default security provider GmsCore_OpenSSL
12-12 13:34:18.361  1027  1133 I InputDispatcher: Delivering touch to (1230): action: 0x4, toolType: 0
12-12 13:34:18.361  1027  1133 I InputDispatcher: Delivering touch to (15547): action: 0x0, toolType: 0
12-12 13:34:18.361  1027  1133 D PowerManagerService: [api] userActivityFromNative : 10 (event: 2 flags: 0) eventTime = 5707780
12-12 13:34:18.361 15547 15547 D ViewRootImpl: ViewPostImeInputStage ACTION_DOWN
12-12 13:34:18.361  1027  1133 I InputDispatcher: Delivering touch to (15547): action: 0x1, toolType: 0
12-12 13:34:18.371  1027  1066 D PackageManager: [MSG] MCS_UNBIND
12-12 13:34:18.381  1027  1606 I ActivityManager: Killing 14820:com.samsung.android.app.FileShareServer/u0a62 (adj 15): empty #31
12-12 13:34:18.411  1027  1133 I InputDispatcher: Delivering touch to (1230): action: 0x4, toolType: 0
12-12 13:34:18.411  1027  1133 I InputDispatcher: Delivering touch to (15547): action: 0x0, toolType: 0
12-12 13:34:18.411 15547 15547 D ViewRootImpl: ViewPostImeInputStage ACTION_DOWN
12-12 13:34:18.411  1027  1133 I InputDispatcher: Delivering touch to (15547): action: 0x1, toolType: 0
12-12 13:34:18.421  1027  1052 V BroadcastQueue: [background] Process cur broadcast BroadcastRecord{312142f u0 com.google.android.gms.phenotype.UPDATE} DELIVERED for app ProcessRecord{3f447b18 12769:com.google.android.gms.persistent/u0a8}
12-12 13:34:18.421  1027  1343 D ActivityManager: startService callerProcessName:com.google.android.gms.persistent, calleePkgName: com.google.android.gms
12-12 13:34:18.421  1027  1496 D ActivityManager: startService callerProcessName:com.google.android.gms.persistent, calleePkgName: com.google.android.gms
12-12 13:34:18.431  1027  1771 D ActivityManager: startService callerProcessName:com.google.android.gms.persistent, calleePkgName: com.google.android.gms
12-12 13:34:18.431  1027  1772 D ActivityManager: BGQ getDeferredInfo app launch 300
12-12 13:34:18.441  1027  1606 D ActivityManager: startService callerProcessName:com.google.android.gms.ui, calleePkgName: com.google.android.gms
12-12 13:34:18.441 12769 15444 I NetRec  : [1954] ConfigChangedIntentOperation.onHandleIntent: Handling a Phenotype update
12-12 13:34:18.441 12769 15444 I NetRec  : [1954] zlv.b: onConfigChanged()
12-12 13:34:18.441  1027  1773 D ActivityManager: startService callerProcessName:com.google.android.gms, calleePkgName: com.google.android.gms
12-12 13:34:18.461  1027  1260 W WindowManager: Execute app transition: mNextAppTransition=0xffffffff displayId = 0
12-12 13:34:18.461  1027  1260 W WindowManager: java.lang.RuntimeException: here
12-12 13:34:18.461  1027  1260 W WindowManager: 	at com.android.server.wm.WindowManagerService.executeAppTransition(WindowManagerService.java:7314)
12-12 13:34:18.461  1027  1260 W WindowManager: 	at com.android.server.am.ActivityStack.resumeTopActivityInnerLocked(ActivityStack.java:2575)
12-12 13:34:18.461  1027  1260 W WindowManager: 	at com.android.server.am.ActivityStack.resumeTopActivityLocked(ActivityStack.java:2492)
12-12 13:34:18.461  1027  1260 W WindowManager: 	at com.android.server.am.ActivityStackSupervisor.resumeTopActivitiesLocked(ActivityStackSupervisor.java:4478)
12-12 13:34:18.461  1027  1260 W WindowManager: 	at com.android.server.am.ActivityStackSupervisor.resumeTopActivitiesLocked(ActivityStackSupervisor.java:4451)
12-12 13:34:18.461  1027  1260 W WindowManager: 	at com.android.server.am.ActivityManagerService.handleAppDiedLocked(ActivityManagerService.java:7067)
12-12 13:34:18.461  1027  1260 W WindowManager: 	at com.android.server.am.ActivityManagerService.appDiedLocked(ActivityManagerService.java:7248)
12-12 13:34:18.461  1027  1260 W WindowManager: 	at com.android.server.am.ActivityManagerService$AppDeathRecipient.binderDied(ActivityManagerService.java:1754)
12-12 13:34:18.461  1027  1260 W WindowManager: 	at android.os.BinderProxy.sendDeathNotice(Binder.java:566)
12-12 13:34:18.461  1027  1343 D ActivityManager: startService callerProcessName:com.google.android.gms.persistent, calleePkgName: com.google.android.gms
12-12 13:34:18.461 12769 15444 I NetRec  : [1954] zlv.b: Cancelling all NetRec GCM tasks
12-12 13:34:18.461 12769 15442 I NetRec  : [1952] ClearDatabaseService.onHandleIntent: Clearing score cache
12-12 13:34:18.471  1027  1774 D ActivityManager: startService callerProcessName:com.google.android.gms.persistent, calleePkgName: com.google.android.gms
12-12 13:34:18.471  1027  1133 I InputDispatcher: Delivering touch to (1230): action: 0x4, toolType: 0
12-12 13:34:18.471  1027  1133 I InputDispatcher: Delivering touch to (15547): action: 0x0, toolType: 0
12-12 13:34:18.471  1027  1771 D ActivityManager: startService callerProcessName:com.google.android.gms.persistent, calleePkgName: com.google.android.gms
12-12 13:34:18.471 15547 15547 D ViewRootImpl: ViewPostImeInputStage ACTION_DOWN
12-12 13:34:18.471  1027  1133 I InputDispatcher: Delivering touch to (15547): action: 0x1, toolType: 0
12-12 13:34:18.521 15534 15534 I Timeline: Timeline: Activity_launch_request id:com.example.snoopy time:5707948
12-12 13:34:18.531  1027  1769 D ActivityManager: mDVFSHelper.acquire()
12-12 13:34:18.531  1027  1769 D CustomFrequencyManagerService: FrequencyrequestList.getNextCStateDisableRequest, index: 0
12-12 13:34:18.531  1027  1769 W WindowManager: Execute app transition: mNextAppTransition=0xffffffff displayId = 0
12-12 13:34:18.531  1027  1769 W WindowManager: java.lang.RuntimeException: here
12-12 13:34:18.531  1027  1769 W WindowManager: 	at com.android.server.wm.WindowManagerService.executeAppTransition(WindowManagerService.java:7314)
12-12 13:34:18.531  1027  1769 W WindowManager: 	at com.android.server.am.ActivityStack.resumeTopActivityInnerLocked(ActivityStack.java:2575)
12-12 13:34:18.531  1027  1769 W WindowManager: 	at com.android.server.am.ActivityStack.resumeTopActivityLocked(ActivityStack.java:2492)
12-12 13:34:18.531  1027  1769 W WindowManager: 	at com.android.server.am.ActivityStackSupervisor.startActivityUncheckedLocked(ActivityStackSupervisor.java:3702)
12-12 13:34:18.531  1027  1769 W WindowManager: 	at com.android.server.am.ActivityStackSupervisor.startActivityLocked(ActivityStackSupervisor.java:2815)
12-12 13:34:18.531  1027  1769 W WindowManager: 	at com.android.server.am.ActivityStackSupervisor.startActivityMayWait(ActivityStackSupervisor.java:1952)
12-12 13:34:18.531  1027  1769 W WindowManager: 	at com.android.server.am.ActivityManagerService.startActivityAsUser(ActivityManagerService.java:5440)
12-12 13:34:18.531  1027  1769 W WindowManager: 	at com.android.server.am.ActivityManagerService.startActivity(ActivityManagerService.java:5218)
12-12 13:34:18.531  1027  1769 W WindowManager: 	at android.app.ActivityManagerNative.onTransact(ActivityManagerNative.java:145)
12-12 13:34:18.531  1027  1769 W WindowManager: 	at com.android.server.am.ActivityManagerService.onTransact(ActivityManagerService.java:3372)
12-12 13:34:18.531  1027  1769 W WindowManager: 	at android.os.Binder.execTransact(Binder.java:461)
12-12 13:34:18.581  1027  1133 I InputDispatcher: Delivering touch to (1230): action: 0x4, toolType: 0
12-12 13:34:18.581  1027  1133 I InputDispatcher: Delivering touch to (15547): action: 0x0, toolType: 0
12-12 13:34:18.591 15547 15547 D ViewRootImpl: ViewPostImeInputStage ACTION_DOWN
12-12 13:34:18.591  1027  1133 I InputDispatcher: Delivering touch to (15547): action: 0x1, toolType: 0
12-12 13:34:18.641  1027  1133 I InputDispatcher: Delivering touch to (1230): action: 0x4, toolType: 0
12-12 13:34:18.641  1027  1133 I InputDispatcher: Delivering touch to (15547): action: 0x0, toolType: 0
12-12 13:34:18.641 15547 15547 D ViewRootImpl: ViewPostImeInputStage ACTION_DOWN
12-12 13:34:18.651  1027  1133 I InputDispatcher: Delivering touch to (15547): action: 0x1, toolType: 0
12-12 13:34:18.711  1027  1133 I InputDispatcher: Delivering touch to (1230): action: 0x4, toolType: 0
12-12 13:34:18.711  1027  1133 I InputDispatcher: Delivering touch to (15547): action: 0x0, toolType: 0
12-12 13:34:18.711 15547 15547 D ViewRootImpl: ViewPostImeInputStage ACTION_DOWN
12-12 13:34:18.711  1027  1133 I InputDispatcher: Delivering touch to (15547): action: 0x1, toolType: 0
12-12 13:34:18.741  1027  1052 V BroadcastQueue: [background] Process cur broadcast BroadcastRecord{3491f11a u0 com.google.android.gms.phenotype.UPDATE} DELIVERED for app ProcessRecord{3f447b18 12769:com.google.android.gms.persistent/u0a8}
12-12 13:34:18.741  1027  1772 D ActivityManager: startService callerProcessName:com.google.android.gms.persistent, calleePkgName: com.google.android.gms
12-12 13:34:18.741  1027  1771 D ActivityManager: startService callerProcessName:com.google.android.gms.persistent, calleePkgName: com.google.android.gms
12-12 13:34:18.751  1027  1771 D ActivityManager: startService callerProcessName:com.google.android.gms, calleePkgName: com.google.android.gms
12-12 13:34:18.751  1027  1039 D ActivityManager: startService callerProcessName:com.google.android.gms.persistent, calleePkgName: com.google.android.gms
12-12 13:34:18.751  1027  1830 D ActivityManager: BGQ getDeferredInfo app launch 300
12-12 13:34:18.761 12769 15436 I NetRec  : [1950] ConfigChangedIntentOperation.onHandleIntent: Handling a Phenotype update
12-12 13:34:18.761  1027  1713 D ActivityManager: startService callerProcessName:com.google.android.gms.ui, calleePkgName: com.google.android.gms
12-12 13:34:18.761 12769 15436 I NetRec  : [1950] zlv.b: onConfigChanged()
12-12 13:34:18.771  1027  1133 I InputDispatcher: Delivering touch to (1230): action: 0x4, toolType: 0
12-12 13:34:18.771 15547 15547 D ViewRootImpl: ViewPostImeInputStage ACTION_DOWN
12-12 13:34:18.771  1027  1133 I InputDispatcher: Delivering touch to (15547): action: 0x0, toolType: 0
12-12 13:34:18.771  1027  1133 I InputDispatcher: Delivering touch to (15547): action: 0x1, toolType: 0
12-12 13:34:18.781 12769 15444 W ConfigurationChimeraPro: Got null configs for com.google.android.gms.tapandpay_legacy_gservices
12-12 13:34:18.781  1027  6760 D ActivityManager: startService callerProcessName:com.google.android.gms.persistent, calleePkgName: com.google.android.gms
12-12 13:34:18.781  1027  1771 D ActivityManager: startService callerProcessName:com.google.android.gms.persistent, calleePkgName: com.google.android.gms
12-12 13:34:18.791 12769 15436 I NetRec  : [1950] zlv.b: Cancelling all NetRec GCM tasks
12-12 13:34:18.791 12769 15442 I NetRec  : [1952] ClearDatabaseService.onHandleIntent: Clearing score cache
12-12 13:34:18.791  1027  1606 D ActivityManager: startService callerProcessName:com.google.android.gms.persistent, calleePkgName: com.google.android.gms
12-12 13:34:18.811  1027  1771 D ActivityManager: startService callerProcessName:com.google.android.gms.persistent, calleePkgName: com.google.android.gms
12-12 13:34:18.831  1027  1133 I InputDispatcher: Delivering touch to (1230): action: 0x4, toolType: 0
12-12 13:34:18.831 15547 15547 D ViewRootImpl: ViewPostImeInputStage ACTION_DOWN
12-12 13:34:18.831  1027  1133 I InputDispatcher: Delivering touch to (15547): action: 0x0, toolType: 0
12-12 13:34:18.831  1027  1133 I InputDispatcher: Delivering touch to (15547): action: 0x1, toolType: 0
12-12 13:34:18.841  1027  1810 D ActivityManager: startService callerProcessName:com.google.android.gms.persistent, calleePkgName: com.google.android.gms
12-12 13:34:18.891  1027  1133 I InputDispatcher: Delivering touch to (1230): action: 0x4, toolType: 0
12-12 13:34:18.891 15547 15547 D ViewRootImpl: ViewPostImeInputStage ACTION_DOWN
12-12 13:34:18.891  1027  1133 I InputDispatcher: Delivering touch to (15547): action: 0x0, toolType: 0
12-12 13:34:18.901  1027  1133 I InputDispatcher: Delivering touch to (15547): action: 0x1, toolType: 0
12-12 13:34:18.951  1027  1133 I InputDispatcher: Delivering touch to (1230): action: 0x4, toolType: 0
12-12 13:34:18.951 15547 15547 D ViewRootImpl: ViewPostImeInputStage ACTION_DOWN
12-12 13:34:18.951  1027  1133 I InputDispatcher: Delivering touch to (15547): action: 0x0, toolType: 0
12-12 13:34:18.961  1027  1133 I InputDispatcher: Delivering touch to (15547): action: 0x1, toolType: 0
12-12 13:34:19.021  1027  1133 I InputDispatcher: Delivering touch to (1230): action: 0x4, toolType: 0
12-12 13:34:19.021  1027  1133 I InputDispatcher: Delivering touch to (15547): action: 0x0, toolType: 0
12-12 13:34:19.021 15547 15547 D ViewRootImpl: ViewPostImeInputStage ACTION_DOWN
12-12 13:34:19.021  1027  1133 I InputDispatcher: Delivering touch to (15547): action: 0x1, toolType: 0
12-12 13:34:19.061  1027  1052 V BroadcastQueue: [background] Process cur broadcast BroadcastRecord{2db5c44b u0 com.google.android.gms.phenotype.UPDATE} DELIVERED for app ProcessRecord{3f447b18 12769:com.google.android.gms.persistent/u0a8}
12-12 13:34:19.061  1027  1771 D ActivityManager: startService callerProcessName:com.google.android.gms.persistent, calleePkgName: com.google.android.gms
12-12 13:34:19.061  1027  1039 D ActivityManager: startService callerProcessName:com.google.android.gms.persistent, calleePkgName: com.google.android.gms
12-12 13:34:19.071  1027  1260 D ActivityManager: startService callerProcessName:com.google.android.gms, calleePkgName: com.google.android.gms
12-12 13:34:19.071  1027  1772 D ActivityManager: startService callerProcessName:com.google.android.gms.persistent, calleePkgName: com.google.android.gms
12-12 13:34:19.071  1027  1343 D ActivityManager: BGQ getDeferredInfo app launch 300
12-12 13:34:19.071  1027  1769 D ActivityManager: startService callerProcessName:com.google.android.gms.ui, calleePkgName: com.google.android.gms
12-12 13:34:19.081  1027  1133 I InputDispatcher: Delivering touch to (1230): action: 0x4, toolType: 0
12-12 13:34:19.081  1027  1133 I InputDispatcher: Delivering touch to (15547): action: 0x0, toolType: 0
12-12 13:34:19.081  1027  1773 D ActivityManager: startService callerProcessName:com.google.android.gms.persistent, calleePkgName: com.google.android.gms
12-12 13:34:19.081 15547 15547 D ViewRootImpl: ViewPostImeInputStage ACTION_DOWN
12-12 13:34:19.081  1027  1133 I InputDispatcher: Delivering touch to (15547): action: 0x1, toolType: 0
12-12 13:34:19.111 12769 15444 I NetRec  : [1954] ConfigChangedIntentOperation.onHandleIntent: Handling a Phenotype update
12-12 13:34:19.111 12769 15444 I NetRec  : [1954] zlv.b: onConfigChanged()
12-12 13:34:19.121 12769 15442 W ConfigurationChimeraPro: Got null configs for com.google.android.gms.auth_managed
12-12 13:34:19.131  1027  1496 D ActivityManager: startService callerProcessName:com.google.android.gms.persistent, calleePkgName: com.google.android.gms
12-12 13:34:19.131 12769 15444 I NetRec  : [1954] zlv.b: Cancelling all NetRec GCM tasks
12-12 13:34:19.131 12769 15442 I NetRec  : [1952] ClearDatabaseService.onHandleIntent: Clearing score cache
12-12 13:34:19.131  1027  1039 D ActivityManager: startService callerProcessName:com.google.android.gms.persistent, calleePkgName: com.google.android.gms
12-12 13:34:19.141  1027  1774 D ActivityManager: startService callerProcessName:com.google.android.gms.persistent, calleePkgName: com.google.android.gms
12-12 13:34:19.141  1027  1133 I InputDispatcher: Delivering touch to (1230): action: 0x4, toolType: 0
12-12 13:34:19.141  1027  1133 I InputDispatcher: Delivering touch to (15547): action: 0x0, toolType: 0
12-12 13:34:19.141 15547 15547 D ViewRootImpl: ViewPostImeInputStage ACTION_DOWN
12-12 13:34:19.141  1027  1133 I InputDispatcher: Delivering touch to (15547): action: 0x1, toolType: 0
12-12 13:34:19.191  1027  1133 I InputDispatcher: Delivering touch to (1230): action: 0x0, toolType: 0
12-12 13:34:19.191  1230  1230 D ViewRootImpl: ViewPostImeInputStage ACTION_DOWN
12-12 13:34:19.201  1027  1133 I InputDispatcher: Delivering touch to (1230): action: 0x1, toolType: 0
12-12 13:34:19.201  1230  1230 D PhoneStatusBar: makeExpandedVisible:false
12-12 13:34:19.201  1230  1230 D StatusBar-Window: fnf=false sanc=false, kni=false, sbf=true
12-12 13:34:19.201  1230  1230 D CoverUI : applyFocusableFlag() : Remove SAMSUNG_FLAG_SVIEW_COVER
12-12 13:34:19.201  1230  1230 D CoverUI : applyHeight h = -1, oc = false, ex = true, fa = false, ac = false, sc = false
12-12 13:34:19.201  1027  1772 V Vibrator: Called cancel() API - PUID: 1000, PackageName: android
12-12 13:34:19.201  1027  1772 D VibratorService: Turning vibrator off - google.
12-12 13:34:19.201  1027  1772 D LightsService: [api] [SvcLED] turnOff:: id = 5 (uid: 1000 pid: 1027) 
12-12 13:34:19.201  1027  1772 D LightsService: [api] [SvcLED] LED indicator : Not supported.
12-12 13:34:19.211  1230  1230 D PhoneStatusBar: disable: < expand icons alerts system_info back home recent clock search >
12-12 13:34:19.211  1230  1230 D PhoneStatusBar: makeExpandedInvisible: mExpandedVisible=true
12-12 13:34:19.211  1230  1230 D StatusBar-QSPanel: setSingleLine:true
12-12 13:34:19.211  1230  1230 D StatusBar-QSPanel: adjustCellWidth mButtonWidth : 134, displayWidth : 688
12-12 13:34:19.211  1230  1230 D StatusBar-QSPanel: updateButtonInfo mButtonWidth : 134 mColumns:5 orien: 1 mButtonCorrectionWidth:6
12-12 13:34:19.211  1230  1230 D StatusBar-QSPanel: setSingleLine height:186
12-12 13:34:19.211  1230  1230 D STATUSBAR-PhoneStatusBar:  mBrightnessEnablebySettings = true mBrightnessEnablebyBattery = true mBrightnessEnablebyDisableFlag = true mPmsBrightnessEnablebySettings = true
12-12 13:34:19.211  1230  1230 D StatusBar: getNumberOfActiveSim: 1
12-12 13:34:19.211  1230  1230 D PhoneStatusBar: updateQSpanelHeight: 186 height:186
12-12 13:34:19.211  1230  1230 D PanelView: flingSettings mQsMin:262 mQsMax:262 mQsEx:262.0mQsPeek:186
12-12 13:34:19.211  1230  1230 I PhoneStatusBar: Icon Only
12-12 13:34:19.211  1230  1230 I StatusBar: Icon Only
12-12 13:34:19.221  1230  1230 D StatusBar: getNumberOfActiveSim: 1
12-12 13:34:19.221  1230  1230 D PanelView: kidsfalse mQsExpansionEnabled:true
12-12 13:34:19.221  1230  1230 D StatusBar-Window: fnf=true sanc=false, kni=false, sbf=false
12-12 13:34:19.221  1230  1230 D CoverUI : applyFocusableFlag() : Remove SAMSUNG_FLAG_SVIEW_COVER
12-12 13:34:19.221  1230  1230 D CoverUI : applyHeight h = 50, oc = false, ex = false, fa = false, ac = false, sc = false
12-12 13:34:19.221  1230  1230 D PhoneStatusBar: disable: < expand icons alerts system_info back home recent clock search >
12-12 13:34:19.251 15534 15534 I Timeline: Timeline: Activity_launch_request id:com.example.snoopy time:5708672
12-12 13:34:19.251  1027  1772 D ActivityManager: mDVFSHelper.acquire()
12-12 13:34:19.251  1027  1772 D CustomFrequencyManagerService: FrequencyrequestList.getNextCStateDisableRequest, index: 0
12-12 13:34:19.261  1027  1772 W WindowManager: Execute app transition: mNextAppTransition=0xffffffff displayId = 0
12-12 13:34:19.261  1027  1772 W WindowManager: java.lang.RuntimeException: here
12-12 13:34:19.261  1027  1772 W WindowManager: 	at com.android.server.wm.WindowManagerService.executeAppTransition(WindowManagerService.java:7314)
