12-12 13:34:19.261  1027  1772 W WindowManager: 	at com.android.server.am.ActivityStack.resumeTopActivityInnerLocked(ActivityStack.java:2575)
12-12 13:34:19.261  1027  1772 W WindowManager: 	at com.android.server.am.ActivityStack.resumeTopActivityLocked(ActivityStack.java:2492)
12-12 13:34:19.261  1027  1772 W WindowManager: 	at com.android.server.am.ActivityStackSupervisor.startActivityUncheckedLocked(ActivityStackSupervisor.java:3702)
12-12 13:34:19.261  1027  1772 W WindowManager: 	at com.android.server.am.ActivityStackSupervisor.startActivityLocked(ActivityStackSupervisor.java:2815)
12-12 13:34:19.261  1027  1772 W WindowManager: 	at com.android.server.am.ActivityStackSupervisor.startActivityMayWait(ActivityStackSupervisor.java:1952)
12-12 13:34:19.261  1027  1772 W WindowManager: 	at com.android.server.am.ActivityManagerService.startActivityAsUser(ActivityManagerService.java:5440)
12-12 13:34:19.261  1027  1772 W WindowManager: 	at com.android.server.am.ActivityManagerService.startActivity(ActivityManagerService.java:5218)
12-12 13:34:19.261  1027  1772 W WindowManager: 	at android.app.ActivityManagerNative.onTransact(ActivityManagerNative.java:145)
12-12 13:34:19.261  1027  1772 W WindowManager: 	at com.android.server.am.ActivityManagerService.onTransact(ActivityManagerService.java:3372)
12-12 13:34:19.261  1027  1772 W WindowManager: 	at android.os.Binder.execTransact(Binder.java:461)
12-12 13:34:19.311  1027  1133 I InputDispatcher: Delivering touch to (1230): action: 0x4, toolType: 0
12-12 13:34:19.311  1027  1133 I InputDispatcher: Delivering touch to (15547): action: 0x0, toolType: 0
12-12 13:34:19.311 15547 15547 D ViewRootImpl: ViewPostImeInputStage ACTION_DOWN
12-12 13:34:19.311  1027  1133 I InputDispatcher: Delivering touch to (15547): action: 0x1, toolType: 0
12-12 13:34:19.361  1027  1133 I InputDispatcher: Delivering touch to (1230): action: 0x4, toolType: 0
12-12 13:34:19.361  1027  1133 I InputDispatcher: Delivering touch to (15547): action: 0x0, toolType: 0
12-12 13:34:19.361 15547 15547 D ViewRootImpl: ViewPostImeInputStage ACTION_DOWN
12-12 13:34:19.371  1027  1133 I InputDispatcher: Delivering touch to (15547): action: 0x1, toolType: 0
12-12 13:34:19.371  1027  2848 D SSRM:a  : DeviceInfo:: 000000000000
12-12 13:34:19.371  1027  2848 D SSRM:a  : SettingsAirViewInfo:: 000000000
12-12 13:34:19.381  1027  1052 V BroadcastQueue: [background] Process cur broadcast BroadcastRecord{35359e28 u0 com.google.android.gms.phenotype.UPDATE} DELIVERED for app ProcessRecord{3f447b18 12769:com.google.android.gms.persistent/u0a8}
12-12 13:34:19.381  1027  1343 D ActivityManager: startService callerProcessName:com.google.android.gms.persistent, calleePkgName: com.google.android.gms
12-12 13:34:19.381  1027  1471 D ActivityManager: startService callerProcessName:com.google.android.gms.persistent, calleePkgName: com.google.android.gms
12-12 13:34:19.381  1027  1496 D ActivityManager: startService callerProcessName:com.google.android.gms, calleePkgName: com.google.android.gms
12-12 13:34:19.381  1027  1773 D ActivityManager: startService callerProcessName:com.google.android.gms.persistent, calleePkgName: com.google.android.gms
12-12 13:34:19.381  1027  1772 D ActivityManager: BGQ getDeferredInfo app launch 300
12-12 13:34:19.391  1027  1810 D ActivityManager: startService callerProcessName:com.google.android.gms.ui, calleePkgName: com.google.android.gms
12-12 13:34:19.391  1027  1039 D ActivityManager: startService callerProcessName:com.google.android.gms.persistent, calleePkgName: com.google.android.gms
12-12 13:34:19.421 12769 15444 I NetRec  : [1954] ConfigChangedIntentOperation.onHandleIntent: Handling a Phenotype update
12-12 13:34:19.421 12769 15444 I NetRec  : [1954] zlv.b: onConfigChanged()
12-12 13:34:19.431 12769 15442 W ConfigurationChimeraPro: Got null configs for com.google.android.gms.auth_managed
12-12 13:34:19.431  1027  1133 I InputDispatcher: Delivering touch to (1230): action: 0x4, toolType: 0
12-12 13:34:19.431  1027  1133 I InputDispatcher: Delivering touch to (15547): action: 0x0, toolType: 0
12-12 13:34:19.431 15547 15547 D ViewRootImpl: ViewPostImeInputStage ACTION_DOWN
12-12 13:34:19.441  1027  1133 I InputDispatcher: Delivering touch to (15547): action: 0x1, toolType: 0
12-12 13:34:19.441  1027  1471 D ActivityManager: startService callerProcessName:com.google.android.gms.persistent, calleePkgName: com.google.android.gms
12-12 13:34:19.441 12769 15444 I NetRec  : [1954] zlv.b: Cancelling all NetRec GCM tasks
12-12 13:34:19.451 12769 15442 I NetRec  : [1952] ClearDatabaseService.onHandleIntent: Clearing score cache
12-12 13:34:19.451  1027  1713 D ActivityManager: startService callerProcessName:com.google.android.gms.persistent, calleePkgName: com.google.android.gms
12-12 13:34:19.451  1027  1606 D ActivityManager: startService callerProcessName:com.google.android.gms.persistent, calleePkgName: com.google.android.gms
12-12 13:34:19.491  1027  1133 I InputDispatcher: Delivering touch to (1230): action: 0x4, toolType: 0
12-12 13:34:19.491  1027  1133 I InputDispatcher: Delivering touch to (15547): action: 0x0, toolType: 0
12-12 13:34:19.501 15547 15547 D ViewRootImpl: ViewPostImeInputStage ACTION_DOWN
12-12 13:34:19.511  1027  1133 I InputDispatcher: Delivering touch to (15547): action: 0x1, toolType: 0
12-12 13:34:19.551 15547 15557 I art     : Explicit concurrent mark sweep GC freed 1187(66KB) AllocSpace objects, 1(16KB) LOS objects, 39% free, 8MB/14MB, paused 815us total 36.690ms
12-12 13:34:19.561  1027  1133 I InputDispatcher: Delivering touch to (1230): action: 0x4, toolType: 0
12-12 13:34:19.561  1027  1133 I InputDispatcher: Delivering touch to (15547): action: 0x0, toolType: 0
12-12 13:34:19.561 15547 15547 D ViewRootImpl: ViewPostImeInputStage ACTION_DOWN
12-12 13:34:19.571  1027  1133 I InputDispatcher: Delivering touch to (15547): action: 0x1, toolType: 0
12-12 13:34:19.621  1027  1133 I InputDispatcher: Delivering touch to (1230): action: 0x4, toolType: 0
12-12 13:34:19.621  1027  1133 I InputDispatcher: Delivering touch to (15547): action: 0x0, toolType: 0
12-12 13:34:19.621 15547 15547 D ViewRootImpl: ViewPostImeInputStage ACTION_DOWN
12-12 13:34:19.621  1027  1133 I InputDispatcher: Delivering touch to (15547): action: 0x1, toolType: 0
12-12 13:34:19.631 15547 15557 I art     : Explicit concurrent mark sweep GC freed 30(920B) AllocSpace objects, 0(0B) LOS objects, 39% free, 8MB/14MB, paused 833us total 26.631ms
12-12 13:34:19.631  1027  1052 D ActivityManager:  getDeferredInfo final delay 420
12-12 13:34:19.671  1027  1133 I InputDispatcher: Delivering touch to (1230): action: 0x4, toolType: 0
12-12 13:34:19.671  1027  1133 I InputDispatcher: Delivering touch to (15547): action: 0x0, toolType: 0
12-12 13:34:19.671 15547 15547 D ViewRootImpl: ViewPostImeInputStage ACTION_DOWN
12-12 13:34:19.691  1027  1133 I InputDispatcher: Delivering touch to (15547): action: 0x1, toolType: 0
12-12 13:34:19.691  1027  1052 V BroadcastQueue: [background] Process cur broadcast BroadcastRecord{38f4b741 u0 com.google.android.gms.phenotype.UPDATE} DELIVERED for app ProcessRecord{3f447b18 12769:com.google.android.gms.persistent/u0a8}
12-12 13:34:19.691  1027  1810 D ActivityManager: startService callerProcessName:com.google.android.gms.persistent, calleePkgName: com.google.android.gms
12-12 13:34:19.691  1027  1772 D ActivityManager: startService callerProcessName:com.google.android.gms.persistent, calleePkgName: com.google.android.gms
12-12 13:34:19.691  1027  1771 D ActivityManager: startService callerProcessName:com.google.android.gms.persistent, calleePkgName: com.google.android.gms
12-12 13:34:19.701  1027  1040 D ActivityManager: startService callerProcessName:com.google.android.gms, calleePkgName: com.google.android.gms
12-12 13:34:19.701  1027  1830 D ActivityManager: BGQ getDeferredInfo app launch 300
12-12 13:34:19.701 12769 15443 I NetRec  : [1953] ConfigChangedIntentOperation.onHandleIntent: Handling a Phenotype update
12-12 13:34:19.701 12769 15443 I NetRec  : [1953] zlv.b: onConfigChanged()
12-12 13:34:19.701 15547 15557 I art     : Explicit concurrent mark sweep GC freed 11(288B) AllocSpace objects, 0(0B) LOS objects, 39% free, 8MB/14MB, paused 1.056ms total 29.524ms
12-12 13:34:19.721  1027  1471 D ActivityManager: startService callerProcessName:com.google.android.gms.persistent, calleePkgName: com.google.android.gms
12-12 13:34:19.721 12769 15443 I NetRec  : [1953] zlv.b: Cancelling all NetRec GCM tasks
12-12 13:34:19.721 12769 15442 I NetRec  : [1952] ClearDatabaseService.onHandleIntent: Clearing score cache
12-12 13:34:19.731  1027  1771 D ActivityManager: startService callerProcessName:com.google.android.gms.persistent, calleePkgName: com.google.android.gms
12-12 13:34:19.731  1027  1773 D ActivityManager: startService callerProcessName:com.google.android.gms.persistent, calleePkgName: com.google.android.gms
12-12 13:34:19.741  1027  1133 I InputDispatcher: Delivering touch to (1230): action: 0x4, toolType: 0
12-12 13:34:19.741  1027  1133 I InputDispatcher: Delivering touch to (15547): action: 0x0, toolType: 0
12-12 13:34:19.741 15547 15547 D ViewRootImpl: ViewPostImeInputStage ACTION_DOWN
12-12 13:34:19.761  1027  1133 I InputDispatcher: Delivering touch to (15547): action: 0x1, toolType: 0
12-12 13:34:19.761  1027  2848 D ConnectivityService: returning getNetworkInfo for network type 1 : [type: WIFI[] - WIFI, state: CONNECTED/CONNECTED, reason: (unspecified), extra: "9902007673", roaming: false, failover: false, isAvailable: true, isConnectedToProvisioningNetwork: false]
12-12 13:34:19.801 15547 15557 I art     : Explicit concurrent mark sweep GC freed 11(288B) AllocSpace objects, 0(0B) LOS objects, 39% free, 8MB/14MB, paused 1.017ms total 31.710ms
12-12 13:34:19.811 15534 15534 I Timeline: Timeline: Activity_launch_request id:com.example.snoopy time:5709234
12-12 13:34:19.821  1027  1039 D ActivityManager: mDVFSHelper.acquire()
12-12 13:34:19.821  1027  1039 D CustomFrequencyManagerService: FrequencyrequestList.getNextCStateDisableRequest, index: 0
12-12 13:34:19.821  1027  1039 W WindowManager: Execute app transition: mNextAppTransition=0xffffffff displayId = 0
12-12 13:34:19.821  1027  1039 W WindowManager: java.lang.RuntimeException: here
12-12 13:34:19.821  1027  1039 W WindowManager: 	at com.android.server.wm.WindowManagerService.executeAppTransition(WindowManagerService.java:7314)
12-12 13:34:19.821  1027  1039 W WindowManager: 	at com.android.server.am.ActivityStack.resumeTopActivityInnerLocked(ActivityStack.java:2575)
12-12 13:34:19.821  1027  1039 W WindowManager: 	at com.android.server.am.ActivityStack.resumeTopActivityLocked(ActivityStack.java:2492)
12-12 13:34:19.821  1027  1039 W WindowManager: 	at com.android.server.am.ActivityStackSupervisor.startActivityUncheckedLocked(ActivityStackSupervisor.java:3702)
12-12 13:34:19.821  1027  1039 W WindowManager: 	at com.android.server.am.ActivityStackSupervisor.startActivityLocked(ActivityStackSupervisor.java:2815)
12-12 13:34:19.821  1027  1039 W WindowManager: 	at com.android.server.am.ActivityStackSupervisor.startActivityMayWait(ActivityStackSupervisor.java:1952)
12-12 13:34:19.821  1027  1039 W WindowManager: 	at com.android.server.am.ActivityManagerService.startActivityAsUser(ActivityManagerService.java:5440)
12-12 13:34:19.821  1027  1039 W WindowManager: 	at com.android.server.am.ActivityManagerService.startActivity(ActivityManagerService.java:5218)
12-12 13:34:19.821  1027  1039 W WindowManager: 	at android.app.ActivityManagerNative.onTransact(ActivityManagerNative.java:145)
12-12 13:34:19.821  1027  1039 W WindowManager: 	at com.android.server.am.ActivityManagerService.onTransact(ActivityManagerService.java:3372)
12-12 13:34:19.821  1027  1039 W WindowManager: 	at android.os.Binder.execTransact(Binder.java:461)
12-12 13:34:19.831  1027  1774 D ActivityManager: startService callerProcessName:com.google.android.gms.persistent, calleePkgName: com.google.android.gms
12-12 13:34:19.851  1027  1810 D ActivityManager: startService callerProcessName:com.google.android.gms.persistent, calleePkgName: com.google.android.gms
12-12 13:34:19.871  1027  1771 D ActivityManager: startService callerProcessName:com.google.android.gms.ui, calleePkgName: com.google.android.gms
12-12 13:34:19.871  1027  1133 I InputDispatcher: Delivering touch to (1230): action: 0x4, toolType: 0
12-12 13:34:19.871  1027  1133 I InputDispatcher: Delivering touch to (15547): action: 0x0, toolType: 0
12-12 13:34:19.881 15547 15547 D ViewRootImpl: ViewPostImeInputStage ACTION_DOWN
12-12 13:34:19.881  1027  1133 I InputDispatcher: Delivering touch to (15547): action: 0x1, toolType: 0
12-12 13:34:19.891 15547 15557 I art     : Explicit concurrent mark sweep GC freed 9(240B) AllocSpace objects, 0(0B) LOS objects, 39% free, 8MB/14MB, paused 852us total 28.495ms
12-12 13:34:19.931  1027  1133 I InputDispatcher: Delivering touch to (1230): action: 0x4, toolType: 0
12-12 13:34:19.931  1027  1133 I InputDispatcher: Delivering touch to (15547): action: 0x0, toolType: 0
12-12 13:34:19.931 15547 15547 D ViewRootImpl: ViewPostImeInputStage ACTION_DOWN
12-12 13:34:19.931  1027  1133 I InputDispatcher: Delivering touch to (15547): action: 0x1, toolType: 0
12-12 13:34:19.981  1027  1133 I InputDispatcher: Delivering touch to (1230): action: 0x4, toolType: 0
12-12 13:34:19.981  1027  1133 I InputDispatcher: Delivering touch to (15547): action: 0x0, toolType: 0
12-12 13:34:19.991 15547 15547 D ViewRootImpl: ViewPostImeInputStage ACTION_DOWN
12-12 13:34:19.991  1027  1133 I InputDispatcher: Delivering touch to (15547): action: 0x1, toolType: 0
12-12 13:34:20.001  1027  1052 V BroadcastQueue: [background] Process cur broadcast BroadcastRecord{3f14867d u0 com.google.android.gms.gcm.ACTION_SCHEDULE} DELIVERED for app ProcessRecord{3f447b18 12769:com.google.android.gms.persistent/u0a8}
12-12 13:34:20.011  1027  1039 D ActivityManager: BGQ getDeferredInfo app launch 300
12-12 13:34:20.041  1027  1133 I InputDispatcher: Delivering touch to (1230): action: 0x4, toolType: 0
12-12 13:34:20.041  1027  1133 I InputDispatcher: Delivering touch to (15547): action: 0x0, toolType: 0
12-12 13:34:20.041 15547 15547 D ViewRootImpl: ViewPostImeInputStage ACTION_DOWN
12-12 13:34:20.051  1027  1052 D ActivityManager:  getDeferredInfo final delay 420
12-12 13:34:20.051  1027  1133 I InputDispatcher: Delivering touch to (15547): action: 0x1, toolType: 0
12-12 13:34:20.071  1230  1230 D StatusBar.MSimNetworkController: refreshViews connected={ wifi } phoneId = 0 level=0 mMSimcombinedSignalIconId=0x7f020696/com.android.systemui:drawable/stat_sys_wifi_signal_4 mMSimcombinedActivityIconId=0x7f02064a mAirplaneMode=false mMSimDataActivity=0 mMSimPhoneSignalIconId=0x7f0207e9/com.android.systemui:drawable/tw_stat_sys_signal_null mMSimDataDirectionIconId=0x0 mMSimDataSignalIconId=0x7f0207e9 mMSimDataTypeIconId=0x0/(null) mNoMSimIconId=0x0/(null) mMSimMobileActivityIconId=0x0/(null) mWifiIconId=0x7f020696 mBluetoothTetherIconId=0x10808fa mRoamingIconId=0x 0/(null)
12-12 13:34:20.071  1230  1230 D StatusBar.MSimNetworkController: refreshSignalCluster : called
12-12 13:34:20.071  1230  1230 D StatusBar.MSimNetworkController: refreshNwBoosterIndicator - setNWBoosterIndicators(false)
12-12 13:34:20.071  1230  1230 D StatusBar.MSimNetworkController: refreshNwBoosterIndicator - setNWBoosterIndicators(false)
12-12 13:34:20.111  1027  1133 I InputDispatcher: Delivering touch to (1230): action: 0x4, toolType: 0
12-12 13:34:20.111  1027  1133 I InputDispatcher: Delivering touch to (15547): action: 0x0, toolType: 0
12-12 13:34:20.111 15547 15547 D ViewRootImpl: ViewPostImeInputStage ACTION_DOWN
12-12 13:34:20.111  1027  1133 I InputDispatcher: Delivering touch to (15547): action: 0x1, toolType: 0
12-12 13:34:20.161  1027  1133 I InputDispatcher: Delivering touch to (1230): action: 0x4, toolType: 0
12-12 13:34:20.161  1027  1133 I InputDispatcher: Delivering touch to (15547): action: 0x0, toolType: 0
12-12 13:34:20.171 15547 15547 D ViewRootImpl: ViewPostImeInputStage ACTION_DOWN
12-12 13:34:20.171  1027  1133 I InputDispatcher: Delivering touch to (15547): action: 0x1, toolType: 0
12-12 13:34:20.221  1027  1133 I InputDispatcher: Delivering touch to (1230): action: 0x4, toolType: 0
12-12 13:34:20.221  1027  1133 I InputDispatcher: Delivering touch to (15547): action: 0x0, toolType: 0
12-12 13:34:20.221 15547 15547 D ViewRootImpl: ViewPostImeInputStage ACTION_DOWN
12-12 13:34:20.231  1027  1133 I InputDispatcher: Delivering touch to (15547): action: 0x1, toolType: 0
12-12 13:34:20.291  1027  1133 I InputDispatcher: Delivering touch to (1230): action: 0x4, toolType: 0
12-12 13:34:20.291  1027  1133 I InputDispatcher: Delivering touch to (15547): action: 0x0, toolType: 0
12-12 13:34:20.291 15547 15547 D ViewRootImpl: ViewPostImeInputStage ACTION_DOWN
12-12 13:34:20.291  1027  1133 I InputDispatcher: Delivering touch to (15547): action: 0x1, toolType: 0
12-12 13:34:20.311  1027  1052 V BroadcastQueue: [background] Process cur broadcast BroadcastRecord{1e658972 u0 com.google.android.gms.gcm.ACTION_SCHEDULE} DELIVERED for app ProcessRecord{3f447b18 12769:com.google.android.gms.persistent/u0a8}
12-12 13:34:20.321  1027  1713 V BroadcastQueue: [background] Process cur broadcast BroadcastRecord{214871c3 u0 android.intent.action.PACKAGE_ADDED} DELIVERED for app ProcessRecord{4635995 1730:com.sec.android.inputmethod/1000}
12-12 13:34:20.321  1027  1471 V BroadcastQueue: [background] Process cur broadcast BroadcastRecord{214871c3 u0 android.intent.action.PACKAGE_ADDED} DELIVERED for app ProcessRecord{1b0c0108 15008:com.google.android.partnersetup/u0a11}
12-12 13:34:20.331  1027  1260 D ActivityManager: startService callerProcessName:com.google.android.partnersetup, calleePkgName: com.google.android.partnersetup
12-12 13:34:20.341  1027  1772 I splitIntent: Split this intent : android.intent.action.PACKAGE_ADDED, mSplitNum[0]=10, mSplitNum[1]=19, mSplitNum[2]=27, mBgSplitQueueNum=3 divideNum= 8 r.nextReceiver= 2 receivers.size=35
12-12 13:34:20.341  1027  1772 I splitIntent: finish to split intent : android.intent.action.PACKAGE_ADDED !! Enqueue -> schedule it!!
12-12 13:34:20.341  1027  1772 D ActivityManager: BGQ getDeferredInfo app launch 300
12-12 13:34:20.351  1027  1133 I InputDispatcher: Delivering touch to (1230): action: 0x4, toolType: 0
12-12 13:34:20.351 15547 15547 D ViewRootImpl: ViewPostImeInputStage ACTION_DOWN
12-12 13:34:20.351  1027  1133 I InputDispatcher: Delivering touch to (15547): action: 0x0, toolType: 0
12-12 13:34:20.351  1027  1133 I InputDispatcher: Delivering touch to (15547): action: 0x1, toolType: 0
12-12 13:34:20.361 15679 15679 E Zygote  : MountEmulatedStorage()
12-12 13:34:20.361 15679 15679 E Zygote  : v2
12-12 13:34:20.361 15679 15679 I libpersona: KNOX_SDCARD checking this for 10035
12-12 13:34:20.361 15679 15679 I libpersona: KNOX_SDCARD not a persona
12-12 13:34:20.361 15679 15679 I SELinux : Function: selinux_compare_spd_ram, SPD-policy is existed. and_ver=SEPF_SM-E500H_5.1.1 ver=51
12-12 13:34:20.361  1027  1052 I ActivityManager: Start proc 15679:com.osp.app.signin/u0a35 for broadcast-4 com.osp.app.signin/com.osp.app.pushmarketing.PushMarketingReceiver
12-12 13:34:20.371 15679 15679 I SELinux : Function: selinux_compare_spd_ram , priority [1] , priority version is VE=SEPF_SM-E500H_5.1.1_0051
12-12 13:34:20.371 15679 15679 E SELinux : [DEBUG] get_category: variable seinfo: default sensitivity: NULL, cateogry: NULL
12-12 13:34:20.371  1027  1052 V BroadcastQueue: [backgroundsplit_1] Process cur broadcast BroadcastRecord{12680d79 u0 android.intent.action.PACKAGE_ADDED} DELIVERED for app ProcessRecord{20c9d67c 12494:com.google.android.googlequicksearchbox:search/u0a49}
12-12 13:34:20.391 15679 15679 D TimaKeyStoreProvider: TimaSignature is unavailable
12-12 13:34:20.391 15679 15679 D ActivityThread: Added TimaKeyStore provider
12-12 13:34:20.401  1027  1052 I ActivityManager: Start proc 15694:com.samsung.android.provider.shootingmodeprovider/u0a144 for broadcast-4 com.samsung.android.provider.shootingmodeprovider/com.samsung.android.app.shootingmodeinstaller.PackageIntentReceiver
12-12 13:34:20.401  1027  1773 D ActivityManager: startService callerProcessName:com.google.android.googlequicksearchbox:search, calleePkgName: com.google.android.googlequicksearchbox
12-12 13:34:20.401 15694 15694 E Zygote  : MountEmulatedStorage()
12-12 13:34:20.401 15694 15694 E Zygote  : v2
12-12 13:34:20.401 15694 15694 I libpersona: KNOX_SDCARD checking this for 10144
12-12 13:34:20.401 15694 15694 I libpersona: KNOX_SDCARD not a persona
12-12 13:34:20.401 15694 15694 I SELinux : Function: selinux_compare_spd_ram, SPD-policy is existed. and_ver=SEPF_SM-E500H_5.1.1 ver=51
12-12 13:34:20.401  1027  1133 I InputDispatcher: Delivering touch to (1230): action: 0x4, toolType: 0
12-12 13:34:20.401 15547 15547 D ViewRootImpl: ViewPostImeInputStage ACTION_DOWN
12-12 13:34:20.401  1027  1133 I InputDispatcher: Delivering touch to (15547): action: 0x0, toolType: 0
12-12 13:34:20.411 15694 15694 I SELinux : Function: selinux_compare_spd_ram , priority [1] , priority version is VE=SEPF_SM-E500H_5.1.1_0051
12-12 13:34:20.411  1027  1771 V BroadcastQueue: [backgroundsplit_0] Process cur broadcast BroadcastRecord{3136671f u0 android.intent.action.PACKAGE_ADDED} DELIVERED for app ProcessRecord{288f8a6c 15679:com.osp.app.signin/u0a35}
12-12 13:34:20.411  1027  1133 I InputDispatcher: Delivering touch to (15547): action: 0x1, toolType: 0
12-12 13:34:20.411  1027  6760 D ActivityManager: BGQ getDeferredInfo app launch 300
12-12 13:34:20.411 15694 15694 E SELinux : [DEBUG] get_category: variable seinfo: platform sensitivity: NULL, cateogry: NULL
12-12 13:34:20.411 12494 15700 I UpdateIcingCorporaServi: Updating corpora: APPS=com.example.snoopy, CONTACTS=MAYBE
12-12 13:34:20.441 15694 15694 D TimaKeyStoreProvider: TimaSignature is unavailable
12-12 13:34:20.441 15694 15694 D ActivityThread: Added TimaKeyStore provider
12-12 13:34:20.441  1027  6760 V BroadcastQueue: [backgroundsplit_2] Process cur broadcast BroadcastRecord{3cd30835 u0 android.intent.action.PACKAGE_ADDED} DELIVERED for app ProcessRecord{58d4ca 15694:com.samsung.android.provider.shootingmodeprovider/u0a144}
12-12 13:34:20.461  1027  1133 I InputDispatcher: Delivering touch to (1230): action: 0x4, toolType: 0
12-12 13:34:20.461  1027  1133 I InputDispatcher: Delivering touch to (15547): action: 0x0, toolType: 0
12-12 13:34:20.461 15547 15547 D ViewRootImpl: ViewPostImeInputStage ACTION_DOWN
12-12 13:34:20.461  1027  1133 I InputDispatcher: Delivering touch to (15547): action: 0x1, toolType: 0
12-12 13:34:20.471 15679 15679 I SA      : [SSP] onCreated
12-12 13:34:20.471  1027  1052 V BroadcastQueue: [deferred] Process cur broadcast BroadcastRecord{1617bcd2 u-1 android.net.conn.CONNECTIVITY_CHANGE} DELIVERED for app ProcessRecord{14e4563b 14942:com.policydm/1000}
12-12 13:34:20.491  1027  1774 D ActivityManager:  getDeferredInfo final delay 420
12-12 13:34:20.491  1027  1606 D ConnectivityService: returning getNetworkInfo for network type 1 : [type: WIFI[] - WIFI, state: CONNECTED/CONNECTED, reason: (unspecified), extra: "9902007673", roaming: false, failover: false, isAvailable: true, isConnectedToProvisioningNetwork: false]
12-12 13:34:20.491 14942 15710 I DBG_POLICYDM: [com.sec.android.fota.common.Network(88/isWiFiNetworkConnected)] WiFi Network is connected
12-12 13:34:20.491 14942 15710 I DBG_POLICYDM: [com.policydm.XDMApplication(427/isNetworkChanged)] a previous network is 0, current network is 2
12-12 13:34:20.501 14942 15710 E DBG_POLICYDM: [com.policydm.XDMApplication(429/isNetworkChanged)] network changed.... 
12-12 13:34:20.501 15694 15694 E SQLiteLog: (284) automatic index on shooting_modes(title_id)
12-12 13:34:20.511  1027  1040 D ActivityManager: startService callerProcessName:com.google.android.gms, calleePkgName: com.google.android.gms
12-12 13:34:20.511 15679 15679 I SA      : [TPM] There is no property file
12-12 13:34:20.511 15679 15679 I SA      : [SCU] isHaveSA() - false
12-12 13:34:20.511  1027  1713 D ActivityManager: BGQ getDeferredInfo app launch 300
12-12 13:34:20.521 15679 15679 I SA      : [TPM] getModelProperty : null
12-12 13:34:20.521 15679 15679 I SA      : [TPM] getCSCProperty : null
12-12 13:34:20.521  1027  1133 I InputDispatcher: Delivering touch to (1230): action: 0x4, toolType: 0
12-12 13:34:20.521  1027  1133 I InputDispatcher: Delivering touch to (15547): action: 0x0, toolType: 0
12-12 13:34:20.521 15547 15547 D ViewRootImpl: ViewPostImeInputStage ACTION_DOWN
12-12 13:34:20.521 15679 15679 I SA      : [DM] FLOATING AMOLED FEATURE: true
12-12 13:34:20.521 15679 15679 I SA      : [DM] PRODUCT AMOLED FEATURE: false
12-12 13:34:20.521 15679 15679 I SA      : [DM] TFT FEATURE: false
12-12 13:34:20.531 15679 15679 I SA      : [PMR] Received action : android.intent.action.PACKAGE_ADDED
12-12 13:34:20.531  1027  1606 D ActivityManager: BGQ getDeferredInfo app launch 300
12-12 13:34:20.531  1027  1606 I ActivityManager: Killing 14834:com.sec.knox.foldercontainer/1000 (adj 15): empty #31
12-12 13:34:20.541  1027  1133 I InputDispatcher: Delivering touch to (15547): action: 0x1, toolType: 0
12-12 13:34:20.551  1027  1343 D ActivityManager: startService callerProcessName:com.google.android.gms, calleePkgName: com.google.android.gms
12-12 13:34:20.551 12797 13243 I Icing   : IndexChimeraService.getServiceInterface callingPackage=com.google.android.googlequicksearchbox componentName=null serviceId=36
12-12 13:34:20.561 14942 15710 I DBG_POLICYDM: [com.policydm.XDMBroadcastReceiver(257/xdmExecResumeCase)] 
12-12 13:34:20.561 14942 15710 I DBG_POLICYDM: [com.policydm.db.XDBFile(63/xdbFileExists)] doesn't exist target file: /data/security/sepolicy
12-12 13:34:20.561 14942 15710 I DBG_POLICYDM: [com.policydm.db.XDBFile(63/xdbFileExists)] doesn't exist target file: /data/security/seapp_contexts
12-12 13:34:20.561 14942 15710 I DBG_POLICYDM: [com.policydm.db.XDBFile(63/xdbFileExists)] doesn't exist target file: /data/security/property_contexts
12-12 13:34:20.571 14942 15710 I DBG_POLICYDM: [com.policydm.db.XDBFile(63/xdbFileExists)] doesn't exist target file: /data/security/file_contexts
12-12 13:34:20.571 14942 15710 I DBG_POLICYDM: [com.policydm.db.XDBFile(63/xdbFileExists)] doesn't exist target file: /data/security/service_contexts
12-12 13:34:20.581 14942 15710 I DBG_POLICYDM: [com.policydm.db.XDBFile(63/xdbFileExists)] doesn't exist target file: /data/security/mac_permissions.xml
12-12 13:34:20.581  1027  1810 D ActivityManager: startService callerProcessName:com.google.android.gms.persistent, calleePkgName: com.google.android.gms
12-12 13:34:20.581 14942 15710 I DBG_POLICYDM: [com.policydm.XDMBroadcastReceiver(274/xdmExecResumeCase)] Start resumecase for INIT
12-12 13:34:20.581 12797 12869 I Icing   : Usage reports ok 0, Failed Usage reports 0, indexed 0, rejected 0, imm upload true
12-12 13:34:20.581 12494 15700 I UpdateIcingCorporaServi: UpdateCorporaTask done [took 172 ms] updated apps [took 172 ms] 
12-12 13:34:20.591  1027  1343 I ActivityManager: Killing 14867:com.sec.android.diagmonagent/1000 (adj 15): empty #31
12-12 13:34:20.591 14942 15710 E DBG_POLICYDM: [com.policydm.db.XDBSpdAdp(35/xdbGetSpdDeviceRegister)] Device is Registered
12-12 13:34:20.591  1027  1133 I InputDispatcher: Delivering touch to (1230): action: 0x4, toolType: 0
12-12 13:34:20.601  1027  1133 I InputDispatcher: Delivering touch to (15547): action: 0x0, toolType: 0
12-12 13:34:20.601 15547 15547 D ViewRootImpl: ViewPostImeInputStage ACTION_DOWN
12-12 13:34:20.601  1027  1133 I InputDispatcher: Delivering touch to (15547): action: 0x1, toolType: 0
12-12 13:34:20.611  1027  1773 D ConnectivityService: returning getNetworkInfo for network type 1 : [type: WIFI[] - WIFI, state: CONNECTED/CONNECTED, reason: (unspecified), extra: "9902007673", roaming: false, failover: false, isAvailable: true, isConnectedToProvisioningNetwork: false]
12-12 13:34:20.611 14942 15710 I DBG_POLICYDM: [com.sec.android.fota.common.Network(88/isWiFiNetworkConnected)] WiFi Network is connected
12-12 13:34:20.611  1027  1039 W WindowManager: Execute app transition: mNextAppTransition=0xffffffff displayId = 0
12-12 13:34:20.611  1027  1039 W WindowManager: java.lang.RuntimeException: here
12-12 13:34:20.611  1027  1039 W WindowManager: 	at com.android.server.wm.WindowManagerService.executeAppTransition(WindowManagerService.java:7314)
12-12 13:34:20.611  1027  1039 W WindowManager: 	at com.android.server.am.ActivityStack.resumeTopActivityInnerLocked(ActivityStack.java:2575)
12-12 13:34:20.611  1027  1039 W WindowManager: 	at com.android.server.am.ActivityStack.resumeTopActivityLocked(ActivityStack.java:2492)
12-12 13:34:20.611  1027  1039 W WindowManager: 	at com.android.server.am.ActivityStackSupervisor.resumeTopActivitiesLocked(ActivityStackSupervisor.java:4478)
12-12 13:34:20.611  1027  1039 W WindowManager: 	at com.android.server.am.ActivityStackSupervisor.resumeTopActivitiesLocked(ActivityStackSupervisor.java:4451)
12-12 13:34:20.611  1027  1039 W WindowManager: 	at com.android.server.am.ActivityManagerService.handleAppDiedLocked(ActivityManagerService.java:7067)
12-12 13:34:20.611  1027  1039 W WindowManager: 	at com.android.server.am.ActivityManagerService.appDiedLocked(ActivityManagerService.java:7248)
12-12 13:34:20.611  1027  1039 W WindowManager: 	at com.android.server.am.ActivityManagerService$AppDeathRecipient.binderDied(ActivityManagerService.java:1754)
12-12 13:34:20.611  1027  1039 W WindowManager: 	at android.os.BinderProxy.sendDeathNotice(Binder.java:566)
12-12 13:34:20.621  1027  1050 D SensorService: [SO] -0.065 -0.376 9.853
12-12 13:34:20.641  1027  1052 V BroadcastQueue: [background] Process cur broadcast BroadcastRecord{214871c3 u0 android.intent.action.PACKAGE_ADDED} DELIVERED for app ProcessRecord{1b0c0108 15008:com.google.android.partnersetup/u0a11}
12-12 13:34:20.651  1027  6760 D ActivityManager: startService callerProcessName:com.google.android.partnersetup, calleePkgName: com.google.android.partnersetup
12-12 13:34:20.651  1027  1772 D ActivityManager: BGQ getDeferredInfo app launch 300
12-12 13:34:20.651  1027  1133 I InputDispatcher: Delivering touch to (1230): action: 0x4, toolType: 0
12-12 13:34:20.651  1027  1133 I InputDispatcher: Delivering touch to (15547): action: 0x0, toolType: 0
12-12 13:34:20.651 15547 15547 D ViewRootImpl: ViewPostImeInputStage ACTION_DOWN
12-12 13:34:20.661  1027  1133 I InputDispatcher: Delivering touch to (15547): action: 0x1, toolType: 0
12-12 13:34:20.671  1027  1471 W WindowManager: Execute app transition: mNextAppTransition=0xffffffff displayId = 0
12-12 13:34:20.671  1027  1471 W WindowManager: java.lang.RuntimeException: here
12-12 13:34:20.671  1027  1471 W WindowManager: 	at com.android.server.wm.WindowManagerService.executeAppTransition(WindowManagerService.java:7314)
12-12 13:34:20.671  1027  1471 W WindowManager: 	at com.android.server.am.ActivityStack.resumeTopActivityInnerLocked(ActivityStack.java:2575)
12-12 13:34:20.671  1027  1471 W WindowManager: 	at com.android.server.am.ActivityStack.resumeTopActivityLocked(ActivityStack.java:2492)
12-12 13:34:20.671  1027  1471 W WindowManager: 	at com.android.server.am.ActivityStackSupervisor.resumeTopActivitiesLocked(ActivityStackSupervisor.java:4478)
12-12 13:34:20.671  1027  1471 W WindowManager: 	at com.android.server.am.ActivityStackSupervisor.resumeTopActivitiesLocked(ActivityStackSupervisor.java:4451)
12-12 13:34:20.671  1027  1471 W WindowManager: 	at com.android.server.am.ActivityManagerService.handleAppDiedLocked(ActivityManagerService.java:7067)
12-12 13:34:20.671  1027  1471 W WindowManager: 	at com.android.server.am.ActivityManagerService.appDiedLocked(ActivityManagerService.java:7248)
12-12 13:34:20.671  1027  1471 W WindowManager: 	at com.android.server.am.ActivityManagerService$AppDeathRecipient.binderDied(ActivityManagerService.java:1754)
12-12 13:34:20.671  1027  1471 W WindowManager: 	at android.os.BinderProxy.sendDeathNotice(Binder.java:566)
12-12 13:34:20.711  1027  1052 V BroadcastQueue: [backgroundsplit_1] Process cur broadcast BroadcastRecord{12680d79 u0 android.intent.action.PACKAGE_ADDED} DELIVERED for app ProcessRecord{20c9d67c 12494:com.google.android.googlequicksearchbox:search/u0a49}
12-12 13:34:20.711  1027  1133 I InputDispatcher: Delivering touch to (1230): action: 0x4, toolType: 0
12-12 13:34:20.711  1027  1133 I InputDispatcher: Delivering touch to (15547): action: 0x0, toolType: 0
12-12 13:34:20.711 15547 15547 D ViewRootImpl: ViewPostImeInputStage ACTION_DOWN
12-12 13:34:20.711  1027  1713 D ActivityManager: BGQ getDeferredInfo app launch 300
12-12 13:34:20.721  1027  1133 I InputDispatcher: Delivering touch to (15547): action: 0x1, toolType: 0
12-12 13:34:20.771  1027  1133 I InputDispatcher: Delivering touch to (1230): action: 0x4, toolType: 0
12-12 13:34:20.771  1027  1133 I InputDispatcher: Delivering touch to (15547): action: 0x0, toolType: 0
12-12 13:34:20.771 15547 15547 D ViewRootImpl: ViewPostImeInputStage ACTION_DOWN
12-12 13:34:20.771  1027  1133 I InputDispatcher: Delivering touch to (15547): action: 0x1, toolType: 0
12-12 13:34:20.821  1027  1772 D BatteryService: !@BatteryListener : batteryPropertiesChanged!
12-12 13:34:20.821  1027  1772 D BatteryService: level:100, scale:100, status:5, health:2, present:true, voltage: 4331, temperature: 273, technology: Li-ion, AC powered:false, USB powered:true, POGO powered:false, Wireless powered:false, icon:17303733, invalid charger:0
12-12 13:34:20.821  1027  1772 D BatteryService: online:4, current avg:0, charge type:1, power sharing:false, high voltage charger:false, capacity:240000, current_now:0
12-12 13:34:20.821  1027  1027 D BatteryService: Sending ACTION_BATTERY_CHANGED.
12-12 13:34:20.831  1027  1133 I InputDispatcher: Delivering touch to (1230): action: 0x4, toolType: 0
12-12 13:34:20.831  1027  1133 I InputDispatcher: Delivering touch to (15547): action: 0x0, toolType: 0
12-12 13:34:20.831 15547 15547 D ViewRootImpl: ViewPostImeInputStage ACTION_DOWN
12-12 13:34:20.831  1027  1133 I InputDispatcher: Delivering touch to (15547): action: 0x1, toolType: 0
12-12 13:34:20.841 15714 15714 E Zygote  : MountEmulatedStorage()
12-12 13:34:20.841 15714 15714 E Zygote  : v2
12-12 13:34:20.841 15714 15714 I libpersona: KNOX_SDCARD checking this for 10006
12-12 13:34:20.841 15714 15714 I libpersona: KNOX_SDCARD not a persona
12-12 13:34:20.841 15714 15714 I SELinux : Function: selinux_compare_spd_ram, SPD-policy is existed. and_ver=SEPF_SM-E500H_5.1.1 ver=51
12-12 13:34:20.841  1027  1052 I ActivityManager: Start proc 15714:com.sec.android.app.samsungapps/u0a6 for broadcast-4 com.sec.android.app.samsungapps/.MyPackageReplacedReceiver
12-12 13:34:20.841 15714 15714 I SELinux : Function: selinux_compare_spd_ram , priority [1] , priority version is VE=SEPF_SM-E500H_5.1.1_0051
12-12 13:34:20.851 15714 15714 E SELinux : [DEBUG] get_category: variable seinfo: samsung sensitivity: NULL, cateogry: NULL
12-12 13:34:20.851  1027  1052 V BroadcastQueue: [backgroundsplit_0] Process cur broadcast BroadcastRecord{3136671f u0 android.intent.action.PACKAGE_ADDED} DELIVERED for app ProcessRecord{288f8a6c 15679:com.osp.app.signin/u0a35}
12-12 13:34:20.851 15679 15679 I SA      : [SUR] onReceive called
12-12 13:34:20.851 15679 15679 I SA      : [SUR] Not SA Package.. finish
12-12 13:34:20.851  1027  1773 D ActivityManager: BGQ getDeferredInfo app launch 300
12-12 13:34:20.881 15714 15714 D TimaKeyStoreProvider: TimaSignature is unavailable
12-12 13:34:20.881 15714 15714 D ActivityThread: Added TimaKeyStore provider
12-12 13:34:20.881  1027  1133 I InputDispatcher: Delivering touch to (1230): action: 0x4, toolType: 0
12-12 13:34:20.881  1027  1133 I InputDispatcher: Delivering touch to (15547): action: 0x0, toolType: 0
12-12 13:34:20.881 15547 15547 D ViewRootImpl: ViewPostImeInputStage ACTION_DOWN
12-12 13:34:20.881  1027  1133 I InputDispatcher: Delivering touch to (15547): action: 0x1, toolType: 0
12-12 13:34:20.891  1027  1774 V BroadcastQueue: [backgroundsplit_2] Process cur broadcast BroadcastRecord{3cd30835 u0 android.intent.action.PACKAGE_ADDED} DELIVERED for app ProcessRecord{2a2a46e9 15714:com.sec.android.app.samsungapps/u0a6}
12-12 13:34:20.901 15714 15714 W ResourcesManager: Asset path '/system/framework/secvision.jar' does not exist or contains no resources.
12-12 13:34:20.911  1027  1052 V BroadcastQueue: [deferred] Process cur broadcast BroadcastRecord{1617bcd2 u-1 android.net.conn.CONNECTIVITY_CHANGE} DELIVERED for app ProcessRecord{288f8a6c 15679:com.osp.app.signin/u0a35}
12-12 13:34:20.911 15679 15679 I SA      : [DM] init START
12-12 13:34:20.911 15679 15679 D SecWifiDisplayUtil: Metadata value : none
12-12 13:34:20.921 15679 15679 I SA      : [DM] This device is not a Vodafone
12-12 13:34:20.921 15679 15679 W ResourceType: No package identifier when getting value for resource number 0x00000000
12-12 13:34:20.921 15679 15679 W ResourceType: No package identifier when getting value for resource number 0x00000000
12-12 13:34:20.921 15679 15679 W ResourceType: No package identifier when getting value for resource number 0x00000000
12-12 13:34:20.921 15679 15679 W ResourceType: No package identifier when getting value for resource number 0x00000000
12-12 13:34:20.921 15679 15679 W ResourceType: No package identifier when getting value for resource number 0x00000000
12-12 13:34:20.921 15679 15679 W ResourceType: No package identifier when getting value for resource number 0x00000000
12-12 13:34:20.921 15679 15679 W ResourceType: Failure getting entry for 0x7f060006 (t=5 e=6) (error -75)
12-12 13:34:20.921 15679 15679 W ResourceType: No package identifier when getting value for resource number 0x00000000
12-12 13:34:20.921 15679 15679 W ResourceType: Failure getting entry for 0x7f060008 (t=5 e=8) (error -75)
12-12 13:34:20.921 15679 15679 W ResourceType: No package identifier when getting value for resource number 0x00000000
12-12 13:34:20.921 15679 15679 W ResourceType: Failure getting entry for 0x7f060002 (t=5 e=2) (error -75)
12-12 13:34:20.931 15679 15679 W ResourceType: No package identifier when getting value for resource number 0x00000000
12-12 13:34:20.931 15679 15679 W ResourceType: No package identifier when getting value for resource number 0x00000000
12-12 13:34:20.931 15679 15679 W ResourceType: No package identifier when getting value for resource number 0x00000000
12-12 13:34:20.931 15679 15679 W ResourceType: No package identifier when getting value for resource number 0x00000000
12-12 13:34:20.931 15679 15679 W ResourceType: No package identifier when getting value for resource number 0x00000000
12-12 13:34:20.931 15679 15679 W ResourceType: No package identifier when getting value for resource number 0x00000000
12-12 13:34:20.931 15679 15679 W ResourceType: No package identifier when getting value for resource number 0x00000000
12-12 13:34:20.931 15679 15679 W ResourceType: No package identifier when getting value for resource number 0x00000000
12-12 13:34:20.931 15679 15679 W ResourceType: No package identifier when getting value for resource number 0x00000000
12-12 13:34:20.931 15679 15679 W ResourceType: No package identifier when getting value for resource number 0x00000000
12-12 13:34:20.931 15679 15679 W ResourceType: No package identifier when getting value for resource number 0x00000000
12-12 13:34:20.931 15679 15679 W ResourceType: No package identifier when getting value for resource number 0x00000000
12-12 13:34:20.931 15679 15679 W ResourceType: No package identifier when getting value for resource number 0x00000000
12-12 13:34:20.931 15679 15679 W ResourceType: No package identifier when getting value for resource number 0x00000000
12-12 13:34:20.931 15679 15679 W ResourceType: Failure getting entry for 0x7f06000b (t=5 e=11) (error -75)
12-12 13:34:20.931 15679 15679 W ResourceType: Failure getting entry for 0x7f06000c (t=5 e=12) (error -75)
12-12 13:34:20.931 15679 15679 W ResourceType: Failure getting entry for 0x7f06000d (t=5 e=13) (error -75)
12-12 13:34:20.931 15679 15679 W ResourceType: No package identifier when getting value for resource number 0x00000000
12-12 13:34:20.931 15679 15679 W ResourceType: Failure getting entry for 0x7f06000e (t=5 e=14) (error -75)
12-12 13:34:20.931 15679 15679 W ResourceType: No package identifier when getting value for resource number 0x00000000
12-12 13:34:20.931 15679 15679 W ResourceType: No package identifier when getting value for resource number 0x00000000
12-12 13:34:20.931 15679 15679 W ResourceType: No package identifier when getting value for resource number 0x00000000
12-12 13:34:20.931 15679 15679 W ResourceType: No package identifier when getting value for resource number 0x00000000
12-12 13:34:20.931 15679 15679 W ResourceType: No package identifier when getting value for resource number 0x00000000
12-12 13:34:20.931 15679 15679 W ResourceType: No package identifier when getting value for resource number 0x00000000
12-12 13:34:20.931 15679 15679 W ResourceType: No package identifier when getting value for resource number 0x00000000
12-12 13:34:20.931 15679 15679 W ResourceType: Failure getting entry for 0x7f060007 (t=5 e=7) (error -75)
12-12 13:34:20.941 15679 15679 W ResourceType: No package identifier when getting value for resource number 0x00000000
12-12 13:34:20.941 15679 15679 W ResourceType: Failure getting entry for 0x7f060003 (t=5 e=3) (error -75)
12-12 13:34:20.941 15679 15679 W ResourceType: No package identifier when getting value for resource number 0x00000000
12-12 13:34:20.941 15679 15679 W ResourceType: No package identifier when getting value for resource number 0x00000000
12-12 13:34:20.941 15679 15679 W ResourceType: No package identifier when getting value for resource number 0x00000000
12-12 13:34:20.941 15679 15679 W ResourceType: No package identifier when getting value for resource number 0x00000000
12-12 13:34:20.941  1027  1133 I InputDispatcher: Delivering touch to (1230): action: 0x4, toolType: 0
12-12 13:34:20.941  1027  1133 I InputDispatcher: Delivering touch to (15547): action: 0x0, toolType: 0
12-12 13:34:20.941 15547 15547 D ViewRootImpl: ViewPostImeInputStage ACTION_DOWN
12-12 13:34:20.941 15679 15679 I SA      : [SCU] isHaveSA() - false
12-12 13:34:20.941 15679 15679 I SA      : support phone number id : false
12-12 13:34:20.941 15679 15679 I SA      : [DM] Supports Ref Jpn : true
12-12 13:34:20.941 15679 15679 I SA      : [DM] init END
12-12 13:34:20.941 15679 15679 I SA      : [OR] onReceive log=[SA = 2.1.0215 V = 22 HWD = 1280X720 2.0 dpi = 320  SIZE = 2 LOCALE = en_US CSC = INS MCC = 310 MNC 260 T = user DEVICE = e53g P = e53gxx I = LMY47X M = SM-E500H OKLEFT false DIS LMY47X.E500HXXU1BOG6 PSS = 4.978878039476607  ]
12-12 13:34:20.951 15679 15679 I SA      : [OR] onReceive Intent=[ conn.CONNECTIVITY_CHANGE. networkInfo:[type: WIFI[] - WIFI, state: CONNECTED/CONNECTED, reason: (unspecified), extra: "9902007673", roaming: false, failover: false, isAvailable: true, isConnectedToProvisioningNetwork: false] networkType:1 inetCondition:0 extraInfo:? isDefault:true ]
12-12 13:34:20.951 15679 15679 I SA      : [OR] == ACTION_CONNECTIVITY_CHANGE ==
12-12 13:34:20.951  1027  1133 I InputDispatcher: Delivering touch to (15547): action: 0x1, toolType: 0
12-12 13:34:20.951  1027  1027 I MotionRecognitionService: Plugged
12-12 13:34:20.951  1027  1027 D MotionRecognitionService:   cableConnection= 1
12-12 13:34:20.951  1027  1027 D MotionRecognitionService: setPowerConnected | current backoffstate  = 0 , state =0
12-12 13:34:20.951  1027  1027 D MotionRecognitionService: skip setTransmitPower. 
12-12 13:34:20.961 15679 15679 I SA      : [SLFUCHKMGR] constructor called
12-12 13:34:20.961  1230  1230 D KeyguardUpdateMonitor: received broadcast android.intent.action.BATTERY_CHANGED
12-12 13:34:20.961  1230  1230 I PERF    : received broadcast android.intent.action.BATTERY_CHANGED
12-12 13:34:20.961  1230  1230 D KeyguardUpdateMonitor: handleBatteryUpdate
12-12 13:34:20.971  2737  2737 V HeadsetService: HeadsetService - Received Intent.ACTION_BATTERY_CHANGED
12-12 13:34:20.971  2737  2816 D HeadsetStateMachine: Disconnected process message: 10
12-12 13:34:20.971  1230  1230 D BatteryMeterView: ACTION_BATTERY_CHANGED : level:100 status:5 health:2
12-12 13:34:20.971  1230  1230 D BatteryMeterView: ACTION_BATTERY_CHANGED : level:100 status:5 health:2
12-12 13:34:20.971  1230  1230 D BatteryMeterView: ACTION_BATTERY_CHANGED : level:100 status:5 health:2
12-12 13:34:20.971  1230  1230 D CoverUpdateMonitor: received broadcast android.intent.action.BATTERY_CHANGED
12-12 13:34:20.981 15679 15679 I SA      : [TPMU]  strSIMState 	:SIM_STATE_READY
12-12 13:34:20.991 15731 15731 E Zygote  : MountEmulatedStorage()
12-12 13:34:20.991 15731 15731 E Zygote  : v2
12-12 13:34:20.991  1027  1052 I ActivityManager: Start proc 15731:com.sec.pcw.device/1000 for broadcast-3 com.sec.pcw.device/.receiver.SYSTEMReceiver
12-12 13:34:20.991 15731 15731 I libpersona: KNOX_SDCARD checking this for 1000
12-12 13:34:20.991 15731 15731 I libpersona: KNOX_SDCARD not a persona
12-12 13:34:20.991 15731 15731 I SELinux : Function: selinux_compare_spd_ram, SPD-policy is existed. and_ver=SEPF_SM-E500H_5.1.1 ver=51
12-12 13:34:20.991 15731 15731 I SELinux : Function: selinux_compare_spd_ram , priority [1] , priority version is VE=SEPF_SM-E500H_5.1.1_0051
12-12 13:34:21.001 15731 15731 E SELinux : [DEBUG] get_category: variable seinfo: platform sensitivity: NULL, cateogry: NULL
12-12 13:34:21.001 15679 15679 I SA      : [TPMU] getMccFromUsim : 310
12-12 13:34:21.011  1027  1133 I InputDispatcher: Delivering touch to (1230): action: 0x4, toolType: 0
12-12 13:34:21.011  1027  1133 I InputDispatcher: Delivering touch to (15547): action: 0x0, toolType: 0
12-12 13:34:21.011 15547 15547 D ViewRootImpl: ViewPostImeInputStage ACTION_DOWN
12-12 13:34:21.021  1027  1133 I InputDispatcher: Delivering touch to (15547): action: 0x1, toolType: 0
12-12 13:34:21.031 15679 15679 I SA      : [SCU] saveMccToPreferece Start
12-12 13:34:21.031 15679 15679 I SA      : [SCU] RegionMCC : 310
12-12 13:34:21.031 15679 15679 I SA      : [SSP] query invoked
12-12 13:34:21.041 15747 15747 E Zygote  : MountEmulatedStorage()
12-12 13:34:21.041 15747 15747 E Zygote  : v2
12-12 13:34:21.041 15747 15747 I libpersona: KNOX_SDCARD checking this for 1000
12-12 13:34:21.041 15747 15747 I libpersona: KNOX_SDCARD not a persona
12-12 13:34:21.041  1027  1052 I ActivityManager: Start proc 15747:com.samsung.android.app.assistantmenu/1000 for broadcast-4 com.samsung.android.app.assistantmenu/.AssistantMenuReceiver
12-12 13:34:21.041 15747 15747 I SELinux : Function: selinux_compare_spd_ram, SPD-policy is existed. and_ver=SEPF_SM-E500H_5.1.1 ver=51
12-12 13:34:21.041 15731 15731 D TimaKeyStoreProvider: TimaSignature is unavailable
12-12 13:34:21.041 15731 15731 D ActivityThread: Added TimaKeyStore provider
12-12 13:34:21.041 15679 15679 I SA      : [TPMU] GetMccFromDB : null
12-12 13:34:21.041 15747 15747 I SELinux : Function: selinux_compare_spd_ram , priority [1] , priority version is VE=SEPF_SM-E500H_5.1.1_0051
12-12 13:34:21.041 15747 15747 E SELinux : [DEBUG] get_category: variable seinfo: platform sensitivity: NULL, cateogry: NULL
12-12 13:34:21.051 15679 15679 I SA      : [SCU] getMccFromPreferece mcc = 310
12-12 13:34:21.051 15679 15679 I SA      : [SCU] saveMccToPreferece End
12-12 13:34:21.051 15679 15679 I SA      : [OR] onReceive END
12-12 13:34:21.051  1027  1830 V BroadcastQueue: [background] Process cur broadcast BroadcastRecord{214871c3 u0 android.intent.action.PACKAGE_ADDED} DELIVERED for app ProcessRecord{16d15f6e 15731:com.sec.pcw.device/1000}
12-12 13:34:21.071 15747 15747 D TimaKeyStoreProvider: TimaSignature is unavailable
12-12 13:34:21.071 15714 15714 D SamsungApps: GalaxyApps Application onCreate calling...
12-12 13:34:21.071 15747 15747 D ActivityThread: Added TimaKeyStore provider
12-12 13:34:21.071  1027  1606 V BroadcastQueue: [backgroundsplit_1] Process cur broadcast BroadcastRecord{12680d79 u0 android.intent.action.PACKAGE_ADDED} DELIVERED for app ProcessRecord{3f4d560f 15747:com.samsung.android.app.assistantmenu/1000}
12-12 13:34:21.081  1027  1133 I InputDispatcher: Delivering touch to (1230): action: 0x4, toolType: 0
12-12 13:34:21.081  1027  1133 I InputDispatcher: Delivering touch to (15547): action: 0x0, toolType: 0
12-12 13:34:21.081 15547 15547 D ViewRootImpl: ViewPostImeInputStage ACTION_DOWN
12-12 13:34:21.081  1027  1133 I InputDispatcher: Delivering touch to (15547): action: 0x1, toolType: 0
12-12 13:34:21.081  1230  1230 D StatusBar.MSimNetworkController: refreshViews connected={ wifi } phoneId = 0 level=0 mMSimcombinedSignalIconId=0x7f020696/com.android.systemui:drawable/stat_sys_wifi_signal_4 mMSimcombinedActivityIconId=0x7f02064d mAirplaneMode=false mMSimDataActivity=0 mMSimPhoneSignalIconId=0x7f0207e9/com.android.systemui:drawable/tw_stat_sys_signal_null mMSimDataDirectionIconId=0x0 mMSimDataSignalIconId=0x7f0207e9 mMSimDataTypeIconId=0x0/(null) mNoMSimIconId=0x0/(null) mMSimMobileActivityIconId=0x0/(null) mWifiIconId=0x7f020696 mBluetoothTetherIconId=0x10808fa mRoamingIconId=0x 0/(null)
12-12 13:34:21.081  1230  1230 D StatusBar.MSimNetworkController: refreshSignalCluster : called
12-12 13:34:21.091  1230  1230 D StatusBar.MSimNetworkController: refreshNwBoosterIndicator - setNWBoosterIndicators(false)
12-12 13:34:21.101  1230  1230 D StatusBar.MSimNetworkController: refreshNwBoosterIndicator - setNWBoosterIndicators(false)
12-12 13:34:21.111 15731 15731 I PCWCLIENTTRACE_LOG: DEFAULT_LOGON : true
12-12 13:34:21.111 15731 15731 I PCWCLIENTTRACE_LOG: DEFAULT_LOGLEVEL : 3
12-12 13:34:21.111 15731 15731 I PCWCLIENTTRACE_DMDBOpenHelper: new DMDBOpenHelper instance
