12-12 13:36:02.801 17640 17640 W ContextImpl: Calling a method in the system process without a qualified user: android.app.ContextImpl.startService:2136 android.content.ContextWrapper.startService:534 android.content.ContextWrapper.startService:534 com.android.keychain.KeyChainBroadcastReceiver.onReceive:12 android.app.ActivityThread.handleReceiver:3491 
12-12 13:36:02.821 17657 17657 E Zygote  : MountEmulatedStorage()
12-12 13:36:02.821 17657 17657 E Zygote  : v2
12-12 13:36:02.821 17657 17657 I libpersona: KNOX_SDCARD checking this for 10011
12-12 13:36:02.821 17657 17657 I libpersona: KNOX_SDCARD not a persona
12-12 13:36:02.821 17657 17657 I SELinux : Function: selinux_compare_spd_ram, SPD-policy is existed. and_ver=SEPF_SM-E500H_5.1.1 ver=51
12-12 13:36:02.821 17657 17657 I SELinux : Function: selinux_compare_spd_ram , priority [1] , priority version is VE=SEPF_SM-E500H_5.1.1_0051
12-12 13:36:02.821  1027  1606 I ActivityManager: Start proc 17657:com.google.android.partnersetup/u0a11 for content provider com.google.android.partnersetup/.RlzAppProvider
12-12 13:36:02.821  1027  1713 D ActivityManager: startService callerProcessName:com.android.keychain, calleePkgName: com.android.keychain
12-12 13:36:02.821 17657 17657 E SELinux : [DEBUG] get_category: variable seinfo: untrusted sensitivity: NULL, cateogry: NULL
12-12 13:36:02.831 17625 17625 D SPPClientService: Create
12-12 13:36:02.831  1027  1040 D ActivityManager: BGQ getDeferredInfo app launch 300
12-12 13:36:02.851  1027  1773 D ActivityManager: startService callerProcessName:com.google.android.gms, calleePkgName: com.google.android.gms
12-12 13:36:02.871 17657 17657 D TimaKeyStoreProvider: TimaSignature is unavailable
12-12 13:36:02.871  1027  1774 D LocationManagerService: getProviders()=[passive, gps]
12-12 13:36:02.871 17657 17657 D ActivityThread: Added TimaKeyStore provider
12-12 13:36:02.901 17685 17685 E Zygote  : MountEmulatedStorage()
12-12 13:36:02.901 17685 17685 E Zygote  : v2
12-12 13:36:02.901 17685 17685 I libpersona: KNOX_SDCARD checking this for 10052
12-12 13:36:02.901 17685 17685 I libpersona: KNOX_SDCARD not a persona
12-12 13:36:02.901 17685 17685 I SELinux : Function: selinux_compare_spd_ram, SPD-policy is existed. and_ver=SEPF_SM-E500H_5.1.1 ver=51
12-12 13:36:02.901  1027  1052 I ActivityManager: Start proc 17685:com.samsung.android.intelligenceservice/u0a52 for broadcast-4 com.samsung.android.intelligenceservice/.useranalysis.UserAnalysisBroadcastReceiver
12-12 13:36:02.901 17685 17685 I SELinux : Function: selinux_compare_spd_ram , priority [1] , priority version is VE=SEPF_SM-E500H_5.1.1_0051
12-12 13:36:02.901 17685 17685 E SELinux : [DEBUG] get_category: variable seinfo: platform sensitivity: NULL, cateogry: NULL
12-12 13:36:02.911  1027  1343 D ActivityManager: BGQ getDeferredInfo app launch 300
12-12 13:36:02.921 17625 17666 D SPPClientService: Create
12-12 13:36:02.931  1027  1040 I ActivityManager: Killing 16764:com.sec.spp.push:RemoteDlcProcess/u0a29 (adj 15): empty #31
12-12 13:36:02.931 17685 17685 D TimaKeyStoreProvider: TimaSignature is unavailable
12-12 13:36:02.931 17625 17666 E SPPClientService: ShipBuild Binary : True
12-12 13:36:02.931 17685 17685 D ActivityThread: Added TimaKeyStore provider
12-12 13:36:02.941  1027  1343 V BroadcastQueue: [backgroundsplit_0] Process cur broadcast BroadcastRecord{2b3068b6 u0 android.intent.action.PACKAGE_REMOVED} DELIVERED for app ProcessRecord{31928612 17685:com.samsung.android.intelligenceservice/u0a52}
12-12 13:36:02.971 17615 17615 E AffinityControl: AffinityControl: registerfunction enter
12-12 13:36:03.011 17615 17615 D AndroidRuntime: Calling main entry com.android.commands.am.Am
12-12 13:36:03.021  1027  1039 V ApplicationPolicy: isApplicationStateBlocked userId 0 pkgname com.example.snoopy
12-12 13:36:03.021  1027  1039 I ActivityManager: Force stopping com.example.snoopy appid=12269 user=0: from pid 17615
12-12 13:36:03.021  1027  1039 W WindowManager: Execute app transition: mNextAppTransition=0xffffffff displayId = 0
12-12 13:36:03.021  1027  1039 W WindowManager: java.lang.RuntimeException: here
12-12 13:36:03.021  1027  1039 W WindowManager: 	at com.android.server.wm.WindowManagerService.executeAppTransition(WindowManagerService.java:7314)
12-12 13:36:03.021  1027  1039 W WindowManager: 	at com.android.server.am.ActivityStack.resumeTopActivityInnerLocked(ActivityStack.java:2575)
12-12 13:36:03.021  1027  1039 W WindowManager: 	at com.android.server.am.ActivityStack.resumeTopActivityLocked(ActivityStack.java:2492)
12-12 13:36:03.021  1027  1039 W WindowManager: 	at com.android.server.am.ActivityStackSupervisor.resumeTopActivitiesLocked(ActivityStackSupervisor.java:4478)
12-12 13:36:03.021  1027  1039 W WindowManager: 	at com.android.server.am.ActivityStackSupervisor.resumeTopActivitiesLocked(ActivityStackSupervisor.java:4451)
12-12 13:36:03.021  1027  1039 W WindowManager: 	at com.android.server.am.ActivityManagerService.forceStopPackageLocked(ActivityManagerService.java:8494)
12-12 13:36:03.021  1027  1039 W WindowManager: 	at com.android.server.am.ActivityManagerService.forceStopPackageLocked(ActivityManagerService.java:8195)
12-12 13:36:03.021  1027  1039 W WindowManager: 	at com.android.server.am.ActivityManagerService.forceStopPackage(ActivityManagerService.java:7969)
12-12 13:36:03.021  1027  1039 W WindowManager: 	at android.app.ActivityManagerNative.onTransact(ActivityManagerNative.java:1590)
12-12 13:36:03.021  1027  1039 W WindowManager: 	at com.android.server.am.ActivityManagerService.onTransact(ActivityManagerService.java:3372)
12-12 13:36:03.021  1027  1039 W WindowManager: 	at android.os.Binder.execTransact(Binder.java:461)
12-12 13:36:03.021 17615 17615 D AndroidRuntime: Shutting down VM
12-12 13:36:03.031  1027  1260 W WindowManager: Execute app transition: mNextAppTransition=0xffffffff displayId = 0
12-12 13:36:03.031  1027  1260 W WindowManager: java.lang.RuntimeException: here
12-12 13:36:03.031  1027  1260 W WindowManager: 	at com.android.server.wm.WindowManagerService.executeAppTransition(WindowManagerService.java:7314)
12-12 13:36:03.031  1027  1260 W WindowManager: 	at com.android.server.am.ActivityStack.resumeTopActivityInnerLocked(ActivityStack.java:2575)
12-12 13:36:03.031  1027  1260 W WindowManager: 	at com.android.server.am.ActivityStack.resumeTopActivityLocked(ActivityStack.java:2492)
12-12 13:36:03.031  1027  1260 W WindowManager: 	at com.android.server.am.ActivityStackSupervisor.resumeTopActivitiesLocked(ActivityStackSupervisor.java:4478)
12-12 13:36:03.031  1027  1260 W WindowManager: 	at com.android.server.am.ActivityStackSupervisor.resumeTopActivitiesLocked(ActivityStackSupervisor.java:4451)
12-12 13:36:03.031  1027  1260 W WindowManager: 	at com.android.server.am.ActivityManagerService.handleAppDiedLocked(ActivityManagerService.java:7067)
12-12 13:36:03.031  1027  1260 W WindowManager: 	at com.android.server.am.ActivityManagerService.appDiedLocked(ActivityManagerService.java:7248)
12-12 13:36:03.031  1027  1260 W WindowManager: 	at com.android.server.am.ActivityManagerService$AppDeathRecipient.binderDied(ActivityManagerService.java:1754)
12-12 13:36:03.031  1027  1260 W WindowManager: 	at android.os.BinderProxy.sendDeathNotice(Binder.java:566)
12-12 13:36:03.031 17685 17685 D UserAnalysis.PlaceProvider: PlaceProvider onCreate()
12-12 13:36:03.051  1027  1772 I ActivityManager: Killing 16838:com.sec.android.widgetapp.SPlannerAppWidget/u0a126 (adj 15): empty #31
12-12 13:36:03.071 12797 17426 W DriveInitializer: Awaiting to be initialized
12-12 13:36:03.081 12797 17705 W DriveInitializer: Background init thread started
12-12 13:36:03.121 17685 17685 D UserAnalysis.SecureDbManager: Key for secure DB is newly created
12-12 13:36:03.121 17685 17685 D UserAnalysis.SecurePlaceDbHelper: SecurePlaceDbHelper() 
12-12 13:36:03.121 17685 17685 D UserAnalysis: Create SecureDbHelper
12-12 13:36:03.151 17706 17706 E Zygote  : MountEmulatedStorage()
12-12 13:36:03.151 17706 17706 E Zygote  : v2
12-12 13:36:03.151 17706 17706 I libpersona: KNOX_SDCARD checking this for 1000
12-12 13:36:03.151 17706 17706 I libpersona: KNOX_SDCARD not a persona
12-12 13:36:03.151 17706 17706 I SELinux : Function: selinux_compare_spd_ram, SPD-policy is existed. and_ver=SEPF_SM-E500H_5.1.1 ver=51
12-12 13:36:03.161  1027  1052 I ActivityManager: Start proc 17706:com.sec.android.app.popupuireceiver/1000 for broadcast-4 com.sec.android.app.popupuireceiver/.PopupuiReceiver
12-12 13:36:03.161 17706 17706 I SELinux : Function: selinux_compare_spd_ram , priority [1] , priority version is VE=SEPF_SM-E500H_5.1.1_0051
12-12 13:36:03.161 17706 17706 E SELinux : [DEBUG] get_category: variable seinfo: platform sensitivity: NULL, cateogry: NULL
12-12 13:36:03.161  1027  1772 W WindowManager: Execute app transition: mNextAppTransition=0xffffffff displayId = 0
12-12 13:36:03.161  1027  1772 W WindowManager: java.lang.RuntimeException: here
12-12 13:36:03.161  1027  1772 W WindowManager: 	at com.android.server.wm.WindowManagerService.executeAppTransition(WindowManagerService.java:7314)
12-12 13:36:03.161  1027  1772 W WindowManager: 	at com.android.server.am.ActivityStack.resumeTopActivityInnerLocked(ActivityStack.java:2575)
12-12 13:36:03.161  1027  1772 W WindowManager: 	at com.android.server.am.ActivityStack.resumeTopActivityLocked(ActivityStack.java:2492)
12-12 13:36:03.161  1027  1772 W WindowManager: 	at com.android.server.am.ActivityStackSupervisor.resumeTopActivitiesLocked(ActivityStackSupervisor.java:4478)
12-12 13:36:03.161  1027  1772 W WindowManager: 	at com.android.server.am.ActivityStackSupervisor.resumeTopActivitiesLocked(ActivityStackSupervisor.java:4451)
12-12 13:36:03.161  1027  1772 W WindowManager: 	at com.android.server.am.ActivityManagerService.handleAppDiedLocked(ActivityManagerService.java:7067)
12-12 13:36:03.161  1027  1772 W WindowManager: 	at com.android.server.am.ActivityManagerService.appDiedLocked(ActivityManagerService.java:7248)
12-12 13:36:03.161  1027  1772 W WindowManager: 	at com.android.server.am.ActivityManagerService$AppDeathRecipient.binderDied(ActivityManagerService.java:1754)
12-12 13:36:03.161  1027  1772 W WindowManager: 	at android.os.BinderProxy.sendDeathNotice(Binder.java:566)
12-12 13:36:03.171 17685 17685 D UserAnalysis.App: onCreate()
12-12 13:36:03.171 17685 17685 D UserAnalysis.UserAnalysisBroadcastReceiver: Intent(action: android.intent.action.PACKAGE_REMOVED) is received.
12-12 13:36:03.171  1027  1496 D ActivityManager: BGQ getDeferredInfo app launch 300
12-12 13:36:03.171 17685 17685 D UserAnalysis.App: no applications having user consent for prediction
12-12 13:36:03.171  1027  1496 I ActivityManager: Killing 16860:com.android.calendar/u0a127 (adj 15): empty #31
12-12 13:36:03.181  1027  1713 D ActivityManager: startService callerProcessName:com.google.android.gms.persistent, calleePkgName: com.google.android.gms
12-12 13:36:03.191 17706 17706 D TimaKeyStoreProvider: TimaSignature is unavailable
12-12 13:36:03.191 12797 13279 I Icing   : Usage reports ok 0, Failed Usage reports 0, indexed 0, rejected 0, imm upload false
12-12 13:36:03.191 17706 17706 D ActivityThread: Added TimaKeyStore provider
12-12 13:36:03.191 17685 17685 V PlaceDetection v1.0.22 : [PlaceDetection::stopService] Service stopped.
12-12 13:36:03.201  1027  1769 V BroadcastQueue: [backgroundsplit_1] Process cur broadcast BroadcastRecord{3ef4df97 u0 android.intent.action.PACKAGE_REMOVED} DELIVERED for app ProcessRecord{320ef15e 17706:com.sec.android.app.popupuireceiver/1000}
12-12 13:36:03.201  1027  1260 D ActivityManager: startService callerProcessName:com.google.android.gms.persistent, calleePkgName: com.google.android.gms
12-12 13:36:03.211  1027  1606 W WindowManager: Execute app transition: mNextAppTransition=0xffffffff displayId = 0
12-12 13:36:03.211  1027  1606 W WindowManager: java.lang.RuntimeException: here
12-12 13:36:03.211  1027  1606 W WindowManager: 	at com.android.server.wm.WindowManagerService.executeAppTransition(WindowManagerService.java:7314)
12-12 13:36:03.211  1027  1606 W WindowManager: 	at com.android.server.am.ActivityStack.resumeTopActivityInnerLocked(ActivityStack.java:2575)
12-12 13:36:03.211  1027  1606 W WindowManager: 	at com.android.server.am.ActivityStack.resumeTopActivityLocked(ActivityStack.java:2492)
12-12 13:36:03.211  1027  1606 W WindowManager: 	at com.android.server.am.ActivityStackSupervisor.resumeTopActivitiesLocked(ActivityStackSupervisor.java:4478)
12-12 13:36:03.211  1027  1606 W WindowManager: 	at com.android.server.am.ActivityStackSupervisor.resumeTopActivitiesLocked(ActivityStackSupervisor.java:4451)
12-12 13:36:03.211  1027  1606 W WindowManager: 	at com.android.server.am.ActivityManagerService.handleAppDiedLocked(ActivityManagerService.java:7067)
12-12 13:36:03.211  1027  1606 W WindowManager: 	at com.android.server.am.ActivityManagerService.appDiedLocked(ActivityManagerService.java:7248)
12-12 13:36:03.211  1027  1606 W WindowManager: 	at com.android.server.am.ActivityManagerService$AppDeathRecipient.binderDied(ActivityManagerService.java:1754)
12-12 13:36:03.211  1027  1606 W WindowManager: 	at android.os.BinderProxy.sendDeathNotice(Binder.java:566)
12-12 13:36:03.211 17685 17685 V PlaceDetection v1.0.22 : [PlaceDetectionManager::removeDetectionListener] PlaceDetectionListener removed.
12-12 13:36:03.221 12797 13279 I Icing   : Usage reports ok 0, Failed Usage reports 0, indexed 0, rejected 0, imm upload false
12-12 13:36:03.241 17353 17612 I UpdateIcingCorporaServi: UpdateCorporaTask done [took 165 ms] updated apps [took 164 ms] 
12-12 13:36:03.261 17685 17685 V PlaceDetection v1.0.22 : [PlaceDetection::setDisableDetection] PlaceType PLACE_OTHER disabled.
12-12 13:36:03.261 17706 17706 D PopupuiReceiver: onReceive() getAction : android.intent.action.PACKAGE_REMOVED
12-12 13:36:03.261 17685 17685 V PlaceDetection v1.0.22 : [PlaceDetectionManager::setChangeDetector] PlaceType PLACE_OTHER set as false.
12-12 13:36:03.261 17685 17685 V PlaceDetection v1.0.22 : [PlaceDetectionManager::setSharedData] PreferenceValue PLACE_OTHER_ACTIVITY set as false
12-12 13:36:03.261 17432 17454 E SQLiteLog: (284) automatic index on sqlite_sq_B834CC20(entryId)
12-12 13:36:03.261 17685 17685 V PlaceDetection v1.0.22 : [PlaceDetectionManager::setSharedData] PreferenceValue COLLECTION_GPS set as false
12-12 13:36:03.261 17685 17685 V PlaceDetection v1.0.22 : [PlaceDetectionManager::setSharedData] PreferenceValue COLLECTION_WIFI set as false
12-12 13:36:03.261 17685 17685 V PlaceDetection v1.0.22 : [PlaceDetectionManager::setSharedData] PreferenceValue COLLECTION_NETWORK set as false
12-12 13:36:03.261 17685 17685 V PlaceDetection v1.0.22 : [PlaceDetectionManager::setSharedData] PreferenceValue COLLECTION_SENSOR set as false
12-12 13:36:03.271 17685 17685 V PlaceDetection v1.0.22 : [PlaceDetection::setDisableDetection] PlaceType PLACE_HOME disabled.
12-12 13:36:03.271 17685 17685 V PlaceDetection v1.0.22 : [PlaceDetectionManager::setChangeDetector] PlaceType PLACE_HOME set as false.
12-12 13:36:03.271 17685 17685 V PlaceDetection v1.0.22 : [PlaceDetectionManager::setSharedData] PreferenceValue PLACE_HOME set as false
12-12 13:36:03.271 17685 17685 V PlaceDetection v1.0.22 : [PlaceDetectionManager::setSharedData] PreferenceValue COLLECTION_GPS set as false
12-12 13:36:03.271 17685 17685 V PlaceDetection v1.0.22 : [PlaceDetectionManager::setSharedData] PreferenceValue COLLECTION_WIFI set as false
12-12 13:36:03.271 17685 17685 V PlaceDetection v1.0.22 : [PlaceDetectionManager::setSharedData] PreferenceValue COLLECTION_NETWORK set as false
12-12 13:36:03.271 17685 17685 V PlaceDetection v1.0.22 : [PlaceDetectionManager::setSharedData] PreferenceValue COLLECTION_SENSOR set as false
12-12 13:36:03.271 17685 17685 V PlaceDetection v1.0.22 : [PlaceDetection::setDisableDetection] PlaceType PLACE_WORK disabled.
12-12 13:36:03.271 17685 17685 V PlaceDetection v1.0.22 : [PlaceDetectionManager::setChangeDetector] PlaceType PLACE_WORK set as false.
12-12 13:36:03.271 17685 17685 V PlaceDetection v1.0.22 : [PlaceDetectionManager::setSharedData] PreferenceValue PLACE_WORK set as false
12-12 13:36:03.271 17685 17685 V PlaceDetection v1.0.22 : [PlaceDetectionManager::setSharedData] PreferenceValue COLLECTION_GPS set as false
12-12 13:36:03.271 17685 17685 V PlaceDetection v1.0.22 : [PlaceDetectionManager::setSharedData] PreferenceValue COLLECTION_WIFI set as false
12-12 13:36:03.271 17685 17685 V PlaceDetection v1.0.22 : [PlaceDetectionManager::setSharedData] PreferenceValue COLLECTION_NETWORK set as false
12-12 13:36:03.271 17685 17685 V PlaceDetection v1.0.22 : [PlaceDetectionManager::setSharedData] PreferenceValue COLLECTION_SENSOR set as false
12-12 13:36:03.271 17685 17685 V PlaceDetection v1.0.22 : [PlaceDetection::setDisableDetection] PlaceType MYCAR disabled.
12-12 13:36:03.271 17685 17685 V PlaceDetection v1.0.22 : [PlaceDetectionManager::setChangeDetector] PlaceType MYCAR set as false.
12-12 13:36:03.271 17685 17685 V PlaceDetection v1.0.22 : [PlaceDetectionManager::setSharedData] PreferenceValue PLACE_CAR set as false
12-12 13:36:03.281 17724 17724 E Zygote  : MountEmulatedStorage()
12-12 13:36:03.281 17724 17724 E Zygote  : v2
12-12 13:36:03.281 17724 17724 I libpersona: KNOX_SDCARD checking this for 10032
12-12 13:36:03.281 17724 17724 I libpersona: KNOX_SDCARD not a persona
12-12 13:36:03.281 17724 17724 I SELinux : Function: selinux_compare_spd_ram, SPD-policy is existed. and_ver=SEPF_SM-E500H_5.1.1 ver=51
12-12 13:36:03.281  1027  1052 I ActivityManager: Start proc 17724:com.samsung.android.sdk.samsunglink/u0a32 for broadcast-3 com.samsung.android.sdk.samsunglink/com.sec.pcw.service.push.spp.SPPReceiver
12-12 13:36:03.281 17724 17724 I SELinux : Function: selinux_compare_spd_ram , priority [1] , priority version is VE=SEPF_SM-E500H_5.1.1_0051
12-12 13:36:03.281  1027  1713 I ActivityManager: Killing 16327:com.google.android.gms.ui/u0a8 (adj 15): empty #31
12-12 13:36:03.291 17724 17724 E SELinux : [DEBUG] get_category: variable seinfo: samsung sensitivity: NULL, cateogry: NULL
12-12 13:36:03.291  1027  1343 D SecContentProvider2: query(), uri = -1 selection = getSealedState
12-12 13:36:03.291 17685 17685 D BluetoothAdapter: cancelDiscovery
12-12 13:36:03.301  1027  1471 D SecContentProvider2: query(), uri = 15 selection = getSealedHideNotificationMessages
12-12 13:36:03.301 17706 17706 I PopupuiReceiver_KNOX: getSealedHideNotificationMessages : 0
12-12 13:36:03.311  1027  1496 D SecContentProvider2: query(), uri = 15 selection = getCheckCoverPopupState
12-12 13:36:03.311  2737 14067 D BluetoothAdapterProperties: mDiscovering is false
12-12 13:36:03.311  2737 14067 E BluetoothAdapterService: This is not a scanning status. cancelDiscovery() will be not called.
12-12 13:36:03.311 17685 17685 D BluetoothAdapter: cancelDiscovery = true
12-12 13:36:03.311 17706 17706 I PopupuiReceiver_KNOX: getCheckCoverPopupState : false
12-12 13:36:03.311 17706 17706 D PopupuiReceiver: Action package removed
12-12 13:36:03.311 17685 17685 V PlaceDetection v1.0.22 : [BTManager::unregisterReceiver] Error : Failed to unregister bluetooth broadcast receiver.
12-12 13:36:03.311  1027  1810 D ActivityManager: BGQ getDeferredInfo app launch 300
12-12 13:36:03.311  1027  1810 I ActivityManager: Killing 16791:com.google.android.gm/u0a94 (adj 15): empty #31
12-12 13:36:03.311 17724 17724 D TimaKeyStoreProvider: TimaSignature is unavailable
12-12 13:36:03.311 17685 17685 V PlaceDetection v1.0.22 : [PlaceDetection::stopService] Service stopped.
12-12 13:36:03.311 17724 17724 D ActivityThread: Added TimaKeyStore provider
12-12 13:36:03.311 17685 17685 V PlaceDetection v1.0.22 : [PlaceDetectionManager::removeDetectionListener] PlaceDetectionListener removed.
12-12 13:36:03.321  1027  1343 V BroadcastQueue: [background] Process cur broadcast BroadcastRecord{334b2b2e u0 android.intent.action.PACKAGE_REMOVED} DELIVERED for app ProcessRecord{1fbbd755 17724:com.samsung.android.sdk.samsunglink/u0a32}
12-12 13:36:03.331 17724 17724 W ResourcesManager: Asset path '/system/framework/twframework.jar' does not exist or contains no resources.
12-12 13:36:03.331 17724 17724 W ResourcesManager: Asset path '/system/framework/allshare.jar' does not exist or contains no resources.
12-12 13:36:03.341  1027  1713 W WindowManager: Execute app transition: mNextAppTransition=0xffffffff displayId = 0
12-12 13:36:03.341  1027  1713 W WindowManager: java.lang.RuntimeException: here
12-12 13:36:03.341  1027  1713 W WindowManager: 	at com.android.server.wm.WindowManagerService.executeAppTransition(WindowManagerService.java:7314)
12-12 13:36:03.341  1027  1713 W WindowManager: 	at com.android.server.am.ActivityStack.resumeTopActivityInnerLocked(ActivityStack.java:2575)
12-12 13:36:03.341  1027  1713 W WindowManager: 	at com.android.server.am.ActivityStack.resumeTopActivityLocked(ActivityStack.java:2492)
12-12 13:36:03.341  1027  1713 W WindowManager: 	at com.android.server.am.ActivityStackSupervisor.resumeTopActivitiesLocked(ActivityStackSupervisor.java:4478)
12-12 13:36:03.341  1027  1713 W WindowManager: 	at com.android.server.am.ActivityStackSupervisor.resumeTopActivitiesLocked(ActivityStackSupervisor.java:4451)
12-12 13:36:03.341  1027  1713 W WindowManager: 	at com.android.server.am.ActivityManagerService.handleAppDiedLocked(ActivityManagerService.java:7067)
12-12 13:36:03.341  1027  1713 W WindowManager: 	at com.android.server.am.ActivityManagerService.appDiedLocked(ActivityManagerService.java:7248)
12-12 13:36:03.341  1027  1713 W WindowManager: 	at com.android.server.am.ActivityManagerService$AppDeathRecipient.binderDied(ActivityManagerService.java:1754)
12-12 13:36:03.341  1027  1713 W WindowManager: 	at android.os.BinderProxy.sendDeathNotice(Binder.java:566)
12-12 13:36:03.351 17432 17454 W ResourcesManager: Asset path '/system/framework/com.android.media.remotedisplay.jar' does not exist or contains no resources.
12-12 13:36:03.351 17432 17454 W ResourcesManager: Asset path '/system/framework/com.android.location.provider.jar' does not exist or contains no resources.
12-12 13:36:03.381  1027  1773 W WindowManager: Execute app transition: mNextAppTransition=0xffffffff displayId = 0
12-12 13:36:03.381  1027  1773 W WindowManager: java.lang.RuntimeException: here
12-12 13:36:03.381  1027  1773 W WindowManager: 	at com.android.server.wm.WindowManagerService.executeAppTransition(WindowManagerService.java:7314)
12-12 13:36:03.381  1027  1773 W WindowManager: 	at com.android.server.am.ActivityStack.resumeTopActivityInnerLocked(ActivityStack.java:2575)
12-12 13:36:03.381  1027  1773 W WindowManager: 	at com.android.server.am.ActivityStack.resumeTopActivityLocked(ActivityStack.java:2492)
12-12 13:36:03.381  1027  1773 W WindowManager: 	at com.android.server.am.ActivityStackSupervisor.resumeTopActivitiesLocked(ActivityStackSupervisor.java:4478)
12-12 13:36:03.381  1027  1773 W WindowManager: 	at com.android.server.am.ActivityStackSupervisor.resumeTopActivitiesLocked(ActivityStackSupervisor.java:4451)
12-12 13:36:03.381  1027  1773 W WindowManager: 	at com.android.server.am.ActivityManagerService.handleAppDiedLocked(ActivityManagerService.java:7067)
12-12 13:36:03.381  1027  1773 W WindowManager: 	at com.android.server.am.ActivityManagerService.appDiedLocked(ActivityManagerService.java:7248)
12-12 13:36:03.381  1027  1773 W WindowManager: 	at com.android.server.am.ActivityManagerService$AppDeathRecipient.binderDied(ActivityManagerService.java:1754)
12-12 13:36:03.381  1027  1773 W WindowManager: 	at android.os.BinderProxy.sendDeathNotice(Binder.java:566)
12-12 13:36:03.391 12797 12869 I ContentMaintenance: Pruning caches...
12-12 13:36:03.411  1027  1607 E LocSvc_libulp: I/int ulp_msg_process_system_update(UlpSystemEvent): systemEvent:5 
12-12 13:36:03.411  1027  1607 E LocSvc_libulp: I/int ulp_msg_process_start_req(), at ulp state = 1
12-12 13:36:03.411  1027  1428 E LocSvc_ApiV02: I/<--- void globalRespCb(locClientHandleType, uint32_t, locClientRespIndUnionType, void*) line 125 QMI_LOC_GET_BEST_AVAILABLE_POSITION_REQ_V02
12-12 13:36:03.411  1027  1607 D Ulp_jni : Location CB invoked
12-12 13:36:03.411  1027  1607 E LocSvc_libulp: I/int ulp_brain_process_zpp_position_report(loc_sess_status, LocPosTechMask, const UlpLocation*), report ZPP position to providers,report_position = 1
12-12 13:36:03.461 12797 12869 I ContentMaintenance: Internal cache bytes used: 0; limit: 100000000; download size: 0
12-12 13:36:03.471 12797 12869 I ContentMaintenance: Cache pruning complete.
12-12 13:36:03.471 12797 12869 I ContentMaintenance: Beginning garbage collection.
12-12 13:36:03.471 12797 12869 I RealtimeCacheCleanup: Beginning Realtime garbage collection.
12-12 13:36:03.491 17748 17748 E Zygote  : MountEmulatedStorage()
12-12 13:36:03.491 17748 17748 E Zygote  : v2
12-12 13:36:03.491 17748 17748 I libpersona: KNOX_SDCARD checking this for 1000
12-12 13:36:03.491 17748 17748 I libpersona: KNOX_SDCARD not a persona
12-12 13:36:03.491 17748 17748 I SELinux : Function: selinux_compare_spd_ram, SPD-policy is existed. and_ver=SEPF_SM-E500H_5.1.1 ver=51
12-12 13:36:03.491  1027  1052 I ActivityManager: Start proc 17748:com.samsung.android.app.assistantmenu/1000 for broadcast-4 com.samsung.android.app.assistantmenu/.AssistantMenuReceiver
12-12 13:36:03.491 12797 12869 I RealtimeCacheCleanup: Finished Realtime garbage collection.
12-12 13:36:03.491 12797 12869 I ContentMaintenance: Finished garbage collection.
12-12 13:36:03.501 17748 17748 I SELinux : Function: selinux_compare_spd_ram , priority [1] , priority version is VE=SEPF_SM-E500H_5.1.1_0051
12-12 13:36:03.501 12797 13279 I PinnedContentDownloader: Started downloading pinned content.
12-12 13:36:03.501 17748 17748 E SELinux : [DEBUG] get_category: variable seinfo: platform sensitivity: NULL, cateogry: NULL
12-12 13:36:03.501 12797 17705 W DriveInitializer: Background init thread ended
12-12 13:36:03.501  1027  1343 D ActivityManager: startService callerProcessName:com.google.android.gms, calleePkgName: com.google.android.gms
12-12 13:36:03.521 17748 17748 D TimaKeyStoreProvider: TimaSignature is unavailable
12-12 13:36:03.521 17748 17748 D ActivityThread: Added TimaKeyStore provider
12-12 13:36:03.531  1027  1713 V BroadcastQueue: [backgroundsplit_0] Process cur broadcast BroadcastRecord{2b3068b6 u0 android.intent.action.PACKAGE_REMOVED} DELIVERED for app ProcessRecord{1f54c56a 17748:com.samsung.android.app.assistantmenu/1000}
12-12 13:36:03.551 12797 13279 I PinnedContentDownloader: Finished downloading pinned content.
12-12 13:36:03.591 17432 17454 W linker  : libconscrypt_gmscore_jni.so: unused DT entry: type 0xf arg 0x1dc
12-12 13:36:03.591 17748 17748 W ContextImpl: Calling a method in the system process without a qualified user: android.app.ContextImpl.startService:2136 android.content.ContextWrapper.startService:534 android.content.ContextWrapper.startService:534 com.samsung.android.app.assistantmenu.AssistantMenuReceiver.onReceive:159 android.app.ActivityThread.handleReceiver:3491 
12-12 13:36:03.591  1027  1260 D ActivityManager: startService callerProcessName:com.samsung.android.app.assistantmenu, calleePkgName: com.samsung.android.app.assistantmenu
12-12 13:36:03.601 17724 17724 I SL_DEBUG: isLoggable:: isProductShip = 1
12-12 13:36:03.601  1027  1810 D ActivityManager: BGQ getDeferredInfo app launch 300
12-12 13:36:03.601 17432 17454 V NativeCrypto: Registering com/google/android/gms/org/conscrypt/NativeCrypto's 276 native methods...
12-12 13:36:03.611 17724 17724 I SL_DEBUG: isLoggable:: SL_DEBUG_EXIST = false
12-12 13:36:03.641 17768 17768 E Zygote  : MountEmulatedStorage()
12-12 13:36:03.641 17768 17768 E Zygote  : v2
12-12 13:36:03.641 17768 17768 I libpersona: KNOX_SDCARD checking this for 10141
12-12 13:36:03.641 17768 17768 I libpersona: KNOX_SDCARD not a persona
12-12 13:36:03.651 17768 17768 I SELinux : Function: selinux_compare_spd_ram, SPD-policy is existed. and_ver=SEPF_SM-E500H_5.1.1 ver=51
12-12 13:36:03.651  1027  1052 I ActivityManager: Start proc 17768:com.sec.android.app.themechooser/u0a141 for broadcast-4 com.sec.android.app.themechooser/.CustomBroadCastReceiver
12-12 13:36:03.651 17768 17768 I SELinux : Function: selinux_compare_spd_ram , priority [1] , priority version is VE=SEPF_SM-E500H_5.1.1_0051
12-12 13:36:03.651 17768 17768 E SELinux : [DEBUG] get_category: variable seinfo: platform sensitivity: NULL, cateogry: NULL
12-12 13:36:03.661 17432 17454 I art     : Rejecting re-init on previously-failed class java.lang.Class<com.google.android.gms.org.conscrypt.DelegatingExtendedSSLSession>
12-12 13:36:03.661 17432 17454 I art     : Rejecting re-init on previously-failed class java.lang.Class<com.google.android.gms.org.conscrypt.DelegatingExtendedSSLSession>
12-12 13:36:03.671  1027  1260 I ActivityManager: Killing 16163:com.android.providers.calendar/u0a36 (adj 15): empty #31
12-12 13:36:03.671 17432 17454 I art     : Rejecting re-init on previously-failed class java.lang.Class<com.google.android.gms.org.conscrypt.DelegatingExtendedSSLSession>
12-12 13:36:03.671 17768 17768 D TimaKeyStoreProvider: TimaSignature is unavailable
12-12 13:36:03.681 17768 17768 D ActivityThread: Added TimaKeyStore provider
12-12 13:36:03.681  1027  1771 V BroadcastQueue: [backgroundsplit_1] Process cur broadcast BroadcastRecord{3ef4df97 u0 android.intent.action.PACKAGE_REMOVED} DELIVERED for app ProcessRecord{120d7137 17768:com.sec.android.app.themechooser/u0a141}
12-12 13:36:03.731 17768 17768 D ThemeInfoUtil: getCurrentFestivalName is [null]
12-12 13:36:03.731 17768 17768 D ThemeInfoUtil: isCurrentFestival = false
12-12 13:36:03.731  1027  1713 D ActivityManager: BGQ getDeferredInfo app launch 300
12-12 13:36:03.731  1027  1713 I ActivityManager: Killing 16892:com.google.android.music:main/u0a106 (adj 15): empty #31
12-12 13:36:03.761 17724 17724 D SecWifiDisplayUtil: Metadata value : none
12-12 13:36:03.761  1027  1769 W WindowManager: Execute app transition: mNextAppTransition=0xffffffff displayId = 0
12-12 13:36:03.761  1027  1769 W WindowManager: java.lang.RuntimeException: here
12-12 13:36:03.761  1027  1769 W WindowManager: 	at com.android.server.wm.WindowManagerService.executeAppTransition(WindowManagerService.java:7314)
12-12 13:36:03.761  1027  1769 W WindowManager: 	at com.android.server.am.ActivityStack.resumeTopActivityInnerLocked(ActivityStack.java:2575)
12-12 13:36:03.761  1027  1769 W WindowManager: 	at com.android.server.am.ActivityStack.resumeTopActivityLocked(ActivityStack.java:2492)
12-12 13:36:03.761  1027  1769 W WindowManager: 	at com.android.server.am.ActivityStackSupervisor.resumeTopActivitiesLocked(ActivityStackSupervisor.java:4478)
12-12 13:36:03.761  1027  1769 W WindowManager: 	at com.android.server.am.ActivityStackSupervisor.resumeTopActivitiesLocked(ActivityStackSupervisor.java:4451)
12-12 13:36:03.761  1027  1769 W WindowManager: 	at com.android.server.am.ActivityManagerService.handleAppDiedLocked(ActivityManagerService.java:7067)
12-12 13:36:03.761  1027  1769 W WindowManager: 	at com.android.server.am.ActivityManagerService.appDiedLocked(ActivityManagerService.java:7248)
12-12 13:36:03.761  1027  1769 W WindowManager: 	at com.android.server.am.ActivityManagerService$AppDeathRecipient.binderDied(ActivityManagerService.java:1754)
12-12 13:36:03.761  1027  1769 W WindowManager: 	at android.os.BinderProxy.sendDeathNotice(Binder.java:566)
12-12 13:36:03.771 17432 17454 I ProviderInstaller: Installed default security provider GmsCore_OpenSSL
12-12 13:36:03.771  1027  1496 D ActivityManager: startService callerProcessName:com.samsung.android.sdk.samsunglink, calleePkgName: com.samsung.android.sdk.samsunglink
12-12 13:36:03.781 17746 17746 D AndroidRuntime: >>>>>> START com.android.internal.os.RuntimeInit uid 2000 <<<<<<
12-12 13:36:03.781 17746 17746 D AndroidRuntime: CheckJNI is OFF
12-12 13:36:03.781 17746 17746 D AndroidRuntime: readGMSProperty: start
12-12 13:36:03.781 17746 17746 D AndroidRuntime: readGMSProperty: already setted!!
12-12 13:36:03.781 17746 17746 D AndroidRuntime: propertySet: couldn't set property (it is from app)
12-12 13:36:03.781 17746 17746 D AndroidRuntime: readGMSProperty: could not set the property(default)!!
12-12 13:36:03.781 17746 17746 D AndroidRuntime: readGMSProperty: end
12-12 13:36:03.781 17746 17746 D AndroidRuntime: addProductProperty: start
12-12 13:36:03.791  1027  6760 D ActivityManager: startService callerProcessName:com.samsung.android.sdk.samsunglink, calleePkgName: com.samsung.android.sdk.samsunglink
12-12 13:36:03.801 17724 17724 W System.err: android.content.pm.PackageManager$NameNotFoundException: com.samsung.android.app.galaxyfinder
12-12 13:36:03.801 17724 17724 W System.err: 	at android.app.ApplicationPackageManager.getPackageInfo(ApplicationPackageManager.java:167)
12-12 13:36:03.801 17724 17724 W System.err: 	at com.mfluent.asp.ASPApplication.onCreate(SourceFile:344)
12-12 13:36:03.801 17724 17724 W System.err: 	at android.app.Instrumentation.callApplicationOnCreate(Instrumentation.java:1021)
12-12 13:36:03.801 17724 17724 W System.err: 	at android.app.ActivityThread.handleBindApplication(ActivityThread.java:5951)
12-12 13:36:03.801 17724 17724 W System.err: 	at android.app.ActivityThread.access$1700(ActivityThread.java:197)
12-12 13:36:03.801 17724 17724 W System.err: 	at android.app.ActivityThread$H.handleMessage(ActivityThread.java:1717)
12-12 13:36:03.801 17724 17724 W System.err: 	at android.os.Handler.dispatchMessage(Handler.java:102)
12-12 13:36:03.801 17724 17724 W System.err: 	at android.os.Looper.loop(Looper.java:145)
12-12 13:36:03.801 17724 17724 W System.err: 	at android.app.ActivityThread.main(ActivityThread.java:6856)
12-12 13:36:03.801 17724 17724 W System.err: 	at java.lang.reflect.Method.invoke(Native Method)
12-12 13:36:03.801 17724 17724 W System.err: 	at java.lang.reflect.Method.invoke(Method.java:372)
12-12 13:36:03.801 17724 17724 W System.err: 	at com.android.internal.os.ZygoteInit$MethodAndArgsCaller.run(ZygoteInit.java:1404)
12-12 13:36:03.801 17724 17724 W System.err: 	at com.android.internal.os.ZygoteInit.main(ZygoteInit.java:1199)
12-12 13:36:03.811  1027  1769 D ActivityManager: BGQ getDeferredInfo app launch 300
12-12 13:36:03.821  1027  1131 V AlarmManager: waitForAlarm result :4
12-12 13:36:03.821  1027  1260 D ConnectivityService: returning getNetworkInfo for network type 1 : [type: WIFI[] - WIFI, state: CONNECTED/CONNECTED, reason: (unspecified), extra: "9902007673", roaming: false, failover: false, isAvailable: true, isConnectedToProvisioningNetwork: false]
12-12 13:36:03.821  1027  6760 W WindowManager: Execute app transition: mNextAppTransition=0xffffffff displayId = 0
12-12 13:36:03.821  1027  6760 W WindowManager: java.lang.RuntimeException: here
12-12 13:36:03.821  1027  6760 W WindowManager: 	at com.android.server.wm.WindowManagerService.executeAppTransition(WindowManagerService.java:7314)
12-12 13:36:03.821  1027  6760 W WindowManager: 	at com.android.server.am.ActivityStack.resumeTopActivityInnerLocked(ActivityStack.java:2575)
12-12 13:36:03.821  1027  6760 W WindowManager: 	at com.android.server.am.ActivityStack.resumeTopActivityLocked(ActivityStack.java:2492)
12-12 13:36:03.821  1027  6760 W WindowManager: 	at com.android.server.am.ActivityStackSupervisor.resumeTopActivitiesLocked(ActivityStackSupervisor.java:4478)
12-12 13:36:03.821  1027  6760 W WindowManager: 	at com.android.server.am.ActivityStackSupervisor.resumeTopActivitiesLocked(ActivityStackSupervisor.java:4451)
12-12 13:36:03.821  1027  6760 W WindowManager: 	at com.android.server.am.ActivityManagerService.handleAppDiedLocked(ActivityManagerService.java:7067)
12-12 13:36:03.821  1027  6760 W WindowManager: 	at com.android.server.am.ActivityManagerService.appDiedLocked(ActivityManagerService.java:7248)
12-12 13:36:03.821  1027  6760 W WindowManager: 	at com.android.server.am.ActivityManagerService$AppDeathRecipient.binderDied(ActivityManagerService.java:1754)
12-12 13:36:03.821  1027  6760 W WindowManager: 	at android.os.BinderProxy.sendDeathNotice(Binder.java:566)
12-12 13:36:03.851  1027  1773 I ActivityManager: Killing 17245:com.sec.android.widgetapp.digitalclock/u0a80 (adj 15): empty #31
12-12 13:36:03.911 17746 17746 E AffinityControl: AffinityControl: registerfunction enter
12-12 13:36:03.941 17746 17746 D AndroidRuntime: Calling main entry com.android.commands.am.Am
12-12 13:36:03.941  1027  1713 W WindowManager: Execute app transition: mNextAppTransition=0xffffffff displayId = 0
12-12 13:36:03.941  1027  1713 W WindowManager: java.lang.RuntimeException: here
12-12 13:36:03.941  1027  1713 W WindowManager: 	at com.android.server.wm.WindowManagerService.executeAppTransition(WindowManagerService.java:7314)
12-12 13:36:03.941  1027  1713 W WindowManager: 	at com.android.server.am.ActivityStack.resumeTopActivityInnerLocked(ActivityStack.java:2575)
12-12 13:36:03.941  1027  1713 W WindowManager: 	at com.android.server.am.ActivityStack.resumeTopActivityLocked(ActivityStack.java:2492)
12-12 13:36:03.941  1027  1713 W WindowManager: 	at com.android.server.am.ActivityStackSupervisor.resumeTopActivitiesLocked(ActivityStackSupervisor.java:4478)
12-12 13:36:03.941  1027  1713 W WindowManager: 	at com.android.server.am.ActivityStackSupervisor.resumeTopActivitiesLocked(ActivityStackSupervisor.java:4451)
12-12 13:36:03.941  1027  1713 W WindowManager: 	at com.android.server.am.ActivityManagerService.handleAppDiedLocked(ActivityManagerService.java:7067)
12-12 13:36:03.941  1027  1713 W WindowManager: 	at com.android.server.am.ActivityManagerService.appDiedLocked(ActivityManagerService.java:7248)
12-12 13:36:03.941  1027  1713 W WindowManager: 	at com.android.server.am.ActivityManagerService$AppDeathRecipient.binderDied(ActivityManagerService.java:1754)
12-12 13:36:03.941  1027  1713 W WindowManager: 	at android.os.BinderProxy.sendDeathNotice(Binder.java:566)
12-12 13:36:03.941  1027  1606 I ActivityManager: sanitizing user id to all except knox due to call from shell
12-12 13:36:03.941  1027  1606 V ApplicationPolicy: isApplicationStateBlocked userId -4 pkgname com.example.snoopy
12-12 13:36:03.941 17746 17746 D AndroidRuntime: Shutting down VM
12-12 13:36:04.031  1027  1052 V BroadcastQueue: [backgroundsplit_1] Process cur broadcast BroadcastRecord{3ef4df97 u0 android.intent.action.PACKAGE_REMOVED} DELIVERED for app ProcessRecord{32248dff 17387:com.samsung.android.provider.shootingmodeprovider/u0a144}
12-12 13:36:04.041  1027  1774 D ActivityManager: startService callerProcessName:com.samsung.android.provider.shootingmodeprovider, calleePkgName: com.samsung.android.provider.shootingmodeprovider
12-12 13:36:04.041  1027  1343 D ActivityManager: BGQ getDeferredInfo app launch 300
12-12 13:36:04.111  1027  1052 V BroadcastQueue: [background] Process cur broadcast BroadcastRecord{334b2b2e u0 android.intent.action.PACKAGE_REMOVED} DELIVERED for app ProcessRecord{18fdd1c 1577:android.process.acore/u0a16}
12-12 13:36:04.111  1027  1810 D ActivityManager: startService callerProcessName:android.process.acore, calleePkgName: com.android.providers.contacts
12-12 13:36:04.121  1027  1496 D ActivityManager: BGQ getDeferredInfo app launch 300
12-12 13:36:04.251 12797 12869 I Icing   : Indexing DA6111ED1687BED569CCC38F54E8957751DC538A from com.google.android.gms
12-12 13:36:04.261 12797 12869 I Icing   : Indexing done DA6111ED1687BED569CCC38F54E8957751DC538A
12-12 13:36:04.441 17805 17805 E Zygote  : MountEmulatedStorage()
12-12 13:36:04.441 17805 17805 E Zygote  : v2
12-12 13:36:04.441 17805 17805 I libpersona: KNOX_SDCARD checking this for 10035
12-12 13:36:04.441 17805 17805 I libpersona: KNOX_SDCARD not a persona
12-12 13:36:04.441 17805 17805 I SELinux : Function: selinux_compare_spd_ram, SPD-policy is existed. and_ver=SEPF_SM-E500H_5.1.1 ver=51
12-12 13:36:04.441  1027  1052 I ActivityManager: Start proc 17805:com.osp.app.signin/u0a35 for broadcast-3 com.osp.app.signin/com.msc.sa.selfupdate.SelfUpgradeReceiver
12-12 13:36:04.441 17805 17805 I SELinux : Function: selinux_compare_spd_ram , priority [1] , priority version is VE=SEPF_SM-E500H_5.1.1_0051
12-12 13:36:04.451 17805 17805 E SELinux : [DEBUG] get_category: variable seinfo: default sensitivity: NULL, cateogry: NULL
12-12 13:36:04.461 17805 17805 D TimaKeyStoreProvider: TimaSignature is unavailable
12-12 13:36:04.461 17805 17805 D ActivityThread: Added TimaKeyStore provider
12-12 13:36:04.471  1027  1496 V BroadcastQueue: [background] Process cur broadcast BroadcastRecord{334b2b2e u0 android.intent.action.PACKAGE_REMOVED} DELIVERED for app ProcessRecord{296ec04b 17805:com.osp.app.signin/u0a35}
12-12 13:36:04.501 17805 17805 I SA      : [SSP] onCreated
12-12 13:36:04.521 17805 17805 I SA      : [TPM] There is no property file
12-12 13:36:04.521 17805 17805 I SA      : [SCU] isHaveSA() - false
12-12 13:36:04.521 17805 17805 I SA      : [TPM] getModelProperty : null
12-12 13:36:04.521 17805 17805 I SA      : [TPM] getCSCProperty : null
12-12 13:36:04.521 17805 17805 I SA      : [DM] FLOATING AMOLED FEATURE: true
12-12 13:36:04.521 17805 17805 I SA      : [DM] PRODUCT AMOLED FEATURE: false
12-12 13:36:04.521 17805 17805 I SA      : [DM] TFT FEATURE: false
12-12 13:36:04.521 17805 17805 I SA      : [SUR] onReceive called
12-12 13:36:04.521 17805 17805 I SA      : [SUR] Not SA Package.. finish
12-12 13:36:04.531  1027  1769 I ActivityManager: Killing 17260:com.sec.android.widgetapp.dualclockdigital/u0a84 (adj 15): empty #31
12-12 13:36:04.531  1027  1769 V BroadcastQueue: [background] Process cur broadcast BroadcastRecord{334b2b2e u0 android.intent.action.PACKAGE_REMOVED} DELIVERED for app ProcessRecord{546f293 2508:com.android.contacts/u0a16}
12-12 13:36:04.531  1027  1769 I splitIntent: Queue : background intent android.intent.action.PACKAGE_REMOVED is finished at BG and BG split queue. set mSplitStart  false.
12-12 13:36:04.531  1027  1769 V BroadcastQueue: [background] Process cur broadcast BroadcastRecord{27c0ea28 u0 android.intent.action.PACKAGE_FULLY_REMOVED} DELIVERED for app ProcessRecord{181b07cd 1027:system/1000}
12-12 13:36:04.551 17822 17822 E Zygote  : MountEmulatedStorage()
12-12 13:36:04.551 17822 17822 E Zygote  : v2
12-12 13:36:04.551 17822 17822 I libpersona: KNOX_SDCARD checking this for 1000
12-12 13:36:04.551 17822 17822 I libpersona: KNOX_SDCARD not a persona
12-12 13:36:04.551 17822 17822 I SELinux : Function: selinux_compare_spd_ram, SPD-policy is existed. and_ver=SEPF_SM-E500H_5.1.1 ver=51
12-12 13:36:04.561  1027  1027 I ActivityManager: Start proc 17822:com.samsung.android.bbc.bbcagent/1000 for broadcast-3 com.samsung.android.bbc.bbcagent/.bbccontroller.receiver.PackageEventReceiver
12-12 13:36:04.561 17822 17822 I SELinux : Function: selinux_compare_spd_ram , priority [1] , priority version is VE=SEPF_SM-E500H_5.1.1_0051
12-12 13:36:04.561 17822 17822 E SELinux : [DEBUG] get_category: variable seinfo: platform sensitivity: NULL, cateogry: NULL
12-12 13:36:04.571 17822 17822 D TimaKeyStoreProvider: TimaSignature is unavailable
12-12 13:36:04.571 17822 17822 D ActivityThread: Added TimaKeyStore provider
12-12 13:36:04.581  1027  1771 V BroadcastQueue: [background] Process cur broadcast BroadcastRecord{27c0ea28 u0 android.intent.action.PACKAGE_FULLY_REMOVED} DELIVERED for app ProcessRecord{376c1341 17822:com.samsung.android.bbc.bbcagent/1000}
12-12 13:36:04.581  1027  1772 W WindowManager: Execute app transition: mNextAppTransition=0xffffffff displayId = 0
12-12 13:36:04.581  1027  1772 W WindowManager: java.lang.RuntimeException: here
12-12 13:36:04.581  1027  1772 W WindowManager: 	at com.android.server.wm.WindowManagerService.executeAppTransition(WindowManagerService.java:7314)
12-12 13:36:04.581  1027  1772 W WindowManager: 	at com.android.server.am.ActivityStack.resumeTopActivityInnerLocked(ActivityStack.java:2575)
12-12 13:36:04.581  1027  1772 W WindowManager: 	at com.android.server.am.ActivityStack.resumeTopActivityLocked(ActivityStack.java:2492)
12-12 13:36:04.581  1027  1772 W WindowManager: 	at com.android.server.am.ActivityStackSupervisor.resumeTopActivitiesLocked(ActivityStackSupervisor.java:4478)
12-12 13:36:04.581  1027  1772 W WindowManager: 	at com.android.server.am.ActivityStackSupervisor.resumeTopActivitiesLocked(ActivityStackSupervisor.java:4451)
12-12 13:36:04.581  1027  1772 W WindowManager: 	at com.android.server.am.ActivityManagerService.handleAppDiedLocked(ActivityManagerService.java:7067)
12-12 13:36:04.581  1027  1772 W WindowManager: 	at com.android.server.am.ActivityManagerService.appDiedLocked(ActivityManagerService.java:7248)
12-12 13:36:04.581  1027  1772 W WindowManager: 	at com.android.server.am.ActivityManagerService$AppDeathRecipient.binderDied(ActivityManagerService.java:1754)
12-12 13:36:04.581  1027  1772 W WindowManager: 	at android.os.BinderProxy.sendDeathNotice(Binder.java:566)
12-12 13:36:04.591 17822 17822 W ResourcesManager: Asset path '/system/framework/com.samsung.bbccommon.jar' does not exist or contains no resources.
12-12 13:36:04.611  1027  1810 V BroadcastQueue: [background] Process cur broadcast BroadcastRecord{27c0ea28 u0 android.intent.action.PACKAGE_FULLY_REMOVED} DELIVERED for app ProcessRecord{11c5d9d2 17370:com.android.documentsui/u0a82}
12-12 13:36:04.631  1027  1830 I ActivityManager: Killing 17276:com.sec.android.app.camera/u0a131 (adj 15): empty #31
12-12 13:36:04.631  1027  1830 V BroadcastQueue: [background] Process cur broadcast BroadcastRecord{27c0ea28 u0 android.intent.action.PACKAGE_FULLY_REMOVED} DELIVERED for app ProcessRecord{3f447b18 12769:com.google.android.gms.persistent/u0a8}
12-12 13:36:04.641  1027  1773 D ActivityManager: startService callerProcessName:com.google.android.gms.persistent, calleePkgName: com.google.android.gms
12-12 13:36:04.641  1027  1713 D ActivityManager: startService callerProcessName:com.google.android.gms.persistent, calleePkgName: com.google.android.gms
12-12 13:36:04.651  1027  1260 D ActivityManager: BGQ getDeferredInfo app launch 300
12-12 13:36:04.651  1027  1471 D ActivityManager: startService callerProcessName:com.google.android.gms.persistent, calleePkgName: com.google.android.gms
12-12 13:36:04.661  1027  1769 D ActivityManager: startService callerProcessName:com.google.android.gms, calleePkgName: com.google.android.gms
12-12 13:36:04.661 17803 17803 D AndroidRuntime: >>>>>> START com.android.internal.os.RuntimeInit uid 2000 <<<<<<
12-12 13:36:04.671 17803 17803 D AndroidRuntime: CheckJNI is OFF
12-12 13:36:04.671  1027  1773 W WindowManager: Execute app transition: mNextAppTransition=0xffffffff displayId = 0
12-12 13:36:04.671  1027  1773 W WindowManager: java.lang.RuntimeException: here
12-12 13:36:04.671  1027  1773 W WindowManager: 	at com.android.server.wm.WindowManagerService.executeAppTransition(WindowManagerService.java:7314)
12-12 13:36:04.671  1027  1773 W WindowManager: 	at com.android.server.am.ActivityStack.resumeTopActivityInnerLocked(ActivityStack.java:2575)
12-12 13:36:04.671  1027  1773 W WindowManager: 	at com.android.server.am.ActivityStack.resumeTopActivityLocked(ActivityStack.java:2492)
12-12 13:36:04.671  1027  1773 W WindowManager: 	at com.android.server.am.ActivityStackSupervisor.resumeTopActivitiesLocked(ActivityStackSupervisor.java:4478)
12-12 13:36:04.671  1027  1773 W WindowManager: 	at com.android.server.am.ActivityStackSupervisor.resumeTopActivitiesLocked(ActivityStackSupervisor.java:4451)
12-12 13:36:04.671  1027  1773 W WindowManager: 	at com.android.server.am.ActivityManagerService.handleAppDiedLocked(ActivityManagerService.java:7067)
12-12 13:36:04.671  1027  1773 W WindowManager: 	at com.android.server.am.ActivityManagerService.appDiedLocked(ActivityManagerService.java:7248)
12-12 13:36:04.671  1027  1773 W WindowManager: 	at com.android.server.am.ActivityManagerService$AppDeathRecipient.binderDied(ActivityManagerService.java:1754)
12-12 13:36:04.671  1027  1773 W WindowManager: 	at android.os.BinderProxy.sendDeathNotice(Binder.java:566)
12-12 13:36:04.671 17803 17803 D AndroidRuntime: readGMSProperty: start
12-12 13:36:04.671 17803 17803 D AndroidRuntime: readGMSProperty: already setted!!
12-12 13:36:04.671 17803 17803 D AndroidRuntime: propertySet: couldn't set property (it is from app)
12-12 13:36:04.671 17803 17803 D AndroidRuntime: readGMSProperty: could not set the property(default)!!
12-12 13:36:04.671 17803 17803 D AndroidRuntime: readGMSProperty: end
12-12 13:36:04.671 17803 17803 D AndroidRuntime: addProductProperty: start
12-12 13:36:04.691  1027  1769 D ActivityManager: startService callerProcessName:com.google.android.gms.persistent, calleePkgName: com.google.android.gms
12-12 13:36:04.711  1027  1830 D ActivityManager: startService callerProcessName:com.google.android.gms.persistent, calleePkgName: com.google.android.music
12-12 13:36:04.721 17839 17839 E Zygote  : MountEmulatedStorage()
12-12 13:36:04.721 17839 17839 E Zygote  : v2
12-12 13:36:04.731 17839 17839 I libpersona: KNOX_SDCARD checking this for 10106
12-12 13:36:04.731 17839 17839 I libpersona: KNOX_SDCARD not a persona
12-12 13:36:04.731 17839 17839 I SELinux : Function: selinux_compare_spd_ram, SPD-policy is existed. and_ver=SEPF_SM-E500H_5.1.1 ver=51
12-12 13:36:04.731  1027  1830 I ActivityManager: Start proc 17839:com.google.android.music:main/u0a106 for service com.google.android.music/.sync.google.MusicGcmTaskService
12-12 13:36:04.731 17839 17839 I SELinux : Function: selinux_compare_spd_ram , priority [1] , priority version is VE=SEPF_SM-E500H_5.1.1_0051
12-12 13:36:04.731 17839 17839 E SELinux : [DEBUG] get_category: variable seinfo: untrusted sensitivity: NULL, cateogry: NULL
12-12 13:36:04.751 17839 17839 D TimaKeyStoreProvider: TimaSignature is unavailable
12-12 13:36:04.751 17839 17839 D ActivityThread: Added TimaKeyStore provider
12-12 13:36:04.801 17839 17839 I MultiDex: VM with version 2.1.0 has multidex support
12-12 13:36:04.801 17839 17839 I MultiDex: install
