12-12 13:36:04.801 17839 17839 I MultiDex: VM has multidex support, MultiDex support library is disabled.
12-12 13:36:04.841 17839 17839 D MusicLifecycle: com.google.android.music.store.ConfigContentProvider generated event: Content provider created
12-12 13:36:04.851 17803 17803 E AffinityControl: AffinityControl: registerfunction enter
12-12 13:36:04.861 17839 17839 D MusicLifecycle: com.google.android.music.api.MusicPublicContentProvider generated event: Content provider created
12-12 13:36:04.891 17803 17803 D AndroidRuntime: Calling main entry com.android.commands.pm.Pm
12-12 13:36:04.951  1027  1052 V BroadcastQueue: [background] Process cur broadcast BroadcastRecord{3a4edc3 u0 android.intent.action.UID_REMOVED} DELIVERED for app ProcessRecord{2ed6853b 1848:android.process.media/u0a37}
12-12 13:36:04.961  1848  1848 V DownloadManager: onReceive intent + android.intent.action.UID_REMOVED
12-12 13:36:04.991  1027  1039 I art     : Explicit concurrent mark sweep GC freed 37771(2MB) AllocSpace objects, 2(32KB) LOS objects, 33% free, 30MB/45MB, paused 5.240ms total 201.633ms
12-12 13:36:04.991  1027  1769 V ApplicationPolicy: isApplicationStateBlocked userId 0 pkgname com.example.snoopy
12-12 13:36:04.991  1027  1769 I ActivityManager: Force stopping com.example.snoopy appid=12269 user=0: clear data
12-12 13:36:04.991  1027  1769 W WindowManager: Execute app transition: mNextAppTransition=0xffffffff displayId = 0
12-12 13:36:04.991  1027  1769 W WindowManager: java.lang.RuntimeException: here
12-12 13:36:04.991  1027  1769 W WindowManager: 	at com.android.server.wm.WindowManagerService.executeAppTransition(WindowManagerService.java:7314)
12-12 13:36:04.991  1027  1769 W WindowManager: 	at com.android.server.am.ActivityStack.resumeTopActivityInnerLocked(ActivityStack.java:2575)
12-12 13:36:04.991  1027  1769 W WindowManager: 	at com.android.server.am.ActivityStack.resumeTopActivityLocked(ActivityStack.java:2492)
12-12 13:36:04.991  1027  1769 W WindowManager: 	at com.android.server.am.ActivityStackSupervisor.resumeTopActivitiesLocked(ActivityStackSupervisor.java:4478)
12-12 13:36:04.991  1027  1769 W WindowManager: 	at com.android.server.am.ActivityStackSupervisor.resumeTopActivitiesLocked(ActivityStackSupervisor.java:4451)
12-12 13:36:04.991  1027  1769 W WindowManager: 	at com.android.server.am.ActivityManagerService.forceStopPackageLocked(ActivityManagerService.java:8494)
12-12 13:36:04.991  1027  1769 W WindowManager: 	at com.android.server.am.ActivityManagerService.forceStopPackageLocked(ActivityManagerService.java:8195)
12-12 13:36:04.991  1027  1769 W WindowManager: 	at com.android.server.am.ActivityManagerService.clearApplicationUserData(ActivityManagerService.java:7717)
12-12 13:36:04.991  1027  1769 W WindowManager: 	at android.app.ActivityManagerNative.onTransact(ActivityManagerNative.java:1357)
12-12 13:36:04.991  1027  1769 W WindowManager: 	at com.android.server.am.ActivityManagerService.onTransact(ActivityManagerService.java:3372)
12-12 13:36:04.991  1027  1769 W WindowManager: 	at android.os.Binder.execTransact(Binder.java:461)
12-12 13:36:04.991  1027  1769 I ActivityManager: Force stopping com.example.snoopy appid=12269 user=0: clear data
12-12 13:36:04.991 17839 17839 D MusicLifecycle: com.google.android.music.store.MusicContentProvider generated event: Content provider created
12-12 13:36:05.001  1027  1769 W WindowManager: Execute app transition: mNextAppTransition=0xffffffff displayId = 0
12-12 13:36:05.001  1027  1769 W WindowManager: java.lang.RuntimeException: here
12-12 13:36:05.001  1027  1769 W WindowManager: 	at com.android.server.wm.WindowManagerService.executeAppTransition(WindowManagerService.java:7314)
12-12 13:36:05.001  1027  1769 W WindowManager: 	at com.android.server.am.ActivityStack.resumeTopActivityInnerLocked(ActivityStack.java:2575)
12-12 13:36:05.001  1027  1769 W WindowManager: 	at com.android.server.am.ActivityStack.resumeTopActivityLocked(ActivityStack.java:2492)
12-12 13:36:05.001  1027  1769 W WindowManager: 	at com.android.server.am.ActivityStackSupervisor.resumeTopActivitiesLocked(ActivityStackSupervisor.java:4478)
12-12 13:36:05.001  1027  1769 W WindowManager: 	at com.android.server.am.ActivityStackSupervisor.resumeTopActivitiesLocked(ActivityStackSupervisor.java:4451)
12-12 13:36:05.001  1027  1769 W WindowManager: 	at com.android.server.am.ActivityManagerService.forceStopPackageLocked(ActivityManagerService.java:8494)
12-12 13:36:05.001  1027  1769 W WindowManager: 	at com.android.server.am.ActivityManagerService.forceStopPackageLocked(ActivityManagerService.java:8195)
12-12 13:36:05.001  1027  1769 W WindowManager: 	at com.android.server.am.ActivityManagerService.clearApplicationUserData(ActivityManagerService.java:7740)
12-12 13:36:05.001  1027  1769 W WindowManager: 	at android.app.ActivityManagerNative.onTransact(ActivityManagerNative.java:1357)
12-12 13:36:05.001  1027  1769 W WindowManager: 	at com.android.server.am.ActivityManagerService.onTransact(ActivityManagerService.java:3372)
12-12 13:36:05.001  1027  1769 W WindowManager: 	at android.os.Binder.execTransact(Binder.java:461)
12-12 13:36:05.001  1027  1769 V ApplicationPolicy: isApplicationStateBlocked userId 0 pkgname com.example.snoopy
12-12 13:36:05.001  1027  1769 D PackageManager: START CLEAR APPLICATION USER DATA: observer{897373760}
12-12 13:36:05.001  1027  1769 D PackageManager: pkg{<packageName>}
12-12 13:36:05.001  1027  1769 D PackageManager: user{0}
12-12 13:36:05.001  1027  1769 V ApplicationPolicy: isApplicationStateBlocked userId 0 pkgname com.example.snoopy
12-12 13:36:05.001  1027  1066 D PackageManager: [MSG] CLEAR_APPLICATION_USER_DATA
12-12 13:36:05.021  1027  1810 V BroadcastQueue: [background] Process cur broadcast BroadcastRecord{317276be u0 android.intent.action.PACKAGE_RESTARTED} DELIVERED for app ProcessRecord{181b07cd 1027:system/1000}
12-12 13:36:05.031  1027  1773 D ActivityManager: startService callerProcessName:com.google.android.gms.persistent, calleePkgName: com.google.android.gms
12-12 13:36:05.031  1027  1066 D ActivityManager: bindService callerProcessName:system, calleePkgName: com.android.defcontainer, action: null
12-12 13:36:05.041 17839 17839 D MusicLifecycle: com.google.android.music.ui.PhoneMusicApplication generated event: Application created
12-12 13:36:05.051  1027  1217 D TaskPersister: removeObsoleteFile: deleting file=170_task.xml
12-12 13:36:05.051  1027  1027 D ActivityManager: BGQ getDeferredInfo app launch 300
12-12 13:36:05.061  1027  1713 D ActivityManager: startService callerProcessName:com.google.android.gms.persistent, calleePkgName: com.google.android.gms
12-12 13:36:05.071  1027  1260 D ActivityManager: startService callerProcessName:com.google.android.gms.persistent, calleePkgName: com.google.android.gms
12-12 13:36:05.071  1027  1066 D PackageManager: result of install: true{897373760}
12-12 13:36:05.081 17803 17803 I art     : System.exit called, status: 0
12-12 13:36:05.081 17803 17803 I AndroidRuntime: VM exiting with result code 0.
12-12 13:36:05.081  1027  1810 D ActivityManager: startService callerProcessName:com.google.android.gms.persistent, calleePkgName: com.google.android.gms
12-12 13:36:05.091  1027  1774 D ActivityManager: startService callerProcessName:com.google.android.gms.persistent, calleePkgName: com.google.android.gms
12-12 13:36:05.141 17839 17839 D MusicLifecycle: com.google.android.music.store.ConfigContentProvider generated event: initializing
12-12 13:36:05.141 17839 17839 I BaseStore: ConfigStore database version: 1
12-12 13:36:05.141  1027  1471 D ActivityManager: startService callerProcessName:com.google.android.gms.persistent, calleePkgName: com.google.android.gms
12-12 13:36:05.181 17839 17839 W ResourcesManager: Asset path '/system/framework/com.android.media.remotedisplay.jar' does not exist or contains no resources.
12-12 13:36:05.181 17839 17839 W ResourcesManager: Asset path '/system/framework/com.android.location.provider.jar' does not exist or contains no resources.
12-12 13:36:05.251 17839 17839 W linker  : libconscrypt_gmscore_jni.so: unused DT entry: type 0xf arg 0x1dc
12-12 13:36:05.261 17839 17839 V NativeCrypto: Registering com/google/android/gms/org/conscrypt/NativeCrypto's 276 native methods...
12-12 13:36:05.291 17839 17839 I art     : Rejecting re-init on previously-failed class java.lang.Class<com.google.android.gms.org.conscrypt.DelegatingExtendedSSLSession>
12-12 13:36:05.291 17839 17839 I art     : Rejecting re-init on previously-failed class java.lang.Class<com.google.android.gms.org.conscrypt.DelegatingExtendedSSLSession>
12-12 13:36:05.291 17839 17839 I art     : Rejecting re-init on previously-failed class java.lang.Class<com.google.android.gms.org.conscrypt.DelegatingExtendedSSLSession>
12-12 13:36:05.351 17839 17839 I ProviderInstaller: Installed default security provider GmsCore_OpenSSL
12-12 13:36:05.351 17839 17839 D AndroidMusic: GMSCore installation verified
12-12 13:36:05.351 12769 12769 I GeofencerStateMachine: removeGeofences: removeRequest=RemoveGeofencingRequest[REMOVE_ALL packageName=com.example.snoopy]
12-12 13:36:05.361  1027  1052 V BroadcastQueue: [background] Process cur broadcast BroadcastRecord{317276be u0 android.intent.action.PACKAGE_RESTARTED} DELIVERED for app ProcessRecord{2ca3671d 16107:com.sec.android.daemonapp/u0a151}
12-12 13:36:05.361 16107 16107 D daemonapp: [MSC_Daemon]>>> AWDCDS:28 [0:0] AWD CD Act : androidintentactionPACKAGE_RESTARTED
12-12 13:36:05.361  1027  1040 D ActivityManager: BGQ getDeferredInfo app launch 300
12-12 13:36:05.381 17370 17875 D Documents: Update found 7 roots in 13ms
12-12 13:36:05.431  1027  1039 D ActivityManager: bindService callerProcessName:com.google.android.music:main, calleePkgName: com.google.android.music, action: null
12-12 13:36:05.491 17839 17839 I MusicExperimentManager: Received config change, experiments list is null
12-12 13:36:05.491 17839 17839 W MusicExperimentManager: Parsing error while updating analysis experiments
12-12 13:36:05.511 17839 17839 I BaseStore: Store database version: 146
12-12 13:36:05.571 17872 17872 D AndroidRuntime: >>>>>> START com.android.internal.os.RuntimeInit uid 2000 <<<<<<
12-12 13:36:05.571 17839 17839 I PlaybackClient: init: Initializing
12-12 13:36:05.571 17872 17872 D AndroidRuntime: CheckJNI is OFF
12-12 13:36:05.581 17872 17872 D AndroidRuntime: readGMSProperty: start
12-12 13:36:05.581 17872 17872 D AndroidRuntime: readGMSProperty: already setted!!
12-12 13:36:05.581 17872 17872 D AndroidRuntime: propertySet: couldn't set property (it is from app)
12-12 13:36:05.581 17872 17872 D AndroidRuntime: readGMSProperty: could not set the property(default)!!
12-12 13:36:05.581 17872 17872 D AndroidRuntime: readGMSProperty: end
12-12 13:36:05.581 17872 17872 D AndroidRuntime: addProductProperty: start
12-12 13:36:05.671  1027  1052 V BroadcastQueue: [background] Process cur broadcast BroadcastRecord{1f5b2194 u0 com.google.android.gms.gcm.ACTION_CHECK_QUEUE} DELIVERED for app ProcessRecord{3f447b18 12769:com.google.android.gms.persistent/u0a8}
12-12 13:36:05.671  1027  1040 V BroadcastQueue: [background] Process cur broadcast BroadcastRecord{2a80943d u0 android.intent.action.PACKAGE_RESTARTED} DELIVERED for app ProcessRecord{181b07cd 1027:system/1000}
12-12 13:36:05.681  1027  1027 V BroadcastQueue: [background] Process cur broadcast BroadcastRecord{2a80943d u0 android.intent.action.PACKAGE_RESTARTED} DELIVERED for app ProcessRecord{2ca3671d 16107:com.sec.android.daemonapp/u0a151}
12-12 13:36:05.681 16107 16107 D daemonapp: [MSC_Daemon]>>> AWDCDS:28 [0:0] AWD CD Act : androidintentactionPACKAGE_RESTARTED
12-12 13:36:05.691  1027  1830 V BroadcastQueue: [background] Process cur broadcast BroadcastRecord{2a17e432 u0 android.intent.action.PACKAGE_RESTARTED} DELIVERED for app ProcessRecord{181b07cd 1027:system/1000}
12-12 13:36:05.691  1027  1027 V BroadcastQueue: [background] Process cur broadcast BroadcastRecord{2a17e432 u0 android.intent.action.PACKAGE_RESTARTED} DELIVERED for app ProcessRecord{2ca3671d 16107:com.sec.android.daemonapp/u0a151}
12-12 13:36:05.691 16107 16107 D daemonapp: [MSC_Daemon]>>> AWDCDS:28 [0:0] AWD CD Act : androidintentactionPACKAGE_RESTARTED
12-12 13:36:05.701  1027  1830 V BroadcastQueue: [background] Process cur broadcast BroadcastRecord{245f9583 u0 android.intent.action.PACKAGE_DATA_CLEARED} DELIVERED for app ProcessRecord{2256936d 16505:com.android.mms/u0a40}
12-12 13:36:05.711 16505 16505 D Mms/FreeMessageStatusReceiver: onReceive, action : android.intent.action.PACKAGE_DATA_CLEARED
12-12 13:36:05.711  1027  1774 D ActivityManager: startService callerProcessName:com.android.mms, calleePkgName: com.android.mms
12-12 13:36:05.711  1027  6760 D ActivityManager: BGQ getDeferredInfo app launch 300
12-12 13:36:05.721 16505 17892 D Mms/FreeMessageReceiverService: onHandleIntent, action : android.intent.action.PACKAGE_DATA_CLEARED
12-12 13:36:05.721 16505 17892 D Mms/FreeMessageReceiverService: onHandleIntent: ACTION_PACKAGE_DATA_CLEARED
12-12 13:36:05.731 17872 17872 E AffinityControl: AffinityControl: registerfunction enter
12-12 13:36:05.761 17872 17872 D AndroidRuntime: Calling main entry com.android.commands.pm.Pm
12-12 13:36:05.771 17839 17839 D MusicLifecycle: com.google.android.music.net.NetworkConnectivityMonitor$NetworkChangedReceiver generated event: Broadcast received with context com.google.android.music.ui.PhoneMusicApplication@304be496 and intent Intent { act=android.net.conn.CONNECTIVITY_CHANGE flg=0x4000010 (has extras) }
12-12 13:36:05.771 17839 17839 I NetworkConnectivity: Network state changed: [type: WIFI[] - WIFI, state: CONNECTED/CONNECTED, reason: (unspecified), extra: "9902007673", roaming: false, failover: false, isAvailable: true, isConnectedToProvisioningNetwork: false]
12-12 13:36:05.811 17839 17839 D MusicLifecycle: com.google.android.music.download.artwork.ArtDownloadService generated event: Service created
12-12 13:36:05.851 17839 17839 I NetworkPolicyMonitor: Download-ability status changed to (true) unmetered wifi/eth: true mobileOrMetered: false
12-12 13:36:05.871 17839 17839 I NetworkPolicyMonitor: Stream-ability status changed to (true) unmetered wifi/eth: true mobileOrMetered: false
12-12 13:36:05.901 17839 17839 D MusicLifecycle: com.google.android.music.download.EncapsulatedBroadcastReceiver$1 generated event: Broadcast received with context com.google.android.music.ui.PhoneMusicApplication@304be496 and intent Intent { act=com.google.android.music.ResumeStorageMigration flg=0x10 (has extras) }
12-12 13:36:05.911 17872 17872 I art     : System.exit called, status: 0
12-12 13:36:05.911 17872 17872 I AndroidRuntime: VM exiting with result code 0.
12-12 13:36:05.911  1027  1772 I ActivityManager: Killing 17291:com.sec.android.widgetapp.activeapplicationwidget/u0a135 (adj 15): empty #31
12-12 13:36:05.931 17839 17882 D AwarenessRouter: 0 new fences
12-12 13:36:05.941 17839 17882 D AwarenessRouter: 0 fences already registered
12-12 13:36:05.951 17839 17882 D AwarenessRouter: Successfully removed 0 context fences
12-12 13:36:05.981  1027  1039 W WindowManager: Execute app transition: mNextAppTransition=0xffffffff displayId = 0
12-12 13:36:05.981  1027  1039 W WindowManager: java.lang.RuntimeException: here
12-12 13:36:05.981  1027  1039 W WindowManager: 	at com.android.server.wm.WindowManagerService.executeAppTransition(WindowManagerService.java:7314)
12-12 13:36:05.981  1027  1039 W WindowManager: 	at com.android.server.am.ActivityStack.resumeTopActivityInnerLocked(ActivityStack.java:2575)
12-12 13:36:05.981  1027  1039 W WindowManager: 	at com.android.server.am.ActivityStack.resumeTopActivityLocked(ActivityStack.java:2492)
12-12 13:36:05.981  1027  1039 W WindowManager: 	at com.android.server.am.ActivityStackSupervisor.resumeTopActivitiesLocked(ActivityStackSupervisor.java:4478)
12-12 13:36:05.981  1027  1039 W WindowManager: 	at com.android.server.am.ActivityStackSupervisor.resumeTopActivitiesLocked(ActivityStackSupervisor.java:4451)
12-12 13:36:05.981  1027  1039 W WindowManager: 	at com.android.server.am.ActivityManagerService.handleAppDiedLocked(ActivityManagerService.java:7067)
12-12 13:36:05.981  1027  1039 W WindowManager: 	at com.android.server.am.ActivityManagerService.appDiedLocked(ActivityManagerService.java:7248)
12-12 13:36:05.981  1027  1039 W WindowManager: 	at com.android.server.am.ActivityManagerService$AppDeathRecipient.binderDied(ActivityManagerService.java:1754)
12-12 13:36:05.981  1027  1039 W WindowManager: 	at android.os.BinderProxy.sendDeathNotice(Binder.java:566)
12-12 13:36:06.011 17839 17839 D MusicLifecycle: com.google.android.music.download.EncapsulatedBroadcastReceiver$1 generated event: Broadcast received with context com.google.android.music.ui.PhoneMusicApplication@304be496 and intent Intent { act=com.google.android.music.download.keepon.KeeponSchedulingService.START_DOWNLOAD flg=0x10 }
12-12 13:36:06.021  1027  1052 V BroadcastQueue: [background] Process cur broadcast BroadcastRecord{245f9583 u0 android.intent.action.PACKAGE_DATA_CLEARED} DELIVERED for app ProcessRecord{33c5c5d 17353:com.google.android.googlequicksearchbox:search/u0a49}
12-12 13:36:06.021  1027  1260 D ActivityManager: BGQ getDeferredInfo app launch 300
12-12 13:36:06.321  1027  1052 V BroadcastQueue: [background] Process cur broadcast BroadcastRecord{245f9583 u0 android.intent.action.PACKAGE_DATA_CLEARED} DELIVERED for app ProcessRecord{3d03a8a9 14426:com.sec.android.widgetapp.ap.hero.accuweather/u0a59}
12-12 13:36:06.331 14426 14426 D accuweather: [KK AccuPhone]>>> AWCDS:21 [0:0] AW CD Act : androidintentactionPACKAGE_DATA_CLEARED
12-12 13:36:06.331  1027  1606 V BroadcastQueue: [background] Process cur broadcast BroadcastRecord{245f9583 u0 android.intent.action.PACKAGE_DATA_CLEARED} DELIVERED for app ProcessRecord{11c5d9d2 17370:com.android.documentsui/u0a82}
12-12 13:36:06.341  1027  1830 V BroadcastQueue: [background] Process cur broadcast BroadcastRecord{245f9583 u0 android.intent.action.PACKAGE_DATA_CLEARED} DELIVERED for app ProcessRecord{32248dff 17387:com.samsung.android.provider.shootingmodeprovider/u0a144}
12-12 13:36:06.341 16107 16107 D daemonapp: [MSC_Daemon]>>> AWDCDS:28 [0:0] AWD CD Act : androidintentactionPACKAGE_DATA_CLEARED
12-12 13:36:06.341  1027  1830 V BroadcastQueue: [background] Process cur broadcast BroadcastRecord{245f9583 u0 android.intent.action.PACKAGE_DATA_CLEARED} DELIVERED for app ProcessRecord{2ca3671d 16107:com.sec.android.daemonapp/u0a151}
12-12 13:36:06.351  1027  1830 V BroadcastQueue: [background] Process cur broadcast BroadcastRecord{245f9583 u0 android.intent.action.PACKAGE_DATA_CLEARED} DELIVERED for app ProcessRecord{3f447b18 12769:com.google.android.gms.persistent/u0a8}
12-12 13:36:06.351  1027  1713 D ActivityManager: startService callerProcessName:com.google.android.gms.persistent, calleePkgName: com.google.android.gms
12-12 13:36:06.351  1027  1260 D ActivityManager: startService callerProcessName:com.google.android.gms.persistent, calleePkgName: com.google.android.gms
12-12 13:36:06.361  1027  6760 D ActivityManager: startService callerProcessName:com.google.android.gms, calleePkgName: com.google.android.gms
12-12 13:36:06.361  1027  1774 D ActivityManager: startService callerProcessName:com.google.android.gms, calleePkgName: com.google.android.gms
12-12 13:36:06.371 12797 17424 D Wear_Controller: Received broadcast action=android.intent.action.PACKAGE_DATA_CLEARED and uri=com.example.snoopy
12-12 13:36:06.371  1027  1810 D ActivityManager: startService callerProcessName:com.google.android.gms, calleePkgName: com.google.android.gms
12-12 13:36:06.371 12797 17418 I LocationSettingsChecker: Removing dialog suppression flag for package com.example.snoopy
12-12 13:36:06.381  1027  1343 D ActivityManager: startService callerProcessName:com.google.android.gms, calleePkgName: com.google.android.gms
12-12 13:36:06.381  1027  1040 D ActivityManager: startService callerProcessName:com.google.android.gms, calleePkgName: com.google.android.gms
12-12 13:36:06.401 12797 12869 I Icing   : doRemovePackageData com.example.snoopy
12-12 13:36:06.401  1027  1772 D ActivityManager: BGQ getDeferredInfo app launch 300
12-12 13:36:06.411  1027  1343 D ActivityManager: startService callerProcessName:com.google.android.gms.persistent, calleePkgName: com.google.android.gms
12-12 13:36:06.411  1027  1260 D ActivityManager: startService callerProcessName:com.google.android.gms, calleePkgName: com.google.android.gms
12-12 13:36:06.731 17912 17912 D AndroidRuntime: >>>>>> START com.android.internal.os.RuntimeInit uid 2000 <<<<<<
12-12 13:36:06.731 17912 17912 D AndroidRuntime: CheckJNI is OFF
12-12 13:36:06.731 17912 17912 D AndroidRuntime: readGMSProperty: start
12-12 13:36:06.731 17912 17912 D AndroidRuntime: readGMSProperty: already setted!!
12-12 13:36:06.731 17912 17912 D AndroidRuntime: propertySet: couldn't set property (it is from app)
12-12 13:36:06.731 17912 17912 D AndroidRuntime: readGMSProperty: could not set the property(default)!!
12-12 13:36:06.731 17912 17912 D AndroidRuntime: readGMSProperty: end
12-12 13:36:06.731 17912 17912 D AndroidRuntime: addProductProperty: start
12-12 13:36:06.851 17912 17912 E AffinityControl: AffinityControl: registerfunction enter
12-12 13:36:06.881 17912 17912 D AndroidRuntime: Calling main entry com.android.commands.pm.Pm
12-12 13:36:06.881  1027  1772 D PackageManager: START PACKAGE DELETE: observer{956224086}
12-12 13:36:06.881  1027  1772 D PackageManager: pkg{<packageName>}
12-12 13:36:06.881  1027  1772 D PackageManager: user{0}
12-12 13:36:06.881  1027  1772 D PackageManager: caller{2000}
12-12 13:36:06.881  1027  1772 D PackageManager: flags{2}
12-12 13:36:06.891  1027  1772 D PersonaManagerService: isFromApprovedUnInstaller: uid, userId, appid : 2000 0 2000
12-12 13:36:06.891  1027  1066 D PackageManager: [MSG] DELETE_PACKAGE_AS_USER
12-12 13:36:06.891  1027  1772 D PersonaManagerService: isFromApprovedUnInstaller: isApproved : true
12-12 13:36:06.891  1027  1772 D PersonaManagerService: isFromApprovedUnInstaller: isApproved before exit: true
12-12 13:36:06.891  1027  1772 D PackageManager: deletePackageAsUser- pkg:com.example.snoopy, userId:0, flag2
12-12 13:36:06.891  1027  1772 D PackageManager: deletePackageAsUser- pkg:com.example.snoopy, userId:0, flag2
12-12 13:36:06.891  1027  1066 D PackageManagerService: deletePackage- pkg:com.example.snoopy, edmuserId:0
12-12 13:36:06.891  1027  1066 D PackageManagerService: deletePackage- pkg:com.example.snoopy, edmuserId:-1
12-12 13:36:06.891  1027  1066 D ApplicationPolicy: getApplicationUninstallationEnabled
12-12 13:36:06.891  1027  1066 D ApplicationPolicy: getApplicationUninstallationEnabled :  enabled true
12-12 13:36:06.891  1027  1066 D PackageManager: !@killApplicatoin: 12269, uninstall pkg
12-12 13:36:06.891  1027  1052 I ActivityManager: Force stopping com.example.snoopy appid=12269 user=-1: uninstall pkg
12-12 13:36:06.891  1027  1052 W WindowManager: Execute app transition: mNextAppTransition=0xffffffff displayId = 0
12-12 13:36:06.891  1027  1052 W WindowManager: java.lang.RuntimeException: here
12-12 13:36:06.891  1027  1052 W WindowManager: 	at com.android.server.wm.WindowManagerService.executeAppTransition(WindowManagerService.java:7314)
12-12 13:36:06.891  1027  1052 W WindowManager: 	at com.android.server.am.ActivityStack.resumeTopActivityInnerLocked(ActivityStack.java:2575)
12-12 13:36:06.891  1027  1052 W WindowManager: 	at com.android.server.am.ActivityStack.resumeTopActivityLocked(ActivityStack.java:2492)
12-12 13:36:06.891  1027  1052 W WindowManager: 	at com.android.server.am.ActivityStackSupervisor.resumeTopActivitiesLocked(ActivityStackSupervisor.java:4478)
12-12 13:36:06.891  1027  1052 W WindowManager: 	at com.android.server.am.ActivityStackSupervisor.resumeTopActivitiesLocked(ActivityStackSupervisor.java:4451)
12-12 13:36:06.891  1027  1052 W WindowManager: 	at com.android.server.am.ActivityManagerService.forceStopPackageLocked(ActivityManagerService.java:8494)
12-12 13:36:06.891  1027  1052 W WindowManager: 	at com.android.server.am.ActivityManagerService.access$400(ActivityManagerService.java:400)
12-12 13:36:06.891  1027  1052 W WindowManager: 	at com.android.server.am.ActivityManagerService$MainHandler.handleMessage(ActivityManagerService.java:2379)
12-12 13:36:06.891  1027  1052 W WindowManager: 	at android.os.Handler.dispatchMessage(Handler.java:102)
12-12 13:36:06.891  1027  1052 W WindowManager: 	at android.os.Looper.loop(Looper.java:145)
12-12 13:36:06.891  1027  1052 W WindowManager: 	at android.os.HandlerThread.run(HandlerThread.java:61)
12-12 13:36:06.891  1027  1052 W WindowManager: 	at com.android.server.ServiceThread.run(ServiceThread.java:46)
12-12 13:36:06.891  1027  1066 I PackageManager: Removing old permission: com.example.snoopy.permission.C2D_MESSAGE from package com.example.snoopy
12-12 13:36:06.891  1027  1066 I AASAInstall: shared uid app without token:com.android.providers.calendar
12-12 13:36:06.891  1027  1066 I AASAInstall: shared uid app without token:com.android.providers.media
12-12 13:36:06.901  1027  1066 I AASAInstall: shared uid app without token:com.android.providers.downloads
12-12 13:36:06.901  1027  1066 I AASAInstall: shared uid app without token:com.sec.android.app.easylauncher
12-12 13:36:06.901  1027  1066 I AASAInstall: shared uid app without token:com.sec.android.widgetapp.easymodecontactswidget
12-12 13:36:06.901  1027  1066 I AASAInstall: shared uid app without token:com.google.android.marvin.talkback
12-12 13:36:06.901  1027  1066 I AASAInstall: shared uid app without token:com.android.contacts
12-12 13:36:06.901  1027  1066 I AASAInstall: shared uid app without token:com.samsung.android.scloud.sync
12-12 13:36:06.901  1027  1066 I AASAInstall: shared uid app without token:com.samsung.android.scloud.proxy.memo
12-12 13:36:06.901  1027  1066 I AASAInstall: shared uid app without token:com.google.android.apps.maps
12-12 13:36:06.901  1027  1066 I AASAInstall: shared uid app without token:com.google.android.syncadapters.contacts
12-12 13:36:06.901  1027  1066 I AASAInstall: shared uid app without token:com.google.android.gms
12-12 13:36:06.901  1027  1066 I AASAInstall: shared uid app without token:com.google.android.gsf
12-12 13:36:06.901  1027  1066 I AASAInstall: shared uid app without token:com.sec.android.app.launcher
12-12 13:36:06.901  1027  1066 I AASAInstall: shared uid app without token:com.google.android.syncadapters.calendar
12-12 13:36:06.901  1027  1066 I AASAInstall: shared uid app without token:com.hancom.office.viewer
12-12 13:36:06.911  1027  1066 I AASAInstall: shared uid app without token:com.google.android.gsf.login
12-12 13:36:06.911  1027  1066 I AASAInstall: shared uid app without token:com.google.android.backuptransport
12-12 13:36:06.911  1027  1066 I AASAInstall: shared uid app without token:com.samsung.android.intelligenceservice
12-12 13:36:06.911  1027  1066 I AASAInstall: shared uid app without token:com.android.providers.userdictionary
12-12 13:36:06.911  1027  1066 I AASAInstall: shared uid app without token:com.android.systemui
12-12 13:36:06.911  1027  1066 I AASAInstall: shared uid app without token:com.sec.android.provider.logsprovider
12-12 13:36:06.911  1027  1066 I AASAInstall: shared uid app without token:com.android.providers.contacts
12-12 13:36:06.911  1027  1066 D EnterpriseDeviceManagerService: updateAdminPermissions
12-12 13:36:07.011  1027  1066 I ActivityManager: Force stopping com.example.snoopy appid=12269 user=0: pkg removed
12-12 13:36:07.011  1027  1066 W WindowManager: Execute app transition: mNextAppTransition=0xffffffff displayId = 0
12-12 13:36:07.011  1027  1066 W WindowManager: java.lang.RuntimeException: here
12-12 13:36:07.011  1027  1066 W WindowManager: 	at com.android.server.wm.WindowManagerService.executeAppTransition(WindowManagerService.java:7314)
12-12 13:36:07.011  1027  1066 W WindowManager: 	at com.android.server.am.ActivityStack.resumeTopActivityInnerLocked(ActivityStack.java:2575)
12-12 13:36:07.011  1027  1066 W WindowManager: 	at com.android.server.am.ActivityStack.resumeTopActivityLocked(ActivityStack.java:2492)
12-12 13:36:07.011  1027  1066 W WindowManager: 	at com.android.server.am.ActivityStackSupervisor.resumeTopActivitiesLocked(ActivityStackSupervisor.java:4478)
12-12 13:36:07.011  1027  1066 W WindowManager: 	at com.android.server.am.ActivityStackSupervisor.resumeTopActivitiesLocked(ActivityStackSupervisor.java:4451)
12-12 13:36:07.011  1027  1066 W WindowManager: 	at com.android.server.am.ActivityManagerService.forceStopPackageLocked(ActivityManagerService.java:8494)
12-12 13:36:07.011  1027  1066 W WindowManager: 	at com.android.server.am.ActivityManagerService.broadcastIntentLocked(ActivityManagerService.java:21346)
12-12 13:36:07.011  1027  1066 W WindowManager: 	at com.android.server.am.ActivityManagerService.broadcastIntent(ActivityManagerService.java:21905)
12-12 13:36:07.011  1027  1066 W WindowManager: 	at com.android.server.pm.PackageManagerService.sendPackageBroadcast(PackageManagerService.java:12049)
12-12 13:36:07.011  1027  1066 W WindowManager: 	at com.android.server.pm.PackageManagerService$PackageRemovedInfo.sendBroadcast(PackageManagerService.java:16870)
12-12 13:36:07.011  1027  1066 W WindowManager: 	at com.android.server.pm.PackageManagerService.deletePackageX(PackageManagerService.java:16811)
12-12 13:36:07.011  1027  1066 W WindowManager: 	at com.android.server.pm.PackageManagerService.access$4900(PackageManagerService.java:356)
12-12 13:36:07.011  1027  1066 W WindowManager: 	at com.android.server.pm.PackageManagerService$12.run(PackageManagerService.java:16679)
12-12 13:36:07.011  1027  1066 W WindowManager: 	at android.os.Handler.handleCallback(Handler.java:739)
12-12 13:36:07.011  1027  1066 W WindowManager: 	at android.os.Handler.dispatchMessage(Handler.java:95)
12-12 13:36:07.011  1027  1066 W WindowManager: 	at android.os.Looper.loop(Looper.java:145)
12-12 13:36:07.011  1027  1066 W WindowManager: 	at android.os.HandlerThread.run(HandlerThread.java:61)
12-12 13:36:07.011  1027  1066 W WindowManager: 	at com.android.server.ServiceThread.run(ServiceThread.java:46)
12-12 13:36:07.061  1463  1463 I art     : Explicit concurrent mark sweep GC freed 18450(1042KB) AllocSpace objects, 13(677KB) LOS objects, 39% free, 24MB/40MB, paused 881us total 41.902ms
12-12 13:36:07.081 13465 13465 I art     : Explicit concurrent mark sweep GC freed 11118(556KB) AllocSpace objects, 0(0B) LOS objects, 40% free, 8MB/14MB, paused 988us total 36.111ms
12-12 13:36:07.081  1230  1230 D CoverUpdateMonitor: received broadcast android.intent.action.PACKAGE_REMOVED
12-12 13:36:07.091  1730  1730 E SamsungIME: mOCRHelper is null
12-12 13:36:07.091  1027  1134 I InputReader: Reconfiguring input devices.  changes=0x00000010
12-12 13:36:07.091 12769 12769 I GeofencerStateMachine: removeGeofences: removeRequest=RemoveGeofencingRequest[REMOVE_ALL packageName=com.example.snoopy]
12-12 13:36:07.101  1027  1052 V BroadcastQueue: [background] Process cur broadcast BroadcastRecord{17a760a9 u0 android.intent.action.PACKAGE_REMOVED} DELIVERED for app ProcessRecord{13b3473e 3464:com.samsung.klmsagent/u0a15}
12-12 13:36:07.111  3464  3464 I KLMS-2.5.271: : KLMSAbstractReciever(): onReceive(): Intent { act=android.intent.action.PACKAGE_REMOVED dat=package:com.example.snoopy flg=0x4000010 cmp=com.samsung.klmsagent/.listner.MainReciver (has extras) } | timestamp: Tue Dec 12 13:36:07 EST 2017
12-12 13:36:07.111  1027  1769 D ActivityManager: startService callerProcessName:com.samsung.klmsagent, calleePkgName: com.samsung.klmsagent
12-12 13:36:07.111  3464  3464 I KLMS-2.5.271: : KLMSAbstractReciever(): onReceive().END.
12-12 13:36:07.121  3464  3464 I KLMS-2.5.271: : KLMSIntentService(): onCreate()
12-12 13:36:07.121  3464  3464 I KLMS-2.5.271: : KLMSSystemProperties(): getBoolean(): ro.product_ship = true
12-12 13:36:07.141  1027  1167 V NetworkStats: removeUidsLocked() for UIDs [12269]
12-12 13:36:07.141  1027  1167 D NtpTrustedTime: currentTimeMillis() cache hit
12-12 13:36:07.141  1027  1167 V NetworkStats: performPollLocked(flags=0x3)
12-12 13:36:07.141  3464  3464 I KLMS-2.5.271: : KLMSUtility(): isTestMode(): product_ship: true | testApk: false
12-12 13:36:07.141  3464 17924 I KLMS-2.5.271: : KLMSIntentService(): onHandleIntent().START: Intent { act=android.intent.action.PACKAGE_REMOVED dat=package:com.example.snoopy flg=0x4000010 cmp=com.samsung.klmsagent/.service.KLMSIntentService (has extras) }
12-12 13:36:07.141  3464 17924 D KLMS-2.5.271: : KLMSIntentService(): PACKAGE_REMOVED
12-12 13:36:07.141  3464 17924 I KLMS-2.5.271: : Systemprocess(): listeningToPackageRemoved().START
12-12 13:36:07.141  3464 17924 I KLMS-2.5.271: : Systemprocess(): listeningToPackageRemoved().packageName: com.example.snoopy
12-12 13:36:07.141  3464 17924 I KLMS-2.5.271: : listeningToPackageRemovedforELM().START
12-12 13:36:07.141  3464 17924 I KLMS-2.5.271: : MDMBridge.getInstance()
12-12 13:36:07.141  3464 17924 I KLMS-2.5.271: : MDMBridge.getAllLicenseInfoFromSDK()
12-12 13:36:07.141  1027  1713 I splitIntent: Split this intent : android.intent.action.PACKAGE_REMOVED, mSplitNum[0]=10, mSplitNum[1]=18, mSplitNum[2]=26, mBgSplitQueueNum=3 divideNum= 8 r.nextReceiver= 1 receivers.size=34
12-12 13:36:07.141  1027  1713 I splitIntent: finish to split intent : android.intent.action.PACKAGE_REMOVED !! Enqueue -> schedule it!!
12-12 13:36:07.141  1027  1713 D ActivityManager: BGQ getDeferredInfo app launch 300
12-12 13:36:07.141  3464 17924 I KLMS-2.5.271: : KLMSSystemProperties(): getBoolean(): ro.product_ship = true
12-12 13:36:07.151  1027  1167 V NetworkStats: performPollLocked() took 12ms
12-12 13:36:07.151  1027  1167 D NtpTrustedTime: currentTimeMillis() cache hit
12-12 13:36:07.151  1027  1052 V BroadcastQueue: [backgroundsplit_0] Process cur broadcast BroadcastRecord{2018feb u0 android.intent.action.PACKAGE_REMOVED} DELIVERED for app ProcessRecord{24372374 16467:com.sec.android.gallery3d/u0a38}
12-12 13:36:07.151  3464 17924 I KLMS-2.5.271: : KLMSUtility(): isTestMode(): product_ship: true | testApk: false
12-12 13:36:07.151 16467 16467 I PackagesMonitor: PackagesMonitor onReceive :com.example.snoopy
12-12 13:36:07.161  3464 17924 I KLMS-2.5.271: : MDMBridge.getAllLicenseInfoFromSDK()
12-12 13:36:07.161  1027  1052 V BroadcastQueue: [backgroundsplit_1] Process cur broadcast BroadcastRecord{f461148 u0 android.intent.action.PACKAGE_REMOVED} DELIVERED for app ProcessRecord{302d6584 17476:com.sec.knox.bridge/1000}
12-12 13:36:07.171  1027  1052 V BroadcastQueue: [backgroundsplit_2] Process cur broadcast BroadcastRecord{3fc97be1 u0 android.intent.action.PACKAGE_REMOVED} DELIVERED for app ProcessRecord{27dd55f0 17489:com.sec.enterprise.knox.cloudmdm.smdms/u0a149}
12-12 13:36:07.171 17489 17489 D [0]UMC:CoreReceiver: Intent : android.intent.action.PACKAGE_REMOVED
12-12 13:36:07.171 17489 17489 D [0]UMC:CoreReceiver: PackageName : com.example.snoopy
12-12 13:36:07.171 17489 17489 D [0]UMC:CoreReceiver: Intent Replacing : false
12-12 13:36:07.171 17489 17489 D [0]UMC:CoreReceiver: bulk enrolled package: null
12-12 13:36:07.171 17489 17489 V [0]UMC:ProfileStorage: Enter loadList
12-12 13:36:07.171 17489 17489 D [0]UMC:CoreReceiver: handleAutoEnrollmentAndUMCAdminDeactivation
12-12 13:36:07.171  1027  1040 D ActivityManager: BGQ getDeferredInfo app launch 300
12-12 13:36:07.171  3464 17924 E KLMS-2.5.271: : arr si null
12-12 13:36:07.171 17476 17476 D RCPManager:  in createShortcut() for packageName: com.example.snoopy userId0
12-12 13:36:07.181  1027  1772 D RCPManagerService:  in createShortcut() for packageName: com.example.snoopy userId0
12-12 13:36:07.181  1027  1772 D RCPManagerService: queryAllProviders():  providerCallBack is not register for 0
12-12 13:36:07.181  1027  1496 D ActivityManager: BGQ getDeferredInfo app launch 300
12-12 13:36:07.181 12797 12797 W art     : Suspending all threads took: 11.986ms
12-12 13:36:07.181  1027  1606 D ActivityManager: BGQ getDeferredInfo app launch 300
12-12 13:36:07.181  1027  1773 D SecContentProvider2: query(), uri = 11 selection = getMyKnoxAdmin
12-12 13:36:07.181  3464 17924 D KLMS-2.5.271: : DataSource(): Fetched Data from data base count : 0
12-12 13:36:07.181  3464 17924 I KLMS-2.5.271: : listeningToPackageRemovedforELM().END
12-12 13:36:07.181  3464 17924 I KLMS-2.5.271: : Systemprocess(): listeningToPackageRemovedforKLM().START
12-12 13:36:07.181  3464 17924 I KLMS-2.5.271: : Systemprocess(): .pkgName: com.example.snoopy
12-12 13:36:07.191 17370 17386 D Documents: Update found 7 roots in 81ms
12-12 13:36:07.221 12797 12797 I art     : Explicit concurrent mark sweep GC freed 48796(2MB) AllocSpace objects, 9(144KB) LOS objects, 24% free, 19MB/26MB, paused 14.454ms total 204.056ms
12-12 13:36:07.261  1027  1027 W ResourcesManager: Asset path '/system/framework/com.google.android.maps.jar' does not exist or contains no resources.
12-12 13:36:07.271  3464 17924 D KLMS-2.5.271: : KLMSUtility(): IsPackageExistInDevice().mAppInfoList: 263
12-12 13:36:07.271  3464 17924 D KLMS-2.5.271: : KLMSSharedPreferences(): deleteNotificationAppList().pkgName: com.example.snoopy
12-12 13:36:07.271  3464 17924 I KLMS-2.5.271: : KLMSSharedPreferences(): getNotificationAppList(): null
12-12 13:36:07.271  3464 17924 I KLMS-2.5.271: : Systemprocess(): Notification App List is Null. Remove Notification.
12-12 13:36:07.271  1027  1027 D RCPManagerService: PackageReceiver onReceive()
12-12 13:36:07.271  1027  1027 I HarmonyEASService: onReceive : android.intent.action.PACKAGE_REMOVED for 0
12-12 13:36:07.281  1027  1027 D KnoxMUMContainerPolicy: mPackageReceiver : action - android.intent.action.PACKAGE_REMOVED
12-12 13:36:07.281  1027  1027 I OTPFW   : PackageRemovalReceiver::onReceive Enter
12-12 13:36:07.281  1027  1027 D OTPFW   : PackageRemovalReceiver::onReceive deleting token for Pkg = com.example.snoopy uid = 12269 container id = 0
12-12 13:36:07.281  1027  1027 I OTPFW   : ProvisionData::getAllEntries Enter
12-12 13:36:07.281  1027  1027 E OTPFW   : ProvisionData::getAllEntries Table is empty
12-12 13:36:07.281  3464 17924 D KLMS-2.5.271: : DataSource(): Fetched Data from data base count : 0
12-12 13:36:07.281  1027  1027 D JobSchedulerService: Receieved: android.intent.action.PACKAGE_REMOVED
12-12 13:36:07.281  3464 17924 I KLMS-2.5.271: : Systemprocess(): IsPackageExistInDevice().Not Exsit: com.example.snoopy
12-12 13:36:07.281  1027  1027 D BackupManagerService: Received broadcast Intent { act=android.intent.action.PACKAGE_REMOVED dat=package:com.example.snoopy flg=0x4000010 (has extras) }
12-12 13:36:07.281  3464 17924 I KLMS-2.5.271: : Systemprocess(): listeningToPackageRemovedforKLM().END
12-12 13:36:07.281  3464 17924 I KLMS-2.5.271: : Systemprocess(): listeningToPackageRemoved().END
12-12 13:36:07.281  1027  1027 V EnterpriseBillingPolicy: packageModificationReceiver - onreceive - start - android.intent.action.PACKAGE_REMOVED
12-12 13:36:07.281  1027  1027 V EnterpriseBillingPolicy: uID is 12269
12-12 13:36:07.281  1027  1027 V EnterpriseBillingPolicy: Removed Packageuid is0
12-12 13:36:07.281  1027  1027 V EnterpriseBillingPolicyStorage: getProfileForApplication - enter
12-12 13:36:07.281  3464  3464 I KLMS-2.5.271: : KLMSIntentService(): onDestroy()
12-12 13:36:07.281  1027  1027 V EnterpriseBillingPolicyStorage: getProfileForApplication - exit null : containerId = 0
12-12 13:36:07.291  1027  1027 V EnterpriseBillingPolicy: packageModificationReceiver - onreceive - personal application - profile null
12-12 13:36:07.291  1027  1027 V EnterpriseBillingPolicy: packageModificationReceiver - onreceive - might be a vpn vendor package 
12-12 13:36:07.291  1027  1027 V EnterpriseBillingPolicyStorage: getBillingProfileForVpnEngine - start - com.example.snoopy
12-12 13:36:07.291  1027  1027 V EnterpriseBillingPolicyStorage: getBillingProfileForVpnEngine - end - null
12-12 13:36:07.291  1027  2848 D SSRM:be : MSG_TYPE_APP_REMOVED::
12-12 13:36:07.291  1027  1051 D EnterpriseDeviceManagerService: Package has changed for user 0
12-12 13:36:07.291  1027  1051 D EnterpriseDeviceManagerService: Admin package name: com.google.android.gms
12-12 13:36:07.291  1027  1027 V EnterpriseBillingPolicy: packageModificationReceiver - onreceive - start - android.intent.action.PACKAGE_FULLY_REMOVED
12-12 13:36:07.291  1027  1027 V EnterpriseBillingPolicy: uID is 12269
12-12 13:36:07.291  1027  1051 W TextServicesManagerService: no available spell checker services found
12-12 13:36:07.291  1027  1027 V EnterpriseBillingPolicy: Removed Packageuid is0
12-12 13:36:07.291  1027  1027 V EnterpriseBillingPolicyStorage: getProfileForApplication - enter
12-12 13:36:07.291  1027  1027 V EnterpriseBillingPolicyStorage: getProfileForApplication - exit null : containerId = 0
12-12 13:36:07.291  1027  1027 V EnterpriseBillingPolicy: packageModificationReceiver - onreceive - personal application - profile null
12-12 13:36:07.291  1027  1027 V EnterpriseBillingPolicy: packageModificationReceiver - onreceive - might be a vpn vendor package 
12-12 13:36:07.291  1027  1027 V EnterpriseBillingPolicyStorage: getBillingProfileForVpnEngine - start - com.example.snoopy
12-12 13:36:07.291  1027  1027 V EnterpriseBillingPolicyStorage: getBillingProfileForVpnEngine - end - null
12-12 13:36:07.321  1027  1027 E SQLiteLog: (28) failed to open "/data/data/com.samsung.android.sm/databases/sm.db" with flag (131074) and mode_t (0) due to error (2)
12-12 13:36:07.321  1027  1027 E SQLiteLog: (28) failed to open "/data/data/com.samsung.android.sm/databases/sm.db" with flag (131072) and mode_t (0) due to error (2)
12-12 13:36:07.321  1027  1027 E SQLiteLog: (14) cannot open file at line 32550 of [9491ba7d73]
12-12 13:36:07.331  1027  1027 E SQLiteLog: (14) os_unix.c:32550: (2) open(/data/data/com.samsung.android.sm/databases/sm.db) - 
12-12 13:36:07.331  1027  1027 E SQLiteDatabase: Failed to open database '/data/data/com.samsung.android.sm/databases/sm.db'.
12-12 13:36:07.331  1027  1027 E SQLiteDatabase: android.database.sqlite.SQLiteCantOpenDatabaseException: unknown error (code 1294): Could not open database
12-12 13:36:07.331  1027  1027 E SQLiteDatabase: #################################################################
12-12 13:36:07.331  1027  1027 E SQLiteDatabase: Error Code : 1294 (SQLITE_CANTOPEN_ENOENT)
12-12 13:36:07.331  1027  1027 E SQLiteDatabase: Caused By : Specified directory or database file does not exist.
12-12 13:36:07.331  1027  1027 E SQLiteDatabase: 	(unknown error (code 1294): Could not open database)
12-12 13:36:07.331  1027  1027 E SQLiteDatabase: #################################################################
12-12 13:36:07.331  1027  1027 E SQLiteDatabase: 	at android.database.sqlite.SQLiteConnection.nativeOpen(Native Method)
12-12 13:36:07.331  1027  1027 E SQLiteDatabase: 	at android.database.sqlite.SQLiteConnection.open(SQLiteConnection.java:318)
12-12 13:36:07.331  1027  1027 E SQLiteDatabase: 	at android.database.sqlite.SQLiteConnection.open(SQLiteConnection.java:228)
12-12 13:36:07.331  1027  1027 E SQLiteDatabase: 	at android.database.sqlite.SQLiteConnectionPool.openConnectionLocked(SQLiteConnectionPool.java:512)
12-12 13:36:07.331  1027  1027 E SQLiteDatabase: 	at android.database.sqlite.SQLiteConnectionPool.open(SQLiteConnectionPool.java:206)
12-12 13:36:07.331  1027  1027 E SQLiteDatabase: 	at android.database.sqlite.SQLiteConnectionPool.open(SQLiteConnectionPool.java:178)
12-12 13:36:07.331  1027  1027 E SQLiteDatabase: 	at android.database.sqlite.SQLiteDatabase.openInner(SQLiteDatabase.java:908)
12-12 13:36:07.331  1027  1027 E SQLiteDatabase: 	at android.database.sqlite.SQLiteDatabase.open(SQLiteDatabase.java:878)
12-12 13:36:07.331  1027  1027 E SQLiteDatabase: 	at android.database.sqlite.SQLiteDatabase.openDatabase(SQLiteDatabase.java:699)
12-12 13:36:07.331  1027  1027 E SQLiteDatabase: 	at android.database.sqlite.SQLiteDatabase.openDatabase(SQLiteDatabase.java:674)
12-12 13:36:07.331  1027  1027 E SQLiteDatabase: 	at com.android.server.LpnetManagerService$DBManager.dbOpen(LpnetManagerService.java:2115)
12-12 13:36:07.331  1027  1027 E SQLiteDatabase: 	at com.android.server.LpnetManagerService$2$1.run(LpnetManagerService.java:707)
12-12 13:36:07.331  1027  1027 E SQLiteDatabase: 	at android.os.Handler.handleCallback(Handler.java:739)
12-12 13:36:07.331  1027  1027 E SQLiteDatabase: 	at android.os.Handler.dispatchMessage(Handler.java:95)
12-12 13:36:07.331  1027  1027 E SQLiteDatabase: 	at android.os.Looper.loop(Looper.java:145)
12-12 13:36:07.331  1027  1027 E SQLiteDatabase: 	at com.android.server.SystemServer.run(SystemServer.java:474)
12-12 13:36:07.331  1027  1027 E SQLiteDatabase: 	at com.android.server.SystemServer.main(SystemServer.java:358)
12-12 13:36:07.331  1027  1027 E SQLiteDatabase: 	at java.lang.reflect.Method.invoke(Native Method)
12-12 13:36:07.331  1027  1027 E SQLiteDatabase: 	at java.lang.reflect.Method.invoke(Method.java:372)
12-12 13:36:07.331  1027  1027 E SQLiteDatabase: 	at com.android.internal.os.ZygoteInit$MethodAndArgsCaller.run(ZygoteInit.java:1404)
12-12 13:36:07.331  1027  1027 E SQLiteDatabase: 	at com.android.internal.os.ZygoteInit.main(ZygoteInit.java:1199)
12-12 13:36:07.331  1027  1027 E LpnetManagerService: Exception on handling DB : unknown error (code 1294): Could not open database
12-12 13:36:07.331  1027  1027 E LpnetManagerService: #################################################################
12-12 13:36:07.331  1027  1027 E LpnetManagerService: Error Code : 1294 (SQLITE_CANTOPEN_ENOENT)
12-12 13:36:07.331  1027  1027 E LpnetManagerService: Caused By : Specified directory or database file does not exist.
12-12 13:36:07.331  1027  1027 E LpnetManagerService: 	(unknown error (code 1294): Could not open database)
12-12 13:36:07.331  1027  1027 E LpnetManagerService: #################################################################
12-12 13:36:07.331  1027  1027 W System.err: android.database.sqlite.SQLiteCantOpenDatabaseException: unknown error (code 1294): Could not open database
12-12 13:36:07.331  1027  1027 W System.err: #################################################################
12-12 13:36:07.331  1027  1027 W System.err: Error Code : 1294 (SQLITE_CANTOPEN_ENOENT)
12-12 13:36:07.331  1027  1027 W System.err: Caused By : Specified directory or database file does not exist.
12-12 13:36:07.331  1027  1027 W System.err: 	(unknown error (code 1294): Could not open database)
12-12 13:36:07.331  1027  1027 W System.err: #################################################################
12-12 13:36:07.331  1027  1027 W System.err: 	at android.database.sqlite.SQLiteConnection.nativeOpen(Native Method)
12-12 13:36:07.331  1027  1027 W System.err: 	at android.database.sqlite.SQLiteConnection.open(SQLiteConnection.java:318)
12-12 13:36:07.331  1027  1027 W System.err: 	at android.database.sqlite.SQLiteConnection.open(SQLiteConnection.java:228)
12-12 13:36:07.331  1027  1027 W System.err: 	at android.database.sqlite.SQLiteConnectionPool.openConnectionLocked(SQLiteConnectionPool.java:512)
12-12 13:36:07.331  1027  1027 W System.err: 	at android.database.sqlite.SQLiteConnectionPool.open(SQLiteConnectionPool.java:206)
12-12 13:36:07.331  1027  1027 W System.err: 	at android.database.sqlite.SQLiteConnectionPool.open(SQLiteConnectionPool.java:178)
12-12 13:36:07.331  1027  1027 W System.err: 	at android.database.sqlite.SQLiteDatabase.openInner(SQLiteDatabase.java:908)
12-12 13:36:07.331  1027  1027 W System.err: 	at android.database.sqlite.SQLiteDatabase.open(SQLiteDatabase.java:878)
12-12 13:36:07.331  1027  1027 W System.err: 	at android.database.sqlite.SQLiteDatabase.openDatabase(SQLiteDatabase.java:699)
12-12 13:36:07.331  1027  1027 W System.err: 	at android.database.sqlite.SQLiteDatabase.openDatabase(SQLiteDatabase.java:674)
12-12 13:36:07.331  1027  1027 W System.err: 	at com.android.server.LpnetManagerService$DBManager.dbOpen(LpnetManagerService.java:2115)
12-12 13:36:07.331  1027  1027 W System.err: 	at com.android.server.LpnetManagerService$2$1.run(LpnetManagerService.java:707)
12-12 13:36:07.331  1027  1027 W System.err: 	at android.os.Handler.handleCallback(Handler.java:739)
12-12 13:36:07.331  1027  1027 W System.err: 	at android.os.Handler.dispatchMessage(Handler.java:95)
12-12 13:36:07.331  1027  1027 W System.err: 	at android.os.Looper.loop(Looper.java:145)
12-12 13:36:07.331  1027  1027 W System.err: 	at com.android.server.SystemServer.run(SystemServer.java:474)
12-12 13:36:07.331  1027  1027 W System.err: 	at com.android.server.SystemServer.main(SystemServer.java:358)
12-12 13:36:07.331  1027  1027 W System.err: 	at java.lang.reflect.Method.invoke(Native Method)
12-12 13:36:07.331  1027  1027 W System.err: 	at java.lang.reflect.Method.invoke(Method.java:372)
12-12 13:36:07.331  1027  1027 W System.err: 	at com.android.internal.os.ZygoteInit$MethodAndArgsCaller.run(ZygoteInit.java:1404)
12-12 13:36:07.331  1027  1027 W System.err: 	at com.android.internal.os.ZygoteInit.main(ZygoteInit.java:1199)
12-12 13:36:07.411  1027  1051 W ResourceType: Failure getting entry for 0x7f07007b (t=6 e=123) (error -75)
12-12 13:36:07.411  1027  1066 I art     : Explicit concurrent mark sweep GC freed 43595(3MB) AllocSpace objects, 8(128KB) LOS objects, 33% free, 30MB/45MB, paused 3.183ms total 297.893ms
12-12 13:36:07.411  1027  1066 D PackageManager: delete codoeFile: 
12-12 13:36:07.411  1027  1066 D PackageManager: Resopt: Clean up res: /data/app/com.example.snoopy-1/base.apk
12-12 13:36:07.421  1027  1066 D AASAuninstall: userId = 0, info.removedAppID = 12269, info.uid = 12269, packageName = com.example.snoopy
12-12 13:36:07.421  1027  1066 I AASA_removePackage: UID=12269 Target=com.example.snoopy
12-12 13:36:07.421  1027  1066 D PackageManager: result of delete: 1{956224086}
