12-12 13:36:17.471 17805 17805 W ResourceType: No package identifier when getting value for resource number 0x00000000
12-12 13:36:17.471 17805 17805 W ResourceType: No package identifier when getting value for resource number 0x00000000
12-12 13:36:17.481 17805 17805 W ResourceType: No package identifier when getting value for resource number 0x00000000
12-12 13:36:17.481 17805 17805 W ResourceType: No package identifier when getting value for resource number 0x00000000
12-12 13:36:17.481 17805 17805 W ResourceType: No package identifier when getting value for resource number 0x00000000
12-12 13:36:17.481 17805 17805 W ResourceType: No package identifier when getting value for resource number 0x00000000
12-12 13:36:17.481 17805 17805 W ResourceType: No package identifier when getting value for resource number 0x00000000
12-12 13:36:17.481 17805 17805 W ResourceType: Failure getting entry for 0x7f06000b (t=5 e=11) (error -75)
12-12 13:36:17.481 17805 17805 W ResourceType: Failure getting entry for 0x7f06000c (t=5 e=12) (error -75)
12-12 13:36:17.481 17805 17805 W ResourceType: Failure getting entry for 0x7f06000d (t=5 e=13) (error -75)
12-12 13:36:17.481 17805 17805 W ResourceType: No package identifier when getting value for resource number 0x00000000
12-12 13:36:17.481 17805 17805 W ResourceType: Failure getting entry for 0x7f06000e (t=5 e=14) (error -75)
12-12 13:36:17.481 17805 17805 W ResourceType: No package identifier when getting value for resource number 0x00000000
12-12 13:36:17.481 17805 17805 W ResourceType: No package identifier when getting value for resource number 0x00000000
12-12 13:36:17.481 17805 17805 W ResourceType: No package identifier when getting value for resource number 0x00000000
12-12 13:36:17.481 17805 17805 W ResourceType: No package identifier when getting value for resource number 0x00000000
12-12 13:36:17.481 17805 17805 W ResourceType: No package identifier when getting value for resource number 0x00000000
12-12 13:36:17.481 17805 17805 W ResourceType: No package identifier when getting value for resource number 0x00000000
12-12 13:36:17.481 17805 17805 W ResourceType: No package identifier when getting value for resource number 0x00000000
12-12 13:36:17.481 17805 17805 W ResourceType: Failure getting entry for 0x7f060007 (t=5 e=7) (error -75)
12-12 13:36:17.481 17805 17805 W ResourceType: No package identifier when getting value for resource number 0x00000000
12-12 13:36:17.481 17805 17805 W ResourceType: Failure getting entry for 0x7f060003 (t=5 e=3) (error -75)
12-12 13:36:17.481 17805 17805 W ResourceType: No package identifier when getting value for resource number 0x00000000
12-12 13:36:17.481 17805 17805 W ResourceType: No package identifier when getting value for resource number 0x00000000
12-12 13:36:17.481 17805 17805 W ResourceType: No package identifier when getting value for resource number 0x00000000
12-12 13:36:17.481 17805 17805 W ResourceType: No package identifier when getting value for resource number 0x00000000
12-12 13:36:17.491 17805 17805 I SA      : [SCU] isHaveSA() - false
12-12 13:36:17.491 17805 17805 I SA      : support phone number id : false
12-12 13:36:17.491 17805 17805 I SA      : [DM] Supports Ref Jpn : true
12-12 13:36:17.491 17805 17805 I SA      : [DM] init END
12-12 13:36:17.491 17805 17805 I SA      : [OR] onReceive log=[SA = 2.1.0215 V = 22 HWD = 1280X720 2.0 dpi = 320  SIZE = 2 LOCALE = en_US CSC = INS MCC = 310 MNC 260 T = user DEVICE = e53g P = e53gxx I = LMY47X M = SM-E500H OKLEFT false DIS LMY47X.E500HXXU1BOG6 PSS = 4.978878039476607  ]
12-12 13:36:17.491 17805 17805 I SA      : [OR] onReceive Intent=[ conn.CONNECTIVITY_CHANGE. networkInfo:[type: WIFI[] - WIFI, state: DISCONNECTED/DISCONNECTED, reason: (unspecified), extra: <unknown ssid>, roaming: false, failover: false, isAvailable: true, isConnectedToProvisioningNetwork: false] networkType:1 inetCondition:0 extraInfo:? noConnectivity:true ]
12-12 13:36:17.491 17805 17805 I SA      : [OR] == ACTION_CONNECTIVITY_CHANGE ==
12-12 13:36:17.491 17805 17805 I SA      : [SLFUCHKMGR] constructor called
12-12 13:36:17.501 17805 17805 I SA      : [TPMU]  strSIMState 	:SIM_STATE_READY
12-12 13:36:17.501 17805 17805 I SA      : [TPMU] getMccFromUsim : 310
12-12 13:36:17.501 17805 17805 I SA      : [SCU] saveMccToPreferece Start
12-12 13:36:17.501 17805 17805 I SA      : [SCU] RegionMCC : 310
12-12 13:36:17.501 17805 17805 I SA      : [SSP] query invoked
12-12 13:36:17.511 17805 17805 I SA      : [TPMU] GetMccFromDB : null
12-12 13:36:17.511 17805 17805 I SA      : [SCU] getMccFromPreferece mcc = 310
12-12 13:36:17.511 17805 17805 I SA      : [SCU] saveMccToPreferece End
12-12 13:36:17.511 17805 17805 I SA      : [OR] onReceive END
12-12 13:36:17.511  1027  1052 V BroadcastQueue: [background] Process cur broadcast BroadcastRecord{2d6b7c34 u-1 android.net.conn.CONNECTIVITY_CHANGE} DELIVERED for app ProcessRecord{20e09642 12797:com.google.android.gms/u0a8}
12-12 13:36:17.521  1027  1052 V BroadcastQueue: [background] Process cur broadcast BroadcastRecord{189d28a3 u0 com.google.android.music.IMPORT_COMPLETE} DELIVERED for app ProcessRecord{9dc9c88 17839:com.google.android.music:main/u0a106}
12-12 13:36:17.521 17839 17839 D MusicLifecycle: com.google.android.music.wear.WearBroadcastReceiver generated event: Broadcast received with context android.app.ReceiverRestrictedContext@3951a568 and intent Intent { act=com.google.android.music.IMPORT_COMPLETE flg=0x10 cmp=com.google.android.music/.wear.WearBroadcastReceiver }
12-12 13:36:17.551  1027  1052 D ActivityManager:  getDeferredInfo final delay 0
12-12 13:36:17.571 18045 18045 E Zygote  : MountEmulatedStorage()
12-12 13:36:17.571 18045 18045 E Zygote  : v2
12-12 13:36:17.571 18045 18045 I libpersona: KNOX_SDCARD checking this for 1000
12-12 13:36:17.571 18045 18045 I libpersona: KNOX_SDCARD not a persona
12-12 13:36:17.571 18045 18045 I SELinux : Function: selinux_compare_spd_ram, SPD-policy is existed. and_ver=SEPF_SM-E500H_5.1.1 ver=51
12-12 13:36:17.571  1027  1052 I ActivityManager: Start proc 18045:com.sec.android.diagmonagent/1000 for broadcast-5 com.sec.android.diagmonagent/.DiagMonRegistrationReceiver
12-12 13:36:17.571 18045 18045 I SELinux : Function: selinux_compare_spd_ram , priority [1] , priority version is VE=SEPF_SM-E500H_5.1.1_0051
12-12 13:36:17.571  1027  1052 I ActivityManager: Waited long enough for: ServiceRecord{32154062 u0 com.google.android.apps.plus/com.google.android.libraries.social.async.BackgroundTaskService}
12-12 13:36:17.581 18045 18045 E SELinux : [DEBUG] get_category: variable seinfo: platform sensitivity: NULL, cateogry: NULL
12-12 13:36:17.591  1027  1052 V BroadcastQueue: [background] Process cur broadcast BroadcastRecord{2e5e27a0 u-1 android.net.wifi.WIFI_STATE_CHANGED} DELIVERED for app ProcessRecord{a82cf1a 11322:com.samsung.hs20settings/1000}
12-12 13:36:17.591 17839 17906 W WearSignatureVerifier: No package com.google.android.wearable.app.cn
12-12 13:36:17.591 17839 17906 W WearSignatureVerifier: No package com.google.android.wearable.app.cn
12-12 13:36:17.591 17839 17906 W WearSignatureVerifier: No package com.google.android.wearable.app.cn
12-12 13:36:17.591  1027  1471 D ActivityManager: startService callerProcessName:com.samsung.hs20settings, calleePkgName: com.samsung.hs20settings
12-12 13:36:17.591 17839 17906 W WearSignatureVerifier: No package com.google.android.wearable.app.cn
12-12 13:36:17.601 18045 18045 D TimaKeyStoreProvider: TimaSignature is unavailable
12-12 13:36:17.601  1027  1772 D ActivityManager: BGQ getDeferredInfo app launch 300
12-12 13:36:17.601 18045 18045 D ActivityThread: Added TimaKeyStore provider
12-12 13:36:17.601 11322 11322 I WifiHs20UtilityService: Starting #15
12-12 13:36:17.601 11322 11337 I WifiHs20UtilityService: Message received 5011
12-12 13:36:17.681  1027  2848 D SSRM:n  : SIOP:: AP = 310, LCD = 0
12-12 13:36:17.761  1027  6760 I art     : Explicit concurrent mark sweep GC freed 71168(3MB) AllocSpace objects, 14(272KB) LOS objects, 33% free, 30MB/45MB, paused 2.826ms total 160.024ms
12-12 13:36:17.761  1027  1606 V BroadcastQueue: [deferred] Process cur broadcast BroadcastRecord{2d6b7c34 u-1 android.net.conn.CONNECTIVITY_CHANGE} DELIVERED for app ProcessRecord{33e9cf59 18045:com.sec.android.diagmonagent/1000}
12-12 13:36:17.771 12769 12769 I WearableService: Wearable Services not starting - Wear is not available on this device.
12-12 13:36:17.771 12769 12779 D WearableService: onGetService - Wear is not available on this device.
12-12 13:36:17.781 17839 17839 W WearSignatureVerifier: No package com.google.android.wearable.app.cn
12-12 13:36:17.781 17839 18052 E GmsUtils: Failed to connect to Google API client: ConnectionResult{statusCode=API_UNAVAILABLE, resolution=null, message=null}
12-12 13:36:17.801 18045 18045 I DIAGMON_AGENT: [com.diagmondm.db.file.XDB(372/llIlIIIIlIIIIIlIlIII)] 
12-12 13:36:17.901  1027  1052 D ActivityManager: BGQ getDeferredInfo app launch 300
12-12 13:36:17.921 18045 18045 I DIAGMON_AGENT: [com.sec.android.diagmonagent.DiagMonAgentApplication(59/onCreate)] nStatus : 0
12-12 13:36:17.931 18045 18045 I DIAGMON_AGENT: [com.sec.android.diagmonagent.DiagMonAgentApplication(76/onCreate)] DiagMon DM Application Start !
12-12 13:36:17.931 18045 18045 I DIAGMON_AGENT: [lIIlIIIlIllllIlIIlII(52/llIIIIlllllIIllIIllI)] Receive broadcast: android.net.conn.CONNECTIVITY_CHANGE
12-12 13:36:17.931 18045 18045 I DIAGMON_AGENT: [lIIlIIIlIllllIlIIlII(53/llIIIIlllllIIllIIllI)] Receive broadcast:
12-12 13:36:17.931 18045 18045 I DIAGMON_AGENT: ./extraInfo: <unknown ssid>
12-12 13:36:17.931 18045 18045 W DIAGMON_AGENT: [lIIlIIIlIllllIlIIlII(32/llIIIIlllllIIllIIllI)] Network is changed and not available now, so don't do anything
12-12 13:36:17.941  1027  1260 D ActivityManager:  getDeferredInfo final delay 300
12-12 13:36:17.941  1027  1260 I ActivityManager: Killing 17432:com.google.android.apps.docs/u0a83 (adj 15): empty #31
12-12 13:36:18.121  1027  1343 W WindowManager: Execute app transition: mNextAppTransition=0xffffffff displayId = 0
12-12 13:36:18.121  1027  1343 W WindowManager: java.lang.RuntimeException: here
12-12 13:36:18.121  1027  1343 W WindowManager: 	at com.android.server.wm.WindowManagerService.executeAppTransition(WindowManagerService.java:7314)
12-12 13:36:18.121  1027  1343 W WindowManager: 	at com.android.server.am.ActivityStack.resumeTopActivityInnerLocked(ActivityStack.java:2575)
12-12 13:36:18.121  1027  1343 W WindowManager: 	at com.android.server.am.ActivityStack.resumeTopActivityLocked(ActivityStack.java:2492)
12-12 13:36:18.121  1027  1343 W WindowManager: 	at com.android.server.am.ActivityStackSupervisor.resumeTopActivitiesLocked(ActivityStackSupervisor.java:4478)
12-12 13:36:18.121  1027  1343 W WindowManager: 	at com.android.server.am.ActivityStackSupervisor.resumeTopActivitiesLocked(ActivityStackSupervisor.java:4451)
12-12 13:36:18.121  1027  1343 W WindowManager: 	at com.android.server.am.ActivityManagerService.handleAppDiedLocked(ActivityManagerService.java:7067)
12-12 13:36:18.121  1027  1343 W WindowManager: 	at com.android.server.am.ActivityManagerService.appDiedLocked(ActivityManagerService.java:7248)
12-12 13:36:18.121  1027  1343 W WindowManager: 	at com.android.server.am.ActivityManagerService$AppDeathRecipient.binderDied(ActivityManagerService.java:1754)
12-12 13:36:18.121  1027  1343 W WindowManager: 	at android.os.BinderProxy.sendDeathNotice(Binder.java:566)
12-12 13:36:18.201  1027  1052 D ActivityManager: BGQ getDeferredInfo app launch 300
12-12 13:36:18.241  1027  1052 D ActivityManager:  getDeferredInfo final delay 300
12-12 13:36:18.281 12270 18062 D Aatp    : /task/293cc264254df02e717b4830f00597e5beb59d0c/status
12-12 13:36:18.501  1027  1052 D ActivityManager: BGQ getDeferredInfo app launch 300
12-12 13:36:18.561  1027  1052 D ActivityManager:  getDeferredInfo final delay 300
12-12 13:36:18.801  1027  1052 V BroadcastQueue: [background] Process cur broadcast BroadcastRecord{2e5e27a0 u-1 android.net.wifi.WIFI_STATE_CHANGED} DELIVERED for app ProcessRecord{29bdb805 16641:com.android.settings/1000}
12-12 13:36:18.801  1027  1496 V BroadcastQueue: [background] Process cur broadcast BroadcastRecord{20df0815 u-1 android.net.wifi.p2p.CONNECTION_STATE_CHANGE} DELIVERED for app ProcessRecord{29bdb805 16641:com.android.settings/1000}
12-12 13:36:18.801 16641 16641 D NearbySettings: MountReceiver.onReceive - ACTION: android.net.wifi.p2p.CONNECTION_STATE_CHANGE
12-12 13:36:18.811 16641 16641 V NearbySettings: DMSUtil.isNetworkConnected - flag-null, state-null
12-12 13:36:18.811  1027  1039 D ConnectivityService: returning getNetworkInfo for network type 1 : [type: WIFI[] - WIFI, state: DISCONNECTED/DISCONNECTED, reason: (unspecified), extra: (none), roaming: false, failover: false, isAvailable: true, isConnectedToProvisioningNetwork: false]
12-12 13:36:18.811 16641 16641 I NearbySettings: DMSUtil.isNetworkConnected - WIFI: DISCONNECTED
12-12 13:36:18.821  1027  1830 D ConnectivityService: returning getNetworkInfo for network type 13 : [type: WIFI_P2P[] - WIFI_P2P, state: DISCONNECTED/DISCONNECTED, reason: (unspecified), extra: (none), roaming: false, failover: false, isAvailable: false, isConnectedToProvisioningNetwork: false]
12-12 13:36:18.821 16641 16641 I NearbySettings: DMSUtil.isNetworkConnected - P2P: DISCONNECTED
12-12 13:36:18.821 16641 16641 I NearbySettings: DMSUtil.isNetworkConnected - WIFI-false, Hotspot-false, P2P-false, Eth-false
12-12 13:36:18.821 16641 16641 I NearbySettings: MountReceiver.onReceive - Set preference state off
12-12 13:36:18.821 16641 17988 V NearbySettings: MountReceiver.mPrefHandler - 7002
12-12 13:36:18.821  1027  1052 V BroadcastQueue: [background] Process cur broadcast BroadcastRecord{8ab072a u0 com.google.android.gms.gcm.ACTION_SCHEDULE} DELIVERED for app ProcessRecord{3f447b18 12769:com.google.android.gms.persistent/u0a8}
12-12 13:36:18.831  1027  1027 V BroadcastQueue: [background] Process cur broadcast BroadcastRecord{17d091b u-1 android.bluetooth.adapter.action.STATE_CHANGED} DELIVERED for app ProcessRecord{29bdb805 16641:com.android.settings/1000}
12-12 13:36:18.851 16641 16641 W ContextImpl: Calling a method in the system process without a qualified user: android.app.ContextImpl.startService:2136 android.content.ContextWrapper.startService:534 android.content.ContextWrapper.startService:534 com.android.settings.bluetooth.DockEventReceiver.beginStartingService:136 com.android.settings.bluetooth.DockEventReceiver.onReceive:115 
12-12 13:36:18.851  1027  1771 D ActivityManager: startService callerProcessName:com.android.settings, calleePkgName: com.android.settings
12-12 13:36:18.861  1027  1471 I splitIntent: Split this intent : android.bluetooth.adapter.action.STATE_CHANGED, mSplitNum[0]=3, mSplitNum[1]=4, mSplitNum[2]=6, mBgSplitQueueNum=3 divideNum= 2 r.nextReceiver= 1 receivers.size=9
12-12 13:36:18.861  1027  1471 I splitIntent: finish to split intent : android.bluetooth.adapter.action.STATE_CHANGED !! Enqueue -> schedule it!!
12-12 13:36:18.861  1027  1471 D ActivityManager: BGQ getDeferredInfo app launch 300
12-12 13:36:18.861  1027  1052 V BroadcastQueue: [backgroundsplit_0] Process cur broadcast BroadcastRecord{20b51091 u-1 android.bluetooth.adapter.action.STATE_CHANGED} DELIVERED for app ProcessRecord{31928612 17685:com.samsung.android.intelligenceservice/u0a52}
12-12 13:36:18.871  1027  1052 V BroadcastQueue: [backgroundsplit_1] Process cur broadcast BroadcastRecord{394a6bf6 u-1 android.bluetooth.adapter.action.STATE_CHANGED} DELIVERED for app ProcessRecord{219d2e9 2737:com.android.bluetooth/1002}
12-12 13:36:18.871  1027  1052 V BroadcastQueue: [backgroundsplit_2] Process cur broadcast BroadcastRecord{7d91bf7 u-1 android.bluetooth.adapter.action.STATE_CHANGED} DELIVERED for app ProcessRecord{3f447b18 12769:com.google.android.gms.persistent/u0a8}
12-12 13:36:18.891 18063 18063 E Zygote  : MountEmulatedStorage()
12-12 13:36:18.901 18063 18063 E Zygote  : v2
12-12 13:36:18.901 18063 18063 I libpersona: KNOX_SDCARD checking this for 10005
12-12 13:36:18.901 18063 18063 I SELinux : Function: selinux_compare_spd_ram, SPD-policy is existed. and_ver=SEPF_SM-E500H_5.1.1 ver=51
12-12 13:36:18.901 18063 18063 I libpersona: KNOX_SDCARD not a persona
12-12 13:36:18.901 18063 18063 I SELinux : Function: selinux_compare_spd_ram , priority [1] , priority version is VE=SEPF_SM-E500H_5.1.1_0051
12-12 13:36:18.901  1027  1052 I ActivityManager: Start proc 18063:com.sec.android.fotaclient/u0a5 for broadcast-5 com.sec.android.fotaclient/.FotaRegisterReceiver
12-12 13:36:18.901  1027  1772 D ActivityManager: BGQ getDeferredInfo app launch 300
12-12 13:36:18.911 18063 18063 E SELinux : [DEBUG] get_category: variable seinfo: release sensitivity: NULL, cateogry: NULL
12-12 13:36:18.911  1027  1772 D ActivityManager: BGQ getDeferredInfo app launch 300
12-12 13:36:18.911  1027  1772 D ActivityManager: BGQ getDeferredInfo app launch 300
12-12 13:36:18.931  1027  1039 D ActivityManager: bindService callerProcessName:com.android.settings, calleePkgName: com.android.bluetooth, action: android.bluetooth.IBluetoothPan
12-12 13:36:18.931 18063 18063 D TimaKeyStoreProvider: TimaSignature is unavailable
12-12 13:36:18.931 18063 18063 D ActivityThread: Added TimaKeyStore provider
12-12 13:36:18.941 16641 16641 D LocalBluetoothProfileManager: PANU : true
12-12 13:36:18.941  1027  1830 V BroadcastQueue: [deferred] Process cur broadcast BroadcastRecord{2d6b7c34 u-1 android.net.conn.CONNECTIVITY_CHANGE} DELIVERED for app ProcessRecord{29ae6f0b 18063:com.sec.android.fotaclient/u0a5}
12-12 13:36:18.941 16641 16641 E Bluetoothsap: Could not bind to Bluetooth SAP Service with Intent { act=com.broadcom.bt.service.sap.IBluetoothSap }
12-12 13:36:18.941 16641 16641 D LocalBluetoothProfileManager: LocalBluetoothProfileManager construction complete
12-12 13:36:19.011  1027  1810 D ActivityManager:  getDeferredInfo final delay 300
12-12 13:36:19.011  1027  1810 I ActivityManager: Killing 17657:com.google.android.partnersetup/u0a11 (adj 15): empty #31
12-12 13:36:19.151  1027  1606 D ActivityManager: startService callerProcessName:com.google.android.apps.plus, calleePkgName: com.google.android.apps.plus
12-12 13:36:19.151  1027  1713 W WindowManager: Execute app transition: mNextAppTransition=0xffffffff displayId = 0
12-12 13:36:19.151  1027  1713 W WindowManager: java.lang.RuntimeException: here
12-12 13:36:19.151  1027  1713 W WindowManager: 	at com.android.server.wm.WindowManagerService.executeAppTransition(WindowManagerService.java:7314)
12-12 13:36:19.151  1027  1713 W WindowManager: 	at com.android.server.am.ActivityStack.resumeTopActivityInnerLocked(ActivityStack.java:2575)
12-12 13:36:19.151  1027  1713 W WindowManager: 	at com.android.server.am.ActivityStack.resumeTopActivityLocked(ActivityStack.java:2492)
12-12 13:36:19.151  1027  1713 W WindowManager: 	at com.android.server.am.ActivityStackSupervisor.resumeTopActivitiesLocked(ActivityStackSupervisor.java:4478)
12-12 13:36:19.151  1027  1713 W WindowManager: 	at com.android.server.am.ActivityStackSupervisor.resumeTopActivitiesLocked(ActivityStackSupervisor.java:4451)
12-12 13:36:19.151  1027  1713 W WindowManager: 	at com.android.server.am.ActivityManagerService.handleAppDiedLocked(ActivityManagerService.java:7067)
12-12 13:36:19.151  1027  1713 W WindowManager: 	at com.android.server.am.ActivityManagerService.appDiedLocked(ActivityManagerService.java:7248)
12-12 13:36:19.151  1027  1713 W WindowManager: 	at com.android.server.am.ActivityManagerService$AppDeathRecipient.binderDied(ActivityManagerService.java:1754)
12-12 13:36:19.151  1027  1713 W WindowManager: 	at android.os.BinderProxy.sendDeathNotice(Binder.java:566)
12-12 13:36:19.161  1027  1771 I ActivityManager: Killing 16467:com.sec.android.gallery3d/u0a38 (adj 15): empty #31
12-12 13:36:19.161  1027  1052 V BroadcastQueue: [background] Process cur broadcast BroadcastRecord{17d091b u-1 android.bluetooth.adapter.action.STATE_CHANGED} DELIVERED for app ProcessRecord{29bdb805 16641:com.android.settings/1000}
12-12 13:36:19.171 16641 16641 D BluetoothNotiBroadcastReceiver: onReceive
12-12 13:36:19.171  1027  1471 D ActivityManager: BGQ getDeferredInfo app launch 300
12-12 13:36:19.181 12270 12270 D AatpDeviceManager: taskStatus update (293cc264254df02e717b4830f00597e5beb59d0c: {"result":"en_US","state":2})
12-12 13:36:19.181  1027  1027 D LightsService: [api] [SvcLED] turnOff:: id = 5 (uid: 1000 pid: 1027) 
12-12 13:36:19.181  1027  1027 D LightsService: [api] [SvcLED] LED indicator : Not supported.
12-12 13:36:19.191  1230  1230 I PhoneStatusBar: Icon Only
12-12 13:36:19.191  1230  1230 I StatusBar: Icon Only
12-12 13:36:19.191  1230  1230 D StatusBar: getNumberOfActiveSim: 1
12-12 13:36:19.191  1230  1230 D PanelView: kidsfalse mQsExpansionEnabled:true
12-12 13:36:19.191  1230  1230 I PhoneStatusBar: Icon Only
12-12 13:36:19.191  1230  1230 I StatusBar: Icon Only
12-12 13:36:19.191  1230  1230 D StatusBar: getNumberOfActiveSim: 1
12-12 13:36:19.201  1230  1230 D PanelView: kidsfalse mQsExpansionEnabled:true
12-12 13:36:19.211  2737  2737 D ResetSettingBroadcastReceiver: onReceive :: action : android.bluetooth.adapter.action.STATE_CHANGED
12-12 13:36:19.211  1027  1052 V BroadcastQueue: [backgroundsplit_1] Process cur broadcast BroadcastRecord{394a6bf6 u-1 android.bluetooth.adapter.action.STATE_CHANGED} DELIVERED for app ProcessRecord{219d2e9 2737:com.android.bluetooth/1002}
12-12 13:36:19.211  1027  1040 D ActivityManager: BGQ getDeferredInfo app launch 300
12-12 13:36:19.221  1027  1052 V BroadcastQueue: [backgroundsplit_2] Process cur broadcast BroadcastRecord{7d91bf7 u-1 android.bluetooth.adapter.action.STATE_CHANGED} DELIVERED for app ProcessRecord{3f447b18 12769:com.google.android.gms.persistent/u0a8}
12-12 13:36:19.221  1027  1771 W WindowManager: Execute app transition: mNextAppTransition=0xffffffff displayId = 0
12-12 13:36:19.221  1027  1771 W WindowManager: java.lang.RuntimeException: here
12-12 13:36:19.221  1027  1771 W WindowManager: 	at com.android.server.wm.WindowManagerService.executeAppTransition(WindowManagerService.java:7314)
12-12 13:36:19.221  1027  1771 W WindowManager: 	at com.android.server.am.ActivityStack.resumeTopActivityInnerLocked(ActivityStack.java:2575)
12-12 13:36:19.221  1027  1771 W WindowManager: 	at com.android.server.am.ActivityStack.resumeTopActivityLocked(ActivityStack.java:2492)
12-12 13:36:19.221  1027  1771 W WindowManager: 	at com.android.server.am.ActivityStackSupervisor.resumeTopActivitiesLocked(ActivityStackSupervisor.java:4478)
12-12 13:36:19.221  1027  1771 W WindowManager: 	at com.android.server.am.ActivityStackSupervisor.resumeTopActivitiesLocked(ActivityStackSupervisor.java:4451)
12-12 13:36:19.221  1027  1771 W WindowManager: 	at com.android.server.am.ActivityManagerService.handleAppDiedLocked(ActivityManagerService.java:7067)
12-12 13:36:19.221  1027  1771 W WindowManager: 	at com.android.server.am.ActivityManagerService.appDiedLocked(ActivityManagerService.java:7248)
12-12 13:36:19.221  1027  1771 W WindowManager: 	at com.android.server.am.ActivityManagerService$AppDeathRecipient.binderDied(ActivityManagerService.java:1754)
12-12 13:36:19.221  1027  1771 W WindowManager: 	at android.os.BinderProxy.sendDeathNotice(Binder.java:566)
12-12 13:36:19.231  1027  1260 D ActivityManager: BGQ getDeferredInfo app launch 300
12-12 13:36:19.311  1027  1052 V BroadcastQueue: [deferred] Process cur broadcast BroadcastRecord{2d6b7c34 u-1 android.net.conn.CONNECTIVITY_CHANGE} DELIVERED for app ProcessRecord{29ae6f0b 18063:com.sec.android.fotaclient/u0a5}
12-12 13:36:19.321  1027  1774 D ActivityManager:  getDeferredInfo final delay 300
12-12 13:36:19.321 12270 18081 D Aatp    : /task/293cc264254df02e717b4830f00597e5beb59d0c/status
12-12 13:36:19.471  1027  1052 V BroadcastQueue: [background] Process cur broadcast BroadcastRecord{17d091b u-1 android.bluetooth.adapter.action.STATE_CHANGED} DELIVERED for app ProcessRecord{29fd276d 1230:com.android.systemui/u0a47}
12-12 13:36:19.471  1230  1230 V BluetoothStatusReceiver: Received android.bluetooth.adapter.action.STATE_CHANGED
12-12 13:36:19.471  1230  1230 D BluetoothStatusReceiver: AdapterStateChanged :: BluetoothAdapter.ACTION_STATE_CHANGED, state = 13
12-12 13:36:19.531  1027  1052 V BroadcastQueue: [backgroundsplit_2] Process cur broadcast BroadcastRecord{7d91bf7 u-1 android.bluetooth.adapter.action.STATE_CHANGED} DELIVERED for app ProcessRecord{3f447b18 12769:com.google.android.gms.persistent/u0a8}
12-12 13:36:19.531  1027  1773 D ActivityManager: startService callerProcessName:com.google.android.gms.persistent, calleePkgName: com.google.android.gms
12-12 13:36:19.531  1027  1769 D ActivityManager: BGQ getDeferredInfo app launch 300
12-12 13:36:19.541  1027  1772 D ActivityManager: startService callerProcessName:com.google.android.gms.persistent, calleePkgName: com.google.android.gms
12-12 13:36:19.551  1027  6760 D ActivityManager: startService callerProcessName:com.google.android.gms.persistent, calleePkgName: com.google.android.gms
12-12 13:36:19.641 18089 18089 E Zygote  : MountEmulatedStorage()
12-12 13:36:19.641 18089 18089 E Zygote  : v2
12-12 13:36:19.641 18089 18089 I libpersona: KNOX_SDCARD checking this for 10028
12-12 13:36:19.641 18089 18089 I libpersona: KNOX_SDCARD not a persona
12-12 13:36:19.641 18089 18089 I SELinux : Function: selinux_compare_spd_ram, SPD-policy is existed. and_ver=SEPF_SM-E500H_5.1.1 ver=51
12-12 13:36:19.641  1027  1052 I ActivityManager: Start proc 18089:com.sec.android.soagent/u0a28 for broadcast-5 com.sec.android.soagent/.RegisterReceiver
12-12 13:36:19.651 18089 18089 I SELinux : Function: selinux_compare_spd_ram , priority [1] , priority version is VE=SEPF_SM-E500H_5.1.1_0051
12-12 13:36:19.651  1027  1606 D ActivityManager: startService callerProcessName:com.google.android.gms.persistent, calleePkgName: com.google.android.gms
12-12 13:36:19.651 18089 18089 E SELinux : [DEBUG] get_category: variable seinfo: platform sensitivity: NULL, cateogry: NULL
12-12 13:36:19.681 18089 18089 D TimaKeyStoreProvider: TimaSignature is unavailable
12-12 13:36:19.681 18089 18089 D ActivityThread: Added TimaKeyStore provider
12-12 13:36:19.691  1027  1774 V BroadcastQueue: [deferred] Process cur broadcast BroadcastRecord{2d6b7c34 u-1 android.net.conn.CONNECTIVITY_CHANGE} DELIVERED for app ProcessRecord{35d1f32 18089:com.sec.android.soagent/u0a28}
12-12 13:36:19.711 18089 18089 I SO_AGENT: [com.sec.android.soagent.RegisterReceiver(95/onReceive)] Network is not available
12-12 13:36:19.741  1027  1040 D ActivityManager:  getDeferredInfo final delay 300
12-12 13:36:19.741  1027  1040 I ActivityManager: Killing 17476:com.sec.knox.bridge/1000 (adj 15): empty #31
12-12 13:36:19.811  1027  1260 W WindowManager: Execute app transition: mNextAppTransition=0xffffffff displayId = 0
12-12 13:36:19.811  1027  1260 W WindowManager: java.lang.RuntimeException: here
12-12 13:36:19.811  1027  1260 W WindowManager: 	at com.android.server.wm.WindowManagerService.executeAppTransition(WindowManagerService.java:7314)
12-12 13:36:19.811  1027  1260 W WindowManager: 	at com.android.server.am.ActivityStack.resumeTopActivityInnerLocked(ActivityStack.java:2575)
12-12 13:36:19.811  1027  1260 W WindowManager: 	at com.android.server.am.ActivityStack.resumeTopActivityLocked(ActivityStack.java:2492)
12-12 13:36:19.811  1027  1260 W WindowManager: 	at com.android.server.am.ActivityStackSupervisor.resumeTopActivitiesLocked(ActivityStackSupervisor.java:4478)
12-12 13:36:19.811  1027  1260 W WindowManager: 	at com.android.server.am.ActivityStackSupervisor.resumeTopActivitiesLocked(ActivityStackSupervisor.java:4451)
12-12 13:36:19.811  1027  1260 W WindowManager: 	at com.android.server.am.ActivityManagerService.handleAppDiedLocked(ActivityManagerService.java:7067)
12-12 13:36:19.811  1027  1260 W WindowManager: 	at com.android.server.am.ActivityManagerService.appDiedLocked(ActivityManagerService.java:7248)
12-12 13:36:19.811  1027  1260 W WindowManager: 	at com.android.server.am.ActivityManagerService$AppDeathRecipient.binderDied(ActivityManagerService.java:1754)
12-12 13:36:19.811  1027  1260 W WindowManager: 	at android.os.BinderProxy.sendDeathNotice(Binder.java:566)
12-12 13:36:19.841  1027  1052 I splitIntent: Queue : backgroundsplit_2 intent android.bluetooth.adapter.action.STATE_CHANGED is finished at BG and BG split queue. set mSplitStart and mBgSplitQueueOnlyRun false.
12-12 13:36:19.841  1027  1052 V BroadcastQueue: [background] Process cur broadcast BroadcastRecord{20d3b483 u-1 android.bluetooth.adapter.action.STATE_CHANGED} DELIVERED for app ProcessRecord{29bdb805 16641:com.android.settings/1000}
12-12 13:36:19.841 16641 16641 W ContextImpl: Calling a method in the system process without a qualified user: android.app.ContextImpl.startService:2136 android.content.ContextWrapper.startService:534 android.content.ContextWrapper.startService:534 com.android.settings.bluetooth.DockEventReceiver.beginStartingService:136 com.android.settings.bluetooth.DockEventReceiver.onReceive:115 
12-12 13:36:19.841  1027  1606 D ActivityManager: startService callerProcessName:com.android.settings, calleePkgName: com.android.settings
12-12 13:36:19.851  1027  1774 I splitIntent: Split this intent : android.bluetooth.adapter.action.STATE_CHANGED, mSplitNum[0]=3, mSplitNum[1]=4, mSplitNum[2]=6, mBgSplitQueueNum=3 divideNum= 2 r.nextReceiver= 1 receivers.size=9
12-12 13:36:19.851  1027  1774 I splitIntent: finish to split intent : android.bluetooth.adapter.action.STATE_CHANGED !! Enqueue -> schedule it!!
12-12 13:36:19.851  1027  1774 D ActivityManager: BGQ getDeferredInfo app launch 300
12-12 13:36:19.851  1027  1052 V BroadcastQueue: [backgroundsplit_0] Process cur broadcast BroadcastRecord{262dee39 u-1 android.bluetooth.adapter.action.STATE_CHANGED} DELIVERED for app ProcessRecord{31928612 17685:com.samsung.android.intelligenceservice/u0a52}
12-12 13:36:19.861  1027  1052 V BroadcastQueue: [backgroundsplit_1] Process cur broadcast BroadcastRecord{3939fc7e u-1 android.bluetooth.adapter.action.STATE_CHANGED} DELIVERED for app ProcessRecord{219d2e9 2737:com.android.bluetooth/1002}
12-12 13:36:19.861  1027  1052 V BroadcastQueue: [backgroundsplit_2] Process cur broadcast BroadcastRecord{101315df u-1 android.bluetooth.adapter.action.STATE_CHANGED} DELIVERED for app ProcessRecord{3f447b18 12769:com.google.android.gms.persistent/u0a8}
12-12 13:36:19.871  1027  1774 D ActivityManager: BGQ getDeferredInfo app launch 300
12-12 13:36:19.871  1027  1343 D ActivityManager: startService callerProcessName:com.google.android.gms.persistent, calleePkgName: com.google.android.gms
12-12 13:36:19.881  1027  1774 D ActivityManager: BGQ getDeferredInfo app launch 300
12-12 13:36:19.891  1027  1774 D ActivityManager: BGQ getDeferredInfo app launch 300
12-12 13:36:19.921  1027  1713 D ActivityManager: startService callerProcessName:com.google.android.gms, calleePkgName: com.google.android.gms
12-12 13:36:19.921 12797 13243 I Authzen : [PermitStore] Getting all permits...
12-12 13:36:19.961 12270 18108 D Aatp    : /ping
12-12 13:36:20.051 18110 18110 E Zygote  : MountEmulatedStorage()
12-12 13:36:20.051 18110 18110 E Zygote  : v2
12-12 13:36:20.051 18110 18110 I libpersona: KNOX_SDCARD checking this for 1000
12-12 13:36:20.051 18110 18110 I libpersona: KNOX_SDCARD not a persona
12-12 13:36:20.051 18110 18110 I SELinux : Function: selinux_compare_spd_ram, SPD-policy is existed. and_ver=SEPF_SM-E500H_5.1.1 ver=51
12-12 13:36:20.061 18110 18110 I SELinux : Function: selinux_compare_spd_ram , priority [1] , priority version is VE=SEPF_SM-E500H_5.1.1_0051
12-12 13:36:20.061  1027  1052 I ActivityManager: Start proc 18110:com.policydm/1000 for broadcast-5 com.policydm/.XDMBroadcastReceiver
12-12 13:36:20.061 18110 18110 E SELinux : [DEBUG] get_category: variable seinfo: platform sensitivity: NULL, cateogry: NULL
12-12 13:36:20.081 12270 18109 D Aatp    : /apps-to-uninstall
12-12 13:36:20.091 18110 18110 D TimaKeyStoreProvider: TimaSignature is unavailable
12-12 13:36:20.091 18110 18110 D ActivityThread: Added TimaKeyStore provider
12-12 13:36:20.091  1027  1773 V BroadcastQueue: [deferred] Process cur broadcast BroadcastRecord{2d6b7c34 u-1 android.net.conn.CONNECTIVITY_CHANGE} DELIVERED for app ProcessRecord{369c8518 18110:com.policydm/1000}
12-12 13:36:20.101 12270 18109 D Aatp    : sha1: 8a307bbd48dc5154e09f8b0e77d70ffb626c7477
12-12 13:36:20.101  1027  1606 D ActivityManager: startService callerProcessName:com.amazon.aatp.aatpdevicemanager, calleePkgName: com.amazon.aatp.aatpdevicemanager
12-12 13:36:20.111 12270 12270 D AatpDeviceManager: taskStatus update (8a307bbd48dc5154e09f8b0e77d70ffb626c7477: {"state":1})
12-12 13:36:20.111  1027  1052 D ApplicationPolicy: isStatusBarNotificationAllowedAsUser: packageName = com.amazon.aatp.aatpdevicemanager,userId = 0
12-12 13:36:20.111  1027  1027 D WindowManager: showStatusBarByNotification() mOpenByNotification=false
12-12 13:36:20.111  1027  1052 V ApplicationPolicy: isApplicationStateBlocked userId 0 pkgname com.amazon.aatp.aatpdevicemanager
12-12 13:36:20.121 12270 18109 D Aatp    : /task/8a307bbd48dc5154e09f8b0e77d70ffb626c7477
12-12 13:36:20.151  1027  1052 V BroadcastQueue: [background] Process cur broadcast BroadcastRecord{20d3b483 u-1 android.bluetooth.adapter.action.STATE_CHANGED} DELIVERED for app ProcessRecord{29bdb805 16641:com.android.settings/1000}
12-12 13:36:20.161 16641 16641 D BluetoothNotiBroadcastReceiver: onReceive
12-12 13:36:20.161  1027  1830 D ActivityManager: BGQ getDeferredInfo app launch 300
12-12 13:36:20.171 12270 12270 D AatpDeviceManager: taskStatus update (8a307bbd48dc5154e09f8b0e77d70ffb626c7477: {"result":[],"state":2})
12-12 13:36:20.171  1027  1027 D LightsService: [api] [SvcLED] turnOff:: id = 5 (uid: 1000 pid: 1027) 
12-12 13:36:20.171  1027  1027 D LightsService: [api] [SvcLED] LED indicator : Not supported.
12-12 13:36:20.171  1230  1230 D KnoxNotification: ----- inflateViews : modified publicViewLocal -----
12-12 13:36:20.181  1027  1052 V BroadcastQueue: [backgroundsplit_1] Process cur broadcast BroadcastRecord{3939fc7e u-1 android.bluetooth.adapter.action.STATE_CHANGED} DELIVERED for app ProcessRecord{219d2e9 2737:com.android.bluetooth/1002}
12-12 13:36:20.181  2737  2737 D ResetSettingBroadcastReceiver: onReceive :: action : android.bluetooth.adapter.action.STATE_CHANGED
12-12 13:36:20.181  1027  1606 D ActivityManager: BGQ getDeferredInfo app launch 300
12-12 13:36:20.191 18110 18110 I DBG_POLICYDM: [com.policydm.XDMApplication(552/xdmWakeLockAcquire)] 
12-12 13:36:20.191  1027  1052 V BroadcastQueue: [backgroundsplit_2] Process cur broadcast BroadcastRecord{101315df u-1 android.bluetooth.adapter.action.STATE_CHANGED} DELIVERED for app ProcessRecord{3f447b18 12769:com.google.android.gms.persistent/u0a8}
12-12 13:36:20.191 18110 18110 I DBG_POLICYDM: [com.policydm.XDMApplication(557/xdmWakeLockAcquire)] m_WakeLock is acquire!!
12-12 13:36:20.191  1230  1230 D KnoxNotification: ----- inflateViews : modified KnoxViewLocal -----
12-12 13:36:20.201  1230  1230 I PhoneStatusBar: Icon Only
12-12 13:36:20.201  1230  1230 I StatusBar: Icon Only
12-12 13:36:20.201  1027  1773 D ActivityManager: BGQ getDeferredInfo app launch 300
12-12 13:36:20.201 18110 18126 I DBG_POLICYDM: [com.policydm.agent.XDMTask(162/xdmAgentTaskHandler)] XEVENT_OS_INITIALIZED
12-12 13:36:20.211  1230  1230 D StatusBar: getNumberOfActiveSim: 1
12-12 13:36:20.211  1230  1230 D PanelView: kidsfalse mQsExpansionEnabled:true
12-12 13:36:20.211 18110 18126 I DBG_POLICYDM: [com.policydm.agent.XDMAgent(155/xdmAgentSetSyncMode)] nSync = 0
12-12 13:36:20.211  1230  1230 I PhoneStatusBar: Icon Only
12-12 13:36:20.211  1230  1230 I StatusBar: Icon Only
12-12 13:36:20.211 18110 18110 I DBG_POLICYDM: [com.policydm.adapter.XDMTargetAdapter(190/xdmInitExternalStorageState)] 
12-12 13:36:20.211  1230  1230 D StatusBar: getNumberOfActiveSim: 1
12-12 13:36:20.211  1230  1230 D PanelView: kidsfalse mQsExpansionEnabled:true
12-12 13:36:20.211  1230  1230 I PhoneStatusBar: Icon Only
12-12 13:36:20.211  1230  1230 I StatusBar: Icon Only
12-12 13:36:20.221  1230  1230 D StatusBar: getNumberOfActiveSim: 1
12-12 13:36:20.221  1230  1230 D PanelView: kidsfalse mQsExpansionEnabled:true
12-12 13:36:20.221 18110 18110 I DBG_POLICYDM: [com.policydm.adapter.XDMTargetAdapter(406/xdmGetExternalSDCardPath)] External SD Card Path : /storage/extSdCard
12-12 13:36:20.221  1230  1230 I PhoneStatusBar: Icon Only
12-12 13:36:20.221  1230  1230 I StatusBar: Icon Only
12-12 13:36:20.221  1230  1230 D StatusBar: getNumberOfActiveSim: 1
12-12 13:36:20.221  1230  1230 D PanelView: kidsfalse mQsExpansionEnabled:true
12-12 13:36:20.241 18110 18126 I DBG_POLICYDM: [com.policydm.db.XDB(1530/xdbDMffs_Init)] xdbDMffs_Init
12-12 13:36:20.251 12270 18130 D Aatp    : /task/8a307bbd48dc5154e09f8b0e77d70ffb626c7477/status
12-12 13:36:20.251 18110 18110 I DBG_POLICYDM: [com.policydm.adapter.XDMTargetAdapter(252/xdmInitExternalStorageState)] bExternalStorageAvailable [true]
12-12 13:36:20.261 18110 18110 I DBG_POLICYDM: [com.policydm.adapter.XDMTargetAdapter(253/xdmInitExternalStorageState)] bExternalSDStorageAvailable [true]
12-12 13:36:20.261 18110 18110 I DBG_POLICYDM: [com.policydm.XDMApplication(578/xdmWakeLockRelease)] 
12-12 13:36:20.261 18110 18110 I DBG_POLICYDM: [com.policydm.XDMApplication(583/xdmWakeLockRelease)] m_WakeLock is release!!
12-12 13:36:20.261 18110 18110 I DBG_POLICYDM: [com.policydm.XDMApplication(177/onCreate)] DMApplication Start !
12-12 13:36:20.271  1027  1471 D ConnectivityService: returning getNetworkInfo for network type 1 : [type: WIFI[] - WIFI, state: DISCONNECTED/DISCONNECTED, reason: (unspecified), extra: (none), roaming: false, failover: false, isAvailable: true, isConnectedToProvisioningNetwork: false]
12-12 13:36:20.271  1027  6760 D ActivityManager:  getDeferredInfo final delay 300
12-12 13:36:20.271  1027  6760 I ActivityManager: Killing 17489:com.sec.enterprise.knox.cloudmdm.smdms/u0a149 (adj 15): empty #31
12-12 13:36:20.271 18110 18131 I DBG_POLICYDM: [com.policydm.XDMApplication(461/xdmProtoIsWIFIConnected)] WiFi network Connected : false
12-12 13:36:20.281  1027  1830 D ConnectivityService: returning getNetworkInfo for network type 0 : [type: MOBILE[] - MOBILE, state: DISCONNECTED/DISCONNECTED, reason: (unspecified), extra: (none), roaming: false, failover: false, isAvailable: true, isConnectedToProvisioningNetwork: false]
12-12 13:36:20.281 18110 18131 I DBG_POLICYDM: [com.policydm.XDMApplication(471/xdmProtoIsMobileDataConnected)] Mobile Data Connected : false
12-12 13:36:20.281 18110 18131 E DBG_POLICYDM: [com.policydm.XDMBroadcastReceiver$2(108/run)] network is unserviceable
12-12 13:36:20.281 18110 18131 E DBG_POLICYDM: [com.policydm.XDMApplication(435/isNetworkChanged)] network not changed.... 
12-12 13:36:20.311 18110 18126 I DBG_POLICYDM: [com.policydm.agent.XDMTask(170/xdmAgentTaskHandler)] XEVENT_DM_INIT
12-12 13:36:20.321  1027  1039 D ConnectivityService: returning getNetworkInfo for network type 1 : [type: WIFI[] - WIFI, state: DISCONNECTED/DISCONNECTED, reason: (unspecified), extra: (none), roaming: false, failover: false, isAvailable: true, isConnectedToProvisioningNetwork: false]
12-12 13:36:20.321 18110 18126 I DBG_POLICYDM: [com.policydm.XDMApplication(461/xdmProtoIsWIFIConnected)] WiFi network Connected : false
12-12 13:36:20.321  1027  1769 D ConnectivityService: returning getNetworkInfo for network type 0 : [type: MOBILE[] - MOBILE, state: DISCONNECTED/DISCONNECTED, reason: (unspecified), extra: (none), roaming: false, failover: false, isAvailable: true, isConnectedToProvisioningNetwork: false]
12-12 13:36:20.321 18110 18126 I DBG_POLICYDM: [com.policydm.XDMApplication(471/xdmProtoIsMobileDataConnected)] Mobile Data Connected : false
12-12 13:36:20.321 18110 18126 E DBG_POLICYDM: [com.policydm.agent.XDMTask(173/xdmAgentTaskHandler)] Network Status is not ready. DM Not Initialized
12-12 13:36:20.341 12270 18132 D Aatp    : /ping
12-12 13:36:20.401  1027  1773 W WindowManager: Execute app transition: mNextAppTransition=0xffffffff displayId = 0
12-12 13:36:20.401  1027  1773 W WindowManager: java.lang.RuntimeException: here
12-12 13:36:20.401  1027  1773 W WindowManager: 	at com.android.server.wm.WindowManagerService.executeAppTransition(WindowManagerService.java:7314)
12-12 13:36:20.401  1027  1773 W WindowManager: 	at com.android.server.am.ActivityStack.resumeTopActivityInnerLocked(ActivityStack.java:2575)
12-12 13:36:20.401  1027  1773 W WindowManager: 	at com.android.server.am.ActivityStack.resumeTopActivityLocked(ActivityStack.java:2492)
12-12 13:36:20.401  1027  1773 W WindowManager: 	at com.android.server.am.ActivityStackSupervisor.resumeTopActivitiesLocked(ActivityStackSupervisor.java:4478)
12-12 13:36:20.401  1027  1773 W WindowManager: 	at com.android.server.am.ActivityStackSupervisor.resumeTopActivitiesLocked(ActivityStackSupervisor.java:4451)
12-12 13:36:20.401  1027  1773 W WindowManager: 	at com.android.server.am.ActivityManagerService.handleAppDiedLocked(ActivityManagerService.java:7067)
12-12 13:36:20.401  1027  1773 W WindowManager: 	at com.android.server.am.ActivityManagerService.appDiedLocked(ActivityManagerService.java:7248)
12-12 13:36:20.401  1027  1773 W WindowManager: 	at com.android.server.am.ActivityManagerService$AppDeathRecipient.binderDied(ActivityManagerService.java:1754)
12-12 13:36:20.401  1027  1773 W WindowManager: 	at android.os.BinderProxy.sendDeathNotice(Binder.java:566)
12-12 13:36:20.461  1027  1052 V BroadcastQueue: [background] Process cur broadcast BroadcastRecord{20d3b483 u-1 android.bluetooth.adapter.action.STATE_CHANGED} DELIVERED for app ProcessRecord{29fd276d 1230:com.android.systemui/u0a47}
12-12 13:36:20.461  1230  1230 V BluetoothStatusReceiver: Received android.bluetooth.adapter.action.STATE_CHANGED
12-12 13:36:20.461  1230  1230 D BluetoothStatusReceiver: AdapterStateChanged :: BluetoothAdapter.ACTION_STATE_CHANGED, state = 10
12-12 13:36:20.471 12270 18133 D Aatp    : /clean-accounts
12-12 13:36:20.481 12270 18133 D Aatp    : sha1: 35f1b7511a4e1fd746e732e25e299b60ddde1ca4
12-12 13:36:20.481  1027  1772 D ActivityManager: startService callerProcessName:com.amazon.aatp.aatpdevicemanager, calleePkgName: com.amazon.aatp.aatpdevicemanager
12-12 13:36:20.491 12270 12270 D AatpDeviceManager: taskStatus update (35f1b7511a4e1fd746e732e25e299b60ddde1ca4: {"state":1})
12-12 13:36:20.491  1027  1052 D ApplicationPolicy: isStatusBarNotificationAllowedAsUser: packageName = com.amazon.aatp.aatpdevicemanager,userId = 0
12-12 13:36:20.491  1027  1052 V ApplicationPolicy: isApplicationStateBlocked userId 0 pkgname com.amazon.aatp.aatpdevicemanager
12-12 13:36:20.491 12270 12270 D AatpDeviceManager: taskStatus update (35f1b7511a4e1fd746e732e25e299b60ddde1ca4: {"result":"Cleaned Accounts PASS","state":2})
12-12 13:36:20.491  1027  1027 D WindowManager: showStatusBarByNotification() mOpenByNotification=false
12-12 13:36:20.501  1027  1027 D LightsService: [api] [SvcLED] turnOff:: id = 5 (uid: 1000 pid: 1027) 
12-12 13:36:20.501  1027  1027 D LightsService: [api] [SvcLED] LED indicator : Not supported.
12-12 13:36:20.501 12270 18133 D Aatp    : /task/35f1b7511a4e1fd746e732e25e299b60ddde1ca4
12-12 13:36:20.511  1027  1052 V BroadcastQueue: [backgroundsplit_2] Process cur broadcast BroadcastRecord{101315df u-1 android.bluetooth.adapter.action.STATE_CHANGED} DELIVERED for app ProcessRecord{3f447b18 12769:com.google.android.gms.persistent/u0a8}
12-12 13:36:20.511  1027  1772 D ActivityManager: startService callerProcessName:com.google.android.gms.persistent, calleePkgName: com.google.android.gms
12-12 13:36:20.511  1027  1713 D ActivityManager: BGQ getDeferredInfo app launch 300
12-12 13:36:20.521  1027  1606 D ActivityManager: startService callerProcessName:com.google.android.gms.persistent, calleePkgName: com.google.android.gms
12-12 13:36:20.521  1027  1496 D ActivityManager: startService callerProcessName:com.google.android.gms.persistent, calleePkgName: com.google.android.gms
12-12 13:36:20.561  1027  1131 V AlarmManager: waitForAlarm result :4
12-12 13:36:20.561  1230  1230 D KnoxNotification: ----- inflateViews : modified publicViewLocal -----
12-12 13:36:20.591 18136 18136 E Zygote  : MountEmulatedStorage()
12-12 13:36:20.591 18136 18136 I libpersona: KNOX_SDCARD checking this for 1000
12-12 13:36:20.591 18136 18136 E Zygote  : v2
12-12 13:36:20.591 18136 18136 I libpersona: KNOX_SDCARD not a persona
12-12 13:36:20.591 18136 18136 I SELinux : Function: selinux_compare_spd_ram, SPD-policy is existed. and_ver=SEPF_SM-E500H_5.1.1 ver=51
12-12 13:36:20.591  1230  1230 D KnoxNotification: ----- inflateViews : modified KnoxViewLocal -----
12-12 13:36:20.591 18136 18136 I SELinux : Function: selinux_compare_spd_ram , priority [1] , priority version is VE=SEPF_SM-E500H_5.1.1_0051
12-12 13:36:20.591 18136 18136 E SELinux : [DEBUG] get_category: variable seinfo: platform sensitivity: NULL, cateogry: NULL
12-12 13:36:20.601  1027  1052 I ActivityManager: Start proc 18136:com.samsung.android.securitylogagent/1000 for broadcast-5 com.samsung.android.securitylogagent/.receivers.NetworkReceiver
12-12 13:36:20.611  1230  1230 I PhoneStatusBar: Icon Only
12-12 13:36:20.611  1230  1230 I StatusBar: Icon Only
12-12 13:36:20.611  1027  1830 D ActivityManager: startService callerProcessName:com.google.android.gms.persistent, calleePkgName: com.google.android.gms
12-12 13:36:20.621 18136 18136 D TimaKeyStoreProvider: TimaSignature is unavailable
12-12 13:36:20.621  1230  1230 D StatusBar: getNumberOfActiveSim: 1
12-12 13:36:20.621 18136 18136 D ActivityThread: Added TimaKeyStore provider
12-12 13:36:20.621  1230  1230 D PanelView: kidsfalse mQsExpansionEnabled:true
12-12 13:36:20.621  1230  1230 I PhoneStatusBar: Icon Only
12-12 13:36:20.621  1230  1230 I StatusBar: Icon Only
12-12 13:36:20.631  1027  1606 V BroadcastQueue: [deferred] Process cur broadcast BroadcastRecord{2d6b7c34 u-1 android.net.conn.CONNECTIVITY_CHANGE} DELIVERED for app ProcessRecord{127d0dad 18136:com.samsung.android.securitylogagent/1000}
12-12 13:36:20.631  1230  1230 D StatusBar: getNumberOfActiveSim: 1
12-12 13:36:20.631  1230  1230 D PanelView: kidsfalse mQsExpansionEnabled:true
12-12 13:36:20.631  1230  1230 I PhoneStatusBar: Icon Only
12-12 13:36:20.631  1230  1230 I StatusBar: Icon Only
12-12 13:36:20.641  1230  1230 D StatusBar: getNumberOfActiveSim: 1
12-12 13:36:20.641  1230  1230 D PanelView: kidsfalse mQsExpansionEnabled:true
12-12 13:36:20.651 12270 18145 D Aatp    : /task/35f1b7511a4e1fd746e732e25e299b60ddde1ca4/status
12-12 13:36:20.651  1230  1230 I PhoneStatusBar: Icon Only
12-12 13:36:20.651  1230  1230 I StatusBar: Icon Only
12-12 13:36:20.651  1230  1230 D StatusBar: getNumberOfActiveSim: 1
12-12 13:36:20.651  1230  1230 D PanelView: kidsfalse mQsExpansionEnabled:true
12-12 13:36:20.671  1027  1713 D ConnectivityService: returning getNetworkInfo for network type 1 : [type: WIFI[] - WIFI, state: DISCONNECTED/DISCONNECTED, reason: (unspecified), extra: (none), roaming: false, failover: false, isAvailable: true, isConnectedToProvisioningNetwork: false]
12-12 13:36:20.671 18136 18136 D SecurityLogAgent: KnoxConfiguration : Current State = 1
12-12 13:36:20.671 18136 18136 D SecurityLogAgent: KnoxConfiguration : Current State Mapping Found 
12-12 13:36:20.671 18136 18136 D SecurityLogAgent: StateMachine : Current State = 1
12-12 13:36:20.671 18136 18136 D SecurityLogAgent: StateMachine : Changed Current State = 1
12-12 13:36:20.671  1027  1772 D ActivityManager:  getDeferredInfo final delay 300
12-12 13:36:20.681  1027  1772 I ActivityManager: Killing 14589:com.android.defcontainer/u0a2 (adj 15): empty #31
12-12 13:36:20.721  1027  1606 W WindowManager: Execute app transition: mNextAppTransition=0xffffffff displayId = 0
12-12 13:36:20.721  1027  1606 W WindowManager: java.lang.RuntimeException: here
12-12 13:36:20.721  1027  1606 W WindowManager: 	at com.android.server.wm.WindowManagerService.executeAppTransition(WindowManagerService.java:7314)
12-12 13:36:20.721  1027  1606 W WindowManager: 	at com.android.server.am.ActivityStack.resumeTopActivityInnerLocked(ActivityStack.java:2575)
12-12 13:36:20.721  1027  1606 W WindowManager: 	at com.android.server.am.ActivityStack.resumeTopActivityLocked(ActivityStack.java:2492)
12-12 13:36:20.721  1027  1606 W WindowManager: 	at com.android.server.am.ActivityStackSupervisor.resumeTopActivitiesLocked(ActivityStackSupervisor.java:4478)
12-12 13:36:20.721  1027  1606 W WindowManager: 	at com.android.server.am.ActivityStackSupervisor.resumeTopActivitiesLocked(ActivityStackSupervisor.java:4451)
12-12 13:36:20.721  1027  1606 W WindowManager: 	at com.android.server.am.ActivityManagerService.handleAppDiedLocked(ActivityManagerService.java:7067)
12-12 13:36:20.721  1027  1606 W WindowManager: 	at com.android.server.am.ActivityManagerService.appDiedLocked(ActivityManagerService.java:7248)
12-12 13:36:20.721  1027  1606 W WindowManager: 	at com.android.server.am.ActivityManagerService$AppDeathRecipient.binderDied(ActivityManagerService.java:1754)
12-12 13:36:20.721  1027  1606 W WindowManager: 	at android.os.BinderProxy.sendDeathNotice(Binder.java:566)
12-12 13:36:20.741 12270 18155 D Aatp    : /rm-external-files
12-12 13:36:20.751 12270 18155 D Aatp    : sha1: b70947fba208da1867c46baa70ed465a1c5e62cd
12-12 13:36:20.751  1027  1810 D ActivityManager: startService callerProcessName:com.amazon.aatp.aatpdevicemanager, calleePkgName: com.amazon.aatp.aatpdevicemanager
12-12 13:36:20.761 12270 12270 D AatpDeviceManager: taskStatus update (b70947fba208da1867c46baa70ed465a1c5e62cd: {"state":1})
12-12 13:36:20.761  1027  1052 D ApplicationPolicy: isStatusBarNotificationAllowedAsUser: packageName = com.amazon.aatp.aatpdevicemanager,userId = 0
