12-12 13:36:00.871  3464 17475 D KLMS-2.5.271: : KLMSSharedPreferences(): deleteNotificationAppList().pkgName: com.trellis
12-12 13:36:00.871  3464 17475 I KLMS-2.5.271: : KLMSSharedPreferences(): getNotificationAppList(): null
12-12 13:36:00.871  3464 17475 I KLMS-2.5.271: : Systemprocess(): Notification App List is Null. Remove Notification.
12-12 13:36:00.871  1027  1051 D EnterpriseDeviceManagerService: Package has changed for user 0
12-12 13:36:00.881 17489 17489 W ResourcesManager: Asset path '/system/framework/secsmartcard.jar' does not exist or contains no resources.
12-12 13:36:00.891  1027  1051 D EnterpriseDeviceManagerService: Admin package name: com.google.android.gms
12-12 13:36:00.891  1027  1051 W TextServicesManagerService: no available spell checker services found
12-12 13:36:00.891 17476 17476 D RCPManager:  in createShortcut() for packageName: com.trellis userId0
12-12 13:36:00.901  1027  1027 E SQLiteLog: (28) failed to open "/data/data/com.samsung.android.sm/databases/sm.db" with flag (131074) and mode_t (0) due to error (2)
12-12 13:36:00.901  1027  1027 E SQLiteLog: (28) failed to open "/data/data/com.samsung.android.sm/databases/sm.db" with flag (131072) and mode_t (0) due to error (2)
12-12 13:36:00.901  1027  1027 E SQLiteLog: (14) cannot open file at line 32550 of [9491ba7d73]
12-12 13:36:00.901  1027  1027 E SQLiteLog: (14) os_unix.c:32550: (2) open(/data/data/com.samsung.android.sm/databases/sm.db) - 
12-12 13:36:00.911  1027  1027 E SQLiteDatabase: Failed to open database '/data/data/com.samsung.android.sm/databases/sm.db'.
12-12 13:36:00.911  1027  1027 E SQLiteDatabase: android.database.sqlite.SQLiteCantOpenDatabaseException: unknown error (code 1294): Could not open database
12-12 13:36:00.911  1027  1027 E SQLiteDatabase: #################################################################
12-12 13:36:00.911  1027  1027 E SQLiteDatabase: Error Code : 1294 (SQLITE_CANTOPEN_ENOENT)
12-12 13:36:00.911  1027  1027 E SQLiteDatabase: Caused By : Specified directory or database file does not exist.
12-12 13:36:00.911  1027  1027 E SQLiteDatabase: 	(unknown error (code 1294): Could not open database)
12-12 13:36:00.911  1027  1027 E SQLiteDatabase: #################################################################
12-12 13:36:00.911  1027  1027 E SQLiteDatabase: 	at android.database.sqlite.SQLiteConnection.nativeOpen(Native Method)
12-12 13:36:00.911  1027  1027 E SQLiteDatabase: 	at android.database.sqlite.SQLiteConnection.open(SQLiteConnection.java:318)
12-12 13:36:00.911  1027  1027 E SQLiteDatabase: 	at android.database.sqlite.SQLiteConnection.open(SQLiteConnection.java:228)
12-12 13:36:00.911  1027  1027 E SQLiteDatabase: 	at android.database.sqlite.SQLiteConnectionPool.openConnectionLocked(SQLiteConnectionPool.java:512)
12-12 13:36:00.911  1027  1027 E SQLiteDatabase: 	at android.database.sqlite.SQLiteConnectionPool.open(SQLiteConnectionPool.java:206)
12-12 13:36:00.911  1027  1027 E SQLiteDatabase: 	at android.database.sqlite.SQLiteConnectionPool.open(SQLiteConnectionPool.java:178)
12-12 13:36:00.911  1027  1027 E SQLiteDatabase: 	at android.database.sqlite.SQLiteDatabase.openInner(SQLiteDatabase.java:908)
12-12 13:36:00.911  1027  1027 E SQLiteDatabase: 	at android.database.sqlite.SQLiteDatabase.open(SQLiteDatabase.java:878)
12-12 13:36:00.911  1027  1027 E SQLiteDatabase: 	at android.database.sqlite.SQLiteDatabase.openDatabase(SQLiteDatabase.java:699)
12-12 13:36:00.911  1027  1027 E SQLiteDatabase: 	at android.database.sqlite.SQLiteDatabase.openDatabase(SQLiteDatabase.java:674)
12-12 13:36:00.911  1027  1027 E SQLiteDatabase: 	at com.android.server.LpnetManagerService$DBManager.dbOpen(LpnetManagerService.java:2115)
12-12 13:36:00.911  1027  1027 E SQLiteDatabase: 	at com.android.server.LpnetManagerService$2$1.run(LpnetManagerService.java:707)
12-12 13:36:00.911  1027  1027 E SQLiteDatabase: 	at android.os.Handler.handleCallback(Handler.java:739)
12-12 13:36:00.911  1027  1027 E SQLiteDatabase: 	at android.os.Handler.dispatchMessage(Handler.java:95)
12-12 13:36:00.911  1027  1027 E SQLiteDatabase: 	at android.os.Looper.loop(Looper.java:145)
12-12 13:36:00.911  1027  1027 E SQLiteDatabase: 	at com.android.server.SystemServer.run(SystemServer.java:474)
12-12 13:36:00.911  1027  1027 E SQLiteDatabase: 	at com.android.server.SystemServer.main(SystemServer.java:358)
12-12 13:36:00.911  1027  1027 E SQLiteDatabase: 	at java.lang.reflect.Method.invoke(Native Method)
12-12 13:36:00.911  1027  1027 E SQLiteDatabase: 	at java.lang.reflect.Method.invoke(Method.java:372)
12-12 13:36:00.911  1027  1027 E SQLiteDatabase: 	at com.android.internal.os.ZygoteInit$MethodAndArgsCaller.run(ZygoteInit.java:1404)
12-12 13:36:00.911  1027  1027 E SQLiteDatabase: 	at com.android.internal.os.ZygoteInit.main(ZygoteInit.java:1199)
12-12 13:36:00.911  1027  1027 E LpnetManagerService: Exception on handling DB : unknown error (code 1294): Could not open database
12-12 13:36:00.911  1027  1027 E LpnetManagerService: #################################################################
12-12 13:36:00.911  1027  1027 E LpnetManagerService: Error Code : 1294 (SQLITE_CANTOPEN_ENOENT)
12-12 13:36:00.911  1027  1027 E LpnetManagerService: Caused By : Specified directory or database file does not exist.
12-12 13:36:00.911  1027  1027 E LpnetManagerService: 	(unknown error (code 1294): Could not open database)
12-12 13:36:00.911  1027  1027 E LpnetManagerService: #################################################################
12-12 13:36:00.911  1027  1027 W System.err: android.database.sqlite.SQLiteCantOpenDatabaseException: unknown error (code 1294): Could not open database
12-12 13:36:00.911  1027  1027 W System.err: #################################################################
12-12 13:36:00.911  1027  1027 W System.err: Error Code : 1294 (SQLITE_CANTOPEN_ENOENT)
12-12 13:36:00.911  1027  1027 W System.err: Caused By : Specified directory or database file does not exist.
12-12 13:36:00.911  1027  1027 W System.err: 	(unknown error (code 1294): Could not open database)
12-12 13:36:00.911  1027  1027 W System.err: #################################################################
12-12 13:36:00.911  1027  1027 W System.err: 	at android.database.sqlite.SQLiteConnection.nativeOpen(Native Method)
12-12 13:36:00.911  1027  1027 W System.err: 	at android.database.sqlite.SQLiteConnection.open(SQLiteConnection.java:318)
12-12 13:36:00.911  1027  1027 W System.err: 	at android.database.sqlite.SQLiteConnection.open(SQLiteConnection.java:228)
12-12 13:36:00.911  1027  1027 W System.err: 	at android.database.sqlite.SQLiteConnectionPool.openConnectionLocked(SQLiteConnectionPool.java:512)
12-12 13:36:00.911  1027  1027 W System.err: 	at android.database.sqlite.SQLiteConnectionPool.open(SQLiteConnectionPool.java:206)
12-12 13:36:00.911  1027  1027 W System.err: 	at android.database.sqlite.SQLiteConnectionPool.open(SQLiteConnectionPool.java:178)
12-12 13:36:00.911  1027  1027 W System.err: 	at android.database.sqlite.SQLiteDatabase.openInner(SQLiteDatabase.java:908)
12-12 13:36:00.911  1027  1027 W System.err: 	at android.database.sqlite.SQLiteDatabase.open(SQLiteDatabase.java:878)
12-12 13:36:00.911  1027  1027 W System.err: 	at android.database.sqlite.SQLiteDatabase.openDatabase(SQLiteDatabase.java:699)
12-12 13:36:00.911  1027  1027 W System.err: 	at android.database.sqlite.SQLiteDatabase.openDatabase(SQLiteDatabase.java:674)
12-12 13:36:00.911  1027  1027 W System.err: 	at com.android.server.LpnetManagerService$DBManager.dbOpen(LpnetManagerService.java:2115)
12-12 13:36:00.911  1027  1027 W System.err: 	at com.android.server.LpnetManagerService$2$1.run(LpnetManagerService.java:707)
12-12 13:36:00.911  1027  1027 W System.err: 	at android.os.Handler.handleCallback(Handler.java:739)
12-12 13:36:00.911  1027  1027 W System.err: 	at android.os.Handler.dispatchMessage(Handler.java:95)
12-12 13:36:00.911  1027  1027 W System.err: 	at android.os.Looper.loop(Looper.java:145)
12-12 13:36:00.911  1027  1027 W System.err: 	at com.android.server.SystemServer.run(SystemServer.java:474)
12-12 13:36:00.911  1027  1027 W System.err: 	at com.android.server.SystemServer.main(SystemServer.java:358)
12-12 13:36:00.911  1027  1027 W System.err: 	at java.lang.reflect.Method.invoke(Native Method)
12-12 13:36:00.911  1027  1027 W System.err: 	at java.lang.reflect.Method.invoke(Method.java:372)
12-12 13:36:00.911  1027  1027 W System.err: 	at com.android.internal.os.ZygoteInit$MethodAndArgsCaller.run(ZygoteInit.java:1404)
12-12 13:36:00.911  1027  1027 W System.err: 	at com.android.internal.os.ZygoteInit.main(ZygoteInit.java:1199)
12-12 13:36:00.911  3464 17475 D KLMS-2.5.271: : DataSource(): Fetched Data from data base count : 0
12-12 13:36:00.911  3464 17475 I KLMS-2.5.271: : Systemprocess(): IsPackageExistInDevice().Not Exsit: com.trellis
12-12 13:36:00.911  3464 17475 I KLMS-2.5.271: : Systemprocess(): listeningToPackageRemovedforKLM().END
12-12 13:36:00.911  3464 17475 I KLMS-2.5.271: : Systemprocess(): listeningToPackageRemoved().END
12-12 13:36:00.911  1027  1713 D RCPManagerService:  in createShortcut() for packageName: com.trellis userId0
12-12 13:36:00.911  1027  1713 D RCPManagerService: queryAllProviders():  providerCallBack is not register for 0
12-12 13:36:00.921  1027  1343 D ActivityManager: BGQ getDeferredInfo app launch 300
12-12 13:36:00.931  3464  3464 I KLMS-2.5.271: : KLMSIntentService(): onDestroy()
12-12 13:36:00.931  1027  1343 I ActivityManager: Killing 15798:com.sec.spp.push/u0a29 (adj 15): empty #31
12-12 13:36:01.001 17489 17489 D [0]UMC:UMCContentProvider: @onCreate
12-12 13:36:01.001 17489 17489 D [0]UMC:Core: onCreate(): 
12-12 13:36:01.001 17489 17489 D [0]UMC:Core: @isManagedProfileUser
12-12 13:36:01.021 17489 17489 D [0]UMC:Core: userInfo.isManagedProfile() : false
12-12 13:36:01.021  1027  1167 V NetworkStats: removeUidsLocked() for UIDs [12270]
12-12 13:36:01.021  1027  1167 D NtpTrustedTime: currentTimeMillis() cache hit
12-12 13:36:01.021  1027  1167 V NetworkStats: performPollLocked(flags=0x3)
12-12 13:36:01.031  1027  1052 V BroadcastQueue: [background] Process cur broadcast BroadcastRecord{334b2b2e u0 android.intent.action.PACKAGE_REMOVED} DELIVERED for app ProcessRecord{181b07cd 1027:system/1000}
12-12 13:36:01.031  1027  1027 D ActivityManager: BGQ getDeferredInfo app launch 300
12-12 13:36:01.061  1027  1039 W WindowManager: Execute app transition: mNextAppTransition=0xffffffff displayId = 0
12-12 13:36:01.061  1027  1039 W WindowManager: java.lang.RuntimeException: here
12-12 13:36:01.061  1027  1039 W WindowManager: 	at com.android.server.wm.WindowManagerService.executeAppTransition(WindowManagerService.java:7314)
12-12 13:36:01.061  1027  1039 W WindowManager: 	at com.android.server.am.ActivityStack.resumeTopActivityInnerLocked(ActivityStack.java:2575)
12-12 13:36:01.061  1027  1039 W WindowManager: 	at com.android.server.am.ActivityStack.resumeTopActivityLocked(ActivityStack.java:2492)
12-12 13:36:01.061  1027  1039 W WindowManager: 	at com.android.server.am.ActivityStackSupervisor.resumeTopActivitiesLocked(ActivityStackSupervisor.java:4478)
12-12 13:36:01.061  1027  1039 W WindowManager: 	at com.android.server.am.ActivityStackSupervisor.resumeTopActivitiesLocked(ActivityStackSupervisor.java:4451)
12-12 13:36:01.061  1027  1039 W WindowManager: 	at com.android.server.am.ActivityManagerService.handleAppDiedLocked(ActivityManagerService.java:7067)
12-12 13:36:01.061  1027  1039 W WindowManager: 	at com.android.server.am.ActivityManagerService.appDiedLocked(ActivityManagerService.java:7248)
12-12 13:36:01.061  1027  1039 W WindowManager: 	at com.android.server.am.ActivityManagerService$AppDeathRecipient.binderDied(ActivityManagerService.java:1754)
12-12 13:36:01.061  1027  1039 W WindowManager: 	at android.os.BinderProxy.sendDeathNotice(Binder.java:566)
12-12 13:36:01.061 17370 17386 D Documents: Update found 7 roots in 1702ms
12-12 13:36:01.091  1027  1167 V NetworkStats: performPollLocked() took 62ms
12-12 13:36:01.091  1027  1167 D NtpTrustedTime: currentTimeMillis() cache hit
12-12 13:36:01.121 17370 17473 D Documents: Update found 7 roots in 438ms
12-12 13:36:01.121 17370 17507 D Documents: Update found 7 roots in 168ms
12-12 13:36:01.141 17489 17489 D [0]UMC:DeviceInfo: USA==US==us
12-12 13:36:01.151 17370 17421 D Documents: Update found 7 roots in 1649ms
12-12 13:36:01.211  1027  1066 I art     : Explicit concurrent mark sweep GC freed 45380(3MB) AllocSpace objects, 6(96KB) LOS objects, 33% free, 31MB/47MB, paused 9.555ms total 502.091ms
12-12 13:36:01.231  1027  1052 V BroadcastQueue: [backgroundsplit_0] Process cur broadcast BroadcastRecord{2b3068b6 u0 android.intent.action.PACKAGE_REMOVED} DELIVERED for app ProcessRecord{29bdb805 16641:com.android.settings/1000}
12-12 13:36:01.241  1027  1066 D PackageManager: delete codoeFile: 
12-12 13:36:01.241  1027  1066 D PackageManager: Resopt: Clean up res: /data/app/com.trellis-1/base.apk
12-12 13:36:01.261 17489 17489 D USER_AGENT: UMC/1.4.30 (SM-E500H) SAFE-5.4 KNOX-2.4 en_US
12-12 13:36:01.261  1027  1051 W ResourceType: Failure getting entry for 0x7f07007b (t=6 e=123) (error -75)
12-12 13:36:01.261  1027  1066 D AASAuninstall: userId = 0, info.removedAppID = 12270, info.uid = 12270, packageName = com.trellis
12-12 13:36:01.271 17489 17489 D [0]UMC:AdminManager: init - start
12-12 13:36:01.271  1027  1066 I AASA_removePackage: UID=12270 Target=com.trellis
12-12 13:36:01.271  1027  1066 D PackageManager: result of delete: 1{18240201}
12-12 13:36:01.281 17511 17511 E Zygote  : MountEmulatedStorage()
12-12 13:36:01.281 17511 17511 E Zygote  : v2
12-12 13:36:01.281 17511 17511 I libpersona: KNOX_SDCARD checking this for 1000
12-12 13:36:01.281 17511 17511 I libpersona: KNOX_SDCARD not a persona
12-12 13:36:01.281 17511 17511 I SELinux : Function: selinux_compare_spd_ram, SPD-policy is existed. and_ver=SEPF_SM-E500H_5.1.1 ver=51
12-12 13:36:01.281  1027  1052 I ActivityManager: Start proc 17511:com.samsung.android.app.filterinstaller/1000 for broadcast-4 com.samsung.android.app.filterinstaller/.PackageIntentReceiver
12-12 13:36:01.281  1027  1774 D ActivityManager: startService callerProcessName:com.google.android.gms.persistent, calleePkgName: com.google.android.gms
12-12 13:36:01.291  1027  1772 D ActivityManager: BGQ getDeferredInfo app launch 300
12-12 13:36:01.291 17511 17511 I SELinux : Function: selinux_compare_spd_ram , priority [1] , priority version is VE=SEPF_SM-E500H_5.1.1_0051
12-12 13:36:01.291 17511 17511 E SELinux : [DEBUG] get_category: variable seinfo: platform sensitivity: NULL, cateogry: NULL
12-12 13:36:01.321 17447 17447 I art     : System.exit called, status: 0
12-12 13:36:01.321 17447 17447 I AndroidRuntime: VM exiting with result code 0.
12-12 13:36:01.331  1027  1168 D NtpTrustedTime: currentTimeMillis() cache hit
12-12 13:36:01.341 17511 17511 D TimaKeyStoreProvider: TimaSignature is unavailable
12-12 13:36:01.341 17511 17511 D ActivityThread: Added TimaKeyStore provider
12-12 13:36:01.351 17489 17489 D [0]UMC:AdminManager: loadAdmins
12-12 13:36:01.361  1027  1066 W ResourcesManager: Asset path '/system/framework/com.google.android.media.effects.jar' does not exist or contains no resources.
12-12 13:36:01.371 12769 12782 I art     : Background partial concurrent mark sweep GC freed 145284(10MB) AllocSpace objects, 4(256KB) LOS objects, 40% free, 17MB/29MB, paused 2.144ms total 160.739ms
12-12 13:36:01.371 17527 17527 E Zygote  : MountEmulatedStorage()
12-12 13:36:01.371 17527 17527 I libpersona: KNOX_SDCARD checking this for 1000
12-12 13:36:01.371 17527 17527 E Zygote  : v2
12-12 13:36:01.371 17527 17527 I libpersona: KNOX_SDCARD not a persona
12-12 13:36:01.381  1027  1168 D NtpTrustedTime: currentTimeMillis() cache hit
12-12 13:36:01.381  1027  1052 I ActivityManager: Start proc 17527:com.sec.pcw.device/1000 for broadcast-3 com.sec.pcw.device/.receiver.SYSTEMReceiver
12-12 13:36:01.381  1027  1039 D ActivityManager: startService callerProcessName:com.google.android.gms.persistent, calleePkgName: com.google.android.gms
12-12 13:36:01.381 17527 17527 I SELinux : Function: selinux_compare_spd_ram, SPD-policy is existed. and_ver=SEPF_SM-E500H_5.1.1 ver=51
12-12 13:36:01.381  1027  1066 D PackageManager: [MSG] START_CLEANING_PACKAGE packageName{com.trellis}
12-12 13:36:01.381  1027  1066 D PackageManager: userId{-1}
12-12 13:36:01.381  1027  1066 D PackageManager: andCode{true}
12-12 13:36:01.391 17527 17527 I SELinux : Function: selinux_compare_spd_ram , priority [1] , priority version is VE=SEPF_SM-E500H_5.1.1_0051
12-12 13:36:01.391  1027  1051 W ResourcesManager: Asset path '/system/framework/sechardware.jar' does not exist or contains no resources.
12-12 13:36:01.391  1027  1051 W ResourcesManager: Asset path '/system/framework/com.google.android.maps.jar' does not exist or contains no resources.
12-12 13:36:01.391  1027  1051 W ResourcesManager: Asset path '/system/framework/twframework.jar' does not exist or contains no resources.
12-12 13:36:01.401 17527 17527 E SELinux : [DEBUG] get_category: variable seinfo: platform sensitivity: NULL, cateogry: NULL
12-12 13:36:01.401  1027  1771 V BroadcastQueue: [backgroundsplit_1] Process cur broadcast BroadcastRecord{3ef4df97 u0 android.intent.action.PACKAGE_REMOVED} DELIVERED for app ProcessRecord{54c2e38 17511:com.samsung.android.app.filterinstaller/1000}
12-12 13:36:01.421 17489 17489 D [0]UMC:AdminManager: init - end
12-12 13:36:01.421 17489 17489 D GSLBManager: migrateStoredUrlFromOldPref
12-12 13:36:01.431  1027  1713 D ActivityManager: startService callerProcessName:com.google.android.gms.persistent, calleePkgName: com.google.android.gms
12-12 13:36:01.441 17527 17527 D TimaKeyStoreProvider: TimaSignature is unavailable
12-12 13:36:01.441 17527 17527 D ActivityThread: Added TimaKeyStore provider
12-12 13:36:01.441 17511 17511 W ResourcesManager: Asset path '/system/framework/secimaging.jar' does not exist or contains no resources.
12-12 13:36:01.441 17489 17489 D GSLBManager: migrateStoredUrlFromOldPref : Migration Not Needed
12-12 13:36:01.441  1027  1810 V BroadcastQueue: [background] Process cur broadcast BroadcastRecord{334b2b2e u0 android.intent.action.PACKAGE_REMOVED} DELIVERED for app ProcessRecord{358bb76 17527:com.sec.pcw.device/1000}
12-12 13:36:01.451 17489 17489 D [0]UMC:CoreReceiver: Intent : android.intent.action.PACKAGE_REMOVED
12-12 13:36:01.451 17489 17489 D [0]UMC:CoreReceiver: PackageName : com.trellis
12-12 13:36:01.451 17489 17489 D [0]UMC:CoreReceiver: Intent Replacing : false
12-12 13:36:01.461 17489 17489 D [0]UMC:CoreReceiver: bulk enrolled package: null
12-12 13:36:01.471 17489 17489 V [0]UMC:ProfileStorage: Enter loadList
12-12 13:36:01.471  1027  1713 D BatteryService: !@BatteryListener : batteryPropertiesChanged!
12-12 13:36:01.471  1027  1713 D BatteryService: level:100, scale:100, status:5, health:2, present:true, voltage: 4321, temperature: 275, technology: Li-ion, AC powered:false, USB powered:true, POGO powered:false, Wireless powered:false, icon:17303733, invalid charger:0
12-12 13:36:01.471  1027  1713 D BatteryService: online:4, current avg:0, charge type:1, power sharing:false, high voltage charger:false, capacity:240000, current_now:0
12-12 13:36:01.471  1027  1027 D BatteryService: Sending ACTION_BATTERY_CHANGED.
12-12 13:36:01.471 17489 17489 D [0]UMC:CoreReceiver: handleAutoEnrollmentAndUMCAdminDeactivation
12-12 13:36:01.471  1027  1027 I MotionRecognitionService: Plugged
12-12 13:36:01.471  1027  1027 D MotionRecognitionService:   cableConnection= 1
12-12 13:36:01.471  1027  1027 D MotionRecognitionService: setPowerConnected | current backoffstate  = 0 , state =0
12-12 13:36:01.471  1027  1027 D MotionRecognitionService: skip setTransmitPower. 
12-12 13:36:01.481  1230  1230 D KeyguardUpdateMonitor: received broadcast android.intent.action.BATTERY_CHANGED
12-12 13:36:01.481  1230  1230 I PERF    : received broadcast android.intent.action.BATTERY_CHANGED
12-12 13:36:01.481  1230  1230 D KeyguardUpdateMonitor: handleBatteryUpdate
12-12 13:36:01.481 17511 17511 D FilterPackageIntentReceiver: FilterInstaller does not have information of this package com.trellis
12-12 13:36:01.491 17527 17527 I PCWCLIENTTRACE_LOG: DEFAULT_LOGON : true
12-12 13:36:01.491 17527 17527 I PCWCLIENTTRACE_LOG: DEFAULT_LOGLEVEL : 3
12-12 13:36:01.491 17527 17527 I PCWCLIENTTRACE_DMDBOpenHelper: new DMDBOpenHelper instance
12-12 13:36:01.491  2737  2737 V HeadsetService: HeadsetService - Received Intent.ACTION_BATTERY_CHANGED
12-12 13:36:01.491  2737  2816 D HeadsetStateMachine: Disconnected process message: 10
12-12 13:36:01.501  1027  6760 D ActivityManager: BGQ getDeferredInfo app launch 300
12-12 13:36:01.501  1027  6760 I ActivityManager: Killing 16579:com.sec.spp.push:RemoteNotiProcess/u0a29 (adj 15): empty #31
12-12 13:36:01.501  1027  6760 D ActivityManager: BGQ getDeferredInfo app launch 300
12-12 13:36:01.501  1027  6760 I ActivityManager: Killing 15882:com.samsung.android.sdk.samsunglink/u0a32 (adj 15): empty #31
12-12 13:36:01.511  1230  1230 D BatteryMeterView: ACTION_BATTERY_CHANGED : level:100 status:5 health:2
12-12 13:36:01.511  1230  1230 D BatteryMeterView: ACTION_BATTERY_CHANGED : level:100 status:5 health:2
12-12 13:36:01.511  1230  1230 D BatteryMeterView: ACTION_BATTERY_CHANGED : level:100 status:5 health:2
12-12 13:36:01.511  1230  1230 D CoverUpdateMonitor: received broadcast android.intent.action.BATTERY_CHANGED
12-12 13:36:01.521 17527 17527 I PCWCLIENTTRACE_PushUtil: SPPPushClient is installed : true
12-12 13:36:01.521 17527 17527 I PCWCLIENTTRACE_PushUtil: sales region : global
12-12 13:36:01.521 17527 17527 I PCWCLIENTTRACE_PushUtil: getPushTypeList : [SPP, GCM]
12-12 13:36:01.521 17527 17527 I PCWCLIENTTRACE_SYSTEMReceiver: [onReceive] - android.intent.action.PACKAGE_REMOVED
12-12 13:36:01.521  1027  1606 D ActivityManager: BGQ getDeferredInfo app launch 300
12-12 13:36:01.521  1027  1606 I ActivityManager: Killing 16555:com.sec.android.provider.badge/u0a65 (adj 15): empty #31
12-12 13:36:01.551  1027  1051 D UsbSettingsManager: clearDefaults: com.trellis
12-12 13:36:01.551  1027  1051 I CrashAnrDetector: onPackageRemoved : com.trellis
12-12 13:36:01.551  1463  1463 E Launcher.Model: onPackageRemoved :com.trellis
12-12 13:36:01.561  1027  1496 W WindowManager: Execute app transition: mNextAppTransition=0xffffffff displayId = 0
12-12 13:36:01.561  1027  1496 W WindowManager: java.lang.RuntimeException: here
12-12 13:36:01.561  1027  1496 W WindowManager: 	at com.android.server.wm.WindowManagerService.executeAppTransition(WindowManagerService.java:7314)
12-12 13:36:01.561  1027  1496 W WindowManager: 	at com.android.server.am.ActivityStack.resumeTopActivityInnerLocked(ActivityStack.java:2575)
12-12 13:36:01.561  1027  1496 W WindowManager: 	at com.android.server.am.ActivityStack.resumeTopActivityLocked(ActivityStack.java:2492)
12-12 13:36:01.561  1027  1496 W WindowManager: 	at com.android.server.am.ActivityStackSupervisor.resumeTopActivitiesLocked(ActivityStackSupervisor.java:4478)
12-12 13:36:01.561  1027  1496 W WindowManager: 	at com.android.server.am.ActivityStackSupervisor.resumeTopActivitiesLocked(ActivityStackSupervisor.java:4451)
12-12 13:36:01.561  1027  1496 W WindowManager: 	at com.android.server.am.ActivityManagerService.handleAppDiedLocked(ActivityManagerService.java:7067)
12-12 13:36:01.561  1027  1496 W WindowManager: 	at com.android.server.am.ActivityManagerService.appDiedLocked(ActivityManagerService.java:7248)
12-12 13:36:01.561  1027  1496 W WindowManager: 	at com.android.server.am.ActivityManagerService$AppDeathRecipient.binderDied(ActivityManagerService.java:1754)
12-12 13:36:01.561  1027  1496 W WindowManager: 	at android.os.BinderProxy.sendDeathNotice(Binder.java:566)
12-12 13:36:01.561  1027  1713 W WindowManager: Execute app transition: mNextAppTransition=0xffffffff displayId = 0
12-12 13:36:01.561  1027  1713 W WindowManager: java.lang.RuntimeException: here
12-12 13:36:01.561  1027  1713 W WindowManager: 	at com.android.server.wm.WindowManagerService.executeAppTransition(WindowManagerService.java:7314)
12-12 13:36:01.561  1027  1713 W WindowManager: 	at com.android.server.am.ActivityStack.resumeTopActivityInnerLocked(ActivityStack.java:2575)
12-12 13:36:01.561  1027  1713 W WindowManager: 	at com.android.server.am.ActivityStack.resumeTopActivityLocked(ActivityStack.java:2492)
12-12 13:36:01.561  1027  1713 W WindowManager: 	at com.android.server.am.ActivityStackSupervisor.resumeTopActivitiesLocked(ActivityStackSupervisor.java:4478)
12-12 13:36:01.561  1027  1713 W WindowManager: 	at com.android.server.am.ActivityStackSupervisor.resumeTopActivitiesLocked(ActivityStackSupervisor.java:4451)
12-12 13:36:01.561  1027  1713 W WindowManager: 	at com.android.server.am.ActivityManagerService.handleAppDiedLocked(ActivityManagerService.java:7067)
12-12 13:36:01.561  1027  1713 W WindowManager: 	at com.android.server.am.ActivityManagerService.appDiedLocked(ActivityManagerService.java:7248)
12-12 13:36:01.561  1027  1713 W WindowManager: 	at com.android.server.am.ActivityManagerService$AppDeathRecipient.binderDied(ActivityManagerService.java:1754)
12-12 13:36:01.561  1027  1713 W WindowManager: 	at android.os.BinderProxy.sendDeathNotice(Binder.java:566)
12-12 13:36:01.561  1027  1260 W WindowManager: Execute app transition: mNextAppTransition=0xffffffff displayId = 0
12-12 13:36:01.561  1027  1260 W WindowManager: java.lang.RuntimeException: here
12-12 13:36:01.561  1027  1260 W WindowManager: 	at com.android.server.wm.WindowManagerService.executeAppTransition(WindowManagerService.java:7314)
12-12 13:36:01.561  1027  1260 W WindowManager: 	at com.android.server.am.ActivityStack.resumeTopActivityInnerLocked(ActivityStack.java:2575)
12-12 13:36:01.561  1027  1260 W WindowManager: 	at com.android.server.am.ActivityStack.resumeTopActivityLocked(ActivityStack.java:2492)
12-12 13:36:01.561  1027  1260 W WindowManager: 	at com.android.server.am.ActivityStackSupervisor.resumeTopActivitiesLocked(ActivityStackSupervisor.java:4478)
12-12 13:36:01.561  1027  1260 W WindowManager: 	at com.android.server.am.ActivityStackSupervisor.resumeTopActivitiesLocked(ActivityStackSupervisor.java:4451)
12-12 13:36:01.561  1027  1260 W WindowManager: 	at com.android.server.am.ActivityManagerService.handleAppDiedLocked(ActivityManagerService.java:7067)
12-12 13:36:01.561  1027  1260 W WindowManager: 	at com.android.server.am.ActivityManagerService.appDiedLocked(ActivityManagerService.java:7248)
12-12 13:36:01.561  1027  1260 W WindowManager: 	at com.android.server.am.ActivityManagerService$AppDeathRecipient.binderDied(ActivityManagerService.java:1754)
12-12 13:36:01.561  1027  1260 W WindowManager: 	at android.os.BinderProxy.sendDeathNotice(Binder.java:566)
12-12 13:36:01.591  1027  1052 V BroadcastQueue: [backgroundsplit_0] Process cur broadcast BroadcastRecord{2b3068b6 u0 android.intent.action.PACKAGE_REMOVED} DELIVERED for app ProcessRecord{29bdb805 16641:com.android.settings/1000}
12-12 13:36:01.591  1027  1773 D ActivityManager: BGQ getDeferredInfo app launch 300
12-12 13:36:01.611  1027  2848 D ConnectivityService: returning getNetworkInfo for network type 1 : [type: WIFI[] - WIFI, state: CONNECTED/CONNECTED, reason: (unspecified), extra: "9902007673", roaming: false, failover: false, isAvailable: true, isConnectedToProvisioningNetwork: false]
12-12 13:36:01.801  1027  1052 V BroadcastQueue: [backgroundsplit_2] Process cur broadcast BroadcastRecord{1f1dde33 u0 android.intent.action.PACKAGE_REMOVED} DELIVERED for app ProcessRecord{2a2a46e9 15714:com.sec.android.app.samsungapps/u0a6}
12-12 13:36:01.811 15714 15714 V IapReceiver: onReceive      intent.getAction() :   android.intent.action.PACKAGE_REMOVED
12-12 13:36:01.811 15714 15714 I IapReceiver: packageName = com.trellis
12-12 13:36:01.811 17552 17552 E Zygote  : MountEmulatedStorage()
12-12 13:36:01.811 17552 17552 E Zygote  : v2
12-12 13:36:01.811 17552 17552 I libpersona: KNOX_SDCARD checking this for 10093
12-12 13:36:01.811 17552 17552 I libpersona: KNOX_SDCARD not a persona
12-12 13:36:01.821 17552 17552 I SELinux : Function: selinux_compare_spd_ram, SPD-policy is existed. and_ver=SEPF_SM-E500H_5.1.1 ver=51
12-12 13:36:01.821  1027  1052 I ActivityManager: Start proc 17552:com.samsung.android.app.watchmanagerstub/u0a93 for broadcast-4 com.samsung.android.app.watchmanagerstub/com.sec.android.applicationmgr.PackageIntentReceiver
12-12 13:36:01.821 17552 17552 I SELinux : Function: selinux_compare_spd_ram , priority [1] , priority version is VE=SEPF_SM-E500H_5.1.1_0051
12-12 13:36:01.821  1027  1052 V BroadcastQueue: [background] Process cur broadcast BroadcastRecord{334b2b2e u0 android.intent.action.PACKAGE_REMOVED} DELIVERED for app ProcessRecord{c7d045e 14854:com.android.vending/u0a24}
12-12 13:36:01.821 17552 17552 E SELinux : [DEBUG] get_category: variable seinfo: platform sensitivity: NULL, cateogry: NULL
12-12 13:36:01.831  1027  1769 V BroadcastQueue: [backgroundsplit_2] Process cur broadcast BroadcastRecord{1f1dde33 u0 android.intent.action.PACKAGE_REMOVED} DELIVERED for app ProcessRecord{20e09642 12797:com.google.android.gms/u0a8}
12-12 13:36:01.841 17548 17548 D AndroidRuntime: >>>>>> START com.android.internal.os.RuntimeInit uid 2000 <<<<<<
12-12 13:36:01.841  1027  1343 D ActivityManager: BGQ getDeferredInfo app launch 300
12-12 13:36:01.851 17548 17548 D AndroidRuntime: CheckJNI is OFF
12-12 13:36:01.851  1027  1343 D ActivityManager: BGQ getDeferredInfo app launch 300
12-12 13:36:01.851 17548 17548 D AndroidRuntime: readGMSProperty: start
12-12 13:36:01.851 17548 17548 D AndroidRuntime: readGMSProperty: already setted!!
12-12 13:36:01.851 17548 17548 D AndroidRuntime: propertySet: couldn't set property (it is from app)
12-12 13:36:01.851 17548 17548 D AndroidRuntime: readGMSProperty: could not set the property(default)!!
12-12 13:36:01.851 17548 17548 D AndroidRuntime: readGMSProperty: end
12-12 13:36:01.851 17548 17548 D AndroidRuntime: addProductProperty: start
12-12 13:36:01.851 17552 17552 D TimaKeyStoreProvider: TimaSignature is unavailable
12-12 13:36:01.851 17552 17552 D ActivityThread: Added TimaKeyStore provider
12-12 13:36:01.861  1027  1771 V BroadcastQueue: [backgroundsplit_1] Process cur broadcast BroadcastRecord{3ef4df97 u0 android.intent.action.PACKAGE_REMOVED} DELIVERED for app ProcessRecord{1870a014 17552:com.samsung.android.app.watchmanagerstub/u0a93}
12-12 13:36:01.881  1027  1810 D ActivityManager: BGQ getDeferredInfo app launch 300
12-12 13:36:01.881  1027  1810 I ActivityManager: Killing 16606:com.sec.android.app.myfiles/u0a41 (adj 15): empty #31
12-12 13:36:01.891  1027  1052 V BroadcastQueue: [backgroundsplit_0] Process cur broadcast BroadcastRecord{2b3068b6 u0 android.intent.action.PACKAGE_REMOVED} DELIVERED for app ProcessRecord{2cb7105a 16657:com.sec.android.app.soundalive/u0a46}
12-12 13:36:01.891 16657 16657 D Compatibility: onReceive() it will make start service
12-12 13:36:01.901  1027  1606 D ActivityManager: startService callerProcessName:com.sec.android.app.soundalive, calleePkgName: com.sec.android.app.soundalive
12-12 13:36:01.901  1027  1040 D ActivityManager: BGQ getDeferredInfo app launch 300
12-12 13:36:01.901 16657 17568 D Compatibility: onHandleIntent()
12-12 13:36:01.901 16657 17568 D Compatibility: intentservice saw: Intent { act=android.intent.action.PACKAGE_REMOVED dat=package:com.trellis flg=0x4000010 cmp=com.sec.android.app.soundalive/.compatibility.Compatibility$Receiver (has extras) } Bundle[{android.intent.extra.REMOVED_FOR_ALL_USERS=true, android.intent.extra.UID=12270, android.intent.extra.DATA_REMOVED=true, android.intent.extra.user_handle=0}]
12-12 13:36:01.901 16657 17568 D Compatibility: found: 2
12-12 13:36:01.901 16657 17568 D Compatibility: saved default: com.sec.android.app.soundalive.SAControlPanelActivity
12-12 13:36:01.911 16657 17568 D Compatibility: skipping ResolveInfo{1c603eb3 com.sec.android.app.soundalive/.compatibility.Compatibility$Redirector p=2147483647 m=0x108000}
12-12 13:36:01.911 16657 17568 D Compatibility: considering ResolveInfo{19876c70 com.sec.android.app.soundalive/.SAControlPanelActivity m=0x108000}
12-12 13:36:01.911 16657 17568 D Compatibility: default: com.sec.android.app.soundalive.SAControlPanelActivity
12-12 13:36:01.911 16657 17568 D Compatibility: enabling receiver ResolveInfo{30537be9 com.sec.android.app.soundalive/.SAControlPanelReceiver m=0x108000}
12-12 13:36:01.911 16657 17568 D Compatibility: enabling receiver ResolveInfo{282f06e com.sec.android.app.soundalive/.compatibility.HelperGooglePlayMusic m=0x108000}
12-12 13:36:01.921 16657 17568 D Compatibility: enabling receiver ResolveInfo{1a16130f com.sec.android.app.soundalive/.SAControlPanelReceiver m=0x108000}
12-12 13:36:01.921 16657 17568 D Compatibility: enabling receiver ResolveInfo{21cedf9c com.sec.android.app.soundalive/.compatibility.HelperGooglePlayMusic m=0x108000}
12-12 13:36:01.921 16657 17568 D Compatibility: wrote com.sec.android.app.soundalive/com.sec.android.app.soundalive.SAControlPanelActivity as default
12-12 13:36:01.991 17548 17548 E AffinityControl: AffinityControl: registerfunction enter
12-12 13:36:02.011  1027  1039 W WindowManager: Execute app transition: mNextAppTransition=0xffffffff displayId = 0
12-12 13:36:02.011  1027  1039 W WindowManager: java.lang.RuntimeException: here
12-12 13:36:02.011  1027  1039 W WindowManager: 	at com.android.server.wm.WindowManagerService.executeAppTransition(WindowManagerService.java:7314)
12-12 13:36:02.011  1027  1039 W WindowManager: 	at com.android.server.am.ActivityStack.resumeTopActivityInnerLocked(ActivityStack.java:2575)
12-12 13:36:02.011  1027  1039 W WindowManager: 	at com.android.server.am.ActivityStack.resumeTopActivityLocked(ActivityStack.java:2492)
12-12 13:36:02.011  1027  1039 W WindowManager: 	at com.android.server.am.ActivityStackSupervisor.resumeTopActivitiesLocked(ActivityStackSupervisor.java:4478)
12-12 13:36:02.011  1027  1039 W WindowManager: 	at com.android.server.am.ActivityStackSupervisor.resumeTopActivitiesLocked(ActivityStackSupervisor.java:4451)
12-12 13:36:02.011  1027  1039 W WindowManager: 	at com.android.server.am.ActivityManagerService.handleAppDiedLocked(ActivityManagerService.java:7067)
12-12 13:36:02.011  1027  1039 W WindowManager: 	at com.android.server.am.ActivityManagerService.appDiedLocked(ActivityManagerService.java:7248)
12-12 13:36:02.011  1027  1039 W WindowManager: 	at com.android.server.am.ActivityManagerService$AppDeathRecipient.binderDied(ActivityManagerService.java:1754)
12-12 13:36:02.011  1027  1039 W WindowManager: 	at android.os.BinderProxy.sendDeathNotice(Binder.java:566)
12-12 13:36:02.021 17548 17548 D AndroidRuntime: Calling main entry com.android.commands.pm.Pm
12-12 13:36:02.141 17548 17548 I art     : System.exit called, status: 0
12-12 13:36:02.141 17548 17548 I AndroidRuntime: VM exiting with result code 0.
12-12 13:36:02.151  1027  1052 V BroadcastQueue: [backgroundsplit_2] Process cur broadcast BroadcastRecord{1f1dde33 u0 android.intent.action.PACKAGE_REMOVED} DELIVERED for app ProcessRecord{3f447b18 12769:com.google.android.gms.persistent/u0a8}
12-12 13:36:02.161 17579 17579 E Zygote  : MountEmulatedStorage()
12-12 13:36:02.161 17579 17579 E Zygote  : v2
12-12 13:36:02.161 17579 17579 I libpersona: KNOX_SDCARD checking this for 10029
12-12 13:36:02.161 17579 17579 I libpersona: KNOX_SDCARD not a persona
12-12 13:36:02.161 17579 17579 I SELinux : Function: selinux_compare_spd_ram, SPD-policy is existed. and_ver=SEPF_SM-E500H_5.1.1 ver=51
12-12 13:36:02.161 17579 17579 I SELinux : Function: selinux_compare_spd_ram , priority [1] , priority version is VE=SEPF_SM-E500H_5.1.1_0051
12-12 13:36:02.161 17579 17579 E SELinux : [DEBUG] get_category: variable seinfo: samsung sensitivity: NULL, cateogry: NULL
12-12 13:36:02.171  1027  1052 I ActivityManager: Start proc 17579:com.sec.spp.push/u0a29 for broadcast-3 com.sec.spp.push/.receiver.PackageInfoChangeReceiver
12-12 13:36:02.171  1027  1471 V BroadcastQueue: [backgroundsplit_2] Process cur broadcast BroadcastRecord{1f1dde33 u0 android.intent.action.PACKAGE_REMOVED} DELIVERED for app ProcessRecord{3f447b18 12769:com.google.android.gms.persistent/u0a8}
12-12 13:36:02.171 12769 12995 E NetworkScheduler: Unrecognised action provided: android.intent.action.PACKAGE_REMOVED
12-12 13:36:02.171  1027  6760 V BroadcastQueue: [backgroundsplit_2] Process cur broadcast BroadcastRecord{1f1dde33 u0 android.intent.action.PACKAGE_REMOVED} DELIVERED for app ProcessRecord{20e09642 12797:com.google.android.gms/u0a8}
12-12 13:36:02.191 17594 17594 E Zygote  : MountEmulatedStorage()
12-12 13:36:02.191 17594 17594 E Zygote  : v2
12-12 13:36:02.191 17594 17594 I libpersona: KNOX_SDCARD checking this for 1000
12-12 13:36:02.191 17594 17594 I libpersona: KNOX_SDCARD not a persona
12-12 13:36:02.191 17579 17579 D TimaKeyStoreProvider: TimaSignature is unavailable
12-12 13:36:02.191 17594 17594 I SELinux : Function: selinux_compare_spd_ram, SPD-policy is existed. and_ver=SEPF_SM-E500H_5.1.1 ver=51
12-12 13:36:02.191 17579 17579 D ActivityThread: Added TimaKeyStore provider
12-12 13:36:02.191  1027  1052 I ActivityManager: Start proc 17594:com.samsung.helphub/1000 for broadcast-4 com.samsung.helphub/.broadcast.HelpHubBroadcastReceiver
12-12 13:36:02.201  1027  1774 V BroadcastQueue: [backgroundsplit_2] Process cur broadcast BroadcastRecord{1f1dde33 u0 android.intent.action.PACKAGE_REMOVED} DELIVERED for app ProcessRecord{3f447b18 12769:com.google.android.gms.persistent/u0a8}
12-12 13:36:02.201 17594 17594 I SELinux : Function: selinux_compare_spd_ram , priority [1] , priority version is VE=SEPF_SM-E500H_5.1.1_0051
12-12 13:36:02.201 17594 17594 E SELinux : [DEBUG] get_category: variable seinfo: platform sensitivity: NULL, cateogry: NULL
12-12 13:36:02.201  1027  1773 V BroadcastQueue: [background] Process cur broadcast BroadcastRecord{334b2b2e u0 android.intent.action.PACKAGE_REMOVED} DELIVERED for app ProcessRecord{f01c6b2 17579:com.sec.spp.push/u0a29}
12-12 13:36:02.201  1027  1260 D ActivityManager: startService callerProcessName:com.google.android.gms.persistent, calleePkgName: com.google.android.gms
12-12 13:36:02.211  1027  1052 V BroadcastQueue: [backgroundsplit_0] Process cur broadcast BroadcastRecord{2b3068b6 u0 android.intent.action.PACKAGE_REMOVED} DELIVERED for app ProcessRecord{33c5c5d 17353:com.google.android.googlequicksearchbox:search/u0a49}
12-12 13:36:02.211  1027  1606 D ActivityManager: startService callerProcessName:com.google.android.gms.persistent, calleePkgName: com.google.android.gms
12-12 13:36:02.231  1027  1471 D ActivityManager: BGQ getDeferredInfo app launch 300
12-12 13:36:02.231  1027  1769 D ActivityManager: startService callerProcessName:com.google.android.gms.persistent, calleePkgName: com.google.android.gms
12-12 13:36:02.231  1027  1260 D ActivityManager: startService callerProcessName:com.google.android.gms, calleePkgName: com.google.android.gms
12-12 13:36:02.231  1027  1772 D ActivityManager: startService callerProcessName:com.google.android.gms, calleePkgName: com.google.android.gms
12-12 13:36:02.241  1027  1496 D ActivityManager: startService callerProcessName:com.google.android.googlequicksearchbox:search, calleePkgName: com.google.android.googlequicksearchbox
12-12 13:36:02.241 17594 17594 D TimaKeyStoreProvider: TimaSignature is unavailable
12-12 13:36:02.241 17594 17594 D ActivityThread: Added TimaKeyStore provider
12-12 13:36:02.261  1027  1343 V BroadcastQueue: [backgroundsplit_1] Process cur broadcast BroadcastRecord{3ef4df97 u0 android.intent.action.PACKAGE_REMOVED} DELIVERED for app ProcessRecord{3ceaff5f 17594:com.samsung.helphub/1000}
12-12 13:36:02.261  1027  1471 D ActivityManager: BGQ getDeferredInfo app launch 300
12-12 13:36:02.261  1027  1260 D ActivityManager: startService callerProcessName:com.google.android.gms, calleePkgName: com.google.android.gms
12-12 13:36:02.271 17579 17579 D SPPClientService: Create
12-12 13:36:02.291  1027  1830 D ActivityManager: BGQ getDeferredInfo app launch 300
12-12 13:36:02.301 17579 17613 D SPPClientService: Create SPP
12-12 13:36:02.301 17579 17613 E SPPClientService: ShipBuild Binary : True
12-12 13:36:02.301 12769 13206 W ConfigurationChimeraPro: Got null configs for com.google.android.gms.drive
12-12 13:36:02.331  1027  1772 D ActivityManager: BGQ getDeferredInfo app launch 300
12-12 13:36:02.341 17579 17613 D SPPClientService: PushLog.txt file is not deleted.
12-12 13:36:02.351 17579 17613 D SPPClientService: PushLog.txt file is not deleted.
12-12 13:36:02.351 17579 17613 D SPPClientService: ============PushLog. stop!
12-12 13:36:02.351  1027  1830 I ActivityManager: Killing 16621:com.wsomacp/u0a21 (adj 15): empty #31
12-12 13:36:02.381  1027  1260 W WindowManager: Execute app transition: mNextAppTransition=0xffffffff displayId = 0
12-12 13:36:02.381  1027  1260 W WindowManager: java.lang.RuntimeException: here
12-12 13:36:02.381  1027  1260 W WindowManager: 	at com.android.server.wm.WindowManagerService.executeAppTransition(WindowManagerService.java:7314)
12-12 13:36:02.381  1027  1260 W WindowManager: 	at com.android.server.am.ActivityStack.resumeTopActivityInnerLocked(ActivityStack.java:2575)
12-12 13:36:02.381  1027  1260 W WindowManager: 	at com.android.server.am.ActivityStack.resumeTopActivityLocked(ActivityStack.java:2492)
12-12 13:36:02.381  1027  1260 W WindowManager: 	at com.android.server.am.ActivityStackSupervisor.resumeTopActivitiesLocked(ActivityStackSupervisor.java:4478)
12-12 13:36:02.381  1027  1260 W WindowManager: 	at com.android.server.am.ActivityStackSupervisor.resumeTopActivitiesLocked(ActivityStackSupervisor.java:4451)
12-12 13:36:02.381  1027  1260 W WindowManager: 	at com.android.server.am.ActivityManagerService.handleAppDiedLocked(ActivityManagerService.java:7067)
12-12 13:36:02.381  1027  1260 W WindowManager: 	at com.android.server.am.ActivityManagerService.appDiedLocked(ActivityManagerService.java:7248)
12-12 13:36:02.381  1027  1260 W WindowManager: 	at com.android.server.am.ActivityManagerService$AppDeathRecipient.binderDied(ActivityManagerService.java:1754)
12-12 13:36:02.381  1027  1260 W WindowManager: 	at android.os.BinderProxy.sendDeathNotice(Binder.java:566)
12-12 13:36:02.391  1027  1471 D ActivityManager: startService callerProcessName:com.google.android.gms.persistent, calleePkgName: com.google.android.gms
12-12 13:36:02.411 12797 17422 I GrowthService: Package com.trellis uninstalled. Removing from storage.
12-12 13:36:02.421  1027  1773 D ActivityManager: startService callerProcessName:com.google.android.gms, calleePkgName: com.google.android.gms
12-12 13:36:02.431  1027  1830 D ActivityManager: startService callerProcessName:com.google.android.gms, calleePkgName: com.google.android.gms
12-12 13:36:02.431  1027  1039 D ActivityManager: startService callerProcessName:com.google.android.gms, calleePkgName: com.google.android.gms
12-12 13:36:02.431  1027  1713 D ActivityManager: startService callerProcessName:com.google.android.gms, calleePkgName: com.google.android.gms
12-12 13:36:02.431  1027  1260 D ActivityManager: startService callerProcessName:com.google.android.gms, calleePkgName: com.google.android.gms
12-12 13:36:02.451 12797 13279 I Icing   : doRemovePackageData com.trellis
12-12 13:36:02.471 12797 12870 I Icing   : IndexChimeraService.getServiceInterface callingPackage=com.google.android.gms componentName=AppsCorpus serviceId=32
12-12 13:36:02.471 12797 13261 I Icing   : IndexChimeraService.getServiceInterface callingPackage=com.google.android.gms componentName=AppsCorpus serviceId=36
12-12 13:36:02.471 12797 17424 I PeopleContactsSync: triggerPendingContactsCleanup: no accounts
12-12 13:36:02.491 12797 17424 D Wear_Controller: Received broadcast action=android.intent.action.PACKAGE_REMOVED and uri=com.trellis
12-12 13:36:02.491  1027  1774 D ActivityManager: startService callerProcessName:com.google.android.gms, calleePkgName: com.google.android.gms
12-12 13:36:02.501 17353 17612 I UpdateIcingCorporaServi: Updating corpora: APPS=com.trellis, CONTACTS=MAYBE
12-12 13:36:02.511 12797 17424 I LocationSettingsChecker: Removing dialog suppression flag for package com.trellis
12-12 13:36:02.531  1027  1052 V BroadcastQueue: [backgroundsplit_2] Process cur broadcast BroadcastRecord{1f1dde33 u0 android.intent.action.PACKAGE_REMOVED} DELIVERED for app ProcessRecord{24d55b8a 15984:com.google.android.apps.plus/u0a115}
12-12 13:36:02.531  1027  1040 D ActivityManager: startService callerProcessName:com.google.android.apps.plus, calleePkgName: com.google.android.apps.plus
12-12 13:36:02.561  1027  1771 D ActivityManager: BGQ getDeferredInfo app launch 300
12-12 13:36:02.561 12797 17426 D ConnectivityManager: CallingUid : 10008, CallingPid : 12797
12-12 13:36:02.561  1027  1052 V BroadcastQueue: [backgroundsplit_0] Process cur broadcast BroadcastRecord{2b3068b6 u0 android.intent.action.PACKAGE_REMOVED} DELIVERED for app ProcessRecord{33c5c5d 17353:com.google.android.googlequicksearchbox:search/u0a49}
12-12 13:36:02.561  1027  1039 D ConnectivityService: listenForNetwork for NetworkRequest [ id=12, legacyType=-1, [ Capabilities: INTERNET&NOT_RESTRICTED&TRUSTED&NOT_VPN] ]
12-12 13:36:02.561  1027  1175 D ConnectivityService: handleRegisterNetworkRequest checking NetworkAgentInfo [WIFI_P2P () - 501]
12-12 13:36:02.561  1027  1175 D ConnectivityService: handleRegisterNetworkRequest checking NetworkAgentInfo [WIFI () - 503]
12-12 13:36:02.561  1027  1175 D ConnectivityService: apparently satisfied.  currentScore=100
12-12 13:36:02.571 12797 17624 D ConnectivityManager.CallbackHandler: CM callback handler got msg 524290
12-12 13:36:02.571  1027  1471 D ActivityManager: BGQ getDeferredInfo app launch 300
12-12 13:36:02.611 12797 17619 I DatabaseHelper: Creating a new database at version 172 for /data/data/com.google.android.gms/databases/DocList.db
12-12 13:36:02.611 17625 17625 I libpersona: KNOX_SDCARD checking this for 10029
12-12 13:36:02.611 17625 17625 E Zygote  : MountEmulatedStorage()
12-12 13:36:02.611 17625 17625 I libpersona: KNOX_SDCARD not a persona
12-12 13:36:02.611 17625 17625 E Zygote  : v2
12-12 13:36:02.611 17625 17625 I SELinux : Function: selinux_compare_spd_ram, SPD-policy is existed. and_ver=SEPF_SM-E500H_5.1.1 ver=51
12-12 13:36:02.621 17625 17625 I SELinux : Function: selinux_compare_spd_ram , priority [1] , priority version is VE=SEPF_SM-E500H_5.1.1_0051
12-12 13:36:02.621 17625 17625 E SELinux : [DEBUG] get_category: variable seinfo: samsung sensitivity: NULL, cateogry: NULL
12-12 13:36:02.621  1027  1052 I ActivityManager: Start proc 17625:com.sec.spp.push:RemoteNotiProcess/u0a29 for broadcast-3 com.sec.spp.push/.notisvc.registration.PackageChangeEventReceiver
12-12 13:36:02.641 17625 17625 D TimaKeyStoreProvider: TimaSignature is unavailable
12-12 13:36:02.641 17625 17625 D ActivityThread: Added TimaKeyStore provider
12-12 13:36:02.651   301   301 I art     : Explicit concurrent mark sweep GC freed 8745(372KB) AllocSpace objects, 0(0B) LOS objects, 39% free, 7MB/11MB, paused 830us total 29.006ms
12-12 13:36:02.671   301   301 I art     : Explicit concurrent mark sweep GC freed 5(160B) AllocSpace objects, 0(0B) LOS objects, 39% free, 7MB/11MB, paused 695us total 18.992ms
12-12 13:36:02.691   301   301 I art     : Explicit concurrent mark sweep GC freed 5(160B) AllocSpace objects, 0(0B) LOS objects, 39% free, 7MB/11MB, paused 754us total 19.258ms
12-12 13:36:02.711 17640 17640 E Zygote  : MountEmulatedStorage()
12-12 13:36:02.711 17640 17640 E Zygote  : v2
12-12 13:36:02.711 17640 17640 I libpersona: KNOX_SDCARD checking this for 1000
12-12 13:36:02.711 17640 17640 I libpersona: KNOX_SDCARD not a persona
12-12 13:36:02.711 17640 17640 I SELinux : Function: selinux_compare_spd_ram, SPD-policy is existed. and_ver=SEPF_SM-E500H_5.1.1 ver=51
12-12 13:36:02.711 17640 17640 I SELinux : Function: selinux_compare_spd_ram , priority [1] , priority version is VE=SEPF_SM-E500H_5.1.1_0051
12-12 13:36:02.721 17640 17640 E SELinux : [DEBUG] get_category: variable seinfo: platform sensitivity: NULL, cateogry: NULL
12-12 13:36:02.721  1027  1052 I ActivityManager: Start proc 17640:com.android.keychain/1000 for broadcast-4 com.android.keychain/.KeyChainBroadcastReceiver
12-12 13:36:02.731  1027  1772 V BroadcastQueue: [background] Process cur broadcast BroadcastRecord{334b2b2e u0 android.intent.action.PACKAGE_REMOVED} DELIVERED for app ProcessRecord{7416ae5 17625:com.sec.spp.push:RemoteNotiProcess/u0a29}
12-12 13:36:02.741 17615 17615 D AndroidRuntime: >>>>>> START com.android.internal.os.RuntimeInit uid 2000 <<<<<<
12-12 13:36:02.741 17640 17640 D TimaKeyStoreProvider: TimaSignature is unavailable
12-12 13:36:02.751 17640 17640 D ActivityThread: Added TimaKeyStore provider
12-12 13:36:02.751 17615 17615 D AndroidRuntime: CheckJNI is OFF
12-12 13:36:02.751 17615 17615 D AndroidRuntime: readGMSProperty: start
12-12 13:36:02.751 17615 17615 D AndroidRuntime: readGMSProperty: already setted!!
12-12 13:36:02.751 17615 17615 D AndroidRuntime: propertySet: couldn't set property (it is from app)
12-12 13:36:02.751 17615 17615 D AndroidRuntime: readGMSProperty: could not set the property(default)!!
12-12 13:36:02.751 17615 17615 D AndroidRuntime: readGMSProperty: end
12-12 13:36:02.751 17615 17615 D AndroidRuntime: addProductProperty: start
12-12 13:36:02.751  1027  1769 V BroadcastQueue: [backgroundsplit_1] Process cur broadcast BroadcastRecord{3ef4df97 u0 android.intent.action.PACKAGE_REMOVED} DELIVERED for app ProcessRecord{178a79ba 17640:com.android.keychain/1000}
12-12 13:36:02.801  1027  1606 D ActivityManager: getContentProviderImpl callerProcessName:com.google.android.googlequicksearchbox:search, calleePkgName: com.google.android.partnersetup
