12-12 13:32:51.681  1027  1606 D ActivityManager: startService callerProcessName:com.google.android.gms, calleePkgName: com.google.android.gms
12-12 13:32:51.691  1027  1040 D ActivityManager: startService callerProcessName:com.google.android.gms, calleePkgName: com.google.android.gms
12-12 13:32:51.701  1027  1810 D ActivityManager: startService callerProcessName:com.google.android.gms, calleePkgName: com.google.android.gms
12-12 13:32:51.711  1027  1771 D ActivityManager: startService callerProcessName:com.google.android.gms, calleePkgName: com.google.android.gms
12-12 13:32:51.711 12769 12779 W ConfigurationChimeraPro: Got null configs for com.google.android.gms.trustlet_onbody
12-12 13:32:51.721 12942 12942 D AndroidRuntime: Calling main entry com.android.commands.pm.Pm
12-12 13:32:51.721  1027  1774 D ActivityManager: startService callerProcessName:com.google.android.gms, calleePkgName: com.google.android.gms
12-12 13:32:51.721  1027  1606 D ActivityManager: startService callerProcessName:com.google.android.gms, calleePkgName: com.google.android.gms
12-12 13:32:51.721 12769 12769 I art     : Rejecting re-init on previously-failed class java.lang.Class<nae>
12-12 13:32:51.731 12769 12769 I art     : Rejecting re-init on previously-failed class java.lang.Class<nae>
12-12 13:32:51.731  1027  1039 D ActivityManager: startService callerProcessName:com.google.android.gms, calleePkgName: com.google.android.gms
12-12 13:32:51.731  1027  1040 V ApplicationPolicy: isApplicationStateBlocked userId 0 pkgname com.sec.android.app.sbrowsertry
12-12 13:32:51.731  1027  1040 W ActivityManager: Invalid packageName: com.sec.android.app.sbrowsertry
12-12 13:32:51.741  1027  1260 D ActivityManager: startService callerProcessName:com.google.android.gms, calleePkgName: com.google.android.gms
12-12 13:32:51.741 12942 12942 I art     : System.exit called, status: 1
12-12 13:32:51.741 12942 12942 I AndroidRuntime: VM exiting with result code 1.
12-12 13:32:51.741  1027  1774 D ActivityManager: startService callerProcessName:com.google.android.gms, calleePkgName: com.google.android.gms
12-12 13:32:51.741  1027  6760 D ActivityManager: startService callerProcessName:com.google.android.gms, calleePkgName: com.google.android.gms
12-12 13:32:51.751  1027  6760 D ActivityManager: startService callerProcessName:com.google.android.gms, calleePkgName: com.google.android.gms
12-12 13:32:51.761  1027  1496 D ActivityManager: startService callerProcessName:com.google.android.gms, calleePkgName: com.google.android.gms
12-12 13:32:51.771 12769 12783 W ConfigurationChimeraPro: Got null configs for com.google.android.gms.auth.api.credentials
12-12 13:32:51.771  1027  1713 D ActivityManager: startService callerProcessName:com.google.android.gms, calleePkgName: com.google.android.gms
12-12 13:32:51.791  1027  1769 D ActivityManager: startService callerProcessName:com.google.android.gms, calleePkgName: com.google.android.gms
12-12 13:32:51.791 12909 12909 D Finsky  : [1] FinskyApp.onCreate: Initializing network with DFE https://android.clients.google.com/fdfe/
12-12 13:32:51.801  1027  1260 D ActivityManager: startService callerProcessName:com.google.android.gms, calleePkgName: com.google.android.gms
12-12 13:32:51.801 12769 12769 D SecWifiDisplayUtil: Metadata value : none
12-12 13:32:51.801  1027  1606 D ActivityManager: startService callerProcessName:com.google.android.gms, calleePkgName: com.google.android.gms
12-12 13:32:51.801  1027  1471 D ConnectivityService: returning getNetworkInfo for network type 0 : [type: MOBILE[] - MOBILE, state: DISCONNECTED/DISCONNECTED, reason: (unspecified), extra: (none), roaming: false, failover: false, isAvailable: true, isConnectedToProvisioningNetwork: false]
12-12 13:32:51.801  1027  1471 D ConnectivityService: returning getNetworkInfo for network type 1 : [type: WIFI[] - WIFI, state: DISCONNECTED/DISCONNECTED, reason: (unspecified), extra: (none), roaming: false, failover: false, isAvailable: true, isConnectedToProvisioningNetwork: false]
12-12 13:32:51.801  1027  1471 D ConnectivityService: returning getNetworkInfo for network type 2 : [type: MOBILE_MMS[] - MOBILE_MMS, state: DISCONNECTED/DISCONNECTED, reason: (unspecified), extra: (none), roaming: false, failover: false, isAvailable: true, isConnectedToProvisioningNetwork: false]
12-12 13:32:51.801  1027  1471 D ConnectivityService: returning getNetworkInfo for network type 3 : [type: MOBILE_SUPL[] - MOBILE_SUPL, state: DISCONNECTED/DISCONNECTED, reason: (unspecified), extra: (none), roaming: false, failover: false, isAvailable: true, isConnectedToProvisioningNetwork: false]
12-12 13:32:51.801  1027  1471 D ConnectivityService: returning getNetworkInfo for network type 4 : [type: MOBILE_DUN[] - MOBILE_DUN, state: DISCONNECTED/DISCONNECTED, reason: (unspecified), extra: (none), roaming: false, failover: false, isAvailable: true, isConnectedToProvisioningNetwork: false]
12-12 13:32:51.801  1027  1471 D ConnectivityService: returning getNetworkInfo for network type 5 : [type: MOBILE_HIPRI[] - MOBILE_HIPRI, state: DISCONNECTED/DISCONNECTED, reason: (unspecified), extra: (none), roaming: false, failover: false, isAvailable: true, isConnectedToProvisioningNetwork: false]
12-12 13:32:51.801  1027  1471 D ConnectivityService: returning getNetworkInfo for network type 7 : [type: BLUETOOTH[] - BLUETOOTH, state: DISCONNECTED/DISCONNECTED, reason: (unspecified), extra: (none), roaming: false, failover: false, isAvailable: true, isConnectedToProvisioningNetwork: false]
12-12 13:32:51.801  1027  1471 D ConnectivityService: returning getNetworkInfo for network type 9 : [type: ETHERNET[] - ETHERNET, state: DISCONNECTED/DISCONNECTED, reason: (unspecified), extra: (none), roaming: false, failover: false, isAvailable: true, isConnectedToProvisioningNetwork: false]
12-12 13:32:51.801  1027  1471 D ConnectivityService: returning getNetworkInfo for network type 10 : [type: MOBILE_FOTA[] - MOBILE_FOTA, state: DISCONNECTED/DISCONNECTED, reason: (unspecified), extra: (none), roaming: false, failover: false, isAvailable: true, isConnectedToProvisioningNetwork: false]
12-12 13:32:51.801  1027  1471 D ConnectivityService: returning getNetworkInfo for network type 11 : [type: MOBILE_IMS[] - MOBILE_IMS, state: DISCONNECTED/DISCONNECTED, reason: (unspecified), extra: (none), roaming: false, failover: false, isAvailable: true, isConnectedToProvisioningNetwork: false]
12-12 13:32:51.801  1027  1471 D ConnectivityService: returning getNetworkInfo for network type 12 : [type: MOBILE_CBS[] - MOBILE_CBS, state: DISCONNECTED/DISCONNECTED, reason: (unspecified), extra: (none), roaming: false, failover: false, isAvailable: true, isConnectedToProvisioningNetwork: false]
12-12 13:32:51.801  1027  1471 D ConnectivityService: returning getNetworkInfo for network type 13 : [type: WIFI_P2P[] - WIFI_P2P, state: UNKNOWN/IDLE, reason: (unspecified), extra: (none), roaming: false, failover: false, isAvailable: true, isConnectedToProvisioningNetwork: false]
12-12 13:32:51.801  1027  1471 D ConnectivityService: returning getNetworkInfo for network type 14 : [type: MOBILE_IA[] - MOBILE_IA, state: DISCONNECTED/DISCONNECTED, reason: (unspecified), extra: (none), roaming: false, failover: false, isAvailable: true, isConnectedToProvisioningNetwork: false]
12-12 13:32:51.801  1027  1471 D ConnectivityService: returning getNetworkInfo for network type 15 : [type: MOBILE_EMERGENCY[] - MOBILE_EMERGENCY, state: DISCONNECTED/DISCONNECTED, reason: (unspecified), extra: (none), roaming: false, failover: false, isAvailable: true, isConnectedToProvisioningNetwork: false]
12-12 13:32:51.801  1027  1471 D ConnectivityService: returning getNetworkInfo for network type 17 : [type: 17[] - 17, state: DISCONNECTED/DISCONNECTED, reason: (unspecified), extra: (none), roaming: false, failover: false, isAvailable: true, isConnectedToProvisioningNetwork: false]
12-12 13:32:51.811  1027  1771 D ActivityManager: startService callerProcessName:com.google.android.gms, calleePkgName: com.google.android.gms
12-12 13:32:51.811 12909 12909 W Finsky  : [1] FinskyApp.getCurrentAccount: No account configured on this device.
12-12 13:32:51.811  1027  1039 D ActivityManager: startService callerProcessName:com.google.android.gms, calleePkgName: com.google.android.gms
12-12 13:32:51.821  1027  1810 D ActivityManager: startService callerProcessName:com.google.android.gms, calleePkgName: com.google.android.gms
12-12 13:32:51.821  1027  1772 D ActivityManager: startService callerProcessName:com.google.android.gms, calleePkgName: com.google.android.gms
12-12 13:32:51.831  1027  1771 D ActivityManager: startService callerProcessName:com.google.android.gms, calleePkgName: com.google.android.gms
12-12 13:32:51.831  1027  1606 D ActivityManager: startService callerProcessName:com.google.android.gms, calleePkgName: com.google.android.gms
12-12 13:32:51.841  1027  1471 D ActivityManager: startService callerProcessName:com.google.android.gms, calleePkgName: com.google.android.gms
12-12 13:32:51.841  1027  1774 D ActivityManager: startService callerProcessName:com.google.android.gms, calleePkgName: com.google.android.gms
12-12 13:32:51.841  1027  1830 D ActivityManager: startService callerProcessName:com.google.android.gms, calleePkgName: com.google.android.gms
12-12 13:32:51.851 12494 12954 W LocationOracleImpl: Best location was null
12-12 13:32:51.851  1027  1343 D ActivityManager: startService callerProcessName:com.google.android.gms, calleePkgName: com.google.android.gms
12-12 13:32:51.851  1027  1496 D ActivityManager: startService callerProcessName:com.google.android.gms, calleePkgName: com.google.android.gms
12-12 13:32:51.851  1027  1713 D ActivityManager: startService callerProcessName:com.google.android.gms, calleePkgName: com.google.android.gms
12-12 13:32:51.861  1027  1771 D ActivityManager: startService callerProcessName:com.google.android.gms, calleePkgName: com.google.android.gms
12-12 13:32:51.871 12769 12861 W ConfigurationChimeraPro: Got null configs for com.google.android.gms.auth.api.phone
12-12 13:32:51.871  1027  1774 D ActivityManager: startService callerProcessName:com.google.android.gms, calleePkgName: com.google.android.gms
12-12 13:32:51.921  1027  1606 D ActivityManager: startService callerProcessName:com.google.android.gms, calleePkgName: com.google.android.gms
12-12 13:32:51.931  1027  1830 D ActivityManager: startService callerProcessName:com.google.android.gms, calleePkgName: com.google.android.gms
12-12 13:32:51.941 12797 12846 I Auth    : [AuthManaged,AuthManagedModuleInitIntentOperation] enabling com.google.android.gms.auth.managed.ui.EmmActivity
12-12 13:32:51.941 12797 12850 E ConfigFileUtils: Failed to read config file: /data/data/com.google.android.gms/app_chimera/current_fileapks.pb: open failed: ENOENT (No such file or directory)
12-12 13:32:51.951 12797 12846 I Auth    : [AuthManaged,AuthManagedModuleInitIntentOperation] enabling com.google.android.gms.auth.managed.ui.PhoneskyDpcInstallActivity
12-12 13:32:51.971 12797 12847 E ConfigFileUtils: Failed to read config file: /data/data/com.google.android.gms/app_chimera/current_fileapks.pb: open failed: ENOENT (No such file or directory)
12-12 13:32:51.971 12769 12779 W ConfigurationChimeraPro: Got null configs for com.google.android.gms.auth_managed
12-12 13:32:52.001 12797 12847 E ConfigFileUtils: Failed to read config file: /data/data/com.google.android.gms/app_chimera/current_fileapks.pb: open failed: ENOENT (No such file or directory)
12-12 13:32:52.021  1027  1772 D ActivityManager: startService callerProcessName:com.google.android.gms, calleePkgName: com.google.android.gms
12-12 13:32:52.031 12797 13003 I Backup  : [CallLogFlagSetter] Not enabling call log backup; device is < M.
12-12 13:32:52.051  1027  1496 D ConnectivityService: returning getNetworkInfo for network type 0 : [type: MOBILE[] - MOBILE, state: DISCONNECTED/DISCONNECTED, reason: (unspecified), extra: (none), roaming: false, failover: false, isAvailable: true, isConnectedToProvisioningNetwork: false]
12-12 13:32:52.051  1027  1496 D ConnectivityService: returning getNetworkInfo for network type 1 : [type: WIFI[] - WIFI, state: DISCONNECTED/DISCONNECTED, reason: (unspecified), extra: (none), roaming: false, failover: false, isAvailable: true, isConnectedToProvisioningNetwork: false]
12-12 13:32:52.051  1027  1496 D ConnectivityService: returning getNetworkInfo for network type 2 : [type: MOBILE_MMS[] - MOBILE_MMS, state: DISCONNECTED/DISCONNECTED, reason: (unspecified), extra: (none), roaming: false, failover: false, isAvailable: true, isConnectedToProvisioningNetwork: false]
12-12 13:32:52.051  1027  1496 D ConnectivityService: returning getNetworkInfo for network type 3 : [type: MOBILE_SUPL[] - MOBILE_SUPL, state: DISCONNECTED/DISCONNECTED, reason: (unspecified), extra: (none), roaming: false, failover: false, isAvailable: true, isConnectedToProvisioningNetwork: false]
12-12 13:32:52.051  1027  1496 D ConnectivityService: returning getNetworkInfo for network type 4 : [type: MOBILE_DUN[] - MOBILE_DUN, state: DISCONNECTED/DISCONNECTED, reason: (unspecified), extra: (none), roaming: false, failover: false, isAvailable: true, isConnectedToProvisioningNetwork: false]
12-12 13:32:52.051  1027  1496 D ConnectivityService: returning getNetworkInfo for network type 5 : [type: MOBILE_HIPRI[] - MOBILE_HIPRI, state: DISCONNECTED/DISCONNECTED, reason: (unspecified), extra: (none), roaming: false, failover: false, isAvailable: true, isConnectedToProvisioningNetwork: false]
12-12 13:32:52.051  1027  1496 D ConnectivityService: returning getNetworkInfo for network type 7 : [type: BLUETOOTH[] - BLUETOOTH, state: DISCONNECTED/DISCONNECTED, reason: (unspecified), extra: (none), roaming: false, failover: false, isAvailable: true, isConnectedToProvisioningNetwork: false]
12-12 13:32:52.051  1027  1496 D ConnectivityService: returning getNetworkInfo for network type 9 : [type: ETHERNET[] - ETHERNET, state: DISCONNECTED/DISCONNECTED, reason: (unspecified), extra: (none), roaming: false, failover: false, isAvailable: true, isConnectedToProvisioningNetwork: false]
12-12 13:32:52.051  1027  1496 D ConnectivityService: returning getNetworkInfo for network type 10 : [type: MOBILE_FOTA[] - MOBILE_FOTA, state: DISCONNECTED/DISCONNECTED, reason: (unspecified), extra: (none), roaming: false, failover: false, isAvailable: true, isConnectedToProvisioningNetwork: false]
12-12 13:32:52.051  1027  1496 D ConnectivityService: returning getNetworkInfo for network type 11 : [type: MOBILE_IMS[] - MOBILE_IMS, state: DISCONNECTED/DISCONNECTED, reason: (unspecified), extra: (none), roaming: false, failover: false, isAvailable: true, isConnectedToProvisioningNetwork: false]
12-12 13:32:52.051  1027  1496 D ConnectivityService: returning getNetworkInfo for network type 12 : [type: MOBILE_CBS[] - MOBILE_CBS, state: DISCONNECTED/DISCONNECTED, reason: (unspecified), extra: (none), roaming: false, failover: false, isAvailable: true, isConnectedToProvisioningNetwork: false]
12-12 13:32:52.051  1027  1496 D ConnectivityService: returning getNetworkInfo for network type 13 : [type: WIFI_P2P[] - WIFI_P2P, state: UNKNOWN/IDLE, reason: (unspecified), extra: (none), roaming: false, failover: false, isAvailable: true, isConnectedToProvisioningNetwork: false]
12-12 13:32:52.051  1027  1496 D ConnectivityService: returning getNetworkInfo for network type 14 : [type: MOBILE_IA[] - MOBILE_IA, state: DISCONNECTED/DISCONNECTED, reason: (unspecified), extra: (none), roaming: false, failover: false, isAvailable: true, isConnectedToProvisioningNetwork: false]
12-12 13:32:52.051  1027  1496 D ConnectivityService: returning getNetworkInfo for network type 15 : [type: MOBILE_EMERGENCY[] - MOBILE_EMERGENCY, state: DISCONNECTED/DISCONNECTED, reason: (unspecified), extra: (none), roaming: false, failover: false, isAvailable: true, isConnectedToProvisioningNetwork: false]
12-12 13:32:52.051  1027  1496 D ConnectivityService: returning getNetworkInfo for network type 17 : [type: 17[] - 17, state: DISCONNECTED/DISCONNECTED, reason: (unspecified), extra: (none), roaming: false, failover: false, isAvailable: true, isConnectedToProvisioningNetwork: false]
12-12 13:32:52.051  1027  1260 D ActivityManager: startService callerProcessName:com.google.android.gms, calleePkgName: com.google.android.gms
12-12 13:32:52.071 12909 12909 W Finsky  : [1] FinskyApp.getCurrentAccount: No account configured on this device.
12-12 13:32:52.071  1027  1260 D ActivityManager: startService callerProcessName:com.google.android.gms, calleePkgName: com.google.android.gms
12-12 13:32:52.071  1027  1771 D ActivityManager: startService callerProcessName:com.google.android.gms, calleePkgName: com.google.android.gms
12-12 13:32:52.081  1027  1496 D ActivityManager: startService callerProcessName:com.google.android.gms, calleePkgName: com.google.android.gms
12-12 13:32:52.081 12797 12997 I ChimeraConfigService: Scheduling checkin every 120 seconds, with flex of 60 seconds
12-12 13:32:52.081 12769 12779 W ConfigurationChimeraPro: Got null configs for com.google.android.gms.constellation
12-12 13:32:52.081  1027  6760 D ActivityManager: startService callerProcessName:com.google.android.gms, calleePkgName: com.google.android.gms
12-12 13:32:52.091 12909 12909 W Finsky  : [1] FinskyApp.getCurrentAccount: No account configured on this device.
12-12 13:32:52.091 12769 13008 W ConfigurationChimeraPro: Got null configs for com.google.android.gms.ulr
12-12 13:32:52.091  1027  1771 D LocationManagerService: request 212480d passive Request[POWER_NONE passive fastest=0] from com.google.android.gms(10008)
12-12 13:32:52.091  1027  1771 D LocationManagerService: provider request: passive ProviderRequest[ON interval=0]
12-12 13:32:52.091 12909 12909 W Finsky  : [1] FinskyApp.getCurrentAccount: No account configured on this device.
12-12 13:32:52.101  1027  1773 D ActivityManager: startService callerProcessName:com.google.android.gms, calleePkgName: com.google.android.gms
12-12 13:32:52.101  1027  6760 D ActivityManager: startService callerProcessName:com.google.android.gms, calleePkgName: com.google.android.gms
12-12 13:32:52.101 12769 12783 W ConfigurationChimeraPro: Got null configs for com.google.android.gms.auth_cryptauth
12-12 13:32:52.111  1027  1769 D ActivityManager: startService callerProcessName:com.google.android.gms, calleePkgName: com.google.android.gms
12-12 13:32:52.121  1027  1040 D ActivityManager: startService callerProcessName:com.google.android.gms, calleePkgName: com.google.android.gms
12-12 13:32:52.121  1027  6760 D ActivityManager: startService callerProcessName:com.google.android.gms, calleePkgName: com.google.android.gms
12-12 13:32:52.121  1027  1496 D ActivityManager: startService callerProcessName:com.google.android.gms, calleePkgName: com.google.android.gms
12-12 13:32:52.131  1027  1343 D ActivityManager: startService callerProcessName:com.google.android.gms, calleePkgName: com.google.android.gms
12-12 13:32:52.131 12797 13000 I CryptauthV2: [OldAuthzenDatabase] Deleting SigningKey for handle: device_key
12-12 13:32:52.141 12797 13014 I System.out: (HTTPLog)-Static: isSBSettingEnabled false
12-12 13:32:52.141 12797 13014 I System.out: (HTTPLog)-Static: isShipBuild true
12-12 13:32:52.141 12909 12909 D Finsky  : [1] DailyHygiene.goMakeHygieneIfDirty: No need to run daily hygiene.
12-12 13:32:52.141  1027  6760 D ActivityManager: startService callerProcessName:com.google.android.gms, calleePkgName: com.google.android.gms
12-12 13:32:52.151  1027  1471 D ActivityManager: startService callerProcessName:com.google.android.gms, calleePkgName: com.google.android.gms
12-12 13:32:52.151 12797 13014 I System.out: (HTTPLog)-Thread-1829-149634499: SmartBonding Enabling is false, SHIP_BUILD is true, log to file is false, DBG is false
12-12 13:32:52.151 12797 13014 I System.out: (HTTPLog)-Thread-1829-149634499: SMARTBONDING_FEATURE_ENABLED is false
12-12 13:32:52.151 12797 13014 I System.out: (HTTPLog)-Static: isSBSettingEnabled false
12-12 13:32:52.151  1027  1772 D ActivityManager: startService callerProcessName:com.google.android.gms, calleePkgName: com.google.android.gms
12-12 13:32:52.161 12769 13012 I Auth    : [Change,AccountsChange] First snapshot
12-12 13:32:52.161   273   907 D EnterpriseController: netId is 0
12-12 13:32:52.161  1027  1260 D ActivityManager: startService callerProcessName:com.google.android.gms, calleePkgName: com.google.android.gms
12-12 13:32:52.161   273   907 D Netd    : getNetworkForDns: using netid 0 for uid 10008
12-12 13:32:52.161  1027  1769 D ActivityManager: startService callerProcessName:com.google.android.gms, calleePkgName: com.google.android.gms
12-12 13:32:52.161  1027  1771 D ActivityManager: startService callerProcessName:com.google.android.gms, calleePkgName: com.google.android.gms
12-12 13:32:52.171 12797 13014 W Ads     : Error while pinging URL: https://pagead2.googlesyndication.com/pagead/gen_204?id=gmob-apps&action=gmscore_upgrade&device=samsung%20SM-E500H&locale=en_US&js=11951236.11951000&os=5.1.1&api=22&lta=false&eids=&appid=com.google.android.gms&previous_gmscore_version=-1. Unable to resolve host "pagead2.googlesyndication.com": No address associated with hostname
12-12 13:32:52.171  1027  1830 D ActivityManager: startService callerProcessName:com.google.android.gms, calleePkgName: com.google.android.gms
12-12 13:32:52.171 12769 13012 W WakefulBroadcastReceiv.: No active wake lock id #1
12-12 13:32:52.181  1027  1774 D ActivityManager: startService callerProcessName:com.google.android.gms, calleePkgName: com.google.android.gms
12-12 13:32:52.181  1027  1771 D ActivityManager: startService callerProcessName:com.google.android.gms, calleePkgName: com.google.android.gms
12-12 13:32:52.181  1027  1260 D ActivityManager: startService callerProcessName:com.google.android.gms, calleePkgName: com.google.android.gms
12-12 13:32:52.181  1027  1040 D ActivityManager: startService callerProcessName:com.google.android.gms, calleePkgName: com.google.android.gms
12-12 13:32:52.201  1027  1343 D ActivityManager: startService callerProcessName:com.google.android.gms, calleePkgName: com.google.android.gms
12-12 13:32:52.201  1027  1774 D ActivityManager: startService callerProcessName:com.google.android.gms, calleePkgName: com.google.android.gms
12-12 13:32:52.201  1027  1260 D ActivityManager: startService callerProcessName:com.google.android.gms, calleePkgName: com.google.android.gms
12-12 13:32:52.211  1027  1471 D ActivityManager: startService callerProcessName:com.google.android.gms, calleePkgName: com.google.android.gms
12-12 13:32:52.211  1027  1040 D ActivityManager: startService callerProcessName:com.google.android.gms, calleePkgName: com.google.android.gms
12-12 13:32:52.211  1027  1606 D ActivityManager: startService callerProcessName:com.google.android.gms, calleePkgName: com.google.android.gms
12-12 13:32:52.221  1027  1040 D ActivityManager: startService callerProcessName:com.google.android.gms, calleePkgName: com.google.android.gms
12-12 13:32:52.221 12769 13028 W ConfigurationChimeraPro: Got null configs for com.google.android.gms.auth.account.base
12-12 13:32:52.231  1027  1343 D ActivityManager: startService callerProcessName:com.google.android.gms, calleePkgName: com.google.android.gms
12-12 13:32:52.231  1027  1773 D ActivityManager: startService callerProcessName:com.google.android.gms, calleePkgName: com.google.android.gms
12-12 13:32:52.241  1027  1496 D ActivityManager: startService callerProcessName:com.google.android.gms, calleePkgName: com.google.android.gms
12-12 13:32:52.241  1027  1810 D ActivityManager: startService callerProcessName:com.google.android.gms, calleePkgName: com.google.android.gms
12-12 13:32:52.241 12769 12958 E GeofenceStateCache: Unable to load state, all registered geofences are lost.
12-12 13:32:52.241  1027  1040 D ActivityManager: startService callerProcessName:com.google.android.gms, calleePkgName: com.google.android.gms
12-12 13:32:52.251 12797 13000 W CryptauthV2: [OldAuthzenDatabase] Unexpected number of rows deleted: 0
12-12 13:32:52.251  1027  1772 D ActivityManager: startService callerProcessName:com.google.android.gms, calleePkgName: com.google.android.gms
12-12 13:32:52.251  1027  1343 D ActivityManager: startService callerProcessName:com.google.android.gms, calleePkgName: com.google.android.gms
12-12 13:32:52.261  1027  1471 D ActivityManager: startService callerProcessName:com.google.android.gms, calleePkgName: com.google.android.gms
12-12 13:32:52.261  1027  1769 D ActivityManager: startService callerProcessName:com.google.android.gms, calleePkgName: com.google.android.gms
12-12 13:32:52.261 12769 12958 I GeofencerStateMachine: Network location disabled.
12-12 13:32:52.271  1027  1260 D ActivityManager: startService callerProcessName:com.google.android.gms, calleePkgName: com.google.android.gms
12-12 13:32:52.271  1027  1606 D ActivityManager: startService callerProcessName:com.google.android.gms, calleePkgName: com.google.android.gms
12-12 13:32:52.271  1027  1774 D ActivityManager: startService callerProcessName:com.google.android.gms, calleePkgName: com.google.android.gms
12-12 13:32:52.271  1027  1810 D ActivityManager: startService callerProcessName:com.google.android.gms, calleePkgName: com.google.android.gms
12-12 13:32:52.281  1027  1830 D ActivityManager: startService callerProcessName:com.google.android.gms, calleePkgName: com.google.android.gms
12-12 13:32:52.281  1027  1343 D ActivityManager: startService callerProcessName:com.google.android.gms, calleePkgName: com.google.android.gms
12-12 13:32:52.281 12494 12954 I WebViewFactory: Loading com.google.android.webview version 43.0.2357.121 (code 2357121)
12-12 13:32:52.281  1027  1606 D ActivityManager: startService callerProcessName:com.google.android.gms, calleePkgName: com.google.android.gms
12-12 13:32:52.281  1027  1496 D ActivityManager: startService callerProcessName:com.google.android.gms, calleePkgName: com.google.android.gms
12-12 13:32:52.281  1027  1830 D ActivityManager: startService callerProcessName:com.google.android.gms, calleePkgName: com.google.android.gms
12-12 13:32:52.291  1027  1039 D ActivityManager: startService callerProcessName:com.google.android.gms, calleePkgName: com.google.android.gms
12-12 13:32:52.291  1027  1471 D ActivityManager: startService callerProcessName:com.google.android.gms, calleePkgName: com.google.android.gms
12-12 13:32:52.291  1027  1606 D ActivityManager: startService callerProcessName:com.google.android.gms, calleePkgName: com.google.android.gms
12-12 13:32:52.301  1027  1771 D ActivityManager: startService callerProcessName:com.google.android.gms, calleePkgName: com.google.android.gms
12-12 13:32:52.301  1027  1260 D ActivityManager: startService callerProcessName:com.google.android.gms, calleePkgName: com.google.android.gms
12-12 13:32:52.301  1027  1040 D ActivityManager: startService callerProcessName:com.google.android.gms, calleePkgName: com.google.android.gms
12-12 13:32:52.311  1027  1471 D ActivityManager: startService callerProcessName:com.google.android.gms, calleePkgName: com.google.android.gms
12-12 13:32:52.311  1027  6760 D ActivityManager: startService callerProcessName:com.google.android.gms, calleePkgName: com.google.android.gms
12-12 13:32:52.311  1027  1496 D ActivityManager: startService callerProcessName:com.google.android.gms, calleePkgName: com.google.android.gms
12-12 13:32:52.311  1027  1772 D ActivityManager: startService callerProcessName:com.google.android.gms, calleePkgName: com.google.android.gms
12-12 13:32:52.321  1027  1810 D ActivityManager: startService callerProcessName:com.google.android.gms, calleePkgName: com.google.android.gms
12-12 13:32:52.321  1027  1471 D ActivityManager: startService callerProcessName:com.google.android.gms, calleePkgName: com.google.android.gms
12-12 13:32:52.321  1027  1496 D ActivityManager: startService callerProcessName:com.google.android.gms, calleePkgName: com.google.android.gms
12-12 13:32:52.331  1027  1606 D ActivityManager: startService callerProcessName:com.google.android.gms, calleePkgName: com.google.android.gms
12-12 13:32:52.331  1027  1774 D ActivityManager: startService callerProcessName:com.google.android.gms, calleePkgName: com.google.android.gms
12-12 13:32:52.331  1027  1810 D ActivityManager: startService callerProcessName:com.google.android.gms, calleePkgName: com.google.android.gms
12-12 13:32:52.331  1027  1496 D ActivityManager: startService callerProcessName:com.google.android.gms, calleePkgName: com.google.android.gms
12-12 13:32:52.341  1027  1772 D ActivityManager: startService callerProcessName:com.google.android.gms, calleePkgName: com.google.android.gms
12-12 13:32:52.351 12270 13035 D Aatp    : /keyguard
12-12 13:32:52.361 12270 13035 D Aatp    : sha1: 8483042ac5aaa9b0976dc5532131adcde6efeb5f
12-12 13:32:52.361 13036 13036 E Zygote  : MountEmulatedStorage()
12-12 13:32:52.361 13036 13036 E Zygote  : v2
12-12 13:32:52.361 13036 13036 I libpersona: KNOX_SDCARD checking this for 10008
12-12 13:32:52.361 13036 13036 I libpersona: KNOX_SDCARD not a persona
12-12 13:32:52.361 13036 13036 I SELinux : Function: selinux_compare_spd_ram, SPD-policy is existed. and_ver=SEPF_SM-E500H_5.1.1 ver=51
12-12 13:32:52.361  1027  1039 I ActivityManager: Start proc 13036:com.google.android.gms:car/u0a8 for service com.google.android.gms/.car.CarService
12-12 13:32:52.361  1027  1040 D ActivityManager: startService callerProcessName:com.google.android.gms, calleePkgName: com.google.android.gms
12-12 13:32:52.371  1027  1772 D ActivityManager: startService callerProcessName:com.amazon.aatp.aatpdevicemanager, calleePkgName: com.amazon.aatp.aatpdevicemanager
12-12 13:32:52.371 13036 13036 I SELinux : Function: selinux_compare_spd_ram , priority [1] , priority version is VE=SEPF_SM-E500H_5.1.1_0051
12-12 13:32:52.371 13036 13036 E SELinux : [DEBUG] get_category: variable seinfo: untrusted sensitivity: NULL, cateogry: NULL
12-12 13:32:52.371  1027  1606 D ActivityManager: startService callerProcessName:com.google.android.gms, calleePkgName: com.google.android.gms
12-12 13:32:52.381  1027  1260 D ActivityManager: startService callerProcessName:com.google.android.gms, calleePkgName: com.google.android.gms
12-12 13:32:52.381 12270 12270 D AatpDeviceManager: taskStatus update (8483042ac5aaa9b0976dc5532131adcde6efeb5f: {"state":1})
12-12 13:32:52.381  1027  1769 D ActivityManager: startService callerProcessName:com.google.android.gms, calleePkgName: com.google.android.gms
12-12 13:32:52.381 12270 13044 D AatpDeviceManager: Keyguard enabled: false
12-12 13:32:52.381 12270 12270 D AatpDeviceManager: taskStatus update (8483042ac5aaa9b0976dc5532131adcde6efeb5f: {"result":{"enabled":false},"state":2})
12-12 13:32:52.391  1027  1052 D ApplicationPolicy: isStatusBarNotificationAllowedAsUser: packageName = com.amazon.aatp.aatpdevicemanager,userId = 0
12-12 13:32:52.391  1027  1772 D ActivityManager: startService callerProcessName:com.google.android.gms, calleePkgName: com.google.android.gms
12-12 13:32:52.391  1027  1052 V ApplicationPolicy: isApplicationStateBlocked userId 0 pkgname com.amazon.aatp.aatpdevicemanager
12-12 13:32:52.391  1027  1027 D WindowManager: showStatusBarByNotification() mOpenByNotification=false
12-12 13:32:52.391 12769 12995 W ConfigurationChimeraPro: Got null configs for com.google.android.gms.auth_authzen
12-12 13:32:52.401  1027  1774 D ActivityManager: startService callerProcessName:com.google.android.gms, calleePkgName: com.google.android.gms
12-12 13:32:52.401 12909 12909 W Settings: Setting download_manager_max_bytes_over_mobile has moved from android.provider.Settings.Secure to android.provider.Settings.Global.
12-12 13:32:52.401  1027  1606 D ActivityManager: startService callerProcessName:com.google.android.gms, calleePkgName: com.google.android.gms
12-12 13:32:52.401 12909 12909 W Settings: Setting download_manager_recommended_max_bytes_over_mobile has moved from android.provider.Settings.Secure to android.provider.Settings.Global.
12-12 13:32:52.401  1027  1027 D LightsService: [api] [SvcLED] turnOff:: id = 5 (uid: 1000 pid: 1027) 
12-12 13:32:52.401  1027  1027 D LightsService: [api] [SvcLED] LED indicator : Not supported.
12-12 13:32:52.411 12270 13035 D Aatp    : /task/8483042ac5aaa9b0976dc5532131adcde6efeb5f
12-12 13:32:52.411 13036 13036 D TimaKeyStoreProvider: TimaSignature is unavailable
12-12 13:32:52.421 13036 13036 D ActivityThread: Added TimaKeyStore provider
12-12 13:32:52.421 12797 12847 E ConfigFileUtils: Failed to read config file: /data/data/com.google.android.gms/app_chimera/current_fileapks.pb: open failed: ENOENT (No such file or directory)
12-12 13:32:52.421 12797 12847 E ConfigFileUtils: Failed to read config file: /data/data/com.google.android.gms/app_chimera/current_fileapks.pb: open failed: ENOENT (No such file or directory)
12-12 13:32:52.421 12769 12769 W ConfigurationChimeraPro: Got null configs for com.google.android.gms.clearcut.public
12-12 13:32:52.441  1027  1773 D ActivityManager: startService callerProcessName:com.google.android.gms, calleePkgName: com.google.android.gms
12-12 13:32:52.451  1027  1771 D ActivityManager: startService callerProcessName:com.google.android.gms, calleePkgName: com.google.android.gms
12-12 13:32:52.451 12797 12842 W ChimeraUtils: Non Chimera context
12-12 13:32:52.451  1027  1713 D ActivityManager: startService callerProcessName:com.google.android.gms, calleePkgName: com.google.android.gms
12-12 13:32:52.461 13036 13036 W ResourcesManager: Asset path '/system/framework/com.android.media.remotedisplay.jar' does not exist or contains no resources.
12-12 13:32:52.461 13036 13036 W ResourcesManager: Asset path '/system/framework/com.android.location.provider.jar' does not exist or contains no resources.
12-12 13:32:52.471  1027  1810 D ActivityManager: startService callerProcessName:com.google.android.gms, calleePkgName: com.google.android.gms
12-12 13:32:52.471 12909 12909 W Finsky  : [1] FinskyApp.getCurrentAccount: No account configured on this device.
12-12 13:32:52.471 12909 12909 W Finsky  : [1] FinskyApp.getDfeApi: No account configured on this device.
12-12 13:32:52.501 12769 12861 W ConfigurationChimeraPro: Got null configs for com.google.android.gms.backup
12-12 13:32:52.501 12797 12846 I Backup  : [PreLComponentEnabler] Disabling pre-L components
12-12 13:32:52.551 12797 13002 I Backup  : [ComponentEnabler] Setting target components to enabled = false
12-12 13:32:52.561 12270 13055 D Aatp    : /task/8483042ac5aaa9b0976dc5532131adcde6efeb5f/status
12-12 13:32:52.561 12797 13002 I Backup  : [ComponentEnabler] Setting source components to enabled = true
12-12 13:32:52.671  1230  1230 D KnoxNotification: ----- inflateViews : modified publicViewLocal -----
12-12 13:32:52.691 13036 13036 I LoadedApk: No resource references to update in package FFFFFFFFFFFFFFFFFFFFFF
12-12 13:32:52.701 12270 13059 D Aatp    : /wifi
12-12 13:32:52.701 12952 12952 I dhcpcd  : wlan0: sending IPv6 Router Solicitation
12-12 13:32:52.701 12952 12952 I dhcpcd  : wlan0: broadcasting for a lease
12-12 13:32:52.721 12797 13058 W ChimeraUtils: Non Chimera context
12-12 13:32:52.731  1027  1039 D ActivityManager: startService callerProcessName:com.google.android.gms, calleePkgName: com.google.android.gms
12-12 13:32:52.751 13036 13036 W linker  : libconscrypt_gmscore_jni.so: unused DT entry: type 0xf arg 0x1dc
12-12 13:32:52.771 12797 13064 I System.out: (HTTPLog)-Static: isSBSettingEnabled false
12-12 13:32:52.771  1027  1774 D ActivityManager: startService callerProcessName:com.google.android.gms, calleePkgName: com.google.android.gms
12-12 13:32:52.781 13036 13036 V NativeCrypto: Registering com/google/android/gms/org/conscrypt/NativeCrypto's 276 native methods...
12-12 13:32:52.781  1027  1260 D ActivityManager: startService callerProcessName:com.google.android.gms, calleePkgName: com.google.android.gms
12-12 13:32:52.781 12270 13059 D Aatp    : sha1: e82b2402a17f019997368f1e9f670ede903ea970
12-12 13:32:52.781 12270 13059 D AatpDeviceManager: k: enabled v: True
12-12 13:32:52.781 12270 13059 D AatpDeviceManager: k: NanoHttpd.QUERY_STRING v: enabled=True
12-12 13:32:52.801  1027  1772 D ActivityManager: startService callerProcessName:com.amazon.aatp.aatpdevicemanager, calleePkgName: com.amazon.aatp.aatpdevicemanager
12-12 13:32:52.821  1230  1230 D KnoxNotification: ----- inflateViews : modified KnoxViewLocal -----
12-12 13:32:52.831 12270 13059 D Aatp    : /task/e82b2402a17f019997368f1e9f670ede903ea970
12-12 13:32:52.841 12769 12779 W ConfigurationChimeraPro: Got null configs for com.google.android.gms.auth_authzen
12-12 13:32:52.891 13036 13036 I art     : Rejecting re-init on previously-failed class java.lang.Class<com.google.android.gms.org.conscrypt.DelegatingExtendedSSLSession>
12-12 13:32:52.891 13036 13036 I art     : Rejecting re-init on previously-failed class java.lang.Class<com.google.android.gms.org.conscrypt.DelegatingExtendedSSLSession>
12-12 13:32:52.891 13036 13036 I art     : Rejecting re-init on previously-failed class java.lang.Class<com.google.android.gms.org.conscrypt.DelegatingExtendedSSLSession>
12-12 13:32:52.911 12797 13064 W Ads     : Error while pinging URL: https://pagead2.googlesyndication.com/pagead/gen_204?id=gmob-apps&device=samsung%20SM-E500H&js=11951236.11951000&os=5.1.1&api=22&lat=0&eids=&tslu=-1&appid=com.google.android.gms. Unable to resolve host "pagead2.googlesyndication.com": No address associated with hostname
12-12 13:32:52.921 13068 13068 E Zygote  : MountEmulatedStorage()
12-12 13:32:52.921 13068 13068 E Zygote  : v2
12-12 13:32:52.921 13068 13068 I libpersona: KNOX_SDCARD checking this for 10154
12-12 13:32:52.921  1230  1230 D StatusBar: getNumberOfActiveSim: 1
12-12 13:32:52.921 13068 13068 I libpersona: KNOX_SDCARD not a persona
12-12 13:32:52.921  1230  1230 D PanelView: kidsfalse mQsExpansionEnabled:true
12-12 13:32:52.921  1027  1771 I ActivityManager: Start proc 13068:com.google.android.youtube/u0a154 for service com.google.android.youtube/com.google.android.apps.youtube.app.common.ads.AdIdListenerService
12-12 13:32:52.921  1027  1810 D ActivityManager: startService callerProcessName:com.google.android.gms, calleePkgName: com.google.android.gms
12-12 13:32:52.931 13068 13068 I SELinux : Function: selinux_compare_spd_ram, SPD-policy is existed. and_ver=SEPF_SM-E500H_5.1.1 ver=51
12-12 13:32:52.921  1027  1713 D ActivityManager: startService callerProcessName:com.google.android.gms, calleePkgName: com.google.android.gms
12-12 13:32:52.931 13068 13068 I SELinux : Function: selinux_compare_spd_ram , priority [1] , priority version is VE=SEPF_SM-E500H_5.1.1_0051
12-12 13:32:52.931 13068 13068 E SELinux : [DEBUG] get_category: variable seinfo: untrusted sensitivity: NULL, cateogry: NULL
12-12 13:32:52.941  1027  1772 D ActivityManager: startService callerProcessName:com.google.android.gms, calleePkgName: com.google.android.gms
12-12 13:32:52.951  1027  1471 I art     : Explicit concurrent mark sweep GC freed 76576(4MB) AllocSpace objects, 1(576KB) LOS objects, 33% free, 29MB/43MB, paused 4.601ms total 359.871ms
12-12 13:32:52.951  1027  1343 D ActivityManager: startService callerProcessName:com.google.android.gms, calleePkgName: com.google.android.gms
12-12 13:32:52.971 13036 13036 I ProviderInstaller: Installed default security provider GmsCore_OpenSSL
12-12 13:32:52.981  1230  1230 D StatusBar: getNumberOfActiveSim: 1
12-12 13:32:52.981  1027  1810 D ActivityManager: startService callerProcessName:com.google.android.gms, calleePkgName: com.google.android.gms
12-12 13:32:52.981  1230  1230 D PanelView: kidsfalse mQsExpansionEnabled:true
12-12 13:32:52.991 13068 13068 D TimaKeyStoreProvider: TimaSignature is unavailable
12-12 13:32:52.991 12270 12270 D AatpDeviceManager: taskStatus update (e82b2402a17f019997368f1e9f670ede903ea970: {"state":1})
12-12 13:32:52.991 13068 13068 D ActivityThread: Added TimaKeyStore provider
12-12 13:32:52.991 12270 13077 D Aatp    : /task/e82b2402a17f019997368f1e9f670ede903ea970/status
12-12 13:32:52.991  1027  1039 D ActivityManager: startService callerProcessName:com.google.android.gms, calleePkgName: com.google.android.gms
12-12 13:32:53.001  1230  1230 D StatusBar: getNumberOfActiveSim: 1
12-12 13:32:53.001  1230  1230 D PanelView: kidsfalse mQsExpansionEnabled:true
12-12 13:32:53.011  1027  1773 D ActivityManager: startService callerProcessName:com.google.android.gms, calleePkgName: com.google.android.gms
12-12 13:32:53.021  1027  1260 D ActivityManager: startService callerProcessName:com.google.android.gms, calleePkgName: com.google.android.gms
12-12 13:32:53.041 12270 13067 D AWSDeviceFarmAndroidLib: setWifiEnabled: setting wifi to: true
12-12 13:32:53.051  1230  1230 D StatusBar: getNumberOfActiveSim: 1
12-12 13:32:53.051  1230  1230 D PanelView: kidsfalse mQsExpansionEnabled:true
12-12 13:32:53.061  1027  1772 D SecContentProvider: query(), uri = 18 selection = isWifiEnabled
12-12 13:32:53.071  1027  1772 D SecContentProvider2: query(), uri = 20 selection = isWifiStateChangeAllowed
12-12 13:32:53.071 12797 13058 E BaseAppContext: Tried to stop global GMSCore RequestQueue. This is likely unintended, so ignoring.
12-12 13:32:53.081  1027  1772 D WifiService: setWifiEnabled: true pid=12270, uid=12268
12-12 13:32:53.081  1027  1772 W ActivityManager: Permission Denial: getCurrentUser() from pid=12270, uid=12268 requires android.permission.INTERACT_ACROSS_USERS
12-12 13:32:53.101  1027  1772 W WifiService: Failed getting userId using ActivityManagerNative
12-12 13:32:53.101  1027  1772 W WifiService: java.lang.SecurityException: Permission Denial: getCurrentUser() from pid=12270, uid=12268 requires android.permission.INTERACT_ACROSS_USERS
12-12 13:32:53.101  1027  1772 W WifiService: 	at com.android.server.am.ActivityManagerService.getCurrentUser(ActivityManagerService.java:26893)
12-12 13:32:53.101  1027  1772 W WifiService: 	at com.android.server.wifi.WifiServiceImpl.setWifiEnabled(WifiServiceImpl.java:2565)
12-12 13:32:53.101  1027  1772 W WifiService: 	at com.android.server.wifi.WifiServiceImpl.setWifiEnabled(WifiServiceImpl.java:2553)
12-12 13:32:53.101  1027  1772 W WifiService: 	at android.net.wifi.IWifiManager$Stub.onTransact(IWifiManager.java:237)
12-12 13:32:53.101  1027  1772 W WifiService: 	at android.os.Binder.execTransact(Binder.java:461)
12-12 13:32:53.101  1027  1772 D SettingsProvider: isChangeAllowed() : value = 1
12-12 13:32:53.101  1027  1772 D SettingsProvider: isChangeAllowed() : name = wifi_on
12-12 13:32:53.121  1027  1171 D WifiController: [FCC]setFccChannel() is called !!!
12-12 13:32:53.111 12270 13067 D AWSDeviceFarmAndroidLib: setWifiEnabled: wifi is: true
12-12 13:32:53.121  1027  1171 D WifiController: [FCC]Airplane off, setFccChannel(-1)!!!
12-12 13:32:53.111 12797 13058 I Authzen : [AuthZenEventHandler] Handling event: com.google.android.chimera.IntentOperation.NEW_MODULE
12-12 13:32:53.111 12494 12954 I LibraryLoader: Time to load native libraries: 147 ms (timestamps 2167-2314)
12-12 13:32:53.111 12494 12954 I LibraryLoader: Expected native library version number "",actual native library version number ""
12-12 13:32:53.121  1027  1171 D WifiStateMachine: setFccChannel: channel = -1
12-12 13:32:53.131 12769 12779 W ConfigurationChimeraPro: Got null configs for com.google.android.gms
12-12 13:32:53.131  1027  1170 D WifiStateMachine: setFccChannelNative: channel = -1
12-12 13:32:53.141  1027  1810 I ActivityManager: Resuming delayed broadcast
12-12 13:32:53.141  1027  1170 D WifiNative-wlan0: callSECApiInt - ID [230]
12-12 13:32:53.141  1027  1810 V BroadcastQueue: [background] Process cur broadcast BroadcastRecord{3d6f1ca8 u0 android.intent.action.PACKAGE_DATA_CLEARED} DELIVERED for app ProcessRecord{20c9d67c 12494:com.google.android.googlequicksearchbox:search/u0a49}
12-12 13:32:53.161  1027  1260 D ActivityManager: BGQ getDeferredInfo app launch 300
12-12 13:32:53.181 12769 12861 W ConfigurationChimeraPro: Got null configs for com.google.android.gms.herrevad
12-12 13:32:53.191  1219  1219 I wpa_supplicant: CTRL-EVENT-DISCONNECTED bssid=74.D8.8C reason=3 locally_generated=1
12-12 13:32:53.191  1219  1219 I wpa_supplicant: wlan0: Setting scan request: 0 sec 500000 usec
12-12 13:32:53.191   273   905 D Netd    : Iface wlan0 link down
12-12 13:32:53.191   273   905 D Netd    : Iface wlan0 link down
12-12 13:32:53.191   273   905 D Netd    : Iface wlan0 link down
12-12 13:32:53.201  1219  1219 I wpa_supplicant: wlan0: State: COMPLETED -> DISCONNECTED
12-12 13:32:53.201  1027  1176 D Tethering: InitialState.processMessage what=4
12-12 13:32:53.201  1219  1219 I wpa_supplicant: Prev BSS - hexdump(len=6): 74 da 38 41 d8 8c
12-12 13:32:53.201  1219  1219 I wpa_supplicant: CTRL-EVENT-STATE-CHANGE id=0 state=0 BSSID=74.D8.8C SSID=39393032303037363733
12-12 13:32:53.201  1219  1219 I wpa_supplicant: wlan0: State: DISCONNECTED -> DISCONNECTED
12-12 13:32:53.201  1219  1219 E wpa_supplicant: Cmd 35605 not handled
12-12 13:32:53.221 12769 12994 E SQLiteLog: (1) no such table: storage_size
12-12 13:32:53.231 12494 12954 W art     : Attempt to remove local handle scope entry from IRT, ignoring
12-12 13:32:53.241  1027  1810 D ActivityManager: startService callerProcessName:com.google.android.gms, calleePkgName: com.google.android.gms
12-12 13:32:53.241  1027  1052 D ApplicationPolicy: isStatusBarNotificationAllowedAsUser: packageName = com.amazon.aatp.aatpdevicemanager,userId = 0
12-12 13:32:53.241  1027  1052 V ApplicationPolicy: isApplicationStateBlocked userId 0 pkgname com.amazon.aatp.aatpdevicemanager
12-12 13:32:53.251  1027  1027 D WindowManager: showStatusBarByNotification() mOpenByNotification=false
12-12 13:32:53.251  1027  1774 D ActivityManager: startService callerProcessName:com.google.android.gms, calleePkgName: com.google.android.gms
12-12 13:32:53.261 12494 12954 W TRThreadPoolExecutor: Task "b[Get cookie call]" is a o. Failures of FutureTask can not be detected and exceptions will not be propagated by the executor
12-12 13:32:53.271  1027  1170 D WifiStateMachine: isPackageRunning - top:com.android.launcher2.Launcher
12-12 13:32:53.281  1027  1169 D WifiP2pService: InactiveState{ what=143375 }
12-12 13:32:53.281  1027  1169 D WifiP2pService: P2pEnabledState{ what=143375 }
12-12 13:32:53.291   273   911 D CommandListener: Clearing all IP addresses on wlan0
12-12 13:32:53.301  1219  1219 I wpa_supplicant: P2P: Current p2p state = IDLE
12-12 13:32:53.301  1027  1810 D ActivityManager: startService callerProcessName:com.google.android.gms, calleePkgName: com.google.android.gms
12-12 13:32:53.301  1219  1219 I wpa_supplicant: wlan0: State: DISCONNECTED -> SCANNING
12-12 13:32:53.301  1219  1219 I wpa_supplicant: CTRL-EVENT-STATE-CHANGE id=-1 state=3 BSSID=00.00.00 SSID=
12-12 13:32:53.301  1219  1219 I wpa_supplicant: Scan requested (ret=0) - scan timeout 30 seconds
12-12 13:32:53.311  1027  1176 W Settings: Setting tether_dun_required has moved from android.provider.Settings.System to android.provider.Settings.Global
12-12 13:32:53.311  1027  1774 D ActivityManager: startService callerProcessName:com.google.android.gms, calleePkgName: com.google.android.gms
12-12 13:32:53.311  1027  1176 D SettingsProvider: isChangeAllowed() : name = tether_dun_required
12-12 13:32:53.311  1027  1176 D SettingsProvider: isChangeAllowed() : value = 0
12-12 13:32:53.331  1027  1176 D Tethering: sendTetherStateChangedBroadcast 0, 0, 0
12-12 13:32:53.331  1027  1176 D Tethering: clearTetheredNotification()
12-12 13:32:53.371 12909 12931 W Finsky  : [1785] FinskyApp.getCurrentAccount: No account configured on this device.
12-12 13:32:53.371 12797 12797 I Ads     : Successfully received play store parental controls the result.
12-12 13:32:53.421  1027  1175 E ConnectivityService: updateNetworkInfo()
12-12 13:32:53.421  1027  1175 D ConnectivityService: NetworkAgentInfo [WIFI () - 502] EVENT_NETWORK_INFO_CHANGED, going from CONNECTING to DISCONNECTED, reason = null, [ Transports: WIFI Capabilities: INTERNET&NOT_RESTRICTED&TRUSTED&NOT_VPN LinkUpBandwidth>=1048576Kbps LinkDnBandwidth>=1048576Kbps]
12-12 13:32:53.421  1230  1230 D KnoxNotification: ----- inflateViews : modified publicViewLocal -----
12-12 13:32:53.441 12494 12954 W Search.SearchUrlHelper: Auth token not ready, no auth header set.
12-12 13:32:53.441 12797 12810 W art     : Suspending all threads took: 22.045ms
12-12 13:32:53.451  1230  1230 D KnoxNotification: ----- inflateViews : modified KnoxViewLocal -----
12-12 13:32:53.451  1027  1175 D ConnectivityService: NetworkAgentInfo [WIFI () - 502] got DISCONNECTED, was satisfying 0
12-12 13:32:53.461   273   911 E Netd    : no such netId 502
12-12 13:32:53.461  1027  1175 E ConnectivityService: Exception removing network: java.lang.IllegalStateException: command '67 network destroy 502' failed with '400 67 destroyNetwork() failed (Machine is not on the network)'
12-12 13:32:53.461  1027  1175 D ConnectivityService: setProvNotificationVisibleIntent: E visible=false networkType=1 extraInfo=null
12-12 13:32:53.471  1027  1175 V NetworkStats: updateIfacesLocked()
12-12 13:32:53.471  1027  1175 V NetworkStats: performPollLocked(flags=0x1)
12-12 13:32:53.481  1027  1175 V NetworkStats: performPollLocked() took 8ms
12-12 13:32:53.481  1027  1027 D WifiNotificationController: SHOW_NOTI_MESSAGE : 12, visible : false, ssid : "9902007673", targetSSID : "9902007673", netId : -1, titleType : -1
12-12 13:32:53.481  1027  1027 D WifiNotificationController: showCaptivePortalSignInNotification with ssid/visible:"9902007673"/false
12-12 13:32:53.491  1027  1167 D NtpTrustedTime: forceRefresh: no connectivity
12-12 13:32:53.491  1027  1027 I WifiTrafficPoller: evaluateTrafficStatsPolling
12-12 13:32:53.491  1230  1230 D StatusBar: getNumberOfActiveSim: 1
12-12 13:32:53.491  1027  1027 D HS20StateMachine: Broadcast Received: android.net.wifi.STATE_CHANGE
