12-12 13:32:35.941  1027  1771 V WindowManager: New wallpaper target=Window{9a31695 u0 d0 com.sec.android.app.launcher/com.android.launcher2.Launcher}, oldWallpaper=Window{9a31695 u0 d0 com.sec.android.app.launcher/com.android.launcher2.Launcher}, lower target=null, upper target=null
12-12 13:32:35.941  1027  1771 V WindowManager: New transit into wallpaper: 13
12-12 13:32:35.941  1027  1771 V WindowManager: Now opening appAppWindowToken{4c607bb token=Token{17d45c4a ActivityRecord{1171fdb5 u0 com.sec.android.app.launcher/com.android.launcher2.Launcher t166}}}
12-12 13:32:35.941  1027  1771 V WindowManager: Now closing app AppWindowToken{f3fa33c token=Token{29c7212f ActivityRecord{3074e30e u0 com.android.settings/.SettingsReceiverActivity t167}}}
12-12 13:32:35.941  1230  1230 I StatusBar: Icon Only
12-12 13:32:35.941  1027  1771 V WindowManager: Changing app AppWindowToken{f3fa33c token=Token{29c7212f ActivityRecord{3074e30e u0 com.android.settings/.SettingsReceiverActivity t167}}} hidden=false performLayout=false cancelAnimation=false transit=13
12-12 13:32:35.941  1027  1771 V WindowManager: java.lang.RuntimeException
12-12 13:32:35.941  1027  1771 V WindowManager: 	at com.android.server.wm.WindowManagerService.setTokenVisibilityLocked(WindowManagerService.java:7698)
12-12 13:32:35.941  1027  1771 V WindowManager: 	at com.android.server.wm.WindowManagerService.handleAppTransitionReadyLocked(WindowManagerService.java:15111)
12-12 13:32:35.941  1027  1771 V WindowManager: 	at com.android.server.wm.WindowManagerService.handleAppTransitionReadyLocked(WindowManagerService.java:14685)
12-12 13:32:35.941  1027  1771 V WindowManager: 	at com.android.server.wm.WindowManagerService.performLayoutAndPlaceSurfacesLockedInner(WindowManagerService.java:16225)
12-12 13:32:35.941  1027  1771 V WindowManager: 	at com.android.server.wm.WindowManagerService.performLayoutAndPlaceSurfacesLockedLoop(WindowManagerService.java:14371)
12-12 13:32:35.941  1027  1771 V WindowManager: 	at com.android.server.wm.WindowManagerService.performLayoutAndPlaceSurfacesLocked(WindowManagerService.java:14313)
12-12 13:32:35.941  1027  1771 V WindowManager: 	at com.android.server.wm.WindowManagerService.executeAppTransition(WindowManagerService.java:7320)
12-12 13:32:35.941  1027  1771 V WindowManager: 	at com.android.server.am.ActivityStackSupervisor.reportResumedActivityLocked(ActivityStackSupervisor.java:5579)
12-12 13:32:35.941  1027  1771 V WindowManager: 	at com.android.server.am.ActivityStack.completeResumeLocked(ActivityStack.java:1727)
12-12 13:32:35.941  1027  1771 V WindowManager: 	at com.android.server.am.ActivityStack.resumeTopActivityInnerLocked(ActivityStack.java:3242)
12-12 13:32:35.941  1027  1771 V WindowManager: 	at com.android.server.am.ActivityStack.resumeTopActivityLocked(ActivityStack.java:2492)
12-12 13:32:35.941  1027  1771 V WindowManager: 	at com.android.server.am.ActivityStackSupervisor.resumeTopActivitiesLocked(ActivityStackSupervisor.java:4478)
12-12 13:32:35.941  1027  1771 V WindowManager: 	at com.android.server.am.ActivityStack.completePauseLocked(ActivityStack.java:1640)
12-12 13:32:35.941  1027  1771 V WindowManager: 	at com.android.server.am.ActivityStack.activityPausedLocked(ActivityStack.java:1425)
12-12 13:32:35.941  1027  1771 V WindowManager: 	at com.android.server.am.ActivityManagerService.activityPaused(ActivityManagerService.java:9470)
12-12 13:32:35.941  1027  1771 V WindowManager: 	at android.app.ActivityManagerNative.onTransact(ActivityManagerNative.java:518)
12-12 13:32:35.941  1027  1771 V WindowManager: 	at com.android.server.am.ActivityManagerService.onTransact(ActivityManagerService.java:3372)
12-12 13:32:35.941  1027  1771 V WindowManager: 	at android.os.Binder.execTransact(Binder.java:461)
12-12 13:32:35.941  1230  1230 D StatusBar: getNumberOfActiveSim: 1
12-12 13:32:35.941  1027  1771 V WindowManager: applyAnimation: atoken=AppWindowToken{f3fa33c token=Token{29c7212f ActivityRecord{3074e30e u0 com.android.settings/.SettingsReceiverActivity t167}}}
12-12 13:32:35.941  1027  1771 V AppTransition: applyAnimation: anim=android.view.animation.AnimationSet@208edd51 animAttr=0x11 transit=13 isEntrance=false Callers=com.android.server.wm.WindowManagerService.applyAnimationLocked:5622 com.android.server.wm.WindowManagerService.setTokenVisibilityLocked:7718 com.android.server.wm.WindowManagerService.handleAppTransitionReadyLocked:15111 
12-12 13:32:35.941  1027  1771 V WindowManager: applyAnimationLocked() closing app size : 1 opening app size : 1
12-12 13:32:35.941  1027  1771 V WindowManager: applyAnimationLocked() fullscreen=false
12-12 13:32:35.941  1027  1771 V WindowManager: setTokenVisibilityLocked: AppWindowToken{f3fa33c token=Token{29c7212f ActivityRecord{3074e30e u0 com.android.settings/.SettingsReceiverActivity t167}}}: hidden=true hiddenRequested=true
12-12 13:32:35.941  1027  1771 D WindowManager: handleAppTransitionReadyLocked[d0] call postAnimationCallback()
12-12 13:32:35.961  1027  1052 V WindowManager: setAppVisibility(Token{29c7212f ActivityRecord{3074e30e u0 com.android.settings/.SettingsReceiverActivity t167}}, displayId=0, visible=false): mNextAppTransition=0xffffffff hidden=true hiddenRequested=true
12-12 13:32:35.971  1230  1230 D KeyguardUpdateMonitor: received broadcast android.media.RINGER_MODE_CHANGED
12-12 13:32:35.971  1230  1230 I PERF    : received broadcast android.media.RINGER_MODE_CHANGED
12-12 13:32:35.971  1230  1230 D KeyguardUpdateMonitor: handleRingerModeChange(0)
12-12 13:32:35.971  1027  6760 I AudioService: setRingerModeInt is called by pid: 1027, uid=1000
12-12 13:32:35.971  1230  1230 D SecVolumePanel: registerReceiver: onReceive start 
12-12 13:32:35.971  1230  1230 D SecVolumePanel: registerReceiver: onReceive end 
12-12 13:32:35.971  1445  1445 D PhoneApp: PhoneAppBroadcastReceiver onReceive android.media.RINGER_MODE_CHANGED
12-12 13:32:35.991  1463  1463 D Launcher: onResume, Launcher: 45639214
12-12 13:32:35.991  1027  1606 D SettingsProvider: isChangeAllowed() : value = 0
12-12 13:32:35.991  1027  1606 D SettingsProvider: isChangeAllowed() : name = kids_home_mode
12-12 13:32:35.991  1027  1606 D SettingsProvider: edmUri: content://com.sec.knox.provider/RestrictionPolicy3
12-12 13:32:35.991  1027  1606 D SettingsProvider: projectionArgs: isSettingsChangesAllowed
12-12 13:32:35.991  1027  1606 D SettingsProvider: selectionArgs: false
12-12 13:32:35.991  1027  1606 D SettingsProvider: selectionArgs: 10003
12-12 13:32:35.991  1027  1606 D SecContentProvider: query(), uri = 17 selection = isSettingsChangesAllowed
12-12 13:32:35.991 12270 12314 D Aatp    : /task/b62fa1879a5c1f663a0033760ad6f075ab8704b3/status
12-12 13:32:35.991  1027  1606 D SettingsProvider: ret = -1
12-12 13:32:35.991  1463  1463 D Launcher.HomeView: onResume
12-12 13:32:35.991 12315 12315 I libpersona: KNOX_SDCARD checking this for 1000
12-12 13:32:35.991 12315 12315 E Zygote  : MountEmulatedStorage()
12-12 13:32:35.991 12315 12315 I libpersona: KNOX_SDCARD not a persona
12-12 13:32:35.991 12315 12315 E Zygote  : v2
12-12 13:32:36.001 12315 12315 I SELinux : Function: selinux_compare_spd_ram, SPD-policy is existed. and_ver=SEPF_SM-E500H_5.1.1 ver=51
12-12 13:32:36.011  5704  5704 V ActivityThread: updateVisibility : ActivityRecord{3cbb885c token=android.os.BinderProxy@1e370930 {com.android.settings/com.android.settings.SettingsReceiverActivity}} show : false
12-12 13:32:36.021  1027  1052 I ActivityManager: Start proc 12315:com.android.settings/1000 for broadcast-3 com.android.settings/.SettingsIntentReceiver
12-12 13:32:36.021  1027  6760 I AudioService: Ringer mode : silent & set driving mode off
12-12 13:32:36.021  1027  1771 D AudioService: setStreamVolume:1 index:0flags:0 package:com.amazon.aatp.aatpdevicemanager
12-12 13:32:36.021  1027  1180 D AudioService: SystemProperties.set(persist.audio.ringermode, 0)
12-12 13:32:36.031 12315 12315 I SELinux : Function: selinux_compare_spd_ram , priority [1] , priority version is VE=SEPF_SM-E500H_5.1.1_0051
12-12 13:32:36.031 12315 12315 E SELinux : [DEBUG] get_category: variable seinfo: platform sensitivity: NULL, cateogry: NULL
12-12 13:32:36.051  1463  1463 D MenuAppsGridFragment: onResume
12-12 13:32:36.051  1027  1769 D StatusBarManagerService: setIcon slot=volume index=23 icon=StatusBarIcon(pkg=com.android.systemuiuser=0 id=0x7f02053c level=0 visible=true num=0 )
12-12 13:32:36.061  1230  1230 D STATUSBAR-SilentModeTile: SilentMode onReceive()-SoundProfile:0
12-12 13:32:36.061 12315 12315 D TimaKeyStoreProvider: TimaSignature is unavailable
12-12 13:32:36.061 12315 12315 D ActivityThread: Added TimaKeyStore provider
12-12 13:32:36.071  1230  1750 D STATUSBAR-QSTileView: onStateChanged: Mute
12-12 13:32:36.071  1027  1810 D StatusBarManagerService: setIcon slot=volume index=23 icon=StatusBarIcon(pkg=com.android.systemuiuser=0 id=0x7f02053c level=0 visible=true num=0 )
12-12 13:32:36.071  1027  6760 V BroadcastQueue: [background] Process cur broadcast BroadcastRecord{21e919b6 u-1 android.media.RINGER_MODE_CHANGED} DELIVERED for app ProcessRecord{ed996b7 12315:com.android.settings/1000}
12-12 13:32:36.081  1027  1180 D AudioService: SystemProperties.set(persist.sys.silent, 1)
12-12 13:32:36.091 12315 12315 W ResourcesManager: Asset path '/system/framework/sec_platform_library.jar' does not exist or contains no resources.
12-12 13:32:36.091 12315 12315 W ResourcesManager: Asset path '/system/framework/smatlib.jar' does not exist or contains no resources.
12-12 13:32:36.091 12315 12315 W ResourcesManager: Asset path '/system/framework/sechardware.jar' does not exist or contains no resources.
12-12 13:32:36.091 12315 12315 W ResourcesManager: Asset path '/system/framework/com.google.android.maps.jar' does not exist or contains no resources.
12-12 13:32:36.091 12315 12315 W ResourcesManager: Asset path '/system/framework/twframework.jar' does not exist or contains no resources.
12-12 13:32:36.091 12315 12315 W ResourcesManager: Asset path '/system/framework/com.broadcom.bt.jar' does not exist or contains no resources.
12-12 13:32:36.101  1230  1230 D STATUSBAR-QSTileView: dynamicallyCutandReduceTextSize: 0
12-12 13:32:36.101  1230  1230 D STATUSBAR-QSTileView: text: Mute
12-12 13:32:36.101  1027  1774 D AudioService: setStreamVolume:5 index:0flags:0 package:com.amazon.aatp.aatpdevicemanager
12-12 13:32:36.111  1027  1027 I Telecom : Ringer: stop HeadsetRingtone.
12-12 13:32:36.111  1027  1830 D AudioService: setStreamVolume:4 index:0flags:0 package:com.amazon.aatp.aatpdevicemanager
12-12 13:32:36.111  1230  1230 D PhoneStatusBar: updateIcon slot=volume index=23 viewIndex=5 old=StatusBarIcon(pkg=com.android.systemuiuser=0 id=0x7f02053d level=0 visible=true num=0 ) icon=StatusBarIcon(pkg=com.android.systemuiuser=0 id=0x7f02053c level=0 visible=true num=0 )
12-12 13:32:36.111  1027  1810 I AudioService: setRingerModeInt is called by pid: 1027, uid=1000
12-12 13:32:36.111  1027  1810 D AudioService: setStreamVolume:2 index:0flags:0 package:com.amazon.aatp.aatpdevicemanager
12-12 13:32:36.121  1027  1810 I AudioService: Ringer mode : vibrate
12-12 13:32:36.121  1230  1230 D CoverUpdateMonitor: received broadcast android.media.VOLUME_CHANGED_ACTION
12-12 13:32:36.121  1230  1230 D CoverUpdateMonitor: received broadcast android.media.VOLUME_CHANGED_ACTION
12-12 13:32:36.121  1027  1471 D AudioService: setStreamVolume:3 index:0flags:0 package:com.amazon.aatp.aatpdevicemanager
12-12 13:32:36.131  1445  1445 D PhoneApp: PhoneAppBroadcastReceiver onReceive android.media.RINGER_MODE_CHANGED
12-12 13:32:36.131  1027  1027 D AudioService: getStreamVolume 2 index 0
12-12 13:32:36.131  1230  1230 D CoverUpdateMonitor: received broadcast android.media.VOLUME_CHANGED_ACTION
12-12 13:32:36.141  1027  1773 D StatusBarManagerService: setIcon slot=volume index=23 icon=StatusBarIcon(pkg=com.android.systemuiuser=0 id=0x7f02053d level=0 visible=true num=0 )
12-12 13:32:36.141 12270 12310 I AWSDeviceFarmAndroidLib: Creating /data/data/com.amazon.aatp.aatpdevicemanager/app_logs
12-12 13:32:36.141  1230  1230 D KeyguardUpdateMonitor: received broadcast android.media.RINGER_MODE_CHANGED
12-12 13:32:36.141  1230  1230 I PERF    : received broadcast android.media.RINGER_MODE_CHANGED
12-12 13:32:36.141  1230  1230 D SecVolumePanel: registerReceiver: onReceive start 
12-12 13:32:36.141  1230  1230 D SecVolumePanel: registerReceiver: onReceive end 
12-12 13:32:36.141 12270 12270 D AatpDeviceManager: taskStatus update (b62fa1879a5c1f663a0033760ad6f075ab8704b3: {"result":"Device woken.","state":2})
12-12 13:32:36.141  1027  1830 D StatusBarManagerService: setIcon slot=volume index=23 icon=StatusBarIcon(pkg=com.android.systemuiuser=0 id=0x7f02053d level=0 visible=true num=0 )
12-12 13:32:36.141  1230  1230 D KeyguardUpdateMonitor: handleRingerModeChange(1)
12-12 13:32:36.141  1230  1230 D STATUSBAR-SilentModeTile: SilentMode onReceive()-SoundProfile:1
12-12 13:32:36.141  1230  1230 D PhoneStatusBar: updateIcon slot=volume index=23 viewIndex=5 old=StatusBarIcon(pkg=com.android.systemuiuser=0 id=0x7f02053c level=0 visible=true num=0 ) icon=StatusBarIcon(pkg=com.android.systemuiuser=0 id=0x7f02053d level=0 visible=true num=0 )
12-12 13:32:36.141  1230  1230 D CoverUpdateMonitor: received broadcast android.media.VOLUME_CHANGED_ACTION
12-12 13:32:36.141  1230  1750 D STATUSBAR-QSTileView: onStateChanged: Vibrate
12-12 13:32:36.141  1230  1230 D STATUSBAR-QSTileView: dynamicallyCutandReduceTextSize: 0
12-12 13:32:36.141  1230  1230 D STATUSBAR-QSTileView: text: Vibrate
12-12 13:32:36.161  1027  1027 I FMRadioService: *** mReceiver: VOLUME_CHANGED_ACTION
12-12 13:32:36.161  1027  1027 I FMRadioService:    stream: 1
12-12 13:32:36.161  1027  1027 I FMRadioService:    volume: 0
12-12 13:32:36.161  1027  1027 I FMRadioService:    current_stream_volume: 7
12-12 13:32:36.161  1027  1027 D AudioService: getStreamVolume 10 index 70
12-12 13:32:36.161  1027  1027 I FMRadioService: *** mReceiver: VOLUME_CHANGED_ACTION
12-12 13:32:36.161  1027  1027 I FMRadioService:    stream: 5
12-12 13:32:36.161  1027  1027 D AudioService: getStreamVolume 10 index 70
12-12 13:32:36.161  1027  1027 I FMRadioService:    volume: 0
12-12 13:32:36.161  1027  1027 D AudioService: getStreamVolume 10 index 70
12-12 13:32:36.161  1027  1027 I FMRadioService:    current_stream_volume: 7
12-12 13:32:36.161  1027  1027 D AudioService: getStreamVolume 10 index 70
12-12 13:32:36.161  1027  1027 I FMRadioService: *** mReceiver: VOLUME_CHANGED_ACTION
12-12 13:32:36.161  1027  1027 I FMRadioService:    stream: 4
12-12 13:32:36.161  1027  1027 D AudioService: getStreamVolume 10 index 70
12-12 13:32:36.161  1027  1027 I FMRadioService:    volume: 0
12-12 13:32:36.161  1027  1027 D LightsService: [api] [SvcLED] turnOff:: id = 5 (uid: 1000 pid: 1027) 
12-12 13:32:36.161  1027  1027 I FMRadioService:    current_stream_volume: 7
12-12 13:32:36.161  1027  1027 D LightsService: [api] [SvcLED] LED indicator : Not supported.
12-12 13:32:36.161  1027  1027 I FMRadioService: *** mReceiver: VOLUME_CHANGED_ACTION
12-12 13:32:36.161  1230  1230 D CoverUpdateMonitor: received broadcast android.media.VOLUME_CHANGED_ACTION
12-12 13:32:36.161  1027  1027 I FMRadioService:    stream: 2
12-12 13:32:36.161  1027  1027 D CustomFrequencyManagerService: FrequencyrequestList.getNextMaxCPUCoreRequest, index: 3
12-12 13:32:36.161  1027  1027 I FMRadioService:    volume: 0
12-12 13:32:36.161  1027  1027 I FMRadioService:    current_stream_volume: 7
12-12 13:32:36.161  1027  1027 I FMRadioService: *** mReceiver: VOLUME_CHANGED_ACTION
12-12 13:32:36.161  1027  1027 I FMRadioService:    stream: 3
12-12 13:32:36.161  1027  1027 I FMRadioService:    volume: 0
12-12 13:32:36.161  1027  1027 I FMRadioService:    current_stream_volume: 7
12-12 13:32:36.171  1230  1230 I PhoneStatusBar: Icon Only
12-12 13:32:36.171  1230  1230 I StatusBar: Icon Only
12-12 13:32:36.171  1230  1230 D StatusBar: getNumberOfActiveSim: 1
12-12 13:32:36.171  1230  1230 D PanelView: kidsfalse mQsExpansionEnabled:true
12-12 13:32:36.181  1230  1230 I PhoneStatusBar: Icon Only
12-12 13:32:36.181  1230  1230 I StatusBar: Icon Only
12-12 13:32:36.191  1230  1230 D StatusBar: getNumberOfActiveSim: 1
12-12 13:32:36.191  1230  1230 D PanelView: kidsfalse mQsExpansionEnabled:true
12-12 13:32:36.201  1230  1256 D AbsSeekBar: AbsSeekBar Constructor: mAllowedSeeBarAnimation = false
12-12 13:32:36.201  1027  1772 D ActivityManager: post active user change for 0 fullscreen true isFloatingActivity() false isHomeActivity() true
12-12 13:32:36.211  1027  1772 I WallpaperManagerService: switchPersonaWallpaper is called for personaId-0
12-12 13:32:36.211  1027  1772 D KnoxTimeoutHandler: post home show event for user 0
12-12 13:32:36.211  1027  1772 D KnoxTimeoutHandler: postActiveUserChange for user 0
12-12 13:32:36.211  1027  1772 I KnoxTimeoutHandler: postActiveUserChange, showWhenLocked: false
12-12 13:32:36.211  1230  1256 D SecVolumePanel: createSliders : SUPPORT_FINEVOLUME = false
12-12 13:32:36.211  1027  1027 D WallpaperManagerService:  force update = false; persona id = 0; current user =0; current persona = 0
12-12 13:32:36.211  1027  1027 D KnoxTimeoutHandler: handleHomeShow for 0 and current 0
12-12 13:32:36.211  1027  1027 D KnoxTimeoutHandler: handleActiveUserChange for user 0
12-12 13:32:36.221  1230  1256 D AbsSeekBar: AbsSeekBar Constructor: mAllowedSeeBarAnimation = false
12-12 13:32:36.221  1027  1027 I KnoxTimeoutHandler: Shared devices show user statefalse
12-12 13:32:36.221  1027  1027 D PersonaManagerService: getPersonasForUser(): returning null!
12-12 13:32:36.221  1230  1256 D SecVolumePanel: createSliders : SUPPORT_FINEVOLUME = false
12-12 13:32:36.231  1230  1256 D AbsSeekBar: AbsSeekBar Constructor: mAllowedSeeBarAnimation = false
12-12 13:32:36.231  1027  1180 V Vibrator: Called vibrateImmVibe(int, MagnitudeType) API - PUID: 1000, PackageName: android
12-12 13:32:36.231  1230  1256 D SecVolumePanel: createSliders : SUPPORT_FINEVOLUME = false
12-12 13:32:36.231  1230  1256 D AbsSeekBar: AbsSeekBar Constructor: mAllowedSeeBarAnimation = false
12-12 13:32:36.241  1463  1463 I Timeline: Timeline: Activity_idle id: android.os.BinderProxy@1af919dc time:5605440
12-12 13:32:36.241  1230  1256 D SecVolumePanel: createSliders : SUPPORT_FINEVOLUME = false
12-12 13:32:36.241  1230  1256 D AbsSeekBar: AbsSeekBar Constructor: mAllowedSeeBarAnimation = false
12-12 13:32:36.251  1230  1256 D SecVolumePanel: createSliders : SUPPORT_FINEVOLUME = false
12-12 13:32:36.251  1027  1180 V Vibrator: vibrateImmVibe - PUID: 1000, PackageName: android, type: 12, mag: 10000
12-12 13:32:36.251  1027  1180 D VibratorService: vibrate - package: android, ms: 500, token: null
12-12 13:32:36.251  1230  1256 D AbsSeekBar: AbsSeekBar Constructor: mAllowedSeeBarAnimation = false
12-12 13:32:36.251  1027  1180 D VibratorService: Turning vibrator off - google.
12-12 13:32:36.251  1230  1256 D SecVolumePanel: createSliders : SUPPORT_FINEVOLUME = false
12-12 13:32:36.261  1027  1180 D AudioService: SystemProperties.set(persist.audio.ringermode, 1)
12-12 13:32:36.261  1027  1180 D VibratorService: vibratorOn() : 500ms
12-12 13:32:36.261  1230  1256 D AbsSeekBar: AbsSeekBar Constructor: mAllowedSeeBarAnimation = false
12-12 13:32:36.261  1230  1256 D SecVolumePanel: createSliders : SUPPORT_FINEVOLUME = false
12-12 13:32:36.261  1230  1256 D AbsSeekBar: AbsSeekBar Constructor: mAllowedSeeBarAnimation = false
12-12 13:32:36.271  1230  1256 D SecVolumePanel: createSliders : SUPPORT_FINEVOLUME = false
12-12 13:32:36.271  1230  1256 D AbsSeekBar: AbsSeekBar Constructor: mAllowedSeeBarAnimation = false
12-12 13:32:36.271  1230  1256 D SecVolumePanel: createSliders : SUPPORT_FINEVOLUME = false
12-12 13:32:36.271  1230  1256 D AbsSeekBar: AbsSeekBar Constructor: mAllowedSeeBarAnimation = false
12-12 13:32:36.281  1230  1256 D SecVolumePanel: createSliders : SUPPORT_FINEVOLUME = false
12-12 13:32:36.281  1027  1180 D AudioService: SystemProperties.set(persist.sys.silent, 1)
12-12 13:32:36.281  1230  1256 D AbsSeekBar: AbsSeekBar Constructor: mAllowedSeeBarAnimation = false
12-12 13:32:36.281  1230  1256 D SecVolumePanel: createSliders : SUPPORT_FINEVOLUME = false
12-12 13:32:36.291  1230  1256 D AbsSeekBar: AbsSeekBar Constructor: mAllowedSeeBarAnimation = false
12-12 13:32:36.291  1230  1256 D SecVolumePanel: createSliders : SUPPORT_FINEVOLUME = false
12-12 13:32:36.291  1230  1230 D SecVolumePanel.03e538a6: onVolumeChanged(streamType: 1, flags: 0)
12-12 13:32:36.321  1230  1230 D ScoverManager: serviceVersion : 16908288
12-12 13:32:36.321  1230  1230 D SecVolumePanel: initCoverManager: initCoverManager
12-12 13:32:36.321  1027  1040 D CoverManagerWhiteLists: isAllowedToUse : SIGNATURE_MATCH
12-12 13:32:36.331  1230  1230 D ScoverManager: registerListener
12-12 13:32:36.331  1027  1830 D CoverManagerWhiteLists: isAllowedToUse : SIGNATURE_MATCH
12-12 13:32:36.331  1027  6760 D CoverManagerWhiteLists: isAllowedToUse : SIGNATURE_MATCH
12-12 13:32:36.331  1027  6760 D CoverManager.StateNotifier: registerListenerCallback : binder = android.os.BinderProxy@f69dc69, pid : 1230, uid : 10047, type : 1
12-12 13:32:36.331  1027  1810 D CoverManagerWhiteLists: isAllowedToUse : SIGNATURE_MATCH
12-12 13:32:36.331  1230  1230 D SecVolumePanel: onVolumeChanged():initCoverManager
12-12 13:32:36.331  1230  1230 D SecVolumePanel: phoneIsOffhook : phoneOffhook = false
12-12 13:32:36.331  1230  1230 D SecVolumePanel: Call setMode(ProgressBar.MODE_STANDARD)_#4
12-12 13:32:36.331 12315 12315 D MySettingsProvider: DatabaseHelper(Context context):DATABASE_VERSION=1
12-12 13:32:36.331  1230  1230 D SecVolumePanel: onVolumeChanged : call resetTimeout()
12-12 13:32:36.331  1230  1230 D SecVolumePanel.03e538a6: resetTimeout at 1513103556346 delay=3000 touchExploration=false
12-12 13:32:36.331  1230  1230 D SecVolumePanel: resetTimeout : call sendEmptyMessageDelayed : MSG_TIMEOUT
12-12 13:32:36.331  1230  1230 D SecVolumePanel.03e538a6: onVolumeChanged(streamType: 5, flags: 0)
12-12 13:32:36.341  1230  1230 D SecVolumePanel: phoneIsOffhook : phoneOffhook = false
12-12 13:32:36.341  1230  1230 D SecVolumePanel: Call setMode(ProgressBar.MODE_STANDARD)_#4
12-12 13:32:36.341  1230  1230 D SecVolumePanel: onVolumeChanged : call resetTimeout()
12-12 13:32:36.341  1230  1230 D SecVolumePanel.03e538a6: resetTimeout at 1513103556348 delay=3000 touchExploration=false
12-12 13:32:36.341  1230  1230 D SecVolumePanel: resetTimeout : call sendEmptyMessageDelayed : MSG_TIMEOUT
12-12 13:32:36.341  1230  1230 D SecVolumePanel.03e538a6: onVolumeChanged(streamType: 4, flags: 0)
12-12 13:32:36.341  1230  1230 D SecVolumePanel: phoneIsOffhook : phoneOffhook = false
12-12 13:32:36.341  1230  1230 D SecVolumePanel: Call setMode(ProgressBar.MODE_STANDARD)_#4
12-12 13:32:36.341  1230  1230 D SecVolumePanel: onVolumeChanged : call resetTimeout()
12-12 13:32:36.341  1230  1230 D SecVolumePanel.03e538a6: resetTimeout at 1513103556349 delay=3000 touchExploration=false
12-12 13:32:36.341  1230  1230 D SecVolumePanel: resetTimeout : call sendEmptyMessageDelayed : MSG_TIMEOUT
12-12 13:32:36.341 12315 12315 E SQLiteLog: (283) recovered 9 frames from WAL file /data/data/com.android.settings/databases/mysettings.db-wal
12-12 13:32:36.341  1230  1230 D SecVolumePanel.03e538a6: onVolumeChanged(streamType: 2, flags: 0)
12-12 13:32:36.341  1230  1230 D SecVolumePanel: phoneIsOffhook : phoneOffhook = false
12-12 13:32:36.341  1230  1230 D SecVolumePanel: Call setMode(ProgressBar.MODE_STANDARD)_#4
12-12 13:32:36.341  1230  1230 D SecVolumePanel: onVolumeChanged : call resetTimeout()
12-12 13:32:36.341  1230  1230 D SecVolumePanel.03e538a6: resetTimeout at 1513103556350 delay=3000 touchExploration=false
12-12 13:32:36.341  1230  1230 D SecVolumePanel: resetTimeout : call sendEmptyMessageDelayed : MSG_TIMEOUT
12-12 13:32:36.341  1230  1230 D SecVolumePanel.03e538a6: onVolumeChanged(streamType: 3, flags: 0)
12-12 13:32:36.341  1230  1230 D SecVolumePanel: phoneIsOffhook : phoneOffhook = false
12-12 13:32:36.341  1230  1230 D SecVolumePanel: Call setMode(ProgressBar.MODE_STANDARD)_#4
12-12 13:32:36.341  1230  1230 D SecVolumePanel: onVolumeChanged : call resetTimeout()
12-12 13:32:36.341  1230  1230 D SecVolumePanel.03e538a6: resetTimeout at 1513103556351 delay=3000 touchExploration=false
12-12 13:32:36.341  1230  1230 D SecVolumePanel: resetTimeout : call sendEmptyMessageDelayed : MSG_TIMEOUT
12-12 13:32:36.341 12315 12315 D MySettingsProvider: onCreate():(mDB == null)? false:true  =true
12-12 13:32:36.341  1027  1039 D PowerManagerService: [api] [s] userActivity : event: 0 flags: 0 (uid: 10047 pid: 1230) eventTime = 5605544
12-12 13:32:36.351  1027  1039 D PowerManagerService: [s] UserActivityState : 4 -> 1
12-12 13:32:36.351  1027  1059 D DisplayPowerController: animateScreenStateChange[0]: target=2
12-12 13:32:36.351  1027  1059 D DisplayPowerController: [Dual Screen Compatible] state[0] :2
12-12 13:32:36.351  1027  1059 D AutomaticBrightnessController: [DAB] mLightSensor is null.
12-12 13:32:36.351  1027  1059 D DisplayPowerController: getFinalBrightness : [useSystemPowerSaveMode]  modiTarget  -> 125
12-12 13:32:36.351  1027  1059 D DisplayPowerController: getFinalBrightness : Summary is 145 -> 125
12-12 13:32:36.351  1027  1059 D DisplayPowerController: Animating brightness: target=125, rate=2000 (PSM:true, AB limit:(-1 ~ -1) MB Limit:(-1 ~ -1) MAdj:(0, (0, 255)))
12-12 13:32:36.351  1027  1059 D PowerManagerService: [s] DisplayPowerCallbacks : onStateChanged()
12-12 13:32:36.361  1027  1215 D lights  : lcd : 21 +
12-12 13:32:36.361  1027  1771 D SettingsProvider: isChangeAllowed() : name = vibrate_in_silent
12-12 13:32:36.361  1027  1771 D SettingsProvider: isChangeAllowed() : value = 0
12-12 13:32:36.371  1027  1027 D SensorService: [SO] activate (ident=0xb84a83d8, enabled=0)
12-12 13:32:36.371  1027  1027 I Sensors : AccelerometerSensor enable: mEnabled 1, handle 0, en 0
12-12 13:32:36.381  1027  1810 I ActivityManager: Killing 5155:com.android.vending/u0a24 (adj 15): empty for 4619s
12-12 13:32:36.381  1027  1027 D SensorManager: unregisterListener ::   
12-12 13:32:36.381  1027  1027 I Sensors : AccelerometerSensor(0) setDelay : 200000000(ns)
12-12 13:32:36.381  1027  1215 D lights  : lcd : 21 -
12-12 13:32:36.381  1027  1810 V BroadcastQueue: [background] Process cur broadcast BroadcastRecord{337106ee u0 com.sec.android.intent.action.HOME_RESUME} DELIVERED for app ProcessRecord{546f293 2508:com.android.contacts/u0a16}
12-12 13:32:36.381  1027  1215 D lights  : lcd : 54 +
12-12 13:32:36.381  1027  1027 D SensorService: [SO] changed settle time [0]
12-12 13:32:36.381  1027  1027 D SensorService: [SO] setDelay [200000000]
12-12 13:32:36.381  1027  1027 D SensorService: [SO] activate (ident=0xb84a83d8, enabled=1)
12-12 13:32:36.381  1027  1052 D CustomFrequencyManagerService: FrequencyrequestList.getNextCStateDisableRequest, index: 0
12-12 13:32:36.381  1027  1027 D SensorService: [SO] AR_init
12-12 13:32:36.381  1027  1027 I Sensors : AccelerometerSensor enable: mEnabled 0, handle 0, en 1
12-12 13:32:36.391  1027  1052 D ActivityManager: mDVFSHelper.release()
12-12 13:32:36.391   257   456 I SurfaceFlinger: id=18 Removed TettingsRec (7/8)
12-12 13:32:36.391  1027  1027 D SensorManager: registerListener :: 1600221811, Screen Orientation Sensor, 200000, 0,  
12-12 13:32:36.391   257  2282 I SurfaceFlinger: id=18 Removed TettingsRec (-2/8)
12-12 13:32:36.391  1230  1230 I SecKeyguardClockSingleView: Ignore. Because it is same clock text
12-12 13:32:36.391  1027  1215 D lights  : lcd : 54 -
12-12 13:32:36.401  1027  1215 D lights  : lcd : 88 +
12-12 13:32:36.411  1027  1215 D lights  : lcd : 88 -
12-12 13:32:36.411  1027  1215 D lights  : lcd : 121 +
12-12 13:32:36.411 12331 12331 E Zygote  : MountEmulatedStorage()
12-12 13:32:36.411 12331 12331 E Zygote  : v2
12-12 13:32:36.411 12331 12331 I libpersona: KNOX_SDCARD checking this for 10038
12-12 13:32:36.411 12331 12331 I libpersona: KNOX_SDCARD not a persona
12-12 13:32:36.411 12331 12331 I SELinux : Function: selinux_compare_spd_ram, SPD-policy is existed. and_ver=SEPF_SM-E500H_5.1.1 ver=51
12-12 13:32:36.421  1027  1040 I ActivityManager: Start proc 12331:com.sec.android.gallery3d/u0a38 for broadcast-3 com.sec.android.gallery3d/.app.MediaScannerReceiver
12-12 13:32:36.421 12331 12331 I SELinux : Function: selinux_compare_spd_ram , priority [1] , priority version is VE=SEPF_SM-E500H_5.1.1_0051
12-12 13:32:36.421  1027  1772 W WindowManager: Execute app transition: mNextAppTransition=0xffffffff displayId = 0
12-12 13:32:36.421  1027  1772 W WindowManager: java.lang.RuntimeException: here
12-12 13:32:36.421  1027  1772 W WindowManager: 	at com.android.server.wm.WindowManagerService.executeAppTransition(WindowManagerService.java:7314)
12-12 13:32:36.421  1027  1772 W WindowManager: 	at com.android.server.am.ActivityStack.resumeTopActivityInnerLocked(ActivityStack.java:2575)
12-12 13:32:36.421  1027  1772 W WindowManager: 	at com.android.server.am.ActivityStack.resumeTopActivityLocked(ActivityStack.java:2492)
12-12 13:32:36.421  1027  1772 W WindowManager: 	at com.android.server.am.ActivityStackSupervisor.resumeTopActivitiesLocked(ActivityStackSupervisor.java:4478)
12-12 13:32:36.421  1027  1772 W WindowManager: 	at com.android.server.am.ActivityStackSupervisor.resumeTopActivitiesLocked(ActivityStackSupervisor.java:4451)
12-12 13:32:36.421  1027  1772 W WindowManager: 	at com.android.server.am.ActivityManagerService.handleAppDiedLocked(ActivityManagerService.java:7067)
12-12 13:32:36.421  1027  1772 W WindowManager: 	at com.android.server.am.ActivityManagerService.appDiedLocked(ActivityManagerService.java:7248)
12-12 13:32:36.421  1027  1772 W WindowManager: 	at com.android.server.am.ActivityManagerService$AppDeathRecipient.binderDied(ActivityManagerService.java:1754)
12-12 13:32:36.421  1027  1772 W WindowManager: 	at android.os.BinderProxy.sendDeathNotice(Binder.java:566)
12-12 13:32:36.421 12331 12331 E SELinux : [DEBUG] get_category: variable seinfo: platform sensitivity: NULL, cateogry: NULL
12-12 13:32:36.431  1027  1215 D lights  : lcd : 121 -
12-12 13:32:36.431  1027  1059 D DisplayPowerController: animateScreenStateChange[0]: target=2
12-12 13:32:36.431  1027  1215 D lights  : lcd : 125 +
12-12 13:32:36.431  1027  1059 D DisplayPowerController: [Dual Screen Compatible] state[0] :2
12-12 13:32:36.431  1027  1059 D AutomaticBrightnessController: [DAB] mLightSensor is null.
12-12 13:32:36.431  1027  1059 D DisplayPowerController: getFinalBrightness : [useSystemPowerSaveMode]  modiTarget  -> 125
12-12 13:32:36.431  1027  1059 D DisplayPowerController: getFinalBrightness : Summary is 145 -> 125
12-12 13:32:36.431  1027  1059 D DisplayPowerController: Animating brightness: target=125, rate=2000 (PSM:true, AB limit:(-1 ~ -1) MB Limit:(-1 ~ -1) MAdj:(0, (0, 255)))
12-12 13:32:36.441 12331 12331 D TimaKeyStoreProvider: TimaSignature is unavailable
12-12 13:32:36.441 12331 12331 D ActivityThread: Added TimaKeyStore provider
12-12 13:32:36.441  1027  1215 D lights  : lcd : 125 -
12-12 13:32:36.441  1027  1059 D DisplayPowerController: animateScreenStateChange[0]: target=2
12-12 13:32:36.441  1027  1059 D DisplayPowerController: [Dual Screen Compatible] state[0] :2
12-12 13:32:36.441  1027  1059 D AutomaticBrightnessController: [DAB] mLightSensor is null.
12-12 13:32:36.441  1027  1059 D DisplayPowerController: getFinalBrightness : [useSystemPowerSaveMode]  modiTarget  -> 125
12-12 13:32:36.441  1027  1059 D DisplayPowerController: getFinalBrightness : Summary is 145 -> 125
12-12 13:32:36.441  1027  1059 D DisplayPowerController: Animating brightness: target=125, rate=2000 (PSM:true, AB limit:(-1 ~ -1) MB Limit:(-1 ~ -1) MAdj:(0, (0, 255)))
12-12 13:32:36.451  1027  1830 V BroadcastQueue: [background] Process cur broadcast BroadcastRecord{337106ee u0 com.sec.android.intent.action.HOME_RESUME} DELIVERED for app ProcessRecord{2150a78f 12331:com.sec.android.gallery3d/u0a38}
12-12 13:32:36.451 12331 12331 W ResourcesManager: Asset path '/system/framework/sechardware.jar' does not exist or contains no resources.
12-12 13:32:36.461 12331 12331 W ResourcesManager: Asset path '/system/framework/com.google.android.maps.jar' does not exist or contains no resources.
12-12 13:32:36.461 12331 12331 W ResourcesManager: Asset path '/system/framework/multiwindow.jar' does not exist or contains no resources.
12-12 13:32:36.461 12331 12331 W ResourcesManager: Asset path '/system/framework/twframework.jar' does not exist or contains no resources.
12-12 13:32:36.461 12331 12331 W ResourcesManager: Asset path '/system/framework/secimaging.jar' does not exist or contains no resources.
12-12 13:32:36.461 12331 12331 W ResourcesManager: Asset path '/system/framework/com.google.android.media.effects.jar' does not exist or contains no resources.
12-12 13:32:36.461 12331 12331 W ResourcesManager: Asset path '/system/framework/allshare.jar' does not exist or contains no resources.
12-12 13:32:36.461 12331 12331 W ResourcesManager: Asset path '/system/framework/secvision.jar' does not exist or contains no resources.
12-12 13:32:36.591  1027  1050 D SensorService: [SO] Reset Rotation Old [100], Init [1]
12-12 13:32:36.611  1027  1180 D SettingsProvider: isChangeAllowed() : name = mode_ringer
12-12 13:32:36.611  1027  1180 D SettingsProvider: isChangeAllowed() : value = 1
12-12 13:32:36.701 12331 12331 D NearbySource: Nearby Source Create!
12-12 13:32:36.701 12331 12331 D NearbyContext: Nearby Context Create!
12-12 13:32:36.751 12331 12331 D SLinkSource: Samsung link source created
12-12 13:32:36.761  1027  1027 D VibratorService: Turning vibrator off - google.
12-12 13:32:36.781 12331 12331 D SecWifiDisplayUtil: Metadata value : none
12-12 13:32:36.791  1027  1050 D SensorService: [SO] currT = 5605993797704, prevT = 5605522192704, diff = 471605000, [0.075 -0.797 9.825]
12-12 13:32:36.791  1027  1050 D SensorService: [SO] 0.075 -0.797 9.825
12-12 13:32:36.791  1027  1050 D SensorService: [SO] [100 -> 255]
12-12 13:32:36.821 12331 12348 D ContactProvider: getAllContactInfoList Start
12-12 13:32:36.861 12331 12348 D ContactProvider: getAllContactInfoList End
12-12 13:32:36.861 12331 12348 I syncContacts: thread: 1703, sync time = 51
12-12 13:32:36.871  1027  1343 D WifiDisplayAdapter: getWifiDisplayStatusLocked: result=WifiDisplayStatus{featureState=2, scanState=0, activeDisplayState=0, activeDisplay=null, displays=[], sessionInfo=WifiDisplaySessionInfo: Client/Owner: Client GroupId:  Passphrase:  SessionId: 0 IP Address: , connectedState=-1, networkQoS=0}
12-12 13:32:36.881  1027  1769 D WifiDisplayAdapter: getWifiDisplayStatusLocked: result=WifiDisplayStatus{featureState=2, scanState=0, activeDisplayState=0, activeDisplay=null, displays=[], sessionInfo=WifiDisplaySessionInfo: Client/Owner: Client GroupId:  Passphrase:  SessionId: 0 IP Address: , connectedState=-1, networkQoS=0}
12-12 13:32:36.881 12331 12331 D GalleryCacheReady: Receive : home resume
12-12 13:32:36.891  1027  1772 I ActivityManager: Killing 11019:com.samsung.android.securitylogagent/1000 (adj 15): empty for 4579s
12-12 13:32:36.891  1027  1772 V BroadcastQueue: [background] Process cur broadcast BroadcastRecord{337106ee u0 com.sec.android.intent.action.HOME_RESUME} DELIVERED for app ProcessRecord{1c535219 4602:com.android.mms/u0a40}
12-12 13:32:36.901  4602  4602 D Mms/UIEventReceiver: ui event
12-12 13:32:36.901  1027  1774 I ActivityManager: Killing 10940:com.google.android.apps.maps/u0a102 (adj 15): empty for 4570s
12-12 13:32:36.911  1027  1774 V BroadcastQueue: [background] Process cur broadcast BroadcastRecord{337106ee u0 com.sec.android.intent.action.HOME_RESUME} DELIVERED for app ProcessRecord{1dc42aa2 1327:com.android.systemui.recentsactivity/u0a47}
12-12 13:32:36.911  1327  1327 D Recents_RecreateReceiver: onReceive by home
12-12 13:32:36.931 12349 12349 E Zygote  : MountEmulatedStorage()
12-12 13:32:36.931 12349 12349 E Zygote  : v2
12-12 13:32:36.931 12349 12349 I libpersona: KNOX_SDCARD checking this for 10080
12-12 13:32:36.931 12349 12349 I libpersona: KNOX_SDCARD not a persona
12-12 13:32:36.931 12349 12349 I SELinux : Function: selinux_compare_spd_ram, SPD-policy is existed. and_ver=SEPF_SM-E500H_5.1.1 ver=51
12-12 13:32:36.941  1027  1774 I ActivityManager: Start proc 12349:com.sec.android.widgetapp.digitalclock/u0a80 for broadcast-3 com.sec.android.widgetapp.digitalclock/.DigitalClockWidgetProvider
12-12 13:32:36.941 12349 12349 I SELinux : Function: selinux_compare_spd_ram , priority [1] , priority version is VE=SEPF_SM-E500H_5.1.1_0051
12-12 13:32:36.941  1027  1773 W WindowManager: Execute app transition: mNextAppTransition=0xffffffff displayId = 0
12-12 13:32:36.941  1027  1773 W WindowManager: java.lang.RuntimeException: here
12-12 13:32:36.941  1027  1773 W WindowManager: 	at com.android.server.wm.WindowManagerService.executeAppTransition(WindowManagerService.java:7314)
12-12 13:32:36.941  1027  1773 W WindowManager: 	at com.android.server.am.ActivityStack.resumeTopActivityInnerLocked(ActivityStack.java:2575)
12-12 13:32:36.941  1027  1773 W WindowManager: 	at com.android.server.am.ActivityStack.resumeTopActivityLocked(ActivityStack.java:2492)
12-12 13:32:36.941  1027  1773 W WindowManager: 	at com.android.server.am.ActivityStackSupervisor.resumeTopActivitiesLocked(ActivityStackSupervisor.java:4478)
12-12 13:32:36.941  1027  1773 W WindowManager: 	at com.android.server.am.ActivityStackSupervisor.resumeTopActivitiesLocked(ActivityStackSupervisor.java:4451)
12-12 13:32:36.941  1027  1773 W WindowManager: 	at com.android.server.am.ActivityManagerService.handleAppDiedLocked(ActivityManagerService.java:7067)
12-12 13:32:36.941  1027  1773 W WindowManager: 	at com.android.server.am.ActivityManagerService.appDiedLocked(ActivityManagerService.java:7248)
12-12 13:32:36.941  1027  1773 W WindowManager: 	at com.android.server.am.ActivityManagerService$AppDeathRecipient.binderDied(ActivityManagerService.java:1754)
12-12 13:32:36.941  1027  1773 W WindowManager: 	at android.os.BinderProxy.sendDeathNotice(Binder.java:566)
12-12 13:32:36.941 12349 12349 E SELinux : [DEBUG] get_category: variable seinfo: shared sensitivity: NULL, cateogry: NULL
12-12 13:32:36.951  1027  1606 W WindowManager: Execute app transition: mNextAppTransition=0xffffffff displayId = 0
12-12 13:32:36.951  1027  1606 W WindowManager: java.lang.RuntimeException: here
12-12 13:32:36.951  1027  1606 W WindowManager: 	at com.android.server.wm.WindowManagerService.executeAppTransition(WindowManagerService.java:7314)
12-12 13:32:36.951  1027  1606 W WindowManager: 	at com.android.server.am.ActivityStack.resumeTopActivityInnerLocked(ActivityStack.java:2575)
12-12 13:32:36.951  1027  1606 W WindowManager: 	at com.android.server.am.ActivityStack.resumeTopActivityLocked(ActivityStack.java:2492)
12-12 13:32:36.951  1027  1606 W WindowManager: 	at com.android.server.am.ActivityStackSupervisor.resumeTopActivitiesLocked(ActivityStackSupervisor.java:4478)
12-12 13:32:36.951  1027  1606 W WindowManager: 	at com.android.server.am.ActivityStackSupervisor.resumeTopActivitiesLocked(ActivityStackSupervisor.java:4451)
12-12 13:32:36.951  1027  1606 W WindowManager: 	at com.android.server.am.ActivityManagerService.handleAppDiedLocked(ActivityManagerService.java:7067)
12-12 13:32:36.951  1027  1606 W WindowManager: 	at com.android.server.am.ActivityManagerService.appDiedLocked(ActivityManagerService.java:7248)
12-12 13:32:36.951  1027  1606 W WindowManager: 	at com.android.server.am.ActivityManagerService$AppDeathRecipient.binderDied(ActivityManagerService.java:1754)
12-12 13:32:36.951  1027  1606 W WindowManager: 	at android.os.BinderProxy.sendDeathNotice(Binder.java:566)
12-12 13:32:36.961  1327  1327 D Recents_RecentsTaskLoader: getAndUpdateThumbnail getTaskThumbnail
12-12 13:32:36.961  1327  1327 V SystemServicesProxy: Loaded bitmap for task 165 isPrivate? false PrivateSetting:false
12-12 13:32:36.961 12349 12349 D TimaKeyStoreProvider: TimaSignature is unavailable
12-12 13:32:36.961 12349 12349 D ActivityThread: Added TimaKeyStore provider
12-12 13:32:36.971  1027  6760 V BroadcastQueue: [background] Process cur broadcast BroadcastRecord{337106ee u0 com.sec.android.intent.action.HOME_RESUME} DELIVERED for app ProcessRecord{304a723 12349:com.sec.android.widgetapp.digitalclock/u0a80}
12-12 13:32:36.971 12349 12349 W ResourcesManager: Asset path '/system/framework/twframework.jar' does not exist or contains no resources.
12-12 13:32:36.991  1027  1773 D ActivityManager: BGQ getDeferredInfo app launch 300
12-12 13:32:36.991  1027  1773 I ActivityManager: Killing 10963:com.google.process.gapps/u0a8 (adj 15): empty for 4357s
12-12 13:32:36.991  1027  1027 D CustomFrequencyManagerService: FrequencyrequestList.getNextCStateDisableRequest, index: 0
12-12 13:32:37.051 12270 12364 D Aatp    : /task/b62fa1879a5c1f663a0033760ad6f075ab8704b3/status
12-12 13:32:37.071  1027  1772 W WindowManager: Execute app transition: mNextAppTransition=0xffffffff displayId = 0
12-12 13:32:37.071  1027  1772 W WindowManager: java.lang.RuntimeException: here
12-12 13:32:37.071  1027  1772 W WindowManager: 	at com.android.server.wm.WindowManagerService.executeAppTransition(WindowManagerService.java:7314)
12-12 13:32:37.071  1027  1772 W WindowManager: 	at com.android.server.am.ActivityStack.resumeTopActivityInnerLocked(ActivityStack.java:2575)
12-12 13:32:37.071  1027  1772 W WindowManager: 	at com.android.server.am.ActivityStack.resumeTopActivityLocked(ActivityStack.java:2492)
12-12 13:32:37.071  1027  1772 W WindowManager: 	at com.android.server.am.ActivityStackSupervisor.resumeTopActivitiesLocked(ActivityStackSupervisor.java:4478)
12-12 13:32:37.071  1027  1772 W WindowManager: 	at com.android.server.am.ActivityStackSupervisor.resumeTopActivitiesLocked(ActivityStackSupervisor.java:4451)
12-12 13:32:37.071  1027  1772 W WindowManager: 	at com.android.server.am.ActivityManagerService.handleAppDiedLocked(ActivityManagerService.java:7067)
12-12 13:32:37.071  1027  1772 W WindowManager: 	at com.android.server.am.ActivityManagerService.appDiedLocked(ActivityManagerService.java:7248)
12-12 13:32:37.071  1027  1772 W WindowManager: 	at com.android.server.am.ActivityManagerService$AppDeathRecipient.binderDied(ActivityManagerService.java:1754)
12-12 13:32:37.071  1027  1772 W WindowManager: 	at android.os.BinderProxy.sendDeathNotice(Binder.java:566)
12-12 13:32:37.191  1027  2848 D SSRM:n  : SIOP:: AP = 280, LCD = 0
12-12 13:32:37.311 12365 12365 E Zygote  : MountEmulatedStorage()
12-12 13:32:37.311 12365 12365 E Zygote  : v2
12-12 13:32:37.311 12365 12365 I libpersona: KNOX_SDCARD checking this for 10084
12-12 13:32:37.311 12365 12365 I libpersona: KNOX_SDCARD not a persona
12-12 13:32:37.311 12365 12365 I SELinux : Function: selinux_compare_spd_ram, SPD-policy is existed. and_ver=SEPF_SM-E500H_5.1.1 ver=51
12-12 13:32:37.311  1027  1052 I ActivityManager: Start proc 12365:com.sec.android.widgetapp.dualclockdigital/u0a84 for broadcast-3 com.sec.android.widgetapp.dualclockdigital/.DigitalDualClockWidgetProvider
12-12 13:32:37.311 12365 12365 I SELinux : Function: selinux_compare_spd_ram , priority [1] , priority version is VE=SEPF_SM-E500H_5.1.1_0051
12-12 13:32:37.321 12365 12365 E SELinux : [DEBUG] get_category: variable seinfo: shared sensitivity: NULL, cateogry: NULL
12-12 13:32:37.341 12365 12365 D TimaKeyStoreProvider: TimaSignature is unavailable
12-12 13:32:37.341 12365 12365 D ActivityThread: Added TimaKeyStore provider
12-12 13:32:37.351  1027  1771 V BroadcastQueue: [background] Process cur broadcast BroadcastRecord{337106ee u0 com.sec.android.intent.action.HOME_RESUME} DELIVERED for app ProcessRecord{1bfa0420 12365:com.sec.android.widgetapp.dualclockdigital/u0a84}
12-12 13:32:37.351   301   301 I art     : Explicit concurrent mark sweep GC freed 8722(371KB) AllocSpace objects, 0(0B) LOS objects, 39% free, 7MB/11MB, paused 1.020ms total 35.715ms
12-12 13:32:37.371 12365 12365 W ResourcesManager: Asset path '/system/framework/twframework.jar' does not exist or contains no resources.
12-12 13:32:37.371   301   301 I art     : Explicit concurrent mark sweep GC freed 5(160B) AllocSpace objects, 0(0B) LOS objects, 39% free, 7MB/11MB, paused 727us total 19.628ms
12-12 13:32:37.371 12365 12365 W ResourcesManager: Asset path '/system/framework/sec_feature.jar' does not exist or contains no resources.
12-12 13:32:37.391   301   301 I art     : Explicit concurrent mark sweep GC freed 5(160B) AllocSpace objects, 0(0B) LOS objects, 39% free, 7MB/11MB, paused 714us total 19.389ms
12-12 13:32:37.411 12382 12382 E Zygote  : MountEmulatedStorage()
12-12 13:32:37.411 12382 12382 E Zygote  : v2
12-12 13:32:37.411 12382 12382 I libpersona: KNOX_SDCARD checking this for 10131
12-12 13:32:37.411 12382 12382 I libpersona: KNOX_SDCARD not a persona
12-12 13:32:37.421 12382 12382 I SELinux : Function: selinux_compare_spd_ram, SPD-policy is existed. and_ver=SEPF_SM-E500H_5.1.1 ver=51
12-12 13:32:37.421  1027  1471 I ActivityManager: Start proc 12382:com.sec.android.app.camera/u0a131 for broadcast-3 com.sec.android.app.camera/.HomeResumeCamera
12-12 13:32:37.421 12382 12382 I SELinux : Function: selinux_compare_spd_ram , priority [1] , priority version is VE=SEPF_SM-E500H_5.1.1_0051
12-12 13:32:37.421 12382 12382 E SELinux : [DEBUG] get_category: variable seinfo: platform sensitivity: NULL, cateogry: NULL
12-12 13:32:37.431 12382 12382 D TimaKeyStoreProvider: TimaSignature is unavailable
12-12 13:32:37.441 12382 12382 D ActivityThread: Added TimaKeyStore provider
12-12 13:32:37.441  1027  1606 V BroadcastQueue: [background] Process cur broadcast BroadcastRecord{337106ee u0 com.sec.android.intent.action.HOME_RESUME} DELIVERED for app ProcessRecord{2775b1d9 12382:com.sec.android.app.camera/u0a131}
12-12 13:32:37.451 12382 12382 W ResourcesManager: Asset path '/system/framework/secmediarecorder.jar' does not exist or contains no resources.
12-12 13:32:37.451 12382 12382 W ResourcesManager: Asset path '/system/framework/sechardware.jar' does not exist or contains no resources.
12-12 13:32:37.451 12382 12382 W ResourcesManager: Asset path '/system/framework/secimaging.jar' does not exist or contains no resources.
12-12 13:32:37.451 12382 12382 W ResourcesManager: Asset path '/system/framework/seccamera.jar' does not exist or contains no resources.
12-12 13:32:37.451 12382 12382 W ResourcesManager: Asset path '/system/framework/secvision.jar' does not exist or contains no resources.
12-12 13:32:37.501 12397 12397 E Zygote  : MountEmulatedStorage()
12-12 13:32:37.501 12397 12397 E Zygote  : v2
12-12 13:32:37.501 12397 12397 I libpersona: KNOX_SDCARD checking this for 10135
12-12 13:32:37.501 12397 12397 I libpersona: KNOX_SDCARD not a persona
12-12 13:32:37.501 12397 12397 I SELinux : Function: selinux_compare_spd_ram, SPD-policy is existed. and_ver=SEPF_SM-E500H_5.1.1 ver=51
12-12 13:32:37.501  1027  1769 I ActivityManager: Start proc 12397:com.sec.android.widgetapp.activeapplicationwidget/u0a135 for broadcast-3 com.sec.android.widgetapp.activeapplicationwidget/.ProgramMonitorProvider
12-12 13:32:37.501 12397 12397 I SELinux : Function: selinux_compare_spd_ram , priority [1] , priority version is VE=SEPF_SM-E500H_5.1.1_0051
12-12 13:32:37.511 12397 12397 E SELinux : [DEBUG] get_category: variable seinfo: platform sensitivity: NULL, cateogry: NULL
12-12 13:32:37.531 12397 12397 D TimaKeyStoreProvider: TimaSignature is unavailable
12-12 13:32:37.531 12270 12411 D Aatp    : /keyguard
12-12 13:32:37.531 12397 12397 D ActivityThread: Added TimaKeyStore provider
12-12 13:32:37.531  1027  1471 V BroadcastQueue: [background] Process cur broadcast BroadcastRecord{337106ee u0 com.sec.android.intent.action.HOME_RESUME} DELIVERED for app ProcessRecord{1023079e 12397:com.sec.android.widgetapp.activeapplicationwidget/u0a135}
12-12 13:32:37.541 12270 12411 D Aatp    : sha1: b642b038d7580aadc9e61406208fca48a17a43c2
12-12 13:32:37.541  1027  1260 D ActivityManager: startService callerProcessName:com.amazon.aatp.aatpdevicemanager, calleePkgName: com.amazon.aatp.aatpdevicemanager
12-12 13:32:37.551 12270 12270 D AatpDeviceManager: taskStatus update (b642b038d7580aadc9e61406208fca48a17a43c2: {"state":1})
12-12 13:32:37.551  1027  1052 D ApplicationPolicy: isStatusBarNotificationAllowedAsUser: packageName = com.amazon.aatp.aatpdevicemanager,userId = 0
12-12 13:32:37.551  1027  1052 V ApplicationPolicy: isApplicationStateBlocked userId 0 pkgname com.amazon.aatp.aatpdevicemanager
12-12 13:32:37.551 12270 12413 D AatpDeviceManager: Keyguard enabled: false
12-12 13:32:37.551  1027  1027 D WindowManager: showStatusBarByNotification() mOpenByNotification=false
12-12 13:32:37.561 12397 12397 V TaskCloserActivity: TaskCloserActivity enter()
12-12 13:32:37.561 12397 12397 V TaskCloserActivity: TaskCloserActivity onReceive() - com.sec.android.intent.action.HOME_RESUME
12-12 13:32:37.561  1027  1040 D ActivityManager: BGQ getDeferredInfo app launch 300
12-12 13:32:37.561 12270 12270 D AatpDeviceManager: taskStatus update (b642b038d7580aadc9e61406208fca48a17a43c2: {"result":{"enabled":false},"state":2})
12-12 13:32:37.561 12270 12411 D Aatp    : /task/b642b038d7580aadc9e61406208fca48a17a43c2
12-12 13:32:37.571  1027  1027 D LightsService: [api] [SvcLED] turnOff:: id = 5 (uid: 1000 pid: 1027) 
12-12 13:32:37.571  1027  1027 D LightsService: [api] [SvcLED] LED indicator : Not supported.
12-12 13:32:37.621  1230  1230 D KnoxNotification: ----- inflateViews : modified publicViewLocal -----
12-12 13:32:37.631  1230  1230 D KnoxNotification: ----- inflateViews : modified KnoxViewLocal -----
12-12 13:32:37.641  1230  1230 I PhoneStatusBar: Icon Only
12-12 13:32:37.651  1230  1230 I StatusBar: Icon Only
12-12 13:32:37.651  1230  1230 D StatusBar: getNumberOfActiveSim: 1
12-12 13:32:37.651  1230  1230 D PanelView: kidsfalse mQsExpansionEnabled:true
