12-12 13:32:53.491  1027  1027 D HS20StateMachine: [type: WIFI[] - WIFI, state: DISCONNECTED/DISCONNECTED, reason: (unspecified), extra: <unknown ssid>, roaming: false, failover: false, isAvailable: true, isConnectedToProvisioningNetwork: false]
12-12 13:32:53.501  1230  1230 D PanelView: kidsfalse mQsExpansionEnabled:true
12-12 13:32:53.501  1027  1027 D HS20StateMachine: checkifOSUAP  null disconnectedFromSsid
12-12 13:32:53.511 12769 12994 I acdp    : No Heterodyne serving version in database
12-12 13:32:53.511 12909 12909 D Finsky  : [1] GmsCoreHelper.cleanupNlp: result=false type=4
12-12 13:32:53.511  1230  1230 D StatusBar: getNumberOfActiveSim: 1
12-12 13:32:53.521  1230  1230 D PanelView: kidsfalse mQsExpansionEnabled:true
12-12 13:32:53.521  1027  1052 V BroadcastQueue: [background] Process cur broadcast BroadcastRecord{3d6f1ca8 u0 android.intent.action.PACKAGE_DATA_CLEARED} DELIVERED for app ProcessRecord{15324b05 11301:com.sec.android.widgetapp.ap.hero.accuweather/u0a59}
12-12 13:32:53.521 11301 11301 D accuweather: [KK AccuPhone]>>> AWCDS:21 [0:0] AW CD Act : androidintentactionPACKAGE_DATA_CLEARED
12-12 13:32:53.521  1027  1175 D ConnectivityService: getAllNetworkState networkCapability  = [ Transports: WIFI Capabilities: WIFI_P2P&NOT_RESTRICTED&TRUSTED&NOT_VPN LinkUpBandwidth>=1048576Kbps LinkDnBandwidth>=1048576Kbps]
12-12 13:32:53.531 13068 13119 W YouTube : Fetching the Gservices key 'failsafe_clear_cache_release' before the end of the bulk initialization
12-12 13:32:53.531  1027  1175 D ConnectivityService: getAllNetworkState networkCapability  = [ Transports: WIFI Capabilities: INTERNET&NOT_RESTRICTED&TRUSTED&NOT_VPN LinkUpBandwidth>=1048576Kbps LinkDnBandwidth>=1048576Kbps]
12-12 13:32:53.531  1027  1167 V NetworkStats: performPollLocked(flags=0x1)
12-12 13:32:53.541  1027  1175 D ConnectivityService: notifyType LOST for NetworkAgentInfo [WIFI () - 502]
12-12 13:32:53.541  1027  1167 V NetworkStats: performPollLocked() took 8ms
12-12 13:32:53.541  1027 12904 D NetworkMonitor/NetworkAgentInfo [WIFI () - 502]: DefaultState{ when=-2ms what=532487 target=com.android.internal.util.StateMachine$SmHandler }
12-12 13:32:53.541  1027 12904 D NetworkMonitor/NetworkAgentInfo [WIFI () - 502]: Disconnected - quitting
12-12 13:32:53.551  1230  1230 D StatusBar.MSimNetworkController: isSIMOFFOfSlot simDBvalue0 = 1, simDBvalue1 =1
12-12 13:32:53.551  1230  1230 D StatusBar.MSimNetworkController: NoService, mRoamingIconId = 0phoneId : 0
12-12 13:32:53.551  1230  1230 D StatusBar.MSimNetworkController: refreshViews connected={ } phoneId = 0 level=0 mMSimcombinedSignalIconId=0x7f0207e9/com.android.systemui:drawable/tw_stat_sys_signal_null mMSimcombinedActivityIconId=0x0 mAirplaneMode=false mMSimDataActivity=0 mMSimPhoneSignalIconId=0x7f0207e9/com.android.systemui:drawable/tw_stat_sys_signal_null mMSimDataDirectionIconId=0x0 mMSimDataSignalIconId=0x7f0207e9 mMSimDataTypeIconId=0x0/(null) mNoMSimIconId=0x0/(null) mMSimMobileActivityIconId=0x0/(null) mWifiIconId=0x7f02068a mBluetoothTetherIconId=0x10808fa mRoamingIconId=0x 0/(null)
12-12 13:32:53.551  1230  1230 D StatusBar.MSimNetworkController: refreshSignalCluster : called
12-12 13:32:53.551  1027  1168 D NtpTrustedTime: forceRefresh: no connectivity
12-12 13:32:53.551  1027  1175 D CSLegacyTypeTracker: Removing agent NetworkAgentInfo{ ni{[type: WIFI[] - WIFI, state: DISCONNECTED/DISCONNECTED, reason: (unspecified), extra: <unknown ssid>, roaming: false, failover: false, isAvailable: true, isConnectedToProvisioningNetwork: false]}  network{502}  lp{{InterfaceName: wlan0 LinkAddresses: [fe80::aec:a9ff:fefe:bfed/64,]  Routes: [fe80::/64 -> :: wlan0,] DnsAddresses: [] Domains: null MTU: 0 TcpBufferSizes: 524288,1048576,4525824,524288,1048576,4525824}}  nc{[ Transports: WIFI Capabilities: INTERNET&NOT_RESTRICTED&TRUSTED&NOT_VPN LinkUpBandwidth>=1048576Kbps LinkDnBandwidth>=1048576Kbps]}  Score{20}  everValidated{false}  lastValidated{false}  created{false}  explicitlySelected{false} }
12-12 13:32:53.551  1027  1175 D ConnectivityService: nai.networkMonitor.doQuit()
12-12 13:32:53.561  1027  1175 D NetworkMonitor/NetworkAgentInfo [WIFI () - 502]: doQuit - quitNow()
12-12 13:32:53.561  1230  1230 D StatusBar.MSimNetworkController: refreshNwBoosterIndicator - setNWBoosterIndicators(false)
12-12 13:32:53.561  1027  1175 E ConnectivityService: EVENT_NETWORK_INFO_CHANGED from unknown NetworkAgent
12-12 13:32:53.561  1027  1471 D ActivityManager: startService callerProcessName:com.android.vending, calleePkgName: com.android.vending
12-12 13:32:53.571  1027  1774 I ActivityManager: Delay finish: com.sec.android.widgetapp.ap.hero.accuweather/.appservice.AWClearDataService
12-12 13:32:53.611  1027  1170 D WifiNetworkAgent: NetworkAgent: NetworkAgent channel lost
12-12 13:32:53.611  1027  1170 D SecContentProvider2: query(), uri = 20 selection = getPromptCredentialsEnabled
12-12 13:32:53.611  1230  1230 D StatusBar.MSimNetworkController: refreshNwBoosterIndicator - setNWBoosterIndicators(false)
12-12 13:32:53.631  1027  1607 E LocSvc_libulp: I/int ulp_msg_process_system_update(UlpSystemEvent): systemEvent:5 
12-12 13:32:53.631  1027  1607 E LocSvc_libulp: I/int ulp_msg_process_start_req(), at ulp state = 1
12-12 13:32:53.631  1230  1230 D HotspotTile: onReceive : android.net.conn.TETHER_STATE_CHANGED
12-12 13:32:53.631  1230  1230 D HotspotTile: updateTetherState():false, false
12-12 13:32:53.641  1027  1428 E LocSvc_ApiV02: I/<--- void globalRespCb(locClientHandleType, uint32_t, locClientRespIndUnionType, void*) line 125 QMI_LOC_GET_BEST_AVAILABLE_POSITION_REQ_V02
12-12 13:32:53.641  1027  1607 D Ulp_jni : Location CB invoked
12-12 13:32:53.641  1027  1774 D ActivityManager: startService callerProcessName:com.google.android.gms, calleePkgName: com.google.android.gms
12-12 13:32:53.641  1027  1607 E LocSvc_libulp: I/int ulp_brain_process_zpp_position_report(loc_sess_status, LocPosTechMask, const UlpLocation*), report ZPP position to providers,report_position = 1
12-12 13:32:53.641  1027  1170 D SecContentProvider2: query(), uri = 20 selection = getPromptCredentialsEnabled
12-12 13:32:53.651 12270 13067 D AWSDeviceFarmAndroidLib: Getting AWS Device Farm Network SSID: 9902007673
12-12 13:32:53.651  1027  6760 E addOrUpdateNetwork:  uid = 12268 SSID "9902007673" nid=-1
12-12 13:32:53.661  1027  1713 D ActivityManager: startService callerProcessName:com.google.android.gms, calleePkgName: com.google.android.gms
12-12 13:32:53.681  1027  1170 D SecContentProvider2: query(), uri = 20 selection = getAllowUserProfiles
12-12 13:32:53.691  1230  1230 D StatusBar.MSimNetworkController: NoService, mRoamingIconId = 0phoneId : 0
12-12 13:32:53.691  1027  1471 D ActivityManager: startService callerProcessName:com.google.android.gms, calleePkgName: com.google.android.gms
12-12 13:32:53.691  1230  1230 D StatusBar.MSimNetworkController: isSIMOFFOfSlot simDBvalue0 = 1, simDBvalue1 =1
12-12 13:32:53.691  1027  1170 E WifiConfigStore:  key="9902007673"WPA_PSK netId=-1 uid=12268/0
12-12 13:32:53.691  1230  1230 D StatusBar.MSimNetworkController: refreshViews connected={ } phoneId = 0 level=0 mMSimcombinedSignalIconId=0x7f0207e9/com.android.systemui:drawable/tw_stat_sys_signal_null mMSimcombinedActivityIconId=0x0 mAirplaneMode=false mMSimDataActivity=0 mMSimPhoneSignalIconId=0x7f0207e9/com.android.systemui:drawable/tw_stat_sys_signal_null mMSimDataDirectionIconId=0x0 mMSimDataSignalIconId=0x7f0207e9 mMSimDataTypeIconId=0x0/(null) mNoMSimIconId=0x0/(null) mMSimMobileActivityIconId=0x0/(null) mWifiIconId=0x7f02068a mBluetoothTetherIconId=0x10808fa mRoamingIconId=0x 0/(null)
12-12 13:32:53.691  1230  1230 D StatusBar.MSimNetworkController: refreshSignalCluster : called
12-12 13:32:53.691  1027  1170 E WifiConfigStore: addOrUpdateNetworkNative created netId=0
12-12 13:32:53.691  1027  1713 D ActivityManager: startService callerProcessName:com.google.android.gms, calleePkgName: com.google.android.gms
12-12 13:32:53.701  1027  1168 D NtpTrustedTime: forceRefresh: no connectivity
12-12 13:32:53.701  1027  1343 D ActivityManager: startService callerProcessName:com.google.android.gms, calleePkgName: com.google.android.gms
12-12 13:32:53.701  1230  1230 D StatusBar.MSimNetworkController: refreshNwBoosterIndicator - setNWBoosterIndicators(false)
12-12 13:32:53.701  1027  1606 D ActivityManager: startService callerProcessName:com.google.android.gms, calleePkgName: com.google.android.gms
12-12 13:32:53.701 12909 12909 D Finsky  : [1] RestoreTracker.stopServiceIfDone: Restore complete with 0 success and 0 failed.
12-12 13:32:53.711  1027  1772 I ActivityManager: Resuming delayed broadcast
12-12 13:32:53.711  1027  1772 V BroadcastQueue: [background] Process cur broadcast BroadcastRecord{3d6f1ca8 u0 android.intent.action.PACKAGE_DATA_CLEARED} DELIVERED for app ProcessRecord{2423a75a 12509:com.android.documentsui/u0a82}
12-12 13:32:53.711  1027  1713 D ActivityManager: startService callerProcessName:com.google.android.gms, calleePkgName: com.google.android.gms
12-12 13:32:53.721  1027  1260 D ActivityManager: BGQ getDeferredInfo app launch 300
12-12 13:32:53.721  1027  1769 D ActivityManager: startService callerProcessName:com.google.android.gms, calleePkgName: com.google.android.gms
12-12 13:32:53.721  1027  1040 D ActivityManager: startService callerProcessName:com.google.android.gms, calleePkgName: com.google.android.gms
12-12 13:32:53.731  1230  1230 D StatusBar.MSimNetworkController: refreshNwBoosterIndicator - setNWBoosterIndicators(false)
12-12 13:32:53.731  1027  1496 D ActivityManager: startService callerProcessName:com.google.android.gms, calleePkgName: com.google.android.gms
12-12 13:32:53.731  1027  1774 D ActivityManager: startService callerProcessName:com.google.android.gms, calleePkgName: com.google.android.gms
12-12 13:32:53.731  1027  1810 D ActivityManager: startService callerProcessName:com.google.android.gms, calleePkgName: com.google.android.gms
12-12 13:32:53.741  1027  1039 D ActivityManager: startService callerProcessName:com.google.android.gms, calleePkgName: com.google.android.gms
12-12 13:32:53.741  1027  1830 D ActivityManager: startService callerProcessName:com.google.android.gms, calleePkgName: com.google.android.gms
12-12 13:32:53.751  1027  1496 D ActivityManager: startService callerProcessName:com.google.android.gms, calleePkgName: com.google.android.gms
12-12 13:32:53.751  1027  1772 D ActivityManager: startService callerProcessName:com.google.android.gms, calleePkgName: com.google.android.gms
12-12 13:32:53.761 13068 13112 W YouTube : Fetching the Gservices key 'disable_binder_callback_flush' before the end of the bulk initialization
12-12 13:32:53.801  1027  1260 D ActivityManager: startService callerProcessName:com.google.android.gms, calleePkgName: com.google.android.gms
12-12 13:32:53.801  1027  1496 D ActivityManager: startService callerProcessName:com.google.android.gms, calleePkgName: com.google.android.gms
12-12 13:32:53.801  1027  1773 D ActivityManager: startService callerProcessName:com.google.android.gms, calleePkgName: com.google.android.gms
12-12 13:32:53.811 12769 12861 W ConfigurationChimeraPro: Got null configs for com.google.android.gms.clearcut.public
12-12 13:32:53.821  1027  1606 D ActivityManager: startService callerProcessName:com.google.android.gms, calleePkgName: com.google.android.gms
12-12 13:32:53.831  1027  1170 E WifiConfigStore: created new config netId=0 uid=12268
12-12 13:32:53.831  1027  1170 E WifiConfigStore: will read network variables netId=0
12-12 13:32:53.841  1027  1170 I WifiConfigStore: "9902007673" is a verified password AP: false
12-12 13:32:53.841  1027  1170 E WifiConfigStore: Not a HS20
12-12 13:32:53.871 12494 12953 W TRThreadPoolExecutor: Task "NotifyOnDoneFutureTask[fetch_opt_in_statuses]" is a x. Failures of FutureTask can not be detected and exceptions will not be propagated by the executor
12-12 13:32:53.881  1027  1772 D ActivityManager: startService callerProcessName:com.google.android.gms, calleePkgName: com.google.android.gms
12-12 13:32:53.891  1027  1713 D ActivityManager: startService callerProcessName:com.google.android.gms, calleePkgName: com.google.android.gms
12-12 13:32:53.891  1027  1773 D ActivityManager: startService callerProcessName:com.google.android.gms, calleePkgName: com.google.android.gms
12-12 13:32:53.911  1027  1040 D ActivityManager: startService callerProcessName:com.google.android.gms, calleePkgName: com.google.android.gms
12-12 13:32:53.921  1027  1772 D ActivityManager: startService callerProcessName:com.google.android.gms, calleePkgName: com.google.android.gms
12-12 13:32:53.931 12270 13067 I AWSDeviceFarmAndroidLib: Attempting Wi-Fi connection: attempt 1 out of 2.
12-12 13:32:53.931 12270 13067 D AWSDeviceFarmAndroidLib: connectToNetwork: ssid: 9902007673
12-12 13:32:53.941 12270 13067 D AWSDeviceFarmAndroidLib: getWifiConfigBySsid: ssid: 9902007673
12-12 13:32:53.941 12270 13067 D AWSDeviceFarmAndroidLib: networks: 1
12-12 13:32:53.941 12270 13067 D AWSDeviceFarmAndroidLib: getWifiConfigBySsid: checking: "9902007673" against "9902007673"
12-12 13:32:53.941 12270 13067 D AWSDeviceFarmAndroidLib: Network profile found!
12-12 13:32:53.951  1027  1830 I WifiService: disconnect: pid=12270, uid=12268
12-12 13:32:53.951  1027  1170 E WifiConfigStore: setLastSelectedConfiguration -1
12-12 13:32:53.951  1027  1772 D ActivityManager: startService callerProcessName:com.google.android.gms, calleePkgName: com.google.android.gms
12-12 13:32:53.951  1219  1219 I wpa_supplicant: [wpa_supplicant_ctrl_iface_process] : DISCONNECT
12-12 13:32:53.951  1219  1219 I wpa_supplicant: wlan0: State: SCANNING -> DISCONNECTED
12-12 13:32:53.951  1219  1219 I wpa_supplicant: CTRL-EVENT-STATE-CHANGE id=-1 state=0 BSSID=00.00.00 SSID=
12-12 13:32:53.951  1027  1170 E WifiConfigStore: setLastSelectedConfiguration 0
12-12 13:32:53.951  1027  1170 E WifiConfigStore: saveWifiConfigBSSID Setting BSSID for "9902007673"WPA_PSK to any
12-12 13:32:53.981  1027  1810 D ActivityManager: startService callerProcessName:com.google.android.gms, calleePkgName: com.google.android.gms
12-12 13:32:53.981  1219  1219 I wpa_supplicant: Trying to associate with SSID '39393032303037363733'
12-12 13:32:53.981  1219  1219 I wpa_supplicant: Trying to associate with  '7673'
12-12 13:32:53.981  1219  1219 I wpa_supplicant: Re-associate with 74.D8.8C
12-12 13:32:53.981  1219  1219 I wpa_supplicant: wlan0: State: DISCONNECTED -> ASSOCIATING
12-12 13:32:53.981  1219  1219 I wpa_supplicant: CTRL-EVENT-STATE-CHANGE id=0 state=5 BSSID=00.00.00 SSID=39393032303037363733
12-12 13:32:53.991  1027  1404 D WifiMonitor: didn't find BSSID Trying to associate with SSID '9902007673'
12-12 13:32:54.001  1027  1170 D SecContentProvider2: query(), uri = 20 selection = getPromptCredentialsEnabled
12-12 13:32:54.011 12797 13135 I Authzen : [PermitStore] Getting all permits...
12-12 13:32:54.021  1027  1810 D ActivityManager: startService callerProcessName:com.google.android.gms, calleePkgName: com.google.android.gms
12-12 13:32:54.021  1027  1773 D ActivityManager: startService callerProcessName:com.google.android.gms, calleePkgName: com.google.android.gms
12-12 13:32:54.041  1027  1052 V BroadcastQueue: [background] Process cur broadcast BroadcastRecord{3d6f1ca8 u0 android.intent.action.PACKAGE_DATA_CLEARED} DELIVERED for app ProcessRecord{ed4c767 12525:com.samsung.android.provider.shootingmodeprovider/u0a144}
12-12 13:32:54.041  1027  1772 D ActivityManager: startService callerProcessName:com.google.android.gms, calleePkgName: com.google.android.gms
12-12 13:32:54.051  1027  1170 D SecContentProvider2: query(), uri = 20 selection = getPromptCredentialsEnabled
12-12 13:32:54.051 12270 13138 D Aatp    : /task/e82b2402a17f019997368f1e9f670ede903ea970/status
12-12 13:32:54.071  1027  1040 D ActivityManager: startService callerProcessName:com.google.android.gms, calleePkgName: com.google.android.gms
12-12 13:32:54.071  1027  1260 D ActivityManager: BGQ getDeferredInfo app launch 300
12-12 13:32:54.071  1027  1769 D ActivityManager: startService callerProcessName:com.google.android.gms, calleePkgName: com.google.android.gms
12-12 13:32:54.081 13068 13114 W ResourcesManager: Asset path '/system/framework/com.android.media.remotedisplay.jar' does not exist or contains no resources.
12-12 13:32:54.081 13068 13114 W ResourcesManager: Asset path '/system/framework/com.android.location.provider.jar' does not exist or contains no resources.
12-12 13:32:54.081 13068 13111 W ResourcesManager: Asset path '/system/framework/com.android.media.remotedisplay.jar' does not exist or contains no resources.
12-12 13:32:54.081 13068 13111 W ResourcesManager: Asset path '/system/framework/com.android.location.provider.jar' does not exist or contains no resources.
12-12 13:32:54.091  1027  1774 D ActivityManager: startService callerProcessName:com.google.android.gms, calleePkgName: com.google.android.gms
12-12 13:32:54.101  1027  1039 D ActivityManager: startService callerProcessName:com.google.android.gms, calleePkgName: com.google.android.gms
12-12 13:32:54.101  1027  1773 D ActivityManager: startService callerProcessName:com.google.android.gms, calleePkgName: com.google.android.gms
12-12 13:32:54.111  1027  1343 D ActivityManager: startService callerProcessName:com.google.android.gms, calleePkgName: com.google.android.gms
12-12 13:32:54.111  1027  1810 D ActivityManager: startService callerProcessName:com.google.android.gms, calleePkgName: com.google.android.gms
12-12 13:32:54.121   273   905 D Netd    : Iface wlan0 link down
12-12 13:32:54.121  1219  1219 E wpa_supplicant: Cmd 35605 not handled
12-12 13:32:54.121   273   905 D Netd    : Iface wlan0 link down
12-12 13:32:54.121   273   905 D Netd    : Iface wlan0 link up
12-12 13:32:54.121  1219  1219 I wpa_supplicant: wlan0: State: ASSOCIATING -> ASSOCIATED
12-12 13:32:54.121  1219  1219 I wpa_supplicant: CTRL-EVENT-STATE-CHANGE id=0 state=6 BSSID=00.00.00 SSID=39393032303037363733
12-12 13:32:54.121  1219  1219 I wpa_supplicant: Associated with 74.D8.8C
12-12 13:32:54.121  1219  1219 I wpa_supplicant: wlan0: RX EAPOL from 74:da:38:41:d8:8c
12-12 13:32:54.121  1219  1219 I wpa_supplicant: wlan0: State: ASSOCIATED -> 4WAY_HANDSHAKE
12-12 13:32:54.121  1219  1219 I wpa_supplicant: CTRL-EVENT-STATE-CHANGE id=0 state=7 BSSID=74.D8.8C SSID=39393032303037363733
12-12 13:32:54.141  1219  1219 I wpa_supplicant: wlan0: RX EAPOL from 74:da:38:41:d8:8c
12-12 13:32:54.141  1219  1219 I wpa_supplicant: wlan0: State: 4WAY_HANDSHAKE -> 4WAY_HANDSHAKE
12-12 13:32:54.141  1219  1219 I wpa_supplicant: wlan0: State: 4WAY_HANDSHAKE -> GROUP_HANDSHAKE
12-12 13:32:54.141  1219  1219 I wpa_supplicant: CTRL-EVENT-STATE-CHANGE id=0 state=8 BSSID=74.D8.8C SSID=39393032303037363733
12-12 13:32:54.141  1027  1176 D Tethering: enter TetherInterfaceSM  and send tetherstatechangebroadcast
12-12 13:32:54.141 12797 13135 I Authzen : [gbt] Creating database auth.proximity.permit_store...
12-12 13:32:54.141  1219  1219 I wpa_supplicant: wlan0: WPA: Key negotiation completed with 74:da:38:41:d8:8c [PTK=CCMP GTK=TKIP]
12-12 13:32:54.141  1219  1219 I wpa_supplicant: wlan0: State: GROUP_HANDSHAKE -> COMPLETED
12-12 13:32:54.151  1219  1219 I wpa_supplicant: CTRL-EVENT-CONNECTED - Connection to 74.D8.8C completed (auth) [id=0 id_str=]
12-12 13:32:54.151   273   905 D Netd    : Iface wlan0 link up
12-12 13:32:54.151  1219  1219 I wpa_supplicant: Blacklist: Clear (temp) 
12-12 13:32:54.151  1219  1219 I wpa_supplicant: CTRL-EVENT-STATE-CHANGE id=0 state=9 BSSID=74.D8.8C SSID=39393032303037363733
12-12 13:32:54.151  1027  1170 D SecContentProvider2: query(), uri = 20 selection = getPromptCredentialsEnabled
12-12 13:32:54.161  1027  1169 D WifiP2pService: InactiveState{ what=147461 }
12-12 13:32:54.161  1219  1219 I wpa_supplicant: nl80211: Received scan results (13 BSSes)
12-12 13:32:54.161  1027  1169 D WifiP2pService: P2pEnabledState{ what=147461 }
12-12 13:32:54.161  1027  1169 D WifiP2pService: DefaultState{ what=147461 }
12-12 13:32:54.171 13068 13115 W art     : Verification of void com.google.android.apps.youtube.app.WatchWhileActivity.onCreate(android.os.Bundle) took 124.738ms
12-12 13:32:54.171  1027  6760 D ActivityManager: startService callerProcessName:com.google.android.gms, calleePkgName: com.google.android.gms
12-12 13:32:54.181 12769 12783 W ConfigurationChimeraPro: Got null configs for com.google.android.gms.car
12-12 13:32:54.201  1027  1170 D WifiNative-wlan0: callSECApiVoid - ID [50]
12-12 13:32:54.201  1027  1176 W Settings: Setting tether_dun_required has moved from android.provider.Settings.System to android.provider.Settings.Global
12-12 13:32:54.211  1027  1176 D SettingsProvider: isChangeAllowed() : name = tether_dun_required
12-12 13:32:54.211  1027  1176 D SettingsProvider: isChangeAllowed() : value = 0
12-12 13:32:54.211  1027  1606 D ActivityManager: startService callerProcessName:com.google.android.gms, calleePkgName: com.google.android.gms
12-12 13:32:54.221  1027  1771 D ActivityManager: startService callerProcessName:com.google.android.gms, calleePkgName: com.google.android.gms
12-12 13:32:54.231 13131 13131 I dex2oat : ----------------------------------------------------
12-12 13:32:54.231 13131 13131 I dex2oat : <SS>: S T A R T I N G . . .
12-12 13:32:54.231 13131 13131 I dex2oat : <SS>: Zip is absent. Canceled.
12-12 13:32:54.231 13131 13131 I dex2oat : /system/bin/dex2oat --runtime-arg -classpath --runtime-arg  --instruction-set=arm --instruction-set-features=div --runtime-arg -Xrelocate --boot-image=/system/framework/boot.art --dex-file=/data/data/com.google.android.gms/app_chimera/m/00000000/DynamiteLoader_GmsCore_prodlmp_xhdpi_release.apk --oat-fd=76 --art-fd=-1 --oat-location=/data/data/com.google.android.gms/app_chimera/m/00000000/arm/DynamiteLoader_GmsCore_prodlmp_xhdpi_release.dex --runtime-arg -Xms64m --runtime-arg -Xmx512m
12-12 13:32:54.241  1027  1176 D Tethering: sendTetherStateChangedBroadcast 1, 0, 0
12-12 13:32:54.241  1027  1343 D ActivityManager: startService callerProcessName:com.google.android.gms, calleePkgName: com.google.android.gms
12-12 13:32:54.241  1027  1176 D Tethering: clearTetheredNotification()
12-12 13:32:54.251  1027  1772 D ActivityManager: startService callerProcessName:com.google.android.gms, calleePkgName: com.google.android.gms
12-12 13:32:54.261 12797 13135 I Authzen : [gbt] Opening database auth.proximity.permit_store...
12-12 13:32:54.261  1027  1170 D ConnectivityService: registerNetworkAgent NetworkAgentInfo{ ni{[type: WIFI[] - WIFI, state: CONNECTING/CONNECTING, reason: (unspecified), extra: "9902007673", roaming: false, failover: false, isAvailable: true, isConnectedToProvisioningNetwork: false]}  network{null}  lp{{InterfaceName: wlan0 LinkAddresses: []  Routes: [] DnsAddresses: [] Domains: null MTU: 0 TcpBufferSizes: 524288,1048576,4525824,524288,1048576,4525824}}  nc{[ Transports: WIFI Capabilities: INTERNET&NOT_RESTRICTED&TRUSTED&NOT_VPN LinkUpBandwidth>=1048576Kbps LinkDnBandwidth>=1048576Kbps]}  Score{20}  everValidated{false}  lastValidated{false}  created{false}  explicitlySelected{false} }
12-12 13:32:54.261  1027  1175 D ConnectivityService: hsengiv:checkWhatTypeOfNetwork and the value is false
12-12 13:32:54.261  1027  1175 D ConnectivityService: NetworkAgentInfo [WIFI () - 503] EVENT_NETWORK_INFO_CHANGED, going from null to CONNECTING, reason = null, [ Transports: WIFI Capabilities: INTERNET&NOT_RESTRICTED&TRUSTED&NOT_VPN LinkUpBandwidth>=1048576Kbps LinkDnBandwidth>=1048576Kbps]
12-12 13:32:54.261  1027  1175 E ConnectivityService: updateNetworkInfo()
12-12 13:32:54.261  1027  1170 E WifiConfigStore: saveWifiConfigBSSID Setting BSSID for "9902007673"WPA_PSK to any
12-12 13:32:54.281  1027  1260 D ActivityManager: startService callerProcessName:com.google.android.gms, calleePkgName: com.google.android.gms
12-12 13:32:54.281  1027  1774 D ActivityManager: startService callerProcessName:com.google.android.gms, calleePkgName: com.google.android.gms
12-12 13:32:54.281  1027  1810 D ActivityManager: startService callerProcessName:com.google.android.gms, calleePkgName: com.google.android.gms
12-12 13:32:54.291  1027  1040 D ActivityManager: startService callerProcessName:com.google.android.gms, calleePkgName: com.google.android.gms
12-12 13:32:54.301  1027  1606 D ActivityManager: startService callerProcessName:com.google.android.gms, calleePkgName: com.google.android.gms
12-12 13:32:54.321  1027  1170 E WifiConfigStore: saveWifiConfigBSSID Setting BSSID for "9902007673"WPA_PSK to any
12-12 13:32:54.331  1027  1496 D ActivityManager: startService callerProcessName:com.google.android.gms, calleePkgName: com.google.android.gms
12-12 13:32:54.331  1027  1772 D ActivityManager: startService callerProcessName:com.google.android.gms, calleePkgName: com.google.android.gms
12-12 13:32:54.331  1027  1830 D ActivityManager: startService callerProcessName:com.google.android.gms, calleePkgName: com.google.android.gms
12-12 13:32:54.331  1027  1260 D ActivityManager: startService callerProcessName:com.google.android.gms, calleePkgName: com.google.android.gms
12-12 13:32:54.341  1027  1810 D ActivityManager: startService callerProcessName:com.google.android.gms, calleePkgName: com.google.android.gms
12-12 13:32:54.341   273   911 D CommandListener: Setting iface cfg
12-12 13:32:54.341  1027  1713 D ActivityManager: startService callerProcessName:com.google.android.gms, calleePkgName: com.google.android.gms
12-12 13:32:54.351  1027  1040 D ActivityManager: startService callerProcessName:com.google.android.gms, calleePkgName: com.google.android.gms
12-12 13:32:54.351  1027  1170 E WifiStateMachine: Start Dhcp Watchdog 2
12-12 13:32:54.351  1027  1170 D SecContentProvider2: query(), uri = 20 selection = getPromptCredentialsEnabled
12-12 13:32:54.361  1027  1606 D ActivityManager: startService callerProcessName:com.google.android.gms, calleePkgName: com.google.android.gms
12-12 13:32:54.361  1027  1496 D ActivityManager: startService callerProcessName:com.google.android.gms, calleePkgName: com.google.android.gms
12-12 13:32:54.371  1027  1772 D ActivityManager: startService callerProcessName:com.google.android.gms, calleePkgName: com.google.android.gms
12-12 13:32:54.371 13068 13145 D ConnectivityManager: CallingUid : 10154, CallingPid : 13068
12-12 13:32:54.381 13068 13120 W linker  : libcronet.64.0.3261.0.so: unused DT entry: type 0x6ffffffe arg 0x2b14
12-12 13:32:54.391  1027  1343 D ConnectivityService: listenForNetwork for NetworkRequest [ id=9, legacyType=-1, [ Capabilities: INTERNET&NOT_RESTRICTED&TRUSTED] ]
12-12 13:32:54.381 13068 13120 W linker  : libcronet.64.0.3261.0.so: unused DT entry: type 0x6fffffff arg 0x3
12-12 13:32:54.391  1027  1175 D ConnectivityService: handleRegisterNetworkRequest checking NetworkAgentInfo [WIFI_P2P () - 501]
12-12 13:32:54.391  1027  1027 D HS20StateMachine: Broadcast Received: android.net.wifi.STATE_CHANGE
12-12 13:32:54.391  1027  1175 D ConnectivityService: handleRegisterNetworkRequest checking NetworkAgentInfo [WIFI () - 503]
12-12 13:32:54.391  1027  1027 D HS20StateMachine: [type: WIFI[] - WIFI, state: CONNECTING/OBTAINING_IPADDR, reason: (unspecified), extra: "9902007673", roaming: false, failover: false, isAvailable: true, isConnectedToProvisioningNetwork: false]
12-12 13:32:54.411  1230  1230 D StatusBar.MSimNetworkController: isSIMOFFOfSlot simDBvalue0 = 1, simDBvalue1 =1
12-12 13:32:54.411  1230  1230 D StatusBar.MSimNetworkController: NoService, mRoamingIconId = 0phoneId : 0
12-12 13:32:54.411  1230  1230 D StatusBar.MSimNetworkController: refreshViews connected={ } phoneId = 0 level=0 mMSimcombinedSignalIconId=0x7f0207e9/com.android.systemui:drawable/tw_stat_sys_signal_null mMSimcombinedActivityIconId=0x0 mAirplaneMode=false mMSimDataActivity=0 mMSimPhoneSignalIconId=0x7f0207e9/com.android.systemui:drawable/tw_stat_sys_signal_null mMSimDataDirectionIconId=0x0 mMSimDataSignalIconId=0x7f0207e9 mMSimDataTypeIconId=0x0/(null) mNoMSimIconId=0x0/(null) mMSimMobileActivityIconId=0x0/(null) mWifiIconId=0x7f02068a mBluetoothTetherIconId=0x10808fa mRoamingIconId=0x 0/(null)
12-12 13:32:54.411  1230  1230 D StatusBar.MSimNetworkController: refreshSignalCluster : called
12-12 13:32:54.421  1230  1230 D StatusBar.MSimNetworkController: refreshNwBoosterIndicator - setNWBoosterIndicators(false)
12-12 13:32:54.421  1027  1167 D NtpTrustedTime: forceRefresh: no connectivity
12-12 13:32:54.421  1027  1167 V NetworkStats: performPollLocked(flags=0x1)
12-12 13:32:54.431  1027  1167 V NetworkStats: performPollLocked() took 7ms
12-12 13:32:54.441  1027  1052 V BroadcastQueue: [background] Process cur broadcast BroadcastRecord{3d6f1ca8 u0 android.intent.action.PACKAGE_DATA_CLEARED} DELIVERED for app ProcessRecord{e4a95b1 1953:com.sec.android.daemonapp/u0a151}
12-12 13:32:54.441  1027  1810 D ActivityManager: startService callerProcessName:com.google.android.gms, calleePkgName: com.google.android.gms
12-12 13:32:54.451  1953  1953 D daemonapp: [MSC_Daemon]>>> AWDCDS:28 [0:0] AWD CD Act : androidintentactionPACKAGE_DATA_CLEARED
12-12 13:32:54.451  1027  1170 D SecContentProvider2: query(), uri = 20 selection = getPromptCredentialsEnabled
12-12 13:32:54.451  1230  1230 D StatusBar.MSimNetworkController: refreshNwBoosterIndicator - setNWBoosterIndicators(false)
12-12 13:32:54.471  1027  1168 D NtpTrustedTime: forceRefresh: no connectivity
12-12 13:32:54.471  1027  1769 D ActivityManager: startService callerProcessName:com.google.android.gms, calleePkgName: com.google.android.gms
12-12 13:32:54.481  1027  1027 D LocSvc_java: onReceive
12-12 13:32:54.481  1230  1230 D HotspotTile: onReceive : android.net.conn.TETHER_STATE_CHANGED
12-12 13:32:54.481  1230  1230 D HotspotTile: updateTetherState():false, false
12-12 13:32:54.491  1027  1040 D ActivityManager: BGQ getDeferredInfo app launch 300
12-12 13:32:54.511  1027  1052 V BroadcastQueue: [background] Process cur broadcast BroadcastRecord{be5d22e u0 android.intent.action.PACKAGE_RESTARTED} DELIVERED for app ProcessRecord{181b07cd 1027:system/1000}
12-12 13:32:54.511  1027  1343 D ActivityManager: startService callerProcessName:com.google.android.gms, calleePkgName: com.google.android.gms
12-12 13:32:54.511  1027  1027 D ActivityManager: BGQ getDeferredInfo app launch 300
12-12 13:32:54.511  1027  1769 D ActivityManager: startService callerProcessName:com.google.android.gms, calleePkgName: com.google.android.gms
12-12 13:32:54.521  1027  1772 D ActivityManager: startService callerProcessName:com.google.android.gms, calleePkgName: com.google.android.gms
12-12 13:32:54.521  1027  1170 D SecContentProvider2: query(), uri = 20 selection = getPromptCredentialsEnabled
12-12 13:32:54.551  1027  1496 D ActivityManager: startService callerProcessName:com.google.android.gms, calleePkgName: com.google.android.gms
12-12 13:32:54.561  1027  1771 D ActivityManager: startService callerProcessName:com.google.android.gms, calleePkgName: com.google.android.gms
12-12 13:32:54.581  1027  1772 W ActivityManager: Permission Denial: getIntentSender() from pid=13068, uid=10154, (need uid=10008) is not allowed to send as package com.google.android.gms
12-12 13:32:54.591  1027  1040 D ActivityManager: startService callerProcessName:com.google.android.gms, calleePkgName: com.google.android.gms
12-12 13:32:54.601  1027  1343 D ActivityManager: startService callerProcessName:com.google.android.gms, calleePkgName: com.google.android.gms
12-12 13:32:54.601  1027  6760 D ActivityManager: startService callerProcessName:com.google.android.gms, calleePkgName: com.google.android.gms
12-12 13:32:54.611  1027  1496 D ActivityManager: startService callerProcessName:com.google.android.gms, calleePkgName: com.google.android.gms
12-12 13:32:54.611  1027  1040 D ActivityManager: startService callerProcessName:com.google.android.gms, calleePkgName: com.google.android.gms
12-12 13:32:54.621  1027  1260 D ActivityManager: startService callerProcessName:com.google.android.gms, calleePkgName: com.google.android.gms
12-12 13:32:54.621  1027  1772 D ActivityManager: startService callerProcessName:com.google.android.gms, calleePkgName: com.google.android.gms
12-12 13:32:54.631  1027  1039 D ActivityManager: startService callerProcessName:com.google.android.gms, calleePkgName: com.google.android.gms
12-12 13:32:54.631  1027  1769 D ActivityManager: startService callerProcessName:com.google.android.gms, calleePkgName: com.google.android.gms
12-12 13:32:54.651  1027  1496 D ActivityManager: startService callerProcessName:com.google.android.gms, calleePkgName: com.google.android.gms
12-12 13:32:54.651  1027  6760 D ActivityManager: startService callerProcessName:com.google.android.youtube, calleePkgName: com.google.android.gms
12-12 13:32:54.651 13068 13114 W DynamiteUtils: Failed to load module: module com.google.android.gms.ads.dynamite not found
12-12 13:32:54.651  1027  1260 D ActivityManager: startService callerProcessName:com.google.android.gms, calleePkgName: com.google.android.gms
12-12 13:32:54.651 13068 13114 W DynamiteUtils: Attempt 1 failed.
12-12 13:32:54.661  1027  1810 D ActivityManager: startService callerProcessName:com.google.android.youtube, calleePkgName: com.google.android.gms
12-12 13:32:54.661  1027  1040 D ActivityManager: startService callerProcessName:com.google.android.gms, calleePkgName: com.google.android.gms
12-12 13:32:54.661  1027  1606 D ActivityManager: startService callerProcessName:com.google.android.gms, calleePkgName: com.google.android.gms
12-12 13:32:54.681 12797 12847 I art     : Note: end time exceeds epoch: 
12-12 13:32:54.691 13068 13111 W art     : Verification of bcio mxi.a(android.content.Context, boolean, java.lang.String, int, java.lang.Integer, mxz, avqa) took 239.773ms
12-12 13:32:54.711 13068 13153 W YouTube : ECatcher disabled: level: ERROR, category: logging, message: Failed delayed event dispatch, no dispatchers.
12-12 13:32:54.711 13068 13153 W YouTube : java.lang.Exception
12-12 13:32:54.711 13068 13153 W YouTube : 	at yhm.a(SourceFile:3)
12-12 13:32:54.711 13068 13153 W YouTube : 	at yfg.c(SourceFile:97)
12-12 13:32:54.711 13068 13153 W YouTube : 	at yfo.run(Unknown Source)
12-12 13:32:54.711 13068 13153 W YouTube : 	at java.util.concurrent.Executors$RunnableAdapter.call(Executors.java:422)
12-12 13:32:54.711 13068 13153 W YouTube : 	at java.util.concurrent.FutureTask.run(FutureTask.java:237)
12-12 13:32:54.711 13068 13153 W YouTube : 	at java.util.concurrent.ScheduledThreadPoolExecutor$ScheduledFutureTask.access$201(ScheduledThreadPoolExecutor.java:152)
12-12 13:32:54.711 13068 13153 W YouTube : 	at java.util.concurrent.ScheduledThreadPoolExecutor$ScheduledFutureTask.run(ScheduledThreadPoolExecutor.java:265)
12-12 13:32:54.711 13068 13153 W YouTube : 	at java.util.concurrent.ThreadPoolExecutor.runWorker(ThreadPoolExecutor.java:1112)
12-12 13:32:54.711 13068 13153 W YouTube : 	at java.util.concurrent.ThreadPoolExecutor$Worker.run(ThreadPoolExecutor.java:587)
12-12 13:32:54.711 13068 13153 W YouTube : 	at rok.run(SourceFile:24)
12-12 13:32:54.711 13068 13153 W YouTube : 	at java.lang.Thread.run(Thread.java:818)
12-12 13:32:54.761   273   907 D EnterpriseController: netId is 0
12-12 13:32:54.761   273   907 D Netd    : getNetworkForDns: using netid 0 for uid 10154
12-12 13:32:54.771  1027  1810 D ActivityManager: startService callerProcessName:com.google.android.youtube, calleePkgName: com.google.android.gms
12-12 13:32:54.771 13068 13165 E cr_CronetUrlRequestContext: Exception in onFailed method
12-12 13:32:54.771 13068 13165 E cr_CronetUrlRequestContext: java.lang.NullPointerException: Attempt to invoke virtual method 'java.lang.String aldz.a()' on a null object reference
12-12 13:32:54.771 13068 13165 E cr_CronetUrlRequestContext: 	at rwh.a(SourceFile:18)
12-12 13:32:54.771 13068 13165 E cr_CronetUrlRequestContext: 	at alht.a(SourceFile:12)
12-12 13:32:54.771 13068 13165 E cr_CronetUrlRequestContext: 	at alfc.run(SourceFile:8)
12-12 13:32:54.771 13068 13165 E cr_CronetUrlRequestContext: 	at java.util.concurrent.ThreadPoolExecutor.runWorker(ThreadPoolExecutor.java:1112)
12-12 13:32:54.771 13068 13165 E cr_CronetUrlRequestContext: 	at java.util.concurrent.ThreadPoolExecutor$Worker.run(ThreadPoolExecutor.java:587)
12-12 13:32:54.771 13068 13165 E cr_CronetUrlRequestContext: 	at rok.run(SourceFile:24)
12-12 13:32:54.771 13068 13165 E cr_CronetUrlRequestContext: 	at java.lang.Thread.run(Thread.java:818)
12-12 13:32:54.781 13068 13114 W DynamiteUtils: Failed to load module: module com.google.android.gms.ads.dynamite not found
12-12 13:32:54.781 13068 13114 W DynamiteUtils: Attempt 2 failed.
12-12 13:32:54.831  1027  1052 V BroadcastQueue: [background] Process cur broadcast BroadcastRecord{be5d22e u0 android.intent.action.PACKAGE_RESTARTED} DELIVERED for app ProcessRecord{e4a95b1 1953:com.sec.android.daemonapp/u0a151}
12-12 13:32:54.831  1953  1953 D daemonapp: [MSC_Daemon]>>> AWDCDS:28 [0:0] AWD CD Act : androidintentactionPACKAGE_RESTARTED
12-12 13:32:54.841  1230  1230 D StatusBar.MSimNetworkController: NoService, mRoamingIconId = 0phoneId : 0
12-12 13:32:54.841  1230  1230 D StatusBar.MSimNetworkController: isSIMOFFOfSlot simDBvalue0 = 1, simDBvalue1 =1
12-12 13:32:54.841  1027  1772 D ActivityManager: BGQ getDeferredInfo app launch 300
12-12 13:32:54.841  1230  1230 D StatusBar.MSimNetworkController: refreshViews connected={ } phoneId = 0 level=0 mMSimcombinedSignalIconId=0x7f0207e9/com.android.systemui:drawable/tw_stat_sys_signal_null mMSimcombinedActivityIconId=0x0 mAirplaneMode=false mMSimDataActivity=0 mMSimPhoneSignalIconId=0x7f0207e9/com.android.systemui:drawable/tw_stat_sys_signal_null mMSimDataDirectionIconId=0x0 mMSimDataSignalIconId=0x7f0207e9 mMSimDataTypeIconId=0x0/(null) mNoMSimIconId=0x0/(null) mMSimMobileActivityIconId=0x0/(null) mWifiIconId=0x7f02068a mBluetoothTetherIconId=0x10808fa mRoamingIconId=0x 0/(null)
12-12 13:32:54.841  1230  1230 D StatusBar.MSimNetworkController: refreshSignalCluster : called
12-12 13:32:54.841 13068 13083 W art     : Suspending all threads took: 22.607ms
12-12 13:32:54.851  1230  1230 D StatusBar.MSimNetworkController: refreshNwBoosterIndicator - setNWBoosterIndicators(false)
12-12 13:32:54.901  1027  1343 D ConnectivityService: returning getNetworkInfo for network type 0 : [type: MOBILE[] - MOBILE, state: DISCONNECTED/DISCONNECTED, reason: (unspecified), extra: (none), roaming: false, failover: false, isAvailable: true, isConnectedToProvisioningNetwork: false]
12-12 13:32:54.901  1027  1260 D ActivityManager: startService callerProcessName:com.google.android.youtube, calleePkgName: com.google.android.gms
12-12 13:32:54.911 13068 13114 W DynamiteUtils: Failed to load module: module com.google.android.gms.ads.dynamite not found
12-12 13:32:54.911 13068 13114 W DynamiteUtils: Attempt 3 failed.
12-12 13:32:54.911  1230  1230 D StatusBar.MSimNetworkController: refreshNwBoosterIndicator - setNWBoosterIndicators(false)
12-12 13:32:54.931 13068 13114 D DynamitePackage: Module could not be loaded.
12-12 13:32:54.941 12797 12846 W ChimeraUtils: Non Chimera context
12-12 13:32:54.951 13068 13114 E DynamitePackage: Failed to load ads dynamite module.
12-12 13:32:54.951 13068 13114 E DynamitePackage: android.os.RemoteException
12-12 13:32:54.951 13068 13114 E DynamitePackage: 	at dyd.<init>(:com.google.android.gms@11951236:3)
12-12 13:32:54.951 13068 13114 E DynamitePackage: 	at dyd.a(:com.google.android.gms@11951236:1)
12-12 13:32:54.951 13068 13114 E DynamitePackage: 	at com.google.android.gms.ads.adshield.AdShieldCreatorImpl.newAdShieldClient(:com.google.android.gms@11951236:2)
12-12 13:32:54.951 13068 13114 E DynamitePackage: 	at com.google.android.gms.ads.adshield.internal.b.onTransact(:com.google.android.gms@11951236:7)
12-12 13:32:54.951 13068 13114 E DynamitePackage: 	at android.os.Binder.transact(Binder.java:395)
12-12 13:32:54.951 13068 13114 E DynamitePackage: 	at ngt.a(Unknown Source)
12-12 13:32:54.951 13068 13114 E DynamitePackage: 	at nhg.a(Unknown Source)
12-12 13:32:54.951 13068 13114 E DynamitePackage: 	at nhb.b(Unknown Source)
12-12 13:32:54.951 13068 13114 E DynamitePackage: 	at nhb.a(Unknown Source)
12-12 13:32:54.951 13068 13114 E DynamitePackage: 	at lgo.<init>(Unknown Source)
12-12 13:32:54.951 13068 13114 E DynamitePackage: 	at oie.<init>(SourceFile:1)
12-12 13:32:54.951 13068 13114 E DynamitePackage: 	at oif.a(SourceFile:4)
12-12 13:32:54.951 13068 13114 E DynamitePackage: 	at oif.a(SourceFile:2)
12-12 13:32:54.951 13068 13114 E DynamitePackage: 	at qbs.a(SourceFile:79)
12-12 13:32:54.951 13068 13114 E DynamitePackage: 	at qbt.a(SourceFile:3)
12-12 13:32:54.951 13068 13114 E DynamitePackage: 	at sgl.get(SourceFile:23)
12-12 13:32:54.951 13068 13114 E DynamitePackage: 	at qbs.g(SourceFile:49)
12-12 13:32:54.951 13068 13114 E DynamitePackage: 	at qbs.c(SourceFile:31)
12-12 13:32:54.951 13068 13114 E DynamitePackage: 	at qcn.i(SourceFile:63)
12-12 13:32:54.951 13068 13114 E DynamitePackage: 	at qcn.c(SourceFile:38)
12-12 13:32:54.951 13068 13114 E DynamitePackage: 	at qcn.a(SourceFile:10)
12-12 13:32:54.951 13068 13114 E DynamitePackage: 	at cai.run(SourceFile:3)
12-12 13:32:54.951 13068 13114 E DynamitePackage: 	at java.util.concurrent.Executors$RunnableAdapter.call(Executors.java:422)
12-12 13:32:54.951 13068 13114 E DynamitePackage: 	at java.util.concurrent.FutureTask.run(FutureTask.java:237)
12-12 13:32:54.951 13068 13114 E DynamitePackage: 	at java.util.concurrent.ScheduledThreadPoolExecutor$ScheduledFutureTask.access$201(ScheduledThreadPoolExecutor.java:152)
12-12 13:32:54.951 13068 13114 E DynamitePackage: 	at java.util.concurrent.ScheduledThreadPoolExecutor$ScheduledFutureTask.run(ScheduledThreadPoolExecutor.java:265)
12-12 13:32:54.951 13068 13114 E DynamitePackage: 	at java.util.concurrent.ThreadPoolExecutor.runWorker(ThreadPoolExecutor.java:1112)
12-12 13:32:54.951 13068 13114 E DynamitePackage: 	at java.util.concurrent.ThreadPoolExecutor$Worker.run(ThreadPoolExecutor.java:587)
12-12 13:32:54.951 13068 13114 E DynamitePackage: 	at rok.run(SourceFile:24)
12-12 13:32:54.951 13068 13114 E DynamitePackage: 	at java.lang.Thread.run(Thread.java:818)
12-12 13:32:54.951 13068 13114 D DynamitePackage: Instantiated singleton DynamitePackage.
12-12 13:32:54.961  1027  1774 D LocationManagerService: request 4cfacbf passive Request[POWER_NONE passive fastest=0] from com.google.android.gms(10008)
12-12 13:32:54.961  1027  1774 D LocationManagerService: provider request: passive ProviderRequest[ON interval=0]
12-12 13:32:54.991  1027  1769 D ActivityManager: startService callerProcessName:com.google.android.gms, calleePkgName: com.google.android.gms
12-12 13:32:55.001  1027  1039 D ActivityManager: startService callerProcessName:com.google.android.gms, calleePkgName: com.google.android.gms
12-12 13:32:55.001 12769 13031 W Settings: Setting airplane_mode_on has moved from android.provider.Settings.System to android.provider.Settings.Global, returning read-only value.
12-12 13:32:55.001  1027  1810 D ActivityManager: startService callerProcessName:com.google.android.gms, calleePkgName: com.google.android.gms
12-12 13:32:55.001  1027  1774 D ActivityManager: startService callerProcessName:com.google.android.gms, calleePkgName: com.google.android.gms
12-12 13:32:55.011  1027  1830 D ActivityManager: startService callerProcessName:com.google.android.gms, calleePkgName: com.google.android.gms
12-12 13:32:55.021  1027  1260 D ActivityManager: startService callerProcessName:com.google.android.gms, calleePkgName: com.google.android.gms
12-12 13:32:55.021  1027  1810 D ActivityManager: startService callerProcessName:com.google.android.gms, calleePkgName: com.google.android.gms
12-12 13:32:55.021 13068 13177 D SecWifiDisplayUtil: Metadata value : none
12-12 13:32:55.021  1027  1343 D ActivityManager: startService callerProcessName:com.google.android.gms, calleePkgName: com.google.android.gms
12-12 13:32:55.031 13131 13131 I dex2oat : dex2oat took 793.531ms (threads: 4) arena alloc=106KB java alloc=126KB native alloc=1830KB free=45KB
12-12 13:32:55.031 13036 13036 I art     : Rejecting re-init on previously-failed class java.lang.Class<moz>
12-12 13:32:55.031 13036 13036 I art     : Rejecting re-init on previously-failed class java.lang.Class<moz>
12-12 13:32:55.051  1027  1496 D ActivityManager: startService callerProcessName:com.google.android.gms, calleePkgName: com.google.android.gms
12-12 13:32:55.051   277   750 W QCamera2Factory: getCameraInfo: E, camera_id = 0
12-12 13:32:55.051   277   750 W QCamera2Factory: getCameraInfo: X
12-12 13:32:55.051  1027  1774 D ActivityManager: startService callerProcessName:com.google.android.gms, calleePkgName: com.google.android.gms
12-12 13:32:55.051   277   720 W QCamera2Factory: getCameraInfo: E, camera_id = 1
12-12 13:32:55.051   277   720 W QCamera2Factory: getCameraInfo: X
12-12 13:32:55.061  1027  1713 D ActivityManager: startService callerProcessName:com.google.android.gms, calleePkgName: com.google.android.gms
12-12 13:32:55.071 13068 13111 W linker  : libconscrypt_gmscore_jni.so: unused DT entry: type 0xf arg 0x1dc
12-12 13:32:55.071  1027  1830 D ActivityManager: startService callerProcessName:com.google.android.gms, calleePkgName: com.google.android.gms
12-12 13:32:55.091 13068 13111 V NativeCrypto: Registering com/google/android/gms/org/conscrypt/NativeCrypto's 276 native methods...
12-12 13:32:55.111 12270 13200 D Aatp    : /task/e82b2402a17f019997368f1e9f670ede903ea970/status
12-12 13:32:55.131  1027  1496 D ActivityManager: startService callerProcessName:com.google.android.gms, calleePkgName: com.google.android.gms
12-12 13:32:55.141  1027  1471 D ActivityManager: startService callerProcessName:com.google.android.gms, calleePkgName: com.google.android.gms
12-12 13:32:55.151  1027  1052 V BroadcastQueue: [background] Process cur broadcast BroadcastRecord{3506b0f9 u0 android.intent.action.PACKAGE_RESTARTED} DELIVERED for app ProcessRecord{181b07cd 1027:system/1000}
12-12 13:32:55.151  1027  1027 D ActivityManager: BGQ getDeferredInfo app launch 300
12-12 13:32:55.151  1027  1772 D ActivityManager: startService callerProcessName:com.google.android.gms, calleePkgName: com.google.android.gms
12-12 13:32:55.161  1027  1774 D ActivityManager: startService callerProcessName:com.google.android.gms, calleePkgName: com.google.android.gms
12-12 13:32:55.161  1027  1769 D ActivityManager: startService callerProcessName:com.google.android.gms, calleePkgName: com.google.android.gms
12-12 13:32:55.171  1027  1773 D ActivityManager: startService callerProcessName:com.google.android.gms, calleePkgName: com.google.android.gms
12-12 13:32:55.171  1027  1496 D ActivityManager: startService callerProcessName:com.google.android.gms, calleePkgName: com.google.android.gms
12-12 13:32:55.181  1027  1772 D ActivityManager: startService callerProcessName:com.google.android.gms, calleePkgName: com.google.android.gms
12-12 13:32:55.181  1027  1606 D ActivityManager: startService callerProcessName:com.google.android.gms, calleePkgName: com.google.android.gms
12-12 13:32:55.191  1027  1040 D ActivityManager: startService callerProcessName:com.google.android.gms, calleePkgName: com.google.android.gms
12-12 13:32:55.191  1027  1769 D ActivityManager: startService callerProcessName:com.google.android.gms, calleePkgName: com.google.android.gms
12-12 13:32:55.201  1027  1810 D ActivityManager: startService callerProcessName:com.google.android.gms, calleePkgName: com.google.android.gms
12-12 13:32:55.211  1027  1471 D ActivityManager: startService callerProcessName:com.google.android.gms, calleePkgName: com.google.android.gms
12-12 13:32:55.211  1027  1260 D ActivityManager: startService callerProcessName:com.google.android.gms, calleePkgName: com.google.android.gms
12-12 13:32:55.221  1027  6760 D ActivityManager: startService callerProcessName:com.google.android.gms, calleePkgName: com.google.android.gms
12-12 13:32:55.221  1027  1771 D ActivityManager: startService callerProcessName:com.google.android.gms, calleePkgName: com.google.android.gms
12-12 13:32:55.221  1027  1769 D ActivityManager: startService callerProcessName:com.google.android.gms, calleePkgName: com.google.android.gms
12-12 13:32:55.241 12656 12882 I art     : Explicit concurrent mark sweep GC freed 5495(207KB) AllocSpace objects, 0(0B) LOS objects, 25% free, 8MB/10MB, paused 959us total 32.345ms
12-12 13:32:55.241  1027  1774 D ActivityManager: startService callerProcessName:com.google.android.gms, calleePkgName: com.google.android.gms
12-12 13:32:55.251  1027  1713 D ActivityManager: startService callerProcessName:com.google.android.gms, calleePkgName: com.google.android.gms
12-12 13:32:55.261  1027  1471 D ActivityManager: startService callerProcessName:com.google.android.gms, calleePkgName: com.google.android.gms
12-12 13:32:55.271  1027  1606 D ActivityManager: startService callerProcessName:com.google.android.gms, calleePkgName: com.google.android.gms
12-12 13:32:55.271  1027  1040 D ActivityManager: startService callerProcessName:com.google.android.gms, calleePkgName: com.google.android.gms
12-12 13:32:55.281  1027  1773 D ActivityManager: startService callerProcessName:com.google.android.gms, calleePkgName: com.google.android.gms
12-12 13:32:55.281  1027  1771 D ActivityManager: startService callerProcessName:com.google.android.gms, calleePkgName: com.google.android.gms
12-12 13:32:55.291  1027  1771 D ActivityManager: startService callerProcessName:com.google.android.gms, calleePkgName: com.google.android.gms
12-12 13:32:55.291 13202 13202 I dex2oat : ----------------------------------------------------
12-12 13:32:55.291 13202 13202 I dex2oat : <SS>: S T A R T I N G . . .
12-12 13:32:55.291 13202 13202 I dex2oat : <SS>: Zip is absent. Canceled.
