--------- beginning of system
12-12 13:32:27.181  1027  2848 D SSRM:n  : SIOP:: AP = 270, LCD = 0
--------- beginning of main
12-12 13:32:27.451 12204 12204 D AndroidRuntime: >>>>>> START com.android.internal.os.RuntimeInit uid 2000 <<<<<<
12-12 13:32:27.451 12204 12204 D AndroidRuntime: CheckJNI is OFF
12-12 13:32:27.451 12204 12204 D AndroidRuntime: readGMSProperty: start
12-12 13:32:27.451 12204 12204 D AndroidRuntime: readGMSProperty: already setted!!
12-12 13:32:27.451 12204 12204 D AndroidRuntime: propertySet: couldn't set property (it is from app)
12-12 13:32:27.451 12204 12204 D AndroidRuntime: readGMSProperty: could not set the property(default)!!
12-12 13:32:27.451 12204 12204 D AndroidRuntime: readGMSProperty: end
12-12 13:32:27.451 12204 12204 D AndroidRuntime: addProductProperty: start
12-12 13:32:27.601 12204 12204 E AffinityControl: AffinityControl: registerfunction enter
12-12 13:32:27.611  1027  1050 D SensorService: [SO] -0.041 -0.378 9.895
12-12 13:32:27.631 12204 12204 D AndroidRuntime: Calling main entry com.android.commands.pm.Pm
12-12 13:32:27.741 12204 12204 I art     : System.exit called, status: 0
12-12 13:32:27.741 12204 12204 I AndroidRuntime: VM exiting with result code 0.
12-12 13:32:28.211 12220 12220 D AndroidRuntime: >>>>>> START com.android.internal.os.RuntimeInit uid 2000 <<<<<<
12-12 13:32:28.211 12220 12220 D AndroidRuntime: CheckJNI is OFF
12-12 13:32:28.211 12220 12220 D AndroidRuntime: readGMSProperty: start
12-12 13:32:28.211 12220 12220 D AndroidRuntime: readGMSProperty: already setted!!
12-12 13:32:28.211 12220 12220 D AndroidRuntime: propertySet: couldn't set property (it is from app)
12-12 13:32:28.211 12220 12220 D AndroidRuntime: readGMSProperty: could not set the property(default)!!
12-12 13:32:28.211 12220 12220 D AndroidRuntime: readGMSProperty: end
12-12 13:32:28.211 12220 12220 D AndroidRuntime: addProductProperty: start
12-12 13:32:28.331 12220 12220 E AffinityControl: AffinityControl: registerfunction enter
12-12 13:32:28.361 12220 12220 D AndroidRuntime: Calling main entry com.android.commands.pm.Pm
12-12 13:32:28.441 12220 12220 I art     : System.exit called, status: 0
12-12 13:32:28.441 12220 12220 I AndroidRuntime: VM exiting with result code 0.
12-12 13:32:28.901 12232 12232 D AndroidRuntime: >>>>>> START com.android.internal.os.RuntimeInit uid 2000 <<<<<<
12-12 13:32:28.911 12232 12232 D AndroidRuntime: CheckJNI is OFF
12-12 13:32:28.911 12232 12232 D AndroidRuntime: readGMSProperty: start
12-12 13:32:28.911 12232 12232 D AndroidRuntime: readGMSProperty: already setted!!
12-12 13:32:28.911 12232 12232 D AndroidRuntime: propertySet: couldn't set property (it is from app)
12-12 13:32:28.911 12232 12232 D AndroidRuntime: readGMSProperty: could not set the property(default)!!
12-12 13:32:28.911 12232 12232 D AndroidRuntime: readGMSProperty: end
12-12 13:32:28.911 12232 12232 D AndroidRuntime: addProductProperty: start
12-12 13:32:29.031 12232 12232 E AffinityControl: AffinityControl: registerfunction enter
12-12 13:32:29.051 12232 12232 D AndroidRuntime: Calling main entry com.android.commands.pm.Pm
12-12 13:32:29.061 12232 12232 I art     : System.exit called, status: 1
12-12 13:32:29.061 12232 12232 I AndroidRuntime: VM exiting with result code 1.
12-12 13:32:29.541 12244 12244 D AndroidRuntime: >>>>>> START com.android.internal.os.RuntimeInit uid 2000 <<<<<<
12-12 13:32:29.551 12244 12244 D AndroidRuntime: CheckJNI is OFF
12-12 13:32:29.551 12244 12244 D AndroidRuntime: readGMSProperty: start
12-12 13:32:29.551 12244 12244 D AndroidRuntime: readGMSProperty: already setted!!
12-12 13:32:29.551 12244 12244 D AndroidRuntime: propertySet: couldn't set property (it is from app)
12-12 13:32:29.551 12244 12244 D AndroidRuntime: readGMSProperty: could not set the property(default)!!
12-12 13:32:29.551 12244 12244 D AndroidRuntime: readGMSProperty: end
12-12 13:32:29.551 12244 12244 D AndroidRuntime: addProductProperty: start
12-12 13:32:29.661 12244 12244 E AffinityControl: AffinityControl: registerfunction enter
12-12 13:32:29.691 12244 12244 D AndroidRuntime: Calling main entry com.android.commands.pm.Pm
12-12 13:32:29.781 12244 12244 I art     : System.exit called, status: 0
12-12 13:32:29.781 12244 12244 I AndroidRuntime: VM exiting with result code 0.
12-12 13:32:30.131  1027  1344 E Watchdog: !@Sync 186 [12-12 13:32:30.147]
12-12 13:32:30.301  1027  1830 D BatteryService: !@BatteryListener : batteryPropertiesChanged!
12-12 13:32:31.051 12258 12258 D AndroidRuntime: >>>>>> START com.android.internal.os.RuntimeInit uid 2000 <<<<<<
12-12 13:32:31.061 12258 12258 D AndroidRuntime: CheckJNI is OFF
12-12 13:32:31.061 12258 12258 D AndroidRuntime: readGMSProperty: start
12-12 13:32:31.061 12258 12258 D AndroidRuntime: readGMSProperty: already setted!!
12-12 13:32:31.061 12258 12258 D AndroidRuntime: propertySet: couldn't set property (it is from app)
12-12 13:32:31.061 12258 12258 D AndroidRuntime: readGMSProperty: could not set the property(default)!!
12-12 13:32:31.061 12258 12258 D AndroidRuntime: readGMSProperty: end
12-12 13:32:31.061 12258 12258 D AndroidRuntime: addProductProperty: start
12-12 13:32:31.181 12258 12258 E AffinityControl: AffinityControl: registerfunction enter
12-12 13:32:31.211 12258 12258 D AndroidRuntime: Calling main entry com.android.commands.am.Am
12-12 13:32:31.231  1027  1039 V ApplicationPolicy: isApplicationStateBlocked userId 0 pkgname com.amazon.aatp.aatpdevicemanager
12-12 13:32:31.241  1027  1039 D ActivityManager: mDVFSHelper.acquire()
12-12 13:32:31.261  1027  1039 V WindowManager: Prepare app transition: transit=8 mNextAppTransition=0xffffffff alwaysKeepCurrent=false Callers=com.android.server.am.ActivityStack.startActivityLocked:3502 com.android.server.am.ActivityStackSupervisor.startActivityUncheckedLocked:4148 com.android.server.am.ActivityStackSupervisor.startActivityLocked:2815 
12-12 13:32:31.261  1027  1039 V WindowManager: addAppToken: AppWindowToken{20bf1deb token=Token{31282d3a ActivityRecord{1dbfbc65 u0 com.amazon.aatp.aatpdevicemanager/.DeviceManagerServiceActivity t168}}} to stack=1 task=168 at 0
12-12 13:32:31.261  1027  1039 I ActivityManager: Skip updateThumbnail for r=ActivityRecord{3074e30e u0 com.android.settings/.SettingsReceiverActivity t167}
12-12 13:32:31.311  1027  1039 V ApplicationPolicy: isApplicationStateBlocked userId 0 pkgname com.android.settings
12-12 13:32:31.311  1027  1039 V ApplicationPolicy: isApplicationStateBlocked userId 0 pkgname com.amazon.aatp.aatpdevicemanager
12-12 13:32:31.311  1027  1039 D InputDispatcher: Focused application set to: xxxx
12-12 13:32:31.311  1027  1039 D InputDispatcher: Focus left window: 5704
12-12 13:32:31.311  1027  1055 D StatusBarManagerService: manageDisableList userId=0 what=0x0 pkg=Window{9a31695 u0 d0 com.sec.android.app.launcher/com.android.launcher2.Launcher}
12-12 13:32:31.321 12258 12258 D AndroidRuntime: Shutting down VM
12-12 13:32:31.331  1027  1769 V WindowManager: Prepare app transition: transit=8 mNextAppTransition=0x8 alwaysKeepCurrent=false Callers=com.android.server.am.ActivityStack.resumeTopActivityInnerLocked:2895 com.android.server.am.ActivityStack.resumeTopActivityLocked:2492 com.android.server.am.ActivityStackSupervisor.resumeTopActivitiesLocked:4478 
12-12 13:32:31.331  1027  1057 D PointerIcon: setMouseIconStyle1 pointerType: 1001 iconType:101 flag:0 pid:1027 uid:1000
12-12 13:32:31.331  1027  1057 D PointerIcon: setMouseCustomIcon IconType is same.101
12-12 13:32:31.341 12270 12270 E Zygote  : MountEmulatedStorage()
12-12 13:32:31.341 12270 12270 E Zygote  : v2
12-12 13:32:31.341 12270 12270 I libpersona: KNOX_SDCARD checking this for 12268
12-12 13:32:31.341 12270 12270 I libpersona: KNOX_SDCARD not a persona
12-12 13:32:31.351 12270 12270 I SELinux : Function: selinux_compare_spd_ram, SPD-policy is existed. and_ver=SEPF_SM-E500H_5.1.1 ver=51
12-12 13:32:31.351  1027  1769 I ActivityManager: Start proc 12270:com.amazon.aatp.aatpdevicemanager/u0a2268 for activity com.amazon.aatp.aatpdevicemanager/.DeviceManagerServiceActivity
12-12 13:32:31.351 12270 12270 I SELinux : Function: selinux_compare_spd_ram , priority [1] , priority version is VE=SEPF_SM-E500H_5.1.1_0051
12-12 13:32:31.361 12270 12270 E SELinux : [DEBUG] get_category: variable seinfo: default sensitivity: NULL, cateogry: NULL
12-12 13:32:31.391 12270 12270 D TimaKeyStoreProvider: TimaSignature is unavailable
12-12 13:32:31.391 12270 12270 D ActivityThread: Added TimaKeyStore provider
12-12 13:32:31.391  1027  1713 V WindowManager: setAppVisibility(Token{31282d3a ActivityRecord{1dbfbc65 u0 com.amazon.aatp.aatpdevicemanager/.DeviceManagerServiceActivity t168}}, displayId=0, visible=true): mNextAppTransition=0x8 hidden=true hiddenRequested=true
12-12 13:32:31.391  1027  1713 V WindowManager: Setting dummy animation on: AppWindowToken{20bf1deb token=Token{31282d3a ActivityRecord{1dbfbc65 u0 com.amazon.aatp.aatpdevicemanager/.DeviceManagerServiceActivity t168}}}
12-12 13:32:31.401  1027  1713 D DisplayManagerService: [DualScreenTransition] setDisplayInfoOverrideFromWindowManager *** d0 rotation=0  callers=com.android.server.wm.WindowManagerService.computeScreenConfigurationDisplayLocked:11962 com.android.server.wm.WindowManagerService.computeScreenConfigurationLocked:11839 com.android.server.wm.WindowManagerService.computeScreenConfigurationLocked:11813 com.android.server.wm.WindowManagerService.updateOrientationFromAppTokensLocked:6550 com.android.server.wm.WindowManagerService.updateOrientationFromAppTokens:6494 com.android.server.am.ActivityStackSupervisor.realStartActivityLocked:2159 com.android.server.am.ActivityStackSupervisor.attachApplicationLocked:1185 
12-12 13:32:31.401  1027  1713 D PowerManagerService: setKeyboardVisibility: false
12-12 13:32:31.401  1027  1713 D ActivityManager:  Launching com.amazon.aatp.aatpdevicemanager, updated priority
12-12 13:32:31.411  1027  1713 W WindowManager: Execute app transition: mNextAppTransition=0x8 displayId = 0
12-12 13:32:31.411  1027  1713 W WindowManager: java.lang.RuntimeException: here
12-12 13:32:31.411  1027  1713 W WindowManager: 	at com.android.server.wm.WindowManagerService.executeAppTransition(WindowManagerService.java:7314)
12-12 13:32:31.411  1027  1713 W WindowManager: 	at com.android.server.am.ActivityStackSupervisor.reportResumedActivityLocked(ActivityStackSupervisor.java:5579)
12-12 13:32:31.411  1027  1713 W WindowManager: 	at com.android.server.am.ActivityStack.completeResumeLocked(ActivityStack.java:1727)
12-12 13:32:31.411  1027  1713 W WindowManager: 	at com.android.server.am.ActivityStack.minimalResumeActivityLocked(ActivityStack.java:1026)
12-12 13:32:31.411  1027  1713 W WindowManager: 	at com.android.server.am.ActivityStackSupervisor.realStartActivityLocked(ActivityStackSupervisor.java:2355)
12-12 13:32:31.411  1027  1713 W WindowManager: 	at com.android.server.am.ActivityStackSupervisor.attachApplicationLocked(ActivityStackSupervisor.java:1185)
12-12 13:32:31.411  1027  1713 W WindowManager: 	at com.android.server.am.ActivityManagerService.attachApplicationLocked(ActivityManagerService.java:8846)
12-12 13:32:31.411  1027  1713 W WindowManager: 	at com.android.server.am.ActivityManagerService.attachApplication(ActivityManagerService.java:8916)
12-12 13:32:31.411  1027  1713 W WindowManager: 	at android.app.ActivityManagerNative.onTransact(ActivityManagerNative.java:486)
12-12 13:32:31.411  1027  1713 W WindowManager: 	at com.android.server.am.ActivityManagerService.onTransact(ActivityManagerService.java:3372)
12-12 13:32:31.411  1027  1713 W WindowManager: 	at android.os.Binder.execTransact(Binder.java:461)
12-12 13:32:31.411  1027  1713 V WindowManager: Checking 1 opening apps (frozen=false timeout=false)...
12-12 13:32:31.411  1027  1713 V WindowManager: Check opening app=AppWindowToken{20bf1deb token=Token{31282d3a ActivityRecord{1dbfbc65 u0 com.amazon.aatp.aatpdevicemanager/.DeviceManagerServiceActivity t168}}}: allDrawn=false startingDisplayed=false startingMoved=false
12-12 13:32:31.481  1027  2848 D ConnectivityService: returning getNetworkInfo for network type 1 : [type: WIFI[] - WIFI, state: DISCONNECTED/DISCONNECTED, reason: (unspecified), extra: (none), roaming: false, failover: false, isAvailable: true, isConnectedToProvisioningNetwork: false]
12-12 13:32:31.491 12270 12270 D SecWifiDisplayUtil: Metadata value : none
12-12 13:32:31.501 12270 12270 D Aatp    : DeviceManagerServiceActivity: kicking off dm service
12-12 13:32:31.501  1027  1713 D ActivityManager: startService callerProcessName:com.amazon.aatp.aatpdevicemanager, calleePkgName: com.amazon.aatp.aatpdevicemanager
12-12 13:32:31.531 12270 12270 D PhoneWindow: *FMB* installDecor mIsFloating : false
12-12 13:32:31.531 12270 12270 D PhoneWindow: *FMB* installDecor flags : 65792
12-12 13:32:31.551  1027  1606 D WindowManager: addWindow: add an app window for AppWindowToken{20bf1deb token=Token{31282d3a ActivityRecord{1dbfbc65 u0 com.amazon.aatp.aatpdevicemanager/.DeviceManagerServiceActivity t168}}}
12-12 13:32:31.551  1027  1606 V WindowManager: Adding window Window{3622131d u0 d0 com.amazon.aatp.aatpdevicemanager/com.amazon.aatp.aatpdevicemanager.DeviceManagerServiceActivity} at 3 of 7 (after Window{224f1dd4 u0 d0 com.android.settings/com.android.settings.SettingsReceiverActivity})
12-12 13:32:31.551  1027  1769 D ActivityManager: post active user change for 0 fullscreen false isFloatingActivity() false isHomeActivity() false
12-12 13:32:31.551  1027  1769 D KnoxTimeoutHandler: postActiveUserChange for user 0
12-12 13:32:31.551  1027  1769 I KnoxTimeoutHandler: postActiveUserChange, showWhenLocked: false
12-12 13:32:31.551  1027  1027 D KnoxTimeoutHandler: handleActiveUserChange for user 0
12-12 13:32:31.561  1027  1027 I KnoxTimeoutHandler: Shared devices show user statefalse
12-12 13:32:31.561  1027  1027 I KnoxTimeoutHandler: Target Activity is not fullscreen. We will not show this activity0
12-12 13:32:31.561  1027  1027 D PersonaManagerService: getPersonasForUser(): returning null!
12-12 13:32:31.581  1027  1052 D ApplicationPolicy: isStatusBarNotificationAllowedAsUser: packageName = com.amazon.aatp.aatpdevicemanager,userId = 0
12-12 13:32:31.581  1027  1052 V ApplicationPolicy: isApplicationStateBlocked userId 0 pkgname com.amazon.aatp.aatpdevicemanager
12-12 13:32:31.591  1027  1027 D WindowManager: showStatusBarByNotification() mOpenByNotification=false
12-12 13:32:31.631 12270 12270 I AatpDeviceManager: Starting device manager (0.20)
12-12 13:32:31.631 12270 12270 D AWSDeviceFarmAndroidLib: Keyguard: Unlocked
12-12 13:32:31.651  1230  1686 D KeyguardViewMediator: setKeyguardEnabled(false)
12-12 13:32:31.661 12270 12270 D AatpDeviceManager: Running on port: 47680
12-12 13:32:31.681 12270 12270 D PhoneWindow: *FMB* isFloatingMenuEnabled mFloatingMenuBtn : null
12-12 13:32:31.681 12270 12270 D PhoneWindow: *FMB* isFloatingMenuEnabled return false
12-12 13:32:31.681   257   257 I SurfaceFlinger: id=19 createSurf (1x1),1 flag=4, EeviceManag
12-12 13:32:31.691  1027  1055 D StatusBarManagerService: manageDisableList userId=0 what=0x0 pkg=Window{3622131d u0 d0 com.amazon.aatp.aatpdevicemanager/com.amazon.aatp.aatpdevicemanager.DeviceManagerServiceActivity}
12-12 13:32:31.691  1027  1771 V WindowManager: Checking 1 opening apps (frozen=false timeout=false)...
12-12 13:32:31.691  1027  1771 V WindowManager: Check opening app=AppWindowToken{20bf1deb token=Token{31282d3a ActivityRecord{1dbfbc65 u0 com.amazon.aatp.aatpdevicemanager/.DeviceManagerServiceActivity t168}}}: allDrawn=false startingDisplayed=false startingMoved=false
12-12 13:32:31.691  1027  1771 D InputDispatcher: Focus entered window: 12270
12-12 13:32:31.701  1027  1771 V WindowManager: Checking 1 opening apps (frozen=false timeout=false)...
12-12 13:32:31.701  1027  1771 V WindowManager: Check opening app=AppWindowToken{20bf1deb token=Token{31282d3a ActivityRecord{1dbfbc65 u0 com.amazon.aatp.aatpdevicemanager/.DeviceManagerServiceActivity t168}}}: allDrawn=false startingDisplayed=false startingMoved=false
12-12 13:32:31.701  1027  1057 D PointerIcon: setMouseIconStyle1 pointerType: 1001 iconType:101 flag:0 pid:1027 uid:1000
12-12 13:32:31.701  1027  1057 D PointerIcon: setMouseCustomIcon IconType is same.101
12-12 13:32:31.731  1027  1496 D InputMethodManagerService: windowGainedFocus mCurrentFocusedUserId - 0 and mSecureKeypadEnabled-false
12-12 13:32:31.791  1730  1730 D SamsungIME: onStartInput: No inputType, No imeOption, isInputViewShown = false, isExtractViewShown = false, isShowInputRequested = false, isConfigChanged = true
12-12 13:32:31.801  1230  1230 D KnoxNotification: ----- inflateViews : modified publicViewLocal -----
12-12 13:32:31.801 12270 12270 I Timeline: Timeline: Activity_idle id: android.os.BinderProxy@18f835ca time:5601005
12-12 13:32:31.811  1027  1057 V WindowManager: Checking 1 opening apps (frozen=false timeout=false)...
12-12 13:32:31.811  1027  1057 V WindowManager: Check opening app=AppWindowToken{20bf1deb token=Token{31282d3a ActivityRecord{1dbfbc65 u0 com.amazon.aatp.aatpdevicemanager/.DeviceManagerServiceActivity t168}}}: allDrawn=true startingDisplayed=false startingMoved=false
12-12 13:32:31.811  1027  1057 V WindowManager: **** GOOD TO GO
12-12 13:32:31.811  1027  1057 V WindowManager: New wallpaper target=Window{9a31695 u0 d0 com.sec.android.app.launcher/com.android.launcher2.Launcher}, oldWallpaper=Window{9a31695 u0 d0 com.sec.android.app.launcher/com.android.launcher2.Launcher}, lower target=null, upper target=null
12-12 13:32:31.811  1027  1057 V WindowManager: New transit away from wallpaper: 12
12-12 13:32:31.811  1027  1057 V WindowManager: Now opening appAppWindowToken{20bf1deb token=Token{31282d3a ActivityRecord{1dbfbc65 u0 com.amazon.aatp.aatpdevicemanager/.DeviceManagerServiceActivity t168}}}
12-12 13:32:31.811  1027  1057 V WindowManager: Changing app AppWindowToken{20bf1deb token=Token{31282d3a ActivityRecord{1dbfbc65 u0 com.amazon.aatp.aatpdevicemanager/.DeviceManagerServiceActivity t168}}} hidden=true performLayout=false cancelAnimation=false transit=12
12-12 13:32:31.811  1027  1057 V WindowManager: java.lang.RuntimeException
12-12 13:32:31.811  1027  1057 V WindowManager: 	at com.android.server.wm.WindowManagerService.setTokenVisibilityLocked(WindowManagerService.java:7698)
12-12 13:32:31.811  1027  1057 V WindowManager: 	at com.android.server.wm.WindowManagerService.setTokenVisibilityLocked(WindowManagerService.java:7682)
12-12 13:32:31.811  1027  1057 V WindowManager: 	at com.android.server.wm.WindowManagerService.handleAppTransitionReadyLocked(WindowManagerService.java:15059)
12-12 13:32:31.811  1027  1057 V WindowManager: 	at com.android.server.wm.WindowManagerService.handleAppTransitionReadyLocked(WindowManagerService.java:14685)
12-12 13:32:31.811  1027  1057 V WindowManager: 	at com.android.server.wm.WindowManagerService.performLayoutAndPlaceSurfacesLockedInner(WindowManagerService.java:16225)
12-12 13:32:31.811  1027  1057 V WindowManager: 	at com.android.server.wm.WindowManagerService.performLayoutAndPlaceSurfacesLockedLoop(WindowManagerService.java:14371)
12-12 13:32:31.811  1027  1057 V WindowManager: 	at com.android.server.wm.WindowManagerService.performLayoutAndPlaceSurfacesLocked(WindowManagerService.java:14313)
12-12 13:32:31.811  1027  1057 V WindowManager: 	at com.android.server.wm.WindowManagerService.access$400(WindowManagerService.java:283)
12-12 13:32:31.811  1027  1057 V WindowManager: 	at com.android.server.wm.WindowManagerService$H.handleMessage(WindowManagerService.java:12576)
12-12 13:32:31.811  1027  1057 V WindowManager: 	at android.os.Handler.dispatchMessage(Handler.java:102)
12-12 13:32:31.811  1027  1057 V WindowManager: 	at android.os.Looper.loop(Looper.java:145)
12-12 13:32:31.811  1027  1057 V WindowManager: 	at android.os.HandlerThread.run(HandlerThread.java:61)
12-12 13:32:31.811  1027  1057 V WindowManager: 	at com.android.server.ServiceThread.run(ServiceThread.java:46)
12-12 13:32:31.811  1027  1057 V WindowManager: applyAnimation: atoken=AppWindowToken{20bf1deb token=Token{31282d3a ActivityRecord{1dbfbc65 u0 com.amazon.aatp.aatpdevicemanager/.DeviceManagerServiceActivity t168}}}
12-12 13:32:31.811  1027  1057 V AppTransition: applyAnimation: anim=null animAttr=0x12 transit=12 isEntrance=true Callers=com.android.server.wm.WindowManagerService.applyAnimationLocked:5622 com.android.server.wm.WindowManagerService.setTokenVisibilityLocked:7718 com.android.server.wm.WindowManagerService.setTokenVisibilityLocked:7682 
12-12 13:32:31.811  1027  1057 V WindowManager: applyAnimationLocked() closing app size : 0 opening app size : 1
12-12 13:32:31.811  1027  1057 V WindowManager: applyAnimationLocked() fullscreen=false
12-12 13:32:31.811  1027  1057 V WindowManager: setTokenVisibilityLocked: AppWindowToken{20bf1deb token=Token{31282d3a ActivityRecord{1dbfbc65 u0 com.amazon.aatp.aatpdevicemanager/.DeviceManagerServiceActivity t168}}}: hidden=false hiddenRequested=false
12-12 13:32:31.811  1027  1057 D WindowManager: handleAppTransitionReadyLocked[d0] call postAnimationCallback()
12-12 13:32:31.811  1027  1055 D StatusBarManagerService: manageDisableList userId=0 what=0x0 pkg=Window{3622131d u0 d0 com.amazon.aatp.aatpdevicemanager/com.amazon.aatp.aatpdevicemanager.DeviceManagerServiceActivity}
12-12 13:32:31.821  1027  1057 I ActivityManager: Displayed Component not be shown by security: +496ms
12-12 13:32:31.821  1027  1057 D ActivityManager: mDVFSHelper.release()
12-12 13:32:31.821  1027  1057 I Timeline: Timeline: Activity_windows_visible id: ActivityRecord{1dbfbc65 u0 com.amazon.aatp.aatpdevicemanager/.DeviceManagerServiceActivity t168} time:5601028
12-12 13:32:31.831  5704  5704 V ActivityThread: updateVisibility : ActivityRecord{3cbb885c token=android.os.BinderProxy@1e370930 {com.android.settings/com.android.settings.SettingsReceiverActivity}} show : true
12-12 13:32:31.831  1230  1230 D KnoxNotification: ----- inflateViews : modified KnoxViewLocal -----
12-12 13:32:31.851  1230  1230 I PhoneStatusBar: Icon Only
12-12 13:32:31.861  1230  1230 I StatusBar: Icon Only
12-12 13:32:31.871  1230  1230 D StatusBar: getNumberOfActiveSim: 1
12-12 13:32:31.871  1230  1230 D PanelView: kidsfalse mQsExpansionEnabled:true
12-12 13:32:31.871  1230  1230 I PhoneStatusBar: Icon Only
12-12 13:32:31.871  1230  1230 I StatusBar: Icon Only
12-12 13:32:31.881  1230  1230 D StatusBar: getNumberOfActiveSim: 1
12-12 13:32:31.881  1230  1230 D PanelView: kidsfalse mQsExpansionEnabled:true
12-12 13:32:31.881  1230  1230 I StatusBar: Icon Only
12-12 13:32:31.881  1230  1230 D StatusBar: getNumberOfActiveSim: 1
12-12 13:32:31.881  1230  1230 V PhoneStatusBar: setLightsOn(true)
12-12 13:32:32.361  1327  1327 D Recents_RecentsTaskLoader: getAndUpdateThumbnail getTaskThumbnail
12-12 13:32:32.361  1327  1327 V SystemServicesProxy: Loaded bitmap for task 165 isPrivate? false PrivateSetting:false
12-12 13:32:32.431  1027  1027 D CustomFrequencyManagerService: FrequencyrequestList.getNextCStateDisableRequest, index: 0
12-12 13:32:32.511  1027  6760 V ApplicationPolicy: isApplicationStateBlocked userId 0 pkgname com.amazon.aatp.aatpdevicemanager
12-12 13:32:32.511  1027  6760 V ApplicationPolicy: isApplicationStateBlocked userId 0 pkgname com.android.settings
12-12 13:32:32.511  1027  6760 D InputDispatcher: Focused application set to: xxxx
12-12 13:32:32.511  1027  6760 V ActivityManager: [DualScreenTransition] Finishing ActivityRecord{1dbfbc65 u0 com.amazon.aatp.aatpdevicemanager/.DeviceManagerServiceActivity t168 f} mResumedActivity=ActivityRecord{1dbfbc65 u0 com.amazon.aatp.aatpdevicemanager/.DeviceManagerServiceActivity t168 f}
12-12 13:32:32.511  1027  6760 V ActivityManager: [DualScreenTransition] Finishing TaskRecord{11ae8ebf #168 A=com.amazon.aatp.aatpdevicemanager.Fake U=0 sz=1} isFinishWithCoupledTask=true coupledTask=null
12-12 13:32:32.521  1027  6760 V WindowManager: Prepare app transition: transit=9 mNextAppTransition=0xffffffff alwaysKeepCurrent=false Callers=com.android.server.am.ActivityStack.finishActivityLocked:4428 com.android.server.am.ActivityStack.requestFinishActivityLocked:4130 com.android.server.am.ActivityManagerService.finishActivity:6765 
12-12 13:32:32.521  1027  6760 V WindowManager: setAppVisibility(Token{31282d3a ActivityRecord{1dbfbc65 u0 com.amazon.aatp.aatpdevicemanager/.DeviceManagerServiceActivity t168 f}}, displayId=0, visible=false): mNextAppTransition=0x9 hidden=false hiddenRequested=false
12-12 13:32:32.521  1027  6760 V WindowManager: Setting dummy animation on: AppWindowToken{20bf1deb token=Token{31282d3a ActivityRecord{1dbfbc65 u0 com.amazon.aatp.aatpdevicemanager/.DeviceManagerServiceActivity t168}}}
12-12 13:32:32.521  1027  6760 I ActivityManager: Skip updateThumbnail for r=ActivityRecord{1dbfbc65 u0 com.amazon.aatp.aatpdevicemanager/.DeviceManagerServiceActivity t168 f}
12-12 13:32:32.551  1027  1260 D ActivityManager: mDVFSHelper.acquire()
12-12 13:32:32.551  1027  1260 V WindowManager: setAppVisibility(Token{31282d3a ActivityRecord{1dbfbc65 u0 com.amazon.aatp.aatpdevicemanager/.DeviceManagerServiceActivity t168 f}}, displayId=0, visible=false): mNextAppTransition=0x9 hidden=false hiddenRequested=true
12-12 13:32:32.551  1027  1260 V WindowManager: Setting dummy animation on: AppWindowToken{20bf1deb token=Token{31282d3a ActivityRecord{1dbfbc65 u0 com.amazon.aatp.aatpdevicemanager/.DeviceManagerServiceActivity t168}}}
12-12 13:32:32.551  1027  1260 V WindowManager: Prepare app transition: transit=9 mNextAppTransition=0x9 alwaysKeepCurrent=false Callers=com.android.server.am.ActivityStack.resumeTopActivityInnerLocked:2849 com.android.server.am.ActivityStack.resumeTopActivityLocked:2492 com.android.server.am.ActivityStackSupervisor.resumeTopActivitiesLocked:4478 
12-12 13:32:32.551  1027  1260 V WindowManager: setAppVisibility(Token{31282d3a ActivityRecord{1dbfbc65 u0 com.amazon.aatp.aatpdevicemanager/.DeviceManagerServiceActivity t168 f}}, displayId=0, visible=false): mNextAppTransition=0x9 hidden=false hiddenRequested=true
12-12 13:32:32.551  1027  1260 V WindowManager: Setting dummy animation on: AppWindowToken{20bf1deb token=Token{31282d3a ActivityRecord{1dbfbc65 u0 com.amazon.aatp.aatpdevicemanager/.DeviceManagerServiceActivity t168}}}
12-12 13:32:32.551  1027  1260 V WindowManager: setAppVisibility(Token{29c7212f ActivityRecord{3074e30e u0 com.android.settings/.SettingsReceiverActivity t167}}, displayId=0, visible=true): mNextAppTransition=0x9 hidden=false hiddenRequested=false
12-12 13:32:32.551  1027  1260 V WindowManager: Setting dummy animation on: AppWindowToken{f3fa33c token=Token{29c7212f ActivityRecord{3074e30e u0 com.android.settings/.SettingsReceiverActivity t167}}}
12-12 13:32:32.551  1027  1260 D ActivityManager:  Launching com.samsung.android.MtpApplication, updated priority
12-12 13:32:32.561  1027  1260 D DisplayManagerService: [DualScreenTransition] setDisplayInfoOverrideFromWindowManager *** d0 rotation=0  callers=com.android.server.wm.WindowManagerService.computeScreenConfigurationDisplayLocked:11962 com.android.server.wm.WindowManagerService.computeScreenConfigurationLocked:11839 com.android.server.wm.WindowManagerService.computeScreenConfigurationLocked:11813 com.android.server.wm.WindowManagerService.updateOrientationFromAppTokensLocked:6550 com.android.server.wm.WindowManagerService.updateOrientationFromAppTokens:6494 com.android.server.am.ActivityStack.resumeTopActivityInnerLocked:3106 com.android.server.am.ActivityStack.resumeTopActivityLocked:2492 
12-12 13:32:32.561  1027  1260 D PowerManagerService: setKeyboardVisibility: false
12-12 13:32:32.561  1027  1260 W WindowManager: Execute app transition: mNextAppTransition=0x9 displayId = 0
12-12 13:32:32.561  1027  1260 W WindowManager: java.lang.RuntimeException: here
12-12 13:32:32.561  1027  1260 W WindowManager: 	at com.android.server.wm.WindowManagerService.executeAppTransition(WindowManagerService.java:7314)
12-12 13:32:32.561  1027  1260 W WindowManager: 	at com.android.server.am.ActivityStackSupervisor.reportResumedActivityLocked(ActivityStackSupervisor.java:5579)
12-12 13:32:32.561  1027  1260 W WindowManager: 	at com.android.server.am.ActivityStack.completeResumeLocked(ActivityStack.java:1727)
12-12 13:32:32.561  1027  1260 W WindowManager: 	at com.android.server.am.ActivityStack.resumeTopActivityInnerLocked(ActivityStack.java:3242)
12-12 13:32:32.561  1027  1260 W WindowManager: 	at com.android.server.am.ActivityStack.resumeTopActivityLocked(ActivityStack.java:2492)
12-12 13:32:32.561  1027  1260 W WindowManager: 	at com.android.server.am.ActivityStackSupervisor.resumeTopActivitiesLocked(ActivityStackSupervisor.java:4478)
12-12 13:32:32.561  1027  1260 W WindowManager: 	at com.android.server.am.ActivityStack.completePauseLocked(ActivityStack.java:1640)
12-12 13:32:32.561  1027  1260 W WindowManager: 	at com.android.server.am.ActivityStack.activityPausedLocked(ActivityStack.java:1425)
12-12 13:32:32.561  1027  1260 W WindowManager: 	at com.android.server.am.ActivityManagerService.activityPaused(ActivityManagerService.java:9470)
12-12 13:32:32.561  1027  1260 W WindowManager: 	at android.app.ActivityManagerNative.onTransact(ActivityManagerNative.java:518)
12-12 13:32:32.561  1027  1260 W WindowManager: 	at com.android.server.am.ActivityManagerService.onTransact(ActivityManagerService.java:3372)
12-12 13:32:32.561  1027  1260 W WindowManager: 	at android.os.Binder.execTransact(Binder.java:461)
12-12 13:32:32.561  1027  1055 D StatusBarManagerService: manageDisableList userId=0 what=0x0 pkg=Window{3622131d u0 d0 com.amazon.aatp.aatpdevicemanager/com.amazon.aatp.aatpdevicemanager.DeviceManagerServiceActivity}
12-12 13:32:32.571  1027  1260 V WindowManager: Checking 1 opening apps (frozen=false timeout=false)...
12-12 13:32:32.571  1027  1260 V WindowManager: Check opening app=AppWindowToken{f3fa33c token=Token{29c7212f ActivityRecord{3074e30e u0 com.android.settings/.SettingsReceiverActivity t167}}}: allDrawn=true startingDisplayed=false startingMoved=false
12-12 13:32:32.571  1027  1260 V WindowManager: **** GOOD TO GO
12-12 13:32:32.571  1027  1260 V WindowManager: New wallpaper target=Window{9a31695 u0 d0 com.sec.android.app.launcher/com.android.launcher2.Launcher}, oldWallpaper=Window{9a31695 u0 d0 com.sec.android.app.launcher/com.android.launcher2.Launcher}, lower target=null, upper target=null
12-12 13:32:32.571  1027  1260 V WindowManager: New transit away from wallpaper: 12
12-12 13:32:32.571  1027  1260 V WindowManager: Now opening appAppWindowToken{f3fa33c token=Token{29c7212f ActivityRecord{3074e30e u0 com.android.settings/.SettingsReceiverActivity t167}}}
12-12 13:32:32.571  1027  1260 V WindowManager: Now closing app AppWindowToken{20bf1deb token=Token{31282d3a ActivityRecord{1dbfbc65 u0 com.amazon.aatp.aatpdevicemanager/.DeviceManagerServiceActivity t168}}}
12-12 13:32:32.571  1027  1260 V WindowManager: Changing app AppWindowToken{20bf1deb token=Token{31282d3a ActivityRecord{1dbfbc65 u0 com.amazon.aatp.aatpdevicemanager/.DeviceManagerServiceActivity t168}}} hidden=false performLayout=false cancelAnimation=false transit=12
12-12 13:32:32.571  1027  1260 V WindowManager: java.lang.RuntimeException
12-12 13:32:32.571  1027  1260 V WindowManager: 	at com.android.server.wm.WindowManagerService.setTokenVisibilityLocked(WindowManagerService.java:7698)
12-12 13:32:32.571  1027  1260 V WindowManager: 	at com.android.server.wm.WindowManagerService.handleAppTransitionReadyLocked(WindowManagerService.java:15111)
12-12 13:32:32.571  1027  1260 V WindowManager: 	at com.android.server.wm.WindowManagerService.handleAppTransitionReadyLocked(WindowManagerService.java:14685)
12-12 13:32:32.571  1027  1260 V WindowManager: 	at com.android.server.wm.WindowManagerService.performLayoutAndPlaceSurfacesLockedInner(WindowManagerService.java:16225)
12-12 13:32:32.571  1027  1260 V WindowManager: 	at com.android.server.wm.WindowManagerService.performLayoutAndPlaceSurfacesLockedLoop(WindowManagerService.java:14371)
12-12 13:32:32.571  1027  1260 V WindowManager: 	at com.android.server.wm.WindowManagerService.performLayoutAndPlaceSurfacesLocked(WindowManagerService.java:14313)
12-12 13:32:32.571  1027  1260 V WindowManager: 	at com.android.server.wm.WindowManagerService.executeAppTransition(WindowManagerService.java:7320)
12-12 13:32:32.571  1027  1260 V WindowManager: 	at com.android.server.am.ActivityStackSupervisor.reportResumedActivityLocked(ActivityStackSupervisor.java:5579)
12-12 13:32:32.571  1027  1260 V WindowManager: 	at com.android.server.am.ActivityStack.completeResumeLocked(ActivityStack.java:1727)
12-12 13:32:32.571  1027  1260 V WindowManager: 	at com.android.server.am.ActivityStack.resumeTopActivityInnerLocked(ActivityStack.java:3242)
12-12 13:32:32.571  1027  1260 V WindowManager: 	at com.android.server.am.ActivityStack.resumeTopActivityLocked(ActivityStack.java:2492)
12-12 13:32:32.571  1027  1260 V WindowManager: 	at com.android.server.am.ActivityStackSupervisor.resumeTopActivitiesLocked(ActivityStackSupervisor.java:4478)
12-12 13:32:32.571  1027  1260 V WindowManager: 	at com.android.server.am.ActivityStack.completePauseLocked(ActivityStack.java:1640)
12-12 13:32:32.571  1027  1260 V WindowManager: 	at com.android.server.am.ActivityStack.activityPausedLocked(ActivityStack.java:1425)
12-12 13:32:32.571  1027  1260 V WindowManager: 	at com.android.server.am.ActivityManagerService.activityPaused(ActivityManagerService.java:9470)
12-12 13:32:32.571  1027  1260 V WindowManager: 	at android.app.ActivityManagerNative.onTransact(ActivityManagerNative.java:518)
12-12 13:32:32.571  1027  1260 V WindowManager: 	at com.android.server.am.ActivityManagerService.onTransact(ActivityManagerService.java:3372)
12-12 13:32:32.571  1027  1260 V WindowManager: 	at android.os.Binder.execTransact(Binder.java:461)
12-12 13:32:32.571  1027  1260 V WindowManager: applyAnimation: atoken=AppWindowToken{20bf1deb token=Token{31282d3a ActivityRecord{1dbfbc65 u0 com.amazon.aatp.aatpdevicemanager/.DeviceManagerServiceActivity t168}}}
12-12 13:32:32.571  1027  1260 V AppTransition: applyAnimation: anim=null animAttr=0x13 transit=12 isEntrance=false Callers=com.android.server.wm.WindowManagerService.applyAnimationLocked:5622 com.android.server.wm.WindowManagerService.setTokenVisibilityLocked:7718 com.android.server.wm.WindowManagerService.handleAppTransitionReadyLocked:15111 
12-12 13:32:32.571  1027  1260 V WindowManager: applyAnimationLocked() closing app size : 1 opening app size : 1
12-12 13:32:32.571  1027  1260 V WindowManager: applyAnimationLocked() fullscreen=false
12-12 13:32:32.571  1027  1260 V WindowManager: setTokenVisibilityLocked: AppWindowToken{20bf1deb token=Token{31282d3a ActivityRecord{1dbfbc65 u0 com.amazon.aatp.aatpdevicemanager/.DeviceManagerServiceActivity t168}}}: hidden=true hiddenRequested=true
12-12 13:32:32.571  1027  1260 D WindowManager: handleAppTransitionReadyLocked[d0] call postAnimationCallback()
12-12 13:32:32.571  1027  1055 D StatusBarManagerService: manageDisableList userId=0 what=0x0 pkg=Window{224f1dd4 u0 d0 com.android.settings/com.android.settings.SettingsReceiverActivity}
12-12 13:32:32.571  1027  1260 D InputDispatcher: Focus left window: 12270
12-12 13:32:32.571  1027  1260 D InputDispatcher: Focus entered window: 5704
12-12 13:32:32.591  1027  1057 D PointerIcon: setMouseIconStyle1 pointerType: 1001 iconType:101 flag:0 pid:1027 uid:1000
12-12 13:32:32.591  1027  1057 D PointerIcon: setMouseCustomIcon IconType is same.101
12-12 13:32:32.601  1027  1774 D ActivityManager: post active user change for 0 fullscreen false isFloatingActivity() false isHomeActivity() false
12-12 13:32:32.601  1027  1774 D KnoxTimeoutHandler: postActiveUserChange for user 0
12-12 13:32:32.601  1027  1774 I KnoxTimeoutHandler: postActiveUserChange, showWhenLocked: false
12-12 13:32:32.601  1027  1027 D KnoxTimeoutHandler: handleActiveUserChange for user 0
12-12 13:32:32.601  1027  1027 I KnoxTimeoutHandler: Shared devices show user statefalse
12-12 13:32:32.601  1027  1027 I KnoxTimeoutHandler: Target Activity is not fullscreen. We will not show this activity0
12-12 13:32:32.601  1027  1027 D PersonaManagerService: getPersonasForUser(): returning null!
12-12 13:32:32.611   257  1214 I SurfaceFlinger: id=19 Removed EeviceManag (8/9)
12-12 13:32:32.611   257   456 I SurfaceFlinger: id=19 Removed EeviceManag (-2/9)
12-12 13:32:32.611  5704  5704 I Timeline: Timeline: Activity_idle id: android.os.BinderProxy@1e370930 time:5601819
12-12 13:32:32.621  1027  1471 V WindowManager: Remove Window{3622131d u0 d0 com.amazon.aatp.aatpdevicemanager/com.amazon.aatp.aatpdevicemanager.DeviceManagerServiceActivity}: mSurface=null mExiting=false isAnimating=false app-animation=null inPendingTransaction=false mDisplayFrozen=false
12-12 13:32:32.641  1027  1830 V WindowManager: Removing app token: AppWindowToken{20bf1deb token=Token{31282d3a ActivityRecord{1dbfbc65 u0 com.amazon.aatp.aatpdevicemanager/.DeviceManagerServiceActivity t168}}}
12-12 13:32:32.641  1027  1830 V WindowManager: Removing app AppWindowToken{20bf1deb token=Token{31282d3a ActivityRecord{1dbfbc65 u0 com.amazon.aatp.aatpdevicemanager/.DeviceManagerServiceActivity t168}}} delayed=false animation=null animating=false
12-12 13:32:32.651  1027  1830 V MultiWindowTransition: setApplicationDrawn (transit=-1) : AppWindowToken{20bf1deb token=Token{31282d3a ActivityRecord{1dbfbc65 u0 com.amazon.aatp.aatpdevicemanager/.DeviceManagerServiceActivity t168}}}
12-12 13:32:32.651  1027  1830 V MultiWindowTransition: target remain >>> no more target..
12-12 13:32:32.651  1027  1830 W WindowManager: Execute app transition: mNextAppTransition=0xffffffff displayId = 0
12-12 13:32:32.651  1027  1830 W WindowManager: java.lang.RuntimeException: here
12-12 13:32:32.651  1027  1830 W WindowManager: 	at com.android.server.wm.WindowManagerService.executeAppTransition(WindowManagerService.java:7314)
12-12 13:32:32.651  1027  1830 W WindowManager: 	at com.android.server.am.ActivityStack.resumeTopActivityInnerLocked(ActivityStack.java:2575)
12-12 13:32:32.651  1027  1830 W WindowManager: 	at com.android.server.am.ActivityStack.resumeTopActivityLocked(ActivityStack.java:2492)
12-12 13:32:32.651  1027  1830 W WindowManager: 	at com.android.server.am.ActivityStackSupervisor.resumeTopActivitiesLocked(ActivityStackSupervisor.java:4478)
12-12 13:32:32.651  1027  1830 W WindowManager: 	at com.android.server.am.ActivityStackSupervisor.resumeTopActivitiesLocked(ActivityStackSupervisor.java:4451)
12-12 13:32:32.651  1027  1830 W WindowManager: 	at com.android.server.am.ActivityStack.activityDestroyedLocked(ActivityStack.java:5157)
12-12 13:32:32.651  1027  1830 W WindowManager: 	at com.android.server.am.ActivityManagerService.activityDestroyed(ActivityManagerService.java:9517)
12-12 13:32:32.651  1027  1830 W WindowManager: 	at android.app.ActivityManagerNative.onTransact(ActivityManagerNative.java:545)
12-12 13:32:32.651  1027  1830 W WindowManager: 	at com.android.server.am.ActivityManagerService.onTransact(ActivityManagerService.java:3372)
12-12 13:32:32.651  1027  1830 W WindowManager: 	at android.os.Binder.execTransact(Binder.java:461)
12-12 13:32:33.391 12297 12297 D AndroidRuntime: >>>>>> START com.android.internal.os.RuntimeInit uid 2000 <<<<<<
12-12 13:32:33.401 12297 12297 D AndroidRuntime: CheckJNI is OFF
12-12 13:32:33.401 12297 12297 D AndroidRuntime: readGMSProperty: start
12-12 13:32:33.401 12297 12297 D AndroidRuntime: readGMSProperty: already setted!!
12-12 13:32:33.401 12297 12297 D AndroidRuntime: propertySet: couldn't set property (it is from app)
12-12 13:32:33.401 12297 12297 D AndroidRuntime: readGMSProperty: could not set the property(default)!!
12-12 13:32:33.401 12297 12297 D AndroidRuntime: readGMSProperty: end
12-12 13:32:33.401 12297 12297 D AndroidRuntime: addProductProperty: start
12-12 13:32:33.521 12297 12297 E AffinityControl: AffinityControl: registerfunction enter
12-12 13:32:33.541 12297 12297 D AndroidRuntime: Calling main entry com.android.commands.wm.Wm
12-12 13:32:33.551 12297 12297 D AndroidRuntime: Shutting down VM
12-12 13:32:33.611  1327  1327 V SystemServicesProxy: Loaded bitmap for task 165 isPrivate? false PrivateSetting:false
12-12 13:32:33.611  1327  1327 D Recents_RecentsTaskLoader: getAndUpdateThumbnail getTaskThumbnail
12-12 13:32:33.621  1027  1607 E LocSvc_libulp: I/int ulp_msg_process_system_update(UlpSystemEvent): systemEvent:5 
12-12 13:32:33.621  1027  1607 E LocSvc_libulp: I/int ulp_msg_process_start_req(), at ulp state = 1
12-12 13:32:33.631  1027  1428 E LocSvc_ApiV02: I/<--- void globalRespCb(locClientHandleType, uint32_t, locClientRespIndUnionType, void*) line 125 QMI_LOC_GET_BEST_AVAILABLE_POSITION_REQ_V02
12-12 13:32:33.631  1027  1607 D Ulp_jni : Location CB invoked
12-12 13:32:33.631  1027  1607 E LocSvc_libulp: I/int ulp_brain_process_zpp_position_report(loc_sess_status, LocPosTechMask, const UlpLocation*), report ZPP position to providers,report_position = 1
12-12 13:32:35.561  1027  1052 D CustomFrequencyManagerService: FrequencyrequestList.getNextCStateDisableRequest, index: 0
12-12 13:32:35.561  1027  1052 D ActivityManager: mDVFSHelper.release()
12-12 13:32:35.641 12270 12308 D Aatp    : /ping
12-12 13:32:35.791 12270 12309 D Aatp    : /wake
12-12 13:32:35.821 12270 12309 D Aatp    : sha1: b62fa1879a5c1f663a0033760ad6f075ab8704b3
12-12 13:32:35.831  1027  1830 D ActivityManager: startService callerProcessName:com.amazon.aatp.aatpdevicemanager, calleePkgName: com.amazon.aatp.aatpdevicemanager
12-12 13:32:35.841 12270 12270 D AatpDeviceManager: taskStatus update (b62fa1879a5c1f663a0033760ad6f075ab8704b3: {"state":1})
12-12 13:32:35.841  1027  1052 D ApplicationPolicy: isStatusBarNotificationAllowedAsUser: packageName = com.amazon.aatp.aatpdevicemanager,userId = 0
12-12 13:32:35.841 12270 12310 D AWSDeviceFarmAndroidLib: WakeLock: acquire
12-12 13:32:35.841  1027  1052 V ApplicationPolicy: isApplicationStateBlocked userId 0 pkgname com.amazon.aatp.aatpdevicemanager
12-12 13:32:35.841  1027  1027 D WindowManager: showStatusBarByNotification() mOpenByNotification=false
12-12 13:32:35.841  1027  1040 D PowerManagerService: [api] acquire WakeLock flags=0x30000006 tag=AWSDeviceFarmAndroidLib uid=12268 pid=12270
12-12 13:32:35.851 12270 12310 I AWSDeviceFarmAndroidLib: ET phone home
12-12 13:32:35.861 12270 12309 D Aatp    : /task/b62fa1879a5c1f663a0033760ad6f075ab8704b3
12-12 13:32:35.871  1027  1771 W ResourcesManager: Asset path '/system/framework/twframework.jar' does not exist or contains no resources.
12-12 13:32:35.871  1027  1771 W ResourcesManager: Asset path '/system/framework/sws.jar' does not exist or contains no resources.
12-12 13:32:35.871  1230  1230 D KnoxNotification: ----- inflateViews : modified publicViewLocal -----
12-12 13:32:35.881  1027  1771 D ActivityManager: mDVFSHelper.acquire()
12-12 13:32:35.881  1027  1771 D FocusedStackFrame: Set to : 0
12-12 13:32:35.881  1027  1055 D StatusBarManagerService: manageDisableList userId=0 what=0x0 pkg=Window{9a31695 u0 d0 com.sec.android.app.launcher/com.android.launcher2.Launcher}
12-12 13:32:35.881  1027  1771 D InputDispatcher: Focus left window: 5704
12-12 13:32:35.881  1027  1771 D InputDispatcher: Focus entered window: 1463
12-12 13:32:35.881  1027  1057 D PointerIcon: setMouseIconStyle1 pointerType: 1001 iconType:101 flag:0 pid:1027 uid:1000
12-12 13:32:35.881  1027  1057 D PointerIcon: setMouseCustomIcon IconType is same.101
12-12 13:32:35.891  1027  1771 V WindowManager: Prepare app transition: transit=10 mNextAppTransition=0xffffffff alwaysKeepCurrent=false Callers=com.android.server.am.ActivityStack.updateTransitLocked:5359 com.android.server.am.ActivityStack.moveTaskToFrontLocked:5487 com.android.server.am.ActivityStackSupervisor.startActivityUncheckedLocked:3524 
12-12 13:32:35.891  1027  1771 I ActivityManager: Skip updateThumbnail for r=ActivityRecord{3074e30e u0 com.android.settings/.SettingsReceiverActivity t167}
12-12 13:32:35.891  1027  1039 D InputMethodManagerService: windowGainedFocus mCurrentFocusedUserId - 0 and mSecureKeypadEnabled-false
12-12 13:32:35.891  1230  1230 D KnoxNotification: ----- inflateViews : modified KnoxViewLocal -----
12-12 13:32:35.901  1230  1230 I PhoneStatusBar: Icon Only
12-12 13:32:35.901  1230  1230 I StatusBar: Icon Only
12-12 13:32:35.911  1027  1771 V ApplicationPolicy: isApplicationStateBlocked userId 0 pkgname com.android.settings
12-12 13:32:35.911  1027  1771 V ApplicationPolicy: isApplicationStateBlocked userId 0 pkgname com.sec.android.app.launcher
12-12 13:32:35.911  1230  1230 D StatusBar: getNumberOfActiveSim: 1
12-12 13:32:35.911  1027  1771 D InputDispatcher: Focused application set to: xxxx
12-12 13:32:35.911  1730  1730 D SamsungIME: onStartInput: No inputType, No imeOption, isInputViewShown = false, isExtractViewShown = false, isShowInputRequested = false, isConfigChanged = true
12-12 13:32:35.921 12270 12310 I AWSDeviceFarmAndroidLib: Muting audio streams
12-12 13:32:35.921  1230  1230 D PanelView: kidsfalse mQsExpansionEnabled:true
12-12 13:32:35.921  1027  1771 V WindowManager: Prepare app transition: transit=8 mNextAppTransition=0xa alwaysKeepCurrent=false Callers=com.android.server.am.ActivityStack.resumeTopActivityInnerLocked:2895 com.android.server.am.ActivityStack.resumeTopActivityLocked:2492 com.android.server.am.ActivityStackSupervisor.resumeTopActivitiesLocked:4478 
12-12 13:32:35.921  1027  1771 V WindowManager: setAppVisibility(Token{17d45c4a ActivityRecord{1171fdb5 u0 com.sec.android.app.launcher/com.android.launcher2.Launcher t166}}, displayId=0, visible=true): mNextAppTransition=0xa hidden=false hiddenRequested=false
12-12 13:32:35.921  1027  1771 V WindowManager: Setting dummy animation on: AppWindowToken{4c607bb token=Token{17d45c4a ActivityRecord{1171fdb5 u0 com.sec.android.app.launcher/com.android.launcher2.Launcher t166}}}
12-12 13:32:35.931  1027  1771 D DisplayManagerService: [DualScreenTransition] setDisplayInfoOverrideFromWindowManager *** d0 rotation=0  callers=com.android.server.wm.WindowManagerService.computeScreenConfigurationDisplayLocked:11962 com.android.server.wm.WindowManagerService.computeScreenConfigurationLocked:11839 com.android.server.wm.WindowManagerService.computeScreenConfigurationLocked:11813 com.android.server.wm.WindowManagerService.updateOrientationFromAppTokensLocked:6550 com.android.server.wm.WindowManagerService.updateOrientationFromAppTokens:6494 com.android.server.am.ActivityStack.resumeTopActivityInnerLocked:3106 com.android.server.am.ActivityStack.resumeTopActivityLocked:2492 
12-12 13:32:35.931  1027  1771 D PowerManagerService: setKeyboardVisibility: false
12-12 13:32:35.931  1027  1771 V WindowManager: setAppVisibility(Token{29c7212f ActivityRecord{3074e30e u0 com.android.settings/.SettingsReceiverActivity t167}}, displayId=0, visible=false): mNextAppTransition=0xa hidden=false hiddenRequested=false
12-12 13:32:35.931  1027  1771 V WindowManager: Setting dummy animation on: AppWindowToken{f3fa33c token=Token{29c7212f ActivityRecord{3074e30e u0 com.android.settings/.SettingsReceiverActivity t167}}}
12-12 13:32:35.931  1230  1230 I PhoneStatusBar: Icon Only
12-12 13:32:35.931  1230  1230 I StatusBar: Icon Only
12-12 13:32:35.931  1027  1771 W WindowManager: Execute app transition: mNextAppTransition=0xa displayId = 0
12-12 13:32:35.931  1027  1771 W WindowManager: java.lang.RuntimeException: here
12-12 13:32:35.931  1027  1771 W WindowManager: 	at com.android.server.wm.WindowManagerService.executeAppTransition(WindowManagerService.java:7314)
12-12 13:32:35.931  1027  1771 W WindowManager: 	at com.android.server.am.ActivityStackSupervisor.reportResumedActivityLocked(ActivityStackSupervisor.java:5579)
12-12 13:32:35.931  1027  1771 W WindowManager: 	at com.android.server.am.ActivityStack.completeResumeLocked(ActivityStack.java:1727)
12-12 13:32:35.931  1027  1771 W WindowManager: 	at com.android.server.am.ActivityStack.resumeTopActivityInnerLocked(ActivityStack.java:3242)
12-12 13:32:35.931  1027  1771 W WindowManager: 	at com.android.server.am.ActivityStack.resumeTopActivityLocked(ActivityStack.java:2492)
12-12 13:32:35.931  1027  1771 W WindowManager: 	at com.android.server.am.ActivityStackSupervisor.resumeTopActivitiesLocked(ActivityStackSupervisor.java:4478)
12-12 13:32:35.931  1027  1771 W WindowManager: 	at com.android.server.am.ActivityStack.completePauseLocked(ActivityStack.java:1640)
12-12 13:32:35.931  1027  1771 W WindowManager: 	at com.android.server.am.ActivityStack.activityPausedLocked(ActivityStack.java:1425)
12-12 13:32:35.931  1027  1771 W WindowManager: 	at com.android.server.am.ActivityManagerService.activityPaused(ActivityManagerService.java:9470)
12-12 13:32:35.931  1027  1771 W WindowManager: 	at android.app.ActivityManagerNative.onTransact(ActivityManagerNative.java:518)
12-12 13:32:35.931  1027  1771 W WindowManager: 	at com.android.server.am.ActivityManagerService.onTransact(ActivityManagerService.java:3372)
12-12 13:32:35.931  1027  1771 W WindowManager: 	at android.os.Binder.execTransact(Binder.java:461)
12-12 13:32:35.931  1230  1230 D StatusBar: getNumberOfActiveSim: 1
12-12 13:32:35.941  1230  1230 D PanelView: kidsfalse mQsExpansionEnabled:true
12-12 13:32:35.941  1027  1771 V WindowManager: Checking 1 opening apps (frozen=false timeout=false)...
12-12 13:32:35.941  1027  1771 V WindowManager: Check opening app=AppWindowToken{4c607bb token=Token{17d45c4a ActivityRecord{1171fdb5 u0 com.sec.android.app.launcher/com.android.launcher2.Launcher t166}}}: allDrawn=true startingDisplayed=false startingMoved=false
12-12 13:32:35.941  1027  1771 V WindowManager: **** GOOD TO GO
