--------- beginning of /dev/log/main
12-12 20:47:22.114   344 13153 I framebuffer: /data/system/enterprise.conf doesn't exist or cannot be opened
12-12 20:47:22.254   787  3280 I EDMNativeHelperService: isScreenCaptureEnabled
--------- beginning of /dev/log/system
12-12 20:47:22.834   787  1784 D SSRMv2:SIOP: SIOP:: AP = 300, Delta = 0
12-12 20:47:22.984 13159 13159 D AndroidRuntime: 
12-12 20:47:22.984 13159 13159 D AndroidRuntime: >>>>>> AndroidRuntime START com.android.internal.os.RuntimeInit <<<<<<
12-12 20:47:22.994 13159 13159 D AndroidRuntime: CheckJNI is OFF
12-12 20:47:22.994 13159 13159 D AndroidRuntime: setted country_code = USA
12-12 20:47:22.994 13159 13159 D AndroidRuntime: setted countryiso_code = US
12-12 20:47:22.994 13159 13159 D AndroidRuntime: setted sales_code = BNN
12-12 20:47:22.994 13159 13159 D AndroidRuntime: readGMSProperty: start
12-12 20:47:22.994 13159 13159 D AndroidRuntime: readGMSProperty: already setted!!
12-12 20:47:22.994 13159 13159 D AndroidRuntime: readGMSProperty: end
12-12 20:47:22.994 13159 13159 D AndroidRuntime: addProductProperty: start
12-12 20:47:23.014 13159 13159 D dalvikvm: Trying to load lib libjavacore.so 0x0
12-12 20:47:23.014 13159 13159 D dalvikvm: Added shared lib libjavacore.so 0x0
12-12 20:47:23.024 13159 13159 D dalvikvm: Trying to load lib libnativehelper.so 0x0
12-12 20:47:23.024 13159 13159 D dalvikvm: Added shared lib libnativehelper.so 0x0
12-12 20:47:23.024 13159 13159 D dalvikvm: No JNI_OnLoad found in libnativehelper.so 0x0, skipping init
12-12 20:47:23.264 13159 13159 E memtrack: Couldn't load memtrack module (No such file or directory)
12-12 20:47:23.264 13159 13159 E android.os.Debug: failed to load memtrack module: -2
12-12 20:47:23.304 13159 13159 D dalvikvm: Note: class Landroid/app/ActivityManagerNative; has 192 unimplemented (abstract) methods
12-12 20:47:23.384 13159 13159 D AndroidRuntime: Calling main entry com.android.commands.monkey.Monkey
12-12 20:47:23.504   787   875 W BroadcastQueue: Skipping deliver [background] BroadcastRecord{44209700 u-1 android.net.conn.CONNECTIVITY_CHANGE} to ReceiverList{42f156d8 13159 (unknown name)/2000/u-1 remote:42f16200}: process crashing
12-12 20:47:23.594   787   798 V ApplicationPolicy: isApplicationStateBlocked userId 0 pkgname com.example.snoopy
12-12 20:47:23.604   787   798 W ActivityManager: mDVFSHelper.acquire()
12-12 20:47:23.614   241   241 I SurfaceFlinger: id=21 createSurf (16x16),-1 flag=20004, EimLayer
12-12 20:47:23.614   241   241 I SurfaceFlinger: id=22 createSurf (16x16),-1 flag=20004, EimLayer
12-12 20:47:23.634  1167  1167 D Launcher.HomeView: onPause
12-12 20:47:23.634   787   867 D StatusBarManagerService: tr p:787,o:f
12-12 20:47:23.634   991   991 D PhoneStatusBar: setTransGradationMode=false, mTransparentMode=false, mSemiTransparentMode=false, mMultiWindowMode=false
12-12 20:47:23.644   241   241 I SurfaceFlinger: id=23 createSurf (1x1),1 flag=404, tnoopy
12-12 20:47:23.644   991   991 D PhoneStatusBar: setTransGradationMode=false, mTransparentMode=false, mSemiTransparentMode=false, mMultiWindowMode=false
12-12 20:47:23.644  1167  1167 D Launcher.Workspace: exitWidgetResizeMode State: NORMAL, newDragStarted: false
12-12 20:47:23.644   787   951 D StatusBarManagerService: tr p:1167,o:f
12-12 20:47:23.654 13205 13205 I SELinux : Function: selinux_android_load_priority [0], There is no sepolicy file.
12-12 20:47:23.654 13205 13205 I SELinux :  
12-12 20:47:23.654 13205 13205 I SELinux : Function: selinux_android_load_priority [1], There is no sepolicy version file.
12-12 20:47:23.654 13205 13205 I SELinux :  
12-12 20:47:23.654 13205 13205 I SELinux : Function: selinux_android_load_priority , priority version is VE=SEPF_SM-T530NU_4.4.2_0028
12-12 20:47:23.654 13205 13205 I SELinux :  
12-12 20:47:23.654 13205 13205 I SELinux :  
12-12 20:47:23.654 13205 13205 I SELinux : selinux_android_seapp_context_reload: seapp_contexts file is loaded from /seapp_contexts
12-12 20:47:23.674   787   867 D PointerIcon: setMouseIconStyle1 pointerType: 1001iconType:101 flag:0
12-12 20:47:23.674   787   867 D PointerIcon: setMouseCustomIcon IconType is same.101
12-12 20:47:23.674 13215 13215 I SELinux : Function: selinux_android_load_priority [0], There is no sepolicy file.
12-12 20:47:23.674 13215 13215 I SELinux :  
12-12 20:47:23.674 13215 13215 I SELinux : Function: selinux_android_load_priority [1], There is no sepolicy version file.
12-12 20:47:23.674 13215 13215 I SELinux :  
12-12 20:47:23.674 13215 13215 I SELinux : Function: selinux_android_load_priority , priority version is VE=SEPF_SM-T530NU_4.4.2_0028
12-12 20:47:23.674 13215 13215 I SELinux :  
12-12 20:47:23.674 13215 13215 I SELinux :  
12-12 20:47:23.674 13215 13215 I SELinux : selinux_android_seapp_context_reload: seapp_contexts file is loaded from /seapp_contexts
12-12 20:47:23.694 13215 13215 D dalvikvm: Late-enabling CheckJNI
12-12 20:47:23.714   787   901 I InputDispatcher: Dropping event because there is no touchable window at (1034, 633).
12-12 20:47:23.714   787   798 W InputManager: Input event injection from pid 13159 failed.
12-12 20:47:23.714   787   951 W InputManager: Input event injection from pid 13159 failed.
12-12 20:47:23.724  1167  1167 D Launcher.HomeView: onStop
12-12 20:47:23.734  1167  1167 D Launcher: onTrimMemory. Level: 20
12-12 20:47:23.754   344 13231 I framebuffer: /data/system/enterprise.conf doesn't exist or cannot be opened
12-12 20:47:23.764   787  1245 W ActivityManager: Permission Denial: getCurrentUser() from pid=13205, uid=10133 requires android.permission.INTERACT_ACROSS_USERS
12-12 20:47:23.764   787   879 D STATUSBAR-StatusBarManagerService: manageDisableList what=0x0 pkg=WindowManager.LayoutParams
12-12 20:47:23.774   787   901 I InputDispatcher: Dropping event because there is no touchable window at (1244, 127).
12-12 20:47:23.774   787   951 W InputManager: Input event injection from pid 13159 failed.
12-12 20:47:23.774   787   797 W InputManager: Input event injection from pid 13159 failed.
12-12 20:47:23.814 13205 13205 V TaskCloserActivity: TaskCloserActivity enter()
12-12 20:47:23.814 13205 13205 V TaskCloserActivity: TaskCloserActivity onReceive() - com.sec.android.intent.action.HOME_PAUSE
12-12 20:47:23.824   787  3280 I EDMNativeHelperService: isScreenCaptureEnabled
12-12 20:47:23.844   787  3280 W ActivityManager: mDVFSHelper.acquire()
12-12 20:47:23.874 13215 13215 I dalvikvm: Could not find method android.content.pm.PackageManager.getPackageInstaller, referenced from method com.google.android.gms.common.zzo.zzx
12-12 20:47:23.874 13215 13215 W dalvikvm: VFY: unable to resolve virtual method 525: Landroid/content/pm/PackageManager;.getPackageInstaller ()Landroid/content/pm/PackageInstaller;
12-12 20:47:23.874 13215 13215 D dalvikvm: VFY: replacing opcode 0x6e at 0x0013
12-12 20:47:23.884 13215 13215 I dalvikvm: Could not find method android.content.Context.getNoBackupFilesDir, referenced from method com.google.android.gms.common.util.zzu.getNoBackupFilesDir
12-12 20:47:23.884 13215 13215 W dalvikvm: VFY: unable to resolve virtual method 391: Landroid/content/Context;.getNoBackupFilesDir ()Ljava/io/File;
12-12 20:47:23.884 13215 13215 D dalvikvm: VFY: replacing opcode 0x6e at 0x0006
12-12 20:47:23.894 13215 13237 W DynamiteModule: Local module descriptor class for com.google.firebase.auth not found.
12-12 20:47:23.894 13215 13237 I dalvikvm: Could not find method android.content.pm.PackageManager.isInstantApp, referenced from method com.google.android.gms.internal.zzbec.zzalq
12-12 20:47:23.894 13215 13237 W dalvikvm: VFY: unable to resolve virtual method 532: Landroid/content/pm/PackageManager;.isInstantApp (Ljava/lang/String;)Z
12-12 20:47:23.894 13215 13237 D dalvikvm: VFY: replacing opcode 0x6e at 0x002d
12-12 20:47:23.894   787   901 I InputDispatcher: Dropping event because there is no touchable window at (920, 179).
12-12 20:47:23.894   787  3279 W InputManager: Input event injection from pid 13159 failed.
12-12 20:47:23.894   787   798 W InputManager: Input event injection from pid 13159 failed.
12-12 20:47:23.904 13215 13215 D FirebaseApp: com.google.firebase.crash.FirebaseCrash is not linked. Skipping initialization.
12-12 20:47:23.904   787  1216 W InputManager: Input event injection from pid 13159 failed.
12-12 20:47:23.904   787   797 W InputManager: Input event injection from pid 13159 failed.
12-12 20:47:23.904   787  1166 W InputManager: Input event injection from pid 13159 failed.
12-12 20:47:23.914 13215 13215 I FA      : App measurement is starting up, version: 11400
12-12 20:47:23.914 13215 13215 I FA      : To enable debug logging run: adb shell setprop log.tag.FA VERBOSE
12-12 20:47:23.914   787  1060 W InputManager: Input event injection from pid 13159 failed.
12-12 20:47:23.914   787  1231 W InputManager: Input event injection from pid 13159 failed.
12-12 20:47:23.914   787  3279 W InputManager: Input event injection from pid 13159 failed.
12-12 20:47:23.914   787   798 W InputManager: Input event injection from pid 13159 failed.
12-12 20:47:23.914   787  3280 W InputManager: Input event injection from pid 13159 failed.
12-12 20:47:23.914   787  3280 W InputManager: Input event injection from pid 13159 failed.
12-12 20:47:23.924 13215 13237 W DynamiteModule: Local module descriptor class for com.google.firebase.auth not found.
12-12 20:47:23.924   787   863 D SensorService:   0.1 -0.1 9.8
12-12 20:47:23.964 13215 13215 I dalvikvm: Could not find method android.content.pm.PackageManager.isInstantApp, referenced from method com.google.android.gms.internal.zzbeb.zzcp
12-12 20:47:23.964 13215 13215 W dalvikvm: VFY: unable to resolve virtual method 531: Landroid/content/pm/PackageManager;.isInstantApp ()Z
12-12 20:47:23.964 13215 13215 D dalvikvm: VFY: replacing opcode 0x6e at 0x0028
12-12 20:47:23.964 13215 13215 I FA      : To enable faster debug mode event logging run:
12-12 20:47:23.964 13215 13215 I FA      :   adb shell setprop debug.firebase.analytics.app com.example.snoopy
12-12 20:47:23.964 13215 13215 E dalvikvm: Could not find class 'android.app.job.JobScheduler', referenced from method com.google.android.gms.internal.zzcfr.zzazv
12-12 20:47:23.964 13215 13215 W dalvikvm: VFY: unable to resolve check-cast 64 (Landroid/app/job/JobScheduler;) in Lcom/google/android/gms/internal/zzcfr;
12-12 20:47:23.964 13215 13215 D dalvikvm: VFY: replacing opcode 0x1f at 0x000b
12-12 20:47:23.974   787   901 I InputDispatcher: Dropping event because there is no touchable window at (177, 285).
12-12 20:47:23.974 13215 13215 E dalvikvm: Could not find class 'android.app.job.JobScheduler', referenced from method com.google.android.gms.internal.zzcfr.zzs
12-12 20:47:23.974 13215 13215 W dalvikvm: VFY: unable to resolve check-cast 64 (Landroid/app/job/JobScheduler;) in Lcom/google/android/gms/internal/zzcfr;
12-12 20:47:23.974 13215 13215 D dalvikvm: VFY: replacing opcode 0x1f at 0x0098
12-12 20:47:23.974 13215 13215 D dalvikvm: DexOpt: unable to opt direct call 0x0142 at 0xa0 in Lcom/google/android/gms/internal/zzcfr;.zzs
12-12 20:47:23.974 13215 13215 D dalvikvm: DexOpt: unable to opt direct call 0x0597 at 0xae in Lcom/google/android/gms/internal/zzcfr;.zzs
12-12 20:47:23.974   787  1245 W InputManager: Input event injection from pid 13159 failed.
12-12 20:47:23.974   787   951 W InputManager: Input event injection from pid 13159 failed.
12-12 20:47:23.994 13215 13215 I FirebaseInitProvider: FirebaseApp initialization successful
12-12 20:47:23.994   787  6082 W ActivityManager: Permission Denial: getCurrentUser() from pid=13215, uid=13112 requires android.permission.INTERACT_ACROSS_USERS
12-12 20:47:24.014 13215 13244 W dalvikvm: VFY: unable to find class referenced in signature (Landroid/app/job/JobParameters;)
12-12 20:47:24.014 13215 13244 W dalvikvm: VFY: unable to find class referenced in signature (Landroid/app/job/JobParameters;)
12-12 20:47:24.024 13215 13244 W dalvikvm: VFY: unable to find class referenced in signature (Landroid/app/job/JobParameters;)
12-12 20:47:24.024 13215 13244 W dalvikvm: VFY: unable to find class referenced in signature (Landroid/app/job/JobParameters;)
12-12 20:47:24.024 13215 13215 I dalvikvm: Could not find method android.view.Window$Callback.onProvideKeyboardShortcuts, referenced from method android.support.v7.view.WindowCallbackWrapper.onProvideKeyboardShortcuts
12-12 20:47:24.024 13215 13215 W dalvikvm: VFY: unable to resolve interface method 17293: Landroid/view/Window$Callback;.onProvideKeyboardShortcuts (Ljava/util/List;Landroid/view/Menu;I)V
12-12 20:47:24.024 13215 13215 D dalvikvm: VFY: replacing opcode 0x72 at 0x0002
12-12 20:47:24.024 13215 13215 W dalvikvm: VFY: unable to find class referenced in signature (Landroid/view/SearchEvent;)
12-12 20:47:24.024 13215 13215 I dalvikvm: Could not find method android.view.Window$Callback.onSearchRequested, referenced from method android.support.v7.view.WindowCallbackWrapper.onSearchRequested
12-12 20:47:24.024 13215 13215 W dalvikvm: VFY: unable to resolve interface method 17295: Landroid/view/Window$Callback;.onSearchRequested (Landroid/view/SearchEvent;)Z
12-12 20:47:24.024 13215 13215 D dalvikvm: VFY: replacing opcode 0x72 at 0x0002
12-12 20:47:24.024 13215 13215 I dalvikvm: Could not find method android.view.Window$Callback.onWindowStartingActionMode, referenced from method android.support.v7.view.WindowCallbackWrapper.onWindowStartingActionMode
12-12 20:47:24.024 13215 13215 W dalvikvm: VFY: unable to resolve interface method 17299: Landroid/view/Window$Callback;.onWindowStartingActionMode (Landroid/view/ActionMode$Callback;I)Landroid/view/ActionMode;
12-12 20:47:24.024 13215 13215 D dalvikvm: VFY: replacing opcode 0x72 at 0x0002
12-12 20:47:24.024 13215 13215 I dalvikvm: Could not find method android.content.res.TypedArray.getChangingConfigurations, referenced from method android.support.v7.widget.TintTypedArray.getChangingConfigurations
12-12 20:47:24.024 13215 13215 W dalvikvm: VFY: unable to resolve virtual method 610: Landroid/content/res/TypedArray;.getChangingConfigurations ()I
12-12 20:47:24.024 13215 13215 D dalvikvm: VFY: replacing opcode 0x6e at 0x0002
12-12 20:47:24.034 13215 13215 I dalvikvm: Could not find method android.content.res.TypedArray.getType, referenced from method android.support.v7.widget.TintTypedArray.getType
12-12 20:47:24.034 13215 13215 W dalvikvm: VFY: unable to resolve virtual method 632: Landroid/content/res/TypedArray;.getType (I)I
12-12 20:47:24.034 13215 13215 D dalvikvm: VFY: replacing opcode 0x6e at 0x0008
12-12 20:47:24.034   787   901 I InputDispatcher: Dropping event because there is no touchable window at (839, 507).
12-12 20:47:24.034   787  6082 W InputManager: Input event injection from pid 13159 failed.
12-12 20:47:24.034   787  3281 W InputManager: Input event injection from pid 13159 failed.
12-12 20:47:24.044 13215 13244 I dalvikvm: Could not find method android.app.job.JobParameters.getExtras, referenced from method com.google.android.gms.internal.zzcfh.onStartJob
12-12 20:47:24.044 13215 13244 W dalvikvm: VFY: unable to resolve virtual method 327: Landroid/app/job/JobParameters;.getExtras ()Landroid/os/PersistableBundle;
12-12 20:47:24.044 13215 13244 D dalvikvm: VFY: replacing opcode 0x6e at 0x000a
12-12 20:47:24.044   787  1165 W ActivityManager: Permission Denial: getCurrentUser() from pid=13215, uid=13112 requires android.permission.INTERACT_ACROSS_USERS
12-12 20:47:24.074   991   991 D PhoneStatusBar: setTransGradationMode=false, mTransparentMode=false, mSemiTransparentMode=false, mMultiWindowMode=false
12-12 20:47:24.074   787  1245 D StatusBarManagerService: tr p:13215,o:f
12-12 20:47:24.084   787   901 I InputDispatcher: Dropping event because there is no touchable window at (261, 445).
12-12 20:47:24.084   787  1246 W InputManager: Input event injection from pid 13159 failed.
12-12 20:47:24.084   787  1166 W InputManager: Input event injection from pid 13159 failed.
12-12 20:47:24.114 13215 13215 I dalvikvm: Could not find method android.widget.FrameLayout.startActionModeForChild, referenced from method android.support.v7.widget.ActionBarContainer.startActionModeForChild
12-12 20:47:24.114 13215 13215 W dalvikvm: VFY: unable to resolve virtual method 17735: Landroid/widget/FrameLayout;.startActionModeForChild (Landroid/view/View;Landroid/view/ActionMode$Callback;I)Landroid/view/ActionMode;
12-12 20:47:24.114 13215 13215 D dalvikvm: VFY: replacing opcode 0x6f at 0x0002
12-12 20:47:24.114   241  1177 I SurfaceFlinger: id=8 Removed Mauncher (6/12)
12-12 20:47:24.114   241   462 I SurfaceFlinger: id=8 Removed Mauncher (-2/12)
12-12 20:47:24.124 13215 13215 I dalvikvm: Could not find method android.content.Context.getColorStateList, referenced from method android.support.v7.content.res.AppCompatResources.getColorStateList
12-12 20:47:24.124 13215 13215 W dalvikvm: VFY: unable to resolve virtual method 380: Landroid/content/Context;.getColorStateList (I)Landroid/content/res/ColorStateList;
12-12 20:47:24.124 13215 13215 D dalvikvm: VFY: replacing opcode 0x6e at 0x0006
12-12 20:47:24.134 13215 13215 I dalvikvm: Could not find method android.content.res.Resources.getDrawable, referenced from method android.support.v7.widget.ResourcesWrapper.getDrawable
12-12 20:47:24.134 13215 13215 W dalvikvm: VFY: unable to resolve virtual method 573: Landroid/content/res/Resources;.getDrawable (ILandroid/content/res/Resources$Theme;)Landroid/graphics/drawable/Drawable;
12-12 20:47:24.134 13215 13215 D dalvikvm: VFY: replacing opcode 0x6e at 0x0002
12-12 20:47:24.134 13215 13215 I dalvikvm: Could not find method android.content.res.Resources.getDrawableForDensity, referenced from method android.support.v7.widget.ResourcesWrapper.getDrawableForDensity
12-12 20:47:24.134 13215 13215 W dalvikvm: VFY: unable to resolve virtual method 575: Landroid/content/res/Resources;.getDrawableForDensity (IILandroid/content/res/Resources$Theme;)Landroid/graphics/drawable/Drawable;
12-12 20:47:24.134 13215 13215 D dalvikvm: VFY: replacing opcode 0x6e at 0x0002
12-12 20:47:24.144   787   901 I InputDispatcher: Dropping event because there is no touchable window at (1135, 573).
12-12 20:47:24.144   787  1165 W InputManager: Input event injection from pid 13159 failed.
12-12 20:47:24.144   787  3279 W InputManager: Input event injection from pid 13159 failed.
12-12 20:47:24.144   787  3279 W InputManager: Input event injection from pid 13159 failed.
12-12 20:47:24.144   787   798 W InputManager: Input event injection from pid 13159 failed.
12-12 20:47:24.154   787  3280 W InputManager: Input event injection from pid 13159 failed.
12-12 20:47:24.154   787   951 W InputManager: Input event injection from pid 13159 failed.
12-12 20:47:24.154   787  1215 W InputManager: Input event injection from pid 13159 failed.
12-12 20:47:24.154   787  1166 W InputManager: Input event injection from pid 13159 failed.
12-12 20:47:24.154   787  1166 W InputManager: Input event injection from pid 13159 failed.
12-12 20:47:24.164 13215 13215 E dalvikvm: Could not find class 'android.graphics.drawable.RippleDrawable', referenced from method android.support.v7.widget.AppCompatImageHelper.hasOverlappingRendering
12-12 20:47:24.164 13215 13215 W dalvikvm: VFY: unable to resolve instanceof 173 (Landroid/graphics/drawable/RippleDrawable;) in Landroid/support/v7/widget/AppCompatImageHelper;
12-12 20:47:24.164 13215 13215 D dalvikvm: VFY: replacing opcode 0x20 at 0x000c
12-12 20:47:24.164   787  1060 W InputManager: Input event injection from pid 13159 failed.
12-12 20:47:24.164   787  3281 W InputManager: Input event injection from pid 13159 failed.
12-12 20:47:24.214   787   901 I InputDispatcher: Dropping event because there is no touchable window at (885, 527).
12-12 20:47:24.214   787   798 W InputManager: Input event injection from pid 13159 failed.
12-12 20:47:24.214   787  1215 W InputManager: Input event injection from pid 13159 failed.
12-12 20:47:24.234   991   991 D PhoneStatusBar: setSemiTransparentMode=false, mTransparentMode=false, mSemiTransparentMode=false, mMultiWindowMode=false
12-12 20:47:24.234   787  3280 D StatusBarManagerService: semi p:13215,o:f
12-12 20:47:24.264   787   901 I InputDispatcher: Dropping event because there is no touchable window at (879, 380).
12-12 20:47:24.264   787  3278 W InputManager: Input event injection from pid 13159 failed.
12-12 20:47:24.274   241   241 I SurfaceFlinger: id=24 createSurf (1x1),1 flag=404, NainActivit
12-12 20:47:24.274   787  1216 I SpenGestureManager: setFocusWindow21010
12-12 20:47:24.274   787  3280 W InputManager: Input event injection from pid 13159 failed.
12-12 20:47:24.304   787   867 D PointerIcon: setMouseIconStyle1 pointerType: 1001iconType:101 flag:0
12-12 20:47:24.304   787   867 D PointerIcon: setMouseCustomIcon IconType is same.101
12-12 20:47:24.304 13215 13215 I Adreno-EGL: <qeglDrvAPI_eglInitialize:410>: EGL 1.4 QUALCOMM build:  ()
12-12 20:47:24.304 13215 13215 I Adreno-EGL: OpenGL ES Shader Compiler Version: E031.24.00.08
12-12 20:47:24.304 13215 13215 I Adreno-EGL: Build Date: 03/21/14 Fri
12-12 20:47:24.304 13215 13215 I Adreno-EGL: Local Branch: AU200+patches_03212014
12-12 20:47:24.304 13215 13215 I Adreno-EGL: Remote Branch: 
12-12 20:47:24.304 13215 13215 I Adreno-EGL: Local Patches: 
12-12 20:47:24.304 13215 13215 I Adreno-EGL: Reconstruct Branch: 
12-12 20:47:24.324   787   901 I Analytics: Analytics()
12-12 20:47:24.324   787   901 I InputDispatcher: Delivering touch to: action: 0x4, toolType: 0
12-12 20:47:24.324   787   901 I InputDispatcher: Delivering touch to: action: 0x4, toolType: 0
12-12 20:47:24.324   787   901 I InputDispatcher: Delivering touch to: action: 0x0, toolType: 0
12-12 20:47:24.334   787   901 I InputDispatcher: Delivering touch to: action: 0x1, toolType: 0
12-12 20:47:24.354 13215 13215 D OpenGLRenderer: Enabling debug mode 0
12-12 20:47:24.384   787   901 I InputDispatcher: Delivering touch to: action: 0x4, toolType: 0
12-12 20:47:24.384   787   901 I InputDispatcher: Delivering touch to: action: 0x4, toolType: 0
12-12 20:47:24.384   787   901 I InputDispatcher: Delivering touch to: action: 0x0, toolType: 0
12-12 20:47:24.394   787   901 I InputDispatcher: Delivering touch to: action: 0x1, toolType: 0
12-12 20:47:24.404   787  3281 W LicenseLogService: log() failed
12-12 20:47:24.454   787   901 I InputDispatcher: Delivering touch to: action: 0x4, toolType: 0
12-12 20:47:24.454   787   901 I InputDispatcher: Delivering touch to: action: 0x4, toolType: 0
12-12 20:47:24.454   787   901 I InputDispatcher: Delivering touch to: action: 0x0, toolType: 0
12-12 20:47:24.454   787   901 I InputDispatcher: Delivering touch to: action: 0x1, toolType: 0
12-12 20:47:24.504   787   901 I InputDispatcher: Delivering touch to: action: 0x4, toolType: 0
12-12 20:47:24.504   787   901 I InputDispatcher: Delivering touch to: action: 0x4, toolType: 0
12-12 20:47:24.504   787   901 I InputDispatcher: Delivering touch to: action: 0x0, toolType: 0
12-12 20:47:24.514   787   901 I InputDispatcher: Delivering touch to: action: 0x1, toolType: 0
12-12 20:47:24.524  1300  1300 I SamsungIME: getDebugLevel  : 0x4f4c
12-12 20:47:24.564   787  1216 W ActivityManager: mDVFSHelper.acquire()
12-12 20:47:24.574  1300  1300 I SamsungIME: getDebugLevel  : 0x4f4c
12-12 20:47:24.624  1300  1300 I SamsungIME: KeybaordView init() : load resources
12-12 20:47:24.624   787   901 I InputDispatcher: Delivering touch to: action: 0x4, toolType: 0
12-12 20:47:24.624   787   901 I InputDispatcher: Delivering touch to: action: 0x4, toolType: 0
12-12 20:47:24.624   787   901 I InputDispatcher: Delivering touch to: action: 0x0, toolType: 0
12-12 20:47:24.624   787   901 I InputDispatcher: Delivering touch to: action: 0x1, toolType: 0
12-12 20:47:24.624   787   867 D CustomFrequencyManagerService: FrequencyrequestList.getNextMaxCPUCoreRequest, index: 0
12-12 20:47:24.624   787   867 W ActivityManager: mDVFSHelper.release()
12-12 20:47:24.684   787   901 I InputDispatcher: Delivering touch to: action: 0x4, toolType: 0
12-12 20:47:24.684   787   901 I InputDispatcher: Delivering touch to: action: 0x4, toolType: 0
12-12 20:47:24.684   787   901 I InputDispatcher: Delivering touch to: action: 0x0, toolType: 0
12-12 20:47:24.684   787   901 I InputDispatcher: Delivering touch to: action: 0x1, toolType: 0
12-12 20:47:24.684  1300  1300 I SamsungIME: getCurrentKeyboard
12-12 20:47:24.684  1300  1300 I SamsungIME: getTextKeyboard
12-12 20:47:24.744   787  3279 W ActivityManager: mDVFSHelper.acquire()
12-12 20:47:24.764  1300  1300 D SamsungIME: [SwiftkeyWrapper] currentLangauge : 1701729619
12-12 20:47:24.764  1300  1300 D SamsungIME: onStartInputView
12-12 20:47:24.804   787   901 I InputDispatcher: Delivering touch to: action: 0x4, toolType: 0
12-12 20:47:24.804   787   901 I InputDispatcher: Delivering touch to: action: 0x4, toolType: 0
12-12 20:47:24.804   787   901 I InputDispatcher: Delivering touch to: action: 0x0, toolType: 0
12-12 20:47:24.804   787   901 I InputDispatcher: Delivering touch to: action: 0x1, toolType: 0
12-12 20:47:24.834   241 13243 I SurfaceFlinger: id=23 Removed tnoopy (9/12)
12-12 20:47:24.834   241   462 I SurfaceFlinger: id=23 Removed tnoopy (-2/12)
12-12 20:47:24.854   787   901 I InputDispatcher: Delivering touch to: action: 0x4, toolType: 0
12-12 20:47:24.854   787   901 I InputDispatcher: Delivering touch to: action: 0x4, toolType: 0
12-12 20:47:24.854   787   901 I InputDispatcher: Delivering touch to: action: 0x0, toolType: 0
12-12 20:47:24.864   787   901 I InputDispatcher: Delivering touch to: action: 0x1, toolType: 0
12-12 20:47:24.874  1300  1300 W ContextImpl: Calling a method in the system process without a qualified user: android.app.ContextImpl.sendBroadcast:1509 android.content.ContextWrapper.sendBroadcast:377 com.diotek.ime.framework.common.InputManagerImpl.sendInputLanguage:9353 com.diotek.ime.framework.common.InputManagerImpl.initDefaultLanguage:4901 com.diotek.ime.framework.common.InputManagerImpl.initSelectedLanguage:5143 
12-12 20:47:24.884  1300  1300 D SamsungIME: IME_NULL
12-12 20:47:24.884  1300  1300 D SamsungIME: onWindowShown
12-12 20:47:24.904  1300  1300 W ContextImpl: Calling a method in the system process without a qualified user: android.app.ContextImpl.sendBroadcast:1509 android.content.ContextWrapper.sendBroadcast:377 android.inputmethodservice.InputMethodService.sendInputViewShownState:539 android.inputmethodservice.InputMethodService.showWindow:2161 android.inputmethodservice.InputMethodService$InputMethodImpl.showSoftInput:716 
12-12 20:47:24.904   787  1784 D SSRMv2:TSP:AirViewOnOff: DeviceInfo:: 00000000000
12-12 20:47:24.904   787  1784 D SSRMv2:TSP:AirViewOnOff: SettingsAirViewInfo:: 000000000
12-12 20:47:24.924   787   901 I InputDispatcher: Delivering touch to: action: 0x4, toolType: 0
12-12 20:47:24.924   787   901 I InputDispatcher: Delivering touch to: action: 0x4, toolType: 0
12-12 20:47:24.924   787   901 I InputDispatcher: Delivering touch to: action: 0x0, toolType: 0
12-12 20:47:24.924   787   901 I InputDispatcher: Delivering touch to: action: 0x1, toolType: 0
12-12 20:47:24.934   787   787 W ContextImpl: Calling a method in the system process without a qualified user: android.app.ContextImpl.sendBroadcast:1523 com.android.server.StatusBarManagerService.sendNotification:981 com.android.server.StatusBarManagerService.addNotification:670 com.android.server.NotificationManagerService$7.run:2142 android.os.Handler.handleCallback:733 
12-12 20:47:24.934   787   787 D STATUSBAR-StatusBarManagerService: sendNotification(1) - 17041255
12-12 20:47:24.944 10823 10823 D com.samsung.app: [AccuTab_Magagine]>>> WC:42 [0:0] action : comandroidserverNotificationManagerServiceNotificationArrived
12-12 20:47:24.944 10823 10823 D com.samsung.app: [AccuTab_Magagine]>>> WC:55 [0:0] settings CT : androidappReceiverRestrictedContext@42049bf0
12-12 20:47:24.944 10823 10823 D com.samsung.app: [AccuTab_Magagine]>>> UIM:146 [0:0] setContext
12-12 20:47:24.944 10823 10823 D com.samsung.app: [AccuTab_Magagine]>>> UIM:227 [0:0] The widget does not exist in idle!!
12-12 20:47:24.954  1300  1300 D SamsungIME: onStartInputView
12-12 20:47:24.964   991   991 D ProgressBar: setProgressDrawable drawableHeight = 7
12-12 20:47:24.974   787   901 I InputDispatcher: Delivering touch to: action: 0x4, toolType: 0
12-12 20:47:24.974   787   901 I InputDispatcher: Delivering touch to: action: 0x4, toolType: 0
12-12 20:47:24.974   787   901 I InputDispatcher: Delivering touch to: action: 0x0, toolType: 0
12-12 20:47:24.974  1300  1300 D SamsungIME: Dismiss ExpandCandiate
12-12 20:47:24.974  1300  1300 W ContextImpl: Calling a method in the system process without a qualified user: android.app.ContextImpl.sendBroadcast:1509 android.content.ContextWrapper.sendBroadcast:377 com.diotek.ime.framework.common.InputManagerImpl.sendInputLanguage:9353 com.diotek.ime.framework.common.InputManagerImpl.initDefaultLanguage:4901 com.diotek.ime.framework.common.InputManagerImpl.initSelectedLanguage:5143 
12-12 20:47:24.984   787   901 I InputDispatcher: Delivering touch to: action: 0x1, toolType: 0
12-12 20:47:24.984  1300  1300 D SamsungIME: Dismiss ExpandCandiate
12-12 20:47:24.984  1300  1300 I SamsungIME: getDebugLevel  : 0x4f4c
12-12 20:47:24.984  1300  1300 W ContextImpl: Calling a method in the system process without a qualified user: android.app.ContextImpl.sendBroadcast:1509 android.content.ContextWrapper.sendBroadcast:377 com.diotek.ime.framework.common.InputManagerImpl.sendInputLanguage:9353 com.diotek.ime.framework.common.InputManagerImpl.setLanguage:5477 com.diotek.ime.framework.common.InputManagerImpl.startInputViewContinue:3348 
12-12 20:47:24.984   991   991 D PhoneStatusBar: tick(): knoxCustomManager = android.app.enterprise.knoxcustom.KnoxCustomManager@41d4da00
12-12 20:47:25.004   991   991 D SizeAdaptiveLayout: com.android.internal.widget.SizeAdaptiveLayout{421f17a8 V.E..... ......I. 0,0-0,0 #7f080087 app:id/adaptive}child view android.widget.FrameLayout{421f3ba8 G.E..... ......I. 0,0-0,0 #1020364 android:id/status_bar_latest_event_content} measured out of bounds at 64px clamped to 68px
12-12 20:47:25.004   991   991 D SizeAdaptiveLayout: com.android.internal.widget.SizeAdaptiveLayout{421f17a8 V.E..... ......I. 0,0-0,0 #7f080087 app:id/adaptive}child view android.widget.FrameLayout{421f3ba8 G.E..... ......I. 0,0-0,0 #1020364 android:id/status_bar_latest_event_content} measured out of bounds at 64px clamped to 68px
12-12 20:47:25.004   991   991 D STATUSBAR-IconMerger: checkOverflow(1036), More:false, Req:false Child:5
12-12 20:47:25.014  1300  1300 I SamsungIME: getDebugLevel  : 0x4f4c
12-12 20:47:25.034  1300  1300 I SamsungIME: KeybaordView init() : load resources
12-12 20:47:25.034   787  1215 W ActivityManager: mDVFSHelper.acquire()
12-12 20:47:25.064  1300  1300 I SamsungIME: getCurrentKeyboard
12-12 20:47:25.064  1300  1300 I SamsungIME: getTextKeyboard
12-12 20:47:25.094   787  1060 W ActivityManager: mDVFSHelper.acquire()
12-12 20:47:25.104  1300  1300 D SamsungIME: [SwiftkeyWrapper] currentLangauge : 1701729619
12-12 20:47:25.114  1300  1300 D SamsungIME: Dismiss ExpandCandiate
12-12 20:47:25.114  1300  1300 I SamsungIME: getCurrentKeyboard
12-12 20:47:25.114  1300  1300 I SamsungIME: getTextKeyboard
12-12 20:47:25.114  1300  1300 D SamsungIME: [SwiftkeyWrapper] currentLangauge : 1701729619
12-12 20:47:25.114  1300  1300 D SamsungIME: Dismiss ExpandCandiate
12-12 20:47:25.114  1300  1300 I SamsungIME: [IMI] startInputView - caller pid : 13215, caller uid : 13112
12-12 20:47:25.124  1300  1300 W ContextImpl: Calling a method in the system process without a qualified user: android.app.ContextImpl.sendBroadcast:1509 android.content.ContextWrapper.sendBroadcast:377 android.inputmethodservice.InputMethodService.sendInputViewShownState:539 android.inputmethodservice.InputMethodService.showWindow:2161 android.inputmethodservice.InputMethodService$InputMethodImpl.showSoftInput:716 
12-12 20:47:25.124   787  1784 D SSRMv2:TSP:AirViewOnOff: DeviceInfo:: 00000000000
12-12 20:47:25.124   787  1784 D SSRMv2:TSP:AirViewOnOff: SettingsAirViewInfo:: 000000000
12-12 20:47:25.144   787   901 I InputDispatcher: Delivering touch to: action: 0x0, toolType: 0
12-12 20:47:25.144   787   901 I InputDispatcher: Delivering touch to: action: 0x1, toolType: 0
12-12 20:47:25.154   991   991 V PanelView: animationTick called with dtms=0; nothing to do (h=0.0 v=0.0)
12-12 20:47:25.154   991   991 V PanelView: animationTick called with dtms=-3; nothing to do (h=0.0 v=0.0)
12-12 20:47:25.154   787   787 W ContextImpl: Calling a method in the system process without a qualified user: android.app.ContextImpl.sendBroadcast:1523 com.android.server.StatusBarManagerService.sendNotification:981 com.android.server.StatusBarManagerService.updateNotification:690 com.android.server.NotificationManagerService$7.run:2134 android.os.Handler.handleCallback:733 
12-12 20:47:25.154   787   787 D STATUSBAR-StatusBarManagerService: sendNotification(2) - 17041255
12-12 20:47:25.174   991   991 D STATUSBAR-PhoneStatusBar: makeExpandedVisible
12-12 20:47:25.174   991   991 D STATUSBAR-QuickSettingPanel: setSingleLine:true
12-12 20:47:25.174   991   991 D STATUSBAR-QuickSettingPanel: updateButtonInfo mButtonWidth : 114 mColumnNumber:7 orien: 2
12-12 20:47:25.174   991   991 D STATUSBAR-PhoneStatusBar: Mini Controller text scroll : ON
12-12 20:47:25.184   787  1215 V Vibrator: Called cancel() API - PUID: 1000, PackageName: android
12-12 20:47:25.184   787  1215 W Vibrator: Vibrator.cancel()
12-12 20:47:25.184   787   797 I AudioService: getStreamVolume 5 index 0
12-12 20:47:25.184   787  1215 D VibratorService: JNI vibratorOff()
12-12 20:47:25.184   787  1215 D LightsService: [api] [SvcLED] turnOff:: id = 4 (uid: 10016 pid: 991) 
12-12 20:47:25.184   787  1215 D LightsService: [SvcLED] setSvcLedStateLocked:: SvcLEDState : 0x0 -> 0x0 | SvcLED(id=4) set Off
12-12 20:47:25.184   787   894 D LightsService: [SvcLED] Lux failed to be updated in 700ms. -> handleForcedSvcLEDTasK
12-12 20:47:25.184   787   894 D LightsService: [SvcLED]  setSvcLedLightLocked :: Current SvcLED(id=3) maintains its priority right
12-12 20:47:25.194   991   991 D SizeAdaptiveLayout: com.android.internal.widget.SizeAdaptiveLayout{421f17a8 V.E..... ......ID 0,0-760,68 #7f080087 app:id/adaptive}child view android.widget.FrameLayout{421f3ba8 V.E..... ......ID 0,0-760,64 #1020364 android:id/status_bar_latest_event_content} measured out of bounds at 64px clamped to 68px
12-12 20:47:25.204   991   991 D SizeAdaptiveLayout: com.android.internal.widget.SizeAdaptiveLayout{421f17a8 V.E..... ......ID 0,0-760,68 #7f080087 app:id/adaptive}child view android.widget.FrameLayout{421f3ba8 V.E..... ......ID 0,0-760,64 #1020364 android:id/status_bar_latest_event_content} measured out of bounds at 64px clamped to 68px
12-12 20:47:25.204   787   901 I InputDispatcher: Delivering touch to: action: 0x4, toolType: 0
12-12 20:47:25.204   787   901 I InputDispatcher: Delivering touch to: action: 0x4, toolType: 0
12-12 20:47:25.204   787   901 I InputDispatcher: Delivering touch to: action: 0x0, toolType: 0
12-12 20:47:25.204   787  1231 I SpenGestureManager: setFocusWindow181000
12-12 20:47:25.214   787   901 I InputDispatcher: Delivering touch to: action: 0x1, toolType: 0
12-12 20:47:25.224   787   867 D PointerIcon: setMouseIconStyle1 pointerType: 1001iconType:101 flag:0
12-12 20:47:25.224   787   867 D PointerIcon: setMouseCustomIcon IconType is same.101
12-12 20:47:25.224   787   879 D STATUSBAR-StatusBarManagerService: manageDisableList what=0x0 pkg=WindowManager.LayoutParams
12-12 20:47:25.234   991   991 D SizeAdaptiveLayout: com.android.internal.widget.SizeAdaptiveLayout{421f17a8 V.E..... ......ID 0,0-760,68 #7f080087 app:id/adaptive}child view android.widget.FrameLayout{421f3ba8 V.E..... ......ID 0,0-760,64 #1020364 android:id/status_bar_latest_event_content} measured out of bounds at 64px clamped to 68px
12-12 20:47:25.244   991   991 D SizeAdaptiveLayout: com.android.internal.widget.SizeAdaptiveLayout{421f17a8 V.E..... ......ID 0,0-760,68 #7f080087 app:id/adaptive}child view android.widget.FrameLayout{421f3ba8 V.E..... ......ID 0,0-760,64 #1020364 android:id/status_bar_latest_event_content} measured out of bounds at 64px clamped to 68px
12-12 20:47:25.244  1300  1300 D SamsungIME: Magnification Enabled = false
12-12 20:47:25.274   787   901 I InputDispatcher: Delivering touch to: action: 0x0, toolType: 0
12-12 20:47:25.284   787   901 I InputDispatcher: Delivering touch to: action: 0x1, toolType: 0
12-12 20:47:25.294 10823 10823 D com.samsung.app: [AccuTab_Magagine]>>> WC:42 [0:0] action : comandroidserverNotificationManagerServiceNotificationArrived
12-12 20:47:25.294  1300  1304 D dalvikvm: GC_CONCURRENT freed 5719K, 49% free 7296K/14092K, paused 6ms+7ms, total 221ms
12-12 20:47:25.304   991   991 V PanelView: animationTick called with dtms=0; nothing to do (h=16.946001 v=-2000.0)
12-12 20:47:25.304   991   991 V PanelView: animationTick called with dtms=0; nothing to do (h=16.946001 v=-2000.0)
12-12 20:47:25.324   241   241 I SurfaceFlinger: id=25 createSurf (1280x1),1 flag=4, JnputMethod
12-12 20:47:25.334   991   991 V RecentsWindow: hide mShowing = false
12-12 20:47:25.344   787  1784 D SSRMv2:TSP:AirViewOnOff: DeviceInfo:: 00000000000
12-12 20:47:25.344   787  1784 D SSRMv2:TSP:AirViewOnOff: SettingsAirViewInfo:: 000000000
12-12 20:47:25.344 10823 10823 D com.samsung.app: [AccuTab_Magagine]>>> WC:55 [0:0] settings CT : androidappReceiverRestrictedContext@42049bf0
12-12 20:47:25.344   787  3281 W ActivityManager: mDVFSHelper.acquire()
12-12 20:47:25.364 10823 10823 D com.samsung.app: [AccuTab_Magagine]>>> UIM:146 [0:0] setContext
12-12 20:47:25.364  1300  1300 I Adreno-EGL: <qeglDrvAPI_eglInitialize:410>: EGL 1.4 QUALCOMM build:  ()
12-12 20:47:25.364  1300  1300 I Adreno-EGL: OpenGL ES Shader Compiler Version: E031.24.00.08
12-12 20:47:25.364  1300  1300 I Adreno-EGL: Build Date: 03/21/14 Fri
12-12 20:47:25.364  1300  1300 I Adreno-EGL: Local Branch: AU200+patches_03212014
12-12 20:47:25.364  1300  1300 I Adreno-EGL: Remote Branch: 
12-12 20:47:25.364  1300  1300 I Adreno-EGL: Local Patches: 
12-12 20:47:25.364  1300  1300 I Adreno-EGL: Reconstruct Branch: 
12-12 20:47:25.374 10823 10823 D com.samsung.app: [AccuTab_Magagine]>>> UIM:227 [0:0] The widget does not exist in idle!!
12-12 20:47:25.394   991   991 D STATUSBAR-PhoneStatusBar: makeExpandedInvisible
12-12 20:47:25.394   991   991 D STATUSBAR-PhoneStatusBar: Mini Controller text scroll : OFF
12-12 20:47:25.404   991   991 D STATUSBAR-QuickSettingPanel: setSingleLine:true
12-12 20:47:25.404   787   798 V Vibrator: Called cancel() API - PUID: 1000, PackageName: android
12-12 20:47:25.404   787   798 W Vibrator: Vibrator.cancel()
12-12 20:47:25.404   991   991 D STATUSBAR-QuickSettingPanel: updateButtonInfo mButtonWidth : 114 mColumnNumber:7 orien: 2
12-12 20:47:25.404   787   798 D VibratorService: JNI vibratorOff()
12-12 20:47:25.404   787   798 D LightsService: [api] [SvcLED] turnOff:: id = 4 (uid: 10016 pid: 991) 
12-12 20:47:25.404   787   798 D LightsService: [SvcLED] setSvcLedStateLocked:: SvcLEDState : 0x0 -> 0x0 | SvcLED(id=4) set Off
12-12 20:47:25.404   787   894 D LightsService: [SvcLED] Lux failed to be updated in 700ms. -> handleForcedSvcLEDTasK
12-12 20:47:25.404   787   894 D LightsService: [SvcLED]  setSvcLedLightLocked :: Current SvcLED(id=3) maintains its priority right
12-12 20:47:25.414   787  1245 I SpenGestureManager: setFocusWindow21010
12-12 20:47:25.414   787   879 D STATUSBAR-StatusBarManagerService: manageDisableList what=0x0 pkg=WindowManager.LayoutParams
12-12 20:47:25.434   787   867 D PointerIcon: setMouseIconStyle1 pointerType: 1001iconType:101 flag:0
12-12 20:47:25.434   787   867 D PointerIcon: setMouseCustomIcon IconType is same.101
12-12 20:47:25.444   787  1246 W LicenseLogService: log() failed
12-12 20:47:25.444   787  1246 W InputMethodManagerService: Window already focused, ignoring focus gain of: com.android.internal.view.IInputMethodClient$Stub$Proxy@42dfbc68 attribute=null, token = android.os.BinderProxy@42a1a548
12-12 20:47:25.474 13265 13265 I SELinux : Function: selinux_android_load_priority [0], There is no sepolicy file.
12-12 20:47:25.474 13265 13265 I SELinux :  
12-12 20:47:25.474 13265 13265 I SELinux : Function: selinux_android_load_priority [1], There is no sepolicy version file.
12-12 20:47:25.474 13265 13265 I SELinux :  
12-12 20:47:25.474 13265 13265 I SELinux : Function: selinux_android_load_priority , priority version is VE=SEPF_SM-T530NU_4.4.2_0028
12-12 20:47:25.474 13265 13265 I SELinux :  
12-12 20:47:25.474 13265 13265 I SELinux :  
12-12 20:47:25.474 13265 13265 I SELinux : selinux_android_seapp_context_reload: seapp_contexts file is loaded from /seapp_contexts
12-12 20:47:25.494   787   901 I InputDispatcher: Delivering touch to: action: 0x4, toolType: 0
12-12 20:47:25.494   787   901 I InputDispatcher: Delivering touch to: action: 0x4, toolType: 0
12-12 20:47:25.494   787   901 I InputDispatcher: Delivering touch to: action: 0x0, toolType: 0
12-12 20:47:25.504   787   901 I InputDispatcher: Delivering touch to: action: 0x1, toolType: 0
12-12 20:47:25.524  1300  1300 D OpenGLRenderer: Enabling debug mode 0
12-12 20:47:25.554   787   901 I InputDispatcher: Delivering touch to: action: 0x4, toolType: 0
12-12 20:47:25.554   787   901 I InputDispatcher: Delivering touch to: action: 0x4, toolType: 0
12-12 20:47:25.554   787   901 I InputDispatcher: Delivering touch to: action: 0x0, toolType: 0
12-12 20:47:25.564  1300  1300 I SamsungIME: drawAllKey
12-12 20:47:25.584   787   901 I InputDispatcher: Delivering touch to: action: 0x1, toolType: 0
12-12 20:47:25.604   344 13277 I framebuffer: /data/system/enterprise.conf doesn't exist or cannot be opened
12-12 20:47:25.634   787   787 D CustomFrequencyManagerService: FrequencyrequestList.getNextMaxCPUCoreRequest, index: 0
12-12 20:47:25.644   787   901 I InputDispatcher: Delivering touch to: action: 0x4, toolType: 0
12-12 20:47:25.644   787   901 I InputDispatcher: Delivering touch to: action: 0x4, toolType: 0
12-12 20:47:25.644   787   901 I InputDispatcher: Delivering touch to: action: 0x0, toolType: 0
12-12 20:47:25.644   787   901 I InputDispatcher: Delivering touch to: action: 0x1, toolType: 0
12-12 20:47:25.674   787  3279 I EDMNativeHelperService: isScreenCaptureEnabled
12-12 20:47:25.704  1300  1304 D dalvikvm: GC_CONCURRENT freed 140K, 36% free 9153K/14092K, paused 3ms+5ms, total 54ms
12-12 20:47:25.704   787  3280 W ActivityManager: mDVFSHelper.acquire()
12-12 20:47:25.764   787   901 I InputDispatcher: Delivering touch to: action: 0x4, toolType: 0
12-12 20:47:25.764   787   901 I InputDispatcher: Delivering touch to: action: 0x4, toolType: 0
12-12 20:47:25.764   787   901 I InputDispatcher: Delivering touch to: action: 0x0, toolType: 0
12-12 20:47:25.764   787   901 I InputDispatcher: Delivering touch to: action: 0x1, toolType: 0
12-12 20:47:25.794 13265 13265 I Yosemite:lifecycle: ================================================================
12-12 20:47:25.804 13265 13265 I Yosemite:lifecycle: com.sec.yosemite.tab 14080601.1.55.13 (155130)  CL:1461285
12-12 20:47:25.804 13265 13265 I Yosemite:lifecycle: ================================================================
12-12 20:47:25.824   787  3278 W ActivityManager: mDVFSHelper.acquire()
12-12 20:47:25.874 13265 13265 W ContextImpl: Implicit intents with startService are not safe: Intent { act=com.sec.msc.android.yosemite.service.remotetv.IRemoteTvService } android.content.ContextWrapper.bindService:529 com.sec.msc.android.yosemite.client.helper.RemoteTvServiceHelper.bindService:-1 com.sec.msc.android.yosemite.client.helper.RemoteTvServiceHelper.bindService:-1 
12-12 20:47:25.874 13265 13265 W ContextImpl: Calling a method in the system process without a qualified user: android.app.ContextImpl.bindService:1938 android.content.ContextWrapper.bindService:529 com.sec.msc.android.yosemite.client.helper.RemoteTvServiceHelper.bindService:-1 com.sec.msc.android.yosemite.client.helper.RemoteTvServiceHelper.bindService:-1 com.sec.msc.android.yosemite.YosemiteApplication.onCreate:-1 
12-12 20:47:25.884   787   901 I InputDispatcher: Delivering touch to: action: 0x4, toolType: 0
12-12 20:47:25.884   787   901 I InputDispatcher: Delivering touch to: action: 0x4, toolType: 0
12-12 20:47:25.884   787   901 I InputDispatcher: Delivering touch to: action: 0x0, toolType: 0
12-12 20:47:25.884   787   901 I InputDispatcher: Delivering touch to: action: 0x1, toolType: 0
12-12 20:47:25.934   787   901 I InputDispatcher: Delivering touch to: action: 0x4, toolType: 0
12-12 20:47:25.934   787   901 I InputDispatcher: Delivering touch to: action: 0x4, toolType: 0
12-12 20:47:25.934   787   901 I InputDispatcher: Delivering touch to: action: 0x0, toolType: 0
12-12 20:47:25.934   787   901 I InputDispatcher: Delivering touch to: action: 0x1, toolType: 0
12-12 20:47:25.974  1435  1435 I MultiWindowTrayInfo: getAppCnt
12-12 20:47:25.974  1435  1435 I MultiWindowTrayInfo: getAppCnt
12-12 20:47:25.974  1435  1435 I MultiWindowTrayInfo: getAppCnt
12-12 20:47:25.994  1435  1435 I MultiWindowTrayInfo: getAppCnt
12-12 20:47:25.994  1435  1435 I MultiWindowTrayInfo: getAppCnt
12-12 20:47:25.994   787   901 I InputDispatcher: Delivering touch to: action: 0x4, toolType: 0
12-12 20:47:25.994   787   901 I InputDispatcher: Delivering touch to: action: 0x4, toolType: 0
12-12 20:47:25.994   787   901 I InputDispatcher: Delivering touch to: action: 0x0, toolType: 0
12-12 20:47:25.994  1435  1435 I MultiWindowTrayInfo: getAppCnt
12-12 20:47:26.004  1435  1435 I MultiWindowTrayInfo: makeInstancebadgeForGridView
12-12 20:47:26.004  1435  1435 I MultiWindowTrayInfo: getAppCnt
12-12 20:47:26.004  1435  1435 I MultiWindowTrayInfo: makeInstancebadgeForGridView
12-12 20:47:26.004  1435  1435 I MultiWindowTrayInfo: makeInstancebadgeForGridView
12-12 20:47:26.014   787   901 I InputDispatcher: Delivering touch to: action: 0x1, toolType: 0
12-12 20:47:26.014  1435  1435 I MultiWindowTrayInfo: makeInstancebadgeForGridView
12-12 20:47:26.024  1435  1435 I MultiWindowTrayInfo: makeInstancebadgeForGridView
12-12 20:47:26.034  1435  1435 I MultiWindowTrayInfo: makeInstancebadgeForGridView
12-12 20:47:26.034  1300  1300 D SamsungIME: Dismiss ExpandCandiate
12-12 20:47:26.034  1435  1435 I MultiWindowTrayInfo: makeInstancebadgeForGridView
12-12 20:47:26.044 13265 13265 I Process : Sending signal. PID: 13265 SIG: 9
12-12 20:47:26.044  1435  1435 I MultiWindowTrayInfo: makeInstancebadgeForGridView
12-12 20:47:26.054   787  1165 I ActivityManager: Process com.sec.yosemite.tab (pid 13265) (adj 0) has died.
12-12 20:47:26.064  1435  1435 I MultiWindowTrayInfo: makeInstancebadgeForGridView
12-12 20:47:26.074   787   901 I InputDispatcher: Delivering touch to: action: 0x4, toolType: 0
12-12 20:47:26.074   787   901 I InputDispatcher: Delivering touch to: action: 0x4, toolType: 0
12-12 20:47:26.074   787   901 I InputDispatcher: Delivering touch to: action: 0x0, toolType: 0
12-12 20:47:26.074  1435  1435 I MultiWindowTrayInfo: makeInstancebadgeForGridView
12-12 20:47:26.084  1435  1435 I MultiWindowTrayInfo: makeInstancebadgeForGridView
12-12 20:47:26.084   787   901 I InputDispatcher: Delivering touch to: action: 0x1, toolType: 0
12-12 20:47:26.084  1435  1435 I MultiWindowTrayInfo: makeInstancebadgeForGridView
12-12 20:47:26.094  1435  1435 I MultiWindowTrayInfo: makeInstancebadgeForGridView
12-12 20:47:26.104  1435  1435 I MultiWindowTrayInfo: makeInstancebadgeForGridView
12-12 20:47:26.104  1300  1300 D SamsungIME: Dismiss ExpandCandiate
12-12 20:47:26.134   787   901 I InputDispatcher: Delivering touch to: action: 0x4, toolType: 0
12-12 20:47:26.134   787   901 I InputDispatcher: Delivering touch to: action: 0x4, toolType: 0
12-12 20:47:26.134   787   901 I InputDispatcher: Delivering touch to: action: 0x0, toolType: 0
12-12 20:47:26.154   787   901 I InputDispatcher: Delivering touch to: action: 0x1, toolType: 0
12-12 20:47:26.204   787   901 I InputDispatcher: Delivering touch to: action: 0x4, toolType: 0
12-12 20:47:26.204   787   901 I InputDispatcher: Delivering touch to: action: 0x4, toolType: 0
12-12 20:47:26.204   787   901 I InputDispatcher: Delivering touch to: action: 0x0, toolType: 0
12-12 20:47:26.204   787   901 I InputDispatcher: Delivering touch to: action: 0x1, toolType: 0
12-12 20:47:26.264   787   901 I InputDispatcher: Delivering touch to: action: 0x4, toolType: 0
12-12 20:47:26.264   787   901 I InputDispatcher: Delivering touch to: action: 0x4, toolType: 0
12-12 20:47:26.264   787   901 I InputDispatcher: Delivering touch to: action: 0x0, toolType: 0
12-12 20:47:26.274   787   901 I InputDispatcher: Delivering touch to: action: 0x1, toolType: 0
12-12 20:47:26.324   787   951 W ActivityManager: mDVFSHelper.acquire()
12-12 20:47:26.374   787   901 I InputDispatcher: Delivering touch to: action: 0x4, toolType: 0
12-12 20:47:26.374   787   901 I InputDispatcher: Delivering touch to: action: 0x4, toolType: 0
12-12 20:47:26.374   787   901 I InputDispatcher: Delivering touch to: action: 0x0, toolType: 0
12-12 20:47:26.384   787   901 I InputDispatcher: Delivering touch to: action: 0x1, toolType: 0
12-12 20:47:26.434   787   901 I InputDispatcher: Delivering touch to: action: 0x4, toolType: 0
12-12 20:47:26.434   787   901 I InputDispatcher: Delivering touch to: action: 0x4, toolType: 0
12-12 20:47:26.434   787   901 I InputDispatcher: Delivering touch to: action: 0x0, toolType: 0
12-12 20:47:26.434   787   901 I InputDispatcher: Delivering touch to: action: 0x1, toolType: 0
12-12 20:47:26.494   787   901 I InputDispatcher: Delivering touch to: action: 0x4, toolType: 0
12-12 20:47:26.494   787   901 I InputDispatcher: Delivering touch to: action: 0x4, toolType: 0
