12-12 20:47:31.734 13215 13215 W ViewRootImpl: Dropping event due to root view being removed: MotionEvent { action=ACTION_UP, id[0]=0, x[0]=880.25073, y[0]=-112.146484, toolType[0]=TOOL_TYPE_UNKNOWN, buttonState=0, metaState=0, flags=0x0, edgeFlags=0x0, pointerCount=1, historySize=0, eventTime=7939515, downTime=7939507, deviceId=0, source=0x1002 }
12-12 20:47:31.744   787   797 W LicenseLogService: log() failed
12-12 20:47:31.744 13215 13215 E ViewRootImpl: sendUserActionEvent() mView == null
12-12 20:47:31.744   787   797 W InputMethodManagerService: Window already focused, ignoring focus gain of: com.android.internal.view.IInputMethodClient$Stub$Proxy@42a85a60 attribute=null, token = android.os.BinderProxy@42a1a548
12-12 20:47:31.754   787   901 I InputDispatcher: Delivering touch to: action: 0x4, toolType: 0
12-12 20:47:31.754   787   901 I InputDispatcher: Delivering touch to: action: 0x4, toolType: 0
12-12 20:47:31.754   787   901 I InputDispatcher: Delivering touch to: action: 0x0, toolType: 0
12-12 20:47:31.774   787   901 I InputDispatcher: Delivering touch to: action: 0x1, toolType: 0
12-12 20:47:31.834   787   901 I InputDispatcher: Delivering touch to: action: 0x4, toolType: 0
12-12 20:47:31.834   787   901 I InputDispatcher: Delivering touch to: action: 0x4, toolType: 0
12-12 20:47:31.834   787   901 I InputDispatcher: Delivering touch to: action: 0x0, toolType: 0
12-12 20:47:31.844   787   901 I InputDispatcher: Delivering touch to: action: 0x1, toolType: 0
12-12 20:47:31.904   787   901 I InputDispatcher: Delivering touch to: action: 0x4, toolType: 0
12-12 20:47:31.904   787   901 I InputDispatcher: Delivering touch to: action: 0x4, toolType: 0
12-12 20:47:31.904   787   901 I InputDispatcher: Delivering touch to: action: 0x0, toolType: 0
12-12 20:47:31.904   787   901 I InputDispatcher: Delivering touch to: action: 0x1, toolType: 0
12-12 20:47:31.924 11728 13327 E Volley  : [819] BasicNetwork.performRequest: Unexpected response code 400 for https://www.googleapis.com/identitytoolkit/v3/relyingparty/signupNewUser?alt=proto&key=AIzaSyAlPR096sOohVB9d0xuRCe1M34wBO-crBA
12-12 20:47:31.924 11728 11841 I AuthChimeraService: Error description received from server: INVALID_EMAIL
12-12 20:47:31.944 11728 11841 W FirebaseAuth: [PhoneNumberAuthPostProcessor] postProcess starts
12-12 20:47:31.944 11728 11841 W FirebaseAuth: [PhoneNumberAuthPostProcessor] postProcess ends
12-12 20:47:31.964   787   901 I InputDispatcher: Delivering touch to: action: 0x4, toolType: 0
12-12 20:47:31.964   787   901 I InputDispatcher: Delivering touch to: action: 0x4, toolType: 0
12-12 20:47:31.964   787   901 I InputDispatcher: Delivering touch to: action: 0x0, toolType: 0
12-12 20:47:31.964   787   901 I InputDispatcher: Delivering touch to: action: 0x1, toolType: 0
12-12 20:47:31.974 11728 12147 I IcingInternalCorpora: EventIndexer: starting full update
12-12 20:47:31.974 11728 12147 I IcingInternalCorpora: EventIndexer: 0 added, 0 removed, 0 changed, 0 unchanged, 0 errors.
12-12 20:47:31.974 11728 12147 I IcingInternalCorpora: EventIndexer: finished after 1 ms.
12-12 20:47:31.984   241  1177 I SurfaceFlinger: id=28 Removed NainActivit (9/12)
12-12 20:47:31.984   241   466 I SurfaceFlinger: id=28 Removed NainActivit (-2/12)
12-12 20:47:31.994   241   241 I SurfaceFlinger: id=29 createSurf (1x1),1 flag=4, Uoast
12-12 20:47:32.014   787  1215 D PowerManagerService: [api] acquire WakeLock flags=0x2000000a tag=WindowManager uid=1000 pid=787
12-12 20:47:32.024   787   901 I InputDispatcher: Delivering touch to: action: 0x4, toolType: 0
12-12 20:47:32.024   787   901 I InputDispatcher: Delivering touch to: action: 0x4, toolType: 0
12-12 20:47:32.024   787   901 I InputDispatcher: Delivering touch to: action: 0x4, toolType: 0
12-12 20:47:32.024   787   901 I InputDispatcher: Delivering touch to: action: 0x0, toolType: 0
12-12 20:47:32.024   787   901 I InputDispatcher: Delivering touch to: action: 0x1, toolType: 0
12-12 20:47:32.024   787  1245 I NotificationService: cancelToast pkg=com.example.snoopy callback=android.app.ITransientNotification$Stub$Proxy@428b3ff8
12-12 20:47:32.054   787   951 D PowerManagerService: [api] [s] userActivity : event: 0 flags: 0 (uid: 1000 pid: 787)
12-12 20:47:32.054   787   951 D PowerManagerService: [api] release WakeLock flags=0x2000000a tag=WindowManager uid=1000 pid=787 (0x0)
12-12 20:47:32.054   787   951 D PowerManagerService: [api] applyWakeLockFlagsOnReleaseLocked : userActivityNoUpdateLocked is called : SCREEN_BRIGHT_WAKE_LOCK        'WindowManager' ON_AFTER_RELEASE (uid=1000, pid=787, ws=WorkSource{13112}) (elapsedTime=44)
12-12 20:47:32.084   787   901 I InputDispatcher: Delivering touch to: action: 0x4, toolType: 0
12-12 20:47:32.084   787   901 I InputDispatcher: Delivering touch to: action: 0x4, toolType: 0
12-12 20:47:32.084   787   901 I InputDispatcher: Delivering touch to: action: 0x0, toolType: 0
12-12 20:47:32.084   787   901 I InputDispatcher: Delivering touch to: action: 0x1, toolType: 0
12-12 20:47:32.134   787   901 I InputDispatcher: Delivering touch to: action: 0x4, toolType: 0
12-12 20:47:32.144   787   901 I InputDispatcher: Delivering touch to: action: 0x4, toolType: 0
12-12 20:47:32.144   787   901 I InputDispatcher: Delivering touch to: action: 0x0, toolType: 0
12-12 20:47:32.144   787   901 I InputDispatcher: Delivering touch to: action: 0x1, toolType: 0
12-12 20:47:32.204   787   901 I InputDispatcher: Delivering touch to: action: 0x4, toolType: 0
12-12 20:47:32.204   787   901 I InputDispatcher: Delivering touch to: action: 0x4, toolType: 0
12-12 20:47:32.204   787   901 I InputDispatcher: Delivering touch to: action: 0x0, toolType: 0
12-12 20:47:32.204   787   901 I InputDispatcher: Delivering touch to: action: 0x1, toolType: 0
12-12 20:47:32.254   787   901 I InputDispatcher: Delivering touch to: action: 0x4, toolType: 0
12-12 20:47:32.254   787   901 I InputDispatcher: Delivering touch to: action: 0x4, toolType: 0
12-12 20:47:32.254   787   901 I InputDispatcher: Delivering touch to: action: 0x0, toolType: 0
12-12 20:47:32.254   787   901 I InputDispatcher: Delivering touch to: action: 0x1, toolType: 0
12-12 20:47:32.274   991   991 D STATUSBAR-PhoneStatusBar: makeExpandedVisible
12-12 20:47:32.274   991   991 D STATUSBAR-QuickSettingPanel: setSingleLine:true
12-12 20:47:32.274   991   991 D STATUSBAR-QuickSettingPanel: updateButtonInfo mButtonWidth : 114 mColumnNumber:7 orien: 2
12-12 20:47:32.274   787  3280 V Vibrator: Called cancel() API - PUID: 1000, PackageName: android
12-12 20:47:32.274   787  3280 W Vibrator: Vibrator.cancel()
12-12 20:47:32.274   991   991 D STATUSBAR-PhoneStatusBar: Mini Controller text scroll : ON
12-12 20:47:32.274   787  3280 D VibratorService: JNI vibratorOff()
12-12 20:47:32.274   787  3280 D LightsService: [api] [SvcLED] turnOff:: id = 4 (uid: 10016 pid: 991) 
12-12 20:47:32.274   787  3280 D LightsService: [SvcLED] setSvcLedStateLocked:: SvcLEDState : 0x0 -> 0x0 | SvcLED(id=4) set Off
12-12 20:47:32.274   787   894 D LightsService: [SvcLED] Lux failed to be updated in 700ms. -> handleForcedSvcLEDTasK
12-12 20:47:32.274   787   894 D LightsService: [SvcLED]  setSvcLedLightLocked :: Current SvcLED(id=3) maintains its priority right
12-12 20:47:32.284   787  6082 I AudioService: getStreamVolume 5 index 0
12-12 20:47:32.314   787   901 I InputDispatcher: Delivering touch to: action: 0x4, toolType: 0
12-12 20:47:32.314   787   901 I InputDispatcher: Delivering touch to: action: 0x4, toolType: 0
12-12 20:47:32.314   787   901 I InputDispatcher: Delivering touch to: action: 0x0, toolType: 0
12-12 20:47:32.314   787   901 I InputDispatcher: Delivering touch to: action: 0x1, toolType: 0
12-12 20:47:32.354   991   991 D dalvikvm: GC_EXPLICIT freed 8660K, 41% free 21842K/36496K, paused 4ms+12ms, total 68ms
12-12 20:47:32.364   787  3281 I SpenGestureManager: setFocusWindow181000
12-12 20:47:32.364   787   879 D STATUSBAR-StatusBarManagerService: manageDisableList what=0x0 pkg=WindowManager.LayoutParams
12-12 20:47:32.374   787   901 I InputDispatcher: Delivering touch to: action: 0x0, toolType: 0
12-12 20:47:32.374   787   867 D PointerIcon: setMouseIconStyle1 pointerType: 1001iconType:101 flag:0
12-12 20:47:32.374   787   867 D PointerIcon: setMouseCustomIcon IconType is same.101
12-12 20:47:32.394   787   901 I InputDispatcher: Delivering touch to: action: 0x1, toolType: 0
12-12 20:47:32.394   991   991 V PanelView: animationTick called with dtms=0; nothing to do (h=0.43438822 v=-2000.0)
12-12 20:47:32.404   991   991 V PanelView: animationTick called with dtms=0; nothing to do (h=0.43438822 v=-2000.0)
12-12 20:47:32.404   991   991 V PanelView: animationTick called with dtms=-2; nothing to do (h=0.43438822 v=-2000.0)
12-12 20:47:32.414   991   991 V RecentsWindow: hide mShowing = false
12-12 20:47:32.414   787  1784 D SSRMv2:TSP:AirViewOnOff: DeviceInfo:: 00000000000
12-12 20:47:32.414   787  1784 D SSRMv2:TSP:AirViewOnOff: SettingsAirViewInfo:: 000000000
12-12 20:47:32.444 13370 13370 I SELinux : Function: selinux_android_load_priority [0], There is no sepolicy file.
12-12 20:47:32.444 13370 13370 I SELinux :  
12-12 20:47:32.444 13370 13370 I SELinux : Function: selinux_android_load_priority [1], There is no sepolicy version file.
12-12 20:47:32.444 13370 13370 I SELinux :  
12-12 20:47:32.444 13370 13370 I SELinux : Function: selinux_android_load_priority , priority version is VE=SEPF_SM-T530NU_4.4.2_0028
12-12 20:47:32.444 13370 13370 I SELinux :  
12-12 20:47:32.444 13370 13370 I SELinux :  
12-12 20:47:32.444 13370 13370 I SELinux : selinux_android_seapp_context_reload: seapp_contexts file is loaded from /seapp_contexts
12-12 20:47:32.444   787   901 I InputDispatcher: Delivering touch to: action: 0x0, toolType: 0
12-12 20:47:32.454   787   901 I InputDispatcher: Delivering touch to: action: 0x1, toolType: 0
12-12 20:47:32.454   991   991 V RecentsWindow: hide mShowing = false
12-12 20:47:32.474   991   991 D STATUSBAR-PhoneStatusBar: makeExpandedInvisible
12-12 20:47:32.474   991   991 D STATUSBAR-PhoneStatusBar: Mini Controller text scroll : OFF
12-12 20:47:32.474   787  6082 V Vibrator: Called cancel() API - PUID: 1000, PackageName: android
12-12 20:47:32.474   787  6082 W Vibrator: Vibrator.cancel()
12-12 20:47:32.474   991   991 D STATUSBAR-QuickSettingPanel: setSingleLine:true
12-12 20:47:32.474   991   991 D STATUSBAR-QuickSettingPanel: updateButtonInfo mButtonWidth : 114 mColumnNumber:7 orien: 2
12-12 20:47:32.474   787  6082 D VibratorService: JNI vibratorOff()
12-12 20:47:32.474   787  6082 D LightsService: [api] [SvcLED] turnOff:: id = 4 (uid: 10016 pid: 991) 
12-12 20:47:32.474   787  6082 D LightsService: [SvcLED] setSvcLedStateLocked:: SvcLEDState : 0x0 -> 0x0 | SvcLED(id=4) set Off
12-12 20:47:32.474   787   894 D LightsService: [SvcLED] Lux failed to be updated in 700ms. -> handleForcedSvcLEDTasK
12-12 20:47:32.474   787   894 D LightsService: [SvcLED]  setSvcLedLightLocked :: Current SvcLED(id=3) maintains its priority right
12-12 20:47:32.484   787  1216 I SpenGestureManager: setFocusWindow21010
12-12 20:47:32.484   787   879 D STATUSBAR-StatusBarManagerService: manageDisableList what=0x0 pkg=WindowManager.LayoutParams
12-12 20:47:32.504   787   901 I InputDispatcher: Delivering touch to: action: 0x4, toolType: 0
12-12 20:47:32.504   787   901 I InputDispatcher: Delivering touch to: action: 0x4, toolType: 0
12-12 20:47:32.514   787   901 I InputDispatcher: Delivering touch to: action: 0x0, toolType: 0
12-12 20:47:32.514   787   901 I InputDispatcher: Delivering touch to: action: 0x1, toolType: 0
12-12 20:47:32.514   787   867 D PointerIcon: setMouseIconStyle1 pointerType: 1001iconType:101 flag:0
12-12 20:47:32.514   787   867 D PointerIcon: setMouseCustomIcon IconType is same.101
12-12 20:47:32.544   787  1231 W LicenseLogService: log() failed
12-12 20:47:32.544   787  1231 W InputMethodManagerService: Window already focused, ignoring focus gain of: com.android.internal.view.IInputMethodClient$Stub$Proxy@42b49198 attribute=null, token = android.os.BinderProxy@42a1a548
12-12 20:47:32.564   787   901 I InputDispatcher: Delivering touch to: action: 0x4, toolType: 0
12-12 20:47:32.564   787   901 I InputDispatcher: Delivering touch to: action: 0x4, toolType: 0
12-12 20:47:32.564   787   901 I InputDispatcher: Delivering touch to: action: 0x0, toolType: 0
12-12 20:47:32.564   787   901 I InputDispatcher: Delivering touch to: action: 0x1, toolType: 0
12-12 20:47:32.584   241   466 I SurfaceFlinger: id=29 Removed Uoast (12/12)
12-12 20:47:32.584   241 13243 I SurfaceFlinger: id=29 Removed Uoast (-2/12)
12-12 20:47:32.614 13370 13370 I Yosemite:lifecycle: ================================================================
12-12 20:47:32.614 13370 13370 I Yosemite:lifecycle: com.sec.yosemite.tab 14080601.1.55.13 (155130)  CL:1461285
12-12 20:47:32.614 13370 13370 I Yosemite:lifecycle: ================================================================
12-12 20:47:32.624   787   901 I InputDispatcher: Delivering touch to: action: 0x4, toolType: 0
12-12 20:47:32.624   787   901 I InputDispatcher: Delivering touch to: action: 0x4, toolType: 0
12-12 20:47:32.624   787   901 I InputDispatcher: Delivering touch to: action: 0x0, toolType: 0
12-12 20:47:32.624   787   901 I InputDispatcher: Delivering touch to: action: 0x1, toolType: 0
12-12 20:47:32.644 13370 13370 W ContextImpl: Implicit intents with startService are not safe: Intent { act=com.sec.msc.android.yosemite.service.remotetv.IRemoteTvService } android.content.ContextWrapper.bindService:529 com.sec.msc.android.yosemite.client.helper.RemoteTvServiceHelper.bindService:-1 com.sec.msc.android.yosemite.client.helper.RemoteTvServiceHelper.bindService:-1 
12-12 20:47:32.644 13370 13370 W ContextImpl: Calling a method in the system process without a qualified user: android.app.ContextImpl.bindService:1938 android.content.ContextWrapper.bindService:529 com.sec.msc.android.yosemite.client.helper.RemoteTvServiceHelper.bindService:-1 com.sec.msc.android.yosemite.client.helper.RemoteTvServiceHelper.bindService:-1 com.sec.msc.android.yosemite.YosemiteApplication.onCreate:-1 
12-12 20:47:32.674   787   901 I InputDispatcher: Delivering touch to: action: 0x4, toolType: 0
12-12 20:47:32.674   787   901 I InputDispatcher: Delivering touch to: action: 0x4, toolType: 0
12-12 20:47:32.674   787   901 I InputDispatcher: Delivering touch to: action: 0x0, toolType: 0
12-12 20:47:32.674   787   901 I InputDispatcher: Delivering touch to: action: 0x1, toolType: 0
12-12 20:47:32.684 13370 13370 I Process : Sending signal. PID: 13370 SIG: 9
12-12 20:47:32.694   787  1216 I ActivityManager: Process com.sec.yosemite.tab (pid 13370) (adj 0) has died.
12-12 20:47:32.724   787   901 I InputDispatcher: Delivering touch to: action: 0x4, toolType: 0
12-12 20:47:32.724   787   901 I InputDispatcher: Delivering touch to: action: 0x4, toolType: 0
12-12 20:47:32.724   787   901 I InputDispatcher: Delivering touch to: action: 0x0, toolType: 0
12-12 20:47:32.734   787   901 I InputDispatcher: Delivering touch to: action: 0x1, toolType: 0
12-12 20:47:32.784   787   901 I InputDispatcher: Delivering touch to: action: 0x4, toolType: 0
12-12 20:47:32.784   787   901 I InputDispatcher: Delivering touch to: action: 0x4, toolType: 0
12-12 20:47:32.784   787   901 I InputDispatcher: Delivering touch to: action: 0x0, toolType: 0
12-12 20:47:32.794   787   901 I InputDispatcher: Delivering touch to: action: 0x1, toolType: 0
12-12 20:47:32.794 13391 13391 I SELinux : Function: selinux_android_load_priority [0], There is no sepolicy file.
12-12 20:47:32.794 13391 13391 I SELinux :  
12-12 20:47:32.794 13391 13391 I SELinux : Function: selinux_android_load_priority [1], There is no sepolicy version file.
12-12 20:47:32.794 13391 13391 I SELinux :  
12-12 20:47:32.794 13391 13391 I SELinux : Function: selinux_android_load_priority , priority version is VE=SEPF_SM-T530NU_4.4.2_0028
12-12 20:47:32.794 13391 13391 I SELinux :  
12-12 20:47:32.794 13391 13391 I SELinux :  
12-12 20:47:32.794 13391 13391 I SELinux : selinux_android_seapp_context_reload: seapp_contexts file is loaded from /seapp_contexts
12-12 20:47:32.794   787  3278 I ActivityManager: Killing 12668:com.sec.spp.push:RemoteDlcProcess/u0a28 (adj 15): empty #31
12-12 20:47:32.844   787   901 I InputDispatcher: Delivering touch to: action: 0x4, toolType: 0
12-12 20:47:32.844   787   901 I InputDispatcher: Delivering touch to: action: 0x4, toolType: 0
12-12 20:47:32.844   787   901 I InputDispatcher: Delivering touch to: action: 0x0, toolType: 0
12-12 20:47:32.844   787   901 I InputDispatcher: Delivering touch to: action: 0x1, toolType: 0
12-12 20:47:32.874   787  1784 D SSRMv2:SIOP: SIOP:: AP = 300, Delta = 0
12-12 20:47:32.874   787   899 V AlarmManager: waitForAlarm result :4
12-12 20:47:32.874   787   899 V AlarmManager: trigger ELAPSED_REALTIME_WAKEUP or RTC_WAKEUP
12-12 20:47:32.894   787   901 I InputDispatcher: Delivering touch to: action: 0x4, toolType: 0
12-12 20:47:32.894   787   901 I InputDispatcher: Delivering touch to: action: 0x4, toolType: 0
12-12 20:47:32.894   787   901 I InputDispatcher: Delivering touch to: action: 0x0, toolType: 0
12-12 20:47:32.914   787   901 I InputDispatcher: Delivering touch to: action: 0x1, toolType: 0
12-12 20:47:32.944   787  1165 D BatteryService: level:100, scale:100, status:3, health:2, present:true, voltage: 4269, temperature: 233, technology: Li-ion, AC powered:false, USB powered:true, Wireless powered:false, icon:17303545, invalid charger:0, online:4, current avg:-275, charge type:2, power sharing:false
12-12 20:47:32.944   991   991 D KeyguardUpdateMonitor: received broadcast android.intent.action.BATTERY_CHANGED
12-12 20:47:32.944   991   991 D KeyguardUpdateMonitor: handleBatteryUpdate
12-12 20:47:32.944 11590 11610 D HeadsetStateMachine: Disconnected process message: 10
12-12 20:47:32.944  1812  1812 D DeviceManagerBroadcastReceiver: Updated Battery Level: 100
12-12 20:47:32.944  1812  1812 D DeviceManagerBroadcastReceiver: Action: android.intent.action.BATTERY_CHANGED
12-12 20:47:32.944  1812  1812 D DeviceManagerBroadcastReceiver: Set Alarm: false
12-12 20:47:32.944   787   787 D BatteryService: Sending ACTION_BATTERY_CHANGED.
12-12 20:47:32.954   991   991 D STATUSBAR-PhoneStatusBar:  mBrightnessEnablebySettings = true mBrightnessEnablebyBattery = true mBrightnessEnablebyDisableFlag = true mPmsBrightnessEnablebySettings = true
12-12 20:47:32.964   787   901 I InputDispatcher: Delivering touch to: action: 0x4, toolType: 0
12-12 20:47:32.964   787   901 I InputDispatcher: Delivering touch to: action: 0x4, toolType: 0
12-12 20:47:32.964   787   901 I InputDispatcher: Delivering touch to: action: 0x0, toolType: 0
12-12 20:47:32.964   787   901 I InputDispatcher: Delivering touch to: action: 0x1, toolType: 0
12-12 20:47:32.964   991   991 D STATUSBAR-IconMerger: checkOverflow(1036), More:false, Req:false Child:4
12-12 20:47:32.974   991   991 D BatteryMeterView: ACTION_BATTERY_CHANGED : level:100 status:3 health:2
12-12 20:47:32.984   787   899 V AlarmManager: waitForAlarm result :8
12-12 20:47:32.994   344 13404 I framebuffer: /data/system/enterprise.conf doesn't exist or cannot be opened
12-12 20:47:33.014   787   901 I InputDispatcher: Delivering touch to: action: 0x4, toolType: 0
12-12 20:47:33.014   787   901 I InputDispatcher: Delivering touch to: action: 0x4, toolType: 0
12-12 20:47:33.014   787   901 I InputDispatcher: Delivering touch to: action: 0x0, toolType: 0
12-12 20:47:33.014   787   901 I InputDispatcher: Delivering touch to: action: 0x1, toolType: 0
12-12 20:47:33.054   787  3281 I EDMNativeHelperService: isScreenCaptureEnabled
12-12 20:47:33.064   787  3280 D dalvikvm: GC_EXPLICIT freed 3427K, 56% free 23986K/53936K, paused 7ms+20ms, total 239ms
12-12 20:47:33.074  1435  1435 I MultiWindowTrayInfo: getAppCnt
12-12 20:47:33.074  1435  1435 I MultiWindowTrayInfo: getAppCnt
12-12 20:47:33.074  1435  1435 I MultiWindowTrayInfo: getAppCnt
12-12 20:47:33.074   787   901 I InputDispatcher: Delivering touch to: action: 0x4, toolType: 0
12-12 20:47:33.074   787   901 I InputDispatcher: Delivering touch to: action: 0x4, toolType: 0
12-12 20:47:33.074   787   901 I InputDispatcher: Delivering touch to: action: 0x0, toolType: 0
12-12 20:47:33.074   787   901 I InputDispatcher: Delivering touch to: action: 0x1, toolType: 0
12-12 20:47:33.084  1435  1435 I MultiWindowTrayInfo: getAppCnt
12-12 20:47:33.084  1435  1435 I MultiWindowTrayInfo: getAppCnt
12-12 20:47:33.084  1435  1435 I MultiWindowTrayInfo: getAppCnt
12-12 20:47:33.094  1435  1435 I MultiWindowTrayInfo: makeInstancebadgeForGridView
12-12 20:47:33.094  1435  1435 I MultiWindowTrayInfo: getAppCnt
12-12 20:47:33.094  1435  1435 I MultiWindowTrayInfo: makeInstancebadgeForGridView
12-12 20:47:33.094  1435  1435 I MultiWindowTrayInfo: makeInstancebadgeForGridView
12-12 20:47:33.104  1435  1435 I MultiWindowTrayInfo: makeInstancebadgeForGridView
12-12 20:47:33.104  1435  1435 I MultiWindowTrayInfo: makeInstancebadgeForGridView
12-12 20:47:33.114  1435  1435 I MultiWindowTrayInfo: makeInstancebadgeForGridView
12-12 20:47:33.114  1435  1435 I MultiWindowTrayInfo: makeInstancebadgeForGridView
12-12 20:47:33.114  1435  1435 I MultiWindowTrayInfo: makeInstancebadgeForGridView
12-12 20:47:33.124  1435  1435 I MultiWindowTrayInfo: makeInstancebadgeForGridView
12-12 20:47:33.124  1435  1435 I MultiWindowTrayInfo: makeInstancebadgeForGridView
12-12 20:47:33.124   787   901 I InputDispatcher: Delivering touch to: action: 0x4, toolType: 0
12-12 20:47:33.124   787   901 I InputDispatcher: Delivering touch to: action: 0x4, toolType: 0
12-12 20:47:33.124   787   901 I InputDispatcher: Delivering touch to: action: 0x0, toolType: 0
12-12 20:47:33.134   787   901 I InputDispatcher: Delivering touch to: action: 0x1, toolType: 0
12-12 20:47:33.134  1435  1435 I MultiWindowTrayInfo: makeInstancebadgeForGridView
12-12 20:47:33.134  1435  1435 I MultiWindowTrayInfo: makeInstancebadgeForGridView
12-12 20:47:33.144  1435  1435 I MultiWindowTrayInfo: makeInstancebadgeForGridView
12-12 20:47:33.154  1435  1435 I MultiWindowTrayInfo: makeInstancebadgeForGridView
12-12 20:47:33.184   787   901 I InputDispatcher: Delivering touch to: action: 0x4, toolType: 0
12-12 20:47:33.184   787   901 I InputDispatcher: Delivering touch to: action: 0x4, toolType: 0
12-12 20:47:33.184   787   901 I InputDispatcher: Delivering touch to: action: 0x0, toolType: 0
12-12 20:47:33.194 13414 13414 I SELinux : Function: selinux_android_load_priority [0], There is no sepolicy file.
12-12 20:47:33.194 13414 13414 I SELinux :  
12-12 20:47:33.194 13414 13414 I SELinux : Function: selinux_android_load_priority [1], There is no sepolicy version file.
12-12 20:47:33.194 13414 13414 I SELinux :  
12-12 20:47:33.194 13414 13414 I SELinux : Function: selinux_android_load_priority , priority version is VE=SEPF_SM-T530NU_4.4.2_0028
12-12 20:47:33.194 13414 13414 I SELinux :  
12-12 20:47:33.194 13414 13414 I SELinux :  
12-12 20:47:33.194 13414 13414 I SELinux : selinux_android_seapp_context_reload: seapp_contexts file is loaded from /seapp_contexts
12-12 20:47:33.194   787   901 I InputDispatcher: Delivering touch to: action: 0x1, toolType: 0
12-12 20:47:33.204   787   951 I ActivityManager: Killing 12690:com.google.android.talk/u0a91 (adj 15): empty #31
12-12 20:47:33.234   242   242 D dalvikvm: GC_EXPLICIT freed 45K, 66% free 4881K/14092K, paused 2ms+3ms, total 32ms
12-12 20:47:33.254   787   901 I InputDispatcher: Delivering touch to: action: 0x4, toolType: 0
12-12 20:47:33.254   787   901 I InputDispatcher: Delivering touch to: action: 0x4, toolType: 0
12-12 20:47:33.254   787   901 I InputDispatcher: Delivering touch to: action: 0x0, toolType: 0
12-12 20:47:33.254   242   242 D dalvikvm: GC_EXPLICIT freed <1K, 66% free 4881K/14092K, paused 2ms+3ms, total 23ms
12-12 20:47:33.254   787   901 I InputDispatcher: Delivering touch to: action: 0x1, toolType: 0
12-12 20:47:33.274   242   242 D dalvikvm: GC_EXPLICIT freed <1K, 66% free 4881K/14092K, paused 2ms+3ms, total 24ms
12-12 20:47:33.314   787   901 I InputDispatcher: Delivering touch to: action: 0x4, toolType: 0
12-12 20:47:33.314   787   901 I InputDispatcher: Delivering touch to: action: 0x4, toolType: 0
12-12 20:47:33.314   787   901 I InputDispatcher: Delivering touch to: action: 0x0, toolType: 0
12-12 20:47:33.334   787   901 I InputDispatcher: Delivering touch to: action: 0x1, toolType: 0
12-12 20:47:33.344  2185  2189 D dalvikvm: GC_CONCURRENT freed 1555K, 55% free 6468K/14092K, paused 3ms+3ms, total 56ms
12-12 20:47:33.374 13414 13414 D MagazineCardManager: MagazineCardManager
12-12 20:47:33.384   787   901 I InputDispatcher: Delivering touch to: action: 0x4, toolType: 0
12-12 20:47:33.384   787   901 I InputDispatcher: Delivering touch to: action: 0x4, toolType: 0
12-12 20:47:33.384   787   901 I InputDispatcher: Delivering touch to: action: 0x0, toolType: 0
12-12 20:47:33.394   787   901 I InputDispatcher: Delivering touch to: action: 0x1, toolType: 0
12-12 20:47:33.394   991   991 D STATUSBAR-NetworkController: refreshSignalCluster - setNWBoosterIndicators(false)
12-12 20:47:33.394   991   991 D STATUSBAR-NetworkController: refreshSignalCluster: data=-1 bt=false
12-12 20:47:33.424   991   991 D STATUSBAR-IconMerger: checkOverflow(1036), More:false, Req:false Child:4
12-12 20:47:33.444   787   901 I InputDispatcher: Delivering touch to: action: 0x4, toolType: 0
12-12 20:47:33.444   787   901 I InputDispatcher: Delivering touch to: action: 0x4, toolType: 0
12-12 20:47:33.444   787   901 I InputDispatcher: Delivering touch to: action: 0x0, toolType: 0
12-12 20:47:33.454   787   901 I InputDispatcher: Delivering touch to: action: 0x1, toolType: 0
12-12 20:47:33.454  1300  1300 D SamsungIME: onStartInputView
12-12 20:47:33.464 11728 13437 I IcingInternalCorpora: Received calendar change notification.
12-12 20:47:33.504   787   901 I InputDispatcher: Delivering touch to: action: 0x4, toolType: 0
12-12 20:47:33.504   787   901 I InputDispatcher: Delivering touch to: action: 0x4, toolType: 0
12-12 20:47:33.504   787   901 I InputDispatcher: Delivering touch to: action: 0x0, toolType: 0
12-12 20:47:33.504  1300  1300 I SamsungIME: getDebugLevel  : 0x4f4c
12-12 20:47:33.504   787   901 I InputDispatcher: Delivering touch to: action: 0x1, toolType: 0
12-12 20:47:33.504  1300  1300 W ContextImpl: Calling a method in the system process without a qualified user: android.app.ContextImpl.sendBroadcast:1509 android.content.ContextWrapper.sendBroadcast:377 com.diotek.ime.framework.common.InputManagerImpl.sendInputLanguage:9353 com.diotek.ime.framework.common.InputManagerImpl.initDefaultLanguage:4901 com.diotek.ime.framework.common.InputManagerImpl.initSelectedLanguage:5143 
12-12 20:47:33.514   241   241 I SurfaceFlinger: id=30 createSurf (1x1),1 flag=4, QopupWindow
12-12 20:47:33.534  1300  1300 I SamsungIME: getDebugLevel  : 0x4f4c
12-12 20:47:33.564  1300  1300 I SamsungIME: KeybaordView init() : load resources
12-12 20:47:33.574   787   901 I InputDispatcher: Delivering touch to: action: 0x4, toolType: 0
12-12 20:47:33.574   787   901 I InputDispatcher: Delivering touch to: action: 0x4, toolType: 0
12-12 20:47:33.574   787   901 I InputDispatcher: Delivering touch to: action: 0x0, toolType: 0
12-12 20:47:33.574   787   901 I InputDispatcher: Delivering touch to: action: 0x1, toolType: 0
12-12 20:47:33.604 13414 13432 D MagazineCardManager: MagazineCardManager
12-12 20:47:33.604 13414 13432 D MagazineCardManager: removeAllCard : calendar U0
12-12 20:47:33.604   787   951 D MagazineCardManagerService: removeAllCard
12-12 20:47:33.614  1300  1300 I SamsungIME: getCurrentKeyboard
12-12 20:47:33.614  1300  1300 I SamsungIME: getTextKeyboard
12-12 20:47:33.614  2185  2185 D Finsky  : [1] 5.onFinished: Installation state replication succeeded.
12-12 20:47:33.624   787  3278 I ActivityManager: Killing 12119:com.google.android.youtube/u0a157 (adj 15): empty #31
12-12 20:47:33.634  1300  1300 D SamsungIME: [SwiftkeyWrapper] currentLangauge : 1701729619
12-12 20:47:33.634  1300  1300 D SamsungIME: [AbstractKeyboardView] onDetachedFromWindow.
12-12 20:47:33.644   787   901 I InputDispatcher: Delivering touch to: action: 0x4, toolType: 0
12-12 20:47:33.644   787   901 I InputDispatcher: Delivering touch to: action: 0x4, toolType: 0
12-12 20:47:33.644   787   901 I InputDispatcher: Delivering touch to: action: 0x0, toolType: 0
12-12 20:47:33.644  1300  1300 D SamsungIME: Magnification Enabled = false
12-12 20:47:33.644  1300  1300 D SamsungIME: [AbstractKeyboardView] onDetachedFromWindow.
12-12 20:47:33.644  1300  1300 I SamsungIME: getCurrentKeyboard
12-12 20:47:33.644  1300  1300 I SamsungIME: getTextKeyboard
12-12 20:47:33.674   787   901 I InputDispatcher: Delivering touch to: action: 0x1, toolType: 0
12-12 20:47:33.674  1300  1300 D SamsungIME: [SwiftkeyWrapper] currentLangauge : 1701729619
12-12 20:47:33.674  1300  1300 D SamsungIME: Magnification Enabled = false
12-12 20:47:33.684  1300  1300 D SamsungIME: Dismiss ExpandCandiate
12-12 20:47:33.684  1300  1300 W ContextImpl: Calling a method in the system process without a qualified user: android.app.ContextImpl.sendBroadcast:1509 android.content.ContextWrapper.sendBroadcast:377 com.diotek.ime.framework.common.InputManagerImpl.sendInputLanguage:9353 com.diotek.ime.framework.common.InputManagerImpl.setLanguage:5477 com.diotek.ime.framework.common.InputManagerImpl.startInputViewContinue:3348 
12-12 20:47:33.694  1300  1300 D SamsungIME: Dismiss ExpandCandiate
12-12 20:47:33.694  1300  1300 D SamsungIME: Dismiss ExpandCandiate
12-12 20:47:33.694  1300  1300 I SamsungIME: getCurrentKeyboard
12-12 20:47:33.694  1300  1300 I SamsungIME: getTextKeyboard
12-12 20:47:33.704   787   887 D PackageManager: [MSG] WRITE_PACKAGE_RESTRICTIONS
12-12 20:47:33.704  1300  1300 D SamsungIME: [SwiftkeyWrapper] currentLangauge : 1701729619
12-12 20:47:33.704  1300  1300 D SamsungIME: Dismiss ExpandCandiate
12-12 20:47:33.714  1300  1300 I SamsungIME: [IMI] startInputView - caller pid : 13215, caller uid : 13112
12-12 20:47:33.714  1300  1300 D SamsungIME: onWindowShown
12-12 20:47:33.714  1300  1300 W ContextImpl: Calling a method in the system process without a qualified user: android.app.ContextImpl.sendBroadcast:1509 android.content.ContextWrapper.sendBroadcast:377 android.inputmethodservice.InputMethodService.sendInputViewShownState:539 android.inputmethodservice.InputMethodService.showWindow:2161 android.inputmethodservice.InputMethodService$InputMethodImpl.showSoftInput:716 
12-12 20:47:33.734   787   901 I InputDispatcher: Delivering touch to: action: 0x4, toolType: 0
12-12 20:47:33.734   787   901 I InputDispatcher: Delivering touch to: action: 0x4, toolType: 0
12-12 20:47:33.734   787   901 I InputDispatcher: Delivering touch to: action: 0x0, toolType: 0
12-12 20:47:33.744   787  1784 D SSRMv2:TSP:AirViewOnOff: DeviceInfo:: 00000000000
12-12 20:47:33.754   787  1784 D SSRMv2:TSP:AirViewOnOff: SettingsAirViewInfo:: 000000000
12-12 20:47:33.754   787   901 I InputDispatcher: Delivering touch to: action: 0x1, toolType: 0
12-12 20:47:33.754   787   787 W ContextImpl: Calling a method in the system process without a qualified user: android.app.ContextImpl.sendBroadcast:1523 com.android.server.StatusBarManagerService.sendNotification:981 com.android.server.StatusBarManagerService.addNotification:670 com.android.server.NotificationManagerService$7.run:2142 android.os.Handler.handleCallback:733 
12-12 20:47:33.764   787   787 D STATUSBAR-StatusBarManagerService: sendNotification(1) - 17041255
12-12 20:47:33.764   241   241 I SurfaceFlinger: id=31 createSurf (1280x503),1 flag=4, JnputMethod
12-12 20:47:33.774 10823 10823 D com.samsung.app: [AccuTab_Magagine]>>> WC:42 [0:0] action : comandroidserverNotificationManagerServiceNotificationArrived
12-12 20:47:33.774 10823 10823 D com.samsung.app: [AccuTab_Magagine]>>> WC:55 [0:0] settings CT : androidappReceiverRestrictedContext@42049bf0
12-12 20:47:33.774 10823 10823 D com.samsung.app: [AccuTab_Magagine]>>> UIM:146 [0:0] setContext
12-12 20:47:33.774 10823 10823 D com.samsung.app: [AccuTab_Magagine]>>> UIM:227 [0:0] The widget does not exist in idle!!
12-12 20:47:33.774   991   991 D ProgressBar: setProgressDrawable drawableHeight = 7
12-12 20:47:33.784   991   991 D PhoneStatusBar: tick(): knoxCustomManager = android.app.enterprise.knoxcustom.KnoxCustomManager@41d4da00
12-12 20:47:33.794   991   991 D STATUSBAR-IconMerger: checkOverflow(1036), More:false, Req:false Child:5
12-12 20:47:33.814   787   901 I InputDispatcher: Delivering touch to: action: 0x4, toolType: 0
12-12 20:47:33.814   787   901 I InputDispatcher: Delivering touch to: action: 0x4, toolType: 0
12-12 20:47:33.814   787   901 I InputDispatcher: Delivering touch to: action: 0x0, toolType: 0
12-12 20:47:33.824   787   901 I InputDispatcher: Delivering touch to: action: 0x1, toolType: 0
12-12 20:47:33.824   787   863 D SensorService:   0.1 -0.1 9.8
12-12 20:47:33.864  1300  1300 D dalvikvm: GC_FOR_ALLOC freed 2339K, 48% free 7366K/14092K, paused 59ms, total 59ms
12-12 20:47:33.874  1300  1300 I SamsungIME: drawAllKey
12-12 20:47:33.894   787   901 I InputDispatcher: Delivering touch to: action: 0x4, toolType: 0
12-12 20:47:33.894   787   901 I InputDispatcher: Delivering touch to: action: 0x4, toolType: 0
12-12 20:47:33.894   787   901 I InputDispatcher: Delivering touch to: action: 0x0, toolType: 0
12-12 20:47:33.904   787   901 I InputDispatcher: Delivering touch to: action: 0x1, toolType: 0
12-12 20:47:33.954  1300  1304 D dalvikvm: GC_CONCURRENT freed 88K, 35% free 9226K/14092K, paused 3ms+3ms, total 29ms
12-12 20:47:33.954   787   901 I InputDispatcher: Delivering touch to: action: 0x4, toolType: 0
12-12 20:47:33.954   787   901 I InputDispatcher: Delivering touch to: action: 0x4, toolType: 0
12-12 20:47:33.954   787   901 I InputDispatcher: Delivering touch to: action: 0x0, toolType: 0
12-12 20:47:33.954   787   901 D PowerManagerService: [api] userActivityFromNative : 20 (event: 2 flags: 0)
12-12 20:47:33.964   787   901 I InputDispatcher: Delivering touch to: action: 0x1, toolType: 0
12-12 20:47:34.024   787  1215 W ActivityManager: mDVFSHelper.acquire()
12-12 20:47:34.084   787   901 I InputDispatcher: Delivering touch to: action: 0x4, toolType: 0
12-12 20:47:34.084   787   901 I InputDispatcher: Delivering touch to: action: 0x4, toolType: 0
12-12 20:47:34.084   787   901 I InputDispatcher: Delivering touch to: action: 0x0, toolType: 0
12-12 20:47:34.084   787   901 I InputDispatcher: Delivering touch to: action: 0x1, toolType: 0
12-12 20:47:34.134   787   901 I InputDispatcher: Delivering touch to: action: 0x4, toolType: 0
12-12 20:47:34.134   787   901 I InputDispatcher: Delivering touch to: action: 0x4, toolType: 0
12-12 20:47:34.134   787   901 I InputDispatcher: Delivering touch to: action: 0x0, toolType: 0
12-12 20:47:34.144   787   901 I InputDispatcher: Delivering touch to: action: 0x1, toolType: 0
12-12 20:47:34.164   787   875 W ActivityManager: mDVFSHelper.release()
12-12 20:47:34.194   787   901 I InputDispatcher: Delivering touch to: action: 0x0, toolType: 0
12-12 20:47:34.204   787   901 I InputDispatcher: Delivering touch to: action: 0x1, toolType: 0
12-12 20:47:34.214   991   991 V PanelView: animationTick called with dtms=0; nothing to do (h=0.0 v=-0.0)
12-12 20:47:34.254   787   901 I InputDispatcher: Delivering touch to: action: 0x4, toolType: 0
12-12 20:47:34.254   787   901 I InputDispatcher: Delivering touch to: action: 0x4, toolType: 0
12-12 20:47:34.254   787   901 I InputDispatcher: Delivering touch to: action: 0x0, toolType: 0
12-12 20:47:34.264   787   901 I InputDispatcher: Delivering touch to: action: 0x1, toolType: 0
12-12 20:47:34.294   241 13243 I SurfaceFlinger: id=30 Removed QopupWindow (10/13)
12-12 20:47:34.294   241   466 I SurfaceFlinger: id=30 Removed QopupWindow (-2/13)
12-12 20:47:34.294   787  1094 E Watchdog: !@Sync 264
12-12 20:47:34.314   787   901 I InputDispatcher: Delivering touch to: action: 0x4, toolType: 0
12-12 20:47:34.314   787   901 I InputDispatcher: Delivering touch to: action: 0x4, toolType: 0
12-12 20:47:34.314   787   901 I InputDispatcher: Delivering touch to: action: 0x0, toolType: 0
12-12 20:47:34.324   787   901 I InputDispatcher: Delivering touch to: action: 0x1, toolType: 0
12-12 20:47:34.374   787  1245 W ActivityManager: mDVFSHelper.acquire()
12-12 20:47:34.404   991   991 D STATUSBAR-NetworkController: refreshSignalCluster - setNWBoosterIndicators(false)
12-12 20:47:34.404   991   991 D STATUSBAR-NetworkController: refreshSignalCluster: data=-1 bt=false
12-12 20:47:34.414   991   991 D STATUSBAR-IconMerger: checkOverflow(1036), More:false, Req:false Child:5
12-12 20:47:34.434   787   901 I InputDispatcher: Delivering touch to: action: 0x4, toolType: 0
12-12 20:47:34.434   787   901 I InputDispatcher: Delivering touch to: action: 0x4, toolType: 0
12-12 20:47:34.434   787   901 I InputDispatcher: Delivering touch to: action: 0x0, toolType: 0
12-12 20:47:34.434   787   901 I InputDispatcher: Delivering touch to: action: 0x1, toolType: 0
12-12 20:47:34.484   787   901 I InputDispatcher: Delivering touch to: action: 0x4, toolType: 0
12-12 20:47:34.484   787   901 I InputDispatcher: Delivering touch to: action: 0x4, toolType: 0
12-12 20:47:34.484   787   901 I InputDispatcher: Delivering touch to: action: 0x0, toolType: 0
12-12 20:47:34.494   787   901 I InputDispatcher: Delivering touch to: action: 0x1, toolType: 0
12-12 20:47:34.554   787   901 I InputDispatcher: Delivering touch to: action: 0x4, toolType: 0
12-12 20:47:34.554   787   901 I InputDispatcher: Delivering touch to: action: 0x4, toolType: 0
12-12 20:47:34.554   787   901 I InputDispatcher: Delivering touch to: action: 0x0, toolType: 0
12-12 20:47:34.574   787   901 I InputDispatcher: Delivering touch to: action: 0x1, toolType: 0
12-12 20:47:34.624   787   901 I InputDispatcher: Delivering touch to: action: 0x4, toolType: 0
12-12 20:47:34.634   787   901 I InputDispatcher: Delivering touch to: action: 0x4, toolType: 0
12-12 20:47:34.634   787   901 I InputDispatcher: Delivering touch to: action: 0x0, toolType: 0
12-12 20:47:34.634   787   901 I InputDispatcher: Delivering touch to: action: 0x1, toolType: 0
12-12 20:47:34.684   787   901 I InputDispatcher: Delivering touch to: action: 0x4, toolType: 0
12-12 20:47:34.684   787   901 I InputDispatcher: Delivering touch to: action: 0x4, toolType: 0
12-12 20:47:34.684   787   901 I InputDispatcher: Delivering touch to: action: 0x0, toolType: 0
12-12 20:47:34.724   787   901 I InputDispatcher: Delivering touch to: action: 0x1, toolType: 0
12-12 20:47:34.784   787  1060 W ActivityManager: mDVFSHelper.acquire()
12-12 20:47:34.834   787   901 I InputDispatcher: Delivering touch to: action: 0x4, toolType: 0
12-12 20:47:34.834   787   901 I InputDispatcher: Delivering touch to: action: 0x4, toolType: 0
12-12 20:47:34.834   787   901 I InputDispatcher: Delivering touch to: action: 0x0, toolType: 0
12-12 20:47:34.844   787   901 I InputDispatcher: Delivering touch to: action: 0x1, toolType: 0
12-12 20:47:34.894   787   901 I InputDispatcher: Delivering touch to: action: 0x4, toolType: 0
12-12 20:47:34.894   787   901 I InputDispatcher: Delivering touch to: action: 0x4, toolType: 0
12-12 20:47:34.894   787   901 I InputDispatcher: Delivering touch to: action: 0x0, toolType: 0
12-12 20:47:34.904   787   901 I InputDispatcher: Delivering touch to: action: 0x1, toolType: 0
12-12 20:47:34.954   787   901 I InputDispatcher: Delivering touch to: action: 0x4, toolType: 0
12-12 20:47:34.954   787   901 I InputDispatcher: Delivering touch to: action: 0x4, toolType: 0
12-12 20:47:34.954   787   901 I InputDispatcher: Delivering touch to: action: 0x0, toolType: 0
12-12 20:47:34.954   787   901 I InputDispatcher: Delivering touch to: action: 0x1, toolType: 0
12-12 20:47:35.004   787   901 I InputDispatcher: Delivering touch to: action: 0x4, toolType: 0
12-12 20:47:35.004   787   901 I InputDispatcher: Delivering touch to: action: 0x4, toolType: 0
12-12 20:47:35.004   787   901 I InputDispatcher: Delivering touch to: action: 0x0, toolType: 0
12-12 20:47:35.004   787   901 I InputDispatcher: Delivering touch to: action: 0x1, toolType: 0
12-12 20:47:35.034   344 13453 I framebuffer: /data/system/enterprise.conf doesn't exist or cannot be opened
12-12 20:47:35.064   787   901 I InputDispatcher: Delivering touch to: action: 0x4, toolType: 0
12-12 20:47:35.064   787   901 I InputDispatcher: Delivering touch to: action: 0x4, toolType: 0
12-12 20:47:35.064   787   901 I InputDispatcher: Delivering touch to: action: 0x0, toolType: 0
12-12 20:47:35.064   787   901 I InputDispatcher: Delivering touch to: action: 0x1, toolType: 0
12-12 20:47:35.094   787  1216 I EDMNativeHelperService: isScreenCaptureEnabled
12-12 20:47:35.114   787   901 I InputDispatcher: Delivering touch to: action: 0x4, toolType: 0
12-12 20:47:35.114   787   901 I InputDispatcher: Delivering touch to: action: 0x4, toolType: 0
12-12 20:47:35.114   787   901 I InputDispatcher: Delivering touch to: action: 0x0, toolType: 0
12-12 20:47:35.124   787   901 I InputDispatcher: Delivering touch to: action: 0x1, toolType: 0
12-12 20:47:35.164   787   787 D CustomFrequencyManagerService: FrequencyrequestList.getNextMaxCPUCoreRequest, index: 0
12-12 20:47:35.174   787   901 I InputDispatcher: Delivering touch to: action: 0x4, toolType: 0
12-12 20:47:35.174   787   901 I InputDispatcher: Delivering touch to: action: 0x4, toolType: 0
12-12 20:47:35.174   787   901 I InputDispatcher: Delivering touch to: action: 0x0, toolType: 0
12-12 20:47:35.184   787   901 I InputDispatcher: Delivering touch to: action: 0x1, toolType: 0
12-12 20:47:35.234   787  3280 W ActivityManager: mDVFSHelper.acquire()
12-12 20:47:35.284   787   901 I InputDispatcher: Delivering touch to: action: 0x4, toolType: 0
12-12 20:47:35.284   787   901 I InputDispatcher: Delivering touch to: action: 0x4, toolType: 0
12-12 20:47:35.284   787   901 I InputDispatcher: Delivering touch to: action: 0x0, toolType: 0
12-12 20:47:35.294   787   901 I InputDispatcher: Delivering touch to: action: 0x1, toolType: 0
12-12 20:47:35.344   787  1166 W ActivityManager: mDVFSHelper.acquire()
12-12 20:47:35.404   991   991 D STATUSBAR-NetworkController: refreshSignalCluster - setNWBoosterIndicators(false)
12-12 20:47:35.404   787   901 I InputDispatcher: Delivering touch to: action: 0x4, toolType: 0
12-12 20:47:35.404   787   901 I InputDispatcher: Delivering touch to: action: 0x4, toolType: 0
12-12 20:47:35.404   787   901 I InputDispatcher: Delivering touch to: action: 0x0, toolType: 0
12-12 20:47:35.404   991   991 D STATUSBAR-NetworkController: refreshSignalCluster: data=-1 bt=false
12-12 20:47:35.414   787   901 I InputDispatcher: Delivering touch to: action: 0x1, toolType: 0
12-12 20:47:35.414   991   991 D STATUSBAR-IconMerger: checkOverflow(1036), More:false, Req:false Child:5
12-12 20:47:35.464   787   901 I InputDispatcher: Delivering touch to: action: 0x4, toolType: 0
12-12 20:47:35.464   787   901 I InputDispatcher: Delivering touch to: action: 0x4, toolType: 0
12-12 20:47:35.464   787   901 I InputDispatcher: Delivering touch to: action: 0x0, toolType: 0
12-12 20:47:35.484   787   901 I InputDispatcher: Delivering touch to: action: 0x1, toolType: 0
12-12 20:47:35.534   787  1165 W ActivityManager: mDVFSHelper.acquire()
12-12 20:47:35.594   787   901 I InputDispatcher: Delivering touch to: action: 0x4, toolType: 0
12-12 20:47:35.594   787   901 I InputDispatcher: Delivering touch to: action: 0x4, toolType: 0
12-12 20:47:35.594   787   901 I InputDispatcher: Delivering touch to: action: 0x0, toolType: 0
12-12 20:47:35.594   787   901 I InputDispatcher: Delivering touch to: action: 0x1, toolType: 0
12-12 20:47:35.654   787   901 I InputDispatcher: Delivering touch to: action: 0x4, toolType: 0
12-12 20:47:35.654   787   901 I InputDispatcher: Delivering touch to: action: 0x4, toolType: 0
12-12 20:47:35.654   787   901 I InputDispatcher: Delivering touch to: action: 0x0, toolType: 0
12-12 20:47:35.684   787   901 I InputDispatcher: Delivering touch to: action: 0x1, toolType: 0
12-12 20:47:35.734   787   901 I InputDispatcher: Delivering touch to: action: 0x4, toolType: 0
12-12 20:47:35.734   787   901 I InputDispatcher: Delivering touch to: action: 0x4, toolType: 0
12-12 20:47:35.734   787   901 I InputDispatcher: Delivering touch to: action: 0x0, toolType: 0
12-12 20:47:35.744   787   901 I InputDispatcher: Delivering touch to: action: 0x1, toolType: 0
12-12 20:47:35.804   787  3279 W ActivityManager: mDVFSHelper.acquire()
12-12 20:47:35.854   787   901 I InputDispatcher: Delivering touch to: action: 0x4, toolType: 0
12-12 20:47:35.854   787   901 I InputDispatcher: Delivering touch to: action: 0x4, toolType: 0
12-12 20:47:35.854   787   901 I InputDispatcher: Delivering touch to: action: 0x0, toolType: 0
12-12 20:47:35.864   787   901 I InputDispatcher: Delivering touch to: action: 0x1, toolType: 0
12-12 20:47:35.914   787   797 W ActivityManager: mDVFSHelper.acquire()
12-12 20:47:35.974   787   901 I InputDispatcher: Delivering touch to: action: 0x4, toolType: 0
12-12 20:47:35.974   787   901 I InputDispatcher: Delivering touch to: action: 0x4, toolType: 0
12-12 20:47:35.974   787   901 I InputDispatcher: Delivering touch to: action: 0x0, toolType: 0
12-12 20:47:35.984   787   901 I InputDispatcher: Delivering touch to: action: 0x1, toolType: 0
12-12 20:47:36.034   787  1231 W ActivityManager: mDVFSHelper.acquire()
12-12 20:47:36.094   787  1246 W ActivityManager: mDVFSHelper.acquire()
12-12 20:47:36.144   787   901 I InputDispatcher: Delivering touch to: action: 0x4, toolType: 0
12-12 20:47:36.144   787   901 I InputDispatcher: Delivering touch to: action: 0x4, toolType: 0
12-12 20:47:36.144   787   901 I InputDispatcher: Delivering touch to: action: 0x0, toolType: 0
12-12 20:47:36.154   787   901 I InputDispatcher: Delivering touch to: action: 0x1, toolType: 0
12-12 20:47:36.174   787  1165 I SpenGestureManager: setFocusWindow0
12-12 20:47:36.174   787   867 D PointerIcon: setMouseIconStyle1 pointerType: 1001iconType:101 flag:0
12-12 20:47:36.174   787   867 D PointerIcon: setMouseCustomIcon IconType is same.101
12-12 20:47:36.204   787   901 I InputDispatcher: Delivering touch to: action: 0x4, toolType: 0
12-12 20:47:36.204   787   901 I InputDispatcher: Delivering touch to: action: 0x4, toolType: 0
12-12 20:47:36.204   787   901 I InputDispatcher: Delivering touch to: action: 0x0, toolType: 0
12-12 20:47:36.214   241   241 I SurfaceFlinger: id=32 createSurf (1x1),1 flag=4, NainActivit
12-12 20:47:36.244   787   901 I InputDispatcher: Delivering touch to: action: 0x1, toolType: 0
12-12 20:47:36.254 11728 12421 I AuthChimeraService: Executing request: ProxyRequest[ url: https://www.googleapis.com/identitytoolkit/v3/relyingparty/signupNewUser?alt=proto&key=AIzaSyAlPR096sOohVB9d0xuRCe1M34wBO-crBA, method: 1 ]
12-12 20:47:36.304   787   901 I InputDispatcher: Delivering touch to: action: 0x4, toolType: 0
12-12 20:47:36.304   787   901 I InputDispatcher: Delivering touch to: action: 0x4, toolType: 0
12-12 20:47:36.304   787   901 I InputDispatcher: Delivering touch to: action: 0x0, toolType: 0
12-12 20:47:36.304   787   901 I InputDispatcher: Delivering touch to: action: 0x1, toolType: 0
12-12 20:47:36.314   787  3279 I SpenGestureManager: setFocusWindow21010
12-12 20:47:36.334   787   867 D PointerIcon: setMouseIconStyle1 pointerType: 1001iconType:101 flag:0
12-12 20:47:36.334   787   867 D PointerIcon: setMouseCustomIcon IconType is same.101
12-12 20:47:36.334 13215 13215 W InputEventReceiver: Attempted to finish an input event but the input event receiver has already been disposed.
12-12 20:47:36.334 13215 13215 W InputEventReceiver: Attempted to finish an input event but the input event receiver has already been disposed.
12-12 20:47:36.334 13215 13215 W ViewRootImpl: Dropping event due to root view being removed: MotionEvent { action=ACTION_UP, id[0]=0, x[0]=-168.75871, y[0]=-321.8239, toolType[0]=TOOL_TYPE_UNKNOWN, buttonState=0, metaState=0, flags=0x0, edgeFlags=0x0, pointerCount=1, historySize=0, eventTime=7944123, downTime=7944121, deviceId=0, source=0x1002 }
12-12 20:47:36.344   787   798 W LicenseLogService: log() failed
12-12 20:47:36.344 13215 13215 E ViewRootImpl: sendUserActionEvent() mView == null
12-12 20:47:36.344   787   798 W InputMethodManagerService: Window already focused, ignoring focus gain of: com.android.internal.view.IInputMethodClient$Stub$Proxy@4307a4a8 attribute=null, token = android.os.BinderProxy@42a1a548
12-12 20:47:36.364   787   901 I InputDispatcher: Delivering touch to: action: 0x0, toolType: 0
12-12 20:47:36.364   787   901 I InputDispatcher: Delivering touch to: action: 0x1, toolType: 0
12-12 20:47:36.374   991   991 V PanelView: animationTick called with dtms=0; nothing to do (h=0.0 v=-0.0)
12-12 20:47:36.374   991   991 V PanelView: animationTick called with dtms=0; nothing to do (h=0.0 v=-0.0)
12-12 20:47:36.404   991   991 D STATUSBAR-NetworkController: refreshSignalCluster - setNWBoosterIndicators(false)
12-12 20:47:36.404   991   991 D STATUSBAR-NetworkController: refreshSignalCluster: data=-1 bt=false
12-12 20:47:36.424   787   901 I InputDispatcher: Delivering touch to: action: 0x4, toolType: 0
12-12 20:47:36.424   787   901 I InputDispatcher: Delivering touch to: action: 0x4, toolType: 0
12-12 20:47:36.424   787   901 I InputDispatcher: Delivering touch to: action: 0x0, toolType: 0
12-12 20:47:36.424   991   991 D STATUSBAR-IconMerger: checkOverflow(1036), More:false, Req:false Child:5
12-12 20:47:36.444   787   901 I InputDispatcher: Delivering touch to: action: 0x1, toolType: 0
12-12 20:47:36.494   787   901 I InputDispatcher: Delivering touch to: action: 0x4, toolType: 0
