12-12 20:47:26.494   787   901 I InputDispatcher: Delivering touch to: action: 0x0, toolType: 0
12-12 20:47:26.494   787   901 I InputDispatcher: Delivering touch to: action: 0x1, toolType: 0
12-12 20:47:26.544   787   901 I InputDispatcher: Delivering touch to: action: 0x0, toolType: 0
12-12 20:47:26.554   787   901 I InputDispatcher: Delivering touch to: action: 0x1, toolType: 0
12-12 20:47:26.564   991   991 V PanelView: animationTick called with dtms=0; nothing to do (h=0.0 v=-0.0)
12-12 20:47:26.604   787   901 I InputDispatcher: Delivering touch to: action: 0x4, toolType: 0
12-12 20:47:26.604   787   901 I InputDispatcher: Delivering touch to: action: 0x4, toolType: 0
12-12 20:47:26.604   787   901 I InputDispatcher: Delivering touch to: action: 0x0, toolType: 0
12-12 20:47:26.604   787   875 W ActivityManager: mDVFSHelper.release()
12-12 20:47:26.614   787   901 I InputDispatcher: Delivering touch to: action: 0x1, toolType: 0
12-12 20:47:26.664   787   901 I InputDispatcher: Delivering touch to: action: 0x4, toolType: 0
12-12 20:47:26.664   787   901 I InputDispatcher: Delivering touch to: action: 0x4, toolType: 0
12-12 20:47:26.664   787   901 I InputDispatcher: Delivering touch to: action: 0x0, toolType: 0
12-12 20:47:26.664   787   901 I InputDispatcher: Delivering touch to: action: 0x1, toolType: 0
12-12 20:47:26.714   787   901 I InputDispatcher: Delivering touch to: action: 0x4, toolType: 0
12-12 20:47:26.714   787   901 I InputDispatcher: Delivering touch to: action: 0x4, toolType: 0
12-12 20:47:26.714   787   901 I InputDispatcher: Delivering touch to: action: 0x0, toolType: 0
12-12 20:47:26.724   787   901 I InputDispatcher: Delivering touch to: action: 0x1, toolType: 0
12-12 20:47:26.774   787   901 I InputDispatcher: Delivering touch to: action: 0x4, toolType: 0
12-12 20:47:26.774   787   901 I InputDispatcher: Delivering touch to: action: 0x4, toolType: 0
12-12 20:47:26.774   787   901 I InputDispatcher: Delivering touch to: action: 0x0, toolType: 0
12-12 20:47:26.774   787   901 I InputDispatcher: Delivering touch to: action: 0x1, toolType: 0
12-12 20:47:26.834   787   901 I InputDispatcher: Delivering touch to: action: 0x4, toolType: 0
12-12 20:47:26.834   787   901 I InputDispatcher: Delivering touch to: action: 0x4, toolType: 0
12-12 20:47:26.834   787   901 I InputDispatcher: Delivering touch to: action: 0x0, toolType: 0
12-12 20:47:26.844   787   901 I InputDispatcher: Delivering touch to: action: 0x1, toolType: 0
12-12 20:47:26.894   787   901 I InputDispatcher: Delivering touch to: action: 0x4, toolType: 0
12-12 20:47:26.894   787   901 I InputDispatcher: Delivering touch to: action: 0x4, toolType: 0
12-12 20:47:26.894   787   901 I InputDispatcher: Delivering touch to: action: 0x0, toolType: 0
12-12 20:47:26.904   787   901 I InputDispatcher: Delivering touch to: action: 0x1, toolType: 0
12-12 20:47:26.914   787   887 D PackageManager: [MSG] MCS_UNBIND
12-12 20:47:26.914   787   887 I PackageManager: calling disconnectService()
12-12 20:47:26.914   787   887 D PackageManager: Trying to unbind to DefaultContainerService
12-12 20:47:26.954   787   901 I InputDispatcher: Delivering touch to: action: 0x4, toolType: 0
12-12 20:47:26.954   787   901 I InputDispatcher: Delivering touch to: action: 0x4, toolType: 0
12-12 20:47:26.954   787   901 I InputDispatcher: Delivering touch to: action: 0x0, toolType: 0
12-12 20:47:26.964   787   901 I InputDispatcher: Delivering touch to: action: 0x1, toolType: 0
12-12 20:47:27.014   787   901 I InputDispatcher: Delivering touch to: action: 0x4, toolType: 0
12-12 20:47:27.014   787   901 I InputDispatcher: Delivering touch to: action: 0x4, toolType: 0
12-12 20:47:27.014   787   901 I InputDispatcher: Delivering touch to: action: 0x0, toolType: 0
12-12 20:47:27.024   787   901 I InputDispatcher: Delivering touch to: action: 0x1, toolType: 0
12-12 20:47:27.074   787   901 I InputDispatcher: Delivering touch to: action: 0x4, toolType: 0
12-12 20:47:27.074   787   901 I InputDispatcher: Delivering touch to: action: 0x4, toolType: 0
12-12 20:47:27.074   787   901 I InputDispatcher: Delivering touch to: action: 0x0, toolType: 0
12-12 20:47:27.084   787   901 I InputDispatcher: Delivering touch to: action: 0x1, toolType: 0
12-12 20:47:27.134   787   901 I InputDispatcher: Delivering touch to: action: 0x4, toolType: 0
12-12 20:47:27.134   787   901 I InputDispatcher: Delivering touch to: action: 0x4, toolType: 0
12-12 20:47:27.134   787   901 I InputDispatcher: Delivering touch to: action: 0x0, toolType: 0
12-12 20:47:27.134   787   901 I InputDispatcher: Delivering touch to: action: 0x1, toolType: 0
12-12 20:47:27.154  1300  1300 D SamsungIME: onStartInputView
12-12 20:47:27.174  1300  1300 W ContextImpl: Calling a method in the system process without a qualified user: android.app.ContextImpl.sendBroadcast:1509 android.content.ContextWrapper.sendBroadcast:377 com.diotek.ime.framework.common.InputManagerImpl.sendInputLanguage:9353 com.diotek.ime.framework.common.InputManagerImpl.initDefaultLanguage:4901 com.diotek.ime.framework.common.InputManagerImpl.initSelectedLanguage:5143 
12-12 20:47:27.184  1300  1300 I SamsungIME: getDebugLevel  : 0x4f4c
12-12 20:47:27.184   787   901 I InputDispatcher: Delivering touch to: action: 0x4, toolType: 0
12-12 20:47:27.184   787   901 I InputDispatcher: Delivering touch to: action: 0x4, toolType: 0
12-12 20:47:27.184   787   901 I InputDispatcher: Delivering touch to: action: 0x0, toolType: 0
12-12 20:47:27.194   787   901 I InputDispatcher: Delivering touch to: action: 0x1, toolType: 0
12-12 20:47:27.204  1300  1300 I SamsungIME: getDebugLevel  : 0x4f4c
12-12 20:47:27.214  1300  1300 I SamsungIME: KeybaordView init() : load resources
12-12 20:47:27.224   787   863 D SensorService:   0.1 -0.1 9.8
12-12 20:47:27.244   787   901 I InputDispatcher: Delivering touch to: action: 0x4, toolType: 0
12-12 20:47:27.244   787   901 I InputDispatcher: Delivering touch to: action: 0x4, toolType: 0
12-12 20:47:27.244   787   901 I InputDispatcher: Delivering touch to: action: 0x0, toolType: 0
12-12 20:47:27.244  1300  1300 I SamsungIME: getCurrentKeyboard
12-12 20:47:27.244  1300  1300 I SamsungIME: getTextKeyboard
12-12 20:47:27.254   787   901 I InputDispatcher: Delivering touch to: action: 0x1, toolType: 0
12-12 20:47:27.274  1300  1300 D SamsungIME: [SwiftkeyWrapper] currentLangauge : 1701729619
12-12 20:47:27.274  1300  1300 D SamsungIME: [AbstractKeyboardView] onDetachedFromWindow.
12-12 20:47:27.274  1300  1300 D SamsungIME: Magnification Enabled = false
12-12 20:47:27.274  1300  1300 D SamsungIME: [AbstractKeyboardView] onDetachedFromWindow.
12-12 20:47:27.274  1300  1300 I SamsungIME: getCurrentKeyboard
12-12 20:47:27.274  1300  1300 I SamsungIME: getTextKeyboard
12-12 20:47:27.284  1300  1300 D SamsungIME: [SwiftkeyWrapper] currentLangauge : 1701729619
12-12 20:47:27.284  1300  1300 D SamsungIME: Magnification Enabled = false
12-12 20:47:27.284  1300  1300 D SamsungIME: Dismiss ExpandCandiate
12-12 20:47:27.304   787   901 I InputDispatcher: Delivering touch to: action: 0x4, toolType: 0
12-12 20:47:27.304   787   901 I InputDispatcher: Delivering touch to: action: 0x4, toolType: 0
12-12 20:47:27.304   787   901 I InputDispatcher: Delivering touch to: action: 0x0, toolType: 0
12-12 20:47:27.314   787   901 I InputDispatcher: Delivering touch to: action: 0x1, toolType: 0
12-12 20:47:27.314  1300  1300 D SamsungIME: Dismiss ExpandCandiate
12-12 20:47:27.314  1300  1300 D SamsungIME: Dismiss ExpandCandiate
12-12 20:47:27.314  1300  1300 I SamsungIME: getCurrentKeyboard
12-12 20:47:27.314  1300  1300 I SamsungIME: getTextKeyboard
12-12 20:47:27.314  1300  1300 D SamsungIME: [SwiftkeyWrapper] currentLangauge : 1701729619
12-12 20:47:27.314  1300  1300 D SamsungIME: Dismiss ExpandCandiate
12-12 20:47:27.314  1300  1300 W ContextImpl: Calling a method in the system process without a qualified user: android.app.ContextImpl.sendBroadcast:1509 android.content.ContextWrapper.sendBroadcast:377 com.diotek.ime.framework.common.InputManagerImpl.sendInputLanguage:9353 com.diotek.ime.framework.common.InputManagerImpl.setLanguage:5477 com.diotek.ime.framework.common.InputManagerImpl.startInputViewContinue:3348 
12-12 20:47:27.324  1300  1300 I SamsungIME: [IMI] startInputView - caller pid : 13215, caller uid : 13112
12-12 20:47:27.324  1300  1300 W ContextImpl: Calling a method in the system process without a qualified user: android.app.ContextImpl.sendBroadcast:1509 android.content.ContextWrapper.sendBroadcast:377 android.inputmethodservice.InputMethodService.sendInputViewShownState:539 android.inputmethodservice.InputMethodService.showWindow:2161 android.inputmethodservice.InputMethodService$InputMethodImpl.showSoftInput:716 
12-12 20:47:27.324   787  1784 D SSRMv2:TSP:AirViewOnOff: DeviceInfo:: 00000000000
12-12 20:47:27.324   787  1784 D SSRMv2:TSP:AirViewOnOff: SettingsAirViewInfo:: 000000000
12-12 20:47:27.334  1300  1300 W ContextImpl: Calling a method in the system process without a qualified user: android.app.ContextImpl.sendBroadcast:1509 android.content.ContextWrapper.sendBroadcast:377 android.inputmethodservice.InputMethodService.sendInputViewShownState:539 android.inputmethodservice.InputMethodService.showWindow:2161 android.inputmethodservice.InputMethodService$InputMethodImpl.showSoftInput:716 
12-12 20:47:27.334   787   787 W ContextImpl: Calling a method in the system process without a qualified user: android.app.ContextImpl.sendBroadcast:1523 com.android.server.StatusBarManagerService.sendNotification:981 com.android.server.StatusBarManagerService.updateNotification:690 com.android.server.NotificationManagerService$7.run:2134 android.os.Handler.handleCallback:733 
12-12 20:47:27.344   344 13297 I framebuffer: /data/system/enterprise.conf doesn't exist or cannot be opened
12-12 20:47:27.344   787   787 D STATUSBAR-StatusBarManagerService: sendNotification(2) - 17041255
12-12 20:47:27.344   787  1784 D SSRMv2:TSP:AirViewOnOff: DeviceInfo:: 00000000000
12-12 20:47:27.344 10823 10823 D com.samsung.app: [AccuTab_Magagine]>>> WC:42 [0:0] action : comandroidserverNotificationManagerServiceNotificationArrived
12-12 20:47:27.344   787  1784 D SSRMv2:TSP:AirViewOnOff: SettingsAirViewInfo:: 000000000
12-12 20:47:27.354 10823 10823 D com.samsung.app: [AccuTab_Magagine]>>> WC:55 [0:0] settings CT : androidappReceiverRestrictedContext@42049bf0
12-12 20:47:27.354 10823 10823 D com.samsung.app: [AccuTab_Magagine]>>> UIM:146 [0:0] setContext
12-12 20:47:27.354 10823 10823 D com.samsung.app: [AccuTab_Magagine]>>> UIM:227 [0:0] The widget does not exist in idle!!
12-12 20:47:27.354   787   787 W ContextImpl: Calling a method in the system process without a qualified user: android.app.ContextImpl.sendBroadcast:1523 com.android.server.StatusBarManagerService.sendNotification:981 com.android.server.StatusBarManagerService.updateNotification:690 com.android.server.NotificationManagerService$7.run:2134 android.os.Handler.handleCallback:733 
12-12 20:47:27.354   787   787 D STATUSBAR-StatusBarManagerService: sendNotification(2) - 17041255
12-12 20:47:27.364 10823 10823 D com.samsung.app: [AccuTab_Magagine]>>> WC:42 [0:0] action : comandroidserverNotificationManagerServiceNotificationArrived
12-12 20:47:27.364   787   901 I InputDispatcher: Delivering touch to: action: 0x4, toolType: 0
12-12 20:47:27.364   787   901 I InputDispatcher: Delivering touch to: action: 0x4, toolType: 0
12-12 20:47:27.364   787   901 I InputDispatcher: Delivering touch to: action: 0x0, toolType: 0
12-12 20:47:27.364 10823 10823 D com.samsung.app: [AccuTab_Magagine]>>> WC:55 [0:0] settings CT : androidappReceiverRestrictedContext@42049bf0
12-12 20:47:27.364   787   901 I InputDispatcher: Delivering touch to: action: 0x1, toolType: 0
12-12 20:47:27.374 10823 10823 D com.samsung.app: [AccuTab_Magagine]>>> UIM:146 [0:0] setContext
12-12 20:47:27.374 10823 10823 D com.samsung.app: [AccuTab_Magagine]>>> UIM:227 [0:0] The widget does not exist in idle!!
12-12 20:47:27.394  1300  1300 D dalvikvm: GC_FOR_ALLOC freed 2577K, 48% free 7332K/14092K, paused 39ms, total 39ms
12-12 20:47:27.404   787  3281 I EDMNativeHelperService: isScreenCaptureEnabled
12-12 20:47:27.404  1300  1300 I SamsungIME: drawAllKey
12-12 20:47:27.424   787   901 I InputDispatcher: Delivering touch to: action: 0x4, toolType: 0
12-12 20:47:27.424   787   901 I InputDispatcher: Delivering touch to: action: 0x4, toolType: 0
12-12 20:47:27.424   787   901 I InputDispatcher: Delivering touch to: action: 0x0, toolType: 0
12-12 20:47:27.424   787   901 I InputDispatcher: Delivering touch to: action: 0x1, toolType: 0
12-12 20:47:27.474   787   901 I InputDispatcher: Delivering touch to: action: 0x4, toolType: 0
12-12 20:47:27.474   787   901 I InputDispatcher: Delivering touch to: action: 0x4, toolType: 0
12-12 20:47:27.474   787   901 I InputDispatcher: Delivering touch to: action: 0x0, toolType: 0
12-12 20:47:27.474   787   901 I InputDispatcher: Delivering touch to: action: 0x1, toolType: 0
12-12 20:47:27.484  1300  1304 D dalvikvm: GC_CONCURRENT freed 145K, 36% free 9158K/14092K, paused 2ms+4ms, total 29ms
12-12 20:47:27.534   787   901 I InputDispatcher: Delivering touch to: action: 0x4, toolType: 0
12-12 20:47:27.534   787   901 I InputDispatcher: Delivering touch to: action: 0x4, toolType: 0
12-12 20:47:27.534   787   901 I InputDispatcher: Delivering touch to: action: 0x0, toolType: 0
12-12 20:47:27.534   787   901 I InputDispatcher: Delivering touch to: action: 0x1, toolType: 0
12-12 20:47:27.564   787 13302 W ContextImpl: Calling a method in the system process without a qualified user: android.app.ContextImpl.sendBroadcast:1509 com.android.server.InputMethodManagerService$4.run:2683 java.lang.Thread.run:841 <bottom of call stack> <bottom of call stack> 
12-12 20:47:27.584   787   901 I InputDispatcher: Delivering touch to: action: 0x4, toolType: 0
12-12 20:47:27.584   787   901 I InputDispatcher: Delivering touch to: action: 0x4, toolType: 0
12-12 20:47:27.584   787   901 I InputDispatcher: Delivering touch to: action: 0x0, toolType: 0
12-12 20:47:27.594   787   901 I InputDispatcher: Delivering touch to: action: 0x1, toolType: 0
12-12 20:47:27.644   787   787 W ContextImpl: Calling a method in the system process without a qualified user: android.app.ContextImpl.sendBroadcast:1523 com.android.server.StatusBarManagerService.sendNotification:981 com.android.server.StatusBarManagerService.removeNotification:706 com.android.server.NotificationManagerService.cancelNotificationLocked:2455 com.android.server.NotificationManagerService.access$5100:160 
12-12 20:47:27.644   787   787 D NotificationService: cancelNotificationLocked
12-12 20:47:27.644   787   787 D NotificationService:  hasClearableItems
12-12 20:47:27.644   787   787 D NotificationService:  has clearable items no 
12-12 20:47:27.644  1300  1300 D SamsungIME: onWindowHidden
12-12 20:47:27.644   787   787 D NotificationService: cancelNotificationLocked: cancel alarm
12-12 20:47:27.644   787   787 D NotificationService: cancelNotificationLocked: cancel alarm
12-12 20:47:27.644   787   787 D STATUSBAR-StatusBarManagerService: sendNotification(3) - 17041255
12-12 20:47:27.644  1300  1300 W ContextImpl: Calling a method in the system process without a qualified user: android.app.ContextImpl.sendBroadcast:1509 android.content.ContextWrapper.sendBroadcast:377 android.inputmethodservice.InputMethodService.sendInputViewShownState:539 android.inputmethodservice.InputMethodService.hideWindow:2300 android.inputmethodservice.InputMethodService.doHideWindow:2278 
12-12 20:47:27.644   787   787 D LightsService: [api] [SvcLED] turnOff:: id = 4 (uid: 1000 pid: 787) 
12-12 20:47:27.654   787   901 I InputDispatcher: Delivering touch to: action: 0x4, toolType: 0
12-12 20:47:27.654   787   901 I InputDispatcher: Delivering touch to: action: 0x4, toolType: 0
12-12 20:47:27.654   787   901 I InputDispatcher: Delivering touch to: action: 0x0, toolType: 0
12-12 20:47:27.654   991   991 D STATUSBAR-IconMerger: checkOverflow(1036), More:false, Req:false Child:4
12-12 20:47:27.654   787   901 I InputDispatcher: Delivering touch to: action: 0x1, toolType: 0
12-12 20:47:27.664   787   787 D LightsService: [SvcLED] setSvcLedStateLocked:: SvcLEDState : 0x0 -> 0x0 | SvcLED(id=4) set Off
12-12 20:47:27.664   787   894 D LightsService: [SvcLED] Lux failed to be updated in 700ms. -> handleForcedSvcLEDTasK
12-12 20:47:27.664   787   894 D LightsService: [SvcLED]  setSvcLedLightLocked :: Current SvcLED(id=3) maintains its priority right
12-12 20:47:27.664   787  1784 D SSRMv2:TSP:AirViewOnOff: DeviceInfo:: 00000000000
12-12 20:47:27.664   787  1784 D SSRMv2:TSP:AirViewOnOff: SettingsAirViewInfo:: 000000000
12-12 20:47:27.714   787   901 I InputDispatcher: Delivering touch to: action: 0x4, toolType: 0
12-12 20:47:27.714   787   901 I InputDispatcher: Delivering touch to: action: 0x4, toolType: 0
12-12 20:47:27.714   787   901 I InputDispatcher: Delivering touch to: action: 0x0, toolType: 0
12-12 20:47:27.714   787   901 I InputDispatcher: Delivering touch to: action: 0x1, toolType: 0
12-12 20:47:27.774   787  1245 W ActivityManager: mDVFSHelper.acquire()
12-12 20:47:27.834   787   901 I InputDispatcher: Delivering touch to: action: 0x4, toolType: 0
12-12 20:47:27.834   787   901 I InputDispatcher: Delivering touch to: action: 0x4, toolType: 0
12-12 20:47:27.834   787   901 I InputDispatcher: Delivering touch to: action: 0x0, toolType: 0
12-12 20:47:27.844   787   901 I InputDispatcher: Delivering touch to: action: 0x1, toolType: 0
12-12 20:47:27.894   787   901 I InputDispatcher: Delivering touch to: action: 0x4, toolType: 0
12-12 20:47:27.894   787   901 I InputDispatcher: Delivering touch to: action: 0x4, toolType: 0
12-12 20:47:27.894   787   901 I InputDispatcher: Delivering touch to: action: 0x0, toolType: 0
12-12 20:47:27.904   787   901 I InputDispatcher: Delivering touch to: action: 0x1, toolType: 0
12-12 20:47:27.914   241   466 I SurfaceFlinger: id=25 Removed JnputMethod (9/12)
12-12 20:47:27.914   241 13243 I SurfaceFlinger: id=25 Removed JnputMethod (-2/12)
12-12 20:47:27.954   787   901 I InputDispatcher: Delivering touch to: action: 0x4, toolType: 0
12-12 20:47:27.954   787   901 I InputDispatcher: Delivering touch to: action: 0x4, toolType: 0
12-12 20:47:27.954   787   901 I InputDispatcher: Delivering touch to: action: 0x0, toolType: 0
12-12 20:47:27.964   787   901 I InputDispatcher: Delivering touch to: action: 0x1, toolType: 0
12-12 20:47:28.014   787   901 I InputDispatcher: Delivering touch to: action: 0x4, toolType: 0
12-12 20:47:28.014   787   901 I InputDispatcher: Delivering touch to: action: 0x4, toolType: 0
12-12 20:47:28.014   787   901 I InputDispatcher: Delivering touch to: action: 0x0, toolType: 0
12-12 20:47:28.014   787   901 I InputDispatcher: Delivering touch to: action: 0x1, toolType: 0
12-12 20:47:28.034   787   875 W ActivityManager: mDVFSHelper.release()
12-12 20:47:28.074   787   901 I InputDispatcher: Delivering touch to: action: 0x4, toolType: 0
12-12 20:47:28.074   787   901 I InputDispatcher: Delivering touch to: action: 0x4, toolType: 0
12-12 20:47:28.074   787   901 I InputDispatcher: Delivering touch to: action: 0x0, toolType: 0
12-12 20:47:28.084   787   901 I InputDispatcher: Delivering touch to: action: 0x1, toolType: 0
12-12 20:47:28.134   787   901 I InputDispatcher: Delivering touch to: action: 0x4, toolType: 0
12-12 20:47:28.134   787   901 I InputDispatcher: Delivering touch to: action: 0x4, toolType: 0
12-12 20:47:28.134   787   901 I InputDispatcher: Delivering touch to: action: 0x0, toolType: 0
12-12 20:47:28.134   787   901 I InputDispatcher: Delivering touch to: action: 0x1, toolType: 0
12-12 20:47:28.184   787   901 I InputDispatcher: Delivering touch to: action: 0x0, toolType: 0
12-12 20:47:28.184   787  3279 I ActivityManager: Killing 12429:com.sec.android.provider.badge/u0a67 (adj 15): empty #31
12-12 20:47:28.194   991   991 V PanelView: animationTick called with dtms=0; nothing to do (h=0.0 v=-0.0)
12-12 20:47:28.194   787   901 I InputDispatcher: Delivering touch to: action: 0x1, toolType: 0
12-12 20:47:28.244   787   901 I InputDispatcher: Delivering touch to: action: 0x4, toolType: 0
12-12 20:47:28.244   787   901 I InputDispatcher: Delivering touch to: action: 0x4, toolType: 0
12-12 20:47:28.244   787   901 I InputDispatcher: Delivering touch to: action: 0x0, toolType: 0
12-12 20:47:28.254   787   901 I InputDispatcher: Delivering touch to: action: 0x1, toolType: 0
12-12 20:47:28.304   787  6082 W ActivityManager: mDVFSHelper.acquire()
12-12 20:47:28.344   787   875 W ActivityManager: mDVFSHelper.release()
12-12 20:47:28.354   787   901 I InputDispatcher: Delivering touch to: action: 0x4, toolType: 0
12-12 20:47:28.354   787   901 I InputDispatcher: Delivering touch to: action: 0x4, toolType: 0
12-12 20:47:28.364   787   901 I InputDispatcher: Delivering touch to: action: 0x0, toolType: 0
12-12 20:47:28.364   787   901 I InputDispatcher: Delivering touch to: action: 0x1, toolType: 0
12-12 20:47:28.424   787   901 I InputDispatcher: Delivering touch to: action: 0x4, toolType: 0
12-12 20:47:28.424   787   901 I InputDispatcher: Delivering touch to: action: 0x4, toolType: 0
12-12 20:47:28.424   787   901 I InputDispatcher: Delivering touch to: action: 0x0, toolType: 0
12-12 20:47:28.424   787   901 I InputDispatcher: Delivering touch to: action: 0x1, toolType: 0
12-12 20:47:28.474   787   901 I InputDispatcher: Delivering touch to: action: 0x4, toolType: 0
12-12 20:47:28.474   787   901 I InputDispatcher: Delivering touch to: action: 0x4, toolType: 0
12-12 20:47:28.474   787   901 I InputDispatcher: Delivering touch to: action: 0x0, toolType: 0
12-12 20:47:28.484   787   901 I InputDispatcher: Delivering touch to: action: 0x1, toolType: 0
12-12 20:47:28.534   787   901 I InputDispatcher: Delivering touch to: action: 0x4, toolType: 0
12-12 20:47:28.534   787   901 I InputDispatcher: Delivering touch to: action: 0x4, toolType: 0
12-12 20:47:28.534   787   901 I InputDispatcher: Delivering touch to: action: 0x0, toolType: 0
12-12 20:47:28.534   787   901 I InputDispatcher: Delivering touch to: action: 0x1, toolType: 0
12-12 20:47:28.594   787   901 I InputDispatcher: Delivering touch to: action: 0x4, toolType: 0
12-12 20:47:28.594   787   901 I InputDispatcher: Delivering touch to: action: 0x4, toolType: 0
12-12 20:47:28.594   787   901 I InputDispatcher: Delivering touch to: action: 0x0, toolType: 0
12-12 20:47:28.594   787   901 I InputDispatcher: Delivering touch to: action: 0x1, toolType: 0
12-12 20:47:28.644   787   901 I InputDispatcher: Delivering touch to: action: 0x4, toolType: 0
12-12 20:47:28.644   787   901 I InputDispatcher: Delivering touch to: action: 0x4, toolType: 0
12-12 20:47:28.644   787   901 I InputDispatcher: Delivering touch to: action: 0x0, toolType: 0
12-12 20:47:28.644   787   901 D PowerManagerService: [api] userActivityFromNative : 10 (event: 2 flags: 0)
12-12 20:47:28.664   787   901 I InputDispatcher: Delivering touch to: action: 0x1, toolType: 0
12-12 20:47:28.714   787   901 I InputDispatcher: Delivering touch to: action: 0x4, toolType: 0
12-12 20:47:28.714   787   901 I InputDispatcher: Delivering touch to: action: 0x4, toolType: 0
12-12 20:47:28.714   787   901 I InputDispatcher: Delivering touch to: action: 0x0, toolType: 0
12-12 20:47:28.714   787   901 I InputDispatcher: Delivering touch to: action: 0x1, toolType: 0
12-12 20:47:28.764   787   901 I InputDispatcher: Delivering touch to: action: 0x4, toolType: 0
12-12 20:47:28.764   787   901 I InputDispatcher: Delivering touch to: action: 0x4, toolType: 0
12-12 20:47:28.764   787   901 I InputDispatcher: Delivering touch to: action: 0x0, toolType: 0
12-12 20:47:28.774   787   901 I InputDispatcher: Delivering touch to: action: 0x1, toolType: 0
12-12 20:47:28.824   787   901 I InputDispatcher: Delivering touch to: action: 0x4, toolType: 0
12-12 20:47:28.824   787   901 I InputDispatcher: Delivering touch to: action: 0x4, toolType: 0
12-12 20:47:28.824   787   901 I InputDispatcher: Delivering touch to: action: 0x0, toolType: 0
12-12 20:47:28.834   787   901 I InputDispatcher: Delivering touch to: action: 0x1, toolType: 0
12-12 20:47:28.884   787   901 I InputDispatcher: Delivering touch to: action: 0x4, toolType: 0
12-12 20:47:28.884   787   901 I InputDispatcher: Delivering touch to: action: 0x4, toolType: 0
12-12 20:47:28.884   787   901 I InputDispatcher: Delivering touch to: action: 0x0, toolType: 0
12-12 20:47:28.884   787   901 I InputDispatcher: Delivering touch to: action: 0x1, toolType: 0
12-12 20:47:28.934   787   901 I InputDispatcher: Delivering touch to: action: 0x4, toolType: 0
12-12 20:47:28.934   787   901 I InputDispatcher: Delivering touch to: action: 0x4, toolType: 0
12-12 20:47:28.934   787   901 I InputDispatcher: Delivering touch to: action: 0x0, toolType: 0
12-12 20:47:28.944   787   901 I InputDispatcher: Delivering touch to: action: 0x1, toolType: 0
12-12 20:47:28.994   787   901 I InputDispatcher: Delivering touch to: action: 0x4, toolType: 0
12-12 20:47:28.994   787   901 I InputDispatcher: Delivering touch to: action: 0x4, toolType: 0
12-12 20:47:28.994   787   901 I InputDispatcher: Delivering touch to: action: 0x0, toolType: 0
12-12 20:47:29.004   787   901 I InputDispatcher: Delivering touch to: action: 0x1, toolType: 0
12-12 20:47:29.054   787   901 I InputDispatcher: Delivering touch to: action: 0x0, toolType: 0
12-12 20:47:29.064   787   901 I InputDispatcher: Delivering touch to: action: 0x1, toolType: 0
12-12 20:47:29.064   991   991 V PanelView: animationTick called with dtms=0; nothing to do (h=0.0 v=-0.0)
12-12 20:47:29.114   787  1166 W ActivityManager: mDVFSHelper.acquire()
12-12 20:47:29.164   344 13317 I framebuffer: /data/system/enterprise.conf doesn't exist or cannot be opened
12-12 20:47:29.174   787   901 I InputDispatcher: Delivering touch to: action: 0x4, toolType: 0
12-12 20:47:29.174   787   901 I InputDispatcher: Delivering touch to: action: 0x4, toolType: 0
12-12 20:47:29.174   787   901 I InputDispatcher: Delivering touch to: action: 0x0, toolType: 0
12-12 20:47:29.174   787   901 I InputDispatcher: Delivering touch to: action: 0x1, toolType: 0
12-12 20:47:29.224   787   901 I InputDispatcher: Delivering touch to: action: 0x4, toolType: 0
12-12 20:47:29.224   787   901 I InputDispatcher: Delivering touch to: action: 0x4, toolType: 0
12-12 20:47:29.224   787   901 I InputDispatcher: Delivering touch to: action: 0x0, toolType: 0
12-12 20:47:29.224   787   901 I InputDispatcher: Delivering touch to: action: 0x1, toolType: 0
12-12 20:47:29.234   787  1216 I EDMNativeHelperService: isScreenCaptureEnabled
12-12 20:47:29.284   787   901 I InputDispatcher: Delivering touch to: action: 0x4, toolType: 0
12-12 20:47:29.284   787   901 I InputDispatcher: Delivering touch to: action: 0x4, toolType: 0
12-12 20:47:29.284   787   901 I InputDispatcher: Delivering touch to: action: 0x0, toolType: 0
12-12 20:47:29.284   787   901 I InputDispatcher: Delivering touch to: action: 0x1, toolType: 0
12-12 20:47:29.324   787   875 W ActivityManager: mDVFSHelper.release()
12-12 20:47:29.334   787   901 I InputDispatcher: Delivering touch to: action: 0x4, toolType: 0
12-12 20:47:29.334   787   901 I InputDispatcher: Delivering touch to: action: 0x4, toolType: 0
12-12 20:47:29.334   787   901 I InputDispatcher: Delivering touch to: action: 0x0, toolType: 0
12-12 20:47:29.344   787   901 I InputDispatcher: Delivering touch to: action: 0x1, toolType: 0
12-12 20:47:29.394   787   901 I InputDispatcher: Delivering touch to: action: 0x4, toolType: 0
12-12 20:47:29.394   787   901 I InputDispatcher: Delivering touch to: action: 0x4, toolType: 0
12-12 20:47:29.394   787   901 I InputDispatcher: Delivering touch to: action: 0x0, toolType: 0
12-12 20:47:29.394   787   901 I InputDispatcher: Delivering touch to: action: 0x1, toolType: 0
12-12 20:47:29.444   787   901 I InputDispatcher: Delivering touch to: action: 0x4, toolType: 0
12-12 20:47:29.444   787   901 I InputDispatcher: Delivering touch to: action: 0x4, toolType: 0
12-12 20:47:29.444   787   901 I InputDispatcher: Delivering touch to: action: 0x0, toolType: 0
12-12 20:47:29.454   787   901 I InputDispatcher: Delivering touch to: action: 0x1, toolType: 0
12-12 20:47:29.504   787  1060 W ActivityManager: mDVFSHelper.acquire()
12-12 20:47:29.564   787   901 I InputDispatcher: Delivering touch to: action: 0x4, toolType: 0
12-12 20:47:29.564   787   901 I InputDispatcher: Delivering touch to: action: 0x4, toolType: 0
12-12 20:47:29.564   787   901 I InputDispatcher: Delivering touch to: action: 0x0, toolType: 0
12-12 20:47:29.564   787   901 I InputDispatcher: Delivering touch to: action: 0x1, toolType: 0
12-12 20:47:29.624   787   901 I InputDispatcher: Delivering touch to: action: 0x4, toolType: 0
12-12 20:47:29.624   787   901 I InputDispatcher: Delivering touch to: action: 0x4, toolType: 0
12-12 20:47:29.624   787   901 I InputDispatcher: Delivering touch to: action: 0x0, toolType: 0
12-12 20:47:29.624   787   901 I InputDispatcher: Delivering touch to: action: 0x1, toolType: 0
12-12 20:47:29.674   787  6082 W ActivityManager: mDVFSHelper.acquire()
12-12 20:47:29.724   787   901 I InputDispatcher: Delivering touch to: action: 0x4, toolType: 0
12-12 20:47:29.724   787   901 I InputDispatcher: Delivering touch to: action: 0x4, toolType: 0
12-12 20:47:29.724   787   901 I InputDispatcher: Delivering touch to: action: 0x0, toolType: 0
12-12 20:47:29.734   787   901 I InputDispatcher: Delivering touch to: action: 0x1, toolType: 0
12-12 20:47:29.784   787   901 I InputDispatcher: Delivering touch to: action: 0x4, toolType: 0
12-12 20:47:29.784   787   901 I InputDispatcher: Delivering touch to: action: 0x4, toolType: 0
12-12 20:47:29.784   787   901 I InputDispatcher: Delivering touch to: action: 0x0, toolType: 0
12-12 20:47:29.794   787   901 I InputDispatcher: Delivering touch to: action: 0x1, toolType: 0
12-12 20:47:29.814   787  1166 I SpenGestureManager: setFocusWindow0
12-12 20:47:29.814   787   867 D PointerIcon: setMouseIconStyle1 pointerType: 1001iconType:101 flag:0
12-12 20:47:29.814   787   867 D PointerIcon: setMouseCustomIcon IconType is same.101
12-12 20:47:29.844   241   241 I SurfaceFlinger: id=26 createSurf (1x1),1 flag=4, NainActivit
12-12 20:47:29.854   787   901 I InputDispatcher: Delivering touch to: action: 0x4, toolType: 0
12-12 20:47:29.854   787   901 I InputDispatcher: Delivering touch to: action: 0x4, toolType: 0
12-12 20:47:29.854   787   901 I InputDispatcher: Delivering touch to: action: 0x0, toolType: 0
12-12 20:47:29.854   787   901 I InputDispatcher: Delivering touch to: action: 0x1, toolType: 0
12-12 20:47:29.864 13215 13215 D ProgressBar: updateDrawableBounds: left = 0
12-12 20:47:29.864 13215 13215 D ProgressBar: updateDrawableBounds: top = 0
12-12 20:47:29.864 13215 13215 D ProgressBar: updateDrawableBounds: right = 48
12-12 20:47:29.864 13215 13215 D ProgressBar: updateDrawableBounds: bottom = 48
12-12 20:47:29.904   787   901 I InputDispatcher: Delivering touch to: action: 0x4, toolType: 0
12-12 20:47:29.904   787   901 I InputDispatcher: Delivering touch to: action: 0x4, toolType: 0
12-12 20:47:29.904   787   901 I InputDispatcher: Delivering touch to: action: 0x0, toolType: 0
12-12 20:47:29.914   787   901 I InputDispatcher: Delivering touch to: action: 0x1, toolType: 0
12-12 20:47:29.954   787  1216 I SpenGestureManager: setFocusWindow21010
12-12 20:47:29.954   787   867 D PointerIcon: setMouseIconStyle1 pointerType: 1001iconType:101 flag:0
12-12 20:47:29.954   787   867 D PointerIcon: setMouseCustomIcon IconType is same.101
12-12 20:47:29.964 13215 13215 W InputEventReceiver: Attempted to finish an input event but the input event receiver has already been disposed.
12-12 20:47:29.964 13215 13215 W InputEventReceiver: Attempted to finish an input event but the input event receiver has already been disposed.
12-12 20:47:29.964   787   901 I InputDispatcher: Delivering touch to: action: 0x4, toolType: 0
12-12 20:47:29.964   787   901 I InputDispatcher: Delivering touch to: action: 0x4, toolType: 0
12-12 20:47:29.964   787   901 I InputDispatcher: Delivering touch to: action: 0x0, toolType: 0
12-12 20:47:29.964 13215 13215 W ViewRootImpl: Dropping event due to root view being removed: MotionEvent { action=ACTION_UP, id[0]=0, x[0]=-149.22484, y[0]=343.9735, toolType[0]=TOOL_TYPE_UNKNOWN, buttonState=0, metaState=0, flags=0x0, edgeFlags=0x0, pointerCount=1, historySize=0, eventTime=7937729, downTime=7937726, deviceId=0, source=0x1002 }
12-12 20:47:29.974   787   901 I InputDispatcher: Delivering touch to: action: 0x1, toolType: 0
12-12 20:47:29.984 11387 11652 W ConfigurationChimeraPro: Got null configs for com.google.android.gms.common_auth
12-12 20:47:29.994 13215 13215 E ViewRootImpl: sendUserActionEvent() mView == null
12-12 20:47:30.014   787   797 W LicenseLogService: log() failed
12-12 20:47:30.014   787   797 W InputMethodManagerService: Window already focused, ignoring focus gain of: com.android.internal.view.IInputMethodClient$Stub$Proxy@42763ae8 attribute=null, token = android.os.BinderProxy@42a1a548
12-12 20:47:30.024   787   901 I InputDispatcher: Delivering touch to: action: 0x4, toolType: 0
12-12 20:47:30.024   787   901 I InputDispatcher: Delivering touch to: action: 0x4, toolType: 0
12-12 20:47:30.024   787   901 I InputDispatcher: Delivering touch to: action: 0x0, toolType: 0
12-12 20:47:30.024   787   901 I InputDispatcher: Delivering touch to: action: 0x1, toolType: 0
12-12 20:47:30.094   787   901 I InputDispatcher: Delivering touch to: action: 0x4, toolType: 0
12-12 20:47:30.094   787   901 I InputDispatcher: Delivering touch to: action: 0x4, toolType: 0
12-12 20:47:30.094   787   901 I InputDispatcher: Delivering touch to: action: 0x0, toolType: 0
12-12 20:47:30.094   787   901 I InputDispatcher: Delivering touch to: action: 0x1, toolType: 0
12-12 20:47:30.094 13215 13224 I dalvikvm: Total arena pages for JIT: 11
12-12 20:47:30.094 13215 13224 I dalvikvm: Total arena pages for JIT: 12
12-12 20:47:30.104 13215 13224 I dalvikvm: Total arena pages for JIT: 13
12-12 20:47:30.104 13215 13224 I dalvikvm: Total arena pages for JIT: 14
12-12 20:47:30.144   787   901 I InputDispatcher: Delivering touch to: action: 0x4, toolType: 0
12-12 20:47:30.144   787   901 I InputDispatcher: Delivering touch to: action: 0x4, toolType: 0
12-12 20:47:30.154   787   901 I InputDispatcher: Delivering touch to: action: 0x0, toolType: 0
12-12 20:47:30.154   787   901 I InputDispatcher: Delivering touch to: action: 0x1, toolType: 0
12-12 20:47:30.164 11728 12147 I Auth    : [ReflectiveChannelBinder] Successfully bound channel!
12-12 20:47:30.164 11728 12147 E BaseAppContext: Tried to stop global GMSCore RequestQueue. This is likely unintended, so ignoring.
12-12 20:47:30.194 13215 13244 I FA      : Tag Manager is not found and thus will not be used
12-12 20:47:30.204 11728 11841 I AuthChimeraService: Executing request: ProxyRequest[ url: https://www.googleapis.com/identitytoolkit/v3/relyingparty/signupNewUser?alt=proto&key=AIzaSyAlPR096sOohVB9d0xuRCe1M34wBO-crBA, method: 1 ]
12-12 20:47:30.214   787   901 I InputDispatcher: Delivering touch to: action: 0x4, toolType: 0
12-12 20:47:30.214   787   901 I InputDispatcher: Delivering touch to: action: 0x4, toolType: 0
12-12 20:47:30.214   787   901 I InputDispatcher: Delivering touch to: action: 0x0, toolType: 0
12-12 20:47:30.214   787   901 I InputDispatcher: Delivering touch to: action: 0x1, toolType: 0
12-12 20:47:30.224   241   466 I SurfaceFlinger: id=26 Removed NainActivit (9/12)
12-12 20:47:30.224   241   466 I SurfaceFlinger: id=26 Removed NainActivit (-2/12)
12-12 20:47:30.274   787   901 I InputDispatcher: Delivering touch to: action: 0x4, toolType: 0
12-12 20:47:30.274   787   901 I InputDispatcher: Delivering touch to: action: 0x4, toolType: 0
12-12 20:47:30.274   787   901 I InputDispatcher: Delivering touch to: action: 0x0, toolType: 0
12-12 20:47:30.274   787   901 I InputDispatcher: Delivering touch to: action: 0x1, toolType: 0
12-12 20:47:30.324   787   787 D CustomFrequencyManagerService: FrequencyrequestList.getNextMaxCPUCoreRequest, index: 0
12-12 20:47:30.334   787   901 I InputDispatcher: Delivering touch to: action: 0x4, toolType: 0
12-12 20:47:30.334   787   901 I InputDispatcher: Delivering touch to: action: 0x4, toolType: 0
12-12 20:47:30.334   787   901 I InputDispatcher: Delivering touch to: action: 0x0, toolType: 0
12-12 20:47:30.334   787   901 I InputDispatcher: Delivering touch to: action: 0x1, toolType: 0
12-12 20:47:30.354 11728 13326 W Conscrypt: Could not set socket write timeout:
12-12 20:47:30.354 11728 13326 W Conscrypt:    java.lang.reflect.Method.invokeNative(Native Method)
12-12 20:47:30.354 11728 13326 W Conscrypt:    java.lang.reflect.Method.invoke(Method.java:515)
12-12 20:47:30.384   787  1216 W ActivityManager: mDVFSHelper.acquire()
12-12 20:47:30.394   991   991 D STATUSBAR-NetworkController: refreshSignalCluster - setNWBoosterIndicators(false)
12-12 20:47:30.394   991   991 D STATUSBAR-NetworkController: refreshSignalCluster: data=-1 bt=false
12-12 20:47:30.404   991   991 D STATUSBAR-IconMerger: checkOverflow(1036), More:false, Req:false Child:4
12-12 20:47:30.444   787   901 I InputDispatcher: Delivering touch to: action: 0x4, toolType: 0
12-12 20:47:30.444   787   901 I InputDispatcher: Delivering touch to: action: 0x4, toolType: 0
12-12 20:47:30.444   787   901 I InputDispatcher: Delivering touch to: action: 0x0, toolType: 0
12-12 20:47:30.444   787   901 I InputDispatcher: Delivering touch to: action: 0x1, toolType: 0
12-12 20:47:30.504 11728 11732 D dalvikvm: GC_CONCURRENT freed 2354K, 60% free 10013K/24428K, paused 7ms+7ms, total 77ms
12-12 20:47:30.504   787   901 I InputDispatcher: Delivering touch to: action: 0x4, toolType: 0
12-12 20:47:30.504   787   901 I InputDispatcher: Delivering touch to: action: 0x4, toolType: 0
12-12 20:47:30.504   787   901 I InputDispatcher: Delivering touch to: action: 0x0, toolType: 0
12-12 20:47:30.504   787   901 I InputDispatcher: Delivering touch to: action: 0x1, toolType: 0
12-12 20:47:30.524   787   863 D SensorService:   0.1 -0.1 9.8
12-12 20:47:30.554   787   901 I InputDispatcher: Delivering touch to: action: 0x4, toolType: 0
12-12 20:47:30.554   787   901 I InputDispatcher: Delivering touch to: action: 0x4, toolType: 0
12-12 20:47:30.554   787   901 I InputDispatcher: Delivering touch to: action: 0x0, toolType: 0
12-12 20:47:30.564   787   901 I InputDispatcher: Delivering touch to: action: 0x1, toolType: 0
12-12 20:47:30.564 11728 13326 W Conscrypt: Could not set socket write timeout:
12-12 20:47:30.564 11728 13326 W Conscrypt:    java.lang.reflect.Method.invokeNative(Native Method)
12-12 20:47:30.564 11728 13326 W Conscrypt:    java.lang.reflect.Method.invoke(Method.java:515)
12-12 20:47:30.614   787   901 I InputDispatcher: Delivering touch to: action: 0x4, toolType: 0
12-12 20:47:30.614   787   901 I InputDispatcher: Delivering touch to: action: 0x4, toolType: 0
12-12 20:47:30.614   787   901 I InputDispatcher: Delivering touch to: action: 0x0, toolType: 0
12-12 20:47:30.614   787   901 I InputDispatcher: Delivering touch to: action: 0x1, toolType: 0
12-12 20:47:30.674   787   901 I InputDispatcher: Delivering touch to: action: 0x4, toolType: 0
12-12 20:47:30.674   787   901 I InputDispatcher: Delivering touch to: action: 0x4, toolType: 0
12-12 20:47:30.674   787   901 I InputDispatcher: Delivering touch to: action: 0x0, toolType: 0
12-12 20:47:30.674   787   901 I InputDispatcher: Delivering touch to: action: 0x1, toolType: 0
12-12 20:47:30.724   787  1060 W ActivityManager: mDVFSHelper.acquire()
12-12 20:47:30.754 11728 13326 E Volley  : [818] BasicNetwork.performRequest: Unexpected response code 400 for https://www.googleapis.com/identitytoolkit/v3/relyingparty/signupNewUser?alt=proto&key=AIzaSyAlPR096sOohVB9d0xuRCe1M34wBO-crBA
12-12 20:47:30.754 11728 11841 I AuthChimeraService: Error description received from server: INVALID_EMAIL
12-12 20:47:30.754 11728 12421 W FirebaseAuth: [PhoneNumberAuthPostProcessor] postProcess starts
12-12 20:47:30.764 11728 12421 W FirebaseAuth: [PhoneNumberAuthPostProcessor] postProcess ends
12-12 20:47:30.774   787   875 W ActivityManager: mDVFSHelper.release()
12-12 20:47:30.784   787   901 I InputDispatcher: Delivering touch to: action: 0x4, toolType: 0
12-12 20:47:30.784   787   901 I InputDispatcher: Delivering touch to: action: 0x4, toolType: 0
12-12 20:47:30.784   787   901 I InputDispatcher: Delivering touch to: action: 0x0, toolType: 0
12-12 20:47:30.784   787   901 I InputDispatcher: Delivering touch to: action: 0x1, toolType: 0
12-12 20:47:30.784   241   241 I SurfaceFlinger: id=27 createSurf (1x1),1 flag=4, Uoast
12-12 20:47:30.794   787  1166 D PowerManagerService: [api] acquire WakeLock flags=0x2000000a tag=WindowManager uid=1000 pid=787
12-12 20:47:30.834   787   901 I InputDispatcher: Delivering touch to: action: 0x4, toolType: 0
12-12 20:47:30.834   787   901 I InputDispatcher: Delivering touch to: action: 0x4, toolType: 0
12-12 20:47:30.834   787   901 I InputDispatcher: Delivering touch to: action: 0x4, toolType: 0
12-12 20:47:30.834   787   901 I InputDispatcher: Delivering touch to: action: 0x0, toolType: 0
12-12 20:47:30.834   787   951 I NotificationService: cancelToast pkg=com.example.snoopy callback=android.app.ITransientNotification$Stub$Proxy@43386228
12-12 20:47:30.844   787   901 I InputDispatcher: Delivering touch to: action: 0x1, toolType: 0
12-12 20:47:30.844   787  3280 D PowerManagerService: [api] [s] userActivity : event: 0 flags: 0 (uid: 1000 pid: 787)
12-12 20:47:30.844   787  3280 D PowerManagerService: [api] release WakeLock flags=0x2000000a tag=WindowManager uid=1000 pid=787 (0x0)
12-12 20:47:30.844   787  3280 D PowerManagerService: [api] applyWakeLockFlagsOnReleaseLocked : userActivityNoUpdateLocked is called : SCREEN_BRIGHT_WAKE_LOCK        'WindowManager' ON_AFTER_RELEASE (uid=1000, pid=787, ws=WorkSource{13112}) (elapsedTime=51)
12-12 20:47:30.904   787   901 I InputDispatcher: Delivering touch to: action: 0x4, toolType: 0
12-12 20:47:30.904   787   901 I InputDispatcher: Delivering touch to: action: 0x4, toolType: 0
12-12 20:47:30.904   787   901 I InputDispatcher: Delivering touch to: action: 0x0, toolType: 0
12-12 20:47:30.904   787   901 I InputDispatcher: Delivering touch to: action: 0x1, toolType: 0
12-12 20:47:30.964   787   901 I InputDispatcher: Delivering touch to: action: 0x4, toolType: 0
12-12 20:47:30.964   787   901 I InputDispatcher: Delivering touch to: action: 0x4, toolType: 0
12-12 20:47:30.964   787   901 I InputDispatcher: Delivering touch to: action: 0x0, toolType: 0
12-12 20:47:30.964   787   901 I InputDispatcher: Delivering touch to: action: 0x1, toolType: 0
12-12 20:47:30.984   344 13345 I framebuffer: /data/system/enterprise.conf doesn't exist or cannot be opened
12-12 20:47:31.024   787   901 I InputDispatcher: Delivering touch to: action: 0x4, toolType: 0
12-12 20:47:31.024   787   901 I InputDispatcher: Delivering touch to: action: 0x4, toolType: 0
12-12 20:47:31.024   787   901 I InputDispatcher: Delivering touch to: action: 0x0, toolType: 0
12-12 20:47:31.044   787   901 I InputDispatcher: Delivering touch to: action: 0x1, toolType: 0
12-12 20:47:31.054   787   797 I EDMNativeHelperService: isScreenCaptureEnabled
12-12 20:47:31.064 13349 13349 I SELinux : Function: selinux_android_load_priority [0], There is no sepolicy file.
12-12 20:47:31.064 13349 13349 I SELinux :  
12-12 20:47:31.064 13349 13349 I SELinux : Function: selinux_android_load_priority [1], There is no sepolicy version file.
12-12 20:47:31.064 13349 13349 I SELinux :  
12-12 20:47:31.064 13349 13349 I SELinux : Function: selinux_android_load_priority , priority version is VE=SEPF_SM-T530NU_4.4.2_0028
12-12 20:47:31.064 13349 13349 I SELinux :  
12-12 20:47:31.064 13349 13349 I SELinux :  
12-12 20:47:31.064 13349 13349 I SELinux : selinux_android_seapp_context_reload: seapp_contexts file is loaded from /seapp_contexts
12-12 20:47:31.094   787   901 I InputDispatcher: Delivering touch to: action: 0x0, toolType: 0
12-12 20:47:31.104   787   901 I InputDispatcher: Delivering touch to: action: 0x1, toolType: 0
12-12 20:47:31.104   991   991 V PanelView: animationTick called with dtms=0; nothing to do (h=0.0 v=-2294.4478)
12-12 20:47:31.164   787  1215 W ActivityManager: mDVFSHelper.acquire()
12-12 20:47:31.224   787  1165 W ActivityManager: mDVFSHelper.acquire()
12-12 20:47:31.284   787   901 I InputDispatcher: Delivering touch to: action: 0x4, toolType: 0
12-12 20:47:31.284   787   901 I InputDispatcher: Delivering touch to: action: 0x4, toolType: 0
12-12 20:47:31.284   787   901 I InputDispatcher: Delivering touch to: action: 0x0, toolType: 0
12-12 20:47:31.284   787   901 I InputDispatcher: Delivering touch to: action: 0x1, toolType: 0
12-12 20:47:31.304   787   875 W ActivityManager: mDVFSHelper.release()
12-12 20:47:31.344   787   901 I InputDispatcher: Delivering touch to: action: 0x4, toolType: 0
12-12 20:47:31.344   787   901 I InputDispatcher: Delivering touch to: action: 0x4, toolType: 0
12-12 20:47:31.344   787   901 I InputDispatcher: Delivering touch to: action: 0x0, toolType: 0
12-12 20:47:31.344   787   901 I InputDispatcher: Delivering touch to: action: 0x1, toolType: 0
12-12 20:47:31.384   241  1177 I SurfaceFlinger: id=27 Removed Uoast (12/12)
12-12 20:47:31.384   241   883 I SurfaceFlinger: id=27 Removed Uoast (-2/12)
12-12 20:47:31.394   787   901 I InputDispatcher: Delivering touch to: action: 0x4, toolType: 0
12-12 20:47:31.394   787   901 I InputDispatcher: Delivering touch to: action: 0x4, toolType: 0
12-12 20:47:31.394   787   901 I InputDispatcher: Delivering touch to: action: 0x0, toolType: 0
12-12 20:47:31.394   787   901 I InputDispatcher: Delivering touch to: action: 0x1, toolType: 0
12-12 20:47:31.454   787   901 I InputDispatcher: Delivering touch to: action: 0x4, toolType: 0
12-12 20:47:31.454   787   901 I InputDispatcher: Delivering touch to: action: 0x4, toolType: 0
12-12 20:47:31.454   787   901 I InputDispatcher: Delivering touch to: action: 0x0, toolType: 0
12-12 20:47:31.464   787   901 I InputDispatcher: Delivering touch to: action: 0x1, toolType: 0
12-12 20:47:31.514   787   901 I InputDispatcher: Delivering touch to: action: 0x4, toolType: 0
12-12 20:47:31.514   787   901 I InputDispatcher: Delivering touch to: action: 0x4, toolType: 0
12-12 20:47:31.514   787   901 I InputDispatcher: Delivering touch to: action: 0x0, toolType: 0
12-12 20:47:31.514   787   901 I InputDispatcher: Delivering touch to: action: 0x1, toolType: 0
12-12 20:47:31.564   787   901 I InputDispatcher: Delivering touch to: action: 0x4, toolType: 0
12-12 20:47:31.564   787   901 I InputDispatcher: Delivering touch to: action: 0x4, toolType: 0
12-12 20:47:31.564   787   901 I InputDispatcher: Delivering touch to: action: 0x0, toolType: 0
12-12 20:47:31.574   787   901 I InputDispatcher: Delivering touch to: action: 0x1, toolType: 0
12-12 20:47:31.604   787  3280 I SpenGestureManager: setFocusWindow0
12-12 20:47:31.604   787   867 D PointerIcon: setMouseIconStyle1 pointerType: 1001iconType:101 flag:0
12-12 20:47:31.604   787   867 D PointerIcon: setMouseCustomIcon IconType is same.101
12-12 20:47:31.614   241   241 I SurfaceFlinger: id=28 createSurf (1x1),1 flag=4, NainActivit
12-12 20:47:31.634 11728 11841 I AuthChimeraService: Executing request: ProxyRequest[ url: https://www.googleapis.com/identitytoolkit/v3/relyingparty/signupNewUser?alt=proto&key=AIzaSyAlPR096sOohVB9d0xuRCe1M34wBO-crBA, method: 1 ]
12-12 20:47:31.634   787   901 I InputDispatcher: Delivering touch to: action: 0x4, toolType: 0
12-12 20:47:31.634   787   901 I InputDispatcher: Delivering touch to: action: 0x4, toolType: 0
12-12 20:47:31.634   787   901 I InputDispatcher: Delivering touch to: action: 0x0, toolType: 0
12-12 20:47:31.634   787   901 I InputDispatcher: Delivering touch to: action: 0x1, toolType: 0
12-12 20:47:31.684   787   901 I InputDispatcher: Delivering touch to: action: 0x4, toolType: 0
12-12 20:47:31.684   787   901 I InputDispatcher: Delivering touch to: action: 0x4, toolType: 0
12-12 20:47:31.684   787   901 I InputDispatcher: Delivering touch to: action: 0x0, toolType: 0
12-12 20:47:31.694   787   901 I InputDispatcher: Delivering touch to: action: 0x1, toolType: 0
12-12 20:47:31.714   787  1245 W ActivityManager: Permission Denial: getCurrentUser() from pid=13349, uid=10031 requires android.permission.INTERACT_ACROSS_USERS
12-12 20:47:31.724   787  3280 I SpenGestureManager: setFocusWindow21010
12-12 20:47:31.724   787   867 D PointerIcon: setMouseIconStyle1 pointerType: 1001iconType:101 flag:0
12-12 20:47:31.724   787   867 D PointerIcon: setMouseCustomIcon IconType is same.101
12-12 20:47:31.734 13215 13215 W InputEventReceiver: Attempted to finish an input event but the input event receiver has already been disposed.
12-12 20:47:31.734 13215 13215 W InputEventReceiver: Attempted to finish an input event but the input event receiver has already been disposed.
12-12 20:47:31.734 13215 13215 W InputEventReceiver: Attempted to finish an input event but the input event receiver has already been disposed.
12-12 20:47:31.734 13215 13215 W ViewRootImpl: Dropping event due to root view being removed: MotionEvent { action=ACTION_MOVE, id[0]=0, x[0]=893.69434, y[0]=-101.94754, toolType[0]=TOOL_TYPE_UNKNOWN, buttonState=0, metaState=0, flags=0x0, edgeFlags=0x0, pointerCount=1, historySize=2, eventTime=7939513, downTime=7939507, deviceId=0, source=0x1002 }
