12-12 20:47:36.494   787   901 I InputDispatcher: Delivering touch to: action: 0x4, toolType: 0
12-12 20:47:36.494   787   901 I InputDispatcher: Delivering touch to: action: 0x0, toolType: 0
12-12 20:47:36.504   787   901 I InputDispatcher: Delivering touch to: action: 0x1, toolType: 0
12-12 20:47:36.524 11728 13328 E Volley  : [820] BasicNetwork.performRequest: Unexpected response code 400 for https://www.googleapis.com/identitytoolkit/v3/relyingparty/signupNewUser?alt=proto&key=AIzaSyAlPR096sOohVB9d0xuRCe1M34wBO-crBA
12-12 20:47:36.524 11728 12421 I AuthChimeraService: Error description received from server: INVALID_EMAIL
12-12 20:47:36.534 11728 12421 W FirebaseAuth: [PhoneNumberAuthPostProcessor] postProcess starts
12-12 20:47:36.534 11728 12421 W FirebaseAuth: [PhoneNumberAuthPostProcessor] postProcess ends
12-12 20:47:36.564   787   901 I InputDispatcher: Delivering touch to: action: 0x4, toolType: 0
12-12 20:47:36.564   787   901 I InputDispatcher: Delivering touch to: action: 0x4, toolType: 0
12-12 20:47:36.564   787   901 I InputDispatcher: Delivering touch to: action: 0x0, toolType: 0
12-12 20:47:36.574   787   901 I InputDispatcher: Delivering touch to: action: 0x1, toolType: 0
12-12 20:47:36.574   241   241 I SurfaceFlinger: id=33 createSurf (1x1),1 flag=4, Uoast
12-12 20:47:36.594   787  6082 D PowerManagerService: [api] acquire WakeLock flags=0x2000000a tag=WindowManager uid=1000 pid=787
12-12 20:47:36.614   241   883 I SurfaceFlinger: id=32 Removed NainActivit (10/14)
12-12 20:47:36.624   787   901 I InputDispatcher: Delivering touch to: action: 0x4, toolType: 0
12-12 20:47:36.624   787   901 I InputDispatcher: Delivering touch to: action: 0x4, toolType: 0
12-12 20:47:36.624   787   901 I InputDispatcher: Delivering touch to: action: 0x4, toolType: 0
12-12 20:47:36.624   787   901 I InputDispatcher: Delivering touch to: action: 0x0, toolType: 0
12-12 20:47:36.624   787   901 I InputDispatcher: Delivering touch to: action: 0x1, toolType: 0
12-12 20:47:36.644   787  3281 I NotificationService: cancelToast pkg=com.example.snoopy callback=android.app.ITransientNotification$Stub$Proxy@42a0d168
12-12 20:47:36.654   787  1216 D PowerManagerService: [api] [s] userActivity : event: 0 flags: 0 (uid: 1000 pid: 787)
12-12 20:47:36.654   787  1216 D PowerManagerService: [api] release WakeLock flags=0x2000000a tag=WindowManager uid=1000 pid=787 (0x0)
12-12 20:47:36.654   787  1216 D PowerManagerService: [api] applyWakeLockFlagsOnReleaseLocked : userActivityNoUpdateLocked is called : SCREEN_BRIGHT_WAKE_LOCK        'WindowManager' ON_AFTER_RELEASE (uid=1000, pid=787, ws=WorkSource{13112}) (elapsedTime=66)
12-12 20:47:36.684   787   901 I InputDispatcher: Delivering touch to: action: 0x4, toolType: 0
12-12 20:47:36.684   787   901 I InputDispatcher: Delivering touch to: action: 0x4, toolType: 0
12-12 20:47:36.684   787   901 I InputDispatcher: Delivering touch to: action: 0x0, toolType: 0
12-12 20:47:36.694   787   901 I InputDispatcher: Delivering touch to: action: 0x1, toolType: 0
12-12 20:47:36.744   787   901 I InputDispatcher: Delivering touch to: action: 0x4, toolType: 0
12-12 20:47:36.744   787   901 I InputDispatcher: Delivering touch to: action: 0x4, toolType: 0
12-12 20:47:36.744   787   901 I InputDispatcher: Delivering touch to: action: 0x0, toolType: 0
12-12 20:47:36.754   787   901 I InputDispatcher: Delivering touch to: action: 0x1, toolType: 0
12-12 20:47:36.774   787  1060 I SpenGestureManager: setFocusWindow0
12-12 20:47:36.774   787   867 D PointerIcon: setMouseIconStyle1 pointerType: 1001iconType:101 flag:0
12-12 20:47:36.774   787   867 D PointerIcon: setMouseCustomIcon IconType is same.101
12-12 20:47:36.804   787   901 I InputDispatcher: Delivering touch to: action: 0x4, toolType: 0
12-12 20:47:36.804   787   901 I InputDispatcher: Delivering touch to: action: 0x4, toolType: 0
12-12 20:47:36.804   787   901 I InputDispatcher: Delivering touch to: action: 0x0, toolType: 0
12-12 20:47:36.814   787   901 I InputDispatcher: Delivering touch to: action: 0x1, toolType: 0
12-12 20:47:36.814   241   241 I SurfaceFlinger: id=34 createSurf (1x1),1 flag=4, NainActivit
12-12 20:47:36.834 11728 12421 I AuthChimeraService: Executing request: ProxyRequest[ url: https://www.googleapis.com/identitytoolkit/v3/relyingparty/signupNewUser?alt=proto&key=AIzaSyAlPR096sOohVB9d0xuRCe1M34wBO-crBA, method: 1 ]
12-12 20:47:36.874   787   901 I InputDispatcher: Delivering touch to: action: 0x4, toolType: 0
12-12 20:47:36.874   787   901 I InputDispatcher: Delivering touch to: action: 0x4, toolType: 0
12-12 20:47:36.874   787   901 I InputDispatcher: Delivering touch to: action: 0x0, toolType: 0
12-12 20:47:36.884   787   901 I InputDispatcher: Delivering touch to: action: 0x1, toolType: 0
12-12 20:47:36.904   787  3278 I SpenGestureManager: setFocusWindow21010
12-12 20:47:36.914   787   867 D PointerIcon: setMouseIconStyle1 pointerType: 1001iconType:101 flag:0
12-12 20:47:36.914   787   867 D PointerIcon: setMouseCustomIcon IconType is same.101
12-12 20:47:36.914 13215 13215 W InputEventReceiver: Attempted to finish an input event but the input event receiver has already been disposed.
12-12 20:47:36.914 13215 13215 W InputEventReceiver: Attempted to finish an input event but the input event receiver has already been disposed.
12-12 20:47:36.914 13215 13215 W ViewRootImpl: Dropping event due to root view being removed: MotionEvent { action=ACTION_UP, id[0]=0, x[0]=850.3229, y[0]=-321.04468, toolType[0]=TOOL_TYPE_UNKNOWN, buttonState=0, metaState=0, flags=0x0, edgeFlags=0x0, pointerCount=1, historySize=0, eventTime=7944701, downTime=7944697, deviceId=0, source=0x1002 }
12-12 20:47:36.944   787   901 I InputDispatcher: Delivering touch to: action: 0x4, toolType: 0
12-12 20:47:36.944   787   901 I InputDispatcher: Delivering touch to: action: 0x4, toolType: 0
12-12 20:47:36.944   787   901 I InputDispatcher: Delivering touch to: action: 0x0, toolType: 0
12-12 20:47:36.944   787   901 I InputDispatcher: Delivering touch to: action: 0x1, toolType: 0
12-12 20:47:36.994   787   901 I InputDispatcher: Delivering touch to: action: 0x4, toolType: 0
12-12 20:47:36.994   787   901 I InputDispatcher: Delivering touch to: action: 0x4, toolType: 0
12-12 20:47:36.994   787   901 I InputDispatcher: Delivering touch to: action: 0x0, toolType: 0
12-12 20:47:36.994   787   901 I InputDispatcher: Delivering touch to: action: 0x1, toolType: 0
12-12 20:47:37.034   787   875 W ActivityManager: mDVFSHelper.release()
12-12 20:47:37.054   787   901 I InputDispatcher: Delivering touch to: action: 0x4, toolType: 0
12-12 20:47:37.054   787   901 I InputDispatcher: Delivering touch to: action: 0x0, toolType: 0
12-12 20:47:37.054   787   901 I InputDispatcher: Delivering touch to: action: 0x1, toolType: 0
12-12 20:47:37.084   787   798 W LicenseLogService: log() failed
12-12 20:47:37.104   787   901 I InputDispatcher: Delivering touch to: action: 0x4, toolType: 0
12-12 20:47:37.104   787   901 I InputDispatcher: Delivering touch to: action: 0x4, toolType: 0
12-12 20:47:37.104   787   901 I InputDispatcher: Delivering touch to: action: 0x0, toolType: 0
12-12 20:47:37.114   787   901 I InputDispatcher: Delivering touch to: action: 0x1, toolType: 0
12-12 20:47:37.114 13215 13215 E ViewRootImpl: sendUserActionEvent() mView == null
12-12 20:47:37.114   787   798 W InputMethodManagerService: Window already focused, ignoring focus gain of: com.android.internal.view.IInputMethodClient$Stub$Proxy@42604130 attribute=null, token = android.os.BinderProxy@42a1a548
12-12 20:47:37.124   787   863 D SensorService:   0.1 -0.1 9.8
12-12 20:47:37.134   344 13471 I framebuffer: /data/system/enterprise.conf doesn't exist or cannot be opened
12-12 20:47:37.134 11728 13329 E Volley  : [821] BasicNetwork.performRequest: Unexpected response code 400 for https://www.googleapis.com/identitytoolkit/v3/relyingparty/signupNewUser?alt=proto&key=AIzaSyAlPR096sOohVB9d0xuRCe1M34wBO-crBA
12-12 20:47:37.134 11728 12421 I AuthChimeraService: Error description received from server: INVALID_EMAIL
12-12 20:47:37.134   787 13473 W ContextImpl: Calling a method in the system process without a qualified user: android.app.ContextImpl.sendBroadcast:1509 com.android.server.InputMethodManagerService$4.run:2683 java.lang.Thread.run:841 <bottom of call stack> <bottom of call stack> 
12-12 20:47:37.154   787   787 W ContextImpl: Calling a method in the system process without a qualified user: android.app.ContextImpl.sendBroadcast:1523 com.android.server.StatusBarManagerService.sendNotification:981 com.android.server.StatusBarManagerService.removeNotification:706 com.android.server.NotificationManagerService.cancelNotificationLocked:2455 com.android.server.NotificationManagerService.access$5100:160 
12-12 20:47:37.164   991   991 D STATUSBAR-IconMerger: checkOverflow(1036), More:false, Req:false Child:4
12-12 20:47:37.174  1300  1300 D SamsungIME: onWindowHidden
12-12 20:47:37.174   787   787 D NotificationService: cancelNotificationLocked
12-12 20:47:37.174   787   787 D NotificationService:  hasClearableItems
12-12 20:47:37.174   787   787 D NotificationService:  has clearable items no 
12-12 20:47:37.174   787   787 D NotificationService: cancelNotificationLocked: cancel alarm
12-12 20:47:37.174   787   787 D NotificationService: cancelNotificationLocked: cancel alarm
12-12 20:47:37.174   787   787 D STATUSBAR-StatusBarManagerService: sendNotification(3) - 17041255
12-12 20:47:37.174  1300  1300 W ContextImpl: Calling a method in the system process without a qualified user: android.app.ContextImpl.sendBroadcast:1509 android.content.ContextWrapper.sendBroadcast:377 android.inputmethodservice.InputMethodService.sendInputViewShownState:539 android.inputmethodservice.InputMethodService.hideWindow:2300 android.inputmethodservice.InputMethodService.doHideWindow:2278 
12-12 20:47:37.174   787   797 W ActivityManager: mDVFSHelper.acquire()
12-12 20:47:37.174   787   787 D LightsService: [api] [SvcLED] turnOff:: id = 4 (uid: 1000 pid: 787) 
12-12 20:47:37.174   787   787 D LightsService: [SvcLED] setSvcLedStateLocked:: SvcLEDState : 0x0 -> 0x0 | SvcLED(id=4) set Off
12-12 20:47:37.184 11728 12421 W FirebaseAuth: [PhoneNumberAuthPostProcessor] postProcess starts
12-12 20:47:37.184 11728 12421 W FirebaseAuth: [PhoneNumberAuthPostProcessor] postProcess ends
12-12 20:47:37.184   787   894 D LightsService: [SvcLED] Lux failed to be updated in 700ms. -> handleForcedSvcLEDTasK
12-12 20:47:37.184   787   894 D LightsService: [SvcLED]  setSvcLedLightLocked :: Current SvcLED(id=3) maintains its priority right
12-12 20:47:37.194   241 13243 I SurfaceFlinger: id=34 Removed NainActivit (10/14)
12-12 20:47:37.194   241  1177 I SurfaceFlinger: id=34 Removed NainActivit (-2/14)
12-12 20:47:37.194   241   466 I SurfaceFlinger: id=33 Removed Uoast (13/13)
12-12 20:47:37.194   241   883 I SurfaceFlinger: id=33 Removed Uoast (-2/13)
12-12 20:47:37.194   787  1784 D SSRMv2:TSP:AirViewOnOff: DeviceInfo:: 00000000000
12-12 20:47:37.194   787  1784 D SSRMv2:TSP:AirViewOnOff: SettingsAirViewInfo:: 000000000
12-12 20:47:37.204   787   951 I EDMNativeHelperService: isScreenCaptureEnabled
12-12 20:47:37.234   787   901 I InputDispatcher: Delivering touch to: action: 0x4, toolType: 0
12-12 20:47:37.234   787   901 I InputDispatcher: Delivering touch to: action: 0x4, toolType: 0
12-12 20:47:37.234   787   901 I InputDispatcher: Delivering touch to: action: 0x0, toolType: 0
12-12 20:47:37.244   787   901 I InputDispatcher: Delivering touch to: action: 0x1, toolType: 0
12-12 20:47:37.264   241   241 I SurfaceFlinger: id=35 createSurf (1x1),1 flag=4, Uoast
12-12 20:47:37.284   787   951 D PowerManagerService: [api] acquire WakeLock flags=0x2000000a tag=WindowManager uid=1000 pid=787
12-12 20:47:37.294   787   901 I InputDispatcher: Delivering touch to: action: 0x4, toolType: 0
12-12 20:47:37.294   787   901 I InputDispatcher: Delivering touch to: action: 0x4, toolType: 0
12-12 20:47:37.294   787   901 I InputDispatcher: Delivering touch to: action: 0x4, toolType: 0
12-12 20:47:37.294   787   901 I InputDispatcher: Delivering touch to: action: 0x0, toolType: 0
12-12 20:47:37.294   787   901 I InputDispatcher: Delivering touch to: action: 0x1, toolType: 0
12-12 20:47:37.294   787  1245 I NotificationService: cancelToast pkg=com.example.snoopy callback=android.app.ITransientNotification$Stub$Proxy@42c2e780
12-12 20:47:37.334   787  1060 W ActivityManager: mDVFSHelper.acquire()
12-12 20:47:37.344   787   867 D PointerIcon: setMouseIconStyle1 pointerType: 1001iconType:101 flag:0
12-12 20:47:37.344   787   867 D PointerIcon: setMouseCustomIcon IconType is same.101
12-12 20:47:37.344   787   901 D InputDispatcher: Waiting for application to become ready for input: xxxx Reason: Waiting because the touched window is paused.
12-12 20:47:37.354   787   797 D PowerManagerService: [api] [s] userActivity : event: 0 flags: 0 (uid: 1000 pid: 787)
12-12 20:47:37.364   787   797 D PowerManagerService: [api] release WakeLock flags=0x2000000a tag=WindowManager uid=1000 pid=787 (0x0)
12-12 20:47:37.364   787   797 D PowerManagerService: [api] applyWakeLockFlagsOnReleaseLocked : userActivityNoUpdateLocked is called : SCREEN_BRIGHT_WAKE_LOCK        'WindowManager' ON_AFTER_RELEASE (uid=1000, pid=787, ws=WorkSource{13112}) (elapsedTime=80)
12-12 20:47:37.394   787   901 I InputDispatcher: Dropping event because there is no touchable window at (1147, 312).
12-12 20:47:37.394   787  1245 W InputManager: Input event injection from pid 13159 failed.
12-12 20:47:37.394   787  1245 W InputManager: Input event injection from pid 13159 failed.
12-12 20:47:37.434   787   875 W ActivityManager: mDVFSHelper.release()
12-12 20:47:37.444   787  1215 W ActivityManager: Permission Denial: getCurrentUser() from pid=13215, uid=13112 requires android.permission.INTERACT_ACROSS_USERS
12-12 20:47:37.454   991   991 D PhoneStatusBar: setTransGradationMode=false, mTransparentMode=false, mSemiTransparentMode=false, mMultiWindowMode=false
12-12 20:47:37.454   787  1231 D StatusBarManagerService: tr p:13215,o:f
12-12 20:47:37.464   787  1246 W ActivityManager: mDVFSHelper.acquire()
12-12 20:47:37.504   991   991 D PhoneStatusBar: setSemiTransparentMode=false, mTransparentMode=false, mSemiTransparentMode=false, mMultiWindowMode=false
12-12 20:47:37.504   787   951 D StatusBarManagerService: semi p:13215,o:f
12-12 20:47:37.554   241 13243 I SurfaceFlinger: id=31 Removed JnputMethod (8/13)
12-12 20:47:37.554   241  1177 I SurfaceFlinger: id=31 Removed JnputMethod (-2/13)
12-12 20:47:37.594   241   241 I SurfaceFlinger: id=36 createSurf (1x1),1 flag=404, MoginActivi
12-12 20:47:37.594   787   797 I SpenGestureManager: setFocusWindow21025
12-12 20:47:37.594   787   879 D STATUSBAR-StatusBarManagerService: manageDisableList what=0x0 pkg=WindowManager.LayoutParams
12-12 20:47:37.604   787   901 I InputDispatcher: Delivering touch to: action: 0x4, toolType: 0
12-12 20:47:37.604   787   901 I InputDispatcher: Delivering touch to: action: 0x4, toolType: 0
12-12 20:47:37.604   787   901 I InputDispatcher: Delivering touch to: action: 0x0, toolType: 0
12-12 20:47:37.614   787   901 I InputDispatcher: Delivering touch to: action: 0x1, toolType: 0
12-12 20:47:37.614   787   867 D PointerIcon: setMouseIconStyle1 pointerType: 1001iconType:101 flag:0
12-12 20:47:37.614   787   867 D PointerIcon: setMouseCustomIcon IconType is same.101
12-12 20:47:37.644   787   798 W LicenseLogService: log() failed
12-12 20:47:37.654  1300  1300 D SamsungIME: onStartInputView
12-12 20:47:37.664   787   901 I InputDispatcher: Delivering touch to: action: 0x4, toolType: 0
12-12 20:47:37.664   787   901 I InputDispatcher: Delivering touch to: action: 0x4, toolType: 0
12-12 20:47:37.664   787   901 I InputDispatcher: Delivering touch to: action: 0x0, toolType: 0
12-12 20:47:37.664   787   901 I InputDispatcher: Delivering touch to: action: 0x1, toolType: 0
12-12 20:47:37.714   787   901 I InputDispatcher: Delivering touch to: action: 0x4, toolType: 0
12-12 20:47:37.714   787   901 I InputDispatcher: Delivering touch to: action: 0x4, toolType: 0
12-12 20:47:37.714   787   901 I InputDispatcher: Delivering touch to: action: 0x0, toolType: 0
12-12 20:47:37.724   787   901 I InputDispatcher: Delivering touch to: action: 0x1, toolType: 0
12-12 20:47:37.774   787   901 I InputDispatcher: Delivering touch to: action: 0x4, toolType: 0
12-12 20:47:37.774   787   901 I InputDispatcher: Delivering touch to: action: 0x4, toolType: 0
12-12 20:47:37.774   787   901 I InputDispatcher: Delivering touch to: action: 0x0, toolType: 0
12-12 20:47:37.774   787   901 I InputDispatcher: Delivering touch to: action: 0x1, toolType: 0
12-12 20:47:37.774   787   875 W ActivityManager: mDVFSHelper.release()
12-12 20:47:37.824  1300  1300 W ContextImpl: Calling a method in the system process without a qualified user: android.app.ContextImpl.sendBroadcast:1509 android.content.ContextWrapper.sendBroadcast:377 com.diotek.ime.framework.common.InputManagerImpl.sendInputLanguage:9353 com.diotek.ime.framework.common.InputManagerImpl.initDefaultLanguage:4901 com.diotek.ime.framework.common.InputManagerImpl.initSelectedLanguage:5143 
12-12 20:47:37.824  1300  1300 D SamsungIME: [AbstractKeyboardView] onDetachedFromWindow.
12-12 20:47:37.824  1300  1300 D SamsungIME: Magnification Enabled = false
12-12 20:47:37.824  1300  1300 D SamsungIME: [AbstractKeyboardView] onDetachedFromWindow.
12-12 20:47:37.824  1300  1300 D SamsungIME: Magnification Enabled = false
12-12 20:47:37.834  1300  1300 D SamsungIME: Dismiss ExpandCandiate
12-12 20:47:37.834  1300  1300 W ContextImpl: Calling a method in the system process without a qualified user: android.app.ContextImpl.sendBroadcast:1509 android.content.ContextWrapper.sendBroadcast:377 com.diotek.ime.framework.common.InputManagerImpl.sendInputLanguage:9353 com.diotek.ime.framework.common.InputManagerImpl.setLanguage:5477 com.diotek.ime.framework.common.InputManagerImpl.startInputViewContinue:3348 
12-12 20:47:37.834   787  3279 W ActivityManager: mDVFSHelper.acquire()
12-12 20:47:37.884  1300  1300 D SamsungIME: Dismiss ExpandCandiate
12-12 20:47:37.894  1300  1300 D SamsungIME: Dismiss ExpandCandiate
12-12 20:47:37.894  1300  1300 I SamsungIME: getCurrentKeyboard
12-12 20:47:37.894  1300  1300 I SamsungIME: getTextKeyboard
12-12 20:47:37.894   241   883 I SurfaceFlinger: id=35 Removed Uoast (13/13)
12-12 20:47:37.904   241 13243 I SurfaceFlinger: id=35 Removed Uoast (-2/13)
12-12 20:47:37.904   787   901 I InputDispatcher: Delivering touch to: action: 0x4, toolType: 0
12-12 20:47:37.904   787   901 I InputDispatcher: Delivering touch to: action: 0x4, toolType: 0
12-12 20:47:37.904   787   901 I InputDispatcher: Delivering touch to: action: 0x0, toolType: 0
12-12 20:47:37.914   787   901 I InputDispatcher: Delivering touch to: action: 0x1, toolType: 0
12-12 20:47:37.944  1300  1300 D SamsungIME: [SwiftkeyWrapper] currentLangauge : 1701729619
12-12 20:47:37.954  1300  1300 D SamsungIME: Dismiss ExpandCandiate
12-12 20:47:37.954  1300  1300 I SamsungIME: [IMI] startInputView - caller pid : 13215, caller uid : 13112
12-12 20:47:37.964   787   901 I InputDispatcher: Delivering touch to: action: 0x4, toolType: 0
12-12 20:47:37.964   787   901 I InputDispatcher: Delivering touch to: action: 0x4, toolType: 0
12-12 20:47:37.964   787   901 I InputDispatcher: Delivering touch to: action: 0x0, toolType: 0
12-12 20:47:37.974   787   901 I InputDispatcher: Delivering touch to: action: 0x1, toolType: 0
12-12 20:47:38.024  1300  1300 D SamsungIME: onWindowShown
12-12 20:47:38.024  1300  1300 W ContextImpl: Calling a method in the system process without a qualified user: android.app.ContextImpl.sendBroadcast:1509 android.content.ContextWrapper.sendBroadcast:377 android.inputmethodservice.InputMethodService.sendInputViewShownState:539 android.inputmethodservice.InputMethodService.showWindow:2161 android.inputmethodservice.InputMethodService$InputMethodImpl.showSoftInput:716 
12-12 20:47:38.034   787   901 I InputDispatcher: Delivering touch to: action: 0x4, toolType: 0
12-12 20:47:38.034   787   901 I InputDispatcher: Delivering touch to: action: 0x4, toolType: 0
12-12 20:47:38.034   787   901 I InputDispatcher: Delivering touch to: action: 0x0, toolType: 0
12-12 20:47:38.044   787  1784 D SSRMv2:TSP:AirViewOnOff: DeviceInfo:: 00000000000
12-12 20:47:38.054   787  1784 D SSRMv2:TSP:AirViewOnOff: SettingsAirViewInfo:: 000000000
12-12 20:47:38.074   787   901 I InputDispatcher: Delivering touch to: action: 0x1, toolType: 0
12-12 20:47:38.124   787   901 I InputDispatcher: Delivering touch to: action: 0x4, toolType: 0
12-12 20:47:38.124   787   901 I InputDispatcher: Delivering touch to: action: 0x4, toolType: 0
12-12 20:47:38.124   787   901 I InputDispatcher: Delivering touch to: action: 0x0, toolType: 0
12-12 20:47:38.134   787   901 I InputDispatcher: Delivering touch to: action: 0x1, toolType: 0
12-12 20:47:38.194   241   883 I SurfaceFlinger: id=24 Removed NainActivit (6/12)
12-12 20:47:38.194   787   901 I InputDispatcher: Delivering touch to: action: 0x4, toolType: 0
12-12 20:47:38.194   241  1177 I SurfaceFlinger: id=24 Removed NainActivit (-2/12)
12-12 20:47:38.194   787   901 I InputDispatcher: Delivering touch to: action: 0x4, toolType: 0
12-12 20:47:38.194   787   901 I InputDispatcher: Delivering touch to: action: 0x0, toolType: 0
12-12 20:47:38.194   787   867 W ActivityManager: mDVFSHelper.release()
12-12 20:47:38.204   787   901 I InputDispatcher: Delivering touch to: action: 0x1, toolType: 0
12-12 20:47:38.234   991   991 D ProgressBar: setProgressDrawable drawableHeight = 7
12-12 20:47:38.234   991   991 D PhoneStatusBar: tick(): knoxCustomManager = android.app.enterprise.knoxcustom.KnoxCustomManager@41d4da00
12-12 20:47:38.244   787   787 W ContextImpl: Calling a method in the system process without a qualified user: android.app.ContextImpl.sendBroadcast:1523 com.android.server.StatusBarManagerService.sendNotification:981 com.android.server.StatusBarManagerService.addNotification:670 com.android.server.NotificationManagerService$7.run:2142 android.os.Handler.handleCallback:733 
12-12 20:47:38.244   787   787 D STATUSBAR-StatusBarManagerService: sendNotification(1) - 17041255
12-12 20:47:38.254  1300  1300 I Choreographer: Skipped 35 frames!  The application may be doing too much work on its main thread.
12-12 20:47:38.254   241   241 I SurfaceFlinger: id=37 createSurf (1280x503),1 flag=4, JnputMethod
12-12 20:47:38.254   787   901 I InputDispatcher: Delivering touch to: action: 0x4, toolType: 0
12-12 20:47:38.254   787   901 I InputDispatcher: Delivering touch to: action: 0x4, toolType: 0
12-12 20:47:38.254   787   901 I InputDispatcher: Delivering touch to: action: 0x0, toolType: 0
12-12 20:47:38.254   787   901 I InputDispatcher: Delivering touch to: action: 0x1, toolType: 0
12-12 20:47:38.254 10823 10823 D com.samsung.app: [AccuTab_Magagine]>>> WC:42 [0:0] action : comandroidserverNotificationManagerServiceNotificationArrived
12-12 20:47:38.254 10823 10823 D com.samsung.app: [AccuTab_Magagine]>>> WC:55 [0:0] settings CT : androidappReceiverRestrictedContext@42049bf0
12-12 20:47:38.254 10823 10823 D com.samsung.app: [AccuTab_Magagine]>>> UIM:146 [0:0] setContext
12-12 20:47:38.254   991   991 D STATUSBAR-IconMerger: checkOverflow(1036), More:false, Req:false Child:5
12-12 20:47:38.264 10823 10823 D com.samsung.app: [AccuTab_Magagine]>>> UIM:227 [0:0] The widget does not exist in idle!!
12-12 20:47:38.314   787   901 I InputDispatcher: Delivering touch to: action: 0x4, toolType: 0
12-12 20:47:38.314   787   901 I InputDispatcher: Delivering touch to: action: 0x4, toolType: 0
12-12 20:47:38.314   787   901 I InputDispatcher: Delivering touch to: action: 0x0, toolType: 0
12-12 20:47:38.314   787   901 I InputDispatcher: Delivering touch to: action: 0x1, toolType: 0
12-12 20:47:38.334  1300  1300 D dalvikvm: GC_FOR_ALLOC freed 2306K, 48% free 7365K/14092K, paused 48ms, total 48ms
12-12 20:47:38.334  1300  1300 I SamsungIME: drawAllKey
12-12 20:47:38.374   787  3278 W ActivityManager: mDVFSHelper.acquire()
12-12 20:47:38.414  1300  1304 D dalvikvm: GC_CONCURRENT freed 153K, 35% free 9196K/14092K, paused 2ms+4ms, total 28ms
12-12 20:47:38.414   991   991 D STATUSBAR-NetworkController: refreshSignalCluster - setNWBoosterIndicators(false)
12-12 20:47:38.414   991   991 D STATUSBAR-NetworkController: refreshSignalCluster: data=-1 bt=false
12-12 20:47:38.424   787   798 W ActivityManager: mDVFSHelper.acquire()
12-12 20:47:38.434   991   991 D STATUSBAR-IconMerger: checkOverflow(1036), More:false, Req:false Child:5
12-12 20:47:38.474   787   901 I InputDispatcher: Delivering touch to: action: 0x4, toolType: 0
12-12 20:47:38.474   787   901 I InputDispatcher: Delivering touch to: action: 0x4, toolType: 0
12-12 20:47:38.474   787   901 I InputDispatcher: Delivering touch to: action: 0x0, toolType: 0
12-12 20:47:38.484   787   901 I InputDispatcher: Delivering touch to: action: 0x1, toolType: 0
12-12 20:47:38.534   787   901 I InputDispatcher: Delivering touch to: action: 0x4, toolType: 0
12-12 20:47:38.534   787   901 I InputDispatcher: Delivering touch to: action: 0x4, toolType: 0
12-12 20:47:38.534   787   901 I InputDispatcher: Delivering touch to: action: 0x0, toolType: 0
12-12 20:47:38.534   787   875 W ActivityManager: mDVFSHelper.release()
12-12 20:47:38.544   787   901 I InputDispatcher: Delivering touch to: action: 0x1, toolType: 0
12-12 20:47:38.594   787   901 I InputDispatcher: Delivering touch to: action: 0x4, toolType: 0
12-12 20:47:38.594   787   901 I InputDispatcher: Delivering touch to: action: 0x4, toolType: 0
12-12 20:47:38.594   787   901 I InputDispatcher: Delivering touch to: action: 0x0, toolType: 0
12-12 20:47:38.604   787   901 I InputDispatcher: Delivering touch to: action: 0x1, toolType: 0
12-12 20:47:38.604  1300  1300 W ContextImpl: Calling a method in the system process without a qualified user: android.app.ContextImpl.sendBroadcast:1509 android.content.ContextWrapper.sendBroadcast:377 android.inputmethodservice.InputMethodService.sendInputViewShownState:539 android.inputmethodservice.InputMethodService.showWindow:2161 android.inputmethodservice.InputMethodService$InputMethodImpl.showSoftInput:716 
12-12 20:47:38.604   787  1784 D SSRMv2:TSP:AirViewOnOff: DeviceInfo:: 00000000000
12-12 20:47:38.604   787  1784 D SSRMv2:TSP:AirViewOnOff: SettingsAirViewInfo:: 000000000
12-12 20:47:38.614   787   787 W ContextImpl: Calling a method in the system process without a qualified user: android.app.ContextImpl.sendBroadcast:1523 com.android.server.StatusBarManagerService.sendNotification:981 com.android.server.StatusBarManagerService.updateNotification:690 com.android.server.NotificationManagerService$7.run:2134 android.os.Handler.handleCallback:733 
12-12 20:47:38.614   787   787 D STATUSBAR-StatusBarManagerService: sendNotification(2) - 17041255
12-12 20:47:38.624 10823 10823 D com.samsung.app: [AccuTab_Magagine]>>> WC:42 [0:0] action : comandroidserverNotificationManagerServiceNotificationArrived
12-12 20:47:38.624 10823 10823 D com.samsung.app: [AccuTab_Magagine]>>> WC:55 [0:0] settings CT : androidappReceiverRestrictedContext@42049bf0
12-12 20:47:38.624 10823 10823 D com.samsung.app: [AccuTab_Magagine]>>> UIM:146 [0:0] setContext
12-12 20:47:38.624 10823 10823 D com.samsung.app: [AccuTab_Magagine]>>> UIM:227 [0:0] The widget does not exist in idle!!
12-12 20:47:38.654   787   901 I InputDispatcher: Delivering touch to: action: 0x4, toolType: 0
12-12 20:47:38.654   787   901 I InputDispatcher: Delivering touch to: action: 0x4, toolType: 0
12-12 20:47:38.654   787   901 I InputDispatcher: Delivering touch to: action: 0x0, toolType: 0
12-12 20:47:38.654   787   901 I InputDispatcher: Delivering touch to: action: 0x1, toolType: 0
12-12 20:47:38.714   787   901 I InputDispatcher: Delivering touch to: action: 0x4, toolType: 0
12-12 20:47:38.714   787   901 I InputDispatcher: Delivering touch to: action: 0x4, toolType: 0
12-12 20:47:38.714   787   901 I InputDispatcher: Delivering touch to: action: 0x0, toolType: 0
12-12 20:47:38.734   787   901 I InputDispatcher: Delivering touch to: action: 0x1, toolType: 0
12-12 20:47:38.784   787   901 I InputDispatcher: Delivering touch to: action: 0x4, toolType: 0
12-12 20:47:38.784   787   901 I InputDispatcher: Delivering touch to: action: 0x4, toolType: 0
12-12 20:47:38.784   787   901 I InputDispatcher: Delivering touch to: action: 0x0, toolType: 0
12-12 20:47:38.784   787   901 I InputDispatcher: Delivering touch to: action: 0x1, toolType: 0
12-12 20:47:38.834   787   901 I InputDispatcher: Delivering touch to: action: 0x4, toolType: 0
12-12 20:47:38.834   787   901 I InputDispatcher: Delivering touch to: action: 0x4, toolType: 0
12-12 20:47:38.834   787   901 I InputDispatcher: Delivering touch to: action: 0x0, toolType: 0
12-12 20:47:38.834   787   901 I InputDispatcher: Delivering touch to: action: 0x1, toolType: 0
12-12 20:47:38.894   787   901 I InputDispatcher: Delivering touch to: action: 0x4, toolType: 0
12-12 20:47:38.894   787   901 I InputDispatcher: Delivering touch to: action: 0x4, toolType: 0
12-12 20:47:38.894   787   901 I InputDispatcher: Delivering touch to: action: 0x0, toolType: 0
12-12 20:47:38.894   787   901 I InputDispatcher: Delivering touch to: action: 0x1, toolType: 0
12-12 20:47:38.904  1300  1300 D SamsungIME: Dismiss ExpandCandiate
12-12 20:47:38.944   787   901 I InputDispatcher: Delivering touch to: action: 0x4, toolType: 0
12-12 20:47:38.944   787   901 I InputDispatcher: Delivering touch to: action: 0x4, toolType: 0
12-12 20:47:38.944   787   901 I InputDispatcher: Delivering touch to: action: 0x0, toolType: 0
12-12 20:47:38.964   787   901 I InputDispatcher: Delivering touch to: action: 0x1, toolType: 0
12-12 20:47:39.014   787  3279 W ActivityManager: mDVFSHelper.acquire()
12-12 20:47:39.034   787   875 W ActivityManager: mDVFSHelper.release()
12-12 20:47:39.064   787   901 I InputDispatcher: Delivering touch to: action: 0x4, toolType: 0
12-12 20:47:39.064   787   901 I InputDispatcher: Delivering touch to: action: 0x4, toolType: 0
12-12 20:47:39.064   787   901 I InputDispatcher: Delivering touch to: action: 0x0, toolType: 0
12-12 20:47:39.074   787   901 I InputDispatcher: Delivering touch to: action: 0x1, toolType: 0
12-12 20:47:39.124   787   901 I InputDispatcher: Delivering touch to: action: 0x4, toolType: 0
12-12 20:47:39.124   787   901 I InputDispatcher: Delivering touch to: action: 0x4, toolType: 0
12-12 20:47:39.124   787   901 I InputDispatcher: Delivering touch to: action: 0x0, toolType: 0
12-12 20:47:39.124   787   901 I InputDispatcher: Delivering touch to: action: 0x1, toolType: 0
12-12 20:47:39.174   787   901 I InputDispatcher: Delivering touch to: action: 0x4, toolType: 0
12-12 20:47:39.174   787   901 I InputDispatcher: Delivering touch to: action: 0x4, toolType: 0
12-12 20:47:39.174   787   901 I InputDispatcher: Delivering touch to: action: 0x0, toolType: 0
12-12 20:47:39.184   787   901 I InputDispatcher: Delivering touch to: action: 0x1, toolType: 0
12-12 20:47:39.234   787   901 I InputDispatcher: Delivering touch to: action: 0x4, toolType: 0
12-12 20:47:39.234   787   901 I InputDispatcher: Delivering touch to: action: 0x0, toolType: 0
12-12 20:47:39.234   787   901 I InputDispatcher: Delivering touch to: action: 0x1, toolType: 0
12-12 20:47:39.254   344 13493 I framebuffer: /data/system/enterprise.conf doesn't exist or cannot be opened
12-12 20:47:39.264   787  1215 I SpenGestureManager: setFocusWindow0
12-12 20:47:39.264   787   867 D PointerIcon: setMouseIconStyle1 pointerType: 1001iconType:101 flag:0
12-12 20:47:39.264   787   867 D PointerIcon: setMouseCustomIcon IconType is same.101
12-12 20:47:39.264 13215 13215 D AndroidRuntime: Shutting down VM
12-12 20:47:39.264 13215 13215 W dalvikvm: threadid=1: thread exiting with uncaught exception (group=0x41749da0)
12-12 20:47:39.274 13215 13215 E AndroidRuntime: FATAL EXCEPTION: main
12-12 20:47:39.274 13215 13215 E AndroidRuntime: Process: com.example.snoopy, PID: 13215
12-12 20:47:39.274 13215 13215 E AndroidRuntime: java.lang.IllegalArgumentException: Given String is empty or null
12-12 20:47:39.274 13215 13215 E AndroidRuntime: 	at com.google.android.gms.common.internal.zzbp.zzgg(Unknown Source)
12-12 20:47:39.274 13215 13215 E AndroidRuntime: 	at com.google.firebase.auth.FirebaseAuth.signInWithEmailAndPassword(Unknown Source)
12-12 20:47:39.274 13215 13215 E AndroidRuntime: 	at com.example.snoopy.LoginActivity.userLogin(LoginActivity.java:82)
12-12 20:47:39.274 13215 13215 E AndroidRuntime: 	at com.example.snoopy.LoginActivity.onClick(LoginActivity.java:102)
12-12 20:47:39.274 13215 13215 E AndroidRuntime: 	at android.view.View.performClick(View.java:4637)
12-12 20:47:39.274 13215 13215 E AndroidRuntime: 	at android.view.View$PerformClick.run(View.java:19422)
12-12 20:47:39.274 13215 13215 E AndroidRuntime: 	at android.os.Handler.handleCallback(Handler.java:733)
12-12 20:47:39.274 13215 13215 E AndroidRuntime: 	at android.os.Handler.dispatchMessage(Handler.java:95)
12-12 20:47:39.274 13215 13215 E AndroidRuntime: 	at android.os.Looper.loop(Looper.java:136)
12-12 20:47:39.274 13215 13215 E AndroidRuntime: 	at android.app.ActivityThread.main(ActivityThread.java:5479)
12-12 20:47:39.274 13215 13215 E AndroidRuntime: 	at java.lang.reflect.Method.invokeNative(Native Method)
12-12 20:47:39.274 13215 13215 E AndroidRuntime: 	at java.lang.reflect.Method.invoke(Method.java:515)
12-12 20:47:39.274 13215 13215 E AndroidRuntime: 	at com.android.internal.os.ZygoteInit$MethodAndArgsCaller.run(ZygoteInit.java:1283)
12-12 20:47:39.274 13215 13215 E AndroidRuntime: 	at com.android.internal.os.ZygoteInit.main(ZygoteInit.java:1099)
12-12 20:47:39.274 13215 13215 E AndroidRuntime: 	at dalvik.system.NativeStart.main(Native Method)
12-12 20:47:39.294   787   901 I InputDispatcher: Delivering touch to: action: 0x4, toolType: 0
12-12 20:47:39.294   787   901 I InputDispatcher: Delivering touch to: action: 0x4, toolType: 0
12-12 20:47:39.294   787   901 I InputDispatcher: Delivering touch to: action: 0x0, toolType: 0
12-12 20:47:39.294   787  6082 W ActivityManager:   Force finishing activity com.example.snoopy/.LoginActivity
12-12 20:47:39.334   787   879 D WindowManager: updateSetting mIsKidsLauncherEnabled = false isKidsLauncherEnabled = false
12-12 20:47:39.334 13497 13497 I dumpstate: begin
12-12 20:47:39.334   787   879 V WindowManager: rotationForOrientationLw(orient=-1, last=0); user=0  sensorRotation=-1 mLidState=-1 mDockMode=0 mHdmiPlugged=false mAccelerometerDefault=false gripRotationLock=false
12-12 20:47:39.344   787   798 V WindowManager: rotationForOrientationLw(orient=-1, last=0); user=0  sensorRotation=-1 mLidState=-1 mDockMode=0 mHdmiPlugged=false mAccelerometerDefault=false gripRotationLock=false
12-12 20:47:39.344   787   975 D SmartFaceIndicator: no icon
12-12 20:47:39.344   787   975 E SmartFaceService: mActiveServiceType: 0
12-12 20:47:39.344   787   975 E SmartFaceService: mScrollEnabled:false mPauseEnabled:false mStayEnabled:false mRotationEnabled:false, (false,false)
12-12 20:47:39.344   787   975 E SmartFaceService: mLightIntensityEnough: true mLux: 0.0
12-12 20:47:39.344   787   975 D Stay/Rotation Worker: updateClientsDone. def. do nothing.
12-12 20:47:39.344   787   975 E SmartFaceService: Service Type to Worker: 0
12-12 20:47:39.344   787   975 E SmartFaceService: Last Active clients:0 Current Active clients: 0
12-12 20:47:39.344   787   879 V WindowOrientationListener: WindowOrientationListener disabled
12-12 20:47:39.344   787   879 D SensorService: AutoRotationSensor::activate (ident=0x77819478, enabled=0)
12-12 20:47:39.344   787   879 D SensorManager: unregisterListener ::   
12-12 20:47:39.344   787   975 E SmartFaceService: Last Smart Pause clients: 0 Current Smart Pause clients: 0
12-12 20:47:39.354   787   879 D WindowManager: updateSetting mIsKidsLauncherEnabled = false isKidsLauncherEnabled = false
12-12 20:47:39.354   787   951 I EDMNativeHelperService: isScreenCaptureEnabled
12-12 20:47:39.394   787   879 V WindowManager: rotationForOrientationLw(orient=-1, last=0); user=0 USER_ROTATION_LOCKED sensorRotation=-1 mLidState=-1 mDockMode=0 mHdmiPlugged=false mAccelerometerDefault=false gripRotationLock=false
12-12 20:47:39.404   787   875 I SpenGestureManager: setFocusWindow0
12-12 20:47:39.414   787   975 D SmartFaceIndicator: no icon
12-12 20:47:39.414   787   975 E SmartFaceService: mActiveServiceType: 0
12-12 20:47:39.414   787   975 E SmartFaceService: mScrollEnabled:false mPauseEnabled:false mStayEnabled:false mRotationEnabled:false, (false,true)
12-12 20:47:39.414   787   975 E SmartFaceService: mLightIntensityEnough: true mLux: 0.0
12-12 20:47:39.414   787   975 D Stay/Rotation Worker: updateClientsDone. def. do nothing.
12-12 20:47:39.414   787   975 E SmartFaceService: Service Type to Worker: 0
12-12 20:47:39.414   787   975 E SmartFaceService: Last Active clients:0 Current Active clients: 0
12-12 20:47:39.414   787   975 E SmartFaceService: Last Smart Pause clients: 0 Current Smart Pause clients: 0
12-12 20:47:39.414   787   787 D CrashAnrDetector: processName: com.example.snoopy
12-12 20:47:39.414   787   787 D CrashAnrDetector: broadcastEvent : com.example.snoopy data_app_crash
12-12 20:47:39.414   787   879 V WindowManager: rotationForOrientationLw(orient=-1, last=0); user=0 USER_ROTATION_LOCKED sensorRotation=-1 mLidState=-1 mDockMode=0 mHdmiPlugged=false mAccelerometerDefault=false gripRotationLock=false
12-12 20:47:39.434   787   867 D PointerIcon: setMouseIconStyle1 pointerType: 1001iconType:101 flag:0
12-12 20:47:39.434   787   867 D PointerIcon: setMouseCustomIcon IconType is same.101
12-12 20:47:39.434   787   879 I SensorManagerA: getReportingMode :: sensor.mType = 65558
12-12 20:47:39.434   787   879 D SensorService: AutoRotationSensor::changed settle time to [1]
12-12 20:47:39.434   787   787 W ContextImpl: Calling a method in the system process without a qualified user: android.app.ContextImpl.sendBroadcast:1523 com.android.server.analytics.data.collection.application.CrashAnrDetector.broadcastEvent:296 com.android.server.analytics.data.collection.application.CrashAnrDetector.processDropBoxEntry:254 com.android.server.analytics.data.collection.application.CrashAnrDetector.access$100:60 com.android.server.analytics.data.collection.application.CrashAnrDetector$1.onReceive:102 
12-12 20:47:39.434   787  3280 V WindowManager: rotationForOrientationLw(orient=-1, last=0); user=0 USER_ROTATION_LOCKED sensorRotation=-1 mLidState=-1 mDockMode=0 mHdmiPlugged=false mAccelerometerDefault=false gripRotationLock=false
12-12 20:47:39.434   787   879 D STATUSBAR-StatusBarManagerService: manageDisableList what=0x0 pkg=WindowManager.LayoutParams
12-12 20:47:39.444   787   879 D SensorService: AutoRotationSensor::activate (ident=0x7ee3cd30, enabled=1)
12-12 20:47:39.444   787   879 D SensorService: AutoRotationSensor::AR_init
12-12 20:47:39.444   241   241 I SurfaceFlinger: id=38 createSurf (1x1),1 flag=4, tnoopy
12-12 20:47:39.444 13159 13159 I AndroidRuntime: VM exiting with result code 956.
12-12 20:47:39.484   787   879 D SensorManager: registerListener :: 1600221811, Screen Orientation Sensor, 66667, 0,  
12-12 20:47:39.484   787   879 D WindowManager: updateSetting mIsKidsLauncherEnabled = false isKidsLauncherEnabled = false
12-12 20:47:39.494   787   879 V WindowManager: rotationForOrientationLw(orient=-1, last=0); user=0  sensorRotation=-1 mLidState=-1 mDockMode=0 mHdmiPlugged=false mAccelerometerDefault=false gripRotationLock=false
12-12 20:47:39.554   787   863 D SensorService: AutoRotationSensor::reset oldrotation = [100], initState = [1]
12-12 20:47:39.554   787   879 V WindowManager: rotationForOrientationLw(orient=-1, last=0); user=0  sensorRotation=-1 mLidState=-1 mDockMode=0 mHdmiPlugged=false mAccelerometerDefault=false gripRotationLock=false
12-12 20:47:39.614   787 13496 E android.os.Debug: !@Dumpstate > sdumpstate -k -t -z -d -o /data/log/dumpstate_app_error
12-12 20:47:39.614   787   863 D SensorService: AutoRotationSensor::process: Acc  eventTimestamp = 7947436189000, previousAccTimestamp = 7947124828000, difference = 311361000 
12-12 20:47:39.614   787   863 D SensorService:  [AR] 0.1 -0.1 9.7
12-12 20:47:39.614   787   863 D SensorService: AutoRotationSensor::process: Ar_SensorChanged oldrotation = [100], rotation = [255]
12-12 20:47:39.614   787   879 V WindowOrientationListener: Rotation Sensor : x=255.0
12-12 20:47:39.834   787   875 W ActivityManager: mDVFSHelper.acquire()
12-12 20:47:40.044   787   787 D CustomFrequencyManagerService: FrequencyrequestList.getNextMaxCPUCoreRequest, index: 0
12-12 20:47:40.174   787   875 W ActivityManager: mDVFSHelper.release()
12-12 20:47:40.524 11728 11728 W dalvikvm: VFY: unable to find class referenced in signature (Landroid/app/job/JobParameters;)
12-12 20:47:40.604   787   863 D SensorService:   0.1 -0.1 9.7
12-12 20:47:40.624 11710 12194 D dalvikvm: GC_EXPLICIT freed 1011K, 55% free 6373K/14092K, paused 4ms+8ms, total 74ms
12-12 20:47:41.014 11728 11732 D dalvikvm: GC_CONCURRENT freed 1810K, 59% free 10220K/24428K, paused 6ms+8ms, total 69ms
12-12 20:47:41.424   991   991 D STATUSBAR-NetworkController: refreshSignalCluster - setNWBoosterIndicators(false)
12-12 20:47:41.424   991   991 D STATUSBAR-NetworkController: refreshSignalCluster: data=-1 bt=false
12-12 20:47:41.434   991   991 D STATUSBAR-IconMerger: checkOverflow(1036), More:false, Req:false Child:5
12-12 20:47:41.494 11387 11391 D dalvikvm: GC_CONCURRENT freed 2151K, 37% free 8993K/14092K, paused 11ms+7ms, total 68ms
