12-12 15:50:27.184   306   385 I Vold    : [LGE][VOLD][NetlinkHandler.cpp][onEvent()] subsys:cpu, action:0
12-12 15:50:27.184   306   385 I Vold    : [LGE][VOLD][NetlinkHandler.cpp][onEvent()] subsys:cpu, action:0
12-12 15:50:27.394 14541 14541 D AndroidRuntime: 
12-12 15:50:27.394 14541 14541 D AndroidRuntime: >>>>>> AndroidRuntime START com.android.internal.os.RuntimeInit <<<<<<
12-12 15:50:27.394 14541 14541 D AndroidRuntime: CheckJNI is OFF
12-12 15:50:27.414 14541 14541 D dalvikvm: Trying to load lib libjavacore.so 0x0
12-12 15:50:27.414 14541 14541 D dalvikvm: Added shared lib libjavacore.so 0x0
12-12 15:50:27.414 14541 14541 D dalvikvm: Trying to load lib libnativehelper.so 0x0
12-12 15:50:27.414 14541 14541 D dalvikvm: Added shared lib libnativehelper.so 0x0
12-12 15:50:27.414 14541 14541 D dalvikvm: No JNI_OnLoad found in libnativehelper.so 0x0, skipping init
12-12 15:50:27.444 14541 14541 D dalvikvm: Note: class Landroid/app/ActivityManagerNative; has 184 unimplemented (abstract) methods
12-12 15:50:27.474   306   385 I Vold    : [LGE][VOLD][NetlinkHandler.cpp][onEvent()] subsys:cpu, action:0
12-12 15:50:27.524   306   385 I Vold    : [LGE][VOLD][NetlinkHandler.cpp][onEvent()] subsys:cpu, action:0
12-12 15:50:27.614 14541 14541 E memtrack: Couldn't load memtrack module (No such file or directory)
12-12 15:50:27.614 14541 14541 E android.os.Debug: failed to load memtrack module: -2
12-12 15:50:27.684 14541 14541 D AndroidRuntime: Calling main entry com.android.commands.pm.Pm
12-12 15:50:27.694   962  1021 I ActivityManager: Force stopping com.example.snoopy appid=11598 user=-1: uninstall pkg
12-12 15:50:27.704   962  1040 W PackageManager: Couldn't delete native library directory /data/app-lib/com.example.snoopy
12-12 15:50:27.704   962  1021 D ActivityManager: resumeTopActivityLocked: Going to sleep and all paused
12-12 15:50:27.704   962  1040 I PackageManager: Removing old permission: com.example.snoopy.permission.C2D_MESSAGE from package com.example.snoopy
12-12 15:50:27.704   962  1040 W PackageManager: Unknown permission android.permission.LGT_CONTENTS in package com.android.defcontainer
12-12 15:50:27.704   962  1040 W PackageManager: Unknown permission com.android.email.ACCOUNT_CREATION_PERMISSION in package com.synchronoss.dcs.att.r2g
12-12 15:50:27.704   962  1040 W PackageManager: Unknown permission com.android.email.permission.ACCESS_PROVIDER in package com.synchronoss.dcs.att.r2g
12-12 15:50:27.704   962  1040 W PackageManager: Unknown permission com.android.launcher.permission.ADD_WIDGET_SHORTCUT in package com.synchronoss.dcs.att.r2g
12-12 15:50:27.704   962  1040 W PackageManager: Unknown permission com.dashwire.homescreen.permission.CONFIGURE_HOMESCREEN in package com.synchronoss.dcs.att.r2g
12-12 15:50:27.704   962  1040 W PackageManager: Unknown permission com.synchronoss.dcs.att.r2g.launcher.SEND_HOMESCREEN_RESULT in package com.synchronoss.dcs.att.r2g
12-12 15:50:27.704   962  1040 W PackageManager: Unknown permission att.aab.allow_access in package com.synchronoss.dcs.att.r2g
12-12 15:50:27.704   962  1040 W PackageManager: Unknown permission com.lge.vvm.permission.READ_VVM_DATA in package com.lge.camera
12-12 15:50:27.714   962  1040 W PackageManager: Unknown permission com.lge.permission.USCHIDDEN in package com.android.contacts
12-12 15:50:27.714   962  1040 W PackageManager: Unknown permission com.lge.permission.SPRINTHIDDEN in package com.android.contacts
12-12 15:50:27.714   962  1040 W PackageManager: Unknown permission com.lge.contacts.permission.READ_SIMPHONEBOOK_PERSIST_CACHE in package com.android.contacts
12-12 15:50:27.714   962  1040 W PackageManager: Unknown permission com.lge.contacts.permission.WRITE_SIMPHONEBOOK_PERSIST_CACHE in package com.android.contacts
12-12 15:50:27.714   962  1040 W PackageManager: Unknown permission com.lge.ims.permission.READ_IMS in package com.android.contacts
12-12 15:50:27.714   962  1040 W PackageManager: Unknown permission com.lge.ims.permission.WRITE_IMS in package com.android.contacts
12-12 15:50:27.714   962  1040 W PackageManager: Unknown permission com.cequint.ecid.CALLER_ID_LOOKUP in package com.android.contacts
12-12 15:50:27.714   962  1040 W PackageManager: Not granting permission com.google.android.gm.permission.READ_GMAIL to package com.android.contacts (protectionLevel=2 flags=0x40c8be45)
12-12 15:50:27.714   962  1040 W PackageManager: Unknown permission com.google.android.providers.gmail.permission.READ_GMAIL in package com.android.contacts
12-12 15:50:27.714   962  1040 W PackageManager: Unknown permission com.android.email.permission.READ_ATTACHMENT in package com.android.contacts
12-12 15:50:27.714   962  1040 W PackageManager: Unknown permission com.lge.vvm.permission.READ_VVM_DATA in package com.android.contacts
12-12 15:50:27.714   962  1040 W PackageManager: Unknown permission com.lge.aab.READ_AAB_STATE in package com.android.contacts
12-12 15:50:27.714   962  1040 W PackageManager: Unknown permission com.lge.aab.WRITE_AAB_STATE in package com.android.contacts
12-12 15:50:27.714   962  1040 W PackageManager: Unknown permission com.vcast.mediamanager.CLOUD_PERMISSION in package com.android.contacts
12-12 15:50:27.714   962  1040 W PackageManager: Unknown permission android.permission.ADD_SYSTEM_SERVICE in package com.android.phone
12-12 15:50:27.714   962  1040 W PackageManager: Unknown permission com.android.smspush.WAPPUSH_MANAGER_BIND in package com.android.phone
12-12 15:50:27.714   962  1040 W PackageManager: Unknown permission android.permission.READ_OWNER_DATA in package com.att.android.digitallocker
12-12 15:50:27.714   962  1040 W PackageManager: Unknown permission com.lge.launcher.permission.WRITE_SETTINGS in package com.lge.launcher2
12-12 15:50:27.714   962  1040 W PackageManager: Unknown permission com.lge.launcher.permission.READ_SETTINGS in package com.lge.launcher2
12-12 15:50:27.714   962  1040 W PackageManager: Unknown permission com.dashwire.homescreen.permission.CONFIGURE_HOMESCREEN in package com.lge.launcher2
12-12 15:50:27.714   962  1040 W PackageManager: Unknown permission com.android.email.permission.ACCESS_PROVIDER in package com.lge.launcher2
12-12 15:50:27.714   962  1040 W PackageManager: Unknown permission com.lge.email.permission.READ_EMAIL in package com.lge.launcher2
12-12 15:50:27.714   962  1040 W PackageManager: Unknown permission com.lge.formmanager.permission.READ_FORMS_TABLE in package com.lge.launcher2
12-12 15:50:27.714   962  1040 W PackageManager: Unknown permission com.lge.mrg.boardcontent.permission.WRITE_BOARD_CONTENT in package com.lge.launcher2
12-12 15:50:27.724   962  1040 W PackageManager: Unknown permission com.android.vending.billing.IBillingAccountService.BIND2 in package com.google.android.gsf.login
12-12 15:50:27.724   962  1040 W PackageManager: Unknown permission com.android.gallery3d.permission.GALLERY_PROVIDER in package com.android.bluetooth
12-12 15:50:27.724   962  1040 W PackageManager: Unknown permission android.permission.MMS_SEND_OUTBOX_MSG in package com.android.bluetooth
12-12 15:50:27.724   962  1040 W PackageManager: Unknown permission android.permission.MMS_PUSH in package com.android.bluetooth
12-12 15:50:27.724   962  1040 W PackageManager: Unknown permission com.android.email.permission.ACCESS_PROVIDER in package com.android.bluetooth
12-12 15:50:27.724   962  1040 W PackageManager: Unknown permission com.android.email.permission.READ_ATTACHMENT in package com.android.bluetooth
12-12 15:50:27.724   962  1040 W PackageManager: Not granting permission android.permission.BROADCAST_PACKAGE_REMOVED to package com.lge.ime (protectionLevel=2 flags=0xc8be45)
12-12 15:50:27.724   962  1040 W PackageManager: Unknown permission android.permission.READ_OWNER_DATA in package com.lge.ime
12-12 15:50:27.724   962  1040 W PackageManager: Unknown permission android.permission.WRITE_OWNER_DATA in package com.lge.ime
12-12 15:50:27.724   962  1040 W PackageManager: Not granting permission com.google.android.gm.permission.READ_GMAIL to package com.android.calendar (protectionLevel=2 flags=0x40c9be45)
12-12 15:50:27.724   962  1040 W PackageManager: Unknown permission com.android.email.permission.READ_ATTACHMENT in package com.android.calendar
12-12 15:50:27.724   962  1040 W PackageManager: Unknown permission com.lge.email.permission.READ_EMAIL in package com.android.calendar
12-12 15:50:27.724   962  1040 W PackageManager: Unknown permission com.lge.cloudhub.provider.permission.read in package com.lge.filemanager
12-12 15:50:27.724   962  1040 W PackageManager: Unknown permission com.lge.cloudhub.provider.permission.write in package com.lge.filemanager
12-12 15:50:27.724   962  1040 W PackageManager: Not granting permission android.permission.MANAGE_ACTIVITY_STACKS to package com.android.browser (protectionLevel=2 flags=0x40c8be45)
12-12 15:50:27.724   962  1040 W PackageManager: Not granting permission android.permission.SEND_DOWNLOAD_COMPLETED_INTENTS to package com.android.browser (protectionLevel=2 flags=0x40c8be45)
12-12 15:50:27.724   962  1040 W PackageManager: Not granting permission android.permission.WRITE_SECURE_SETTINGS to package com.lge.gnss.airtest (protectionLevel=50 flags=0x88be45)
12-12 15:50:27.724   962  1040 W PackageManager: Unknown permission android.permission.LGT_CONTENTS in package com.lge.videoplayer
12-12 15:50:27.724   962  1040 W PackageManager: Unknown permission com.lge.vt.permission.VT_CALL_STATE_CHANGED in package com.lge.videoplayer
12-12 15:50:27.724   962  1040 W PackageManager: Unknown permission com.lge.cloudhub.provider.permission.read in package com.lge.videoplayer
12-12 15:50:27.724   962  1040 W PackageManager: Unknown permission com.lge.cloudhub.provider.permission.write in package com.lge.videoplayer
12-12 15:50:27.734   962  1040 W PackageManager: Unknown permission com.lge.systemui.permission.USE_NOTIFICATION_FLAGS in package com.lge.videoplayer
12-12 15:50:27.734   962  1040 W PackageManager: Unknown permission android.permission.LGT_CONTENTS in package com.android.providers.media
12-12 15:50:27.734   962  1040 W PackageManager: Not granting permission android.permission.BROADCAST_PACKAGE_REMOVED to package com.google.android.marvin.talkback (protectionLevel=2 flags=0xc9be45)
12-12 15:50:27.734   962  1040 W PackageManager: Unknown permission android.permission.OBSERVE_GRANT_REVOKE_PERMISSIONS in package com.google.android.gms
12-12 15:50:27.734   962  1040 W PackageManager: Unknown permission android.permission.MANAGE_SOUND_TRIGGER in package com.google.android.gms
12-12 15:50:27.734   962  1040 W PackageManager: Unknown permission android.permission.RECOVERY in package com.google.android.gms
12-12 15:50:27.734   962  1040 W PackageManager: Not granting permission android.permission.READ_DREAM_STATE to package com.google.android.gms (protectionLevel=2 flags=0xc83ec5)
12-12 15:50:27.734   962  1040 W PackageManager: Unknown permission android.permission.PROVIDE_TRUST_AGENT in package com.google.android.gms
12-12 15:50:27.734   962  1040 W PackageManager: Unknown permission android.permission.DISPATCH_PROVISIONING_MESSAGE in package com.google.android.gms
12-12 15:50:27.734   962  1040 W PackageManager: Unknown permission com.google.android.apps.enterprise.dmagent.permission.AutoSyncPermission in package com.google.android.gms
12-12 15:50:27.734   962  1040 W PackageManager: Not granting permission android.permission.READ_PRIVILEGED_PHONE_STATE to package com.google.android.gms (protectionLevel=18 flags=0xc83ec5)
12-12 15:50:27.734   962  1040 W PackageManager: Unknown permission android.permission.CONNECTIVITY_USE_RESTRICTED_NETWORKS in package com.google.android.gms
12-12 15:50:27.734   962  1040 W PackageManager: Unknown permission android.permission.USE_FINGERPRINT in package com.google.android.gms
12-12 15:50:27.734   962  1040 W PackageManager: Unknown permission android.permission.SEND_SMS_NO_CONFIRMATION in package com.google.android.gms
12-12 15:50:27.734   962  1040 W PackageManager: Not granting permission android.permission.PACKAGE_USAGE_STATS to package com.google.android.gms (protectionLevel=18 flags=0xc83ec5)
12-12 15:50:27.734   962  1040 W PackageManager: Not granting permission android.permission.BIND_NOTIFICATION_LISTENER_SERVICE to package com.google.android.gms (protectionLevel=2 flags=0xc83ec5)
12-12 15:50:27.734   962  1040 W PackageManager: Unknown permission com.google.android.finsky.permission.INSTANT_APP_STATE in package com.google.android.gms
12-12 15:50:27.734   962  1040 W PackageManager: Unknown permission com.google.android.googlequicksearchbox.permission.PAUSE_HOTWORD in package com.google.android.gms
12-12 15:50:27.734   962  1040 W PackageManager: Unknown permission android.permission.MANAGE_VOICE_KEYPHRASES in package com.google.android.gms
12-12 15:50:27.734   962  1040 W PackageManager: Unknown permission android.permission.TETHER_PRIVILEGED in package com.google.android.gms
12-12 15:50:27.734   962  1040 W PackageManager: Unknown permission android.permission.REAL_GET_TASKS in package com.google.android.gms
12-12 15:50:27.734   962  1040 W PackageManager: Unknown permission android.permission.READ_OEM_UNLOCK_STATE in package com.google.android.gms
12-12 15:50:27.734   962  1040 W PackageManager: Unknown permission android.permission.SCORE_NETWORKS in package com.google.android.gms
12-12 15:50:27.734   962  1040 W PackageManager: Unknown permission android.permission.OVERRIDE_WIFI_CONFIG in package com.google.android.gms
12-12 15:50:27.734   962  1040 W PackageManager: Unknown permission android.permission.CONTROL_INCALL_EXPERIENCE in package com.google.android.gms
12-12 15:50:27.734   962  1040 W PackageManager: Unknown permission android.permission.USER_ACTIVITY in package com.google.android.gms
12-12 15:50:27.734   962  1040 W PackageManager: Unknown permission android.permission.MODIFY_AUDIO_ROUTING in package com.google.android.gms
12-12 15:50:27.734   962  1040 W PackageManager: Unknown permission com.google.android.finsky.permission.GEARHEAD_SERVICE in package com.google.android.gms
12-12 15:50:27.744   962  1040 W PackageManager: Unknown permission com.google.android.permission.ACCESSIBILITY_SCAN_SERVICE in package com.google.android.gms
12-12 15:50:27.744   962  1040 W PackageManager: Unknown permission android.permission.START_TASKS_FROM_RECENTS in package com.google.android.gms
12-12 15:50:27.744   962  1040 W PackageManager: Not granting permission android.permission.MANAGE_ACTIVITY_STACKS to package com.google.android.gms (protectionLevel=2 flags=0xc83ec5)
12-12 15:50:27.744   962  1040 W PackageManager: Unknown permission android.permission.ACTIVITY_EMBEDDING in package com.google.android.gms
12-12 15:50:27.744   962  1040 W PackageManager: Unknown permission android.permission.PROVIDE_RESOLVER_RANKER_SERVICE in package com.google.android.gms
12-12 15:50:27.744   962  1040 W PackageManager: Unknown permission com.google.android.wearable.READ_SETTINGS in package com.google.android.gms
12-12 15:50:27.744   962  1040 W PackageManager: Unknown permission android.permission.INTENT_FILTER_VERIFICATION_AGENT in package com.google.android.gms
12-12 15:50:27.744   962  1040 W PackageManager: Unknown permission android.permission.LOCAL_MAC_ADDRESS in package com.google.android.gms
12-12 15:50:27.744   962  1040 W PackageManager: Unknown permission android.permission.CHANGE_DEVICE_IDLE_TEMP_WHITELIST in package com.google.android.gms
12-12 15:50:27.744   962  1040 W PackageManager: Unknown permission android.permission.READ_WIFI_CREDENTIAL in package com.google.android.gms
12-12 15:50:27.744   962  1040 W PackageManager: Unknown permission android.permission.SUBSTITUTE_NOTIFICATION_APP_NAME in package com.google.android.gms
12-12 15:50:27.744   962  1040 W PackageManager: Unknown permission android.permission.MANAGE_SUBSCRIPTION_PLANS in package com.google.android.gms
12-12 15:50:27.744   962  1040 W PackageManager: Unknown permission android.permission.NOTIFY_PENDING_SYSTEM_UPDATE in package com.google.android.gms
12-12 15:50:27.744   962  1040 W PackageManager: Unknown permission android.permission.BODY_SENSORS in package com.google.android.gms
12-12 15:50:27.744   962  1040 W PackageManager: Unknown permission com.google.android.launcher.permission.RECEIVE_LAUNCH_BROADCASTS in package com.google.android.gms
12-12 15:50:27.744   962  1040 W PackageManager: Unknown permission com.google.android.vending.verifier.ACCESS_VERIFIER in package com.google.android.gms
12-12 15:50:27.744   962  1040 W PackageManager: Unknown permission com.android.voicemail.permission.READ_VOICEMAIL in package com.google.android.gms
12-12 15:50:27.744   962  1040 W PackageManager: Unknown permission android.permission.READ_OWNER_DATA in package com.google.android.setupwizard
12-12 15:50:27.744   962  1040 W PackageManager: Unknown permission android.permission.WRITE_OWNER_DATA in package com.google.android.setupwizard
12-12 15:50:27.744   962  1040 W PackageManager: Unknown permission com.lge.apprecovery.permission.SAFE_MODE_BACKUP in package com.android.settings
12-12 15:50:27.744   962  1040 W PackageManager: Unknown permission com.lge.ims.permission.READ_IMS in package com.android.settings
12-12 15:50:27.744   962  1040 W PackageManager: Unknown permission com.lge.ims.permission.WRITE_IMS in package com.android.settings
12-12 15:50:27.744   962  1040 W PackageManager: Unknown permission com.lge.ims.rcsservice.permission.READY_FOR_RCS_ACTIVATE in package com.android.settings
12-12 15:50:27.744   962  1040 W PackageManager: Unknown permission com.lge.ims.rcsservice.permission.REQUEST_RCS_ACTIVATE in package com.android.settings
12-12 15:50:27.744   962  1040 W PackageManager: Unknown permission com.lge.launcher.permission.READ_SETTINGS in package com.lge.clock
12-12 15:50:27.754   962  1040 W PackageManager: Not granting permission android.permission.MOUNT_UNMOUNT_FILESYSTEMS to package com.lge.wireless_storage (protectionLevel=18 flags=0xc8be45)
12-12 15:50:27.754   962  1040 W PackageManager: Not granting permission android.permission.INTERACT_ACROSS_USERS_FULL to package com.lge.wireless_storage (protectionLevel=2 flags=0xc8be45)
12-12 15:50:27.754   962  1040 W PackageManager: Not granting permission android.permission.MANAGE_USERS to package com.lge.wireless_storage (protectionLevel=18 flags=0xc8be45)
12-12 15:50:27.754   962  1040 W PackageManager: Unknown permission com.lge.permission.ACCESS_NFCFELICA in package com.lge.systemservice
12-12 15:50:27.754   962  1040 W PackageManager: Unknown permission com.lge.systemui.permission.USE_NOTIFICATION_FLAGS in package com.lge.systemservice
12-12 15:50:27.754   962  1040 W PackageManager: Unknown permission com.google.android.voicesearch.SHORTCUTS_ACCESS in package com.google.android.googlequicksearchbox
12-12 15:50:27.754   962  1040 W PackageManager: Unknown permission com.google.android.voicesearch.ACCESS_SETTINGS in package com.google.android.googlequicksearchbox
12-12 15:50:27.754   962  1040 W PackageManager: Unknown permission com.google.android.ears.permission.WRITE in package com.google.android.googlequicksearchbox
12-12 15:50:27.754   962  1040 W PackageManager: Unknown permission com.google.googlenav.friend.permission.OPT_IN in package com.google.android.googlequicksearchbox
12-12 15:50:27.754   962  1040 W PackageManager: Unknown permission com.google.android.apps.googlevoice.permission.AUTO_SEND in package com.google.android.googlequicksearchbox
12-12 15:50:27.754   962  1040 W PackageManager: Not granting permission android.permission.WRITE_SECURE_SETTINGS to package com.lge.p2p (protectionLevel=50 flags=0xc8be45)
12-12 15:50:27.754   962  1040 W PackageManager: Not granting permission android.permission.INTERACT_ACROSS_USERS to package com.lge.p2p (protectionLevel=50 flags=0xc8be45)
12-12 15:50:27.754   962  1040 W PackageManager: Not granting permission android.permission.RECEIVE_EMERGENCY_BROADCAST to package com.lge.p2p (protectionLevel=18 flags=0xc8be45)
12-12 15:50:27.754   962  1040 W PackageManager: Not granting permission android.permission.MODIFY_PHONE_STATE to package com.lge.p2p (protectionLevel=18 flags=0xc8be45)
12-12 15:50:27.754   962  1040 W PackageManager: Unknown permission com.lge.cloudhub.provider.permission.read in package com.android.gallery3d
12-12 15:50:27.754   962  1040 W PackageManager: Unknown permission com.lge.cloudhub.provider.permission.write in package com.android.gallery3d
12-12 15:50:27.754   962  1040 W PackageManager: Unknown permission com.samsung.android.providers.context.permission.WRITE_USE_APP_FEATURE_SURVEY in package com.google.android.music
12-12 15:50:27.754   962  1040 W PackageManager: Unknown permission android.permission.LGT_CONTENTS in package com.android.packageinstaller
12-12 15:50:27.764   962  1040 W PackageManager: Unknown permission com.lge.cloudservice.permission.CLOUD_SYNC in package com.lge.music
12-12 15:50:27.764   962  1040 W PackageManager: Unknown permission com.lge.cloudservice.permission.FILE_UPLOAD in package com.lge.music
12-12 15:50:27.764   962  1040 W PackageManager: Unknown permission com.lge.cloudservice.permission.FILE_DOWNLOAD in package com.lge.music
12-12 15:50:27.764   962  1040 W PackageManager: Unknown permission com.lge.cloudservice.permission.CONTENT_REQUEST in package com.lge.music
12-12 15:50:27.764   962  1040 W PackageManager: Not granting permission android.permission.ACCESS_ALL_DOWNLOADS to package com.lge.music (protectionLevel=2 flags=0x40d8be65)
12-12 15:50:27.764   962  1040 W PackageManager: Unknown permission com.lge.systemui.permission.USE_NOTIFICATION_FLAGS in package com.lge.music
12-12 15:50:27.764   962  1040 W PackageManager: Not granting permission android.permission.INTERACT_ACROSS_USERS_FULL to package com.lge.music (protectionLevel=2 flags=0x40d8be65)
12-12 15:50:27.764   962  1040 W PackageManager: Unknown permission com.lge.cloudhub.provider.permission.read in package com.lge.music
12-12 15:50:27.764   962  1040 W PackageManager: Unknown permission com.lge.cloudhub.provider.permission.write in package com.lge.music
12-12 15:50:27.764   962  1040 W PackageManager: Unknown permission com.google.android.gms.permission.CAR_SPEED in package com.google.android.apps.maps
12-12 15:50:27.764   962  1040 W PackageManager: Unknown permission android.permission.WRITE_SYNC_STATS in package com.google.android.apps.docs
12-12 15:50:27.764   962  1040 W PackageManager: Not granting permission android.permission.SET_ORIENTATION to package com.amazon.aatp.aatpdevicemanager (protectionLevel=2 flags=0x80be44)
12-12 15:50:27.764   962  1040 W PackageManager: Not granting permission android.permission.ACCESS_ALL_EXTERNAL_STORAGE to package com.amazon.aatp.aatpdevicemanager (protectionLevel=2 flags=0x80be44)
12-12 15:50:27.764   962  1040 W PackageManager: Unknown permission com.android.launcher.permission.PRELOAD_WORKSPACE in package com.google.android.partnersetup
12-12 15:50:27.764   962  1040 W PackageManager: Unknown permission android.permission.READ_SETTINGS in package com.lge.hiddenmenu
12-12 15:50:27.764   962  1040 W PackageManager: Unknown permission android.permission.READ_ERS in package com.lge.hiddenmenu
12-12 15:50:27.764   962  1040 W PackageManager: Unknown permission android.permission.WRITE_ERS in package com.lge.hiddenmenu
12-12 15:50:27.764   962  1040 W PackageManager: Unknown permission com.lge.permission.LGSystemDB_READ in package com.lge.hiddenmenu
12-12 15:50:27.764   962  1040 W PackageManager: Unknown permission com.lge.permission.LGSystemDB_WRITE in package com.lge.hiddenmenu
12-12 15:50:27.774   962  1040 W PackageManager: Unknown permission com.android.providers.syncml.permission.READ_SYNCML_PROFILE in package com.lge.hiddenmenu
12-12 15:50:27.774   962  1040 W PackageManager: Unknown permission com.android.providers.syncml.permission.WRITE_SYNCML_PROFILE in package com.lge.hiddenmenu
12-12 15:50:27.774   962  1040 W PackageManager: Unknown permission com.lge.aab.READ_AAB_STATE in package com.lge.sync
12-12 15:50:27.774   962  1040 W PackageManager: Unknown permission com.lge.aab.WRITE_AAB_STATE in package com.lge.sync
12-12 15:50:27.774   962  1040 W PackageManager: Unknown permission android.permission.READ_APN_SETTINGS in package com.lge.android.atservice
12-12 15:50:27.774   962  1040 W PackageManager: Unknown permission com.android.email.permission.ACCESS_PROVIDER in package com.lge.android.atservice
12-12 15:50:27.774   962  1040 W PackageManager: Unknown permission com.android.providers.syncml.permission.READ_SYNCML_PROFILE in package com.lge.wapservice
12-12 15:50:27.774   962  1040 W PackageManager: Unknown permission com.android.providers.syncml.permission.WRITE_SYNCML_PROFILE in package com.lge.wapservice
12-12 15:50:27.774   962  1040 W PackageManager: Unknown permission android.permission.READ_SETTINGS in package com.lge.wapservice
12-12 15:50:27.774   962  1040 W PackageManager: Unknown permission com.lge.sns.READ_SN_MANAGER in package com.lge.email
12-12 15:50:27.774   962  1040 W PackageManager: Unknown permission com.lge.sns.WRITE_SN_MANAGER in package com.lge.email
12-12 15:50:27.774   962  1040 W PackageManager: Unknown permission android.permission.VIDEO_CALL_PRIVILEGED in package com.lge.email
12-12 15:50:27.774   962  1040 W PackageManager: Unknown permission com.google.android.gm.perm in package com.lge.email
12-12 15:50:27.774   962  1040 W PackageManager: Not granting permission com.google.android.gm.permission.READ_GMAIL to package com.lge.email (protectionLevel=2 flags=0x40c8bc45)
12-12 15:50:27.774   962  1040 W PackageManager: Unknown permission com.lge.ACCESS_SNC_ACCOUNT in package com.lge.email
12-12 15:50:27.774   962  1040 W PackageManager: Not granting permission com.google.android.gm.permission.WRITE_GMAIL to package com.lge.email (protectionLevel=2 flags=0x40c8bc45)
12-12 15:50:27.774   962  1040 W PackageManager: Unknown permission com.lge.snc.permission.ACCESS_PROVIDER in package com.lge.email
12-12 15:50:27.774   962  1040 W PackageManager: Not granting permission android.permission.INTERACT_ACROSS_USERS_FULL to package com.lge.email (protectionLevel=2 flags=0x40c8bc45)
12-12 15:50:27.774   962  1040 W PackageManager: Unknown permission com.lge.systemui.permission.USE_NOTIFICATION_FLAGS in package com.lge.voicerecorder
12-12 15:50:27.784   962  1040 W PackageManager: Unknown permission com.android.email.permission.READ_ATTACHMENT in package com.lge.task
12-12 15:50:27.784   962  1040 W PackageManager: Unknown permission com.qualcomm.permission.ACCESS_LOCATION_API in package com.qualcomm.location
12-12 15:50:27.784   962  1040 W PackageManager: Unknown permission com.google.googlenav.friend.permission.OPT_IN in package com.google.android.apps.plus
12-12 15:50:27.784   962  1040 W PackageManager: Not granting permission android.permission.SEND_DOWNLOAD_COMPLETED_INTENTS to package com.android.vending (protectionLevel=2 flags=0x408abe45)
12-12 15:50:27.784   962  1040 W PackageManager: Unknown permission android.permission.SEND_SMS_NO_CONFIRMATION in package com.android.vending
12-12 15:50:27.784   962  1040 W PackageManager: Unknown permission com.lge.ims.permission.READ_IMS in package com.android.systemui
12-12 15:50:27.784   962  1040 W PackageManager: Unknown permission com.lge.systemui.permission.USE_NOTIFICATION_FLAGS in package com.android.systemui
12-12 15:50:27.784   962  1040 W PackageManager: Unknown permission android.permission.WRITE_OWNER_DATA in package com.infraware.polarisoffice5tablet
12-12 15:50:27.784   962  1040 W PackageManager: Unknown permission android.permission.READ_OWNER_DATA in package com.infraware.polarisoffice5tablet
12-12 15:50:27.784   962  1040 W PackageManager: Unknown permission com.sec.android.cloudagent.permission.ACCESS in package com.infraware.polarisoffice5tablet
12-12 15:50:27.784   962  1040 W PackageManager: Unknown permission com.lge.cloudhub.permission.READ_TOKEN in package com.infraware.polarisoffice5tablet
12-12 15:50:27.784   962  1040 W PackageManager: Unknown permission com.lge.cloudhub.provider.permission.read in package com.infraware.polarisoffice5tablet
12-12 15:50:27.784   962  1040 W PackageManager: Unknown permission com.lge.cloudhub.provider.permission.write in package com.infraware.polarisoffice5tablet
12-12 15:50:27.784   962  1040 W PackageManager: Unknown permission com.lge.systemui.permission.USE_NOTIFICATION_FLAGS in package com.lge.smartsharebeam
12-12 15:50:27.784   962  1040 W PackageManager: Not granting permission android.permission.MANAGE_DOCUMENTS to package com.google.android.youtube (protectionLevel=18 flags=0xdbbec5)
12-12 15:50:27.784   962  1040 W PackageManager: Unknown permission com.lge.aab.READ_AAB_STATE in package com.lge.bnr
12-12 15:50:27.794   962  1040 W PackageManager: Unknown permission com.lge.aab.WRITE_AAB_STATE in package com.lge.bnr
12-12 15:50:27.794   962  1040 W PackageManager: Not granting permission android.permission.READ_DREAM_STATE to package com.google.android.gsf (protectionLevel=2 flags=0x40883e45)
12-12 15:50:27.794   962  1040 W PackageManager: Unknown permission android.permission.ACCESS_LOCATION in package com.smartcomroot
12-12 15:50:27.794   962  1040 W PackageManager: Unknown permission android.permission.ACCESS_GPS in package com.smartcomroot
12-12 15:50:27.794   962  1040 W PackageManager: Unknown permission com.lge.ims.permission.READ_IMS in package com.android.keyguard
12-12 15:50:27.794   962  1040 W PackageManager: Unknown permission com.lge.ims.permission.WRITE_IMS in package com.android.keyguard
12-12 15:50:27.794   962  1040 W PackageManager: Unknown permission com.chrome.permission.DEVICE_EXTRAS in package com.android.chrome
12-12 15:50:27.794   962  1040 W PackageManager: Unknown permission com.sec.enterprise.knox.MDM_CONTENT_PROVIDER in package com.android.chrome
12-12 15:50:27.884   323   323 D keystore: calling clear_uid in state: 3
12-12 15:50:27.884   962  1040 I ActivityManager: Force stopping com.example.snoopy appid=11598 user=0: pkg removed
12-12 15:50:27.884   962  1040 D ActivityManager: resumeTopActivityLocked: Going to sleep and all paused
12-12 15:50:27.944  1197  1197 D KeyguardModel: mPackageIntentReceiver, received action: android.intent.action.PACKAGE_REMOVED, sendingUserId:0
12-12 15:50:27.954   962  1152 I InputReader: Reconfiguring input devices.  changes=0x00000010
12-12 15:50:27.954  1197  1197 I [SystemUI]AppWidgetPanel(QRemoteWidgetPanel): onReceive = android.intent.action.PACKAGE_REMOVED, packageName : com.example.snoopy
12-12 15:50:27.954  1213  1213 V SplitWindowPolicyService: onReceive
12-12 15:50:27.954  1213  1213 I SplitWindowPolicyService: android.intent.action.PACKAGE_REMOVED
12-12 15:50:27.954  1213  1213 V SplitWindowPolicyService: packageName = co....
12-12 15:50:27.964  1213  1323 V SplitWindowPolicyService: handlePackageRemoved - com.example.snoopy
12-12 15:50:27.964 10247 10247 I GeofencerStateMachine: removeGeofences: removeRequest=RemoveGeofencingRequest[REMOVE_ALL packageName=com.example.snoopy]
12-12 15:50:27.974  1197  1212 D KeyguardModel: package = com.android.contacts, class = com.android.contacts.activities.PeopleActivity
12-12 15:50:27.974  1197  1212 D KeyguardModel: createShortcutInfo...
12-12 15:50:27.974   962  1558 D [SystemUI]SystemUIProvider: [SystemUIProvider.java:53:call()]method=SET_USER, extras=Bundle[mParcelledData.dataSize=76]
12-12 15:50:27.974   962  1558 D [SystemUI]SystemUIProvider: [SystemUIProvider.java:227:getOrEstablishDatabase()]userHandle=0
12-12 15:50:27.974  1197  1212 D KeyguardModel: package = com.lge.email, class = com.lge.email.ui.setupwizard.Welcome
12-12 15:50:27.974  1197  1212 D KeyguardModel: createShortcutInfo...
12-12 15:50:27.974  1197  1212 D KeyguardModel: package = com.android.browser, class = com.android.browser.BrowserActivity
12-12 15:50:27.974  1197  1212 D KeyguardModel: createShortcutInfo...
12-12 15:50:27.984  1197  1212 D KeyguardModel: package = com.lge.qmemoplus, class = com.lge.qmemoplus.ui.main.MainActivity
12-12 15:50:27.984  1197  1212 D KeyguardModel: createShortcutInfo...
12-12 15:50:27.984   962  1331 D [SystemUI]SystemUIProvider: [SystemUIProvider.java:53:call()]method=QUICKSETTING_SAVE, extras=Bundle[mParcelledData.dataSize=1808]
12-12 15:50:27.984   306   385 I Vold    : [LGE][VOLD][NetlinkHandler.cpp][onEvent()] subsys:cpu, action:0
12-12 15:50:27.984   306   385 I Vold    : [LGE][VOLD][NetlinkHandler.cpp][onEvent()] subsys:cpu, action:0
12-12 15:50:27.994  2896  2896 W System.err: android.content.pm.PackageManager$NameNotFoundException: com.example.snoopy
12-12 15:50:27.994  1197  1212 D KeyguardModel: package = com.android.gallery3d, class = com.android.gallery3d.app.Gallery
12-12 15:50:27.994  1197  1212 D KeyguardModel: createShortcutInfo...
12-12 15:50:27.994  1197  1212 D KeyguardModel: package = com.lge.camera, class = com.lge.camera.CameraApp
12-12 15:50:27.994  1197  1212 D KeyguardModel: createShortcutInfo...
12-12 15:50:28.004  1344  1377 I LatinIME:LogUtils: Dictionary info: dictionary = main:en_us ; version = 45 ; date = 1400750631
12-12 15:50:28.004  1344  1377 I LatinIME:LogUtils: Dictionary info: dictionary = main:en_us ; version = 45 ; date = 1400750631
12-12 15:50:28.014  1546  1546 D dalvikvm: GC_EXPLICIT freed 8799K, 55% free 9365K/20492K, paused 7ms+5ms, total 123ms
12-12 15:50:28.014  1546  1546 I [LGHome]EVENT: [LauncherModel.java:1146:onReceive()]onReceive intent=Intent { act=android.intent.action.PACKAGE_REMOVED dat=package:com.example.snoopy flg=0x4000010 (has extras) }
12-12 15:50:28.014  1546  1546 I [LGHome]LGPlusHomeDBManager: [LGPlusHomeDBManager.java:308:onReceive()]onReceive intent=Intent { act=android.intent.action.PACKAGE_REMOVED dat=package:com.example.snoopy flg=0x4000010 (has extras) }
12-12 15:50:28.014  1546  1546 I [LGHome]LGPlusHomeDBManager: [LGPlusHomeDBManager.java:374:packageUpdate()]PackageUpdatedTask: 3
12-12 15:50:28.014  1344  1399 I LatinIME:LogUtils: Dictionary info: dictionary = PersonalizationDictionary.en_US ; version = 1513111819 ; date = 1513111828
12-12 15:50:28.034  4426  4426 W ContextImpl: Implicit intents with startService are not safe: Intent { act=com.wildtangent.intent.action.ACTION_UNINSTALL (has extras) } android.content.ContextWrapper.startService:494 com.wildtangent.android.costperinstall.CostPerInstallReceiver.onReceive:46 android.app.ActivityThread.handleReceiver:2429 
12-12 15:50:28.034  1756  1756 D dalvikvm: GC_EXPLICIT freed 2186K, 67% free 3840K/11632K, paused 1ms+2ms, total 144ms
12-12 15:50:28.044 14134 14153 D Documents: Used cached roots for com.android.externalstorage.documents
12-12 15:50:28.044 14134 14153 D Documents: Used cached roots for com.android.providers.downloads.documents
12-12 15:50:28.044 14134 14153 D Documents: Used cached roots for com.android.providers.media.documents
12-12 15:50:28.044 14134 14153 D Documents: Loading roots for com.google.android.apps.docs.storage
12-12 15:50:28.054 14311 14311 D [BNRAppListMgrReceiver]: android.intent.action.PACKAGE_REMOVED : com.example.snoopy
12-12 15:50:28.064 10629 10629 D dalvikvm: GC_EXPLICIT freed 365K, 28% free 8393K/11636K, paused 5ms+6ms, total 170ms
12-12 15:50:28.064  2896  2896 W System.err: 	at android.app.ApplicationPackageManager.getPackageInfo(ApplicationPackageManager.java:82)
12-12 15:50:28.064  2896  2896 W System.err: 	at com.lge.mlt.MptOnAppWatcher$1.onReceive(MptOnAppWatcher.java:44)
12-12 15:50:28.064  2896  2896 W System.err: 	at android.app.LoadedApk$ReceiverDispatcher$Args.run(LoadedApk.java:782)
12-12 15:50:28.064  2896  2896 W System.err: 	at android.os.Handler.handleCallback(Handler.java:733)
12-12 15:50:28.064  2896  2896 W System.err: 	at android.os.Handler.dispatchMessage(Handler.java:95)
12-12 15:50:28.074  2896  2896 W System.err: 	at android.os.Looper.loop(Looper.java:136)
12-12 15:50:28.074  2896  2896 W System.err: 	at android.app.ActivityThread.main(ActivityThread.java:5118)
12-12 15:50:28.074  2896  2896 W System.err: 	at java.lang.reflect.Method.invokeNative(Native Method)
12-12 15:50:28.074  2896  2896 W System.err: 	at java.lang.reflect.Method.invoke(Method.java:515)
12-12 15:50:28.074  2896  2896 W System.err: 	at com.android.internal.os.ZygoteInit$MethodAndArgsCaller.run(ZygoteInit.java:790)
12-12 15:50:28.074  2896  2896 W System.err: 	at com.android.internal.os.ZygoteInit.main(ZygoteInit.java:606)
12-12 15:50:28.074  2896  2896 W System.err: 	at dalvik.system.NativeStart.main(Native Method)
12-12 15:50:28.074  1404  1404 D SplitUIManager: split_name #10 / not available #0
12-12 15:50:28.074  1404  1404 D SplitUIService: removed split : 
12-12 15:50:28.084   962  3337 D [SystemUI]SystemUIProvider: [SystemUIProvider.java:53:call()]method=SET_USER, extras=Bundle[mParcelledData.dataSize=72]
12-12 15:50:28.084   962  3337 D [SystemUI]SystemUIProvider: [SystemUIProvider.java:227:getOrEstablishDatabase()]userHandle=0
12-12 15:50:28.084   962  1331 D [SystemUI]SystemUIProvider: [SystemUIProvider.java:53:call()]method=DATA_GET, extras=Bundle[mParcelledData.dataSize=60]
12-12 15:50:28.094   962  1331 D [SystemUI]SystemUIProvider: [SystemUIProvider.java:126:call()]retValue = Bundle[{_return=null}]
12-12 15:50:28.094   962  1539 D [SystemUI]SystemUIProvider: [SystemUIProvider.java:53:call()]method=SET_USER, extras=Bundle[mParcelledData.dataSize=72]
12-12 15:50:28.094   962  1539 D [SystemUI]SystemUIProvider: [SystemUIProvider.java:227:getOrEstablishDatabase()]userHandle=0
12-12 15:50:28.094   962  1242 D [SystemUI]SystemUIProvider: [SystemUIProvider.java:53:call()]method=DATA_GET, extras=Bundle[mParcelledData.dataSize=60]
12-12 15:50:28.094 10629 11018 I Icing   : IndexChimeraService.getServiceInterface callingPackage=com.google.android.inputmethod.latin componentName=null serviceId=21
12-12 15:50:28.104 10629 14588 D Wear_Controller: Received broadcast action=android.intent.action.PACKAGE_DATA_CLEARED and uri=com.example.snoopy
12-12 15:50:28.104 10629 14227 I LocationSettingsChecker: Removing dialog suppression flag for package com.example.snoopy
12-12 15:50:28.104   962  1242 D [SystemUI]SystemUIProvider: [SystemUIProvider.java:126:call()]retValue = Bundle[{_return=null}]
12-12 15:50:28.104  1379 14590 D VoicemailCleanupService: Cleaning up data for package: com.example.snoopy
12-12 15:50:28.124  1404  1404 D SplitUIManager: split_name #10 / not available #0
12-12 15:50:28.124  1404  1404 I SplitUIService: split app #10
12-12 15:50:28.124   962  1561 D [SystemUI]SystemUIProvider: [SystemUIProvider.java:53:call()]method=SET_USER, extras=Bundle[mParcelledData.dataSize=72]
12-12 15:50:28.124   962  1561 D [SystemUI]SystemUIProvider: [SystemUIProvider.java:227:getOrEstablishDatabase()]userHandle=0
12-12 15:50:28.124   962  3337 D [SystemUI]SystemUIProvider: [SystemUIProvider.java:53:call()]method=DATA_GET, extras=Bundle[mParcelledData.dataSize=60]
12-12 15:50:28.124   962  3337 D [SystemUI]SystemUIProvider: [SystemUIProvider.java:480:get()]1
12-12 15:50:28.124   962  3337 D [SystemUI]SystemUIProvider: [SystemUIProvider.java:126:call()]retValue = Bundle[{_return=1}]
12-12 15:50:28.134  1197  1197 I [SystemUI]QSlideListController: onReceive = android.intent.action.PACKAGE_REMOVED
12-12 15:50:28.144  1197  1197 I [SystemUI]GlobalAccessView: onReceive = android.intent.action.PACKAGE_REMOVED
12-12 15:50:28.144 14134 14153 D Documents: Update found 7 roots in 95ms
12-12 15:50:28.144 14344 14344 I PackageChangeReceiver: intent action : android.intent.action.PACKAGE_REMOVED (at PackageChangeReceiver.java onReceive 20)
12-12 15:50:28.144 10629 11035 I Icing   : doRemovePackageData com.example.snoopy
12-12 15:50:28.184   962   962 D dalvikvm: GC_EXPLICIT freed 3038K, 44% free 18422K/32384K, paused 5ms+20ms, total 264ms
12-12 15:50:28.184   962  1040 D dalvikvm: WAIT_FOR_CONCURRENT_GC blocked 150ms
12-12 15:50:28.194 13134 13134 D PackageIntentReceiver: Not supported Hotkey customization function 
12-12 15:50:28.194 13134 13134 D HideNavigationAppsReceiver: Receive package name : com.example.snoopy, replacing=false, action=android.intent.action.PACKAGE_REMOVED
12-12 15:50:28.194 13134 13134 D HideNavigationAppsReceiver: replacing : false
12-12 15:50:28.194 13134 13134 D HideNavigationAppsReceiver: Delete mPackageMame : com.example.snoopy
12-12 15:50:28.204 13134 13134 D ButtonCombinationReceiver: Receive package name : com.example.snoopy
12-12 15:50:28.204 13134 13134 D ButtonCombinationReceiver: replacing : false
12-12 15:50:28.204  1197  1197 D KeyguardModel: handleShortcutListChanged...
12-12 15:50:28.204  1197  1197 D KeyguardModel: mPackageIntentReceiver, received action: android.intent.action.PACKAGE_FULLY_REMOVED, sendingUserId:0
12-12 15:50:28.214  1344  1399 I LatinIME:LogUtils: Dictionary info: dictionary = PersonalizationDictionary.en_US ; version = 1513111819 ; date = 1513111828
12-12 15:50:28.224   962   962 D administrator: Handling package changes for user 0
12-12 15:50:28.224  1756 14596 I Icing.InternalIcingCorporaProvider: Updating corpora: A: com.example.snoopy, C: MAYBE
12-12 15:50:28.224  1197  1212 D KeyguardModel: package = com.android.contacts, class = com.android.contacts.activities.PeopleActivity
12-12 15:50:28.224  1197  1212 D KeyguardModel: createShortcutInfo...
12-12 15:50:28.234  1197  1212 D KeyguardModel: package = com.lge.email, class = com.lge.email.ui.setupwizard.Welcome
12-12 15:50:28.234  1197  1212 D KeyguardModel: createShortcutInfo...
12-12 15:50:28.234  1197  1212 D KeyguardModel: package = com.android.browser, class = com.android.browser.BrowserActivity
12-12 15:50:28.234 10629 11035 I Icing   : Usage reports ok 0, Failed Usage reports 0, indexed 0, rejected 0, imm upload false
12-12 15:50:28.234  1197  1212 D KeyguardModel: createShortcutInfo...
12-12 15:50:28.234   962  1182 D ConnectivityServiceHSM: Actual State: DefaultConnectivityState, Current State: DefaultConnectivityState.processMessage what=112
12-12 15:50:28.234   962  1182 D ConnectivityServiceHSM: Actual State: DefaultConnectivityState, Current State: DefaultConnectivityState.processMessage what=112
12-12 15:50:28.234 14376 14376 W ContextImpl: Calling a method in the system process without a qualified user: android.app.ContextImpl.startService:1607 android.content.ContextWrapper.startService:494 android.content.ContextWrapper.startService:494 com.android.keychain.KeyChainBroadcastReceiver.onReceive:12 android.app.ActivityThread.handleReceiver:2429 
12-12 15:50:28.234   962  1182 D MobileDataStateTracker: default: setPolicyDataEnable(enabled=true)
12-12 15:50:28.244  1197  1212 D KeyguardModel: package = com.lge.qmemoplus, class = com.lge.qmemoplus.ui.main.MainActivity
12-12 15:50:28.244  1197  1212 D KeyguardModel: createShortcutInfo...
12-12 15:50:28.244  1197  1212 D KeyguardModel: package = com.android.gallery3d, class = com.android.gallery3d.app.Gallery
12-12 15:50:28.244  1197  1212 D KeyguardModel: createShortcutInfo...
12-12 15:50:28.254  1197  1212 D KeyguardModel: package = com.lge.camera, class = com.lge.camera.CameraApp
12-12 15:50:28.254  1197  1212 D KeyguardModel: createShortcutInfo...
12-12 15:50:28.254  1197  1197 D KeyguardModel: handleShortcutListChanged...
12-12 15:50:28.294 10629 11018 I Icing   : IndexChimeraService.getServiceInterface callingPackage=com.google.android.googlequicksearchbox componentName=null serviceId=21
12-12 15:50:28.294 10247 10698 E NetworkScheduler: Unrecognised action provided: android.intent.action.PACKAGE_REMOVED
12-12 15:50:28.344   962   962 D BackupManagerService: Received broadcast Intent { act=android.intent.action.PACKAGE_REMOVED dat=package:com.example.snoopy flg=0x4000010 (has extras) }
12-12 15:50:28.344   962   962 I InteractionManagerConfigurator: updateIntentFilterConfig
12-12 15:50:28.344   962   962 I InteractionManagerConfigurator: com.example.snoopy isn't inclued in dragdropPackageList
12-12 15:50:28.344 10629 14227 D Wear_Controller: Received broadcast action=android.intent.action.PACKAGE_REMOVED and uri=com.example.snoopy
12-12 15:50:28.344   962   962 V BackupManagerService: removePackageParticipantsLocked: uid=11598 #1
12-12 15:50:28.354 10629 14227 I LocationSettingsChecker: Removing dialog suppression flag for package com.example.snoopy
12-12 15:50:28.364 13134 13134 D PackageIntentReceiver: Not supported Hotkey customization function 
12-12 15:50:28.364 10629 14589 I PeopleContactsSync: triggerPendingContactsCleanup: no accounts
12-12 15:50:28.364 10629 11035 I Icing   : Usage reports ok 0, Failed Usage reports 0, indexed 0, rejected 0, imm upload true
12-12 15:50:28.384  1756 14596 I Icing.InternalIcingCorporaProvider: UpdateCorporaTask done [took 156 ms] updated apps [took 155 ms] 
12-12 15:50:28.384 10629 11035 I Icing   : doRemovePackageData com.example.snoopy
12-12 15:50:28.384 10629 14601 I GrowthService: Package com.example.snoopy uninstalled. Removing from storage.
12-12 15:50:28.444 10629 11018 I Icing   : IndexChimeraService.getServiceInterface callingPackage=com.google.android.gms componentName=AppsCorpus serviceId=36
12-12 15:50:28.444 10629 11022 I Icing   : IndexChimeraService.getServiceInterface callingPackage=com.google.android.gms componentName=AppsCorpus serviceId=32
12-12 15:50:28.464 10247 10690 D libc    : getaddrinfo called from pid =10247
12-12 15:50:28.464 10247 10690 D libc    : getaddrinfo called from pid =10247
12-12 15:50:28.464   312 14606 D libc    : getaddrinfo called from pid =312
12-12 15:50:28.464   312 14606 D libc    : _dns_getaddrinfo: iptype =1
12-12 15:50:28.464   312 14606 D libc    : _dns_getaddrinfo: query_ipv4=1, query_ipv6=0
12-12 15:50:28.464 10247 10690 D libc    : dnsproxy getaddrinfo returns 0
12-12 15:50:28.464 10629 10747 I Icing   : Usage reports ok 0, Failed Usage reports 0, indexed 0, rejected 0, imm upload false
12-12 15:50:28.474 10629 10747 I Icing   : Usage reports ok 0, Failed Usage reports 0, indexed 0, rejected 0, imm upload false
12-12 15:50:28.504 10247 10690 D libc    : getaddrinfo called from pid =10247
12-12 15:50:28.504 10247 10690 W Conscrypt: Could not set socket write timeout:
12-12 15:50:28.504 10247 10690 W Conscrypt:    java.lang.reflect.Method.invokeNative(Native Method)
12-12 15:50:28.504 10247 10690 W Conscrypt:    java.lang.reflect.Method.invoke(Method.java:515)
12-12 15:50:28.544 10247 10690 W Conscrypt: Could not set socket write timeout:
12-12 15:50:28.544 10247 10690 W Conscrypt:    java.lang.reflect.Method.invokeNative(Native Method)
12-12 15:50:28.544 10247 10690 W Conscrypt:    java.lang.reflect.Method.invoke(Method.java:515)
12-12 15:50:28.544   962  1040 D dalvikvm: GC_EXPLICIT freed 778K, 44% free 18319K/32384K, paused 5ms+27ms, total 364ms
12-12 15:50:28.554 14541 14541 D AndroidRuntime: Shutting down VM
12-12 15:50:28.564 14541 14560 D dalvikvm: GC_CONCURRENT freed 97K, 15% free 592K/692K, paused 1ms+0ms, total 3ms
12-12 15:50:28.574  1546  1546 I [LGHome]EVENT: [LauncherModel.java:1146:onReceive()]onReceive intent=Intent { act=android.search.action.SEARCHABLES_CHANGED flg=0x24000010 }
12-12 15:50:28.844   306   385 I Vold    : [LGE][VOLD][NetlinkHandler.cpp][onEvent()] subsys:cpu, action:0
12-12 15:50:28.854 10629 10629 W dalvikvm: VFY: unable to find class referenced in signature (Landroid/app/job/JobParameters;)
12-12 15:50:29.144   306   385 I Vold    : [LGE][VOLD][NetlinkHandler.cpp][onEvent()] subsys:cpu, action:0
12-12 15:50:29.244   962  1537 I ActivityManager: Killing 14166:com.android.externalstorage/u0a8 (adj 15): empty #14
12-12 15:50:29.254  1515  1526 I com.skyfire.browser.toolbar.ProcessObserverService: On process died 14166,10008
12-12 15:50:29.254   962  5456 D ActivityManager: resumeTopActivityLocked: Going to sleep and all paused
12-12 15:50:29.384 14615 14615 D AndroidRuntime: 
12-12 15:50:29.384 14615 14615 D AndroidRuntime: >>>>>> AndroidRuntime START com.android.internal.os.RuntimeInit <<<<<<
12-12 15:50:29.384 14615 14615 D AndroidRuntime: CheckJNI is OFF
12-12 15:50:29.394 10629 11222 I Icing   : Indexing 0C8BC2AC7AA97047786811A16890388E765BC949 from com.google.android.googlequicksearchbox
12-12 15:50:29.414 14615 14615 D dalvikvm: Trying to load lib libjavacore.so 0x0
12-12 15:50:29.414 14615 14615 D dalvikvm: Added shared lib libjavacore.so 0x0
12-12 15:50:29.424 14615 14615 D dalvikvm: Trying to load lib libnativehelper.so 0x0
12-12 15:50:29.424 14615 14615 D dalvikvm: Added shared lib libnativehelper.so 0x0
12-12 15:50:29.424 14615 14615 D dalvikvm: No JNI_OnLoad found in libnativehelper.so 0x0, skipping init
12-12 15:50:29.474 14615 14615 D dalvikvm: Note: class Landroid/app/ActivityManagerNative; has 184 unimplemented (abstract) methods
12-12 15:50:29.474 10629 11222 I Icing   : Indexing done 0C8BC2AC7AA97047786811A16890388E765BC949
12-12 15:50:29.494 10629 11222 I Icing   : Indexing 3BCD0E4A1B748ECEB8EFEB8910EECD2885E576D4 from com.google.android.gms
12-12 15:50:29.504 10629 11222 I Icing   : Indexing done 3BCD0E4A1B748ECEB8EFEB8910EECD2885E576D4
12-12 15:50:29.544  1344  1344 D AmanattoDataUpdater: Ignoring new fetching request. Another task already exists.
12-12 15:50:29.544 10629 11018 I Icing   : IndexChimeraService.getServiceInterface callingPackage=com.google.android.inputmethod.latin componentName=null serviceId=21
12-12 15:50:29.574 10629 11222 I Icing   : Usage reports ok 0, Failed Usage reports 0, indexed 0, rejected 0, imm upload false
12-12 15:50:29.594  1344  1399 I LatinIME:LogUtils: Dictionary info: dictionary = PersonalizationDictionary.en_US ; version = 1513111819 ; date = 1513111829
12-12 15:50:29.604   306   385 I Vold    : [LGE][VOLD][NetlinkHandler.cpp][onEvent()] subsys:cpu, action:0
12-12 15:50:29.714 14615 14615 E memtrack: Couldn't load memtrack module (No such file or directory)
12-12 15:50:29.714 14615 14615 E android.os.Debug: failed to load memtrack module: -2
12-12 15:50:29.794 14615 14615 D AndroidRuntime: Calling main entry com.android.commands.pm.Pm
