12-12 15:50:19.204  1515  1538 I com.skyfire.browser.toolbar.ProcessObserverService: On importance changed 14294,10078,400
12-12 15:50:19.214   962  1558 D [SystemUI]SystemUIProvider: [SystemUIProvider.java:53:call()]method=SET_USER, extras=Bundle[mParcelledData.dataSize=76]
12-12 15:50:19.214   962  1558 D [SystemUI]SystemUIProvider: [SystemUIProvider.java:227:getOrEstablishDatabase()]userHandle=0
12-12 15:50:19.214   962  1559 D [SystemUI]SystemUIProvider: [SystemUIProvider.java:53:call()]method=QUICKSETTING_SAVE, extras=Bundle[mParcelledData.dataSize=1808]
12-12 15:50:19.214 14294 14294 D HyLog   : I : /data/font/config/sfconfig.dat, No such file or directory (2)
12-12 15:50:19.214 14294 14294 D HyLog   : I : /data/font/config/dfactpre.dat, No such file or directory (2)
12-12 15:50:19.214 14294 14294 D HyLog   : I : /data/font/config/sfconfig.dat, No such file or directory (2)
12-12 15:50:19.224   316   316 D dalvikvm: GC_EXPLICIT freed <1K, 76% free 2864K/11632K, paused 2ms+2ms, total 20ms
12-12 15:50:19.234 14134 14283 D Documents: Update found 7 roots in 73ms
12-12 15:50:19.244   316   316 D dalvikvm: GC_EXPLICIT freed <1K, 76% free 2864K/11632K, paused 1ms+2ms, total 23ms
12-12 15:50:19.254  1344  1399 I LatinIME:LogUtils: Dictionary info: dictionary = PersonalizationDictionary.en_US ; version = 1513109672 ; date = 1513111819
12-12 15:50:19.254 14294 14294 I LockScreenSettings: Wallpaper base directory = /data/user/0/com.lge.lockscreensettings/files/
12-12 15:50:19.264  1404  1404 D SplitUIManager: split_name #10 / not available #0
12-12 15:50:19.264  1404  1404 D SplitUIService: removed split : 
12-12 15:50:19.274   962  1182 D ConnectivityServiceHSM: Actual State: DefaultConnectivityState, Current State: DefaultConnectivityState.processMessage what=112
12-12 15:50:19.274 10629 11022 I Icing   : IndexChimeraService.getServiceInterface callingPackage=com.google.android.inputmethod.latin componentName=null serviceId=21
12-12 15:50:19.274   962  1182 D ConnectivityServiceHSM: Actual State: DefaultConnectivityState, Current State: DefaultConnectivityState.processMessage what=112
12-12 15:50:19.274   962  1182 D MobileDataStateTracker: default: setPolicyDataEnable(enabled=true)
12-12 15:50:19.284   962  1143 V AlarmManager: ELAPSED_WAKEUP set : Alarm{42fd6800 type 2 com.google.android.gms} when  2177812
12-12 15:50:19.294  1404  1404 D SplitUIManager: split_name #10 / not available #0
12-12 15:50:19.294  1404  1404 I SplitUIService: split app #10
12-12 15:50:19.314  4426  4426 W ContextImpl: Implicit intents with startService are not safe: Intent { act=com.wildtangent.intent.action.ACTION_UNINSTALL (has extras) } android.content.ContextWrapper.startService:494 com.wildtangent.android.costperinstall.CostPerInstallReceiver.onReceive:46 android.app.ActivityThread.handleReceiver:2429 
12-12 15:50:19.314   962  1537 D [SystemUI]SystemUIProvider: [SystemUIProvider.java:53:call()]method=SET_USER, extras=Bundle[mParcelledData.dataSize=72]
12-12 15:50:19.314   962  1537 D [SystemUI]SystemUIProvider: [SystemUIProvider.java:227:getOrEstablishDatabase()]userHandle=0
12-12 15:50:19.314   962  1561 D [SystemUI]SystemUIProvider: [SystemUIProvider.java:53:call()]method=DATA_GET, extras=Bundle[mParcelledData.dataSize=60]
12-12 15:50:19.314  1197  1212 D KeyguardModel: package = com.android.contacts, class = com.android.contacts.activities.PeopleActivity
12-12 15:50:19.314  1197  1212 D KeyguardModel: createShortcutInfo...
12-12 15:50:19.324   962  1561 D [SystemUI]SystemUIProvider: [SystemUIProvider.java:126:call()]retValue = Bundle[{_return=null}]
12-12 15:50:19.334  1197  1212 D KeyguardModel: package = com.lge.email, class = com.lge.email.ui.setupwizard.Welcome
12-12 15:50:19.334  1197  1212 D KeyguardModel: createShortcutInfo...
12-12 15:50:19.354  1197  1212 D KeyguardModel: package = com.android.browser, class = com.android.browser.BrowserActivity
12-12 15:50:19.354  1197  1212 D KeyguardModel: createShortcutInfo...
12-12 15:50:19.354   962  1331 D [SystemUI]SystemUIProvider: [SystemUIProvider.java:53:call()]method=SET_USER, extras=Bundle[mParcelledData.dataSize=72]
12-12 15:50:19.354   962  1331 D [SystemUI]SystemUIProvider: [SystemUIProvider.java:227:getOrEstablishDatabase()]userHandle=0
12-12 15:50:19.354  1344  1399 I LatinIME:LogUtils: Dictionary info: dictionary = PersonalizationDictionary.en_US ; version = 1513111819 ; date = 1513111819
12-12 15:50:19.354   962  1559 I ActivityManager: Start proc com.lge.bnr for broadcast com.lge.bnr/.receiver.BNRAppInstallReceiver: pid=14311 uid=1000 gids={41000, 1028, 1015, 3003, 3002, 3001, 1007, 1002, 3008, 1023, 1004, 2002, 1026, 3005, 1009, 1027, 1010, 5000, 2001, 4002, 1021, 3004, 1000, 3009}
12-12 15:50:19.364   962  3337 D [SystemUI]SystemUIProvider: [SystemUIProvider.java:53:call()]method=DATA_GET, extras=Bundle[mParcelledData.dataSize=60]
12-12 15:50:19.364  1515  1526 I com.skyfire.browser.toolbar.ProcessObserverService: On importance changed 14311,1000,400
12-12 15:50:19.364   962  3337 D [SystemUI]SystemUIProvider: [SystemUIProvider.java:126:call()]retValue = Bundle[{_return=null}]
12-12 15:50:19.364   962  1545 D [SystemUI]SystemUIProvider: [SystemUIProvider.java:53:call()]method=SET_USER, extras=Bundle[mParcelledData.dataSize=72]
12-12 15:50:19.364   962  1545 D [SystemUI]SystemUIProvider: [SystemUIProvider.java:227:getOrEstablishDatabase()]userHandle=0
12-12 15:50:19.364   962  1558 D [SystemUI]SystemUIProvider: [SystemUIProvider.java:53:call()]method=DATA_GET, extras=Bundle[mParcelledData.dataSize=60]
12-12 15:50:19.374  1197  1212 D KeyguardModel: package = com.lge.qmemoplus, class = com.lge.qmemoplus.ui.main.MainActivity
12-12 15:50:19.374  1197  1212 D KeyguardModel: createShortcutInfo...
12-12 15:50:19.374  1344  1399 I LatinIME:LogUtils: Dictionary info: dictionary = PersonalizationDictionary.en_US ; version = 1513111819 ; date = 1513111819
12-12 15:50:19.374   962  1558 D [SystemUI]SystemUIProvider: [SystemUIProvider.java:480:get()]1
12-12 15:50:19.374   962  1558 D [SystemUI]SystemUIProvider: [SystemUIProvider.java:126:call()]retValue = Bundle[{_return=1}]
12-12 15:50:19.374 10629 11222 I Icing   : Usage reports ok 0, Failed Usage reports 0, indexed 0, rejected 0, imm upload false
12-12 15:50:19.374 14311 14311 D HyLog   : I : /data/font/config/sfconfig.dat, No such file or directory (2)
12-12 15:50:19.374 14311 14311 D HyLog   : I : /data/font/config/dfactpre.dat, No such file or directory (2)
12-12 15:50:19.374 14311 14311 D HyLog   : I : /data/font/config/sfconfig.dat, No such file or directory (2)
12-12 15:50:19.384  1197  1212 D KeyguardModel: package = com.android.gallery3d, class = com.android.gallery3d.app.Gallery
12-12 15:50:19.384  1197  1212 D KeyguardModel: createShortcutInfo...
12-12 15:50:19.394  1197  1197 I [SystemUI]QSlideListController: onReceive = android.intent.action.PACKAGE_REMOVED
12-12 15:50:19.394   962  1539 I LGImmersionVibrator: Vibrator exists
12-12 15:50:19.394  1197  1197 I [SystemUI]GlobalAccessView: onReceive = android.intent.action.PACKAGE_REMOVED
12-12 15:50:19.414  1197  1212 D KeyguardModel: package = com.lge.camera, class = com.lge.camera.CameraApp
12-12 15:50:19.414  1197  1212 D KeyguardModel: createShortcutInfo...
12-12 15:50:19.424 14178 14198 I dalvikvm: Could not find method android.provider.DocumentsContract.getTreeDocumentId, referenced from method fsk.a
12-12 15:50:19.424 14178 14198 W dalvikvm: VFY: unable to resolve static method 4184: Landroid/provider/DocumentsContract;.getTreeDocumentId (Landroid/net/Uri;)Ljava/lang/String;
12-12 15:50:19.424  1344  1399 I LatinIME:LogUtils: Dictionary info: dictionary = PersonalizationDictionary.en_US ; version = 1513111819 ; date = 1513111819
12-12 15:50:19.424 14178 14198 D dalvikvm: VFY: replacing opcode 0x71 at 0x0075
12-12 15:50:19.534   962  1040 D dalvikvm: GC_EXPLICIT freed 3834K, 44% free 18323K/32384K, paused 19ms+17ms, total 339ms
12-12 15:50:19.534   962  1171 D dalvikvm: WAIT_FOR_CONCURRENT_GC blocked 123ms
12-12 15:50:19.534   962   962 D dalvikvm: WAIT_FOR_CONCURRENT_GC blocked 123ms
12-12 15:50:19.534   962  1375 D dalvikvm: WAIT_FOR_CONCURRENT_GC blocked 118ms
12-12 15:50:19.534   962  1331 D dalvikvm: WAIT_FOR_CONCURRENT_GC blocked 115ms
12-12 15:50:19.534   962  1545 D dalvikvm: WAIT_FOR_CONCURRENT_GC blocked 118ms
12-12 15:50:19.534   962  1194 D dalvikvm: WAIT_FOR_CONCURRENT_GC blocked 105ms
12-12 15:50:19.534   962  1561 D dalvikvm: WAIT_FOR_CONCURRENT_GC blocked 98ms
12-12 15:50:19.534   962  3338 D dalvikvm: WAIT_FOR_CONCURRENT_GC blocked 124ms
12-12 15:50:19.534   962  1022 D dalvikvm: WAIT_FOR_CONCURRENT_GC blocked 55ms
12-12 15:50:19.534   962   973 D dalvikvm: WAIT_FOR_CONCURRENT_GC blocked 125ms
12-12 15:50:19.544  1197  1197 D KeyguardModel: mPackageIntentReceiver, received action: android.intent.action.PACKAGE_FULLY_REMOVED, sendingUserId:0
12-12 15:50:19.564  1197  1197 D KeyguardModel: handleShortcutListChanged...
12-12 15:50:19.564 14267 14267 D AndroidRuntime: Shutting down VM
12-12 15:50:19.574  1197  1212 D KeyguardModel: package = com.android.contacts, class = com.android.contacts.activities.PeopleActivity
12-12 15:50:19.574  1197  1212 D KeyguardModel: createShortcutInfo...
12-12 15:50:19.574 14267 14272 D dalvikvm: GC_CONCURRENT freed 97K, 15% free 592K/692K, paused 0ms+0ms, total 3ms
12-12 15:50:19.574  1197  1212 D KeyguardModel: package = com.lge.email, class = com.lge.email.ui.setupwizard.Welcome
12-12 15:50:19.574  1197  1212 D KeyguardModel: createShortcutInfo...
12-12 15:50:19.574  1197  1212 D KeyguardModel: package = com.android.browser, class = com.android.browser.BrowserActivity
12-12 15:50:19.574  1197  1212 D KeyguardModel: createShortcutInfo...
12-12 15:50:19.574  1197  1212 D KeyguardModel: package = com.lge.qmemoplus, class = com.lge.qmemoplus.ui.main.MainActivity
12-12 15:50:19.574  1197  1212 D KeyguardModel: createShortcutInfo...
12-12 15:50:19.574  1197  1212 D KeyguardModel: package = com.android.gallery3d, class = com.android.gallery3d.app.Gallery
12-12 15:50:19.574  1197  1212 D KeyguardModel: createShortcutInfo...
12-12 15:50:19.584  1197  1212 D KeyguardModel: package = com.lge.camera, class = com.lge.camera.CameraApp
12-12 15:50:19.584  1197  1212 D KeyguardModel: createShortcutInfo...
12-12 15:50:19.584  1197  1197 D KeyguardModel: handleShortcutListChanged...
12-12 15:50:19.604 14311 14311 D [BNRAppListMgrReceiver]: android.intent.action.PACKAGE_REMOVED : com.trellis
12-12 15:50:19.624   962  1242 I ActivityManager: Start proc com.android.contacts for broadcast com.android.contacts/.quickcontact.PackageIntentReceiver: pid=14329 uid=10021 gids={50021, 3003, 1028, 1015, 1023, 4002}
12-12 15:50:19.624   962  1242 I ActivityManager: Killing 12074:com.google.android.apps.plus/u0a98 (adj 15): empty #14
12-12 15:50:19.634  1515  1538 I com.skyfire.browser.toolbar.ProcessObserverService: On importance changed 14329,10021,400
12-12 15:50:19.634  1515  1526 I com.skyfire.browser.toolbar.ProcessObserverService: On process died 12074,10098
12-12 15:50:19.634   962  1561 D ActivityManager: resumeTopActivityLocked: Going to sleep and all paused
12-12 15:50:19.634   962   962 D BackupManagerService: Received broadcast Intent { act=android.intent.action.PACKAGE_REMOVED dat=package:com.trellis flg=0x4000010 (has extras) }
12-12 15:50:19.634   962   962 V BackupManagerService: removePackageParticipantsLocked: uid=11599 #1
12-12 15:50:19.644   962   962 I InteractionManagerConfigurator: updateIntentFilterConfig
12-12 15:50:19.644   962   962 I InteractionManagerConfigurator: com.trellis isn't inclued in dragdropPackageList
12-12 15:50:19.644 14329 14329 D HyLog   : I : /data/font/config/sfconfig.dat, No such file or directory (2)
12-12 15:50:19.644 14329 14329 D HyLog   : I : /data/font/config/dfactpre.dat, No such file or directory (2)
12-12 15:50:19.644 14329 14329 D HyLog   : I : /data/font/config/sfconfig.dat, No such file or directory (2)
12-12 15:50:19.674 14178 14198 I dalvikvm: Could not find method android.content.ContextWrapper.createCredentialProtectedStorageContext, referenced from method jwn.createCredentialProtectedStorageContext
12-12 15:50:19.674 14178 14198 W dalvikvm: VFY: unable to resolve virtual method 1708: Landroid/content/ContextWrapper;.createCredentialProtectedStorageContext ()Landroid/content/Context;
12-12 15:50:19.674 14178 14198 D dalvikvm: VFY: replacing opcode 0x6f at 0x0002
12-12 15:50:19.674 14178 14198 I dalvikvm: Could not find method android.content.ContextWrapper.createDeviceProtectedStorageContext, referenced from method jwn.createDeviceProtectedStorageContext
12-12 15:50:19.674 14178 14198 W dalvikvm: VFY: unable to resolve virtual method 1709: Landroid/content/ContextWrapper;.createDeviceProtectedStorageContext ()Landroid/content/Context;
12-12 15:50:19.674 14178 14198 D dalvikvm: VFY: replacing opcode 0x6f at 0x0002
12-12 15:50:19.674 14178 14198 D dalvikvm: DexOpt: couldn't find static field Landroid/os/Build;.SUPPORTED_ABIS
12-12 15:50:19.674 14178 14198 W dalvikvm: VFY: unable to resolve static field 918 (SUPPORTED_ABIS) in Landroid/os/Build;
12-12 15:50:19.674 14178 14198 D dalvikvm: VFY: replacing opcode 0x62 at 0x0008
12-12 15:50:19.684 14178 14198 D dalvikvm: DexOpt: couldn't find static field Landroid/os/Build;.SUPPORTED_ABIS
12-12 15:50:19.684 14178 14198 W dalvikvm: VFY: unable to resolve static field 918 (SUPPORTED_ABIS) in Landroid/os/Build;
12-12 15:50:19.684 14178 14198 D dalvikvm: VFY: replacing opcode 0x62 at 0x0097
12-12 15:50:19.684 14178 14198 D dalvikvm: DexOpt: couldn't find field Landroid/content/pm/ApplicationInfo;.splitSourceDirs
12-12 15:50:19.684 14178 14198 W dalvikvm: VFY: unable to resolve instance field 849
12-12 15:50:19.684 14178 14198 D dalvikvm: VFY: replacing opcode 0x54 at 0x0053
12-12 15:50:19.684 14178 14198 D dalvikvm: DexOpt: couldn't find field Landroid/content/pm/ApplicationInfo;.splitSourceDirs
12-12 15:50:19.684 14178 14198 I dalvikvm: DexOpt: unable to optimize instance field ref 0x0351 at 0x57 in Lkgr;.d
12-12 15:50:19.684 14178 14198 I dalvikvm: Could not find method android.content.ContextWrapper.createCredentialProtectedStorageContext, referenced from method com.google.android.chimera.ModuleContext.createCredentialProtectedStorageContext
12-12 15:50:19.684 14178 14198 W dalvikvm: VFY: unable to resolve virtual method 1708: Landroid/content/ContextWrapper;.createCredentialProtectedStorageContext ()Landroid/content/Context;
12-12 15:50:19.684 14178 14198 D dalvikvm: VFY: replacing opcode 0x6f at 0x0002
12-12 15:50:19.684 14178 14198 I dalvikvm: Could not find method android.content.ContextWrapper.createDeviceProtectedStorageContext, referenced from method com.google.android.chimera.ModuleContext.createDeviceProtectedStorageContext
12-12 15:50:19.684 14178 14198 W dalvikvm: VFY: unable to resolve virtual method 1709: Landroid/content/ContextWrapper;.createDeviceProtectedStorageContext ()Landroid/content/Context;
12-12 15:50:19.684 14178 14198 D dalvikvm: VFY: replacing opcode 0x6f at 0x0002
12-12 15:50:19.684 14178 14198 W dalvikvm: VFY: unable to find class referenced in signature (Larql;)
12-12 15:50:19.694 14178 14198 I dalvikvm: Could not find method android.content.Context.isDeviceProtectedStorage, referenced from method kel.d
12-12 15:50:19.694 14178 14198 W dalvikvm: VFY: unable to resolve virtual method 1689: Landroid/content/Context;.isDeviceProtectedStorage ()Z
12-12 15:50:19.694 14178 14198 D dalvikvm: VFY: replacing opcode 0x6e at 0x0006
12-12 15:50:19.694 14178 14198 I dalvikvm: Could not find method android.os.UserHandle.isOwner, referenced from method kel.i
12-12 15:50:19.694 14178 14198 W dalvikvm: VFY: unable to resolve virtual method 2304: Landroid/os/UserHandle;.isOwner ()Z
12-12 15:50:19.694 14178 14198 D dalvikvm: VFY: replacing opcode 0x6e at 0x000a
12-12 15:50:19.704 14178 14198 I dalvikvm: Could not find method android.content.Context.createDeviceProtectedStorageContext, referenced from method jkx.a
12-12 15:50:19.704 14178 14198 W dalvikvm: VFY: unable to resolve virtual method 1659: Landroid/content/Context;.createDeviceProtectedStorageContext ()Landroid/content/Context;
12-12 15:50:19.704 14178 14198 D dalvikvm: VFY: replacing opcode 0x6e at 0x0029
12-12 15:50:19.704 14178 14198 I dalvikvm: Could not find method android.content.Context.getSystemService, referenced from method jkx.b
12-12 15:50:19.704 14178 14198 W dalvikvm: VFY: unable to resolve virtual method 1684: Landroid/content/Context;.getSystemService (Ljava/lang/Class;)Ljava/lang/Object;
12-12 15:50:19.704 14178 14198 D dalvikvm: VFY: replacing opcode 0x6e at 0x000b
12-12 15:50:19.704 14178 14198 D dalvikvm: Trying to load lib /data/app-lib/com.google.android.gms-2/libgmscore.so 0x424af140
12-12 15:50:19.704 14178 14198 D dalvikvm: Added shared lib /data/app-lib/com.google.android.gms-2/libgmscore.so 0x424af140
12-12 15:50:19.704 14178 14198 D dalvikvm: No JNI_OnLoad found in /data/app-lib/com.google.android.gms-2/libgmscore.so 0x424af140, skipping init
12-12 15:50:19.704 14178 14198 I dalvikvm: Could not find method android.content.pm.PackageManager.isInstantApp, referenced from method kkc.a
12-12 15:50:19.704 14178 14198 W dalvikvm: VFY: unable to resolve virtual method 1808: Landroid/content/pm/PackageManager;.isInstantApp (Ljava/lang/String;)Z
12-12 15:50:19.704 14178 14198 D dalvikvm: VFY: replacing opcode 0x6e at 0x002d
12-12 15:50:19.714 14178 14198 D dalvikvm: Trying to load lib /data/app-lib/com.google.android.gms-2/libconscrypt_gmscore_jni.so 0x424af140
12-12 15:50:19.714 14178 14198 D dalvikvm: Added shared lib /data/app-lib/com.google.android.gms-2/libconscrypt_gmscore_jni.so 0x424af140
12-12 15:50:19.714 14178 14198 V NativeCrypto: Registering com/google/android/gms/org/conscrypt/NativeCrypto's 276 native methods...
12-12 15:50:19.724 14178 14198 E dalvikvm: Could not find class 'javax.net.ssl.SNIServerName', referenced from method com.google.android.gms.org.conscrypt.Platform.getSniHostnameFromParams
12-12 15:50:19.724 14178 14198 W dalvikvm: VFY: unable to resolve check-cast 2222 (Ljavax/net/ssl/SNIServerName;) in Lcom/google/android/gms/org/conscrypt/Platform;
12-12 15:50:19.724 14178 14198 D dalvikvm: VFY: replacing opcode 0x1f at 0x0025
12-12 15:50:19.724 14178 14198 E dalvikvm: Could not find class 'javax.net.ssl.SNIHostName', referenced from method com.google.android.gms.org.conscrypt.Platform.setParametersSniHostname
12-12 15:50:19.724 14178 14198 W dalvikvm: VFY: unable to resolve new-instance 2221 (Ljavax/net/ssl/SNIHostName;) in Lcom/google/android/gms/org/conscrypt/Platform;
12-12 15:50:19.724 14178 14198 D dalvikvm: VFY: replacing opcode 0x22 at 0x0024
12-12 15:50:19.724 14178 14198 E dalvikvm: Could not find class 'javax.net.ssl.SNIHostName', referenced from method com.google.android.gms.org.conscrypt.Platform.setParametersSniHostname
12-12 15:50:19.724 14178 14198 W dalvikvm: VFY: unable to resolve new-instance 2221 (Ljavax/net/ssl/SNIHostName;) in Lcom/google/android/gms/org/conscrypt/Platform;
12-12 15:50:19.724 14178 14198 D dalvikvm: VFY: replacing opcode 0x22 at 0x0024
12-12 15:50:19.724 14178 14198 W dalvikvm: Unable to resolve superclass of Lcom/google/android/gms/org/conscrypt/DelegatingExtendedSSLSession; (2212)
12-12 15:50:19.724 14178 14198 W dalvikvm: Link of class 'Lcom/google/android/gms/org/conscrypt/DelegatingExtendedSSLSession;' failed
12-12 15:50:19.724 14178 14198 E dalvikvm: Could not find class 'com.google.android.gms.org.conscrypt.DelegatingExtendedSSLSession', referenced from method com.google.android.gms.org.conscrypt.Platform.unwrapSSLSession
12-12 15:50:19.724 14178 14198 W dalvikvm: VFY: unable to resolve instanceof 1304 (Lcom/google/android/gms/org/conscrypt/DelegatingExtendedSSLSession;) in Lcom/google/android/gms/org/conscrypt/Platform;
12-12 15:50:19.724 14178 14198 D dalvikvm: VFY: replacing opcode 0x20 at 0x0007
12-12 15:50:19.724 14178 14198 W dalvikvm: Unable to resolve superclass of Lcom/google/android/gms/org/conscrypt/DelegatingExtendedSSLSession; (2212)
12-12 15:50:19.724 14178 14198 W dalvikvm: Link of class 'Lcom/google/android/gms/org/conscrypt/DelegatingExtendedSSLSession;' failed
12-12 15:50:19.724 14178 14198 E dalvikvm: Could not find class 'com.google.android.gms.org.conscrypt.DelegatingExtendedSSLSession', referenced from method com.google.android.gms.org.conscrypt.Platform.wrapSSLSession
12-12 15:50:19.724 14178 14198 W dalvikvm: VFY: unable to resolve new-instance 1304 (Lcom/google/android/gms/org/conscrypt/DelegatingExtendedSSLSession;) in Lcom/google/android/gms/org/conscrypt/Platform;
12-12 15:50:19.724 14178 14198 D dalvikvm: VFY: replacing opcode 0x22 at 0x0007
12-12 15:50:19.734 14178 14198 D dalvikvm: DexOpt: unable to opt direct call 0x3096 at 0x2a in Lcom/google/android/gms/org/conscrypt/Platform;.setParametersSniHostname
12-12 15:50:19.734 14178 14198 D dalvikvm: DexOpt: unable to opt direct call 0x3096 at 0x2a in Lcom/google/android/gms/org/conscrypt/Platform;.setParametersSniHostname
12-12 15:50:19.734 14178 14198 W dalvikvm: Unable to resolve superclass of Lcom/google/android/gms/org/conscrypt/DelegatingExtendedSSLSession; (2212)
12-12 15:50:19.734 14178 14198 W dalvikvm: Link of class 'Lcom/google/android/gms/org/conscrypt/DelegatingExtendedSSLSession;' failed
12-12 15:50:19.734 14178 14198 D dalvikvm: DexOpt: unable to opt direct call 0x1b67 at 0x09 in Lcom/google/android/gms/org/conscrypt/Platform;.wrapSSLSession
12-12 15:50:19.734 14329 14329 I SystemConfig: BUILD Country: US
12-12 15:50:19.734 14329 14329 I SystemConfig: BUILD Operator: ATT
12-12 15:50:19.764   962  1558 I ActivityManager: Killing 11610:com.lge.lgworld/u0a35 (adj 15): empty #14
12-12 15:50:19.764 14329 14341 I SystemConfig: systemFeature RCS result false
12-12 15:50:19.764 14329 14341 D SystemConfig: refreshRcsSupport() :false
12-12 15:50:19.764 14329 14341 I SystemConfig: System supports Eab? : false
12-12 15:50:19.764 14329 14341 D SystemConfig: refreshEabSupport() :false
12-12 15:50:19.774  1379 14343 D VoicemailCleanupService: Cleaning up data for package: com.trellis
12-12 15:50:19.784   962  1375 I ActivityManager: Start proc com.lge.email for broadcast com.lge.email/.receiver.PackageChangeReceiver: pid=14344 uid=10023 gids={50023, 3003, 4002, 1023, 1028, 1015, 3001, 3002}
12-12 15:50:19.784  1515  1538 I com.skyfire.browser.toolbar.ProcessObserverService: On process died 11610,10035
12-12 15:50:19.784   962  5456 D ActivityManager: resumeTopActivityLocked: Going to sleep and all paused
12-12 15:50:19.804  1515  1526 I com.skyfire.browser.toolbar.ProcessObserverService: On importance changed 14344,10023,400
12-12 15:50:19.804 14344 14344 D HyLog   : I : /data/font/config/sfconfig.dat, No such file or directory (2)
12-12 15:50:19.804 14344 14344 D HyLog   : I : /data/font/config/dfactpre.dat, No such file or directory (2)
12-12 15:50:19.804 14344 14344 D HyLog   : I : /data/font/config/sfconfig.dat, No such file or directory (2)
12-12 15:50:19.864 14178 14198 D dalvikvm: Trying to load lib /data/app-lib/com.google.android.gms-2/libgmscore.so 0x424af140
12-12 15:50:19.864 14178 14198 D dalvikvm: Shared lib '/data/app-lib/com.google.android.gms-2/libgmscore.so' already loaded in same CL 0x424af140
12-12 15:50:19.864 14178 14198 D dalvikvm: Trying to load lib /data/app-lib/com.google.android.gms-2/libconscrypt_gmscore_jni.so 0x424af140
12-12 15:50:19.864 14178 14198 D dalvikvm: Shared lib '/data/app-lib/com.google.android.gms-2/libconscrypt_gmscore_jni.so' already loaded in same CL 0x424af140
12-12 15:50:19.884  1546  1546 I [LGHome]EVENT: [LauncherModel.java:1146:onReceive()]onReceive intent=Intent { act=android.search.action.SEARCHABLES_CHANGED flg=0x24000010 }
12-12 15:50:19.884 14344 14344 I LGEmail : [lifecycle]--onCreate() (at EmailMainApp.java onCreate 173)[v:null]
12-12 15:50:19.924 14178 14198 I ProviderInstaller: Installed default security provider GmsCore_OpenSSL
12-12 15:50:19.944 14344 14344 D LGEmail : user build Type == true (at Util.java isUserModeBuildType 3513)[v:6.40.39.1]
12-12 15:50:20.004 14344 14344 I PackageChangeReceiver: intent action : android.intent.action.PACKAGE_REMOVED (at PackageChangeReceiver.java onReceive 20)
12-12 15:50:20.034 13134 13134 D PackageIntentReceiver: Not supported Hotkey customization function 
12-12 15:50:20.034 13134 13134 D HideNavigationAppsReceiver: Receive package name : com.trellis, replacing=false, action=android.intent.action.PACKAGE_REMOVED
12-12 15:50:20.034 13134 13134 D HideNavigationAppsReceiver: replacing : false
12-12 15:50:20.034 13134 13134 D HideNavigationAppsReceiver: Delete mPackageMame : com.trellis
12-12 15:50:20.044 13134 13134 D ButtonCombinationReceiver: Receive package name : com.trellis
12-12 15:50:20.044 13134 13134 D ButtonCombinationReceiver: replacing : false
12-12 15:50:20.044   962  1194 I ActivityManager: Start proc com.lge.lgworld for broadcast com.lge.lgworld/.PackageInstallReceiver: pid=14362 uid=10035 gids={50035, 3003, 1028, 1015}
12-12 15:50:20.054   962  1194 I ActivityManager: Killing 12287:com.uei.lg.quicksetsdk.lite/u0a101 (adj 15): empty #14
12-12 15:50:20.054  1515  1538 I com.skyfire.browser.toolbar.ProcessObserverService: On process died 12287,10101
12-12 15:50:20.054   962  3338 D ActivityManager: resumeTopActivityLocked: Going to sleep and all paused
12-12 15:50:20.064  1515  1526 I com.skyfire.browser.toolbar.ProcessObserverService: On importance changed 14362,10035,400
12-12 15:50:20.064 14362 14362 D HyLog   : I : /data/font/config/sfconfig.dat, No such file or directory (2)
12-12 15:50:20.064 14362 14362 D HyLog   : I : /data/font/config/dfactpre.dat, No such file or directory (2)
12-12 15:50:20.064 14362 14362 D HyLog   : I : /data/font/config/sfconfig.dat, No such file or directory (2)
12-12 15:50:20.104   962  1331 I ActivityManager: Killing 12232:com.android.providers.calendar/u0a18 (adj 15): empty #14
12-12 15:50:20.114  1515  1538 I com.skyfire.browser.toolbar.ProcessObserverService: On process died 12232,10018
12-12 15:50:20.114   962  1194 D ActivityManager: resumeTopActivityLocked: Going to sleep and all paused
12-12 15:50:20.124  1756 14375 I Icing.InternalIcingCorporaProvider: Updating corpora: A: com.trellis, C: MAYBE
12-12 15:50:20.124   962  1331 I ActivityManager: Start proc com.android.keychain for broadcast com.android.keychain/.KeyChainBroadcastReceiver: pid=14376 uid=1000 gids={41000, 1028, 1015, 3003, 3002, 3001, 1007, 1002, 3008, 1023, 1004, 2002, 1026, 3005, 1009, 1027, 1010, 5000, 2001, 4002, 1021, 3004, 1000, 3009}
12-12 15:50:20.134   306   385 I Vold    : [LGE][VOLD][NetlinkHandler.cpp][onEvent()] subsys:cpu, action:0
12-12 15:50:20.154  1515  1526 I com.skyfire.browser.toolbar.ProcessObserverService: On importance changed 14376,1000,400
12-12 15:50:20.154 14376 14376 D HyLog   : I : /data/font/config/sfconfig.dat, No such file or directory (2)
12-12 15:50:20.154 14376 14376 D HyLog   : I : /data/font/config/dfactpre.dat, No such file or directory (2)
12-12 15:50:20.154 14376 14376 D HyLog   : I : /data/font/config/sfconfig.dat, No such file or directory (2)
12-12 15:50:20.174  1756 14375 I Icing.InternalIcingCorporaProvider: UpdateCorporaTask done [took 50 ms] updated apps [took 49 ms] 
12-12 15:50:20.184 14376 14376 W ContextImpl: Calling a method in the system process without a qualified user: android.app.ContextImpl.startService:1607 android.content.ContextWrapper.startService:494 android.content.ContextWrapper.startService:494 com.android.keychain.KeyChainBroadcastReceiver.onReceive:12 android.app.ActivityThread.handleReceiver:2429 
12-12 15:50:20.214   962  1545 I ActivityManager: Killing 13048:com.lge.p2pclients.tethering/u0a81 (adj 15): empty #14
12-12 15:50:20.224  1515  1538 I com.skyfire.browser.toolbar.ProcessObserverService: On process died 13048,10081
12-12 15:50:20.224   962  1559 D ActivityManager: resumeTopActivityLocked: Going to sleep and all paused
12-12 15:50:20.234 10247 10698 E NetworkScheduler: Unrecognised action provided: android.intent.action.PACKAGE_REMOVED
12-12 15:50:20.254   962  3337 I ActivityManager: Start proc com.google.android.apps.plus for broadcast com.google.android.apps.plus/.service.PhotosAppTransitionMonitor: pid=14393 uid=10098 gids={50098, 3003, 1028, 1015}
12-12 15:50:20.284  1515  1526 I com.skyfire.browser.toolbar.ProcessObserverService: On importance changed 14393,10098,400
12-12 15:50:20.334 10247 10697 W ConfigurationChimeraPro: Got null configs for com.google.android.gms.drive
12-12 15:50:20.344 14393 14393 D HyLog   : I : /data/font/config/sfconfig.dat, No such file or directory (2)
12-12 15:50:20.344 14393 14393 D HyLog   : I : /data/font/config/dfactpre.dat, No such file or directory (2)
12-12 15:50:20.344 14393 14393 D HyLog   : I : /data/font/config/sfconfig.dat, No such file or directory (2)
12-12 15:50:20.344   306   385 I Vold    : [LGE][VOLD][NetlinkHandler.cpp][onEvent()] subsys:cpu, action:0
12-12 15:50:20.384 14393 14393 I dalvikvm: Could not find method android.view.ViewAnimationUtils.createCircularReveal, referenced from method hb.a
12-12 15:50:20.384 14393 14393 W dalvikvm: VFY: unable to resolve static method 10806: Landroid/view/ViewAnimationUtils;.createCircularReveal (Landroid/view/View;IIFF)Landroid/animation/Animator;
12-12 15:50:20.384 14393 14393 D dalvikvm: VFY: replacing opcode 0x71 at 0x002d
12-12 15:50:20.394 14360 14360 D AndroidRuntime: 
12-12 15:50:20.394 14360 14360 D AndroidRuntime: >>>>>> AndroidRuntime START com.android.internal.os.RuntimeInit <<<<<<
12-12 15:50:20.394 14360 14360 D AndroidRuntime: CheckJNI is OFF
12-12 15:50:20.414 14360 14360 D dalvikvm: Trying to load lib libjavacore.so 0x0
12-12 15:50:20.414 14360 14360 D dalvikvm: Added shared lib libjavacore.so 0x0
12-12 15:50:20.424 14360 14360 D dalvikvm: Trying to load lib libnativehelper.so 0x0
12-12 15:50:20.424 14360 14360 D dalvikvm: Added shared lib libnativehelper.so 0x0
12-12 15:50:20.424 14360 14360 D dalvikvm: No JNI_OnLoad found in libnativehelper.so 0x0, skipping init
12-12 15:50:20.444 10629 11018 I Icing   : IndexChimeraService.getServiceInterface callingPackage=com.google.android.gms componentName=AppsCorpus serviceId=36
12-12 15:50:20.444 10629 11022 I Icing   : IndexChimeraService.getServiceInterface callingPackage=com.google.android.gms componentName=AppsCorpus serviceId=32
12-12 15:50:20.464 14360 14360 D dalvikvm: Note: class Landroid/app/ActivityManagerNative; has 184 unimplemented (abstract) methods
12-12 15:50:20.534 10629 11222 D dalvikvm: GC_EXPLICIT freed 1399K, 29% free 8325K/11636K, paused 6ms+11ms, total 148ms
12-12 15:50:20.544 10629 14227 I PeopleContactsSync: triggerPendingContactsCleanup: no accounts
12-12 15:50:20.544 10629 14227 D Wear_Controller: Received broadcast action=android.intent.action.PACKAGE_REMOVED and uri=com.trellis
12-12 15:50:20.554 10629 14227 I LocationSettingsChecker: Removing dialog suppression flag for package com.trellis
12-12 15:50:20.564 10629 11035 I Icing   : Usage reports ok 0, Failed Usage reports 0, indexed 0, rejected 0, imm upload false
12-12 15:50:20.584 10629 11035 I Icing   : Usage reports ok 0, Failed Usage reports 0, indexed 0, rejected 0, imm upload false
12-12 15:50:20.594   327   420 I ThermalEngine: Sensor:pa_therm1:27000 mC
12-12 15:50:20.624 10629 14223 I GrowthService: Package com.trellis uninstalled. Removing from storage.
12-12 15:50:20.634 10629 14427 I DatabaseHelper: Creating a new database at version 172 for /data/data/com.google.android.gms/databases/DocList.db
12-12 15:50:20.634 10629 11035 I Icing   : doRemovePackageData com.trellis
12-12 15:50:20.644 14360 14360 E memtrack: Couldn't load memtrack module (No such file or directory)
12-12 15:50:20.644 14360 14360 E android.os.Debug: failed to load memtrack module: -2
12-12 15:50:20.684 10629 10629 E ConnectivityChangeRecei: Ignoring connectivity change
12-12 15:50:20.744 14360 14360 D AndroidRuntime: Calling main entry com.android.commands.pm.Pm
12-12 15:50:20.764 14393 14393 W dalvikvm: VFY: unable to find class referenced in signature (Landroid/os/health/TimerStat;)
12-12 15:50:20.764 14393 14393 I dalvikvm: Could not find method android.os.health.TimerStat.getCount, referenced from method jjt.a
12-12 15:50:20.764 14393 14393 W dalvikvm: VFY: unable to resolve virtual method 8418: Landroid/os/health/TimerStat;.getCount ()I
12-12 15:50:20.764 14393 14393 D dalvikvm: VFY: replacing opcode 0x6e at 0x0005
12-12 15:50:20.764 14393 14393 W dalvikvm: VFY: unable to find class referenced in signature (Landroid/os/health/HealthStats;)
12-12 15:50:20.764 14393 14393 I dalvikvm: Could not find method android.os.health.HealthStats.hasMeasurement, referenced from method jjt.a
12-12 15:50:20.764 14393 14393 W dalvikvm: VFY: unable to resolve virtual method 8412: Landroid/os/health/HealthStats;.hasMeasurement (I)Z
12-12 15:50:20.764 14393 14393 D dalvikvm: VFY: replacing opcode 0x6e at 0x0001
12-12 15:50:20.764 14393 14393 W dalvikvm: VFY: unable to find class referenced in signature (Landroid/os/health/HealthStats;)
12-12 15:50:20.764 14393 14393 I dalvikvm: Could not find method android.os.health.HealthStats.hasTimer, referenced from method jjt.b
12-12 15:50:20.764 14393 14393 W dalvikvm: VFY: unable to resolve virtual method 8415: Landroid/os/health/HealthStats;.hasTimer (I)Z
12-12 15:50:20.764 14393 14393 D dalvikvm: VFY: replacing opcode 0x6e at 0x0001
12-12 15:50:20.764 14393 14393 I dalvikvm: Could not find method java.io.File.toPath, referenced from method jjt.b
12-12 15:50:20.764 14393 14393 W dalvikvm: VFY: unable to resolve virtual method 44821: Ljava/io/File;.toPath ()Ljava/nio/file/Path;
12-12 15:50:20.764 14393 14393 D dalvikvm: VFY: replacing opcode 0x6e at 0x0008
12-12 15:50:20.764 14393 14393 W dalvikvm: VFY: unable to find class referenced in signature (Landroid/os/health/HealthStats;)
12-12 15:50:20.764 14393 14393 I dalvikvm: Could not find method android.os.health.HealthStats.hasTimers, referenced from method jjt.c
12-12 15:50:20.764 14393 14393 W dalvikvm: VFY: unable to resolve virtual method 8416: Landroid/os/health/HealthStats;.hasTimers (I)Z
12-12 15:50:20.764 14393 14393 D dalvikvm: VFY: replacing opcode 0x6e at 0x0000
12-12 15:50:20.824 10629 14226 W DriveInitializer: Awaiting to be initialized
12-12 15:50:20.824 10629 14431 W DriveInitializer: Background init thread started
12-12 15:50:20.854 14360 14360 D AndroidRuntime: Shutting down VM
12-12 15:50:20.864 14360 14417 D dalvikvm: GC_CONCURRENT freed 387K, 40% free 603K/992K, paused 0ms+1ms, total 4ms
12-12 15:50:21.114 10629 11035 I ContentMaintenance: Pruning caches...
12-12 15:50:21.144 10629 11035 I ContentMaintenance: Internal cache bytes used: 0; limit: 100000000; download size: 0
12-12 15:50:21.144 10629 11035 I ContentMaintenance: Cache pruning complete.
12-12 15:50:21.144 10629 11035 I ContentMaintenance: Beginning garbage collection.
12-12 15:50:21.144 10629 11035 I RealtimeCacheCleanup: Beginning Realtime garbage collection.
12-12 15:50:21.144   306   385 I Vold    : [LGE][VOLD][NetlinkHandler.cpp][onEvent()] subsys:cpu, action:0
12-12 15:50:21.174 10629 14431 W DriveInitializer: Background init thread ended
12-12 15:50:21.174 10629 11222 I PinnedContentDownloader: Started downloading pinned content.
12-12 15:50:21.174 10629 11035 I RealtimeCacheCleanup: Finished Realtime garbage collection.
12-12 15:50:21.174 10629 11035 I ContentMaintenance: Finished garbage collection.
12-12 15:50:21.174 14393 14393 I dalvikvm: Could not find method android.os.Process.isApplicationUid, referenced from method uar.b
12-12 15:50:21.174 14393 14393 W dalvikvm: VFY: unable to resolve static method 1202: Landroid/os/Process;.isApplicationUid (I)Z
12-12 15:50:21.174 14393 14393 D dalvikvm: VFY: replacing opcode 0x71 at 0x000b
12-12 15:50:21.194 10629 11222 I PinnedContentDownloader: Finished downloading pinned content.
12-12 15:50:21.214 10611 10928 D dalvikvm: GC_EXPLICIT freed 91K, 64% free 4282K/11632K, paused 4ms+4ms, total 35ms
12-12 15:50:21.404 14393 14393 W dalvikvm: No implementation found for native Lcom/google/android/libraries/social/jni/crashreporter/NativeCrashHandler;.setup:()V
12-12 15:50:21.404 14393 14393 D dalvikvm: Trying to load lib /data/app-lib/com.google.android.apps.plus-2/libcrashreporterer.so 0x41ffbe28
12-12 15:50:21.404 14393 14393 D dalvikvm: Added shared lib /data/app-lib/com.google.android.apps.plus-2/libcrashreporterer.so 0x41ffbe28
12-12 15:50:21.404 14393 14393 I dalvikvm: Could not find method android.os.PowerManager.isInteractive, referenced from method qhz.onActivityPaused
12-12 15:50:21.404 14393 14393 W dalvikvm: VFY: unable to resolve virtual method 1198: Landroid/os/PowerManager;.isInteractive ()Z
12-12 15:50:21.404 14393 14393 D dalvikvm: VFY: replacing opcode 0x6e at 0x0021
12-12 15:50:21.444 14393 14393 E dalvikvm: Could not find class 'android.graphics.drawable.RippleDrawable', referenced from method ntt.a
12-12 15:50:21.454 14393 14393 W dalvikvm: VFY: unable to resolve new-instance 1493 (Landroid/graphics/drawable/RippleDrawable;) in Lntt;
12-12 15:50:21.454 14393 14393 D dalvikvm: VFY: replacing opcode 0x22 at 0x0008
12-12 15:50:21.454 14393 14393 D dalvikvm: DexOpt: unable to opt direct call 0x1ee6 at 0x0b in Lntt;.a
12-12 15:50:21.494 13134 13134 D PackageIntentReceiver: Not supported Hotkey customization function 
12-12 15:50:21.604   306   385 I Vold    : [LGE][VOLD][NetlinkHandler.cpp][onEvent()] subsys:cpu, action:0
12-12 15:50:21.614 10629 10633 D dalvikvm: GC_CONCURRENT freed 1706K, 27% free 8541K/11636K, paused 4ms+6ms, total 72ms
12-12 15:50:21.644 10629 11035 I Icing   : Indexing 3BCD0E4A1B748ECEB8EFEB8910EECD2885E576D4 from com.google.android.gms
12-12 15:50:21.664 10629 11035 I Icing   : Indexing done 3BCD0E4A1B748ECEB8EFEB8910EECD2885E576D4
12-12 15:50:21.694 14442 14442 D AndroidRuntime: 
12-12 15:50:21.694 14442 14442 D AndroidRuntime: >>>>>> AndroidRuntime START com.android.internal.os.RuntimeInit <<<<<<
12-12 15:50:21.694 14442 14442 D AndroidRuntime: CheckJNI is OFF
12-12 15:50:21.714 14442 14442 D dalvikvm: Trying to load lib libjavacore.so 0x0
12-12 15:50:21.714 14442 14442 D dalvikvm: Added shared lib libjavacore.so 0x0
12-12 15:50:21.724 14442 14442 D dalvikvm: Trying to load lib libnativehelper.so 0x0
12-12 15:50:21.724 14442 14442 D dalvikvm: Added shared lib libnativehelper.so 0x0
12-12 15:50:21.724 14442 14442 D dalvikvm: No JNI_OnLoad found in libnativehelper.so 0x0, skipping init
12-12 15:50:21.754 14442 14442 D dalvikvm: Note: class Landroid/app/ActivityManagerNative; has 184 unimplemented (abstract) methods
12-12 15:50:21.774 10247 10251 D dalvikvm: GC_CONCURRENT freed 1498K, 34% free 7730K/11632K, paused 4ms+7ms, total 55ms
12-12 15:50:21.774 10247 14456 D dalvikvm: WAIT_FOR_CONCURRENT_GC blocked 35ms
12-12 15:50:21.894 10247 14456 D libc    : getaddrinfo called from pid =10247
12-12 15:50:21.894 10247 14456 D libc    : getaddrinfo called from pid =10247
12-12 15:50:21.894   312 14464 D libc    : getaddrinfo called from pid =312
12-12 15:50:21.894   312 14464 D libc    : _dns_getaddrinfo: iptype =1
12-12 15:50:21.894   312 14464 D libc    : _dns_getaddrinfo: query_ipv4=1, query_ipv6=0
12-12 15:50:21.894 10247 14456 D libc    : dnsproxy getaddrinfo returns 0
12-12 15:50:21.934 14442 14442 E memtrack: Couldn't load memtrack module (No such file or directory)
12-12 15:50:21.934 14442 14442 E android.os.Debug: failed to load memtrack module: -2
12-12 15:50:21.944 10247 14456 D libc    : getaddrinfo called from pid =10247
12-12 15:50:21.944 10247 14456 W Conscrypt: Could not set socket write timeout:
12-12 15:50:21.944 10247 14456 W Conscrypt:    java.lang.reflect.Method.invokeNative(Native Method)
12-12 15:50:21.944 10247 14456 W Conscrypt:    java.lang.reflect.Method.invoke(Method.java:515)
12-12 15:50:21.984 10247 14456 W Conscrypt: Could not set socket write timeout:
12-12 15:50:21.984 10247 14456 W Conscrypt:    java.lang.reflect.Method.invokeNative(Native Method)
12-12 15:50:21.984 10247 14456 W Conscrypt:    java.lang.reflect.Method.invoke(Method.java:515)
12-12 15:50:22.014 14442 14442 D AndroidRuntime: Calling main entry com.android.commands.am.Am
12-12 15:50:22.014  1197  1197 I [SystemUI]QPairHandler: onReceive = android.intent.action.PACKAGE_RESTARTED
12-12 15:50:22.014 14442 14442 D AndroidRuntime: Shutting down VM
12-12 15:50:22.014  1197  1197 I [SystemUI]GlobalAccessView: onReceive = android.intent.action.PACKAGE_RESTARTED
12-12 15:50:22.014   962   973 I ActivityManager: Force stopping com.example.snoopy appid=11598 user=0: from pid 14442
12-12 15:50:22.014   962   973 D ActivityManager: resumeTopActivityLocked: Going to sleep and all paused
12-12 15:50:22.024 14442 14460 D dalvikvm: GC_CONCURRENT freed 96K, 15% free 587K/688K, paused 0ms+0ms, total 4ms
12-12 15:50:22.154   306   385 I Vold    : [LGE][VOLD][NetlinkHandler.cpp][onEvent()] subsys:cpu, action:0
12-12 15:50:22.284 10247 14257 W NetRec  : [897] ConfigChangedIntentOperation.onHandleIntent: Device does not support scoring, exiting
12-12 15:50:22.294 10629 14225 I SettingsChangedIntentOp: SettingsChangedIntentOperation.run: Got intent Intent { act=com.google.android.gms.phenotype.COMMITTED flg=0x10 pkg=com.google.android.gms cmp=com.google.android.gms/.chimera.GmsIntentOperationService (has extras) }
12-12 15:50:22.294 10629 14225 I SettingsChangedIntentOp: SettingsChangedIntentOperation.run Intent extra com.google.android.gms.phenotype.PACKAGE_NAME: com.google.android.gms.ocr
12-12 15:50:22.294 10247 14253 I PTCommittedOperation: Receive new configuration for com.google.android.gms.ocr
12-12 15:50:22.294 10629 14225 I SettingsChangedIntentOp: Action: com.google.android.gms.phenotype.COMMITTED
12-12 15:50:22.294 10629 14225 I SettingsChangedIntentOp: EXTRA_PACKAGE_NAME: com.google.android.gms.ocr
12-12 15:50:22.304 10247 14456 I zgp     : Scheduling adaptive one off task with window [14400, 604800] in seconds
12-12 15:50:22.314 10629 14227 I OcrModelUpStIntentOp: Updating ocr activity enabled=false (phenotypeFlag=false, lowRamDevice=false, prereqCheck=true)
12-12 15:50:22.564   306   385 I Vold    : [LGE][VOLD][NetlinkHandler.cpp][onEvent()] subsys:cpu, action:0
12-12 15:50:22.784 14470 14470 D AndroidRuntime: 
12-12 15:50:22.784 14470 14470 D AndroidRuntime: >>>>>> AndroidRuntime START com.android.internal.os.RuntimeInit <<<<<<
12-12 15:50:22.784 14470 14470 D AndroidRuntime: CheckJNI is OFF
12-12 15:50:22.804 14470 14470 D dalvikvm: Trying to load lib libjavacore.so 0x0
12-12 15:50:22.804 14470 14470 D dalvikvm: Added shared lib libjavacore.so 0x0
12-12 15:50:22.804 14470 14470 D dalvikvm: Trying to load lib libnativehelper.so 0x0
12-12 15:50:22.804 14470 14470 D dalvikvm: Added shared lib libnativehelper.so 0x0
12-12 15:50:22.804 14470 14470 D dalvikvm: No JNI_OnLoad found in libnativehelper.so 0x0, skipping init
12-12 15:50:22.854 14470 14470 D dalvikvm: Note: class Landroid/app/ActivityManagerNative; has 184 unimplemented (abstract) methods
12-12 15:50:23.104 14470 14470 E memtrack: Couldn't load memtrack module (No such file or directory)
12-12 15:50:23.104 14470 14470 E android.os.Debug: failed to load memtrack module: -2
12-12 15:50:23.214 14470 14470 D AndroidRuntime: Calling main entry com.android.commands.am.Am
12-12 15:50:23.214 14470 14470 D AndroidRuntime: Shutting down VM
12-12 15:50:23.224 14470 14478 D dalvikvm: GC_CONCURRENT freed 96K, 15% free 587K/688K, paused 1ms+0ms, total 5ms
12-12 15:50:23.574   306   385 I Vold    : [LGE][VOLD][NetlinkHandler.cpp][onEvent()] subsys:cpu, action:0
12-12 15:50:24.234 14487 14487 D AndroidRuntime: 
12-12 15:50:24.234 14487 14487 D AndroidRuntime: >>>>>> AndroidRuntime START com.android.internal.os.RuntimeInit <<<<<<
12-12 15:50:24.244 14487 14487 D AndroidRuntime: CheckJNI is OFF
12-12 15:50:24.274 14487 14487 D dalvikvm: Trying to load lib libjavacore.so 0x0
12-12 15:50:24.284 14487 14487 D dalvikvm: Added shared lib libjavacore.so 0x0
12-12 15:50:24.284 14487 14487 D dalvikvm: Trying to load lib libnativehelper.so 0x0
12-12 15:50:24.284 14487 14487 D dalvikvm: Added shared lib libnativehelper.so 0x0
12-12 15:50:24.284 14487 14487 D dalvikvm: No JNI_OnLoad found in libnativehelper.so 0x0, skipping init
12-12 15:50:24.354 14487 14487 D dalvikvm: Note: class Landroid/app/ActivityManagerNative; has 184 unimplemented (abstract) methods
12-12 15:50:24.564   306   385 I Vold    : [LGE][VOLD][NetlinkHandler.cpp][onEvent()] subsys:cpu, action:0
12-12 15:50:24.574 14487 14487 E memtrack: Couldn't load memtrack module (No such file or directory)
12-12 15:50:24.574 14487 14487 E android.os.Debug: failed to load memtrack module: -2
12-12 15:50:24.654 14487 14487 D AndroidRuntime: Calling main entry com.android.commands.pm.Pm
12-12 15:50:24.654   962  1375 I ActivityManager: Force stopping com.example.snoopy appid=11598 user=0: clear data
12-12 15:50:24.654   962  1375 D ActivityManager: resumeTopActivityLocked: Going to sleep and all paused
12-12 15:50:24.664  1197  1197 I [SystemUI]QPairHandler: onReceive = android.intent.action.PACKAGE_RESTARTED
12-12 15:50:24.664  1197  1197 I [SystemUI]GlobalAccessView: onReceive = android.intent.action.PACKAGE_RESTARTED
12-12 15:50:24.664  1546  1546 I [LGHome]EVENT: [LauncherModel.java:1146:onReceive()]onReceive intent=Intent { act=android.intent.action.PACKAGE_DATA_CLEARED dat=package:com.example.snoopy flg=0x10 (has extras) }
12-12 15:50:24.664 10247 10247 I GeofencerStateMachine: removeGeofences: removeRequest=RemoveGeofencingRequest[REMOVE_ALL packageName=com.example.snoopy]
12-12 15:50:24.664   962   962 I ThemeManagerService: action = android.intent.action.PACKAGE_DATA_CLEARED
12-12 15:50:24.674   323   323 D keystore: calling clear_uid in state: 3
12-12 15:50:24.674 14134 14502 D Documents: Used cached roots for com.android.externalstorage.documents
12-12 15:50:24.674 14134 14502 D Documents: Used cached roots for com.android.providers.downloads.documents
12-12 15:50:24.674 14134 14502 D Documents: Used cached roots for com.android.providers.media.documents
12-12 15:50:24.674 14134 14502 D Documents: Loading roots for com.google.android.apps.docs.storage
12-12 15:50:24.684  1197  1197 I [SystemUI]GlobalAccessView: onReceive = android.intent.action.PACKAGE_DATA_CLEARED
12-12 15:50:24.684 14134 14502 D Documents: Update found 7 roots in 19ms
12-12 15:50:24.704   962  1537 I ActivityManager: Start proc com.lge.defaultaccount for broadcast com.lge.defaultaccount/.receiver.ReceiverBootUp: pid=14505 uid=10072 gids={50072}
12-12 15:50:24.714 14505 14505 I dalvikvm: Enabling JNI app bug workarounds for target SDK version 8...
12-12 15:50:24.714 14487 14487 D AndroidRuntime: Shutting down VM
12-12 15:50:24.714 14487 14492 D dalvikvm: GC_CONCURRENT freed 97K, 15% free 593K/692K, paused 0ms+0ms, total 3ms
12-12 15:50:24.724  1515  1538 I com.skyfire.browser.toolbar.ProcessObserverService: On importance changed 14505,10072,400
12-12 15:50:24.724 14505 14505 D HyLog   : I : /data/font/config/sfconfig.dat, No such file or directory (2)
12-12 15:50:24.724 14505 14505 D HyLog   : I : /data/font/config/dfactpre.dat, No such file or directory (2)
12-12 15:50:24.724 14505 14505 D HyLog   : I : /data/font/config/sfconfig.dat, No such file or directory (2)
12-12 15:50:24.734 14505 14505 E ReceiverBootUp: Package Name is not 'com.android.providers.calendar'
12-12 15:50:24.734 14505 14505 I Process : Sending signal. PID: 14505 SIG: 9
12-12 15:50:24.744   962  1559 I ActivityManager: Process com.lge.defaultaccount (pid 14505) has died.
12-12 15:50:24.744  1515  1526 I com.skyfire.browser.toolbar.ProcessObserverService: On process died 14505,10072
12-12 15:50:24.744   962  1559 D ActivityManager: resumeTopActivityLocked: Going to sleep and all paused
12-12 15:50:24.964   306   385 I Vold    : [LGE][VOLD][NetlinkHandler.cpp][onEvent()] subsys:cpu, action:0
12-12 15:50:25.324   306   385 I Vold    : [LGE][VOLD][NetlinkHandler.cpp][onEvent()] subsys:cpu, action:0
12-12 15:50:25.504 14520 14520 D AndroidRuntime: 
12-12 15:50:25.504 14520 14520 D AndroidRuntime: >>>>>> AndroidRuntime START com.android.internal.os.RuntimeInit <<<<<<
12-12 15:50:25.504 14520 14520 D AndroidRuntime: CheckJNI is OFF
12-12 15:50:25.524 14520 14520 D dalvikvm: Trying to load lib libjavacore.so 0x0
12-12 15:50:25.524 14520 14520 D dalvikvm: Added shared lib libjavacore.so 0x0
12-12 15:50:25.524 14520 14520 D dalvikvm: Trying to load lib libnativehelper.so 0x0
12-12 15:50:25.524 14520 14520 D dalvikvm: Added shared lib libnativehelper.so 0x0
12-12 15:50:25.524 14520 14520 D dalvikvm: No JNI_OnLoad found in libnativehelper.so 0x0, skipping init
12-12 15:50:25.564 14520 14520 D dalvikvm: Note: class Landroid/app/ActivityManagerNative; has 184 unimplemented (abstract) methods
12-12 15:50:25.594   327   420 I ThermalEngine: Sensor:pa_therm1:27000 mC
12-12 15:50:25.734 14520 14520 E memtrack: Couldn't load memtrack module (No such file or directory)
12-12 15:50:25.734 14520 14520 E android.os.Debug: failed to load memtrack module: -2
12-12 15:50:25.784 10629 10747 I CastDatabase: Saving the database
12-12 15:50:25.794 10629 10747 I SQLiteCastStore: [CastNetworkInfo] saved: 0, skipped: 0, [CastDeviceInfo]: saved 0, skipped 0, Paired Guest Mode DeviceInfo] saved: 0, skipped: 0.
12-12 15:50:25.814 14520 14520 D AndroidRuntime: Calling main entry com.android.commands.pm.Pm
12-12 15:50:25.914 14520 14520 D AndroidRuntime: Shutting down VM
12-12 15:50:25.924 14520 14529 D dalvikvm: GC_CONCURRENT freed 387K, 40% free 603K/992K, paused 1ms+0ms, total 5ms
12-12 15:50:26.134   306   385 I Vold    : [LGE][VOLD][NetlinkHandler.cpp][onEvent()] subsys:cpu, action:0
12-12 15:50:27.134 10247 10251 D dalvikvm: GC_CONCURRENT freed 2405K, 38% free 7257K/11632K, paused 16ms+74ms, total 432ms
12-12 15:50:27.174   306   385 I Vold    : [LGE][VOLD][NetlinkHandler.cpp][onEvent()] subsys:cpu, action:0
