12-12 15:50:52.264   450   450 E Parcel  : Reading a NULL string not supported here.
12-12 15:50:52.264  1505  1505 W Settings: Setting airplane_mode_on has moved from android.provider.Settings.System to android.provider.Settings.Global, returning read-only value.
12-12 15:50:52.264   312   992 V         : RouteController
12-12 15:50:52.264   312   992 V         : RouteController
12-12 15:50:52.264  1505  1505 D PhoneApp: mReceiver: ACTION_ANY_DATA_CONNECTION_STATE_CHANGED
12-12 15:50:52.264  1505  1505 D PhoneApp: - state: DISCONNECTED
12-12 15:50:52.264  1505  1505 D PhoneApp: - reason: dataEnabled
12-12 15:50:52.264   962   962 D MobileDataStateTracker: ims: Received state=DISCONNECTED, old=DISCONNECTED, reason=dataEnabled
12-12 15:50:52.264   962   962 D MobileDataStateTracker: vzw800: Broadcast received: android.intent.action.ANY_DATA_STATE apnType=vzw800
12-12 15:50:52.274  1505  1505 D PhoneApp: mReceiver: ACTION_ANY_DATA_CONNECTION_STATE_CHANGED
12-12 15:50:52.274  1505  1505 D PhoneApp: - state: DISCONNECTED
12-12 15:50:52.274  1505  1505 D PhoneApp: - reason: dataEnabled
12-12 15:50:52.274  1505  1505 D PhoneApp: mReceiver: ACTION_ANY_DATA_CONNECTION_STATE_CHANGED
12-12 15:50:52.274  1505  1505 D PhoneApp: - state: DISCONNECTED
12-12 15:50:52.274  1505  1505 D PhoneApp: - reason: dataEnabled
12-12 15:50:52.274  1505  1505 D PhoneApp: mReceiver: ACTION_ANY_DATA_CONNECTION_STATE_CHANGED
12-12 15:50:52.274  1505  1505 D PhoneApp: - state: DISCONNECTED
12-12 15:50:52.274  1505  1505 D PhoneApp: - reason: dataEnabled
12-12 15:50:52.274  1505  1505 D PhoneApp: mReceiver: ACTION_ANY_DATA_CONNECTION_STATE_CHANGED
12-12 15:50:52.274  1505  1505 D PhoneApp: - state: DISCONNECTED
12-12 15:50:52.274  1505  1505 D PhoneApp: - reason: dataEnabled
12-12 15:50:52.274  1505  1505 D PhoneApp: mReceiver: ACTION_ANY_DATA_CONNECTION_STATE_CHANGED
12-12 15:50:52.274  1505  1505 D PhoneApp: - state: DISCONNECTED
12-12 15:50:52.274  1505  1505 D PhoneApp: - reason: dataEnabled
12-12 15:50:52.274  1505  1505 D PhoneApp: mReceiver: ACTION_ANY_DATA_CONNECTION_STATE_CHANGED
12-12 15:50:52.274  1505  1505 D PhoneApp: - state: DISCONNECTED
12-12 15:50:52.274  1505  1505 D PhoneApp: - reason: dataEnabled
12-12 15:50:52.274  1505  1505 D PhoneApp: mReceiver: ACTION_ANY_DATA_CONNECTION_STATE_CHANGED
12-12 15:50:52.274  1505  1505 D PhoneApp: - state: DISCONNECTED
12-12 15:50:52.274  1505  1505 D PhoneApp: - reason: dataEnabled
12-12 15:50:52.274   312   992 V         : RouteController
12-12 15:50:52.274   962   962 D MobileDataStateTracker: vzw800: vzw800 setting isAvailable to true
12-12 15:50:52.274   962   962 D MobileDataStateTracker: vzw800: Received state=DISCONNECTED, old=DISCONNECTED, reason=dataEnabled
12-12 15:50:52.274   962   962 D MobileDataStateTracker: mms: Broadcast received: android.intent.action.ANY_DATA_STATE apnType=mms
12-12 15:50:52.274   962   962 D MobileDataStateTracker: mms: mms setting isAvailable to true
12-12 15:50:52.274   962   962 D MobileDataStateTracker: mms: Received state=DISCONNECTED, old=DISCONNECTED, reason=dataEnabled
12-12 15:50:52.284  1505  1505 D PhoneApp: mReceiver: ACTION_ANY_DATA_CONNECTION_STATE_CHANGED
12-12 15:50:52.284  1505  1505 D PhoneApp: - state: DISCONNECTED
12-12 15:50:52.284  1505  1505 D PhoneApp: - reason: dataEnabled
12-12 15:50:52.284  1505  1505 D PhoneApp: mReceiver: ACTION_ANY_DATA_CONNECTION_STATE_CHANGED
12-12 15:50:52.284  1505  1505 D PhoneApp: - state: DISCONNECTED
12-12 15:50:52.284  1505  1505 D PhoneApp: - reason: dataEnabled
12-12 15:50:52.284  1505  1505 D PhoneApp: mReceiver: ACTION_ANY_DATA_CONNECTION_STATE_CHANGED
12-12 15:50:52.284  1505  1505 D PhoneApp: - state: DISCONNECTED
12-12 15:50:52.284  1505  1505 D PhoneApp: - reason: dataEnabled
12-12 15:50:52.284  1505  1505 D PhoneApp: mReceiver: ACTION_ANY_DATA_CONNECTION_STATE_CHANGED
12-12 15:50:52.284  1505  1505 D PhoneApp: - state: DISCONNECTED
12-12 15:50:52.284  1505  1505 D PhoneApp: - reason: dataEnabled
12-12 15:50:52.284   962   962 D MobileDataStateTracker: cbs: Broadcast received: android.intent.action.ANY_DATA_STATE apnType=cbs
12-12 15:50:52.284   962   962 D MobileDataStateTracker: cbs: cbs setting isAvailable to true
12-12 15:50:52.284   962   962 D MobileDataStateTracker: cbs: Received state=DISCONNECTED, old=DISCONNECTED, reason=dataEnabled
12-12 15:50:52.284   962   962 D MobileDataStateTracker: xcap: Broadcast received: android.intent.action.ANY_DATA_STATE apnType=xcap
12-12 15:50:52.284   962   962 D MobileDataStateTracker: xcap: xcap setting isAvailable to true
12-12 15:50:52.284   962   962 D MobileDataStateTracker: xcap: Received state=DISCONNECTED, old=DISCONNECTED, reason=dataEnabled
12-12 15:50:52.284   962   962 D MobileDataStateTracker: vzwapp: Broadcast received: android.intent.action.ANY_DATA_STATE apnType=vzwapp
12-12 15:50:52.284   962   962 D MobileDataStateTracker: vzwapp: vzwapp setting isAvailable to true
12-12 15:50:52.284   962   962 D MobileDataStateTracker: vzwapp: Received state=DISCONNECTED, old=DISCONNECTED, reason=dataEnabled
12-12 15:50:52.294   312   992 V         : RouteController
12-12 15:50:52.294   312   992 V         : RouteController
12-12 15:50:52.294   312   992 V         : RouteController
12-12 15:50:52.304   312   992 V         : RouteController
12-12 15:50:52.304 14668 14668 I PCSuite : [StartReceiver]NETWORK_STATE_CHANGED_ACTION : DISCONNECTED/IDLE
12-12 15:50:52.304 14668 14668 D PCSuite : [StartReceiver][getUpdateNecessity]update = false
12-12 15:50:52.304 14668 14668 D PCSuite : [StartReceiver][LGSW]false, [WIFIUI]false, [WIFI]false, [HOTSPOT]false, [OBEXSERVICE]false
12-12 15:50:52.314   962  1182 W NetworkManagementService: route cmd failed: 
12-12 15:50:52.314   962  1182 W NetworkManagementService: com.android.server.NativeDaemonConnector$NativeDaemonFailureException: command '49 route del src v6 2' failed with '400 49 -6 rule del table 2: RTNETLINK answers: No such file or directory
12-12 15:50:52.314   962  1182 W NetworkManagementService: '
12-12 15:50:52.314   962  1182 W NetworkManagementService: 	at com.android.server.NativeDaemonConnector.execute(NativeDaemonConnector.java:413)
12-12 15:50:52.314   962  1182 W NetworkManagementService: 	at com.android.server.NativeDaemonConnector.executeForList(NativeDaemonConnector.java:340)
12-12 15:50:52.314   962  1182 W NetworkManagementService: 	at com.android.server.NativeDaemonConnector.execute(NativeDaemonConnector.java:305)
12-12 15:50:52.314   962  1182 W NetworkManagementService: 	at com.android.server.NativeDaemonConnector.execute(NativeDaemonConnector.java:290)
12-12 15:50:52.314   962  1182 W NetworkManagementService: 	at com.android.server.NetworkManagementService.delSrcRoute(NetworkManagementService.java:3278)
12-12 15:50:52.314   962  1182 W NetworkManagementService: 	at com.android.server.QcConnectivityService.updateRoutes(QcConnectivityService.java:4835)
12-12 15:50:52.314   962  1182 W NetworkManagementService: 	at com.android.server.QcConnectivityService.handleConnectivityChange(QcConnectivityService.java:4605)
12-12 15:50:52.314   962  1182 W NetworkManagementService: 	at com.android.server.QcConnectivityService.handleDisconnect(QcConnectivityService.java:3582)
12-12 15:50:52.314   962  1182 W NetworkManagementService: 	at com.android.server.QcConnectivityService.access$5700(QcConnectivityService.java:260)
12-12 15:50:52.314   962  1182 W NetworkManagementService: 	at com.android.server.QcConnectivityService$ConnectivityServiceHSM$DefaultConnectivityState.processMessage(QcConnectivityService.java:5823)
12-12 15:50:52.314   962  1182 W NetworkManagementService: 	at com.android.internal.util.StateMachine$SmHandler.processMsg(StateMachine.java:966)
12-12 15:50:52.314   962  1182 W NetworkManagementService: 	at com.android.internal.util.StateMachine$SmHandler.handleMessage(StateMachine.java:789)
12-12 15:50:52.314   962  1182 W NetworkManagementService: 	at android.os.Handler.dispatchMessage(Handler.java:102)
12-12 15:50:52.314   962  1182 W NetworkManagementService: 	at android.os.Looper.loop(Looper.java:136)
12-12 15:50:52.314   962  1182 W NetworkManagementService: 	at android.os.HandlerThread.run(HandlerThread.java:61)
12-12 15:50:52.314 10343 10343 D wpa_supplicant: wlan0: Cancelling scan request
12-12 15:50:52.314 10343 10343 D wpa_supplicant: wlan0: P2P: Station mode scan operation not pending anymore (sta_scan_pending=0 p2p_cb_on_scan_complete=0)
12-12 15:50:52.314 10343 10343 D wpa_supplicant: wlan0: Cancelling authentication timeout
12-12 15:50:52.314   962  1182 D NetUtils: android_net_utils_resetConnections in env=0x636ca570 clazz=0x75500001 iface=wlan0 mask=0x3
12-12 15:50:52.314   962  1182 D QcConnectivityService: resetConnections(wlan0, 3)
12-12 15:50:52.314 10247 11188 V NativeCrypto: Read error: ssl=0x64b815f0: I/O error during system call, Connection timed out
12-12 15:50:52.324 10247 11188 V NativeCrypto: SSL shutdown failed: ssl=0x64b815f0: I/O error during system call, Broken pipe
12-12 15:50:52.324   962  1561 I ActivityManager: Start proc com.lge.qremote for broadcast com.lge.qremote/.settings.WiFiStateReceiver: pid=14696 uid=10033 gids={50033, 1023, 1028, 1015, 3003, 3002}
12-12 15:50:52.324   962  1561 I ActivityManager: Killing 14178:com.google.android.apps.docs/u0a68 (adj 15): empty #14
12-12 15:50:52.334   962  1182 D ConnectivityServiceHSM: Actual State: DefaultConnectivityState, Current State: DefaultConnectivityState.processMessage what=112
12-12 15:50:52.334   962  1182 D Nat464Xlat: requiresClat: netType=1, hasIPv4Address=false
12-12 15:50:52.344   962  1182 D ConnectivityServiceHSM: Actual State: DefaultConnectivityState, Current State: DefaultConnectivityState.processMessage what=112
12-12 15:50:52.344   962  1182 D ConnectivityServiceHSM: Actual State: DefaultConnectivityState, Current State: DefaultConnectivityState.processMessage what=104
12-12 15:50:52.344   962  1182 D ConnectivityServiceHSM: Actual State: DefaultConnectivityState, Current State: DefaultConnectivityState.processMessage what=5006
12-12 15:50:52.344   962  1182 D MobileDataStateTracker: default: setPolicyDataEnable(enabled=true)
12-12 15:50:52.344   962  1182 D QcConnectivityService: handleInetConditionChange: no active default network - ignore
12-12 15:50:52.344   962   962 W QCNEJ   : |CORE| sendDefaultNwMsg: Default network msg not being sent to CND.Value out of range: -1
12-12 15:50:52.354 10343 10343 D wpa_supplicant: netlink: Operstate: linkmode=0, operstate=6
12-12 15:50:52.354   962  1182 D ConnectivityServiceHSM: Actual State: DefaultConnectivityState, Current State: DefaultConnectivityState.processMessage what=112
12-12 15:50:52.354   962  1182 D ConnectivityServiceHSM: Actual State: DefaultConnectivityState, Current State: DefaultConnectivityState.processMessage what=112
12-12 15:50:52.354 10343 10343 D wpa_supplicant: nl80211: Set mode ifindex 23 iftype 2 (STATION)
12-12 15:50:52.354 10343 10343 D wpa_supplicant: nl80211: Unsubscribe mgmt frames handle 0xb8c5c0d8 (mode change)
12-12 15:50:52.354 10343 10343 I wpa_supplicant: wlan0: CTRL-EVENT-TERMINATING 
12-12 15:50:52.354 10343 10343 I wpa_supplicant: [ITEC] Close WIFLUS socket interface - START
12-12 15:50:52.354 10343 10343 I wpa_supplicant: [ITEC] - NOT INITIALIZED - DONE
12-12 15:50:52.354  1213 10359 D WfdsMonitor: WfdsMonitorThread is received the interrupt - closing
12-12 15:50:52.354   962 10358 D WifiMonitor: Event [IFNAME=wlan0 CTRL-EVENT-TERMINATING ]
12-12 15:50:52.354   962  1035 D Tethering: interfaceLinkStateChanged wlan0, false
12-12 15:50:52.354   962  1035 D Tethering: interfaceStatusChanged wlan0, false
12-12 15:50:52.354 10343 10343 D wpa_supplicant: Control interface directory not empty - leaving it behind
12-12 15:50:52.354 10343 10343 D wpa_supplicant: p2p0: Removing interface p2p0
12-12 15:50:52.354 10343 10343 D wpa_supplicant: p2p0: Request to deauthenticate - bssid=00:00:00:00:00:00 pending_bssid=00:00:00:00:00:00 reason=3 state=DISCONNECTED
12-12 15:50:52.354 10343 10343 D wpa_supplicant: TDLS: Tear down peers
12-12 15:50:52.354 10343 10343 D wpa_supplicant: p2p0: No keys have been configured - skip key clearing
12-12 15:50:52.354 10343 10343 D wpa_supplicant: p2p0: State: DISCONNECTED -> DISCONNECTED
12-12 15:50:52.354 10343 10343 D wpa_supplicant: wpa_driver_nl80211_set_operstate: operstate 0->0 (DORMANT)
12-12 15:50:52.354 10343 10343 D wpa_supplicant: netlink: Operstate: linkmode=-1, operstate=5
12-12 15:50:52.354 10343 10343 D wpa_supplicant: EAPOL: External notification - portEnabled=0
12-12 15:50:52.354 10343 10343 D wpa_supplicant: EAPOL: Supplicant port status: Unauthorized
12-12 15:50:52.354 10343 10343 D wpa_supplicant: nl80211: Set supplicant port unauthorized for 00:00:00:00:00:00
12-12 15:50:52.354 10343 10343 D wpa_supplicant: EAPOL: External notification - portValid=0
12-12 15:50:52.354 10343 10343 D wpa_supplicant: EAPOL: Supplicant port status: Unauthorized
12-12 15:50:52.354 10343 10343 D wpa_supplicant: nl80211: Set supplicant port unauthorized for 00:00:00:00:00:00
12-12 15:50:52.354 10343 10343 D wpa_supplicant: p2p0: No keys have been configured - skip key clearing
12-12 15:50:52.354   962  1177 D WifiStateMachine: handleMessage: E msg.what=147458
12-12 15:50:52.354   962  1177 D WifiStateMachine: processMsg: SupplicantStoppingState
12-12 15:50:52.354   962  1177 D WifiStateMachine: Supplicant connection lost
12-12 15:50:52.354   962  1177 D WifiMonitor: WifiMonitorSingleton gotten
12-12 15:50:52.354  1515  1526 I com.skyfire.browser.toolbar.ProcessObserverService: On process died 14178,10068
12-12 15:50:52.354   962   962 D LocSvc_java: updateNetworkState unavailable info: NetworkInfo: type: WIFI[], state: DISCONNECTED/DISCONNECTED, reason: (unspecified), extra: <unknown ssid>, roaming: false, failover: false, isAvailable: false, smCause: 0, isConnectedToProvisioningNetwork: false
12-12 15:50:52.354   962  1182 D MobileDataStateTracker: default: setPolicyDataEnable(enabled=true)
12-12 15:50:52.354   962  3338 D ActivityManager: resumeTopActivityLocked: Going to sleep and all paused
12-12 15:50:52.364  1515  1538 I com.skyfire.browser.toolbar.ProcessObserverService: On importance changed 14696,10033,400
12-12 15:50:52.364  1505  2180 I TelephonyProvider: getPreferredApnId: subscription=0
12-12 15:50:52.374   962   962 D LocSvc_java: getAGpsConnectionInfo connType - 4
12-12 15:50:52.374   962   962 D LocSvc_java: ignore wifi update if we are not in OPENING or CLOSING
12-12 15:50:52.374   962  1182 D ConnectivityServiceHSM: Actual State: DefaultConnectivityState, Current State: DefaultConnectivityState.processMessage what=112
12-12 15:50:52.384   962  1182 D ConnectivityServiceHSM: Actual State: DefaultConnectivityState, Current State: DefaultConnectivityState.processMessage what=112
12-12 15:50:52.384 14696 14696 D HyLog   : I : /data/font/config/sfconfig.dat, No such file or directory (2)
12-12 15:50:52.384 14696 14696 D HyLog   : I : /data/font/config/dfactpre.dat, No such file or directory (2)
12-12 15:50:52.384 14696 14696 D HyLog   : I : /data/font/config/sfconfig.dat, No such file or directory (2)
12-12 15:50:52.384   962  1182 D MobileDataStateTracker: default: setPolicyDataEnable(enabled=true)
12-12 15:50:52.414   962  1022 D GpsLocationProvider: updateNetworkState unavailable info: NetworkInfo: type: WIFI[], state: DISCONNECTED/DISCONNECTED, reason: (unspecified), extra: <unknown ssid>, roaming: false, failover: false, isAvailable: false, smCause: 0, isConnectedToProvisioningNetwork: false
12-12 15:50:52.424  1505  1923 I TelephonyProvider: getPreferredApnId: subscription=0
12-12 15:50:52.424   962  1022 D GpsLocationProvider: updateNetworkState(),mNetworkAvailable =false, info.isConnected() =false, mSupportsXtra =true
12-12 15:50:52.424 14696 14696 D QRemote : [QRemoteApplication.java:226:onCreate()] oooooo QRemoteApp onCreate....
12-12 15:50:52.434 14696 14696 D QRemote : [CarrierUtils.java:844:getHardwareSettings()] oooooo qremote android.os.Build.MODEL = LG-V410
12-12 15:50:52.434 14696 14696 I QRemote : [CarrierUtils.java:845:getHardwareSettings()] oooooo getCountry :: US
12-12 15:50:52.434 14696 14696 I QRemote : [CarrierUtils.java:846:getHardwareSettings()] oooooo getCarrier :: ATT
12-12 15:50:52.434 14696 14696 I QRemote : [CarrierUtils.java:847:getHardwareSettings()] oooooo getArea :: COM
12-12 15:50:52.434 14696 14696 D QRemote : [CarrierUtils.java:848:getHardwareSettings()] oooooo Loading Config...
12-12 15:50:52.444 14696 14696 D QRemote : [CarrierUtils.java:862:getHardwareSettings()] oooooo qremote configuration file = R.xml.qremote_conf
12-12 15:50:52.444 14696 14696 D QRemote : [CarrierUtils.java:876:getHardwareSettings()] oooooo qremote xpp.getName() = V410
12-12 15:50:52.444 14696 14696 I QRemote : [CarrierUtils.java:773:getXmlItem()] oooooo qremote AppState : lite_db= true
12-12 15:50:52.444 14696 14696 I QRemote : [CarrierUtils.java:776:getXmlItem()] oooooo qremote AppState : sw_ir=true
12-12 15:50:52.444 14696 14696 I QRemote : [CarrierUtils.java:779:getXmlItem()] oooooo qremote AppState : learning_remote=false
12-12 15:50:52.444 14696 14696 I QRemote : [CarrierUtils.java:783:getXmlItem()] oooooo qremote AppState : isTablet=true
12-12 15:50:52.444   962  1037 D BluetoothManagerService: Message: 20
12-12 15:50:52.444   962  1037 D BluetoothManagerService: Added callback: android.bluetooth.IBluetoothManagerCallback$Stub$Proxy@42db64e0:true
12-12 15:50:52.454   962  1177 D WifiStateMachine: setWifiState: disabled
12-12 15:50:52.454  1213  1213 D WfdsService: Supplicant Connection state is changed : false
12-12 15:50:52.454   962  1177 D WifiOffDelayIfNotUsed: stopMonitoring
12-12 15:50:52.454   962  1177 E WifiStateMachine: Couldn't get getWiFiOffloadingIface : 
12-12 15:50:52.454   962  1177 E WifiStateMachine: useWiFiOffloading() : false
12-12 15:50:52.454   962  1177 E WifiStateMachine: CONFIG_LGE_WLAN_PATH : true
12-12 15:50:52.464   962  1177 D WifiStateMachine: transitionTo: destState=InitialState
12-12 15:50:52.464   962  1177 D WifiStateMachine: handleMessage: new destination call exit/enter
12-12 15:50:52.464   962  1177 D WifiStateMachine: setupTempStateStackWithStatesToEnter: X mTempStateStackCount=1,curStateInfo: state=DefaultState,active=true,parent=null
12-12 15:50:52.464   962  1177 D WifiStateMachine: invokeExitMethods: SupplicantStoppingState
12-12 15:50:52.464   962  1177 D WifiStateMachine: moveTempStackToStateStack: i=0,j=1
12-12 15:50:52.464   962  1177 D WifiStateMachine: moveTempStackToStateStack: X mStateStackTop=1,startingIndex=1,Top=InitialState
12-12 15:50:52.464   962  1177 D WifiStateMachine: invokeEnterMethods: InitialState
12-12 15:50:52.464  1213  1213 V WfdStateTracker: WfdStateTracker handleDirectStateChangedEvent: 0
12-12 15:50:52.464  2235  2235 D ATTAPNWidget: receive WIFI_STATE_CHANGED_ACTION
12-12 15:50:52.464   962   962 I WifiServiceExtension: WIFI_STATE_CHANGED_ACTION [1]
12-12 15:50:52.464   962  1180 I WifiServiceExtension: batteryPsActivateMsgHandler : state:0 event:1
12-12 15:50:52.464   962  1180 I WifiServiceExtension: batteryPsActivateMsgHandler : this is not treated
12-12 15:50:52.464 10247 10758 W Settings: Setting airplane_mode_on has moved from android.provider.Settings.System to android.provider.Settings.Global, returning read-only value.
12-12 15:50:52.474   450   450 E Parcel  : Reading a NULL string not supported here.
12-12 15:50:52.474   450   450 E Parcel  : Reading a NULL string not supported here.
12-12 15:50:52.474   450   450 E Parcel  : Reading a NULL string not supported here.
12-12 15:50:52.474   450   450 E Parcel  : Reading a NULL string not supported here.
12-12 15:50:52.474   450   450 E Parcel  : Reading a NULL string not supported here.
12-12 15:50:52.474   450   450 E Parcel  : Reading a NULL string not supported here.
12-12 15:50:52.474   450   450 E Parcel  : Reading a NULL string not supported here.
12-12 15:50:52.474 14696 14696 D QRemote : [WiFiStateReceiver.java:46:onReceive()] oooooo 140626:action:android.net.wifi.STATE_CHANGE
12-12 15:50:52.474 14696 14696 D QRemote : [WiFiStateReceiver.java:114:onReceive()] oooooo NETWORK_STATE_CHANGED_ACTION
12-12 15:50:52.484 14696 14696 I QRemote : [WiFiStateReceiver.java:195:onReceive()] oooooo The network is disconnected.
12-12 15:50:52.484 13134 13134 D WiFiOffLoadBroadcast: OPerator not supported: ATT US
12-12 15:50:52.484 14696 14696 D QRemote : [QRemoteService.java:192:onCreate()] oooooo 140526:onCreate
12-12 15:50:52.494   962   974 I ActivityManager: Start proc com.lge.p2pclients.tethering for broadcast com.lge.p2p/com.lge.p2pclients.tethering.P2pTetheringReceiver: pid=14714 uid=10081 gids={50081, 3003, 3001, 3002, 1028, 1015}
12-12 15:50:52.494   962   974 I ActivityManager: Killing 12263:com.android.calendar/u0a17 (adj 15): empty #14
12-12 15:50:52.504 14696 14696 I QRemote : [ReceiverForSWIrRc.java:31:onReceive()] oooooo {intent=Intent { act=android.intent.action.HDMI_PLUGGED flg=0x44000010 (has extras) }}
12-12 15:50:52.504  1515  1526 I com.skyfire.browser.toolbar.ProcessObserverService: On process died 12263,10017
12-12 15:50:52.504 14696 14696 I QRemote : [ReceiverForSWIrRc.java:74:onReceive()] oooooo HDMI connected:false
12-12 15:50:52.504 14696 14696 D QRemote : [QRemoteUtils.java:201:setExternalDeviceState()] oooooo setExternalDeviceState state::0, bExternalDeviceConnected:false
12-12 15:50:52.504  1515  1538 I com.skyfire.browser.toolbar.ProcessObserverService: On importance changed 14714,10081,400
12-12 15:50:52.504 14696 14696 D QRemote : [QRemoteApplication.java:644:updateWidget()] oooooo Widget count is [1]. send broadcast
12-12 15:50:52.504 14696 14696 I QRemote : [ReceiverForSWIrRc.java:31:onReceive()] oooooo {intent=Intent { act=com.lge.systemservice.core.wfdmanager.WFD_STATE_CHANGED flg=0x10 (has extras) }}
12-12 15:50:52.504 14696 14696 I QRemote : [ReceiverForSWIrRc.java:84:onReceive()] oooooo WFD connected:0
12-12 15:50:52.504 14696 14696 D QRemote : [QRemoteUtils.java:201:setExternalDeviceState()] oooooo setExternalDeviceState state::0, bExternalDeviceConnected:false
12-12 15:50:52.504 14696 14696 D QRemote : [QRemoteApplication.java:644:updateWidget()] oooooo Widget count is [1]. send broadcast
12-12 15:50:52.504 14714 14714 D HyLog   : I : /data/font/config/sfconfig.dat, No such file or directory (2)
12-12 15:50:52.504 14714 14714 D HyLog   : I : /data/font/config/dfactpre.dat, No such file or directory (2)
12-12 15:50:52.504 14714 14714 D HyLog   : I : /data/font/config/sfconfig.dat, No such file or directory (2)
12-12 15:50:52.504   962  1539 D ActivityManager: resumeTopActivityLocked: Going to sleep and all paused
12-12 15:50:52.534 14714 14714 V QPair   : .h.a::a> 
12-12 15:50:52.534 14714 14714 V QPair   : *** 
12-12 15:50:52.534 14714 14714 V QPair   : *** Application Version : 4.20.14
12-12 15:50:52.534 14714 14714 V QPair   : *** 
12-12 15:50:52.544 14714 14714 E QPair   : QPairApplication::e> No main QPair process. This won't work.
12-12 15:50:52.544 14714 14714 D Event   : No subscripers registered for event class com.lge.p2p.e.a
12-12 15:50:52.544 14714 14714 D Event   : No subscripers registered for event class a.a.a.j
12-12 15:50:52.544 14714 14714 D P2pTetheringReceiver: In WifiReceiver: Broadcast Received = android.net.wifi.STATE_CHANGE
12-12 15:50:52.554   962  1559 I ActivityManager: Start proc com.lge.wireless_storage for broadcast com.lge.wireless_storage/.NetworkReceiver: pid=14727 uid=10087 gids={50087, 1028, 1015, 3003}
12-12 15:50:52.554   962  1559 I ActivityManager: Killing 14311:com.lge.bnr/1000 (adj 15): empty #14
12-12 15:50:52.564  1515  1526 I com.skyfire.browser.toolbar.ProcessObserverService: On process died 14311,1000
12-12 15:50:52.564  1515  1538 I com.skyfire.browser.toolbar.ProcessObserverService: On importance changed 14727,10087,400
12-12 15:50:52.564   962  1561 D ActivityManager: resumeTopActivityLocked: Going to sleep and all paused
12-12 15:50:52.574 14727 14727 D HyLog   : I : /data/font/config/sfconfig.dat, No such file or directory (2)
12-12 15:50:52.574 14727 14727 D HyLog   : I : /data/font/config/dfactpre.dat, No such file or directory (2)
12-12 15:50:52.574 14727 14727 D HyLog   : I : /data/font/config/sfconfig.dat, No such file or directory (2)
12-12 15:50:52.574   316   316 D dalvikvm: GC_EXPLICIT freed 45K, 76% free 2864K/11632K, paused 1ms+2ms, total 22ms
12-12 15:50:52.594 14727 14727 I Wireless_Storage: CONNECT : WIFI_P2P_STATE_CHANGED_ACTION
12-12 15:50:52.594 14668 14668 I PCSuite : [StartReceiver]NETWORK_STATE_CHANGED_ACTION : DISCONNECTED/IDLE
12-12 15:50:52.594 14668 14668 D PCSuite : [StartReceiver][getUpdateNecessity]update = false
12-12 15:50:52.594 14668 14668 D PCSuite : [StartReceiver][LGSW]false, [WIFIUI]false, [WIFI]false, [HOTSPOT]false, [OBEXSERVICE]false
12-12 15:50:52.594   316   316 D dalvikvm: GC_EXPLICIT freed <1K, 76% free 2864K/11632K, paused 2ms+2ms, total 19ms
12-12 15:50:52.594 14696 14696 D QRemote : [WiFiStateReceiver.java:46:onReceive()] oooooo 140626:action:android.net.wifi.STATE_CHANGE
12-12 15:50:52.594 14696 14696 D QRemote : [WiFiStateReceiver.java:114:onReceive()] oooooo NETWORK_STATE_CHANGED_ACTION
12-12 15:50:52.594 14696 14696 I QRemote : [WiFiStateReceiver.java:195:onReceive()] oooooo The network is disconnected.
12-12 15:50:52.594 13134 13134 D WiFiOffLoadBroadcast: OPerator not supported: ATT US
12-12 15:50:52.604 14714 14714 D P2pTetheringReceiver: In WifiReceiver: Broadcast Received = android.net.wifi.STATE_CHANGE
12-12 15:50:52.604 14668 14668 D PCSuite : [StartReceiver][LGSW]false, [WIFIUI]false, [WIFI]false, [HOTSPOT]false, [OBEXSERVICE]false
12-12 15:50:52.604 13134 13134 D WiFiOffLoadBroadcast: OPerator not supported: ATT US
12-12 15:50:52.604 14714 14714 D P2pTetheringReceiver: In WifiReceiver: Broadcast Received = android.net.wifi.WIFI_STATE_CHANGED
12-12 15:50:52.614   316   316 D dalvikvm: GC_EXPLICIT freed <1K, 76% free 2864K/11632K, paused 2ms+2ms, total 19ms
12-12 15:50:52.614   962  1331 I ActivityManager: Start proc com.lge.lgdmsclient for broadcast com.lge.lgdmsclient/.dmclient.receiver.DmDeviceActionReceiver: pid=14739 uid=5000 gids={45000, 3003, 1028, 1015, 4002, 2001}
12-12 15:50:52.624   962  1331 I ActivityManager: Killing 14329:com.android.contacts/u0a21 (adj 15): empty #14
12-12 15:50:52.624  1515  1526 I com.skyfire.browser.toolbar.ProcessObserverService: On process died 14329,10021
12-12 15:50:52.624   962  3337 D ActivityManager: resumeTopActivityLocked: Going to sleep and all paused
12-12 15:50:52.634  1515  1538 I com.skyfire.browser.toolbar.ProcessObserverService: On importance changed 14739,5000,400
12-12 15:50:52.634 14739 14739 D HyLog   : I : /data/font/config/sfconfig.dat, No such file or directory (2)
12-12 15:50:52.634 14739 14739 D HyLog   : I : /data/font/config/dfactpre.dat, No such file or directory (2)
12-12 15:50:52.634 14739 14739 D HyLog   : I : /data/font/config/sfconfig.dat, No such file or directory (2)
12-12 15:50:52.664 14739 14739 D LGDMClient: [DmDeviceActionReceiver.java] [onReceive()] : [67] : Device Action Receiver android.net.wifi.supplicant.CONNECTION_CHANGE
12-12 15:50:52.664   962  1177 D WifiStateMachine: handleMessage: X
12-12 15:50:52.664 14668 14668 I PCSuite : [StartReceiver]WIFI_STATE_CHANGED_ACTION : WIFI_STATE_DISABLED
12-12 15:50:52.664 14668 14668 D PCSuite : [StartReceiver][getUpdateNecessity]update = false
12-12 15:50:52.664 14668 14668 D PCSuite : [StartReceiver][LGSW]false, [WIFIUI]false, [WIFI]false, [HOTSPOT]false, [OBEXSERVICE]false
12-12 15:50:52.664 13134 13134 D WiFiOffLoadBroadcast: OPerator not supported: ATT US
12-12 15:50:52.674 14714 14714 D P2pTetheringReceiver: In WifiReceiver: Broadcast Received = android.net.wifi.WIFI_STATE_CHANGED
12-12 15:50:52.674 14696 14696 V QRemote : [RemoteAppWidgetProvider.java:151:onReceive()] oooooo action name : android.appwidget.action.APPWIDGET_UPDATE
12-12 15:50:52.674 14696 14696 D QRemote : [RemoteAppWidgetProvider.java:446:onUpdate()] oooooo onUpdate()
12-12 15:50:52.674 14696 14696 D QRemote : [QRemoteApplication.java:80:getControlManager()] oooooo mControlManager is null. make new RemoteControlManager
12-12 15:50:52.684 14739 14751 D LGDMClient: [DmUtil.java] [getServiceTypeBasedOnAgentState()] : [1789] : iAgentState=0, isUserType=0
12-12 15:50:52.684 14696 14696 I QRemote : [RemoteControlManager.java:152:onBindIRService()] oooooo bind
12-12 15:50:52.684 14696 14756 V MediaPlayer[Native]: decode(54, 2900448, 17813)
12-12 15:50:52.684 14739 14751 D LGDMClient: [DmUtil.java] [getServiceTypeBasedOnAgentState()] : [1789] : iAgentState=0, isUserType=0
12-12 15:50:52.694   319  1119 V MediaPlayerService: decode(31, 2900448, 17813)
12-12 15:50:52.694 14739 14751 D LGDMClient: [DmATTAPNSettings.java] [checkNetworkState()] : [132] : ATT_APN: subtype = UNKNOWN avail = false / connect = false / MobileDataEnable = true
12-12 15:50:52.694 14739 14751 D LGDMClient: [DmATTAPNSettings.java] [isNetworkAvailable()] : [73] : ATT_APN: network state (false)=mobile is not available
12-12 15:50:52.694 14739 14751 D LGDMClient: [DmServiceProcessor.java] [onHandleIntent()] : [161] : ATT_APN: changed network = false --> false
12-12 15:50:52.694   319  1119 W BrunchPlayerTypeImpl: [SelectPlayer] LocalType
12-12 15:50:52.694   319  1119 W BrunchPlayerTypeImpl: [getMediaType] EXTEND_MEDIA_MIMETYPE = application/ogg
12-12 15:50:52.694   319  1119 W BrunchPlayerTypeImpl: [FindUsePlayer] type = [application/ogg]
12-12 15:50:52.694   319  1119 W BrunchPlayerTypeImpl: [FindUsePlayer] componentName = [9101]
12-12 15:50:52.694   319  1119 W MediaPlayerFactory: [getPlayerType:fd] nType = 3
12-12 15:50:52.694   319  1119 V MediaPlayerService: player type = 3
12-12 15:50:52.694 14696 14696 D QRemote : [RemoteControlManager.java:453:setStateInt()] oooooo RemoteControl set [State]11
12-12 15:50:52.694   962  1561 I ActivityManager: Start proc com.uei.lg.quicksetsdk.lite for service com.uei.lg.quicksetsdk.lite/com.uei.control.Service: pid=14757 uid=10101 gids={50101, 3003, 1028, 1015}
12-12 15:50:52.704   319  1119 I ExtendedUtils: AV Sync late margin : Intended=40ms Using=0ms
12-12 15:50:52.704   319  1119 V AudioCache: notify(0xb8fd3bc0, 8, 0, 0)
12-12 15:50:52.704   319  1119 V AudioCache: ignored
12-12 15:50:52.704   319  1119 V LgeMediaDetector: GetMediaType start
12-12 15:50:52.704   319  1119 V LgeMediaDetector: GetMainType start
12-12 15:50:52.704   319  1119 V LgeMediaDetector: GetSubType start
12-12 15:50:52.704   319  1119 V LgeMediaDetector: GetOGGSubType start
12-12 15:50:52.704   319  1119 V LgeMediaDetector: GetOGGSubType end
12-12 15:50:52.704   319  1119 V LgeMediaDetector: GetSubType end
12-12 15:50:52.704   319  1119 V LgeMediaDetector: Pre GetMediaType [nMain:327680][nSub:327680]
12-12 15:50:52.704   319  1119 V LgeMediaDetector: GetMediaType [nMain:5][nSub:0]
12-12 15:50:52.704   319  1119 V LgeMediaDetector: GetMediaType end
12-12 15:50:52.704   319  1119 E MediaExtractorHelper: LG-CodeParser Version: LG_CodecParser_R1.0.0.32
12-12 15:50:52.704 14696 14696 E QRemote : [RemoteAppWidgetProvider.java:404:isLimitationView()] oooooo rotation : 0
12-12 15:50:52.704 14696 14696 D QRemote : [RemoteAppWidgetProvider.java:455:onUpdate()] oooooo onUpdate orientation:false
12-12 15:50:52.704   319  1119 E MediaExtractorHelper: SupportCodecEx : 208
12-12 15:50:52.704   319  1119 E MediaExtractorHelper: #### Audio mime audio/vorbis 
12-12 15:50:52.704   319  1119 E MediaExtractorHelper: #### componentName = OMX.google.vorbis.decoder
12-12 15:50:52.704   319  1119 W BrunchUsedCodecImpl: [isUsedCodec] Used codec!!!!! = audio/vorbis
12-12 15:50:52.704  1515  1526 I com.skyfire.browser.toolbar.ProcessObserverService: On importance changed 14757,10101,400
12-12 15:50:52.704 14696 14696 D QRemote : [QRemoteUtils.java:188:isCalling()] oooooo audioMode : 0 Call state : false
12-12 15:50:52.704 14696 14696 D QRemote : [RemoteAppWidgetProvider.java:508:onUpdate()] oooooo updateAppWidget to loading view
12-12 15:50:52.704 14696 14696 D QRemote : [RemoteAppWidgetProvider.java:514:onUpdate()] oooooo 140510:RetrieveDevices is not complete. Just waiting
12-12 15:50:52.714 14696 14696 D QRemote : [RemoteAppWidgetProvider.java:526:onUpdate()] oooooo 140514:alarm set after 5000ms:8936
12-12 15:50:52.714 14757 14757 D HyLog   : I : /data/font/config/sfconfig.dat, No such file or directory (2)
12-12 15:50:52.714 14757 14757 D HyLog   : I : /data/font/config/dfactpre.dat, No such file or directory (2)
12-12 15:50:52.714 14757 14757 D HyLog   : I : /data/font/config/sfconfig.dat, No such file or directory (2)
12-12 15:50:52.714 14696 14696 V QRemote : [RemoteAppWidgetProvider.java:151:onReceive()] oooooo action name : android.appwidget.action.APPWIDGET_UPDATE
12-12 15:50:52.714 14696 14696 D QRemote : [RemoteAppWidgetProvider.java:446:onUpdate()] oooooo onUpdate()
12-12 15:50:52.714 14696 14696 E QRemote : [RemoteAppWidgetProvider.java:404:isLimitationView()] oooooo rotation : 0
12-12 15:50:52.714 14696 14696 D QRemote : [RemoteAppWidgetProvider.java:455:onUpdate()] oooooo onUpdate orientation:false
12-12 15:50:52.714 14696 14696 D QRemote : [QRemoteUtils.java:188:isCalling()] oooooo audioMode : 0 Call state : false
12-12 15:50:52.714 14696 14696 D QRemote : [RemoteAppWidgetProvider.java:508:onUpdate()] oooooo updateAppWidget to loading view
12-12 15:50:52.714 14696 14696 D QRemote : [RemoteAppWidgetProvider.java:514:onUpdate()] oooooo 140510:RetrieveDevices is not complete. Just waiting
12-12 15:50:52.724 14696 14696 D QRemote : [RemoteAppWidgetProvider.java:526:onUpdate()] oooooo 140514:alarm set after 5000ms:9241
12-12 15:50:52.724   319  1119 V AwesomePlayer: track of type 'audio/vorbis' does not publish bitrate
12-12 15:50:52.724   319  1119 V AwesomePlayer: mBitrate = -1 bits/sec
12-12 15:50:52.724 14757 14757 D UEI.SmartControl: Quickset Services start...
12-12 15:50:52.724   319  1119 V AwesomePlayer: AudioTrack Setting
12-12 15:50:52.724   319  1119 V AwesomePlayer: AudioTrack Setting channelCount = 2
12-12 15:50:52.724   319  1119 W BrunchUsedCodecImpl: [isUsedCodec] Used codec!!!!! = audio/vorbis
12-12 15:50:52.724   319  1119 V MediaPlayerService: prepare
12-12 15:50:52.724   319  1119 V MediaPlayerService: wait for prepare
12-12 15:50:52.724   319 14769 V AudioSystem: isOffloadSupported()
12-12 15:50:52.724 14757 14757 I UEI.SmartControl: Manufacture = LGE
12-12 15:50:52.724   319 14769 V AudioPolicyManagerBase: isOffloadSupported: SR=48000, CM=0x3, Format=0x7000000, StreamType=-1, BitRate=4294967295, duration=1068125 us, has_video=0
12-12 15:50:52.724   319 14769 V AudioPolicyManagerBase: isOffloadSupported: stream_type != MUSIC, returning false
12-12 15:50:52.724   319 14769 I AudioFlinger: isAudioPlaybackHookOn() false
12-12 15:50:52.724   319 14769 V AwesomePlayer: getUseOffload() = 0 
12-12 15:50:52.724   319 14769 W BrunchUsedCodecImpl: [isUsedCodec] Used codec!!!!! = audio/vorbis
12-12 15:50:52.724   319 14769 W OMXCodec: matchComponentName (null), componentName OMX.google.vorbis.decoder
12-12 15:50:52.724   319 14769 V OMXCodec: matching 'OMX.google.vorbis.decoder' quirks 0x00000000
12-12 15:50:52.724   319 14769 V OMXCodec: Attempting to allocate OMX node 'OMX.google.vorbis.decoder'
12-12 15:50:52.724   319 14769 V OMXCodec: Successfully allocated OMX node 'OMX.google.vorbis.decoder'
12-12 15:50:52.724   319 14769 V OMXCodec: configureCodec protected=0
12-12 15:50:52.724   319 14769 V OMXCodec: Codec outputs a different number of channels than the input stream contains (contains 2 channels, codec outputs 1 channels).
12-12 15:50:52.724   319 14769 V OMXCodec: Codec outputs at different sampling rate than what the input stream contains (contains data at 48000 Hz, codec outputs 44100 Hz)
12-12 15:50:52.724   319 14769 V OMXCodec: [OMX.google.vorbis.decoder] allocating 4 buffers of size 8192 on input port
12-12 15:50:52.724 14757 14757 D UEI.SmartControl: Extracting JNI libs...
12-12 15:50:52.724   319 14769 V OMXCodec: [OMX.google.vorbis.decoder] allocated buffer 0xb8fdf8f8 on input port
12-12 15:50:52.724   319 14769 V OMXCodec: [OMX.google.vorbis.decoder] allocated buffer 0xb8fdfa58 on input port
12-12 15:50:52.724   319 14769 V OMXCodec: [OMX.google.vorbis.decoder] allocated buffer 0xb8fdfb28 on input port
12-12 15:50:52.724   319 14769 V OMXCodec: [OMX.google.vorbis.decoder] allocated buffer 0xb8fdfbe0 on input port
12-12 15:50:52.724   319 14769 V OMXCodec: [OMX.google.vorbis.decoder] allocating 4 buffers of size 32768 on output port
12-12 15:50:52.724   319 14769 V OMXCodec: [OMX.google.vorbis.decoder] allocated buffer 0xb8fe8280 on output port
12-12 15:50:52.724   319 14769 V OMXCodec: [OMX.google.vorbis.decoder] allocated buffer 0xb8fe8488 on output port
12-12 15:50:52.724   319 14769 V OMXCodec: [OMX.google.vorbis.decoder] allocated buffer 0xb8fe85c8 on output port
12-12 15:50:52.724   319 14769 V OMXCodec: [OMX.google.vorbis.decoder] allocated buffer 0xb8fe86f0 on output port
12-12 15:50:52.724   319 14771 V OMXCodec: [OMX.google.vorbis.decoder] onStateChange 2
12-12 15:50:52.724   319 14771 V OMXCodec: [OMX.google.vorbis.decoder] Now Idle.
12-12 15:50:52.724   319 14771 V OMXCodec: [OMX.google.vorbis.decoder] onStateChange 3
12-12 15:50:52.724   319 14771 V OMXCodec: [OMX.google.vorbis.decoder] Now Executing.
12-12 15:50:52.724   319 14769 V AudioCache: notify(0xb8fd3bc0, 5, 0, 0)
12-12 15:50:52.724   319 14769 V AudioCache: ignored
12-12 15:50:52.724   319 14769 V AudioCache: notify(0xb8fd3bc0, 1, 0, 0)
12-12 15:50:52.724   319 14769 V AudioCache: prepared
12-12 15:50:52.724   319  1119 V AudioCache: wait - success
12-12 15:50:52.724   319  1119 V MediaPlayerService: start
12-12 15:50:52.724   319  1119 V AwesomePlayer: play_l m_isDivXDRM=0, bpurchasefile:0
12-12 15:50:52.724   319  1119 V OMXCodec: [OMX.google.vorbis.decoder] calling emptyBuffer with codec specific data
12-12 15:50:52.724   319  1119 V OMXCodec: [OMX.google.vorbis.decoder] calling emptyBuffer with codec specific data
12-12 15:50:52.724 14757 14757 D UEI.SmartControl: QS Libs size = 262388
12-12 15:50:52.734   319 14771 V OMXCodec: [OMX.google.vorbis.decoder] OMX_EventPortSettingsChanged(port=1, data2=0x00000000)
12-12 15:50:52.734   319 14771 V OMXCodec: [OMX.google.vorbis.decoder] PORT_SETTINGS_CHANGED(1)
12-12 15:50:52.734   319 14771 V OMXCodec: [OMX.google.vorbis.decoder] sending OMX_CommandPortDisable(1)
12-12 15:50:52.734   319 14771 V OMXCodec: [OMX.google.vorbis.decoder] Port is disabled, freeing buffer 0xb8fe8280
12-12 15:50:52.734   319 14771 V OMXCodec: [OMX.google.vorbis.decoder] Port is disabled, freeing buffer 0xb8fe8488
12-12 15:50:52.734   319 14771 V OMXCodec: [OMX.google.vorbis.decoder] Port is disabled, freeing buffer 0xb8fe85c8
12-12 15:50:52.734   319 14771 V OMXCodec: [OMX.google.vorbis.decoder] Port is disabled, freeing buffer 0xb8fe86f0
12-12 15:50:52.734   319 14771 V OMXCodec: [OMX.google.vorbis.decoder] PORT_DISABLED(1)
12-12 15:50:52.734   319 14771 V OMXCodec: [OMX.google.vorbis.decoder] reconfig handling, formatHasNotablyChanged
12-12 15:50:52.734   319 14771 V OMXCodec: [OMX.google.vorbis.decoder] sending OMX_CommandPortEnable(1)
12-12 15:50:52.734   319 14771 V OMXCodec: [OMX.google.vorbis.decoder] allocating 4 buffers of size 32768 on output port
12-12 15:50:52.734   319 14771 V OMXCodec: [OMX.google.vorbis.decoder] allocated buffer 0xb8ff47c0 on output port
12-12 15:50:52.734   319 14771 V OMXCodec: [OMX.google.vorbis.decoder] allocated buffer 0xb8ff4898 on output port
12-12 15:50:52.734   319 14771 V OMXCodec: [OMX.google.vorbis.decoder] allocated buffer 0xb8ff0490 on output port
12-12 15:50:52.734   319 14771 V OMXCodec: [OMX.google.vorbis.decoder] allocated buffer 0xb8fdfc38 on output port
12-12 15:50:52.734   319 14771 V OMXCodec: [OMX.google.vorbis.decoder] PORT_ENABLED(1)
12-12 15:50:52.734   319  1119 V AudioPlayer: INFO_FORMAT_CHANGED!!!
12-12 15:50:52.744   319  1119 V AudioPlayer: mSampleRate is changed = 48000
12-12 15:50:52.744   319  1119 V AudioPlayer: mOrgSampleRate is changed = 48000
12-12 15:50:52.744   319  1119 V AudioCache: open(48000, 2, 0x0, 1, 4)
12-12 15:50:52.744   319  1119 V AudioCache: notify(0xb8fd3bc0, 6, 0, 0)
12-12 15:50:52.744   319  1119 V AudioCache: ignored
12-12 15:50:52.744   319 14773 V AudioPlayer: AudioCallback
12-12 15:50:52.744   319 14773 V AudioPlayer: buffer->size() = 0, mPositionTimeMediaUs=-0.00 mPositionTimeRealUs=0.00
12-12 15:50:52.744   319  1119 V MediaPlayerService: wait for playback complete
12-12 15:50:52.744   319 14773 V AudioPlayer: buffer->size() = 2304, mPositionTimeMediaUs=0.34 mPositionTimeRealUs=0.00
12-12 15:50:52.744   319 14773 V AudioPlayer: buffer->size() = 2304, mPositionTimeMediaUs=0.34 mPositionTimeRealUs=0.01
12-12 15:50:52.744   319 14773 V AudioCache: write(0xb8fec730, 4096)
12-12 15:50:52.744   319 14773 V AudioCache: memcpy(0xb3874000, 0xb8fec730, 4096)
12-12 15:50:52.744   319 14773 V AudioPlayer: buffer->size() = 512, mPositionTimeMediaUs=0.34 mPositionTimeRealUs=0.02
12-12 15:50:52.744   319 14773 V AudioPlayer: buffer->size() = 512, mPositionTimeMediaUs=0.34 mPositionTimeRealUs=0.03
12-12 15:50:52.744   319 14773 V AudioPlayer: buffer->size() = 2304, mPositionTimeMediaUs=0.34 mPositionTimeRealUs=0.03
12-12 15:50:52.744   319 14773 V AudioPlayer: buffer->size() = 4096, mPositionTimeMediaUs=0.34 mPositionTimeRealUs=0.04
12-12 15:50:52.744   319 14773 V AudioCache: write(0xb8fec730, 4096)
12-12 15:50:52.744   319 14773 V AudioCache: memcpy(0xb3875000, 0xb8fec730, 4096)
12-12 15:50:52.744   319 14773 V AudioPlayer: buffer->size() = 4096, mPositionTimeMediaUs=0.34 mPositionTimeRealUs=0.06
12-12 15:50:52.744   319 14773 V AudioCache: write(0xb8fec730, 4096)
12-12 15:50:52.744   319 14773 V AudioCache: memcpy(0xb3876000, 0xb8fec730, 4096)
12-12 15:50:52.744   319 14773 V AudioPlayer: buffer->size() = 4096, mPositionTimeMediaUs=0.34 mPositionTimeRealUs=0.08
12-12 15:50:52.744   319 14773 V AudioCache: write(0xb8fec730, 4096)
12-12 15:50:52.744   319 14773 V AudioCache: memcpy(0xb3877000, 0xb8fec730, 4096)
12-12 15:50:52.744   319 14773 V AudioPlayer: buffer->size() = 4096, mPositionTimeMediaUs=0.34 mPositionTimeRealUs=0.11
12-12 15:50:52.744   319 14773 V AudioCache: write(0xb8fec730, 4096)
12-12 15:50:52.744   319 14773 V AudioCache: memcpy(0xb3878000, 0xb8fec730, 4096)
12-12 15:50:52.744   319 14773 V AudioPlayer: buffer->size() = 4096, mPositionTimeMediaUs=0.34 mPositionTimeRealUs=0.13
12-12 15:50:52.744   319 14773 V AudioCache: write(0xb8fec730, 4096)
12-12 15:50:52.744   319 14773 V AudioCache: memcpy(0xb3879000, 0xb8fec730, 4096)
12-12 15:50:52.744   319 14773 V AudioPlayer: buffer->size() = 4096, mPositionTimeMediaUs=0.34 mPositionTimeRealUs=0.15
12-12 15:50:52.744   319 14773 V AudioCache: write(0xb8fec730, 4096)
12-12 15:50:52.744   319 14773 V AudioCache: memcpy(0xb387a000, 0xb8fec730, 4096)
12-12 15:50:52.744   319 14773 V AudioPlayer: buffer->size() = 4096, mPositionTimeMediaUs=0.34 mPositionTimeRealUs=0.17
12-12 15:50:52.744   319 14773 V AudioCache: write(0xb8fec730, 4096)
12-12 15:50:52.744   319 14773 V AudioCache: memcpy(0xb387b000, 0xb8fec730, 4096)
12-12 15:50:52.744   319 14773 V AudioPlayer: buffer->size() = 4096, mPositionTimeMediaUs=0.34 mPositionTimeRealUs=0.19
12-12 15:50:52.744   319 14773 V AudioCache: write(0xb8fec730, 4096)
12-12 15:50:52.744   319 14773 V AudioCache: memcpy(0xb387c000, 0xb8fec730, 4096)
12-12 15:50:52.744   319 14773 V AudioPlayer: buffer->size() = 4096, mPositionTimeMediaUs=0.34 mPositionTimeRealUs=0.21
12-12 15:50:52.744   319 14773 V AudioCache: write(0xb8fec730, 4096)
12-12 15:50:52.744   319 14773 V AudioCache: memcpy(0xb387d000, 0xb8fec730, 4096)
12-12 15:50:52.744   319 14773 V AudioPlayer: buffer->size() = 4096, mPositionTimeMediaUs=0.34 mPositionTimeRealUs=0.23
12-12 15:50:52.744   319 14773 V AudioCache: write(0xb8fec730, 4096)
12-12 15:50:52.744   319 14773 V AudioCache: memcpy(0xb387e000, 0xb8fec730, 4096)
12-12 15:50:52.744   319 14773 V AudioPlayer: buffer->size() = 4096, mPositionTimeMediaUs=0.34 mPositionTimeRealUs=0.25
12-12 15:50:52.744   319 14773 V AudioCache: write(0xb8fec730, 4096)
12-12 15:50:52.744   319 14773 V AudioCache: memcpy(0xb387f000, 0xb8fec730, 4096)
12-12 15:50:52.744   319 14773 V AudioPlayer: buffer->size() = 4096, mPositionTimeMediaUs=0.34 mPositionTimeRealUs=0.28
12-12 15:50:52.744   319 14773 V AudioCache: write(0xb8fec730, 4096)
12-12 15:50:52.744   319 14773 V AudioCache: memcpy(0xb3880000, 0xb8fec730, 4096)
12-12 15:50:52.744   319 14773 V AudioPlayer: buffer->size() = 4096, mPositionTimeMediaUs=0.34 mPositionTimeRealUs=0.30
12-12 15:50:52.744   319 14773 V AudioCache: write(0xb8fec730, 4096)
12-12 15:50:52.744   319 14773 V AudioCache: memcpy(0xb3881000, 0xb8fec730, 4096)
12-12 15:50:52.744   319 14773 V AudioPlayer: buffer->size() = 4096, mPositionTimeMediaUs=0.34 mPositionTimeRealUs=0.32
12-12 15:50:52.744   319 14773 V AudioCache: write(0xb8fec730, 4096)
12-12 15:50:52.744   319 14773 V AudioCache: memcpy(0xb3882000, 0xb8fec730, 4096)
12-12 15:50:52.744   319 14773 V AudioPlayer: buffer->size() = 4096, mPositionTimeMediaUs=0.68 mPositionTimeRealUs=0.34
12-12 15:50:52.744   319 14773 V AudioCache: write(0xb8fec730, 4096)
12-12 15:50:52.744   319 14773 V AudioCache: memcpy(0xb3883000, 0xb8fec730, 4096)
12-12 15:50:52.744   319 14773 V AudioPlayer: buffer->size() = 4096, mPositionTimeMediaUs=0.68 mPositionTimeRealUs=0.36
12-12 15:50:52.744   319 14773 V AudioCache: write(0xb8fec730, 4096)
12-12 15:50:52.744   319 14773 V AudioCache: memcpy(0xb3884000, 0xb8fec730, 4096)
12-12 15:50:52.744   319 14773 V AudioPlayer: buffer->size() = 4096, mPositionTimeMediaUs=0.68 mPositionTimeRealUs=0.38
12-12 15:50:52.744   319 14773 V AudioCache: write(0xb8fec730, 4096)
12-12 15:50:52.744   319 14773 V AudioCache: memcpy(0xb3885000, 0xb8fec730, 4096)
12-12 15:50:52.744   319 14773 V AudioPlayer: buffer->size() = 4096, mPositionTimeMediaUs=0.68 mPositionTimeRealUs=0.40
12-12 15:50:52.744   319 14773 V AudioCache: write(0xb8fec730, 4096)
12-12 15:50:52.744   319 14773 V AudioCache: memcpy(0xb3886000, 0xb8fec730, 4096)
12-12 15:50:52.744   319 14773 V AudioPlayer: buffer->size() = 4096, mPositionTimeMediaUs=0.68 mPositionTimeRealUs=0.43
12-12 15:50:52.744   319 14773 V AudioCache: write(0xb8fec730, 4096)
12-12 15:50:52.744   319 14773 V AudioCache: memcpy(0xb3887000, 0xb8fec730, 4096)
12-12 15:50:52.744   319 14773 V AudioPlayer: buffer->size() = 4096, mPositionTimeMediaUs=0.68 mPositionTimeRealUs=0.45
12-12 15:50:52.744   319 14773 V AudioCache: write(0xb8fec730, 4096)
12-12 15:50:52.744   319 14773 V AudioCache: memcpy(0xb3888000, 0xb8fec730, 4096)
12-12 15:50:52.744   319 14773 V AudioPlayer: buffer->size() = 4096, mPositionTimeMediaUs=0.68 mPositionTimeRealUs=0.47
12-12 15:50:52.744   319 14773 V AudioCache: write(0xb8fec730, 4096)
12-12 15:50:52.744   319 14773 V AudioCache: memcpy(0xb3889000, 0xb8fec730, 4096)
12-12 15:50:52.744   319 14773 V AudioPlayer: buffer->size() = 4096, mPositionTimeMediaUs=0.68 mPositionTimeRealUs=0.49
12-12 15:50:52.744   319 14773 V AudioCache: write(0xb8fec730, 4096)
12-12 15:50:52.744   319 14773 V AudioCache: memcpy(0xb388a000, 0xb8fec730, 4096)
12-12 15:50:52.744   319 14773 V AudioPlayer: buffer->size() = 4096, mPositionTimeMediaUs=0.68 mPositionTimeRealUs=0.51
12-12 15:50:52.744   319 14773 V AudioCache: write(0xb8fec730, 4096)
12-12 15:50:52.744   319 14773 V AudioCache: memcpy(0xb388b000, 0xb8fec730, 4096)
12-12 15:50:52.744   962  1561 I ActivityManager: Killing 14344:com.lge.email/u0a23 (adj 15): empty #14
12-12 15:50:52.754   319 14773 V AudioPlayer: buffer->size() = 4096, mPositionTimeMediaUs=0.68 mPositionTimeRealUs=0.53
12-12 15:50:52.754   319 14773 V AudioCache: write(0xb8fec730, 4096)
12-12 15:50:52.754   319 14773 V AudioCache: memcpy(0xb388c000, 0xb8fec730, 4096)
12-12 15:50:52.754   319 14773 V AudioPlayer: buffer->size() = 4096, mPositionTimeMediaUs=0.68 mPositionTimeRealUs=0.55
12-12 15:50:52.754   319 14773 V AudioCache: write(0xb8fec730, 4096)
12-12 15:50:52.754   319 14773 V AudioCache: memcpy(0xb388d000, 0xb8fec730, 4096)
12-12 15:50:52.754   319 14773 V AudioPlayer: buffer->size() = 4096, mPositionTimeMediaUs=0.68 mPositionTimeRealUs=0.57
12-12 15:50:52.754   319 14773 V AudioCache: write(0xb8fec730, 4096)
12-12 15:50:52.754   319 14773 V AudioCache: memcpy(0xb388e000, 0xb8fec730, 4096)
12-12 15:50:52.754   319 14773 V AudioPlayer: buffer->size() = 4096, mPositionTimeMediaUs=0.68 mPositionTimeRealUs=0.60
12-12 15:50:52.754   319 14773 V AudioCache: write(0xb8fec730, 4096)
12-12 15:50:52.754   319 14773 V AudioCache: memcpy(0xb388f000, 0xb8fec730, 4096)
12-12 15:50:52.754   319 14773 V AudioPlayer: buffer->size() = 4096, mPositionTimeMediaUs=0.68 mPositionTimeRealUs=0.62
12-12 15:50:52.754   319 14773 V AudioCache: write(0xb8fec730, 4096)
12-12 15:50:52.754   319 14773 V AudioCache: memcpy(0xb3890000, 0xb8fec730, 4096)
12-12 15:50:52.754   319 14773 V AudioPlayer: buffer->size() = 4096, mPositionTimeMediaUs=0.68 mPositionTimeRealUs=0.64
12-12 15:50:52.754   319 14773 V AudioCache: write(0xb8fec730, 4096)
12-12 15:50:52.754   319 14773 V AudioCache: memcpy(0xb3891000, 0xb8fec730, 4096)
12-12 15:50:52.754   319 14773 V AudioPlayer: buffer->size() = 4096, mPositionTimeMediaUs=0.68 mPositionTimeRealUs=0.66
12-12 15:50:52.754   319 14773 V AudioCache: write(0xb8fec730, 4096)
12-12 15:50:52.754   319 14773 V AudioCache: memcpy(0xb3892000, 0xb8fec730, 4096)
12-12 15:50:52.754   319 14773 V AudioPlayer: buffer->size() = 4096, mPositionTimeMediaUs=0.68 mPositionTimeRealUs=0.68
12-12 15:50:52.754   319 14773 V AudioCache: write(0xb8fec730, 4096)
12-12 15:50:52.754   319 14773 V AudioCache: memcpy(0xb3893000, 0xb8fec730, 4096)
12-12 15:50:52.754   319 14773 V AudioPlayer: buffer->size() = 4096, mPositionTimeMediaUs=1.00 mPositionTimeRealUs=0.70
12-12 15:50:52.754   319 14773 V AudioCache: write(0xb8fec730, 4096)
