--------- beginning of /dev/log/main
12-12 15:50:10.585   327   420 I ThermalEngine: Sensor:pa_therm1:26000 mC
--------- beginning of /dev/log/system
12-12 15:50:11.374   306   385 I Vold    : [LGE][VOLD][NetlinkHandler.cpp][onEvent()] subsys:cpu, action:0
12-12 15:50:11.414 14017 14017 D AndroidRuntime: 
12-12 15:50:11.414 14017 14017 D AndroidRuntime: >>>>>> AndroidRuntime START com.android.internal.os.RuntimeInit <<<<<<
12-12 15:50:11.414 14017 14017 D AndroidRuntime: CheckJNI is OFF
12-12 15:50:11.454 14017 14017 D dalvikvm: Trying to load lib libjavacore.so 0x0
12-12 15:50:11.454 14017 14017 D dalvikvm: Added shared lib libjavacore.so 0x0
12-12 15:50:11.464 14017 14017 D dalvikvm: Trying to load lib libnativehelper.so 0x0
12-12 15:50:11.464 14017 14017 D dalvikvm: Added shared lib libnativehelper.so 0x0
12-12 15:50:11.464 14017 14017 D dalvikvm: No JNI_OnLoad found in libnativehelper.so 0x0, skipping init
12-12 15:50:11.504 14017 14017 D dalvikvm: Note: class Landroid/app/ActivityManagerNative; has 184 unimplemented (abstract) methods
12-12 15:50:11.674 14017 14017 E memtrack: Couldn't load memtrack module (No such file or directory)
12-12 15:50:11.674 14017 14017 E android.os.Debug: failed to load memtrack module: -2
12-12 15:50:11.754 14017 14017 D AndroidRuntime: Calling main entry com.android.commands.am.Am
12-12 15:50:11.774   962  1545 I ActivityManager: Force stopping com.example.snoopy appid=11598 user=0: start instr
12-12 15:50:11.774  1515  1526 I com.skyfire.browser.toolbar.ProcessObserverService: On process died 12180,11598
12-12 15:50:11.774   962  1545 I ActivityManager: Killing 12180:com.example.snoopy/u0a1598 (adj 0): stop com.example.snoopy
12-12 15:50:11.774   962  1545 V ActivityManager: Moving to DESTROYED: ActivityRecord{428f0180 u0 com.example.snoopy/.CameraInputFrames t4} (cleaning up)
12-12 15:50:11.784   962  1151 W InputDispatcher: channel '42d611e8 com.example.snoopy/com.example.snoopy.CameraInputFrames (server)' ~ Consumer closed input channel or an error occurred.  events=0x9
12-12 15:50:11.784   962  1151 E InputDispatcher: channel '42d611e8 com.example.snoopy/com.example.snoopy.CameraInputFrames (server)' ~ Channel is unrecoverably broken and will be disposed!
12-12 15:50:11.784   962  1559 W InputDispatcher: Attempted to unregister already unregistered input channel '42d611e8 com.example.snoopy/com.example.snoopy.CameraInputFrames (server)'
12-12 15:50:11.784   962  1545 I ActivityManager:   Force finishing activity ActivityRecord{428f0180 u0 com.example.snoopy/.CameraInputFrames t4}
12-12 15:50:11.784   962  1545 V ActivityManager: Moving to FINISHING: ActivityRecord{428f0180 u0 com.example.snoopy/.CameraInputFrames t4 f}
12-12 15:50:11.784   962  1545 D ActivityManager: resumeTopActivityLocked: No more activities go home
12-12 15:50:11.784   962  1545 I ActivityManager: isResumeToHomeStack() true
12-12 15:50:11.784   962  1559 I WindowState: WIN DEATH: Window{42d611e8 u0 com.example.snoopy/com.example.snoopy.CameraInputFrames}
12-12 15:50:11.794  1213  1600 D SplitWindowPolicyService: updateActivityStateChanged: resumed=false pkgName=co.....Launcher, screenId=0, isScreenFull=true, isMinimized=false, topRunningActivity=ActivityInfo{420f9280 co.....Launcher}, taskId=1, activityType=1
12-12 15:50:11.794  1213  1232 D SplitWindowPolicyService: updateActivityStateChanged: resumed=true pkgName=co.....Launcher, screenId=0, isScreenFull=true, isMinimized=false, topRunningActivity=ActivityInfo{4204aa08 co.....Launcher}, taskId=1, activityType=1
12-12 15:50:11.794  1213  1601 V SplitWindowPolicyService: requestUpdateStackInfo
12-12 15:50:11.794   962  1545 V ActivityManager: Moving to RESUMED: ActivityRecord{42843920 u0 com.lge.launcher2/.Launcher t1} (in existing)
12-12 15:50:11.794   962  1545 V ActivityManager: Moving to PAUSING: ActivityRecord{42843920 u0 com.lge.launcher2/.Launcher t1}
12-12 15:50:11.794   962  1545 D ActivityManager: resumeTopActivityLocked: Resumed ActivityRecord{42843920 u0 com.lge.launcher2/.Launcher t1}
12-12 15:50:11.794   962  1545 D ActivityManager: allPausedActivitiesComplete: r=ActivityRecord{42843920 u0 com.lge.launcher2/.Launcher t1} state=PAUSING
12-12 15:50:11.794   962  1545 D ActivityManager: allPausedActivitiesComplete: r=ActivityRecord{42843920 u0 com.lge.launcher2/.Launcher t1} state=PAUSING
12-12 15:50:11.794   962  1545 V ActivityManager: resumeTopActivityLocked: Skip resume: some activity pausing.
12-12 15:50:11.804  1515  1538 I com.skyfire.browser.toolbar.ProcessObserverService: On foreground activity changed : 1546,10026,true
12-12 15:50:11.804  1515  1538 I com.skyfire.browser.toolbar.ProcessObserverService: On importance changed 1546,10026,100
12-12 15:50:11.804  1213  1224 V SplitWindowPolicyService: requestUpdateStackInfo
12-12 15:50:11.804   962  1545 I ActivityManager: Start proc com.example.snoopy for added application com.example.snoopy: pid=14032 uid=11598 gids={51598, 3003, 1028, 1015}
12-12 15:50:11.804   962  1021 V ActivityManager: Moving to DESTROYED: ActivityRecord{428f0180 u0 com.example.snoopy/.CameraInputFrames t4 f} (removed from history)
12-12 15:50:11.814 14032 14032 D dalvikvm: Late-enabling CheckJNI
12-12 15:50:11.814   962  1021 D ActivityManager: allPausedActivitiesComplete: r=ActivityRecord{42843920 u0 com.lge.launcher2/.Launcher t1} state=PAUSING
12-12 15:50:11.814   962  1021 D ActivityManager: allPausedActivitiesComplete: r=ActivityRecord{42843920 u0 com.lge.launcher2/.Launcher t1} state=PAUSING
12-12 15:50:11.814   962  1021 V ActivityManager: resumeTopActivityLocked: Skip resume: some activity pausing.
12-12 15:50:11.814   962  3338 W ActivityManager: getStackBoxes: one of child stackBox does not have stackInfo
12-12 15:50:11.834  1546  1546 I [LGHome]EVENT: [Launcher.java:5219:onStart()]onStart
12-12 15:50:11.864  1546  1546 I [LGHome]EVENT: [Launcher.java:870:onResume()]onResume
12-12 15:50:11.874  1546  1546 I [LGHome]LGActivityUtil: [LGActivityUtil.java:303:notifyToWeatherWidget()]broadcast to weather widget, intent: Intent { act=com.lge.launcher2.RESUME }
12-12 15:50:11.874  1546  1546 I [LGHome]EVENT: [Launcher.java:1023:onResume()]onResume end
12-12 15:50:11.874   306   385 I Vold    : [LGE][VOLD][NetlinkHandler.cpp][onEvent()] subsys:cpu, action:0
12-12 15:50:11.884  1515  1526 I com.skyfire.browser.toolbar.ProcessObserverService: On importance changed 14032,11598,100
12-12 15:50:11.884  1362  1362 D WeatherAncestor: 2 : onReceive, action: com.lge.launcher2.RESUME, Time(hour:min:sec) 15:50:11
12-12 15:50:11.884  1546  1546 I [LGHome]EVENT: [Launcher.java:1056:onPause()]onPause
12-12 15:50:11.884  1213  1323 D dalvikvm: GC_EXPLICIT freed 20K, 67% free 3866K/11632K, paused 4ms+2ms, total 57ms
12-12 15:50:11.884 14032 14032 D HyLog   : I : /data/font/config/sfconfig.dat, No such file or directory (2)
12-12 15:50:11.884 14032 14032 D HyLog   : I : /data/font/config/dfactpre.dat, No such file or directory (2)
12-12 15:50:11.884 14032 14032 D HyLog   : I : /data/font/config/sfconfig.dat, No such file or directory (2)
12-12 15:50:11.884  1213  1323 V SplitWindowPolicyService: updateScreenStateAndRunningActivity: screenId=0, isFull=true, isMinimized=false, topRunningActivity=ActivityInfo{4204aa08 co.....Launcher}, uid=10026
12-12 15:50:11.884   306   385 I Vold    : [LGE][VOLD][NetlinkHandler.cpp][onEvent()] subsys:cpu, action:0
12-12 15:50:11.884   962  3337 V ActivityManager: Moving to PAUSED: ActivityRecord{42843920 u0 com.lge.launcher2/.Launcher t1} (pause complete)
12-12 15:50:11.884   962  1021 V ActivityManager: Moving to STOPPING: ActivityRecord{42843920 u0 com.lge.launcher2/.Launcher t1} (stop requested)
12-12 15:50:11.894  1362  1362 D UpdateThreadPoolManager: 2 : This is isUpdating : false
12-12 15:50:11.894  1362  1362 D WeatherService: 2 : shouldTimeTickRegistered : false
12-12 15:50:11.894  1362  1362 D WeatherAncestor: 2 : onReceive has processed, action: com.lge.launcher2.RESUME, Time(hour:min:sec) 15:50:11
12-12 15:50:11.894  1362  1362 D WeatherService: 2 : onStartCommand, intent!=null, action: com.lge.launcher2.RESUME
12-12 15:50:11.894  1362  1362 D WeatherService: 2 : shouldTimeTickRegistered : false
12-12 15:50:11.904   962  1036 I SystemUI[Framework]: PhoneWindowManager.updateSystemUiVisibilityLw() :visibility=0x700, pkg=com.lge.launcher2
12-12 15:50:11.904  1546 14056 D WallpaperManager: suggestDesiredDimensions(1600, 1280) by package(com.lge.launcher2)
12-12 15:50:11.904   962  1036 I SystemUI[Framework]: PhoneWindowManager.updateSystemUiVisibilityLw() :visibility=0xc0000700, pkg=com.lge.launcher2
12-12 15:50:11.914  1546  1546 I [LGHome]EVENT: [Launcher.java:5230:onStop()]onStop
12-12 15:50:11.924  1546  1546 I [LGHome]EVENT: [Launcher.java:5668:onWindowFocusChanged()]onWindowFocusChanged() hasFocus true
12-12 15:50:11.934  1344  1354 W Binder  : Caught a RuntimeException from the binder stub implementation.
12-12 15:50:11.934  1344  1354 W Binder  : java.lang.NullPointerException
12-12 15:50:11.934  1344  1354 W Binder  : 	at android.inputmethodservice.IInputMethodWrapper.setSessionEnabled(IInputMethodWrapper.java:280)
12-12 15:50:11.934  1344  1354 W Binder  : 	at com.android.internal.view.IInputMethod$Stub.onTransact(IInputMethod.java:129)
12-12 15:50:11.934  1344  1354 W Binder  : 	at android.os.Binder.execTransact(Binder.java:407)
12-12 15:50:11.934  1344  1354 W Binder  : 	at dalvik.system.NativeStart.run(Native Method)
12-12 15:50:11.934   962   974 W InputMethodManagerService: Got RemoteException sending setActive(false) notification to pid 12180 uid 11598
12-12 15:50:11.984  1546  1546 W IInputConnectionWrapper: showStatusIcon on inactive InputConnection
12-12 15:50:11.984  1546  1546 I ActivityManager: Timeline: Activity_idle id: android.os.BinderProxy@41ff7f18 time:2170529
12-12 15:50:11.984   962  1194 V ActivityManager: Moving to STOPPED: ActivityRecord{42843920 u0 com.lge.launcher2/.Launcher t1} (stop complete)
12-12 15:50:12.004   962  1020 I ActivityManager: Timeline: Activity_windows_visible id: ActivityRecord{42843920 u0 com.lge.launcher2/.Launcher t1} time:2170540
12-12 15:50:12.044 14032 14032 I System.out: EMMA: collecting runtime coverage data ...
12-12 15:50:12.064 14032 14032 I dalvikvm: Could not find method android.content.pm.PackageManager.getPackageInstaller, referenced from method com.google.android.gms.common.zzo.zzx
12-12 15:50:12.064 14032 14032 W dalvikvm: VFY: unable to resolve virtual method 525: Landroid/content/pm/PackageManager;.getPackageInstaller ()Landroid/content/pm/PackageInstaller;
12-12 15:50:12.064 14032 14032 D dalvikvm: VFY: replacing opcode 0x6e at 0x0013
12-12 15:50:12.064 14032 14032 I dalvikvm: Could not find method android.content.Context.getNoBackupFilesDir, referenced from method com.google.android.gms.common.util.zzu.getNoBackupFilesDir
12-12 15:50:12.064 14032 14032 W dalvikvm: VFY: unable to resolve virtual method 391: Landroid/content/Context;.getNoBackupFilesDir ()Ljava/io/File;
12-12 15:50:12.064 14032 14032 D dalvikvm: VFY: replacing opcode 0x6e at 0x0006
12-12 15:50:12.074 14032 14060 W DynamiteModule: Local module descriptor class for com.google.firebase.auth not found.
12-12 15:50:12.074 14032 14032 D FirebaseApp: com.google.firebase.crash.FirebaseCrash is not linked. Skipping initialization.
12-12 15:50:12.074 14032 14060 I dalvikvm: Could not find method android.content.pm.PackageManager.isInstantApp, referenced from method com.google.android.gms.internal.zzbec.zzalq
12-12 15:50:12.074 14032 14060 W dalvikvm: VFY: unable to resolve virtual method 532: Landroid/content/pm/PackageManager;.isInstantApp (Ljava/lang/String;)Z
12-12 15:50:12.074 14032 14060 D dalvikvm: VFY: replacing opcode 0x6e at 0x002d
12-12 15:50:12.084 14032 14060 W DynamiteModule: Local module descriptor class for com.google.firebase.auth not found.
12-12 15:50:12.084 14032 14032 I FA      : App measurement is starting up, version: 11400
12-12 15:50:12.084 14032 14032 I FA      : To enable debug logging run: adb shell setprop log.tag.FA VERBOSE
12-12 15:50:12.094 14032 14032 I dalvikvm: Could not find method android.content.pm.PackageManager.isInstantApp, referenced from method com.google.android.gms.internal.zzbeb.zzcp
12-12 15:50:12.094 14032 14032 W dalvikvm: VFY: unable to resolve virtual method 531: Landroid/content/pm/PackageManager;.isInstantApp ()Z
12-12 15:50:12.094 14032 14032 D dalvikvm: VFY: replacing opcode 0x6e at 0x0028
12-12 15:50:12.094 14032 14032 I FA      : To enable faster debug mode event logging run:
12-12 15:50:12.094 14032 14032 I FA      :   adb shell setprop debug.firebase.analytics.app com.example.snoopy
12-12 15:50:12.094 14032 14032 E dalvikvm: Could not find class 'android.app.job.JobScheduler', referenced from method com.google.android.gms.internal.zzcfr.zzazv
12-12 15:50:12.094 14032 14032 W dalvikvm: VFY: unable to resolve check-cast 64 (Landroid/app/job/JobScheduler;) in Lcom/google/android/gms/internal/zzcfr;
12-12 15:50:12.094 14032 14032 D dalvikvm: VFY: replacing opcode 0x1f at 0x000b
12-12 15:50:12.104 14032 14032 E dalvikvm: Could not find class 'android.app.job.JobScheduler', referenced from method com.google.android.gms.internal.zzcfr.zzs
12-12 15:50:12.104 14032 14032 W dalvikvm: VFY: unable to resolve check-cast 64 (Landroid/app/job/JobScheduler;) in Lcom/google/android/gms/internal/zzcfr;
12-12 15:50:12.104 14032 14032 D dalvikvm: VFY: replacing opcode 0x1f at 0x0098
12-12 15:50:12.104 14032 14032 D dalvikvm: DexOpt: unable to opt direct call 0x0142 at 0xa0 in Lcom/google/android/gms/internal/zzcfr;.zzs
12-12 15:50:12.104 14032 14032 D dalvikvm: DexOpt: unable to opt direct call 0x0597 at 0xae in Lcom/google/android/gms/internal/zzcfr;.zzs
12-12 15:50:12.104 14032 14032 I FirebaseInitProvider: FirebaseApp initialization successful
12-12 15:50:12.104 14032 14064 W dalvikvm: VFY: unable to find class referenced in signature (Landroid/app/job/JobParameters;)
12-12 15:50:12.104 14032 14064 W dalvikvm: VFY: unable to find class referenced in signature (Landroid/app/job/JobParameters;)
12-12 15:50:12.104 14032 14064 W dalvikvm: VFY: unable to find class referenced in signature (Landroid/app/job/JobParameters;)
12-12 15:50:12.104 14032 14064 W dalvikvm: VFY: unable to find class referenced in signature (Landroid/app/job/JobParameters;)
12-12 15:50:12.104 14032 14064 I dalvikvm: Could not find method android.app.job.JobParameters.getExtras, referenced from method com.google.android.gms.internal.zzcfh.onStartJob
12-12 15:50:12.104 14032 14064 W dalvikvm: VFY: unable to resolve virtual method 327: Landroid/app/job/JobParameters;.getExtras ()Landroid/os/PersistableBundle;
12-12 15:50:12.104 14032 14064 D dalvikvm: VFY: replacing opcode 0x6e at 0x000a
12-12 15:50:12.114 14032 14065 I TestRunner: started: rmInternalFiles(com.trellis.AUTUtils)
12-12 15:50:12.154 14032 14065 D dalvikvm: GC_EXPLICIT freed 1024K, 72% free 3290K/11632K, paused 3ms+2ms, total 28ms
12-12 15:50:12.174 14032 14065 D dalvikvm: GC_EXPLICIT freed 11K, 72% free 3279K/11632K, paused 2ms+1ms, total 22ms
12-12 15:50:12.174 14032 14065 I TestRunner: finished: rmInternalFiles(com.trellis.AUTUtils)
12-12 15:50:12.174 14032 14065 I TestRunner: passed: rmInternalFiles(com.trellis.AUTUtils)
12-12 15:50:12.174 14017 14017 D AndroidRuntime: Shutting down VM
12-12 15:50:12.184 14017 14025 D dalvikvm: GC_CONCURRENT freed 108K, 16% free 602K/712K, paused 1ms+0ms, total 3ms
12-12 15:50:12.184   306   385 I Vold    : [LGE][VOLD][NetlinkHandler.cpp][onEvent()] subsys:cpu, action:0
12-12 15:50:12.284   306   385 I Vold    : [LGE][VOLD][NetlinkHandler.cpp][onEvent()] subsys:cpu, action:0
12-12 15:50:12.344   306   385 I Vold    : [LGE][VOLD][NetlinkHandler.cpp][onEvent()] subsys:cpu, action:0
12-12 15:50:12.394   962  3337 I ActivityManager: Force stopping com.example.snoopy appid=11598 user=0: finished inst
12-12 15:50:12.394   962  3337 I ActivityManager: Killing 14032:com.example.snoopy/u0a1598 (adj 0): stop com.example.snoopy
12-12 15:50:12.394   962  3337 D ActivityManager: resumeTopActivityLocked: Going to sleep and all paused
12-12 15:50:12.404  1515  1538 I com.skyfire.browser.toolbar.ProcessObserverService: On process died 14032,11598
12-12 15:50:12.854   306   385 I Vold    : [LGE][VOLD][NetlinkHandler.cpp][onEvent()] subsys:cpu, action:0
12-12 15:50:12.994 14075 14075 D AndroidRuntime: 
12-12 15:50:12.994 14075 14075 D AndroidRuntime: >>>>>> AndroidRuntime START com.android.internal.os.RuntimeInit <<<<<<
12-12 15:50:13.004 14075 14075 D AndroidRuntime: CheckJNI is OFF
12-12 15:50:13.014 14075 14075 D dalvikvm: Trying to load lib libjavacore.so 0x0
12-12 15:50:13.014 14075 14075 D dalvikvm: Added shared lib libjavacore.so 0x0
12-12 15:50:13.024 14075 14075 D dalvikvm: Trying to load lib libnativehelper.so 0x0
12-12 15:50:13.024 14075 14075 D dalvikvm: Added shared lib libnativehelper.so 0x0
12-12 15:50:13.024 14075 14075 D dalvikvm: No JNI_OnLoad found in libnativehelper.so 0x0, skipping init
12-12 15:50:13.054 14075 14075 D dalvikvm: Note: class Landroid/app/ActivityManagerNative; has 184 unimplemented (abstract) methods
12-12 15:50:13.214 14075 14075 E memtrack: Couldn't load memtrack module (No such file or directory)
12-12 15:50:13.214 14075 14075 E android.os.Debug: failed to load memtrack module: -2
12-12 15:50:13.284 14075 14075 D AndroidRuntime: Calling main entry com.android.commands.am.Am
12-12 15:50:13.294  1197  1197 I [SystemUI]QPairHandler: onReceive = android.intent.action.PACKAGE_RESTARTED
12-12 15:50:13.294 14075 14075 D AndroidRuntime: Shutting down VM
12-12 15:50:13.294   962  1242 I ActivityManager: Force stopping com.trellis appid=11599 user=0: from pid 14075
12-12 15:50:13.294   962  1242 D ActivityManager: resumeTopActivityLocked: Going to sleep and all paused
12-12 15:50:13.304  1197  1197 I [SystemUI]GlobalAccessView: onReceive = android.intent.action.PACKAGE_RESTARTED
12-12 15:50:13.304 14075 14084 D dalvikvm: GC_CONCURRENT freed 96K, 15% free 587K/688K, paused 0ms+0ms, total 3ms
12-12 15:50:13.514   306   385 I Vold    : [LGE][VOLD][NetlinkHandler.cpp][onEvent()] subsys:cpu, action:0
12-12 15:50:13.894  1546  1627 I [LGHome]NumberBadge.LGUnreadLgeEmailsBadge: [LGUnreadLgeEmailsBadge.java:127:countUnreadItems()]setTotalCount : 0
12-12 15:50:13.894  1546  1627 I [LGHome]NumberBadge.LGUnreadLgeEmailsBadge: [LGUnreadLgeEmailsBadge.java:128:countUnreadItems()]countUnreadItems() ended..
12-12 15:50:13.964   306   385 I Vold    : [LGE][VOLD][NetlinkHandler.cpp][onEvent()] subsys:cpu, action:0
12-12 15:50:14.124 14095 14095 D AndroidRuntime: 
12-12 15:50:14.124 14095 14095 D AndroidRuntime: >>>>>> AndroidRuntime START com.android.internal.os.RuntimeInit <<<<<<
12-12 15:50:14.124 14095 14095 D AndroidRuntime: CheckJNI is OFF
12-12 15:50:14.134 14095 14095 D dalvikvm: Trying to load lib libjavacore.so 0x0
12-12 15:50:14.144 14095 14095 D dalvikvm: Added shared lib libjavacore.so 0x0
12-12 15:50:14.144 14095 14095 D dalvikvm: Trying to load lib libnativehelper.so 0x0
12-12 15:50:14.144 14095 14095 D dalvikvm: Added shared lib libnativehelper.so 0x0
12-12 15:50:14.144 14095 14095 D dalvikvm: No JNI_OnLoad found in libnativehelper.so 0x0, skipping init
12-12 15:50:14.174 14095 14095 D dalvikvm: Note: class Landroid/app/ActivityManagerNative; has 184 unimplemented (abstract) methods
12-12 15:50:14.344 14095 14095 E memtrack: Couldn't load memtrack module (No such file or directory)
12-12 15:50:14.344 14095 14095 E android.os.Debug: failed to load memtrack module: -2
12-12 15:50:14.434 14095 14095 D AndroidRuntime: Calling main entry com.android.commands.am.Am
12-12 15:50:14.434 14095 14095 D AndroidRuntime: Shutting down VM
12-12 15:50:14.434 14095 14106 D dalvikvm: GC_CONCURRENT freed 96K, 15% free 587K/688K, paused 0ms+0ms, total 3ms
12-12 15:50:14.624   306   385 I Vold    : [LGE][VOLD][NetlinkHandler.cpp][onEvent()] subsys:cpu, action:0
12-12 15:50:15.044   306   385 I Vold    : [LGE][VOLD][NetlinkHandler.cpp][onEvent()] subsys:cpu, action:0
12-12 15:50:15.114  1197  1197 I [SystemUI]LGPowerUI: onReceive = com.lge.android.intent.action.BATTERYEX
12-12 15:50:15.114   306   385 I Vold    : [LGE][VOLD][NetlinkHandler.cpp][onEvent()] subsys:power_supply, action:3
12-12 15:50:15.214 14117 14117 D AndroidRuntime: 
12-12 15:50:15.214 14117 14117 D AndroidRuntime: >>>>>> AndroidRuntime START com.android.internal.os.RuntimeInit <<<<<<
12-12 15:50:15.224 14117 14117 D AndroidRuntime: CheckJNI is OFF
12-12 15:50:15.234 14117 14117 D dalvikvm: Trying to load lib libjavacore.so 0x0
12-12 15:50:15.244 14117 14117 D dalvikvm: Added shared lib libjavacore.so 0x0
12-12 15:50:15.244 14117 14117 D dalvikvm: Trying to load lib libnativehelper.so 0x0
12-12 15:50:15.244 14117 14117 D dalvikvm: Added shared lib libnativehelper.so 0x0
12-12 15:50:15.244 14117 14117 D dalvikvm: No JNI_OnLoad found in libnativehelper.so 0x0, skipping init
12-12 15:50:15.274 14117 14117 D dalvikvm: Note: class Landroid/app/ActivityManagerNative; has 184 unimplemented (abstract) methods
12-12 15:50:15.474 14117 14117 E memtrack: Couldn't load memtrack module (No such file or directory)
12-12 15:50:15.474 14117 14117 E android.os.Debug: failed to load memtrack module: -2
12-12 15:50:15.574 14117 14117 D AndroidRuntime: Calling main entry com.android.commands.pm.Pm
12-12 15:50:15.574   962  1539 I ActivityManager: Force stopping com.trellis appid=11599 user=0: clear data
12-12 15:50:15.574   962  1539 D ActivityManager: resumeTopActivityLocked: Going to sleep and all paused
12-12 15:50:15.584  1197  1197 I [SystemUI]QPairHandler: onReceive = android.intent.action.PACKAGE_RESTARTED
12-12 15:50:15.584  1197  1197 I [SystemUI]GlobalAccessView: onReceive = android.intent.action.PACKAGE_RESTARTED
12-12 15:50:15.584   327   420 I ThermalEngine: Sensor:pa_therm1:26000 mC
12-12 15:50:15.584   962   962 I ThemeManagerService: action = android.intent.action.PACKAGE_DATA_CLEARED
12-12 15:50:15.594 10247 10247 I GeofencerStateMachine: removeGeofences: removeRequest=RemoveGeofencingRequest[REMOVE_ALL packageName=com.trellis]
12-12 15:50:15.594  1546  1546 I [LGHome]EVENT: [LauncherModel.java:1146:onReceive()]onReceive intent=Intent { act=android.intent.action.PACKAGE_DATA_CLEARED dat=package:com.trellis flg=0x10 (has extras) }
12-12 15:50:15.594  1197  1197 I [SystemUI]GlobalAccessView: onReceive = android.intent.action.PACKAGE_DATA_CLEARED
12-12 15:50:15.604   323   323 D keystore: calling clear_uid in state: 3
12-12 15:50:15.624   962  1375 I ActivityManager: Start proc com.android.documentsui for broadcast com.android.documentsui/.PackageReceiver: pid=14134 uid=10060 gids={50060, 1028, 4002}
12-12 15:50:15.634  1515  1526 I com.skyfire.browser.toolbar.ProcessObserverService: On importance changed 14134,10060,400
12-12 15:50:15.644 14134 14134 D HyLog   : I : /data/font/config/sfconfig.dat, No such file or directory (2)
12-12 15:50:15.644 14134 14134 D HyLog   : I : /data/font/config/dfactpre.dat, No such file or directory (2)
12-12 15:50:15.644 14134 14134 D HyLog   : I : /data/font/config/sfconfig.dat, No such file or directory (2)
12-12 15:50:15.644   306   385 I Vold    : [LGE][VOLD][NetlinkHandler.cpp][onEvent()] subsys:cpu, action:0
12-12 15:50:15.684 14134 14153 D Documents: Loading roots for com.android.externalstorage.documents
12-12 15:50:15.704   962  1194 I ActivityManager: Start proc com.lge.defaultaccount for broadcast com.lge.defaultaccount/.receiver.ReceiverBootUp: pid=14154 uid=10072 gids={50072}
12-12 15:50:15.714 14154 14154 I dalvikvm: Enabling JNI app bug workarounds for target SDK version 8...
12-12 15:50:15.724   962  1560 I ActivityManager: Start proc com.android.externalstorage for content provider com.android.externalstorage/.ExternalStorageProvider: pid=14166 uid=10008 gids={50008, 1028, 1015, 1023}
12-12 15:50:15.734  1515  1538 I com.skyfire.browser.toolbar.ProcessObserverService: On importance changed 14154,10072,400
12-12 15:50:15.734 14154 14154 D HyLog   : I : /data/font/config/sfconfig.dat, No such file or directory (2)
12-12 15:50:15.734 14154 14154 D HyLog   : I : /data/font/config/dfactpre.dat, No such file or directory (2)
12-12 15:50:15.734 14154 14154 D HyLog   : I : /data/font/config/sfconfig.dat, No such file or directory (2)
12-12 15:50:15.744  1515  1526 I com.skyfire.browser.toolbar.ProcessObserverService: On importance changed 14166,10008,400
12-12 15:50:15.744   962   973 I ActivityManager: Killing 11563:com.android.contacts/u0a21 (adj 15): empty #14
12-12 15:50:15.754 14166 14166 D HyLog   : I : /data/font/config/sfconfig.dat, No such file or directory (2)
12-12 15:50:15.754 14166 14166 D HyLog   : I : /data/font/config/dfactpre.dat, No such file or directory (2)
12-12 15:50:15.754 14166 14166 D HyLog   : I : /data/font/config/sfconfig.dat, No such file or directory (2)
12-12 15:50:15.754 14154 14154 E ReceiverBootUp: Package Name is not 'com.android.providers.calendar'
12-12 15:50:15.754  1515  1538 I com.skyfire.browser.toolbar.ProcessObserverService: On process died 11563,10021
12-12 15:50:15.754 14154 14154 I Process : Sending signal. PID: 14154 SIG: 9
12-12 15:50:15.754   962  3338 D ActivityManager: resumeTopActivityLocked: Going to sleep and all paused
12-12 15:50:15.764   962  1539 I ActivityManager: Process com.lge.defaultaccount (pid 14154) has died.
12-12 15:50:15.764  1515  1526 I com.skyfire.browser.toolbar.ProcessObserverService: On process died 14154,10072
12-12 15:50:15.764   962  1539 D ActivityManager: resumeTopActivityLocked: Going to sleep and all paused
12-12 15:50:15.774 14166 14166 D ExternalStorage: After updating volumes, found 2 active roots
12-12 15:50:15.774 14134 14134 D Documents: Updating roots due to change at content://com.android.externalstorage.documents/root
12-12 15:50:15.784 14134 14153 D Documents: Loading roots for com.android.providers.downloads.documents
12-12 15:50:15.794 14134 14153 D Documents: Loading roots for com.android.providers.media.documents
12-12 15:50:15.804 14134 14153 D Documents: Loading roots for com.google.android.apps.docs.storage
12-12 15:50:15.814   962  1194 I ActivityManager: Start proc com.google.android.apps.docs for content provider com.google.android.apps.docs/.storagebackend.StorageBackendContentProvider: pid=14178 uid=10068 gids={50068, 1028, 1015, 3003}
12-12 15:50:15.824  1515  1538 I com.skyfire.browser.toolbar.ProcessObserverService: On importance changed 14178,10068,400
12-12 15:50:15.824   962  1242 I ActivityManager: Killing 12033:com.lge.email/u0a23 (adj 15): empty #14
12-12 15:50:15.834 14178 14178 D HyLog   : I : /data/font/config/sfconfig.dat, No such file or directory (2)
12-12 15:50:15.834 14178 14178 D HyLog   : I : /data/font/config/dfactpre.dat, No such file or directory (2)
12-12 15:50:15.834 14178 14178 D HyLog   : I : /data/font/config/sfconfig.dat, No such file or directory (2)
12-12 15:50:15.834  1515  1526 I com.skyfire.browser.toolbar.ProcessObserverService: On process died 12033,10023
12-12 15:50:15.834   962  3338 D ActivityManager: resumeTopActivityLocked: Going to sleep and all paused
12-12 15:50:15.884 14117 14117 D AndroidRuntime: Shutting down VM
12-12 15:50:15.884   962  1537 I ActivityManager: Killing 12055:com.lge.eula/1000 (adj 15): empty #14
12-12 15:50:15.894 14117 14127 D dalvikvm: GC_CONCURRENT freed 97K, 15% free 593K/692K, paused 1ms+0ms, total 4ms
12-12 15:50:15.894  1515  1538 I com.skyfire.browser.toolbar.ProcessObserverService: On process died 12055,1000
12-12 15:50:15.894   962  1559 D ActivityManager: resumeTopActivityLocked: Going to sleep and all paused
12-12 15:50:15.984 14178 14178 E dalvikvm: Could not find class 'android.provider.DocumentsContract$Path', referenced from method com.google.android.apps.docs.storagebackend.StorageBackendContentProvider.a
12-12 15:50:15.984 14178 14178 W dalvikvm: VFY: unable to resolve new-instance 936 (Landroid/provider/DocumentsContract$Path;) in Lcom/google/android/apps/docs/storagebackend/StorageBackendContentProvider;
12-12 15:50:15.984 14178 14178 D dalvikvm: VFY: replacing opcode 0x22 at 0x0089
12-12 15:50:15.984 14178 14178 I dalvikvm: Could not find method frh.refresh, referenced from method com.google.android.apps.docs.storagebackend.StorageBackendContentProvider.refresh
12-12 15:50:15.984 14178 14178 W dalvikvm: VFY: unable to resolve virtual method 38100: Lfrh;.refresh (Landroid/net/Uri;Landroid/os/Bundle;Landroid/os/CancellationSignal;)Z
12-12 15:50:15.984 14178 14178 D dalvikvm: VFY: replacing opcode 0x6f at 0x0007
12-12 15:50:15.994 14178 14178 D dalvikvm: DexOpt: unable to opt direct call 0x1053 at 0x8b in Lcom/google/android/apps/docs/storagebackend/StorageBackendContentProvider;.a
12-12 15:50:16.014 14178 14178 I dalvikvm: Could not find method android.content.Context.getDrawable, referenced from method in.a
12-12 15:50:16.014 14178 14178 W dalvikvm: VFY: unable to resolve virtual method 2767: Landroid/content/Context;.getDrawable (I)Landroid/graphics/drawable/Drawable;
12-12 15:50:16.014 14178 14178 D dalvikvm: VFY: replacing opcode 0x6e at 0x0006
12-12 15:50:16.014 14178 14178 I dalvikvm: Could not find method android.content.Context.isDeviceProtectedStorage, referenced from method in.a
12-12 15:50:16.014 14178 14178 W dalvikvm: VFY: unable to resolve virtual method 2783: Landroid/content/Context;.isDeviceProtectedStorage ()Z
12-12 15:50:16.014 14178 14178 D dalvikvm: VFY: replacing opcode 0x6e at 0x0006
12-12 15:50:16.014 14178 14178 I dalvikvm: Could not find method android.content.Context.getColorStateList, referenced from method in.b
12-12 15:50:16.014 14178 14178 W dalvikvm: VFY: unable to resolve virtual method 2762: Landroid/content/Context;.getColorStateList (I)Landroid/content/res/ColorStateList;
12-12 15:50:16.014 14178 14178 D dalvikvm: VFY: replacing opcode 0x6e at 0x0006
12-12 15:50:16.014 14178 14178 I dalvikvm: Could not find method android.content.Context.getColor, referenced from method in.c
12-12 15:50:16.014 14178 14178 W dalvikvm: VFY: unable to resolve virtual method 2761: Landroid/content/Context;.getColor (I)I
12-12 15:50:16.014 14178 14178 D dalvikvm: VFY: replacing opcode 0x6e at 0x0006
12-12 15:50:16.124 14178 14178 W dalvikvm: Unable to resolve superclass of Lcom/google/android/apps/docs/notification/guns/GcmJobService; (592)
12-12 15:50:16.124 14178 14178 W dalvikvm: Link of class 'Lcom/google/android/apps/docs/notification/guns/GcmJobService;' failed
12-12 15:50:16.124 14178 14178 W dalvikvm: VFY: unable to find class referenced in signature (Lcom/google/android/apps/docs/notification/guns/GcmJobService;)
12-12 15:50:16.124 14178 14178 W dalvikvm: Unable to resolve superclass of Lcom/google/android/apps/docs/notification/guns/GcmJobService; (592)
12-12 15:50:16.124 14178 14178 W dalvikvm: Link of class 'Lcom/google/android/apps/docs/notification/guns/GcmJobService;' failed
12-12 15:50:16.124 14178 14178 W dalvikvm: VFY: unable to resolve instance field 11971
12-12 15:50:16.124 14178 14178 D dalvikvm: VFY: replacing opcode 0x5b at 0x0008
12-12 15:50:16.124 14178 14178 I dalvikvm: Could not find method java.util.Locale.toLanguageTag, referenced from method drz.a
12-12 15:50:16.124 14178 14178 W dalvikvm: VFY: unable to resolve virtual method 49887: Ljava/util/Locale;.toLanguageTag ()Ljava/lang/String;
12-12 15:50:16.124 14178 14178 D dalvikvm: VFY: replacing opcode 0x6e at 0x00ca
12-12 15:50:16.134 14178 14178 W dalvikvm: Unable to resolve superclass of Lcom/google/android/apps/docs/notification/guns/GcmJobService; (592)
12-12 15:50:16.134 14178 14178 W dalvikvm: Link of class 'Lcom/google/android/apps/docs/notification/guns/GcmJobService;' failed
12-12 15:50:16.134 14178 14178 I dalvikvm: DexOpt: unable to optimize instance field ref 0x2ec4 at 0x12 in Ldrz;.a
12-12 15:50:16.154   306   385 I Vold    : [LGE][VOLD][NetlinkHandler.cpp][onEvent()] subsys:cpu, action:0
12-12 15:50:16.194 14178 14178 I dalvikvm: Could not find method java.util.Locale.toLanguageTag, referenced from method azc.a
12-12 15:50:16.194 14178 14178 W dalvikvm: VFY: unable to resolve virtual method 49887: Ljava/util/Locale;.toLanguageTag ()Ljava/lang/String;
12-12 15:50:16.194 14178 14178 D dalvikvm: VFY: replacing opcode 0x6e at 0x000e
12-12 15:50:16.274 14178 14196 I dalvikvm: Could not find method android.content.pm.PackageManager.getPackageInstaller, referenced from method ijj.a
12-12 15:50:16.274 14178 14196 W dalvikvm: VFY: unable to resolve virtual method 2942: Landroid/content/pm/PackageManager;.getPackageInstaller ()Landroid/content/pm/PackageInstaller;
12-12 15:50:16.274 14178 14196 D dalvikvm: VFY: replacing opcode 0x6e at 0x0012
12-12 15:50:16.284 14178 14196 I GAv4    : Google Analytics 11.0.11 is starting up. To enable debug logging on a device run:
12-12 15:50:16.284 14178 14196 I GAv4    :   adb shell setprop log.tag.GAv4 DEBUG
12-12 15:50:16.284 14178 14196 I GAv4    :   adb logcat -s GAv4
12-12 15:50:16.304 14178 14199 W GAv4    : AnalyticsReceiver is not registered or is disabled. Register the receiver for reliable dispatching on non-Google Play devices. See http://goo.gl/8Rd3yj for instructions.
12-12 15:50:16.304 14178 14196 W CoreComponentFactoryImpl: RetainedComponent will not be retained if  djl does not inherit FragmentActivity and fulfill jpt contract.
12-12 15:50:16.314 14178 14178 W FieldDefinition: Ignoring isIndexed constraint as field also has uniqueness constraint (on just this field, and therefore SQLite will have to create an index on that. For field: com.google.android.apps.docs.database.common.FieldDefinition$a@421e5bb8
12-12 15:50:16.404   306   385 I Vold    : [LGE][VOLD][NetlinkHandler.cpp][onEvent()] subsys:cpu, action:0
12-12 15:50:16.414 14178 14199 W GAv4    : CampaignTrackingReceiver is not registered, not exported or is disabled. Installation campaign tracking is not possible. See http://goo.gl/8Rd3yj for instructions.
12-12 15:50:16.424 14178 14199 W GAv4    : AnalyticsService not registered in the app manifest. Hits might not be delivered reliably. See http://goo.gl/8Rd3yj for instructions.
12-12 15:50:16.504   306   385 I Vold    : [LGE][VOLD][NetlinkHandler.cpp][onEvent()] subsys:cpu, action:0
12-12 15:50:16.524 14178 14196 I dalvikvm: Could not find method java.util.Locale.toLanguageTag, referenced from method drx.a
12-12 15:50:16.524 14178 14196 W dalvikvm: VFY: unable to resolve virtual method 49887: Ljava/util/Locale;.toLanguageTag ()Ljava/lang/String;
12-12 15:50:16.524 14178 14196 D dalvikvm: VFY: replacing opcode 0x6e at 0x02d6
12-12 15:50:16.544 14178 14196 I dalvikvm: Could not find method java.util.Locale.toLanguageTag, referenced from method drx.a
12-12 15:50:16.544 14178 14196 W dalvikvm: VFY: unable to resolve virtual method 49887: Ljava/util/Locale;.toLanguageTag ()Ljava/lang/String;
12-12 15:50:16.544 14178 14196 D dalvikvm: VFY: replacing opcode 0x6e at 0x00e2
12-12 15:50:16.564 14178 14178 W dalvikvm: Unable to resolve superclass of Lcom/google/android/apps/docs/sync/content/ContentSyncJobService; (592)
12-12 15:50:16.564 14178 14178 W dalvikvm: Link of class 'Lcom/google/android/apps/docs/sync/content/ContentSyncJobService;' failed
12-12 15:50:16.564 14178 14178 I dalvikvm: Could not find method com.google.android.apps.docs.sync.content.ContentSyncJobService.a, referenced from method fur.a
12-12 15:50:16.564 14178 14178 W dalvikvm: VFY: unable to resolve static method 20602: Lcom/google/android/apps/docs/sync/content/ContentSyncJobService;.a (Landroid/content/Context;Lfui;)V
12-12 15:50:16.564 14178 14178 D dalvikvm: VFY: replacing opcode 0x71 at 0x0010
12-12 15:50:16.594 14178 14178 W dalvikvm: Unable to resolve superclass of Lcom/google/android/apps/docs/appindexing/AppIndexingJobService; (592)
12-12 15:50:16.594 14178 14178 W dalvikvm: Link of class 'Lcom/google/android/apps/docs/appindexing/AppIndexingJobService;' failed
12-12 15:50:16.594 14178 14178 I dalvikvm: Could not find method com.google.android.apps.docs.appindexing.AppIndexingJobService.a, referenced from method aub.a
12-12 15:50:16.594 14178 14178 W dalvikvm: VFY: unable to resolve static method 16136: Lcom/google/android/apps/docs/appindexing/AppIndexingJobService;.a (Landroid/content/Context;ZJZ)V
12-12 15:50:16.594 14178 14178 D dalvikvm: VFY: replacing opcode 0x71 at 0x001d
12-12 15:50:16.594 14178 14178 W dalvikvm: Unable to resolve superclass of Lcom/google/android/apps/docs/appindexing/AppIndexingJobService; (592)
12-12 15:50:16.594 14178 14178 W dalvikvm: Link of class 'Lcom/google/android/apps/docs/appindexing/AppIndexingJobService;' failed
12-12 15:50:16.594 14178 14178 I dalvikvm: Could not find method com.google.android.apps.docs.appindexing.AppIndexingJobService.a, referenced from method aub.b
12-12 15:50:16.594 14178 14178 W dalvikvm: VFY: unable to resolve static method 16136: Lcom/google/android/apps/docs/appindexing/AppIndexingJobService;.a (Landroid/content/Context;ZJZ)V
12-12 15:50:16.594 14178 14178 D dalvikvm: VFY: replacing opcode 0x71 at 0x000d
12-12 15:50:16.604 14178 14178 E dalvikvm: Could not find class 'android.app.NotificationChannel', referenced from method ewv.a
12-12 15:50:16.604 14178 14178 W dalvikvm: VFY: unable to resolve new-instance 572 (Landroid/app/NotificationChannel;) in Lewv;
12-12 15:50:16.604 14178 14178 D dalvikvm: VFY: replacing opcode 0x22 at 0x001a
12-12 15:50:16.604 14178 14178 E dalvikvm: Could not find class 'android.app.NotificationChannel', referenced from method ewv.a
12-12 15:50:16.604 14178 14178 W dalvikvm: VFY: unable to resolve new-instance 572 (Landroid/app/NotificationChannel;) in Lewv;
12-12 15:50:16.604 14178 14178 D dalvikvm: VFY: replacing opcode 0x22 at 0x002b
12-12 15:50:16.604 14178 14178 I dalvikvm: Could not find method android.app.NotificationManager.createNotificationChannels, referenced from method ewv.a
12-12 15:50:16.604 14178 14178 W dalvikvm: VFY: unable to resolve virtual method 2311: Landroid/app/NotificationManager;.createNotificationChannels (Ljava/util/List;)V
12-12 15:50:16.604 14178 14178 D dalvikvm: VFY: replacing opcode 0x6e at 0x0055
12-12 15:50:16.604 14178 14178 D dalvikvm: DexOpt: unable to opt direct call 0x0902 at 0x26 in Lewv;.a
12-12 15:50:16.604 14178 14178 D dalvikvm: DexOpt: unable to opt direct call 0x0902 at 0x37 in Lewv;.a
12-12 15:50:16.644 10629 14225 D Wear_Controller: Received broadcast action=android.intent.action.PACKAGE_DATA_CLEARED and uri=com.trellis
12-12 15:50:16.654 10629 14223 I LocationSettingsChecker: Removing dialog suppression flag for package com.trellis
12-12 15:50:16.654 10629 11222 I Icing   : doRemovePackageData com.trellis
12-12 15:50:16.704 14200 14200 D AndroidRuntime: 
12-12 15:50:16.704 14200 14200 D AndroidRuntime: >>>>>> AndroidRuntime START com.android.internal.os.RuntimeInit <<<<<<
12-12 15:50:16.704 14200 14200 D AndroidRuntime: CheckJNI is OFF
12-12 15:50:16.724 14134 14153 D Documents: Update found 7 roots in 1036ms
12-12 15:50:16.724 14200 14200 D dalvikvm: Trying to load lib libjavacore.so 0x0
12-12 15:50:16.724 14134 14134 D Documents: Updating roots due to change at content://com.google.android.apps.docs.storage/root
12-12 15:50:16.724 14200 14200 D dalvikvm: Added shared lib libjavacore.so 0x0
12-12 15:50:16.724 14134 14233 D Documents: Loading roots for com.android.externalstorage.documents
12-12 15:50:16.734 14200 14200 D dalvikvm: Trying to load lib libnativehelper.so 0x0
12-12 15:50:16.734 14200 14200 D dalvikvm: Added shared lib libnativehelper.so 0x0
12-12 15:50:16.734 14200 14200 D dalvikvm: No JNI_OnLoad found in libnativehelper.so 0x0, skipping init
12-12 15:50:16.734 14134 14234 D Documents: Used cached roots for com.android.externalstorage.documents
12-12 15:50:16.734 14134 14234 D Documents: Used cached roots for com.android.providers.downloads.documents
12-12 15:50:16.734 14134 14234 D Documents: Used cached roots for com.android.providers.media.documents
12-12 15:50:16.734 14134 14234 D Documents: Loading roots for com.google.android.apps.docs.storage
12-12 15:50:16.744 14134 14233 D Documents: Used cached roots for com.android.providers.downloads.documents
12-12 15:50:16.744 14134 14233 D Documents: Used cached roots for com.android.providers.media.documents
12-12 15:50:16.744 14134 14233 D Documents: Loading roots for com.google.android.apps.docs.storage
12-12 15:50:16.744 14134 14234 D Documents: Update found 7 roots in 14ms
12-12 15:50:16.744 14134 14233 D Documents: Update found 7 roots in 21ms
12-12 15:50:16.764 14200 14200 D dalvikvm: Note: class Landroid/app/ActivityManagerNative; has 184 unimplemented (abstract) methods
12-12 15:50:16.844 10247 10967 D libc    : getaddrinfo called from pid =10247
12-12 15:50:16.844 10247 10967 D libc    : getaddrinfo called from pid =10247
12-12 15:50:16.844   312 14245 D libc    : getaddrinfo called from pid =312
12-12 15:50:16.844   312 14245 D libc    : _dns_getaddrinfo: iptype =1
12-12 15:50:16.844   312 14245 D libc    : _dns_getaddrinfo: query_ipv4=1, query_ipv6=0
12-12 15:50:16.844 10247 10967 D libc    : dnsproxy getaddrinfo returns 0
12-12 15:50:16.884 10247 10967 D libc    : getaddrinfo called from pid =10247
12-12 15:50:16.894 10247 10967 W Conscrypt: Could not set socket write timeout:
12-12 15:50:16.894 10247 10967 W Conscrypt:    java.lang.reflect.Method.invokeNative(Native Method)
12-12 15:50:16.894 10247 10967 W Conscrypt:    java.lang.reflect.Method.invoke(Method.java:515)
12-12 15:50:16.924 10247 10967 W Conscrypt: Could not set socket write timeout:
12-12 15:50:16.924 10247 10967 W Conscrypt:    java.lang.reflect.Method.invokeNative(Native Method)
12-12 15:50:16.924 10247 10967 W Conscrypt:    java.lang.reflect.Method.invoke(Method.java:515)
12-12 15:50:16.944 14200 14200 E memtrack: Couldn't load memtrack module (No such file or directory)
12-12 15:50:16.944 14200 14200 E android.os.Debug: failed to load memtrack module: -2
12-12 15:50:17.014 14200 14200 D AndroidRuntime: Calling main entry com.android.commands.pm.Pm
12-12 15:50:17.014   306   385 I Vold    : [LGE][VOLD][NetlinkHandler.cpp][onEvent()] subsys:cpu, action:0
12-12 15:50:17.094 14200 14200 D AndroidRuntime: Shutting down VM
12-12 15:50:17.104 14200 14239 D dalvikvm: GC_CONCURRENT freed 388K, 40% free 603K/996K, paused 0ms+1ms, total 4ms
12-12 15:50:17.184 10247 10251 D dalvikvm: GC_CONCURRENT freed 1922K, 39% free 7180K/11632K, paused 4ms+9ms, total 53ms
12-12 15:50:17.184 10247 10967 D dalvikvm: WAIT_FOR_CONCURRENT_GC blocked 21ms
12-12 15:50:17.254 10247 10967 I zgp     : Scheduling Phenotype for a PhenotypeSyncImmediately(13, com.google.apps.drive.android) one off with window [1, 2] in seconds
12-12 15:50:17.314 10247 14256 W NetRec  : [896] ConfigChangedIntentOperation.onHandleIntent: Device does not support scoring, exiting
12-12 15:50:17.314 10247 14256 I PTCommittedOperation: Receive new configuration for com.google.android.gms.ocr
12-12 15:50:17.324 10629 14227 I SettingsChangedIntentOp: SettingsChangedIntentOperation.run: Got intent Intent { act=com.google.android.gms.phenotype.COMMITTED flg=0x10 pkg=com.google.android.gms cmp=com.google.android.gms/.chimera.GmsIntentOperationService (has extras) }
12-12 15:50:17.324 10629 14227 I SettingsChangedIntentOp: SettingsChangedIntentOperation.run Intent extra com.google.android.gms.phenotype.PACKAGE_NAME: com.google.android.gms.ocr
12-12 15:50:17.324 10629 14227 I SettingsChangedIntentOp: Action: com.google.android.gms.phenotype.COMMITTED
12-12 15:50:17.324 10629 14227 I SettingsChangedIntentOp: EXTRA_PACKAGE_NAME: com.google.android.gms.ocr
12-12 15:50:17.364 10629 14226 I OcrModelUpStIntentOp: Updating ocr activity enabled=false (phenotypeFlag=false, lowRamDevice=false, prereqCheck=true)
12-12 15:50:17.374 10629 10629 D dalvikvm: newInstance failed: no <init>()
12-12 15:50:17.614   306   385 I Vold    : [LGE][VOLD][NetlinkHandler.cpp][onEvent()] subsys:cpu, action:0
12-12 15:50:17.774   306   385 I Vold    : [LGE][VOLD][NetlinkHandler.cpp][onEvent()] subsys:cpu, action:0
12-12 15:50:18.464 14267 14267 D AndroidRuntime: 
12-12 15:50:18.464 14267 14267 D AndroidRuntime: >>>>>> AndroidRuntime START com.android.internal.os.RuntimeInit <<<<<<
12-12 15:50:18.474 14267 14267 D AndroidRuntime: CheckJNI is OFF
12-12 15:50:18.504 14267 14267 D dalvikvm: Trying to load lib libjavacore.so 0x0
12-12 15:50:18.504 14267 14267 D dalvikvm: Added shared lib libjavacore.so 0x0
12-12 15:50:18.514 14267 14267 D dalvikvm: Trying to load lib libnativehelper.so 0x0
12-12 15:50:18.514 14267 14267 D dalvikvm: Added shared lib libnativehelper.so 0x0
12-12 15:50:18.514 14267 14267 D dalvikvm: No JNI_OnLoad found in libnativehelper.so 0x0, skipping init
12-12 15:50:18.584 14267 14267 D dalvikvm: Note: class Landroid/app/ActivityManagerNative; has 184 unimplemented (abstract) methods
12-12 15:50:18.874 14267 14267 E memtrack: Couldn't load memtrack module (No such file or directory)
12-12 15:50:18.874 14267 14267 E android.os.Debug: failed to load memtrack module: -2
12-12 15:50:18.924   306   385 I Vold    : [LGE][VOLD][NetlinkHandler.cpp][onEvent()] subsys:cpu, action:0
12-12 15:50:18.964 14267 14267 D AndroidRuntime: Calling main entry com.android.commands.pm.Pm
12-12 15:50:18.984   962  1021 I ActivityManager: Force stopping com.trellis appid=11599 user=-1: uninstall pkg
12-12 15:50:18.984   962  1021 D ActivityManager: resumeTopActivityLocked: Going to sleep and all paused
12-12 15:50:18.984   962  1040 W PackageManager: Couldn't delete native library directory /data/app-lib/com.trellis
12-12 15:50:19.084   323   323 D keystore: calling clear_uid in state: 3
12-12 15:50:19.084   962  1040 I ActivityManager: Force stopping com.trellis appid=11599 user=0: pkg removed
12-12 15:50:19.084   962  1040 D ActivityManager: resumeTopActivityLocked: Going to sleep and all paused
12-12 15:50:19.104  1213  1213 V SplitWindowPolicyService: onReceive
12-12 15:50:19.104  1213  1213 I SplitWindowPolicyService: android.intent.action.PACKAGE_REMOVED
12-12 15:50:19.104  1213  1213 V SplitWindowPolicyService: packageName = com.trellis
12-12 15:50:19.104  1213  1323 V SplitWindowPolicyService: handlePackageRemoved - com.trellis
12-12 15:50:19.104  1197  1197 D KeyguardModel: mPackageIntentReceiver, received action: android.intent.action.PACKAGE_REMOVED, sendingUserId:0
12-12 15:50:19.104  1546  1546 I [LGHome]EVENT: [LauncherModel.java:1146:onReceive()]onReceive intent=Intent { act=android.intent.action.PACKAGE_REMOVED dat=package:com.trellis flg=0x4000010 (has extras) }
12-12 15:50:19.114  1546  1546 I [LGHome]LGPlusHomeDBManager: [LGPlusHomeDBManager.java:308:onReceive()]onReceive intent=Intent { act=android.intent.action.PACKAGE_REMOVED dat=package:com.trellis flg=0x4000010 (has extras) }
12-12 15:50:19.114  1546  1546 I [LGHome]LGPlusHomeDBManager: [LGPlusHomeDBManager.java:374:packageUpdate()]PackageUpdatedTask: 3
12-12 15:50:19.114  1197  1197 I [SystemUI]AppWidgetPanel(QRemoteWidgetPanel): onReceive = android.intent.action.PACKAGE_REMOVED, packageName : com.trellis
12-12 15:50:19.114 10247 10247 I GeofencerStateMachine: removeGeofences: removeRequest=RemoveGeofencingRequest[REMOVE_ALL packageName=com.trellis]
12-12 15:50:19.134  2896  2896 W System.err: android.content.pm.PackageManager$NameNotFoundException: com.trellis
12-12 15:50:19.144  1344  1377 I LatinIME:LogUtils: Dictionary info: dictionary = main:en_us ; version = 45 ; date = 1400750631
12-12 15:50:19.144  1344  1377 I LatinIME:LogUtils: Dictionary info: dictionary = main:en_us ; version = 45 ; date = 1400750631
12-12 15:50:19.144  2896  2896 W System.err: 	at android.app.ApplicationPackageManager.getPackageInfo(ApplicationPackageManager.java:82)
12-12 15:50:19.144  2896  2896 W System.err: 	at com.lge.mlt.MptOnAppWatcher$1.onReceive(MptOnAppWatcher.java:44)
12-12 15:50:19.144  2896  2896 W System.err: 	at android.app.LoadedApk$ReceiverDispatcher$Args.run(LoadedApk.java:782)
12-12 15:50:19.144  2896  2896 W System.err: 	at android.os.Handler.handleCallback(Handler.java:733)
12-12 15:50:19.154  2896  2896 W System.err: 	at android.os.Handler.dispatchMessage(Handler.java:95)
12-12 15:50:19.154  2896  2896 W System.err: 	at android.os.Looper.loop(Looper.java:136)
12-12 15:50:19.154  2896  2896 W System.err: 	at android.app.ActivityThread.main(ActivityThread.java:5118)
12-12 15:50:19.154  2896  2896 W System.err: 	at java.lang.reflect.Method.invokeNative(Native Method)
12-12 15:50:19.154  2896  2896 W System.err: 	at java.lang.reflect.Method.invoke(Method.java:515)
12-12 15:50:19.154  2896  2896 W System.err: 	at com.android.internal.os.ZygoteInit$MethodAndArgsCaller.run(ZygoteInit.java:790)
12-12 15:50:19.154  2896  2896 W System.err: 	at com.android.internal.os.ZygoteInit.main(ZygoteInit.java:606)
12-12 15:50:19.154  2896  2896 W System.err: 	at dalvik.system.NativeStart.main(Native Method)
12-12 15:50:19.164 14134 14283 D Documents: Used cached roots for com.android.externalstorage.documents
12-12 15:50:19.164 14134 14283 D Documents: Used cached roots for com.android.providers.downloads.documents
12-12 15:50:19.164 14134 14283 D Documents: Used cached roots for com.android.providers.media.documents
12-12 15:50:19.164 14134 14283 D Documents: Loading roots for com.google.android.apps.docs.storage
12-12 15:50:19.174   962   962 D administrator: Handling package changes for user 0
12-12 15:50:19.174   962  1152 I InputReader: Reconfiguring input devices.  changes=0x00000010
12-12 15:50:19.174   306   385 I Vold    : [LGE][VOLD][NetlinkHandler.cpp][onEvent()] subsys:cpu, action:0
12-12 15:50:19.184   306   385 I Vold    : [LGE][VOLD][NetlinkHandler.cpp][onEvent()] subsys:cpu, action:0
12-12 15:50:19.184   962  1561 I ActivityManager: Start proc com.lge.lockscreensettings for content provider com.lge.lockscreensettings/.LockSettingsProvider: pid=14294 uid=10078 gids={50078, 1028, 1015}
12-12 15:50:19.204   316   316 D dalvikvm: GC_EXPLICIT freed 43K, 76% free 2864K/11632K, paused 1ms+2ms, total 21ms
