12-11 19:56:17.785   883  8490 W ActivityManager: Scheduling restart of crashed service com.google.android.gms/com.google.android.location.internal.server.HardwareArProviderService in 51000ms
12-11 19:56:17.785   883  8490 W ActivityManager: Scheduling restart of crashed service com.google.android.gms/com.google.android.location.internal.server.GoogleLocationService in 61000ms
12-11 19:56:17.785   883  8490 W ActivityManager: Scheduling restart of crashed service com.google.android.gms/com.google.android.location.fused.FusedLocationService in 71000ms
12-11 19:56:17.785   883  8490 W ActivityManager: Scheduling restart of crashed service com.google.android.gms/.common.stats.GmsCoreStatsService in 81000ms
12-11 19:56:17.785   883  8490 W ActivityManager: Scheduling restart of crashed service com.google.android.gms/com.google.android.location.geocode.GeocodeService in 91000ms
12-11 19:56:17.785   883  8490 W ActivityManager: Scheduling restart of crashed service com.google.android.gms/.phenotype.service.PhenotypeService in 101000ms
12-11 19:56:17.785   883  8490 W ActivityManager: Scheduling restart of crashed service com.google.android.gms/com.google.android.contextmanager.service.ContextManagerService in 111000ms
12-11 19:56:17.785   883  8490 W ActivityManager: Scheduling restart of crashed service com.google.android.gms/.auth.proximity.firstparty.SystemMemoryCacheService in 120999ms
12-11 19:56:17.785   883  8490 W ActivityManager: Scheduling restart of crashed service com.google.android.gms/com.google.android.location.internal.PendingIntentCallbackService in 120999ms
12-11 19:56:17.786   883  8490 W ActivityManager: Scheduling restart of crashed service com.google.android.gms/.auth.setup.devicesignals.LockScreenService in 120999ms
12-11 19:56:17.786   883  8490 W ActivityManager: Scheduling restart of crashed service com.google.android.gms/.auth.account.service.WorkAccountService in 130999ms
12-11 19:56:17.786   883  8490 W ActivityManager: Scheduling restart of crashed service com.google.android.gms/com.google.android.location.network.NetworkLocationService in 130999ms
12-11 19:56:17.786   883  8490 W ActivityManager: Scheduling restart of crashed service com.google.android.gms/com.google.android.location.internal.GoogleLocationManagerService in 140999ms
12-11 19:56:17.786   883  8490 W ActivityManager: Scheduling restart of crashed service com.google.android.gms/.nearby.discovery.service.DiscoveryService in 150999ms
12-11 19:56:17.786   883  8490 W ActivityManager: Scheduling restart of crashed service com.google.android.gms/com.google.location.nearby.direct.service.NearbyDirectService in 150999ms
12-11 19:56:17.786   883  8490 W ActivityManager: Scheduling restart of crashed service com.google.android.gms/.clearcut.service.ClearcutLoggerService in 150999ms
12-11 19:56:17.786   883  8490 W ActivityManager: Scheduling restart of crashed service com.google.android.gms/.deviceconnection.service.DeviceConnectionWatcherService in 160998ms
12-11 19:56:17.786   883  8490 W ActivityManager: Scheduling restart of crashed service com.google.android.gms/.pseudonymous.service.PseudonymousIdService in 170998ms
12-11 19:56:17.786   883  8490 W ActivityManager: Scheduling restart of crashed service com.google.android.gms/.thunderbird.OutgoingSmsListenerService in 180998ms
12-11 19:56:17.787 10959 10959 I ActivityThread: Removing dead content provider:android.content.ContentProviderProxy@d0864ff
12-11 19:56:17.787   883  8490 I ActivityManager: Killing 19035:com.google.android.apps.docs/u0a45 (adj 0): stop com.google.android.gms
12-11 19:56:17.809   883  8490 I ActivityManager: Killing 10959:com.google.android.gms/u0a13 (adj 5): stop com.google.android.gms
12-11 19:56:17.842   883  3520 D ConnectivityService: ConnectivityService NetworkRequestInfo binderDied(NetworkRequest [ id=11, legacyType=-1, [ Capabilities: INTERNET&NOT_RESTRICTED&TRUSTED&NOT_VPN] ], android.os.BinderProxy@83c1249)
12-11 19:56:17.842   883  2958 D ConnectivityService: releasing NetworkRequest NetworkRequest [ id=11, legacyType=-1, [ Capabilities: INTERNET&NOT_RESTRICTED&TRUSTED&NOT_VPN] ]
12-11 19:56:17.842   883  2957 D WifiService: Client connection lost with reason: 4
12-11 19:56:17.843   883  2958 E ConnectivityService: RemoteException caught trying to send a callback msg for NetworkRequest [ id=11, legacyType=-1, [ Capabilities: INTERNET&NOT_RESTRICTED&TRUSTED&NOT_VPN] ]
12-11 19:56:17.846   883  8490 W ActivityManager: Scheduling restart of crashed service com.google.android.gms/.update.SystemUpdateService in 190938ms
12-11 19:56:17.847   883  8490 W ActivityManager: Scheduling restart of crashed service com.google.android.gms/.analytics.service.AnalyticsService in 190938ms
12-11 19:56:17.847   883  8490 I ActivityManager: Killing 11522:com.google.android.apps.walletnfcrel/u0a74 (adj 11): stop com.google.android.gms
12-11 19:56:17.863   883  8490 I ActivityManager: Killing 12201:com.google.android.music:main/u0a60 (adj 13): stop com.google.android.gms
12-11 19:56:17.886   883  8490 I ActivityManager:   Force stopping service ServiceRecord{c88a866 u0 com.google.android.gms/com.google.android.location.internal.server.HardwareArProviderService}
12-11 19:56:17.886   883  8490 I ActivityManager:   Force stopping service ServiceRecord{1b4f4ce u0 com.google.android.gms/.clearcut.service.ClearcutLoggerService}
12-11 19:56:17.886   883  8490 I ActivityManager:   Force stopping service ServiceRecord{a2d3536 u0 com.google.android.gms/.common.stats.GmsCoreStatsService}
12-11 19:56:17.886   883  8490 I ActivityManager:   Force stopping service ServiceRecord{6a03bc6 u0 com.google.android.gms/com.google.android.location.internal.GoogleLocationManagerService}
12-11 19:56:17.886   883  8490 I ActivityManager:   Force stopping service ServiceRecord{6a5f2b7 u0 com.google.android.gms/com.google.android.location.network.NetworkLocationService}
12-11 19:56:17.886   883  8490 I ActivityManager:   Force stopping service ServiceRecord{82c36d1 u0 com.google.android.gms/com.google.android.contextmanager.service.ContextManagerService}
12-11 19:56:17.886   883  8490 I ActivityManager:   Force stopping service ServiceRecord{c815db2 u0 com.google.android.gms/com.google.android.location.internal.server.GoogleLocationService}
12-11 19:56:17.886   883  8490 I ActivityManager:   Force stopping service ServiceRecord{c8c46c6 u0 com.google.android.gms/.nearby.messages.service.NearbyMessagesService}
12-11 19:56:17.886   883  8490 I ActivityManager:   Force stopping service ServiceRecord{f6789cb u0 com.google.android.gms/com.google.android.location.geofencer.service.GeofenceProviderService}
12-11 19:56:17.886   883  8490 I ActivityManager:   Force stopping service ServiceRecord{bf22742 u0 com.google.android.gms/com.google.android.location.fused.FusedLocationService}
12-11 19:56:17.886   883  8490 I ActivityManager:   Force stopping service ServiceRecord{eb6b9bc u0 com.google.android.gms/com.google.android.location.fused.service.FusedProviderService}
12-11 19:56:17.886   883  8490 I ActivityManager:   Force stopping service ServiceRecord{4c5f7c0 u0 com.google.android.gms/.analytics.service.AnalyticsService}
12-11 19:56:17.886   883  8490 I ActivityManager:   Force stopping service ServiceRecord{f544e52 u0 com.google.android.gms/.gcm.GcmService}
12-11 19:56:17.886   883  8490 I ActivityManager:   Force stopping service ServiceRecord{6e79266 u0 com.google.android.gms/.auth.setup.devicesignals.LockScreenService}
12-11 19:56:17.886   883  8490 I ActivityManager:   Force stopping service ServiceRecord{80b844 u0 com.google.android.gms/.thunderbird.OutgoingSmsListenerService}
12-11 19:56:17.886   883  8490 I ActivityManager:   Force stopping service ServiceRecord{9486189 u0 com.google.android.gms/com.google.android.location.geocode.GeocodeService}
12-11 19:56:17.886   883  8490 I ActivityManager:   Force stopping service ServiceRecord{1953810 u0 com.google.android.gms/.deviceconnection.service.DeviceConnectionWatcherService}
12-11 19:56:17.890   883  7545 W ActivityManager: Spurious death for ProcessRecord{518d9f5 0:com.google.android.gms.persistent/u0a13}, curProc for 10925: null
12-11 19:56:17.891   883  7546 W ActivityManager: Spurious death for ProcessRecord{70fab8d 0:com.google.android.gms/u0a13}, curProc for 10959: null
12-11 19:56:17.893   883   896 W BroadcastQueue: Skipping deliver [background] BroadcastRecord{de46968 u0 android.intent.action.PACKAGE_DATA_CLEARED} to ReceiverList{2b39acd 18928 com.android.documentsui/10044/u0 remote:92e864}: process crashing
12-11 19:56:17.893   883  3549 W ActivityManager: Spurious death for ProcessRecord{6ba5e9 0:com.google.android.youtube/u0a76}, curProc for 11071: null
12-11 19:56:17.894   883  8489 W ActivityManager: Spurious death for ProcessRecord{342cdd0 0:com.google.android.music:main/u0a60}, curProc for 12201: null
12-11 19:56:17.894   883  3395 W ActivityManager: Spurious death for ProcessRecord{5b5c45d 0:com.google.android.apps.walletnfcrel/u0a74}, curProc for 11522: null
12-11 19:56:17.894   883  7544 W ActivityManager: Spurious death for ProcessRecord{4c8e 0:com.google.android.apps.docs/u0a45}, curProc for 19035: null
12-11 19:56:17.910   883  3370 I ActivityManager: Start proc 19385:com.google.android.gms.persistent/u0a13 for service com.google.android.gms/.clearcut.service.ClearcutLoggerService
12-11 19:56:17.961 19374 19374 I art     : System.exit called, status: 0
12-11 19:56:17.961 19374 19374 I AndroidRuntime: VM exiting with result code 0.
12-11 19:56:17.980 19385 19385 I LoadedApk: No resource references to update in package FFFFFFFFFFFFFFFFFFFFFF
12-11 19:56:18.035 19385 19385 W linker  : /data/app/com.google.android.gms-1/lib/arm64/libconscrypt_gmscore_jni.so: unused DT entry: type 0xf arg 0x8a
12-11 19:56:18.045 19385 19385 V NativeCrypto: Registering com/google/android/gms/org/conscrypt/NativeCrypto's 276 native methods...
12-11 19:56:18.056 19385 19385 I art     : Rejecting re-init on previously-failed class java.lang.Class<com.google.android.gms.org.conscrypt.DelegatingExtendedSSLSession>
12-11 19:56:18.057 19385 19385 I art     : Rejecting re-init on previously-failed class java.lang.Class<com.google.android.gms.org.conscrypt.DelegatingExtendedSSLSession>
12-11 19:56:18.057 19385 19385 I art     : Rejecting re-init on previously-failed class java.lang.Class<com.google.android.gms.org.conscrypt.DelegatingExtendedSSLSession>
12-11 19:56:18.068 19385 19385 I ProviderInstaller: Installed default security provider GmsCore_OpenSSL
12-11 19:56:18.075 19385 19385 E ChimeraCfgMgr: Failed to read module config: java.io.FileNotFoundException: /data/data/com.google.android.gms/app_chimera/current_config.fb: open failed: ENOENT (No such file or directory)
12-11 19:56:18.080 19385 19385 E ChimeraCfgMgr: Failed to read module config: java.io.FileNotFoundException: /data/data/com.google.android.gms/app_chimera/current_config.fb: open failed: ENOENT (No such file or directory)
12-11 19:56:18.081 19385 19385 E ConfigFileUtils: Failed to read config file: /data/data/com.google.android.gms/app_chimera/current_fileapks.pb: open failed: ENOENT (No such file or directory)
12-11 19:56:18.096 19385 19385 E ChimeraCfgMgr: Failed to read module config: java.io.FileNotFoundException: /data/data/com.google.android.gms/app_chimera/current_config.fb: open failed: ENOENT (No such file or directory)
12-11 19:56:18.108   883  8493 I ActivityManager: Start proc 19403:com.google.android.gms/u0a13 for service com.google.android.gms/.chimera.GmsIntentOperationService
12-11 19:56:18.108 19385 19385 I DynamiteModule: Considering local module com.google.android.gms.googlecertificates:4 and remote module com.google.android.gms.googlecertificates:0
12-11 19:56:18.108 19385 19385 I DynamiteModule: Selected local version of com.google.android.gms.googlecertificates
12-11 19:56:18.117 19385 19385 E ConfigFileUtils: Failed to read config file: /data/data/com.google.android.gms/app_chimera/current_fileapks.pb: open failed: ENOENT (No such file or directory)
12-11 19:56:18.121 19385 19385 E ChimeraCfgMgr: Failed to read module config: java.io.FileNotFoundException: /data/data/com.google.android.gms/app_chimera/current_config.fb: open failed: ENOENT (No such file or directory)
12-11 19:56:18.122 19385 19385 E ChimeraCfgMgr: Failed to read module config: java.io.FileNotFoundException: /data/data/com.google.android.gms/app_chimera/current_config.fb: open failed: ENOENT (No such file or directory)
12-11 19:56:18.123 19385 19385 E IntentOperation: Failed to get Chimera config
12-11 19:56:18.123 19385 19385 E IntentOperation: com.google.android.chimera.config.InvalidConfigException: java.io.FileNotFoundException: /data/data/com.google.android.gms/app_chimera/current_config.fb: open failed: ENOENT (No such file or directory)
12-11 19:56:18.123 19385 19385 E IntentOperation: 	at com.google.android.chimera.container.ConfigurationManager.a(:com.google.android.gms@11951440:150)
12-11 19:56:18.123 19385 19385 E IntentOperation: 	at com.google.android.chimera.IntentOperation.a(:com.google.android.gms@11951440:3)
12-11 19:56:18.123 19385 19385 E IntentOperation: 	at com.google.android.chimera.IntentOperation.getStartIntent(:com.google.android.gms@11951440:3)
12-11 19:56:18.123 19385 19385 E IntentOperation: 	at com.google.android.chimera.IntentOperation.getStartIntent(:com.google.android.gms@11951440:1)
12-11 19:56:18.123 19385 19385 E IntentOperation: 	at com.google.android.gms.chimera.debug.ModuleSetJournalUpdate$ModuleSetJournalIntentOperation.a(:com.google.android.gms@11951440:1)
12-11 19:56:18.123 19385 19385 E IntentOperation: 	at com.google.android.gms.chimera.debug.ModuleSetJournalUpdate.a(:com.google.android.gms@11951440:11)
12-11 19:56:18.123 19385 19385 E IntentOperation: 	at com.google.android.gms.chimera.container.GmsModuleFinder.a(:com.google.android.gms@11951440:68)
12-11 19:56:18.123 19385 19385 E IntentOperation: 	at com.google.android.gms.chimera.container.GmsModuleFinder.a(:com.google.android.gms@11951440:86)
12-11 19:56:18.123 19385 19385 E IntentOperation: 	at com.google.android.gms.chimera.container.GmsModuleFinder.a(:com.google.android.gms@11951440:71)
12-11 19:56:18.123 19385 19385 E IntentOperation: 	at ldt.x_(:com.google.android.gms@11951440)
12-11 19:56:18.123 19385 19385 E IntentOperation: 	at csw.a(:com.google.android.gms@11951440:33)
12-11 19:56:18.123 19385 19385 E IntentOperation: 	at cqp.a(:com.google.android.gms@11951440:3)
12-11 19:56:18.123 19385 19385 E IntentOperation: 	at cqp.query(:com.google.android.gms@11951440:3)
12-11 19:56:18.123 19385 19385 E IntentOperation: 	at android.content.ContentProvider$Transport.query(ContentProvider.java:238)
12-11 19:56:18.123 19385 19385 E IntentOperation: 	at android.content.ContentResolver.query(ContentResolver.java:491)
12-11 19:56:18.123 19385 19385 E IntentOperation: 	at android.content.ContentResolver.query(ContentResolver.java:434)
12-11 19:56:18.123 19385 19385 E IntentOperation: 	at acan.c(:com.google.android.gms@11951440:1)
12-11 19:56:18.123 19385 19385 E IntentOperation: 	at acan.a(:com.google.android.gms@11951440:3)
12-11 19:56:18.123 19385 19385 E IntentOperation: 	at acbz.a(Unknown Source)
12-11 19:56:18.123 19385 19385 E IntentOperation: 	at acby.a(:com.google.android.gms@11951440:7)
12-11 19:56:18.123 19385 19385 E IntentOperation: 	at acby.c(:com.google.android.gms@11951440:12)
12-11 19:56:18.123 19385 19385 E IntentOperation: 	at acby.a(:com.google.android.gms@11951440:26)
12-11 19:56:18.123 19385 19385 E IntentOperation: 	at com.google.android.gms.common.app.GmsApplication.onCreate(:com.google.android.gms@11951440:24)
12-11 19:56:18.123 19385 19385 E IntentOperation: 	at android.app.Instrumentation.callApplicationOnCreate(Instrumentation.java:1013)
12-11 19:56:18.123 19385 19385 E IntentOperation: 	at android.app.ActivityThread.handleBindApplication(ActivityThread.java:4707)
12-11 19:56:18.123 19385 19385 E IntentOperation: 	at android.app.ActivityThread.-wrap1(ActivityThread.java)
12-11 19:56:18.123 19385 19385 E IntentOperation: 	at android.app.ActivityThread$H.handleMessage(ActivityThread.java:1405)
12-11 19:56:18.123 19385 19385 E IntentOperation: 	at android.os.Handler.dispatchMessage(Handler.java:102)
12-11 19:56:18.123 19385 19385 E IntentOperation: 	at android.os.Looper.loop(Looper.java:148)
12-11 19:56:18.123 19385 19385 E IntentOperation: 	at android.app.ActivityThread.main(ActivityThread.java:5417)
12-11 19:56:18.123 19385 19385 E IntentOperation: 	at java.lang.reflect.Method.invoke(Native Method)
12-11 19:56:18.123 19385 19385 E IntentOperation: 	at com.android.internal.os.ZygoteInit$MethodAndArgsCaller.run(ZygoteInit.java:726)
12-11 19:56:18.123 19385 19385 E IntentOperation: 	at com.android.internal.os.ZygoteInit.main(ZygoteInit.java:616)
12-11 19:56:18.123 19385 19385 E IntentOperation: Caused by: java.io.FileNotFoundException: /data/data/com.google.android.gms/app_chimera/current_config.fb: open failed: ENOENT (No such file or directory)
12-11 19:56:18.123 19385 19385 E IntentOperation: 	at libcore.io.IoBridge.open(IoBridge.java:452)
12-11 19:56:18.123 19385 19385 E IntentOperation: 	at java.io.FileInputStream.<init>(FileInputStream.java:76)
12-11 19:56:18.123 19385 19385 E IntentOperation: 	at com.google.android.chimera.container.ConfigurationManager.a(:com.google.android.gms@11951440:121)
12-11 19:56:18.123 19385 19385 E IntentOperation: 	... 32 more
12-11 19:56:18.123 19385 19385 E IntentOperation: Caused by: android.system.ErrnoException: open failed: ENOENT (No such file or directory)
12-11 19:56:18.123 19385 19385 E IntentOperation: 	at libcore.io.Posix.open(Native Method)
12-11 19:56:18.123 19385 19385 E IntentOperation: 	at libcore.io.BlockGuardOs.open(BlockGuardOs.java:186)
12-11 19:56:18.123 19385 19385 E IntentOperation: 	at libcore.io.IoBridge.open(IoBridge.java:438)
12-11 19:56:18.123 19385 19385 E IntentOperation: 	... 34 more
12-11 19:56:18.133 19385 19385 E ChimeraCfgMgr: Failed to read module config: java.io.FileNotFoundException: /data/data/com.google.android.gms/app_chimera/current_config.fb: open failed: ENOENT (No such file or directory)
12-11 19:56:18.171 19403 19403 I LoadedApk: No resource references to update in package FFFFFFFFFFFFFFFFFFFFFF
12-11 19:56:18.256 19403 19403 W linker  : /data/app/com.google.android.gms-1/lib/arm64/libconscrypt_gmscore_jni.so: unused DT entry: type 0xf arg 0x8a
12-11 19:56:18.262 19403 19403 V NativeCrypto: Registering com/google/android/gms/org/conscrypt/NativeCrypto's 276 native methods...
12-11 19:56:18.274 19403 19403 I art     : Rejecting re-init on previously-failed class java.lang.Class<com.google.android.gms.org.conscrypt.DelegatingExtendedSSLSession>
12-11 19:56:18.274 19403 19403 I art     : Rejecting re-init on previously-failed class java.lang.Class<com.google.android.gms.org.conscrypt.DelegatingExtendedSSLSession>
12-11 19:56:18.275 19403 19403 I art     : Rejecting re-init on previously-failed class java.lang.Class<com.google.android.gms.org.conscrypt.DelegatingExtendedSSLSession>
12-11 19:56:18.287 19403 19403 I ProviderInstaller: Installed default security provider GmsCore_OpenSSL
12-11 19:56:18.316 19403 19403 E ChimeraCfgMgr: Failed to read module config: java.io.FileNotFoundException: /data/data/com.google.android.gms/app_chimera/current_config.fb: open failed: ENOENT (No such file or directory)
12-11 19:56:18.320 19385 19385 W ConfigurationChimeraPro: Got null configs for com.google.android.gms
12-11 19:56:18.320 19385 19385 W ConfigurationChimeraPro: Got null configs for com.google.android.gms
12-11 19:56:18.321 19403 19403 E ChimeraCfgMgr: Failed to read module config: java.io.FileNotFoundException: /data/data/com.google.android.gms/app_chimera/current_config.fb: open failed: ENOENT (No such file or directory)
12-11 19:56:18.322 19403 19403 E ConfigFileUtils: Failed to read config file: /data/data/com.google.android.gms/app_chimera/current_fileapks.pb: open failed: ENOENT (No such file or directory)
12-11 19:56:18.344 19403 19403 E ChimeraCfgMgr: Failed to read module config: java.io.FileNotFoundException: /data/data/com.google.android.gms/app_chimera/current_config.fb: open failed: ENOENT (No such file or directory)
12-11 19:56:18.345 19403 19403 I DynamiteModule: Considering local module com.google.android.gms.googlecertificates:4 and remote module com.google.android.gms.googlecertificates:0
12-11 19:56:18.345 19403 19403 I DynamiteModule: Selected local version of com.google.android.gms.googlecertificates
12-11 19:56:18.357 19403 19403 E ConfigFileUtils: Failed to read config file: /data/data/com.google.android.gms/app_chimera/current_fileapks.pb: open failed: ENOENT (No such file or directory)
12-11 19:56:18.365 19403 19403 E ChimeraCfgMgr: Failed to read module config: java.io.FileNotFoundException: /data/data/com.google.android.gms/app_chimera/current_config.fb: open failed: ENOENT (No such file or directory)
12-11 19:56:18.370 19403 19403 E ChimeraCfgMgr: Failed to read module config: java.io.FileNotFoundException: /data/data/com.google.android.gms/app_chimera/current_config.fb: open failed: ENOENT (No such file or directory)
12-11 19:56:18.372 19403 19403 E IntentOperation: Failed to get Chimera config
12-11 19:56:18.372 19403 19403 E IntentOperation: com.google.android.chimera.config.InvalidConfigException: java.io.FileNotFoundException: /data/data/com.google.android.gms/app_chimera/current_config.fb: open failed: ENOENT (No such file or directory)
12-11 19:56:18.372 19403 19403 E IntentOperation: 	at com.google.android.chimera.container.ConfigurationManager.a(:com.google.android.gms@11951440:150)
12-11 19:56:18.372 19403 19403 E IntentOperation: 	at com.google.android.chimera.IntentOperation.a(:com.google.android.gms@11951440:3)
12-11 19:56:18.372 19403 19403 E IntentOperation: 	at com.google.android.chimera.IntentOperation.getStartIntent(:com.google.android.gms@11951440:3)
12-11 19:56:18.372 19403 19403 E IntentOperation: 	at com.google.android.chimera.IntentOperation.getStartIntent(:com.google.android.gms@11951440:1)
12-11 19:56:18.372 19403 19403 E IntentOperation: 	at com.google.android.gms.chimera.debug.ModuleSetJournalUpdate$ModuleSetJournalIntentOperation.a(:com.google.android.gms@11951440:1)
12-11 19:56:18.372 19403 19403 E IntentOperation: 	at com.google.android.gms.chimera.debug.ModuleSetJournalUpdate.a(:com.google.android.gms@11951440:11)
12-11 19:56:18.372 19403 19403 E IntentOperation: 	at com.google.android.gms.chimera.container.GmsModuleFinder.a(:com.google.android.gms@11951440:68)
12-11 19:56:18.372 19403 19403 E IntentOperation: 	at com.google.android.gms.chimera.container.GmsModuleFinder.a(:com.google.android.gms@11951440:86)
12-11 19:56:18.372 19403 19403 E IntentOperation: 	at com.google.android.gms.chimera.container.GmsModuleFinder.a(:com.google.android.gms@11951440:71)
12-11 19:56:18.372 19403 19403 E IntentOperation: 	at ldw.x_(:com.google.android.gms@11951440)
12-11 19:56:18.372 19403 19403 E IntentOperation: 	at csw.a(:com.google.android.gms@11951440:33)
12-11 19:56:18.372 19403 19403 E IntentOperation: 	at csc.attachBaseContext(:com.google.android.gms@11951440:2)
12-11 19:56:18.372 19403 19403 E IntentOperation: 	at android.app.Service.attach(Service.java:704)
12-11 19:56:18.372 19403 19403 E IntentOperation: 	at android.app.ActivityThread.handleCreateService(ActivityThread.java:2875)
12-11 19:56:18.372 19403 19403 E IntentOperation: 	at android.app.ActivityThread.-wrap4(ActivityThread.java)
12-11 19:56:18.372 19403 19403 E IntentOperation: 	at android.app.ActivityThread$H.handleMessage(ActivityThread.java:1427)
12-11 19:56:18.372 19403 19403 E IntentOperation: 	at android.os.Handler.dispatchMessage(Handler.java:102)
12-11 19:56:18.372 19403 19403 E IntentOperation: 	at android.os.Looper.loop(Looper.java:148)
12-11 19:56:18.372 19403 19403 E IntentOperation: 	at android.app.ActivityThread.main(ActivityThread.java:5417)
12-11 19:56:18.372 19403 19403 E IntentOperation: 	at java.lang.reflect.Method.invoke(Native Method)
12-11 19:56:18.372 19403 19403 E IntentOperation: 	at com.android.internal.os.ZygoteInit$MethodAndArgsCaller.run(ZygoteInit.java:726)
12-11 19:56:18.372 19403 19403 E IntentOperation: 	at com.android.internal.os.ZygoteInit.main(ZygoteInit.java:616)
12-11 19:56:18.372 19403 19403 E IntentOperation: Caused by: java.io.FileNotFoundException: /data/data/com.google.android.gms/app_chimera/current_config.fb: open failed: ENOENT (No such file or directory)
12-11 19:56:18.372 19403 19403 E IntentOperation: 	at libcore.io.IoBridge.open(IoBridge.java:452)
12-11 19:56:18.372 19403 19403 E IntentOperation: 	at java.io.FileInputStream.<init>(FileInputStream.java:76)
12-11 19:56:18.372 19403 19403 E IntentOperation: 	at com.google.android.chimera.container.ConfigurationManager.a(:com.google.android.gms@11951440:121)
12-11 19:56:18.372 19403 19403 E IntentOperation: 	... 21 more
12-11 19:56:18.372 19403 19403 E IntentOperation: Caused by: android.system.ErrnoException: open failed: ENOENT (No such file or directory)
12-11 19:56:18.372 19403 19403 E IntentOperation: 	at libcore.io.Posix.open(Native Method)
12-11 19:56:18.372 19403 19403 E IntentOperation: 	at libcore.io.BlockGuardOs.open(BlockGuardOs.java:186)
12-11 19:56:18.372 19403 19403 E IntentOperation: 	at libcore.io.IoBridge.open(IoBridge.java:438)
12-11 19:56:18.372 19403 19403 E IntentOperation: 	... 23 more
12-11 19:56:18.379 19403 19403 E ChimeraCfgMgr: Failed to read module config: java.io.FileNotFoundException: /data/data/com.google.android.gms/app_chimera/current_config.fb: open failed: ENOENT (No such file or directory)
12-11 19:56:18.470 19403 19403 E ConfigFileUtils: Failed to read config file: /data/data/com.google.android.gms/app_chimera/current_modules_init.pb: open failed: ENOENT (No such file or directory)
12-11 19:56:18.535 19403 19431 E ConfigFileUtils: Failed to read config file: /data/data/com.google.android.gms/app_chimera/current_fileapks.pb: open failed: ENOENT (No such file or directory)
12-11 19:56:18.538 19403 19431 E ConfigFileUtils: Failed to read config file: /data/data/com.google.android.gms/app_chimera/current_fileapks.pb: open failed: ENOENT (No such file or directory)
12-11 19:56:18.544 19403 19431 E ConfigFileUtils: Failed to read config file: /data/data/com.google.android.gms/app_chimera/current_fileapks.pb: open failed: ENOENT (No such file or directory)
12-11 19:56:18.544 19415 19415 D AndroidRuntime: >>>>>> START com.android.internal.os.RuntimeInit uid 2000 <<<<<<
12-11 19:56:18.547 19415 19415 D AndroidRuntime: CheckJNI is OFF
12-11 19:56:18.549 19403 19431 E ConfigFileUtils: Failed to read config file: /data/data/com.google.android.gms/app_chimera/current_fileapks.pb: open failed: ENOENT (No such file or directory)
12-11 19:56:18.555 19403 19431 E ConfigFileUtils: Failed to read config file: /data/data/com.google.android.gms/app_chimera/current_fileapks.pb: open failed: ENOENT (No such file or directory)
12-11 19:56:18.560 19403 19431 E ConfigFileUtils: Failed to read config file: /data/data/com.google.android.gms/app_chimera/current_fileapks.pb: open failed: ENOENT (No such file or directory)
12-11 19:56:18.560 19385 19395 W ConfigurationChimeraPro: Got null configs for com.google.android.gms.accountsettings
12-11 19:56:18.571 19415 19415 D ICU     : No timezone override file found: /data/misc/zoneinfo/current/icu/icu_tzdata.dat
12-11 19:56:18.593 19385 19429 W ConfigurationChimeraPro: Got null configs for com.google.android.gms.ads
12-11 19:56:18.599 19415 19415 I Radio-JNI: register_android_hardware_Radio DONE
12-11 19:56:18.615 19415 19415 D AndroidRuntime: Calling main entry com.android.commands.pm.Pm
12-11 19:56:18.619   883  7545 I ActivityManager: Force stopping com.google.android.gm appid=10069 user=0: clear data
12-11 19:56:18.619   883  7545 I ActivityManager: Killing 12032:com.google.android.gm/u0a69 (adj 13): stop com.google.android.gm
12-11 19:56:18.639   883  3549 W ActivityManager: Spurious death for ProcessRecord{26ea357 0:com.google.android.gm/u0a69}, curProc for 12032: null
12-11 19:56:18.639 19385 19396 W ConfigurationChimeraPro: Got null configs for com.google.android.gms.cast
12-11 19:56:18.640   883   896 W BroadcastQueue: Skipping deliver [background] BroadcastRecord{fdf959d u0 android.intent.action.PACKAGE_DATA_CLEARED} to ReceiverList{2b39acd 18928 com.android.documentsui/10044/u0 remote:92e864}: process crashing
12-11 19:56:18.659 19415 19415 I art     : System.exit called, status: 0
12-11 19:56:18.659 19415 19415 I AndroidRuntime: VM exiting with result code 0.
12-11 19:56:18.921 19403 19433 I Ads     : Parental control value is stale. Refreshing.
12-11 19:56:18.929   883  8490 I AccountManagerService: getTypesVisibleToCaller: isPermitted? true
12-11 19:56:18.930 16440 16451 W Finsky  : [520] FinskyApp.getCurrentAccount: No account configured on this device.
12-11 19:56:18.931 19403 19403 I Ads     : Successfully received play store parental controls the result.
12-11 19:56:18.935 19403 19433 I Ads     : Initialized AdMob in container 11.9.51 (440-177350961)
12-11 19:56:19.134 19403 19433 I Auth    : [WorkAccount] update authenticator enabled for boot or update
12-11 19:56:19.141 19385 19455 I Auth    : [Change,AccountsChange] First snapshot
12-11 19:56:19.143   883  8489 I AccountManagerService: getTypesVisibleToCaller: isPermitted? true
12-11 19:56:19.144   883  3520 I AccountManagerService: getTypesVisibleToCaller: isPermitted? true
12-11 19:56:19.145   883  3370 I AccountManagerService: getTypesVisibleToCaller: isPermitted? true
12-11 19:56:19.147 19385 19429 W ConfigurationChimeraPro: Got null configs for com.google.android.gms.trustlet_onbody
12-11 19:56:19.148 19385 19455 W WakefulBroadcastReceiv.: No active wake lock id #1
12-11 19:56:19.159 19385 19396 W ConfigurationChimeraPro: Got null configs for com.google.android.gms.auth.account.base
12-11 19:56:19.166 19385 19461 W ConfigurationChimeraPro: Got null configs for com.google.android.gms.auth.account.base
12-11 19:56:19.173   883  3090 I AccountManagerService: getTypesVisibleToCaller: isPermitted? true
12-11 19:56:19.181 19385 19429 W ConfigurationChimeraPro: Got null configs for com.google.android.gms.auth.api.credentials
12-11 19:56:19.191 19385 19396 W ConfigurationChimeraPro: Got null configs for com.google.android.gms.auth.api.phone
12-11 19:56:19.230 19403 19431 I Auth    : [AuthManaged,AuthManagedModuleInitIntentOperation] enabling com.google.android.gms.auth.managed.ui.EmmActivity
12-11 19:56:19.231 19403 19431 I Auth    : [AuthManaged,AuthManagedModuleInitIntentOperation] enabling com.google.android.gms.auth.managed.ui.PhoneskyDpcInstallActivity
12-11 19:56:19.232 19403 19433 E ConfigFileUtils: Failed to read config file: /data/data/com.google.android.gms/app_chimera/current_fileapks.pb: open failed: ENOENT (No such file or directory)
12-11 19:56:19.235   883   900 D BluetoothManagerService: Added callback: android.bluetooth.IBluetoothManagerCallback$Stub$Proxy@cbc267d:true
12-11 19:56:19.238 19385 19429 W ConfigurationChimeraPro: Got null configs for com.google.android.gms.auth_managed
12-11 19:56:19.239 19403 19434 E ConfigFileUtils: Failed to read config file: /data/data/com.google.android.gms/app_chimera/current_fileapks.pb: open failed: ENOENT (No such file or directory)
12-11 19:56:19.246 19403 19433 E ConfigFileUtils: Failed to read config file: /data/data/com.google.android.gms/app_chimera/current_fileapks.pb: open failed: ENOENT (No such file or directory)
12-11 19:56:19.249 19385 19463 W ConfigurationChimeraPro: Got null configs for com.google.android.gms.auth_authzen
12-11 19:56:19.254 19450 19450 D AndroidRuntime: >>>>>> START com.android.internal.os.RuntimeInit uid 2000 <<<<<<
12-11 19:56:19.258 19450 19450 D AndroidRuntime: CheckJNI is OFF
12-11 19:56:19.276   883  3415 I AccountManagerService: getTypesVisibleToCaller: isPermitted? true
12-11 19:56:19.278 19385 19429 W ConfigurationChimeraPro: Got null configs for com.google.android.gms.auth_cryptauth
12-11 19:56:19.285   883  8493 I AccountManagerService: getTypesVisibleToCaller: isPermitted? true
12-11 19:56:19.286 19403 19467 I CryptauthV2: [OldAuthzenDatabase] Deleting SigningKey for handle: device_key
12-11 19:56:19.290 19403 19430 W ChimeraUtils: Non Chimera context
12-11 19:56:19.290 19450 19450 D ICU     : No timezone override file found: /data/misc/zoneinfo/current/icu/icu_tzdata.dat
12-11 19:56:19.293   883  7546 I AccountManagerService: getTypesVisibleToCaller: isPermitted? true
12-11 19:56:19.294   883  8490 I AccountManagerService: getTypesVisibleToCaller: isPermitted? true
12-11 19:56:19.295   883  3556 I AccountManagerService: getTypesVisibleToCaller: isPermitted? true
12-11 19:56:19.299 19385 19395 W ConfigurationChimeraPro: Got null configs for com.google.android.gms.backup
12-11 19:56:19.309 19403 19431 I Backup  : [CallLogFlagSetter] Whitelisted for call log backup, but not enabling because user_full_data_backup_aware not set.
12-11 19:56:19.318 19450 19450 I Radio-JNI: register_android_hardware_Radio DONE
12-11 19:56:19.322 19403 19464 I ChimeraConfigService: Scheduling checkin every 120 seconds, with flex of 60 seconds
12-11 19:56:19.335 19450 19450 D AndroidRuntime: Calling main entry com.android.commands.pm.Pm
12-11 19:56:19.349   883  3556 W ActivityManager: Invalid packageName: com.android.browser
12-11 19:56:19.350 19450 19450 I art     : System.exit called, status: 1
12-11 19:56:19.350 19450 19450 I AndroidRuntime: VM exiting with result code 1.
12-11 19:56:19.361 19385 19395 W ConfigurationChimeraPro: Got null configs for com.google.android.gms.constellation
12-11 19:56:19.364 19403 19492 W Ads     : Error while pinging URL: https://pagead2.googlesyndication.com/pagead/gen_204?id=gmob-apps&action=gmscore_upgrade&device=LGE%20Nexus%205X&locale=en_US&js=11951440.11951000&os=6.0&api=23&lta=false&eids=&appid=com.google.android.gms&previous_gmscore_version=-1. Unable to resolve host "pagead2.googlesyndication.com": No address associated with hostname
12-11 19:56:19.363 19385 19488 W ConfigurationChimeraPro: Got null configs for com.google.android.gms.ulr
12-11 19:56:19.373   883   892 I art     : Background partial concurrent mark sweep GC freed 45829(2MB) AllocSpace objects, 1(20KB) LOS objects, 27% free, 41MB/57MB, paused 1.061ms total 127.957ms
12-11 19:56:19.374 19403 19467 W CryptauthV2: [OldAuthzenDatabase] Unexpected number of rows deleted: 0
12-11 19:56:19.375 19385 19385 W ConfigurationChimeraPro: Got null configs for com.google.android.location
12-11 19:56:19.388 19403 19473 I Backup  : [PreLComponentEnabler] Disabling pre-L components
12-11 19:56:19.393 19385 19385 I art     : Rejecting re-init on previously-failed class java.lang.Class<apqu>
12-11 19:56:19.393 19385 19385 I art     : Rejecting re-init on previously-failed class java.lang.Class<apqu>
12-11 19:56:19.396   883  3395 I AccountManagerService: getTypesVisibleToCaller: isPermitted? true
12-11 19:56:19.398 19403 19467 I Backup  : [ComponentEnabler] Setting target components to enabled = false
12-11 19:56:19.405 19403 19467 I Backup  : [ComponentEnabler] Setting source components to enabled = true
12-11 19:56:19.479 19385 19494 E GeofenceStateCache: Unable to load state, all registered geofences are lost.
12-11 19:56:19.497 19403 19501 W ChimeraUtils: Non Chimera context
12-11 19:56:19.511 19385 19395 W ConfigurationChimeraPro: Got null configs for com.google.android.gms.auth_authzen
12-11 19:56:19.518 19403 19504 W Ads     : Error while pinging URL: https://pagead2.googlesyndication.com/pagead/gen_204?id=gmob-apps&device=LGE%20Nexus%205X&js=11951440.11951000&os=6.0&api=23&lat=0&eids=&tslu=-1&appid=com.google.android.gms. Unable to resolve host "pagead2.googlesyndication.com": No address associated with hostname
12-11 19:56:19.528   883  3549 I ActivityManager: Start proc 19505:com.google.android.youtube/u0a76 for service com.google.android.youtube/com.google.android.apps.youtube.app.common.ads.AdIdListenerService
12-11 19:56:19.532 19403 19501 E BaseAppContext: Tried to stop global GMSCore RequestQueue. This is likely unintended, so ignoring.
12-11 19:56:19.536 19385 19385 W ConfigurationChimeraPro: Got null configs for com.google.android.gms.clearcut.public
12-11 19:56:19.552 19403 19501 I Authzen : [AuthZenEventHandler] Handling event: com.google.android.chimera.IntentOperation.NEW_MODULE
12-11 19:56:19.555   883  7546 I AccountManagerService: getTypesVisibleToCaller: isPermitted? true
12-11 19:56:19.574   883  2957 D WifiService: New client listening to asynchronous messages
12-11 19:56:19.618   883  2956 D WifiNative-HAL: Failing getSupportedFeatureset because HAL isn't started
12-11 19:56:19.650 19505 19545 W YouTube : Fetching the Gservices key 'failsafe_clear_cache_release' before the end of the bulk initialization
12-11 19:56:19.660 19505 19541 W YouTube : Fetching the Gservices key 'disable_binder_callback_flush' before the end of the bulk initialization
12-11 19:56:19.661   519   519 E QCALOG  : [MessageQ] ProcessNewMessage: [LOWI-SERVER] unknown deliver target [OS-Agent]
12-11 19:56:19.689 19505 19546 E linker  : readlink('/proc/self/fd/22') failed: Permission denied [fd=22]
12-11 19:56:19.690 19505 19546 E linker  : warning: unable to get realpath for the library "/data/app/com.google.android.youtube-1/lib/arm64/libcronet.64.0.3261.0.so". Will use given name.
12-11 19:56:19.699   883  3370 D ConnectivityService: listenForNetwork for Listen from uid/pid:10076/19505 for NetworkRequest [ id=12, legacyType=-1, [ Capabilities: INTERNET&NOT_RESTRICTED&TRUSTED] ]
12-11 19:56:19.712 19505 19543 E linker  : readlink('/proc/self/fd/22') failed: Permission denied [fd=22]
12-11 19:56:19.712 19505 19543 E linker  : warning: unable to get realpath for the library "/system/framework/oat/arm64/com.android.location.provider.odex". Will use given name.
12-11 19:56:19.721 19403 19412 I art     : Background sticky concurrent mark sweep GC freed 13449(1005KB) AllocSpace objects, 11(2MB) LOS objects, 12% free, 19MB/21MB, paused 86.103ms total 116.722ms
12-11 19:56:19.735 19385 19394 I art     : Background partial concurrent mark sweep GC freed 12349(1369KB) AllocSpace objects, 5(316KB) LOS objects, 40% free, 18MB/30MB, paused 775us total 103.666ms
12-11 19:56:19.756 19385 19396 W ConfigurationChimeraPro: Got null configs for com.google.android.gms.clearcut.public
12-11 19:56:19.762 19403 19431 W ChimeraUtils: Non Chimera context
12-11 19:56:19.763 19385 19476 E SQLiteLog: (1) no such table: storage_size
12-11 19:56:19.770 19403 19558 I Authzen : [PermitStore] Getting all permits...
12-11 19:56:19.780 19385 19476 I acco    : No Heterodyne serving version in database
12-11 19:56:19.795 19505 19543 E linker  : readlink('/proc/self/fd/19') failed: Permission denied [fd=19]
12-11 19:56:19.795 19505 19543 E linker  : warning: unable to get realpath for the library "/system/framework/oat/arm64/com.android.media.remotedisplay.odex". Will use given name.
12-11 19:56:19.803 19525 19525 I dex2oat : /system/bin/dex2oat -j2 --dex-file=/data/data/com.google.android.gms/app_chimera/m/00000000/DynamiteLoader_GmsCore_prodmnc_alldpi_release.apk --oat-file=/data/data/com.google.android.gms/app_chimera/m/00000000/oat/arm64/DynamiteLoader_GmsCore_prodmnc_alldpi_release.dex
12-11 19:56:19.808   883   894 I AccountManagerService: getTypesVisibleToCaller: isPermitted? true
12-11 19:56:19.816 19385 19385 W ConfigurationChimeraPro: Got null configs for com.google.android.gms.contextmanager
12-11 19:56:19.846 19403 19558 I Authzen : [gau] Creating database auth.proximity.permit_store...
12-11 19:56:19.871 19505 19543 E linker  : readlink('/proc/self/fd/19') failed: Permission denied [fd=19]
12-11 19:56:19.873 19505 19543 E linker  : warning: unable to get realpath for the library "/data/app/com.google.android.gms-1/oat/arm64/base.odex". Will use given name.
12-11 19:56:19.907 19385 19429 W ConfigurationChimeraPro: Got null configs for com.google.android.gms.herrevad
12-11 19:56:19.912 19403 19558 I Authzen : [gau] Opening database auth.proximity.permit_store...
12-11 19:56:19.910 19403 19533 I CheckinCompat: Disabling old GoogleServicesFramework version
12-11 19:56:20.012 19535 19535 D AndroidRuntime: >>>>>> START com.android.internal.os.RuntimeInit uid 2000 <<<<<<
12-11 19:56:20.016 19535 19535 D AndroidRuntime: CheckJNI is OFF
12-11 19:56:20.037 19403 19412 I art     : Background partial concurrent mark sweep GC freed 24067(1734KB) AllocSpace objects, 18(4MB) LOS objects, 40% free, 18MB/30MB, paused 2.019ms total 164.023ms
12-11 19:56:20.048 19535 19535 D ICU     : No timezone override file found: /data/misc/zoneinfo/current/icu/icu_tzdata.dat
12-11 19:56:20.053 19385 19429 W ConfigurationChimeraPro: Got null configs for com.google.android.gms.droidguard
12-11 19:56:20.079 19535 19535 I Radio-JNI: register_android_hardware_Radio DONE
12-11 19:56:20.094   883  2957 D WifiService: New client listening to asynchronous messages
12-11 19:56:20.097 19535 19535 D AndroidRuntime: Calling main entry com.android.commands.pm.Pm
12-11 19:56:20.099 19403 19470 I Fido    : [FidoInitIntentOperation] Initializing Fido module, InitRuntimeState=12
12-11 19:56:20.103   883  7545 W ActivityManager: Invalid packageName: com.android.browser.provider
12-11 19:56:20.110 19403 19470 I Fitness : Module updated. Enabling [com.google.android.gms.fitness.service.wearable.WearableSyncMessageService, com.google.android.gms.fitness.service.wearable.WearableSyncAccountService, com.google.android.gms.fitness.service.wearable.WearableSyncConnectionService, com.google.android.gms.fitness.service.wearable.WearableSyncConfigService, com.google.android.gms.fitness.service.goals.FitGoalsBroker]
12-11 19:56:20.113 19535 19535 I art     : System.exit called, status: 1
12-11 19:56:20.113 19535 19535 I AndroidRuntime: VM exiting with result code 1.
12-11 19:56:20.116 19403 19433 I art     : Note: end time exceeds epoch: 
12-11 19:56:20.122 19525 19525 I dex2oat : dex2oat took 323.604ms (threads: 2) arena alloc=365KB java alloc=207KB native alloc=1846KB free=1993KB
12-11 19:56:20.128 19505 19578 E cr_CronetUrlRequestContext: Exception in onFailed method
12-11 19:56:20.128 19505 19578 E cr_CronetUrlRequestContext: java.lang.NullPointerException: Attempt to invoke virtual method 'java.lang.String aldz.a()' on a null object reference
12-11 19:56:20.128 19505 19578 E cr_CronetUrlRequestContext: 	at rwh.a(SourceFile:18)
12-11 19:56:20.128 19505 19578 E cr_CronetUrlRequestContext: 	at alht.a(SourceFile:12)
12-11 19:56:20.128 19505 19578 E cr_CronetUrlRequestContext: 	at alfc.run(SourceFile:8)
12-11 19:56:20.128 19505 19578 E cr_CronetUrlRequestContext: 	at java.util.concurrent.ThreadPoolExecutor.runWorker(ThreadPoolExecutor.java:1113)
12-11 19:56:20.128 19505 19578 E cr_CronetUrlRequestContext: 	at java.util.concurrent.ThreadPoolExecutor$Worker.run(ThreadPoolExecutor.java:588)
12-11 19:56:20.128 19505 19578 E cr_CronetUrlRequestContext: 	at rok.run(SourceFile:24)
12-11 19:56:20.128 19505 19578 E cr_CronetUrlRequestContext: 	at java.lang.Thread.run(Thread.java:818)
12-11 19:56:20.130 19403 19470 W ProviderHelper: Unknown dynamite feature flags
12-11 19:56:20.130 19403 19470 I DynamiteModule: Considering local module com.google.android.gms.flags:2 and remote module com.google.android.gms.flags:0
12-11 19:56:20.130 19403 19470 I DynamiteModule: Selected local version of com.google.android.gms.flags
12-11 19:56:20.138 19403 19613 I DeviceConfigUtils: android.os.VintfObject class not found : android.os.VintfObject
12-11 19:56:20.145   883  3090 W ActivityManager: Permission Denial: getIntentSender() from pid=19505, uid=10076, (need uid=10013) is not allowed to send as package com.google.android.gms
12-11 19:56:20.153 19505 19543 W DynamiteUtils: Failed to load module: module com.google.android.gms.ads.dynamite not found
12-11 19:56:20.154 19505 19543 W DynamiteUtils: Attempt 1 failed.
12-11 19:56:20.171 19385 19417 I GeofencerStateMachine: removeGeofences: removeRequest=RemoveGeofencingRequest[REMOVE_BY_PENDING_INTENT pendingIntent=PendingIntent[creatorPackage=com.google.android.gms], packageName=null]
12-11 19:56:20.180 19505 19540 E linker  : readlink('/proc/self/fd/43') failed: Permission denied [fd=43]
12-11 19:56:20.181 19505 19540 E linker  : warning: unable to get realpath for the library "/data/app/com.google.android.gms-1/lib/arm64/libgmscore.so". Will use given name.
12-11 19:56:20.195 19403 19613 I EventLogChimeraService: Accumulating logs since 0
12-11 19:56:20.210   883  3370 D VoldConnector: SND -> {16 volume mkdirs /storage/emulated/0/Android/data/com.google.android.youtube/files/}
12-11 19:56:20.218   883  2947 D VoldConnector: RCV <- {200 16 Command succeeded}
12-11 19:56:20.233 19403 19470 I FontsSharedState: No directory on disk newer than version 0
12-11 19:56:20.235 19622 19622 I dex2oat : /system/bin/dex2oat -j2 --dex-file=/data/data/com.google.android.gms/app_chimera/m/00000002/DynamiteModulesA_GmsCore_prodmnc_alldpi_release.apk --oat-file=/data/data/com.google.android.gms/app_chimera/m/00000002/oat/arm64/DynamiteModulesA_GmsCore_prodmnc_alldpi_release.dex
12-11 19:56:20.240 19505 19515 I art     : Background partial concurrent mark sweep GC freed 4058(512KB) AllocSpace objects, 0(0B) LOS objects, 40% free, 19MB/33MB, paused 14.594ms total 68.805ms
12-11 19:56:20.257 19505 19543 W DynamiteUtils: Failed to load module: module com.google.android.gms.ads.dynamite not found
12-11 19:56:20.257 19505 19543 W DynamiteUtils: Attempt 2 failed.
12-11 19:56:20.277 19385 19385 W ConfigurationChimeraPro: Got null configs for com.google.android.gms.fitness
12-11 19:56:20.278 19505 19540 E linker  : readlink('/proc/self/fd/46') failed: Permission denied [fd=46]
12-11 19:56:20.278 19505 19540 E linker  : warning: unable to get realpath for the library "/data/app/com.google.android.gms-1/lib/arm64/libconscrypt_gmscore_jni.so". Will use given name.
12-11 19:56:20.293 19505 19540 W linker  : /data/app/com.google.android.gms-1/lib/arm64/libconscrypt_gmscore_jni.so: unused DT entry: type 0xf arg 0x8a
12-11 19:56:20.299   883  3370 I AccountManagerService: getTypesVisibleToCaller: isPermitted? true
12-11 19:56:20.312   883  3520 I AccountManagerService: getTypesVisibleToCaller: isPermitted? true
12-11 19:56:20.313   883  3370 I AccountManagerService: getTypesVisibleToCaller: isPermitted? true
12-11 19:56:20.331 19385 19502 W Settings: Setting airplane_mode_on has moved from android.provider.Settings.System to android.provider.Settings.Global, returning read-only value.
12-11 19:56:20.333 19385 19502 W Settings: Setting airplane_mode_on has moved from android.provider.Settings.System to android.provider.Settings.Global, returning read-only value.
12-11 19:56:20.355 19385 19395 W ConfigurationChimeraPro: Got null configs for com.google.android.gms.gcm
12-11 19:56:20.365 19505 19543 W DynamiteUtils: Failed to load module: module com.google.android.gms.ads.dynamite not found
12-11 19:56:20.365 19505 19543 W DynamiteUtils: Attempt 3 failed.
12-11 19:56:20.366 19505 19543 D DynamitePackage: Module could not be loaded.
12-11 19:56:20.369 19385 19385 W ConfigurationChimeraPro: Got null configs for com.google.android.gms.gcm
12-11 19:56:20.378 19505 19540 V NativeCrypto: Registering com/google/android/gms/org/conscrypt/NativeCrypto's 276 native methods...
12-11 19:56:20.379 19403 19470 I GCM-GMS : Scheduling task to register GMS
12-11 19:56:20.396 19385 19429 W ConfigurationChimeraPro: Got null configs for com.google.android.gms.googlehelp
12-11 19:56:20.408 19403 19470 I GrowthService: Scheduled sync with period: 14400
12-11 19:56:20.409 19505 19543 E DynamitePackage: Failed to load ads dynamite module.
12-11 19:56:20.409 19505 19543 E DynamitePackage: android.os.RemoteException
12-11 19:56:20.409 19505 19543 E DynamitePackage: 	at dxe.<init>(:com.google.android.gms@11951440:3)
12-11 19:56:20.409 19505 19543 E DynamitePackage: 	at dxe.a(:com.google.android.gms@11951440:1)
12-11 19:56:20.409 19505 19543 E DynamitePackage: 	at com.google.android.gms.ads.adshield.AdShieldCreatorImpl.newAdShieldClient(:com.google.android.gms@11951440:2)
12-11 19:56:20.409 19505 19543 E DynamitePackage: 	at com.google.android.gms.ads.adshield.internal.b.onTransact(:com.google.android.gms@11951440:7)
12-11 19:56:20.409 19505 19543 E DynamitePackage: 	at android.os.Binder.transact(Binder.java:387)
12-11 19:56:20.409 19505 19543 E DynamitePackage: 	at ngt.a(Unknown Source)
12-11 19:56:20.409 19505 19543 E DynamitePackage: 	at nhg.a(Unknown Source)
12-11 19:56:20.409 19505 19543 E DynamitePackage: 	at nhb.b(Unknown Source)
12-11 19:56:20.409 19505 19543 E DynamitePackage: 	at nhb.a(Unknown Source)
12-11 19:56:20.409 19505 19543 E DynamitePackage: 	at lgo.<init>(Unknown Source)
12-11 19:56:20.409 19505 19543 E DynamitePackage: 	at oie.<init>(SourceFile:1)
12-11 19:56:20.409 19505 19543 E DynamitePackage: 	at oif.a(SourceFile:4)
12-11 19:56:20.409 19505 19543 E DynamitePackage: 	at oif.a(SourceFile:2)
12-11 19:56:20.409 19505 19543 E DynamitePackage: 	at qbs.a(SourceFile:79)
12-11 19:56:20.409 19505 19543 E DynamitePackage: 	at qbt.a(SourceFile:3)
12-11 19:56:20.409 19505 19543 E DynamitePackage: 	at sgl.get(SourceFile:23)
12-11 19:56:20.409 19505 19543 E DynamitePackage: 	at qbs.g(SourceFile:49)
12-11 19:56:20.409 19505 19543 E DynamitePackage: 	at qbs.c(SourceFile:31)
12-11 19:56:20.409 19505 19543 E DynamitePackage: 	at qcn.i(SourceFile:63)
12-11 19:56:20.409 19505 19543 E DynamitePackage: 	at qcn.c(SourceFile:38)
12-11 19:56:20.409 19505 19543 E DynamitePackage: 	at qcn.a(SourceFile:10)
12-11 19:56:20.409 19505 19543 E DynamitePackage: 	at cai.run(SourceFile:3)
12-11 19:56:20.409 19505 19543 E DynamitePackage: 	at java.util.concurrent.Executors$RunnableAdapter.call(Executors.java:423)
12-11 19:56:20.409 19505 19543 E DynamitePackage: 	at java.util.concurrent.FutureTask.run(FutureTask.java:237)
