12-11 19:55:29.159 10925 16339 I NetRec  : [595] ClearDatabaseService.onHandleIntent: Clearing score cache
12-11 19:55:29.200 16576 16576 D AndroidRuntime: >>>>>> START com.android.internal.os.RuntimeInit uid 2000 <<<<<<
12-11 19:55:29.203 16576 16576 D AndroidRuntime: CheckJNI is OFF
12-11 19:55:29.224 10925 16339 I NetRec  : [595] ConfigChangedIntentOperation.onHandleIntent: Handling a Phenotype update
12-11 19:55:29.224 10925 16339 I NetRec  : [595] zku.b: onConfigChanged()
12-11 19:55:29.227   883  3520 I AccountManagerService: getTypesVisibleToCaller: isPermitted? true
12-11 19:55:29.227 10925 16333 W ConfigurationChimeraPro: Got null configs for com.google.android.gms.auth_managed
12-11 19:55:29.229 16576 16576 D ICU     : No timezone override file found: /data/misc/zoneinfo/current/icu/icu_tzdata.dat
12-11 19:55:29.238   883  3395 I AccountManagerService: getTypesVisibleToCaller: isPermitted? true
12-11 19:55:29.244 10925 16339 I NetRec  : [595] zku.b: Cancelling all NetRec GCM tasks
12-11 19:55:29.245 10925 16333 I NetRec  : [591] ClearDatabaseService.onHandleIntent: Clearing score cache
12-11 19:55:29.253 16576 16576 I Radio-JNI: register_android_hardware_Radio DONE
12-11 19:55:29.254   883  8490 I AccountManagerService: getTypesVisibleToCaller: isPermitted? true
12-11 19:55:29.267   883  3520 I AccountManagerService: getTypesVisibleToCaller: isPermitted? true
12-11 19:55:29.269 16576 16576 D AndroidRuntime: Calling main entry com.android.commands.pm.Pm
12-11 19:55:29.274   883   896 I ActivityManager: Force stopping com.example.snoopy appid=13217 user=-1: uninstall pkg
12-11 19:55:29.276   883   906 I PackageManager: Removing old permission: com.example.snoopy.permission.C2D_MESSAGE from package com.example.snoopy
12-11 19:55:29.382   883   906 I art     : Starting a blocking GC Explicit
12-11 19:55:29.391 10925 16534 I NetRec  : [599] ConfigChangedIntentOperation.onHandleIntent: Handling a Phenotype update
12-11 19:55:29.392 10925 16534 I NetRec  : [599] zku.b: onConfigChanged()
12-11 19:55:29.397   883  3415 I AccountManagerService: getTypesVisibleToCaller: isPermitted? true
12-11 19:55:29.406 10925 16339 W ConfigurationChimeraPro: Got null configs for com.google.android.gms.auth_managed
12-11 19:55:29.414   883  7544 I AccountManagerService: getTypesVisibleToCaller: isPermitted? true
12-11 19:55:29.417 10925 16534 I NetRec  : [599] zku.b: Cancelling all NetRec GCM tasks
12-11 19:55:29.418 10925 16339 I NetRec  : [595] ClearDatabaseService.onHandleIntent: Clearing score cache
12-11 19:55:29.442 10925 16337 I NetRec  : [593] ConfigChangedIntentOperation.onHandleIntent: Handling a Phenotype update
12-11 19:55:29.442 10925 16337 I NetRec  : [593] zku.b: onConfigChanged()
12-11 19:55:29.454 10925 16337 I NetRec  : [593] zku.b: Cancelling all NetRec GCM tasks
12-11 19:55:29.460 10925 16339 I NetRec  : [595] ClearDatabaseService.onHandleIntent: Clearing score cache
12-11 19:55:29.501 10925 16333 I NetRec  : [591] ConfigChangedIntentOperation.onHandleIntent: Handling a Phenotype update
12-11 19:55:29.502 10925 16333 I NetRec  : [591] zku.b: onConfigChanged()
12-11 19:55:29.511 10925 16337 W ConfigurationChimeraPro: Got null configs for com.google.android.gms.auth_managed
12-11 19:55:29.529 10925 16333 I NetRec  : [591] zku.b: Cancelling all NetRec GCM tasks
12-11 19:55:29.530 10925 16337 I NetRec  : [593] ClearDatabaseService.onHandleIntent: Clearing score cache
12-11 19:55:29.588 10925 16333 I NetRec  : [591] ConfigChangedIntentOperation.onHandleIntent: Handling a Phenotype update
12-11 19:55:29.588 10925 16333 I NetRec  : [591] zku.b: onConfigChanged()
12-11 19:55:29.591 10925 16337 W ConfigurationChimeraPro: Got null configs for com.google.android.gms.auth_managed
12-11 19:55:29.604   883  8490 I AccountManagerService: getTypesVisibleToCaller: isPermitted? true
12-11 19:55:29.606   883  3370 I AccountManagerService: getTypesVisibleToCaller: isPermitted? true
12-11 19:55:29.606 10925 16549 W Uploader:  no longer exists, so no auth token.
12-11 19:55:29.620 10925 16337 I NetRec  : [593] ClearDatabaseService.onHandleIntent: Clearing score cache
12-11 19:55:29.621 10925 16333 I NetRec  : [591] zku.b: Cancelling all NetRec GCM tasks
12-11 19:55:29.621   883   906 I art     : Explicit concurrent mark sweep GC freed 85563(5MB) AllocSpace objects, 4(80KB) LOS objects, 27% free, 42MB/58MB, paused 2.418ms total 239.025ms
12-11 19:55:29.622   883   892 I art     : WaitForGcToComplete blocked for 30.935ms for cause HeapTrim
12-11 19:55:29.644   883   906 W PackageManager: Couldn't remove dex file for package:  at location /data/app/com.example.snoopy-1/base.apk, retcode=-1
12-11 19:55:29.648 16576 16576 I art     : System.exit called, status: 0
12-11 19:55:29.649 16576 16576 I AndroidRuntime: VM exiting with result code 0.
12-11 19:55:29.652   883   906 I ActivityManager: Force stopping com.example.snoopy appid=13217 user=0: pkg removed
12-11 19:55:29.661   883   906 W ActivityManager: Skipping broadcast of Intent { act=android.intent.action.PACKAGE_REMOVED dat=package:com.example.snoopy flg=0x4000010 (has extras) }: user 10 is stopped
12-11 19:55:29.667 11596 11596 D BluetoothMapAppObserver: onReceive
12-11 19:55:29.667 11596 11596 D BluetoothMapAppObserver: The removed package is: com.example.snoopy
12-11 19:55:29.667  3365  3365 I Keyboard.Facilitator: resetDictionaries() : en_US
12-11 19:55:29.671  3365 16616 I Keyboard.Facilitator.DecoderInitializer: run()
12-11 19:55:29.677   883   906 W ActivityManager: Skipping broadcast of Intent { act=android.intent.action.PACKAGE_FULLY_REMOVED dat=package:com.example.snoopy flg=0x4000010 (has extras) }: user 10 is stopped
12-11 19:55:29.687 10925 10925 I GeofencerStateMachine: removeGeofences: removeRequest=RemoveGeofencingRequest[REMOVE_ALL packageName=com.example.snoopy]
12-11 19:55:29.687   883   906 W ActivityManager: Skipping broadcast of Intent { act=android.intent.action.UID_REMOVED flg=0x4000010 (has extras) }: user 10 is stopped
12-11 19:55:29.688  3365 16616 I Decoder : createOrResetDecoder
12-11 19:55:29.704   883  2932 I InputReader: Reconfiguring input devices.  changes=0x00000010
12-11 19:55:29.729 10925 16338 I NetRec  : [594] ConfigChangedIntentOperation.onHandleIntent: Handling a Phenotype update
12-11 19:55:29.729 10925 16338 I NetRec  : [594] zku.b: onConfigChanged()
12-11 19:55:29.751  3495  3495 D CarrierServiceBindHelper: Receive action: android.intent.action.PACKAGE_REMOVED
12-11 19:55:29.752 10925 16337 W ConfigurationChimeraPro: Got null configs for com.google.android.gms.auth_managed
12-11 19:55:29.760   883   883 D JobSchedulerService: Receieved: android.intent.action.PACKAGE_REMOVED
12-11 19:55:29.766 10925 16338 I NetRec  : [594] zku.b: Cancelling all NetRec GCM tasks
12-11 19:55:29.769 10925 16337 I NetRec  : [593] ClearDatabaseService.onHandleIntent: Clearing score cache
12-11 19:55:29.783   883  3415 I AccountManagerService: getTypesVisibleToCaller: isPermitted? true
12-11 19:55:29.805   883   894 I AccountManagerService: getTypesVisibleToCaller: isPermitted? true
12-11 19:55:29.836   883  3504 I AccountManagerService: getTypesVisibleToCaller: isPermitted? true
12-11 19:55:29.841  3365 16616 I Keyboard.Facilitator.MainLanguageModelLoader: run()
12-11 19:55:29.861   883  7544 I AccountManagerService: getTypesVisibleToCaller: isPermitted? true
12-11 19:55:29.868 10925 16333 I NetRec  : [591] ConfigChangedIntentOperation.onHandleIntent: Handling a Phenotype update
12-11 19:55:29.868 10925 16333 I NetRec  : [591] zku.b: onConfigChanged()
12-11 19:55:29.869 10925 16337 W ConfigurationChimeraPro: Got null configs for com.google.android.gms.auth_managed
12-11 19:55:29.876   883  3549 I AccountManagerService: getTypesVisibleToCaller: isPermitted? true
12-11 19:55:29.886   883  7545 I AccountManagerService: getTypesVisibleToCaller: isPermitted? true
12-11 19:55:29.889 10925 16333 I NetRec  : [591] zku.b: Cancelling all NetRec GCM tasks
12-11 19:55:29.890  3365 16616 I Keyboard.Facilitator.MainLanguageModelLoader: loadStaticLm() : Loading File = /data/user/0/com.google.android.inputmethod.latin/files/dicts/en_US/main%00003aen_us (offset=0, length=4430832) with up to date LoudsLmContentVersion = 20160111
12-11 19:55:29.892 10925 16337 I NetRec  : [593] ClearDatabaseService.onHandleIntent: Clearing score cache
12-11 19:55:29.893  3365 16616 I Keyboard.Facilitator.DynamicLanguageModelLoader: run()
12-11 19:55:29.893  3365 16616 I Keyboard.Facilitator.DynamicLanguageModelLoader: run() : Loading LM = contacts
12-11 19:55:29.897  3365 16616 I Keyboard.Facilitator.DynamicLanguageModelLoader: run() : Missing File = Contacts.dict
12-11 19:55:29.897  3365 16616 I Keyboard.Facilitator.DynamicLanguageModelLoader: run() : Loading LM = user
12-11 19:55:29.898  3365 16616 I Keyboard.Facilitator.DynamicLanguageModelLoader: run() : Missing File = Personal.en_US.dict
12-11 19:55:29.898  3365 16616 I Keyboard.Facilitator.PersonalDictionaryLoader: run() : Loaded (exit)
12-11 19:55:29.898  3365 16616 I Keyboard.Facilitator.Delight2FileSweeper: run()
12-11 19:55:29.899  3365 16616 I Keyboard.Facilitator.RecurringTaskScheduler: run()
12-11 19:55:29.899  3365 16616 I StatsUtilsManager: startPeriodStatsRecorder() : Success
12-11 19:55:29.899  3365 16616 I PeriodicStatsRecorder: shouldRecordStats() = Too Soon
12-11 19:55:29.900   883  3395 I AccountManagerService: getTypesVisibleToCaller: isPermitted? true
12-11 19:55:29.918   883  3549 I AccountManagerService: getTypesVisibleToCaller: isPermitted? true
12-11 19:55:29.979 10925 16534 I NetRec  : [599] ConfigChangedIntentOperation.onHandleIntent: Handling a Phenotype update
12-11 19:55:29.980 10925 16534 I NetRec  : [599] zku.b: onConfigChanged()
12-11 19:55:29.984 10925 16333 W ConfigurationChimeraPro: Got null configs for com.google.android.gms.auth_managed
12-11 19:55:30.009 10925 16534 I NetRec  : [599] zku.b: Cancelling all NetRec GCM tasks
12-11 19:55:30.012 10925 16333 I NetRec  : [591] ClearDatabaseService.onHandleIntent: Clearing score cache
12-11 19:55:30.057 10925 16338 I NetRec  : [594] ConfigChangedIntentOperation.onHandleIntent: Handling a Phenotype update
12-11 19:55:30.058 10925 16338 I NetRec  : [594] zku.b: onConfigChanged()
12-11 19:55:30.061 10925 16333 W ConfigurationChimeraPro: Got null configs for com.google.android.gms.auth_managed
12-11 19:55:30.076 10925 16338 I NetRec  : [594] zku.b: Cancelling all NetRec GCM tasks
12-11 19:55:30.077 10925 16333 I NetRec  : [591] ClearDatabaseService.onHandleIntent: Clearing score cache
12-11 19:55:30.123 10925 16333 I NetRec  : [591] ConfigChangedIntentOperation.onHandleIntent: Handling a Phenotype update
12-11 19:55:30.124 10925 16333 I NetRec  : [591] zku.b: onConfigChanged()
12-11 19:55:30.125 10925 16338 W ConfigurationChimeraPro: Got null configs for com.google.android.gms.auth_managed
12-11 19:55:30.140 10925 16333 I NetRec  : [591] zku.b: Cancelling all NetRec GCM tasks
12-11 19:55:30.142 10925 16338 I NetRec  : [594] ClearDatabaseService.onHandleIntent: Clearing score cache
12-11 19:55:30.151   883  8490 I AccountManagerService: getTypesVisibleToCaller: isPermitted? true
12-11 19:55:30.163   883  3395 I AccountManagerService: getTypesVisibleToCaller: isPermitted? true
12-11 19:55:30.182 10925 16338 I NetRec  : [594] ConfigChangedIntentOperation.onHandleIntent: Handling a Phenotype update
12-11 19:55:30.183 10925 16338 I NetRec  : [594] zku.b: onConfigChanged()
12-11 19:55:30.184 10925 16333 W ConfigurationChimeraPro: Got null configs for com.google.android.gms.auth_managed
12-11 19:55:30.185   883  3395 I AccountManagerService: getTypesVisibleToCaller: isPermitted? true
12-11 19:55:30.193 16625 16625 D AndroidRuntime: >>>>>> START com.android.internal.os.RuntimeInit uid 2000 <<<<<<
12-11 19:55:30.196 16625 16625 D AndroidRuntime: CheckJNI is OFF
12-11 19:55:30.206 10925 16338 I NetRec  : [594] zku.b: Cancelling all NetRec GCM tasks
12-11 19:55:30.207 10925 16333 I NetRec  : [591] ClearDatabaseService.onHandleIntent: Clearing score cache
12-11 19:55:30.220 16625 16625 D ICU     : No timezone override file found: /data/misc/zoneinfo/current/icu/icu_tzdata.dat
12-11 19:55:30.220 10925 16534 I NetRec  : [599] ConfigChangedIntentOperation.onHandleIntent: Handling a Phenotype update
12-11 19:55:30.221 10925 16534 I NetRec  : [599] zku.b: onConfigChanged()
12-11 19:55:30.234 10925 16534 I NetRec  : [599] zku.b: Cancelling all NetRec GCM tasks
12-11 19:55:30.235 10925 16338 I NetRec  : [594] ClearDatabaseService.onHandleIntent: Clearing score cache
12-11 19:55:30.244 16625 16625 I Radio-JNI: register_android_hardware_Radio DONE
12-11 19:55:30.245 10925 16339 I NetRec  : [595] ConfigChangedIntentOperation.onHandleIntent: Handling a Phenotype update
12-11 19:55:30.245 10925 16339 I NetRec  : [595] zku.b: onConfigChanged()
12-11 19:55:30.249 10925 16333 W ConfigurationChimeraPro: Got null configs for com.google.android.gms.tapandpay_legacy_gservices
12-11 19:55:30.251   883  3395 I AccountManagerService: getTypesVisibleToCaller: isPermitted? true
12-11 19:55:30.255 10925 16549 W Conscrypt: Could not set socket write timeout:
12-11 19:55:30.256 10925 16549 W Conscrypt:    java.lang.reflect.Method.invoke(Native Method)
12-11 19:55:30.256 10925 16549 W Conscrypt:    com.google.android.gms.org.conscrypt.Platform.setSocketWriteTimeout(:com.google.android.gms@11951440:13)
12-11 19:55:30.258 10925 16339 I NetRec  : [595] zku.b: Cancelling all NetRec GCM tasks
12-11 19:55:30.260 16625 16625 D AndroidRuntime: Calling main entry com.android.commands.pm.Pm
12-11 19:55:30.265 10925 16339 I NetRec  : [595] ClearDatabaseService.onHandleIntent: Clearing score cache
12-11 19:55:30.295 10925 16549 W Conscrypt: Could not set socket write timeout:
12-11 19:55:30.295 10925 16549 W Conscrypt:    java.lang.reflect.Method.invoke(Native Method)
12-11 19:55:30.295 10925 16549 W Conscrypt:    com.google.android.gms.org.conscrypt.Platform.setSocketWriteTimeout(:com.google.android.gms@11951440:13)
12-11 19:55:30.304 16625 16625 I art     : System.exit called, status: 0
12-11 19:55:30.304 16625 16625 I AndroidRuntime: VM exiting with result code 0.
12-11 19:55:30.338 10925 16333 I NetRec  : [591] ConfigChangedIntentOperation.onHandleIntent: Handling a Phenotype update
12-11 19:55:30.338 10925 16333 I NetRec  : [591] zku.b: onConfigChanged()
12-11 19:55:30.339 10925 16339 W ConfigurationChimeraPro: Got null configs for com.google.android.gms.auth_managed
12-11 19:55:30.354 10925 16333 I NetRec  : [591] zku.b: Cancelling all NetRec GCM tasks
12-11 19:55:30.357 10925 16339 I NetRec  : [595] ClearDatabaseService.onHandleIntent: Clearing score cache
12-11 19:55:30.389 10925 16339 I NetRec  : [595] ConfigChangedIntentOperation.onHandleIntent: Handling a Phenotype update
12-11 19:55:30.389 10925 16339 I NetRec  : [595] zku.b: onConfigChanged()
12-11 19:55:30.392 10925 16333 W ConfigurationChimeraPro: Got null configs for com.google.android.gms.auth_managed
12-11 19:55:30.406 10925 16339 I NetRec  : [595] zku.b: Cancelling all NetRec GCM tasks
12-11 19:55:30.408 10925 16333 I NetRec  : [591] ClearDatabaseService.onHandleIntent: Clearing score cache
12-11 19:55:30.415 10925 16333 I NetRec  : [591] ConfigChangedIntentOperation.onHandleIntent: Handling a Phenotype update
12-11 19:55:30.416 10925 16333 I NetRec  : [591] zku.b: onConfigChanged()
12-11 19:55:30.430 10925 16333 I NetRec  : [591] zku.b: Cancelling all NetRec GCM tasks
12-11 19:55:30.431 10925 16339 I NetRec  : [595] ClearDatabaseService.onHandleIntent: Clearing score cache
12-11 19:55:30.437   883   894 I AccountManagerService: getTypesVisibleToCaller: isPermitted? true
12-11 19:55:30.449   883  3395 I AccountManagerService: getTypesVisibleToCaller: isPermitted? true
12-11 19:55:30.678 10959 16672 I SpamListSync: SpamListSyncChimeraService.syncSpamList called with tag: telephonyspam.SpamListSyncOneOffTask, extras: null
12-11 19:55:30.680 10959 16672 I SpamListSync: Spam module disabled. Skipping spam list syncing.
12-11 19:55:31.024   883  7544 I AccountManagerService: getTypesVisibleToCaller: isPermitted? true
12-11 19:55:31.040   883  2956 D WifiStateMachine: starting scan for "9902869299"WPA_PSK with 2412
12-11 19:55:31.155 10925 16682 W Conscrypt: Could not set socket write timeout:
12-11 19:55:31.155 10925 16682 W Conscrypt:    java.lang.reflect.Method.invoke(Native Method)
12-11 19:55:31.155 10925 16682 W Conscrypt:    com.google.android.gms.org.conscrypt.Platform.setSocketWriteTimeout(:com.google.android.gms@11951440:13)
12-11 19:55:31.276 10925 16682 W Conscrypt: Could not set socket write timeout:
12-11 19:55:31.277 10925 16682 W Conscrypt:    java.lang.reflect.Method.invoke(Native Method)
12-11 19:55:31.277 10925 16682 W Conscrypt:    com.google.android.gms.org.conscrypt.Platform.setSocketWriteTimeout(:com.google.android.gms@11951440:13)
12-11 19:55:31.464 10925 16682 I acfq    : Scheduling adaptive one off task with window [14400, 604800] in seconds
12-11 19:55:31.614   883 11508 D NetlinkSocketObserver: NeighborEvent{elapsedMs=1638510, 192.168.1.1, [74DA3889FDB8], RTM_NEWNEIGH, NUD_REACHABLE}
12-11 19:55:31.953   883  3549 I ActivityManager: Killing 12009:com.google.android.deskclock/u0a67 (adj 15): empty #17
12-11 19:55:33.541 10925 10925 I WearableService: Wearable Services stopping
12-11 19:55:33.975   883  7544 I ActivityManager: Killing 12057:com.google.android.gm.exchange/u0a68 (adj 15): empty #17
12-11 19:55:40.923 10959 11257 I Icing   : IndexChimeraService.getServiceInterface callingPackage=com.google.android.googlequicksearchbox componentName=null serviceId=36
12-11 19:55:40.935 12231 12231 E LocationReceiver: Received bad location: null
12-11 19:55:40.950 10959 11158 I Icing   : Usage reports ok 0, Failed Usage reports 0, indexed 0, rejected 0, imm upload true
12-11 19:55:40.959 12231 16490 I UpdateIcingCorporaServi: UpdateCorporaTask done [took 13609 ms] updated apps [took 13609 ms] 
12-11 19:55:40.967   883  8493 I AccountManagerService: getTypesVisibleToCaller: isPermitted? true
12-11 19:55:40.976 12231 17352 I UpdateIcingCorporaServi: Updating corpora: APPS=com.trellis, CONTACTS=MAYBE
12-11 19:55:40.977 11522 11522 I WalletInstallRec: Handling App Install.
12-11 19:55:41.007 12231 17352 I UpdateIcingCorporaServi: UpdateCorporaTask done [took 32 ms] updated apps [took 31 ms] 
12-11 19:55:41.024 10959 17357 W tdg     : Failed to find package com.trellis
12-11 19:55:41.030 10959 17360 E FontsPackageChangeOp: Failed to load meta-data for com.trellis
12-11 19:55:41.030 10959 17360 E FontsPackageChangeOp: android.content.pm.PackageManager$NameNotFoundException: com.trellis
12-11 19:55:41.030 10959 17360 E FontsPackageChangeOp: 	at android.app.ApplicationPackageManager.getApplicationInfo(ApplicationPackageManager.java:304)
12-11 19:55:41.030 10959 17360 E FontsPackageChangeOp: 	at svb.a(:com.google.android.gms@11951440:1)
12-11 19:55:41.030 10959 17360 E FontsPackageChangeOp: 	at svb.a(:com.google.android.gms@11951440:6)
12-11 19:55:41.030 10959 17360 E FontsPackageChangeOp: 	at leb.onHandleIntent(:com.google.android.gms@11951440:4)
12-11 19:55:41.030 10959 17360 E FontsPackageChangeOp: 	at com.google.android.chimera.IntentOperation.onHandleIntent(:com.google.android.gms@11951440:2)
12-11 19:55:41.030 10959 17360 E FontsPackageChangeOp: 	at crr.run(:com.google.android.gms@11951440:10)
12-11 19:55:41.030 10959 17360 E FontsPackageChangeOp: 	at cro.run(:com.google.android.gms@11951440:9)
12-11 19:55:41.030 10959 17360 E FontsPackageChangeOp: 	at java.util.concurrent.ThreadPoolExecutor.runWorker(ThreadPoolExecutor.java:1113)
12-11 19:55:41.030 10959 17360 E FontsPackageChangeOp: 	at java.util.concurrent.ThreadPoolExecutor$Worker.run(ThreadPoolExecutor.java:588)
12-11 19:55:41.030 10959 17360 E FontsPackageChangeOp: 	at java.lang.Thread.run(Thread.java:818)
12-11 19:55:41.035 10764 10764 D AatpInstallReceiver: Didn't find package: com.trellis (13218)
12-11 19:55:41.035 10764 10764 D AatpInstallReceiver: Package com.trellis tracked
12-11 19:55:41.035 10764 10764 D AatpInstallReceiver: Received intent for tracked package with matching UID.
12-11 19:55:41.040 10959 17366 E ChromeSync: [Sync,ChimeraSyncReceiverService] Failed to update affiliations.
12-11 19:55:41.040 10959 17366 E ChromeSync: android.content.pm.PackageManager$NameNotFoundException: com.trellis
12-11 19:55:41.040 10959 17366 E ChromeSync: 	at android.app.ApplicationPackageManager.getPackageInfo(ApplicationPackageManager.java:137)
12-11 19:55:41.040 10959 17366 E ChromeSync: 	at nbw.b(:com.google.android.gms@11951440:2)
12-11 19:55:41.040 10959 17366 E ChromeSync: 	at amka.b(:com.google.android.gms@11951440:13)
12-11 19:55:41.040 10959 17366 E ChromeSync: 	at mwi.b(:com.google.android.gms@11951440:18)
12-11 19:55:41.040 10959 17366 E ChromeSync: 	at ljh.a(:com.google.android.gms@11951440:1)
12-11 19:55:41.040 10959 17366 E ChromeSync: 	at com.google.android.gms.chromesync.sync.SyncReceiverChimeraService.onHandleIntent(:com.google.android.gms@11951440:105)
12-11 19:55:41.040 10959 17366 E ChromeSync: 	at cpj.handleMessage(:com.google.android.gms@11951440)
12-11 19:55:41.040 10959 17366 E ChromeSync: 	at android.os.Handler.dispatchMessage(Handler.java:102)
12-11 19:55:41.040 10959 17366 E ChromeSync: 	at android.os.Looper.loop(Looper.java:148)
12-11 19:55:41.040 10959 17366 E ChromeSync: 	at android.os.HandlerThread.run(HandlerThread.java:61)
12-11 19:55:41.048   883  7544 I AccountManagerService: getTypesVisibleToCaller: isPermitted? true
12-11 19:55:41.048 10959 17364 I PeopleContactsSync: triggerPendingContactsCleanup: no accounts
12-11 19:55:41.049 10925 17365 E PackagesChangedIntentOp: Could not manipulate package: com.trellis with intent: android.intent.action.PACKAGE_ADDED
12-11 19:55:41.049 10925 17365 E PackagesChangedIntentOp: android.content.pm.PackageManager$NameNotFoundException: com.trellis
12-11 19:55:41.049 10925 17365 E PackagesChangedIntentOp: 	at android.app.ApplicationPackageManager.getPackageInfo(ApplicationPackageManager.java:137)
12-11 19:55:41.049 10925 17365 E PackagesChangedIntentOp: 	at com.google.android.gms.phenotype.notification.PackagesChangedIntentOperation.onHandleIntent(:com.google.android.gms@11951440:42)
12-11 19:55:41.049 10925 17365 E PackagesChangedIntentOp: 	at com.google.android.chimera.IntentOperation.onHandleIntent(:com.google.android.gms@11951440:2)
12-11 19:55:41.049 10925 17365 E PackagesChangedIntentOp: 	at crr.run(:com.google.android.gms@11951440:10)
12-11 19:55:41.049 10925 17365 E PackagesChangedIntentOp: 	at cro.run(:com.google.android.gms@11951440:9)
12-11 19:55:41.049 10925 17365 E PackagesChangedIntentOp: 	at java.util.concurrent.ThreadPoolExecutor.runWorker(ThreadPoolExecutor.java:1113)
12-11 19:55:41.049 10925 17365 E PackagesChangedIntentOp: 	at java.util.concurrent.ThreadPoolExecutor$Worker.run(ThreadPoolExecutor.java:588)
12-11 19:55:41.049 10925 17365 E PackagesChangedIntentOp: 	at java.lang.Thread.run(Thread.java:818)
12-11 19:55:41.052 10959 17364 E Vision  : Failed to find package com.trellis
12-11 19:55:41.052 10959 17364 D Wear_Controller: Received broadcast action=android.intent.action.PACKAGE_ADDED and uri=com.trellis
12-11 19:55:41.056 10959 11257 E WorkSourceUtil: Could not find package: com.trellis
12-11 19:55:41.057 10959 11199 I Icing   : IndexChimeraService.getServiceInterface callingPackage=com.google.android.gms componentName=AppsCorpus serviceId=32
12-11 19:55:41.059 10959 11257 I Icing   : IndexChimeraService.getServiceInterface callingPackage=com.google.android.gms componentName=AppsCorpus serviceId=36
12-11 19:55:41.062 10959 11230 E Icing   : Package com.trellis not found
12-11 19:55:41.074 10959 11139 I Icing   : Usage reports ok 0, Failed Usage reports 0, indexed 0, rejected 0, imm upload false
12-11 19:55:41.084 10959 11139 I Icing   : Usage reports ok 0, Failed Usage reports 0, indexed 0, rejected 0, imm upload false
12-11 19:55:41.884   883   892 I art     : Background partial concurrent mark sweep GC freed 315855(16MB) AllocSpace objects, 0(0B) LOS objects, 27% free, 41MB/57MB, paused 1.161ms total 138.215ms
12-11 19:55:41.960 10959 11158 I Icing   : Indexing 64B376C1EC05893878D7D5CD78FF810CEBDCBC15 from com.google.android.googlequicksearchbox
12-11 19:55:42.015 10959 11158 I Icing   : Indexing done 64B376C1EC05893878D7D5CD78FF810CEBDCBC15
12-11 19:55:42.087 10959 11158 I Icing   : Indexing 34F57172956DFEB7F9ABD44608CBAE3BA1EE7B66 from com.google.android.gms
12-11 19:55:42.088 10959 11158 I Icing   : Indexing done 34F57172956DFEB7F9ABD44608CBAE3BA1EE7B66
12-11 19:55:46.314   883 11508 D NetlinkSocketObserver: NeighborEvent{elapsedMs=1653210, 192.168.1.1, [74DA3889FDB8], RTM_NEWNEIGH, NUD_STALE}
12-11 19:55:50.729   371   371 E libEGL  : eglDestroySurface: native_window_api_disconnect (win=0x7f941a6810) failed (0xffffffe0)
12-11 19:55:50.730   371   371 W libEGL  : EGLNativeWindowType 0x7f941a6810 disconnect failed
12-11 19:55:51.272 10764 18012 D Aatp    : /ping
12-11 19:55:51.403 10764 18018 D Aatp    : /wifi
12-11 19:55:51.415 10764 18018 D Aatp    : sha1: d85d70ee33f316577d63a609a2c40faac17efb48
12-11 19:55:51.416 10764 18018 D AatpDeviceManager: k: enabled v: False
12-11 19:55:51.416 10764 18018 D AatpDeviceManager: k: NanoHttpd.QUERY_STRING v: enabled=False
12-11 19:55:51.430 10764 10764 D AatpDeviceManager: taskStatus update (d85d70ee33f316577d63a609a2c40faac17efb48: {"state":1})
12-11 19:55:51.432   883   883 V NotificationService: pkg=com.amazon.aatp.aatpdevicemanager canInterrupt=false intercept=true
12-11 19:55:51.433 10764 18018 D Aatp    : /task/d85d70ee33f316577d63a609a2c40faac17efb48
12-11 19:55:51.441 10764 18023 D AWSDeviceFarmAndroidLib: WifiLock: release
12-11 19:55:51.461   883  8493 D WifiService: releaseWifiLockLocked: WifiLock{AWSDeviceFarmAndroidLib type=3 binder=android.os.BinderProxy@c45e7d0}
12-11 19:55:51.461 10764 18023 D AWSDeviceFarmAndroidLib: setWifiEnabled: setting wifi to: true
12-11 19:55:51.462   883  7545 D WifiService: setWifiEnabled: true pid=10764, uid=13216
12-11 19:55:51.462   883  7545 E WifiService: Invoking mWifiStateMachine.setWifiEnabled
12-11 19:55:51.463 10764 18023 D AWSDeviceFarmAndroidLib: setWifiEnabled: wifi is: true
12-11 19:55:51.495 11484 11484 I wpa_supplicant: wlan0: CTRL-EVENT-DISCONNECTED bssid=74:da:38:89:fd:b8 reason=3 locally_generated=1
12-11 19:55:51.495   883   900 D Tethering: InitialState.processMessage what=4
12-11 19:55:51.497   883  2956 D WifiStateMachine: WifiStateMachine: Leaving Connected state
12-11 19:55:51.497   883  2956 D IpReachabilityMonitor: clear: iface{wlan0/22}, v{4}, ntable=[]
12-11 19:55:51.498   883   900 D Tethering: sendTetherStateChangedBroadcast 0, 0, 0
12-11 19:55:51.499   883  2956 D WifiNative-HAL: stopRssiMonitoring, cmdId 0
12-11 19:55:51.499   883  2956 E WifiConfigStore: saveWifiConfigBSSID Setting BSSID for "9902869299"WPA_PSK to any
12-11 19:55:51.506   883 11509 D DhcpClient: Clearing IP address
12-11 19:55:51.506   484   877 D CommandListener: Clearing all IP addresses on wlan0
12-11 19:55:51.507   484   877 D CommandListener: Setting iface cfg
12-11 19:55:51.510 10925 11819 V NativeCrypto: Read error: ssl=0x7f5d313708: I/O error during system call, Connection timed out
12-11 19:55:51.512 10925 11819 V NativeCrypto: SSL shutdown failed: ssl=0x7f5d313708: I/O error during system call, Broken pipe
12-11 19:55:51.513   883 11510 D DhcpClient: Receive thread stopped
12-11 19:55:51.516   883  2958 D ConnectivityService: NetworkAgentInfo [WIFI () - 100] EVENT_NETWORK_INFO_CHANGED, going from CONNECTED to DISCONNECTED
12-11 19:55:51.516   883  2958 D ConnectivityService: NetworkAgentInfo [WIFI () - 100] got DISCONNECTED, was satisfying 5
12-11 19:55:51.516 10925 11819 E GCM     : Connection closed with errorCode 20
12-11 19:55:51.518 10925 10925 I GeofencerStateMachine: sendWifiConnectivityChanged: connectivity=false
12-11 19:55:51.522   509   509 E Parcel  : Reading a NULL string not supported here.
12-11 19:55:51.527   883  2958 D ConnectivityService: notifyType LOST for NetworkAgentInfo [WIFI () - 100]
12-11 19:55:51.528   883  2956 D WifiStateMachine: Start Disconnecting Watchdog 1
12-11 19:55:51.530  3429  3622 W QCNEJ   : |CORE| network lost: 100
12-11 19:55:51.530  3429  3622 W QCNEJ   : |CORE| onLost: unbind the process to WIFI
12-11 19:55:51.534   883  2956 D WifiNative-HAL: stopRssiMonitoring, cmdId 0
12-11 19:55:51.535 10764 11493 D WifiManager: Wifi alternate reality disabled on network 100
12-11 19:55:51.543   920   920 W netmgrd : type=1400 audit(0.0:141): avc: denied { dac_override } for capability=1 scontext=u:r:netmgrd:s0 tcontext=u:r:netmgrd:s0 tclass=capability permissive=0
12-11 19:55:51.559 10764 18027 D Aatp    : /task/d85d70ee33f316577d63a609a2c40faac17efb48/status
12-11 19:55:51.572   484   877 V IdletimerController: runCmd(/system/bin/ip6tables -w -t raw -D idletimer_raw_PREROUTING -i wlan0 -j IDLETIMER --timeout 15 --label 1 --send_nl_msg 1) res_ipv4=0, res_ipv6=0
12-11 19:55:51.595   484   877 V IdletimerController: runCmd(/system/bin/ip6tables -w -t mangle -D idletimer_mangle_POSTROUTING -o wlan0 -j IDLETIMER --timeout 15 --label 1 --send_nl_msg 1) res_ipv4=0, res_ipv6=0
12-11 19:55:51.595   484   877 D CommandListener: Clearing all IP addresses on wlan0
12-11 19:55:51.597   883  2958 D CSLegacyTypeTracker: Sending DISCONNECTED broadcast for type 1 NetworkAgentInfo [WIFI () - 100] isDefaultNetwork=true
12-11 19:55:51.597   883  2958 D ConnectivityService: sendStickyBroadcast: action=android.net.conn.CONNECTIVITY_CHANGE
12-11 19:55:51.598   484   877 D TetherController: Setting IP forward enable = 0
12-11 19:55:51.601 10959 10959 I CmaSystemUpdateService: connectivity change: Intent { act=android.net.conn.CONNECTIVITY_CHANGE flg=0x4000010 (has extras) }
12-11 19:55:51.601 10959 10959 I CmaSystemUpdateService: receiver: Intent { act=android.net.conn.CONNECTIVITY_CHANGE flg=0x4000010 (has extras) }
12-11 19:55:51.601   883   900 D Tethering: MasterInitialState.processMessage what=3
12-11 19:55:51.606 12201 12201 D MusicLifecycle: com.google.android.music.net.NetworkConnectivityMonitor$NetworkChangedReceiver generated event: Broadcast received with context com.google.android.music.ui.PhoneMusicApplication@d7db1cb and intent Intent { act=android.net.conn.CONNECTIVITY_CHANGE flg=0x4000010 (has extras) }
12-11 19:55:51.607 12201 12201 I NetworkConnectivity: Network state changed: null
12-11 19:55:51.615 12201 12201 I NetworkPolicyMonitor: Download-ability status changed to (false) unmetered wifi/eth: false mobileOrMetered: false
12-11 19:55:51.615   883  2956 D WifiStateMachine: shouldSwitchNetwork  txSuccessRate=2101.50 rxSuccessRate=3222.00 delta 1000 -> 1
12-11 19:55:51.617 12201 12201 I NetworkPolicyMonitor: Stream-ability status changed to (false) unmetered wifi/eth: false mobileOrMetered: false
12-11 19:55:51.618 12201 12201 D MusicLifecycle: com.google.android.music.download.EncapsulatedBroadcastReceiver$1 generated event: Broadcast received with context com.google.android.music.ui.PhoneMusicApplication@d7db1cb and intent Intent { act=com.google.android.music.download.keepon.KeeponSchedulingService.START_DOWNLOAD flg=0x10 }
12-11 19:55:51.621   883  2956 D WifiNetworkAgent: NetworkAgent: NetworkAgent channel lost
12-11 19:55:51.625   883  2956 D WifiStateMachine: CMD_AUTO_CONNECT sup state DisconnectedState my state DisconnectedState nid=1 roam=3
12-11 19:55:51.625   883  2956 D WifiStateMachine: CMD_AUTO_CONNECT will save config -> "9902869299" nid=1
12-11 19:55:51.646   883  2956 D WifiConfigStore: Setting BSSID for "9902869299"WPA_PSK to any
12-11 19:55:51.653   372   372 I rmt_storage: rmt_storage_connect_cb: clnt_h=0xb conn_h=0x7f9b8fa010
12-11 19:55:51.653   372   372 I rmt_storage: rmt_storage_rw_iovec_cb: /boot/modem_fs1: clnt_h=0x3: req_h=0xb msg_id=3: R/W request received
12-11 19:55:51.653   372   372 I rmt_storage: wakelock acquired: 1, error no: 42
12-11 19:55:51.653   372   466 I rmt_storage: rmt_storage_client_thread: /boot/modem_fs1: clnt_h=0x3 Unblock worker thread (th_id: 548067079232)
12-11 19:55:51.699   372   466 I rmt_storage: rmt_storage_client_thread: /boot/modem_fs1: clnt_h=0x3: req_h=0xb msg_id=3: Bytes written = 1572864
12-11 19:55:51.699   372   466 I rmt_storage: rmt_storage_client_thread: /boot/modem_fs1: clnt_h=0x3: req_h=0xb msg_id=3: Send response: res=0 err=0
12-11 19:55:51.700   372   466 I rmt_storage: rmt_storage_client_thread: /boot/modem_fs1: clnt_h=0x3 About to block rmt_storage client thread (th_id: 548067079232) wakelock released: 1, error no: 0
12-11 19:55:51.700   372   466 I rmt_storage: 
12-11 19:55:51.702   372   372 I rmt_storage: rmt_storage_disconnect_cb: clnt_h=0xb conn_h=0x7f9b8fa010
12-11 19:55:51.703   883  2956 D WifiStateMachine: CMD_AUTO_CONNECT did save config ->  nid=1
12-11 19:55:51.704 11484 11484 I wpa_supplicant: wlan0: Trying to associate with SSID '9902869299'
12-11 19:55:51.708   883  2956 W WifiStateMachine: Not authorized to remove network  cnid=1 uid=13216
12-11 19:55:51.714   883  2956 W WifiStateMachine: Not authorized to remove network  cnid=0 uid=13216
12-11 19:55:51.725 10764 18023 D AWSDeviceFarmAndroidLib: setWifiEnabled: setting wifi to: false
12-11 19:55:51.726   883  8493 D WifiService: setWifiEnabled: false pid=10764, uid=13216
12-11 19:55:51.726   883  8493 E WifiService: Invoking mWifiStateMachine.setWifiEnabled
12-11 19:55:51.731   883   883 D RttService: SCAN_AVAILABLE : 1
12-11 19:55:51.732   883  3005 D RttService: EnabledState got{ when=-1ms what=160513 target=com.android.internal.util.StateMachine$SmHandler }
12-11 19:55:51.762   883  2956 D WifiNative-HAL: stopRssiMonitoring, cmdId 0
12-11 19:55:51.762   484   877 E Netd    : netlink response contains error (No such file or directory)
12-11 19:55:51.763   484   877 D CommandListener: Clearing all IP addresses on wlan0
12-11 19:55:51.764   883  2958 E ConnectivityService: EVENT_NETWORK_INFO_CHANGED from unknown NetworkAgent
12-11 19:55:51.764   883  2958 D ConnectivityService: releasing NetworkRequest NetworkRequest [ id=9, legacyType=-1, [ Transports: WIFI Capabilities: NOT_RESTRICTED&TRUSTED&NOT_VPN] ]
12-11 19:55:51.764   484   877 D TetherController: Setting IP forward enable = 0
12-11 19:55:51.774   883  2956 D DhcpClient: doQuit
12-11 19:55:51.774   883  2956 D WifiStateMachine: SupplicantStoppingState: stopSupplicant  init.svc.wpa_supplicant=unknown init.svc.p2p_supplicant=unknown
12-11 19:55:51.775   883 11509 D DhcpClient: onQuitting
12-11 19:55:51.797 12311 12380 E linker  : readlink('/proc/self/fd/30') failed: Permission denied [fd=30]
12-11 19:55:51.797 12311 12380 E linker  : warning: unable to get realpath for the library "/data/data/com.google.android.gms/app_chimera/m/00000000/oat/arm64/DynamiteLoader_GmsCore_prodmnc_alldpi_release.odex". Will use given name.
12-11 19:55:51.831 12311 12380 E linker  : readlink('/proc/self/fd/32') failed: Permission denied [fd=32]
12-11 19:55:51.831 12311 12380 E linker  : warning: unable to get realpath for the library "/data/data/com.google.android.gms/app_chimera/m/00000005/oat/arm64/DynamiteModulesD_GmsCore_prodmnc_alldpi_release.odex". Will use given name.
12-11 19:55:51.837 11484 11484 I wpa_supplicant: wlan0: CTRL-EVENT-DISCONNECTED bssid=00:00:00:00:00:00 reason=3 locally_generated=1
12-11 19:55:51.874 11484 11484 I wpa_supplicant: nl80211: deinit ifname=wlan0 disabled_11b_rates=0
12-11 19:55:51.902   883  3370 D ConnectivityService: listenForNetwork for Listen from uid/pid:10059/12311 for NetworkRequest [ id=10, legacyType=-1, [ Capabilities: INTERNET&NOT_RESTRICTED&TRUSTED] ]
12-11 19:55:51.907 12311 12380 E linker  : readlink('/proc/self/fd/36') failed: Permission denied [fd=36]
12-11 19:55:51.907 12311 12380 E linker  : warning: unable to get realpath for the library "/data/data/com.google.android.gms/app_chimera/m/00000005/n/arm64-v8a/libcronet.61.0.3163.140.so". Will use given name.
12-11 19:55:51.911 11484 11484 I wpa_supplicant: wlan0: CTRL-EVENT-TERMINATING 
12-11 19:55:51.940 12311 12380 I cr_CronetLibraryLoader: Cronet version: 61.0.3163.140, arch: aarch64
12-11 19:55:51.961 12311 12380 E linker  : readlink('/proc/self/fd/47') failed: Permission denied [fd=47]
12-11 19:55:51.961 12311 12380 E linker  : warning: unable to get realpath for the library "/system/framework/oat/arm64/com.android.location.provider.odex". Will use given name.
12-11 19:55:51.962 12311 12380 E linker  : readlink('/proc/self/fd/47') failed: Permission denied [fd=47]
12-11 19:55:51.963 12311 12380 E linker  : warning: unable to get realpath for the library "/system/framework/oat/arm64/com.android.media.remotedisplay.odex". Will use given name.
12-11 19:55:51.964 11484 11484 I wpa_supplicant: nl80211: deinit ifname=p2p0 disabled_11b_rates=0
12-11 19:55:51.970 12311 12380 E linker  : readlink('/proc/self/fd/52') failed: Permission denied [fd=52]
12-11 19:55:51.970 12311 12380 E linker  : warning: unable to get realpath for the library "/data/app/com.google.android.gms-1/oat/arm64/base.odex". Will use given name.
12-11 19:55:52.005 11484 11484 I wpa_supplicant: p2p0: CTRL-EVENT-TERMINATING 
12-11 19:55:52.005 11484 11484 I wpa_supplicant: CTRL_IFACE: Detach monitor /data/misc/wifi/sockets/wpa_ctrl_883-2\x00 that cannot receive messages
12-11 19:55:52.048 12311 12380 E linker  : readlink('/proc/self/fd/52') failed: Permission denied [fd=52]
12-11 19:55:52.048 12311 12380 E linker  : warning: unable to get realpath for the library "/data/app/com.google.android.gms-1/lib/arm64/libgmscore.so". Will use given name.
12-11 19:55:52.078 12311 12380 E linker  : readlink('/proc/self/fd/52') failed: Permission denied [fd=52]
12-11 19:55:52.078 12311 12380 E linker  : warning: unable to get realpath for the library "/data/app/com.google.android.gms-1/lib/arm64/libconscrypt_gmscore_jni.so". Will use given name.
12-11 19:55:52.078 12311 12380 W linker  : /data/app/com.google.android.gms-1/lib/arm64/libconscrypt_gmscore_jni.so: unused DT entry: type 0xf arg 0x8a
12-11 19:55:52.088 12311 12380 V NativeCrypto: Registering com/google/android/gms/org/conscrypt/NativeCrypto's 276 native methods...
12-11 19:55:52.111 12311 12380 I art     : Rejecting re-init on previously-failed class java.lang.Class<com.google.android.gms.org.conscrypt.DelegatingExtendedSSLSession>
12-11 19:55:52.114   883  2956 D wifi    : In wifi stop Hal
12-11 19:55:52.111 12311 12380 I art     : Rejecting re-init on previously-failed class java.lang.Class<com.google.android.gms.org.conscrypt.DelegatingExtendedSSLSession>
12-11 19:55:52.115   883  2956 D wifi    : halHandle = 0x7f5b11d400, mVM = 0x7f7af0d140, mCls = 0x100d12
12-11 19:55:52.115   883 11483 I WifiHAL : Cleaning up
12-11 19:55:52.115   883 11483 I WifiHAL : Cleanup Gscan Event Handlers
12-11 19:55:52.115   883 11483 D wifi    : In wifi cleaned up handler
12-11 19:55:52.115   883 11483 I WifiHAL : Internal cleanup completed
12-11 19:55:52.117 12311 12380 I art     : Rejecting re-init on previously-failed class java.lang.Class<com.google.android.gms.org.conscrypt.DelegatingExtendedSSLSession>
12-11 19:55:52.117   883 11483 D wifi    : set interface wlan0 flags (DOWN)
12-11 19:55:52.118 10925 11137 W Settings: Setting airplane_mode_on has moved from android.provider.Settings.System to android.provider.Settings.Global, returning read-only value.
12-11 19:55:52.119   883  2956 I WifiHAL : Sent msg on exit sock to unblock poll()
12-11 19:55:52.119   883  2956 D WifiNative-HAL: HAL event thread stopped successfully
12-11 19:55:52.172 12311 12380 I ProviderInstaller: Installed default security provider GmsCore_OpenSSL
12-11 19:55:52.602 10764 18107 D Aatp    : /task/d85d70ee33f316577d63a609a2c40faac17efb48/status
12-11 19:55:52.729 10764 18023 D AWSDeviceFarmAndroidLib: setWifiEnabled: wifi is: false
12-11 19:55:52.729 10764 10764 D AatpDeviceManager: taskStatus update (d85d70ee33f316577d63a609a2c40faac17efb48: {"result":"Wifi enabled: false","state":2})
12-11 19:55:52.906   883  3395 I AccountManagerService: getTypesVisibleToCaller: isPermitted? true
12-11 19:55:52.936   883  3090 I AccountManagerService: getTypesVisibleToCaller: isPermitted? true
12-11 19:55:52.936   883  7546 I AccountManagerService: getTypesVisibleToCaller: isPermitted? true
12-11 19:55:52.937   883  3395 I AccountManagerService: getTypesVisibleToCaller: isPermitted? true
12-11 19:55:52.950   883  3504 I AccountManagerService: getTypesVisibleToCaller: isPermitted? true
12-11 19:55:52.979   883  8493 I AccountManagerService: getTypesVisibleToCaller: isPermitted? true
12-11 19:55:52.988   883  7544 I AccountManagerService: getTypesVisibleToCaller: isPermitted? true
12-11 19:55:52.990   883   893 I AccountManagerService: getTypesVisibleToCaller: isPermitted? true
12-11 19:55:52.991   883  3520 I AccountManagerService: getTypesVisibleToCaller: isPermitted? true
12-11 19:55:52.991   883  3415 I AccountManagerService: getTypesVisibleToCaller: isPermitted? true
12-11 19:55:52.998   883  3415 I AccountManagerService: getTypesVisibleToCaller: isPermitted? true
12-11 19:55:53.622   883   892 I art     : Background partial concurrent mark sweep GC freed 311302(16MB) AllocSpace objects, 0(0B) LOS objects, 27% free, 41MB/57MB, paused 1.070ms total 135.628ms
12-11 19:55:53.640 10764 18172 D Aatp    : /task/d85d70ee33f316577d63a609a2c40faac17efb48/status
12-11 19:55:53.725 10764 18176 D Aatp    : /bluetooth
12-11 19:55:53.733 10764 18176 D Aatp    : sha1: 36ec07c28bfefe7ef19ab046225d5eca20acde11
12-11 19:55:53.733 10764 18176 D AatpDeviceManager: k: enabled v: False
12-11 19:55:53.733 10764 18176 D AatpDeviceManager: k: NanoHttpd.QUERY_STRING v: enabled=False
12-11 19:55:53.740 10764 10764 D AatpDeviceManager: taskStatus update (36ec07c28bfefe7ef19ab046225d5eca20acde11: {"state":1})
12-11 19:55:53.740 10764 18181 D AWSDeviceFarmAndroidLib: setEnabled: enabled: false
12-11 19:55:53.741   883   883 V NotificationService: pkg=com.amazon.aatp.aatpdevicemanager canInterrupt=false intercept=true
12-11 19:55:53.741 10764 18181 D AWSDeviceFarmAndroidLib: setEnabled: setting bluetooth to: false
12-11 19:55:53.745 11596 11620 D BluetoothAdapterState: Current state: ON, message: 23
12-11 19:55:53.746 11596 11620 D BluetoothAdapterProperties: Setting state to 13
12-11 19:55:53.746 11596 11620 I BluetoothAdapterState: Bluetooth adapter state changed: 12-> 13
12-11 19:55:53.747 11596 11620 D BluetoothAdapterProperties: onBluetoothDisable()
12-11 19:55:53.748 11596 11620 I BluetoothAdapterState: Entering PendingCommandState
12-11 19:55:53.749 11596 11625 D BluetoothAdapterProperties: Scan Mode:20
12-11 19:55:53.750 11596 11620 D BluetoothAdapterState: Current state: PENDING_COMMAND, message: 21
12-11 19:55:53.750 10764 18176 D Aatp    : /task/36ec07c28bfefe7ef19ab046225d5eca20acde11
12-11 19:55:53.752 11596 11596 D HeadsetService: Received stop request...Stopping profile...
12-11 19:55:53.755 11656 11657 I WCNSS_FILTER: ibs_msm_serial_clock_vote: vote UART CLK ON using UART driver's ioctl()
12-11 19:55:53.774   883   883 D BluetoothHeadset: Proxy object disconnected
12-11 19:55:53.774   883   883 D BluetoothHeadset: Proxy object disconnected
12-11 19:55:53.774 11596 11596 D A2dpService: Received stop request...Stopping profile...
12-11 19:55:53.775 11596 11690 D A2dpStateMachine: Exit Disconnected: -1
12-11 19:55:53.788 11596 11596 D HidService: Received stop request...Stopping profile...
12-11 19:55:53.788 11596 11596 D HidService: Stopping Bluetooth HidService
12-11 19:55:53.789 11596 11596 D HealthService: Received stop request...Stopping profile...
12-11 19:55:53.790  3069  3082 D BluetoothHeadset: Proxy object disconnected
12-11 19:55:53.790 11596 11596 D PanService: Received stop request...Stopping profile...
12-11 19:55:53.790   883   883 D BluetoothHeadset: Proxy object disconnected
12-11 19:55:53.790  3495  3530 D BluetoothHeadset: Proxy object disconnected
12-11 19:55:53.791   883   883 D BluetoothA2dp: Proxy object disconnected
12-11 19:55:53.791 11596 11596 D BluetoothMapService: Received stop request...Stopping profile...
12-11 19:55:53.791 11596 11596 D BluetoothMapService: stop()
12-11 19:55:53.791 11596 11596 D BluetoothMapAppObserver: deinitObservers()
12-11 19:55:53.791 11596 11596 D BluetoothMapAppObserver: removeReceiver()
12-11 19:55:53.793 11596 11596 D SapService: Received stop request...Stopping profile...
12-11 19:55:53.793 11596 11596 V SapService: stop()
12-11 19:55:53.793  3069  3069 D BluetoothA2dp: Proxy object disconnected
12-11 19:55:53.793  3069  3069 D BluetoothInputDevice: Proxy object disconnected
12-11 19:55:53.793  3069  3069 D HidProfile: Bluetooth service disconnected
12-11 19:55:53.793  3069  3069 D HeadsetProfile: Bluetooth service disconnected
12-11 19:55:53.793  3069  3069 D BluetoothPan: BluetoothPAN Proxy object disconnected
12-11 19:55:53.793  3069  3069 D PanProfile: Bluetooth service disconnected
12-11 19:55:53.793  3069  3069 D BluetoothMap: Proxy object disconnected
12-11 19:55:53.793  3069  3069 D MapProfile: Bluetooth service disconnected
12-11 19:55:53.794 11596 11596 V BluetoothAdapterState: isTurningOff()=true
12-11 19:55:53.794 11596 11596 V BluetoothAdapterState: isTurningOn()=false
12-11 19:55:53.794 11596 11596 V BluetoothAdapterState: isBleTurningOn()=false
12-11 19:55:53.795 11596 11596 V BluetoothAdapterState: isBleTurningOff()=false
12-11 19:55:53.797 11596 11596 W BluetoothHeadsetServiceJni: Cleaning up Bluetooth Handsfree Interface...
12-11 19:55:53.797 11596 11596 W BluetoothHeadsetServiceJni: Cleaning up Bluetooth Handsfree callback object
12-11 19:55:53.797 11596 11677 D bt_bta_sys_main: bta_sys_stop_timer expected alarm was not in bta alarm hash map.
12-11 19:55:53.797 11596 11677 D bt_bta_sys_main: bta_sys_stop_timer expected alarm was not in bta alarm hash map.
12-11 19:55:53.797 11596 11677 D bt_bta_sys_main: bta_sys_stop_timer expected alarm was not in bta alarm hash map.
12-11 19:55:53.797 11596 11596 V BluetoothAdapterState: isTurningOff()=true
12-11 19:55:53.797 11596 11596 V BluetoothAdapterState: isTurningOn()=false
12-11 19:55:53.797 11596 11596 V BluetoothAdapterState: isBleTurningOn()=false
12-11 19:55:53.797 11596 11596 V BluetoothAdapterState: isBleTurningOff()=false
12-11 19:55:53.798 11596 11625 I bt_btif_storage: btif_storage_get_adapter_property service_mask:0x20100008
12-11 19:55:53.798 11596 11625 E bt_btif : btif_hf_upstreams_evt: Invalid index 99
12-11 19:55:53.798 11596 11625 I bt_btif_storage: btif_storage_get_adapter_property service_mask:0x20100000
12-11 19:55:53.798 11596 11596 V BluetoothAdapterState: isTurningOff()=true
12-11 19:55:53.798 11596 11596 V BluetoothAdapterState: isTurningOn()=false
12-11 19:55:53.799 11596 11596 V BluetoothAdapterState: isBleTurningOn()=false
12-11 19:55:53.799 11596 11596 V BluetoothAdapterState: isBleTurningOff()=false
12-11 19:55:53.799 11596 11596 W BluetoothHidServiceJni: Cleaning up Bluetooth HID Interface...
12-11 19:55:53.799 11596 11596 W BluetoothHidServiceJni: Cleaning up Bluetooth GID callback object
12-11 19:55:53.799 11596 11677 D bt_bta_sys_main: bta_sys_stop_timer expected alarm was not in bta alarm hash map.
12-11 19:55:53.799 11596 11596 V BluetoothAdapterState: isTurningOff()=true
12-11 19:55:53.799 11596 11596 V BluetoothAdapterState: isTurningOn()=false
12-11 19:55:53.799 11596 11596 V BluetoothAdapterState: isBleTurningOn()=false
12-11 19:55:53.799 11596 11596 V BluetoothAdapterState: isBleTurningOff()=false
12-11 19:55:53.799 11596 11677 D bt_bta_sys_main: bta_sys_stop_timer expected alarm was not in bta alarm hash map.
12-11 19:55:53.799 11596 11596 W BluetoothHealthServiceJni: Cleaning up Bluetooth Health Interface...
12-11 19:55:53.799 11596 11677 W bt_l2cap: L2CAP - PSM: 0x0019 not found for deregistration
12-11 19:55:53.799 11596 11677 W bt_l2cap: L2CAP - PSM: 0x0017 not found for deregistration
12-11 19:55:53.799 11596 11677 W bt_l2cap: L2CAP - PSM: 0x0019 not found for deregistration
12-11 19:55:53.799 11596 11677 W bt_l2cap: L2CAP - PSM: 0x0017 not found for deregistration
12-11 19:55:53.799 11596 11596 W BluetoothHealthServiceJni: Cleaning up Bluetooth Health object
12-11 19:55:53.799 11596 11596 V BluetoothAdapterState: isTurningOff()=true
12-11 19:55:53.799 11596 11596 V BluetoothAdapterState: isTurningOn()=false
12-11 19:55:53.799 11596 11596 V BluetoothAdapterState: isBleTurningOn()=false
12-11 19:55:53.799 11596 11596 V BluetoothAdapterState: isBleTurningOff()=false
12-11 19:55:53.800 11596 11596 W BluetoothPanServiceJni: Cleaning up Bluetooth PAN Interface...
12-11 19:55:53.800 11596 11596 W BluetoothPanServiceJni: Cleaning up Bluetooth PAN callback object
12-11 19:55:53.800 11596 11596 D BluetoothMapService: MAP Service closeService in
12-11 19:55:53.800 11596 11596 D BluetoothMapMasInstance0: MAP Service shutdown
12-11 19:55:53.800 11596 11596 D ObexServerSockets0: shutdown(block = true)
12-11 19:55:53.803 11596 11625 I bt_btif_storage: btif_storage_get_adapter_property service_mask:0x20000000
12-11 19:55:53.803 11596 11625 E bt_btif : btif_in_execute_service_request: Unknown service being enabled
12-11 19:55:53.809 11596 11704 D ObexServerSockets0: AcceptThread ended for: ServerSocket: Type: TYPE_RFCOMM Channel: 4
12-11 19:55:53.810 11596 11596 D ObexServerSockets0: shutdown called from another thread - interrupt().
12-11 19:55:53.811 11596 11596 D ObexServerSockets0: shutdown called from another thread - interrupt().
12-11 19:55:53.811 11596 11705 D ObexServerSockets0: AcceptThread ended for: ServerSocket: Type: TYPE_L2CAP Channel: 4097
12-11 19:55:53.812 11596 11596 V BluetoothAdapterState: isTurningOff()=true
12-11 19:55:53.812 11596 11596 V BluetoothAdapterState: isTurningOn()=false
12-11 19:55:53.812 11596 11596 V BluetoothAdapterState: isBleTurningOn()=false
12-11 19:55:53.812 11596 11596 V BluetoothAdapterState: isBleTurningOff()=false
12-11 19:55:53.812 11596 11682 E bt_btif : SOCK_LIST: free(id = 1) - NO app_fd!
12-11 19:55:53.812 11596 11596 D BluetoothMapService: cleanup()
