--------- beginning of main
12-11 19:55:19.633 15934 15934 D AndroidRuntime: >>>>>> START com.android.internal.os.RuntimeInit uid 2000 <<<<<<
12-11 19:55:19.637 15934 15934 D AndroidRuntime: CheckJNI is OFF
12-11 19:55:19.661   519   519 E QCALOG  : [MessageQ] ProcessNewMessage: [LOWI-SERVER] unknown deliver target [OS-Agent]
12-11 19:55:19.663 15934 15934 D ICU     : No timezone override file found: /data/misc/zoneinfo/current/icu/icu_tzdata.dat
12-11 19:55:19.692 15934 15934 I Radio-JNI: register_android_hardware_Radio DONE
12-11 19:55:19.707 15934 15934 D AndroidRuntime: Calling main entry com.android.commands.am.Am
--------- beginning of system
12-11 19:55:19.716   883  3556 I ActivityManager: Force stopping com.example.snoopy appid=13217 user=0: start instr
12-11 19:55:19.716   883  3556 I ActivityManager: Killing 13537:com.example.snoopy/u0a3217 (adj 0): stop com.example.snoopy
12-11 19:55:19.755   883  7545 I WindowState: WIN DEATH: Window{15491d8 u0 com.example.snoopy/com.example.snoopy.CameraInputFrames}
12-11 19:55:19.754   883  3090 D GraphicsStats: Buffer count: 2
12-11 19:55:19.766   883  3556 W ActivityManager: Force removing ActivityRecord{fb24689 u0 com.example.snoopy/.CameraInputFrames t155}: app died, no saved state
12-11 19:55:19.787   883  3556 I ActivityManager: Start proc 15966:com.example.snoopy/u0a3217 for added application com.example.snoopy
12-11 19:55:19.788   883  3520 W ActivityManager: Spurious death for ProcessRecord{4b42ac0 0:com.example.snoopy/u0a3217}, curProc for 13537: null
12-11 19:55:19.791 15966 15966 I art     : Late-enabling -Xcheck:jni
12-11 19:55:19.824   883  7545 W InputMethodManagerService: Got RemoteException sending setActive(false) notification to pid 13537 uid 13217
12-11 19:55:19.826  3365  3365 I Keyboard.Facilitator: onFinishInput()
12-11 19:55:19.839 15966 15966 W System  : ClassLoader referenced unknown path: /data/app/com.trellis-1/lib/arm64
12-11 19:55:19.840 15966 15966 W System  : ClassLoader referenced unknown path: /data/app/com.example.snoopy-1/lib/arm64
12-11 19:55:19.863 12231 12231 W LocationOracleImpl: Best location was null
12-11 19:55:19.878 15966 15966 I System.out: EMMA: collecting runtime coverage data ...
12-11 19:55:19.880 12231 15981 I MicroRecognitionRnrImpl: Starting detection.
12-11 19:55:19.885 12231 15982 I MicrophoneInputStream: mic_starting com.google.android.apps.gsa.speech.audio.x@9af43a6
12-11 19:55:19.888   489 15984 I AudioFlinger: AudioFlinger's thread 0xf1140000 ready to run
12-11 19:55:19.897   489  2950 I SoundTriggerHwService::Module: void android::SoundTriggerHwService::Module::onCallbackEvent(const android::sp<android::SoundTriggerHwService::CallbackEvent>&) mClient == 0
12-11 19:55:19.900 12231 15982 I MicrophoneInputStream: mic_started com.google.android.apps.gsa.speech.audio.x@9af43a6
12-11 19:55:19.901 15966 15966 D FirebaseApp: com.google.firebase.crash.FirebaseCrash is not linked. Skipping initialization.
12-11 19:55:19.907 10959 11257 I Icing   : IndexChimeraService.getServiceInterface callingPackage=com.google.android.googlequicksearchbox componentName=null serviceId=33
12-11 19:55:19.909   489 15984 D audio_hw_primary: select_devices: out_snd_device(0: none) in_snd_device(61: voice-rec-mic)
12-11 19:55:19.909   489 15984 D msm8974_platform: platform_send_audio_calibration: sending audio calibration for snd_device(61) acdb_id(62)
12-11 19:55:19.909   489 15984 I ACDB-LOADER: ACDB AFE returned = -19
12-11 19:55:19.909   489 15984 I soundtrigger: audio_extn_sound_trigger_update_device_status: device 0x3d of type 1 for Event 1
12-11 19:55:19.909   489 15984 D sound_trigger_platform: platform_stdev_check_and_update_concurrency: concurrency active 0, tx 1, rx 0, concurrency session_allowed 0
12-11 19:55:19.909   489 15984 D audio_hw_primary: enable_snd_device: snd_device(61: voice-rec-mic)
12-11 19:55:19.910 10959 11199 I Icing   : IndexChimeraService.getServiceInterface callingPackage=com.google.android.googlequicksearchbox componentName=null serviceId=32
12-11 19:55:19.914 15966 15985 W DynamiteModule: Local module descriptor class for com.google.firebase.auth not found.
12-11 19:55:19.916 12231 12467 W LocationOracleImpl: Best location was null
12-11 19:55:19.916 15966 15966 I FA      : App measurement is starting up, version: 11400
12-11 19:55:19.916 15966 15966 I FA      : To enable debug logging run: adb shell setprop log.tag.FA VERBOSE
12-11 19:55:19.917   489 15984 D audio_hw_primary: enable_audio_route: apply and update mixer path: audio-record
12-11 19:55:19.921 15966 15985 W DynamiteModule: Local module descriptor class for com.google.firebase.auth not found.
12-11 19:55:19.927 15966 15966 I FA      : To enable faster debug mode event logging run:
12-11 19:55:19.927 15966 15966 I FA      :   adb shell setprop debug.firebase.analytics.app com.example.snoopy
12-11 19:55:19.934 15966 15966 I FirebaseInitProvider: FirebaseApp initialization successful
12-11 19:55:19.944 12231 12467 W LocationOracleImpl: Best location was null
12-11 19:55:19.944 10959 11158 I Icing   : Usage reports ok 0, Failed Usage reports 0, indexed 0, rejected 0, imm upload true
12-11 19:55:19.950 15966 15994 I TestRunner: started: rmInternalFiles(com.trellis.AUTUtils)
12-11 19:55:19.964 10959 11158 I Icing   : Usage reports ok 0, Failed Usage reports 0, indexed 0, rejected 0, imm upload true
12-11 19:55:19.965 15966 15994 I art     : Starting a blocking GC Explicit
12-11 19:55:19.980 15966 15994 I art     : Explicit concurrent mark sweep GC freed 20385(1457KB) AllocSpace objects, 9(180KB) LOS objects, 39% free, 11MB/19MB, paused 140us total 14.665ms
12-11 19:55:19.983 15966 15994 I art     : Starting a blocking GC Explicit
12-11 19:55:19.987 12231 12231 I HotwordWorkerImpl: onReady
12-11 19:55:19.991 15966 15994 I art     : Explicit concurrent mark sweep GC freed 211(16KB) AllocSpace objects, 0(0B) LOS objects, 39% free, 11MB/19MB, paused 100us total 8.508ms
12-11 19:55:19.991 15966 15994 I TestRunner: finished: rmInternalFiles(com.trellis.AUTUtils)
12-11 19:55:19.991 15966 15994 I TestRunner: passed: rmInternalFiles(com.trellis.AUTUtils)
12-11 19:55:19.993   883   893 I ActivityManager: Force stopping com.example.snoopy appid=13217 user=0: finished inst
12-11 19:55:19.993   883   893 I ActivityManager: Killing 15966:com.example.snoopy/u0a3217 (adj 0): stop com.example.snoopy
12-11 19:55:19.993 15934 15934 D AndroidRuntime: Shutting down VM
12-11 19:55:20.059   883  3504 W ActivityManager: Spurious death for ProcessRecord{67cd66b 0:com.example.snoopy/u0a3217}, curProc for 15966: null
12-11 19:55:20.342  3523  3784 W OpenGLRenderer: Incorrectly called buildLayer on View: ShortcutAndWidgetContainer, destroying layer...
12-11 19:55:20.783 16009 16009 D AndroidRuntime: >>>>>> START com.android.internal.os.RuntimeInit uid 2000 <<<<<<
12-11 19:55:20.786 16009 16009 D AndroidRuntime: CheckJNI is OFF
12-11 19:55:20.812 16009 16009 D ICU     : No timezone override file found: /data/misc/zoneinfo/current/icu/icu_tzdata.dat
12-11 19:55:20.837 16009 16009 I Radio-JNI: register_android_hardware_Radio DONE
12-11 19:55:20.853 16009 16009 D AndroidRuntime: Calling main entry com.android.commands.am.Am
12-11 19:55:20.854   883  8493 I ActivityManager: Force stopping com.trellis appid=13218 user=0: from pid 16009
12-11 19:55:20.855 16009 16009 D AndroidRuntime: Shutting down VM
12-11 19:55:21.649 16048 16048 D AndroidRuntime: >>>>>> START com.android.internal.os.RuntimeInit uid 2000 <<<<<<
12-11 19:55:21.653 16048 16048 D AndroidRuntime: CheckJNI is OFF
12-11 19:55:21.679 16048 16048 D ICU     : No timezone override file found: /data/misc/zoneinfo/current/icu/icu_tzdata.dat
12-11 19:55:21.704 16048 16048 I Radio-JNI: register_android_hardware_Radio DONE
12-11 19:55:21.720 16048 16048 D AndroidRuntime: Calling main entry com.android.commands.am.Am
12-11 19:55:21.722 16048 16048 D AndroidRuntime: Shutting down VM
12-11 19:55:22.528 16086 16086 D AndroidRuntime: >>>>>> START com.android.internal.os.RuntimeInit uid 2000 <<<<<<
12-11 19:55:22.532 16086 16086 D AndroidRuntime: CheckJNI is OFF
12-11 19:55:22.558 16086 16086 D ICU     : No timezone override file found: /data/misc/zoneinfo/current/icu/icu_tzdata.dat
12-11 19:55:22.582 16086 16086 I Radio-JNI: register_android_hardware_Radio DONE
12-11 19:55:22.598 16086 16086 D AndroidRuntime: Calling main entry com.android.commands.pm.Pm
12-11 19:55:22.602   883  3504 I ActivityManager: Force stopping com.trellis appid=13218 user=0: clear data
12-11 19:55:22.607 10925 10925 I GeofencerStateMachine: removeGeofences: removeRequest=RemoveGeofencingRequest[REMOVE_ALL packageName=com.trellis]
12-11 19:55:22.631 16086 16086 I art     : System.exit called, status: 0
12-11 19:55:22.631 16086 16086 I AndroidRuntime: VM exiting with result code 0.
12-11 19:55:23.225 16123 16123 D AndroidRuntime: >>>>>> START com.android.internal.os.RuntimeInit uid 2000 <<<<<<
12-11 19:55:23.237 16123 16123 D AndroidRuntime: CheckJNI is OFF
12-11 19:55:23.269 16123 16123 D ICU     : No timezone override file found: /data/misc/zoneinfo/current/icu/icu_tzdata.dat
12-11 19:55:23.294 16123 16123 I Radio-JNI: register_android_hardware_Radio DONE
12-11 19:55:23.311 16123 16123 D AndroidRuntime: Calling main entry com.android.commands.pm.Pm
12-11 19:55:23.344 16123 16123 I art     : System.exit called, status: 0
12-11 19:55:23.344 16123 16123 I AndroidRuntime: VM exiting with result code 0.
12-11 19:55:24.193 16170 16170 D AndroidRuntime: >>>>>> START com.android.internal.os.RuntimeInit uid 2000 <<<<<<
12-11 19:55:24.197 16170 16170 D AndroidRuntime: CheckJNI is OFF
12-11 19:55:24.222 16170 16170 D ICU     : No timezone override file found: /data/misc/zoneinfo/current/icu/icu_tzdata.dat
12-11 19:55:24.245 16170 16170 I Radio-JNI: register_android_hardware_Radio DONE
12-11 19:55:24.261 16170 16170 D AndroidRuntime: Calling main entry com.android.commands.pm.Pm
12-11 19:55:24.265   883   896 I ActivityManager: Force stopping com.trellis appid=13218 user=-1: uninstall pkg
12-11 19:55:24.366   883   906 I art     : Starting a blocking GC Explicit
12-11 19:55:24.590   883   906 I art     : Explicit concurrent mark sweep GC freed 101759(5MB) AllocSpace objects, 6(120KB) LOS objects, 27% free, 41MB/57MB, paused 1.834ms total 223.249ms
12-11 19:55:24.598   883   906 W PackageManager: Couldn't remove dex file for package:  at location /data/app/com.trellis-1/base.apk, retcode=-1
12-11 19:55:24.600 16170 16170 I art     : System.exit called, status: 0
12-11 19:55:24.600 16170 16170 I AndroidRuntime: VM exiting with result code 0.
12-11 19:55:24.604   883   906 I ActivityManager: Force stopping com.trellis appid=13218 user=0: pkg removed
12-11 19:55:24.607   883   906 W ActivityManager: Skipping broadcast of Intent { act=android.intent.action.PACKAGE_REMOVED dat=package:com.trellis flg=0x4000010 (has extras) }: user 10 is stopped
12-11 19:55:24.608   883   906 W ActivityManager: Skipping broadcast of Intent { act=android.intent.action.PACKAGE_FULLY_REMOVED dat=package:com.trellis flg=0x4000010 (has extras) }: user 10 is stopped
12-11 19:55:24.611   883   906 W ActivityManager: Skipping broadcast of Intent { act=android.intent.action.UID_REMOVED flg=0x4000010 (has extras) }: user 10 is stopped
12-11 19:55:24.617 11596 11596 D BluetoothMapAppObserver: onReceive
12-11 19:55:24.617 11596 11596 D BluetoothMapAppObserver: The removed package is: com.trellis
12-11 19:55:24.620 10925 10925 I GeofencerStateMachine: removeGeofences: removeRequest=RemoveGeofencingRequest[REMOVE_ALL packageName=com.trellis]
12-11 19:55:24.620  3365  3365 I Keyboard.Facilitator: resetDictionaries() : en_US
12-11 19:55:24.625  3365 16220 I Keyboard.Facilitator.DecoderInitializer: run()
12-11 19:55:24.632  3365 16220 I Decoder : createOrResetDecoder
12-11 19:55:24.641   883  2932 I InputReader: Reconfiguring input devices.  changes=0x00000010
12-11 19:55:24.680  3495  3495 D CarrierServiceBindHelper: Receive action: android.intent.action.PACKAGE_REMOVED
12-11 19:55:24.689   883   883 D JobSchedulerService: Receieved: android.intent.action.PACKAGE_REMOVED
12-11 19:55:24.742  3365 16220 I Keyboard.Facilitator.MainLanguageModelLoader: run()
12-11 19:55:24.872  3365 16220 I Keyboard.Facilitator.MainLanguageModelLoader: loadStaticLm() : Loading File = /data/user/0/com.google.android.inputmethod.latin/files/dicts/en_US/main%00003aen_us (offset=0, length=4430832) with up to date LoudsLmContentVersion = 20160111
12-11 19:55:24.875  3365 16220 I Keyboard.Facilitator.DynamicLanguageModelLoader: run()
12-11 19:55:24.875  3365 16220 I Keyboard.Facilitator.DynamicLanguageModelLoader: run() : Loading LM = contacts
12-11 19:55:24.877  3365 16220 I Keyboard.Facilitator.DynamicLanguageModelLoader: run() : Missing File = Contacts.dict
12-11 19:55:24.877  3365 16220 I Keyboard.Facilitator.DynamicLanguageModelLoader: run() : Loading LM = user
12-11 19:55:24.878  3365 16220 I Keyboard.Facilitator.DynamicLanguageModelLoader: run() : Missing File = Personal.en_US.dict
12-11 19:55:24.878  3365 16220 I Keyboard.Facilitator.PersonalDictionaryLoader: run() : Loaded (exit)
12-11 19:55:24.878  3365 16220 I Keyboard.Facilitator.Delight2FileSweeper: run()
12-11 19:55:24.879  3365 16220 I Keyboard.Facilitator.RecurringTaskScheduler: run()
12-11 19:55:24.879  3365 16220 I StatsUtilsManager: startPeriodStatsRecorder() : Success
12-11 19:55:24.879  3365 16220 I PeriodicStatsRecorder: shouldRecordStats() = Too Soon
12-11 19:55:25.181 16233 16233 D AndroidRuntime: >>>>>> START com.android.internal.os.RuntimeInit uid 2000 <<<<<<
12-11 19:55:25.185 16233 16233 D AndroidRuntime: CheckJNI is OFF
12-11 19:55:25.208 16233 16233 D ICU     : No timezone override file found: /data/misc/zoneinfo/current/icu/icu_tzdata.dat
12-11 19:55:25.231 16233 16233 I Radio-JNI: register_android_hardware_Radio DONE
12-11 19:55:25.247 16233 16233 D AndroidRuntime: Calling main entry com.android.commands.pm.Pm
12-11 19:55:25.282 16233 16233 I art     : System.exit called, status: 0
12-11 19:55:25.283 16233 16233 I AndroidRuntime: VM exiting with result code 0.
12-11 19:55:25.844 16283 16283 D AndroidRuntime: >>>>>> START com.android.internal.os.RuntimeInit uid 2000 <<<<<<
12-11 19:55:25.848 16283 16283 D AndroidRuntime: CheckJNI is OFF
12-11 19:55:25.874 16283 16283 D ICU     : No timezone override file found: /data/misc/zoneinfo/current/icu/icu_tzdata.dat
12-11 19:55:25.899 16283 16283 I Radio-JNI: register_android_hardware_Radio DONE
12-11 19:55:25.911   883  3504 I ActivityManager: Start proc 16319:com.google.android.gms.ui/u0a13 for service com.google.android.gms/.chimera.UiIntentOperationService
12-11 19:55:25.914 16283 16283 D AndroidRuntime: Calling main entry com.android.commands.am.Am
12-11 19:55:25.918   883  7546 I ActivityManager: Force stopping com.example.snoopy appid=13217 user=0: from pid 16283
12-11 19:55:25.921 16283 16283 D AndroidRuntime: Shutting down VM
12-11 19:55:25.982 10925 16333 W ConfigurationChimeraPro: Got null configs for com.google.android.gms.auth_managed
12-11 19:55:25.983 10925 16338 I NetRec  : [594] ConfigChangedIntentOperation.onHandleIntent: Handling a Phenotype update
12-11 19:55:25.983 10925 16338 I NetRec  : [594] zku.b: onConfigChanged()
12-11 19:55:25.999 16319 16319 I LoadedApk: No resource references to update in package FFFFFFFFFFFFFFFFFFFFFF
12-11 19:55:26.049 10959 16315 I Vision  : Registration status ocr_arm64_v8a.zip: The download is pending.
12-11 19:55:26.057 16319 16319 W linker  : /data/app/com.google.android.gms-1/lib/arm64/libconscrypt_gmscore_jni.so: unused DT entry: type 0xf arg 0x8a
12-11 19:55:26.057 10959 16315 I Vision  : Download status ocr_arm64_v8a.zip: The download is pending.
12-11 19:55:26.058 10959 16315 I Vision  : Forcing download ocr_arm64_v8a.zip: The download is pending.
12-11 19:55:26.063 16319 16319 V NativeCrypto: Registering com/google/android/gms/org/conscrypt/NativeCrypto's 276 native methods...
12-11 19:55:26.078 16319 16319 I art     : Rejecting re-init on previously-failed class java.lang.Class<com.google.android.gms.org.conscrypt.DelegatingExtendedSSLSession>
12-11 19:55:26.079 16319 16319 I art     : Rejecting re-init on previously-failed class java.lang.Class<com.google.android.gms.org.conscrypt.DelegatingExtendedSSLSession>
12-11 19:55:26.079 16319 16319 I art     : Rejecting re-init on previously-failed class java.lang.Class<com.google.android.gms.org.conscrypt.DelegatingExtendedSSLSession>
12-11 19:55:26.090 16319 16319 I ProviderInstaller: Installed default security provider GmsCore_OpenSSL
12-11 19:55:26.208 10959 16313 W DownloadCompleteIntOp: SHA-1 of downloaded file does not match request
12-11 19:55:26.254 10925 16341 I NetRec  : [596] ConfigChangedIntentOperation.onHandleIntent: Handling a Phenotype update
12-11 19:55:26.255 10925 16341 I NetRec  : [596] zku.b: onConfigChanged()
12-11 19:55:26.261 10925 16333 W ConfigurationChimeraPro: Got null configs for com.google.android.gms.auth_managed
12-11 19:55:26.282  3095 16350 V DownloadManager: Deleting /data/user/0/com.android.providers.downloads/cache/ocr_arm64_v8a.zip via provider delete
12-11 19:55:26.287 10959 16313 W DownloadServiceState: No pending download found for id 9837
12-11 19:55:26.287 10925 16341 I NetRec  : [596] ConfigChangedIntentOperation.onHandleIntent: Handling a Phenotype update
12-11 19:55:26.288 10925 16341 I NetRec  : [596] zku.b: onConfigChanged()
12-11 19:55:26.325   883  8489 I ActivityManager: Start proc 16357:com.google.android.play.games.ui/u0a65 for broadcast com.google.android.play.games/com.google.android.gms.games.config.PhenotypeBroadcastReceiver
12-11 19:55:26.363 10925 11189 I acfq    : Scheduling Phenotype for a PhenotypeSyncImmediately(8, com.google.android.gms.people) one off with window [1, 2] in seconds
12-11 19:55:26.437 10925 16339 I NetRec  : [595] ConfigChangedIntentOperation.onHandleIntent: Handling a Phenotype update
12-11 19:55:26.438 10925 16339 I NetRec  : [595] zku.b: onConfigChanged()
12-11 19:55:26.440 10925 16337 W ConfigurationChimeraPro: Got null configs for com.google.android.gms.auth_managed
12-11 19:55:26.481 10925 16333 I NetRec  : [591] ConfigChangedIntentOperation.onHandleIntent: Handling a Phenotype update
12-11 19:55:26.481 10925 16333 I NetRec  : [591] zku.b: onConfigChanged()
12-11 19:55:26.484 10925 16337 W ConfigurationChimeraPro: Got null configs for com.google.android.gms.auth_managed
12-11 19:55:26.531 10925 16333 I NetRec  : [591] ConfigChangedIntentOperation.onHandleIntent: Handling a Phenotype update
12-11 19:55:26.532 10925 16333 I NetRec  : [591] zku.b: onConfigChanged()
12-11 19:55:26.534 10925 16339 W ConfigurationChimeraPro: Got null configs for com.google.android.gms.auth_managed
12-11 19:55:26.553   883  7545 I ActivityManager: Killing 11572:com.google.android.talk/u0a55 (adj 15): empty #17
12-11 19:55:26.617 10925 16333 I NetRec  : [591] ConfigChangedIntentOperation.onHandleIntent: Handling a Phenotype update
12-11 19:55:26.618 10925 16333 I NetRec  : [591] zku.b: onConfigChanged()
12-11 19:55:26.618 16357 16357 W PhFlagCommitter: Successfully committed experiment flags for user: 
12-11 19:55:26.623 10925 16339 W ConfigurationChimeraPro: Got null configs for com.google.android.gms.auth_managed
12-11 19:55:26.625 10925 11189 W aceg    : Stale snapshot (committed configuration changed) for com.google.android.games.app
12-11 19:55:26.630 16357 16357 W PhenotypeFlagCommitter: Committing snapshot for com.google.android.games.app failed, retrying
12-11 19:55:26.661   883  3370 I AccountManagerService: getTypesVisibleToCaller: isPermitted? true
12-11 19:55:26.690 16371 16371 D AndroidRuntime: >>>>>> START com.android.internal.os.RuntimeInit uid 2000 <<<<<<
12-11 19:55:26.693 16371 16371 D AndroidRuntime: CheckJNI is OFF
12-11 19:55:26.718 16371 16371 D ICU     : No timezone override file found: /data/misc/zoneinfo/current/icu/icu_tzdata.dat
12-11 19:55:26.736 16357 16357 W PhFlagCommitter: Successfully committed experiment flags for user: 
12-11 19:55:26.740 10925 16337 I NetRec  : [593] ConfigChangedIntentOperation.onHandleIntent: Handling a Phenotype update
12-11 19:55:26.741 10925 16337 I NetRec  : [593] zku.b: onConfigChanged()
12-11 19:55:26.744 16371 16371 I Radio-JNI: register_android_hardware_Radio DONE
12-11 19:55:26.752 10925 16333 W ConfigurationChimeraPro: Got null configs for com.google.android.gms.auth_managed
12-11 19:55:26.759 16371 16371 D AndroidRuntime: Calling main entry com.android.commands.am.Am
12-11 19:55:26.763 16371 16371 D AndroidRuntime: Shutting down VM
12-11 19:55:26.765 10959 11068 W DynamiteModule: Local module descriptor class for com.google.android.gms.googlecertificates not found.
12-11 19:55:26.766 10959 11068 I DynamiteModule: Considering local module com.google.android.gms.googlecertificates:0 and remote module com.google.android.gms.googlecertificates:4
12-11 19:55:26.766 10959 11068 I DynamiteModule: Selected remote version of com.google.android.gms.googlecertificates, version >= 4
12-11 19:55:26.770 10959 11068 W System  : ClassLoader referenced unknown path: /data/data/com.google.android.gms/app_chimera/m/00000001/n/arm64-v8a
12-11 19:55:26.771 10959 16313 I IcingInternalCorpora: Received calendar change notification.
12-11 19:55:26.787 12201 12201 D MusicLifecycle: com.google.android.music.autocache.AutoCacheSchedulingService$EnablingReceiver generated event: Broadcast received with context android.app.ReceiverRestrictedContext@feeb5ca and intent Intent { act=com.google.android.music.START_DOWNLOAD_SCHEDULING flg=0x10 cmp=com.google.android.music/.autocache.AutoCacheSchedulingService$EnablingReceiver }
12-11 19:55:26.788   883  8489 I AccountManagerService: getTypesVisibleToCaller: isPermitted? true
12-11 19:55:26.794   883  3370 I AccountManagerService: getTypesVisibleToCaller: isPermitted? true
12-11 19:55:26.802 10925 16337 I NetRec  : [593] ConfigChangedIntentOperation.onHandleIntent: Handling a Phenotype update
12-11 19:55:26.802 10925 16337 I NetRec  : [593] zku.b: onConfigChanged()
12-11 19:55:26.807 10925 16333 W ConfigurationChimeraPro: Got null configs for com.google.android.gms.auth_managed
12-11 19:55:26.808 12201 12201 D MusicLifecycle: com.google.android.music.autocache.AutoCacheSchedulingService generated event: Service created
12-11 19:55:26.817 12201 12201 D MusicLifecycle: com.google.android.music.autocache.AutoCacheSchedulingService generated event: Service started with intent Intent { act=com.google.android.music.leanback.APP_IN_USE cmp=com.google.android.music/.autocache.AutoCacheSchedulingService (has extras) }
12-11 19:55:26.832 12201 12201 D MusicLifecycle: com.google.android.music.wear.WearBroadcastReceiver generated event: Broadcast received with context android.app.ReceiverRestrictedContext@feeb5ca and intent Intent { act=com.google.android.music.START_DOWNLOAD_SCHEDULING flg=0x10 cmp=com.google.android.music/.wear.WearBroadcastReceiver }
12-11 19:55:26.847 10925 16333 I NetRec  : [591] ConfigChangedIntentOperation.onHandleIntent: Handling a Phenotype update
12-11 19:55:26.847 10925 16333 I NetRec  : [591] zku.b: onConfigChanged()
12-11 19:55:26.850 12201 12201 D MusicLifecycle: com.google.android.music.wear.WearBroadcastReceiver generated event: Broadcast received with context android.app.ReceiverRestrictedContext@feeb5ca and intent Intent { act=com.google.android.music.IMPORT_COMPLETE flg=0x10 cmp=com.google.android.music/.wear.WearBroadcastReceiver }
12-11 19:55:26.853 10925 16337 W ConfigurationChimeraPro: Got null configs for com.google.android.gms.auth_managed
12-11 19:55:26.876 12201 12276 W WearSignatureVerifier: No package com.google.android.wearable.app.cn
12-11 19:55:26.879 12201 12276 W WearSignatureVerifier: No package com.google.android.wearable.app.cn
12-11 19:55:26.879 12201 12276 W WearSignatureVerifier: No package com.google.android.wearable.app.cn
12-11 19:55:26.880 12201 12276 W WearSignatureVerifier: No package com.google.android.wearable.app.cn
12-11 19:55:26.886 12201 12250 W WearSignatureVerifier: No package com.google.android.wearable.app.cn
12-11 19:55:26.889 12201 12250 W WearSignatureVerifier: No package com.google.android.wearable.app.cn
12-11 19:55:26.889 12201 12250 W WearSignatureVerifier: No package com.google.android.wearable.app.cn
12-11 19:55:26.889 12201 12250 W WearSignatureVerifier: No package com.google.android.wearable.app.cn
12-11 19:55:26.903   883  7546 I ActivityManager: Start proc 16423:com.android.musicfx/u0a23 for broadcast com.android.musicfx/.Compatibility$Receiver
12-11 19:55:26.920 10925 10925 I WearableService: Wearable Services not starting - Wear is not available on this device.
12-11 19:55:26.928 10925 10989 D WearableService: onGetService - Wear is not available on this device.
12-11 19:55:26.930 10925 11020 D WearableService: onGetService - Wear is not available on this device.
12-11 19:55:26.933 12201 12201 W WearSignatureVerifier: No package com.google.android.wearable.app.cn
12-11 19:55:26.936 12201 16417 E GmsUtils: Failed to connect to Google API client: ConnectionResult{statusCode=API_UNAVAILABLE, resolution=null, message=null}
12-11 19:55:26.939 12201 12201 W WearSignatureVerifier: No package com.google.android.wearable.app.cn
12-11 19:55:26.940 12201 16418 E GmsUtils: Failed to connect to Google API client: ConnectionResult{statusCode=API_UNAVAILABLE, resolution=null, message=null}
12-11 19:55:26.945 12201 16411 I MusicLeanback: Conditions not met for autocaching. okToAttempt=false
12-11 19:55:26.945 12201 16411 I MusicLeanback: Stop autocaching.
12-11 19:55:26.947 12201 12201 D MusicLifecycle: com.google.android.music.autocache.AutoCacheSchedulingService generated event: Service destroyed
12-11 19:55:26.957 10925 16338 I NetRec  : [594] ConfigChangedIntentOperation.onHandleIntent: Handling a Phenotype update
12-11 19:55:26.957 10925 16338 I NetRec  : [594] zku.b: onConfigChanged()
12-11 19:55:26.959 10925 16337 W ConfigurationChimeraPro: Got null configs for com.google.android.gms.auth_managed
12-11 19:55:26.966 16423 16423 W System  : ClassLoader referenced unknown path: /system/priv-app/MusicFX/lib/arm64
12-11 19:55:26.982   883  7545 I ActivityManager: Start proc 16440:com.android.vending/u0a24 for broadcast com.android.vending/com.google.android.finsky.receivers.PackageMonitorReceiver$RegisteredReceiver
12-11 19:55:27.016 10925 16338 I NetRec  : [594] ConfigChangedIntentOperation.onHandleIntent: Handling a Phenotype update
12-11 19:55:27.016 10925 16338 I NetRec  : [594] zku.b: onConfigChanged()
12-11 19:55:27.021 10925 16337 W ConfigurationChimeraPro: Got null configs for com.google.android.gms.auth_managed
12-11 19:55:27.028 16440 16440 W System  : ClassLoader referenced unknown path: /system/priv-app/Phonesky/lib/arm64
12-11 19:55:27.069 10925 16337 I NetRec  : [593] ConfigChangedIntentOperation.onHandleIntent: Handling a Phenotype update
12-11 19:55:27.071 10925 16337 I NetRec  : [593] zku.b: onConfigChanged()
12-11 19:55:27.073 10925 16338 W ConfigurationChimeraPro: Got null configs for com.google.android.gms.auth_managed
12-11 19:55:27.086   883  3520 I AccountManagerService: getTypesVisibleToCaller: isPermitted? true
12-11 19:55:27.095 16440 16440 W Finsky  : [1] FinskyApp.getCurrentAccount: No account configured on this device.
12-11 19:55:27.102   883  3090 I AccountManagerService: getTypesVisibleToCaller: isPermitted? true
12-11 19:55:27.102 16440 16440 W Finsky  : [1] FinskyApp.getCurrentAccount: No account configured on this device.
12-11 19:55:27.109 10925 16337 I NetRec  : [593] ConfigChangedIntentOperation.onHandleIntent: Handling a Phenotype update
12-11 19:55:27.109 10925 16337 I NetRec  : [593] zku.b: onConfigChanged()
12-11 19:55:27.113 10925 16338 W ConfigurationChimeraPro: Got null configs for com.google.android.gms.auth_managed
12-11 19:55:27.144 16440 16440 D Finsky  : [1] FinskyApp.onCreate: Initializing network with DFE https://android.clients.google.com/fdfe/
12-11 19:55:27.145 10925 16337 I NetRec  : [593] ConfigChangedIntentOperation.onHandleIntent: Handling a Phenotype update
12-11 19:55:27.145 10925 16337 I NetRec  : [593] zku.b: onConfigChanged()
12-11 19:55:27.147 10925 16338 W ConfigurationChimeraPro: Got null configs for com.google.android.gms.auth_managed
12-11 19:55:27.155   883  7545 I AccountManagerService: getTypesVisibleToCaller: isPermitted? true
12-11 19:55:27.155 16440 16440 W Finsky  : [1] FinskyApp.getCurrentAccount: No account configured on this device.
12-11 19:55:27.186 10925 16337 I NetRec  : [593] ConfigChangedIntentOperation.onHandleIntent: Handling a Phenotype update
12-11 19:55:27.186 10925 16337 I NetRec  : [593] zku.b: onConfigChanged()
12-11 19:55:27.191   883  3395 I AccountManagerService: getTypesVisibleToCaller: isPermitted? true
12-11 19:55:27.192 16440 16440 W Finsky  : [1] FinskyApp.getCurrentAccount: No account configured on this device.
12-11 19:55:27.194 10925 16338 W ConfigurationChimeraPro: Got null configs for com.google.android.gms.auth_managed
12-11 19:55:27.194   883   893 I AccountManagerService: getTypesVisibleToCaller: isPermitted? true
12-11 19:55:27.195 16440 16440 W Finsky  : [1] FinskyApp.getCurrentAccount: No account configured on this device.
12-11 19:55:27.198   883  8493 I AccountManagerService: getTypesVisibleToCaller: isPermitted? true
12-11 19:55:27.198 16440 16440 W Finsky  : [1] FinskyApp.getCurrentAccount: No account configured on this device.
12-11 19:55:27.199   883   894 I AccountManagerService: getTypesVisibleToCaller: isPermitted? true
12-11 19:55:27.199 16440 16440 W Finsky  : [1] FinskyApp.getCurrentAccount: No account configured on this device.
12-11 19:55:27.206   883  8490 I AccountManagerService: getTypesVisibleToCaller: isPermitted? true
12-11 19:55:27.207 16440 16440 W Finsky  : [1] FinskyApp.getCurrentAccount: No account configured on this device.
12-11 19:55:27.208   883  3556 I AccountManagerService: getTypesVisibleToCaller: isPermitted? true
12-11 19:55:27.209 16440 16440 W Finsky  : [1] FinskyApp.getCurrentAccount: No account configured on this device.
12-11 19:55:27.209   883  8493 I AccountManagerService: getTypesVisibleToCaller: isPermitted? true
12-11 19:55:27.210 16440 16440 W Finsky  : [1] FinskyApp.getCurrentAccount: No account configured on this device.
12-11 19:55:27.210   883  8489 I AccountManagerService: getTypesVisibleToCaller: isPermitted? true
12-11 19:55:27.211 16440 16440 W Finsky  : [1] FinskyApp.getCurrentAccount: No account configured on this device.
12-11 19:55:27.211   883  3520 I AccountManagerService: getTypesVisibleToCaller: isPermitted? true
12-11 19:55:27.212 16440 16440 W Finsky  : [1] FinskyApp.getCurrentAccount: No account configured on this device.
12-11 19:55:27.213   883   894 I AccountManagerService: getTypesVisibleToCaller: isPermitted? true
12-11 19:55:27.214 16440 16440 W Finsky  : [1] FinskyApp.getCurrentAccount: No account configured on this device.
12-11 19:55:27.214   883  3549 I AccountManagerService: getTypesVisibleToCaller: isPermitted? true
12-11 19:55:27.215 16440 16440 W Finsky  : [1] FinskyApp.getCurrentAccount: No account configured on this device.
12-11 19:55:27.215   883  3504 I AccountManagerService: getTypesVisibleToCaller: isPermitted? true
12-11 19:55:27.216 16440 16440 W Finsky  : [1] FinskyApp.getCurrentAccount: No account configured on this device.
12-11 19:55:27.216   883  3370 I AccountManagerService: getTypesVisibleToCaller: isPermitted? true
12-11 19:55:27.217 16440 16440 W Finsky  : [1] FinskyApp.getCurrentAccount: No account configured on this device.
12-11 19:55:27.218   883  7545 I AccountManagerService: getTypesVisibleToCaller: isPermitted? true
12-11 19:55:27.219 16440 16440 W Finsky  : [1] FinskyApp.getCurrentAccount: No account configured on this device.
12-11 19:55:27.219   883  7546 I AccountManagerService: getTypesVisibleToCaller: isPermitted? true
12-11 19:55:27.220 16440 16440 W Finsky  : [1] FinskyApp.getCurrentAccount: No account configured on this device.
12-11 19:55:27.221   883  7544 I AccountManagerService: getTypesVisibleToCaller: isPermitted? true
12-11 19:55:27.222 16440 16440 W Finsky  : [1] FinskyApp.getCurrentAccount: No account configured on this device.
12-11 19:55:27.224 16440 16440 D Finsky  : [1] DailyHygiene.goMakeHygieneIfDirty: No need to run daily hygiene.
12-11 19:55:27.233   883  8490 I AccountManagerService: getTypesVisibleToCaller: isPermitted? true
12-11 19:55:27.237 16440 16440 W Settings: Setting download_manager_max_bytes_over_mobile has moved from android.provider.Settings.Secure to android.provider.Settings.Global.
12-11 19:55:27.238 16440 16440 W Settings: Setting download_manager_recommended_max_bytes_over_mobile has moved from android.provider.Settings.Secure to android.provider.Settings.Global.
12-11 19:55:27.239 10925 16337 I NetRec  : [593] ConfigChangedIntentOperation.onHandleIntent: Handling a Phenotype update
12-11 19:55:27.239 10925 16337 I NetRec  : [593] zku.b: onConfigChanged()
12-11 19:55:27.249 10925 16338 W ConfigurationChimeraPro: Got null configs for com.google.android.gms.auth_managed
12-11 19:55:27.251   883  3415 I AccountManagerService: getTypesVisibleToCaller: isPermitted? true
12-11 19:55:27.260 16440 16440 W Finsky  : [1] FinskyApp.getCurrentAccount: No account configured on this device.
12-11 19:55:27.261   883   893 I AccountManagerService: getTypesVisibleToCaller: isPermitted? true
12-11 19:55:27.262 16440 16440 W Finsky  : [1] FinskyApp.getCurrentAccount: No account configured on this device.
12-11 19:55:27.262 16440 16440 W Finsky  : [1] FinskyApp.getDfeApi: No account configured on this device.
12-11 19:55:27.270   883  7545 I AccountManagerService: getTypesVisibleToCaller: isPermitted? true
12-11 19:55:27.283 10925 16337 I NetRec  : [593] ConfigChangedIntentOperation.onHandleIntent: Handling a Phenotype update
12-11 19:55:27.284 10925 16337 I NetRec  : [593] zku.b: onConfigChanged()
12-11 19:55:27.289   883  8493 I ActivityManager: Killing 11752:com.google.android.apps.photos/u0a63 (adj 15): empty #17
12-11 19:55:27.289 10925 16338 W ConfigurationChimeraPro: Got null configs for com.google.android.gms.auth_managed
12-11 19:55:27.349 12231 16490 I UpdateIcingCorporaServi: Updating corpora: APPS=com.example.snoopy, CONTACTS=MAYBE
12-11 19:55:27.382 11522 11522 I WalletInstallRec: Handling App Install.
12-11 19:55:27.395 16440 16440 D Finsky  : [1] GmsCoreHelper.cleanupNlp: result=false type=4
12-11 19:55:27.405   883   893 I AccountManagerService: getTypesVisibleToCaller: isPermitted? true
12-11 19:55:27.411 10925 16339 I NetRec  : [595] ConfigChangedIntentOperation.onHandleIntent: Handling a Phenotype update
12-11 19:55:27.411 10925 16339 I NetRec  : [595] zku.b: onConfigChanged()
12-11 19:55:27.414 16440 16440 D Finsky  : [1] RestoreTracker.stopServiceIfDone: Restore complete with 0 success and 0 failed.
12-11 19:55:27.418 10925 16337 W ConfigurationChimeraPro: Got null configs for com.google.android.gms.auth_managed
12-11 19:55:27.423   883  3370 I AccountManagerService: getTypesVisibleToCaller: isPermitted? true
12-11 19:55:27.473 16440 16497 D Ads     : Skipping gmscore version check
12-11 19:55:27.519 10764 10764 D AatpInstallReceiver: [com.example.snoopy]: Checking signature: 3082037b30820263a00302010202046fa81c07300d06092a864886f70d01010b0500306d310b3009060355040613025553310f300d060355040813064f7265676f6e3111300f06035504071308506f72746c616e6431123010060355040a130941707054687761636b31123010060355040b130941707054687761636b311230100603550403130941707054687761636b3020170d3132313131323037343033335a180f32303531303331333037343033335a306d310b3009060355040613025553310f300d060355040813064f7265676f6e3111300f06035504071308506f72746c616e6431123010060355040a130941707054687761636b31123010060355040b130941707054687761636b311230100603550403130941707054687761636b30820122300d06092a864886f70d01010105000382010f003082010a0282010100c8a2ced2ac4e08ad877450353d44c8cfe263eedf111694e15d3813f7a89ee7101b6547515811a68dc91d02a50d2ccf964ac675d4e9d9f2bb08114ebba27e601476591da39fefc269cbe9c82e718243fd90b6ce55a91aef95a5e87d1ba9c49c26deeeb3f0eed1613b3265d09c679ee9e081bab7ef5d110fc960017797fdeebbe44bc3e9788eb277a1aa6cbfa1fa81cbb2e29cbaa66c17f12c5f063c5795c9ed7d9ffc2c79240a47cf03d483ebb603c96950f5de46ddeb2b38fb11d3cdb8af1d3234478cca4a1092841fc483fcbac0ac3001a9cf4806aba036bb03530f8da3dd222c35e0074c9b533fae5598ad7007be3c99ae5c88a40971d002582811fd9061510203010001a321301f301d0603551d0e04160414ee59bdaa05b04c31e520eb310ee42d90deb67470300d06092a864886f70d01010b050003820101009ad52f7de1c94afc2ac18af8f3cf2431bd121547afa1b00c904cd86438a9c6f15dcb3da8613325fb65bfc1210111a6868a6078c27f3f2f000c29e37e8546685b823508e7159421d3b0098ac0775433994d0d374632b8aa0bd3cd0ceb9969c062c3b830bde751b043e9d66db94d2e88ebcbceb0d7a9c5e516740f2bead81ee403cb0268b9b6ce3635e90342dd8a1c524a94415aad9bb2abd0264b817b590cc8e1a541f69cb5281d7435c5ebaa5ffe6d0962340583ec7349352e262c2beed133bc2862403f58ec18910b99c9fee1ef9acde5c26b1ffe024f53b4a2ad9655a67011471539d74eb533241519c90fdb2eab75a3ab2808b64b6fa2d7f835f7966c54d7
12-11 19:55:27.536 16482 16482 D AndroidRuntime: >>>>>> START com.android.internal.os.RuntimeInit uid 2000 <<<<<<
12-11 19:55:27.536   883  3549 I AccountManagerService: getTypesVisibleToCaller: isPermitted? true
12-11 19:55:27.537 16440 16440 W Finsky  : [1] FinskyApp.getCurrentAccount: No account configured on this device.
12-11 19:55:27.539 16482 16482 D AndroidRuntime: CheckJNI is OFF
12-11 19:55:27.558 10925 11022 W ConfigurationChimeraPro: Got null configs for com.google.android.gms.appinvite
12-11 19:55:27.563 16482 16482 D ICU     : No timezone override file found: /data/misc/zoneinfo/current/icu/icu_tzdata.dat
12-11 19:55:27.591 16482 16482 I Radio-JNI: register_android_hardware_Radio DONE
12-11 19:55:27.607 16482 16482 D AndroidRuntime: Calling main entry com.android.commands.pm.Pm
12-11 19:55:27.618   883  3504 I ActivityManager: Force stopping com.example.snoopy appid=13217 user=0: clear data
12-11 19:55:27.634 10925 11020 W ConfigurationChimeraPro: Got null configs for com.google.android.gms.chromesync
12-11 19:55:27.655 10959 16347 D Wear_Controller: Received broadcast action=android.intent.action.PACKAGE_ADDED and uri=com.example.snoopy
12-11 19:55:27.671 10925 16339 I NetRec  : [595] ConfigChangedIntentOperation.onHandleIntent: Handling a Phenotype update
12-11 19:55:27.671 10925 16339 I NetRec  : [595] zku.b: onConfigChanged()
12-11 19:55:27.675 10925 16337 W ConfigurationChimeraPro: Got null configs for com.google.android.gms.auth_managed
12-11 19:55:27.689 16482 16482 I art     : System.exit called, status: 0
12-11 19:55:27.689 16482 16482 I AndroidRuntime: VM exiting with result code 0.
12-11 19:55:27.691 10959 16317 I PeopleContactsSync: Hangout changed: installed=true
12-11 19:55:27.703 10925 10925 I GeofencerStateMachine: removeGeofences: removeRequest=RemoveGeofencingRequest[REMOVE_ALL packageName=com.example.snoopy]
12-11 19:55:27.710 10959 11199 I Icing   : IndexChimeraService.getServiceInterface callingPackage=com.google.android.gms componentName=AppsCorpus serviceId=32
12-11 19:55:27.711 10959 11257 I Icing   : IndexChimeraService.getServiceInterface callingPackage=com.google.android.gms componentName=AppsCorpus serviceId=36
12-11 19:55:27.716   883  3415 I AccountManagerService: getTypesVisibleToCaller: isPermitted? true
12-11 19:55:27.717 10959 16317 I PeopleContactsSync: triggerPendingContactsCleanup: no accounts
12-11 19:55:27.732 10925 11020 W ConfigurationChimeraPro: Got null configs for com.google.android.gms.update
12-11 19:55:27.748 10925 16333 I NetRec  : [591] ConfigChangedIntentOperation.onHandleIntent: Handling a Phenotype update
12-11 19:55:27.748 10925 16333 I NetRec  : [591] zku.b: onConfigChanged()
12-11 19:55:27.749 10959 11139 I Icing   : Usage reports ok 0, Failed Usage reports 0, indexed 0, rejected 0, imm upload false
12-11 19:55:27.756 10925 16337 W ConfigurationChimeraPro: Got null configs for com.google.android.gms.auth_managed
12-11 19:55:27.758   883   892 I art     : Background partial concurrent mark sweep GC freed 74168(7MB) AllocSpace objects, 1(20KB) LOS objects, 27% free, 41MB/57MB, paused 5.492ms total 137.737ms
12-11 19:55:27.774 10959 11139 I Icing   : Usage reports ok 0, Failed Usage reports 0, indexed 0, rejected 0, imm upload false
12-11 19:55:27.799 10925 16333 I NetRec  : [591] ConfigChangedIntentOperation.onHandleIntent: Handling a Phenotype update
12-11 19:55:27.799 10925 16333 I NetRec  : [591] zku.b: onConfigChanged()
12-11 19:55:27.805 10925 16341 W ConfigurationChimeraPro: Got null configs for com.google.android.gms.auth_managed
12-11 19:55:27.814 10959 16508 I ChromeSync: [Persistence,AffiliationManager] Fetching affiliations from the server.
12-11 19:55:27.847 10959 11158 I IcingInternalCorpora: EventIndexer: starting incremental update
12-11 19:55:27.847 10959 11158 I IcingInternalCorpora: EventIndexer: 0 added, 0 removed, 0 changed, 0 unchanged, 0 errors.
12-11 19:55:27.847 10959 11158 I IcingInternalCorpora: EventIndexer: finished after 0 ms.
12-11 19:55:27.874 10925 16337 I NetRec  : [593] ConfigChangedIntentOperation.onHandleIntent: Handling a Phenotype update
12-11 19:55:27.875 10925 16337 I NetRec  : [593] zku.b: onConfigChanged()
12-11 19:55:27.882 10925 16341 W ConfigurationChimeraPro: Got null configs for com.google.android.gms.auth_managed
12-11 19:55:27.947 10925 16338 I NetRec  : [594] ConfigChangedIntentOperation.onHandleIntent: Handling a Phenotype update
12-11 19:55:27.947 10925 16338 I NetRec  : [594] zku.b: onConfigChanged()
12-11 19:55:27.951 10925 16337 W ConfigurationChimeraPro: Got null configs for com.google.android.gms.auth_managed
12-11 19:55:28.012 10925 16338 I NetRec  : [594] ConfigChangedIntentOperation.onHandleIntent: Handling a Phenotype update
12-11 19:55:28.012 10925 16338 I NetRec  : [594] zku.b: onConfigChanged()
12-11 19:55:28.020 10925 16337 W ConfigurationChimeraPro: Got null configs for com.google.android.gms.auth_managed
12-11 19:55:28.037 10925 16338 I NetRec  : [594] zku.b: Cancelling all NetRec GCM tasks
12-11 19:55:28.038 10925 16337 I NetRec  : [593] ClearDatabaseService.onHandleIntent: Clearing score cache
12-11 19:55:28.069 10925 16337 I NetRec  : [593] zob.<init>: Generating AES key
12-11 19:55:28.070 10925 16337 I NetRec  : [593] zob.<init>: Generating HMAC key
12-11 19:55:28.089 10925 16337 W NetRec  : [593] zof.a: Setting current/known encrypter
12-11 19:55:28.104 10925 16339 I NetRec  : [595] ConfigChangedIntentOperation.onHandleIntent: Handling a Phenotype update
12-11 19:55:28.104 10925 16339 I NetRec  : [595] zku.b: onConfigChanged()
12-11 19:55:28.109 10925 16333 W ConfigurationChimeraPro: Got null configs for com.google.android.gms.auth_managed
12-11 19:55:28.124 10925 16339 I NetRec  : [595] zku.b: Cancelling all NetRec GCM tasks
12-11 19:55:28.191 10925 16337 I NetRec  : [593] ClearDatabaseService.onHandleIntent: Clearing score cache
12-11 19:55:28.191 10925 16339 I NetRec  : [595] ConfigChangedIntentOperation.onHandleIntent: Handling a Phenotype update
12-11 19:55:28.192 10925 16339 I NetRec  : [595] zku.b: onConfigChanged()
12-11 19:55:28.193 10925 16333 W ConfigurationChimeraPro: Got null configs for com.google.android.gms.auth_managed
12-11 19:55:28.196 16523 16523 D AndroidRuntime: >>>>>> START com.android.internal.os.RuntimeInit uid 2000 <<<<<<
12-11 19:55:28.199 16523 16523 D AndroidRuntime: CheckJNI is OFF
12-11 19:55:28.212 10925 16337 I NetRec  : [593] ClearDatabaseService.onHandleIntent: Clearing score cache
12-11 19:55:28.213 10925 16339 I NetRec  : [595] zku.b: Cancelling all NetRec GCM tasks
12-11 19:55:28.225 16523 16523 D ICU     : No timezone override file found: /data/misc/zoneinfo/current/icu/icu_tzdata.dat
12-11 19:55:28.249 16523 16523 I Radio-JNI: register_android_hardware_Radio DONE
12-11 19:55:28.265 16523 16523 D AndroidRuntime: Calling main entry com.android.commands.pm.Pm
12-11 19:55:28.313 16523 16523 I art     : System.exit called, status: 0
12-11 19:55:28.313 16523 16523 I AndroidRuntime: VM exiting with result code 0.
12-11 19:55:28.316 10925 16333 I NetRec  : [591] ConfigChangedIntentOperation.onHandleIntent: Handling a Phenotype update
12-11 19:55:28.317 10925 16333 I NetRec  : [591] zku.b: onConfigChanged()
12-11 19:55:28.325 10925 11189 I acfq    : Scheduling Phenotype for a PhenotypeSyncImmediately(6, com.google.android.gms.playlog.uploader) one off with window [1, 2] in seconds
12-11 19:55:28.326 10925 16337 W ConfigurationChimeraPro: Got null configs for com.google.android.gms.auth_managed
12-11 19:55:28.345 10925 16333 I NetRec  : [591] zku.b: Cancelling all NetRec GCM tasks
12-11 19:55:28.376 10925 16337 I NetRec  : [593] ClearDatabaseService.onHandleIntent: Clearing score cache
12-11 19:55:28.431 10925 16333 I NetRec  : [591] ConfigChangedIntentOperation.onHandleIntent: Handling a Phenotype update
12-11 19:55:28.431 10925 16333 I NetRec  : [591] zku.b: onConfigChanged()
12-11 19:55:28.453 10925 16337 W ConfigurationChimeraPro: Got null configs for com.google.android.gms.auth_managed
12-11 19:55:28.469 10925 16333 I NetRec  : [591] zku.b: Cancelling all NetRec GCM tasks
12-11 19:55:28.470 10925 16337 I NetRec  : [593] ClearDatabaseService.onHandleIntent: Clearing score cache
12-11 19:55:28.536 10925 10936 D WearableService: onGetService - Wear is not available on this device.
12-11 19:55:28.558 10925 16333 I NetRec  : [591] ConfigChangedIntentOperation.onHandleIntent: Handling a Phenotype update
12-11 19:55:28.558 10925 16333 I NetRec  : [591] zku.b: onConfigChanged()
12-11 19:55:28.566 10925 16337 W ConfigurationChimeraPro: Got null configs for com.google.android.gms.auth_managed
12-11 19:55:28.590 10925 16333 I NetRec  : [591] zku.b: Cancelling all NetRec GCM tasks
12-11 19:55:28.599 10925 16337 I NetRec  : [593] ClearDatabaseService.onHandleIntent: Clearing score cache
12-11 19:55:28.673 10925 16338 I NetRec  : [594] ConfigChangedIntentOperation.onHandleIntent: Handling a Phenotype update
12-11 19:55:28.673 10925 16338 I NetRec  : [594] zku.b: onConfigChanged()
12-11 19:55:28.676 10925 16337 W ConfigurationChimeraPro: Got null configs for com.google.android.gms.auth_managed
12-11 19:55:28.696 10959 16559 I ChimeraConfigService: Scheduling checkin every 43200 seconds, with flex of 1800 seconds
12-11 19:55:28.698 10925 16337 I NetRec  : [593] ClearDatabaseService.onHandleIntent: Clearing score cache
12-11 19:55:28.700 10925 16338 I NetRec  : [594] zku.b: Cancelling all NetRec GCM tasks
12-11 19:55:28.763 10925 16338 I NetRec  : [594] ConfigChangedIntentOperation.onHandleIntent: Handling a Phenotype update
12-11 19:55:28.763 10925 16338 I NetRec  : [594] zku.b: onConfigChanged()
12-11 19:55:28.768 10925 16337 W ConfigurationChimeraPro: Got null configs for com.google.android.gms.auth_managed
12-11 19:55:28.787 10925 16338 I NetRec  : [594] zku.b: Cancelling all NetRec GCM tasks
12-11 19:55:28.788 10925 16337 I NetRec  : [593] ClearDatabaseService.onHandleIntent: Clearing score cache
12-11 19:55:28.804 10959 11158 I Icing   : Indexing 34F57172956DFEB7F9ABD44608CBAE3BA1EE7B66 from com.google.android.gms
12-11 19:55:28.808   883  8490 I AccountManagerService: getTypesVisibleToCaller: isPermitted? true
12-11 19:55:28.836 10925 16333 I NetRec  : [591] ConfigChangedIntentOperation.onHandleIntent: Handling a Phenotype update
12-11 19:55:28.836 10925 16333 I NetRec  : [591] zku.b: onConfigChanged()
12-11 19:55:28.841   883  3395 I AccountManagerService: getTypesVisibleToCaller: isPermitted? true
12-11 19:55:28.842 10925 16549 W Uploader:  no longer exists, so no auth token.
12-11 19:55:28.867 10925 16333 I NetRec  : [591] zku.b: Cancelling all NetRec GCM tasks
12-11 19:55:28.882 10925 16337 I NetRec  : [593] ClearDatabaseService.onHandleIntent: Clearing score cache
12-11 19:55:28.890 10959 11158 I Icing   : Indexing done 34F57172956DFEB7F9ABD44608CBAE3BA1EE7B66
12-11 19:55:28.949 10925 16339 I NetRec  : [595] ConfigChangedIntentOperation.onHandleIntent: Handling a Phenotype update
12-11 19:55:28.950 10925 16339 I NetRec  : [595] zku.b: onConfigChanged()
12-11 19:55:28.952 10925 16333 W ConfigurationChimeraPro: Got null configs for com.google.android.gms.auth_managed
12-11 19:55:28.966 10925 16339 I NetRec  : [595] zku.b: Cancelling all NetRec GCM tasks
12-11 19:55:28.968 10925 16333 I NetRec  : [591] ClearDatabaseService.onHandleIntent: Clearing score cache
12-11 19:55:28.995 10925 16549 W Conscrypt: Could not set socket write timeout:
12-11 19:55:29.000 10925 16549 W Conscrypt:    java.lang.reflect.Method.invoke(Native Method)
12-11 19:55:29.000 10925 16549 W Conscrypt:    com.google.android.gms.org.conscrypt.Platform.setSocketWriteTimeout(:com.google.android.gms@11951440:13)
12-11 19:55:29.021 10925 16339 I NetRec  : [595] ConfigChangedIntentOperation.onHandleIntent: Handling a Phenotype update
12-11 19:55:29.021 10925 16339 I NetRec  : [595] zku.b: onConfigChanged()
12-11 19:55:29.033 10925 16333 W ConfigurationChimeraPro: Got null configs for com.google.android.gms.auth_managed
12-11 19:55:29.058 10925 16339 I NetRec  : [595] zku.b: Cancelling all NetRec GCM tasks
12-11 19:55:29.059 10925 16333 I NetRec  : [591] ClearDatabaseService.onHandleIntent: Clearing score cache
12-11 19:55:29.117 10925 16549 W Conscrypt: Could not set socket write timeout:
12-11 19:55:29.117 10925 16549 W Conscrypt:    java.lang.reflect.Method.invoke(Native Method)
12-11 19:55:29.117 10925 16549 W Conscrypt:    com.google.android.gms.org.conscrypt.Platform.setSocketWriteTimeout(:com.google.android.gms@11951440:13)
12-11 19:55:29.141 10925 16333 I NetRec  : [591] ConfigChangedIntentOperation.onHandleIntent: Handling a Phenotype update
12-11 19:55:29.141 10925 16333 I NetRec  : [591] zku.b: onConfigChanged()
12-11 19:55:29.149 10925 16339 W ConfigurationChimeraPro: Got null configs for com.google.android.gms.auth_managed
12-11 19:55:29.158 10925 16333 I NetRec  : [591] zku.b: Cancelling all NetRec GCM tasks
