12-11 19:55:53.812 11596 11596 D BluetoothMapService: MAP Service closeService in
12-11 19:55:53.813 11596 11596 V BluetoothAdapterState: isTurningOff()=true
12-11 19:55:53.814 11596 11596 V BluetoothAdapterState: isTurningOn()=false
12-11 19:55:53.814 11596 11596 V BluetoothAdapterState: isBleTurningOn()=false
12-11 19:55:53.814 11596 11596 V BluetoothAdapterState: isBleTurningOff()=false
12-11 19:55:53.814 11596 11620 D BluetoothAdapterState: Current state: PENDING_COMMAND, message: 26
12-11 19:55:53.814 11596 11620 D BluetoothAdapterProperties: Setting state to 15
12-11 19:55:53.814 11596 11596 I BtOppRfcommListener: stopping Accept Thread
12-11 19:55:53.814 11596 11620 I BluetoothAdapterState: Bluetooth adapter state changed: 13-> 15
12-11 19:55:53.814 11596 11620 I BluetoothAdapterState: Entering BleOnState
12-11 19:55:53.815  3069  3718 D BluetoothPan: onBluetoothStateChange on: false
12-11 19:55:53.815  3069 10762 D BluetoothMap: onBluetoothStateChange: up=false
12-11 19:55:53.815   883   900 D BluetoothHeadset: onBluetoothStateChange: up=false
12-11 19:55:53.815  3069  3082 D BluetoothHeadset: onBluetoothStateChange: up=false
12-11 19:55:53.816  3495  3757 D BluetoothHeadset: onBluetoothStateChange: up=false
12-11 19:55:53.816   883   900 D BluetoothHeadset: onBluetoothStateChange: up=false
12-11 19:55:53.816  3069  3713 D BluetoothA2dp: onBluetoothStateChange: up=false
12-11 19:55:53.816   883   900 D BluetoothHeadset: onBluetoothStateChange: up=false
12-11 19:55:53.816  3069  3081 D BluetoothPbap: onBluetoothStateChange: up=false
12-11 19:55:53.816 11596 11828 E BtOppRfcommListener: Error accept connection java.io.IOException: read failed, socket might closed or timeout, read ret: -1
12-11 19:55:53.817 11596 11828 I BtOppRfcommListener: BluetoothSocket listen thread finished
12-11 19:55:53.817   883   900 D BluetoothA2dp: onBluetoothStateChange: up=false
12-11 19:55:53.817  3069  3718 D BluetoothInputDevice: onBluetoothStateChange: up=false
12-11 19:55:53.817 10925 11394 I BeaconBle: Nearby requested to stop scan
12-11 19:55:53.818 11596 11606 D BtGatt.GattService: unreg:5
12-11 19:55:53.818 10925 11394 D BluetoothAdapter: STATE_BLE_ON
12-11 19:55:53.819 11596 11606 D BtGatt.GattService: unregisterClient() - clientIf=5
12-11 19:55:53.820 11596 11620 D BluetoothAdapterState: Current state: BLE ON, message: 20
12-11 19:55:53.821 11596 11620 D BluetoothAdapterProperties: Setting state to 16
12-11 19:55:53.821 11596 11620 I BluetoothAdapterState: Bluetooth adapter state changed: 15-> 16
12-11 19:55:53.821 11596 11620 D BluetoothAdapterProperties: onBleDisable
12-11 19:55:53.822 11596 11620 I BluetoothAdapterState: Entering PendingCommandState
12-11 19:55:53.822 11596 11621 D bt_stack_manager: event_shut_down_stack is bringing down the stack.
12-11 19:55:53.823 11596 11625 D BluetoothAdapterProperties: Scan Mode:20
12-11 19:55:53.825 11596 11677 W bt_btif : bta_dm_disable BTA_DISABLE_DELAY set to 1000 ms
12-11 19:55:53.825 11596 11677 D bt_bta_sys_main: bta_sys_stop_timer expected alarm was not in bta alarm hash map.
12-11 19:55:53.835 10925 11394 I BeaconBle: 'L' hardware scan: scan stopped, no clients
12-11 19:55:53.835 10925 11394 I BeaconBle: Scan canceled successfully.
12-11 19:55:53.836 10925 10925 I BeaconBle: Resetting - new scanner available: false
12-11 19:55:53.841 10925 10925 I BeaconBle: 'L' hardware scan: scan stopped, no clients
12-11 19:55:53.890 10764 18185 D Aatp    : /task/36ec07c28bfefe7ef19ab046225d5eca20acde11/status
12-11 19:55:53.894 11656 11657 E WCNSS_FILTER: do_read: read returned 0, err = Success, read bytes: 0, expected: 0
12-11 19:55:54.745 10764 18181 D AWSDeviceFarmAndroidLib: setEnabled: bt is: false
12-11 19:55:54.746 10764 10764 D AatpDeviceManager: taskStatus update (36ec07c28bfefe7ef19ab046225d5eca20acde11: {"result":"Bluetooth enabled: false","state":2})
12-11 19:55:54.828 11596 11625 I bt_hci  : shut_down
12-11 19:55:54.829 11596 11631 I bt_vendor: bt-vendor : is_soc_initialized
12-11 19:55:54.829 11596 11631 I bt_vendor: wc_transport.soc_initialized set to 1
12-11 19:55:54.829 11596 11631 I bt_vendor: hw_epilog_process
12-11 19:55:54.830 11656 11657 E WCNSS_FILTER: do_read: read returned 0, err = Success, read bytes: 0, expected: 0
12-11 19:55:54.885 11596 11631 I bt_vendor: hw_epilog_cback Opcode:0x0C03 Status: 0
12-11 19:55:54.885 11596 11631 I bt_vendor: epilog_cb
12-11 19:55:54.885 11596 11631 I bt_hci  : epilog_finished_callback
12-11 19:55:54.887 11596 11625 I bt_hci_h4: hal_close
12-11 19:55:54.888 11596 11625 I bt_vendor: bt-vendor : BT_VND_OP_USERIAL_CLOSE btSocType: 1
12-11 19:55:54.889 11596 11625 I bt_vendor: device fd = 51 close
12-11 19:55:54.889 11596 11625 I bt_vendor: bt-vendor : BT_VND_OP_POWER_CTRL: Off
12-11 19:55:54.889 11656 11657 E WCNSS_FILTER: handle_command_writes: This indicates the close of other end
12-11 19:55:54.889 11596 11625 I bt_vendor: bt_powerup: 0
12-11 19:55:54.889 11656 11657 E WCNSS_FILTER: wcnss_filter client is terminated
12-11 19:55:54.889 11656 11657 E WCNSS_FILTER: clean Value =  1
12-11 19:55:54.889 11656 11657 E WCNSS_FILTER: VOTOFF Clk before shutdown
12-11 19:55:54.890 11596 11625 E bt_vendor: Write 0 to rfkill
12-11 19:55:54.929 10764 18255 D Aatp    : /task/36ec07c28bfefe7ef19ab046225d5eca20acde11/status
12-11 19:55:54.994 11596 11625 E bt_vendor: Stopping HCI filter as part of CTRL:OFF
12-11 19:55:54.994 11596 11625 I bt_vendor: cleanup
12-11 19:55:55.003 11596 11621 D bt_stack_manager: event_shut_down_stack finished.
12-11 19:55:55.004 11596 11620 D BluetoothAdapterState: Current state: PENDING_COMMAND, message: 24
12-11 19:55:55.005 11596 11596 D BtGatt.DebugUtils: handleDebugAction() action=null
12-11 19:55:55.005 11596 11620 D BluetoothAdapterState: Stopping Gatt profile services that were post enabled
12-11 19:55:55.005 11596 11596 D BtGatt.GattService: Received stop request...Stopping profile...
12-11 19:55:55.006 11596 11596 D BtGatt.GattService: stop()
12-11 19:55:55.006 11596 11596 D BtGatt.AdvertiseManager: advertise clients cleared
12-11 19:55:55.007 11596 11596 V BluetoothAdapterState: isTurningOff()=false
12-11 19:55:55.007 11596 11596 V BluetoothAdapterState: isTurningOn()=false
12-11 19:55:55.007 11596 11596 V BluetoothAdapterState: isBleTurningOn()=false
12-11 19:55:55.007 11596 11596 V BluetoothAdapterState: isBleTurningOff()=true
12-11 19:55:55.007 11596 11620 D BluetoothAdapterState: Current state: PENDING_COMMAND, message: 25
12-11 19:55:55.007 11596 11620 D BluetoothAdapterProperties: Setting state to 10
12-11 19:55:55.007 11596 11620 I BluetoothAdapterState: Bluetooth adapter state changed: 16-> 10
12-11 19:55:55.008 11596 11620 I BluetoothAdapterState: Entering OffState
12-11 19:55:55.008   883   900 D BluetoothManagerService: Broadcasting onBluetoothServiceDown() to 7 receivers.
12-11 19:55:55.013 10764 18259 D Aatp    : /gps
12-11 19:55:55.013 11596 11596 W BluetoothSdpJni: Cleaning up Bluetooth SDP Interface...
12-11 19:55:55.013 11596 11596 W BluetoothSdpJni: Cleaning up Bluetooth Health object
12-11 19:55:55.013 11596 11596 I BluetoothServiceJni: cleanupNative: return from cleanup
12-11 19:55:55.015 11596 11621 D bt_stack_manager: event_clean_up_stack is cleaning up the stack.
12-11 19:55:55.019 11596 11621 D bt_stack_manager: event_clean_up_stack finished.
12-11 19:55:55.020 11596 11596 I art     : System.exit called, status: 0
12-11 19:55:55.020 11596 11596 I AndroidRuntime: VM exiting with result code 0, cleanup skipped.
12-11 19:55:55.024 10764 18259 D Aatp    : sha1: 97ebecb0f36cb3adc60aab0d0c8e9bb22783b0fe
12-11 19:55:55.025 10764 18259 D AatpDeviceManager: k: enabled v: False
12-11 19:55:55.025 10764 18259 D AatpDeviceManager: k: NanoHttpd.QUERY_STRING v: enabled=False
12-11 19:55:55.032   883   883 V NotificationService: pkg=com.amazon.aatp.aatpdevicemanager canInterrupt=false intercept=true
12-11 19:55:55.033 10764 10764 D AatpDeviceManager: taskStatus update (97ebecb0f36cb3adc60aab0d0c8e9bb22783b0fe: {"state":1})
12-11 19:55:55.033 10764 18265 D AWSDeviceFarmAndroidLib: setEnabled: disabling GPS
12-11 19:55:55.033 10764 18265 D AWSDeviceFarmAndroidLib: disableGPS()
12-11 19:55:55.035 10764 18265 D AWSDeviceFarmAndroidLib: disableGPS(): network,gps
12-11 19:55:55.035 10764 18265 D AWSDeviceFarmAndroidLib: disableGPS(): gpsDisabled: network
12-11 19:55:55.040 10764 18259 D Aatp    : /task/97ebecb0f36cb3adc60aab0d0c8e9bb22783b0fe
12-11 19:55:55.060   883  3370 I ActivityManager: Process com.android.bluetooth (pid 11596) has died
12-11 19:55:55.061   883  3370 W ActivityManager: Scheduling restart of crashed service com.android.bluetooth/.pbap.BluetoothPbapService in 1000ms
12-11 19:55:55.164 10764 18270 D Aatp    : /task/97ebecb0f36cb3adc60aab0d0c8e9bb22783b0fe/status
12-11 19:55:55.968   883   893 I AccountManagerService: getTypesVisibleToCaller: isPermitted? true
12-11 19:55:55.969   883  3549 I AccountManagerService: getTypesVisibleToCaller: isPermitted? true
12-11 19:55:56.158   883  3395 I AccountManagerService: getTypesVisibleToCaller: isPermitted? true
12-11 19:55:56.159 16440 16484 D Finsky  : [540] AppStatesReplicator.handleContentSyncResponse: Completed 0 account content syncs with 0 successful.
12-11 19:55:56.160 16440 16440 D Finsky  : [1] 5.onFinished: Installation state replication succeeded.
12-11 19:55:56.204 10764 18346 D Aatp    : /task/97ebecb0f36cb3adc60aab0d0c8e9bb22783b0fe/status
12-11 19:55:57.244 10764 18417 D Aatp    : /task/97ebecb0f36cb3adc60aab0d0c8e9bb22783b0fe/status
12-11 19:55:58.314 10764 18489 D Aatp    : /task/97ebecb0f36cb3adc60aab0d0c8e9bb22783b0fe/status
12-11 19:55:58.840 10925 10925 I BeaconBle: 'L' hardware scan: scan stopped, no clients
12-11 19:55:59.158   883   892 I art     : Background sticky concurrent mark sweep GC freed 167052(8MB) AllocSpace objects, 0(0B) LOS objects, 14% free, 49MB/57MB, paused 1.080ms total 106.924ms
12-11 19:55:59.351 10764 18558 D Aatp    : /task/97ebecb0f36cb3adc60aab0d0c8e9bb22783b0fe/status
12-11 19:56:00.402 10764 18625 D Aatp    : /task/97ebecb0f36cb3adc60aab0d0c8e9bb22783b0fe/status
12-11 19:56:01.441 10764 18694 D Aatp    : /task/97ebecb0f36cb3adc60aab0d0c8e9bb22783b0fe/status
12-11 19:56:02.520 10764 18764 D Aatp    : /task/97ebecb0f36cb3adc60aab0d0c8e9bb22783b0fe/status
12-11 19:56:03.561 10764 18832 D Aatp    : /task/97ebecb0f36cb3adc60aab0d0c8e9bb22783b0fe/status
12-11 19:56:04.603 10764 18896 D Aatp    : /task/97ebecb0f36cb3adc60aab0d0c8e9bb22783b0fe/status
12-11 19:56:05.049 10764 18265 E AWSDeviceFarmAndroidLib: setEnabled: timed out setting GPS to state: false
12-11 19:56:05.050 10764 18265 D AWSDeviceFarmAndroidLib: setEnabled: GPS is: true
12-11 19:56:05.050 10764 10764 D AatpDeviceManager: taskStatus update (97ebecb0f36cb3adc60aab0d0c8e9bb22783b0fe: {"result":"GPS enabled: true","state":2})
12-11 19:56:05.095 12231 12231 E LocationReceiver: Received bad location: null
12-11 19:56:05.108   883  3556 I ActivityManager: Start proc 18928:com.android.documentsui/u0a44 for broadcast com.android.documentsui/.PackageReceiver
12-11 19:56:05.157 18928 18928 W System  : ClassLoader referenced unknown path: /system/app/DocumentsUI/lib/arm64
12-11 19:56:05.169 18928 18928 D AndroidRuntime: Shutting down VM
12-11 19:56:05.171   883  7544 I ActivityManager: Killing 12311:com.google.android.apps.maps/u0a59 (adj 15): empty #17
--------- beginning of crash
12-11 19:56:05.187 18928 18928 E AndroidRuntime: FATAL EXCEPTION: main
12-11 19:56:05.187 18928 18928 E AndroidRuntime: Process: com.android.documentsui, PID: 18928
12-11 19:56:05.187 18928 18928 E AndroidRuntime: java.lang.RuntimeException: Unable to start receiver com.android.documentsui.PackageReceiver: java.lang.NullPointerException: Attempt to invoke interface method 'java.util.Iterator java.lang.Iterable.iterator()' on a null object reference
12-11 19:56:05.187 18928 18928 E AndroidRuntime: 	at android.app.ActivityThread.handleReceiver(ActivityThread.java:2732)
12-11 19:56:05.187 18928 18928 E AndroidRuntime: 	at android.app.ActivityThread.-wrap14(ActivityThread.java)
12-11 19:56:05.187 18928 18928 E AndroidRuntime: 	at android.app.ActivityThread$H.handleMessage(ActivityThread.java:1421)
12-11 19:56:05.187 18928 18928 E AndroidRuntime: 	at android.os.Handler.dispatchMessage(Handler.java:102)
12-11 19:56:05.187 18928 18928 E AndroidRuntime: 	at android.os.Looper.loop(Looper.java:148)
12-11 19:56:05.187 18928 18928 E AndroidRuntime: 	at android.app.ActivityThread.main(ActivityThread.java:5417)
12-11 19:56:05.187 18928 18928 E AndroidRuntime: 	at java.lang.reflect.Method.invoke(Native Method)
12-11 19:56:05.187 18928 18928 E AndroidRuntime: 	at com.android.internal.os.ZygoteInit$MethodAndArgsCaller.run(ZygoteInit.java:726)
12-11 19:56:05.187 18928 18928 E AndroidRuntime: 	at com.android.internal.os.ZygoteInit.main(ZygoteInit.java:616)
12-11 19:56:05.187 18928 18928 E AndroidRuntime: Caused by: java.lang.NullPointerException: Attempt to invoke interface method 'java.util.Iterator java.lang.Iterable.iterator()' on a null object reference
12-11 19:56:05.187 18928 18928 E AndroidRuntime: 	at com.android.documentsui.RecentsProvider.call(RecentsProvider.java:280)
12-11 19:56:05.187 18928 18928 E AndroidRuntime: 	at android.content.ContentProvider$Transport.call(ContentProvider.java:398)
12-11 19:56:05.187 18928 18928 E AndroidRuntime: 	at android.content.ContentResolver.call(ContentResolver.java:1398)
12-11 19:56:05.187 18928 18928 E AndroidRuntime: 	at com.android.documentsui.PackageReceiver.onReceive(PackageReceiver.java:41)
12-11 19:56:05.187 18928 18928 E AndroidRuntime: 	at android.app.ActivityThread.handleReceiver(ActivityThread.java:2725)
12-11 19:56:05.187 18928 18928 E AndroidRuntime: 	... 8 more
12-11 19:56:05.215   883  3395 D ConnectivityService: ConnectivityService NetworkRequestInfo binderDied(NetworkRequest [ id=10, legacyType=-1, [ Capabilities: INTERNET&NOT_RESTRICTED&TRUSTED] ], android.os.BinderProxy@bc826d0)
12-11 19:56:05.215   883  2958 D ConnectivityService: releasing NetworkRequest NetworkRequest [ id=10, legacyType=-1, [ Capabilities: INTERNET&NOT_RESTRICTED&TRUSTED] ]
12-11 19:56:05.219   883  2958 E ConnectivityService: RemoteException caught trying to send a callback msg for NetworkRequest [ id=10, legacyType=-1, [ Capabilities: INTERNET&NOT_RESTRICTED&TRUSTED] ]
12-11 19:56:05.269   883 18949 D OpenGLRenderer: Use EGL_SWAP_BEHAVIOR_PRESERVED: true
12-11 19:56:05.286   883  8493 I ActivityManager: Start proc 18951:com.android.externalstorage/u0a11 for content provider com.android.externalstorage/.ExternalStorageProvider
12-11 19:56:05.303 10959 18964 D Wear_Controller: Received broadcast action=android.intent.action.PACKAGE_DATA_CLEARED and uri=com.trellis
12-11 19:56:05.305   883  3549 I AccountManagerService: getTypesVisibleToCaller: isPermitted? true
12-11 19:56:05.309 10959 18959 I LocationSettingsChecker: Removing dialog suppression flag for package com.trellis
12-11 19:56:05.308  7515 18966 D VoicemailCleanupService: Cleaning up data for package: com.trellis
12-11 19:56:05.328 12231 18978 I UpdateIcingCorporaServi: Updating corpora: APPS=com.trellis, CONTACTS=MAYBE
12-11 19:56:05.359   883  8490 I ActivityManager: Start proc 18979:com.android.keychain/1000 for broadcast com.android.keychain/.KeyChainBroadcastReceiver
12-11 19:56:05.359 12231 18978 I UpdateIcingCorporaServi: UpdateCorporaTask done [took 30 ms] updated apps [took 30 ms] 
12-11 19:56:05.360 10959 11158 I Icing   : doRemovePackageData com.trellis
12-11 19:56:05.366 18951 18951 W System  : ClassLoader referenced unknown path: /system/priv-app/ExternalStorageProvider/lib/arm64
12-11 19:56:05.374 18951 18951 D ExternalStorage: After updating volumes, found 1 active roots
12-11 19:56:05.382   883 18949 I Adreno  : QUALCOMM build                   : fcf4852, I1af360237c
12-11 19:56:05.382   883 18949 I Adreno  : Build Date                       : 09/23/15
12-11 19:56:05.382   883 18949 I Adreno  : OpenGL ES Shader Compiler Version: XE031.05.13.02
12-11 19:56:05.382   883 18949 I Adreno  : Local Branch                     : mybranch14465806
12-11 19:56:05.382   883 18949 I Adreno  : Remote Branch                    : quic/LA.BF64.1.2.9_v2
12-11 19:56:05.382   883 18949 I Adreno  : Remote Branch                    : NONE
12-11 19:56:05.382   883 18949 I Adreno  : Reconstruct Branch               : NOTHING
12-11 19:56:05.383   883 18949 E linker  : readlink('/proc/self/fd/188') failed: Permission denied [fd=188]
12-11 19:56:05.383   883 18949 E linker  : warning: unable to get realpath for the library "/vendor/lib64/egl/eglSubDriverAndroid.so". Will use given name.
12-11 19:56:05.393   883 18949 I OpenGLRenderer: Initialized EGL, version 1.4
12-11 19:56:05.401   883  3549 I ActivityManager: Killing 16319:com.google.android.gms.ui/u0a13 (adj 15): empty #17
12-11 19:56:05.429 18979 18979 W System  : ClassLoader referenced unknown path: /system/app/KeyChain/lib/arm64
12-11 19:56:05.432 18979 18979 W ContextImpl: Calling a method in the system process without a qualified user: android.app.ContextImpl.startService:1221 android.content.ContextWrapper.startService:581 android.content.ContextWrapper.startService:581 com.android.keychain.KeyChainBroadcastReceiver.onReceive:12 android.app.ActivityThread.handleReceiver:2725 
12-11 19:56:05.455 10925 10984 E NetworkScheduler: Unrecognised action provided: android.intent.action.PACKAGE_REMOVED
12-11 19:56:05.458   883  3520 I ActivityManager: Killing 12255:com.google.android.apps.docs/u0a45 (adj 15): empty #17
12-11 19:56:05.513   883   894 I ActivityManager: Start proc 19007:com.android.shell/2000 for content provider com.android.shell/.BugreportStorageProvider
12-11 19:56:05.558 12231 12231 I HotwordDetector: Closing mic
12-11 19:56:05.558 12231 12471 I MicrophoneInputStream: mic_close com.google.android.apps.gsa.speech.audio.x@9af43a6
12-11 19:56:05.559 12231 15982 E AudioRecord-JNI: Error -4 during AudioRecord native read
12-11 19:56:05.575 19007 19007 W System  : ClassLoader referenced unknown path: /system/priv-app/Shell/lib/arm64
12-11 19:56:05.617   489 15984 D audio_hw_primary: disable_audio_route: reset and update mixer path: audio-record
12-11 19:56:05.618   489 15984 D audio_hw_primary: disable_snd_device: snd_device(61: voice-rec-mic)
12-11 19:56:05.622   489 15984 I soundtrigger: audio_extn_sound_trigger_update_device_status: device 0x3d of type 1 for Event 0
12-11 19:56:05.622   489 15984 D sound_trigger_platform: platform_stdev_check_and_update_concurrency: concurrency active 0, tx 0, rx 0, concurrency session_allowed 1
12-11 19:56:05.623   489  2950 I SoundTriggerHwService::Module: void android::SoundTriggerHwService::Module::onCallbackEvent(const android::sp<android::SoundTriggerHwService::CallbackEvent>&) mClient == 0
12-11 19:56:05.646 12231 15981 I MicroRecognitionRnrImpl: Detection finished
12-11 19:56:05.646 12231 12473 I MicroRecognitionRnrImpl: Stopping hotword detection.
12-11 19:56:05.673 10925 11020 W ConfigurationChimeraPro: Got null configs for com.google.android.gms.drive
12-11 19:56:05.673 10764 19025 D Aatp    : /task/97ebecb0f36cb3adc60aab0d0c8e9bb22783b0fe/status
12-11 19:56:05.707 10959 18974 I GrowthService: Package com.trellis uninstalled. Removing from storage.
12-11 19:56:05.756   883  8493 I AccountManagerService: getTypesVisibleToCaller: isPermitted? true
12-11 19:56:05.756 10959 18964 I PeopleContactsSync: triggerPendingContactsCleanup: no accounts
12-11 19:56:05.757 10959 18964 D Wear_Controller: Received broadcast action=android.intent.action.PACKAGE_REMOVED and uri=com.trellis
12-11 19:56:05.760 10959 18964 I LocationSettingsChecker: Removing dialog suppression flag for package com.trellis
12-11 19:56:05.766 10764 19026 D Aatp    : /nfc
12-11 19:56:05.783 10764 19026 D Aatp    : sha1: 8ffb05a59754c1fd0551cc7faa00a4457c8e2b02
12-11 19:56:05.783 10764 19026 D AatpDeviceManager: k: enabled v: False
12-11 19:56:05.783 10764 19026 D AatpDeviceManager: k: NanoHttpd.QUERY_STRING v: enabled=False
12-11 19:56:05.791 10764 10764 D AatpDeviceManager: taskStatus update (8ffb05a59754c1fd0551cc7faa00a4457c8e2b02: {"state":1})
12-11 19:56:05.791 10764 19032 D AWSDeviceFarmAndroidLib: setEnabled: enabled: false
12-11 19:56:05.791 10764 19032 D AWSDeviceFarmAndroidLib: setEnabled: disabling nfc
12-11 19:56:05.792   883   883 V NotificationService: pkg=com.amazon.aatp.aatpdevicemanager canInterrupt=false intercept=true
12-11 19:56:05.793  3448 19033 I NfcService: Disabling NFC
12-11 19:56:05.794 10959 11138 I Icing   : doRemovePackageData com.trellis
12-11 19:56:05.798 10764 19032 D AWSDeviceFarmAndroidLib: setEnabled: nfc is: false
12-11 19:56:05.798 10764 10764 D AatpDeviceManager: taskStatus update (8ffb05a59754c1fd0551cc7faa00a4457c8e2b02: {"result":"NFC enabled: false","state":2})
12-11 19:56:05.803 10764 19026 D Aatp    : /task/8ffb05a59754c1fd0551cc7faa00a4457c8e2b02
12-11 19:56:05.809  3448 19033 D NfcP2pLinkManager: enableDisable: llcp deactivate
12-11 19:56:05.809  3448 19033 I NfcP2pLinkManager: LLCP deactivated.
12-11 19:56:05.809  3448 19033 I NfcP2pLinkManager: Duplicate onLlcpDectivated()
12-11 19:56:05.813  3448 11779 E NxpTml  : _i2c_write() errno : 5
12-11 19:56:05.813  3448 11779 E NxpTml  : PN54X - Error in I2C Write.....
12-11 19:56:05.813  3448 11781 E NxpHal  : write error status = 0x1ff
12-11 19:56:05.813  3448 11775 E NxpHal  : write_unlocked failed - PN54X Maybe in Standby Mode - Retry
12-11 19:56:05.826  3448 11858 E BrcmNfcJni: nativeLlcpServiceSocket_doAccept: fail accept
12-11 19:56:05.826  3448 11858 E SnepServer: IO error
12-11 19:56:05.826  3448 11858 E SnepServer: java.io.IOException
12-11 19:56:05.826  3448 11858 E SnepServer: 	at com.android.nfc.dhimpl.NativeLlcpServiceSocket.accept(NativeLlcpServiceSocket.java:42)
12-11 19:56:05.826  3448 11858 E SnepServer: 	at com.android.nfc.snep.SnepServer$ServerThread.run(SnepServer.java:211)
12-11 19:56:05.833  3448 19033 D NdefPushServer: stop, thread = Thread[Thread-58,5,main]
12-11 19:56:05.833  3448 19033 D NdefPushServer: shuting down server thread
12-11 19:56:05.836  3448 11859 E BrcmNfcJni: nativeLlcpServiceSocket_doAccept: fail accept
12-11 19:56:05.836  3448 11859 E NdefPushServer: IO error
12-11 19:56:05.836  3448 11859 E NdefPushServer: java.io.IOException
12-11 19:56:05.836  3448 11859 E NdefPushServer: 	at com.android.nfc.dhimpl.NativeLlcpServiceSocket.accept(NativeLlcpServiceSocket.java:42)
12-11 19:56:05.836  3448 11859 E NdefPushServer: 	at com.android.nfc.ndefpush.NdefPushServer$ServerThread.run(NdefPushServer.java:154)
12-11 19:56:05.838   883  7545 I ActivityManager: Start proc 19035:com.google.android.apps.docs/u0a45 for content provider com.google.android.apps.docs/.storagebackend.StorageBackendContentProvider
12-11 19:56:05.841  3448 11860 E BrcmNfcJni: nativeLlcpServiceSocket_doAccept: fail accept
12-11 19:56:05.841  3448 11860 E HandoverServer: IO error
12-11 19:56:05.841  3448 11860 E HandoverServer: java.io.IOException
12-11 19:56:05.841  3448 11860 E HandoverServer: 	at com.android.nfc.dhimpl.NativeLlcpServiceSocket.accept(NativeLlcpServiceSocket.java:42)
12-11 19:56:05.841  3448 11860 E HandoverServer: 	at com.android.nfc.handover.HandoverServer$ServerThread.run(HandoverServer.java:118)
12-11 19:56:05.851  3448 11775 E BrcmNfcJni: RoutingManager::nfaEeCallback: unknown event=2 ????
12-11 19:56:05.882 10959 11257 I Icing   : IndexChimeraService.getServiceInterface callingPackage=com.google.android.gms componentName=AppsCorpus serviceId=32
12-11 19:56:05.884 10959 11199 I Icing   : IndexChimeraService.getServiceInterface callingPackage=com.google.android.gms componentName=AppsCorpus serviceId=36
12-11 19:56:05.933 10764 19047 D Aatp    : /task/8ffb05a59754c1fd0551cc7faa00a4457c8e2b02/status
12-11 19:56:06.012 10959 10959 E ConnectivityChangeRecei: Ignoring connectivity change
12-11 19:56:06.027 10764 19050 D Aatp    : /stop-location
12-11 19:56:06.042 10764 19050 D AatpDeviceManager: stopTask
12-11 19:56:06.042 10764 19050 D AatpDeviceManager: got taskClass
12-11 19:56:06.043 10764 19050 D AatpDeviceManager: sending stop intent
12-11 19:56:06.044 10764 19050 D AatpDeviceManager: intent sent
12-11 19:56:06.044 10764 10764 D AatpDeviceManager: taskStatus update (b45debf71dd1488f77a4bce76c83957f1ca406f4: {"result":"","state":3})
12-11 19:56:06.058 10764 19050 D Aatp    : /task/b45debf71dd1488f77a4bce76c83957f1ca406f4
12-11 19:56:06.082 10959 19049 I DatabaseHelper: Creating a new database at version 172 for /data/user/0/com.google.android.gms/databases/DocList.db
12-11 19:56:06.097   883  8489 D ConnectivityService: listenForNetwork for Listen from uid/pid:10013/10959 for NetworkRequest [ id=11, legacyType=-1, [ Capabilities: INTERNET&NOT_RESTRICTED&TRUSTED&NOT_VPN] ]
12-11 19:56:06.180 10764 19052 D Aatp    : /task/b45debf71dd1488f77a4bce76c83957f1ca406f4/status
12-11 19:56:06.366 10959 18959 W DriveInitializer: Awaiting to be initialized
12-11 19:56:06.374 10959 19054 W DriveInitializer: Background init thread started
12-11 19:56:06.605 10764 10764 D AatpDeviceManager: taskStatus update (b45debf71dd1488f77a4bce76c83957f1ca406f4: {"result":"","state":1})
12-11 19:56:06.662   883  3504 I AccountManagerService: getTypesVisibleToCaller: isPermitted? true
12-11 19:56:06.700 10959 11158 I ContentMaintenance: Pruning caches...
12-11 19:56:06.723 10959 19054 W DriveInitializer: Background init thread ended
12-11 19:56:06.724 10959 11230 I PinnedContentDownloader: Started downloading pinned content.
12-11 19:56:06.724 10959 11230 I PinnedContentDownloader: Stopped downloading pinned content because the device is offline.
12-11 19:56:06.740   883  3415 I AccountManagerService: getTypesVisibleToCaller: isPermitted? true
12-11 19:56:06.760 19035 19067 I GAv4    : Google Analytics 11.0.11 is starting up. To enable debug logging on a device run:
12-11 19:56:06.760 19035 19067 I GAv4    :   adb shell setprop log.tag.GAv4 DEBUG
12-11 19:56:06.760 19035 19067 I GAv4    :   adb logcat -s GAv4
12-11 19:56:06.830   883  8489 I AccountManagerService: getTypesVisibleToCaller: isPermitted? true
12-11 19:56:06.832 19035 19067 W CoreComponentFactoryImpl: RetainedComponent will not be retained if  djl does not inherit FragmentActivity and fulfill jpt contract.
12-11 19:56:06.847 19035 19035 W FieldDefinition: Ignoring isIndexed constraint as field also has uniqueness constraint (on just this field, and therefore SQLite will have to create an index on that. For field: com.google.android.apps.docs.database.common.FieldDefinition$a@6622b8f
12-11 19:56:06.857 19035 19071 W GAv4    : AnalyticsReceiver is not registered or is disabled. Register the receiver for reliable dispatching on non-Google Play devices. See http://goo.gl/8Rd3yj for instructions.
12-11 19:56:06.923 10959 11158 I ContentMaintenance: Internal cache bytes used: 0; limit: 100000000; download size: 0
12-11 19:56:06.977 10959 11158 I ContentMaintenance: Cache pruning complete.
12-11 19:56:06.994 10959 11138 I Icing   : Usage reports ok 0, Failed Usage reports 0, indexed 0, rejected 0, imm upload false
12-11 19:56:07.019 10959 11138 I Icing   : Usage reports ok 0, Failed Usage reports 0, indexed 0, rejected 0, imm upload false
12-11 19:56:07.019 19035 19071 W GAv4    : CampaignTrackingReceiver is not registered, not exported or is disabled. Installation campaign tracking is not possible. See http://goo.gl/8Rd3yj for instructions.
12-11 19:56:07.022 10959 11158 I ContentMaintenance: Beginning garbage collection.
12-11 19:56:07.044 19035 19071 W GAv4    : AnalyticsService not registered in the app manifest. Hits might not be delivered reliably. See http://goo.gl/8Rd3yj for instructions.
12-11 19:56:07.056 10959 11158 I RealtimeCacheCleanup: Beginning Realtime garbage collection.
12-11 19:56:07.085  3448 11775 I BrcmNfcNfa: GKI TASK_DEAD received. exit thread 3...
12-11 19:56:07.219 10764 19081 D Aatp    : /task/b45debf71dd1488f77a4bce76c83957f1ca406f4/status
12-11 19:56:07.282   883  3556 I AccountManagerService: getTypesVisibleToCaller: isPermitted? true
12-11 19:56:07.321   883  3520 I AccountManagerService: getTypesVisibleToCaller: isPermitted? true
12-11 19:56:07.353 10959 11158 I RealtimeCacheCleanup: Finished Realtime garbage collection.
12-11 19:56:07.353 10959 11158 I ContentMaintenance: Finished garbage collection.
12-11 19:56:07.372   883  3090 I AccountManagerService: getTypesVisibleToCaller: isPermitted? true
12-11 19:56:07.373   883  3395 I AccountManagerService: getTypesVisibleToCaller: isPermitted? false
12-11 19:56:07.436   883  3370 I AccountManagerService: getTypesVisibleToCaller: isPermitted? true
12-11 19:56:07.460   883  8489 I AccountManagerService: getTypesVisibleToCaller: isPermitted? true
12-11 19:56:07.467 18928 18943 D Documents: Update found 7 roots in 2282ms
12-11 19:56:07.883   883   892 I art     : Background partial concurrent mark sweep GC freed 298377(15MB) AllocSpace objects, 0(0B) LOS objects, 27% free, 41MB/57MB, paused 1.075ms total 164.257ms
12-11 19:56:08.106 10764 11916 D AatpDeviceManager: Stopped Mock Location
12-11 19:56:08.106 10764 10764 D AatpDeviceManager: taskStatus update (b45debf71dd1488f77a4bce76c83957f1ca406f4: {"result":"","state":2})
12-11 19:56:08.106 10959 11158 I Icing   : Indexing 34F57172956DFEB7F9ABD44608CBAE3BA1EE7B66 from com.google.android.gms
12-11 19:56:08.125 10959 11158 I Icing   : Indexing done 34F57172956DFEB7F9ABD44608CBAE3BA1EE7B66
12-11 19:56:08.258 10764 19132 D Aatp    : /task/b45debf71dd1488f77a4bce76c83957f1ca406f4/status
12-11 19:56:08.351 10764 19135 D Aatp    : /locale
12-11 19:56:08.363 10764 19135 D Aatp    : sha1: ff00f07563fa9cb7326fba06f969184a88f1ef90
12-11 19:56:08.363 10764 19135 D AatpDeviceManager: k: NanoHttpd.QUERY_STRING v: locale=en_US
12-11 19:56:08.364 10764 19135 D AatpDeviceManager: k: locale v: en_US
12-11 19:56:08.379 10764 19140 D AatpDeviceManager: Setting locale to: en_US
12-11 19:56:08.379 10764 10764 D AatpDeviceManager: taskStatus update (ff00f07563fa9cb7326fba06f969184a88f1ef90: {"state":1})
12-11 19:56:08.379 10764 19140 D AWSDeviceFarmAndroidLib: Setting locale to: en_US
12-11 19:56:08.381   883   883 V NotificationService: pkg=com.amazon.aatp.aatpdevicemanager canInterrupt=false intercept=true
12-11 19:56:08.382 10764 19135 D Aatp    : /task/ff00f07563fa9cb7326fba06f969184a88f1ef90
12-11 19:56:08.509 10764 19145 D Aatp    : /task/ff00f07563fa9cb7326fba06f969184a88f1ef90/status
12-11 19:56:09.548 10764 19202 D Aatp    : /task/ff00f07563fa9cb7326fba06f969184a88f1ef90/status
12-11 19:56:09.842   883  3415 I AccountManagerService: getTypesVisibleToCaller: isPermitted? true
12-11 19:56:09.959 19035 19070 E linker  : readlink('/proc/self/fd/27') failed: Permission denied [fd=27]
12-11 19:56:09.959 19035 19070 E linker  : warning: unable to get realpath for the library "/system/framework/oat/arm64/com.android.location.provider.odex". Will use given name.
12-11 19:56:09.964 19035 19070 E linker  : readlink('/proc/self/fd/27') failed: Permission denied [fd=27]
12-11 19:56:09.964 19035 19070 E linker  : warning: unable to get realpath for the library "/system/framework/oat/arm64/com.android.media.remotedisplay.odex". Will use given name.
12-11 19:56:09.970 19035 19070 E linker  : readlink('/proc/self/fd/27') failed: Permission denied [fd=27]
12-11 19:56:09.970 19035 19070 E linker  : warning: unable to get realpath for the library "/data/app/com.google.android.gms-1/oat/arm64/base.odex". Will use given name.
12-11 19:56:10.063 12231 12240 W art     : Suspending all threads took: 9.983ms
12-11 19:56:10.080 19035 19070 E linker  : readlink('/proc/self/fd/27') failed: Permission denied [fd=27]
12-11 19:56:10.080 19035 19070 E linker  : warning: unable to get realpath for the library "/data/app/com.google.android.gms-1/lib/arm64/libgmscore.so". Will use given name.
12-11 19:56:10.118 19035 19070 E linker  : readlink('/proc/self/fd/27') failed: Permission denied [fd=27]
12-11 19:56:10.118 19035 19070 E linker  : warning: unable to get realpath for the library "/data/app/com.google.android.gms-1/lib/arm64/libconscrypt_gmscore_jni.so". Will use given name.
12-11 19:56:10.119 19035 19070 W linker  : /data/app/com.google.android.gms-1/lib/arm64/libconscrypt_gmscore_jni.so: unused DT entry: type 0xf arg 0x8a
12-11 19:56:10.132 19035 19070 V NativeCrypto: Registering com/google/android/gms/org/conscrypt/NativeCrypto's 276 native methods...
12-11 19:56:10.196 19035 19070 I art     : Rejecting re-init on previously-failed class java.lang.Class<com.google.android.gms.org.conscrypt.DelegatingExtendedSSLSession>
12-11 19:56:10.196 19035 19070 I art     : Rejecting re-init on previously-failed class java.lang.Class<com.google.android.gms.org.conscrypt.DelegatingExtendedSSLSession>
12-11 19:56:10.198 19035 19070 I art     : Rejecting re-init on previously-failed class java.lang.Class<com.google.android.gms.org.conscrypt.DelegatingExtendedSSLSession>
12-11 19:56:10.230 19035 19070 I ProviderInstaller: Installed default security provider GmsCore_OpenSSL
12-11 19:56:10.483 10764 10764 D AatpDeviceManager: taskStatus update (ff00f07563fa9cb7326fba06f969184a88f1ef90: {"result":"en_US","state":2})
12-11 19:56:10.583 10764 19243 D Aatp    : /task/ff00f07563fa9cb7326fba06f969184a88f1ef90/status
12-11 19:56:10.672 12231 12421 I art     : Waiting for a blocking GC DisableMovingGc
12-11 19:56:10.684 12231 12421 I art     : WaitForGcToComplete blocked for 12.326ms for cause DisableMovingGc
12-11 19:56:10.685 12231 12421 I art     : Starting a blocking GC DisableMovingGc
12-11 19:56:11.225 10764 19267 D Aatp    : /ping
12-11 19:56:11.354 10764 19272 D Aatp    : /apps-to-uninstall
12-11 19:56:11.365 10764 19272 D Aatp    : sha1: 11ca28a576e15f4ae1b08e0bd56cfaf3c12cf2a2
12-11 19:56:11.376 10764 10764 D AatpDeviceManager: taskStatus update (11ca28a576e15f4ae1b08e0bd56cfaf3c12cf2a2: {"state":1})
12-11 19:56:11.377   883   883 V NotificationService: pkg=com.amazon.aatp.aatpdevicemanager canInterrupt=false intercept=true
12-11 19:56:11.383 10764 19272 D Aatp    : /task/11ca28a576e15f4ae1b08e0bd56cfaf3c12cf2a2
12-11 19:56:11.407 10764 10764 D AatpDeviceManager: taskStatus update (11ca28a576e15f4ae1b08e0bd56cfaf3c12cf2a2: {"result":[],"state":2})
12-11 19:56:11.511 10764 19280 D Aatp    : /task/11ca28a576e15f4ae1b08e0bd56cfaf3c12cf2a2/status
12-11 19:56:11.602 10764 19286 D Aatp    : /ping
12-11 19:56:11.735 10764 19288 D Aatp    : /clean-accounts
12-11 19:56:11.740 10764 19288 D Aatp    : sha1: 1579608cdf81136e0bc44064c746d130ec0b0807
12-11 19:56:11.751 10764 10764 D AatpDeviceManager: taskStatus update (1579608cdf81136e0bc44064c746d130ec0b0807: {"state":1})
12-11 19:56:11.752   883  7545 I AccountManagerService: getTypesVisibleToCaller: isPermitted? true
12-11 19:56:11.753   883   883 V NotificationService: pkg=com.amazon.aatp.aatpdevicemanager canInterrupt=false intercept=true
12-11 19:56:11.754   883  8490 I AccountManagerService: getTypesVisibleToCaller: isPermitted? true
12-11 19:56:11.755 10764 10764 D AatpDeviceManager: taskStatus update (1579608cdf81136e0bc44064c746d130ec0b0807: {"result":"Cleaned Accounts PASS","state":2})
12-11 19:56:11.777 10764 19288 D Aatp    : /task/1579608cdf81136e0bc44064c746d130ec0b0807
12-11 19:56:11.901 10764 19290 D Aatp    : /task/1579608cdf81136e0bc44064c746d130ec0b0807/status
12-11 19:56:11.992 10764 19291 D Aatp    : /rm-external-files
12-11 19:56:12.004 10764 19291 D Aatp    : sha1: b5c67fb114f7bbef5756b09506e219fe1e4659a1
12-11 19:56:12.012 10764 10764 D AatpDeviceManager: taskStatus update (b5c67fb114f7bbef5756b09506e219fe1e4659a1: {"state":1})
12-11 19:56:12.012 10764 19292 W System.err: java.io.FileNotFoundException: /system/etc/vold.fstab: open failed: ENOENT (No such file or directory)
12-11 19:56:12.013   883   883 V NotificationService: pkg=com.amazon.aatp.aatpdevicemanager canInterrupt=false intercept=true
12-11 19:56:12.019 10764 19291 D Aatp    : /task/b5c67fb114f7bbef5756b09506e219fe1e4659a1
12-11 19:56:12.030 10764 19292 W System.err: 	at libcore.io.IoBridge.open(IoBridge.java:452)
12-11 19:56:12.030 10764 19292 W System.err: 	at java.io.FileInputStream.<init>(FileInputStream.java:76)
12-11 19:56:12.030 10764 19292 W System.err: 	at java.util.Scanner.<init>(Scanner.java:158)
12-11 19:56:12.030 10764 19292 W System.err: 	at java.util.Scanner.<init>(Scanner.java:138)
12-11 19:56:12.030 10764 19292 W System.err: 	at com.amazon.aatp.util.StorageOptions.readVoldFile(StorageOptions.java:43)
12-11 19:56:12.030 10764 19292 W System.err: 	at com.amazon.aatp.util.StorageOptions.determineStorageOptions(StorageOptions.java:20)
12-11 19:56:12.030 10764 19292 W System.err: 	at com.amazon.aatp.aatpdevicemanager.tasks.RmExternalFiles.onHandleIntent(RmExternalFiles.java:34)
12-11 19:56:12.030 10764 19292 W System.err: 	at android.app.IntentService$ServiceHandler.handleMessage(IntentService.java:66)
12-11 19:56:12.030 10764 19292 W System.err: 	at android.os.Handler.dispatchMessage(Handler.java:102)
12-11 19:56:12.030 10764 19292 W System.err: 	at android.os.Looper.loop(Looper.java:148)
12-11 19:56:12.030 10764 19292 W System.err: 	at android.os.HandlerThread.run(HandlerThread.java:61)
12-11 19:56:12.030 10764 19292 W System.err: Caused by: android.system.ErrnoException: open failed: ENOENT (No such file or directory)
12-11 19:56:12.031 10764 19292 W System.err: 	at libcore.io.Posix.open(Native Method)
12-11 19:56:12.031 10764 19292 W System.err: 	at libcore.io.BlockGuardOs.open(BlockGuardOs.java:186)
12-11 19:56:12.031 10764 19292 W System.err: 	at libcore.io.IoBridge.open(IoBridge.java:438)
12-11 19:56:12.031 10764 19292 W System.err: 	... 10 more
12-11 19:56:12.031 10764 19292 D AatpDeviceManager: Wiping files from: /sdcard
12-11 19:56:12.060 10764 19292 D AatpDeviceManager: Wiping files from: /mnt/sdcard
12-11 19:56:12.062 10764 19292 D AatpDeviceManager: 0 files left!
12-11 19:56:12.062 10764 10764 D AatpDeviceManager: taskStatus update (b5c67fb114f7bbef5756b09506e219fe1e4659a1: {"result":[],"state":2})
12-11 19:56:12.142 10764 19293 D Aatp    : /task/b5c67fb114f7bbef5756b09506e219fe1e4659a1/status
12-11 19:56:12.739 19294 19294 D AndroidRuntime: >>>>>> START com.android.internal.os.RuntimeInit uid 2000 <<<<<<
12-11 19:56:12.742 19294 19294 D AndroidRuntime: CheckJNI is OFF
12-11 19:56:12.770 19294 19294 D ICU     : No timezone override file found: /data/misc/zoneinfo/current/icu/icu_tzdata.dat
12-11 19:56:12.794 19294 19294 I Radio-JNI: register_android_hardware_Radio DONE
12-11 19:56:12.810 19294 19294 D AndroidRuntime: Calling main entry com.android.commands.pm.Pm
12-11 19:56:12.815   883  8490 W ActivityManager: Invalid packageName: com.google.android.browser
12-11 19:56:12.816 19294 19294 I art     : System.exit called, status: 1
12-11 19:56:12.816 19294 19294 I AndroidRuntime: VM exiting with result code 1.
12-11 19:56:13.460 19304 19304 D AndroidRuntime: >>>>>> START com.android.internal.os.RuntimeInit uid 2000 <<<<<<
12-11 19:56:13.466 19304 19304 D AndroidRuntime: CheckJNI is OFF
12-11 19:56:13.498 19304 19304 D ICU     : No timezone override file found: /data/misc/zoneinfo/current/icu/icu_tzdata.dat
12-11 19:56:13.535 19304 19304 I Radio-JNI: register_android_hardware_Radio DONE
12-11 19:56:13.553 19304 19304 D AndroidRuntime: Calling main entry com.android.commands.pm.Pm
12-11 19:56:13.558   883  3520 I ActivityManager: Force stopping com.android.chrome appid=10041 user=0: clear data
12-11 19:56:13.563   883   896 W BroadcastQueue: Skipping deliver [background] BroadcastRecord{91b7f9f u0 android.intent.action.PACKAGE_DATA_CLEARED} to ReceiverList{2b39acd 18928 com.android.documentsui/10044/u0 remote:92e864}: process crashing
12-11 19:56:13.564 10925 10925 I GeofencerStateMachine: removeGeofences: removeRequest=RemoveGeofencingRequest[REMOVE_ALL packageName=com.android.chrome]
12-11 19:56:13.595 19304 19304 I art     : System.exit called, status: 0
12-11 19:56:13.595 19304 19304 I AndroidRuntime: VM exiting with result code 0.
12-11 19:56:14.321 19315 19315 D AndroidRuntime: >>>>>> START com.android.internal.os.RuntimeInit uid 2000 <<<<<<
12-11 19:56:14.327 19315 19315 D AndroidRuntime: CheckJNI is OFF
12-11 19:56:14.360 19315 19315 D ICU     : No timezone override file found: /data/misc/zoneinfo/current/icu/icu_tzdata.dat
12-11 19:56:14.394 19315 19315 I Radio-JNI: register_android_hardware_Radio DONE
12-11 19:56:14.411 19315 19315 D AndroidRuntime: Calling main entry com.android.commands.pm.Pm
12-11 19:56:14.415   883  3556 I ActivityManager: Force stopping com.android.systemui appid=10029 user=0: clear data
12-11 19:56:14.418   883   895 W WallpaperManagerService: Wallpaper uninstalled, removing: ComponentInfo{com.android.systemui/com.android.systemui.ImageWallpaper}
12-11 19:56:14.420   883   896 W BroadcastQueue: Skipping deliver [background] BroadcastRecord{d1bb7d8 u0 android.intent.action.PACKAGE_DATA_CLEARED} to ReceiverList{2b39acd 18928 com.android.documentsui/10044/u0 remote:92e864}: process crashing
12-11 19:56:14.422 10925 10925 I GeofencerStateMachine: removeGeofences: removeRequest=RemoveGeofencingRequest[REMOVE_ALL packageName=com.android.systemui]
12-11 19:56:14.463 19315 19315 I art     : System.exit called, status: 0
12-11 19:56:14.463 19315 19315 I AndroidRuntime: VM exiting with result code 0.
12-11 19:56:15.067 19326 19326 D AndroidRuntime: >>>>>> START com.android.internal.os.RuntimeInit uid 2000 <<<<<<
12-11 19:56:15.073 19326 19326 D AndroidRuntime: CheckJNI is OFF
12-11 19:56:15.105 19326 19326 D ICU     : No timezone override file found: /data/misc/zoneinfo/current/icu/icu_tzdata.dat
12-11 19:56:15.141 19326 19326 I Radio-JNI: register_android_hardware_Radio DONE
12-11 19:56:15.161 19326 19326 D AndroidRuntime: Calling main entry com.android.commands.pm.Pm
12-11 19:56:15.166   883  7544 I ActivityManager: Force stopping com.android.phone appid=1001 user=0: clear data
12-11 19:56:15.174   883   896 W BroadcastQueue: Skipping deliver [background] BroadcastRecord{cfa84ab u0 android.intent.action.PACKAGE_DATA_CLEARED} to ReceiverList{2b39acd 18928 com.android.documentsui/10044/u0 remote:92e864}: process crashing
12-11 19:56:15.174 10925 10925 I GeofencerStateMachine: removeGeofences: removeRequest=RemoveGeofencingRequest[REMOVE_ALL packageName=com.android.phone]
12-11 19:56:15.197 19326 19326 I art     : System.exit called, status: 0
12-11 19:56:15.197 19326 19326 I AndroidRuntime: VM exiting with result code 0.
12-11 19:56:15.640 12231 19345 E linker  : readlink('/proc/self/fd/27') failed: Permission denied [fd=27]
12-11 19:56:15.640 12231 19345 E linker  : warning: unable to get realpath for the library "/system/priv-app/Velvet/lib/arm64/libcronet.so". Will use given name.
12-11 19:56:15.684   883  2957 D WifiService: New client listening to asynchronous messages
12-11 19:56:15.687 12231 19345 W EventLoggerService: Unable to send logs
12-11 19:56:15.687 12231 19345 W EventLoggerService: com.google.android.apps.gsa.shared.exception.GsaIOException: Error code: 262160 | The connection was not attempted due to lack of network connectivity.
12-11 19:56:15.687 12231 19345 W EventLoggerService: 	at com.google.android.apps.gsa.search.core.j.a.c(AbstractHttpEngine.java:309)
12-11 19:56:15.687 12231 19345 W EventLoggerService: 	at com.google.android.apps.gsa.search.core.j.a.a(AbstractHttpEngine.java:94)
12-11 19:56:15.687 12231 19345 W EventLoggerService: 	at com.google.android.apps.gsa.shared.io.k.a(HttpHelper.java:209)
12-11 19:56:15.687 12231 19345 W EventLoggerService: 	at com.google.android.apps.gsa.speech.i.b.a(S3LogSender.java:104)
12-11 19:56:15.687 12231 19345 W EventLoggerService: 	at com.google.android.apps.gsa.speech.i.b.br(S3LogSender.java:79)
12-11 19:56:15.687 12231 19345 W EventLoggerService: 	at com.google.android.apps.gsa.eventlogger.EventLoggerService.a(EventLoggerService.java:575)
12-11 19:56:15.687 12231 19345 W EventLoggerService: 	at com.google.android.apps.gsa.eventlogger.EventLoggerService.i(EventLoggerService.java:320)
12-11 19:56:15.687 12231 19345 W EventLoggerService: 	at com.google.android.apps.gsa.eventlogger.EventLoggerService.gB(EventLoggerService.java:245)
12-11 19:56:15.687 12231 19345 W EventLoggerService: 	at com.google.android.apps.gsa.eventlogger.EventLoggerService.onHandleIntent(EventLoggerService.java:236)
12-11 19:56:15.687 12231 19345 W EventLoggerService: 	at android.app.IntentService$ServiceHandler.handleMessage(IntentService.java:66)
12-11 19:56:15.687 12231 19345 W EventLoggerService: 	at android.os.Handler.dispatchMessage(Handler.java:102)
12-11 19:56:15.687 12231 19345 W EventLoggerService: 	at android.os.Looper.loop(Looper.java:148)
12-11 19:56:15.687 12231 19345 W EventLoggerService: 	at android.os.HandlerThread.run(HandlerThread.java:61)
12-11 19:56:15.688 12231 19345 W ErrorReporter: reportError [type: 211, code: 262160]: Error code: 262160 | The connection was not attempted due to lack of network connectivity.
12-11 19:56:15.848 19343 19343 D AndroidRuntime: >>>>>> START com.android.internal.os.RuntimeInit uid 2000 <<<<<<
12-11 19:56:15.855 19343 19343 D AndroidRuntime: CheckJNI is OFF
12-11 19:56:15.884 19343 19343 D ICU     : No timezone override file found: /data/misc/zoneinfo/current/icu/icu_tzdata.dat
12-11 19:56:15.914 19343 19343 I Radio-JNI: register_android_hardware_Radio DONE
12-11 19:56:15.931 19343 19343 D AndroidRuntime: Calling main entry com.android.commands.pm.Pm
12-11 19:56:15.936   883  3090 I ActivityManager: Force stopping com.google.android.apps.maps appid=10059 user=0: clear data
12-11 19:56:15.943   883   896 W BroadcastQueue: Skipping deliver [background] BroadcastRecord{611195 u0 android.intent.action.PACKAGE_DATA_CLEARED} to ReceiverList{2b39acd 18928 com.android.documentsui/10044/u0 remote:92e864}: process crashing
12-11 19:56:15.945 10925 10925 I GeofencerStateMachine: removeGeofences: removeRequest=RemoveGeofencingRequest[REMOVE_ALL packageName=com.google.android.apps.maps]
12-11 19:56:15.975 19343 19343 I art     : System.exit called, status: 0
12-11 19:56:15.975 19343 19343 I AndroidRuntime: VM exiting with result code 0.
12-11 19:56:16.715 19363 19363 D AndroidRuntime: >>>>>> START com.android.internal.os.RuntimeInit uid 2000 <<<<<<
12-11 19:56:16.720 19363 19363 D AndroidRuntime: CheckJNI is OFF
12-11 19:56:16.752 19363 19363 D ICU     : No timezone override file found: /data/misc/zoneinfo/current/icu/icu_tzdata.dat
12-11 19:56:16.789 19363 19363 I Radio-JNI: register_android_hardware_Radio DONE
12-11 19:56:16.807 19363 19363 D AndroidRuntime: Calling main entry com.android.commands.pm.Pm
12-11 19:56:16.812   883  8493 I ActivityManager: Force stopping com.android.settings appid=1000 user=0: clear data
12-11 19:56:16.818   883   896 W BroadcastQueue: Skipping deliver [background] BroadcastRecord{772af76 u0 android.intent.action.PACKAGE_DATA_CLEARED} to ReceiverList{2b39acd 18928 com.android.documentsui/10044/u0 remote:92e864}: process crashing
12-11 19:56:16.819 10925 10925 I GeofencerStateMachine: removeGeofences: removeRequest=RemoveGeofencingRequest[REMOVE_ALL packageName=com.android.settings]
12-11 19:56:16.848 19363 19363 I art     : System.exit called, status: 0
12-11 19:56:16.848 19363 19363 I AndroidRuntime: VM exiting with result code 0.
12-11 19:56:17.589 19374 19374 D AndroidRuntime: >>>>>> START com.android.internal.os.RuntimeInit uid 2000 <<<<<<
12-11 19:56:17.594 19374 19374 D AndroidRuntime: CheckJNI is OFF
12-11 19:56:17.627 19374 19374 D ICU     : No timezone override file found: /data/misc/zoneinfo/current/icu/icu_tzdata.dat
12-11 19:56:17.658 19374 19374 I Radio-JNI: register_android_hardware_Radio DONE
12-11 19:56:17.675 19374 19374 D AndroidRuntime: Calling main entry com.android.commands.pm.Pm
12-11 19:56:17.680   883  8490 I ActivityManager: Force stopping com.google.android.gms appid=10013 user=0: clear data
12-11 19:56:17.681   883  8490 I ActivityManager: Killing 11071:com.google.android.youtube/u0a76 (adj 13): stop com.google.android.gms
12-11 19:56:17.733   883  7546 D ConnectivityService: ConnectivityService NetworkRequestInfo binderDied(NetworkRequest [ id=8, legacyType=-1, [ Capabilities: INTERNET&NOT_RESTRICTED&TRUSTED] ], android.os.BinderProxy@8d9613)
12-11 19:56:17.733   883  2958 D ConnectivityService: releasing NetworkRequest NetworkRequest [ id=8, legacyType=-1, [ Capabilities: INTERNET&NOT_RESTRICTED&TRUSTED] ]
12-11 19:56:17.734   883  2958 E ConnectivityService: RemoteException caught trying to send a callback msg for NetworkRequest [ id=8, legacyType=-1, [ Capabilities: INTERNET&NOT_RESTRICTED&TRUSTED] ]
12-11 19:56:17.740   883  8490 I ActivityManager: Killing 10925:com.google.android.gms.persistent/u0a13 (adj 1): stop com.google.android.gms
12-11 19:56:17.776   883  3090 D GpsStatusListenerHelper: Remote Listener died: android.location.IGpsStatusListener$Stub$Proxy@5b4e050
12-11 19:56:17.777 10764 10764 D AatpDeviceManager: onDisconnected
12-11 19:56:17.777   883  2957 D WifiService: Client connection lost with reason: 4
12-11 19:56:17.782 10959 10959 W RocketImpressions: ClearcutLogger connection suspended: 1
12-11 19:56:17.784   883  8490 W ActivityManager: Scheduling restart of crashed service com.google.android.gms/com.google.android.location.geofencer.service.GeofenceProviderService in 1000ms
12-11 19:56:17.784   883  8490 W ActivityManager: Scheduling restart of crashed service com.google.android.gms/.gcm.GcmService in 11000ms
12-11 19:56:17.784   883  8490 W ActivityManager: Scheduling restart of crashed service com.google.android.gms/com.google.android.location.fused.service.FusedProviderService in 21000ms
12-11 19:56:17.784   883  8490 W ActivityManager: Scheduling restart of crashed service com.google.android.gms/.tapandpay.service.TapAndPayService in 31000ms
12-11 19:56:17.784   883  8490 W ActivityManager: Scheduling restart of crashed service com.google.android.gms/.nearby.messages.service.NearbyMessagesService in 41000ms
