12-11 16:53:19.847   196  1286 D DrmWidevineDash: OEMCrypto_APIVersion: ends! returns version 10
12-11 16:53:19.847   196  1286 D DrmWidevineDash: OEMCrypto_GetHDCPCapability starts!
12-11 16:53:19.855   196  1286 D DrmWidevineDash: OEMCrypto_GetHDCPCapability current=255, max=4
12-11 16:53:19.855   196  1286 D DrmWidevineDash: OEMCrypto_GetHDCPCapability ends! ret = 0
12-11 16:53:19.856   196  1286 D DrmWidevineDash: OEMCrypto_GenerateNonce: starts! SID=1
12-11 16:53:19.869   196  1286 D DrmWidevineDash: OEMCrypto_GenerateNonce: ends! returns 0
12-11 16:53:19.869   196  1286 D WVCdm   : PrepareKeyRequest: nonce=1419104610
12-11 16:53:19.869   196  1286 D DrmWidevineDash: OEMCrypto_GenerateRSASignature starts! SID=1, message=0xb3684a00
12-11 16:53:19.869   196  1286 D DrmWidevineDash: message_length=1616, signature=0xb6076980, signature_length=2931490828
12-11 16:53:19.877 11018 11257 E CommitToConfigurationOperation: Empty snapshot token - package not registered?
12-11 16:53:19.880 12293 12338 W PhenotypeFlagCommitter: Committing snapshot for com.google.android.calendar failed, retrying
12-11 16:53:19.890  1160  1324 W OpenGLRenderer: Incorrectly called buildLayer on View: ShortcutAndWidgetContainer, destroying layer...
12-11 16:53:19.890  1160  1324 W OpenGLRenderer: Incorrectly called buildLayer on View: ShortcutAndWidgetContainer, destroying layer...
12-11 16:53:19.911 11456 11456 W Binder_1: type=1400 audit(0.0:71): avc: denied { read } for name="/" dev="tmpfs" ino=8193 scontext=u:r:untrusted_app:s0:c512,c768 tcontext=u:object_r:device:s0 tclass=dir permissive=0
12-11 16:53:19.930 12280 12280 W GAV2    : Thread[main,5,main]: Need to call initialize() and be in fallback mode to start dispatch.
12-11 16:53:19.934 11018 11258 I HeterodyneSyncScheduler: Scheduling Phenotype for a PhenotypeSyncImmediately(6, com.google.android.calendar) one off with window [1, 2] in seconds
12-11 16:53:19.979 11446 11456 I Adreno-EGL: <qeglDrvAPI_eglInitialize:379>: QUALCOMM Build: 09/02/15, 76f806e, Ibddc658e36
12-11 16:53:19.993   196  1286 D DrmWidevineDash: OEMCrypto_GenerateRSASignature returns 0
12-11 16:53:19.999 12280 12348 E Gmail   : Error finding the version of the Email provider.....
12-11 16:53:19.999 12280 12348 E Gmail   : android.content.pm.PackageManager$NameNotFoundException: com.google.android.email
12-11 16:53:19.999 12280 12348 E Gmail   : 	at android.app.ApplicationPackageManager.getPackageInfo(ApplicationPackageManager.java:137)
12-11 16:53:19.999 12280 12348 E Gmail   : 	at com.google.android.gm.EmailMigrationService.a(SourceFile:1279)
12-11 16:53:19.999 12280 12348 E Gmail   : 	at com.google.android.gm.EmailMigrationService.onHandleIntent(SourceFile:219)
12-11 16:53:19.999 12280 12348 E Gmail   : 	at android.app.IntentService$ServiceHandler.handleMessage(IntentService.java:66)
12-11 16:53:19.999 12280 12348 E Gmail   : 	at android.os.Handler.dispatchMessage(Handler.java:102)
12-11 16:53:19.999 12280 12348 E Gmail   : 	at android.os.Looper.loop(Looper.java:148)
12-11 16:53:19.999 12280 12348 E Gmail   : 	at android.os.HandlerThread.run(HandlerThread.java:61)
12-11 16:53:19.999   196   196 I WVCdm   : CdmEngine::CloseSession
12-11 16:53:19.999   196   196 D DrmWidevineDash: OEMCrypto_CloseSession: starts! SID=1
12-11 16:53:19.999 12280 12348 W EmailMigration: We do not support migrating this version of the Email provider.
12-11 16:53:20.017   196   196 D DrmWidevineDash: OEMCrypto_CloseSession: ends! returns 0
12-11 16:53:20.017   196   196 D DrmWidevineDash: OEMCrypto_Terminate: starts!
12-11 16:53:20.019 11446 11456 I Adreno-EGL: <qeglDrvAPI_eglInitialize:379>: QUALCOMM Build: 09/02/15, 76f806e, Ibddc658e36
12-11 16:53:20.031 12280 12350 I NotifUtils: resendNotifications cancelExisting: true, account: null, folder: null
12-11 16:53:20.034   196   196 D DrmWidevineDash: Service_Uninitialize: starts!
12-11 16:53:20.034   196   196 D QSEECOMAPI: : QSEECom_shutdown_app 
12-11 16:53:20.034   196   196 D QSEECOMAPI: : QSEECom_shutdown_app, app_id = 2
12-11 16:53:20.035 12280 12351 I Gmail   : getAccountsCursor
12-11 16:53:20.039   196   196 D DrmWidevineDash: Service_Uninitialize: ends! returns 0x0
12-11 16:53:20.039   196   196 D DrmWidevineDash: OEMCrypto_Terminate: ends! returns 0
12-11 16:53:20.042   609  3416 I AccountManagerService: getTypesVisibleToCaller: isPermitted? true
12-11 16:53:20.044   609  7033 W ActivityManager: Unable to start service Intent { act=com.android.mail.action.BACKUP_DATA_CHANGED pkg=com.google.android.gm } U=0: not found
12-11 16:53:20.047   609   832 W ActivityManager: Unable to start service Intent { act=com.android.mail.action.BACKUP_DATA_CHANGED pkg=com.google.android.gm } U=0: not found
12-11 16:53:20.047 12234 12234 I CalendarProvider2: Sending notification intent: Intent { act=android.intent.action.PROVIDER_CHANGED dat=content://com.android.calendar }
12-11 16:53:20.047 12234 12234 W ContentResolver: Failed to get type for: content://com.android.calendar (Unknown URL content://com.android.calendar)
12-11 16:53:20.048 12280 12355 I NotifUtils: resendNotifications cancelExisting: true, account: null, folder: null
12-11 16:53:20.049   609  1289 W ActivityManager: Unable to start service Intent { act=com.android.mail.action.BACKUP_DATA_CHANGED pkg=com.google.android.gm } U=0: not found
12-11 16:53:20.052   609  3442 W ActivityManager: Unable to start service Intent { act=com.android.mail.action.BACKUP_DATA_CHANGED pkg=com.google.android.gm } U=0: not found
12-11 16:53:20.054   609  1164 W ActivityManager: Unable to start service Intent { act=com.android.mail.action.BACKUP_DATA_CHANGED pkg=com.google.android.gm } U=0: not found
12-11 16:53:20.057   609   619 W ActivityManager: Unable to start service Intent { act=com.android.mail.action.BACKUP_DATA_CHANGED pkg=com.google.android.gm } U=0: not found
12-11 16:53:20.063   609   832 W ActivityManager: Unable to start service Intent { act=com.android.mail.action.BACKUP_DATA_CHANGED pkg=com.google.android.gm } U=0: not found
12-11 16:53:20.076 11446 11456 I Adreno-EGL: <qeglDrvAPI_eglInitialize:379>: QUALCOMM Build: 09/02/15, 76f806e, Ibddc658e36
12-11 16:53:20.089 11041 12102 I IcingInternalCorpora: Received calendar change notification.
12-11 16:53:20.112   609  3358 I AccountManagerService: getTypesVisibleToCaller: isPermitted? true
12-11 16:53:20.112   609  8020 I AccountManagerService: getTypesVisibleToCaller: isPermitted? true
12-11 16:53:20.115   609  1164 I AccountManagerService: getTypesVisibleToCaller: isPermitted? true
12-11 16:53:20.115   609  1289 I AccountManagerService: getTypesVisibleToCaller: isPermitted? true
12-11 16:53:20.120   609  7033 I AccountManagerService: getTypesVisibleToCaller: isPermitted? true
12-11 16:53:20.126   609  3042 I AccountManagerService: getTypesVisibleToCaller: isPermitted? true
12-11 16:53:20.152 10534 12364 D Aatp    : /task/f5efeeffcd3c4817b19405d3646836f54ac49d8c/status
12-11 16:53:20.167 12280 12308 I Gmail   : getAccountsCursor
12-11 16:53:20.168   609  7033 I AccountManagerService: getTypesVisibleToCaller: isPermitted? true
12-11 16:53:20.171 11456 11456 W Binder_1: type=1400 audit(0.0:72): avc: denied { search } for name="206" dev="proc" ino=8214 scontext=u:r:untrusted_app:s0:c512,c768 tcontext=u:r:zygote:s0 tclass=dir permissive=0
12-11 16:53:20.220   609   959 I ActivityManager: Start proc 12370:com.google.android.music:main/u0a59 for broadcast com.google.android.music/.notifications.NotificationChannelInitializationBroadcastReceiver
12-11 16:53:20.305 12370 12370 W System  : ClassLoader referenced unknown path: /data/app/com.google.android.music-2/lib/arm
12-11 16:53:20.313 12370 12370 I MultiDex: VM with version 2.1.0 has multidex support
12-11 16:53:20.313 12370 12370 I MultiDex: install
12-11 16:53:20.313 12370 12370 I MultiDex: VM has multidex support, MultiDex support library is disabled.
12-11 16:53:20.327 11018 12386 W ConfigurationChimeraProvider: Got null configs for com.google.android.gms.nearby
12-11 16:53:20.344   609  7033 I AccountManagerService: getTypesVisibleToCaller: isPermitted? true
12-11 16:53:20.346   609  1289 I AccountManagerService: getTypesVisibleToCaller: isPermitted? true
12-11 16:53:20.347   609   775 I AccountManagerService: getTypesVisibleToCaller: isPermitted? true
12-11 16:53:20.351 12370 12370 D MusicLifecycle: com.google.android.music.store.ConfigContentProvider generated event: Content provider created
12-11 16:53:20.361 12370 12370 D MusicLifecycle: com.google.android.music.api.MusicPublicContentProvider generated event: Content provider created
12-11 16:53:20.370   609  7033 W ActivityManager: Unable to start service Intent { cmp=com.google.android.gm/com.android.email.service.AttachmentService } U=0: not found
12-11 16:53:20.374   609  1164 I AccountManagerService: getTypesVisibleToCaller: isPermitted? true
12-11 16:53:20.374   609   775 I AccountManagerService: getTypesVisibleToCaller: isPermitted? true
12-11 16:53:20.375   609  3442 I AccountManagerService: getTypesVisibleToCaller: isPermitted? true
12-11 16:53:20.380 11041 11041 W ChimeraUtils: Non Chimera context
12-11 16:53:20.400 12280 12390 I Gmail   : Observing account changes for notifications
12-11 16:53:20.411 12318 12318 W GAV2    : Thread[main,5,main]: Need to call initialize() and be in fallback mode to start dispatch.
12-11 16:53:20.432 12318 12318 I Exchange: EasService.onCreate
12-11 16:53:20.456 12318 12396 I Exchange: RestartPingTask
12-11 16:53:20.463 12370 12370 D MusicLifecycle: com.google.android.music.store.MusicContentProvider generated event: Content provider created
12-11 16:53:20.463 11041 11266 I Icing   : IndexChimeraService.getServiceInterface callingPackage=com.google.android.gms componentName=AppsCorpus serviceId=36
12-11 16:53:20.464 11041 11374 I Icing   : IndexChimeraService.getServiceInterface callingPackage=com.google.android.gms componentName=AppsCorpus serviceId=32
12-11 16:53:20.471 12370 12370 D MusicLifecycle: com.google.android.music.ui.PhoneMusicApplication generated event: Application created
12-11 16:53:20.480 11041 11266 I Icing   : Query from com.google.android.gms package restrict com.google.android.gms start 0 num 100
12-11 16:53:20.509 11018 11018 I BeaconBle: Using BLE 'L' hardware layer
12-11 16:53:20.511 11018 11018 W Nearby  : Bind call too late - someone already tried to get: interface avxe
12-11 16:53:20.514 12370 12370 D MusicLifecycle: com.google.android.music.store.ConfigContentProvider generated event: initializing
12-11 16:53:20.515 12370 12370 I BaseStore: ConfigStore database version: 1
12-11 16:53:20.553 12318 12318 I Exchange: RestartPingsTask did not start any pings.
12-11 16:53:20.553 12318 12318 I Exchange: PSS stopIfIdle
12-11 16:53:20.553 12318 12318 I Exchange: PSS has no active accounts; stopping service.
12-11 16:53:20.559 12318 12318 I Exchange: onDestroy
12-11 16:53:20.561 11041 11266 I Icing   : IndexChimeraService.getServiceInterface callingPackage=com.google.android.gms componentName=AppsCorpus serviceId=36
12-11 16:53:20.562 11041 11374 I Icing   : IndexChimeraService.getServiceInterface callingPackage=com.google.android.gms componentName=AppsCorpus serviceId=32
12-11 16:53:20.646   609  3442 I AccountManagerService: getTypesVisibleToCaller: isPermitted? true
12-11 16:53:20.651 12370 12370 W linker  : /data/app/com.google.android.gms-2/lib/arm/libconscrypt_gmscore_jni.so: unused DT entry: type 0x1d arg 0x1ed
12-11 16:53:20.651 11041 11209 I Icing   : Usage reports 0 indexed 0 rejected 0 imm upload false
12-11 16:53:20.657 12370 12370 V NativeCrypto: Registering com/google/android/gms/org/conscrypt/NativeCrypto's 259 native methods...
12-11 16:53:20.667 11041 11209 I Icing   : Usage reports 0 indexed 0 rejected 0 imm upload false
12-11 16:53:20.688 12370 12370 I art     : Rejecting re-init on previously-failed class java.lang.Class<com.google.android.gms.org.conscrypt.OpenSSLExtendedSessionImpl>
12-11 16:53:20.688 12370 12370 I art     : Rejecting re-init on previously-failed class java.lang.Class<com.google.android.gms.org.conscrypt.OpenSSLExtendedSessionImpl>
12-11 16:53:20.690 12370 12370 I art     : Rejecting re-init on previously-failed class java.lang.Class<com.google.android.gms.org.conscrypt.OpenSSLExtendedSessionImpl>
12-11 16:53:20.698 11041 11209 I Icing   : Usage reports 0 indexed 0 rejected 0 imm upload false
12-11 16:53:20.711 11041 11209 I Icing   : Usage reports 0 indexed 0 rejected 0 imm upload false
12-11 16:53:20.715 12370 12370 I ProviderInstaller: Installed default security provider GmsCore_OpenSSL
12-11 16:53:20.715 12370 12370 D AndroidMusic: GMSCore installation verified
12-11 16:53:20.736 11041 11048 W SQLiteConnectionPool: A SQLiteConnection object for database '/data/user/0/com.google.android.gms/databases/networkstatistics.sqlite' was leaked!  Please fix your application to end transactions in progress properly and to close the database when it is no longer needed.
12-11 16:53:20.798 11041 12257 I CheckinUtil: Classify the device as Tablet.
12-11 16:53:20.813 12370 12370 I MusicExperimentManager: Received config change, experiments list is null
12-11 16:53:20.814 12370 12370 W MusicExperimentManager: Parsing error while updating analysis experiments
12-11 16:53:20.825 11018 12393 D BluetoothAdapter: STATE_ON
12-11 16:53:20.825 11018 12393 D BluetoothLeScanner: could not find callback wrapper
12-11 16:53:20.831 11018 12393 I BeaconBle: Client requested scan, settings=BleSettings [scanMode=LOW_LATENCY, callbackType=ALL_MATCHES, reportDelayMillis=0, 6 filters, 1 clients, callingClientName=Nearby]
12-11 16:53:20.837 11018 12393 D BluetoothAdapter: STATE_ON
12-11 16:53:20.837 11018 12393 D BluetoothAdapter: enableBLE(): BT is already enabled..!
12-11 16:53:20.843 12370 12370 I BaseStore: Store database version: 146
12-11 16:53:20.859 11018 12393 I BeaconBle: 'L' hardware scan: 6 filters, scanMode=2, reportdelay=0, callback type=1, #clients=1
12-11 16:53:20.862 11018 12393 I BeaconBle: Starting scan on OS scanner. BT state: 12
12-11 16:53:20.862 11018 12393 D BluetoothAdapter: STATE_ON
12-11 16:53:20.867 11018 12388 W NearbyMessages: LocationProvider returns null
12-11 16:53:20.869 11879 11889 D BtGatt.GattService: registerClient() - UUID=8ea2fe0e-44cb-4c89-bbea-21085e9d8df6
12-11 16:53:20.869 11879 11896 D BtGatt.GattService: onClientRegistered() - UUID=8ea2fe0e-44cb-4c89-bbea-21085e9d8df6, clientIf=5
12-11 16:53:20.870 11018 11028 D BluetoothLeScanner: onClientRegistered() - status=0 clientIf=5
12-11 16:53:20.871 11879 11890 D BtGatt.GattService: start scan with filters
12-11 16:53:20.875 11879 11899 D BtGatt.ScanManager: handling starting scan
12-11 16:53:20.878 11879 11899 D BtGatt.ScanManager: configureRegularScanParams() - queue=1
12-11 16:53:20.878 11879 11899 D BtGatt.ScanManager: configureRegularScanParams() - ScanSetting Scan mode=2 mLastConfiguredScanSetting=-2147483648
12-11 16:53:20.878 11879 11899 D BtGatt.ScanManager: configureRegularScanParams - scanInterval = 8000configureRegularScanParams - scanWindow = 8000
12-11 16:53:20.879 11879 11896 D BtGatt.GattService: onScanParamSetupCompleted : 0
12-11 16:53:20.879 12370 12370 I PlaybackClient: init: Initializing
12-11 16:53:20.973 12370 12370 D MusicLifecycle: com.google.android.music.notifications.NotificationChannelInitializationBroadcastReceiver generated event: Broadcast received with context android.app.ReceiverRestrictedContext@b7b846e and intent Intent { act=android.intent.action.LOCALE_CHANGED flg=0x10000010 cmp=com.google.android.music/.notifications.NotificationChannelInitializationBroadcastReceiver }
12-11 16:53:20.976 12370 12370 D MusicLifecycle: com.google.android.music.net.NetworkConnectivityMonitor$NetworkChangedReceiver generated event: Broadcast received with context com.google.android.music.ui.PhoneMusicApplication@6b9e6f0 and intent Intent { act=android.net.conn.CONNECTIVITY_CHANGE flg=0x4000010 (has extras) }
12-11 16:53:20.976 12370 12370 I NetworkConnectivity: Network state changed: [type: WIFI[], state: CONNECTED/CONNECTED, reason: (unspecified), extra: "9902008825", roaming: false, failover: false, isAvailable: true]
12-11 16:53:20.990   609  8020 I ActivityManager: Start proc 12425:com.google.android.apps.maps/u0a57 for broadcast com.google.android.apps.maps/com.google.android.apps.gmm.notification.channels.NotificationChannelBroadcastReceiver
12-11 16:53:21.000 12370 12370 D MusicLifecycle: com.google.android.music.download.EncapsulatedBroadcastReceiver$1 generated event: Broadcast received with context com.google.android.music.ui.PhoneMusicApplication@6b9e6f0 and intent Intent { act=com.google.android.music.ResumeStorageMigration flg=0x10 (has extras) }
12-11 16:53:21.002 12370 12370 D MusicLifecycle: com.google.android.music.download.artwork.ArtDownloadService generated event: Service created
12-11 16:53:21.028 12370 12370 I NetworkPolicyMonitor: Download-ability status changed to (true) unmetered wifi/eth: true mobileOrMetered: false
12-11 16:53:21.034 12370 12370 I NetworkPolicyMonitor: Stream-ability status changed to (true) unmetered wifi/eth: true mobileOrMetered: false
12-11 16:53:21.060 12425 12425 I LoadedApk: No resource references to update in package FFFFFFFFFFFFFFFFFFFFFF
12-11 16:53:21.066   609  7033 I ActivityManager: Killing 10757:com.android.defcontainer/u0a5 (adj 15): empty #17
12-11 16:53:21.092 10534 10534 D AatpDeviceManager: taskStatus update (f5efeeffcd3c4817b19405d3646836f54ac49d8c: {"result":"en_US","state":2})
12-11 16:53:21.180   609  7033 I ActivityManager: Killing 10746:com.android.documentsui/u0a39 (adj 15): empty #18
12-11 16:53:21.192 10534 12444 D Aatp    : /task/f5efeeffcd3c4817b19405d3646836f54ac49d8c/status
12-11 16:53:21.305 12370 12370 D MusicLifecycle: com.google.android.music.download.EncapsulatedBroadcastReceiver$1 generated event: Broadcast received with context com.google.android.music.ui.PhoneMusicApplication@6b9e6f0 and intent Intent { act=com.google.android.music.download.keepon.KeeponSchedulingService.START_DOWNLOAD flg=0x10 }
12-11 16:53:21.342 12425 12448 E linker  : readlink('/proc/self/fd/16') failed: Permission denied [fd=16]
12-11 16:53:21.343 12425 12448 E linker  : warning: unable to get realpath for the library "/data/app/com.google.android.apps.maps-2/lib/arm/libgmm-jni.so". Will use given name.
12-11 16:53:21.371 12370 12422 D AwarenessRouter: Successfully removed previous context fences
12-11 16:53:21.407   190   508 D PermissionCache: checking android.permission.READ_FRAME_BUFFER for uid=2000 => granted (274 us)
12-11 16:53:21.556 11041 12257 W System  : Ignoring header Cookie because its value was null.
12-11 16:53:21.556 11041 12257 I ProcessCheckinRequest: set cookie as: null
12-11 16:53:21.563 11041 11259 I IcingInternalCorpora: EventIndexer: starting incremental update
12-11 16:53:21.563 11041 11259 I IcingInternalCorpora: EventIndexer: 0 added, 0 removed, 0 changed, 0 unchanged, 0 errors.
12-11 16:53:21.564 11041 11259 I IcingInternalCorpora: EventIndexer: finished after 1 ms.
12-11 16:53:21.665   609   619 D VoldConnector: SND -> {14 volume mkdirs /storage/emulated/0/Android/data/com.google.android.apps.maps/files/}
12-11 16:53:21.669   609   664 D VoldConnector: RCV <- {200 14 Command succeeded}
12-11 16:53:21.677   609   775 I ActivityManager: Killing 11190:com.google.android.gms:car/u0a9 (adj 15): empty #17
12-11 16:53:21.753 11041 11259 I Icing   : Indexing 75C78C5A77DC1D5DE742AC69E3B06DCE2BF8CE37 from com.google.android.gms
12-11 16:53:22.260 11018 11018 I GoogleURLConnFactory: Using platform SSLCertificateSocketFactory
12-11 16:53:22.433   609  3442 I AccountManagerService: getTypesVisibleToCaller: isPermitted? true
12-11 16:53:22.932 11041 11259 I Icing   : Indexing done 75C78C5A77DC1D5DE742AC69E3B06DCE2BF8CE37
12-11 16:53:23.830 11018 12393 D BluetoothAdapter: STATE_ON
12-11 16:53:23.830 11018 12393 D BluetoothLeScanner: could not find callback wrapper
12-11 16:53:23.836 11018 12393 I BeaconBle: Client requested scan, settings=BleSettings [scanMode=ZERO_POWER, callbackType=ALL_MATCHES, reportDelayMillis=0, 6 filters, 1 clients, callingClientName=Nearby]
12-11 16:53:23.863 11018 12393 I BeaconBle: Stopping scan on delegate scanner. BT state: 12
12-11 16:53:23.865 11018 12393 D BluetoothAdapter: STATE_ON
12-11 16:53:23.867 11879 11889 D BtGatt.GattService: stopScan() - queue size =1
12-11 16:53:23.868 11879 11899 D BtGatt.ScanManager: stop scan
12-11 16:53:23.869 11879 11899 D BtGatt.ScanManager: configureRegularScanParams() - queue=0
12-11 16:53:23.869 11879 11899 D BtGatt.ScanManager: configureRegularScanParams() - ScanSetting Scan mode=-2147483648 mLastConfiguredScanSetting=2
12-11 16:53:23.869 11879 11899 D BtGatt.ScanManager: configureRegularScanParams() - queue emtpy, scan stopped
12-11 16:53:23.873 11879 11890 D BtGatt.GattService: unregisterClient() - clientIf=5
12-11 16:53:23.892 11018 12393 I BeaconBle: Resetting - new scanner available: true
12-11 16:53:23.892 11018 12393 I BeaconBle: ZERO_POWER is disabled.
12-11 16:53:23.892 11018 12393 I BeaconBle: 'L' hardware scan: scan stopped, no powered clients
12-11 16:53:24.153   609   775 I ActivityManager: Killing 11682:com.google.android.apps.gcs/u0a8 (adj 15): empty #17
12-11 16:53:24.783 11041 11041 I GAv4-SVC: Google Analytics 11.5.09 is starting up.
12-11 16:53:24.958 12280 12342 I GAV2    : Thread[GAThread,5,main]: No campaign data found.
12-11 16:53:25.122   609   832 I ActivityManager: Killing 10838:com.android.chrome/u0a36 (adj 15): empty #17
12-11 16:53:25.396   609  3416 I ActivityManager: Killing 11707:com.android.settings/1000 (adj 15): empty #17
12-11 16:53:25.407   609   674 D WifiService: Client connection lost with reason: 4
12-11 16:53:25.520 12318 12392 I GAV2    : Thread[GAThread,5,main]: No campaign data found.
12-11 16:53:25.844 12370 12370 D MusicLifecycle: com.google.android.music.autocache.AutoCacheSchedulingService$EnablingReceiver generated event: Broadcast received with context android.app.ReceiverRestrictedContext@b7b846e and intent Intent { act=com.google.android.music.START_DOWNLOAD_SCHEDULING flg=0x10 cmp=com.google.android.music/.autocache.AutoCacheSchedulingService$EnablingReceiver }
12-11 16:53:25.888 12370 12370 D MusicLifecycle: com.google.android.music.autocache.AutoCacheSchedulingService generated event: Service created
12-11 16:53:25.943 12370 12370 D MusicLifecycle: com.google.android.music.autocache.AutoCacheSchedulingService generated event: Service started with intent Intent { act=com.google.android.music.leanback.APP_IN_USE cmp=com.google.android.music/.autocache.AutoCacheSchedulingService (has extras) }
12-11 16:53:25.946 12370 12370 D MusicLifecycle: com.google.android.music.wear.WearBroadcastReceiver generated event: Broadcast received with context android.app.ReceiverRestrictedContext@b7b846e and intent Intent { act=com.google.android.music.START_DOWNLOAD_SCHEDULING flg=0x10 cmp=com.google.android.music/.wear.WearBroadcastReceiver }
12-11 16:53:25.976 12370 12423 W WearSignatureVerifier: No package com.google.android.wearable.app.cn
12-11 16:53:25.980 12370 12423 W WearSignatureVerifier: No package com.google.android.wearable.app.cn
12-11 16:53:25.980 12370 12423 W WearSignatureVerifier: No package com.google.android.wearable.app.cn
12-11 16:53:25.980 12370 12423 W WearSignatureVerifier: No package com.google.android.wearable.app.cn
12-11 16:53:25.993 11018 11018 I WearableService: Wearable Services not starting - Wear is not available on this device.
12-11 16:53:25.999 11018 11029 D WearableService: onGetService - Wear is not available on this device.
12-11 16:53:26.004 12370 12370 W WearSignatureVerifier: No package com.google.android.wearable.app.cn
12-11 16:53:26.006 12370 12509 E GmsUtils: Failed to connect to Google API client: ConnectionResult{statusCode=API_UNAVAILABLE, resolution=null, message=null}
12-11 16:53:26.032 12370 12505 I MusicLeanback: Conditions not met for autocaching. okToAttempt=false
12-11 16:53:26.032 12370 12505 I MusicLeanback: Stop autocaching.
12-11 16:53:26.036 12370 12370 D MusicLifecycle: com.google.android.music.autocache.AutoCacheSchedulingService generated event: Service destroyed
12-11 16:53:26.039   609  3442 I ActivityManager: Killing 11397:com.google.android.gms.ui/u0a9 (adj 15): empty #17
12-11 16:53:26.225 12370 12421 I MediaStoreImporter: Update: incremental Added music: 0 Updated music: 0 Deleted music: 0 Created playlists: 0 Updated playlists: 0 Deleted playlists: 0 Inserted playlist items: 0 Deleted playlist items: 0 Removed orphaned playlist items: 0
12-11 16:53:26.227 12370 12370 D MusicLifecycle: com.google.android.music.download.EncapsulatedBroadcastReceiver$1 generated event: Broadcast received with context com.google.android.music.ui.PhoneMusicApplication@6b9e6f0 and intent Intent { act=com.google.android.music.IMPORT_COMPLETE flg=0x10 }
12-11 16:53:26.229 12370 12370 D MusicLifecycle: com.google.android.music.wear.WearBroadcastReceiver generated event: Broadcast received with context android.app.ReceiverRestrictedContext@b7b846e and intent Intent { act=com.google.android.music.IMPORT_COMPLETE flg=0x10 cmp=com.google.android.music/.wear.WearBroadcastReceiver }
12-11 16:53:26.241 12370 12423 W WearSignatureVerifier: No package com.google.android.wearable.app.cn
12-11 16:53:26.246 12370 12423 W WearSignatureVerifier: No package com.google.android.wearable.app.cn
12-11 16:53:26.246 12370 12423 W WearSignatureVerifier: No package com.google.android.wearable.app.cn
12-11 16:53:26.247 12370 12423 W WearSignatureVerifier: No package com.google.android.wearable.app.cn
12-11 16:53:26.250 11018 11029 D WearableService: onGetService - Wear is not available on this device.
12-11 16:53:26.252 12370 12370 W WearSignatureVerifier: No package com.google.android.wearable.app.cn
12-11 16:53:26.252 12370 12524 E GmsUtils: Failed to connect to Google API client: ConnectionResult{statusCode=API_UNAVAILABLE, resolution=null, message=null}
12-11 16:53:26.573 11041 12257 W Conscrypt: Could not set socket write timeout:
12-11 16:53:26.574 11041 12257 W Conscrypt:    java.lang.reflect.Method.invoke(Native Method)
12-11 16:53:26.575 11041 12257 W Conscrypt:    com.google.android.gms.org.conscrypt.Platform.setSocketWriteTimeout(:com.google.android.gms@11509436:13)
12-11 16:53:26.641 11041 12257 W Conscrypt: Could not set socket write timeout:
12-11 16:53:26.641 11041 12257 W Conscrypt:    java.lang.reflect.Method.invoke(Native Method)
12-11 16:53:26.642 11041 12257 W Conscrypt:    com.google.android.gms.org.conscrypt.Platform.setSocketWriteTimeout(:com.google.android.gms@11509436:13)
12-11 16:53:26.922 11041 12257 I ProcessCheckinRequest: REQUEST: c: "d850e67b2905"
12-11 16:53:26.922 11041 12257 I ProcessCheckinRequest: d: "wifi"
12-11 16:53:26.922 11041 12257 I ProcessCheckinRequest: e: "077a8749"
12-11 16:53:26.922 11041 12257 I ProcessCheckinRequest: g: 4592689201772525515
12-11 16:53:26.922 11041 12257 I ProcessCheckinRequest: h: -2268828729058163278
12-11 16:53:26.922 11041 12257 I ProcessCheckinRequest: i: "1-8f6d7c1d9f261e31591ed284433bedbfb4f3863d"
12-11 16:53:26.922 11041 12257 I ProcessCheckinRequest: j: "en_US"
12-11 16:53:26.922 11041 12257 I ProcessCheckinRequest: k <
12-11 16:53:26.922 11041 12257 I ProcessCheckinRequest:   a <
12-11 16:53:26.922 11041 12257 I ProcessCheckinRequest:     a: "google/razor/flo:6.0/MRA58V/2324235:user/release-keys"
12-11 16:53:26.922 11041 12257 I ProcessCheckinRequest:     c: "FLO-04.08"
12-11 16:53:26.922 11041 12257 I ProcessCheckinRequest:     d: "flo"
12-11 16:53:26.922 11041 12257 I ProcessCheckinRequest:     e: "google"
12-11 16:53:26.922 11041 12257 I ProcessCheckinRequest:     f: "android-google"
12-11 16:53:26.922 11041 12257 I ProcessCheckinRequest:     g: 1444387695
12-11 16:53:26.922 11041 12257 I ProcessCheckinRequest:     h: 11509436
12-11 16:53:26.922 11041 12257 I ProcessCheckinRequest:     i: 23
12-11 16:53:26.922 11041 12257 I ProcessCheckinRequest:     j: "flo"
12-11 16:53:26.922 11041 12257 I ProcessCheckinRequest:     k: "Nexus 7"
12-11 16:53:26.922 11041 12257 I ProcessCheckinRequest:     l: "asus"
12-11 16:53:26.922 11041 12257 I ProcessCheckinRequest:     m: "razor"
12-11 16:53:26.922 11041 12257 I ProcessCheckinRequest:     n: true
12-11 16:53:26.922 11041 12257 I ProcessCheckinRequest:     o <
12-11 16:53:26.922 11041 12257 I ProcessCheckinRequest:       a: 2
12-11 16:53:26.922 11041 12257 I ProcessCheckinRequest:       b: "tablet-android-google"
12-11 16:53:26.922 11041 12257 I ProcessCheckinRequest:     >
12-11 16:53:26.922 11041 12257 I ProcessCheckinRequest:     o <
12-11 16:53:26.922 11041 12257 I ProcessCheckinRequest:       a: 1
12-11 16:53:26.922 11041 12257 I ProcessCheckinRequest:       b: "android-google"
12-11 16:53:26.922 11041 12257 I ProcessCheckinRequest:     >
12-11 16:53:26.922 11041 12257 I ProcessCheckinRequest:     o <
12-11 16:53:26.922 11041 12257 I ProcessCheckinRequest:       a: 4
12-11 16:53:26.922 11041 12257 I ProcessCheckinRequest:       b: "gmm-android-google"
12-11 16:53:26.922 11041 12257 I ProcessCheckinRequest:     >
12-11 16:53:26.922 11041 12257 I ProcessCheckinRequest:     o <
12-11 16:53:26.922 11041 12257 I ProcessCheckinRequest:       a: 5
12-11 16:53:26.922 11041 12257 I ProcessCheckinRequest:       b: "mvapp-android-google"
12-11 16:53:26.922 11041 12257 I ProcessCheckinRequest:     >
12-11 16:53:26.922 11041 12257 I ProcessCheckinRequest:     o <
12-11 16:53:26.922 11041 12257 I ProcessCheckinRequest:       a: 6
12-11 16:53:26.922 11041 12257 I ProcessCheckinRequest:       b: "am-android-google"
12-11 16:53:26.922 11041 12257 I ProcessCheckinRequest:     >
12-11 16:53:26.922 11041 12257 I ProcessCheckinRequest:     o <
12-11 16:53:26.922 11041 12257 I ProcessCheckinRequest:       a: 9
12-11 16:53:26.922 11041 12257 I ProcessCheckinRequest:       b: "tablet-android-google"
12-11 16:53:26.922 11041 12257 I ProcessCheckinRequest:     >
12-11 16:53:26.922 11041 12257 I ProcessCheckinRequest:     q: "2015-11-01"
12-11 16:53:26.922 11041 12257 I ProcessCheckinRequest:   >
12-11 16:53:26.922 11041 12257 I ProcessCheckinRequest:   b: 0
12-11 16:53:26.922 11041 12257 I ProcessCheckinRequest:   d <
12-11 16:53:26.922 11041 12257 I ProcessCheckinRequest:     a: "event_log_start"
12-11 16:53:26.922 11041 12257 I ProcessCheckinRequest:     c: 1512777387196
12-11 16:53:26.922 11041 12257 I ProcessCheckinRequest:   >
12-11 16:53:26.922 11041 12257 I ProcessCheckinRequest:   d <
12-11 16:53:26.922 11041 12257 I ProcessCheckinRequest:     a: "event_log_start"
12-11 16:53:26.922 11041 12257 I ProcessCheckinRequest:     c: 1512781734574
12-11 16:53:26.922 11041 12257 I ProcessCheckinRequest:   >
12-11 16:53:26.922 11041 12257 I ProcessCheckinRequest:   d <
12-11 16:53:26.922 11041 12257 I ProcessCheckinRequest:     a: "event_log_start"
12-11 16:53:26.922 11041 12257 I ProcessCheckinRequest:     c: 1512781734574
12-11 16:53:26.922 11041 12257 I ProcessCheckinRequest:   >
12-11 16:53:26.922 11041 12257 I ProcessCheckinRequest:   d <
12-11 16:53:26.922 11041 12257 I ProcessCheckinRequest:     a: "event_log_start"
12-11 16:53:26.922 11041 12257 I ProcessCheckinRequest:     c: 1512781734574
12-11 16:53:26.922 11041 12257 I ProcessCheckinRequest:   >
12-11 16:53:26.922 11041 12257 I ProcessCheckinRequest:   d <
12-11 16:53:26.922 11041 12257 I ProcessCheckinRequest:     a: "event_log_start"
12-11 16:53:26.922 11041 12257 I ProcessCheckinRequest:     c: 1512781734574
12-11 16:53:26.922 11041 12257 I ProcessCheckinRequest:   >
12-11 16:53:26.922 11041 12257 I ProcessCheckinRequest:   d <
12-11 16:53:26.922 11041 12257 I ProcessCheckinRequest:     a: "event_log_start"
12-11 16:53:26.922 11041 12257 I ProcessCheckinRequest:     c: 1512783979382
12-11 16:53:26.922 11041 12257 I ProcessCheckinRequest:   >
12-11 16:53:26.922 11041 12257 I ProcessCheckinRequest:   d <
12-11 16:53:26.922 11041 12257 I ProcessCheckinRequest:     a: "event_log_start"
12-11 16:53:26.922 11041 12257 I ProcessCheckinRequest:     c: 1512783979383
12-11 16:53:26.922 11041 12257 I ProcessCheckinRequest:   >
12-11 16:53:26.922 11041 12257 I ProcessCheckinRequest:   d <
12-11 16:53:26.922 11041 12257 I ProcessCheckinRequest:     a: "event_log_start"
12-11 16:53:26.922 11041 12257 I ProcessCheckinRequest:     c: 1512783979383
12-11 16:53:26.922 11041 12257 I ProcessCheckinRequest:   >
12-11 16:53:26.922 11041 12257 I ProcessCheckinRequest:   d <
12-11 16:53:26.922 11041 12257 I ProcessCheckinRequest:     a: "event_log_start"
12-11 16:53:26.922 11041 12257 I ProcessCheckinRequest:     c: 1512783979383
12-11 16:53:26.922 11041 12257 I ProcessCheckinRequest:   >
12-11 16:53:26.922 11041 12257 I ProcessCheckinRequest:   d <
12-11 16:53:26.922 11041 12257 I ProcessCheckinRequest:     a: "event_log_start"
12-11 16:53:26.922 11041 12257 I ProcessCheckinRequest:     c: 1512786715731
12-11 16:53:26.922 11041 12257 I ProcessCheckinRequest:   >
12-11 16:53:26.922 11041 12257 I ProcessCheckinRequest:   d <
12-11 16:53:26.922 11041 12257 I ProcessCheckinRequest:     a: "event_log_start"
12-11 16:53:26.922 11041 12257 I ProcessCheckinRequest:     c: 1512786715732
12-11 16:53:26.922 11041 12257 I ProcessCheckinRequest:   >
12-11 16:53:26.922 11041 12257 I ProcessCheckinRequest:   d <
12-11 16:53:26.922 11041 12257 I ProcessCheckinRequest:     a: "event_log_start"
12-11 16:53:26.922 11041 12257 I ProcessCheckinRequest:     c: 1512786715732
12-11 16:53:26.922 11041 12257 I ProcessCheckinRequest:   >
12-11 16:53:26.922 11041 12257 I ProcessCheckinRequest:   d <
12-11 16:53:26.922 11041 12257 I ProcessCheckinRequest:     a: "event_log_start"
12-11 16:53:26.922 11041 12257 I ProcessCheckinRequest:     c: 1512786715732
12-11 16:53:26.922 11041 12257 I ProcessCheckinRequest:   >
12-11 16:53:26.922 11041 12257 I ProcessCheckinRequest:   d <
12-11 16:53:26.922 11041 12257 I ProcessCheckinRequest:     a: "event_log_start"
12-11 16:53:26.922 11041 12257 I ProcessCheckinRequest:     c: 1512788662578
12-11 16:53:26.922 11041 12257 I ProcessCheckinRequest:   >
12-11 16:53:26.922 11041 12257 I ProcessCheckinRequest:   d <
12-11 16:53:26.922 11041 12257 I ProcessCheckinRequest:     a: "event_log_start"
12-11 16:53:26.922 11041 12257 I ProcessCheckinRequest:     c: 1512788662579
12-11 16:53:26.922 11041 12257 I ProcessCheckinRequest:   >
12-11 16:53:26.922 11041 12257 I ProcessCheckinRequest:   d <
12-11 16:53:26.922 11041 12257 I ProcessCheckinRequest:     a: "event_log_start"
12-11 16:53:26.922 11041 12257 I ProcessCheckinRequest:     c: 1512788662579
12-11 16:53:26.922 11041 12257 I ProcessCheckinRequest:   >
12-11 16:53:26.922 11041 12257 I ProcessCheckinRequest:   d <
12-11 16:53:26.922 11041 12257 I ProcessCheckinRequest:     a: "event_log_start"
12-11 16:53:26.922 11041 12257 I ProcessCheckinRequest:     c: 1512788662579
12-11 16:53:26.922 11041 12257 I ProcessCheckinRequest:   >
12-11 16:53:26.922 11041 12257 I ProcessCheckinRequest:   d <
12-11 16:53:26.922 11041 12257 I ProcessCheckinRequest:     a: "event_log_start"
12-11 16:53:26.922 11041 12257 I ProcessCheckinRequest:     c: 1512790178747
12-11 16:53:26.922 11041 12257 I ProcessCheckinRequest:   >
12-11 16:53:26.922 11041 12257 I ProcessCheckinRequest:   d <
12-11 16:53:26.922 11041 12257 I ProcessCheckinRequest:     a: "event_log_start"
12-11 16:53:26.922 11041 12257 I ProcessCheckinRequest:     c: 1512790178748
12-11 16:53:26.922 11041 12257 I ProcessCheckinRequest:   >
12-11 16:53:26.922 11041 12257 I ProcessCheckinRequest:   d <
12-11 16:53:26.922 11041 12257 I ProcessCheckinRequest:     a: "event_log_start"
12-11 16:53:26.922 11041 12257 I ProcessCheckinRequest:     c: 1512790178748
12-11 16:53:26.922 11041 12257 I ProcessCheckinRequest:   >
12-11 16:53:26.922 11041 12257 I ProcessCheckinRequest:   d <
12-11 16:53:26.922 11041 12257 I ProcessCheckinRequest:     a: "event_log_start"
12-11 16:53:26.922 11041 12257 I ProcessCheckinRequest:     c: 1512790178748
12-11 16:53:26.922 11041 12257 I ProcessCheckinRequest:   >
12-11 16:53:26.922 11041 12257 I ProcessCheckinRequest:   d <
12-11 16:53:26.922 11041 12257 I ProcessCheckinRequest:     a: "event_log_start"
12-11 16:53:26.922 11041 12257 I ProcessCheckinRequest:     c: 1512794785616
12-11 16:53:26.922 11041 12257 I ProcessCheckinRequest:   >
12-11 16:53:26.922 11041 12257 I ProcessCheckinRequest:   d <
12-11 16:53:26.922 11041 12257 I ProcessCheckinRequest:     a: "event_log_start"
12-11 16:53:26.922 11041 12257 I ProcessCheckinRequest:     c: 1512794785617
12-11 16:53:26.922 11041 12257 I ProcessCheckinRequest:   >
12-11 16:53:26.922 11041 12257 I ProcessCheckinRequest:   d <
12-11 16:53:26.922 11041 12257 I ProcessCheckinRequest:     a: "event_log_start"
12-11 16:53:26.922 11041 12257 I ProcessCheckinRequest:     c: 1512794785617
12-11 16:53:26.922 11041 12257 I ProcessCheckinRequest:   >
12-11 16:53:26.922 11041 12257 I ProcessCheckinRequest:   d <
12-11 16:53:26.922 11041 12257 I ProcessCheckinRequest:     a: "event_log_start"
12-11 16:53:26.922 11041 12257 I ProcessCheckinRequest:     c: 1512794952470
12-11 16:53:26.922 11041 12257 I ProcessCheckinRequest:   >
12-11 16:53:26.922 11041 12257 I ProcessCheckinRequest:   d <
12-11 16:53:26.922 11041 12257 I ProcessCheckinRequest:     a: "event_log_start"
12-11 16:53:26.922 11041 12257 I ProcessCheckinRequest:     c: 1512799291017
12-11 16:53:26.922 11041 12257 I ProcessCheckinRequest:   >
12-11 16:53:26.922 11041 12257 I ProcessCheckinRequest:   d <
12-11 16:53:26.922 11041 12257 I ProcessCheckinRequest:     a: "event_log_start"
12-11 16:53:26.922 11041 12257 I ProcessCheckinRequest:     c: 1512799291018
12-11 16:53:26.922 11041 12257 I ProcessCheckinRequest:   >
12-11 16:53:26.922 11041 12257 I ProcessCheckinRequest:   d <
12-11 16:53:26.922 11041 12257 I ProcessCheckinRequest:     a: "event_log_start"
12-11 16:53:26.922 11041 12257 I ProcessCheckinRequest:     c: 1512799291018
12-11 16:53:26.922 11041 12257 I ProcessCheckinRequest:   >
12-11 16:53:26.922 11041 12257 I ProcessCheckinRequest:   d <
12-11 16:53:26.922 11041 12257 I ProcessCheckinRequest:     a: "event_log_start"
12-11 16:53:26.922 11041 12257 I ProcessCheckinRequest:     c: 1512799463194
12-11 16:53:26.922 11041 12257 I ProcessCheckinRequest:   >
12-11 16:53:26.922 11041 12257 I ProcessCheckinRequest:   d <
12-11 16:53:26.922 11041 12257 I ProcessCheckinRequest:     a: "event_log_start"
12-11 16:53:26.922 11041 12257 I ProcessCheckinRequest:     c: 1512804874025
12-11 16:53:26.922 11041 12257 I ProcessCheckinRequest:   >
12-11 16:53:26.922 11041 12257 I ProcessCheckinRequest:   d <
12-11 16:53:26.922 11041 12257 I ProcessCheckinRequest:     a: "event_log_start"
12-11 16:53:26.922 11041 12257 I ProcessCheckinRequest:     c: 1512804874025
12-11 16:53:26.922 11041 12257 I ProcessCheckinRequest:   >
12-11 16:53:26.922 11041 12257 I ProcessCheckinRequest:   d <
12-11 16:53:26.922 11041 12257 I ProcessCheckinRequest:     a: "event_log_start"
12-11 16:53:26.922 11041 12257 I ProcessCheckinRequest:     c: 1512804874025
12-11 16:53:26.922 11041 12257 I ProcessCheckinRequest:   >
12-11 16:53:26.922 11041 12257 I ProcessCheckinRequest:   d <
12-11 16:53:26.922 11041 12257 I ProcessCheckinRequest:     a: "event_log_start"
12-11 16:53:26.922 11041 12257 I ProcessCheckinRequest:     c: 1512813907463
12-11 16:53:26.922 11041 12257 I ProcessCheckinRequest:   >
12-11 16:53:26.922 11041 12257 I ProcessCheckinRequest:   d <
12-11 16:53:26.922 11041 12257 I ProcessCheckinRequest:     a: "event_log_start"
12-11 16:53:26.922 11041 12257 I ProcessCheckinRequest:     c: 1512822890701
12-11 16:53:26.922 11041 12257 I ProcessCheckinRequest:   >
12-11 16:53:26.922 11041 12257 I ProcessCheckinRequest:   d <
12-11 16:53:26.922 11041 12257 I ProcessCheckinRequest:     a: "event_log_start"
12-11 16:53:26.922 11041 12257 I ProcessCheckinRequest:     c: 1512822890702
12-11 16:53:26.922 11041 12257 I ProcessCheckinRequest:   >
12-11 16:53:26.922 11041 12257 I ProcessCheckinRequest:   d <
12-11 16:53:26.922 11041 12257 I ProcessCheckinRequest:     a: "event_log_start"
12-11 16:53:26.922 11041 12257 I ProcessCheckinRequest:     c: 1512822890702
12-11 16:53:26.922 11041 12257 I ProcessCheckinRequest:   >
12-11 16:53:26.922 11041 12257 I ProcessCheckinRequest:   d <
12-11 16:53:26.922 11041 12257 I ProcessCheckinRequest:     a: "event_log_start"
12-11 16:53:26.922 11041 12257 I ProcessCheckinRequest:     c: 1512822890702
12-11 16:53:26.922 11041 12257 I ProcessCheckinRequest:   >
12-11 16:53:26.922 11041 12257 I ProcessCheckinRequest:   d <
12-11 16:53:26.922 11041 12257 I ProcessCheckinRequest:     a: "event_log_start"
12-11 16:53:26.922 11041 12257 I ProcessCheckinRequest:     c: 1512831141532
12-11 16:53:26.922 11041 12257 I ProcessCheckinRequest:   >
12-11 16:53:26.922 11041 12257 I ProcessCheckinRequest:   d <
12-11 16:53:26.922 11041 12257 I ProcessCheckinRequest:     a: "event_log_start"
12-11 16:53:26.922 11041 12257 I ProcessCheckinRequest:     c: 1512831141533
12-11 16:53:26.922 11041 12257 I ProcessCheckinRequest:   >
12-11 16:53:26.922 11041 12257 I ProcessCheckinRequest:   d <
12-11 16:53:26.922 11041 12257 I ProcessCheckinRequest:     a: "event_log_start"
12-11 16:53:26.922 11041 12257 I ProcessCheckinRequest:     c: 1512831141533
12-11 16:53:26.922 11041 12257 I ProcessCheckinRequest:   >
12-11 16:53:26.922 11041 12257 I ProcessCheckinRequest:   d <
12-11 16:53:26.922 11041 12257 I ProcessCheckinRequest:     a: "event_log_start"
12-11 16:53:26.922 11041 12257 I ProcessCheckinRequest:     c: 1512831141533
12-11 16:53:26.922 11041 12257 I ProcessCheckinRequest:   >
12-11 16:53:26.922 11041 12257 I ProcessCheckinRequest:   d <
12-11 16:53:26.922 11041 12257 I ProcessCheckinRequest:     a: "event_log_start"
12-11 16:53:26.922 11041 12257 I ProcessCheckinRequest:     c: 1512835663091
12-11 16:53:26.922 11041 12257 I ProcessCheckinRequest:   >
12-11 16:53:26.922 11041 12257 I ProcessCheckinRequest:   d <
12-11 16:53:26.922 11041 12257 I ProcessCheckinRequest:     a: "event_log_start"
12-11 16:53:26.922 11041 12257 I ProcessCheckinRequest:     c: 1512835663091
12-11 16:53:26.922 11041 12257 I ProcessCheckinRequest:   >
12-11 16:53:26.922 11041 12257 I ProcessCheckinRequest:   d <
12-11 16:53:26.922 11041 12257 I ProcessCheckinRequest:     a: "event_log_start"
12-11 16:53:26.922 11041 12257 I ProcessCheckinRequest:     c: 1512835663091
12-11 16:53:26.922 11041 12257 I ProcessCheckinRequest:   >
12-11 16:53:26.922 11041 12257 I ProcessCheckinRequest:   d <
12-11 16:53:26.922 11041 12257 I ProcessCheckinRequest:     a: "event_log_start"
12-11 16:53:26.922 11041 12257 I ProcessCheckinRequest:     c: 1512835663091
12-11 16:53:26.922 11041 12257 I ProcessCheckinRequest:   >
12-11 16:53:26.922 11041 12257 I ProcessCheckinRequest:   d <
12-11 16:53:26.922 11041 12257 I ProcessCheckinRequest:     a: "event_log_start"
12-11 16:53:26.922 11041 12257 I ProcessCheckinRequest:     c: 1512845109507
12-11 16:53:26.922 11041 12257 I ProcessCheckinRequest:   >
12-11 16:53:26.922 11041 12257 I ProcessCheckinRequest:   d <
12-11 16:53:26.922 11041 12257 I ProcessCheckinRequest:     a: "event_log_start"
12-11 16:53:26.922 11041 12257 I ProcessCheckinRequest:     c: 1512845109508
12-11 16:53:26.922 11041 12257 I ProcessCheckinRequest:   >
12-11 16:53:26.922 11041 12257 I ProcessCheckinRequest:   d <
12-11 16:53:26.922 11041 12257 I ProcessCheckinRequest:     a: "event_log_start"
12-11 16:53:26.922 11041 12257 I ProcessCheckinRequest:     c: 1512845109508
12-11 16:53:26.922 11041 12257 I ProcessCheckinRequest:   >
12-11 16:53:26.922 11041 12257 I ProcessCheckinRequest:   d <
12-11 16:53:26.922 11041 12257 I ProcessCheckinRequest:     a: "event_log_start"
12-11 16:53:26.922 11041 12257 I ProcessCheckinRequest:     c: 1512845109508
12-11 16:53:26.922 11041 12257 I ProcessCheckinRequest:   >
12-11 16:53:26.922 11041 12257 I ProcessCheckinRequest:   d <
12-11 16:53:26.922 11041 12257 I ProcessCheckinRequest:     a: "event_log_start"
12-11 16:53:26.922 11041 12257 I ProcessCheckinRequest:     c: 1512847113367
12-11 16:53:26.922 11041 12257 I ProcessCheckinRequest:   >
12-11 16:53:26.922 11041 12257 I ProcessCheckinRequest:   d <
12-11 16:53:26.922 11041 12257 I ProcessCheckinRequest:     a: "event_log_start"
12-11 16:53:26.922 11041 12257 I ProcessCheckinRequest:     c: 1512847113368
12-11 16:53:26.922 11041 12257 I ProcessCheckinRequest:   >
12-11 16:53:26.922 11041 12257 I ProcessCheckinRequest:   d <
12-11 16:53:26.922 11041 12257 I ProcessCheckinRequest:     a: "event_log_start"
12-11 16:53:26.922 11041 12257 I ProcessCheckinRequest:     c: 1512847113368
12-11 16:53:26.922 11041 12257 I ProcessCheckinRequest:   >
12-11 16:53:26.922 11041 12257 I ProcessCheckinRequest:   d <
12-11 16:53:26.922 11041 12257 I ProcessCheckinRequest:     a: "event_log_start"
12-11 16:53:26.922 11041 12257 I ProcessCheckinRequest:     c: 1512847113368
12-11 16:53:26.922 11041 12257 I ProcessCheckinRequest:   >
12-11 16:53:26.922 11041 12257 I ProcessCheckinRequest:   d <
12-11 16:53:26.922 11041 12257 I ProcessCheckinRequest:     a: "event_log_start"
12-11 16:53:26.922 11041 12257 I ProcessCheckinRequest:     c: 1512867074170
12-11 16:53:26.922 11041 12257 I ProcessCheckinRequest:   >
12-11 16:53:26.922 11041 12257 I ProcessCheckinRequest:   d <
12-11 16:53:26.922 11041 12257 I ProcessCheckinRequest:     a: "event_log_start"
12-11 16:53:26.922 11041 12257 I ProcessCheckinRequest:     c: 1512867074170
12-11 16:53:26.922 11041 12257 I ProcessCheckinRequest:   >
12-11 16:53:26.922 11041 12257 I ProcessCheckinRequest:   d <
12-11 16:53:26.922 11041 12257 I ProcessCheckinRequest:     a: "event_log_start"
12-11 16:53:26.922 11041 12257 I ProcessCheckinRequest:     c: 1512867074170
12-11 16:53:26.922 11041 12257 I ProcessCheckinRequest:   >
12-11 16:53:26.922 11041 12257 I ProcessCheckinRequest:   d <
12-11 16:53:26.922 11041 12257 I ProcessCheckinRequest:     a: "event_log_start"
12-11 16:53:26.922 11041 12257 I ProcessCheckinRequest:     c: 1512867074170
12-11 16:53:26.922 11041 12257 I ProcessCheckinRequest:   >
12-11 16:53:26.922 11041 12257 I ProcessCheckinRequest:   d <
12-11 16:53:26.922 11041 12257 I ProcessCheckinRequest:     a: "event_log_start"
12-11 16:53:26.922 11041 12257 I ProcessCheckinRequest:     c: 1512874877389
12-11 16:53:26.922 11041 12257 I ProcessCheckinRequest:   >
12-11 16:53:26.922 11041 12257 I ProcessCheckinRequest:   d <
12-11 16:53:26.922 11041 12257 I ProcessCheckinRequest:     a: "event_log
12-11 16:53:27.030   609  3042 I ActivityManager: Start proc 12545:com.google.android.gms.ui/u0a9 for service com.google.android.gms/.chimera.UiIntentOperationService
12-11 16:53:27.109 11041 12257 I ProcessCheckinRequest: updateCheckinIdTokenFileFromResponse, Reading existing AID
12-11 16:53:27.110 11041 12257 I CheckinRequestBuilder: Checkin reason type: 6 attempt count: 1
12-11 16:53:27.111   609  8020 I AccountManagerService: getTypesVisibleToCaller: isPermitted? true
12-11 16:53:27.111   609  3042 I AccountManagerService: getTypesVisibleToCaller: isPermitted? true
12-11 16:53:27.112 11041 12257 E ActivityThread: Failed to find provider info for com.google.android.wearable.settings
12-11 16:53:27.122 11018 12089 I NetRec  : [567] ConfigChangedIntentOperation.onHandleIntent: Handling a Phenotype update
12-11 16:53:27.123 11018 12089 I NetRec  : [567] yje.b: onConfigChanged()
12-11 16:53:27.125 11018 12559 I PTCommittedOperation: Receive new configuration for com.google.android.gms.ocr
12-11 16:53:27.127 12545 12545 I LoadedApk: No resource references to update in package FFFFFFFFFFFFFFFFFFFFFF
12-11 16:53:27.147 11041 12257 I CheckinRequestBuilder: Unknown state of subscriptions on the device
12-11 16:53:27.166 11041 12257 I Adreno-EGL: <qeglDrvAPI_eglInitialize:379>: QUALCOMM Build: 09/02/15, 76f806e, Ibddc658e36
12-11 16:53:27.190 11041 12257 I Adreno-EGL: <qeglDrvAPI_eglInitialize:379>: QUALCOMM Build: 09/02/15, 76f806e, Ibddc658e36
12-11 16:53:27.205 11041 12257 I CheckinUtil: Classify the device as Tablet.
12-11 16:53:27.206 12545 12545 W linker  : /data/app/com.google.android.gms-2/lib/arm/libconscrypt_gmscore_jni.so: unused DT entry: type 0x1d arg 0x1ed
12-11 16:53:27.217 12545 12545 V NativeCrypto: Registering com/google/android/gms/org/conscrypt/NativeCrypto's 259 native methods...
12-11 16:53:27.221 11018 12089 I NetRec  : [567] yje.b: Cancelling all NetRec GCM tasks
12-11 16:53:27.222 11041 12561 I OcrModelUpStIntentOp: Updating ocr activity enabled=false (phenotypeFlag=false, lowRamDevice=false, prereqCheck=true)
12-11 16:53:27.223 11018 12560 I NetRec  : [613] ClearDatabaseService.onHandleIntent: Clearing score cache
12-11 16:53:27.246 12545 12545 I art     : Rejecting re-init on previously-failed class java.lang.Class<com.google.android.gms.org.conscrypt.OpenSSLExtendedSessionImpl>
12-11 16:53:27.246 12545 12545 I art     : Rejecting re-init on previously-failed class java.lang.Class<com.google.android.gms.org.conscrypt.OpenSSLExtendedSessionImpl>
12-11 16:53:27.247 12545 12545 I art     : Rejecting re-init on previously-failed class java.lang.Class<com.google.android.gms.org.conscrypt.OpenSSLExtendedSessionImpl>
12-11 16:53:27.252 11018 12473 I HeterodyneSyncScheduler: Scheduling adaptive one off task with window [14400, 604800] in seconds
12-11 16:53:27.270 11041 12257 E ProcessCheckinRequest: RetryTaskTag : Checkin Succeeded: https://android.clients.google.com/checkin (request #1): 
12-11 16:53:27.279 12545 12545 I ProviderInstaller: Installed default security provider GmsCore_OpenSSL
12-11 16:53:27.318 11018 11028 W ConfigurationChimeraProvider: Got null configs for com.google.android.gms.ads
12-11 16:53:27.355   609  3358 I AccountManagerService: getTypesVisibleToCaller: isPermitted? true
12-11 16:53:27.379 11018 11258 I HeterodyneSyncScheduler: Scheduling Phenotype for a PhenotypeSyncImmediately(6, com.google.android.gms.checkin.binary) one off with window [1, 2] in seconds
