--------- beginning of main
12-11 16:52:04.749 10443 10443 D AndroidRuntime: >>>>>> START com.android.internal.os.RuntimeInit uid 2000 <<<<<<
12-11 16:52:04.756 10443 10443 D AndroidRuntime: CheckJNI is OFF
12-11 16:52:04.814 10443 10443 D ICU     : No timezone override file found: /data/misc/zoneinfo/current/icu/icu_tzdata.dat
12-11 16:52:04.870 10443 10443 I Radio-JNI: register_android_hardware_Radio DONE
12-11 16:52:04.901 10443 10443 D AndroidRuntime: Calling main entry com.android.commands.pm.Pm
12-11 16:52:04.908 10443 10443 I art     : System.exit called, status: 0
12-11 16:52:04.908 10443 10443 I AndroidRuntime: VM exiting with result code 0.
12-11 16:52:06.110 10461 10461 D AndroidRuntime: >>>>>> START com.android.internal.os.RuntimeInit uid 2000 <<<<<<
12-11 16:52:06.116 10461 10461 D AndroidRuntime: CheckJNI is OFF
12-11 16:52:06.174 10461 10461 D ICU     : No timezone override file found: /data/misc/zoneinfo/current/icu/icu_tzdata.dat
12-11 16:52:06.229 10461 10461 I Radio-JNI: register_android_hardware_Radio DONE
12-11 16:52:06.260 10461 10461 D AndroidRuntime: Calling main entry com.android.commands.pm.Pm
12-11 16:52:06.266 10461 10461 I art     : System.exit called, status: 0
12-11 16:52:06.266 10461 10461 I AndroidRuntime: VM exiting with result code 0.
12-11 16:52:07.426 10479 10479 D AndroidRuntime: >>>>>> START com.android.internal.os.RuntimeInit uid 2000 <<<<<<
12-11 16:52:07.433 10479 10479 D AndroidRuntime: CheckJNI is OFF
12-11 16:52:07.493 10479 10479 D ICU     : No timezone override file found: /data/misc/zoneinfo/current/icu/icu_tzdata.dat
12-11 16:52:07.550 10479 10479 I Radio-JNI: register_android_hardware_Radio DONE
12-11 16:52:07.582 10479 10479 D AndroidRuntime: Calling main entry com.android.commands.pm.Pm
12-11 16:52:07.611 10479 10479 I art     : System.exit called, status: 1
12-11 16:52:07.611 10479 10479 I AndroidRuntime: VM exiting with result code 1.
12-11 16:52:08.693 10499 10499 D AndroidRuntime: >>>>>> START com.android.internal.os.RuntimeInit uid 2000 <<<<<<
12-11 16:52:08.700 10499 10499 D AndroidRuntime: CheckJNI is OFF
12-11 16:52:08.759 10499 10499 D ICU     : No timezone override file found: /data/misc/zoneinfo/current/icu/icu_tzdata.dat
12-11 16:52:08.815 10499 10499 I Radio-JNI: register_android_hardware_Radio DONE
12-11 16:52:08.848 10499 10499 D AndroidRuntime: Calling main entry com.android.commands.pm.Pm
12-11 16:52:08.862 10499 10499 I art     : System.exit called, status: 0
12-11 16:52:08.862 10499 10499 I AndroidRuntime: VM exiting with result code 0.
12-11 16:52:09.468   194   194 E         : invalid crash request of size 4 (from pid=10426 uid=0)
12-11 16:52:09.705 10511 10511 E Diag_Lib:  Diag_LSM_Init: Failed to open handle to diag driver, error = 2
12-11 16:52:09.705 10511 10511 E Sensors : sns_fsa_la.c(386):fsa: fflush failed, 9
12-11 16:52:09.706 10511 10511 E Sensors : sns_fsa_la.c(386):fsa: fflush failed, 9
12-11 16:52:09.734 10511 10515 W Sensors : sns_smr_la.c(446):smr_la: smr_apps_la_thread_main is starting, fd=11, sns_smr.en_rx_msg_ptr=b6f84a00
12-11 16:52:09.800 10511 10517 W Sensors : sns_sam_app.c(6827):sns_sam_reg_algo: Registering algo service 16, err 0
12-11 16:52:09.817 10511 10519 E Sensors : sns_debug_main.c(565):Debug Config File missing in EFS!
12-11 16:52:10.781 10521 10521 D AndroidRuntime: >>>>>> START com.android.internal.os.RuntimeInit uid 2000 <<<<<<
12-11 16:52:10.787 10521 10521 D AndroidRuntime: CheckJNI is OFF
12-11 16:52:10.845 10521 10521 D ICU     : No timezone override file found: /data/misc/zoneinfo/current/icu/icu_tzdata.dat
12-11 16:52:10.919 10521 10521 I Radio-JNI: register_android_hardware_Radio DONE
12-11 16:52:10.949 10521 10521 D AndroidRuntime: Calling main entry com.android.commands.am.Am
--------- beginning of system
12-11 16:52:10.957   609  1164 I ActivityManager: START u0 {flg=0x10000000 cmp=com.amazon.aatp.aatpdevicemanager/.DeviceManagerServiceActivity} from uid 2000 on display 0
12-11 16:52:10.978   609  1164 I ActivityManager: Start proc 10534:com.amazon.aatp.aatpdevicemanager/u0a1363 for activity com.amazon.aatp.aatpdevicemanager/.DeviceManagerServiceActivity
12-11 16:52:10.983 10521 10521 D AndroidRuntime: Shutting down VM
12-11 16:52:11.013   609   621 I UsageStatsService: User[0] Rolling over usage stats
12-11 16:52:11.026   609   622 I ProcessStatsService: Prepared write state in 5ms
12-11 16:52:11.028   609   621 I UsageStatsService: User[0] Rollover scheduled @ 2017-12-12 16:00:00(1513123200000)
12-11 16:52:11.028   609   621 I UsageStatsService: User[0] Rolling over usage stats complete. Took 14 milliseconds
12-11 16:52:11.038 10534 10534 W System  : ClassLoader referenced unknown path: /data/app/com.amazon.aatp.aatpdevicemanager-1/lib/arm
12-11 16:52:11.047 10534 10534 D Aatp    : DeviceManagerServiceActivity: kicking off dm service
12-11 16:52:11.080   609   609 V NotificationService: pkg=com.amazon.aatp.aatpdevicemanager canInterrupt=false intercept=true
12-11 16:52:11.099 10534 10534 I AatpDeviceManager: Starting device manager (0.20)
12-11 16:52:11.103 10534 10534 D AWSDeviceFarmAndroidLib: Keyguard: Unlocked
12-11 16:52:11.109 10534 10534 D AatpDeviceManager: Running on port: 54182
12-11 16:52:11.139   742   742 V PhoneStatusBar: setLightsOn(true)
12-11 16:52:11.150  1059  1059 I Keyboard.Facilitator: onFinishInput()
12-11 16:52:11.195   609   627 I ActivityManager: Displayed com.amazon.aatp.aatpdevicemanager/.DeviceManagerServiceActivity: +175ms (total +229ms)
12-11 16:52:12.117  1059  1059 I Keyboard.Facilitator: onFinishInput()
12-11 16:52:13.626 10558 10558 D AndroidRuntime: >>>>>> START com.android.internal.os.RuntimeInit uid 2000 <<<<<<
12-11 16:52:13.633 10558 10558 D AndroidRuntime: CheckJNI is OFF
12-11 16:52:13.691 10558 10558 D ICU     : No timezone override file found: /data/misc/zoneinfo/current/icu/icu_tzdata.dat
12-11 16:52:13.760 10558 10558 I Radio-JNI: register_android_hardware_Radio DONE
12-11 16:52:13.794 10558 10558 D AndroidRuntime: Calling main entry com.android.commands.wm.Wm
12-11 16:52:13.798 10558 10558 D AndroidRuntime: Shutting down VM
12-11 16:52:15.901 10534 10575 D Aatp    : /ping
12-11 16:52:16.038 10534 10576 D Aatp    : /wake
12-11 16:52:16.066 10534 10576 D Aatp    : sha1: 531a3d7b0a0f247719827b7e18827bc4b9d294be
12-11 16:52:16.086   609   609 V NotificationService: pkg=com.amazon.aatp.aatpdevicemanager canInterrupt=false intercept=true
12-11 16:52:16.100 10534 10534 D AatpDeviceManager: taskStatus update (531a3d7b0a0f247719827b7e18827bc4b9d294be: {"state":1})
12-11 16:52:16.100 10534 10577 D AWSDeviceFarmAndroidLib: WakeLock: acquire
12-11 16:52:16.102   609   959 I PowerManagerService: Waking up from sleep (uid 11363)...
12-11 16:52:16.103   609   609 V KeyguardServiceDelegate: onStartedWakingUp()
12-11 16:52:16.119   609   629 I DisplayPowerController: Blocking screen on until initial contents have been drawn.
12-11 16:52:16.139   609   629 V KeyguardServiceDelegate: onScreenTurnedOn(showListener = com.android.server.policy.PhoneWindowManager$2@2bcf14b)
12-11 16:52:16.155   190   190 D SurfaceFlinger: Set power mode=2, type=0 flinger=0xb6a64000
12-11 16:52:16.155   609   627 I DisplayManagerService: Display device changed state: "Built-in Screen", ON
12-11 16:52:16.155   204   218 E ANDR-PERF-LOCK: Failed to reset optimization for resource: 4 level: 0
12-11 16:52:16.162   609   673 E native  : do suspend false
12-11 16:52:16.165 10534 10577 I AWSDeviceFarmAndroidLib: ET phone home
12-11 16:52:16.169   609  3357 I ActivityManager: START u0 {act=android.intent.action.MAIN cat=[android.intent.category.HOME] flg=0x10000000 cmp=com.android.launcher/com.android.launcher2.Launcher} from uid 11363 on display 0
12-11 16:52:16.176 10534 10577 I AWSDeviceFarmAndroidLib: Muting audio streams
12-11 16:52:16.179   196   606 D audio_hw_primary: adev_set_parameters: enter: screen_state=on
12-11 16:52:16.188   742   926 I vol.Events: writeEvent mute_changed STREAM_ALARM true
12-11 16:52:16.198 10534 10577 I AWSDeviceFarmAndroidLib: Creating /data/user/0/com.amazon.aatp.aatpdevicemanager/app_logs
12-11 16:52:16.199 10534 10576 D Aatp    : /task/531a3d7b0a0f247719827b7e18827bc4b9d294be
12-11 16:52:16.199   742   926 I vol.Events: writeEvent mute_changed STREAM_MUSIC true
12-11 16:52:16.203 10534 10534 D AatpDeviceManager: taskStatus update (531a3d7b0a0f247719827b7e18827bc4b9d294be: {"result":"Device woken.","state":2})
12-11 16:52:16.260   609  3416 V KeyguardServiceDelegate: **** SHOWN CALLED ****
12-11 16:52:16.317   609   629 I DisplayPowerController: Unblocked screen on after 197 ms
12-11 16:52:16.322   609   629 E libEGL  : call to OpenGL ES API with no current context (logged once per thread)
12-11 16:52:16.365  8021  8630 I CastDatabase: Opening the database
12-11 16:52:16.396 10534 10601 D Aatp    : /task/531a3d7b0a0f247719827b7e18827bc4b9d294be/status
12-11 16:52:16.401   609   723 D SurfaceControl: Excessive delay in setPowerMode(): 246ms
12-11 16:52:16.402   609   629 V KeyguardServiceDelegate: onScreenTurnedOn()
12-11 16:52:16.418  8021  8630 I SQLiteCastDBHelper: Creating cast database
12-11 16:52:16.459  8021  8630 I SQLiteCastStore: 0 CastNetworkInfo instances loaded, 0 CastDeviceInfo instances loaded, 0 paired guest mode devices loaded.
12-11 16:52:16.461  1160  1160 D Launcher.Model: DbDebug    Modify item (Play Music) in db, id: 4 (2, 0, 0, 0) --> (2, 0, 0, 0)
12-11 16:52:16.462  1160  1160 D Launcher.Model: DbDebug    Modify item (Play Books) in db, id: 6 (2, 0, 1, 0) --> (2, 0, 1, 0)
12-11 16:52:16.462  1160  1160 D Launcher.Model: DbDebug    Modify item (Play Movies & TV) in db, id: 8 (2, 0, 2, 0) --> (2, 0, 2, 0)
12-11 16:52:16.462  1160  1160 D Launcher.Model: DbDebug    Modify item (Play Games) in db, id: 10 (2, 0, 3, 0) --> (2, 0, 3, 0)
12-11 16:52:16.462  1160  1160 D Launcher.Model: DbDebug    Modify item (Newsstand) in db, id: 12 (2, 0, 0, 1) --> (2, 0, 0, 1)
12-11 16:52:16.463  1160  1160 D Launcher.Model: DbDebug    Modify item (Google+) in db, id: 14 (2, 0, 1, 1) --> (2, 0, 1, 1)
12-11 16:52:16.463  1160  1160 D Launcher.Model: DbDebug    Modify item (Keep) in db, id: 16 (2, 0, 2, 1) --> (2, 0, 2, 1)
12-11 16:52:16.463  1160  1160 D Launcher.Model: DbDebug    Modify item (Drive) in db, id: 18 (2, 0, 3, 1) --> (2, 0, 3, 1)
12-11 16:52:16.464  1160  1160 D Launcher.Model: DbDebug    Modify item (Calendar) in db, id: 20 (2, 0, 0, 2) --> (2, 0, 0, 2)
12-11 16:52:16.464  1160  1160 D Launcher.Model: DbDebug    Modify item (Photos) in db, id: 22 (2, 0, 1, 2) --> (2, 0, 1, 2)
12-11 16:52:16.635  8021  8021 I CastSocket: 23 >= 18. Adding new CastClientAuthKeyManager.
12-11 16:52:16.645   609   674 D WifiService: New client listening to asynchronous messages
12-11 16:52:16.649   609   719 I WifiHAL : event received NL80211_CMD_TRIGGER_SCAN
12-11 16:52:16.649   609   719 I WifiHAL : event ignored!!
12-11 16:52:16.650  8021  8021 I DiscoveryManager: WifiGuestModeDeviceScanner enabled.
12-11 16:52:16.667  8021  8021 I MediaRouter: Found default route: MediaRouter.RouteInfo{ uniqueId=android/abd:DEFAULT_ROUTE, name=Tablet, description=null, iconUri=null, enabled=true, connecting=false, connectionState=0, canDisconnect=false, playbackType=0, playbackStream=3, deviceType=0, volumeHandling=1, volume=0, volumeMax=15, presentationDisplayId=-1, extras=null, settingsIntent=null, providerPackageName=android }
12-11 16:52:16.840 10534 10613 D Aatp    : /keyguard
12-11 16:52:16.849 10534 10613 D Aatp    : sha1: cc77c19cd1683766f1ae1fb2f987056c9c2d3550
12-11 16:52:16.859   609   609 V NotificationService: pkg=com.amazon.aatp.aatpdevicemanager canInterrupt=false intercept=true
12-11 16:52:16.861 10534 10534 D AatpDeviceManager: taskStatus update (cc77c19cd1683766f1ae1fb2f987056c9c2d3550: {"state":1})
12-11 16:52:16.864 10534 10614 D AatpDeviceManager: Keyguard enabled: false
12-11 16:52:16.869 10534 10613 D Aatp    : /task/cc77c19cd1683766f1ae1fb2f987056c9c2d3550
12-11 16:52:16.887 10534 10534 D AatpDeviceManager: taskStatus update (cc77c19cd1683766f1ae1fb2f987056c9c2d3550: {"result":{"enabled":false},"state":2})
12-11 16:52:17.001 10534 10619 D Aatp    : /task/cc77c19cd1683766f1ae1fb2f987056c9c2d3550/status
12-11 16:52:17.085  7149  7603 I NearbyDirect: MagicPairScanner: BluetoothLeScanner is null, Bluetooth might be off. Enabled=false
12-11 16:52:17.101  1160  1324 W OpenGLRenderer: Incorrectly called buildLayer on View: ShortcutAndWidgetContainer, destroying layer...
12-11 16:52:17.101  1160  1324 W OpenGLRenderer: Incorrectly called buildLayer on View: ShortcutAndWidgetContainer, destroying layer...
12-11 16:52:17.409   609   719 I WifiHAL : event received NL80211_CMD_NEW_SCAN_RESULTS
12-11 16:52:17.409   609   719 I WifiHAL : event ignored!!
12-11 16:52:18.189 10626 10626 D AndroidRuntime: >>>>>> START com.android.internal.os.RuntimeInit uid 2000 <<<<<<
12-11 16:52:18.196 10626 10626 D AndroidRuntime: CheckJNI is OFF
12-11 16:52:18.203 10626 10626 I art     : RelocateImage: /system/bin/patchoat --input-image-location=/system/framework/boot.art --output-image-file=/data/local/tmp/dalvik-cache/arm/system@framework@boot.art --input-oat-location=/system/framework/boot.oat --output-oat-file=/data/local/tmp/dalvik-cache/arm/system@framework@boot.oat --instruction-set=arm --base-offset-delta=-10285056
12-11 16:52:20.088  7149  7603 I NearbyDirect: MagicPairScanner: BluetoothLeScanner is null, Bluetooth might be off. Enabled=false
12-11 16:52:24.361 10626 10626 D ICU     : No timezone override file found: /data/local/tmp/misc/zoneinfo/current/icu/icu_tzdata.dat
12-11 16:52:24.422 10630 10630 I dex2oat : /system/bin/dex2oat --dex-file=/system/framework/android.test.runner.jar --oat-file=/data/local/tmp/dalvik-cache/arm/system@framework@android.test.runner.jar@classes.dex
12-11 16:52:24.799 10630 10630 I dex2oat : dex2oat took 377.349ms (threads: 4) arena alloc=2MB java alloc=255KB native alloc=3MB free=3MB
12-11 16:52:24.859 10643 10643 I dex2oat : /system/bin/dex2oat --dex-file=/system/framework/uiautomator.jar --oat-file=/data/local/tmp/dalvik-cache/arm/system@framework@uiautomator.jar@classes.dex
12-11 16:52:25.342 10643 10643 W dex2oat : Compilation of com.android.uiautomator.core.UiSelector com.android.uiautomator.core.UiSelector.getLastSubSelector() took 262.390ms
12-11 16:52:25.793 10643 10643 I dex2oat : dex2oat took 934.356ms (threads: 4) arena alloc=24MB java alloc=259KB native alloc=25MB free=25MB
12-11 16:52:25.812 10626 10626 W System  : ClassLoader referenced unknown path: 
12-11 16:52:25.859 10652 10652 I dex2oat : /system/bin/dex2oat --dex-file=/sdcard/SUTUtils.jar --oat-file=/data/local/tmp/dalvik-cache/arm/sdcard@SUTUtils.jar@classes.dex
12-11 16:52:25.997 10652 10652 I dex2oat : dex2oat took 138.946ms (threads: 4) arena alloc=573KB java alloc=152KB native alloc=1799KB free=1784KB
12-11 16:52:26.042 10626 10626 I Radio-JNI: register_android_hardware_Radio DONE
12-11 16:52:26.074 10626 10626 D AndroidRuntime: Calling main entry com.android.commands.uiautomator.Launcher
12-11 16:52:26.645  1160  1160 W ResourceType: No known package when getting name for resource number 0x9c020401
12-11 16:52:26.650  1160  1160 W ResourceType: No known package when getting name for resource number 0x9c020501
12-11 16:52:26.652  1160  1160 W ResourceType: No known package when getting name for resource number 0x9c020002
12-11 16:52:26.667  1160  1160 W ResourceType: No known package when getting name for resource number 0x9c030000
12-11 16:52:26.708  1160  1160 W ResourceType: No known package when getting name for resource number 0x9b060000
12-11 16:52:26.708  1160  1160 W ResourceType: No known package when getting name for resource number 0x9b050001
12-11 16:52:26.708  1160  1160 W ResourceType: No known package when getting name for resource number 0x9b040002
12-11 16:52:26.709  1160  1160 W ResourceType: No known package when getting name for resource number 0x9b020004
12-11 16:52:26.709  1160  1160 W ResourceType: No known package when getting name for resource number 0x9b010005
12-11 16:52:26.709  1160  1160 W ResourceType: No known package when getting name for resource number 0x9b000006
12-11 16:52:26.716  1160  1160 W ResourceType: No known package when getting name for resource number 0x9c020401
12-11 16:52:26.716  1160  1160 W ResourceType: No known package when getting name for resource number 0x9c020501
12-11 16:52:26.717  1160  1160 W ResourceType: No known package when getting name for resource number 0x9c020002
12-11 16:52:26.718  1160  1160 W ResourceType: No known package when getting name for resource number 0x9c030000
12-11 16:52:26.729  1160  1160 W ResourceType: No known package when getting name for resource number 0x9c020401
12-11 16:52:26.729  1160  1160 W ResourceType: No known package when getting name for resource number 0x9c020501
12-11 16:52:26.729  1160  1160 W ResourceType: No known package when getting name for resource number 0x9c020002
12-11 16:52:26.731  1160  1160 W ResourceType: No known package when getting name for resource number 0x9c030000
12-11 16:52:26.744   609   959 W WindowManager: Attempted to remove non-existing token: android.os.Binder@cb4f12b
12-11 16:52:26.758 10626 10626 I art     : System.exit called, status: 0
12-11 16:52:26.758 10626 10626 I AndroidRuntime: VM exiting with result code 0.
12-11 16:52:26.810 10534 10669 D Aatp    : /ping
12-11 16:52:26.947 10534 10670 D Aatp    : /apps-to-uninstall
12-11 16:52:26.984 10534 10670 D Aatp    : sha1: 80871b3ccff7a4fdde18b993e1aa661cc51dd729
12-11 16:52:27.017   609   609 V NotificationService: pkg=com.amazon.aatp.aatpdevicemanager canInterrupt=false intercept=true
12-11 16:52:27.025 10534 10670 D Aatp    : /task/80871b3ccff7a4fdde18b993e1aa661cc51dd729
12-11 16:52:27.045 10534 10534 D AatpDeviceManager: taskStatus update (80871b3ccff7a4fdde18b993e1aa661cc51dd729: {"state":1})
12-11 16:52:27.100 10534 10534 D AatpDeviceManager: taskStatus update (80871b3ccff7a4fdde18b993e1aa661cc51dd729: {"result":[],"state":2})
12-11 16:52:27.163 10534 10681 D Aatp    : /task/80871b3ccff7a4fdde18b993e1aa661cc51dd729/status
12-11 16:52:27.293 10534 10685 D Aatp    : /ping
12-11 16:52:27.402 10534 10686 D Aatp    : /clean-accounts
12-11 16:52:27.427 10534 10686 D Aatp    : sha1: 8a6f2bdb85c021eff261a80f65dead4dd4157cdb
12-11 16:52:27.460 10534 10686 D Aatp    : /task/8a6f2bdb85c021eff261a80f65dead4dd4157cdb
12-11 16:52:27.482   609   609 V NotificationService: pkg=com.amazon.aatp.aatpdevicemanager canInterrupt=false intercept=true
12-11 16:52:27.499 10534 10534 D AatpDeviceManager: taskStatus update (8a6f2bdb85c021eff261a80f65dead4dd4157cdb: {"state":1})
12-11 16:52:27.500   609  3357 I AccountManagerService: getTypesVisibleToCaller: isPermitted? true
12-11 16:52:27.500   609  1289 I AccountManagerService: getTypesVisibleToCaller: isPermitted? true
12-11 16:52:27.519 10534 10534 D AatpDeviceManager: taskStatus update (8a6f2bdb85c021eff261a80f65dead4dd4157cdb: {"result":"Cleaned Accounts PASS","state":2})
12-11 16:52:27.668 10534 10707 D Aatp    : /task/8a6f2bdb85c021eff261a80f65dead4dd4157cdb/status
12-11 16:52:27.798 10534 10708 D Aatp    : /rm-external-files
12-11 16:52:27.811 10534 10708 D Aatp    : sha1: df9a8bbd16c737266a10d0119a8abbb5235bc1b5
12-11 16:52:27.819 10534 10534 D AatpDeviceManager: taskStatus update (df9a8bbd16c737266a10d0119a8abbb5235bc1b5: {"state":1})
12-11 16:52:27.821   609   609 V NotificationService: pkg=com.amazon.aatp.aatpdevicemanager canInterrupt=false intercept=true
12-11 16:52:27.827 10534 10709 W System.err: java.io.FileNotFoundException: /system/etc/vold.fstab: open failed: ENOENT (No such file or directory)
12-11 16:52:27.827 10534 10708 D Aatp    : /task/df9a8bbd16c737266a10d0119a8abbb5235bc1b5
12-11 16:52:27.833 10534 10709 W System.err: 	at libcore.io.IoBridge.open(IoBridge.java:452)
12-11 16:52:27.833 10534 10709 W System.err: 	at java.io.FileInputStream.<init>(FileInputStream.java:76)
12-11 16:52:27.833 10534 10709 W System.err: 	at java.util.Scanner.<init>(Scanner.java:158)
12-11 16:52:27.833 10534 10709 W System.err: 	at java.util.Scanner.<init>(Scanner.java:138)
12-11 16:52:27.833 10534 10709 W System.err: 	at com.amazon.aatp.util.StorageOptions.readVoldFile(StorageOptions.java:43)
12-11 16:52:27.833 10534 10709 W System.err: 	at com.amazon.aatp.util.StorageOptions.determineStorageOptions(StorageOptions.java:20)
12-11 16:52:27.833 10534 10709 W System.err: 	at com.amazon.aatp.aatpdevicemanager.tasks.RmExternalFiles.onHandleIntent(RmExternalFiles.java:34)
12-11 16:52:27.833 10534 10709 W System.err: 	at android.app.IntentService$ServiceHandler.handleMessage(IntentService.java:66)
12-11 16:52:27.833 10534 10709 W System.err: 	at android.os.Handler.dispatchMessage(Handler.java:102)
12-11 16:52:27.833 10534 10709 W System.err: 	at android.os.Looper.loop(Looper.java:148)
12-11 16:52:27.833 10534 10709 W System.err: 	at android.os.HandlerThread.run(HandlerThread.java:61)
12-11 16:52:27.833 10534 10709 W System.err: Caused by: android.system.ErrnoException: open failed: ENOENT (No such file or directory)
12-11 16:52:27.834 10534 10709 W System.err: 	at libcore.io.Posix.open(Native Method)
12-11 16:52:27.834 10534 10709 W System.err: 	at libcore.io.BlockGuardOs.open(BlockGuardOs.java:186)
12-11 16:52:27.834 10534 10709 W System.err: 	at libcore.io.IoBridge.open(IoBridge.java:438)
12-11 16:52:27.834 10534 10709 W System.err: 	... 10 more
12-11 16:52:27.835 10534 10709 D AatpDeviceManager: Wiping files from: /sdcard
12-11 16:52:27.887 10534 10709 D AatpDeviceManager: Wiping files from: /mnt/sdcard
12-11 16:52:27.889 10534 10709 D AatpDeviceManager: 0 files left!
12-11 16:52:27.890 10534 10534 D AatpDeviceManager: taskStatus update (df9a8bbd16c737266a10d0119a8abbb5235bc1b5: {"result":[],"state":2})
12-11 16:52:27.962 10534 10714 D Aatp    : /task/df9a8bbd16c737266a10d0119a8abbb5235bc1b5/status
12-11 16:52:29.082 10717 10717 D AndroidRuntime: >>>>>> START com.android.internal.os.RuntimeInit uid 2000 <<<<<<
12-11 16:52:29.089 10717 10717 D AndroidRuntime: CheckJNI is OFF
12-11 16:52:29.147 10717 10717 D ICU     : No timezone override file found: /data/misc/zoneinfo/current/icu/icu_tzdata.dat
12-11 16:52:29.212 10717 10717 I Radio-JNI: register_android_hardware_Radio DONE
12-11 16:52:29.245 10717 10717 D AndroidRuntime: Calling main entry com.android.commands.pm.Pm
12-11 16:52:29.251   609  1289 W ActivityManager: Invalid packageName: com.google.android.browser
12-11 16:52:29.253 10717 10717 I art     : System.exit called, status: 1
12-11 16:52:29.253 10717 10717 I AndroidRuntime: VM exiting with result code 1.
12-11 16:52:30.427 10733 10733 D AndroidRuntime: >>>>>> START com.android.internal.os.RuntimeInit uid 2000 <<<<<<
12-11 16:52:30.433 10733 10733 D AndroidRuntime: CheckJNI is OFF
12-11 16:52:30.490 10733 10733 D ICU     : No timezone override file found: /data/misc/zoneinfo/current/icu/icu_tzdata.dat
12-11 16:52:30.555 10733 10733 I Radio-JNI: register_android_hardware_Radio DONE
12-11 16:52:30.590 10733 10733 D AndroidRuntime: Calling main entry com.android.commands.pm.Pm
12-11 16:52:30.595   609  3442 I ActivityManager: Force stopping com.android.chrome appid=10036 user=0: clear data
12-11 16:52:30.601  7149  7149 I GeofencerStateMachine: removeGeofences: removeRequest=RemoveGeofencingRequest[REMOVE_ALL packageName=com.android.chrome]
12-11 16:52:30.614   609   775 I ActivityManager: Start proc 10746:com.android.documentsui/u0a39 for broadcast com.android.documentsui/.PackageReceiver
12-11 16:52:30.636   609   635 I ActivityManager: Start proc 10757:com.android.defcontainer/u0a5 for service com.android.defcontainer/.DefaultContainerService
12-11 16:52:30.675 10746 10746 W System  : ClassLoader referenced unknown path: /system/app/DocumentsUI/lib/arm
12-11 16:52:30.689   609   832 I ActivityManager: Killing 3308:android.process.acore/u0a4 (adj 15): empty for 5239s
12-11 16:52:30.689 10733 10733 I art     : System.exit called, status: 0
12-11 16:52:30.689 10733 10733 I AndroidRuntime: VM exiting with result code 0.
12-11 16:52:30.814   609  1164 I ActivityManager: Killing 6875:com.android.musicfx/u0a17 (adj 15): empty for 5239s
12-11 16:52:30.930   609  3358 I ActivityManager: Start proc 10783:com.android.externalstorage/u0a7 for content provider com.android.externalstorage/.ExternalStorageProvider
12-11 16:52:30.974  8021 10803 D Wear_Controller: Received broadcast action=android.intent.action.PACKAGE_DATA_CLEARED and uri=com.android.chrome
12-11 16:52:30.983  8021 10801 I LocationSettingsChecker: Removing dialog suppression flag for package com.android.chrome
12-11 16:52:31.000  8021  8079 I Icing   : doRemovePackageData com.android.chrome
12-11 16:52:31.001  8021  8079 I Icing   : Removing corpus key 7E13B3EAEF4FF2C2A29677D7DC0101C14E627884 for package com.android.chrome
12-11 16:52:31.038 10783 10783 W System  : ClassLoader referenced unknown path: /system/priv-app/ExternalStorageProvider/lib/arm
12-11 16:52:31.049 10783 10783 D ExternalStorage: After updating volumes, found 1 active roots
12-11 16:52:31.076   609  3416 I ActivityManager: Start proc 10812:com.android.shell/2000 for content provider com.android.shell/.BugreportStorageProvider
12-11 16:52:31.100   609   959 I ActivityManager: Killing 7331:com.google.android.apps.cloudprint/u0a37 (adj 15): empty for 5240s
12-11 16:52:31.228 10812 10812 W System  : ClassLoader referenced unknown path: /system/priv-app/Shell/lib/arm
12-11 16:52:31.251  8021  8079 I Icing   : updateResources: need to parse tus{com.android.chrome}
12-11 16:52:31.252   609   832 I ActivityManager: Start proc 10824:com.google.android.apps.docs/u0a40 for content provider com.google.android.apps.docs/.storagebackend.StorageBackendContentProvider
12-11 16:52:31.276   609  1289 I ActivityManager: Killing 1433:com.android.vending/u0a19 (adj 15): empty for 5225s
12-11 16:52:31.439  8021  8079 I Icing   : Indexing 7E13B3EAEF4FF2C2A29677D7DC0101C14E627884 from com.android.chrome
12-11 16:52:31.460   609   775 I ActivityManager: Start proc 10838:com.android.chrome/u0a36 for content provider com.android.chrome/com.google.android.apps.chrome.icing.IcingProvider
12-11 16:52:31.510 10838 10838 W ActivityThread: Application com.android.chrome can be debugged on port 8100...
12-11 16:52:31.682   609   620 I AccountManagerService: getTypesVisibleToCaller: isPermitted? true
12-11 16:52:31.696 10824 10857 I GAv4    : Google Analytics 11.0.11 is starting up. To enable debug logging on a device run:
12-11 16:52:31.696 10824 10857 I GAv4    :   adb shell setprop log.tag.GAv4 DEBUG
12-11 16:52:31.696 10824 10857 I GAv4    :   adb logcat -s GAv4
12-11 16:52:31.721 10824 10860 W GAv4    : AnalyticsReceiver is not registered or is disabled. Register the receiver for reliable dispatching on non-Google Play devices. See http://goo.gl/8Rd3yj for instructions.
12-11 16:52:31.724   609  7033 I AccountManagerService: getTypesVisibleToCaller: isPermitted? true
12-11 16:52:31.724 10824 10824 W FieldDefinition: Ignoring isIndexed constraint as field also has uniqueness constraint (on just this field, and therefore SQLite will have to create an index on that. For field: com.google.android.apps.docs.database.common.FieldDefinition$a@f1d2713
12-11 16:52:31.726 10824 10857 W CoreComponentFactoryImpl: RetainedComponent will not be retained if  dhe does not inherit FragmentActivity and fulfill jhu contract.
12-11 16:52:31.728  8021  8079 I Icing   : Indexing done 7E13B3EAEF4FF2C2A29677D7DC0101C14E627884
12-11 16:52:31.744 10824 10860 W GAv4    : CampaignTrackingReceiver is not registered, not exported or is disabled. Installation campaign tracking is not possible. See http://goo.gl/8Rd3yj for instructions.
12-11 16:52:31.747 10824 10860 W GAv4    : AnalyticsService not registered in the app manifest. Hits might not be delivered reliably. See http://goo.gl/8Rd3yj for instructions.
12-11 16:52:31.763   609  3042 I ActivityManager: Killing 9341:com.google.android.apps.maps/u0a57 (adj 15): empty for 5179s
12-11 16:52:31.858 10792 10792 D AndroidRuntime: >>>>>> START com.android.internal.os.RuntimeInit uid 2000 <<<<<<
12-11 16:52:31.864 10792 10792 D AndroidRuntime: CheckJNI is OFF
12-11 16:52:31.921 10792 10792 D ICU     : No timezone override file found: /data/misc/zoneinfo/current/icu/icu_tzdata.dat
12-11 16:52:31.937   609  3416 I AccountManagerService: getTypesVisibleToCaller: isPermitted? true
12-11 16:52:31.958   609  3042 I AccountManagerService: getTypesVisibleToCaller: isPermitted? true
12-11 16:52:31.973 10792 10792 I Radio-JNI: register_android_hardware_Radio DONE
12-11 16:52:31.988   609  3358 I AccountManagerService: getTypesVisibleToCaller: isPermitted? true
12-11 16:52:31.989   609  3442 I AccountManagerService: getTypesVisibleToCaller: isPermitted? false
12-11 16:52:32.003 10792 10792 D AndroidRuntime: Calling main entry com.android.commands.pm.Pm
12-11 16:52:32.008   609   959 I ActivityManager: Force stopping com.android.systemui appid=10024 user=0: clear data
12-11 16:52:32.009   609   621 W WallpaperManagerService: Wallpaper uninstalled, removing: ComponentInfo{com.android.systemui/com.android.systemui.ImageWallpaper}
12-11 16:52:32.012  7149  7149 I GeofencerStateMachine: removeGeofences: removeRequest=RemoveGeofencingRequest[REMOVE_ALL packageName=com.android.systemui]
12-11 16:52:32.036  8021 10803 D Wear_Controller: Received broadcast action=android.intent.action.PACKAGE_DATA_CLEARED and uri=com.android.systemui
12-11 16:52:32.041  8021 10804 I LocationSettingsChecker: Removing dialog suppression flag for package com.android.systemui
12-11 16:52:32.052   609  3358 I AccountManagerService: getTypesVisibleToCaller: isPermitted? true
12-11 16:52:32.058 10792 10792 I art     : System.exit called, status: 0
12-11 16:52:32.058 10792 10792 I AndroidRuntime: VM exiting with result code 0.
12-11 16:52:32.078   609  3042 I AccountManagerService: getTypesVisibleToCaller: isPermitted? true
12-11 16:52:32.083  8021  8630 I Icing   : doRemovePackageData com.android.systemui
12-11 16:52:32.083 10746 10776 D Documents: Update found 7 roots in 1396ms
12-11 16:52:32.118   609  3042 I AccountManagerService: getTypesVisibleToCaller: isPermitted? true
12-11 16:52:32.118   609  7033 I AccountManagerService: getTypesVisibleToCaller: isPermitted? true
12-11 16:52:32.120 10746 10878 D Documents: Update found 7 roots in 105ms
12-11 16:52:32.121 10746 10811 D Documents: Update found 7 roots in 1069ms
12-11 16:52:32.157  7149 10797 E GcmPushIntentOperation: Failed to subscribe to GCM: com.google.apps.drive.android
12-11 16:52:32.157  7149 10797 E GcmPushIntentOperation: java.io.IOException: SERVICE_NOT_AVAILABLE
12-11 16:52:32.157  7149 10797 E GcmPushIntentOperation: 	at uzy.b(:com.google.android.gms@11509436:41)
12-11 16:52:32.157  7149 10797 E GcmPushIntentOperation: 	at uzy.a(:com.google.android.gms@11509436:46)
12-11 16:52:32.157  7149 10797 E GcmPushIntentOperation: 	at uzv.b(:com.google.android.gms@11509436:11)
12-11 16:52:32.157  7149 10797 E GcmPushIntentOperation: 	at uzv.a(:com.google.android.gms@11509436:29)
12-11 16:52:32.157  7149 10797 E GcmPushIntentOperation: 	at com.google.android.gms.phenotype.gcmpush.GcmPushIntentOperation.a(:com.google.android.gms@11509436:16)
12-11 16:52:32.157  7149 10797 E GcmPushIntentOperation: 	at com.google.android.gms.phenotype.gcmpush.GcmPushIntentOperation.onHandleIntent(:com.google.android.gms@11509436:6)
12-11 16:52:32.157  7149 10797 E GcmPushIntentOperation: 	at com.google.android.chimera.IntentOperation.onHandleIntent(:com.google.android.gms@11509436:2)
12-11 16:52:32.157  7149 10797 E GcmPushIntentOperation: 	at bwh.run(:com.google.android.gms@11509436:10)
12-11 16:52:32.157  7149 10797 E GcmPushIntentOperation: 	at bwe.run(:com.google.android.gms@11509436:14)
12-11 16:52:32.157  7149 10797 E GcmPushIntentOperation: 	at java.util.concurrent.ThreadPoolExecutor.runWorker(ThreadPoolExecutor.java:1113)
12-11 16:52:32.157  7149 10797 E GcmPushIntentOperation: 	at java.util.concurrent.ThreadPoolExecutor$Worker.run(ThreadPoolExecutor.java:588)
12-11 16:52:32.157  7149 10797 E GcmPushIntentOperation: 	at java.lang.Thread.run(Thread.java:818)
12-11 16:52:33.279 10888 10888 D AndroidRuntime: >>>>>> START com.android.internal.os.RuntimeInit uid 2000 <<<<<<
12-11 16:52:33.286 10888 10888 D AndroidRuntime: CheckJNI is OFF
12-11 16:52:33.343 10888 10888 D ICU     : No timezone override file found: /data/misc/zoneinfo/current/icu/icu_tzdata.dat
12-11 16:52:33.398 10888 10888 I Radio-JNI: register_android_hardware_Radio DONE
12-11 16:52:33.429 10888 10888 D AndroidRuntime: Calling main entry com.android.commands.pm.Pm
12-11 16:52:33.435   609  3442 I ActivityManager: Force stopping com.android.phone appid=1001 user=0: clear data
12-11 16:52:33.443  7149  7149 I GeofencerStateMachine: removeGeofences: removeRequest=RemoveGeofencingRequest[REMOVE_ALL packageName=com.android.phone]
12-11 16:52:33.465  8021 10808 D Wear_Controller: Received broadcast action=android.intent.action.PACKAGE_DATA_CLEARED and uri=com.android.phone
12-11 16:52:33.468  8021 10803 I LocationSettingsChecker: Removing dialog suppression flag for package com.android.phone
12-11 16:52:33.524   609   620 I AccountManagerService: getTypesVisibleToCaller: isPermitted? true
12-11 16:52:33.528  8021  8630 I Icing   : doRemovePackageData com.android.phone
12-11 16:52:33.530 10746 10902 D Documents: Update found 7 roots in 85ms
12-11 16:52:33.538 10888 10888 I art     : System.exit called, status: 0
12-11 16:52:33.538 10888 10888 I AndroidRuntime: VM exiting with result code 0.
12-11 16:52:34.714 10912 10912 D AndroidRuntime: >>>>>> START com.android.internal.os.RuntimeInit uid 2000 <<<<<<
12-11 16:52:34.721 10912 10912 D AndroidRuntime: CheckJNI is OFF
12-11 16:52:34.762   609   959 I AccountManagerService: getTypesVisibleToCaller: isPermitted? true
12-11 16:52:34.774   609  1164 D VoldConnector: SND -> {12 volume mkdirs /storage/emulated/0/Android/data/com.google.android.apps.docs/cache/}
12-11 16:52:34.778   609   664 D VoldConnector: RCV <- {200 12 Command succeeded}
12-11 16:52:34.779 10912 10912 D ICU     : No timezone override file found: /data/misc/zoneinfo/current/icu/icu_tzdata.dat
12-11 16:52:34.814 10824 10859 E linker  : readlink('/proc/self/fd/25') failed: Permission denied [fd=25]
12-11 16:52:34.814 10824 10859 E linker  : warning: unable to get realpath for the library "/data/dalvik-cache/arm/system@framework@com.android.location.provider.jar@classes.dex". Will use given name.
12-11 16:52:34.816 10824 10859 E linker  : readlink('/proc/self/fd/25') failed: Permission denied [fd=25]
12-11 16:52:34.816 10824 10859 E linker  : warning: unable to get realpath for the library "/data/dalvik-cache/arm/system@framework@com.android.media.remotedisplay.jar@classes.dex". Will use given name.
12-11 16:52:34.820 10824 10859 E linker  : readlink('/proc/self/fd/25') failed: Permission denied [fd=25]
12-11 16:52:34.820 10824 10859 E linker  : warning: unable to get realpath for the library "/data/app/com.google.android.gms-2/oat/arm/base.odex". Will use given name.
12-11 16:52:34.833 10912 10912 I Radio-JNI: register_android_hardware_Radio DONE
12-11 16:52:34.865 10912 10912 D AndroidRuntime: Calling main entry com.android.commands.pm.Pm
12-11 16:52:34.871   609  7033 I ActivityManager: Force stopping com.google.android.apps.maps appid=10057 user=0: clear data
12-11 16:52:34.877  7149  7149 I GeofencerStateMachine: removeGeofences: removeRequest=RemoveGeofencingRequest[REMOVE_ALL packageName=com.google.android.apps.maps]
12-11 16:52:34.885 10824 10859 E linker  : readlink('/proc/self/fd/25') failed: Permission denied [fd=25]
12-11 16:52:34.885 10824 10859 E linker  : warning: unable to get realpath for the library "/data/app/com.google.android.gms-2/lib/arm/libgmscore.so". Will use given name.
12-11 16:52:34.898  8021 10808 D Wear_Controller: Received broadcast action=android.intent.action.PACKAGE_DATA_CLEARED and uri=com.google.android.apps.maps
12-11 16:52:34.899  8021 10806 I LocationSettingsChecker: Removing dialog suppression flag for package com.google.android.apps.maps
12-11 16:52:34.919  8021  8630 I Icing   : doRemovePackageData com.google.android.apps.maps
12-11 16:52:34.922   609  3417 I AccountManagerService: getTypesVisibleToCaller: isPermitted? true
12-11 16:52:34.926 10912 10912 I art     : System.exit called, status: 0
12-11 16:52:34.926 10912 10912 I AndroidRuntime: VM exiting with result code 0.
12-11 16:52:34.927 10824 10859 E linker  : readlink('/proc/self/fd/25') failed: Permission denied [fd=25]
12-11 16:52:34.927 10824 10859 E linker  : warning: unable to get realpath for the library "/data/app/com.google.android.gms-2/lib/arm/libconscrypt_gmscore_jni.so". Will use given name.
12-11 16:52:34.928 10824 10859 W linker  : /data/app/com.google.android.gms-2/lib/arm/libconscrypt_gmscore_jni.so: unused DT entry: type 0x1d arg 0x1ed
12-11 16:52:34.934 10746 10934 D Documents: Update found 7 roots in 54ms
12-11 16:52:34.935 10824 10859 V NativeCrypto: Registering com/google/android/gms/org/conscrypt/NativeCrypto's 259 native methods...
12-11 16:52:34.959 10824 10859 I art     : Rejecting re-init on previously-failed class java.lang.Class<com.google.android.gms.org.conscrypt.OpenSSLExtendedSessionImpl>
12-11 16:52:34.960 10824 10859 I art     : Rejecting re-init on previously-failed class java.lang.Class<com.google.android.gms.org.conscrypt.OpenSSLExtendedSessionImpl>
12-11 16:52:34.961 10824 10859 I art     : Rejecting re-init on previously-failed class java.lang.Class<com.google.android.gms.org.conscrypt.OpenSSLExtendedSessionImpl>
12-11 16:52:34.984 10824 10859 I ProviderInstaller: Installed default security provider GmsCore_OpenSSL
12-11 16:52:36.078 10944 10944 D AndroidRuntime: >>>>>> START com.android.internal.os.RuntimeInit uid 2000 <<<<<<
12-11 16:52:36.085 10944 10944 D AndroidRuntime: CheckJNI is OFF
12-11 16:52:36.142 10944 10944 D ICU     : No timezone override file found: /data/misc/zoneinfo/current/icu/icu_tzdata.dat
12-11 16:52:36.202 10944 10944 I Radio-JNI: register_android_hardware_Radio DONE
12-11 16:52:36.233 10944 10944 D AndroidRuntime: Calling main entry com.android.commands.pm.Pm
12-11 16:52:36.239   609   959 I ActivityManager: Force stopping com.android.settings appid=1000 user=0: clear data
12-11 16:52:36.245  7149  7149 I GeofencerStateMachine: removeGeofences: removeRequest=RemoveGeofencingRequest[REMOVE_ALL packageName=com.android.settings]
12-11 16:52:36.265  8021 10803 D Wear_Controller: Received broadcast action=android.intent.action.PACKAGE_DATA_CLEARED and uri=com.android.settings
12-11 16:52:36.267  8021 10808 I LocationSettingsChecker: Removing dialog suppression flag for package com.android.settings
12-11 16:52:36.294  8021  8630 I Icing   : doRemovePackageData com.android.settings
12-11 16:52:36.314   609   619 I AccountManagerService: getTypesVisibleToCaller: isPermitted? true
12-11 16:52:36.329 10944 10944 I art     : System.exit called, status: 0
12-11 16:52:36.329 10944 10944 I AndroidRuntime: VM exiting with result code 0.
12-11 16:52:36.394 10746 10776 D Documents: Update found 7 roots in 147ms
12-11 16:52:37.431 10966 10966 D AndroidRuntime: >>>>>> START com.android.internal.os.RuntimeInit uid 2000 <<<<<<
12-11 16:52:37.437 10966 10966 D AndroidRuntime: CheckJNI is OFF
12-11 16:52:37.495 10966 10966 D ICU     : No timezone override file found: /data/misc/zoneinfo/current/icu/icu_tzdata.dat
12-11 16:52:37.559 10966 10966 I Radio-JNI: register_android_hardware_Radio DONE
12-11 16:52:37.593 10966 10966 D AndroidRuntime: Calling main entry com.android.commands.pm.Pm
12-11 16:52:37.599   609   775 I ActivityManager: Force stopping com.google.android.gms appid=10009 user=0: clear data
12-11 16:52:37.599   609   775 I ActivityManager: Killing 7149:com.google.android.gms.persistent/u0a9 (adj 1): stop com.google.android.gms
12-11 16:52:37.625   609  3357 D GpsStatusListenerHelper: Remote Listener died: android.location.IGpsStatusListener$Stub$Proxy@9ed90cb
12-11 16:52:37.628   609   609 V BackupManagerService: Disconnected from transport ComponentInfo{com.google.android.gms/com.google.android.gms.backup.BackupTransportService}
12-11 16:52:37.629   609   609 V BackupManagerService: Registering transport com.google.android.gms/.backup.BackupTransportService::null = null
12-11 16:52:37.629   609   674 D WifiService: Client connection lost with reason: 4
12-11 16:52:37.732   609   775 W ActivityManager: Scheduling restart of crashed service com.google.android.gms/.phenotype.service.PhenotypeService in 1000ms
12-11 16:52:37.732   609   775 W ActivityManager: Scheduling restart of crashed service com.google.android.gms/com.google.android.location.internal.server.GoogleLocationService in 11000ms
12-11 16:52:37.732   609   775 W ActivityManager: Scheduling restart of crashed service com.google.android.gms/com.google.android.location.geofencer.service.GeofenceProviderService in 21000ms
12-11 16:52:37.733   609   775 W ActivityManager: Scheduling restart of crashed service com.google.android.gms/.clearcut.service.ClearcutLoggerService in 31000ms
12-11 16:52:37.733   609   775 W ActivityManager: Scheduling restart of crashed service com.google.android.gms/com.google.android.location.geocode.GeocodeService in 41000ms
12-11 16:52:37.733   609   775 W ActivityManager: Scheduling restart of crashed service com.google.android.gms/com.google.android.location.internal.GoogleLocationManagerService in 50999ms
12-11 16:52:37.733   609   775 W ActivityManager: Scheduling restart of crashed service com.google.android.gms/com.google.android.location.network.NetworkLocationService in 60999ms
12-11 16:52:37.733   609   775 W ActivityManager: Scheduling restart of crashed service com.google.android.gms/.gcm.GcmService in 70999ms
12-11 16:52:37.733   609   775 W ActivityManager: Scheduling restart of crashed service com.google.android.gms/.deviceconnection.service.DeviceConnectionWatcherService in 80999ms
12-11 16:52:37.734   609   775 W ActivityManager: Scheduling restart of crashed service com.google.android.gms/com.google.location.nearby.direct.service.NearbyDirectService in 90999ms
12-11 16:52:37.734   609   775 W ActivityManager: Scheduling restart of crashed service com.google.android.gms/.auth.setup.devicesignals.LockScreenService in 90999ms
12-11 16:52:37.734   609   775 W ActivityManager: Scheduling restart of crashed service com.google.android.gms/.common.stats.GmsCoreStatsService in 100999ms
12-11 16:52:37.734   609   775 W ActivityManager: Scheduling restart of crashed service com.google.android.gms/.backup.BackupTransportService in 110999ms
12-11 16:52:37.734   609   775 W ActivityManager: Scheduling restart of crashed service com.google.android.gms/com.google.android.location.fused.service.FusedProviderService in 120999ms
12-11 16:52:37.735   609   775 W ActivityManager: Scheduling restart of crashed service com.google.android.gms/com.google.android.contextmanager.service.ContextManagerService in 130999ms
12-11 16:52:37.735   609   775 W ActivityManager: Scheduling restart of crashed service com.google.android.gms/.nearby.messages.service.NearbyMessagesService in 140999ms
12-11 16:52:37.735   609   775 W ActivityManager: Scheduling restart of crashed service com.google.android.gms/com.google.android.location.fused.FusedLocationService in 150998ms
12-11 16:52:37.735   609   775 W ActivityManager: Scheduling restart of crashed service com.google.android.gms/.auth.account.service.WorkAccountService in 160998ms
12-11 16:52:37.735   609   775 W ActivityManager: Scheduling restart of crashed service com.google.android.gms/.chimera.PersistentIntentOperationService in 160998ms
12-11 16:52:37.735   609   775 W ActivityManager: Scheduling restart of crashed service com.google.android.gms/.auth.proximity.firstparty.SystemMemoryCacheService in 160998ms
12-11 16:52:37.736  8021  8021 I ActivityThread: Removing dead content provider:android.content.ContentProviderProxy@890fb6f
12-11 16:52:37.738   609   775 I ActivityManager: Killing 10824:com.google.android.apps.docs/u0a40 (adj 11): stop com.google.android.gms
12-11 16:52:37.863   609   775 I ActivityManager: Killing 8021:com.google.android.gms/u0a9 (adj 5): stop com.google.android.gms
12-11 16:52:37.939   609   674 D WifiService: Client connection lost with reason: 4
12-11 16:52:37.981   609   775 W ActivityManager: Scheduling restart of crashed service com.google.android.gms/.chimera.GmsIntentOperationService in 160752ms
12-11 16:52:37.982   609   775 I ActivityManager: Killing 9402:com.google.android.talk/u0a51 (adj 15): stop com.google.android.gms
12-11 16:52:38.033   609   775 I ActivityManager:   Force stopping service ServiceRecord{591f5a6 u0 com.google.android.gms/.backup.BackupTransportService}
12-11 16:52:38.033   609   775 I ActivityManager:   Force stopping service ServiceRecord{594b382 u0 com.google.android.gms/.common.stats.GmsCoreStatsService}
12-11 16:52:38.033   609   775 I ActivityManager:   Force stopping service ServiceRecord{a5fa431 u0 com.google.android.gms/com.google.android.location.internal.GoogleLocationManagerService}
12-11 16:52:38.033   609   775 I ActivityManager:   Force stopping service ServiceRecord{a1c5e76 u0 com.google.android.gms/com.google.android.location.network.NetworkLocationService}
12-11 16:52:38.033   609   775 I ActivityManager:   Force stopping service ServiceRecord{55c831b u0 com.google.android.gms/com.google.android.contextmanager.service.ContextManagerService}
12-11 16:52:38.033   609   775 I ActivityManager:   Force stopping service ServiceRecord{d0e1e95 u0 com.google.android.gms/com.google.android.location.internal.server.GoogleLocationService}
12-11 16:52:38.033   609   775 I ActivityManager:   Force stopping service ServiceRecord{4c573fe u0 com.google.android.gms/.nearby.messages.service.NearbyMessagesService}
12-11 16:52:38.033   609   775 I ActivityManager:   Force stopping service ServiceRecord{c52f95a u0 com.google.android.gms/com.google.android.location.geofencer.service.GeofenceProviderService}
12-11 16:52:38.033   609   775 I ActivityManager:   Force stopping service ServiceRecord{20f994d u0 com.google.android.gms/com.google.android.location.fused.FusedLocationService}
12-11 16:52:38.033   609   775 I ActivityManager:   Force stopping service ServiceRecord{590636f u0 com.google.android.gms/com.google.android.location.fused.service.FusedProviderService}
12-11 16:52:38.033   609   775 I ActivityManager:   Force stopping service ServiceRecord{999dcb9 u0 com.google.android.gms/.gcm.GcmService}
12-11 16:52:38.033   609   775 I ActivityManager:   Force stopping service ServiceRecord{66ddf27 u0 com.google.android.gms/.auth.setup.devicesignals.LockScreenService}
12-11 16:52:38.033   609   775 I ActivityManager:   Force stopping service ServiceRecord{b391750 u0 com.google.android.gms/com.google.android.location.geocode.GeocodeService}
12-11 16:52:38.033   609   775 I ActivityManager:   Force stopping service ServiceRecord{78e3a93 u0 com.google.android.gms/.deviceconnection.service.DeviceConnectionWatcherService}
12-11 16:52:38.036   609   619 W ActivityManager: Spurious death for ProcessRecord{76d21c0 0:com.google.android.gms.persistent/u0a9}, curProc for 7149: null
12-11 16:52:38.037   609  3358 W ActivityManager: Spurious death for ProcessRecord{bb264ef 0:com.google.android.apps.docs/u0a40}, curProc for 10824: null
12-11 16:52:38.037   609  3042 W ActivityManager: Spurious death for ProcessRecord{5a66fa2 0:com.google.android.gms/u0a9}, curProc for 8021: null
12-11 16:52:38.038   609   959 W ActivityManager: Spurious death for ProcessRecord{aed1066 0:com.google.android.talk/u0a51}, curProc for 9402: null
12-11 16:52:38.111   609  3358 I ActivityManager: Start proc 10989:com.google.android.apps.docs/u0a40 for content provider com.google.android.apps.docs/.storagebackend.StorageBackendContentProvider
12-11 16:52:38.133  6803 10981 E linker  : readlink('/proc/self/fd/24') failed: Permission denied [fd=24]
12-11 16:52:38.133  6803 10981 E linker  : warning: unable to get realpath for the library "/data/data/com.google.android.googlequicksearchbox/files/extradex_jars/verified/attemptedsearchhistory/attemptedsearchhistory-0.dex". Will use given name.
12-11 16:52:38.182  6803 11007 I SearchServiceFactory: refreshing search history.
12-11 16:52:38.237 10966 10966 I art     : System.exit called, status: 0
12-11 16:52:38.237 10966 10966 I AndroidRuntime: VM exiting with result code 0.
12-11 16:52:38.323  6803 11007 I WebViewFactory: Loading com.google.android.webview version 44.0.2403.117 (code 246011700)
12-11 16:52:38.330  6803 11007 E linker  : readlink('/proc/self/fd/27') failed: Permission denied [fd=27]
12-11 16:52:38.330  6803 11007 E linker  : warning: unable to get realpath for the library "/system/app/WebViewGoogle/WebViewGoogle.apk!/lib/armeabi-v7a/libwebviewchromium.so". Will use given name.
12-11 16:52:38.372   609  7033 I ActivityManager: Start proc 11018:com.google.android.gms.persistent/u0a9 for content provider com.google.android.gms/.auth.account.be.legacy.AccountContentProvider
12-11 16:52:38.445  6803 11007 E linker  : readlink('/proc/self/fd/27') failed: Permission denied [fd=27]
12-11 16:52:38.445  6803 11007 E linker  : warning: unable to get realpath for the library "/data/dalvik-cache/arm/system@app@WebViewGoogle@WebViewGoogle.apk@classes.dex". Will use given name.
12-11 16:52:38.450  6803 11007 W System  : ClassLoader referenced unknown path: /system/app/WebViewGoogle/lib/arm
12-11 16:52:38.462 11018 11018 I LoadedApk: No resource references to update in package FFFFFFFFFFFFFFFFFFFFFF
12-11 16:52:38.475 11018 11029 E ChimeraCfgMgr: Failed to read module config: java.io.FileNotFoundException: /data/data/com.google.android.gms/app_chimera/current_config.pb: open failed: ENOENT (No such file or directory)
