12-11 16:52:59.188   609  8020 I AccountManagerService: getTypesVisibleToCaller: isPermitted? true
12-11 16:52:59.197   196  1285 I WVCdm   : CdmEngine::OpenSession
12-11 16:52:59.197   196  1285 I WVCdm   : Level3 Library Jun 15 2015 14:09:24
12-11 16:52:59.200   196  1285 W WVCdm   : Could not read /data/mediadrm/IDM1013/ay64.dat2: No such file or directory
12-11 16:52:59.202   196  1285 D DrmWidevineDash: OEMCrypto_Initialize: starts! g_qsee_apps_version = 0x91
12-11 16:52:59.202   196  1285 D DrmWidevineDash: Service_Initialize: starts!
12-11 16:52:59.202   196  1285 D QSEECOMAPI: : QSEECom_start_app sb_length = 0x19000
12-11 16:52:59.202   196  1285 D QSEECOMAPI: : App is not loaded in QSEE
12-11 16:52:59.216   196  1285 D QSEECOMAPI: : Loaded image: APP id = 2
12-11 16:52:59.216   196  1285 D DrmWidevineDash: Service_Initialize: ends! returns 0
12-11 16:52:59.216   196  1285 D DrmWidevineDash: OEMCrypto_Initialize sion_buffer g_wv_fhandle->ion_sbuffer  0x0xb3257000
12-11 16:52:59.216   196  1285 E DrmWidevineDash: sion_buffer g_wv_fhandle->ion_sbuffer  0x0xb3257000
12-11 16:52:59.371   196  1285 D DrmWidevineDash: OEMCrypto_Initialize: ends! returns 0
12-11 16:52:59.371   196  1285 D DrmWidevineDash: OEMCrypto_APIVersion: starts!
12-11 16:52:59.433   196  1285 D DrmWidevineDash: hlos api version =  10
12-11 16:52:59.434   196  1285 D DrmWidevineDash: tz api version =  10
12-11 16:52:59.434   196  1285 D DrmWidevineDash: OEMCrypto_APIVersion: ends! returns version 10
12-11 16:52:59.434   196  1285 D DrmWidevineDash: OEMCrypto_IsKeyboxValid: starts!
12-11 16:52:59.486 11446 11859 I DynamiteModule: Considering local module com.google.android.gms.googlecertificates:4 and remote module com.google.android.gms.googlecertificates:4
12-11 16:52:59.486 11446 11859 I DynamiteModule: Selected local version of com.google.android.gms.googlecertificates
12-11 16:52:59.529   196  1285 D DrmWidevineDash: OEMCrypto_IsKeyboxValid: ends! returns 0
12-11 16:52:59.529   196  1285 D WVCdm   : OEMCrypto_Initialize Level 1 success. I will use level 1.
12-11 16:52:59.529   196  1285 D DrmWidevineDash: OEMCrypto_OpenSession: starts! SID=0xaecaf13c
12-11 16:52:59.591   196  1285 D DrmWidevineDash: OEMCrypto_OpenSession SID = 1
12-11 16:52:59.591   196  1285 D DrmWidevineDash: OEMCrypto_OpenSession: ends! returns 0
12-11 16:52:59.591   196  1285 D DrmWidevineDash: OEMCrypto_GetRandom: starts! randomData=0xb3f1b6e8, dataLength=8
12-11 16:52:59.661   196  1285 D DrmWidevineDash: OEMCrypto_GetRandom: ends! returns 0
12-11 16:52:59.661   196  1285 D DrmWidevineDash: OEMCrypto_LoadDeviceRSAKey: starts!SID=1, wrapped_rsa_key=0xb369ce00, wrapped_rsa_key_length=1280
12-11 16:52:59.717   196  1285 D DrmWidevineDash: OEMCrypto_LoadDeviceRSAKey: ends! returns 0
12-11 16:52:59.717   196  1285 I WVCdm   : CdmEngine::QueryKeyControlInfo
12-11 16:52:59.718   196   606 W WVCdm   : BufferReader::Read<T> : Failure during parse: Not enough bytes (4)
12-11 16:52:59.718   196   606 W WVCdm   : CdmEngine::ExtractWidevinePssh: Unable to read atom size.
12-11 16:52:59.718   196   606 I WVCdm   : CdmEngine::GenerateKeyRequest
12-11 16:52:59.718   196   606 D DrmWidevineDash: OEMCrypto_GetDeviceID: starts! deviceID=0xb369a4e0, idLength=0xb3b3ef34
12-11 16:52:59.757 11871 11871 I dex2oat : /system/bin/dex2oat --dex-file=/data/user/0/com.google.android.gms/app_dg_cache/773C567C549A0BABE9AB85A0C121287B0B2AF818/the.apk --oat-file=/data/user/0/com.google.android.gms/app_dg_cache/773C567C549A0BABE9AB85A0C121287B0B2AF818/opt/the.dex
12-11 16:52:59.771   196   606 D DrmWidevineDash: OEMCrypto_GetDeviceID: ends! returns 0
12-11 16:52:59.771   196   606 D DrmWidevineDash: OEMCrypto_SupportsUsageTable: starts!
12-11 16:52:59.772 11816 11820 W dex2oat : Compilation of android.content.res.ColorStateList om.b(android.content.Context, int) took 148.803ms
12-11 16:52:59.785 10534 11873 D Aatp    : /task/e8e7d2b07c8bec346d670232beccdfad684fa02f/status
12-11 16:52:59.821   196   606 D DrmWidevineDash: OEMCrypto_SupportsUsageTable: is_supported = 1
12-11 16:52:59.821   196   606 D DrmWidevineDash: OEMCrypto_SupportsUsageTable: wv_app_version = 0x23
12-11 16:52:59.821   196   606 D DrmWidevineDash: OEMCrypto_SupportsUsageTable: ends! returns 0x0
12-11 16:52:59.821   196   606 D DrmWidevineDash: OEMCrypto_IsAntiRollbackHwPresent: starts!
12-11 16:52:59.830 11871 11871 I dex2oat : dex2oat took 76.293ms (threads: 4) arena alloc=12KB java alloc=35KB native alloc=874KB free=917KB
12-11 16:52:59.885 10534 11877 D Aatp    : /bluetooth
12-11 16:52:59.897 10534 11877 D Aatp    : sha1: bbbee4340ccd4912625719f795897535cc88ed3f
12-11 16:52:59.897 10534 11877 D AatpDeviceManager: k: enabled v: True
12-11 16:52:59.897 10534 11877 D AatpDeviceManager: k: NanoHttpd.QUERY_STRING v: enabled=True
12-11 16:52:59.900   196   606 D DrmWidevineDash: OEMCrypto_IsAntiRollbackHwPresent ends! ret=0, is_antirb_enabled = 0
12-11 16:52:59.900   196   606 D DrmWidevineDash: OEMCrypto_APIVersion: starts!
12-11 16:52:59.907 10534 10534 D AatpDeviceManager: taskStatus update (bbbee4340ccd4912625719f795897535cc88ed3f: {"state":1})
12-11 16:52:59.909   609   609 V NotificationService: pkg=com.amazon.aatp.aatpdevicemanager canInterrupt=false intercept=true
12-11 16:52:59.909 10534 11878 D AWSDeviceFarmAndroidLib: setEnabled: enabled: true
12-11 16:52:59.911   609   626 D BluetoothManagerService: Added callback: android.bluetooth.IBluetoothManagerCallback$Stub$Proxy@51a916e:true
12-11 16:52:59.911 10534 11878 D AWSDeviceFarmAndroidLib: setEnabled: setting bluetooth to: true
12-11 16:52:59.923 10534 11877 D Aatp    : /task/bbbee4340ccd4912625719f795897535cc88ed3f
12-11 16:52:59.929   609   626 I ActivityManager: Start proc 11879:com.android.bluetooth/1002 for service com.android.bluetooth/.btservice.AdapterService
12-11 16:52:59.931   196   606 D DrmWidevineDash: hlos api version =  10
12-11 16:52:59.931   196   606 D DrmWidevineDash: tz api version =  10
12-11 16:52:59.931   196   606 D DrmWidevineDash: OEMCrypto_APIVersion: ends! returns version 10
12-11 16:52:59.931   196   606 D DrmWidevineDash: OEMCrypto_GetHDCPCapability starts!
12-11 16:52:59.943   196   606 D DrmWidevineDash: OEMCrypto_GetHDCPCapability current=255, max=4
12-11 16:52:59.943   196   606 D DrmWidevineDash: OEMCrypto_GetHDCPCapability ends! ret = 0
12-11 16:52:59.943   196   606 D DrmWidevineDash: OEMCrypto_GenerateNonce: starts! SID=1
12-11 16:52:59.971   196   606 D DrmWidevineDash: OEMCrypto_GenerateNonce: ends! returns 0
12-11 16:52:59.971   196   606 D WVCdm   : PrepareKeyRequest: nonce=2651932011
12-11 16:52:59.971   196   606 D DrmWidevineDash: OEMCrypto_GenerateRSASignature starts! SID=1, message=0xb3683500
12-11 16:52:59.971   196   606 D DrmWidevineDash: message_length=1616, signature=0xb38d0500, signature_length=3014914060
12-11 16:53:00.040 11879 11879 D AdapterServiceConfig: Adding HeadsetService
12-11 16:53:00.040 11879 11879 D AdapterServiceConfig: Adding A2dpService
12-11 16:53:00.041 11879 11879 D AdapterServiceConfig: Adding HidService
12-11 16:53:00.041 11879 11879 D AdapterServiceConfig: Adding HealthService
12-11 16:53:00.041 11879 11879 D AdapterServiceConfig: Adding PanService
12-11 16:53:00.041 11879 11879 D AdapterServiceConfig: Adding GattService
12-11 16:53:00.059 10534 11891 D Aatp    : /task/bbbee4340ccd4912625719f795897535cc88ed3f/status
12-11 16:53:00.066   609   626 D BluetoothManagerService: Added callback: android.bluetooth.IBluetoothManagerCallback$Stub$Proxy@4eaf288:true
12-11 16:53:00.066 11879 11879 D BluetoothAdapterState: make() - Creating AdapterState
12-11 16:53:00.069 11879 11892 I BluetoothAdapterState: Entering OffState
12-11 16:53:00.069 11879 11879 I bt_bluedroid: init
12-11 16:53:00.095 11879 11893 I bt_bte_conf: bte_load_ble_conf attempt to load ble stack conf from /etc/bluetooth/ble_stack.conf
12-11 16:53:00.096 11879 11893 E bt_osi_config: config_new unable to open file '/etc/bluetooth/ble_stack.conf': No such file or directory
12-11 16:53:00.096 11879 11893 I bt_bte_conf: bte_load_ble_conf file >/etc/bluetooth/ble_stack.conf< not found
12-11 16:53:00.096 11879 11893 I bt_stack_config: init attempt to load stack conf from /etc/bluetooth/bt_stack.conf
12-11 16:53:00.097 11879 11879 I bt_bluedroid: get_profile_interface socket
12-11 16:53:00.101 11879 11896 D BluetoothAdapterProperties: Address is:D8:50:E6:7B:29:04
12-11 16:53:00.102 11879 11896 D BluetoothAdapterProperties: Name is: Nexus 7
12-11 16:53:00.106 11879 11879 I bt_bluedroid: get_profile_interface sdp
12-11 16:53:00.084 11457 11457 W Binder_2: type=1400 audit(0.0:65): avc: denied { search } for name="206" dev="proc" ino=8214 scontext=u:r:untrusted_app:s0:c512,c768 tcontext=u:r:zygote:s0 tclass=dir permissive=0
12-11 16:53:00.111 11879 11890 I bt_bluedroid: config_hci_snoop_log
12-11 16:53:00.114   609   626 D BluetoothManagerService: Broadcasting onBluetoothServiceUp() to 8 receivers.
12-11 16:53:00.118 11879 11892 D BluetoothAdapterState: Current state: OFF, message: 0
12-11 16:53:00.118 11879 11892 D BluetoothAdapterProperties: Setting state to 14
12-11 16:53:00.118 11879 11892 I BluetoothAdapterState: Bluetooth adapter state changed: 10-> 14
12-11 16:53:00.120 11879 11892 D BluetoothBondStateMachine: make
12-11 16:53:00.125 11446 11457 I Adreno-EGL: <qeglDrvAPI_eglInitialize:379>: QUALCOMM Build: 09/02/15, 76f806e, Ibddc658e36
12-11 16:53:00.132 11879 11897 I BluetoothBondStateMachine: StableState(): Entering Off State
12-11 16:53:00.134 11879 11892 I BluetoothAdapterState: Entering PendingCommandState
12-11 16:53:00.135 11018 11608 I NearbyDirect: MagicPairScanner: BluetoothLeScanner is null, Bluetooth might be off. Enabled=false
12-11 16:53:00.135 11879 11879 I BtGatt.JNI: classInitNative(L912): classInitNative: Success!
12-11 16:53:00.138 11879 11879 D BluetoothAdapterService: getAdapterService() - returning com.android.bluetooth.btservice.AdapterService@13caf8f
12-11 16:53:00.138 11879 11879 D BtGatt.DebugUtils: handleDebugAction() action=null
12-11 16:53:00.139 11879 11879 D BtGatt.GattService: Received start request. Starting profile...
12-11 16:53:00.139 11879 11879 D BtGatt.GattService: start()
12-11 16:53:00.143 11879 11879 I bt_bluedroid: get_profile_interface gatt
12-11 16:53:00.144 11879 11879 D BluetoothAdapterService: getAdapterService() - returning com.android.bluetooth.btservice.AdapterService@13caf8f
12-11 16:53:00.144 11879 11879 D BtGatt.AdvertiseManager: advertise manager created
12-11 16:53:00.149 11816 11818 W dex2oat : Compilation of void v.a(java.lang.String, java.io.PrintWriter) took 184.082ms
12-11 16:53:00.149 11879 11879 V BluetoothAdapterState: isTurningOff()=false
12-11 16:53:00.149 11879 11879 V BluetoothAdapterState: isTurningOn()=false
12-11 16:53:00.149 11879 11879 V BluetoothAdapterState: isBleTurningOn()=true
12-11 16:53:00.149 11879 11879 V BluetoothAdapterState: isBleTurningOff()=false
12-11 16:53:00.150 11879 11892 D BluetoothAdapterState: Current state: PENDING_COMMAND, message: 4
12-11 16:53:00.150 11879 11892 I bt_bluedroid: enable
12-11 16:53:00.150 11879 11893 D bt_stack_manager: event_start_up_stack is bringing up the stack.
12-11 16:53:00.152 11879 11893 I bt_hci  : start_up
12-11 16:53:00.156 11879 11893 E linker  : readlink('/proc/self/fd/48') failed: Permission denied [fd=48]
12-11 16:53:00.156 11879 11893 E linker  : warning: unable to get realpath for the library "libbt-vendor.so". Will use given name.
12-11 16:53:00.157   196   606 D DrmWidevineDash: OEMCrypto_GenerateRSASignature returns 0
12-11 16:53:00.158   196  1286 I WVCdm   : CdmEngine::CloseSession
12-11 16:53:00.158   196  1286 D DrmWidevineDash: OEMCrypto_CloseSession: starts! SID=1
12-11 16:53:00.161 11879 11893 I bt_vendor: alloc value 0xa17b91ed
12-11 16:53:00.161 11879 11893 I bt_vendor: bt-vendor : init
12-11 16:53:00.161 11879 11893 I bt_hwcfg: Starting hciattach daemon
12-11 16:53:00.161 11879 11893 I bt_hwcfg: try to set false
12-11 16:53:00.161 11879 11893 I bt_hwcfg: Starting hciattach daemon
12-11 16:53:00.161 11879 11893 I bt_hwcfg: try to set true
12-11 16:53:00.172 11446 11457 I Adreno-EGL: <qeglDrvAPI_eglInitialize:379>: QUALCOMM Build: 09/02/15, 76f806e, Ibddc658e36
12-11 16:53:00.221   196  1286 D DrmWidevineDash: OEMCrypto_CloseSession: ends! returns 0
12-11 16:53:00.221   196  1286 D DrmWidevineDash: OEMCrypto_Terminate: starts!
12-11 16:53:00.244 11906 11906 I msm8960-bluetooth: /system/bin/init.flo.bt.sh: Transport : smd 
12-11 16:53:00.260 11907 11907 I msm8960-bluetooth: /system/bin/init.flo.bt.sh: DUTADDR :  
12-11 16:53:00.271   196  1286 D DrmWidevineDash: Service_Uninitialize: starts!
12-11 16:53:00.271   196  1286 D QSEECOMAPI: : QSEECom_shutdown_app 
12-11 16:53:00.271   196  1286 D QSEECOMAPI: : QSEECom_shutdown_app, app_id = 2
12-11 16:53:00.276 11908 11908 I bdAddrLoader: option : f=/persist/bluetooth/.bdaddr
12-11 16:53:00.276 11908 11908 I bdAddrLoader: option : h
12-11 16:53:00.276 11908 11908 I bdAddrLoader: option : x
12-11 16:53:00.276 11908 11908 I bdAddrLoader: Read From /persist/bluetooth/.bdaddr by Path type(0x11), Data type (0x21)
12-11 16:53:00.277 11908 11908 I bdAddrLoader: Output Data type(0x22), bPrintout(1), bPath((null))
12-11 16:53:00.277 11908 11908 I bdAddrLoader: Loaded Data type(0x21)
12-11 16:53:00.277 11908 11908 I bdAddrLoader: hex_to_ascii() - converted Data (D850E67B2904)
12-11 16:53:00.278   196  1286 D DrmWidevineDash: Service_Uninitialize: ends! returns 0x0
12-11 16:53:00.278   196  1286 D DrmWidevineDash: OEMCrypto_Terminate: ends! returns 0
12-11 16:53:00.313 11910 11910 I msm8960-bluetooth: /system/bin/init.flo.bt.sh: BDADDR: D8:50:E6:7B:29:04 
12-11 16:53:00.329 11911 11911 I msm8960-bluetooth: /system/bin/init.flo.bt.sh: Power Class: Ignored. Default(1) used (1-CLASS1/2-CLASS2/3-CUSTOM) 
12-11 16:53:00.344 11912 11912 I msm8960-bluetooth: /system/bin/init.flo.bt.sh: Power Class: To override, Before turning BT ON; setprop qcom.bt.dev_power_class <1 or 2 or 3> 
12-11 16:53:00.334 11457 11457 W Binder_2: type=1400 audit(0.0:66): avc: denied { read } for name="/" dev="tmpfs" ino=8193 scontext=u:r:untrusted_app:s0:c512,c768 tcontext=u:object_r:device:s0 tclass=dir permissive=0
12-11 16:53:00.356 11446 11457 I Adreno-EGL: <qeglDrvAPI_eglInitialize:379>: QUALCOMM Build: 09/02/15, 76f806e, Ibddc658e36
12-11 16:53:00.394 11859 11859 W IntentService[D: type=1400 audit(0.0:67): avc: denied { search } for name="206" dev="proc" ino=8214 scontext=u:r:untrusted_app:s0:c512,c768 tcontext=u:r:zygote:s0 tclass=dir permissive=0
12-11 16:53:00.644 11859 11859 W IntentService[D: type=1400 audit(0.0:68): avc: denied { read } for name="/" dev="tmpfs" ino=8193 scontext=u:r:untrusted_app:s0:c512,c768 tcontext=u:object_r:device:s0 tclass=dir permissive=0
12-11 16:53:00.667   609   620 I AccountManagerService: getTypesVisibleToCaller: isPermitted? true
12-11 16:53:00.759 11816 11816 I dex2oat : dex2oat took 3.841s (threads: 4) arena alloc=6MB java alloc=2MB native alloc=13MB free=3MB
12-11 16:53:00.916 11918 11918 I msm8960-bluetooth: /system/bin/init.flo.bt.sh: Bluetooth QSoC firmware download succeeded,  D8:50:E6:7B:29:04 smd 
12-11 16:53:00.945 11917 11917 I dex2oat : /system/bin/dex2oat --dex-file=/data/data/com.google.android.gms/app_chimera/m/00000005/DynamiteModulesD_GmsCore_prodmnc_xhdpi_release.apk --oat-file=/data/data/com.google.android.gms/app_chimera/m/00000005/oat/arm/DynamiteModulesD_GmsCore_prodmnc_xhdpi_release.dex
12-11 16:53:00.945 11923 11923 I msm8960-bluetooth: /system/bin/init.flo.bt.sh: start bluetooth smd transport 
12-11 16:53:00.967 11879 11893 I bt_hwcfg: bluetooth satus is on
12-11 16:53:00.967 11879 11893 D bt_hci  : start_up starting async portion
12-11 16:53:00.968 11879 11900 I bt_hci  : event_finish_startup
12-11 16:53:00.968 11879 11900 I bt_hci_mct: hal_open
12-11 16:53:00.968 11879 11900 I bt_userial_vendor: Done intiailizing UART
12-11 16:53:00.968 11879 11900 I bt_userial_vendor: Done intiailizing UART
12-11 16:53:00.968 11879 11900 I bt_hci_mct: hal_open got uart fds: CMD=49, EVT=49, ACL_OUT=50, ACL_IN=50
12-11 16:53:00.969 11879 11900 I bt_vendor: Bluetooth Firmware and smd is initialized
12-11 16:53:00.970 11879 11900 I bt_vendor: firmware callback
12-11 16:53:00.970 11879 11900 I bt_hci  : firmware_config_callback
12-11 16:53:00.972 11879 11926 I bt_btu  : btu_task pending for preload complete event
12-11 16:53:00.972 11879 11926 I bt_btu_task: Bluetooth chip preload is complete
12-11 16:53:00.972 11879 11926 I bt_btu  : btu_task received preload complete event
12-11 16:53:00.979 11879 11926 I         : BTE_InitTraceLevels -- TRC_HCI
12-11 16:53:00.979 11879 11926 I         : BTE_InitTraceLevels -- TRC_L2CAP
12-11 16:53:00.979 11879 11926 I         : BTE_InitTraceLevels -- TRC_RFCOMM
12-11 16:53:00.979 11879 11926 I         : BTE_InitTraceLevels -- TRC_AVDT
12-11 16:53:00.979 11879 11926 I         : BTE_InitTraceLevels -- TRC_AVRC
12-11 16:53:00.979 11879 11926 I         : BTE_InitTraceLevels -- TRC_A2D
12-11 16:53:00.979 11879 11926 I         : BTE_InitTraceLevels -- TRC_BNEP
12-11 16:53:00.979 11879 11926 I         : BTE_InitTraceLevels -- TRC_BTM
12-11 16:53:00.979 11879 11926 I         : BTE_InitTraceLevels -- TRC_GAP
12-11 16:53:00.979 11879 11926 I         : BTE_InitTraceLevels -- TRC_PAN
12-11 16:53:00.979 11879 11926 I         : BTE_InitTraceLevels -- TRC_SDP
12-11 16:53:00.979 11879 11926 I         : BTE_InitTraceLevels -- TRC_GATT
12-11 16:53:00.979 11879 11926 I         : BTE_InitTraceLevels -- TRC_SMP
12-11 16:53:00.979 11879 11926 I         : BTE_InitTraceLevels -- TRC_BTAPP
12-11 16:53:00.979 11879 11926 I         : BTE_InitTraceLevels -- TRC_BTIF
12-11 16:53:01.020 11879 11926 I bt_btm_sec: BTM_SecRegister p_cb_info->p_le_callback == 0x0xa1737649
12-11 16:53:01.021 11879 11926 I bt_btm_sec: BTM_SecRegister btm_cb.api.p_le_callback = 0x0xa1737649 
12-11 16:53:01.062 11879 11896 I bt_btif_storage: btif_storage_get_adapter_property service_mask:0x20000000
12-11 16:53:01.063 11879 11896 D BluetoothAdapterProperties: Address is:D8:50:E6:7B:29:04
12-11 16:53:01.063 11879 11896 D BluetoothAdapterProperties: Name is: Nexus 7
12-11 16:53:01.064 11879 11896 D BluetoothAdapterProperties: Scan Mode:20
12-11 16:53:01.064 11879 11896 D BluetoothAdapterProperties: Discoverable Timeout:120
12-11 16:53:01.064 11879 11896 D bt_hci  : do_postload posting postload work item
12-11 16:53:01.064 11879 11900 I bt_hci  : event_postload
12-11 16:53:01.064 11879 11900 I bt_vendor: sco_config_cb
12-11 16:53:01.064 11879 11900 I bt_hci  : sco_config_callback postload finished.
12-11 16:53:01.064 11879 11900 I bt_vendor: low_power_mode_cb
12-11 16:53:01.066 11879 11896 D bt_bte_conf: Device ID record 1 : primary
12-11 16:53:01.066 11879 11896 D bt_bte_conf:   vendorId            = 000f
12-11 16:53:01.066 11879 11896 D bt_bte_conf:   vendorIdSource      = 0001
12-11 16:53:01.066 11879 11896 D bt_bte_conf:   product             = 1200
12-11 16:53:01.066 11879 11896 D bt_bte_conf:   version             = 1436
12-11 16:53:01.066 11879 11896 D bt_bte_conf:   clientExecutableURL = 
12-11 16:53:01.066 11879 11896 D bt_bte_conf:   serviceDescription  = 
12-11 16:53:01.066 11879 11896 D bt_bte_conf:   documentationURL    = 
12-11 16:53:01.066 11879 11896 D bt_bte_conf: bte_load_did_conf no section named DID2.
12-11 16:53:01.066 11879 11893 D bt_stack_manager: event_start_up_stack finished
12-11 16:53:01.067 11879 11892 D BluetoothAdapterState: Current state: PENDING_COMMAND, message: 3
12-11 16:53:01.067 11879 11892 D BluetoothAdapterProperties: Setting state to 15
12-11 16:53:01.067 11879 11892 I BluetoothAdapterState: Bluetooth adapter state changed: 14-> 15
12-11 16:53:01.067 11879 11892 I BluetoothAdapterState: Entering BleOnState
12-11 16:53:01.071 11879 11892 D BluetoothAdapterState: Current state: BLE ON, message: 1
12-11 16:53:01.071 11879 11892 D BluetoothAdapterProperties: Setting state to 11
12-11 16:53:01.071 11879 11892 I BluetoothAdapterState: Bluetooth adapter state changed: 15-> 11
12-11 16:53:01.076 11018 11608 I NearbyDirect: MagicPairScanner: BluetoothLeScanner is null, Bluetooth might be off. Enabled=false
12-11 16:53:01.083 11018 11608 I NearbyDirect: MagicPairScanner: BluetoothLeScanner is null, Bluetooth might be off. Enabled=false
12-11 16:53:01.088 11879 11892 I BluetoothAdapterState: Entering PendingCommandState
12-11 16:53:01.089 11879 11879 D BluetoothAdapterService: getAdapterService() - returning com.android.bluetooth.btservice.AdapterService@13caf8f
12-11 16:53:01.089 11879 11879 D HeadsetService: Received start request. Starting profile...
12-11 16:53:01.091 11879 11879 I BluetoothHeadsetServiceJni: classInitNative: succeeds
12-11 16:53:01.092 11018 11608 I NearbyDirect: MagicPairScanner: BluetoothLeScanner is null, Bluetooth might be off. Enabled=false
12-11 16:53:01.093 11879 11879 D HeadsetStateMachine: make
12-11 16:53:01.105 11879 11879 D HeadsetStateMachine: max_hf_connections = 1
12-11 16:53:01.105 11879 11879 I bt_bluedroid: get_profile_interface handsfree
12-11 16:53:01.105 11879 11896 I bt_btif_storage: btif_storage_get_adapter_property service_mask:0x20000020
12-11 16:53:01.107 11879 11896 E bt_btif : btif_hf_upstreams_evt: Invalid index -1
12-11 16:53:01.108 11879 11879 D BluetoothAdapterService: getAdapterService() - returning com.android.bluetooth.btservice.AdapterService@13caf8f
12-11 16:53:01.109   609   609 D BluetoothA2dp: Proxy object connected
12-11 16:53:01.110 11879 11879 D A2dpService: Received start request. Starting profile...
12-11 16:53:01.111 11879 11879 I BluetoothAvrcpServiceJni: classInitNative: succeeds
12-11 16:53:01.111 11879 11879 I bt_bluedroid: get_profile_interface avrcp
12-11 16:53:01.118 10534 11944 D Aatp    : /task/bbbee4340ccd4912625719f795897535cc88ed3f/status
12-11 16:53:01.123 11879 11879 E RemoteController: Cannot set synchronization mode on an unregistered RemoteController
12-11 16:53:01.123 11879 11879 I BluetoothA2dpServiceJni: classInitNative: succeeds
12-11 16:53:01.123 11879 11879 D A2dpStateMachine: make
12-11 16:53:01.125 11879 11879 I bt_bluedroid: get_profile_interface a2dp
12-11 16:53:01.125 11879 11896 I bt_btif_storage: btif_storage_get_adapter_property service_mask:0x20000028
12-11 16:53:01.127 11879 11946 D A2dpStateMachine: Enter Disconnected: -2
12-11 16:53:01.127 11879 11879 I BluetoothHidServiceJni: classInitNative: succeeds
12-11 16:53:01.128 11879 11879 D BluetoothAdapterService: getAdapterService() - returning com.android.bluetooth.btservice.AdapterService@13caf8f
12-11 16:53:01.129   742   742 D BluetoothInputDevice: Proxy object connected
12-11 16:53:01.129 11707 11707 D BluetoothInputDevice: Proxy object connected
12-11 16:53:01.129 11879 11879 D HidService: Received start request. Starting profile...
12-11 16:53:01.129 11879 11879 I bt_bluedroid: get_profile_interface hidhost
12-11 16:53:01.129   742   742 D HidProfile: Bluetooth service connected
12-11 16:53:01.129 11707 11707 D HidProfile: Bluetooth service connected
12-11 16:53:01.129 11879 11879 D HidService: setHidService(): set to: null
12-11 16:53:01.129 11879 11896 I bt_bta_hh: BTA_HhEnable sec_mask:0x36 p_cback:0xa1718e71
12-11 16:53:01.129 11879 11896 I bt_btif_storage: btif_storage_get_adapter_property service_mask:0x20100028
12-11 16:53:01.133 11879 11879 I BluetoothHealthServiceJni: classInitNative: succeeds
12-11 16:53:01.133 11879 11879 D BluetoothAdapterService: getAdapterService() - returning com.android.bluetooth.btservice.AdapterService@13caf8f
12-11 16:53:01.134 11879 11879 D HealthService: Received start request. Starting profile...
12-11 16:53:01.135 11879 11879 I bt_bluedroid: get_profile_interface health
12-11 16:53:01.136 11879 11879 I BluetoothPanServiceJni: classInitNative(L105): succeeds
12-11 16:53:01.136 11879 11879 D BluetoothAdapterService: getAdapterService() - returning com.android.bluetooth.btservice.AdapterService@13caf8f
12-11 16:53:01.138 11879 11879 D PanService: Received start request. Starting profile...
12-11 16:53:01.138 11879 11879 D BluetoothPanServiceJni: initializeNative(L110): pan
12-11 16:53:01.138 11879 11879 I bt_bluedroid: get_profile_interface pan
12-11 16:53:01.141   742   742 D BluetoothPan: BluetoothPAN Proxy object connected
12-11 16:53:01.141 11879 11879 V BluetoothAdapterState: isTurningOff()=false
12-11 16:53:01.141 11879 11879 V BluetoothAdapterState: isTurningOn()=true
12-11 16:53:01.141 11879 11879 V BluetoothAdapterState: isBleTurningOn()=false
12-11 16:53:01.141 11879 11879 V BluetoothAdapterState: isBleTurningOff()=false
12-11 16:53:01.141   742   742 D PanProfile: Bluetooth service connected
12-11 16:53:01.141 11879 11879 V BluetoothAdapterState: isTurningOff()=false
12-11 16:53:01.141 11879 11879 V BluetoothAdapterState: isTurningOn()=true
12-11 16:53:01.142 11879 11879 V BluetoothAdapterState: isBleTurningOn()=false
12-11 16:53:01.142 11879 11879 V BluetoothAdapterState: isBleTurningOff()=false
12-11 16:53:01.142 11879 11879 V BluetoothAdapterState: isTurningOff()=false
12-11 16:53:01.142 11879 11879 V BluetoothAdapterState: isTurningOn()=true
12-11 16:53:01.142 11879 11879 V BluetoothAdapterState: isBleTurningOn()=false
12-11 16:53:01.142 11879 11943 D HeadsetPhoneState: sendDeviceStateChanged. mService=0 mSignal=0 mRoam=0 mBatteryCharge=5
12-11 16:53:01.142 11879 11879 V BluetoothAdapterState: isBleTurningOff()=false
12-11 16:53:01.142 11879 11879 V BluetoothAdapterState: isTurningOff()=false
12-11 16:53:01.142 11879 11879 V BluetoothAdapterState: isTurningOn()=true
12-11 16:53:01.142 11879 11879 V BluetoothAdapterState: isBleTurningOn()=false
12-11 16:53:01.142 11879 11879 V BluetoothAdapterState: isBleTurningOff()=false
12-11 16:53:01.142 11879 11879 V BluetoothAdapterState: isTurningOff()=false
12-11 16:53:01.142 11879 11879 V BluetoothAdapterState: isTurningOn()=true
12-11 16:53:01.142 11879 11879 V BluetoothAdapterState: isBleTurningOn()=false
12-11 16:53:01.142 11879 11879 V BluetoothAdapterState: isBleTurningOff()=false
12-11 16:53:01.142 11879 11892 D BluetoothAdapterState: Current state: PENDING_COMMAND, message: 2
12-11 16:53:01.142 11879 11892 D BluetoothAdapterProperties: ScanMode =  20
12-11 16:53:01.142 11879 11892 D BluetoothAdapterProperties: State =  11
12-11 16:53:01.143 11879 11892 D BluetoothAdapterProperties: Setting state to 12
12-11 16:53:01.143 11879 11892 I BluetoothAdapterState: Bluetooth adapter state changed: 11-> 12
12-11 16:53:01.143   609   626 D BluetoothHeadset: onBluetoothStateChange: up=true
12-11 16:53:01.143 11879 11892 I BluetoothAdapterState: Entering OnState
12-11 16:53:01.144   742   754 D BluetoothPbap: onBluetoothStateChange: up=true
12-11 16:53:01.145   609   626 D BluetoothA2dp: onBluetoothStateChange: up=true
12-11 16:53:01.145   742  1293 D BluetoothInputDevice: onBluetoothStateChange: up=true
12-11 16:53:01.146 11707 11717 D BluetoothMap: onBluetoothStateChange: up=true
12-11 16:53:01.146 11707 11717 E BluetoothMap: Could not bind to Bluetooth MAP Service with Intent { act=android.bluetooth.IBluetoothMap }
12-11 16:53:01.146   742   759 D BluetoothPan: onBluetoothStateChange on: true
12-11 16:53:01.146   609   626 D BluetoothHeadset: onBluetoothStateChange: up=true
12-11 16:53:01.146 11707 11718 D BluetoothPan: onBluetoothStateChange on: true
12-11 16:53:01.147 11707 11707 D BluetoothPan: BluetoothPAN Proxy object connected
12-11 16:53:01.147 11707 11707 D PanProfile: Bluetooth service connected
12-11 16:53:01.151 11707 11717 D BluetoothPbap: onBluetoothStateChange: up=true
12-11 16:53:01.154  1148  1325 D BluetoothHeadset: onBluetoothStateChange: up=true
12-11 16:53:01.155   609   626 D BluetoothHeadset: onBluetoothStateChange: up=true
12-11 16:53:01.155 11707 11718 D BluetoothInputDevice: onBluetoothStateChange: up=true
12-11 16:53:01.155   742   754 D BluetoothMap: onBluetoothStateChange: up=true
12-11 16:53:01.156   742   754 E BluetoothMap: Could not bind to Bluetooth MAP Service with Intent { act=android.bluetooth.IBluetoothMap }
12-11 16:53:01.157   609   609 I Telecom : BluetoothPhoneService: queryPhoneState
12-11 16:53:01.161 11707 11707 D LocalBluetoothProfileManager: Adding local A2DP profile
12-11 16:53:01.163 11018 11608 D BluetoothAdapter: STATE_ON
12-11 16:53:01.163   742  1029 D LocalBluetoothProfileManager: Adding local A2DP profile
12-11 16:53:01.164 11018 11608 D BluetoothLeScanner: could not find callback wrapper
12-11 16:53:01.165 11707 11707 D LocalBluetoothProfileManager: Adding local HEADSET profile
12-11 16:53:01.170 11879 11896 D BluetoothPanServiceJni: control_state_callback(L61): state:0, local_role:3, ifname:bt-pan
12-11 16:53:01.173 11879 11896 D BluetoothAdapterProperties: Scan Mode:21
12-11 16:53:01.174 11879 11896 D BluetoothAdapterProperties: Discoverable Timeout:120
12-11 16:53:01.183   742  1029 D LocalBluetoothProfileManager: Adding local HEADSET profile
12-11 16:53:01.183   742   742 D BluetoothA2dp: Proxy object connected
12-11 16:53:01.184 11707 11707 D BluetoothA2dp: Proxy object connected
12-11 16:53:01.193 11018 11018 I BeaconBle: Using BLE 'L' hardware layer
12-11 16:53:01.194 11707 11707 W ContextImpl: Calling a method in the system process without a qualified user: android.app.ContextImpl.startService:1221 android.content.ContextWrapper.startService:581 android.content.ContextWrapper.startService:581 com.android.settings.bluetooth.DockEventReceiver.beginStartingService:134 com.android.settings.bluetooth.DockEventReceiver.onReceive:115 
12-11 16:53:01.206 11018 11608 I BeaconBle: Client requested scan, settings=BleSettings [scanMode=ZERO_POWER, callbackType=ALL_MATCHES, reportDelayMillis=0, 6 filters, 1 clients, callingClientName=Nearby]
12-11 16:53:01.219 11707 11707 D DockEventReceiver: finishStartingService: stopping service
12-11 16:53:01.221 11879 11956 W BluetoothAdapter: getBluetoothService() called with no BluetoothManagerCallback
12-11 16:53:01.223   742   742 D BluetoothPbap: Proxy object connected
12-11 16:53:01.224   742   742 D PbapServerProfile: Bluetooth service connected
12-11 16:53:01.239 11018 11608 D BluetoothAdapter: STATE_ON
12-11 16:53:01.239 11018 11608 D BluetoothAdapter: enableBLE(): BT is already enabled..!
12-11 16:53:01.242 11707 11707 D BluetoothPbap: Proxy object connected
12-11 16:53:01.242 11707 11707 D PbapServerProfile: Bluetooth service connected
12-11 16:53:01.245   609   626 D BluetoothHeadset: Proxy object connected
12-11 16:53:01.247   609   626 D BluetoothHeadset: Proxy object connected
12-11 16:53:01.251 11018 11608 I BeaconBle: ZERO_POWER is disabled.
12-11 16:53:01.251 11018 11608 I BeaconBle: 'L' hardware scan: scan stopped, no powered clients
12-11 16:53:01.255  1148  1159 D BluetoothHeadset: Proxy object connected
12-11 16:53:01.256   609   626 D BluetoothHeadset: Proxy object connected
12-11 16:53:01.259 11018 11608 D BluetoothAdapter: STATE_ON
12-11 16:53:01.259 11018 11608 D BluetoothLeScanner: could not find callback wrapper
12-11 16:53:01.273 11707 11951 D BluetoothHeadset: Proxy object connected
12-11 16:53:01.274 11707 11707 D HeadsetProfile: Bluetooth service connected
12-11 16:53:01.279 11879 11963 W BluetoothAdapter: getBluetoothService() called with no BluetoothManagerCallback
12-11 16:53:01.281 11879 11963 I BtOppRfcommListener: Accept thread started.
12-11 16:53:01.295   742   754 D BluetoothHeadset: Proxy object connected
12-11 16:53:01.296   742   742 D HeadsetProfile: Bluetooth service connected
12-11 16:53:01.307 11041 11607 I Authzen : [PermitStore] Getting all permits...
12-11 16:53:01.345 11018 11608 D BluetoothAdapter: STATE_ON
12-11 16:53:01.345 11018 11608 D BluetoothLeScanner: could not find callback wrapper
12-11 16:53:01.431 11917 11917 I dex2oat : dex2oat took 503.570ms (threads: 4) arena alloc=326KB java alloc=240KB native alloc=2MB free=1794KB
12-11 16:53:01.442 11041 11259 I CheckinCompat: Done disabling old GoogleServicesFramework version
12-11 16:53:01.513 11971 11971 I dex2oat : /system/bin/dex2oat --dex-file=/data/data/com.google.android.gms/app_chimera/m/00000001/GoogleCertificates_GmsCore_prodmnc_xhdpi_release.apk --oat-file=/data/data/com.google.android.gms/app_chimera/m/00000001/oat/arm/GoogleCertificates_GmsCore_prodmnc_xhdpi_release.dex
12-11 16:53:01.778 11971 11974 W dex2oat : Verification of void j.<clinit>() took 188.079ms
12-11 16:53:01.915 10534 11878 D AWSDeviceFarmAndroidLib: setEnabled: bt is: true
12-11 16:53:01.915 10534 10534 D AatpDeviceManager: taskStatus update (bbbee4340ccd4912625719f795897535cc88ed3f: {"result":"Bluetooth enabled: true","state":2})
12-11 16:53:01.949 11971 11971 I dex2oat : dex2oat took 436.584ms (threads: 4) arena alloc=659KB java alloc=591KB native alloc=1822KB free=2MB
12-11 16:53:01.972 11041 11133 E ConfigFileUtils: Failed to read config file: /data/data/com.google.android.gms/app_chimera/current_modulesets.pb: open failed: ENOENT (No such file or directory)
12-11 16:53:02.170 10534 11978 D Aatp    : /task/bbbee4340ccd4912625719f795897535cc88ed3f/status
12-11 16:53:02.171   609  7033 W ActivityManager: Permission Denial: getIntentSender() from pid=11281, uid=10076, (need uid=10009) is not allowed to send as package com.google.android.gms
12-11 16:53:02.196 11041 11156 E ConfigFileUtils: Failed to read config file: /data/data/com.google.android.gms/app_chimera/current_modulesets.pb: open failed: ENOENT (No such file or directory)
12-11 16:53:02.199 11041 11158 E ConfigFileUtils: Failed to read config file: /data/data/com.google.android.gms/app_chimera/current_modulesets.pb: open failed: ENOENT (No such file or directory)
12-11 16:53:02.275 10534 11983 D Aatp    : /gps
12-11 16:53:02.290 10534 11983 D Aatp    : sha1: 5d692af5a783f86fbd0edb966f95ae2ebc9ce5bb
12-11 16:53:02.291 10534 11983 D AatpDeviceManager: k: enabled v: True
12-11 16:53:02.291 10534 11983 D AatpDeviceManager: k: NanoHttpd.QUERY_STRING v: enabled=True
12-11 16:53:02.300 10534 10534 D AatpDeviceManager: taskStatus update (5d692af5a783f86fbd0edb966f95ae2ebc9ce5bb: {"state":1})
12-11 16:53:02.303   609   609 V NotificationService: pkg=com.amazon.aatp.aatpdevicemanager canInterrupt=false intercept=true
12-11 16:53:02.307 10534 11988 D AWSDeviceFarmAndroidLib: setEnabled: enabling GPS
12-11 16:53:02.307 10534 11988 D AWSDeviceFarmAndroidLib: enableGPS()
12-11 16:53:02.307 10534 11983 D Aatp    : /task/5d692af5a783f86fbd0edb966f95ae2ebc9ce5bb
12-11 16:53:02.309 10534 11988 D AWSDeviceFarmAndroidLib: enableGPS(): 
12-11 16:53:02.309 10534 11988 D AWSDeviceFarmAndroidLib: enableGPS() gpsEnabled: gps
12-11 16:53:02.400   609   618 I art     : Background partial concurrent mark sweep GC freed 32404(2MB) AllocSpace objects, 1(20KB) LOS objects, 33% free, 24MB/37MB, paused 1.892ms total 100.982ms
12-11 16:53:02.406 11041 11133 E ConfigFileUtils: Failed to read config file: /data/data/com.google.android.gms/app_chimera/current_modulesets.pb: open failed: ENOENT (No such file or directory)
12-11 16:53:02.425 11041 11979 E ConfigFileUtils: Failed to read config file: /data/data/com.google.android.gms/app_chimera/current_modulesets.pb: open failed: ENOENT (No such file or directory)
12-11 16:53:02.427 11041 11158 E ConfigFileUtils: Failed to read config file: /data/data/com.google.android.gms/app_chimera/current_modulesets.pb: open failed: ENOENT (No such file or directory)
12-11 16:53:02.429 11041 11158 E ConfigFileUtils: Failed to read config file: /data/data/com.google.android.gms/app_chimera/current_modulesets.pb: open failed: ENOENT (No such file or directory)
12-11 16:53:02.439 10534 11989 D Aatp    : /task/5d692af5a783f86fbd0edb966f95ae2ebc9ce5bb/status
12-11 16:53:03.102   609   673 D WifiStateMachine: L2Connected CMD_START_SCAN source -2 7, 9 -> obsolete
12-11 16:53:03.486 10534 11996 D Aatp    : /task/5d692af5a783f86fbd0edb966f95ae2ebc9ce5bb/status
12-11 16:53:04.564 10534 11997 D Aatp    : /task/5d692af5a783f86fbd0edb966f95ae2ebc9ce5bb/status
12-11 16:53:05.672 10534 11998 D Aatp    : /task/5d692af5a783f86fbd0edb966f95ae2ebc9ce5bb/status
12-11 16:53:05.821 11018 11467 W Conscrypt: Could not set socket write timeout:
12-11 16:53:05.822 11018 11467 W Conscrypt:    java.lang.reflect.Method.invoke(Native Method)
12-11 16:53:05.822 11018 11467 W Conscrypt:    com.google.android.gms.org.conscrypt.Platform.setSocketWriteTimeout(:com.google.android.gms@11509436:13)
12-11 16:53:05.922 11018 11467 W Conscrypt: Could not set socket write timeout:
12-11 16:53:05.923 11018 11467 W Conscrypt:    java.lang.reflect.Method.invoke(Native Method)
12-11 16:53:05.923 11018 11467 W Conscrypt:    com.google.android.gms.org.conscrypt.Platform.setSocketWriteTimeout(:com.google.android.gms@11509436:13)
12-11 16:53:06.318 11018 11258 W Conscrypt: Could not set socket write timeout:
12-11 16:53:06.318 11018 11258 W Conscrypt:    java.lang.reflect.Method.invoke(Native Method)
12-11 16:53:06.318 11018 11258 W Conscrypt:    com.google.android.gms.org.conscrypt.Platform.setSocketWriteTimeout(:com.google.android.gms@11509436:13)
12-11 16:53:06.339 11018 11018 W BleClientImpl: disconnect(): Cleaning up 1 dangling listeners.
12-11 16:53:06.339 11018 11018 I BeaconBle: Nearby requested to stop scan
12-11 16:53:06.340 11018 11018 D BluetoothAdapter: STATE_ON: shouldn't disable
12-11 16:53:06.345 11018 11018 I BeaconBle: 'L' hardware scan: scan stopped, no clients
12-11 16:53:06.345 11018 11018 I BeaconBle: Scan canceled successfully.
12-11 16:53:06.430 11018 11258 W Conscrypt: Could not set socket write timeout:
12-11 16:53:06.430 11018 11258 W Conscrypt:    java.lang.reflect.Method.invoke(Native Method)
12-11 16:53:06.430 11018 11258 W Conscrypt:    com.google.android.gms.org.conscrypt.Platform.setSocketWriteTimeout(:com.google.android.gms@11509436:13)
12-11 16:53:06.551   609   675 D ConnectivityService: handlePromptUnvalidated 101
12-11 16:53:06.795 10534 12014 D Aatp    : /task/5d692af5a783f86fbd0edb966f95ae2ebc9ce5bb/status
12-11 16:53:06.932   609  3416 I AccountManagerService: getTypesVisibleToCaller: isPermitted? true
12-11 16:53:06.933   196   196 I WVCdm   : CdmEngine::OpenSession
12-11 16:53:06.933   196   196 I WVCdm   : Level3 Library Jun 15 2015 14:09:24
12-11 16:53:06.936   196   196 W WVCdm   : Could not read /data/mediadrm/IDM1013/ay64.dat2: No such file or directory
12-11 16:53:06.938   196   196 D DrmWidevineDash: OEMCrypto_Initialize: starts! g_qsee_apps_version = 0x91
12-11 16:53:06.938   196   196 D DrmWidevineDash: Service_Initialize: starts!
12-11 16:53:06.938   196   196 D QSEECOMAPI: : QSEECom_start_app sb_length = 0x19000
12-11 16:53:06.938   196   196 D QSEECOMAPI: : App is not loaded in QSEE
12-11 16:53:06.949 11041 12025 I GCM-GMS : Registering GMS 745476177629
12-11 16:53:06.954   196   196 D QSEECOMAPI: : Loaded image: APP id = 2
12-11 16:53:06.954   196   196 D DrmWidevineDash: Service_Initialize: ends! returns 0
12-11 16:53:06.954   196   196 D DrmWidevineDash: OEMCrypto_Initialize sion_buffer g_wv_fhandle->ion_sbuffer  0x0xb3257000
12-11 16:53:06.954   196   196 E DrmWidevineDash: sion_buffer g_wv_fhandle->ion_sbuffer  0x0xb3257000
12-11 16:53:06.972   196   196 D DrmWidevineDash: OEMCrypto_Initialize: ends! returns 0
12-11 16:53:06.972   196   196 D DrmWidevineDash: OEMCrypto_APIVersion: starts!
12-11 16:53:06.983   196   196 D DrmWidevineDash: hlos api version =  10
12-11 16:53:06.983   196   196 D DrmWidevineDash: tz api version =  10
12-11 16:53:06.983   196   196 D DrmWidevineDash: OEMCrypto_APIVersion: ends! returns version 10
12-11 16:53:06.984   196   196 D DrmWidevineDash: OEMCrypto_IsKeyboxValid: starts!
12-11 16:53:07.004   196   196 D DrmWidevineDash: OEMCrypto_IsKeyboxValid: ends! returns 0
12-11 16:53:07.004   196   196 D WVCdm   : OEMCrypto_Initialize Level 1 success. I will use level 1.
12-11 16:53:07.004   196   196 D DrmWidevineDash: OEMCrypto_OpenSession: starts! SID=0xbef8e21c
12-11 16:53:07.015   196   196 D DrmWidevineDash: OEMCrypto_OpenSession SID = 1
12-11 16:53:07.015   196   196 D DrmWidevineDash: OEMCrypto_OpenSession: ends! returns 0
12-11 16:53:07.015   196   196 D DrmWidevineDash: OEMCrypto_GetRandom: starts! randomData=0xb604bf58, dataLength=8
12-11 16:53:07.028   196   196 D DrmWidevineDash: OEMCrypto_GetRandom: ends! returns 0
12-11 16:53:07.033   196   196 D DrmWidevineDash: OEMCrypto_LoadDeviceRSAKey: starts!SID=1, wrapped_rsa_key=0xb607d600, wrapped_rsa_key_length=1280
12-11 16:53:07.048   196   196 D DrmWidevineDash: OEMCrypto_LoadDeviceRSAKey: ends! returns 0
12-11 16:53:07.048   196   196 I WVCdm   : CdmEngine::QueryKeyControlInfo
12-11 16:53:07.049   196   681 W WVCdm   : BufferReader::Read<T> : Failure during parse: Not enough bytes (4)
12-11 16:53:07.049   196   681 W WVCdm   : CdmEngine::ExtractWidevinePssh: Unable to read atom size.
12-11 16:53:07.049   196   681 I WVCdm   : CdmEngine::GenerateKeyRequest
12-11 16:53:07.049   196   681 D DrmWidevineDash: OEMCrypto_GetDeviceID: starts! deviceID=0xb3d64060, idLength=0xb3a3cf34
12-11 16:53:07.067   196   681 D DrmWidevineDash: OEMCrypto_GetDeviceID: ends! returns 0
12-11 16:53:07.068   196   681 D DrmWidevineDash: OEMCrypto_SupportsUsageTable: starts!
12-11 16:53:07.078   196   681 D DrmWidevineDash: OEMCrypto_SupportsUsageTable: is_supported = 1
12-11 16:53:07.078   196   681 D DrmWidevineDash: OEMCrypto_SupportsUsageTable: wv_app_version = 0x23
12-11 16:53:07.079   196   681 D DrmWidevineDash: OEMCrypto_SupportsUsageTable: ends! returns 0x0
12-11 16:53:07.079   196   681 D DrmWidevineDash: OEMCrypto_IsAntiRollbackHwPresent: starts!
12-11 16:53:07.088   196   681 D DrmWidevineDash: OEMCrypto_IsAntiRollbackHwPresent ends! ret=0, is_antirb_enabled = 0
12-11 16:53:07.088   196   681 D DrmWidevineDash: OEMCrypto_APIVersion: starts!
12-11 16:53:07.098   196   681 D DrmWidevineDash: hlos api version =  10
12-11 16:53:07.099   196   681 D DrmWidevineDash: tz api version =  10
12-11 16:53:07.099   196   681 D DrmWidevineDash: OEMCrypto_APIVersion: ends! returns version 10
12-11 16:53:07.099   196   681 D DrmWidevineDash: OEMCrypto_GetHDCPCapability starts!
12-11 16:53:07.106   196   681 D DrmWidevineDash: OEMCrypto_GetHDCPCapability current=255, max=4
12-11 16:53:07.107   196   681 D DrmWidevineDash: OEMCrypto_GetHDCPCapability ends! ret = 0
12-11 16:53:07.107   196   681 D DrmWidevineDash: OEMCrypto_GenerateNonce: starts! SID=1
12-11 16:53:07.114   196   681 D DrmWidevineDash: OEMCrypto_GenerateNonce: ends! returns 0
12-11 16:53:07.114   196   681 D WVCdm   : PrepareKeyRequest: nonce=3203815812
12-11 16:53:07.114   196   681 D DrmWidevineDash: OEMCrypto_GenerateRSASignature starts! SID=1, message=0xb3c4b600
12-11 16:53:07.114   196   681 D DrmWidevineDash: message_length=1616, signature=0xb6075bc0, signature_length=3013857292
12-11 16:53:07.237   196   681 D DrmWidevineDash: OEMCrypto_GenerateRSASignature returns 0
12-11 16:53:07.238   196   606 I WVCdm   : CdmEngine::CloseSession
12-11 16:53:07.238   196   606 D DrmWidevineDash: OEMCrypto_CloseSession: starts! SID=1
12-11 16:53:07.250   196   606 D DrmWidevineDash: OEMCrypto_CloseSession: ends! returns 0
12-11 16:53:07.250   196   606 D DrmWidevineDash: OEMCrypto_Terminate: starts!
12-11 16:53:07.268   196   606 D DrmWidevineDash: Service_Uninitialize: starts!
12-11 16:53:07.268   196   606 D QSEECOMAPI: : QSEECom_shutdown_app 
12-11 16:53:07.268   196   606 D QSEECOMAPI: : QSEECom_shutdown_app, app_id = 2
12-11 16:53:07.276   196   606 D DrmWidevineDash: Service_Uninitialize: ends! returns 0x0
12-11 16:53:07.276   196   606 D DrmWidevineDash: OEMCrypto_Terminate: ends! returns 0
12-11 16:53:07.331 11456 11456 W Binder_1: type=1400 audit(0.0:69): avc: denied { read } for name="/" dev="tmpfs" ino=8193 scontext=u:r:untrusted_app:s0:c512,c768 tcontext=u:object_r:device:s0 tclass=dir permissive=0
12-11 16:53:07.345 11446 11456 I Adreno-EGL: <qeglDrvAPI_eglInitialize:379>: QUALCOMM Build: 09/02/15, 76f806e, Ibddc658e36
12-11 16:53:07.395 11446 11456 I Adreno-EGL: <qeglDrvAPI_eglInitialize:379>: QUALCOMM Build: 09/02/15, 76f806e, Ibddc658e36
12-11 16:53:07.601 11456 11456 W Binder_1: type=1400 audit(0.0:70): avc: denied { search } for name="206" dev="proc" ino=8214 scontext=u:r:untrusted_app:s0:c512,c768 tcontext=u:r:zygote:s0 tclass=dir permissive=0
12-11 16:53:07.839 10534 12032 D Aatp    : /task/5d692af5a783f86fbd0edb966f95ae2ebc9ce5bb/status
12-11 16:53:08.257 11041 12025 I GCM-GMS : Got GMS registration
12-11 16:53:08.281 11041 12038 I Authzen : [AuthZenEventHandler] Handling event: com.google.android.gms.gcm.REGISTERED
12-11 16:53:08.283   609   775 I AccountManagerService: getTypesVisibleToCaller: isPermitted? true
12-11 16:53:08.305 11018 11018 I GCoreUlr: GCM registration ID changed: Intent { act=com.google.android.gms.gcm.REGISTERED flg=0x10 pkg=com.google.android.gms cmp=com.google.android.gms/com.google.android.location.reporting.service.GcmRegistrationReceiver }
12-11 16:53:08.306 11018 11018 I GCoreUlr: Starting service, intent=Intent { act=com.google.android.location.reporting.GCM_ID_CHANGED cmp=com.google.android.gms/com.google.android.location.reporting.service.DispatchingService }, extras=null
12-11 16:53:08.380   609  1289 I AccountManagerService: getTypesVisibleToCaller: isPermitted? true
12-11 16:53:08.380 11041 12043 E MDM     : [578] SitrepChimeraService.a: No Google accounts; deferring server state update.
12-11 16:53:08.387 11018 11018 I GoogleURLConnFactory: Using platform SSLCertificateSocketFactory
12-11 16:53:08.398   609   832 I AccountManagerService: getTypesVisibleToCaller: isPermitted? true
12-11 16:53:08.402 11018 11093 I GCoreUlr: DispatchingService ignoring Intent { act=android.net.wifi.WIFI_STATE_CHANGED flg=0x4000010 (has extras) } because ULR inactive
12-11 16:53:08.431 11018 11018 I GCoreUlr: DispatchingService.onDestroy()
12-11 16:53:08.435 11018 11018 I GCoreUlr: Stopping handler for UlrDispSvcFast
12-11 16:53:08.438 11018 11018 I GCoreUlr: Unbound from all location providers
12-11 16:53:08.438 11018 11018 I GCoreUlr: Place inference reporting - stop
12-11 16:53:08.444 11018 11416 I GCoreUlr: Unregistering for aliased place alerts.
12-11 16:53:08.479 11018 11258 I HeterodyneSyncScheduler: Scheduling Phenotype for a PhenotypeSyncImmediately(6, com.google.android.gms.settings.platform) one off with window [1, 2] in seconds
12-11 16:53:08.511 12052 12052 I dex2oat : /system/bin/dex2oat --dex-file=/data/user/0/com.google.android.gms/cache/1496809943795.jar --oat-file=/data/user/0/com.google.android.gms/cache/1496809943795.dex
12-11 16:53:08.513 11018 11257 I HeterodyneSyncScheduler: Scheduling Phenotype for a PhenotypeSyncImmediately(6, com.google.android.gms.phenotype) one off with window [1, 2] in seconds
12-11 16:53:08.586 11018 11416 I Places  : ?: Couldn't find platform key file.
12-11 16:53:08.629 12052 12052 I dex2oat : dex2oat took 119.049ms (threads: 4) arena alloc=1758KB java alloc=39KB native alloc=3MB free=2MB
12-11 16:53:08.630 11018 11018 I GeofencerStateMachine: removeGeofences: removeRequest=RemoveGeofencingRequest[REMOVE_BY_PENDING_INTENT pendingIntent=PendingIntent[creatorPackage=com.google.android.gms], packageName=null]
12-11 16:53:08.633 11018 11018 I GeofencerStateMachine: removeGeofences: removeRequest=RemoveGeofencingRequest[REMOVE_BY_PENDING_INTENT pendingIntent=PendingIntent[creatorPackage=com.google.android.gms], packageName=null]
12-11 16:53:08.641 11018 11018 I GeofencerStateMachine: removeGeofences: removeRequest=RemoveGeofencingRequest[REMOVE_BY_PENDING_INTENT pendingIntent=PendingIntent[creatorPackage=com.google.android.gms], packageName=null]
12-11 16:53:08.720   609  3358 I AccountManagerService: getTypesVisibleToCaller: isPermitted? true
12-11 16:53:08.891 10534 12070 D Aatp    : /task/5d692af5a783f86fbd0edb966f95ae2ebc9ce5bb/status
12-11 16:53:09.247   609  3417 I AccountManagerService: getTypesVisibleToCaller: isPermitted? true
12-11 16:53:09.404   609   775 I AccountManagerService: getTypesVisibleToCaller: isPermitted? true
12-11 16:53:09.935 10534 12085 D Aatp    : /task/5d692af5a783f86fbd0edb966f95ae2ebc9ce5bb/status
12-11 16:53:09.993 11018 11953 I NetRec  : [538] ConfigChangedIntentOperation.onHandleIntent: Handling a Phenotype update
12-11 16:53:09.993 11018 11953 I NetRec  : [538] yje.b: onConfigChanged()
12-11 16:53:10.141 11018 11953 I PTCommittedOperation: Receive new configuration for com.google.android.gms.people
12-11 16:53:10.145 11041 12102 W OcrModelUpStIntentOp: Invalid action: com.google.android.gms.phenotype.COMMITTED
12-11 16:53:10.192 11018 12088 I NetRec  : [566] ConfigChangedIntentOperation.onHandleIntent: Handling a Phenotype update
12-11 16:53:10.192 11018 12088 I NetRec  : [566] yje.b: onConfigChanged()
12-11 16:53:10.241 11041 12107 W OcrModelUpStIntentOp: Invalid action: com.google.android.gms.phenotype.COMMITTED
12-11 16:53:10.244 11018 12108 I PTCommittedOperation: Receive new configuration for com.google.android.gms.devicedoctor
12-11 16:53:10.244 11018 12108 I PTCommittedOperation: Running Fixer Framework for com.google.android.gms.devicedoctor
12-11 16:53:10.296 11018 12088 I NetRec  : [566] ConfigChangedIntentOperation.onHandleIntent: Handling a Phenotype update
12-11 16:53:10.297 11018 12088 I NetRec  : [566] yje.b: onConfigChanged()
12-11 16:53:10.313 11018 12088 I NetRec  : [566] ConfigChangedIntentOperation.onHandleIntent: Handling a Phenotype update
12-11 16:53:10.314 11018 12088 I NetRec  : [566] yje.b: onConfigChanged()
12-11 16:53:10.405 11041 12043 W OcrModelUpStIntentOp: Invalid action: com.google.android.gms.phenotype.COMMITTED
12-11 16:53:10.412 11018 12088 I PTCommittedOperation: Receive new configuration for com.google.android.gms.icing
12-11 16:53:10.455 11018 12088 I NetRec  : [566] ConfigChangedIntentOperation.onHandleIntent: Handling a Phenotype update
12-11 16:53:10.455 11018 12088 I NetRec  : [566] yje.b: onConfigChanged()
12-11 16:53:10.557 11018 11258 W CommitToConfigurationOperation: Stale snapshot (committed configuration changed) for com.google.android.gms.phenotype
