12-11 16:52:44.978 11018 11112 E GcmPushIntentOperation: 	at com.google.android.chimera.IntentOperation.onHandleIntent(:com.google.android.gms@11509436:2)
12-11 16:52:44.978 11018 11112 E GcmPushIntentOperation: 	at bwh.run(:com.google.android.gms@11509436:10)
12-11 16:52:44.978 11018 11112 E GcmPushIntentOperation: 	at bwe.run(:com.google.android.gms@11509436:14)
12-11 16:52:44.978 11018 11112 E GcmPushIntentOperation: 	at java.util.concurrent.ThreadPoolExecutor.runWorker(ThreadPoolExecutor.java:1113)
12-11 16:52:44.978 11018 11112 E GcmPushIntentOperation: 	at java.util.concurrent.ThreadPoolExecutor$Worker.run(ThreadPoolExecutor.java:588)
12-11 16:52:44.978 11018 11112 E GcmPushIntentOperation: 	at java.lang.Thread.run(Thread.java:818)
12-11 16:52:44.978 11471 11471 W VideoCapabilities: Unrecognized profile/level 0/3 for video/mpeg2
12-11 16:52:44.998 11471 11471 W VideoCapabilities: Unrecognized profile/level 0/0 for video/mpeg2
12-11 16:52:44.998 11471 11471 W VideoCapabilities: Unrecognized profile/level 0/2 for video/mpeg2
12-11 16:52:44.998 11471 11471 W VideoCapabilities: Unrecognized profile/level 0/3 for video/mpeg2
12-11 16:52:45.000 11018 11112 E GcmPushIntentOperation: Failed to subscribe to GCM: com.google.android.gms.octarine
12-11 16:52:45.000 11018 11112 E GcmPushIntentOperation: java.io.IOException: SERVICE_NOT_AVAILABLE
12-11 16:52:45.000 11018 11112 E GcmPushIntentOperation: 	at uzy.b(:com.google.android.gms@11509436:41)
12-11 16:52:45.000 11018 11112 E GcmPushIntentOperation: 	at uzy.a(:com.google.android.gms@11509436:46)
12-11 16:52:45.000 11018 11112 E GcmPushIntentOperation: 	at uzv.b(:com.google.android.gms@11509436:11)
12-11 16:52:45.000 11018 11112 E GcmPushIntentOperation: 	at uzv.a(:com.google.android.gms@11509436:29)
12-11 16:52:45.000 11018 11112 E GcmPushIntentOperation: 	at com.google.android.gms.phenotype.gcmpush.GcmPushIntentOperation.a(:com.google.android.gms@11509436:16)
12-11 16:52:45.000 11018 11112 E GcmPushIntentOperation: 	at com.google.android.gms.phenotype.gcmpush.GcmPushIntentOperation.onHandleIntent(:com.google.android.gms@11509436:6)
12-11 16:52:45.000 11018 11112 E GcmPushIntentOperation: 	at com.google.android.chimera.IntentOperation.onHandleIntent(:com.google.android.gms@11509436:2)
12-11 16:52:45.000 11018 11112 E GcmPushIntentOperation: 	at bwh.run(:com.google.android.gms@11509436:10)
12-11 16:52:45.000 11018 11112 E GcmPushIntentOperation: 	at bwe.run(:com.google.android.gms@11509436:14)
12-11 16:52:45.000 11018 11112 E GcmPushIntentOperation: 	at java.util.concurrent.ThreadPoolExecutor.runWorker(ThreadPoolExecutor.java:1113)
12-11 16:52:45.000 11018 11112 E GcmPushIntentOperation: 	at java.util.concurrent.ThreadPoolExecutor$Worker.run(ThreadPoolExecutor.java:588)
12-11 16:52:45.000 11018 11112 E GcmPushIntentOperation: 	at java.lang.Thread.run(Thread.java:818)
12-11 16:52:45.003 11041 11159 W ChimeraUtils: Non Chimera context
12-11 16:52:45.005   196   606 D DrmWidevineDash: OEMCrypto_GetDeviceID: ends! returns 0
12-11 16:52:45.006   196   606 D DrmWidevineDash: OEMCrypto_SupportsUsageTable: starts!
12-11 16:52:45.042 11018 11112 E GcmPushIntentOperation: Failed to subscribe to GCM: com.google.android.gms.places
12-11 16:52:45.042 11018 11112 E GcmPushIntentOperation: java.io.IOException: SERVICE_NOT_AVAILABLE
12-11 16:52:45.042 11018 11112 E GcmPushIntentOperation: 	at uzy.b(:com.google.android.gms@11509436:41)
12-11 16:52:45.042 11018 11112 E GcmPushIntentOperation: 	at uzy.a(:com.google.android.gms@11509436:46)
12-11 16:52:45.042 11018 11112 E GcmPushIntentOperation: 	at uzv.b(:com.google.android.gms@11509436:11)
12-11 16:52:45.042 11018 11112 E GcmPushIntentOperation: 	at uzv.a(:com.google.android.gms@11509436:29)
12-11 16:52:45.042 11018 11112 E GcmPushIntentOperation: 	at com.google.android.gms.phenotype.gcmpush.GcmPushIntentOperation.a(:com.google.android.gms@11509436:16)
12-11 16:52:45.042 11018 11112 E GcmPushIntentOperation: 	at com.google.android.gms.phenotype.gcmpush.GcmPushIntentOperation.onHandleIntent(:com.google.android.gms@11509436:6)
12-11 16:52:45.042 11018 11112 E GcmPushIntentOperation: 	at com.google.android.chimera.IntentOperation.onHandleIntent(:com.google.android.gms@11509436:2)
12-11 16:52:45.042 11018 11112 E GcmPushIntentOperation: 	at bwh.run(:com.google.android.gms@11509436:10)
12-11 16:52:45.042 11018 11112 E GcmPushIntentOperation: 	at bwe.run(:com.google.android.gms@11509436:14)
12-11 16:52:45.042 11018 11112 E GcmPushIntentOperation: 	at java.util.concurrent.ThreadPoolExecutor.runWorker(ThreadPoolExecutor.java:1113)
12-11 16:52:45.042 11018 11112 E GcmPushIntentOperation: 	at java.util.concurrent.ThreadPoolExecutor$Worker.run(ThreadPoolExecutor.java:588)
12-11 16:52:45.042 11018 11112 E GcmPushIntentOperation: 	at java.lang.Thread.run(Thread.java:818)
12-11 16:52:45.047   196   606 D DrmWidevineDash: OEMCrypto_SupportsUsageTable: is_supported = 1
12-11 16:52:45.047   196   606 D DrmWidevineDash: OEMCrypto_SupportsUsageTable: wv_app_version = 0x23
12-11 16:52:45.047   196   606 D DrmWidevineDash: OEMCrypto_SupportsUsageTable: ends! returns 0x0
12-11 16:52:45.047   196   606 D DrmWidevineDash: OEMCrypto_IsAntiRollbackHwPresent: starts!
12-11 16:52:45.070 11559 11559 I dex2oat : /system/bin/dex2oat --dex-file=/data/user/0/com.google.android.gms/app_fb/f.apk --oat-file=/data/user/0/com.google.android.gms/app_fb/f.dex
12-11 16:52:45.081   196   606 D DrmWidevineDash: OEMCrypto_IsAntiRollbackHwPresent ends! ret=0, is_antirb_enabled = 0
12-11 16:52:45.081   196   606 D DrmWidevineDash: OEMCrypto_APIVersion: starts!
12-11 16:52:45.101 11018 11112 E GcmPushIntentOperation: Failed to subscribe to GCM: com.google.android.gms.romanesco
12-11 16:52:45.101 11018 11112 E GcmPushIntentOperation: java.io.IOException: SERVICE_NOT_AVAILABLE
12-11 16:52:45.101 11018 11112 E GcmPushIntentOperation: 	at uzy.b(:com.google.android.gms@11509436:41)
12-11 16:52:45.101 11018 11112 E GcmPushIntentOperation: 	at uzy.a(:com.google.android.gms@11509436:46)
12-11 16:52:45.101 11018 11112 E GcmPushIntentOperation: 	at uzv.b(:com.google.android.gms@11509436:11)
12-11 16:52:45.101 11018 11112 E GcmPushIntentOperation: 	at uzv.a(:com.google.android.gms@11509436:29)
12-11 16:52:45.101 11018 11112 E GcmPushIntentOperation: 	at com.google.android.gms.phenotype.gcmpush.GcmPushIntentOperation.a(:com.google.android.gms@11509436:16)
12-11 16:52:45.101 11018 11112 E GcmPushIntentOperation: 	at com.google.android.gms.phenotype.gcmpush.GcmPushIntentOperation.onHandleIntent(:com.google.android.gms@11509436:6)
12-11 16:52:45.101 11018 11112 E GcmPushIntentOperation: 	at com.google.android.chimera.IntentOperation.onHandleIntent(:com.google.android.gms@11509436:2)
12-11 16:52:45.101 11018 11112 E GcmPushIntentOperation: 	at bwh.run(:com.google.android.gms@11509436:10)
12-11 16:52:45.101 11018 11112 E GcmPushIntentOperation: 	at bwe.run(:com.google.android.gms@11509436:14)
12-11 16:52:45.101 11018 11112 E GcmPushIntentOperation: 	at java.util.concurrent.ThreadPoolExecutor.runWorker(ThreadPoolExecutor.java:1113)
12-11 16:52:45.101 11018 11112 E GcmPushIntentOperation: 	at java.util.concurrent.ThreadPoolExecutor$Worker.run(ThreadPoolExecutor.java:588)
12-11 16:52:45.101 11018 11112 E GcmPushIntentOperation: 	at java.lang.Thread.run(Thread.java:818)
12-11 16:52:45.111   196   606 D DrmWidevineDash: hlos api version =  10
12-11 16:52:45.111   196   606 D DrmWidevineDash: tz api version =  10
12-11 16:52:45.111   196   606 D DrmWidevineDash: OEMCrypto_APIVersion: ends! returns version 10
12-11 16:52:45.111   196   606 D DrmWidevineDash: OEMCrypto_GetHDCPCapability starts!
12-11 16:52:45.128   196   606 D DrmWidevineDash: OEMCrypto_GetHDCPCapability current=255, max=4
12-11 16:52:45.128   196   606 D DrmWidevineDash: OEMCrypto_GetHDCPCapability ends! ret = 0
12-11 16:52:45.128   196   606 D DrmWidevineDash: OEMCrypto_GenerateNonce: starts! SID=1
12-11 16:52:45.146 11018 11027 W art     : Suspending all threads took: 18.615ms
12-11 16:52:45.154 11018 11093 I GCoreUlr: Unregistering for aliased place alerts.
12-11 16:52:45.158   196   606 D DrmWidevineDash: OEMCrypto_GenerateNonce: ends! returns 0
12-11 16:52:45.158   196   606 D WVCdm   : PrepareKeyRequest: nonce=642272113
12-11 16:52:45.158   196   606 D DrmWidevineDash: OEMCrypto_GenerateRSASignature starts! SID=1, message=0xb3683500
12-11 16:52:45.158   196   606 D DrmWidevineDash: message_length=1616, signature=0xb38d0500, signature_length=3014914060
12-11 16:52:45.161 11018 11112 E GcmPushIntentOperation: Failed to subscribe to GCM: com.google.android.gms.smart_profile
12-11 16:52:45.161 11018 11112 E GcmPushIntentOperation: java.io.IOException: SERVICE_NOT_AVAILABLE
12-11 16:52:45.161 11018 11112 E GcmPushIntentOperation: 	at uzy.b(:com.google.android.gms@11509436:41)
12-11 16:52:45.161 11018 11112 E GcmPushIntentOperation: 	at uzy.a(:com.google.android.gms@11509436:46)
12-11 16:52:45.161 11018 11112 E GcmPushIntentOperation: 	at uzv.b(:com.google.android.gms@11509436:11)
12-11 16:52:45.161 11018 11112 E GcmPushIntentOperation: 	at uzv.a(:com.google.android.gms@11509436:29)
12-11 16:52:45.161 11018 11112 E GcmPushIntentOperation: 	at com.google.android.gms.phenotype.gcmpush.GcmPushIntentOperation.a(:com.google.android.gms@11509436:16)
12-11 16:52:45.161 11018 11112 E GcmPushIntentOperation: 	at com.google.android.gms.phenotype.gcmpush.GcmPushIntentOperation.onHandleIntent(:com.google.android.gms@11509436:6)
12-11 16:52:45.161 11018 11112 E GcmPushIntentOperation: 	at com.google.android.chimera.IntentOperation.onHandleIntent(:com.google.android.gms@11509436:2)
12-11 16:52:45.161 11018 11112 E GcmPushIntentOperation: 	at bwh.run(:com.google.android.gms@11509436:10)
12-11 16:52:45.161 11018 11112 E GcmPushIntentOperation: 	at bwe.run(:com.google.android.gms@11509436:14)
12-11 16:52:45.161 11018 11112 E GcmPushIntentOperation: 	at java.util.concurrent.ThreadPoolExecutor.runWorker(ThreadPoolExecutor.java:1113)
12-11 16:52:45.161 11018 11112 E GcmPushIntentOperation: 	at java.util.concurrent.ThreadPoolExecutor$Worker.run(ThreadPoolExecutor.java:588)
12-11 16:52:45.161 11018 11112 E GcmPushIntentOperation: 	at java.lang.Thread.run(Thread.java:818)
12-11 16:52:45.186 11559 11559 I dex2oat : dex2oat took 127.227ms (threads: 4) arena alloc=210KB java alloc=39KB native alloc=1407KB free=1409KB
12-11 16:52:45.194 11446 11457 W System  : ClassLoader referenced unknown path: 
12-11 16:52:45.202 11446 11457 I Adreno-EGL: <qeglDrvAPI_eglInitialize:379>: QUALCOMM Build: 09/02/15, 76f806e, Ibddc658e36
12-11 16:52:45.218   609   775 I AccountManagerService: getTypesVisibleToCaller: isPermitted? true
12-11 16:52:45.260   609  1289 I AccountManagerService: getTypesVisibleToCaller: isPermitted? true
12-11 16:52:45.278 11018 11511 W ConfigurationChimeraProvider: Got null configs for com.google.android.gms.nearby
12-11 16:52:45.281 11041 11546 I CmaSystemUpdateService: active receiver: enabled
12-11 16:52:45.289   609   959 I AccountManagerService: getTypesVisibleToCaller: isPermitted? true
12-11 16:52:45.290   609   832 I AccountManagerService: getTypesVisibleToCaller: isPermitted? true
12-11 16:52:45.315 11471 11471 I VideoCapabilities: Unsupported profile 4 for video/mp4v-es
12-11 16:52:45.320 11531 11531 D AndroidRuntime: >>>>>> START com.android.internal.os.RuntimeInit uid 2000 <<<<<<
12-11 16:52:45.325 11531 11531 D AndroidRuntime: CheckJNI is OFF
12-11 16:52:45.380 11531 11531 D ICU     : No timezone override file found: /data/misc/zoneinfo/current/icu/icu_tzdata.dat
12-11 16:52:45.391   196   606 D DrmWidevineDash: OEMCrypto_GenerateRSASignature returns 0
12-11 16:52:45.392   196   681 I WVCdm   : CdmEngine::CloseSession
12-11 16:52:45.393   196   681 D DrmWidevineDash: OEMCrypto_CloseSession: starts! SID=1
12-11 16:52:45.437 11531 11531 I Radio-JNI: register_android_hardware_Radio DONE
12-11 16:52:45.474   196   681 D DrmWidevineDash: OEMCrypto_CloseSession: ends! returns 0
12-11 16:52:45.474   196   681 D DrmWidevineDash: OEMCrypto_Terminate: starts!
12-11 16:52:45.474 11531 11531 D AndroidRuntime: Calling main entry com.android.commands.pm.Pm
12-11 16:52:45.486   609   775 W ActivityManager: Invalid packageName: com.sec.android.app.sbrowser
12-11 16:52:45.488 11531 11531 I art     : System.exit called, status: 1
12-11 16:52:45.488 11531 11531 I AndroidRuntime: VM exiting with result code 1.
12-11 16:52:45.496 11376 11464 W dex2oat : Verification of int aao.a() took 114.349ms
12-11 16:52:45.499 11376 11376 W dex2oat : Verification of zv aab.a(byte[]) took 128.631ms
12-11 16:52:45.500   196   681 D DrmWidevineDash: Service_Uninitialize: starts!
12-11 16:52:45.500   196   681 D QSEECOMAPI: : QSEECom_shutdown_app 
12-11 16:52:45.500   196   681 D QSEECOMAPI: : QSEECom_shutdown_app, app_id = 2
12-11 16:52:45.505   196   681 D DrmWidevineDash: Service_Uninitialize: ends! returns 0x0
12-11 16:52:45.505   196   681 D DrmWidevineDash: OEMCrypto_Terminate: ends! returns 0
12-11 16:52:45.521   196   606 I WVCdm   : CdmEngine::OpenSession
12-11 16:52:45.521   196   606 I WVCdm   : Level3 Library Jun 15 2015 14:09:24
12-11 16:52:45.524   196   606 W WVCdm   : Could not read /data/mediadrm/IDM1013/ay64.dat2: No such file or directory
12-11 16:52:45.525   196   606 D DrmWidevineDash: OEMCrypto_Initialize: starts! g_qsee_apps_version = 0x91
12-11 16:52:45.525   196   606 D DrmWidevineDash: Service_Initialize: starts!
12-11 16:52:45.525   196   606 D QSEECOMAPI: : QSEECom_start_app sb_length = 0x19000
12-11 16:52:45.525   196   606 D QSEECOMAPI: : App is not loaded in QSEE
12-11 16:52:45.546   609  3357 I AccountManagerService: getTypesVisibleToCaller: isPermitted? true
12-11 16:52:45.546   196   606 D QSEECOMAPI: : Loaded image: APP id = 2
12-11 16:52:45.547   196   606 D DrmWidevineDash: Service_Initialize: ends! returns 0
12-11 16:52:45.547   196   606 D DrmWidevineDash: OEMCrypto_Initialize sion_buffer g_wv_fhandle->ion_sbuffer  0x0xb3257000
12-11 16:52:45.547   196   606 E DrmWidevineDash: sion_buffer g_wv_fhandle->ion_sbuffer  0x0xb3257000
12-11 16:52:45.562   196   606 D DrmWidevineDash: OEMCrypto_Initialize: ends! returns 0
12-11 16:52:45.562   196   606 D DrmWidevineDash: OEMCrypto_APIVersion: starts!
12-11 16:52:45.574   196   606 D DrmWidevineDash: hlos api version =  10
12-11 16:52:45.574   196   606 D DrmWidevineDash: tz api version =  10
12-11 16:52:45.574   196   606 D DrmWidevineDash: OEMCrypto_APIVersion: ends! returns version 10
12-11 16:52:45.575   196   606 D DrmWidevineDash: OEMCrypto_IsKeyboxValid: starts!
12-11 16:52:45.577 11471 11471 I vclib   : onServiceConnected
12-11 16:52:45.595   196   606 D DrmWidevineDash: OEMCrypto_IsKeyboxValid: ends! returns 0
12-11 16:52:45.595   196   606 D WVCdm   : OEMCrypto_Initialize Level 1 success. I will use level 1.
12-11 16:52:45.596   196   606 D DrmWidevineDash: OEMCrypto_OpenSession: starts! SID=0xb3b3f13c
12-11 16:52:45.604 11041 11546 I SystemUpdateTask: cancelUpdate (update URL has changed)
12-11 16:52:45.616   196   606 D DrmWidevineDash: OEMCrypto_OpenSession SID = 1
12-11 16:52:45.616   196   606 D DrmWidevineDash: OEMCrypto_OpenSession: ends! returns 0
12-11 16:52:45.616   196   606 D DrmWidevineDash: OEMCrypto_GetRandom: starts! randomData=0xb3f1ba48, dataLength=8
12-11 16:52:45.628 11018 11093 I Places  : ?: Couldn't find platform key file.
12-11 16:52:45.630   196   606 D DrmWidevineDash: OEMCrypto_GetRandom: ends! returns 0
12-11 16:52:45.632   196   606 D DrmWidevineDash: OEMCrypto_LoadDeviceRSAKey: starts!SID=1, wrapped_rsa_key=0xb369b000, wrapped_rsa_key_length=1280
12-11 16:52:45.650   196   606 D DrmWidevineDash: OEMCrypto_LoadDeviceRSAKey: ends! returns 0
12-11 16:52:45.650   196   606 I WVCdm   : CdmEngine::QueryKeyControlInfo
12-11 16:52:45.651   196   196 I WVCdm   : CdmEngine::OpenSession
12-11 16:52:45.651   196   196 D DrmWidevineDash: OEMCrypto_OpenSession: starts! SID=0xbef8e21c
12-11 16:52:45.672   609   619 I AccountManagerService: getTypesVisibleToCaller: isPermitted? true
12-11 16:52:45.674   609  3358 I AccountManagerService: getTypesVisibleToCaller: isPermitted? true
12-11 16:52:45.675   196   196 D DrmWidevineDash: OEMCrypto_OpenSession SID = 2
12-11 16:52:45.675   196   196 D DrmWidevineDash: OEMCrypto_OpenSession: ends! returns 0
12-11 16:52:45.675   196   196 D DrmWidevineDash: OEMCrypto_GetRandom: starts! randomData=0xb3f1b6e8, dataLength=8
12-11 16:52:45.698   196   196 D DrmWidevineDash: OEMCrypto_GetRandom: ends! returns 0
12-11 16:52:45.709   196   196 D DrmWidevineDash: OEMCrypto_LoadDeviceRSAKey: starts!SID=2, wrapped_rsa_key=0xb607e200, wrapped_rsa_key_length=1280
12-11 16:52:45.724 11041 11546 I SystemUpdateTask: checkUpdateState: spStatus=1, urgency=2, streaming=false, streamingInProgress=false
12-11 16:52:45.728 11041 11131 I PerfProfCollectionSvc: Turn off PerfProfile Collection
12-11 16:52:45.732 11041 11131 I HeterodyneSyncScheduler: Clear all shared preferences
12-11 16:52:45.734 11041 11131 I HeterodyneSyncScheduler: Cancel all previously scheduled polling
12-11 16:52:45.739   196   196 D DrmWidevineDash: OEMCrypto_LoadDeviceRSAKey: ends! returns 0
12-11 16:52:45.739   196   196 I WVCdm   : CdmEngine::QueryKeyControlInfo
12-11 16:52:45.741   196  1286 W WVCdm   : BufferReader::Read<T> : Failure during parse: Not enough bytes (4)
12-11 16:52:45.741   196  1286 W WVCdm   : CdmEngine::ExtractWidevinePssh: Unable to read atom size.
12-11 16:52:45.741   196  1286 I WVCdm   : CdmEngine::GenerateKeyRequest
12-11 16:52:45.741   196  1286 D DrmWidevineDash: OEMCrypto_GetDeviceID: starts! deviceID=0xb3d643a0, idLength=0xaebaff34
12-11 16:52:45.741 11041 11131 I HeterodyneSyncScheduler: Scheduling Phenotype for first execution 9684 seconds from now (1513039965741)
12-11 16:52:45.777   196  1286 D DrmWidevineDash: OEMCrypto_GetDeviceID: ends! returns 0
12-11 16:52:45.777   196  1286 D DrmWidevineDash: OEMCrypto_SupportsUsageTable: starts!
12-11 16:52:45.782 11041 11546 I CmaSystemUpdateService: showing system update notification
12-11 16:52:45.787   609   959 I AccountManagerService: getTypesVisibleToCaller: isPermitted? true
12-11 16:52:45.791   609  3358 I AccountManagerService: getTypesVisibleToCaller: isPermitted? true
12-11 16:52:45.800   196  1286 D DrmWidevineDash: OEMCrypto_SupportsUsageTable: is_supported = 1
12-11 16:52:45.800   196  1286 D DrmWidevineDash: OEMCrypto_SupportsUsageTable: wv_app_version = 0x23
12-11 16:52:45.800   196  1286 D DrmWidevineDash: OEMCrypto_SupportsUsageTable: ends! returns 0x0
12-11 16:52:45.800   196  1286 D DrmWidevineDash: OEMCrypto_IsAntiRollbackHwPresent: starts!
12-11 16:52:45.803 11018 11087 W ConfigurationChimeraProvider: Got null configs for com.google.android.gms.security
12-11 16:52:45.811   196  1286 D DrmWidevineDash: OEMCrypto_IsAntiRollbackHwPresent ends! ret=0, is_antirb_enabled = 0
12-11 16:52:45.811   196  1286 D DrmWidevineDash: OEMCrypto_APIVersion: starts!
12-11 16:52:45.825 11018 11028 W ConfigurationChimeraProvider: Got null configs for com.google.android.gms.mdm
12-11 16:52:45.837   196  1286 D DrmWidevineDash: hlos api version =  10
12-11 16:52:45.837   196  1286 D DrmWidevineDash: tz api version =  10
12-11 16:52:45.837   196  1286 D DrmWidevineDash: OEMCrypto_APIVersion: ends! returns version 10
12-11 16:52:45.837   196  1286 D DrmWidevineDash: OEMCrypto_GetHDCPCapability starts!
12-11 16:52:45.848   196  1286 D DrmWidevineDash: OEMCrypto_GetHDCPCapability current=255, max=4
12-11 16:52:45.848   196  1286 D DrmWidevineDash: OEMCrypto_GetHDCPCapability ends! ret = 0
12-11 16:52:45.848   196  1286 D DrmWidevineDash: OEMCrypto_GenerateNonce: starts! SID=2
12-11 16:52:45.859   609  8020 I AccountManagerService: getTypesVisibleToCaller: isPermitted? true
12-11 16:52:45.860 11041 11136 E MDM     : [433] SitrepChimeraService.a: No Google accounts; deferring server state update.
12-11 16:52:45.868   196  1286 D DrmWidevineDash: OEMCrypto_GenerateNonce: ends! returns 0
12-11 16:52:45.868   196  1286 D WVCdm   : PrepareKeyRequest: nonce=3288662965
12-11 16:52:45.868   196  1286 D DrmWidevineDash: OEMCrypto_GenerateRSASignature starts! SID=2, message=0xb3c48c00
12-11 16:52:45.868   196  1286 D DrmWidevineDash: message_length=1616, signature=0xb6076980, signature_length=2931490828
12-11 16:52:45.891 11376 11464 W dex2oat : Verification of long com.google.android.gms.ads.exoplayer1.extractor.webm.d.a(com.google.android.gms.ads.exoplayer1.extractor.d, boolean, boolean) took 120.330ms
12-11 16:52:45.943   609   609 V NotificationService: pkg=com.google.android.gms canInterrupt=false intercept=true
12-11 16:52:45.997 11041 11546 I SystemUpdateTask: checkUpdateState: sticky: false
12-11 16:52:46.011   609  3042 I AccountManagerService: getTypesVisibleToCaller: isPermitted? true
12-11 16:52:46.033   196  1286 D DrmWidevineDash: OEMCrypto_GenerateRSASignature returns 0
12-11 16:52:46.034   196   196 W WVCdm   : BufferReader::Read<T> : Failure during parse: Not enough bytes (4)
12-11 16:52:46.034   196   196 W WVCdm   : CdmEngine::ExtractWidevinePssh: Unable to read atom size.
12-11 16:52:46.034   196   196 I WVCdm   : CdmEngine::GenerateKeyRequest
12-11 16:52:46.034   196   196 D DrmWidevineDash: OEMCrypto_GetDeviceID: starts! deviceID=0xb3d64440, idLength=0xbef8e014
12-11 16:52:46.038 11018 11112 E GcmPushIntentOperation: Failed to subscribe to GCM: com.google.android.gms.telephonyspam
12-11 16:52:46.038 11018 11112 E GcmPushIntentOperation: java.io.IOException: SERVICE_NOT_AVAILABLE
12-11 16:52:46.038 11018 11112 E GcmPushIntentOperation: 	at uzy.b(:com.google.android.gms@11509436:41)
12-11 16:52:46.038 11018 11112 E GcmPushIntentOperation: 	at uzy.a(:com.google.android.gms@11509436:46)
12-11 16:52:46.038 11018 11112 E GcmPushIntentOperation: 	at uzv.b(:com.google.android.gms@11509436:11)
12-11 16:52:46.038 11018 11112 E GcmPushIntentOperation: 	at uzv.a(:com.google.android.gms@11509436:29)
12-11 16:52:46.038 11018 11112 E GcmPushIntentOperation: 	at com.google.android.gms.phenotype.gcmpush.GcmPushIntentOperation.a(:com.google.android.gms@11509436:16)
12-11 16:52:46.038 11018 11112 E GcmPushIntentOperation: 	at com.google.android.gms.phenotype.gcmpush.GcmPushIntentOperation.onHandleIntent(:com.google.android.gms@11509436:6)
12-11 16:52:46.038 11018 11112 E GcmPushIntentOperation: 	at com.google.android.chimera.IntentOperation.onHandleIntent(:com.google.android.gms@11509436:2)
12-11 16:52:46.038 11018 11112 E GcmPushIntentOperation: 	at bwh.run(:com.google.android.gms@11509436:10)
12-11 16:52:46.038 11018 11112 E GcmPushIntentOperation: 	at bwe.run(:com.google.android.gms@11509436:14)
12-11 16:52:46.038 11018 11112 E GcmPushIntentOperation: 	at java.util.concurrent.ThreadPoolExecutor.runWorker(ThreadPoolExecutor.java:1113)
12-11 16:52:46.038 11018 11112 E GcmPushIntentOperation: 	at java.util.concurrent.ThreadPoolExecutor$Worker.run(ThreadPoolExecutor.java:588)
12-11 16:52:46.038 11018 11112 E GcmPushIntentOperation: 	at java.lang.Thread.run(Thread.java:818)
12-11 16:52:46.066 11041 11160 I PlatformStatsCollectorService: Start Procstats in 76549 seconds.
12-11 16:52:46.071   196   196 D DrmWidevineDash: OEMCrypto_GetDeviceID: ends! returns 0
12-11 16:52:46.071   196   196 D DrmWidevineDash: OEMCrypto_SupportsUsageTable: starts!
12-11 16:52:46.076 11018 11258 I HeterodyneSyncScheduler: Scheduling Phenotype for a PhenotypeSyncImmediately(6, com.google.android.gms.people) one off with window [1, 2] in seconds
12-11 16:52:46.086   196   196 D DrmWidevineDash: OEMCrypto_SupportsUsageTable: is_supported = 1
12-11 16:52:46.086   196   196 D DrmWidevineDash: OEMCrypto_SupportsUsageTable: wv_app_version = 0x23
12-11 16:52:46.086   196   196 D DrmWidevineDash: OEMCrypto_SupportsUsageTable: ends! returns 0x0
12-11 16:52:46.086   196   196 D DrmWidevineDash: OEMCrypto_IsAntiRollbackHwPresent: starts!
12-11 16:52:46.089 11041 11160 I PlatformStatsCollectorService: Start Batterystats in 76549 seconds.
12-11 16:52:46.096 11041 11160 I PlatformStatsCollectorService: Start UnifiedDumpsysTask in 76549 seconds.
12-11 16:52:46.097 11018 11018 I WearableService: Wearable Services not starting - Wear is not available on this device.
12-11 16:52:46.100 11018 11018 W Nearby  : Bind call too late - someone already tried to get: interface avxe
12-11 16:52:46.100   196   196 D DrmWidevineDash: OEMCrypto_IsAntiRollbackHwPresent ends! ret=0, is_antirb_enabled = 0
12-11 16:52:46.100   196   196 D DrmWidevineDash: OEMCrypto_APIVersion: starts!
12-11 16:52:46.117 11041 11160 I PlatformStatsCollectorService: Start Settingsstats in 76549 seconds.
12-11 16:52:46.118   196   196 D DrmWidevineDash: hlos api version =  10
12-11 16:52:46.118   196   196 D DrmWidevineDash: tz api version =  10
12-11 16:52:46.118   196   196 D DrmWidevineDash: OEMCrypto_APIVersion: ends! returns version 10
12-11 16:52:46.118   196   196 D DrmWidevineDash: OEMCrypto_GetHDCPCapability starts!
12-11 16:52:46.129   196   196 D DrmWidevineDash: OEMCrypto_GetHDCPCapability current=255, max=4
12-11 16:52:46.129   196   196 D DrmWidevineDash: OEMCrypto_GetHDCPCapability ends! ret = 0
12-11 16:52:46.129   196   196 D DrmWidevineDash: OEMCrypto_GenerateNonce: starts! SID=1
12-11 16:52:46.131 11018 11415 I Places  : ?: Couldn't find platform key file.
12-11 16:52:46.131 11041 11160 I PlatformStatsCollectorService: Start Notificationstats in 76549 seconds.
12-11 16:52:46.144   196   196 D DrmWidevineDash: OEMCrypto_GenerateNonce: ends! returns 0
12-11 16:52:46.144   196   196 D WVCdm   : PrepareKeyRequest: nonce=2151954385
12-11 16:52:46.144   196   196 D DrmWidevineDash: OEMCrypto_GenerateRSASignature starts! SID=1, message=0xb3c4af00
12-11 16:52:46.144   196   196 D DrmWidevineDash: message_length=1650, signature=0xb6075440, signature_length=3203981548
12-11 16:52:46.145 11041 11160 I PlatformStatsCollectorService: Start Fingerprintstats in 76549 seconds.
12-11 16:52:46.153 11041 11160 I PlatformStatsCollectorService: Start DropboxRealtime in 76549 seconds.
12-11 16:52:46.156 11041 11160 I PlatformStatsCollectorService: Start Graphicsstats in 76549 seconds.
12-11 16:52:46.162   609  8020 I AccountManagerService: getTypesVisibleToCaller: isPermitted? true
12-11 16:52:46.168 11041 11160 I PlatformStatsCollectorService: Start Dropbox in 76549 seconds.
12-11 16:52:46.172 11018 11018 I BeaconBle: Using BLE 'L' hardware layer
12-11 16:52:46.176 11041 11160 I PlatformStatsCollectorService: Start Diskstats in 76549 seconds.
12-11 16:52:46.189 11041 11160 I PlatformStatsCollectorService: Start Netstats in 76549 seconds.
12-11 16:52:46.189 11018 11018 I GeofencerStateMachine: removeGeofences: removeRequest=RemoveGeofencingRequest[REMOVE_BY_PENDING_INTENT pendingIntent=PendingIntent[creatorPackage=com.google.android.gms], packageName=null]
12-11 16:52:46.202 11018 11018 I GeofencerStateMachine: removeGeofences: removeRequest=RemoveGeofencingRequest[REMOVE_BY_PENDING_INTENT pendingIntent=PendingIntent[creatorPackage=com.google.android.gms], packageName=null]
12-11 16:52:46.239 11018 11018 I GeofencerStateMachine: removeGeofences: removeRequest=RemoveGeofencingRequest[REMOVE_BY_PENDING_INTENT pendingIntent=PendingIntent[creatorPackage=com.google.android.gms], packageName=null]
12-11 16:52:46.243 11018 11018 I GeofencerStateMachine: removeGeofences: removeRequest=RemoveGeofencingRequest[REMOVE_BY_PENDING_INTENT pendingIntent=PendingIntent[creatorPackage=com.google.android.gms], packageName=null]
12-11 16:52:46.245 11018 11018 I GeofencerStateMachine: removeGeofences: removeRequest=RemoveGeofencingRequest[REMOVE_BY_PENDING_INTENT pendingIntent=PendingIntent[creatorPackage=com.google.android.gms], packageName=null]
12-11 16:52:46.295 11018 11258 I HeterodyneSyncScheduler: Scheduling Phenotype for a PhenotypeSyncImmediately(6, com.google.android.gms.people.ui) one off with window [1, 2] in seconds
12-11 16:52:46.309   196   196 D DrmWidevineDash: OEMCrypto_GenerateRSASignature returns 0
12-11 16:52:46.310   196  1285 I WVCdm   : CdmEngine::CloseSession
12-11 16:52:46.310   196  1285 D DrmWidevineDash: OEMCrypto_CloseSession: starts! SID=2
12-11 16:52:46.339   196  1285 D DrmWidevineDash: OEMCrypto_CloseSession: ends! returns 0
12-11 16:52:46.339   196   681 I WVCdm   : CdmEngine::CloseSession
12-11 16:52:46.339   196   681 D DrmWidevineDash: OEMCrypto_CloseSession: starts! SID=1
12-11 16:52:46.350 11018 11028 D WearableService: onGetService - Wear is not available on this device.
12-11 16:52:46.353   196   681 D DrmWidevineDash: OEMCrypto_CloseSession: ends! returns 0
12-11 16:52:46.354   196   681 D DrmWidevineDash: OEMCrypto_Terminate: starts!
12-11 16:52:46.374   196   681 D DrmWidevineDash: Service_Uninitialize: starts!
12-11 16:52:46.374   196   681 D QSEECOMAPI: : QSEECom_shutdown_app 
12-11 16:52:46.374   196   681 D QSEECOMAPI: : QSEECom_shutdown_app, app_id = 2
12-11 16:52:46.376 11018 11018 I GeofencerStateMachine: removeGeofences: removeRequest=RemoveGeofencingRequest[REMOVE_BY_PENDING_INTENT pendingIntent=PendingIntent[creatorPackage=com.google.android.gms], packageName=null]
12-11 16:52:46.380   196   681 D DrmWidevineDash: Service_Uninitialize: ends! returns 0x0
12-11 16:52:46.380   196   681 D DrmWidevineDash: OEMCrypto_Terminate: ends! returns 0
12-11 16:52:46.389   196  1286 I WVCdm   : CdmEngine::OpenSession
12-11 16:52:46.389   196  1286 I WVCdm   : Level3 Library Jun 15 2015 14:09:24
12-11 16:52:46.392   196  1286 W WVCdm   : Could not read /data/mediadrm/IDM1013/ay64.dat2: No such file or directory
12-11 16:52:46.395   196  1286 D DrmWidevineDash: OEMCrypto_Initialize: starts! g_qsee_apps_version = 0x91
12-11 16:52:46.395   196  1286 D DrmWidevineDash: Service_Initialize: starts!
12-11 16:52:46.395   196  1286 D QSEECOMAPI: : QSEECom_start_app sb_length = 0x19000
12-11 16:52:46.395   196  1286 D QSEECOMAPI: : App is not loaded in QSEE
12-11 16:52:46.421   196  1286 D QSEECOMAPI: : Loaded image: APP id = 2
12-11 16:52:46.421   196  1286 D DrmWidevineDash: Service_Initialize: ends! returns 0
12-11 16:52:46.421   196  1286 D DrmWidevineDash: OEMCrypto_Initialize sion_buffer g_wv_fhandle->ion_sbuffer  0x0xb3257000
12-11 16:52:46.421   196  1286 E DrmWidevineDash: sion_buffer g_wv_fhandle->ion_sbuffer  0x0xb3257000
12-11 16:52:46.429   609  7033 I AccountManagerService: getTypesVisibleToCaller: isPermitted? true
12-11 16:52:46.431 11018 11112 E GcmPushIntentOperation: Failed to subscribe to GCM: com.google.android.gms.tron.metrics
12-11 16:52:46.431 11018 11112 E GcmPushIntentOperation: java.io.IOException: SERVICE_NOT_AVAILABLE
12-11 16:52:46.431 11018 11112 E GcmPushIntentOperation: 	at uzy.b(:com.google.android.gms@11509436:41)
12-11 16:52:46.431 11018 11112 E GcmPushIntentOperation: 	at uzy.a(:com.google.android.gms@11509436:46)
12-11 16:52:46.431 11018 11112 E GcmPushIntentOperation: 	at uzv.b(:com.google.android.gms@11509436:11)
12-11 16:52:46.431 11018 11112 E GcmPushIntentOperation: 	at uzv.a(:com.google.android.gms@11509436:29)
12-11 16:52:46.431 11018 11112 E GcmPushIntentOperation: 	at com.google.android.gms.phenotype.gcmpush.GcmPushIntentOperation.a(:com.google.android.gms@11509436:16)
12-11 16:52:46.431 11018 11112 E GcmPushIntentOperation: 	at com.google.android.gms.phenotype.gcmpush.GcmPushIntentOperation.onHandleIntent(:com.google.android.gms@11509436:6)
12-11 16:52:46.431 11018 11112 E GcmPushIntentOperation: 	at com.google.android.chimera.IntentOperation.onHandleIntent(:com.google.android.gms@11509436:2)
12-11 16:52:46.431 11018 11112 E GcmPushIntentOperation: 	at bwh.run(:com.google.android.gms@11509436:10)
12-11 16:52:46.431 11018 11112 E GcmPushIntentOperation: 	at bwe.run(:com.google.android.gms@11509436:14)
12-11 16:52:46.431 11018 11112 E GcmPushIntentOperation: 	at java.util.concurrent.ThreadPoolExecutor.runWorker(ThreadPoolExecutor.java:1113)
12-11 16:52:46.431 11018 11112 E GcmPushIntentOperation: 	at java.util.concurrent.ThreadPoolExecutor$Worker.run(ThreadPoolExecutor.java:588)
12-11 16:52:46.431 11018 11112 E GcmPushIntentOperation: 	at java.lang.Thread.run(Thread.java:818)
12-11 16:52:46.441 11041 11136 I TelephonySpamInit: onModuleUpdated TelephonySpam module initialized
12-11 16:52:46.441 11041 11136 I TelephonySpamInit: onModuleUpdated calling setComponentEnabled for com.google.android.gms.telephonyspam.sync.SpamListSyncTaskService
12-11 16:52:46.442 11041 11136 I TelephonySpamInit: onModuleUpdated completed setComponentEnabled for com.google.android.gms.telephonyspam.sync.SpamListSyncTaskService
12-11 16:52:46.442 11041 11136 I SpamListSync: schedulePeriodicTask
12-11 16:52:46.445 11041 11610 E MDM     : [529] wuq.run: Couldn't connect to Google API client: krs{statusCode=API_UNAVAILABLE, resolution=null, message=null}
12-11 16:52:46.447   196  1286 D DrmWidevineDash: OEMCrypto_Initialize: ends! returns 0
12-11 16:52:46.447   196  1286 D DrmWidevineDash: OEMCrypto_APIVersion: starts!
12-11 16:52:46.454 11041 11266 I CheckinUtil: Classify the device as Tablet.
12-11 16:52:46.462 11376 11465 W dex2oat : Verification of void com.google.android.gms.ads.exoplayer3.util.j.d(int) took 100.006ms
12-11 16:52:46.465 11018 11112 E GcmPushIntentOperation: Failed to subscribe to GCM: com.google.android.gms.udc
12-11 16:52:46.465 11018 11112 E GcmPushIntentOperation: java.io.IOException: SERVICE_NOT_AVAILABLE
12-11 16:52:46.465 11018 11112 E GcmPushIntentOperation: 	at uzy.b(:com.google.android.gms@11509436:41)
12-11 16:52:46.465 11018 11112 E GcmPushIntentOperation: 	at uzy.a(:com.google.android.gms@11509436:46)
12-11 16:52:46.465 11018 11112 E GcmPushIntentOperation: 	at uzv.b(:com.google.android.gms@11509436:11)
12-11 16:52:46.465 11018 11112 E GcmPushIntentOperation: 	at uzv.a(:com.google.android.gms@11509436:29)
12-11 16:52:46.465 11018 11112 E GcmPushIntentOperation: 	at com.google.android.gms.phenotype.gcmpush.GcmPushIntentOperation.a(:com.google.android.gms@11509436:16)
12-11 16:52:46.465 11018 11112 E GcmPushIntentOperation: 	at com.google.android.gms.phenotype.gcmpush.GcmPushIntentOperation.onHandleIntent(:com.google.android.gms@11509436:6)
12-11 16:52:46.465 11018 11112 E GcmPushIntentOperation: 	at com.google.android.chimera.IntentOperation.onHandleIntent(:com.google.android.gms@11509436:2)
12-11 16:52:46.465 11018 11112 E GcmPushIntentOperation: 	at bwh.run(:com.google.android.gms@11509436:10)
12-11 16:52:46.465 11018 11112 E GcmPushIntentOperation: 	at bwe.run(:com.google.android.gms@11509436:14)
12-11 16:52:46.465 11018 11112 E GcmPushIntentOperation: 	at java.util.concurrent.ThreadPoolExecutor.runWorker(ThreadPoolExecutor.java:1113)
12-11 16:52:46.465 11018 11112 E GcmPushIntentOperation: 	at java.util.concurrent.ThreadPoolExecutor$Worker.run(ThreadPoolExecutor.java:588)
12-11 16:52:46.465 11018 11112 E GcmPushIntentOperation: 	at java.lang.Thread.run(Thread.java:818)
12-11 16:52:46.476   196  1286 D DrmWidevineDash: hlos api version =  10
12-11 16:52:46.476   196  1286 D DrmWidevineDash: tz api version =  10
12-11 16:52:46.476   196  1286 D DrmWidevineDash: OEMCrypto_APIVersion: ends! returns version 10
12-11 16:52:46.476   196  1286 D DrmWidevineDash: OEMCrypto_IsKeyboxValid: starts!
12-11 16:52:46.476 11041 11136 I SpamListSync: scheduleOneTimeTask
12-11 16:52:46.502 11376 11376 W dex2oat : Verification of void com.google.android.gms.ads.exoplayer3.source.a.run() took 531.646ms
12-11 16:52:46.511   196  1286 D DrmWidevineDash: OEMCrypto_IsKeyboxValid: ends! returns 0
12-11 16:52:46.511   196  1286 D WVCdm   : OEMCrypto_Initialize Level 1 success. I will use level 1.
12-11 16:52:46.512   196  1286 D DrmWidevineDash: OEMCrypto_OpenSession: starts! SID=0xaebb013c
12-11 16:52:46.522 11041 11641 I TelephonySpamInit: Creating a looper to listen to call state changes.
12-11 16:52:46.536   196  1286 D DrmWidevineDash: OEMCrypto_OpenSession SID = 1
12-11 16:52:46.536   196  1286 D DrmWidevineDash: OEMCrypto_OpenSession: ends! returns 0
12-11 16:52:46.536   196  1286 D DrmWidevineDash: OEMCrypto_GetRandom: starts! randomData=0xb604c378, dataLength=8
12-11 16:52:46.543 11376 11463 W dex2oat : Verification of com.google.android.gms.ads.exoplayer3.extractor.mp4.g com.google.android.gms.ads.exoplayer3.extractor.mp4.d.a(com.google.android.gms.ads.exoplayer3.util.j, int, int, java.lang.String, com.google.android.gms.ads.exoplayer3.drm.a, boolean) took 611.297ms
12-11 16:52:46.562   196  1286 D DrmWidevineDash: OEMCrypto_GetRandom: ends! returns 0
12-11 16:52:46.563   196  1286 D DrmWidevineDash: OEMCrypto_LoadDeviceRSAKey: starts!SID=1, wrapped_rsa_key=0xb3d77e00, wrapped_rsa_key_length=1280
12-11 16:52:46.608   196  1286 D DrmWidevineDash: OEMCrypto_LoadDeviceRSAKey: ends! returns 0
12-11 16:52:46.608   196  1286 I WVCdm   : CdmEngine::QueryKeyControlInfo
12-11 16:52:46.630   196   196 W WVCdm   : BufferReader::Read<T> : Failure during parse: Not enough bytes (4)
12-11 16:52:46.630   196   196 W WVCdm   : CdmEngine::ExtractWidevinePssh: Unable to read atom size.
12-11 16:52:46.630   196   196 I WVCdm   : CdmEngine::GenerateKeyRequest
12-11 16:52:46.630   196   196 D DrmWidevineDash: OEMCrypto_GetDeviceID: starts! deviceID=0xb3d64180, idLength=0xbef8e014
12-11 16:52:46.669   196   196 D DrmWidevineDash: OEMCrypto_GetDeviceID: ends! returns 0
12-11 16:52:46.669   196   196 D DrmWidevineDash: OEMCrypto_SupportsUsageTable: starts!
12-11 16:52:46.678 11018 11112 E GcmPushIntentOperation: Failed to subscribe to GCM: com.google.android.gms.wallet
12-11 16:52:46.678 11018 11112 E GcmPushIntentOperation: java.io.IOException: SERVICE_NOT_AVAILABLE
12-11 16:52:46.678 11018 11112 E GcmPushIntentOperation: 	at uzy.b(:com.google.android.gms@11509436:41)
12-11 16:52:46.678 11018 11112 E GcmPushIntentOperation: 	at uzy.a(:com.google.android.gms@11509436:46)
12-11 16:52:46.678 11018 11112 E GcmPushIntentOperation: 	at uzv.b(:com.google.android.gms@11509436:11)
12-11 16:52:46.678 11018 11112 E GcmPushIntentOperation: 	at uzv.a(:com.google.android.gms@11509436:29)
12-11 16:52:46.678 11018 11112 E GcmPushIntentOperation: 	at com.google.android.gms.phenotype.gcmpush.GcmPushIntentOperation.a(:com.google.android.gms@11509436:16)
12-11 16:52:46.678 11018 11112 E GcmPushIntentOperation: 	at com.google.android.gms.phenotype.gcmpush.GcmPushIntentOperation.onHandleIntent(:com.google.android.gms@11509436:6)
12-11 16:52:46.678 11018 11112 E GcmPushIntentOperation: 	at com.google.android.chimera.IntentOperation.onHandleIntent(:com.google.android.gms@11509436:2)
12-11 16:52:46.678 11018 11112 E GcmPushIntentOperation: 	at bwh.run(:com.google.android.gms@11509436:10)
12-11 16:52:46.678 11018 11112 E GcmPushIntentOperation: 	at bwe.run(:com.google.android.gms@11509436:14)
12-11 16:52:46.678 11018 11112 E GcmPushIntentOperation: 	at java.util.concurrent.ThreadPoolExecutor.runWorker(ThreadPoolExecutor.java:1113)
12-11 16:52:46.678 11018 11112 E GcmPushIntentOperation: 	at java.util.concurrent.ThreadPoolExecutor$Worker.run(ThreadPoolExecutor.java:588)
12-11 16:52:46.678 11018 11112 E GcmPushIntentOperation: 	at java.lang.Thread.run(Thread.java:818)
12-11 16:52:46.680   609   619 I AccountManagerService: getTypesVisibleToCaller: isPermitted? true
12-11 16:52:46.687   196   196 D DrmWidevineDash: OEMCrypto_SupportsUsageTable: is_supported = 1
12-11 16:52:46.687   196   196 D DrmWidevineDash: OEMCrypto_SupportsUsageTable: wv_app_version = 0x23
12-11 16:52:46.687   196   196 D DrmWidevineDash: OEMCrypto_SupportsUsageTable: ends! returns 0x0
12-11 16:52:46.687   196   196 D DrmWidevineDash: OEMCrypto_IsAntiRollbackHwPresent: starts!
12-11 16:52:46.721   196   196 D DrmWidevineDash: OEMCrypto_IsAntiRollbackHwPresent ends! ret=0, is_antirb_enabled = 0
12-11 16:52:46.721   196   196 D DrmWidevineDash: OEMCrypto_APIVersion: starts!
12-11 16:52:46.743   196   196 D DrmWidevineDash: hlos api version =  10
12-11 16:52:46.743   196   196 D DrmWidevineDash: tz api version =  10
12-11 16:52:46.743   196   196 D DrmWidevineDash: OEMCrypto_APIVersion: ends! returns version 10
12-11 16:52:46.743   196   196 D DrmWidevineDash: OEMCrypto_GetHDCPCapability starts!
12-11 16:52:46.755   196   196 D DrmWidevineDash: OEMCrypto_GetHDCPCapability current=255, max=4
12-11 16:52:46.755   196   196 D DrmWidevineDash: OEMCrypto_GetHDCPCapability ends! ret = 0
12-11 16:52:46.755   196   196 D DrmWidevineDash: OEMCrypto_GenerateNonce: starts! SID=1
12-11 16:52:46.766   196   196 D DrmWidevineDash: OEMCrypto_GenerateNonce: ends! returns 0
12-11 16:52:46.766   196   196 D WVCdm   : PrepareKeyRequest: nonce=1280258196
12-11 16:52:46.766   196   196 D DrmWidevineDash: OEMCrypto_GenerateRSASignature starts! SID=1, message=0xb3c4af00
12-11 16:52:46.766   196   196 D DrmWidevineDash: message_length=1616, signature=0xb6075440, signature_length=3203981548
12-11 16:52:46.784 11600 11600 D AndroidRuntime: >>>>>> START com.android.internal.os.RuntimeInit uid 2000 <<<<<<
12-11 16:52:46.790 11600 11600 D AndroidRuntime: CheckJNI is OFF
12-11 16:52:46.811 11041 11160 I Wear_Controller: onStartup - Wear is not available on this device.
12-11 16:52:46.819 11018 11112 E GcmPushIntentOperation: Failed to subscribe to GCM: com.google.android.gms.wearable
12-11 16:52:46.819 11018 11112 E GcmPushIntentOperation: java.io.IOException: SERVICE_NOT_AVAILABLE
12-11 16:52:46.819 11018 11112 E GcmPushIntentOperation: 	at uzy.b(:com.google.android.gms@11509436:41)
12-11 16:52:46.819 11018 11112 E GcmPushIntentOperation: 	at uzy.a(:com.google.android.gms@11509436:46)
12-11 16:52:46.819 11018 11112 E GcmPushIntentOperation: 	at uzv.b(:com.google.android.gms@11509436:11)
12-11 16:52:46.819 11018 11112 E GcmPushIntentOperation: 	at uzv.a(:com.google.android.gms@11509436:29)
12-11 16:52:46.819 11018 11112 E GcmPushIntentOperation: 	at com.google.android.gms.phenotype.gcmpush.GcmPushIntentOperation.a(:com.google.android.gms@11509436:16)
12-11 16:52:46.819 11018 11112 E GcmPushIntentOperation: 	at com.google.android.gms.phenotype.gcmpush.GcmPushIntentOperation.onHandleIntent(:com.google.android.gms@11509436:6)
12-11 16:52:46.819 11018 11112 E GcmPushIntentOperation: 	at com.google.android.chimera.IntentOperation.onHandleIntent(:com.google.android.gms@11509436:2)
12-11 16:52:46.819 11018 11112 E GcmPushIntentOperation: 	at bwh.run(:com.google.android.gms@11509436:10)
12-11 16:52:46.819 11018 11112 E GcmPushIntentOperation: 	at bwe.run(:com.google.android.gms@11509436:14)
12-11 16:52:46.819 11018 11112 E GcmPushIntentOperation: 	at java.util.concurrent.ThreadPoolExecutor.runWorker(ThreadPoolExecutor.java:1113)
12-11 16:52:46.819 11018 11112 E GcmPushIntentOperation: 	at java.util.concurrent.ThreadPoolExecutor$Worker.run(ThreadPoolExecutor.java:588)
12-11 16:52:46.819 11018 11112 E GcmPushIntentOperation: 	at java.lang.Thread.run(Thread.java:818)
12-11 16:52:46.830 11018 11258 I HeterodyneSyncScheduler: Scheduling Phenotype for a PhenotypeSyncImmediately(6, com.google.android.gms.walletp2p) one off with window [1, 2] in seconds
12-11 16:52:46.845 11600 11600 D ICU     : No timezone override file found: /data/misc/zoneinfo/current/icu/icu_tzdata.dat
12-11 16:52:46.869   609  7033 I AccountManagerService: getTypesVisibleToCaller: isPermitted? true
12-11 16:52:46.874 11018 11112 E GcmPushIntentOperation: Failed to subscribe to GCM: com.google.android.gms.accountsettings
12-11 16:52:46.874 11018 11112 E GcmPushIntentOperation: java.io.IOException: SERVICE_NOT_AVAILABLE
12-11 16:52:46.874 11018 11112 E GcmPushIntentOperation: 	at uzy.b(:com.google.android.gms@11509436:41)
12-11 16:52:46.874 11018 11112 E GcmPushIntentOperation: 	at uzy.a(:com.google.android.gms@11509436:46)
12-11 16:52:46.874 11018 11112 E GcmPushIntentOperation: 	at uzv.b(:com.google.android.gms@11509436:11)
12-11 16:52:46.874 11018 11112 E GcmPushIntentOperation: 	at uzv.a(:com.google.android.gms@11509436:29)
12-11 16:52:46.874 11018 11112 E GcmPushIntentOperation: 	at com.google.android.gms.phenotype.gcmpush.GcmPushIntentOperation.a(:com.google.android.gms@11509436:16)
12-11 16:52:46.874 11018 11112 E GcmPushIntentOperation: 	at com.google.android.gms.phenotype.gcmpush.GcmPushIntentOperation.onHandleIntent(:com.google.android.gms@11509436:6)
12-11 16:52:46.874 11018 11112 E GcmPushIntentOperation: 	at com.google.android.chimera.IntentOperation.onHandleIntent(:com.google.android.gms@11509436:2)
12-11 16:52:46.874 11018 11112 E GcmPushIntentOperation: 	at bwh.run(:com.google.android.gms@11509436:10)
12-11 16:52:46.874 11018 11112 E GcmPushIntentOperation: 	at bwe.run(:com.google.android.gms@11509436:14)
12-11 16:52:46.874 11018 11112 E GcmPushIntentOperation: 	at java.util.concurrent.ThreadPoolExecutor.runWorker(ThreadPoolExecutor.java:1113)
12-11 16:52:46.874 11018 11112 E GcmPushIntentOperation: 	at java.util.concurrent.ThreadPoolExecutor$Worker.run(ThreadPoolExecutor.java:588)
12-11 16:52:46.874 11018 11112 E GcmPushIntentOperation: 	at java.lang.Thread.run(Thread.java:818)
12-11 16:52:46.900 11600 11600 I Radio-JNI: register_android_hardware_Radio DONE
12-11 16:52:46.931 11600 11600 D AndroidRuntime: Calling main entry com.android.commands.pm.Pm
12-11 16:52:46.951 11018 11112 E GcmPushIntentOperation: Failed to subscribe to GCM: com.google.android.gms.audit
12-11 16:52:46.951 11018 11112 E GcmPushIntentOperation: java.io.IOException: SERVICE_NOT_AVAILABLE
12-11 16:52:46.951 11018 11112 E GcmPushIntentOperation: 	at uzy.b(:com.google.android.gms@11509436:41)
12-11 16:52:46.951 11018 11112 E GcmPushIntentOperation: 	at uzy.a(:com.google.android.gms@11509436:46)
12-11 16:52:46.951 11018 11112 E GcmPushIntentOperation: 	at uzv.b(:com.google.android.gms@11509436:11)
12-11 16:52:46.951 11018 11112 E GcmPushIntentOperation: 	at uzv.a(:com.google.android.gms@11509436:29)
12-11 16:52:46.951 11018 11112 E GcmPushIntentOperation: 	at com.google.android.gms.phenotype.gcmpush.GcmPushIntentOperation.a(:com.google.android.gms@11509436:16)
12-11 16:52:46.951 11018 11112 E GcmPushIntentOperation: 	at com.google.android.gms.phenotype.gcmpush.GcmPushIntentOperation.onHandleIntent(:com.google.android.gms@11509436:6)
12-11 16:52:46.951 11018 11112 E GcmPushIntentOperation: 	at com.google.android.chimera.IntentOperation.onHandleIntent(:com.google.android.gms@11509436:2)
12-11 16:52:46.951 11018 11112 E GcmPushIntentOperation: 	at bwh.run(:com.google.android.gms@11509436:10)
12-11 16:52:46.951 11018 11112 E GcmPushIntentOperation: 	at bwe.run(:com.google.android.gms@11509436:14)
12-11 16:52:46.951 11018 11112 E GcmPushIntentOperation: 	at java.util.concurrent.ThreadPoolExecutor.runWorker(ThreadPoolExecutor.java:1113)
12-11 16:52:46.951 11018 11112 E GcmPushIntentOperation: 	at java.util.concurrent.ThreadPoolExecutor$Worker.run(ThreadPoolExecutor.java:588)
12-11 16:52:46.951 11018 11112 E GcmPushIntentOperation: 	at java.lang.Thread.run(Thread.java:818)
12-11 16:52:46.954   196   196 D DrmWidevineDash: OEMCrypto_GenerateRSASignature returns 0
12-11 16:52:46.955   196   681 I WVCdm   : CdmEngine::CloseSession
12-11 16:52:46.955   196   681 D DrmWidevineDash: OEMCrypto_CloseSession: starts! SID=1
12-11 16:52:46.960   609  3442 W ActivityManager: Invalid packageName: com.sec.android.app.sbrowsertry
12-11 16:52:46.961   609  3042 I AccountManagerService: getTypesVisibleToCaller: isPermitted? true
12-11 16:52:46.972 11600 11600 I art     : System.exit called, status: 1
12-11 16:52:46.972 11600 11600 I AndroidRuntime: VM exiting with result code 1.
12-11 16:52:46.983   196   681 D DrmWidevineDash: OEMCrypto_CloseSession: ends! returns 0
12-11 16:52:46.983   196   681 D DrmWidevineDash: OEMCrypto_Terminate: starts!
12-11 16:52:46.989 11018 11112 E GcmPushIntentOperation: Failed to subscribe to GCM: com.google.android.gms.auth.api.credentials
12-11 16:52:46.989 11018 11112 E GcmPushIntentOperation: java.io.IOException: SERVICE_NOT_AVAILABLE
12-11 16:52:46.989 11018 11112 E GcmPushIntentOperation: 	at uzy.b(:com.google.android.gms@11509436:41)
12-11 16:52:46.989 11018 11112 E GcmPushIntentOperation: 	at uzy.a(:com.google.android.gms@11509436:46)
12-11 16:52:46.989 11018 11112 E GcmPushIntentOperation: 	at uzv.b(:com.google.android.gms@11509436:11)
12-11 16:52:46.989 11018 11112 E GcmPushIntentOperation: 	at uzv.a(:com.google.android.gms@11509436:29)
12-11 16:52:46.989 11018 11112 E GcmPushIntentOperation: 	at com.google.android.gms.phenotype.gcmpush.GcmPushIntentOperation.a(:com.google.android.gms@11509436:16)
12-11 16:52:46.989 11018 11112 E GcmPushIntentOperation: 	at com.google.android.gms.phenotype.gcmpush.GcmPushIntentOperation.onHandleIntent(:com.google.android.gms@11509436:6)
12-11 16:52:46.989 11018 11112 E GcmPushIntentOperation: 	at com.google.android.chimera.IntentOperation.onHandleIntent(:com.google.android.gms@11509436:2)
12-11 16:52:46.989 11018 11112 E GcmPushIntentOperation: 	at bwh.run(:com.google.android.gms@11509436:10)
12-11 16:52:46.989 11018 11112 E GcmPushIntentOperation: 	at bwe.run(:com.google.android.gms@11509436:14)
12-11 16:52:46.989 11018 11112 E GcmPushIntentOperation: 	at java.util.concurrent.ThreadPoolExecutor.runWorker(ThreadPoolExecutor.java:1113)
12-11 16:52:46.989 11018 11112 E GcmPushIntentOperation: 	at java.util.concurrent.ThreadPoolExecutor$Worker.run(ThreadPoolExecutor.java:588)
12-11 16:52:46.989 11018 11112 E GcmPushIntentOperation: 	at java.lang.Thread.run(Thread.java:818)
12-11 16:52:47.011 11018 11608 I BeaconBle: 'L' hardware scan: scan stopped, no clients
12-11 16:52:47.011 11018 11608 I BeaconBle: Scan canceled successfully.
12-11 16:52:47.015 11018 11112 E GcmPushIntentOperation: Failed to subscribe to GCM: com.google.android.gms.beacon
12-11 16:52:47.015 11018 11112 E GcmPushIntentOperation: java.io.IOException: SERVICE_NOT_AVAILABLE
12-11 16:52:47.015 11018 11112 E GcmPushIntentOperation: 	at uzy.b(:com.google.android.gms@11509436:41)
12-11 16:52:47.015 11018 11112 E GcmPushIntentOperation: 	at uzy.a(:com.google.android.gms@11509436:46)
12-11 16:52:47.015 11018 11112 E GcmPushIntentOperation: 	at uzv.b(:com.google.android.gms@11509436:11)
