12-12 00:53:21.885  2173  2526 V audio_hw_primary: adev_open_input_stream: request sample_rate:16000
12-12 00:53:21.885  2173  2526 V audio_hw_primary: in->requested_rate:16000, pcm_config_in.rate:48000 in->config.channels=2
12-12 00:53:21.885  2173  2526 D audio_hw_primary: adev_open_input_stream: call echoReference_init(12)
12-12 00:53:21.885  2173  2526 V echo_reference_processing: echoReference_init +
12-12 00:53:21.890  2173 13676 I AudioFlinger: AudioFlinger's thread 0xb2fb3000 ready to run
12-12 00:53:21.900  2173  4648 I AudioPolicyManager: startInput() input 17
12-12 00:53:21.905  2173  4648 I AudioPolicyManager: getDeviceForInputSource()input source 1999, device 80000004
12-12 00:53:21.905  2173 13676 D audio_hw_primary: in_set_parameters: enter: kvpairs: input_source=6;keyIsHotword=true;routing=-2147483644
12-12 00:53:21.905  2173 13676 V audio_hw_primary: set_processing_type: input_source(6), processing_type(0)
12-12 00:53:21.905  2173 13676 I audio_hw_primary: do_in_standby : in->standby 1
12-12 00:53:21.910  2173 13676 I samsungRecord: [samsungrecord] MicCalonoff 1
12-12 00:53:21.910  3392 13674 I MicrophoneInputStream: mic_started com.google.android.apps.gsa.speech.audio.ae@ca51d86
12-12 00:53:21.915  2841  2954 D SettingsProvider: isChangeAllowed() : name = mode_ringer
12-12 00:53:21.920  2173 13676 W audio_hw_primary: start_input_stream echoReference effect is not supported.
12-12 00:53:21.925  2841  2974 D lights  : lcd : 255 -
12-12 00:53:21.925  2841  2974 D LightsService: Excessive delay setting light: 82ms
12-12 00:53:21.925  2841  2877 D DisplayPowerController: animateScreenStateChange[0]: target=2
12-12 00:53:21.925  2841  2877 D DisplayPowerController: [Dual Screen Compatible] state[0] :2
12-12 00:53:21.925  2841  2877 D AutomaticBrightnessController: [DAB] mLightSensor is null.
12-12 00:53:21.925  2841  2877 D DisplayPowerController: getFinalBrightness : Summary is 255 -> 255
12-12 00:53:21.925  2841  2877 D DisplayPowerController: Animating brightness: target=255, rate=2000 (PSM:false, AB limit:(-1 ~ -1) MB Limit:(-1 ~ -1) MAdj:(0, (0, 255)))
12-12 00:53:21.970  2173 13676 D audio_hw_primary: start_input_stream (0xb2c784e0) in->config.rate:48000 in->config.format:0
12-12 00:53:21.970  2173 13676 D PreProcess: new SamsungRecord
12-12 00:53:21.970  2173 13676 D PreProcess: new NS
12-12 00:53:21.970  2173 13676 I samsungRecord: [samsungrecord] SamsungRecInit 
12-12 00:53:21.970  2173 13676 I samsungRecord: [samsungrecordMIC]Use HardCoding Values
12-12 00:53:21.970  2173 13676 E samsungRecord: miccalib file can't created. (/data/snd/miccalib.txt)
12-12 00:53:21.970  2173 13676 I samsungRecord: 1
12-12 00:53:21.970  2173 13676 D SamsungRecord_NS: [SamsungRecord_NS] Init SR 16000
12-12 00:53:21.970  2173 13676 D SamsungRecord_NS: [SamsungRecord_NS] getLevel inputsource 6, ret_level 3
12-12 00:53:21.975  2173 13676 I samsungRecord: [samsungrecord] MicCalonoff 1
12-12 00:53:21.975  2173 13676 I audio_hw_primary: is_voice_wakeup : ret =  0  , wakeup_baby_cry_enabled = 0  ,  wakeup_mic_enabled = 0 
12-12 00:53:21.975  2173 13676 I audio_hw_primary: get_input_snd_device_id device:0xa
12-12 00:53:21.975  2173 13676 V audio_hw_primary: select_devices output_scenario:-1 input_scenario:27 out_snd_device 0x0 in_snd_device:0xa
12-12 00:53:21.975  2173 13676 I audio_route: 
12-12 00:53:21.975  2173 13676 I audio_route: > audio_route_reset :
12-12 00:53:21.975  2173 13676 I audio_route: 
12-12 00:53:21.975  2173 13676 I audio_route: > audio_route_apply_path : "recognition-mic"
12-12 00:53:21.975  2173 13676 V audio_hw_primary: select_devices() input_route "recognition-mic" 
12-12 00:53:21.975  2173 13676 I audio_route: 
12-12 00:53:21.975  2173 13676 I audio_route: > audio_route_apply_path : "gain-recognition-mic"
12-12 00:53:21.975  2173 13676 V audio_hw_primary: select_devices() input_gain "gain-recognition-mic" 
12-12 00:53:21.975  2173 13676 I audio_route: 
12-12 00:53:21.975  2173 13676 I audio_route: > audio_route_update_mixer : +
12-12 00:53:21.975  2173 13676 I audio_route: > audio_route_update_mixer : changed(0) -
12-12 00:53:21.975  2173 13676 I audio_hw_primary: select_devices - 
12-12 00:53:21.975  2173 13676 V audio_hw_primary: start_input_stream -
12-12 00:53:22.035 13647 13647 D Mms/MmsConfig: [start]    MmsConfig.init() consume time = 219.875961
12-12 00:53:22.045 13647 13647 D EasySignUpManager_1.15.0305: isAuth is false
12-12 00:53:22.045 13647 13647 D Mms/MmsConfig: getEasySignUpStatus sIsAuthEasySignUp=false, TelephonyUtils.getSimState(0)= 1
12-12 00:53:22.045 13647 13647 D EasySignUpManager_1.15.0305: serviceId : 1, features : -1
12-12 00:53:22.050 13647 13647 D EasySignUpManager_1.15.0305: isAuth is false
12-12 00:53:22.050 13647 13647 D EasySignUpManager_1.15.0305: getServiceStatus : serviceId (1) is OFF
12-12 00:53:22.050 13647 13647 D Mms/MmsConfig: setFreeMessageEnabled, getSupportedFeatures = -1 sIsAuthEasySignUp = false sIsFreeMessageServiceStatus = false
12-12 00:53:22.050 13647 13647 D Mms/MmsConfig: Load Resize quality : 80
12-12 00:53:22.050  2156  2292 I display : [PrimaryDisplay] [DYNAMIC_RECOMP] HWC_2_GLES by low FPS(0)
12-12 00:53:22.055  3241  3253 D TP/MmsSmsProvider: query,matched:2117, calling pid = 13647
12-12 00:53:22.055 13647 13647 E CscParser: mps_code.dat does not exist
12-12 00:53:22.055 13647 13647 E CscParser: customer_path =/system/csc/customer.xml
12-12 00:53:22.055 13647 13647 E CscParser: fileName + /system/csc/customer.xml
12-12 00:53:22.055  3241  3253 D TP/MmsSmsProvider: match 2117:Elapsed time : 1.415 ms
12-12 00:53:22.100 13647 13647 E CscParser: mps_code.dat does not exist
12-12 00:53:22.100 13647 13647 E CscParser: customer_path =/system/csc/customer.xml
12-12 00:53:22.100 13647 13647 E CscParser: fileName + /system/csc/customer.xml
12-12 00:53:22.145 13647 13647 D CscParser: getInstance fileName =/system/csc/customer.xml
12-12 00:53:22.145  3392  3392 I MicroDetectionWorker: onReady
12-12 00:53:22.145 13647 13647 D Mms/MmsConfig:  enable multiwindow = false
12-12 00:53:22.145 13647 13647 D Mms/MmsConfig: [end]    init() consume time = 110.468231
12-12 00:53:22.150 13647 13647 D Mms/TelephonyUtils: hasIccCard simSlot = 0, returnValue = false
12-12 00:53:22.150 13647 13647 D Mms/TelephonyUtils: hasIccCard simSlot = 1, returnValue = false
12-12 00:53:22.150 13647 13647 D Mms/TelephonyUtils: initInsertedSimNum = 0 and Sim1 false and Sim2 false
12-12 00:53:22.170 13647 13647 D Mms/Contact: [start]    init() consume time = 21.237384
12-12 00:53:22.175 13647 13647 D Mms/Contact: [end]    init consume time = 7.249616
12-12 00:53:22.180  3241  3256 D TP/MmsSmsProvider: query,matched:13, calling pid = 13647
12-12 00:53:22.180  3241  3256 D TP/MmsSmsProvider: match 13:Elapsed time : 1.123 ms
12-12 00:53:22.200 13647 13647 D Mms:transaction: roaming -> false (slotId = 0)
12-12 00:53:22.200 13647 13647 D Mms:transaction: [NotificationTransaction] getAutoDownloadState simSlot : 0
12-12 00:53:22.200 13647 13647 D Mms:transaction: auto download without roaming -> false
12-12 00:53:22.200 13647 13647 D Mms:transaction: roaming -> false (slotId = 1)
12-12 00:53:22.200 13647 13647 D Mms:transaction: [NotificationTransaction] getAutoDownloadState simSlot : 1
12-12 00:53:22.200 13647 13647 D Mms:transaction: auto download without roaming slot2 -> false
12-12 00:53:22.200 13647 13647 D Mms:transaction: mAutoDownload ------> false
12-12 00:53:22.200 13647 13647 D Mms:transaction: mAutoDownloadSlot2 ------> false
12-12 00:53:22.210 13647 13683 D Mms/PackageInfo: isEnabledComponent compomentName=com.android.mms.ui.RcsTransferContent
12-12 00:53:22.210 13647 13683 D Mms/PackageInfo: isEnabledComponent compomentName=com.android.mms.ui.TmoTransferContent
12-12 00:53:22.210 13647 13683 D Mms/PackageInfo: isEnabledComponent compomentName=com.android.mms.ui.TransferContent
12-12 00:53:22.210 13647 13683 D Mms/PackageInfo: isEnabledComponent compomentName=com.android.mms.ui.ComposeMessageMms
12-12 00:53:22.210 13647 13683 D Mms/DraftCache: [start]    rebuildCache consume time = 35.593961
12-12 00:53:22.210 13647 13647 D CII     : IMSInterfaceForBaseService: handleServiceStart
12-12 00:53:22.215 13647 13647 D CII     : IMSInterfaceForBaseService: getIMSService [WAIT_FOR_READY] : Service Ready!
12-12 00:53:22.215  3241  3256 D TP/MmsSmsProvider: query,matched:12, calling pid = 13647
12-12 00:53:22.215 13647 13647 D CII     : IMSInterfaceForBaseService: addServiceConnectionListener [com.samsung.commonimsinterface.imsinterface.IMSInterfaceForGeneralService$1@13fb783f]
12-12 00:53:22.215 13647 13647 D CII     : IMSInterfaceForBaseService: notifyServiceState : forceNotify [true] serviceState [NOT_INITIALIZED] stateUpdated [false] newListener [com.samsung.commonimsinterface.imsinterface.IMSInterfaceForGeneralService$1@13fb783f] 
12-12 00:53:22.215 13647 13647 D CII     : IMSInterfaceForBaseService: notifyServiceState : listener [com.samsung.commonimsinterface.imsinterface.IMSInterfaceForGeneralService$1@13fb783f]
12-12 00:53:22.215 13647 13647 D CII     : IMSInterfaceForGeneralService: onDisconnected
12-12 00:53:22.215 13647 13647 D CII     : IMSInterfaceForGeneralService: notifyServiceState : ready [false] listener [null] 
12-12 00:53:22.215 13647 13647 D CII     : IMSInterfaceForBaseService: isServiceRemoved [false]
12-12 00:53:22.215  3241  3256 D TP/MmsSmsProvider: match 12:Elapsed time : 1.431 ms
12-12 00:53:22.215 13647 13647 D CII     : IMSRemoteListenerStub: notifyLastRegistrationState : networkType [0] listener [null] 
12-12 00:53:22.215 13647 13647 D CII     : IMSRemoteListenerStub: notifyLastRegistrationState : networkType [1] listener [null] 
12-12 00:53:22.220 13647 13647 D CII     : CommonIMSInterface: Interface for TOKEN_SERVICE_GENERAL has been Created!
12-12 00:53:22.220 13647 13683 D Mms/DraftCache: [end]    rebuildCache consume time = 10.323654
12-12 00:53:22.225 13647 13647 I Mms/ReservationManager: ReservationManager()
12-12 00:53:22.230 13647 13647 I Mms/ReservationManager: resetAfterConnected()
12-12 00:53:22.230  3241  3350 D TP/MmsSmsProvider: query,matched:7, calling pid = 13647
12-12 00:53:22.235  3241  3350 D TP/MmsSmsProvider: match 7:Elapsed time : 6.060 ms
12-12 00:53:22.250 13647 13647 I Mms/ReservationManager: getReservedSendMessageCount(): retMessageCount=0
12-12 00:53:22.255 13647 13647 D Mms/MmsApp: [end]    onCreate() consume time = 33.344231
12-12 00:53:22.255 13647 13647 D Mms/UIEventReceiver: ui event
12-12 00:53:22.260 13647 13647 D Mms:transaction: Service state changed: Bundle[mParcelledData.dataSize=1184]
12-12 00:53:22.260  2841  3523 I ActivityManager: Killing 12743:com.samsung.android.securitylogagent/1000 (adj 15): empty for 3248s
12-12 00:53:22.260 13647 13647 D Mms/MethodReflector: newFromBundle is called
12-12 00:53:22.260 13647 13647 D Mms:transaction: roaming ------> false, mSimSlot = 0
12-12 00:53:22.265 13456 13456 D         : getInstance
12-12 00:53:22.265  2841  3523 V BroadcastQueue: [background] Process cur broadcast BroadcastRecord{1cc4d488 u0 com.sec.android.intent.action.HOME_RESUME} DELIVERED for app ProcessRecord{1d0c409 13456:com.sec.android.widgetapp.ap.hero.accuweather/u0a54}
12-12 00:53:22.265 13456 13456 D         : actionWC : com.sec.android.intent.action.HOME_RESUME rebootFlag = 0
12-12 00:53:22.270 13456 13456 D         : UIManager : action:com.sec.android.intent.action.HOME_RESUME
12-12 00:53:22.270 13456 13456 I         : cp query  pt : 1
12-12 00:53:22.270 13647 13647 D Mms:transaction: roaming -> false (slotId = 0)
12-12 00:53:22.275 13647 13683 D Mms/Conversation: [start]    init() consume time = 19.139269
12-12 00:53:22.275 13647 13647 D Mms:transaction: [NotificationTransaction] getAutoDownloadState simSlot : 0
12-12 00:53:22.275 13647 13647 D Mms:transaction: auto download without roaming -> false
12-12 00:53:22.275 13647 13647 D Mms:transaction: mAutoDownload ------> false
12-12 00:53:22.275 13647 13647 D CII     : IMSRemoteListenerStub: onReceive : token [7] action [1021] owner [com.android.mms.MmsApp] listener [com.samsung.commonimsinterface.imsinterface.IMSInterfaceForBaseService$1@206f950c] 
12-12 00:53:22.275 13647 13647 D CII     : IMSInterfaceForBaseService: Received IMS Service Ready State [1021]
12-12 00:53:22.275 13647 13647 D CII     : IMSInterfaceForBaseService: isServiceRemoved [false]
12-12 00:53:22.280  2841  3596 D ActivityManager: startService callerProcessName:com.sec.android.widgetapp.ap.hero.accuweather, calleePkgName: com.sec.android.widgetapp.ap.hero.accuweather
12-12 00:53:22.280 13647 13647 D CII     : IMSInterfaceForBaseService: getIMSService [WAIT_FOR_READY] : Service Ready!
12-12 00:53:22.280  3241  3822 D TP/MmsSmsProvider: deleteConversation threadId: 9223372036854775807
12-12 00:53:22.280 13647 13647 D CII     : IMSInterfaceForBaseService: notifyServiceState : forceNotify [false] serviceState [STARTED] stateUpdated [true] newListener [null] 
12-12 00:53:22.280 13647 13647 D CII     : IMSInterfaceForBaseService: notifyServiceState : listener [com.samsung.commonimsinterface.imsinterface.IMSInterfaceForGeneralService$1@13fb783f]
12-12 00:53:22.280 13647 13647 D CII     : IMSInterfaceForGeneralService: onConnected
12-12 00:53:22.280  3241  3822 D TP/MmsSmsProvider: delete URI_CONVERSATIONS_MESSAGES affectedRows=0 isIntegrated=false
12-12 00:53:22.280  3241  3822 V TP/MmsSmsDatabaseHelper: updateThread(), thread_id = 9223372036854775807
12-12 00:53:22.280 13647 13647 D CII     : IMSInterfaceForBaseService: getIMSService [WAIT_FOR_READY] : Service Ready!
12-12 00:53:22.285 13647 13647 D CII     : IMSInterfaceForBaseService: getIMSService [WAIT_FOR_READY] : Service Ready!
12-12 00:53:22.285  3241  3822 V TP/MmsSmsDatabaseHelper: sUpgradeVersion = 0, db.getVersion() = 86
12-12 00:53:22.285 13456 13456 I         : cp query  pt : 4
12-12 00:53:22.290 13647 13647 D CII     : IMSInterfaceForBaseService: getIMSService [WAIT_FOR_READY] : Service Ready!
12-12 00:53:22.295  3241  3822 V TP/MmsSmsDatabaseHelper: updateThread() end, affectedRows = 0
12-12 00:53:22.295  3241  3822 D TP/MmsSmsProvider: delete URI_CONVERSATIONS_MESSAGES affectedRows=0
12-12 00:53:22.295  3241  3822 D TP/MmsSmsProvider: delete threadId: 9223372036854775807
12-12 00:53:22.295  3241  3822 D TP/MmsSmsProvider: need read changed broadcast:false
12-12 00:53:22.295 13647 13683 D Mms/Conversation: [end]    init consume time = 21.1705
12-12 00:53:22.295 13605 13684 D Aatp    : /task/1b1ee7d7940047c47104ce7d68734f916e895b4f/status
12-12 00:53:22.295 13456 13456 I         : cp query  pt : 0
12-12 00:53:22.300 13647 13683 D Mms/MessagingNotificationLight: [start]    init() consume time = 2.720577
12-12 00:53:22.300 13647 13647 D CII     : IMSInterfaceForBaseService: getIMSService [WAIT_FOR_READY] : Service Ready!
12-12 00:53:22.300 13647 13647 D CII     : IMSInterfaceForGeneralService: notifyServiceState : ready [true] listener [null] 
12-12 00:53:22.305 13647 13683 D Mms/MessagingNotificationLight: [end]    init consume time = 5.339808
12-12 00:53:22.305 13456 13456 D         : AR_S_T : 3
12-12 00:53:22.305 13456 13456 D         : direct update clock
12-12 00:53:22.310 13456 13456 D MAR     : Locale format : MMM d, y
12-12 00:53:22.310 13456 13456 D MAR     : Locale format: MM-dd-yyyy
12-12 00:53:22.310 13456 13456 D MAR     : Locale: en
12-12 00:53:22.310 13456 13456 D         : dark mode set = 0
12-12 00:53:22.315 13456 13456 I         : cp query  pt : 1
12-12 00:53:22.320 13456 13456 I         : cp query  pt : 0
12-12 00:53:22.325  2841  2857 V BroadcastQueue: [background] Process cur broadcast BroadcastRecord{1cc4d488 u0 com.sec.android.intent.action.HOME_RESUME} DELIVERED for app ProcessRecord{371b1f7 3241:com.android.phone/1001}
12-12 00:53:22.330  2841  3589 D ActivityManager: cleanUpApplicationRecord -- 12743
12-12 00:53:22.330 13456 13456 I         : cp query  pt : 0
12-12 00:53:22.330  2841  3589 D ActivityManager: isAutoRunBlockedApp:: com.samsung.android.securitylogagent, Auto Run ON
12-12 00:53:22.335 13456 13456 D @@@     : widget 1513061602335
12-12 00:53:22.335 13456 13456 D         : NT(1513061602335) - NOW(1513040002319) = 21600016
12-12 00:53:22.335  2841  2858 V BroadcastQueue: [background] Process cur broadcast BroadcastRecord{1cc4d488 u0 com.sec.android.intent.action.HOME_RESUME} DELIVERED for app ProcessRecord{371b1f7 3241:com.android.phone/1001}
12-12 00:53:22.335 13647 13661 W art     : Suspending all threads took: 29.176ms
12-12 00:53:22.340 13647 13683 D Mms/SpamFilter: [start]    SpamFilter fill() begin consume time = 32.711346
12-12 00:53:22.345 13456 13456 D         : set UT pref:1513040002347
12-12 00:53:22.345 13456 13456 D         : get UT pref:0
12-12 00:53:22.345 13456 13456 D         :  retryTime [ 0 ] 
12-12 00:53:22.345 13456 13456 D         : need RF = true
12-12 00:53:22.345 13456 13456 D         : updateCityList
12-12 00:53:22.345  2841  3266 V BroadcastQueue: [background] Process cur broadcast BroadcastRecord{b4e2430 u0 update-hint} DELIVERED for app ProcessRecord{1b7f3e16 3392:com.google.android.googlequicksearchbox:search/u0a42}
12-12 00:53:22.350  3241  3256 D TP/MmsSmsProvider: query,matched:400, calling pid = 13647
12-12 00:53:22.355 13456 13456 I         : cp query  pt : 9
12-12 00:53:22.355 13647 13683 D Mms/SpamFilter: [end]    SpamFilter fill() finished consume time = 18.486154
12-12 00:53:22.355 13456 13456 D         : gADWI : count = 0
12-12 00:53:22.360 13456 13456 D         : Set Interval Time: 256
12-12 00:53:22.360 13456 13456 D         : [RM]Init R cnt = 0
12-12 00:53:22.360  3241  3350 D TP/MmsSmsProvider: query,matched:0, calling pid = 13647
12-12 00:53:22.360  3241  3350 V TP/MmsSmsProvider: getSimpleConversations entered.
12-12 00:53:22.365  3241  3350 D TP/MmsSmsProvider: match 0:Elapsed time : 1.552 ms
12-12 00:53:22.370  2841  3596 D ActivityManager: getContentProviderImpl callerProcessName:com.android.mms, calleePkgName: com.sec.android.provider.badge
12-12 00:53:22.380 13686 13686 E Zygote  : MountEmulatedStorage()
12-12 00:53:22.380 13686 13686 E Zygote  : v2
12-12 00:53:22.385 13686 13686 I libpersona: KNOX_SDCARD checking this for 10058
12-12 00:53:22.385 13686 13686 I libpersona: KNOX_SDCARD not a persona
12-12 00:53:22.385 13686 13686 I SELinux : Function: selinux_compare_spd_ram , priority [2] , priority version is VE=SEPF_SM-J200G_5.1.1_0071
12-12 00:53:22.385 13686 13686 E Zygote  : accessInfo : 0
12-12 00:53:22.385 13686 13686 E SELinux : [DEBUG] get_category: variable seinfo: platform sensitivity: NULL, cateogry: NULL
12-12 00:53:22.390  2841  3596 I ActivityManager: Start proc 13686:com.sec.android.provider.badge/u0a58 for content provider com.sec.android.provider.badge/.BadgeProvider
12-12 00:53:22.410 13686 13686 D TimaKeyStoreProvider: TimaSignature is unavailable
12-12 00:53:22.410 13686 13686 D ActivityThread: Added TimaKeyStore provider
12-12 00:53:22.415  2841  2858 I ActivityManager: Killing 12619:com.google.android.apps.maps/u0a85 (adj 15): empty for 3202s
12-12 00:53:22.440 13686 13686 D BadgeProvider: onCreate
12-12 00:53:22.440 13686 13686 D BadgeProvider: DatabaseHelper
12-12 00:53:22.455 13686 13699 D BadgeProvider: query, [selection] : package=?
12-12 00:53:22.460 13647 13683 D Mms/MessagingNotificationLight: checkBadgeCount unreadCount=0 badgeCount=0
12-12 00:53:22.465  3241  3350 D TP/SmsProvider: query,matched:26, calling pid = 13647
12-12 00:53:22.465  3241  3350 D TP/SmsProvider: match 26:Elapsed time : 1.085 ms
12-12 00:53:22.475  3241  3822 D TP/MmsSmsProvider: query,matched:6, calling pid = 13647
12-12 00:53:22.475  2841  3266 D ActivityManager: cleanUpApplicationRecord -- 12619
12-12 00:53:22.475  3241  3822 D TP/MmsSmsProvider: match 6:Elapsed time : 1.495 ms
12-12 00:53:22.480  2841  3266 D ActivityManager: isAutoRunBlockedApp:: com.google.android.apps.maps, Auto Run ON
12-12 00:53:22.560 13647 13661 W art     : Suspending all threads took: 51.210ms
12-12 00:53:22.590 13647 13663 D Mms/TelephonyPermission: start operation mode monitor
12-12 00:53:22.590 13647 13663 D Mms/TelephonyPermission: User ID is null set current User Id
12-12 00:53:22.595 13647 13663 W ResourcesManager: Asset path '/system/framework/com.google.android.media.effects.jar' does not exist or contains no resources.
12-12 00:53:22.600 13647 13663 D Mms/TelephonyPermission: DefaultSmsApp is com.android.mms
12-12 00:53:22.600 13647 13663 D Mms/TelephonyPermission: isDefault true
12-12 00:53:22.605 13647 13663 D Mms/ArtClassLoader: init [DONE] art
12-12 00:53:22.670  2841  2841 D CustomFrequencyManagerService: releaseDVFSLockLocked : Getting Lock type frm List : DVFS_MIN_LIMIT  frequency : 1105000  uid : 1000  pid : 2841  tag : ACTIVITY_RESUME_BOOSTER@12
12-12 00:53:22.750 13605 13702 D Aatp    : /keyguard
12-12 00:53:22.770 13605 13702 D Aatp    : sha1: 546fcfb171037f2ae16bac301dbcf9ad043a247d
12-12 00:53:22.770  2841  3274 D ActivityManager: startService callerProcessName:com.amazon.aatp.aatpdevicemanager, calleePkgName: com.amazon.aatp.aatpdevicemanager
12-12 00:53:22.785 13605 13605 D AatpDeviceManager: taskStatus update (546fcfb171037f2ae16bac301dbcf9ad043a247d: {"state":1})
12-12 00:53:22.785  2841  2870 D ApplicationPolicy: isStatusBarNotificationAllowedAsUser: packageName = com.amazon.aatp.aatpdevicemanager,userId = 0
12-12 00:53:22.785 13605 13703 D AatpDeviceManager: Keyguard enabled: false
12-12 00:53:22.785  2841  2841 D WindowManager: showStatusBarByNotification() mOpenByNotification=false
12-12 00:53:22.790 13605 13702 D Aatp    : /task/546fcfb171037f2ae16bac301dbcf9ad043a247d
12-12 00:53:22.795 13605 13605 D AatpDeviceManager: taskStatus update (546fcfb171037f2ae16bac301dbcf9ad043a247d: {"result":{"enabled":false},"state":2})
12-12 00:53:22.800  2841  2841 D LightsService: [api] [SvcLED] turnOff:: id = 5 (uid: 1000 pid: 2841) 
12-12 00:53:22.800  2841  2841 D LightsService: [api] [SvcLED] LED indicator : Not supported.
12-12 00:53:22.800  2841  2841 W CoverManager: getCoverState : This device is not supported cover
12-12 00:53:22.840  2993  2993 D KnoxNotification: ----- inflateViews : modified publicViewLocal -----
12-12 00:53:22.850  2993  2993 D KnoxNotification: ----- inflateViews : modified KnoxViewLocal -----
12-12 00:53:22.855  2993  2993 I PhoneStatusBar: Icon Only
12-12 00:53:22.860  2993  2993 I StatusBar: Icon Only
12-12 00:53:22.860  2993  2993 D StatusBar: getNumberOfActiveSim: 1
12-12 00:53:22.860  2993  2993 D PanelView: kidsfalse mQsExpansionEnabled:true
12-12 00:53:22.865  2993  2993 I PhoneStatusBar: Icon Only
12-12 00:53:22.865  2993  2993 I StatusBar: Icon Only
12-12 00:53:22.865  2993  2993 D StatusBar: getNumberOfActiveSim: 1
12-12 00:53:22.870  2993  2993 D PanelView: kidsfalse mQsExpansionEnabled:true
12-12 00:53:22.870  2993  2993 I PhoneStatusBar: Icon Only
12-12 00:53:22.870  2993  2993 I StatusBar: Icon Only
12-12 00:53:22.870  2993  2993 D StatusBar: getNumberOfActiveSim: 1
12-12 00:53:22.870  2993  2993 D PanelView: kidsfalse mQsExpansionEnabled:true
12-12 00:53:22.875  2993  2993 I PhoneStatusBar: Icon Only
12-12 00:53:22.875  2993  2993 I StatusBar: Icon Only
12-12 00:53:22.875  2993  2993 D StatusBar: getNumberOfActiveSim: 1
12-12 00:53:22.875  2993  2993 D PanelView: kidsfalse mQsExpansionEnabled:true
12-12 00:53:22.930 13605 13704 D Aatp    : /task/546fcfb171037f2ae16bac301dbcf9ad043a247d/status
12-12 00:53:23.565 13707 13707 D AndroidRuntime: >>>>>> START com.android.internal.os.RuntimeInit uid 2000 <<<<<<
12-12 00:53:23.565 13707 13707 D AndroidRuntime: CheckJNI is OFF
12-12 00:53:23.570 13707 13707 D AndroidRuntime: readGMSProperty: start
12-12 00:53:23.570 13707 13707 D AndroidRuntime: readGMSProperty: already setted!!
12-12 00:53:23.570 13707 13707 D AndroidRuntime: propertySet: couldn't set property (it is from app)
12-12 00:53:23.570 13707 13707 D AndroidRuntime: readGMSProperty: could not set the property(default)!!
12-12 00:53:23.570 13707 13707 D AndroidRuntime: readGMSProperty: end
12-12 00:53:23.570 13707 13707 D AndroidRuntime: addProductProperty: start
12-12 00:53:23.570 13707 13707 I art     : RelocateImage: /system/bin/patchoat --input-image-location=/system/framework/boot.art --output-image-file=/data/local/tmp/dalvik-cache/arm/system@framework@boot.art --input-oat-location=/system/framework/boot.oat --output-oat-file=/data/local/tmp/dalvik-cache/arm/system@framework@boot.oat --instruction-set=arm --base-offset-delta=14864384
12-12 00:53:24.255 13647 13647 I Mms/MmsApp:  start initViewCache mms
12-12 00:53:24.255 13647 13647 D Mms/ComposeMessageFragment: [start]    fillCache consume time = 1901.709154
12-12 00:53:24.255 13647 13647 D Mms/ComposeMessageFragment: fillCache, easy = false
12-12 00:53:24.735 13647 13647 D AbsListView: Get MotionRecognitionManager
12-12 00:53:24.750 13647 13647 E MotionRecognitionManager: mSContextService = null
12-12 00:53:24.750 13647 13647 E MotionRecognitionManager: motionService = com.samsung.android.motion.IMotionRecognitionService$Stub$Proxy@2f70fbed
12-12 00:53:24.750  2841  2858 D MotionRecognitionService:  ssp status : false
12-12 00:53:24.780 13647 13647 D Mms/ComposeMessageFragment: [end]    fillCache consume time = 525.471
12-12 00:53:25.180 13710 13710 I dex2oat : --------SETTING AFFINITY-------------
12-12 00:53:25.180 13710 13710 I dex2oat : ----------------------------------------------------
12-12 00:53:25.180 13710 13710 I dex2oat : <SS>: S T A R T I N G . . .
12-12 00:53:25.180 13710 13710 I dex2oat : <SS>: Zip is absent. Canceled.
12-12 00:53:25.180 13710 13710 I dex2oat : /system/bin/dex2oat --runtime-arg -classpath --runtime-arg /system/framework/android.test.runner.jar:/system/framework/uiautomator.jar::/sdcard/SUTUtils.jar --instruction-set=arm --instruction-set-features=div --runtime-arg -Xrelocate --boot-image=/system/framework/boot.art --dex-file=/sdcard/SUTUtils.jar --oat-fd=7 --art-fd=-1 --oat-location=/data/local/tmp/dalvik-cache/arm/sdcard@SUTUtils.jar@classes.dex --runtime-arg -Xms64m --runtime-arg -Xmx512m --compiler-filter=speed
12-12 00:53:25.200 13710 13710 W dex2oat : Failed to open dex file '/system/framework/android.test.runner.jar': Entry not found
12-12 00:53:25.200 13710 13710 W dex2oat : Failed to open dex file '/system/framework/uiautomator.jar': Entry not found
12-12 00:53:25.285 13710 13710 I dex2oat : dex2oat took 101.722ms (threads: 4) arena alloc=214KB java alloc=232KB native alloc=1702KB free=6MB
12-12 00:53:25.375 13707 13707 E AffinityControl: AffinityControl: registerfunction enter
12-12 00:53:25.405 13707 13707 D AndroidRuntime: Calling main entry com.android.commands.uiautomator.Launcher
12-12 00:53:26.000  3258  3258 W ResourceType: No known package when getting name for resource number 0x9c020000
12-12 00:53:26.000  3258  3258 W ResourceType: No known package when getting name for resource number 0x9c020100
12-12 00:53:26.000  3258  3258 W ResourceType: No known package when getting name for resource number 0x9c020200
12-12 00:53:26.000  3258  3258 W ResourceType: No known package when getting name for resource number 0x9c020300
12-12 00:53:26.005  3258  3258 W ResourceType: No known package when getting name for resource number 0x9c000000
12-12 00:53:26.005  3258  3258 W ResourceType: No known package when getting name for resource number 0x9c000002
12-12 00:53:26.010  3258  3258 W ResourceType: No known package when getting name for resource number 0x9c000003
12-12 00:53:26.010  3258  3258 W ResourceType: No known package when getting name for resource number 0x9c000103
12-12 00:53:26.010  3258  3258 W ResourceType: No known package when getting name for resource number 0x9c000203
12-12 00:53:26.010  3258  3258 W ResourceType: No known package when getting name for resource number 0x9c000303
12-12 00:53:26.055  3258  3258 W ResourceType: No known package when getting name for resource number 0x9c020000
12-12 00:53:26.055  3258  3258 W ResourceType: No known package when getting name for resource number 0x9c020100
12-12 00:53:26.055  3258  3258 W ResourceType: No known package when getting name for resource number 0x9c020200
12-12 00:53:26.055  3258  3258 W ResourceType: No known package when getting name for resource number 0x9c020300
12-12 00:53:26.060  3258  3258 W ResourceType: No known package when getting name for resource number 0x9c000000
12-12 00:53:26.060  3258  3258 W ResourceType: No known package when getting name for resource number 0x9c000002
12-12 00:53:26.060  3258  3258 W ResourceType: No known package when getting name for resource number 0x9c000003
12-12 00:53:26.060  3258  3258 W ResourceType: No known package when getting name for resource number 0x9c000103
12-12 00:53:26.060  3258  3258 W ResourceType: No known package when getting name for resource number 0x9c000203
12-12 00:53:26.065  3258  3258 W ResourceType: No known package when getting name for resource number 0x9c000303
12-12 00:53:26.080  3258  3258 W ResourceType: No known package when getting name for resource number 0x9c020000
12-12 00:53:26.080  3258  3258 W ResourceType: No known package when getting name for resource number 0x9c020100
12-12 00:53:26.080  3258  3258 W ResourceType: No known package when getting name for resource number 0x9c020200
12-12 00:53:26.080  3258  3258 W ResourceType: No known package when getting name for resource number 0x9c020300
12-12 00:53:26.085  3258  3258 W ResourceType: No known package when getting name for resource number 0x9c000000
12-12 00:53:26.085  3258  3258 W ResourceType: No known package when getting name for resource number 0x9c000002
12-12 00:53:26.085  3258  3258 W ResourceType: No known package when getting name for resource number 0x9c000003
12-12 00:53:26.085  3258  3258 W ResourceType: No known package when getting name for resource number 0x9c000103
12-12 00:53:26.085  3258  3258 W ResourceType: No known package when getting name for resource number 0x9c000203
12-12 00:53:26.085  3258  3258 W ResourceType: No known package when getting name for resource number 0x9c000303
12-12 00:53:26.115  2841  3600 D SettingsProvider: isChangeAllowed() : name = accelerometer_rotation
12-12 00:53:26.115  2841  3600 V WindowOrientationListener: ScreenOrientationEventListenerImpl.getProposedRotationLocked, Rotation: -1
12-12 00:53:26.115  2841  3600 V WindowOrientationListener: ScreenOrientationEventListenerImpl.getProposedRotationLocked, Rotation: -1
12-12 00:53:26.115  2841  3600 V WindowManager: rotationForOrientationLw(orient=1, last=0); user=0  sensorRotation=-1 mLidState=-1 mDockMode=0 mHdmiPlugged=false mMobileKeyboardEnabled=false
12-12 00:53:26.125 13707 13707 I art     : System.exit called, status: 0
12-12 00:53:26.125 13707 13707 I AndroidRuntime: VM exiting with result code 0.
12-12 00:53:26.185 13605 13726 D Aatp    : /ping
12-12 00:53:26.335 13605 13727 D Aatp    : /apps-to-uninstall
12-12 00:53:26.365 13605 13727 D Aatp    : sha1: 70284449c15dda7413a4592486206ac9df231228
12-12 00:53:26.365  2841  3274 D ActivityManager: startService callerProcessName:com.amazon.aatp.aatpdevicemanager, calleePkgName: com.amazon.aatp.aatpdevicemanager
12-12 00:53:26.380 13605 13605 D AatpDeviceManager: taskStatus update (70284449c15dda7413a4592486206ac9df231228: {"state":1})
12-12 00:53:26.380  2841  2870 D ApplicationPolicy: isStatusBarNotificationAllowedAsUser: packageName = com.amazon.aatp.aatpdevicemanager,userId = 0
12-12 00:53:26.380  2841  2841 D WindowManager: showStatusBarByNotification() mOpenByNotification=false
12-12 00:53:26.385 13605 13727 D Aatp    : /task/70284449c15dda7413a4592486206ac9df231228
12-12 00:53:26.420  2841  2858 D BatteryService: !@BatteryListener : batteryPropertiesChanged!
12-12 00:53:26.420  2841  2858 D BatteryService: level:100, scale:100, status:5, health:2, present:true, voltage: 4390, temperature: 246, technology: Li-ion, AC powered:false, USB powered:true, POGO powered:false, Wireless powered:false, icon:17303397, invalid charger:0
12-12 00:53:26.420  2841  2858 D BatteryService: online:4, current avg:-22, charge type:2, power sharing:false, high voltage charger:false, capacity:280000, current_now:-23
12-12 00:53:26.420  2841  2841 D BatteryService: Sending ACTION_BATTERY_CHANGED.
12-12 00:53:26.425  2841  2841 I MotionRecognitionService: Plugged
12-12 00:53:26.425  2841  2841 D MotionRecognitionService:   cableConnection= 1
12-12 00:53:26.425  2841  2841 D MotionRecognitionService: setPowerConnected | current backoffstate  = 0 , state =0
12-12 00:53:26.425  2841  2841 D MotionRecognitionService: skip setTransmitPower. 
12-12 00:53:26.430  2993  2993 D KnoxNotification: ----- inflateViews : modified publicViewLocal -----
12-12 00:53:26.435  3377  3377 D CommonServiceConfiguration: getStringValueSetting
12-12 00:53:26.440  3377  3377 D BatteryMonitor: new battery level: 100
12-12 00:53:26.450  2993  2993 D KnoxNotification: ----- inflateViews : modified KnoxViewLocal -----
12-12 00:53:26.450 13605 13605 D AatpDeviceManager: taskStatus update (70284449c15dda7413a4592486206ac9df231228: {"result":[],"state":2})
12-12 00:53:26.450  2841  2841 W CoverManager: getCoverState : This device is not supported cover
12-12 00:53:26.450  2841  2841 D LightsService: [api] [SvcLED] turnOff:: id = 5 (uid: 1000 pid: 2841) 
12-12 00:53:26.450  2841  2841 D LightsService: [api] [SvcLED] LED indicator : Not supported.
12-12 00:53:26.455  2993  2993 I PhoneStatusBar: Icon Only
12-12 00:53:26.460  2993  2993 I StatusBar: Icon Only
12-12 00:53:26.460  2993  2993 D StatusBar: getNumberOfActiveSim: 1
12-12 00:53:26.460  2993  2993 D PanelView: kidsfalse mQsExpansionEnabled:true
12-12 00:53:26.465  2993  2993 I PhoneStatusBar: Icon Only
12-12 00:53:26.465  2993  2993 I StatusBar: Icon Only
12-12 00:53:26.465  2993  2993 D StatusBar: getNumberOfActiveSim: 1
12-12 00:53:26.465  2993  2993 D PanelView: kidsfalse mQsExpansionEnabled:true
12-12 00:53:26.470  2993  2993 D KeyguardUpdateMonitor: received broadcast android.intent.action.BATTERY_CHANGED
12-12 00:53:26.470  2993  2993 I PERF    : received broadcast android.intent.action.BATTERY_CHANGED
12-12 00:53:26.470  2993  2993 D BatteryMeterView: ACTION_BATTERY_CHANGED : level:100 status:5 health:2
12-12 00:53:26.470  2993  2993 D BatteryMeterView: ACTION_BATTERY_CHANGED : level:100 status:5 health:2
12-12 00:53:26.470  2993  2993 D BatteryMeterView: ACTION_BATTERY_CHANGED : level:100 status:5 health:2
12-12 00:53:26.470  2993  2993 D QSTile.TorchLightTile: ACTION_BATTERY_CHANGED - Level :: 100, Status :: 5
12-12 00:53:26.470  2993  2993 I PhoneStatusBar: Icon Only
12-12 00:53:26.470  2993  2993 I StatusBar: Icon Only
12-12 00:53:26.470  2993  2993 D StatusBar: getNumberOfActiveSim: 1
12-12 00:53:26.475  2993  2993 D PanelView: kidsfalse mQsExpansionEnabled:true
12-12 00:53:26.475  2993  2993 I PhoneStatusBar: Icon Only
12-12 00:53:26.475  2993  2993 I StatusBar: Icon Only
12-12 00:53:26.475  2993  2993 D StatusBar: getNumberOfActiveSim: 1
12-12 00:53:26.475  2993  2993 D PanelView: kidsfalse mQsExpansionEnabled:true
12-12 00:53:26.480  2993  2993 D KeyguardUpdateMonitor: handleBatteryUpdate
12-12 00:53:26.520 13605 13730 D Aatp    : /task/70284449c15dda7413a4592486206ac9df231228/status
12-12 00:53:26.650 13605 13731 D Aatp    : /ping
12-12 00:53:26.660  2841  2882 D PackageManager: [MSG] WRITE_PACKAGE_RESTRICTIONS
12-12 00:53:26.720  2841  2882 W System.err: remove failed: ENOENT (No such file or directory) : /data/system/users/0/package-restrictions.xml.bak
12-12 00:53:26.800 13605 13732 D Aatp    : /clean-accounts
12-12 00:53:26.810 13605 13732 D Aatp    : sha1: 8641dd1b831b2fe28d36f5ef888f204f094913b5
12-12 00:53:26.810  2841  3600 D ActivityManager: startService callerProcessName:com.amazon.aatp.aatpdevicemanager, calleePkgName: com.amazon.aatp.aatpdevicemanager
12-12 00:53:26.815  2841  2856 I art     : Background partial concurrent mark sweep GC freed 33693(2MB) AllocSpace objects, 9(144KB) LOS objects, 19% free, 24MB/31MB, paused 2.474ms total 151.564ms
12-12 00:53:26.825 13605 13605 D AatpDeviceManager: taskStatus update (8641dd1b831b2fe28d36f5ef888f204f094913b5: {"state":1})
12-12 00:53:26.825  2841  2870 D ApplicationPolicy: isStatusBarNotificationAllowedAsUser: packageName = com.amazon.aatp.aatpdevicemanager,userId = 0
12-12 00:53:26.825  2841  2841 D WindowManager: showStatusBarByNotification() mOpenByNotification=false
12-12 00:53:26.830 13605 13732 D Aatp    : /task/8641dd1b831b2fe28d36f5ef888f204f094913b5
12-12 00:53:26.835 13605 13733 W System.err: remove failed: ENOENT (No such file or directory) : /data/data/com.amazon.aatp.aatpdevicemanager/shared_prefs/googleaccounts.xml.bak
12-12 00:53:26.835 13605 13605 D AatpDeviceManager: taskStatus update (8641dd1b831b2fe28d36f5ef888f204f094913b5: {"result":"Cleaned Accounts PASS","state":2})
12-12 00:53:26.835  2841  2841 W CoverManager: getCoverState : This device is not supported cover
12-12 00:53:26.835  2841  2841 D LightsService: [api] [SvcLED] turnOff:: id = 5 (uid: 1000 pid: 2841) 
12-12 00:53:26.835  2841  2841 D LightsService: [api] [SvcLED] LED indicator : Not supported.
12-12 00:53:26.865  2993  2993 D KnoxNotification: ----- inflateViews : modified publicViewLocal -----
12-12 00:53:26.880  2993  2993 D KnoxNotification: ----- inflateViews : modified KnoxViewLocal -----
12-12 00:53:26.885  2993  2993 I PhoneStatusBar: Icon Only
12-12 00:53:26.885  2993  2993 I StatusBar: Icon Only
12-12 00:53:26.890  2993  2993 D StatusBar: getNumberOfActiveSim: 1
12-12 00:53:26.890  2993  2993 D PanelView: kidsfalse mQsExpansionEnabled:true
12-12 00:53:26.890  2993  2993 I PhoneStatusBar: Icon Only
12-12 00:53:26.890  2993  2993 I StatusBar: Icon Only
12-12 00:53:26.890  2993  2993 D StatusBar: getNumberOfActiveSim: 1
12-12 00:53:26.890  2993  2993 D PanelView: kidsfalse mQsExpansionEnabled:true
12-12 00:53:26.895  2993  2993 I PhoneStatusBar: Icon Only
12-12 00:53:26.895  2993  2993 I StatusBar: Icon Only
12-12 00:53:26.895  2993  2993 D StatusBar: getNumberOfActiveSim: 1
12-12 00:53:26.895  2993  2993 D PanelView: kidsfalse mQsExpansionEnabled:true
12-12 00:53:26.900  2993  2993 I PhoneStatusBar: Icon Only
12-12 00:53:26.900  2993  2993 I StatusBar: Icon Only
12-12 00:53:26.900  2993  2993 D StatusBar: getNumberOfActiveSim: 1
12-12 00:53:26.900  2993  2993 D PanelView: kidsfalse mQsExpansionEnabled:true
12-12 00:53:26.965 13605 13735 D Aatp    : /task/8641dd1b831b2fe28d36f5ef888f204f094913b5/status
12-12 00:53:27.110 13605 13736 D Aatp    : /rm-external-files
12-12 00:53:27.145 13605 13736 D Aatp    : sha1: c4a103804295ae1d85b64182430c08da8d43eff3
12-12 00:53:27.150  2841  3591 D ActivityManager: startService callerProcessName:com.amazon.aatp.aatpdevicemanager, calleePkgName: com.amazon.aatp.aatpdevicemanager
12-12 00:53:27.160 13605 13605 D AatpDeviceManager: taskStatus update (c4a103804295ae1d85b64182430c08da8d43eff3: {"state":1})
12-12 00:53:27.160  2841  2870 D ApplicationPolicy: isStatusBarNotificationAllowedAsUser: packageName = com.amazon.aatp.aatpdevicemanager,userId = 0
12-12 00:53:27.160  2841  2841 D WindowManager: showStatusBarByNotification() mOpenByNotification=false
12-12 00:53:27.160 13605 13737 W System.err: java.io.FileNotFoundException: /system/etc/vold.fstab: open failed: ENOENT (No such file or directory)
12-12 00:53:27.165 13605 13737 W System.err: 	at libcore.io.IoBridge.open(IoBridge.java:456)
12-12 00:53:27.165 13605 13737 W System.err: 	at java.io.FileInputStream.<init>(FileInputStream.java:76)
12-12 00:53:27.165 13605 13737 W System.err: 	at java.util.Scanner.<init>(Scanner.java:158)
12-12 00:53:27.165 13605 13737 W System.err: 	at java.util.Scanner.<init>(Scanner.java:138)
12-12 00:53:27.165 13605 13737 W System.err: 	at com.amazon.aatp.util.StorageOptions.readVoldFile(StorageOptions.java:43)
12-12 00:53:27.165 13605 13737 W System.err: 	at com.amazon.aatp.util.StorageOptions.determineStorageOptions(StorageOptions.java:20)
12-12 00:53:27.165 13605 13737 W System.err: 	at com.amazon.aatp.aatpdevicemanager.tasks.RmExternalFiles.onHandleIntent(RmExternalFiles.java:34)
12-12 00:53:27.165 13605 13737 W System.err: 	at android.app.IntentService$ServiceHandler.handleMessage(IntentService.java:65)
12-12 00:53:27.165 13605 13737 W System.err: 	at android.os.Handler.dispatchMessage(Handler.java:102)
12-12 00:53:27.165 13605 13737 W System.err: 	at android.os.Looper.loop(Looper.java:145)
12-12 00:53:27.165 13605 13737 W System.err: 	at android.os.HandlerThread.run(HandlerThread.java:61)
12-12 00:53:27.165 13605 13737 W System.err: Caused by: android.system.ErrnoException: open failed: ENOENT (No such file or directory)
12-12 00:53:27.165 13605 13737 W System.err: 	at libcore.io.Posix.open(Native Method)
12-12 00:53:27.165 13605 13737 W System.err: 	at libcore.io.BlockGuardOs.open(BlockGuardOs.java:186)
12-12 00:53:27.165 13605 13737 W System.err: 	at libcore.io.IoBridge.open(IoBridge.java:442)
12-12 00:53:27.165 13605 13737 W System.err: 	... 10 more
12-12 00:53:27.170 13605 13736 D Aatp    : /task/c4a103804295ae1d85b64182430c08da8d43eff3
12-12 00:53:27.175 13605 13737 D AatpDeviceManager: Wiping files from: /sdcard
12-12 00:53:27.210  2993  2993 D KnoxNotification: ----- inflateViews : modified publicViewLocal -----
12-12 00:53:27.220 13605 13737 D AatpDeviceManager: Wiping files from: /mnt/sdcard
12-12 00:53:27.220 13605 13737 D AatpDeviceManager: 0 files left!
12-12 00:53:27.220 13605 13605 D AatpDeviceManager: taskStatus update (c4a103804295ae1d85b64182430c08da8d43eff3: {"result":[],"state":2})
12-12 00:53:27.220  2841  2841 W CoverManager: getCoverState : This device is not supported cover
12-12 00:53:27.220  2841  2841 D LightsService: [api] [SvcLED] turnOff:: id = 5 (uid: 1000 pid: 2841) 
12-12 00:53:27.220  2841  2841 D LightsService: [api] [SvcLED] LED indicator : Not supported.
12-12 00:53:27.225  2993  2993 D KnoxNotification: ----- inflateViews : modified KnoxViewLocal -----
12-12 00:53:27.230  2993  2993 I PhoneStatusBar: Icon Only
12-12 00:53:27.235  2993  2993 I StatusBar: Icon Only
12-12 00:53:27.235  2993  2993 D StatusBar: getNumberOfActiveSim: 1
12-12 00:53:27.240  2993  2993 D PanelView: kidsfalse mQsExpansionEnabled:true
12-12 00:53:27.240  2993  2993 I PhoneStatusBar: Icon Only
12-12 00:53:27.240  2993  2993 I StatusBar: Icon Only
12-12 00:53:27.240  2993  2993 D StatusBar: getNumberOfActiveSim: 1
12-12 00:53:27.240  2993  2993 D PanelView: kidsfalse mQsExpansionEnabled:true
12-12 00:53:27.240  2993  2993 I PhoneStatusBar: Icon Only
12-12 00:53:27.245  2993  2993 I StatusBar: Icon Only
12-12 00:53:27.245  2993  2993 D StatusBar: getNumberOfActiveSim: 1
12-12 00:53:27.245  2993  2993 D PanelView: kidsfalse mQsExpansionEnabled:true
12-12 00:53:27.250  2993  2993 I PhoneStatusBar: Icon Only
12-12 00:53:27.250  2993  2993 I StatusBar: Icon Only
12-12 00:53:27.250  2993  2993 D StatusBar: getNumberOfActiveSim: 1
12-12 00:53:27.250  2993  2993 D PanelView: kidsfalse mQsExpansionEnabled:true
12-12 00:53:27.300  2841  2868 D SensorService: [SO] -0.163 -0.029 9.960
12-12 00:53:27.305 13605 13738 D Aatp    : /task/c4a103804295ae1d85b64182430c08da8d43eff3/status
12-12 00:53:27.950 13739 13739 D AndroidRuntime: >>>>>> START com.android.internal.os.RuntimeInit uid 2000 <<<<<<
12-12 00:53:27.950 13739 13739 D AndroidRuntime: CheckJNI is OFF
12-12 00:53:27.955 13739 13739 D AndroidRuntime: readGMSProperty: start
12-12 00:53:27.955 13739 13739 D AndroidRuntime: readGMSProperty: already setted!!
12-12 00:53:27.955 13739 13739 D AndroidRuntime: propertySet: couldn't set property (it is from app)
12-12 00:53:27.955 13739 13739 D AndroidRuntime: readGMSProperty: could not set the property(default)!!
12-12 00:53:27.955 13739 13739 D AndroidRuntime: readGMSProperty: end
12-12 00:53:27.955 13739 13739 D AndroidRuntime: addProductProperty: start
12-12 00:53:28.110 13739 13739 E AffinityControl: AffinityControl: registerfunction enter
12-12 00:53:28.140 13739 13739 D AndroidRuntime: Calling main entry com.android.commands.pm.Pm
12-12 00:53:28.145  2841  3595 W ActivityManager: Invalid packageName: com.google.android.browser
12-12 00:53:28.145 13739 13739 I art     : System.exit called, status: 1
12-12 00:53:28.145 13739 13739 I AndroidRuntime: VM exiting with result code 1.
12-12 00:53:28.770 13750 13750 D AndroidRuntime: >>>>>> START com.android.internal.os.RuntimeInit uid 2000 <<<<<<
12-12 00:53:28.775 13750 13750 D AndroidRuntime: CheckJNI is OFF
12-12 00:53:28.775 13750 13750 D AndroidRuntime: readGMSProperty: start
12-12 00:53:28.775 13750 13750 D AndroidRuntime: readGMSProperty: already setted!!
12-12 00:53:28.775 13750 13750 D AndroidRuntime: propertySet: couldn't set property (it is from app)
12-12 00:53:28.775 13750 13750 D AndroidRuntime: readGMSProperty: could not set the property(default)!!
12-12 00:53:28.775 13750 13750 D AndroidRuntime: readGMSProperty: end
12-12 00:53:28.775 13750 13750 D AndroidRuntime: addProductProperty: start
12-12 00:53:28.910 13750 13750 E AffinityControl: AffinityControl: registerfunction enter
12-12 00:53:28.935 13750 13750 D AndroidRuntime: Calling main entry com.android.commands.pm.Pm
12-12 00:53:28.945  2841  2858 I ActivityManager: Force stopping com.android.chrome appid=10064 user=0: clear data
12-12 00:53:28.945  2841  2858 I ActivityManager: Force stopping com.android.chrome appid=10064 user=0: clear data
12-12 00:53:28.950  2841  2858 D PackageManager: START CLEAR APPLICATION USER DATA: observer{607483142}
12-12 00:53:28.950  2841  2858 D PackageManager: pkg{<packageName>}
12-12 00:53:28.950  2841  2858 D PackageManager: user{0}
12-12 00:53:28.950  2841  2882 D PackageManager: [MSG] CLEAR_APPLICATION_USER_DATA
12-12 00:53:28.970  2841  2870 V BroadcastQueue: [background] Process cur broadcast BroadcastRecord{2ffab1f4 u0 android.intent.action.PACKAGE_RESTARTED} DELIVERED for app ProcessRecord{18385abd 2841:system/1000}
12-12 00:53:28.975  2841  2882 D ActivityManager: bindService callerProcessName:android, calleePkgName: com.android.defcontainer, action: null
12-12 00:53:28.985 13760 13760 E Zygote  : MountEmulatedStorage()
12-12 00:53:28.985 13760 13760 E Zygote  : v2
12-12 00:53:28.985 13760 13760 I libpersona: KNOX_SDCARD checking this for 10002
12-12 00:53:28.985 13760 13760 I libpersona: KNOX_SDCARD not a persona
12-12 00:53:28.990 13760 13760 I SELinux : Function: selinux_compare_spd_ram , priority [2] , priority version is VE=SEPF_SM-J200G_5.1.1_0071
12-12 00:53:28.990 13760 13760 E Zygote  : accessInfo : 0
12-12 00:53:28.990  2841  2882 I ActivityManager: Start proc 13760:com.android.defcontainer/u0a2 for service com.android.defcontainer/.DefaultContainerService
12-12 00:53:28.990 13760 13760 E SELinux : [DEBUG] get_category: variable seinfo: platform sensitivity: NULL, cateogry: NULL
12-12 00:53:28.995  8317  8317 I GeofencerStateMachine: removeGeofences: removeRequest=RemoveGeofencingRequest[REMOVE_ALL packageName=com.android.chrome]
12-12 00:53:28.995  2841  2841 D ActivityManager: startProcessLocked calleePkgName: com.sec.android.app.soundalive, hostingType: broadcast-3
12-12 00:53:29.020 13760 13760 D TimaKeyStoreProvider: TimaSignature is unavailable
12-12 00:53:29.020  2188  2188 I art     : Explicit concurrent mark sweep GC freed 8717(370KB) AllocSpace objects, 0(0B) LOS objects, 39% free, 3MB/5MB, paused 759us total 29.607ms
12-12 00:53:29.020 13760 13760 D ActivityThread: Added TimaKeyStore provider
12-12 00:53:29.040  2188  2188 I art     : Explicit concurrent mark sweep GC freed 5(160B) AllocSpace objects, 0(0B) LOS objects, 39% free, 3MB/5MB, paused 461us total 18.436ms
12-12 00:53:29.055  2188  2188 I art     : Explicit concurrent mark sweep GC freed 5(160B) AllocSpace objects, 0(0B) LOS objects, 39% free, 3MB/5MB, paused 423us total 16.534ms
12-12 00:53:29.065 13775 13775 E Zygote  : MountEmulatedStorage()
12-12 00:53:29.065 13775 13775 E Zygote  : v2
12-12 00:53:29.065 13775 13775 I libpersona: KNOX_SDCARD checking this for 10039
12-12 00:53:29.065 13775 13775 I libpersona: KNOX_SDCARD not a persona
12-12 00:53:29.070 13775 13775 I SELinux : Function: selinux_compare_spd_ram , priority [2] , priority version is VE=SEPF_SM-J200G_5.1.1_0071
12-12 00:53:29.070 13775 13775 E Zygote  : accessInfo : 0
12-12 00:53:29.070 13775 13775 E SELinux : [DEBUG] get_category: variable seinfo: release sensitivity: NULL, cateogry: NULL
12-12 00:53:29.070  2841  2841 I ActivityManager: Start proc 13775:com.sec.android.app.soundalive/u0a39 for broadcast-3 com.sec.android.app.soundalive/.SAControlPanelReceiver
12-12 00:53:29.090 13775 13775 D TimaKeyStoreProvider: TimaSignature is unavailable
12-12 00:53:29.090 13775 13775 D ActivityThread: Added TimaKeyStore provider
12-12 00:53:29.095  2841  2858 V BroadcastQueue: [background] Process cur broadcast BroadcastRecord{2ffab1f4 u0 android.intent.action.PACKAGE_RESTARTED} DELIVERED for app ProcessRecord{280af960 13775:com.sec.android.app.soundalive/u0a39}
12-12 00:53:29.110  2841  2882 D PackageManager: result of install: true{607483142}
12-12 00:53:29.115 13750 13750 I art     : System.exit called, status: 0
12-12 00:53:29.115 13750 13750 I AndroidRuntime: VM exiting with result code 0.
12-12 00:53:29.120 13775 13775 D SAControlPanelReceiver: *****onReceive()*****
12-12 00:53:29.120 13775 13775 D SAControlPanelReceiver: Action: android.intent.action.PACKAGE_RESTARTED
12-12 00:53:29.125  2841  2934 V BroadcastQueue: [background] Process cur broadcast BroadcastRecord{24e79e19 u0 android.intent.action.PACKAGE_RESTARTED} DELIVERED for app ProcessRecord{18385abd 2841:system/1000}
12-12 00:53:29.130  2841  2841 V BroadcastQueue: [background] Process cur broadcast BroadcastRecord{24e79e19 u0 android.intent.action.PACKAGE_RESTARTED} DELIVERED for app ProcessRecord{280af960 13775:com.sec.android.app.soundalive/u0a39}
12-12 00:53:29.130 13775 13775 D SAControlPanelReceiver: *****onReceive()*****
12-12 00:53:29.130 13775 13775 D SAControlPanelReceiver: Action: android.intent.action.PACKAGE_RESTARTED
