12-12 00:53:29.135  2841  2858 V BroadcastQueue: [background] Process cur broadcast BroadcastRecord{29201ede u0 android.intent.action.PACKAGE_DATA_CLEARED} DELIVERED for app ProcessRecord{dd6d2f0 4152:com.android.contacts/u0a14}
12-12 00:53:29.140  2841  3600 V BroadcastQueue: [background] Process cur broadcast BroadcastRecord{29201ede u0 android.intent.action.PACKAGE_DATA_CLEARED} DELIVERED for app ProcessRecord{10aa4c07 13647:com.android.mms/u0a34}
12-12 00:53:29.140 13647 13647 D Mms/FreeMessageStatusReceiver: onReceive, action : android.intent.action.PACKAGE_DATA_CLEARED
12-12 00:53:29.145  2841  2857 D ActivityManager: startService callerProcessName:com.android.mms, calleePkgName: com.android.mms
12-12 00:53:29.150  2841  3596 V BroadcastQueue: [background] Process cur broadcast BroadcastRecord{29201ede u0 android.intent.action.PACKAGE_DATA_CLEARED} DELIVERED for app ProcessRecord{1b7f3e16 3392:com.google.android.googlequicksearchbox:search/u0a42}
12-12 00:53:29.150 13647 13793 D Mms/FreeMessageReceiverService: onHandleIntent, action : android.intent.action.PACKAGE_DATA_CLEARED
12-12 00:53:29.150 13647 13793 D Mms/FreeMessageReceiverService: onHandleIntent: ACTION_PACKAGE_DATA_CLEARED
12-12 00:53:29.150  2841  3266 D ActivityManager: startProcessLocked calleePkgName: com.android.documentsui, hostingType: broadcast-3
12-12 00:53:29.165 13794 13794 E Zygote  : MountEmulatedStorage()
12-12 00:53:29.165 13794 13794 E Zygote  : v2
12-12 00:53:29.165 13794 13794 I libpersona: KNOX_SDCARD checking this for 10072
12-12 00:53:29.165 13794 13794 I libpersona: KNOX_SDCARD not a persona
12-12 00:53:29.165 13794 13794 I SELinux : Function: selinux_compare_spd_ram , priority [2] , priority version is VE=SEPF_SM-J200G_5.1.1_0071
12-12 00:53:29.170 13794 13794 E Zygote  : accessInfo : 0
12-12 00:53:29.170  2841  3266 I ActivityManager: Start proc 13794:com.android.documentsui/u0a72 for broadcast-3 com.android.documentsui/.PackageReceiver
12-12 00:53:29.170 13794 13794 E SELinux : [DEBUG] get_category: variable seinfo: platform sensitivity: NULL, cateogry: NULL
12-12 00:53:29.185 13794 13794 D TimaKeyStoreProvider: TimaSignature is unavailable
12-12 00:53:29.185 13794 13794 D ActivityThread: Added TimaKeyStore provider
12-12 00:53:29.195  2841  3523 V BroadcastQueue: [background] Process cur broadcast BroadcastRecord{29201ede u0 android.intent.action.PACKAGE_DATA_CLEARED} DELIVERED for app ProcessRecord{9164b8c 13794:com.android.documentsui/u0a72}
12-12 00:53:29.240  2841  3601 D ActivityManager: startProcessLocked calleePkgName: com.google.android.apps.photos, hostingType: broadcast-3
12-12 00:53:29.255 13810 13810 E Zygote  : MountEmulatedStorage()
12-12 00:53:29.255 13810 13810 E Zygote  : v2
12-12 00:53:29.255 13810 13810 I libpersona: KNOX_SDCARD checking this for 10092
12-12 00:53:29.255 13810 13810 I libpersona: KNOX_SDCARD not a persona
12-12 00:53:29.255 13810 13810 I SELinux : Function: selinux_compare_spd_ram , priority [2] , priority version is VE=SEPF_SM-J200G_5.1.1_0071
12-12 00:53:29.255 13810 13810 E Zygote  : accessInfo : 0
12-12 00:53:29.260  2841  3601 I ActivityManager: Start proc 13810:com.google.android.apps.photos/u0a92 for broadcast-3 com.google.android.apps.photos/com.google.android.libraries.social.mediastoresync.reset.impl.MediaStoreClearedReceiver
12-12 00:53:29.260 13810 13810 E SELinux : [DEBUG] get_category: variable seinfo: untrusted sensitivity: NULL, cateogry: NULL
12-12 00:53:29.260  2841  2934 D ActivityManager: getContentProviderImpl callerProcessName:com.android.documentsui, calleePkgName: com.android.externalstorage
12-12 00:53:29.275 13825 13825 E Zygote  : MountEmulatedStorage()
12-12 00:53:29.275 13825 13825 E Zygote  : v2
12-12 00:53:29.275 13825 13825 I libpersona: KNOX_SDCARD checking this for 10003
12-12 00:53:29.275 13825 13825 I libpersona: KNOX_SDCARD not a persona
12-12 00:53:29.280 13825 13825 I SELinux : Function: selinux_compare_spd_ram , priority [2] , priority version is VE=SEPF_SM-J200G_5.1.1_0071
12-12 00:53:29.280 13825 13825 E Zygote  : accessInfo : 0
12-12 00:53:29.280 13810 13810 D TimaKeyStoreProvider: TimaSignature is unavailable
12-12 00:53:29.280 13825 13825 E SELinux : [DEBUG] get_category: variable seinfo: platform sensitivity: NULL, cateogry: NULL
12-12 00:53:29.280 13810 13810 D ActivityThread: Added TimaKeyStore provider
12-12 00:53:29.280  2841  2934 I ActivityManager: Start proc 13825:com.android.externalstorage/u0a3 for content provider com.android.externalstorage/.ExternalStorageProvider
12-12 00:53:29.290  2841  2857 V BroadcastQueue: [background] Process cur broadcast BroadcastRecord{29201ede u0 android.intent.action.PACKAGE_DATA_CLEARED} DELIVERED for app ProcessRecord{445f751 13810:com.google.android.apps.photos/u0a92}
12-12 00:53:29.300 13825 13825 D TimaKeyStoreProvider: TimaSignature is unavailable
12-12 00:53:29.300 13825 13825 D ActivityThread: Added TimaKeyStore provider
12-12 00:53:29.335 13825 13825 D ExternalStorage: After updating volumes, found 1 active roots
12-12 00:53:29.395  2841  3601 D ActivityManager: getContentProviderImpl callerProcessName:com.android.documentsui, calleePkgName: com.google.android.apps.docs
12-12 00:53:29.410 13841 13841 E Zygote  : MountEmulatedStorage()
12-12 00:53:29.410 13841 13841 E Zygote  : v2
12-12 00:53:29.410 13841 13841 I libpersona: KNOX_SDCARD checking this for 10073
12-12 00:53:29.410 13841 13841 I libpersona: KNOX_SDCARD not a persona
12-12 00:53:29.410 13841 13841 I SELinux : Function: selinux_compare_spd_ram , priority [2] , priority version is VE=SEPF_SM-J200G_5.1.1_0071
12-12 00:53:29.415 13841 13841 E Zygote  : accessInfo : 0
12-12 00:53:29.415  2841  3601 I ActivityManager: Start proc 13841:com.google.android.apps.docs/u0a73 for content provider com.google.android.apps.docs/.storagebackend.StorageBackendContentProvider
12-12 00:53:29.415 13841 13841 E SELinux : [DEBUG] get_category: variable seinfo: untrusted sensitivity: NULL, cateogry: NULL
12-12 00:53:29.435 13841 13841 D TimaKeyStoreProvider: TimaSignature is unavailable
12-12 00:53:29.435 13841 13841 D ActivityThread: Added TimaKeyStore provider
12-12 00:53:29.515  2841  3523 W ActivityManager: getRunningAppProcesses: caller 10073 does not hold REAL_GET_TASKS; limiting output
12-12 00:53:29.540  2841  2858 W ActivityManager: getRunningAppProcesses: caller 10073 does not hold REAL_GET_TASKS; limiting output
12-12 00:53:29.620  2841  3418 W ActivityManager: getRunningAppProcesses: caller 10073 does not hold REAL_GET_TASKS; limiting output
12-12 00:53:29.770 13842 13842 D AndroidRuntime: >>>>>> START com.android.internal.os.RuntimeInit uid 2000 <<<<<<
12-12 00:53:29.775 13842 13842 D AndroidRuntime: CheckJNI is OFF
12-12 00:53:29.775 13842 13842 D AndroidRuntime: readGMSProperty: start
12-12 00:53:29.775 13842 13842 D AndroidRuntime: readGMSProperty: already setted!!
12-12 00:53:29.775 13842 13842 D AndroidRuntime: propertySet: couldn't set property (it is from app)
12-12 00:53:29.775 13842 13842 D AndroidRuntime: readGMSProperty: could not set the property(default)!!
12-12 00:53:29.775 13842 13842 D AndroidRuntime: readGMSProperty: end
12-12 00:53:29.775 13842 13842 D AndroidRuntime: addProductProperty: start
12-12 00:53:29.940 13842 13842 E AffinityControl: AffinityControl: registerfunction enter
12-12 00:53:29.975 13842 13842 D AndroidRuntime: Calling main entry com.android.commands.pm.Pm
12-12 00:53:29.980 13841 13866 I GAv4    : Google Analytics 11.0.11 is starting up. To enable debug logging on a device run:
12-12 00:53:29.980 13841 13866 I GAv4    :   adb shell setprop log.tag.GAv4 DEBUG
12-12 00:53:29.980 13841 13866 I GAv4    :   adb logcat -s GAv4
12-12 00:53:29.985  2841  2858 I ActivityManager: Force stopping com.android.systemui appid=10040 user=0: clear data
12-12 00:53:29.985  2841  2858 I ActivityManager: Killing 3075:com.android.systemui.recentsactivity/u0a40 (adj 1): stop com.android.systemui cause clear data
12-12 00:53:29.985  2841  2858 D ActivityManager: cleanUpApplicationRecord -- 3075
12-12 00:53:29.985  2841  2858 D ActivityManager: isAutoRunBlockedApp:: com.android.systemui, Auto Run ON
12-12 00:53:29.985  2841  2858 I ActivityManager: isWidgetUsingPkg : com.android.systemui no widget is using.
12-12 00:53:29.985  2841  2858 W ActivityManager: Scheduling restart of crashed service com.android.systemui/.recents.RecentsAlternateProxyService in 0ms
12-12 00:53:29.985  2841  2858 I ActivityManager: Killing 3153:com.android.systemui.imagewallpaper/u0a40 (adj 1): stop com.android.systemui cause clear data
12-12 00:53:29.990  2841  2858 D ActivityManager: cleanUpApplicationRecord -- 3153
12-12 00:53:29.990  2841  2858 D ActivityManager: isAutoRunBlockedApp:: com.android.systemui, Auto Run ON
12-12 00:53:29.990  2841  2858 I ActivityManager: isWidgetUsingPkg : com.android.systemui no widget is using.
12-12 00:53:29.990  2841  2858 W ActivityManager: Scheduling restart of crashed service com.android.systemui/.ImageWallpaper in 0ms
12-12 00:53:29.990  2841  2858 I ActivityManager:   Force stopping service ServiceRecord{2ddeb556 u0 com.android.systemui/.ImageWallpaper}
12-12 00:53:29.990  2841  2858 I ActivityManager:   Force stopping service ServiceRecord{2ba937c6 u0 com.android.systemui/.recents.RecentsAlternateProxyService}
12-12 00:53:29.990  2841  2841 W WallpaperManagerService: Wallpaper service gone: ComponentInfo{com.android.systemui/com.android.systemui.ImageWallpaper}
12-12 00:53:29.995  2993  2993 D Recents_AlternateRecentsComponent: onServiceDisconnected with IRecentsAlternateProxyService
12-12 00:53:29.995  2841  2858 I ActivityManager: Force stopping com.android.systemui appid=10040 user=0: clear data
12-12 00:53:30.000  2841  2858 D PackageManager: START CLEAR APPLICATION USER DATA: observer{782350221}
12-12 00:53:30.000  2841  2858 D PackageManager: pkg{<packageName>}
12-12 00:53:30.000  2841  2858 D PackageManager: user{0}
12-12 00:53:30.000  2841  2882 D PackageManager: [MSG] CLEAR_APPLICATION_USER_DATA
12-12 00:53:30.005  2841  2841 W CoverManager: getCoverState : This device is not supported cover
12-12 00:53:30.005  2841  2841 D LightsService: [api] [SvcLED] turnOff:: id = 5 (uid: 1000 pid: 2841) 
12-12 00:53:30.005  2841  2841 D LightsService: [api] [SvcLED] LED indicator : Not supported.
12-12 00:53:30.010  2993  2993 D StatusBar: getNumberOfActiveSim: 1
12-12 00:53:30.010  2993  2993 D PanelView: kidsfalse mQsExpansionEnabled:true
12-12 00:53:30.015  2993  2993 D StatusBar: getNumberOfActiveSim: 1
12-12 00:53:30.015  2993  2993 D PanelView: kidsfalse mQsExpansionEnabled:true
12-12 00:53:30.040  8317  8317 I GeofencerStateMachine: removeGeofences: removeRequest=RemoveGeofencingRequest[REMOVE_ALL packageName=com.android.systemui]
12-12 00:53:30.040  2841  2882 D ActivityManager: bindService callerProcessName:android, calleePkgName: com.android.defcontainer, action: null
12-12 00:53:30.050  2841  2907 W InputDispatcher: channel ~ Consumer closed input channel or an error occurred.  events=0x9
12-12 00:53:30.050  2841  3589 I WindowState: WIN DEATH: Window{1dfa5fca u0 d0 com.android.systemui.ImageWallpaper}
12-12 00:53:30.050  2841  2907 E InputDispatcher: channel ~ Channel is unrecoverably broken and will be disposed!
12-12 00:53:30.050  2841  3589 W InputDispatcher: Attempted to unregister already unregistered input channel
12-12 00:53:30.060 13841 13841 W FieldDefinition: Ignoring isIndexed constraint as field also has uniqueness constraint (on just this field, and therefore SQLite will have to create an index on that. For field: com.google.android.apps.docs.database.common.FieldDefinition$a@2da676c5
12-12 00:53:30.075  2841  2882 D PackageManager: result of install: true{782350221}
12-12 00:53:30.080 13842 13842 I art     : System.exit called, status: 0
12-12 00:53:30.080 13842 13842 I AndroidRuntime: VM exiting with result code 0.
12-12 00:53:30.090 13841 13875 W GAv4    : AnalyticsReceiver is not registered or is disabled. Register the receiver for reliable dispatching on non-Google Play devices. See http://goo.gl/8Rd3yj for instructions.
12-12 00:53:30.095 13841 13866 W CoreComponentFactoryImpl: RetainedComponent will not be retained if  djl does not inherit FragmentActivity and fulfill jpt contract.
12-12 00:53:30.105 13841 13875 W GAv4    : CampaignTrackingReceiver is not registered, not exported or is disabled. Installation campaign tracking is not possible. See http://goo.gl/8Rd3yj for instructions.
12-12 00:53:30.110  2841  2869 W WallpaperManagerService: Wallpaper uninstalled, removing: ComponentInfo{com.android.systemui/com.android.systemui.ImageWallpaper}
12-12 00:53:30.125  2841  2869 D WallpaperManagerService: clearWallpaperLocked =  false
12-12 00:53:30.140  2841  2869 V WallpaperManagerService: bindWallpaperComponentLocked: componentName=null
12-12 00:53:30.140 13841 13875 W GAv4    : AnalyticsService not registered in the app manifest. Hits might not be delivered reliably. See http://goo.gl/8Rd3yj for instructions.
12-12 00:53:30.145  2841  2869 V WallpaperManagerService: Using image wallpaper
12-12 00:53:30.150  2841  2869 V WallpaperManagerService: Binding to:ComponentInfo{com.android.systemui/com.android.systemui.ImageWallpaper}
12-12 00:53:30.150  2841  2869 D ActivityManager: bindService callerProcessName:android, calleePkgName: com.android.systemui, action: android.service.wallpaper.WallpaperService
12-12 00:53:30.170 13877 13877 E Zygote  : MountEmulatedStorage()
12-12 00:53:30.170 13877 13877 E Zygote  : v2
12-12 00:53:30.170 13877 13877 I libpersona: KNOX_SDCARD checking this for 10040
12-12 00:53:30.170 13877 13877 I libpersona: KNOX_SDCARD not a persona
12-12 00:53:30.170 13877 13877 I SELinux : Function: selinux_compare_spd_ram , priority [2] , priority version is VE=SEPF_SM-J200G_5.1.1_0071
12-12 00:53:30.175 13877 13877 E Zygote  : accessInfo : 0
12-12 00:53:30.175 13877 13877 E SELinux : [DEBUG] get_category: variable seinfo: platform sensitivity: NULL, cateogry: NULL
12-12 00:53:30.185  2841  2869 I ActivityManager: Start proc 13877:com.android.systemui.imagewallpaper/u0a40 for service com.android.systemui/.ImageWallpaper
12-12 00:53:30.190  2841  2869 V WallpaperManagerService: Removing window token: android.os.Binder@32e8a8e7
12-12 00:53:30.190  2841  2869 V WallpaperManagerService: Adding window token: android.os.Binder@2d3777cb[uid]0
12-12 00:53:30.190  2841  2869 D ActivityManager: bindService callerProcessName:android, calleePkgName: com.android.systemui, action: android.service.wallpaper.WallpaperService
12-12 00:53:30.195  2841  2869 V WallpaperManagerService: Removing window token: android.os.Binder@2d3777cb
12-12 00:53:30.195  2841  2869 V WallpaperManagerService: Adding window token: android.os.Binder@2443c5a7[uid]0
12-12 00:53:30.195  2841  2869 W WallpaperManagerService: Wallpaper uninstalled, removing: ComponentInfo{com.android.systemui/com.android.systemui.ImageWallpaper}
12-12 00:53:30.200  2841  2869 D WallpaperManagerService: clearWallpaperLocked =  false
12-12 00:53:30.200 13877 13877 D TimaKeyStoreProvider: TimaSignature is unavailable
12-12 00:53:30.200 13877 13877 D ActivityThread: Added TimaKeyStore provider
12-12 00:53:30.205  2841  2869 V WallpaperManagerService: bindWallpaperComponentLocked: componentName=null
12-12 00:53:30.205  2841  2869 V WallpaperManagerService: Using image wallpaper
12-12 00:53:30.210  2841  2869 V WallpaperManagerService: Binding to:ComponentInfo{com.android.systemui/com.android.systemui.ImageWallpaper}
12-12 00:53:30.210  2841  2869 D ActivityManager: bindService callerProcessName:android, calleePkgName: com.android.systemui, action: android.service.wallpaper.WallpaperService
12-12 00:53:30.210  2841  2869 V WallpaperManagerService: Removing window token: android.os.Binder@2443c5a7
12-12 00:53:30.215  2841  2869 V WallpaperManagerService: Adding window token: android.os.Binder@1dd1543[uid]0
12-12 00:53:30.215  2841  2869 D ActivityManager: bindService callerProcessName:android, calleePkgName: com.android.systemui, action: android.service.wallpaper.WallpaperService
12-12 00:53:30.220 13810 13810 W art     : Verification of nsi[] alp.aC() took 102.606ms
12-12 00:53:30.220  2841  2869 V WallpaperManagerService: Removing window token: android.os.Binder@1dd1543
12-12 00:53:30.220  2841  2869 V WallpaperManagerService: Adding window token: android.os.Binder@d767fec[uid]0
12-12 00:53:30.265 13877 13877 W ResourcesManager: Asset path '/system/framework/secvisualeffect.jar' does not exist or contains no resources.
12-12 00:53:30.360  2841  2841 W WallpaperManagerService: onServiceConnected
12-12 00:53:30.360  2841  2841 W WallpaperManagerService: attachServiceLocked
12-12 00:53:30.365  2156  2156 I display : [PrimaryDisplay] [DYNAMIC_RECOMP] GLES_2_HWC by high FPS(58)
12-12 00:53:30.370  2841  2841 E WallpaperManagerService: .xml file : width(960), height(960), name(), component(null)
12-12 00:53:30.370  2841  2841 E WallpaperManagerService: service  : width(960), height(960), name(), component(ComponentInfo{com.android.systemui/com.android.systemui.ImageWallpaper})
12-12 00:53:30.370  2841  2841 D WallpaperManagerService: Same Image Wallpaper!
12-12 00:53:30.390 13877 13877 W WallpaperManager: peekWallpaperBitmapcom.android.systemui
12-12 00:53:30.390 13877 13877 W WallpaperManager: peekWallpaperBitmap: single sim
12-12 00:53:30.390  2841  3418 W WallpaperManagerService: SimStatusVerifyandroid
12-12 00:53:30.390  2841  3418 D WallpaperManagerService: getCurrSimID no sim  currSimId : 0
12-12 00:53:30.390  2841  3418 D WallpaperManagerService: WallpaperManagerService->SimStatusVerify slot  currSimId 0
12-12 00:53:30.390  2841  3418 V WallpaperManagerService: setWallpaperForMultiSimSkip false
12-12 00:53:30.390  2841  3418 D WallpaperManagerService: getWallpaperData : 0
12-12 00:53:30.390  2841  3418 D WallpaperManagerService: getWallpaper filename:wallpaper
12-12 00:53:30.390  2841  3418 V WallpaperManagerService: WallpaperManagerService  SimStatusFlag : 0 WALLPAPER_FILE:wallpaper is not existed
12-12 00:53:30.390 13877 13877 D WallpaperManager: getDefaultWallpaperLocked
12-12 00:53:30.390  2841  3274 D WallpaperManagerService: getWallpaperData : 0
12-12 00:53:30.390  2841  3600 D WallpaperManagerService: getWallpaperData : 0
12-12 00:53:30.500 13877 13877 D WallpaperManager: generateBitmap :: width:960, height:960 :: bitmap:: width:960, height:960
12-12 00:53:30.510  2156  2156 I SurfaceFlinger: id=12 createSurf (1x1),2 flag=404, JmageWallpa
12-12 00:53:30.550  2841  3601 W ActivityManager: getRunningAppProcesses: caller 10073 does not hold REAL_GET_TASKS; limiting output
12-12 00:53:30.665  2156  2292 I display : [PrimaryDisplay] [DYNAMIC_RECOMP] HWC_2_GLES by low FPS(0)
12-12 00:53:30.720 13895 13895 D AndroidRuntime: >>>>>> START com.android.internal.os.RuntimeInit uid 2000 <<<<<<
12-12 00:53:30.725 13895 13895 D AndroidRuntime: CheckJNI is OFF
12-12 00:53:30.730 13895 13895 D AndroidRuntime: readGMSProperty: start
12-12 00:53:30.730 13895 13895 D AndroidRuntime: readGMSProperty: already setted!!
12-12 00:53:30.730 13895 13895 D AndroidRuntime: propertySet: couldn't set property (it is from app)
12-12 00:53:30.730 13895 13895 D AndroidRuntime: readGMSProperty: could not set the property(default)!!
12-12 00:53:30.730 13895 13895 D AndroidRuntime: readGMSProperty: end
12-12 00:53:30.730 13895 13895 D AndroidRuntime: addProductProperty: start
12-12 00:53:30.730 13877 13877 D ImageWallpaper: isWhiteCSCWallpaper INS -1
12-12 00:53:30.740  2156  2888 I SurfaceFlinger: id=9 Removed JmageWallpa (4/8)
12-12 00:53:30.740  2156 13604 I SurfaceFlinger: id=9 Removed JmageWallpa (-2/8)
12-12 00:53:30.740  2156  2156 D libEGL  : eglTerminate EGLDisplay = 0xbe82ebac
12-12 00:53:30.755  2156  2156 D libEGL  : eglInitialize EGLDisplay = 0xbe82e2b4
12-12 00:53:30.775 13877 13877 D WallpaperService: MSG_WINDOW_RESIZED
12-12 00:53:30.790 13877 13877 W WallpaperManager: peekWallpaperBitmapcom.android.systemui
12-12 00:53:30.790 13877 13877 W WallpaperManager: peekWallpaperBitmap: single sim
12-12 00:53:30.790  2841  3593 W WallpaperManagerService: SimStatusVerifyandroid
12-12 00:53:30.790  2841  3593 D WallpaperManagerService: getCurrSimID no sim  currSimId : 0
12-12 00:53:30.790  2841  3593 V WallpaperManagerService: setWallpaperForMultiSimSkip false
12-12 00:53:30.790  2841  3593 D WallpaperManagerService: WallpaperManagerService->SimStatusVerify slot  currSimId 0
12-12 00:53:30.790  2841  3593 D WallpaperManagerService: getWallpaperData : 0
12-12 00:53:30.790  2841  3593 D WallpaperManagerService: getWallpaper filename:wallpaper
12-12 00:53:30.790  2841  3593 V WallpaperManagerService: WallpaperManagerService  SimStatusFlag : 0 WALLPAPER_FILE:wallpaper is not existed
12-12 00:53:30.790 13877 13877 D WallpaperManager: getDefaultWallpaperLocked
12-12 00:53:30.795  2841  3594 D WallpaperManagerService: getWallpaperData : 0
12-12 00:53:30.795  2841  3266 D WallpaperManagerService: getWallpaperData : 0
12-12 00:53:30.900 13794 13809 D Documents: Update found 6 roots in 1662ms
12-12 00:53:30.910 13895 13895 E AffinityControl: AffinityControl: registerfunction enter
12-12 00:53:30.915 13877 13877 D WallpaperManager: generateBitmap :: width:960, height:960 :: bitmap:: width:960, height:960
12-12 00:53:30.920  2841  4317 D SSRM:n  : SIOP:: AP = 280, CUR = -22, LCD = 255
12-12 00:53:30.950 13794 13903 D Documents: Update found 6 roots in 235ms
12-12 00:53:30.955 13794 13871 D Documents: Update found 6 roots in 909ms
12-12 00:53:30.955  2156  2156 I display : [PrimaryDisplay] [DYNAMIC_RECOMP] GLES_2_HWC by high FPS(55)
12-12 00:53:30.960  2841  3266 D ActivityManager: startService callerProcessName:com.google.android.gms, calleePkgName: com.google.android.gms
12-12 00:53:30.970 13895 13895 D AndroidRuntime: Calling main entry com.android.commands.pm.Pm
12-12 00:53:30.975 13794 13840 D Documents: Update found 6 roots in 1632ms
12-12 00:53:30.980  2841  3418 I ActivityManager: Force stopping com.android.phone appid=1001 user=0: clear data
12-12 00:53:30.985  2841  3418 I ActivityManager: Force stopping com.android.phone appid=1001 user=0: clear data
12-12 00:53:30.985  2841  3418 D PackageManager: START CLEAR APPLICATION USER DATA: observer{222720291}
12-12 00:53:30.985  2841  3418 D PackageManager: pkg{<packageName>}
12-12 00:53:30.985  2841  3418 D PackageManager: user{0}
12-12 00:53:30.990  2841  2882 D PackageManager: [MSG] CLEAR_APPLICATION_USER_DATA
12-12 00:53:31.025  2841  3274 D ActivityManager: startService callerProcessName:com.google.android.gms, calleePkgName: com.google.android.gms
12-12 00:53:31.030  2841  2882 D ActivityManager: bindService callerProcessName:android, calleePkgName: com.android.defcontainer, action: null
12-12 00:53:31.045  8317  8317 I GeofencerStateMachine: removeGeofences: removeRequest=RemoveGeofencingRequest[REMOVE_ALL packageName=com.android.phone]
12-12 00:53:31.065  2841  2882 D PackageManager: result of install: true{222720291}
12-12 00:53:31.065 13895 13895 I art     : System.exit called, status: 0
12-12 00:53:31.065 13895 13895 I AndroidRuntime: VM exiting with result code 0.
12-12 00:53:31.080 13794 13918 D Documents: Update found 6 roots in 30ms
12-12 00:53:31.100  2841  3595 D ActivityManager: bindService callerProcessName:com.google.android.gms, calleePkgName: com.google.android.gms, action: null
12-12 00:53:31.110  8317 11794 I System.out: (HTTPLog)-Static: isSBSettingEnabled false
12-12 00:53:31.115  8317 11794 I System.out: KnoxVpnUidStorageknoxVpnSupported API value returned is false
12-12 00:53:31.115  2168  2834 D EnterpriseController: netId is 0
12-12 00:53:31.115  2168  2834 D Netd    : getNetworkForDns: using netid 0 for uid 10006
12-12 00:53:31.120  8317 13916 E GcmPushIntentOperation: Failed to subscribe to GCM: com.google.apps.drive.android
12-12 00:53:31.120  8317 13916 E GcmPushIntentOperation: java.io.IOException: SERVICE_NOT_AVAILABLE
12-12 00:53:31.120  8317 13916 E GcmPushIntentOperation: 	at vpw.b(:com.google.android.gms@11951234:39)
12-12 00:53:31.120  8317 13916 E GcmPushIntentOperation: 	at vpw.a(:com.google.android.gms@11951234:46)
12-12 00:53:31.120  8317 13916 E GcmPushIntentOperation: 	at vpt.b(:com.google.android.gms@11951234:11)
12-12 00:53:31.120  8317 13916 E GcmPushIntentOperation: 	at vpt.a(:com.google.android.gms@11951234:29)
12-12 00:53:31.120  8317 13916 E GcmPushIntentOperation: 	at com.google.android.gms.phenotype.gcmpush.GcmPushIntentOperation.a(:com.google.android.gms@11951234:13)
12-12 00:53:31.120  8317 13916 E GcmPushIntentOperation: 	at com.google.android.gms.phenotype.gcmpush.GcmPushIntentOperation.onHandleIntent(:com.google.android.gms@11951234:6)
12-12 00:53:31.120  8317 13916 E GcmPushIntentOperation: 	at com.google.android.chimera.IntentOperation.onHandleIntent(:com.google.android.gms@11951234:2)
12-12 00:53:31.120  8317 13916 E GcmPushIntentOperation: 	at csq.run(:com.google.android.gms@11951234:10)
12-12 00:53:31.120  8317 13916 E GcmPushIntentOperation: 	at csn.run(:com.google.android.gms@11951234:9)
12-12 00:53:31.120  8317 13916 E GcmPushIntentOperation: 	at java.util.concurrent.ThreadPoolExecutor.runWorker(ThreadPoolExecutor.java:1112)
12-12 00:53:31.120  8317 13916 E GcmPushIntentOperation: 	at java.util.concurrent.ThreadPoolExecutor$Worker.run(ThreadPoolExecutor.java:587)
12-12 00:53:31.120  8317 13916 E GcmPushIntentOperation: 	at java.lang.Thread.run(Thread.java:818)
12-12 00:53:31.120  2841  3593 D ActivityManager: startService callerProcessName:com.google.android.gms, calleePkgName: com.google.android.gms
12-12 00:53:31.510  2172  2322 D WVMDrmPlugIn: WVMDrmPlugin::onInitialize : 1442
12-12 00:53:31.510  2172  2322 D WVMDrmPlugIn: WVMDrmPlugin::onSetOnInfoListener : add 1442
12-12 00:53:31.560 13810 13810 W Primes  : Memory instrumentations are turned off.
12-12 00:53:31.565 13810 13810 W Primes  : Timer instrumentations are turned off.
12-12 00:53:31.570 13810 13810 W Primes  : Network monitoring is turned off.
12-12 00:53:31.570 13810 13810 W Primes  : Package metrics are turned off by default
12-12 00:53:31.595  2841  2934 I ActivityManager: Killing 12783:com.samsung.android.sm/1000 (adj 15): DHA:empty #13
12-12 00:53:31.595  2841  2934 V BroadcastQueue: [background] Process cur broadcast BroadcastRecord{29201ede u0 android.intent.action.PACKAGE_DATA_CLEARED} DELIVERED for app ProcessRecord{23b68233 8317:com.google.android.gms.persistent/u0a6}
12-12 00:53:31.600  2841  3418 D ActivityManager: startService callerProcessName:com.google.android.gms, calleePkgName: com.google.android.gms
12-12 00:53:31.605  2841  3589 D ActivityManager: startService callerProcessName:com.google.android.gms, calleePkgName: com.google.android.gms
12-12 00:53:31.615  2841  3266 V BroadcastQueue: [background] Process cur broadcast BroadcastRecord{fe2e64e u0 android.intent.action.PACKAGE_RESTARTED} DELIVERED for app ProcessRecord{18385abd 2841:system/1000}
12-12 00:53:31.615  2841  2841 V BroadcastQueue: [background] Process cur broadcast BroadcastRecord{fe2e64e u0 android.intent.action.PACKAGE_RESTARTED} DELIVERED for app ProcessRecord{280af960 13775:com.sec.android.app.soundalive/u0a39}
12-12 00:53:31.620  2841  3595 D ActivityManager: startService callerProcessName:com.google.android.gms, calleePkgName: com.google.android.gms
12-12 00:53:31.625 13775 13775 D SAControlPanelReceiver: *****onReceive()*****
12-12 00:53:31.630 13775 13775 D SAControlPanelReceiver: Action: android.intent.action.PACKAGE_RESTARTED
12-12 00:53:31.635  2841  3523 V BroadcastQueue: [background] Process cur broadcast BroadcastRecord{141c036f u0 android.intent.action.PACKAGE_RESTARTED} DELIVERED for app ProcessRecord{18385abd 2841:system/1000}
12-12 00:53:31.640  2841  2841 V BroadcastQueue: [background] Process cur broadcast BroadcastRecord{141c036f u0 android.intent.action.PACKAGE_RESTARTED} DELIVERED for app ProcessRecord{280af960 13775:com.sec.android.app.soundalive/u0a39}
12-12 00:53:31.640 13775 13775 D SAControlPanelReceiver: *****onReceive()*****
12-12 00:53:31.640 13775 13775 D SAControlPanelReceiver: Action: android.intent.action.PACKAGE_RESTARTED
12-12 00:53:31.645  2841  2934 V BroadcastQueue: [background] Process cur broadcast BroadcastRecord{2fd3787c u0 android.intent.action.PACKAGE_DATA_CLEARED} DELIVERED for app ProcessRecord{dd6d2f0 4152:com.android.contacts/u0a14}
12-12 00:53:31.660  2841  3594 V BroadcastQueue: [background] Process cur broadcast BroadcastRecord{2fd3787c u0 android.intent.action.PACKAGE_DATA_CLEARED} DELIVERED for app ProcessRecord{10aa4c07 13647:com.android.mms/u0a34}
12-12 00:53:31.660 13647 13647 D Mms/FreeMessageStatusReceiver: onReceive, action : android.intent.action.PACKAGE_DATA_CLEARED
12-12 00:53:31.660  2841  3595 D ActivityManager: cleanUpApplicationRecord -- 12783
12-12 00:53:31.660  2841  3595 D ActivityManager: isAutoRunBlockedApp:: com.samsung.android.sm, Auto Run ON
12-12 00:53:31.665  2841  3593 D ActivityManager: startService callerProcessName:com.android.mms, calleePkgName: com.android.mms
12-12 00:53:31.670  2156  2292 I display : [PrimaryDisplay] [DYNAMIC_RECOMP] HWC_2_GLES by low FPS(0)
12-12 00:53:31.670  2841  3104 V BroadcastQueue: [background] Process cur broadcast BroadcastRecord{2fd3787c u0 android.intent.action.PACKAGE_DATA_CLEARED} DELIVERED for app ProcessRecord{1b7f3e16 3392:com.google.android.googlequicksearchbox:search/u0a42}
12-12 00:53:31.680  2841  3104 V BroadcastQueue: [background] Process cur broadcast BroadcastRecord{2fd3787c u0 android.intent.action.PACKAGE_DATA_CLEARED} DELIVERED for app ProcessRecord{9164b8c 13794:com.android.documentsui/u0a72}
12-12 00:53:31.685 13647 13936 D Mms/FreeMessageReceiverService: onHandleIntent, action : android.intent.action.PACKAGE_DATA_CLEARED
12-12 00:53:31.685  2841  3589 V BroadcastQueue: [background] Process cur broadcast BroadcastRecord{2fd3787c u0 android.intent.action.PACKAGE_DATA_CLEARED} DELIVERED for app ProcessRecord{445f751 13810:com.google.android.apps.photos/u0a92}
12-12 00:53:31.685 13647 13936 D Mms/FreeMessageReceiverService: onHandleIntent: ACTION_PACKAGE_DATA_CLEARED
12-12 00:53:31.690  2993  2993 D SecVolumePanel: sound : release SoundPool
12-12 00:53:31.690  2841  3601 D ActivityManager: startService callerProcessName:com.google.android.gms, calleePkgName: com.google.android.gms
12-12 00:53:31.695 13922 13922 D AndroidRuntime: >>>>>> START com.android.internal.os.RuntimeInit uid 2000 <<<<<<
12-12 00:53:31.700 13922 13922 D AndroidRuntime: CheckJNI is OFF
12-12 00:53:31.700 13922 13922 D AndroidRuntime: readGMSProperty: start
12-12 00:53:31.700 13922 13922 D AndroidRuntime: readGMSProperty: already setted!!
12-12 00:53:31.700 13922 13922 D AndroidRuntime: propertySet: couldn't set property (it is from app)
12-12 00:53:31.700 13922 13922 D AndroidRuntime: readGMSProperty: could not set the property(default)!!
12-12 00:53:31.700 13922 13922 D AndroidRuntime: readGMSProperty: end
12-12 00:53:31.700 13922 13922 D AndroidRuntime: addProductProperty: start
12-12 00:53:31.700  2841  3596 V BroadcastQueue: [background] Process cur broadcast BroadcastRecord{2fd3787c u0 android.intent.action.PACKAGE_DATA_CLEARED} DELIVERED for app ProcessRecord{23b68233 8317:com.google.android.gms.persistent/u0a6}
12-12 00:53:31.715  2841  3104 D ActivityManager: startService callerProcessName:com.google.android.gms, calleePkgName: com.google.android.gms
12-12 00:53:31.735 13188 13937 D Wear_Controller: Received broadcast action=android.intent.action.PACKAGE_DATA_CLEARED and uri=com.android.chrome
12-12 00:53:31.735  2841  3274 D ActivityManager: startService callerProcessName:com.google.android.gms, calleePkgName: com.google.android.gms
12-12 00:53:31.750  2841  2857 D ActivityManager: startService callerProcessName:com.google.android.gms, calleePkgName: com.google.android.gms
12-12 00:53:31.755  2841  3593 D ActivityManager: startService callerProcessName:com.google.android.gms, calleePkgName: com.google.android.gms
12-12 00:53:31.760  2841  3596 V BroadcastQueue: [background] Process cur broadcast BroadcastRecord{71da068 u0 android.intent.action.PACKAGE_RESTARTED} DELIVERED for app ProcessRecord{18385abd 2841:system/1000}
12-12 00:53:31.765  2841  2841 V BroadcastQueue: [background] Process cur broadcast BroadcastRecord{71da068 u0 android.intent.action.PACKAGE_RESTARTED} DELIVERED for app ProcessRecord{280af960 13775:com.sec.android.app.soundalive/u0a39}
12-12 00:53:31.770 13775 13775 D SAControlPanelReceiver: *****onReceive()*****
12-12 00:53:31.770 13775 13775 D SAControlPanelReceiver: Action: android.intent.action.PACKAGE_RESTARTED
12-12 00:53:31.770  2841  3595 D ActivityManager: startService callerProcessName:com.google.android.gms, calleePkgName: com.google.android.gms
12-12 00:53:31.775 13188 13937 I LocationSettingsChecker: Removing dialog suppression flag for package com.android.chrome
12-12 00:53:31.780  2841  3601 V BroadcastQueue: [background] Process cur broadcast BroadcastRecord{23517126 u0 android.intent.action.PACKAGE_RESTARTED} DELIVERED for app ProcessRecord{18385abd 2841:system/1000}
12-12 00:53:31.780  2841  3594 D ActivityManager: startService callerProcessName:com.google.android.gms, calleePkgName: com.google.android.gms
12-12 00:53:31.785  2841  3104 D ActivityManager: startService callerProcessName:com.google.android.gms, calleePkgName: com.google.android.gms
12-12 00:53:31.790  2841  2841 V BroadcastQueue: [background] Process cur broadcast BroadcastRecord{23517126 u0 android.intent.action.PACKAGE_RESTARTED} DELIVERED for app ProcessRecord{280af960 13775:com.sec.android.app.soundalive/u0a39}
12-12 00:53:31.790 13775 13775 D SAControlPanelReceiver: *****onReceive()*****
12-12 00:53:31.790 13775 13775 D SAControlPanelReceiver: Action: android.intent.action.PACKAGE_RESTARTED
12-12 00:53:31.805  2841  3601 V BroadcastQueue: [background] Process cur broadcast BroadcastRecord{18721480 u0 android.intent.action.PACKAGE_DATA_CLEARED} DELIVERED for app ProcessRecord{dd6d2f0 4152:com.android.contacts/u0a14}
12-12 00:53:31.825  2841  2858 V BroadcastQueue: [background] Process cur broadcast BroadcastRecord{18721480 u0 android.intent.action.PACKAGE_DATA_CLEARED} DELIVERED for app ProcessRecord{10aa4c07 13647:com.android.mms/u0a34}
12-12 00:53:31.825 13647 13647 D Mms/FreeMessageStatusReceiver: onReceive, action : android.intent.action.PACKAGE_DATA_CLEARED
12-12 00:53:31.825  2841  3418 D ActivityManager: startService callerProcessName:com.android.mms, calleePkgName: com.android.mms
12-12 00:53:31.835  2841  3594 V BroadcastQueue: [background] Process cur broadcast BroadcastRecord{18721480 u0 android.intent.action.PACKAGE_DATA_CLEARED} DELIVERED for app ProcessRecord{1b7f3e16 3392:com.google.android.googlequicksearchbox:search/u0a42}
12-12 00:53:31.840  2841  3594 V BroadcastQueue: [background] Process cur broadcast BroadcastRecord{18721480 u0 android.intent.action.PACKAGE_DATA_CLEARED} DELIVERED for app ProcessRecord{9164b8c 13794:com.android.documentsui/u0a72}
12-12 00:53:31.845 13647 13956 D Mms/FreeMessageReceiverService: onHandleIntent, action : android.intent.action.PACKAGE_DATA_CLEARED
12-12 00:53:31.845 13647 13956 D Mms/FreeMessageReceiverService: onHandleIntent: ACTION_PACKAGE_DATA_CLEARED
12-12 00:53:31.850  2841  3274 V BroadcastQueue: [background] Process cur broadcast BroadcastRecord{18721480 u0 android.intent.action.PACKAGE_DATA_CLEARED} DELIVERED for app ProcessRecord{445f751 13810:com.google.android.apps.photos/u0a92}
12-12 00:53:31.860  2841  3418 V BroadcastQueue: [background] Process cur broadcast BroadcastRecord{18721480 u0 android.intent.action.PACKAGE_DATA_CLEARED} DELIVERED for app ProcessRecord{23b68233 8317:com.google.android.gms.persistent/u0a6}
12-12 00:53:31.860  2841  3104 D ActivityManager: startService callerProcessName:com.google.android.gms, calleePkgName: com.google.android.gms
12-12 00:53:31.865  2841  3589 D ActivityManager: startService callerProcessName:com.google.android.gms, calleePkgName: com.google.android.gms
12-12 00:53:31.870  2841  3591 D ActivityManager: startService callerProcessName:com.google.android.gms, calleePkgName: com.google.android.gms
12-12 00:53:31.870 13188 13939 I Icing   : Using regular flags by method 2
12-12 00:53:31.890 13922 13922 E AffinityControl: AffinityControl: registerfunction enter
12-12 00:53:31.895  2841  3593 D ActivityManager: startService callerProcessName:com.google.android.gms, calleePkgName: com.google.android.gms
12-12 00:53:31.900  2841  3594 D ActivityManager: startService callerProcessName:com.google.android.gms, calleePkgName: com.google.android.gms
12-12 00:53:31.900 13188 13937 D Wear_Controller: Received broadcast action=android.intent.action.PACKAGE_DATA_CLEARED and uri=com.android.systemui
12-12 00:53:31.900 13188 13953 W ChimeraUtils: Non Chimera context
12-12 00:53:31.905  2841  3591 D ActivityManager: startService callerProcessName:com.google.android.gms, calleePkgName: com.google.android.gms
12-12 00:53:31.905  2841  3601 D ActivityManager: startService callerProcessName:com.google.android.gms, calleePkgName: com.google.android.gms
12-12 00:53:31.915 13188 13937 I LocationSettingsChecker: Removing dialog suppression flag for package com.android.systemui
12-12 00:53:31.930  2841  2934 D ActivityManager: startService callerProcessName:com.google.android.gms, calleePkgName: com.google.android.gms
12-12 00:53:31.935 13922 13922 D AndroidRuntime: Calling main entry com.android.commands.pm.Pm
12-12 00:53:31.935  2841  2858 D ActivityManager: startService callerProcessName:com.google.android.gms, calleePkgName: com.google.android.gms
12-12 00:53:31.935 13188 13939 D Wear_Controller: Received broadcast action=android.intent.action.PACKAGE_DATA_CLEARED and uri=com.android.phone
12-12 00:53:31.940  2841  3601 D ActivityManager: startService callerProcessName:com.google.android.gms, calleePkgName: com.google.android.gms
12-12 00:53:31.940  2841  3591 D ActivityManager: startService callerProcessName:com.google.android.gms, calleePkgName: com.google.android.gms
12-12 00:53:31.940  2841  3418 I ActivityManager: Force stopping com.google.android.apps.maps appid=10085 user=0: clear data
12-12 00:53:31.945 13188 13939 I LocationSettingsChecker: Removing dialog suppression flag for package com.android.phone
12-12 00:53:31.945  2841  3418 I ActivityManager: Force stopping com.google.android.apps.maps appid=10085 user=0: clear data
12-12 00:53:31.945  2841  3418 D PackageManager: START CLEAR APPLICATION USER DATA: observer{559495153}
12-12 00:53:31.945  2841  3418 D PackageManager: pkg{<packageName>}
12-12 00:53:31.945  2841  3418 D PackageManager: user{0}
12-12 00:53:31.950  2841  2934 D ActivityManager: startService callerProcessName:com.google.android.gms, calleePkgName: com.google.android.gms
12-12 00:53:31.950  2841  2882 D PackageManager: [MSG] CLEAR_APPLICATION_USER_DATA
12-12 00:53:31.975  2841  2870 V BroadcastQueue: [background] Process cur broadcast BroadcastRecord{2db8622d u0 android.intent.action.PACKAGE_RESTARTED} DELIVERED for app ProcessRecord{18385abd 2841:system/1000}
12-12 00:53:31.975  2841  3596 D ActivityManager: startService callerProcessName:com.google.android.gms, calleePkgName: com.google.android.gms
12-12 00:53:31.980  2841  2882 D ActivityManager: bindService callerProcessName:android, calleePkgName: com.android.defcontainer, action: null
12-12 00:53:31.995 13775 13775 D SAControlPanelReceiver: *****onReceive()*****
12-12 00:53:31.995  2841  2841 V BroadcastQueue: [background] Process cur broadcast BroadcastRecord{2db8622d u0 android.intent.action.PACKAGE_RESTARTED} DELIVERED for app ProcessRecord{280af960 13775:com.sec.android.app.soundalive/u0a39}
12-12 00:53:31.995 13775 13775 D SAControlPanelReceiver: Action: android.intent.action.PACKAGE_RESTARTED
12-12 00:53:32.000 13794 13809 D Documents: Update found 6 roots in 17ms
12-12 00:53:32.000  2841  3104 V BroadcastQueue: [background] Process cur broadcast BroadcastRecord{3b65f429 u0 android.intent.action.PACKAGE_RESTARTED} DELIVERED for app ProcessRecord{18385abd 2841:system/1000}
12-12 00:53:32.005 13775 13775 D SAControlPanelReceiver: *****onReceive()*****
12-12 00:53:32.005  2841  2841 V BroadcastQueue: [background] Process cur broadcast BroadcastRecord{3b65f429 u0 android.intent.action.PACKAGE_RESTARTED} DELIVERED for app ProcessRecord{280af960 13775:com.sec.android.app.soundalive/u0a39}
12-12 00:53:32.005 13775 13775 D SAControlPanelReceiver: Action: android.intent.action.PACKAGE_RESTARTED
12-12 00:53:32.010  2841  2882 D PackageManager: result of install: true{559495153}
12-12 00:53:32.010 13188 13967 I Icing   : Storage manager: low false usage 1.60MB avail 3.63GB capacity 4.52GB
12-12 00:53:32.010  2841  3595 V BroadcastQueue: [background] Process cur broadcast BroadcastRecord{1b83a3ae u0 android.intent.action.PACKAGE_DATA_CLEARED} DELIVERED for app ProcessRecord{dd6d2f0 4152:com.android.contacts/u0a14}
12-12 00:53:32.015  8317  8317 I GeofencerStateMachine: removeGeofences: removeRequest=RemoveGeofencingRequest[REMOVE_ALL packageName=com.google.android.apps.maps]
12-12 00:53:32.015 13922 13922 I art     : System.exit called, status: 0
12-12 00:53:32.015 13922 13922 I AndroidRuntime: VM exiting with result code 0.
12-12 00:53:32.020  2841  2934 V BroadcastQueue: [background] Process cur broadcast BroadcastRecord{1b83a3ae u0 android.intent.action.PACKAGE_DATA_CLEARED} DELIVERED for app ProcessRecord{10aa4c07 13647:com.android.mms/u0a34}
12-12 00:53:32.025 13647 13647 D Mms/FreeMessageStatusReceiver: onReceive, action : android.intent.action.PACKAGE_DATA_CLEARED
12-12 00:53:32.025  2841  3523 D ActivityManager: startService callerProcessName:com.android.mms, calleePkgName: com.android.mms
12-12 00:53:32.030 13647 13971 D Mms/FreeMessageReceiverService: onHandleIntent, action : android.intent.action.PACKAGE_DATA_CLEARED
12-12 00:53:32.030  2841  3594 V BroadcastQueue: [background] Process cur broadcast BroadcastRecord{1b83a3ae u0 android.intent.action.PACKAGE_DATA_CLEARED} DELIVERED for app ProcessRecord{1b7f3e16 3392:com.google.android.googlequicksearchbox:search/u0a42}
12-12 00:53:32.030 13647 13971 D Mms/FreeMessageReceiverService: onHandleIntent: ACTION_PACKAGE_DATA_CLEARED
12-12 00:53:32.035  2841  3142 E Watchdog: !@Sync 123 [12-12 00:53:32.036]
12-12 00:53:32.035  2841  3594 V BroadcastQueue: [background] Process cur broadcast BroadcastRecord{1b83a3ae u0 android.intent.action.PACKAGE_DATA_CLEARED} DELIVERED for app ProcessRecord{9164b8c 13794:com.android.documentsui/u0a72}
12-12 00:53:32.040  2841  3589 V BroadcastQueue: [background] Process cur broadcast BroadcastRecord{1b83a3ae u0 android.intent.action.PACKAGE_DATA_CLEARED} DELIVERED for app ProcessRecord{445f751 13810:com.google.android.apps.photos/u0a92}
12-12 00:53:32.045  2841  3591 V BroadcastQueue: [background] Process cur broadcast BroadcastRecord{1b83a3ae u0 android.intent.action.PACKAGE_DATA_CLEARED} DELIVERED for app ProcessRecord{23b68233 8317:com.google.android.gms.persistent/u0a6}
12-12 00:53:32.050  2841  2857 D ActivityManager: startService callerProcessName:com.google.android.gms, calleePkgName: com.google.android.gms
12-12 00:53:32.055  2841  3596 D ActivityManager: startService callerProcessName:com.google.android.gms, calleePkgName: com.google.android.gms
12-12 00:53:32.055  2841  3600 D ActivityManager: startService callerProcessName:com.google.android.gms, calleePkgName: com.google.android.gms
12-12 00:53:32.055  2841  3104 D ActivityManager: startService callerProcessName:com.google.android.gms, calleePkgName: com.google.android.gms
12-12 00:53:32.060 13188 13935 D Wear_Controller: Received broadcast action=android.intent.action.PACKAGE_DATA_CLEARED and uri=com.google.android.apps.maps
12-12 00:53:32.060 13188 13939 I LocationSettingsChecker: Removing dialog suppression flag for package com.google.android.apps.maps
12-12 00:53:32.065  2841  3601 D ActivityManager: startService callerProcessName:com.google.android.gms, calleePkgName: com.google.android.gms
12-12 00:53:32.065  2841  2934 D ActivityManager: startService callerProcessName:com.google.android.gms, calleePkgName: com.google.android.gms
12-12 00:53:32.070  2841  3593 D ActivityManager: startService callerProcessName:com.google.android.gms, calleePkgName: com.google.android.gms
12-12 00:53:32.080  2841  3523 D ActivityManager: startService callerProcessName:com.google.android.gms, calleePkgName: com.google.android.gms
12-12 00:53:32.150  2841  3418 D ActivityManager: startService callerProcessName:com.google.android.gms, calleePkgName: com.google.android.gms
12-12 00:53:32.165 13188 13967 W Icing   : transportation_script_path is empty
12-12 00:53:32.175 13188 13967 W Icing   : generic::invalid_argument: Empty URI
12-12 00:53:32.175 13188 13967 W Icing   : generic::invalid_argument: Empty URI
12-12 00:53:32.175 13188 13967 W Icing   : WordsMap was not properly initialized
12-12 00:53:32.260 13188 13967 I DynamiteModule: Considering local module com.google.android.gms.googlecertificates:4 and remote module com.google.android.gms.googlecertificates:4
12-12 00:53:32.260 13188 13967 I DynamiteModule: Selected local version of com.google.android.gms.googlecertificates
12-12 00:53:32.460  2841  3104 I art     : Explicit concurrent mark sweep GC freed 23273(1414KB) AllocSpace objects, 15(1124KB) LOS objects, 19% free, 23MB/29MB, paused 2.681ms total 134.498ms
12-12 00:53:32.510 13188 13967 I Icing   : updateResources: need to parse uos{com.google.android.gms}
12-12 00:53:32.620 13980 13980 D AndroidRuntime: >>>>>> START com.android.internal.os.RuntimeInit uid 2000 <<<<<<
12-12 00:53:32.625 13980 13980 D AndroidRuntime: CheckJNI is OFF
12-12 00:53:32.630 13980 13980 D AndroidRuntime: readGMSProperty: start
12-12 00:53:32.630 13980 13980 D AndroidRuntime: readGMSProperty: already setted!!
12-12 00:53:32.630 13980 13980 D AndroidRuntime: propertySet: couldn't set property (it is from app)
12-12 00:53:32.630 13980 13980 D AndroidRuntime: readGMSProperty: could not set the property(default)!!
12-12 00:53:32.630 13980 13980 D AndroidRuntime: readGMSProperty: end
12-12 00:53:32.630 13980 13980 D AndroidRuntime: addProductProperty: start
12-12 00:53:32.775 13980 13980 E AffinityControl: AffinityControl: registerfunction enter
12-12 00:53:32.805 13980 13980 D AndroidRuntime: Calling main entry com.android.commands.pm.Pm
12-12 00:53:32.810  2841  3104 I ActivityManager: Force stopping com.android.settings appid=1000 user=0: clear data
12-12 00:53:32.810  2841  3104 I ActivityManager: Killing 6057:com.samsung.android.MtpApplication/1000 (adj 2): stop com.android.settings cause clear data
12-12 00:53:32.815  2841  3104 D ActivityManager: cleanUpApplicationRecord -- 6057
12-12 00:53:32.815  2841  3104 D ActivityManager: isAutoRunBlockedApp:: com.samsung.android.MtpApplication, Auto Run ON
12-12 00:53:32.815  2841  3104 I ActivityManager: isWidgetUsingPkg : com.samsung.android.MtpApplication no widget is using.
12-12 00:53:32.815  2841  3104 W ActivityManager: Scheduling restart of crashed service com.samsung.android.MtpApplication/.MtpService in 1000ms
12-12 00:53:32.815  2841  3104 I ActivityManager:   Force finishing activity 3 ActivityRecord{fface71 u0 com.android.settings/.SettingsReceiverActivity t15}
12-12 00:53:32.820  2841  3104 I ActivityManager: Force stopping com.android.settings appid=1000 user=0: clear data
12-12 00:53:32.820  2841  3104 I ActivityManager:   Force finishing activity 3 ActivityRecord{fface71 u0 com.android.settings/.SettingsReceiverActivity t15 f}
12-12 00:53:32.825  2841  3104 W ActivityManager: Duplicate finish request for ActivityRecord{fface71 u0 com.android.settings/.SettingsReceiverActivity t15 f}
12-12 00:53:32.825  2841  3104 D PackageManager: START CLEAR APPLICATION USER DATA: observer{158266228}
12-12 00:53:32.825  2841  3104 D PackageManager: pkg{<packageName>}
12-12 00:53:32.825  2841  3104 D PackageManager: user{0}
12-12 00:53:32.830  2841  2882 D PackageManager: [MSG] CLEAR_APPLICATION_USER_DATA
12-12 00:53:32.835  2841  2882 W PackageManager: skip to clear keystore for appId 1000
12-12 00:53:32.840  2841  2882 D ActivityManager: bindService callerProcessName:android, calleePkgName: com.android.defcontainer, action: null
12-12 00:53:32.855 12660 12673 I art     : Explicit marksweep + semispace GC freed 2006(66KB) AllocSpace objects, 0(0B) LOS objects, 34% free, 3MB/5MB, paused 11.915ms total 12.160ms
12-12 00:53:32.870  2841  2870 V BroadcastQueue: [background] Process cur broadcast BroadcastRecord{19873999 u0 android.intent.action.PACKAGE_RESTARTED} DELIVERED for app ProcessRecord{18385abd 2841:system/1000}
12-12 00:53:32.875  8317  8317 I GeofencerStateMachine: removeGeofences: removeRequest=RemoveGeofencingRequest[REMOVE_ALL packageName=com.android.settings]
12-12 00:53:32.875  2841  2841 V BroadcastQueue: [background] Process cur broadcast BroadcastRecord{19873999 u0 android.intent.action.PACKAGE_RESTARTED} DELIVERED for app ProcessRecord{280af960 13775:com.sec.android.app.soundalive/u0a39}
12-12 00:53:32.880 13775 13775 D SAControlPanelReceiver: *****onReceive()*****
12-12 00:53:32.880 13775 13775 D SAControlPanelReceiver: Action: android.intent.action.PACKAGE_RESTARTED
12-12 00:53:32.880  2841  3589 V BroadcastQueue: [background] Process cur broadcast BroadcastRecord{3776545e u0 android.intent.action.PACKAGE_RESTARTED} DELIVERED for app ProcessRecord{18385abd 2841:system/1000}
12-12 00:53:32.885  2156  2888 E         : BitTube(): close sendFd (67)
12-12 00:53:32.885  2156  2888 E         : BitTube(): close sendFd (64)
12-12 00:53:32.885  2841  2841 V BroadcastQueue: [background] Process cur broadcast BroadcastRecord{3776545e u0 android.intent.action.PACKAGE_RESTARTED} DELIVERED for app ProcessRecord{280af960 13775:com.sec.android.app.soundalive/u0a39}
12-12 00:53:32.890 13775 13775 D SAControlPanelReceiver: *****onReceive()*****
12-12 00:53:32.890 13775 13775 D SAControlPanelReceiver: Action: android.intent.action.PACKAGE_RESTARTED
