12-12 00:53:39.725  2841  3523 D ActivityManager: startService callerProcessName:com.google.android.gms, calleePkgName: com.google.android.gms
12-12 00:53:39.725  2841  3594 D ActivityManager: startService callerProcessName:com.google.android.gms, calleePkgName: com.google.android.gms
12-12 00:53:39.755 14100 14100 I art     : Rejecting re-init on previously-failed class java.lang.Class<nae>
12-12 00:53:39.755 14100 14100 I art     : Rejecting re-init on previously-failed class java.lang.Class<nae>
12-12 00:53:39.760  2841  2934 D ActivityManager: startService callerProcessName:com.google.android.gms, calleePkgName: com.google.android.gms
12-12 00:53:39.775 14141 14210 I Auth    : [WorkAccount] update authenticator enabled for boot or update
12-12 00:53:39.775  2841  2857 D ActivityManager: startService callerProcessName:com.google.android.gms, calleePkgName: com.google.android.gms
12-12 00:53:39.780  2841  3523 D ActivityManager: startService callerProcessName:com.google.android.gms, calleePkgName: com.google.android.gms
12-12 00:53:39.815 14100 14114 W ConfigurationChimeraPro: Got null configs for com.google.android.gms.auth.account.base
12-12 00:53:39.815  2841  3266 D ActivityManager: startService callerProcessName:com.google.android.gms, calleePkgName: com.google.android.gms
12-12 00:53:39.820  2841  3418 D ActivityManager: startService callerProcessName:com.google.android.gms, calleePkgName: com.google.android.gms
12-12 00:53:39.825  2841  3596 D ActivityManager: startService callerProcessName:com.google.android.gms, calleePkgName: com.google.android.gms
12-12 00:53:39.825  2841  3266 D ActivityManager: startService callerProcessName:com.google.android.gms, calleePkgName: com.google.android.gms
12-12 00:53:39.830  2841  3600 D ActivityManager: startService callerProcessName:com.google.android.gms, calleePkgName: com.google.android.gms
12-12 00:53:39.830  2841  3104 D ActivityManager: startService callerProcessName:com.google.android.gms, calleePkgName: com.google.android.gms
12-12 00:53:39.835  2841  2857 D ActivityManager: startService callerProcessName:com.google.android.gms, calleePkgName: com.google.android.gms
12-12 00:53:39.835  2841  2934 D ActivityManager: startService callerProcessName:com.google.android.gms, calleePkgName: com.google.android.gms
12-12 00:53:39.840  2841  3593 D ActivityManager: startService callerProcessName:com.google.android.gms, calleePkgName: com.google.android.gms
12-12 00:53:39.840  2841  3523 D ActivityManager: startService callerProcessName:com.google.android.gms, calleePkgName: com.google.android.gms
12-12 00:53:39.845  2841  3589 D ActivityManager: startService callerProcessName:com.google.android.gms, calleePkgName: com.google.android.gms
12-12 00:53:39.845  2841  2934 D ActivityManager: startService callerProcessName:com.google.android.gms, calleePkgName: com.google.android.gms
12-12 00:53:39.850  2841  3418 D ActivityManager: startService callerProcessName:com.google.android.gms, calleePkgName: com.google.android.gms
12-12 00:53:39.855  2841  3593 D ActivityManager: startService callerProcessName:com.google.android.gms, calleePkgName: com.google.android.gms
12-12 00:53:39.855  2841  3600 D ActivityManager: startService callerProcessName:com.google.android.gms, calleePkgName: com.google.android.gms
12-12 00:53:39.860  2841  3523 D ActivityManager: startService callerProcessName:com.google.android.gms, calleePkgName: com.google.android.gms
12-12 00:53:39.865 14141 14247 I DynamiteModule: Considering local module com.google.android.gms.googlecertificates:4 and remote module com.google.android.gms.googlecertificates:0
12-12 00:53:39.865  2841  3596 D ActivityManager: startService callerProcessName:com.google.android.gms, calleePkgName: com.google.android.gms
12-12 00:53:39.865 14141 14247 I DynamiteModule: Selected local version of com.google.android.gms.googlecertificates
12-12 00:53:39.865  2841  2934 D ActivityManager: startService callerProcessName:com.google.android.gms, calleePkgName: com.google.android.gms
12-12 00:53:39.870 14280 14280 I Finsky  : [1] com.google.android.finsky.FinskyApp.onCreate(383): Initializing network with DFE https://android.clients.google.com/fdfe/
12-12 00:53:39.875  2841  3523 D ActivityManager: startService callerProcessName:com.google.android.gms, calleePkgName: com.google.android.gms
12-12 00:53:39.875  2841  3596 D ActivityManager: startService callerProcessName:com.google.android.gms, calleePkgName: com.google.android.gms
12-12 00:53:39.880  2841  3266 D ActivityManager: startService callerProcessName:com.google.android.gms, calleePkgName: com.google.android.gms
12-12 00:53:39.880 14280 14280 W Finsky  : [1] com.google.android.finsky.FinskyApp.i(1379): No account configured on this device.
12-12 00:53:39.885  2841  3418 D ActivityManager: startService callerProcessName:com.google.android.gms, calleePkgName: com.google.android.gms
12-12 00:53:39.885  2841  3600 D ActivityManager: startService callerProcessName:com.google.android.gms, calleePkgName: com.google.android.gms
12-12 00:53:39.890  2841  3595 D ActivityManager: startService callerProcessName:com.google.android.gms, calleePkgName: com.google.android.gms
12-12 00:53:39.895  2841  3594 D ActivityManager: startService callerProcessName:com.google.android.gms, calleePkgName: com.google.android.gms
12-12 00:53:39.895  2841  3591 D ActivityManager: startService callerProcessName:com.google.android.gms, calleePkgName: com.google.android.gms
12-12 00:53:39.900  2841  3601 D ActivityManager: startService callerProcessName:com.google.android.gms, calleePkgName: com.google.android.gms
12-12 00:53:39.905  2841  3266 D ActivityManager: startService callerProcessName:com.google.android.gms, calleePkgName: com.google.android.gms
12-12 00:53:39.905  2841  2934 D ActivityManager: startService callerProcessName:com.google.android.gms, calleePkgName: com.google.android.gms
12-12 00:53:39.910  2841  2858 D ActivityManager: startService callerProcessName:com.google.android.gms, calleePkgName: com.google.android.gms
12-12 00:53:39.910  2841  3274 D ActivityManager: startService callerProcessName:com.google.android.gms, calleePkgName: com.google.android.gms
12-12 00:53:39.915  2841  2857 D ActivityManager: startService callerProcessName:com.google.android.gms, calleePkgName: com.google.android.gms
12-12 00:53:39.915  2841  3595 D ActivityManager: startService callerProcessName:com.google.android.gms, calleePkgName: com.google.android.gms
12-12 00:53:39.920  2841  3523 D ActivityManager: startService callerProcessName:com.google.android.gms, calleePkgName: com.google.android.gms
12-12 00:53:39.920  2841  3596 D ActivityManager: startService callerProcessName:com.google.android.gms, calleePkgName: com.google.android.gms
12-12 00:53:39.925 14141 14247 I Icing   : updateResources: need to parse uos{com.google.android.gms}
12-12 00:53:39.930  2841  3274 D ActivityManager: startService callerProcessName:com.google.android.gms, calleePkgName: com.google.android.gms
12-12 00:53:39.935  2841  2857 D ActivityManager: startService callerProcessName:com.google.android.gms, calleePkgName: com.google.android.gms
12-12 00:53:39.935  2841  3589 D ActivityManager: startService callerProcessName:com.google.android.gms, calleePkgName: com.google.android.gms
12-12 00:53:39.940  2841  3600 D ActivityManager: startService callerProcessName:com.google.android.gms, calleePkgName: com.google.android.gms
12-12 00:53:39.945  2841  3595 D ActivityManager: startService callerProcessName:com.google.android.gms, calleePkgName: com.google.android.gms
12-12 00:53:39.945  2841  3523 D ActivityManager: startService callerProcessName:com.google.android.gms, calleePkgName: com.google.android.gms
12-12 00:53:39.950  2841  3596 D ActivityManager: startService callerProcessName:com.google.android.gms, calleePkgName: com.google.android.gms
12-12 00:53:39.950  2841  3104 D ActivityManager: startService callerProcessName:com.google.android.gms, calleePkgName: com.google.android.gms
12-12 00:53:39.955  2841  3594 D ActivityManager: startService callerProcessName:com.google.android.gms, calleePkgName: com.google.android.gms
12-12 00:53:39.955  2841  3591 D ActivityManager: startService callerProcessName:com.google.android.gms, calleePkgName: com.google.android.gms
12-12 00:53:39.960  2841  3593 D ActivityManager: startService callerProcessName:com.google.android.gms, calleePkgName: com.google.android.gms
12-12 00:53:39.960  2841  3601 D ActivityManager: startService callerProcessName:com.google.android.gms, calleePkgName: com.google.android.gms
12-12 00:53:39.965  2841  3266 D ActivityManager: startService callerProcessName:com.google.android.gms, calleePkgName: com.google.android.gms
12-12 00:53:39.965  2841  2934 D ActivityManager: startService callerProcessName:com.google.android.gms, calleePkgName: com.google.android.gms
12-12 00:53:39.970  2841  3418 D ActivityManager: startService callerProcessName:com.google.android.gms, calleePkgName: com.google.android.gms
12-12 00:53:39.970  2841  2858 D ActivityManager: startService callerProcessName:com.google.android.gms, calleePkgName: com.google.android.gms
12-12 00:53:39.975 13605 14322 D Aatp    : /keyguard
12-12 00:53:39.975  2841  3274 D ActivityManager: startService callerProcessName:com.google.android.gms, calleePkgName: com.google.android.gms
12-12 00:53:39.980  2841  2857 D ActivityManager: startService callerProcessName:com.google.android.gms, calleePkgName: com.google.android.gms
12-12 00:53:39.980  2841  3589 D ActivityManager: startService callerProcessName:com.google.android.gms, calleePkgName: com.google.android.gms
12-12 00:53:39.985  2841  3600 D ActivityManager: startService callerProcessName:com.google.android.gms, calleePkgName: com.google.android.gms
12-12 00:53:39.985  2841  3595 D ActivityManager: startService callerProcessName:com.google.android.gms, calleePkgName: com.google.android.gms
12-12 00:53:39.990 13605 14322 D Aatp    : sha1: dc9b7fb31e3e6b59b68ba024d672874257a974a8
12-12 00:53:39.990  2841  3523 D ActivityManager: startService callerProcessName:com.google.android.gms, calleePkgName: com.google.android.gms
12-12 00:53:39.990  2841  3523 D ActivityManager: startService callerProcessName:com.amazon.aatp.aatpdevicemanager, calleePkgName: com.amazon.aatp.aatpdevicemanager
12-12 00:53:39.995  2841  3104 D ActivityManager: startService callerProcessName:com.google.android.gms, calleePkgName: com.google.android.gms
12-12 00:53:40.000  2841  3593 D ActivityManager: startService callerProcessName:com.google.android.gms, calleePkgName: com.google.android.gms
12-12 00:53:40.005  2841  3601 D ActivityManager: startService callerProcessName:com.google.android.gms, calleePkgName: com.google.android.gms
12-12 00:53:40.010 13605 14322 D Aatp    : /task/dc9b7fb31e3e6b59b68ba024d672874257a974a8
12-12 00:53:40.015  2841  3594 D ActivityManager: startService callerProcessName:com.google.android.gms, calleePkgName: com.google.android.gms
12-12 00:53:40.015  2841  2870 D ApplicationPolicy: isStatusBarNotificationAllowedAsUser: packageName = com.amazon.aatp.aatpdevicemanager,userId = 0
12-12 00:53:40.015  2841  2841 D WindowManager: showStatusBarByNotification() mOpenByNotification=false
12-12 00:53:40.025 13605 13605 D AatpDeviceManager: taskStatus update (dc9b7fb31e3e6b59b68ba024d672874257a974a8: {"state":1})
12-12 00:53:40.025 13605 14323 D AatpDeviceManager: Keyguard enabled: false
12-12 00:53:40.025  2841  2857 D ActivityManager: startService callerProcessName:com.google.android.gms, calleePkgName: com.google.android.gms
12-12 00:53:40.030  2841  3266 D ActivityManager: startService callerProcessName:com.google.android.gms, calleePkgName: com.google.android.gms
12-12 00:53:40.035  2841  3523 D ActivityManager: startService callerProcessName:com.google.android.gms, calleePkgName: com.google.android.gms
12-12 00:53:40.040  2841  3593 D ActivityManager: startService callerProcessName:com.google.android.gms, calleePkgName: com.google.android.gms
12-12 00:53:40.045 13605 13605 D AatpDeviceManager: taskStatus update (dc9b7fb31e3e6b59b68ba024d672874257a974a8: {"result":{"enabled":false},"state":2})
12-12 00:53:40.045  2841  2841 D LightsService: [api] [SvcLED] turnOff:: id = 5 (uid: 1000 pid: 2841) 
12-12 00:53:40.045  2841  2841 W CoverManager: getCoverState : This device is not supported cover
12-12 00:53:40.045  2841  2841 D LightsService: [api] [SvcLED] LED indicator : Not supported.
12-12 00:53:40.055  2841  3523 D ActivityManager: startService callerProcessName:com.google.android.gms, calleePkgName: com.google.android.gms
12-12 00:53:40.055  2841  3594 D ActivityManager: startService callerProcessName:com.google.android.gms, calleePkgName: com.google.android.gms
12-12 00:53:40.060  2841  2858 D ActivityManager: startService callerProcessName:com.google.android.gms, calleePkgName: com.google.android.gms
12-12 00:53:40.060  2841  2934 D ActivityManager: startService callerProcessName:com.google.android.gms, calleePkgName: com.google.android.gms
12-12 00:53:40.075  2841  3593 D ActivityManager: startService callerProcessName:com.google.android.gms, calleePkgName: com.google.android.gms
12-12 00:53:40.090  2841  3591 D ActivityManager: startService callerProcessName:com.google.android.gms, calleePkgName: com.google.android.gms
12-12 00:53:40.095  2841  3589 D ActivityManager: startService callerProcessName:com.google.android.gms, calleePkgName: com.google.android.gms
12-12 00:53:40.100  2993  2993 D KnoxNotification: ----- inflateViews : modified publicViewLocal -----
12-12 00:53:40.120  2993  2993 D KnoxNotification: ----- inflateViews : modified KnoxViewLocal -----
12-12 00:53:40.145  2993  2993 D StatusBar: getNumberOfActiveSim: 1
12-12 00:53:40.145  2993  2993 D PanelView: kidsfalse mQsExpansionEnabled:true
12-12 00:53:40.150  2993  2993 D StatusBar: getNumberOfActiveSim: 1
12-12 00:53:40.150  2993  2993 D PanelView: kidsfalse mQsExpansionEnabled:true
12-12 00:53:40.155  2993  2993 D StatusBar: getNumberOfActiveSim: 1
12-12 00:53:40.155  2841  2858 D ActivityManager: startService callerProcessName:com.google.android.gms, calleePkgName: com.google.android.gms
12-12 00:53:40.160  2993  2993 D PanelView: kidsfalse mQsExpansionEnabled:true
12-12 00:53:40.170  2993  2993 D StatusBar: getNumberOfActiveSim: 1
12-12 00:53:40.170  2993  2993 D PanelView: kidsfalse mQsExpansionEnabled:true
12-12 00:53:40.175 14100 14326 W System.err: remove failed: ENOENT (No such file or directory) : /data/data/com.google.android.gms/files/reporting-log
12-12 00:53:40.190 13605 14325 D Aatp    : /task/dc9b7fb31e3e6b59b68ba024d672874257a974a8/status
12-12 00:53:40.215  2841  2857 D ActivityManager: startService callerProcessName:com.google.android.gms, calleePkgName: com.google.android.gms
12-12 00:53:40.225  2841  2934 D ActivityManager: startService callerProcessName:com.google.android.gms, calleePkgName: com.google.android.gms
12-12 00:53:40.240  2841  3418 D ActivityManager: startService callerProcessName:com.google.android.gms, calleePkgName: com.google.android.gms
12-12 00:53:40.245  2841  3594 D ActivityManager: startService callerProcessName:com.google.android.gms, calleePkgName: com.google.android.gms
12-12 00:53:40.265  2841  3600 D ActivityManager: startService callerProcessName:com.google.android.gms, calleePkgName: com.google.android.gms
12-12 00:53:40.265  2841  3591 D LocationManagerService: request 275a8698 passive Request[POWER_NONE passive fastest=0] from com.google.android.gms(10006)
12-12 00:53:40.265  2841  3591 D LocationManagerService: provider request: passive ProviderRequest[ON interval=0]
12-12 00:53:40.270  2841  2857 D ActivityManager: startService callerProcessName:com.google.android.gms, calleePkgName: com.google.android.gms
12-12 00:53:40.270 14280 14280 W Finsky  : [1] com.google.android.finsky.FinskyApp.i(1379): No account configured on this device.
12-12 00:53:40.270 14100 14328 I Auth    : [Change,AccountsChange] First snapshot
12-12 00:53:40.275  2841  3266 D ActivityManager: startService callerProcessName:com.google.android.gms, calleePkgName: com.google.android.gms
12-12 00:53:40.275  2841  3596 D ActivityManager: startService callerProcessName:com.google.android.gms, calleePkgName: com.google.android.gms
12-12 00:53:40.275 14280 14280 W Finsky  : [1] com.google.android.finsky.FinskyApp.i(1379): No account configured on this device.
12-12 00:53:40.280  2841  3595 D ActivityManager: startService callerProcessName:com.google.android.gms, calleePkgName: com.google.android.gms
12-12 00:53:40.285  2841  3591 D ActivityManager: startService callerProcessName:com.google.android.gms, calleePkgName: com.google.android.gms
12-12 00:53:40.285  2841  3104 D ActivityManager: startService callerProcessName:com.google.android.gms, calleePkgName: com.google.android.gms
12-12 00:53:40.285 14280 14280 W Finsky  : [1] com.google.android.finsky.FinskyApp.i(1379): No account configured on this device.
12-12 00:53:40.290 14280 14280 W Finsky  : [1] com.google.android.finsky.FinskyApp.i(1379): No account configured on this device.
12-12 00:53:40.300  2841  3593 D ActivityManager: startService callerProcessName:com.google.android.gms, calleePkgName: com.google.android.gms
12-12 00:53:40.300 14100 14328 W WakefulBroadcastReceiv.: No active wake lock id #1
12-12 00:53:40.300 13605 14333 D Aatp    : /wifi
12-12 00:53:40.305  2841  2858 D ActivityManager: startService callerProcessName:com.google.android.gms, calleePkgName: com.google.android.gms
12-12 00:53:40.310  2841  3594 D ActivityManager: startService callerProcessName:com.google.android.gms, calleePkgName: com.google.android.gms
12-12 00:53:40.315  2841  3596 D ActivityManager: startService callerProcessName:com.google.android.gms, calleePkgName: com.google.android.gms
12-12 00:53:40.320  2841  3593 D ActivityManager: startService callerProcessName:com.google.android.gms, calleePkgName: com.google.android.gms
12-12 00:53:40.320  2841  3591 D ActivityManager: startService callerProcessName:com.google.android.gms, calleePkgName: com.google.android.gms
12-12 00:53:40.325  2841  3266 D ActivityManager: startService callerProcessName:com.google.android.gms, calleePkgName: com.google.android.gms
12-12 00:53:40.325  2841  3594 D ActivityManager: startService callerProcessName:com.google.android.gms, calleePkgName: com.google.android.gms
12-12 00:53:40.330  2841  2857 D ActivityManager: startService callerProcessName:com.google.android.gms, calleePkgName: com.google.android.gms
12-12 00:53:40.330 13605 14333 D Aatp    : sha1: 2d3fd808bb32d7f872427f39ea125a4a0d1df953
12-12 00:53:40.330 13605 14333 D AatpDeviceManager: k: enabled v: True
12-12 00:53:40.330 13605 14333 D AatpDeviceManager: k: NanoHttpd.QUERY_STRING v: enabled=True
12-12 00:53:40.335  2841  2934 D ActivityManager: startService callerProcessName:com.amazon.aatp.aatpdevicemanager, calleePkgName: com.amazon.aatp.aatpdevicemanager
12-12 00:53:40.340  2841  3601 D ActivityManager: startService callerProcessName:com.google.android.gms, calleePkgName: com.google.android.gms
12-12 00:53:40.345  2841  3595 D ActivityManager: startService callerProcessName:com.google.android.gms, calleePkgName: com.google.android.gms
12-12 00:53:40.345  2841  3266 D ActivityManager: startService callerProcessName:com.google.android.gms, calleePkgName: com.google.android.gms
12-12 00:53:40.350 13605 13605 D AatpDeviceManager: taskStatus update (2d3fd808bb32d7f872427f39ea125a4a0d1df953: {"state":1})
12-12 00:53:40.355 13605 14333 D Aatp    : /task/2d3fd808bb32d7f872427f39ea125a4a0d1df953
12-12 00:53:40.355  2841  2870 D ApplicationPolicy: isStatusBarNotificationAllowedAsUser: packageName = com.amazon.aatp.aatpdevicemanager,userId = 0
12-12 00:53:40.355  2841  2841 D WindowManager: showStatusBarByNotification() mOpenByNotification=false
12-12 00:53:40.365 13605 14343 D AWSDeviceFarmAndroidLib: setWifiEnabled: setting wifi to: true
12-12 00:53:40.380  2841  3266 D SecContentProvider: query(), uri = 18 selection = isWifiEnabled
12-12 00:53:40.380  2841  3591 D ActivityManager: startService callerProcessName:com.google.android.gms, calleePkgName: com.google.android.gms
12-12 00:53:40.380  2841  3266 D SecContentProvider2: query(), uri = 20 selection = isWifiStateChangeAllowed
12-12 00:53:40.385  2841  3601 D ActivityManager: startService callerProcessName:com.google.android.gms, calleePkgName: com.google.android.gms
12-12 00:53:40.385  2841  3104 D ActivityManager: startService callerProcessName:com.google.android.gms, calleePkgName: com.google.android.gms
12-12 00:53:40.390  2841  3600 D ActivityManager: startService callerProcessName:com.google.android.gms, calleePkgName: com.google.android.gms
12-12 00:53:40.390  2841  3274 D ActivityManager: startService callerProcessName:com.google.android.gms, calleePkgName: com.google.android.gms
12-12 00:53:40.395  2841  2857 D ActivityManager: startService callerProcessName:com.google.android.gms, calleePkgName: com.google.android.gms
12-12 00:53:40.395  2841  3266 D WifiService: setWifiEnabled: true pid=13605, uid=10208
12-12 00:53:40.395  2841  3266 W ActivityManager: Permission Denial: getCurrentUser() from pid=13605, uid=10208 requires android.permission.INTERACT_ACROSS_USERS
12-12 00:53:40.400  2841  3596 D ActivityManager: startService callerProcessName:com.google.android.gms, calleePkgName: com.google.android.gms
12-12 00:53:40.400  2841  3266 W WifiService: Failed getting userId using ActivityManagerNative
12-12 00:53:40.400  2841  3266 W WifiService: java.lang.SecurityException: Permission Denial: getCurrentUser() from pid=13605, uid=10208 requires android.permission.INTERACT_ACROSS_USERS
12-12 00:53:40.400  2841  3266 W WifiService: 	at com.android.server.am.ActivityManagerService.getCurrentUser(ActivityManagerService.java:26503)
12-12 00:53:40.400  2841  3266 W WifiService: 	at com.android.server.wifi.WifiServiceImpl.setWifiEnabled(WifiServiceImpl.java:2473)
12-12 00:53:40.400  2841  3266 W WifiService: 	at com.android.server.wifi.WifiServiceImpl.setWifiEnabled(WifiServiceImpl.java:2461)
12-12 00:53:40.400  2841  3266 W WifiService: 	at android.net.wifi.IWifiManager$Stub.onTransact(IWifiManager.java:237)
12-12 00:53:40.400  2841  3266 W WifiService: 	at android.os.Binder.execTransact(Binder.java:446)
12-12 00:53:40.405  2841  3266 D SettingsProvider: isChangeAllowed() : name = wifi_on
12-12 00:53:40.415  2841  3591 D ActivityManager: startService callerProcessName:com.google.android.gms, calleePkgName: com.google.android.gms
12-12 00:53:40.420  2841  2858 D ActivityManager: startService callerProcessName:com.google.android.gms, calleePkgName: com.google.android.gms
12-12 00:53:40.425  2841  3601 D ActivityManager: startService callerProcessName:com.google.android.gms, calleePkgName: com.google.android.gms
12-12 00:53:40.430  2841  2944 D WifiController: [FCC]setFccChannel() is called !!!
12-12 00:53:40.430  2841  3589 D ActivityManager: startService callerProcessName:com.google.android.gms, calleePkgName: com.google.android.gms
12-12 00:53:40.430 14280 14280 W Finsky  : [1] com.google.android.finsky.FinskyApp.i(1379): No account configured on this device.
12-12 00:53:40.430  2841  2944 D WifiController: [FCC]Airplane off, setFccChannel(-1)!!!
12-12 00:53:40.430  2841  2944 D WifiStateMachine: setFccChannel: channel = -1
12-12 00:53:40.435 14280 14280 W Finsky  : [1] com.google.android.finsky.FinskyApp.i(1379): No account configured on this device.
12-12 00:53:40.440  2841  2857 D ActivityManager: startService callerProcessName:com.google.android.gms, calleePkgName: com.google.android.gms
12-12 00:53:40.445  2841  2944 D SecContentProvider: insert(), uri = 2
12-12 00:53:40.445  2841  3418 D ActivityManager: startService callerProcessName:com.google.android.gms, calleePkgName: com.google.android.gms
12-12 00:53:40.450  2993  2993 D KnoxNotification: ----- inflateViews : modified publicViewLocal -----
12-12 00:53:40.450 14280 14280 I Finsky  : [1] com.google.android.finsky.services.DailyHygiene.a(121): No need to run daily hygiene.
12-12 00:53:40.450  2841  2943 D WifiStateMachine: setFccChannelNative: channel = -1
12-12 00:53:40.450 14280 14280 W Finsky  : [1] com.google.android.finsky.FinskyApp.i(1379): No account configured on this device.
12-12 00:53:40.450  2841  2943 D WifiNative-wlan0: callSECApiInt - ID [230]
12-12 00:53:40.450 14100 14165 W ConfigurationChimeraPro: Got null configs for com.google.android.gms.auth.api.phone
12-12 00:53:40.455  2841  3596 D ActivityManager: startService callerProcessName:com.google.android.gms, calleePkgName: com.google.android.gms
12-12 00:53:40.460 14100 14346 W ConfigurationChimeraPro: Got null configs for com.google.android.gms.auth.account.base
12-12 00:53:40.460  2841  3418 D ActivityManager: startService callerProcessName:com.google.android.gms, calleePkgName: com.google.android.gms
12-12 00:53:40.465 14100 14307 E GeofenceStateCache: Unable to load state, all registered geofences are lost.
12-12 00:53:40.475  2841  3593 D ActivityManager: startService callerProcessName:com.google.android.gms, calleePkgName: com.google.android.gms
12-12 00:53:40.480  2841  3104 D ActivityManager: startService callerProcessName:com.google.android.gms, calleePkgName: com.google.android.gms
12-12 00:53:40.480  2841  2943 D WifiConfigStore: Loading config and enabling all networks 
12-12 00:53:40.480  2841  3594 D ActivityManager: startService callerProcessName:com.google.android.gms, calleePkgName: com.google.android.gms
12-12 00:53:40.485 14100 14307 W System.err: remove failed: ENOENT (No such file or directory) : /data/data/com.google.android.gms/files/geofencer_state_list.bak
12-12 00:53:40.490  2841  3104 D ActivityManager: startService callerProcessName:com.google.android.gms, calleePkgName: com.google.android.gms
12-12 00:53:40.495 13605 14351 D Aatp    : /task/2d3fd808bb32d7f872427f39ea125a4a0d1df953/status
12-12 00:53:40.500  2993  2993 D KnoxNotification: ----- inflateViews : modified KnoxViewLocal -----
12-12 00:53:40.510  2841  2943 E WifiConfigStore: --- Begin wpa_supplicant.conf Contents ---
12-12 00:53:40.515  2841  2943 E WifiConfigStore: ctrl_interface=/data/misc/wifi/sockets
12-12 00:53:40.515  2841  2943 E WifiConfigStore: update_config=1
12-12 00:53:40.520  2841  2943 E WifiConfigStore: device_name=j2ltedd
12-12 00:53:40.520  2841  2857 D ActivityManager: startService callerProcessName:com.google.android.gms, calleePkgName: com.google.android.gms
12-12 00:53:40.520  2841  2943 E WifiConfigStore: manufacturer=samsung
12-12 00:53:40.520  2841  2943 E WifiConfigStore: model_name=SM-J200G
12-12 00:53:40.525  2841  2943 E WifiConfigStore: model_number=SM-J200G
12-12 00:53:40.525  2841  2943 E WifiConfigStore: serial_number=92011f11a8ce83ef
12-12 00:53:40.525  2841  2943 E WifiConfigStore: device_type=10-0050F204-5
12-12 00:53:40.525  2841  2943 E WifiConfigStore: config_methods=physical_display virtual_push_button
12-12 00:53:40.525  2841  2943 E WifiConfigStore: p2p_listen_reg_class=81
12-12 00:53:40.525  2841  2943 E WifiConfigStore: p2p_listen_channel=1
12-12 00:53:40.530  2841  2943 E WifiConfigStore: p2p_oper_reg_class=81
12-12 00:53:40.530  2841  2943 E WifiConfigStore: p2p_oper_channel=1
12-12 00:53:40.530  2841  2943 E WifiConfigStore: p2p_disabled=1
12-12 00:53:40.530 14280 14280 W Settings: Setting download_manager_max_bytes_over_mobile has moved from android.provider.Settings.Secure to android.provider.Settings.Global.
12-12 00:53:40.530  2841  2943 E WifiConfigStore: okc=1
12-12 00:53:40.530  2841  2943 E WifiConfigStore: ss_enc=1
12-12 00:53:40.530 14280 14280 W Settings: Setting download_manager_recommended_max_bytes_over_mobile has moved from android.provider.Settings.Secure to android.provider.Settings.Global.
12-12 00:53:40.530  2841  2943 E WifiConfigStore: external_sim=1
12-12 00:53:40.530  2841  2943 E WifiConfigStore: --- End wpa_supplicant.conf Contents ---
12-12 00:53:40.535  2841  2943 D WifiNative-wlan0: callSECApiBoolean - ID [11]
12-12 00:53:40.535  2965  2965 I wpa_supplicant: STOP_PERIODIC_SCAN command
12-12 00:53:40.535  2841  2942 D WifiP2pService: P2pDisabledState{ what=131203 }
12-12 00:53:40.540  2841  3274 D ActivityManager: startService callerProcessName:com.google.android.gms, calleePkgName: com.google.android.gms
12-12 00:53:40.540  2965  2965 I wpa_supplicant: wlan0: Setting scan request: 0 sec 0 usec
12-12 00:53:40.540  2965  2965 I wpa_supplicant: P2P: Current p2p state = IDLE
12-12 00:53:40.540  2965  2965 I wpa_supplicant: First Scan Start
12-12 00:53:40.540  2841  2943 E WifiConfigStore: setLastSelectedConfiguration -1
12-12 00:53:40.540  2841  2943 E WifiStateMachine: skipWifiStateBroadcast:false, LastBroadcastedWifiState:1
12-12 00:53:40.545  2168  2838 D CommandListener: Setting iface cfg
12-12 00:53:40.555  2841  2943 D WifiNative-wlan0: callSECApiInt - ID [53]
12-12 00:53:40.555  2993  2993 D StatusBar: getNumberOfActiveSim: 1
12-12 00:53:40.560  2993  2993 D PanelView: kidsfalse mQsExpansionEnabled:true
12-12 00:53:40.560  2841  2943 E WifiStateMachine: skipWifiStateBroadcast:false, LastBroadcastedWifiState:3
12-12 00:53:40.560  2841  2943 D WifiStateMachine: [FCC]Airplane off, setFccChannel(-1)!!!
12-12 00:53:40.560  2841  2943 D WifiStateMachine: setFccChannelNative: channel = -1
12-12 00:53:40.560  2841  2943 D WifiNative-wlan0: callSECApiInt - ID [230]
12-12 00:53:40.570  2993  2993 D StatusBar: getNumberOfActiveSim: 1
12-12 00:53:40.570  2993  2993 D PanelView: kidsfalse mQsExpansionEnabled:true
12-12 00:53:40.570  2841  3589 D ActivityManager: startService callerProcessName:com.google.android.gms, calleePkgName: com.google.android.gms
12-12 00:53:40.575  2841  3595 D ActivityManager: startService callerProcessName:com.google.android.gms, calleePkgName: com.google.android.gms
12-12 00:53:40.580  2841  3596 D ActivityManager: startService callerProcessName:com.google.android.gms, calleePkgName: com.google.android.gms
12-12 00:53:40.595 14141 14210 I Auth    : [AuthManaged,AuthManagedModuleInitIntentOperation] enabling com.google.android.gms.auth.managed.ui.EmmActivity
12-12 00:53:40.600  2841  2841 D SmartBondingService: SmartBondingReceiver: onReceive action=android.net.wifi.WIFI_STATE_CHANGED
12-12 00:53:40.605  2965  2965 I wpa_supplicant: Scan requested (ret=0) - scan timeout 30 seconds
12-12 00:53:40.610  2168  2838 D CommandListener: Trying to bring up p2p0
12-12 00:53:40.610  2841  3104 D ActivityManager: startService callerProcessName:com.google.android.gms, calleePkgName: com.google.android.gms
12-12 00:53:40.610  2168  2832 D Netd    : Iface p2p0 link up
12-12 00:53:40.610  2841  2942 D WifiMonitor: startMonitoring(p2p0) with mConnected = true
12-12 00:53:40.615  2841  2948 D ConnectivityManager: getMobileDataEnabled()+ subId=-1
12-12 00:53:40.620  2841  3589 D ActivityManager: startService callerProcessName:com.google.android.gms, calleePkgName: com.google.android.gms
12-12 00:53:40.625 14141 14210 I Auth    : [AuthManaged,AuthManagedModuleInitIntentOperation] enabling com.google.android.gms.auth.managed.ui.PhoneskyDpcInstallActivity
12-12 00:53:40.630  2841  3594 D ActivityManager: startService callerProcessName:com.google.android.gms, calleePkgName: com.google.android.gms
12-12 00:53:40.635  2841  3600 D ActivityManager: startService callerProcessName:com.google.android.gms, calleePkgName: com.google.android.gms
12-12 00:53:40.640  2841  2934 D ActivityManager: startService callerProcessName:com.google.android.gms, calleePkgName: com.google.android.gms
12-12 00:53:40.640  2841  3589 D ActivityManager: startService callerProcessName:com.google.android.gms, calleePkgName: com.google.android.gms
12-12 00:53:40.645  2841  3596 D ActivityManager: startService callerProcessName:com.google.android.gms, calleePkgName: com.google.android.gms
12-12 00:53:40.645 14100 14165 W ConfigurationChimeraPro: Got null configs for com.google.android.gms.auth_managed
12-12 00:53:40.650  2841  3418 D ActivityManager: startService callerProcessName:com.google.android.gms, calleePkgName: com.google.android.gms
12-12 00:53:40.650  2993  2993 D StatusBar.MSimNetworkController: NoService, mRoamingIconId = 0phoneId : 0
12-12 00:53:40.650  2993  2993 D StatusBar.MSimNetworkController: isSIMOFFOfSlot simDBvalue0 = 1, simDBvalue1 =1
12-12 00:53:40.655  2841  3594 D ActivityManager: startService callerProcessName:com.google.android.gms, calleePkgName: com.google.android.gms
12-12 00:53:40.655  3377  3389 D PdnController: Interface Changed p2p0 link up
12-12 00:53:40.660  2841  3266 D ActivityManager: startService callerProcessName:com.google.android.gms, calleePkgName: com.google.android.gms
12-12 00:53:40.660  2841  3600 D ActivityManager: startService callerProcessName:com.google.android.gms, calleePkgName: com.google.android.gms
12-12 00:53:40.665  2841  3274 D ActivityManager: startService callerProcessName:com.google.android.gms, calleePkgName: com.google.android.gms
12-12 00:53:40.670  2841  2858 D ActivityManager: startService callerProcessName:com.google.android.gms, calleePkgName: com.google.android.gms
12-12 00:53:40.675  2993  2993 D StatusBar.MSimNetworkController: refreshViews connected={ } phoneId = 0 level=0 mMSimcombinedSignalIconId=0x7f020781/com.android.systemui:drawable/tw_stat_sys_signal_null mMSimcombinedActivityIconId=0x0 mAirplaneMode=false mMSimDataActivity=0 mMSimPhoneSignalIconId=0x7f020781/com.android.systemui:drawable/tw_stat_sys_signal_null mMSimDataDirectionIconId=0x0 mMSimDataSignalIconId=0x7f020781 mMSimDataTypeIconId=0x0/(null) mNoMSimIconId=0x7f02016f/com.android.systemui:drawable/ic_qs_no_sim mMSimMobileActivityIconId=0x0/(null) mWifiIconId=0x7f02061a mBluetoothTetherIconId=0x7f020603 mRoamingIconId=0x 0/(null)
12-12 00:53:40.675  2993  2993 D StatusBar.MSimNetworkController: refreshSignalCluster : called
12-12 00:53:40.680  2841  3600 D ActivityManager: startService callerProcessName:com.google.android.gms, calleePkgName: com.google.android.gms
12-12 00:53:40.680  2841  2934 D ActivityManager: startService callerProcessName:com.google.android.gms, calleePkgName: com.google.android.gms
12-12 00:53:40.685  2841  3595 D ActivityManager: startService callerProcessName:com.google.android.gms, calleePkgName: com.google.android.gms
12-12 00:53:40.690 14280 14280 W Finsky  : [1] com.google.android.finsky.FinskyApp.i(1379): No account configured on this device.
12-12 00:53:40.690  2841  3589 D ActivityManager: startService callerProcessName:com.google.android.gms, calleePkgName: com.google.android.gms
12-12 00:53:40.690 14280 14280 W Finsky  : [1] com.google.android.finsky.FinskyApp.i(1379): No account configured on this device.
12-12 00:53:40.690  2841  3594 D ActivityManager: startService callerProcessName:com.google.android.gms, calleePkgName: com.google.android.gms
12-12 00:53:40.695  2841  3266 D ActivityManager: startService callerProcessName:com.google.android.gms, calleePkgName: com.google.android.gms
12-12 00:53:40.700  2993  2993 D STATUSBAR-WifiTile: onReceive : android.net.wifi.WIFI_STATE_CHANGED
12-12 00:53:40.700  2993  2993 D STATUSBAR-WifiTile: Wifi onReceive(3)
12-12 00:53:40.700  2841  3418 D ActivityManager: startService callerProcessName:com.google.android.gms, calleePkgName: com.google.android.gms
12-12 00:53:40.700 14280 14280 W Finsky  : [1] com.google.android.finsky.FinskyApp.i(1379): No account configured on this device.
12-12 00:53:40.700  2841  2858 D ActivityManager: startService callerProcessName:com.google.android.gms, calleePkgName: com.google.android.gms
12-12 00:53:40.705 14280 14280 W Finsky  : [1] com.google.android.finsky.FinskyApp.i(1379): No account configured on this device.
12-12 00:53:40.705  2841  3595 D ActivityManager: startService callerProcessName:com.google.android.gms, calleePkgName: com.google.android.gms
12-12 00:53:40.705 14280 14280 W Finsky  : [1] com.google.android.finsky.FinskyApp.b(1080): No account configured on this device.
12-12 00:53:40.705  2841  3591 D ActivityManager: startService callerProcessName:com.google.android.gms, calleePkgName: com.google.android.gms
12-12 00:53:40.705 14280 14280 W Finsky  : [1] com.google.android.finsky.FinskyApp.i(1379): No account configured on this device.
12-12 00:53:40.710  2993  2993 D STATUSBAR-WifiTile: getWiFiState : WifiManager.WIFI_STATE=3
12-12 00:53:40.710  2841  3274 D ActivityManager: startService callerProcessName:com.google.android.gms, calleePkgName: com.google.android.gms
12-12 00:53:40.715  2993  2993 D HotspotTile: onReceive : android.net.wifi.WIFI_STATE_CHANGED
12-12 00:53:40.715  2841  3596 D ActivityManager: startService callerProcessName:com.google.android.gms, calleePkgName: com.google.android.gms
12-12 00:53:40.715  2993  2993 D HotspotTile: onReceive : 3, 0
12-12 00:53:40.715  2841  2942 D SecContentProvider: insert(), uri = 2
12-12 00:53:40.720  2841  3418 D ActivityManager: startService callerProcessName:com.google.android.gms, calleePkgName: com.google.android.gms
12-12 00:53:40.720  2841  2942 D WifiP2pService: P2pEnablingState
12-12 00:53:40.720  2993  3818 D STATUSBAR-QSTileView: onStateChanged: Wi-Fi
12-12 00:53:40.720  2841  2942 D WifiP2pService: P2pEnablingState{ what=147457 }
12-12 00:53:40.725  3241  3256 D PhoneInterfaceManager: [PhoneIntfMgr] getDataEnabled: subId=-1 phoneId=-1
12-12 00:53:40.725  2841  2942 D WifiP2pService: P2p socket connection successful
12-12 00:53:40.725  3241  3256 E PhoneInterfaceManager: [PhoneIntfMgr] getDataEnabled: no phone subId=-1 retVal=false
12-12 00:53:40.725  2841  2942 D WifiP2pService: P2pEnabledState
12-12 00:53:40.725  2841  2948 D ConnectivityManager: getMobileDataEnabled()- subId=-1 retVal=false
12-12 00:53:40.725  2841  2858 D ActivityManager: startService callerProcessName:com.google.android.gms, calleePkgName: com.google.android.gms
12-12 00:53:40.725  2841  2948 D SmartBondingService: getNetworkEnabled : wifi : true mobile : false
12-12 00:53:40.725  2993  2993 D STATUSBAR-QSTileView: dynamicallyReduceTextSize: 0
12-12 00:53:40.730 14100 14260 W System.err: remove failed: ENOENT (No such file or directory) : /data/data/com.google.android.gms/shared_prefs/ULR_PERSISTENT_PREFS.xml.bak
12-12 00:53:40.730  2841  3104 D ActivityManager: startService callerProcessName:com.google.android.gms, calleePkgName: com.google.android.gms
12-12 00:53:40.730 14280 14360 W Finsky  : [2068] com.google.android.finsky.FinskyApp.i(1379): No account configured on this device.
12-12 00:53:40.735  2841  3594 D ActivityManager: startService callerProcessName:com.google.android.gms, calleePkgName: com.google.android.gms
12-12 00:53:40.735  2841  3600 D ActivityManager: startService callerProcessName:com.google.android.gms, calleePkgName: com.google.android.gms
12-12 00:53:40.740  2841  2942 D SecContentProvider: insert(), uri = 2
12-12 00:53:40.740  2841  2942 D WifiP2pService: sending p2p connection changed broadcast: IDLE
12-12 00:53:40.745 14100 14326 W art     : Verification of boolean mzi.b() took 109.169ms
12-12 00:53:40.745  2841  2841 E WifiStateMachine: BroadcastReceiver : WIFI_P2P_STATE_CHANGED_ACTION is : android.net.wifi.p2p.STATE_CHANGED
12-12 00:53:40.745  2841  3274 D ActivityManager: startService callerProcessName:com.google.android.gms, calleePkgName: com.google.android.gms
12-12 00:53:40.750  2841  3591 D ActivityManager: startService callerProcessName:com.google.android.gms, calleePkgName: com.google.android.gms
12-12 00:53:40.755  2841  3104 D ActivityManager: startService callerProcessName:com.google.android.gms, calleePkgName: com.google.android.gms
12-12 00:53:40.755  2841  3594 D ActivityManager: startService callerProcessName:com.google.android.gms, calleePkgName: com.google.android.gms
12-12 00:53:40.765  2841  2857 D ActivityManager: startService callerProcessName:com.google.android.gms, calleePkgName: com.google.android.gms
12-12 00:53:40.765  2841  2942 D WifiP2pService: create mNetworkAgent
12-12 00:53:40.770 14100 14260 W System.err: remove failed: ENOENT (No such file or directory) : /data/data/com.google.android.gms/shared_prefs/LOCATION_REPORTING.xml.bak
12-12 00:53:40.770  2841  3274 D ActivityManager: startService callerProcessName:com.google.android.gms, calleePkgName: com.google.android.gms
12-12 00:53:40.775  2841  3596 D ActivityManager: startService callerProcessName:com.google.android.gms, calleePkgName: com.google.android.gms
12-12 00:53:40.775  2841  3593 D ActivityManager: startService callerProcessName:com.google.android.gms, calleePkgName: com.google.android.gms
12-12 00:53:40.780  2841  2858 D ActivityManager: startService callerProcessName:com.google.android.gms, calleePkgName: com.google.android.gms
12-12 00:53:40.780  2841  3418 D ActivityManager: startService callerProcessName:com.google.android.gms, calleePkgName: com.google.android.gms
12-12 00:53:40.785  2841  3594 D ActivityManager: startService callerProcessName:com.google.android.gms, calleePkgName: com.google.android.gms
12-12 00:53:40.790  2841  3595 D ActivityManager: startService callerProcessName:com.google.android.gms, calleePkgName: com.google.android.gms
12-12 00:53:40.790  2841  3589 D ActivityManager: startService callerProcessName:com.google.android.gms, calleePkgName: com.google.android.gms
12-12 00:53:40.795  2841  3523 D ActivityManager: startService callerProcessName:com.google.android.gms, calleePkgName: com.google.android.gms
12-12 00:53:40.800  2841  2857 D ActivityManager: startService callerProcessName:com.google.android.gms, calleePkgName: com.google.android.gms
12-12 00:53:40.800  2841  3601 D ActivityManager: startService callerProcessName:com.google.android.gms, calleePkgName: com.google.android.gms
12-12 00:53:40.805  2841  3418 D ActivityManager: startService callerProcessName:com.google.android.gms, calleePkgName: com.google.android.gms
12-12 00:53:40.810  2841  2857 D ActivityManager: startService callerProcessName:com.google.android.gms, calleePkgName: com.google.android.gms
12-12 00:53:40.810 14280 14280 I Finsky  : [1] com.google.android.finsky.c.l.a(270): result=false type=4
12-12 00:53:40.815  2841  3593 D ActivityManager: startService callerProcessName:com.android.vending, calleePkgName: com.android.vending
12-12 00:53:40.820  2841  3104 D ActivityManager: startService callerProcessName:com.google.android.gms, calleePkgName: com.google.android.gms
12-12 00:53:40.825 14280 14280 W System.err: remove failed: ENOENT (No such file or directory) : /data/data/com.android.vending/databases/assets14.db
12-12 00:53:40.825 14280 14280 W System.err: remove failed: ENOENT (No such file or directory) : /data/data/com.android.vending/databases/assets14.db-journal
12-12 00:53:40.825 14280 14280 W System.err: remove failed: ENOENT (No such file or directory) : /data/data/com.android.vending/databases/assets14.db-shm
12-12 00:53:40.825 14280 14280 W System.err: remove failed: ENOENT (No such file or directory) : /data/data/com.android.vending/databases/assets14.db-wal
12-12 00:53:40.830 14280 14280 W System.err: remove failed: ENOENT (No such file or directory) : /data/data/com.android.vending/databases/market_assets.db
12-12 00:53:40.830 14280 14280 W System.err: remove failed: ENOENT (No such file or directory) : /data/data/com.android.vending/databases/market_assets.db-journal
12-12 00:53:40.830 14280 14280 W System.err: remove failed: ENOENT (No such file or directory) : /data/data/com.android.vending/databases/market_assets.db-shm
12-12 00:53:40.830 14280 14280 W System.err: remove failed: ENOENT (No such file or directory) : /data/data/com.android.vending/databases/market_assets.db-wal
12-12 00:53:40.870 14280 14280 I Finsky  : [1] com.google.android.finsky.services.at.a(1049): Restore complete with 0 success and 0 failed.
12-12 00:53:40.880  2841  3104 D ActivityManager: startService callerProcessName:com.google.android.gms, calleePkgName: com.google.android.gms
12-12 00:53:40.885  2841  3589 D ActivityManager: startService callerProcessName:com.google.android.gms, calleePkgName: com.google.android.gms
12-12 00:53:40.895  2841  2942 D ConnectivityService: registerNetworkAgent NetworkAgentInfo{ ni{[type: WIFI_P2P[] - WIFI_P2P, state: UNKNOWN/IDLE, reason: (unspecified), extra: (none), roaming: false, failover: false, isAvailable: true, isConnectedToProvisioningNetwork: false]}  network{null}  lp{{LinkAddresses: []  Routes: [] DnsAddresses: [] Domains: null MTU: 0 TcpBufferSizes: 524288,1048576,2097152,524288,1048576,4525824}}  nc{[ Transports: WIFI Capabilities: WIFI_P2P&NOT_RESTRICTED&TRUSTED&NOT_VPN LinkUpBandwidth>=1048576Kbps LinkDnBandwidth>=1048576Kbps]}  Score{20}  everValidated{false}  lastValidated{false}  created{false}  explicitlySelected{false} }
12-12 00:53:40.910  2841  2942 D WifiNative-p2p0: p2pGetDeviceAddress
12-12 00:53:40.910  2841  2942 D WifiNative-p2p0: p2pGetDeviceAddress returning ae:c3:3a:19:bb:f9
12-12 00:53:40.915  2841  2942 D WifiP2pService: DeviceAddress: ae:bb:f9
12-12 00:53:40.915  2841  3104 D ActivityManager: startService callerProcessName:com.google.android.gms, calleePkgName: com.google.android.gms
12-12 00:53:40.935  2841  4317 D SSRM:n  : SIOP:: AP = 300, CUR = -160, LCD = 255
12-12 00:53:40.940  2841  2945 D ConnectivityService: hsengiv:checkWhatTypeOfNetwork and the value is false
12-12 00:53:40.940  2841  2945 D ConnectivityService: NetworkAgentInfo [WIFI_P2P () - 501] EVENT_NETWORK_INFO_CHANGED, going from null to UNKNOWN, reason = null, [ Transports: WIFI Capabilities: WIFI_P2P&NOT_RESTRICTED&TRUSTED&NOT_VPN LinkUpBandwidth>=1048576Kbps LinkDnBandwidth>=1048576Kbps]
12-12 00:53:40.940  2841  2945 E ConnectivityService: updateNetworkInfo()
12-12 00:53:40.950  2841  2857 D ActivityManager: startService callerProcessName:com.google.android.gms, calleePkgName: com.google.android.gms
12-12 00:53:40.955  2841  3596 D ActivityManager: startService callerProcessName:com.google.android.gms, calleePkgName: com.google.android.gms
12-12 00:53:40.960  2841  3595 D ActivityManager: startService callerProcessName:com.google.android.gms, calleePkgName: com.google.android.gms
12-12 00:53:40.960  2841  2945 E CSLegacyTypeTracker: add() : Adding agent NetworkAgentInfo{ ni{[type: WIFI_P2P[] - WIFI_P2P, state: UNKNOWN/IDLE, reason: (unspecified), extra: (none), roaming: false, failover: false, isAvailable: true, isConnectedToProvisioningNetwork: false]}  network{501}  lp{{LinkAddresses: []  Routes: [] DnsAddresses: [] Domains: null MTU: 0 TcpBufferSizes: 524288,1048576,2097152,524288,1048576,4525824}}  nc{[ Transports: WIFI Capabilities: WIFI_P2P&NOT_RESTRICTED&TRUSTED&NOT_VPN LinkUpBandwidth>=1048576Kbps LinkDnBandwidth>=1048576Kbps]}  Score{20}  everValidated{false}  lastValidated{false}  created{false}  explicitlySelected{false} } for legacy network type 13
12-12 00:53:40.960  2841  3600 D ActivityManager: startService callerProcessName:com.google.android.gms, calleePkgName: com.google.android.gms
12-12 00:53:40.965  2841  3274 D ActivityManager: startService callerProcessName:com.google.android.gms, calleePkgName: com.google.android.gms
12-12 00:53:40.970  2841  3589 D ActivityManager: startService callerProcessName:com.google.android.gms, calleePkgName: com.google.android.gms
12-12 00:53:40.975  2841  3104 D ActivityManager: startService callerProcessName:com.google.android.gms, calleePkgName: com.google.android.gms
12-12 00:53:40.975  2841  3596 D ActivityManager: startService callerProcessName:com.google.android.gms, calleePkgName: com.google.android.gms
12-12 00:53:40.990  2841  2942 D WifiP2pService: sending p2p persistent groups changed broadcast
12-12 00:53:40.990  2841  2942 D WifiP2pService: InactiveState
12-12 00:53:40.990  2841  2942 D WifiP2pService: InactiveState{ what=143376 }
12-12 00:53:40.990  2841  2942 D WifiP2pService: P2pEnabledState{ what=143376 }
12-12 00:53:40.995  2965  2965 I wpa_supplicant: p2p0: CTRL-EVENT-REGDOM-CHANGE init=USER type=COUNTRY alpha2=US
12-12 00:53:40.995  2841  2945 E ConnectivityService: updateNetworkInfo()
12-12 00:53:41.015 14141 14365 W ChimeraUtils: Non Chimera context
12-12 00:53:41.020  2841  2858 D ActivityManager: startService callerProcessName:com.google.android.gms, calleePkgName: com.google.android.gms
12-12 00:53:41.025  2841  3600 D ActivityManager: startService callerProcessName:com.google.android.gms, calleePkgName: com.google.android.gms
12-12 00:53:41.030  2841  3591 D ActivityManager: startService callerProcessName:com.google.android.gms, calleePkgName: com.google.android.gms
12-12 00:53:41.035  2841  3594 D ActivityManager: startService callerProcessName:com.google.android.gms, calleePkgName: com.google.android.gms
12-12 00:53:41.035 14141 14205 I CryptauthV2: [OldAuthzenDatabase] Deleting SigningKey for handle: device_key
12-12 00:53:41.040  2841  2934 D ActivityManager: startService callerProcessName:com.google.android.gms, calleePkgName: com.google.android.gms
12-12 00:53:41.040  2841  3589 D ActivityManager: startService callerProcessName:com.google.android.gms, calleePkgName: com.google.android.gms
12-12 00:53:41.045  2841  3266 D ActivityManager: startService callerProcessName:com.google.android.gms, calleePkgName: com.google.android.gms
12-12 00:53:41.050  2841  3596 D ActivityManager: startService callerProcessName:com.google.android.gms, calleePkgName: com.google.android.gms
12-12 00:53:41.060  2841  2934 D ActivityManager: startService callerProcessName:com.google.android.gms, calleePkgName: com.google.android.gms
12-12 00:53:41.060  2841  3266 D ActivityManager: startService callerProcessName:com.google.android.gms, calleePkgName: com.google.android.gms
12-12 00:53:41.065  2841  3274 D ActivityManager: startService callerProcessName:com.google.android.gms, calleePkgName: com.google.android.gms
12-12 00:53:41.070  2841  3600 D ActivityManager: startService callerProcessName:com.google.android.gms, calleePkgName: com.google.android.gms
12-12 00:53:41.075  2841  2934 D ActivityManager: startService callerProcessName:com.google.android.gms, calleePkgName: com.google.android.gms
