12-12 00:53:32.895  2841  3600 V BroadcastQueue: [background] Process cur broadcast BroadcastRecord{9cac03f u0 android.intent.action.PACKAGE_DATA_CLEARED} DELIVERED for app ProcessRecord{dd6d2f0 4152:com.android.contacts/u0a14}
12-12 00:53:32.895 13794 13903 D Documents: Update found 6 roots in 18ms
12-12 00:53:32.895  2841  2882 D PackageManager: result of install: true{158266228}
12-12 00:53:32.900 13980 13980 I art     : System.exit called, status: 0
12-12 00:53:32.900 13980 13980 I AndroidRuntime: VM exiting with result code 0.
12-12 00:53:32.905  2841  2858 V BroadcastQueue: [background] Process cur broadcast BroadcastRecord{9cac03f u0 android.intent.action.PACKAGE_DATA_CLEARED} DELIVERED for app ProcessRecord{10aa4c07 13647:com.android.mms/u0a34}
12-12 00:53:32.910 13647 13647 D Mms/FreeMessageStatusReceiver: onReceive, action : android.intent.action.PACKAGE_DATA_CLEARED
12-12 00:53:32.910  2841  3589 D ActivityManager: startService callerProcessName:com.android.mms, calleePkgName: com.android.mms
12-12 00:53:32.915 13647 13994 D Mms/FreeMessageReceiverService: onHandleIntent, action : android.intent.action.PACKAGE_DATA_CLEARED
12-12 00:53:32.915 13647 13994 D Mms/FreeMessageReceiverService: onHandleIntent: ACTION_PACKAGE_DATA_CLEARED
12-12 00:53:32.915  2841  3591 V BroadcastQueue: [background] Process cur broadcast BroadcastRecord{9cac03f u0 android.intent.action.PACKAGE_DATA_CLEARED} DELIVERED for app ProcessRecord{1b7f3e16 3392:com.google.android.googlequicksearchbox:search/u0a42}
12-12 00:53:32.925  2841  3591 V BroadcastQueue: [background] Process cur broadcast BroadcastRecord{9cac03f u0 android.intent.action.PACKAGE_DATA_CLEARED} DELIVERED for app ProcessRecord{9164b8c 13794:com.android.documentsui/u0a72}
12-12 00:53:32.930  2841  3591 V BroadcastQueue: [background] Process cur broadcast BroadcastRecord{9cac03f u0 android.intent.action.PACKAGE_DATA_CLEARED} DELIVERED for app ProcessRecord{445f751 13810:com.google.android.apps.photos/u0a92}
12-12 00:53:32.935  2841  3600 V BroadcastQueue: [background] Process cur broadcast BroadcastRecord{9cac03f u0 android.intent.action.PACKAGE_DATA_CLEARED} DELIVERED for app ProcessRecord{23b68233 8317:com.google.android.gms.persistent/u0a6}
12-12 00:53:32.940  2841  3600 D ActivityManager: startService callerProcessName:com.google.android.gms, calleePkgName: com.google.android.gms
12-12 00:53:32.945  2841  3594 D ActivityManager: startService callerProcessName:com.google.android.gms, calleePkgName: com.google.android.gms
12-12 00:53:32.945  2841  3523 D ActivityManager: startService callerProcessName:com.google.android.gms, calleePkgName: com.google.android.gms
12-12 00:53:32.950  2841  3595 D ActivityManager: startService callerProcessName:com.google.android.gms, calleePkgName: com.google.android.gms
12-12 00:53:32.955  2841  2934 D ActivityManager: startService callerProcessName:com.google.android.gms, calleePkgName: com.google.android.gms
12-12 00:53:32.955 13188 13937 D Wear_Controller: Received broadcast action=android.intent.action.PACKAGE_DATA_CLEARED and uri=com.android.settings
12-12 00:53:32.955 13188 13957 I LocationSettingsChecker: Removing dialog suppression flag for package com.android.settings
12-12 00:53:32.960  2841  3589 D ActivityManager: startService callerProcessName:com.google.android.gms, calleePkgName: com.google.android.gms
12-12 00:53:32.970  2841  3596 D ActivityManager: startService callerProcessName:com.google.android.gms, calleePkgName: com.google.android.gms
12-12 00:53:32.975  2841  3104 D ActivityManager: startService callerProcessName:com.google.android.gms, calleePkgName: com.google.android.gms
12-12 00:53:32.980 13841 13870 W System.err: remove failed: ENOENT (No such file or directory) : /data/user/0/com.google.android.apps.docs/databases/ClientFlag.db
12-12 00:53:32.980 13841 13870 W System.err: remove failed: ENOENT (No such file or directory) : /data/user/0/com.google.android.apps.docs/databases/ClientFlag.db-journal
12-12 00:53:32.980 13841 13870 W System.err: remove failed: ENOENT (No such file or directory) : /data/user/0/com.google.android.apps.docs/databases/ClientFlag.db-shm
12-12 00:53:32.980 13841 13870 W System.err: remove failed: ENOENT (No such file or directory) : /data/user/0/com.google.android.apps.docs/databases/ClientFlag.db-wal
12-12 00:53:33.000 13841 13870 E SQLiteLog: (284) automatic index on sqlite_sq_AF93BB00(entryId)
12-12 00:53:33.020  2154  2390 E Vold    : Failed to find mounted volume for /storage/extSdCard/Android/data/com.google.android.apps.docs/cache/
12-12 00:53:33.020  2154  2390 W Vold    : Returning OperationFailed - no handler for errno 0
12-12 00:53:33.020 13841 13870 W ContextImpl: Failed to ensure directory: /storage/extSdCard/Android/data/com.google.android.apps.docs/cache
12-12 00:53:33.050 13841 13870 W ResourcesManager: Asset path '/system/framework/com.android.media.remotedisplay.jar' does not exist or contains no resources.
12-12 00:53:33.050 13841 13870 W ResourcesManager: Asset path '/system/framework/com.android.location.provider.jar' does not exist or contains no resources.
12-12 00:53:33.065 13188 13967 I Icing   : Internal init done: storage state 0
12-12 00:53:33.130 13188 13967 I Icing   : Post-init done
12-12 00:53:33.140 13188 13967 I Icing   : doRemovePackageData com.android.phone
12-12 00:53:33.170 13841 13870 W linker  : libconscrypt_gmscore_jni.so: unused DT entry: type 0xf arg 0x1dc
12-12 00:53:33.175 13841 13870 V NativeCrypto: Registering com/google/android/gms/org/conscrypt/NativeCrypto's 276 native methods...
12-12 00:53:33.185 13188 13967 I Icing   : doRemovePackageData com.google.android.apps.maps
12-12 00:53:33.220 13841 13870 I art     : Rejecting re-init on previously-failed class java.lang.Class<com.google.android.gms.org.conscrypt.DelegatingExtendedSSLSession>
12-12 00:53:33.220 13841 13870 I art     : Rejecting re-init on previously-failed class java.lang.Class<com.google.android.gms.org.conscrypt.DelegatingExtendedSSLSession>
12-12 00:53:33.220 13841 13870 I art     : Rejecting re-init on previously-failed class java.lang.Class<com.google.android.gms.org.conscrypt.DelegatingExtendedSSLSession>
12-12 00:53:33.300 13841 13870 I ProviderInstaller: Installed default security provider GmsCore_OpenSSL
12-12 00:53:33.300 13841 13870 W System.err: remove failed: ENOTEMPTY (Directory not empty) : /data/user/0/com.google.android.apps.docs/cache/diskCache
12-12 00:53:33.300 13841 13870 W System.err: remove failed: ENOTEMPTY (Directory not empty) : /data/user/0/com.google.android.apps.docs/cache/docs_glide
12-12 00:53:33.385 13188 13967 I Icing   : doRemovePackageData com.android.systemui
12-12 00:53:33.415 13188 13967 I Icing   : doRemovePackageData com.android.chrome
12-12 00:53:33.425 13188 13967 I Icing   : updateResources: need to parse uos{com.android.chrome}
12-12 00:53:33.520 14000 14000 D AndroidRuntime: >>>>>> START com.android.internal.os.RuntimeInit uid 2000 <<<<<<
12-12 00:53:33.525 14000 14000 D AndroidRuntime: CheckJNI is OFF
12-12 00:53:33.525 14000 14000 D AndroidRuntime: readGMSProperty: start
12-12 00:53:33.525 14000 14000 D AndroidRuntime: readGMSProperty: already setted!!
12-12 00:53:33.525 14000 14000 D AndroidRuntime: propertySet: couldn't set property (it is from app)
12-12 00:53:33.525 14000 14000 D AndroidRuntime: readGMSProperty: could not set the property(default)!!
12-12 00:53:33.525 14000 14000 D AndroidRuntime: readGMSProperty: end
12-12 00:53:33.525 14000 14000 D AndroidRuntime: addProductProperty: start
12-12 00:53:33.570 13188 13967 I Icing   : doRemovePackageData com.android.settings
12-12 00:53:33.605 13188 13967 I Icing   : Indexing 1AC84269DF4064616F69F5A87F997116B8441A49 from com.android.chrome
12-12 00:53:33.610  2841  3274 D ActivityManager: getContentProviderImpl callerProcessName:com.google.android.gms, calleePkgName: com.android.chrome
12-12 00:53:33.620 14009 14009 E Zygote  : MountEmulatedStorage()
12-12 00:53:33.620 14009 14009 E Zygote  : v2
12-12 00:53:33.620 14009 14009 I libpersona: KNOX_SDCARD checking this for 10064
12-12 00:53:33.620 14009 14009 I libpersona: KNOX_SDCARD not a persona
12-12 00:53:33.620 14009 14009 I SELinux : Function: selinux_compare_spd_ram , priority [2] , priority version is VE=SEPF_SM-J200G_5.1.1_0071
12-12 00:53:33.620 14009 14009 E Zygote  : accessInfo : 0
12-12 00:53:33.625 14009 14009 E SELinux : [DEBUG] get_category: variable seinfo: chrome sensitivity: NULL, cateogry: NULL
12-12 00:53:33.625  2841  3274 I ActivityManager: Start proc 14009:com.android.chrome/u0a64 for content provider com.android.chrome/com.google.android.apps.chrome.icing.IcingProvider
12-12 00:53:33.645 14009 14009 D TimaKeyStoreProvider: TimaSignature is unavailable
12-12 00:53:33.645 14009 14009 D ActivityThread: Added TimaKeyStore provider
12-12 00:53:33.675 14000 14000 E AffinityControl: AffinityControl: registerfunction enter
12-12 00:53:33.705 14000 14000 D AndroidRuntime: Calling main entry com.android.commands.pm.Pm
12-12 00:53:33.710  2841  3595 I ActivityManager: Force stopping com.google.android.gms appid=10006 user=0: clear data
12-12 00:53:33.710  2841  3595 I ActivityManager: Killing 8317:com.google.android.gms.persistent/u0a6 (adj 1): stop com.google.android.gms cause clear data
12-12 00:53:33.710  2841  3595 D ActivityManager: cleanUpApplicationRecord -- 8317
12-12 00:53:33.710  2841  3595 D ActivityManager: isAutoRunBlockedApp:: com.google.android.gms, Auto Run ON
12-12 00:53:33.710  2841  3595 I ActivityManager: isWidgetUsingPkg : com.google.android.gms no widget is using.
12-12 00:53:33.710  2841  3595 W ActivityManager: Scheduling restart of crashed service com.google.android.gms/.lockbox.service.LockboxBrokerService in 10102ms
12-12 00:53:33.710  2841  3595 I ActivityManager: isWidgetUsingPkg : com.google.android.gms no widget is using.
12-12 00:53:33.710  2841  3595 I ActivityManager: isWidgetUsingPkg : com.google.android.gms no widget is using.
12-12 00:53:33.710  2841  3595 W ActivityManager: Scheduling restart of crashed service com.google.android.gms/.common.stats.GmsCoreStatsService in 20102ms
12-12 00:53:33.715  2841  3595 I ActivityManager: isWidgetUsingPkg : com.google.android.gms no widget is using.
12-12 00:53:33.715  2841  3595 I ActivityManager: isWidgetUsingPkg : com.google.android.gms no widget is using.
12-12 00:53:33.715  2841  3595 I ActivityManager: isWidgetUsingPkg : com.google.android.gms no widget is using.
12-12 00:53:33.715  2841  3595 W ActivityManager: Scheduling restart of crashed service com.google.android.gms/com.google.android.location.internal.server.GoogleLocationService in 30101ms
12-12 00:53:33.715  2841  3595 I ActivityManager: isWidgetUsingPkg : com.google.android.gms no widget is using.
12-12 00:53:33.715  2841  3595 I ActivityManager: isWidgetUsingPkg : com.google.android.gms no widget is using.
12-12 00:53:33.715  2841  3595 W ActivityManager: Scheduling restart of crashed service com.google.android.gms/.auth.setup.devicesignals.LockScreenService in 40101ms
12-12 00:53:33.715  2841  3595 I ActivityManager: isWidgetUsingPkg : com.google.android.gms no widget is using.
12-12 00:53:33.715  2841  3595 W ActivityManager: Scheduling restart of crashed service com.google.android.gms/.nearby.messages.service.NearbyMessagesService in 50101ms
12-12 00:53:33.715  2841  3595 I ActivityManager: isWidgetUsingPkg : com.google.android.gms no widget is using.
12-12 00:53:33.715  2841  3595 W ActivityManager: Scheduling restart of crashed service com.google.android.gms/.gcm.GcmService in 60101ms
12-12 00:53:33.715  2841  3595 I ActivityManager: isWidgetUsingPkg : com.google.android.gms no widget is using.
12-12 00:53:33.715  2841  3595 W ActivityManager: Scheduling restart of crashed service com.google.android.gms/com.google.android.location.geofencer.service.GeofenceProviderService in 70100ms
12-12 00:53:33.715  2841  3595 I ActivityManager: isWidgetUsingPkg : com.google.android.gms no widget is using.
12-12 00:53:33.715  2841  3595 W ActivityManager: Scheduling restart of crashed service com.google.android.gms/.deviceconnection.service.DeviceConnectionWatcherService in 80100ms
12-12 00:53:33.715  2841  3595 I ActivityManager: isWidgetUsingPkg : com.google.android.gms no widget is using.
12-12 00:53:33.715  2841  3595 W ActivityManager: Scheduling restart of crashed service com.google.android.gms/com.google.android.location.fused.FusedLocationService in 90100ms
12-12 00:53:33.715  2841  3595 I ActivityManager: isWidgetUsingPkg : com.google.android.gms no widget is using.
12-12 00:53:33.715  2841  3595 I ActivityManager: isWidgetUsingPkg : com.google.android.gms no widget is using.
12-12 00:53:33.715  2841  3595 W ActivityManager: Scheduling restart of crashed service com.google.android.gms/.clearcut.service.ClearcutLoggerService in 100100ms
12-12 00:53:33.715  2841  3595 I ActivityManager: isWidgetUsingPkg : com.google.android.gms no widget is using.
12-12 00:53:33.715  2841  3595 W ActivityManager: Scheduling restart of crashed service com.google.android.gms/com.google.android.location.geocode.GeocodeService in 110100ms
12-12 00:53:33.715  2841  3595 I ActivityManager: isWidgetUsingPkg : com.google.android.gms no widget is using.
12-12 00:53:33.715  2841  3595 I ActivityManager: isWidgetUsingPkg : com.google.android.gms no widget is using.
12-12 00:53:33.715  2841  3595 W ActivityManager: Scheduling restart of crashed service com.google.android.gms/.backup.BackupTransportService in 120100ms
12-12 00:53:33.715  2841  3595 I ActivityManager: isWidgetUsingPkg : com.google.android.gms no widget is using.
12-12 00:53:33.715  2841  3595 W ActivityManager: Scheduling restart of crashed service com.google.android.gms/com.google.android.location.internal.GoogleLocationManagerService in 130100ms
12-12 00:53:33.715  2841  3595 I ActivityManager: isWidgetUsingPkg : com.google.android.gms no widget is using.
12-12 00:53:33.715  2841  3595 W ActivityManager: Scheduling restart of crashed service com.google.android.gms/com.google.android.contextmanager.service.ContextManagerService in 140100ms
12-12 00:53:33.715  2841  3595 I ActivityManager: isWidgetUsingPkg : com.google.android.gms no widget is using.
12-12 00:53:33.715  2841  3595 W ActivityManager: Scheduling restart of crashed service com.google.android.gms/.thunderbird.OutgoingSmsListenerService in 150100ms
12-12 00:53:33.715  2841  3595 I ActivityManager: isWidgetUsingPkg : com.google.android.gms no widget is using.
12-12 00:53:33.715 13188 13188 I ActivityThread: Removing dead content provider:android.content.ContentProviderProxy@24ea2383
12-12 00:53:33.735  2841  3595 I ActivityManager: Killing 13841:com.google.android.apps.docs/u0a73 (adj 15): stop com.google.android.gms cause clear data
12-12 00:53:33.735  2841  3595 D ActivityManager: cleanUpApplicationRecord -- 13841
12-12 00:53:33.735  2841  3595 D ActivityManager: isAutoRunBlockedApp:: com.google.android.apps.docs, Auto Run ON
12-12 00:53:33.735  2841  3595 I ActivityManager: Killing 13188:com.google.android.gms/u0a6 (adj 5): stop com.google.android.gms cause clear data
12-12 00:53:33.740  2841  3595 D ActivityManager: cleanUpApplicationRecord -- 13188
12-12 00:53:33.740  2841  3595 D ActivityManager: isAutoRunBlockedApp:: com.google.android.gms, Auto Run ON
12-12 00:53:33.740  2841  3595 I ActivityManager: isWidgetUsingPkg : com.google.android.gms no widget is using.
12-12 00:53:33.740  2841  3595 I ActivityManager: isWidgetUsingPkg : com.google.android.gms no widget is using.
12-12 00:53:33.740  2841  3595 I ActivityManager: Killing 12705:com.google.android.talk/u0a81 (adj 15): stop com.google.android.gms cause clear data
12-12 00:53:33.740  2841  3595 D ActivityManager: cleanUpApplicationRecord -- 12705
12-12 00:53:33.745  2841  3595 D ActivityManager: isAutoRunBlockedApp:: com.google.android.talk, Auto Run ON
12-12 00:53:33.745  2841  3595 I ActivityManager:   Force stopping service ServiceRecord{15b231cc u0 com.google.android.gms/.deviceconnection.service.DeviceConnectionWatcherService}
12-12 00:53:33.745  2841  3595 I ActivityManager:   Force stopping service ServiceRecord{c0b500b u0 com.google.android.gms/com.google.android.location.geocode.GeocodeService}
12-12 00:53:33.745  2841  3595 I ActivityManager:   Force stopping service ServiceRecord{413152d u0 com.google.android.gms/.thunderbird.OutgoingSmsListenerService}
12-12 00:53:33.745  2841  3595 I ActivityManager:   Force stopping service ServiceRecord{281e08ba u0 com.google.android.gms/.auth.setup.devicesignals.LockScreenService}
12-12 00:53:33.745  2841  3595 I ActivityManager:   Force stopping service ServiceRecord{2416c911 u0 com.google.android.gms/.gcm.GcmService}
12-12 00:53:33.745  2841  3595 I ActivityManager:   Force stopping service ServiceRecord{120669c9 u0 com.google.android.gms/com.google.android.location.fused.FusedLocationService}
12-12 00:53:33.745  2841  3595 I ActivityManager:   Force stopping service ServiceRecord{1a1ce1e7 u0 com.google.android.gms/com.google.android.location.geofencer.service.GeofenceProviderService}
12-12 00:53:33.745  2841  3595 I ActivityManager:   Force stopping service ServiceRecord{2490ac8f u0 com.google.android.gms/.nearby.messages.service.NearbyMessagesService}
12-12 00:53:33.745  2841  3595 I ActivityManager:   Force stopping service ServiceRecord{321dc593 u0 com.google.android.gms/com.google.android.location.internal.server.GoogleLocationService}
12-12 00:53:33.745  2841  3595 I ActivityManager:   Force stopping service ServiceRecord{486c707 u0 com.google.android.gms/com.google.android.contextmanager.service.ContextManagerService}
12-12 00:53:33.745  2841  3595 I ActivityManager:   Force stopping service ServiceRecord{36997682 u0 com.google.android.gms/com.google.android.location.network.NetworkLocationService}
12-12 00:53:33.745  2841  3595 I ActivityManager:   Force stopping service ServiceRecord{95310f7 u0 com.google.android.gms/com.google.android.location.internal.GoogleLocationManagerService}
12-12 00:53:33.745  2841  3595 I ActivityManager:   Force stopping service ServiceRecord{34711034 u0 com.google.android.gms/.common.stats.GmsCoreStatsService}
12-12 00:53:33.745  2841  3595 I ActivityManager:   Force stopping service ServiceRecord{115b80f0 u0 com.google.android.gms/.clearcut.service.ClearcutLoggerService}
12-12 00:53:33.745  2841  3595 I ActivityManager:   Force stopping service ServiceRecord{9e4e1e3 u0 com.google.android.gms/.backup.BackupTransportService}
12-12 00:53:33.750  2841  3595 I ActivityManager: Force stopping com.google.android.gms appid=10006 user=0: clear data
12-12 00:53:33.755  2841  2841 V BackupManagerService: Disconnected from transport ComponentInfo{com.google.android.gms/com.google.android.gms.backup.BackupTransportService}
12-12 00:53:33.755  2841  2841 V BackupManagerService: Registering transport com.google.android.gms/.backup.BackupTransportService::null = null
12-12 00:53:33.755 14009 14009 W System.err: stat failed: ENOENT (No such file or directory) : /data/local/chrome-command-line
12-12 00:53:33.760  2841  2934 D LocationManagerService: Location listener died
12-12 00:53:33.760  2841  2934 I LocationManagerService: remove 28ccef87 by com.google.android.gms
12-12 00:53:33.760  2841  3593 D LocationManagerService: Location listener died
12-12 00:53:33.760  2841  2934 D LocationManagerService: provider request: passive ProviderRequest[ON interval=0]
12-12 00:53:33.760  2841  3593 I LocationManagerService: remove 235244bf by com.google.android.gms
12-12 00:53:33.760  2841  3593 D LocationManagerService: provider request: passive ProviderRequest[ON interval=0]
12-12 00:53:33.765  2841  3418 D GpsStatusListenerHelper: Remote Listener died: android.location.IGpsStatusListener$Stub$Proxy@35de8ac2
12-12 00:53:33.765  2841  3595 D PackageManager: START CLEAR APPLICATION USER DATA: observer{685144845}
12-12 00:53:33.765  2841  3595 D PackageManager: pkg{<packageName>}
12-12 00:53:33.765  2841  3595 D PackageManager: user{0}
12-12 00:53:33.765  2841  2882 D PackageManager: [MSG] CLEAR_APPLICATION_USER_DATA
12-12 00:53:33.790  2841  2870 V BroadcastQueue: [background] Process cur broadcast BroadcastRecord{121460d3 u0 android.intent.action.PACKAGE_RESTARTED} DELIVERED for app ProcessRecord{18385abd 2841:system/1000}
12-12 00:53:33.795  2841  2841 V BroadcastQueue: [background] Process cur broadcast BroadcastRecord{121460d3 u0 android.intent.action.PACKAGE_RESTARTED} DELIVERED for app ProcessRecord{280af960 13775:com.sec.android.app.soundalive/u0a39}
12-12 00:53:33.800 13775 13775 D SAControlPanelReceiver: *****onReceive()*****
12-12 00:53:33.800 13775 13775 D SAControlPanelReceiver: Action: android.intent.action.PACKAGE_RESTARTED
12-12 00:53:33.800  2841  3591 D ActivityManager: getContentProviderImpl callerProcessName:com.android.documentsui, calleePkgName: com.google.android.apps.docs
12-12 00:53:33.810 14027 14027 E Zygote  : MountEmulatedStorage()
12-12 00:53:33.810 14027 14027 E Zygote  : v2
12-12 00:53:33.810 14027 14027 I libpersona: KNOX_SDCARD checking this for 10073
12-12 00:53:33.810 14027 14027 I libpersona: KNOX_SDCARD not a persona
12-12 00:53:33.810 14027 14027 I SELinux : Function: selinux_compare_spd_ram , priority [2] , priority version is VE=SEPF_SM-J200G_5.1.1_0071
12-12 00:53:33.815 14027 14027 E Zygote  : accessInfo : 0
12-12 00:53:33.815 14027 14027 E SELinux : [DEBUG] get_category: variable seinfo: untrusted sensitivity: NULL, cateogry: NULL
12-12 00:53:33.815  2841  3591 I ActivityManager: Start proc 14027:com.google.android.apps.docs/u0a73 for content provider com.google.android.apps.docs/.storagebackend.StorageBackendContentProvider
12-12 00:53:33.820  2841  2858 D PowerManagerService: [api] handleWakeLockDeath : release WakeLock : PARTIAL_WAKE_LOCK              'Icing' (uid=10006, pid=13188, ws=WorkSource{10064 com.android.chrome}) (elapsedTime=2016)
12-12 00:53:33.835 14039 14039 E Zygote  : MountEmulatedStorage()
12-12 00:53:33.835 14039 14039 E Zygote  : v2
12-12 00:53:33.835 14039 14039 I libpersona: KNOX_SDCARD checking this for 1000
12-12 00:53:33.835 14039 14039 I libpersona: KNOX_SDCARD not a persona
12-12 00:53:33.835 14039 14039 I SELinux : Function: selinux_compare_spd_ram , priority [2] , priority version is VE=SEPF_SM-J200G_5.1.1_0071
12-12 00:53:33.835  2841  2870 I ActivityManager: Start proc 14039:com.samsung.android.MtpApplication/1000 for service com.samsung.android.MtpApplication/.MtpService
12-12 00:53:33.840 14039 14039 E Zygote  : accessInfo : 0
12-12 00:53:33.840 14039 14039 E SELinux : [DEBUG] get_category: variable seinfo: platform sensitivity: NULL, cateogry: NULL
12-12 00:53:33.840 14027 14027 D TimaKeyStoreProvider: TimaSignature is unavailable
12-12 00:53:33.840  2841  3593 V BroadcastQueue: [background] Process cur broadcast BroadcastRecord{14ba372f u0 android.intent.action.PACKAGE_RESTARTED} DELIVERED for app ProcessRecord{18385abd 2841:system/1000}
12-12 00:53:33.840 14027 14027 D ActivityThread: Added TimaKeyStore provider
12-12 00:53:33.845  2841  2841 V BroadcastQueue: [background] Process cur broadcast BroadcastRecord{14ba372f u0 android.intent.action.PACKAGE_RESTARTED} DELIVERED for app ProcessRecord{280af960 13775:com.sec.android.app.soundalive/u0a39}
12-12 00:53:33.850 13775 13775 D SAControlPanelReceiver: *****onReceive()*****
12-12 00:53:33.850 13775 13775 D SAControlPanelReceiver: Action: android.intent.action.PACKAGE_RESTARTED
12-12 00:53:33.860  2841  3593 V BroadcastQueue: [background] Process cur broadcast BroadcastRecord{232cfec5 u0 android.intent.action.PACKAGE_DATA_CLEARED} DELIVERED for app ProcessRecord{1b7f3e16 3392:com.google.android.googlequicksearchbox:search/u0a42}
12-12 00:53:33.860  2841  2882 D ActivityManager: bindService callerProcessName:android, calleePkgName: com.android.defcontainer, action: null
12-12 00:53:33.875  2841  3595 V BroadcastQueue: [background] Process cur broadcast BroadcastRecord{232cfec5 u0 android.intent.action.PACKAGE_DATA_CLEARED} DELIVERED for app ProcessRecord{dd6d2f0 4152:com.android.contacts/u0a14}
12-12 00:53:33.885 14039 14039 D TimaKeyStoreProvider: TimaSignature is unavailable
12-12 00:53:33.885 14039 14039 D ActivityThread: Added TimaKeyStore provider
12-12 00:53:33.885  2841  3595 V BroadcastQueue: [background] Process cur broadcast BroadcastRecord{232cfec5 u0 android.intent.action.PACKAGE_DATA_CLEARED} DELIVERED for app ProcessRecord{10aa4c07 13647:com.android.mms/u0a34}
12-12 00:53:33.885 13647 13647 D Mms/FreeMessageStatusReceiver: onReceive, action : android.intent.action.PACKAGE_DATA_CLEARED
12-12 00:53:33.890  2841  3601 D ActivityManager: startService callerProcessName:com.android.mms, calleePkgName: com.android.mms
12-12 00:53:33.890  2841  2882 D PackageManager: result of install: true{685144845}
12-12 00:53:33.895 14000 14000 I art     : System.exit called, status: 0
12-12 00:53:33.895 14000 14000 I AndroidRuntime: VM exiting with result code 0.
12-12 00:53:33.905  2841  2934 V BroadcastQueue: [background] Process cur broadcast BroadcastRecord{232cfec5 u0 android.intent.action.PACKAGE_DATA_CLEARED} DELIVERED for app ProcessRecord{1b7f3e16 3392:com.google.android.googlequicksearchbox:search/u0a42}
12-12 00:53:33.905 13647 14060 D Mms/FreeMessageReceiverService: onHandleIntent, action : android.intent.action.PACKAGE_DATA_CLEARED
12-12 00:53:33.905 13647 14060 D Mms/FreeMessageReceiverService: onHandleIntent: ACTION_PACKAGE_DATA_CLEARED
12-12 00:53:33.910  2841  3266 V BroadcastQueue: [background] Process cur broadcast BroadcastRecord{232cfec5 u0 android.intent.action.PACKAGE_DATA_CLEARED} DELIVERED for app ProcessRecord{9164b8c 13794:com.android.documentsui/u0a72}
12-12 00:53:33.915  2841  3589 V BroadcastQueue: [background] Process cur broadcast BroadcastRecord{232cfec5 u0 android.intent.action.PACKAGE_DATA_CLEARED} DELIVERED for app ProcessRecord{445f751 13810:com.google.android.apps.photos/u0a92}
12-12 00:53:33.920  3392 14058 I LegacySearchBackgroundT: refreshing internal icing corpora
12-12 00:53:33.940  2841  2857 W ActivityManager: getRunningAppProcesses: caller 10073 does not hold REAL_GET_TASKS; limiting output
12-12 00:53:33.960  2841  3593 W ActivityManager: getRunningAppProcesses: caller 10073 does not hold REAL_GET_TASKS; limiting output
12-12 00:53:33.975 14039 14039 E MtpService: onCreate.
12-12 00:53:33.975 14039 14039 E MtpService: < MTP > Registering BroadCast receiver :::::
12-12 00:53:33.980 14039 14039 E MtpService: mContext is NULL so getting the getApplicationContext
12-12 00:53:33.980  2841  3589 D ActivityManager: startService callerProcessName:com.google.android.googlequicksearchbox, calleePkgName: com.google.android.googlequicksearchbox
12-12 00:53:33.980 14039 14039 E MtpService: < MTP > Registering BroadCast registerBroadCastPolicyRec :::::
12-12 00:53:33.990 14039 14039 E MtpService: < MTP > Registering BroadCast registerBroadCastEmergencyRec :::::
12-12 00:53:33.990 14039 14039 E MtpService: onStartCommand.
12-12 00:53:33.990  2841  3596 D ActivityManager: startService callerProcessName:com.google.android.googlequicksearchbox, calleePkgName: com.google.android.googlequicksearchbox
12-12 00:53:34.000  3392 14065 I UpdateIcingCorporaServi: Updating corpora: APPS=MAYBE, CONTACTS=MAYBE
12-12 00:53:34.000 14039 14062 E MtpService: handleMessage. msg= { when=-3ms what=0 arg1=3 target=com.samsung.android.MtpApplication.MtpService$ServiceHandler }
12-12 00:53:34.010 14039 14062 D         : MTP: reading debug level property
12-12 00:53:34.020 14039 14062 E MtpService: mContext is NULL so getting the getApplicationContext
12-12 00:53:34.045  2841  3593 W ActivityManager: getRunningAppProcesses: caller 10073 does not hold REAL_GET_TASKS; limiting output
12-12 00:53:34.085  3392 14065 I UpdateIcingCorporaServi: UpdateCorporaTask done [took 84 ms] updated apps [took 84 ms] 
12-12 00:53:34.105  3392 14058 W LocationOracle: Best location was null
12-12 00:53:34.215 14027 14042 W art     : Suspending all threads took: 7.139ms
12-12 00:53:34.375 14027 14070 I GAv4    : Google Analytics 11.0.11 is starting up. To enable debug logging on a device run:
12-12 00:53:34.375 14027 14070 I GAv4    :   adb shell setprop log.tag.GAv4 DEBUG
12-12 00:53:34.375 14027 14070 I GAv4    :   adb logcat -s GAv4
12-12 00:53:34.440  3392 14058 I WebViewFactory: Loading com.google.android.webview version 54.0.2840.85 (code 284008500)
12-12 00:53:34.485 14027 14073 W GAv4    : AnalyticsReceiver is not registered or is disabled. Register the receiver for reliable dispatching on non-Google Play devices. See http://goo.gl/8Rd3yj for instructions.
12-12 00:53:34.490 14027 14070 W CoreComponentFactoryImpl: RetainedComponent will not be retained if  djl does not inherit FragmentActivity and fulfill jpt contract.
12-12 00:53:34.510 14027 14073 W GAv4    : CampaignTrackingReceiver is not registered, not exported or is disabled. Installation campaign tracking is not possible. See http://goo.gl/8Rd3yj for instructions.
12-12 00:53:34.515  3392 14058 I art     : Rejecting re-init on previously-failed class java.lang.Class<com.android.webview.chromium.TokenBindingManagerAdapter>
12-12 00:53:34.520  3392 14058 I art     : Rejecting re-init on previously-failed class java.lang.Class<com.android.webview.chromium.TokenBindingManagerAdapter>
12-12 00:53:34.520 14027 14027 W FieldDefinition: Ignoring isIndexed constraint as field also has uniqueness constraint (on just this field, and therefore SQLite will have to create an index on that. For field: com.google.android.apps.docs.database.common.FieldDefinition$a@17185cc3
12-12 00:53:34.530 14066 14066 D AndroidRuntime: >>>>>> START com.android.internal.os.RuntimeInit uid 2000 <<<<<<
12-12 00:53:34.535 14066 14066 D AndroidRuntime: CheckJNI is OFF
12-12 00:53:34.540 14066 14066 D AndroidRuntime: readGMSProperty: start
12-12 00:53:34.540 14066 14066 D AndroidRuntime: readGMSProperty: already setted!!
12-12 00:53:34.540 14066 14066 D AndroidRuntime: propertySet: couldn't set property (it is from app)
12-12 00:53:34.540 14066 14066 D AndroidRuntime: readGMSProperty: could not set the property(default)!!
12-12 00:53:34.540 14066 14066 D AndroidRuntime: readGMSProperty: end
12-12 00:53:34.540 14066 14066 D AndroidRuntime: addProductProperty: start
12-12 00:53:34.545 14027 14073 W GAv4    : AnalyticsService not registered in the app manifest. Hits might not be delivered reliably. See http://goo.gl/8Rd3yj for instructions.
12-12 00:53:34.555  3392 14058 I art     : Rejecting re-init on previously-failed class java.lang.Class<com.android.webview.chromium.ServiceWorkerControllerAdapter>
12-12 00:53:34.555  3392 14058 I art     : Rejecting re-init on previously-failed class java.lang.Class<com.android.webview.chromium.ServiceWorkerControllerAdapter>
12-12 00:53:34.680  3392 14058 I cr_LibraryLoader: Time to load native libraries: 88 ms (timestamps 9197-9285)
12-12 00:53:34.680  3392 14058 I cr_LibraryLoader: Expected native library version number "54.0.2840.85", actual native library version number "54.0.2840.85"
12-12 00:53:34.695 14066 14066 E AffinityControl: AffinityControl: registerfunction enter
12-12 00:53:34.730 14066 14066 D AndroidRuntime: Calling main entry com.android.commands.pm.Pm
12-12 00:53:34.735  2841  3266 I ActivityManager: Force stopping com.google.android.gm appid=10078 user=0: clear data
12-12 00:53:34.740  2841  3266 I ActivityManager: Force stopping com.google.android.gm appid=10078 user=0: clear data
12-12 00:53:34.740  2841  3266 D PackageManager: START CLEAR APPLICATION USER DATA: observer{679525809}
12-12 00:53:34.740  2841  3266 D PackageManager: pkg{<packageName>}
12-12 00:53:34.740  2841  3266 D PackageManager: user{0}
12-12 00:53:34.745  2841  2882 D PackageManager: [MSG] CLEAR_APPLICATION_USER_DATA
12-12 00:53:34.785  2841  3600 W ActivityManager: getRunningAppProcesses: caller 10073 does not hold REAL_GET_TASKS; limiting output
12-12 00:53:34.790  2841  2870 V BroadcastQueue: [background] Process cur broadcast BroadcastRecord{ec85e17 u0 android.intent.action.PACKAGE_RESTARTED} DELIVERED for app ProcessRecord{18385abd 2841:system/1000}
12-12 00:53:34.795  2841  2841 V BroadcastQueue: [background] Process cur broadcast BroadcastRecord{ec85e17 u0 android.intent.action.PACKAGE_RESTARTED} DELIVERED for app ProcessRecord{280af960 13775:com.sec.android.app.soundalive/u0a39}
12-12 00:53:34.795 13775 13775 D SAControlPanelReceiver: *****onReceive()*****
12-12 00:53:34.795 13775 13775 D SAControlPanelReceiver: Action: android.intent.action.PACKAGE_RESTARTED
12-12 00:53:34.800  2841  2882 D ActivityManager: bindService callerProcessName:android, calleePkgName: com.android.defcontainer, action: null
12-12 00:53:34.815  2841  3523 V BroadcastQueue: [background] Process cur broadcast BroadcastRecord{eeac4b3 u0 android.intent.action.PACKAGE_RESTARTED} DELIVERED for app ProcessRecord{18385abd 2841:system/1000}
12-12 00:53:34.825  2841  2841 V BroadcastQueue: [background] Process cur broadcast BroadcastRecord{eeac4b3 u0 android.intent.action.PACKAGE_RESTARTED} DELIVERED for app ProcessRecord{280af960 13775:com.sec.android.app.soundalive/u0a39}
12-12 00:53:34.825 13775 13775 D SAControlPanelReceiver: *****onReceive()*****
12-12 00:53:34.825 13775 13775 D SAControlPanelReceiver: Action: android.intent.action.PACKAGE_RESTARTED
12-12 00:53:34.825 14027 14042 W art     : Suspending all threads took: 5.057ms
12-12 00:53:34.830  2841  3274 V BroadcastQueue: [background] Process cur broadcast BroadcastRecord{37567a70 u0 android.intent.action.PACKAGE_DATA_CLEARED} DELIVERED for app ProcessRecord{dd6d2f0 4152:com.android.contacts/u0a14}
12-12 00:53:34.835  2841  3274 V BroadcastQueue: [background] Process cur broadcast BroadcastRecord{37567a70 u0 android.intent.action.PACKAGE_DATA_CLEARED} DELIVERED for app ProcessRecord{10aa4c07 13647:com.android.mms/u0a34}
12-12 00:53:34.835 13647 13647 D Mms/FreeMessageStatusReceiver: onReceive, action : android.intent.action.PACKAGE_DATA_CLEARED
12-12 00:53:34.835  2841  3595 D ActivityManager: startService callerProcessName:com.android.mms, calleePkgName: com.android.mms
12-12 00:53:34.835  2841  2882 D PackageManager: result of install: true{679525809}
12-12 00:53:34.840 14066 14066 I art     : System.exit called, status: 0
12-12 00:53:34.840 14066 14066 I AndroidRuntime: VM exiting with result code 0.
12-12 00:53:34.840 13647 14098 D Mms/FreeMessageReceiverService: onHandleIntent, action : android.intent.action.PACKAGE_DATA_CLEARED
12-12 00:53:34.845 13647 14098 D Mms/FreeMessageReceiverService: onHandleIntent: ACTION_PACKAGE_DATA_CLEARED
12-12 00:53:34.845  2841  3266 V BroadcastQueue: [background] Process cur broadcast BroadcastRecord{37567a70 u0 android.intent.action.PACKAGE_DATA_CLEARED} DELIVERED for app ProcessRecord{1b7f3e16 3392:com.google.android.googlequicksearchbox:search/u0a42}
12-12 00:53:34.850  2841  3104 V BroadcastQueue: [background] Process cur broadcast BroadcastRecord{37567a70 u0 android.intent.action.PACKAGE_DATA_CLEARED} DELIVERED for app ProcessRecord{9164b8c 13794:com.android.documentsui/u0a72}
12-12 00:53:34.875 14100 14100 E Zygote  : MountEmulatedStorage()
12-12 00:53:34.875 14100 14100 E Zygote  : v2
12-12 00:53:34.875 14100 14100 I libpersona: KNOX_SDCARD checking this for 10006
12-12 00:53:34.875 14100 14100 I libpersona: KNOX_SDCARD not a persona
12-12 00:53:34.880 14100 14100 I SELinux : Function: selinux_compare_spd_ram , priority [2] , priority version is VE=SEPF_SM-J200G_5.1.1_0071
12-12 00:53:34.880  3392 14058 W Search.SearchUrlHelper: Auth token not ready, no auth header set.
12-12 00:53:34.880  2841  3596 I ActivityManager: Start proc 14100:com.google.android.gms.persistent/u0a6 for service com.google.android.gms/.clearcut.service.ClearcutLoggerService
12-12 00:53:34.885 14100 14100 E Zygote  : accessInfo : 0
12-12 00:53:34.885 14100 14100 E SELinux : [DEBUG] get_category: variable seinfo: untrusted sensitivity: NULL, cateogry: NULL
12-12 00:53:34.890  2841  3104 V BroadcastQueue: [background] Process cur broadcast BroadcastRecord{37567a70 u0 android.intent.action.PACKAGE_DATA_CLEARED} DELIVERED for app ProcessRecord{445f751 13810:com.google.android.apps.photos/u0a92}
12-12 00:53:34.895  2841  3593 D ActivityManager: startProcessLocked calleePkgName: com.google.android.gms, hostingType: broadcast-3
12-12 00:53:34.910 14100 14100 D TimaKeyStoreProvider: TimaSignature is unavailable
12-12 00:53:34.910 14100 14100 D ActivityThread: Added TimaKeyStore provider
12-12 00:53:34.925  2841  3104 V BroadcastQueue: [background] Process cur broadcast BroadcastRecord{37567a70 u0 android.intent.action.PACKAGE_DATA_CLEARED} DELIVERED for app ProcessRecord{314b7521 14100:com.google.android.gms.persistent/u0a6}
12-12 00:53:34.940 14100 14100 W ResourcesManager: Asset path '/system/framework/com.android.media.remotedisplay.jar' does not exist or contains no resources.
12-12 00:53:34.940 14100 14100 W ResourcesManager: Asset path '/system/framework/com.android.location.provider.jar' does not exist or contains no resources.
12-12 00:53:35.030  3392 14058 I UrlRequestFactory: Using network stack: Cronet/49.0.2623.34@cd92361f
12-12 00:53:35.055  3392  3392 D ConnectivityManager: CallingUid : 10042, CallingPid : 3392
12-12 00:53:35.075  2841  3591 D ConnectivityService: listenForNetwork for NetworkRequest [ id=6, legacyType=-1, [ Capabilities: INTERNET&NOT_RESTRICTED&TRUSTED&NOT_VPN] ]
12-12 00:53:35.105 13794 13871 D Documents: Update found 6 roots in 1307ms
12-12 00:53:35.105 13794 13840 D Documents: Update found 6 roots in 298ms
12-12 00:53:35.105 14100 14100 I LoadedApk: No resource references to update in package FFFFFFFFFFFFFFFFFFFFFF
12-12 00:53:35.105 13794 13918 D Documents: Update found 6 roots in 66ms
12-12 00:53:35.180  2841  3274 D ActivityManager: The following uid has registered to recieve broadcast for proxy related updates 10042
12-12 00:53:35.180  2841  3274 W ContextImpl: Calling a method in the system process without a qualified user: android.app.ContextImpl.sendBroadcast:1761 com.android.server.am.ActivityManagerService.requestKnoxVpnToSendProxyBroadcast:27890 com.android.server.am.ActivityManagerService.registerReceiver:21175 android.app.ActivityManagerNative.onTransact:404 com.android.server.am.ActivityManagerService.onTransact:3365 
12-12 00:53:35.190  3392 14058 W SuggestionOnlyFetcher: Error getting suggestions.
12-12 00:53:35.190  3392 14058 W SuggestionOnlyFetcher: com.google.android.apps.gsa.shared.exception.GsaIOException: Error code: 262160
12-12 00:53:35.190  3392 14058 W SuggestionOnlyFetcher: 	at com.google.android.apps.gsa.shared.io.aa.b(HttpLogEntry.java:125)
12-12 00:53:35.190  3392 14058 W SuggestionOnlyFetcher: 	at com.google.android.apps.gsa.search.core.j.d$2.call(AsyncHttpEngine.java:2127)
12-12 00:53:35.190  3392 14058 W SuggestionOnlyFetcher: 	at java.util.concurrent.FutureTask.run(FutureTask.java:237)
12-12 00:53:35.190  3392 14058 W SuggestionOnlyFetcher: 	at com.google.android.apps.gsa.search.core.j.ae$1.run(TaskRunnerScheduledExecutor.java:36)
12-12 00:53:35.190  3392 14058 W SuggestionOnlyFetcher: 	at java.util.concurrent.Executors$RunnableAdapter.call(Executors.java:422)
12-12 00:53:35.190  3392 14058 W SuggestionOnlyFetcher: 	at java.util.concurrent.FutureTask.run(FutureTask.java:237)
12-12 00:53:35.190  3392 14058 W SuggestionOnlyFetcher: 	at com.google.android.apps.gsa.shared.util.concurrent.a.v.run(TaskRunnerFutureTask.java:125)
12-12 00:53:35.190  3392 14058 W SuggestionOnlyFetcher: 	at com.google.android.apps.gsa.shared.util.concurrent.a.ag.run(ThrottlingExecutor.java:138)
12-12 00:53:35.190  3392 14058 W SuggestionOnlyFetcher: 	at java.util.concurrent.ThreadPoolExecutor.runWorker(ThreadPoolExecutor.java:1112)
12-12 00:53:35.190  3392 14058 W SuggestionOnlyFetcher: 	at java.util.concurrent.ThreadPoolExecutor$Worker.run(ThreadPoolExecutor.java:587)
12-12 00:53:35.190  3392 14058 W SuggestionOnlyFetcher: 	at java.lang.Thread.run(Thread.java:818)
12-12 00:53:35.190  3392 14058 W SuggestionOnlyFetcher: 	at com.google.android.apps.gsa.shared.util.concurrent.a.t$1.run(GsaThreadFactory.java:117)
12-12 00:53:35.245 14100 14100 W linker  : libconscrypt_gmscore_jni.so: unused DT entry: type 0xf arg 0x1dc
12-12 00:53:35.250 14100 14100 V NativeCrypto: Registering com/google/android/gms/org/conscrypt/NativeCrypto's 276 native methods...
12-12 00:53:35.285 14100 14100 I art     : Rejecting re-init on previously-failed class java.lang.Class<com.google.android.gms.org.conscrypt.DelegatingExtendedSSLSession>
12-12 00:53:35.285 14100 14100 I art     : Rejecting re-init on previously-failed class java.lang.Class<com.google.android.gms.org.conscrypt.DelegatingExtendedSSLSession>
12-12 00:53:35.285 14100 14100 I art     : Rejecting re-init on previously-failed class java.lang.Class<com.google.android.gms.org.conscrypt.DelegatingExtendedSSLSession>
12-12 00:53:35.350 14100 14100 I ProviderInstaller: Installed default security provider GmsCore_OpenSSL
12-12 00:53:35.365 14100 14100 E ChimeraCfgMgr: Failed to read module config: java.io.FileNotFoundException: /data/data/com.google.android.gms/app_chimera/current_config.fb: open failed: ENOENT (No such file or directory)
12-12 00:53:35.380 14100 14100 E ChimeraCfgMgr: Failed to read module config: java.io.FileNotFoundException: /data/data/com.google.android.gms/app_chimera/current_config.fb: open failed: ENOENT (No such file or directory)
12-12 00:53:35.415 14100 14100 E ConfigFileUtils: Failed to read config file: /data/data/com.google.android.gms/app_chimera/current_fileapks.pb: open failed: ENOENT (No such file or directory)
12-12 00:53:35.420 14100 14100 W System.err: remove failed: ENOENT (No such file or directory) : /data/data/com.google.android.gms/app_chimera/m
12-12 00:53:35.465 14120 14120 D AndroidRuntime: >>>>>> START com.android.internal.os.RuntimeInit uid 2000 <<<<<<
12-12 00:53:35.470 14100 14100 W System.err: remove failed: ENOENT (No such file or directory) : /data/data/com.google.android.gms/app_chimera/pending_modulesets.pb
12-12 00:53:35.470 14100 14100 E ConfigFileUtils: Failed to read config file: /data/data/com.google.android.gms/app_chimera/current_fileapks.pb: open failed: ENOENT (No such file or directory)
12-12 00:53:35.470 14120 14120 D AndroidRuntime: CheckJNI is OFF
12-12 00:53:35.470 14120 14120 D AndroidRuntime: readGMSProperty: start
12-12 00:53:35.470 14120 14120 D AndroidRuntime: readGMSProperty: already setted!!
12-12 00:53:35.470 14120 14120 D AndroidRuntime: propertySet: couldn't set property (it is from app)
12-12 00:53:35.470 14120 14120 D AndroidRuntime: readGMSProperty: could not set the property(default)!!
12-12 00:53:35.470 14120 14120 D AndroidRuntime: readGMSProperty: end
12-12 00:53:35.470 14120 14120 D AndroidRuntime: addProductProperty: start
12-12 00:53:35.500 14100 14100 E ChimeraCfgMgr: Failed to read module config: java.io.FileNotFoundException: /data/data/com.google.android.gms/app_chimera/current_config.fb: open failed: ENOENT (No such file or directory)
12-12 00:53:35.510 14100 14100 E ChimeraCfgMgr: Failed to read module config: java.io.FileNotFoundException: /data/data/com.google.android.gms/app_chimera/current_config.fb: open failed: ENOENT (No such file or directory)
12-12 00:53:35.515 14100 14100 E IntentOperation: Failed to get Chimera config
12-12 00:53:35.515 14100 14100 E IntentOperation: com.google.android.chimera.config.InvalidConfigException: java.io.FileNotFoundException: /data/data/com.google.android.gms/app_chimera/current_config.fb: open failed: ENOENT (No such file or directory)
12-12 00:53:35.515 14100 14100 E IntentOperation: 	at com.google.android.chimera.container.ConfigurationManager.a(:com.google.android.gms@11951234:150)
12-12 00:53:35.515 14100 14100 E IntentOperation: 	at com.google.android.chimera.IntentOperation.a(:com.google.android.gms@11951234:3)
12-12 00:53:35.515 14100 14100 E IntentOperation: 	at com.google.android.chimera.IntentOperation.getStartIntent(:com.google.android.gms@11951234:3)
12-12 00:53:35.515 14100 14100 E IntentOperation: 	at com.google.android.chimera.IntentOperation.getStartIntent(:com.google.android.gms@11951234:1)
12-12 00:53:35.515 14100 14100 E IntentOperation: 	at com.google.android.gms.chimera.debug.ModuleSetJournalUpdate$ModuleSetJournalIntentOperation.a(:com.google.android.gms@11951234:1)
12-12 00:53:35.515 14100 14100 E IntentOperation: 	at com.google.android.gms.chimera.debug.ModuleSetJournalUpdate.a(:com.google.android.gms@11951234:11)
12-12 00:53:35.515 14100 14100 E IntentOperation: 	at com.google.android.gms.chimera.container.GmsModuleFinder.a(:com.google.android.gms@11951234:68)
12-12 00:53:35.515 14100 14100 E IntentOperation: 	at com.google.android.gms.chimera.container.GmsModuleFinder.a(:com.google.android.gms@11951234:86)
12-12 00:53:35.515 14100 14100 E IntentOperation: 	at com.google.android.gms.chimera.container.GmsModuleFinder.a(:com.google.android.gms@11951234:71)
12-12 00:53:35.515 14100 14100 E IntentOperation: 	at les.y_(:com.google.android.gms@11951234)
12-12 00:53:35.515 14100 14100 E IntentOperation: 	at ctv.a(:com.google.android.gms@11951234:33)
12-12 00:53:35.515 14100 14100 E IntentOperation: 	at cro.a(:com.google.android.gms@11951234:3)
12-12 00:53:35.515 14100 14100 E IntentOperation: 	at cro.query(:com.google.android.gms@11951234:3)
12-12 00:53:35.515 14100 14100 E IntentOperation: 	at android.content.ContentProvider$Transport.query(ContentProvider.java:218)
12-12 00:53:35.515 14100 14100 E IntentOperation: 	at android.content.ContentResolver.query(ContentResolver.java:489)
12-12 00:53:35.515 14100 14100 E IntentOperation: 	at android.content.ContentResolver.query(ContentResolver.java:433)
12-12 00:53:35.515 14100 14100 E IntentOperation: 	at acbo.c(:com.google.android.gms@11951234:1)
12-12 00:53:35.515 14100 14100 E IntentOperation: 	at acbo.a(:com.google.android.gms@11951234:3)
12-12 00:53:35.515 14100 14100 E IntentOperation: 	at acda.a(Unknown Source)
12-12 00:53:35.515 14100 14100 E IntentOperation: 	at accz.a(:com.google.android.gms@11951234:7)
12-12 00:53:35.515 14100 14100 E IntentOperation: 	at accz.c(:com.google.android.gms@11951234:12)
12-12 00:53:35.515 14100 14100 E IntentOperation: 	at accz.a(:com.google.android.gms@11951234:26)
12-12 00:53:35.515 14100 14100 E IntentOperation: 	at com.google.android.gms.common.app.GmsApplication.onCreate(:com.google.android.gms@11951234:24)
12-12 00:53:35.515 14100 14100 E IntentOperation: 	at android.app.Instrumentation.callApplicationOnCreate(Instrumentation.java:1035)
12-12 00:53:35.515 14100 14100 E IntentOperation: 	at android.app.ActivityThread.handleBindApplication(ActivityThread.java:6041)
12-12 00:53:35.515 14100 14100 E IntentOperation: 	at android.app.ActivityThread.access$1700(ActivityThread.java:211)
12-12 00:53:35.515 14100 14100 E IntentOperation: 	at android.app.ActivityThread$H.handleMessage(ActivityThread.java:1766)
12-12 00:53:35.515 14100 14100 E IntentOperation: 	at android.os.Handler.dispatchMessage(Handler.java:102)
12-12 00:53:35.515 14100 14100 E IntentOperation: 	at android.os.Looper.loop(Looper.java:145)
12-12 00:53:35.515 14100 14100 E IntentOperation: 	at android.app.ActivityThread.main(ActivityThread.java:6946)
12-12 00:53:35.515 14100 14100 E IntentOperation: 	at java.lang.reflect.Method.invoke(Native Method)
12-12 00:53:35.515 14100 14100 E IntentOperation: 	at java.lang.reflect.Method.invoke(Method.java:372)
12-12 00:53:35.515 14100 14100 E IntentOperation: 	at com.android.internal.os.ZygoteInit$MethodAndArgsCaller.run(ZygoteInit.java:1404)
12-12 00:53:35.515 14100 14100 E IntentOperation: 	at com.android.internal.os.ZygoteInit.main(ZygoteInit.java:1199)
12-12 00:53:35.515 14100 14100 E IntentOperation: Caused by: java.io.FileNotFoundException: /data/data/com.google.android.gms/app_chimera/current_config.fb: open failed: ENOENT (No such file or directory)
12-12 00:53:35.515 14100 14100 E IntentOperation: 	at libcore.io.IoBridge.open(IoBridge.java:456)
12-12 00:53:35.515 14100 14100 E IntentOperation: 	at java.io.FileInputStream.<init>(FileInputStream.java:76)
12-12 00:53:35.515 14100 14100 E IntentOperation: 	at com.google.android.chimera.container.ConfigurationManager.a(:com.google.android.gms@11951234:121)
12-12 00:53:35.515 14100 14100 E IntentOperation: 	... 33 more
12-12 00:53:35.515 14100 14100 E IntentOperation: Caused by: android.system.ErrnoException: open failed: ENOENT (No such file or directory)
12-12 00:53:35.515 14100 14100 E IntentOperation: 	at libcore.io.Posix.open(Native Method)
12-12 00:53:35.515 14100 14100 E IntentOperation: 	at libcore.io.BlockGuardOs.open(BlockGuardOs.java:186)
12-12 00:53:35.515 14100 14100 E IntentOperation: 	at libcore.io.IoBridge.open(IoBridge.java:442)
12-12 00:53:35.515 14100 14100 E IntentOperation: 	... 35 more
12-12 00:53:35.530 14100 14100 E ChimeraCfgMgr: Failed to read module config: java.io.FileNotFoundException: /data/data/com.google.android.gms/app_chimera/current_config.fb: open failed: ENOENT (No such file or directory)
12-12 00:53:35.620 14120 14120 E AffinityControl: AffinityControl: registerfunction enter
12-12 00:53:35.655 14120 14120 D AndroidRuntime: Calling main entry com.android.commands.pm.Pm
12-12 00:53:35.665  2841  3594 W ActivityManager: Invalid packageName: com.android.browser
12-12 00:53:35.665 14120 14120 I art     : System.exit called, status: 1
12-12 00:53:35.665 14120 14120 I AndroidRuntime: VM exiting with result code 1.
12-12 00:53:35.765 14141 14141 E Zygote  : MountEmulatedStorage()
12-12 00:53:35.765 14141 14141 E Zygote  : v2
12-12 00:53:35.765 14141 14141 I libpersona: KNOX_SDCARD checking this for 10006
12-12 00:53:35.765 14141 14141 I libpersona: KNOX_SDCARD not a persona
12-12 00:53:35.770 14141 14141 I SELinux : Function: selinux_compare_spd_ram , priority [2] , priority version is VE=SEPF_SM-J200G_5.1.1_0071
12-12 00:53:35.770 14141 14141 E Zygote  : accessInfo : 0
