--------- beginning of /dev/log/main
12-12 15:48:23.934   962  1180 V WifiServiceExtension: checkPollTimer Cnt= 0 rssi =-56 threshold=-100
--------- beginning of /dev/log/system
12-12 15:48:23.984   306   385 I Vold    : [LGE][VOLD][NetlinkHandler.cpp][onEvent()] subsys:cpu, action:0
12-12 15:48:24.444   306   385 I Vold    : [LGE][VOLD][NetlinkHandler.cpp][onEvent()] subsys:cpu, action:0
12-12 15:48:24.454 12158 12158 D AndroidRuntime: 
12-12 15:48:24.454 12158 12158 D AndroidRuntime: >>>>>> AndroidRuntime START com.android.internal.os.RuntimeInit <<<<<<
12-12 15:48:24.464 12158 12158 D AndroidRuntime: CheckJNI is OFF
12-12 15:48:24.474 12158 12158 D dalvikvm: Trying to load lib libjavacore.so 0x0
12-12 15:48:24.474 12158 12158 D dalvikvm: Added shared lib libjavacore.so 0x0
12-12 15:48:24.484 12158 12158 D dalvikvm: Trying to load lib libnativehelper.so 0x0
12-12 15:48:24.484 12158 12158 D dalvikvm: Added shared lib libnativehelper.so 0x0
12-12 15:48:24.484 12158 12158 D dalvikvm: No JNI_OnLoad found in libnativehelper.so 0x0, skipping init
12-12 15:48:24.524 12158 12158 D dalvikvm: Note: class Landroid/app/ActivityManagerNative; has 184 unimplemented (abstract) methods
12-12 15:48:24.704 12158 12158 E memtrack: Couldn't load memtrack module (No such file or directory)
12-12 15:48:24.704 12158 12158 E android.os.Debug: failed to load memtrack module: -2
12-12 15:48:24.784 12158 12158 D AndroidRuntime: Calling main entry com.android.commands.monkey.Monkey
12-12 15:48:24.804   306   385 I Vold    : [LGE][VOLD][NetlinkHandler.cpp][onEvent()] subsys:cpu, action:0
12-12 15:48:24.824   962  1021 W BroadcastQueue: Skipping deliver [background] BroadcastRecord{433e8130 u-1 android.net.conn.CONNECTIVITY_CHANGE} to ReceiverList{42c52318 12158 (unknown name)/2000/u-1 remote:42c7b950}: process crashing
12-12 15:48:24.874   962  1144 D qcom_sensors_hal: hal_time_data_cb: msg_type 2
12-12 15:48:24.874   962  1144 D qcom_sensors_hal: hal_time_data_cb: Sn 24, msg Id 3, txn Id 0
12-12 15:48:24.874   962  1144 D qcom_sensors_hal: hal_ts_offset_is: Apps: 1513111704886240185; DSPS: 67725125; Offset: 1513109638079446973
12-12 15:48:24.894 12158 12158 I ActivityManager: Timeline: Activity_launch_request id:com.example.snoopy time:2063437
12-12 15:48:24.894   962  1558 I ActivityManager: START u0 {act=android.intent.action.MAIN cat=[android.intent.category.LAUNCHER] flg=0x10200000 cmp=com.example.snoopy/.CameraInputFrames} from pid 12158
12-12 15:48:24.944  1213  1232 D dalvikvm: GC_EXPLICIT freed 15K, 67% free 3864K/11632K, paused 2ms+3ms, total 24ms
12-12 15:48:24.944   962  1558 I ActivityManager: ActivityRecord{428f0180 u0 com.example.snoopy/.CameraInputFrames t-1} Support Split:false Is ScreenFull:true
12-12 15:48:24.974  1213  1601 D dalvikvm: GC_EXPLICIT freed 12K, 67% free 3865K/11632K, paused 2ms+2ms, total 23ms
12-12 15:48:24.974  1213  1601 V SplitWindowPolicyService: checkScreen => return. sourceIntent is null or not support SplitWindow component: ComponentInfo{co..../co.....CameraInputFrames}
12-12 15:48:24.994   962  1558 D ActivityManager: pauseBackStacks: stack=ActivityStack{42818918 stackId=0, 1 tasks} mResumedActivity=ActivityRecord{42843920 u0 com.lge.launcher2/.Launcher t1}
12-12 15:48:24.994  1213  1224 D SplitWindowPolicyService: updateActivityStateChanged: resumed=false pkgName=co.....Launcher, screenId=0, isScreenFull=true, isMinimized=false, topRunningActivity=ActivityInfo{42100eb8 co.....Launcher}, taskId=1, activityType=1
12-12 15:48:24.994   962  1558 V ActivityManager: Moving to PAUSING: ActivityRecord{42843920 u0 com.lge.launcher2/.Launcher t1}
12-12 15:48:25.004   962  1558 V ActivityManager: resumeTopActivityLocked: Skip resume: need to start pausing
12-12 15:48:25.014  1546  1546 I [LGHome]EVENT: [Launcher.java:1056:onPause()]onPause
12-12 15:48:25.014   962  1558 D ActivityManager: allPausedActivitiesComplete: r=ActivityRecord{42843920 u0 com.lge.launcher2/.Launcher t1} state=PAUSING
12-12 15:48:25.024   962  1537 V ActivityManager: Moving to PAUSED: ActivityRecord{42843920 u0 com.lge.launcher2/.Launcher t1} (pause complete)
12-12 15:48:25.024   962  1537 D ActivityManager: resumeTopActivityLocked: Restarting ActivityRecord{428f0180 u0 com.example.snoopy/.CameraInputFrames t4}
12-12 15:48:25.034   962  1020 E ViewRootImpl: mIsPenSupport: :true
12-12 15:48:25.034   962  1537 I ActivityManager: Start proc com.example.snoopy for activity com.example.snoopy/.CameraInputFrames: pid=12180 uid=11598 gids={51598, 3003, 1028, 1015}
12-12 15:48:25.044 12180 12180 D dalvikvm: Late-enabling CheckJNI
12-12 15:48:25.084   962  1151 D PowerManagerService: updateUserActivitySummaryLocked: mWakefulness=Awake, mUserActivitySummary=0x1, nextTimeout=2956608 (in 892983 ms)
12-12 15:48:25.104  1515  1526 I com.skyfire.browser.toolbar.ProcessObserverService: On importance changed 1546,10026,400
12-12 15:48:25.104   962  9118 D qdlights: set_light_backlight: 13
12-12 15:48:25.104   962  1021 V ActivityManager: Moving to STOPPING: ActivityRecord{42843920 u0 com.lge.launcher2/.Launcher t1} (stop requested)
12-12 15:48:25.104  1546  1546 I ViewRootImpl: ViewRoot's Touch Event : ACTION_DOWN
12-12 15:48:25.124   962  9119 D qdlights: set_light_backlight: 16
12-12 15:48:25.124  1213  1232 D SplitWindowPolicyService: updateActivityStateChanged: resumed=true pkgName=co.....CameraInputFrames, screenId=3, isScreenFull=true, isMinimized=false, topRunningActivity=ActivityInfo{420f9280 co.....CameraInputFrames}, taskId=4, activityType=0
12-12 15:48:25.124  1213  1601 V SplitWindowPolicyService: requestUpdateStackInfo
12-12 15:48:25.124   962  1560 V ActivityManager: Moving to RESUMED: ActivityRecord{428f0180 u0 com.example.snoopy/.CameraInputFrames t4} (starting new instance)
12-12 15:48:25.134  1515  1538 I com.skyfire.browser.toolbar.ProcessObserverService: On foreground activity changed : 12180,11598,true
12-12 15:48:25.134  1515  1538 I com.skyfire.browser.toolbar.ProcessObserverService: On importance changed 12180,11598,100
12-12 15:48:25.134  1213  1323 V SplitWindowPolicyService:  + make new screenInfo as screenId = 3, screenZone = 0, screenAttribute = 0, screenState = NORMAL, screenRect = Rect(0, 33 - 800, 1212), screenRectFull = null
12-12 15:48:25.134   962  1209 D qdlights: set_light_backlight: 20
12-12 15:48:25.144 12180 12180 D HyLog   : I : /data/font/config/sfconfig.dat, No such file or directory (2)
12-12 15:48:25.144 12180 12180 D HyLog   : I : /data/font/config/dfactpre.dat, No such file or directory (2)
12-12 15:48:25.144 12180 12180 D HyLog   : I : /data/font/config/sfconfig.dat, No such file or directory (2)
12-12 15:48:25.154   962  1020 V WindowStateAnimator: Starting window displayed
12-12 15:48:25.154   306   385 I Vold    : [LGE][VOLD][NetlinkHandler.cpp][onEvent()] subsys:cpu, action:0
12-12 15:48:25.164   962  9116 D qdlights: set_light_backlight: 23
12-12 15:48:25.164   962  1036 I SystemUI[Framework]: PhoneWindowManager.updateSystemUiVisibilityLw() :visibility=0x0, pkg=com.example.snoopy
12-12 15:48:25.164   306   385 I Vold    : [LGE][VOLD][NetlinkHandler.cpp][onEvent()] subsys:cpu, action:0
12-12 15:48:25.174   962  9117 D qdlights: set_light_backlight: 26
12-12 15:48:25.174   962  1151 I InputDispatcher: Dropping event because there is no touchable window at (663, 61).
12-12 15:48:25.174   962   974 W InputManager: Input event injection from pid 12158 failed.
12-12 15:48:25.174   962  1561 W InputManager: Input event injection from pid 12158 failed.
12-12 15:48:25.174   962  1375 W InputManager: Input event injection from pid 12158 failed.
12-12 15:48:25.184   962  9118 D qdlights: set_light_backlight: 30
12-12 15:48:25.184   962  1375 W InputManager: Input event injection from pid 12158 failed.
12-12 15:48:25.184   962  1375 W InputManager: Input event injection from pid 12158 failed.
12-12 15:48:25.184   962  5456 W InputManager: Input event injection from pid 12158 failed.
12-12 15:48:25.184   962  1194 W InputManager: Input event injection from pid 12158 failed.
12-12 15:48:25.204   962  9119 D qdlights: set_light_backlight: 33
12-12 15:48:25.224  1213  1323 D dalvikvm: GC_EXPLICIT freed 22K, 67% free 3868K/11632K, paused 4ms+2ms, total 74ms
12-12 15:48:25.224  1213  1323 V SplitWindowPolicyService: updateScreenStateAndRunningActivity: screenId=3, isFull=true, isMinimized=false, topRunningActivity=ActivityInfo{420f9280 co.....CameraInputFrames}, uid=11598
12-12 15:48:25.224   962  1209 D qdlights: set_light_backlight: 36
12-12 15:48:25.234  1546  1546 I ViewRootImpl: ViewRoot's Touch Event : ACTION_UP
12-12 15:48:25.234   962  9116 D qdlights: set_light_backlight: 40
12-12 15:48:25.244   962  1151 I InputDispatcher: Dropping event because there is no touchable window at (673, 850).
12-12 15:48:25.244 12180 12180 I dalvikvm: Could not find method android.content.pm.PackageManager.getPackageInstaller, referenced from method com.google.android.gms.common.zzo.zzx
12-12 15:48:25.244 12180 12180 W dalvikvm: VFY: unable to resolve virtual method 525: Landroid/content/pm/PackageManager;.getPackageInstaller ()Landroid/content/pm/PackageInstaller;
12-12 15:48:25.244 12180 12180 D dalvikvm: VFY: replacing opcode 0x6e at 0x0013
12-12 15:48:25.244   962   973 W InputManager: Input event injection from pid 12158 failed.
12-12 15:48:25.244   962  1242 W InputManager: Input event injection from pid 12158 failed.
12-12 15:48:25.244   962  1375 W InputManager: Input event injection from pid 12158 failed.
12-12 15:48:25.244   962  1537 W InputManager: Input event injection from pid 12158 failed.
12-12 15:48:25.254 12180 12180 I dalvikvm: Could not find method android.content.Context.getNoBackupFilesDir, referenced from method com.google.android.gms.common.util.zzu.getNoBackupFilesDir
12-12 15:48:25.254 12180 12180 W dalvikvm: VFY: unable to resolve virtual method 391: Landroid/content/Context;.getNoBackupFilesDir ()Ljava/io/File;
12-12 15:48:25.254 12180 12180 D dalvikvm: VFY: replacing opcode 0x6e at 0x0006
12-12 15:48:25.254   962  9117 D qdlights: set_light_backlight: 43
12-12 15:48:25.254   962  1194 W InputManager: Input event injection from pid 12158 failed.
12-12 15:48:25.254   962  3338 W InputManager: Input event injection from pid 12158 failed.
12-12 15:48:25.254   962  1545 W InputManager: Input event injection from pid 12158 failed.
12-12 15:48:25.264 12180 12205 W DynamiteModule: Local module descriptor class for com.google.firebase.auth not found.
12-12 15:48:25.264 12180 12205 I dalvikvm: Could not find method android.content.pm.PackageManager.isInstantApp, referenced from method com.google.android.gms.internal.zzbec.zzalq
12-12 15:48:25.264 12180 12205 W dalvikvm: VFY: unable to resolve virtual method 532: Landroid/content/pm/PackageManager;.isInstantApp (Ljava/lang/String;)Z
12-12 15:48:25.264 12180 12205 D dalvikvm: VFY: replacing opcode 0x6e at 0x002d
12-12 15:48:25.264   962  3337 W InputManager: Input event injection from pid 12158 failed.
12-12 15:48:25.264   962  1194 W InputManager: Input event injection from pid 12158 failed.
12-12 15:48:25.264   962  3338 W InputManager: Input event injection from pid 12158 failed.
12-12 15:48:25.274  1546  1546 I [LGHome]EVENT: [Launcher.java:5230:onStop()]onStop
12-12 15:48:25.274   962  9118 D qdlights: set_light_backlight: 46
12-12 15:48:25.274 12180 12180 D FirebaseApp: com.google.firebase.crash.FirebaseCrash is not linked. Skipping initialization.
12-12 15:48:25.274  1546  1546 I [LGHome]EVENT: [Launcher.java:5668:onWindowFocusChanged()]onWindowFocusChanged() hasFocus false
12-12 15:48:25.284 12180 12180 I FA      : App measurement is starting up, version: 11400
12-12 15:48:25.284 12180 12180 I FA      : To enable debug logging run: adb shell setprop log.tag.FA VERBOSE
12-12 15:48:25.284 12180 12205 W DynamiteModule: Local module descriptor class for com.google.firebase.auth not found.
12-12 15:48:25.294   962  9119 D qdlights: set_light_backlight: 50
12-12 15:48:25.304   962  1209 D qdlights: set_light_backlight: 53
12-12 15:48:25.314   962  1151 I InputDispatcher: Dropping event because there is no touchable window at (534, 416).
12-12 15:48:25.314  1756  1756 I SearchController: #onHotwordDetectorStopped(false)
12-12 15:48:25.314   962   974 W InputManager: Input event injection from pid 12158 failed.
12-12 15:48:25.314   962  1560 W InputManager: Input event injection from pid 12158 failed.
12-12 15:48:25.314   962  1375 W InputManager: Input event injection from pid 12158 failed.
12-12 15:48:25.314   962  1242 W InputManager: Input event injection from pid 12158 failed.
12-12 15:48:25.314   962  1539 W InputManager: Input event injection from pid 12158 failed.
12-12 15:48:25.314   962   973 W InputManager: Input event injection from pid 12158 failed.
12-12 15:48:25.324   962  9116 D qdlights: set_light_backlight: 56
12-12 15:48:25.324  1756  1848 I MicrophoneInputStream: mic_close
12-12 15:48:25.324   319  3811 V AudioFlinger: RecordHandle::stop()
12-12 15:48:25.324   319  3811 V AudioFlinger: RecordThread::stop
12-12 15:48:25.324   319  9652 V audio_hw_primary: in_standby: enter
12-12 15:48:25.324   962  5456 W InputManager: Input event injection from pid 12158 failed.
12-12 15:48:25.334   962  9117 D qdlights: set_light_backlight: 60
12-12 15:48:25.344 12180 12180 I dalvikvm: Could not find method android.content.pm.PackageManager.isInstantApp, referenced from method com.google.android.gms.internal.zzbeb.zzcp
12-12 15:48:25.344 12180 12180 W dalvikvm: VFY: unable to resolve virtual method 531: Landroid/content/pm/PackageManager;.isInstantApp ()Z
12-12 15:48:25.344 12180 12180 D dalvikvm: VFY: replacing opcode 0x6e at 0x0028
12-12 15:48:25.344 12180 12180 I FA      : To enable faster debug mode event logging run:
12-12 15:48:25.344 12180 12180 I FA      :   adb shell setprop debug.firebase.analytics.app com.example.snoopy
12-12 15:48:25.354 12180 12180 E dalvikvm: Could not find class 'android.app.job.JobScheduler', referenced from method com.google.android.gms.internal.zzcfr.zzazv
12-12 15:48:25.354 12180 12180 W dalvikvm: VFY: unable to resolve check-cast 64 (Landroid/app/job/JobScheduler;) in Lcom/google/android/gms/internal/zzcfr;
12-12 15:48:25.354 12180 12180 D dalvikvm: VFY: replacing opcode 0x1f at 0x000b
12-12 15:48:25.354 12180 12180 E dalvikvm: Could not find class 'android.app.job.JobScheduler', referenced from method com.google.android.gms.internal.zzcfr.zzs
12-12 15:48:25.354 12180 12180 W dalvikvm: VFY: unable to resolve check-cast 64 (Landroid/app/job/JobScheduler;) in Lcom/google/android/gms/internal/zzcfr;
12-12 15:48:25.354 12180 12180 D dalvikvm: VFY: replacing opcode 0x1f at 0x0098
12-12 15:48:25.354 12180 12180 D dalvikvm: DexOpt: unable to opt direct call 0x0142 at 0xa0 in Lcom/google/android/gms/internal/zzcfr;.zzs
12-12 15:48:25.354 12180 12180 D dalvikvm: DexOpt: unable to opt direct call 0x0597 at 0xae in Lcom/google/android/gms/internal/zzcfr;.zzs
12-12 15:48:25.354   962  9118 D qdlights: set_light_backlight: 63
12-12 15:48:25.354  1515  1526 I com.skyfire.browser.toolbar.ProcessObserverService: On foreground activity changed : 1546,10026,false
12-12 15:48:25.354   962  1242 V ActivityManager: Moving to STOPPED: ActivityRecord{42843920 u0 com.lge.launcher2/.Launcher t1} (stop complete)
12-12 15:48:25.364 12180 12180 I FirebaseInitProvider: FirebaseApp initialization successful
12-12 15:48:25.374   319  9652 V audio_hw_primary: stop_input_stream: enter: usecase(7: audio-record)
12-12 15:48:25.374   319  9652 V audio_hw_primary: disable_audio_route: enter: usecase(7)
12-12 15:48:25.374   319  9652 V audio_hw_primary: disable_audio_route: reset mixer path: audio-record
12-12 15:48:25.374   962  9119 D qdlights: set_light_backlight: 66
12-12 15:48:25.374   319  9652 V audio_hw_primary: disable_audio_route: exit
12-12 15:48:25.374   319  9652 D hardware_info: hw_info_append_hw_type : device_name = lg-vr-handset-mic
12-12 15:48:25.374   319  9652 V audio_hw_primary: disable_snd_device: snd_device(82: lg-vr-handset-mic)
12-12 15:48:25.374   962  1151 I InputDispatcher: Dropping event because there is no touchable window at (268, 606).
12-12 15:48:25.374   319  9652 I listen_hal_loader: audio_extn_listen_update_status(): start listen. current active device = lg-vr-handset-mic. Event = 0
12-12 15:48:25.374   962  1545 W InputManager: Input event injection from pid 12158 failed.
12-12 15:48:25.374   962  5456 W InputManager: Input event injection from pid 12158 failed.
12-12 15:48:25.384   319  9652 V listen_hw: listen_hw_notify_event: Enter. event = 0
12-12 15:48:25.384   319  9652 V listen_hw: handle_notify_event: Enter. event type = capture is Not active
12-12 15:48:25.384   319  9652 V listen_hw: handle_notify_event: mad disabled. nothing to do = 0
12-12 15:48:25.384   319  9652 V audio_hw_primary: stop_input_stream: exit: status(0)
12-12 15:48:25.384   319  9652 V audio_hw_primary: in_standby: exit:  status(0)
12-12 15:48:25.384   319  9652 V AudioFlinger: releaseWakeLock_l() AudioIn_12
12-12 15:48:25.384   319  9652 V AudioFlinger: RecordThread: loop stopping
12-12 15:48:25.384   319  3811 V AudioFlinger: Record stopped OK
12-12 15:48:25.384   319  3811 V AudioPolicyManagerBase: stopInput() input 18
12-12 15:48:25.384   319  3811 V AudioPolicyService: inserting command: 3 at index 0, num commands 0
12-12 15:48:25.384   319  3811 V AudioPolicyService: AudioCommandThread() adding set parameter string hotword_active=0;routing=0, io 18 ,delay 0
12-12 15:48:25.384   319   596 V AudioPolicyService: AudioCommandThread() waking up
12-12 15:48:25.384   319   596 V AudioPolicyService: AudioCommandThread() processing set parameters string hotword_active=0;routing=0, io 18
12-12 15:48:25.384   319   596 E AudioSystem: AudioSystem::setParameters()...keyValue hotword_active=0;routing=0
12-12 15:48:25.384   319   596 V AudioFlinger: setParameters(): io 18, keyvalue hotword_active=0;routing=0, calling pid 319
12-12 15:48:25.384   319   596 V AudioFlinger: ThreadBase::setParameters() hotword_active=0;routing=0
12-12 15:48:25.384   319  9652 V AudioFlinger: RecordThread: loop starting
12-12 15:48:25.384   319  9652 V AudioFlinger: acquireWakeLock_l() AudioIn_12 status 0
12-12 15:48:25.384   319  9652 V AudioFlinger: releaseWakeLock_l() AudioIn_12
12-12 15:48:25.384   319  9652 V AudioFlinger: RecordThread: loop stopping
12-12 15:48:25.384   319   596 V AudioPolicyService: AudioCommandThread() going to sleep
12-12 15:48:25.384   962  1209 D qdlights: set_light_backlight: 70
12-12 15:48:25.384   962  3337 W InputManager: Input event injection from pid 12158 failed.
12-12 15:48:25.384   962  1560 W InputManager: Input event injection from pid 12158 failed.
12-12 15:48:25.384   962  1375 W InputManager: Input event injection from pid 12158 failed.
12-12 15:48:25.384   962  1539 W InputManager: Input event injection from pid 12158 failed.
12-12 15:48:25.394   962  1545 W InputManager: Input event injection from pid 12158 failed.
12-12 15:48:25.404 12180 12211 W dalvikvm: VFY: unable to find class referenced in signature (Landroid/app/job/JobParameters;)
12-12 15:48:25.404 12180 12211 W dalvikvm: VFY: unable to find class referenced in signature (Landroid/app/job/JobParameters;)
12-12 15:48:25.404 12180 12211 W dalvikvm: VFY: unable to find class referenced in signature (Landroid/app/job/JobParameters;)
12-12 15:48:25.404 12180 12211 W dalvikvm: VFY: unable to find class referenced in signature (Landroid/app/job/JobParameters;)
12-12 15:48:25.404 12180 12211 I dalvikvm: Could not find method android.app.job.JobParameters.getExtras, referenced from method com.google.android.gms.internal.zzcfh.onStartJob
12-12 15:48:25.404 12180 12211 W dalvikvm: VFY: unable to resolve virtual method 327: Landroid/app/job/JobParameters;.getExtras ()Landroid/os/PersistableBundle;
12-12 15:48:25.404 12180 12211 D dalvikvm: VFY: replacing opcode 0x6e at 0x000a
12-12 15:48:25.414   962  9116 D qdlights: set_light_backlight: 73
12-12 15:48:25.424   962  9117 D qdlights: set_light_backlight: 76
12-12 15:48:25.424  1756  1848 V AudioRecord: ~AudioRecord(): voiceActivationState 0
12-12 15:48:25.424 12180 12180 I dalvikvm: Could not find method android.view.Window$Callback.onProvideKeyboardShortcuts, referenced from method android.support.v7.view.WindowCallbackWrapper.onProvideKeyboardShortcuts
12-12 15:48:25.424 12180 12180 W dalvikvm: VFY: unable to resolve interface method 17293: Landroid/view/Window$Callback;.onProvideKeyboardShortcuts (Ljava/util/List;Landroid/view/Menu;I)V
12-12 15:48:25.424 12180 12180 D dalvikvm: VFY: replacing opcode 0x72 at 0x0002
12-12 15:48:25.424 12180 12180 W dalvikvm: VFY: unable to find class referenced in signature (Landroid/view/SearchEvent;)
12-12 15:48:25.424 12180 12180 I dalvikvm: Could not find method android.view.Window$Callback.onSearchRequested, referenced from method android.support.v7.view.WindowCallbackWrapper.onSearchRequested
12-12 15:48:25.424 12180 12180 W dalvikvm: VFY: unable to resolve interface method 17295: Landroid/view/Window$Callback;.onSearchRequested (Landroid/view/SearchEvent;)Z
12-12 15:48:25.424 12180 12180 D dalvikvm: VFY: replacing opcode 0x72 at 0x0002
12-12 15:48:25.434 12180 12180 I dalvikvm: Could not find method android.view.Window$Callback.onWindowStartingActionMode, referenced from method android.support.v7.view.WindowCallbackWrapper.onWindowStartingActionMode
12-12 15:48:25.434 12180 12180 W dalvikvm: VFY: unable to resolve interface method 17299: Landroid/view/Window$Callback;.onWindowStartingActionMode (Landroid/view/ActionMode$Callback;I)Landroid/view/ActionMode;
12-12 15:48:25.434 12180 12180 D dalvikvm: VFY: replacing opcode 0x72 at 0x0002
12-12 15:48:25.434 12180 12180 I dalvikvm: Could not find method android.content.res.TypedArray.getChangingConfigurations, referenced from method android.support.v7.widget.TintTypedArray.getChangingConfigurations
12-12 15:48:25.434 12180 12180 W dalvikvm: VFY: unable to resolve virtual method 610: Landroid/content/res/TypedArray;.getChangingConfigurations ()I
12-12 15:48:25.434 12180 12180 D dalvikvm: VFY: replacing opcode 0x6e at 0x0002
12-12 15:48:25.434 12180 12180 I dalvikvm: Could not find method android.content.res.TypedArray.getType, referenced from method android.support.v7.widget.TintTypedArray.getType
12-12 15:48:25.434 12180 12180 W dalvikvm: VFY: unable to resolve virtual method 632: Landroid/content/res/TypedArray;.getType (I)I
12-12 15:48:25.434 12180 12180 D dalvikvm: VFY: replacing opcode 0x6e at 0x0008
12-12 15:48:25.444   962  9118 D qdlights: set_light_backlight: 80
12-12 15:48:25.454   962  9119 D qdlights: set_light_backlight: 83
12-12 15:48:25.464   962  1151 I InputDispatcher: Dropping event because there is no touchable window at (352, 250).
12-12 15:48:25.464   962  1545 W InputManager: Input event injection from pid 12158 failed.
12-12 15:48:25.464   962  1537 W InputManager: Input event injection from pid 12158 failed.
12-12 15:48:25.474   962  1209 D qdlights: set_light_backlight: 86
12-12 15:48:25.484   327   420 I ThermalEngine: Sensor:pa_therm1:29000 mC
12-12 15:48:25.494   962  9116 D qdlights: set_light_backlight: 90
12-12 15:48:25.504   962  9117 D qdlights: set_light_backlight: 93
12-12 15:48:25.504 12180 12180 I dalvikvm: Could not find method android.widget.FrameLayout.startActionModeForChild, referenced from method android.support.v7.widget.ActionBarContainer.startActionModeForChild
12-12 15:48:25.504 12180 12180 W dalvikvm: VFY: unable to resolve virtual method 17735: Landroid/widget/FrameLayout;.startActionModeForChild (Landroid/view/View;Landroid/view/ActionMode$Callback;I)Landroid/view/ActionMode;
12-12 15:48:25.504 12180 12180 D dalvikvm: VFY: replacing opcode 0x6f at 0x0002
12-12 15:48:25.514   962  1151 I InputDispatcher: Dropping event because there is no touchable window at (496, 516).
12-12 15:48:25.514   962  1561 W InputManager: Input event injection from pid 12158 failed.
12-12 15:48:25.514   962  1375 W InputManager: Input event injection from pid 12158 failed.
12-12 15:48:25.524 12180 12180 I dalvikvm: Could not find method android.content.Context.getColorStateList, referenced from method android.support.v7.content.res.AppCompatResources.getColorStateList
12-12 15:48:25.524 12180 12180 W dalvikvm: VFY: unable to resolve virtual method 380: Landroid/content/Context;.getColorStateList (I)Landroid/content/res/ColorStateList;
12-12 15:48:25.524 12180 12180 D dalvikvm: VFY: replacing opcode 0x6e at 0x0006
12-12 15:48:25.524   962  9118 D qdlights: set_light_backlight: 96
12-12 15:48:25.524  1756  1848 D AudioRecord: ~AudioRecord(): send the state of record
12-12 15:48:25.524   319  1119 D AudioFlinger: sendRecordState() AudioRecord state changed. recordState 0, oldRecordState 0
12-12 15:48:25.524   319  1119 D AudioFlinger: sendRecordState() same record state.
12-12 15:48:25.524   319   319 V AudioFlinger: RecordHandle::stop()
12-12 15:48:25.524   319   319 V AudioFlinger: RecordThread::stop
12-12 15:48:25.524   319   319 V AudioPolicyManagerBase: releaseInput() 18
12-12 15:48:25.524   319   319 V AudioFlinger: closeInput() 18
12-12 15:48:25.524   319   319 V AudioSystem: ioConfigChanged() event 4, ioHandle 18
12-12 15:48:25.524   319   319 V AudioFlinger: ThreadBase::exit
12-12 15:48:25.524  1505  1923 V AudioSystem: ioConfigChanged() event 4, ioHandle 18
12-12 15:48:25.524  1756  1811 V AudioSystem: ioConfigChanged() event 4, ioHandle 18
12-12 15:48:25.524 10467 10478 V AudioSystem: ioConfigChanged() event 4, ioHandle 18
12-12 15:48:25.524   319  9652 V AudioFlinger: RecordThread: loop starting
12-12 15:48:25.524   962   973 V AudioSystem: ioConfigChanged() event 4, ioHandle 18
12-12 15:48:25.524   319  3811 V AudioFlinger: releasing 17 from 1756
12-12 15:48:25.524   319  3811 V AudioFlinger:  decremented refcount to 0
12-12 15:48:25.524   319  3811 V AudioFlinger: purging stale effects
12-12 15:48:25.524   319  9652 V AudioFlinger: acquireWakeLock_l() AudioIn_12 status 0
12-12 15:48:25.524 12180 12180 I dalvikvm: Could not find method android.content.res.Resources.getDrawable, referenced from method android.support.v7.widget.ResourcesWrapper.getDrawable
12-12 15:48:25.524 12180 12180 W dalvikvm: VFY: unable to resolve virtual method 573: Landroid/content/res/Resources;.getDrawable (ILandroid/content/res/Resources$Theme;)Landroid/graphics/drawable/Drawable;
12-12 15:48:25.524 12180 12180 D dalvikvm: VFY: replacing opcode 0x6e at 0x0002
12-12 15:48:25.524 12180 12180 I dalvikvm: Could not find method android.content.res.Resources.getDrawableForDensity, referenced from method android.support.v7.widget.ResourcesWrapper.getDrawableForDensity
12-12 15:48:25.524 12180 12180 W dalvikvm: VFY: unable to resolve virtual method 575: Landroid/content/res/Resources;.getDrawableForDensity (IILandroid/content/res/Resources$Theme;)Landroid/graphics/drawable/Drawable;
12-12 15:48:25.524 12180 12180 D dalvikvm: VFY: replacing opcode 0x6e at 0x0002
12-12 15:48:25.534   319  9652 V SRS_ProcWS: SRS_Processing - SourceInDel - Source Not Located 0xb8fd9470
12-12 15:48:25.534   319  9652 V SRS_ProcWS: SRS_Processing - SourceInDel - Source Not Deleted 0xb8fd9470
12-12 15:48:25.534   319  9652 V AudioFlinger: releaseWakeLock_l() AudioIn_12
12-12 15:48:25.534   319  9652 V AudioFlinger: RecordThread 0xb8fd9470 exiting
12-12 15:48:25.534   319   319 V audio_hw_primary: adev_close_input_stream
12-12 15:48:25.534  1756  1850 I MicroHotwordRecognitionRunner: Stopping hotword detection.
12-12 15:48:25.534   319   319 V audio_hw_primary: in_standby: enter
12-12 15:48:25.534   319   319 V audio_hw_primary: in_standby: exit:  status(0)
12-12 15:48:25.534   319   319 V AudioPolicyManagerBase: releaseInput() exit
12-12 15:48:25.534   319   319 V AudioFlinger: ~RecordThread RecordHooking is disabled.
12-12 15:48:25.534   319   319 V AudioFlinger: setRecordHookingEnabled( 0 ) mRecordHookingEnabled 0
12-12 15:48:25.534   319   319 E AudioFlinger: setRecordHookingEnabled() RedordHooking state is same. mRecordHookingHeapFD = 3866680
12-12 15:48:25.534   319   319 V AudioFlinger: virtual android::AudioFlinger::RecordThread::RecordTrack::~RecordTrack()
12-12 15:48:25.534   319   319 V AudioFlinger: removeClient_l() pid 1756, calling pid 319
12-12 15:48:25.534  1756  9651 I MicroHotwordRecognitionRunner: Hotword detection finished
12-12 15:48:25.534   962  9119 D qdlights: set_light_backlight: 100
12-12 15:48:25.534 12180 12180 E dalvikvm: Could not find class 'android.graphics.drawable.RippleDrawable', referenced from method android.support.v7.widget.AppCompatImageHelper.hasOverlappingRendering
12-12 15:48:25.534 12180 12180 W dalvikvm: VFY: unable to resolve instanceof 173 (Landroid/graphics/drawable/RippleDrawable;) in Landroid/support/v7/widget/AppCompatImageHelper;
12-12 15:48:25.534 12180 12180 D dalvikvm: VFY: replacing opcode 0x20 at 0x000c
12-12 15:48:25.554   962  1209 D qdlights: set_light_backlight: 103
12-12 15:48:25.564 12158 12158 I ActivityManager: Timeline: Activity_launch_request id:com.example.snoopy time:2064105
12-12 15:48:25.564   962  1537 I ActivityManager: START u0 {act=android.intent.action.MAIN cat=[android.intent.category.LAUNCHER] flg=0x10200000 cmp=com.example.snoopy/.CameraInputFrames} from pid 12158
12-12 15:48:25.574   962  9116 D qdlights: set_light_backlight: 106
12-12 15:48:25.574 12180 12180 E ViewRootImpl: mIsPenSupport: :true
12-12 15:48:25.584   962  9117 D qdlights: set_light_backlight: 110
12-12 15:48:25.594  1213  1601 D dalvikvm: GC_EXPLICIT freed 18K, 67% free 3864K/11632K, paused 2ms+2ms, total 25ms
12-12 15:48:25.604   962  9118 D qdlights: set_light_backlight: 113
12-12 15:48:25.604   962  1537 I ActivityManager: ActivityRecord{4290b118 u0 com.example.snoopy/.CameraInputFrames t-1} Support Split:false Is ScreenFull:true
12-12 15:48:25.624   962  9119 D qdlights: set_light_backlight: 116
12-12 15:48:25.634  1213  1232 D dalvikvm: GC_EXPLICIT freed 13K, 67% free 3864K/11632K, paused 1ms+3ms, total 24ms
12-12 15:48:25.634  1213  1232 V SplitWindowPolicyService: checkScreen => return. sourceIntent is null or not support SplitWindow component: ComponentInfo{co..../co.....CameraInputFrames}
12-12 15:48:25.634  1213  1600 V SplitWindowPolicyService: requestUpdateStackInfo
12-12 15:48:25.634   962  1209 D qdlights: set_light_backlight: 120
12-12 15:48:25.634   962  1537 D ActivityManager: resumeTopActivityLocked: Top activity resumed ActivityRecord{428f0180 u0 com.example.snoopy/.CameraInputFrames t4}
12-12 15:48:25.654   962  9116 D qdlights: set_light_backlight: 123
12-12 15:48:25.674   962  9117 D qdlights: set_light_backlight: 126
12-12 15:48:25.674 12180 12180 I Adreno-EGL: <qeglDrvAPI_eglInitialize:410>: EGL 1.4 QUALCOMM build:  ()
12-12 15:48:25.674 12180 12180 I Adreno-EGL: OpenGL ES Shader Compiler Version: E031.24.00.08
12-12 15:48:25.674 12180 12180 I Adreno-EGL: Build Date: 03/21/14 Fri
12-12 15:48:25.674 12180 12180 I Adreno-EGL: Local Branch: AU200-20140313-all-patches-KK8x26-664328
12-12 15:48:25.674 12180 12180 I Adreno-EGL: Remote Branch: 
12-12 15:48:25.674 12180 12180 I Adreno-EGL: Local Patches: 
12-12 15:48:25.674 12180 12180 I Adreno-EGL: Reconstruct Branch: 
12-12 15:48:25.684   962  9118 D qdlights: set_light_backlight: 130
12-12 15:48:25.684   962  1151 D PowerManagerService: updateUserActivitySummaryLocked: mWakefulness=Awake, mUserActivitySummary=0x1, nextTimeout=2957224 (in 892999 ms)
12-12 15:48:25.704   962  9119 D qdlights: set_light_backlight: 133
12-12 15:48:25.724   962  1209 D qdlights: set_light_backlight: 136
12-12 15:48:25.724 12180 12180 D OpenGLRenderer: Enabling debug mode 0
12-12 15:48:25.734   962  9116 D qdlights: set_light_backlight: 140
12-12 15:48:25.734 12180 12180 I ViewRootImpl: ViewRoot's Touch Event : ACTION_DOWN
12-12 15:48:25.734 12180 12180 I ViewRootImpl: ViewRoot's Touch Event : ACTION_UP
12-12 15:48:25.754   962  9117 D qdlights: set_light_backlight: 143
12-12 15:48:25.754 12180 12180 I ViewRootImpl: ViewRoot's Touch Event : ACTION_DOWN
12-12 15:48:25.764 12180 12180 I ViewRootImpl: ViewRoot's Touch Event : ACTION_UP
12-12 15:48:25.774   962  9118 D qdlights: set_light_backlight: 146
12-12 15:48:25.784   962  9119 D qdlights: set_light_backlight: 150
12-12 15:48:25.804   962  1209 D qdlights: set_light_backlight: 153
12-12 15:48:25.824   962  9116 D qdlights: set_light_backlight: 156
12-12 15:48:25.834   962  9117 D qdlights: set_light_backlight: 160
12-12 15:48:25.854   962  9118 D qdlights: set_light_backlight: 163
12-12 15:48:25.874   962  9119 D qdlights: set_light_backlight: 166
12-12 15:48:25.874   962  1020 I ActivityManager: Displayed com.example.snoopy/.CameraInputFrames: +851ms
12-12 15:48:25.874   962  1020 I ActivityManager: Timeline: Activity_windows_visible id: ActivityRecord{428f0180 u0 com.example.snoopy/.CameraInputFrames t4} time:2064417
12-12 15:48:25.874 12180 12180 I ViewRootImpl: ViewRoot's Touch Event : ACTION_DOWN
12-12 15:48:25.874 12180 12180 I ViewRootImpl: ViewRoot's Touch Event : ACTION_UP
12-12 15:48:25.884 12180 12180 I ActivityManager: Timeline: Activity_idle id: android.os.BinderProxy@41ff7328 time:2064424
12-12 15:48:25.884   962  1209 D qdlights: set_light_backlight: 170
12-12 15:48:25.884 12180 12180 I ViewRootImpl: ViewRoot's Touch Event : ACTION_DOWN
12-12 15:48:25.884 12180 12180 I ViewRootImpl: ViewRoot's Touch Event : ACTION_UP
12-12 15:48:25.904   962  9116 D qdlights: set_light_backlight: 173
12-12 15:48:25.914 12180 12180 I ViewRootImpl: ViewRoot's Touch Event : ACTION_DOWN
12-12 15:48:25.914 12180 12180 I ViewRootImpl: ViewRoot's Touch Event : ACTION_UP
12-12 15:48:25.924   962  9117 D qdlights: set_light_backlight: 176
12-12 15:48:25.934   962  9118 D qdlights: set_light_backlight: 178
12-12 15:48:25.964 12180 12180 I ViewRootImpl: ViewRoot's Touch Event : ACTION_DOWN
12-12 15:48:25.964 12180 12180 I ViewRootImpl: ViewRoot's Touch Event : ACTION_UP
12-12 15:48:26.014 12158 12158 I ActivityManager: Timeline: Activity_launch_request id:com.example.snoopy time:2064559
12-12 15:48:26.024   962  1560 I ActivityManager: START u0 {act=android.intent.action.MAIN cat=[android.intent.category.LAUNCHER] flg=0x10200000 cmp=com.example.snoopy/.CameraInputFrames} from pid 12158
12-12 15:48:26.054  1213  1600 D dalvikvm: GC_EXPLICIT freed 15K, 67% free 3864K/11632K, paused 2ms+2ms, total 24ms
12-12 15:48:26.054   962  1560 I ActivityManager: ActivityRecord{42913ca8 u0 com.example.snoopy/.CameraInputFrames t-1} Support Split:false Is ScreenFull:true
12-12 15:48:26.074  1213  1224 D dalvikvm: GC_EXPLICIT freed 13K, 67% free 3864K/11632K, paused 2ms+2ms, total 23ms
12-12 15:48:26.084  1213  1224 V SplitWindowPolicyService: checkScreen => return. sourceIntent is null or not support SplitWindow component: ComponentInfo{co..../co.....CameraInputFrames}
12-12 15:48:26.084  1213  1601 V SplitWindowPolicyService: requestUpdateStackInfo
12-12 15:48:26.084   962  1560 D ActivityManager: resumeTopActivityLocked: Top activity resumed ActivityRecord{428f0180 u0 com.example.snoopy/.CameraInputFrames t4}
12-12 15:48:26.134 12180 12180 I ViewRootImpl: ViewRoot's Touch Event : ACTION_DOWN
12-12 15:48:26.134 12180 12180 I ViewRootImpl: ViewRoot's Touch Event : ACTION_UP
12-12 15:48:26.184   962  1151 D PowerManagerService: updateUserActivitySummaryLocked: mWakefulness=Awake, mUserActivitySummary=0x1, nextTimeout=2957727 (in 892999 ms)
12-12 15:48:26.184 12180 12180 I ViewRootImpl: ViewRoot's Touch Event : ACTION_DOWN
12-12 15:48:26.184 12180 12180 I ViewRootImpl: ViewRoot's Touch Event : ACTION_UP
12-12 15:48:26.224   306   385 I Vold    : [LGE][VOLD][NetlinkHandler.cpp][onEvent()] subsys:cpu, action:0
12-12 15:48:26.244 12180 12180 I ViewRootImpl: ViewRoot's Touch Event : ACTION_DOWN
12-12 15:48:26.244 12180 12180 I ViewRootImpl: ViewRoot's Touch Event : ACTION_UP
12-12 15:48:26.294 12158 12158 I ActivityManager: Timeline: Activity_launch_request id:com.example.snoopy time:2064833
12-12 15:48:26.294   962  5456 I ActivityManager: START u0 {act=android.intent.action.MAIN cat=[android.intent.category.LAUNCHER] flg=0x10200000 cmp=com.example.snoopy/.CameraInputFrames} from pid 12158
12-12 15:48:26.304   962  1177 D WifiStateMachine: handleMessage: E msg.what=131155
12-12 15:48:26.304   962  1177 D WifiStateMachine: processMsg: ConnectedState
12-12 15:48:26.304   962  1177 D WifiStateMachine: processMsg: L2ConnectedState
12-12 15:48:26.304   962  1177 D WifiNative-wlan0: doString: SIGNAL_POLL
12-12 15:48:26.304 10343 10343 D wpa_supplicant: wlan0: Control interface command 'SIGNAL_POLL'
12-12 15:48:26.314 10343 10343 D wpa_supplicant: nl80211: survey data missing!
12-12 15:48:26.324  1213  1232 D dalvikvm: GC_EXPLICIT freed 14K, 67% free 3864K/11632K, paused 2ms+2ms, total 24ms
12-12 15:48:26.324   962  5456 I ActivityManager: ActivityRecord{42a2cbe0 u0 com.example.snoopy/.CameraInputFrames t-1} Support Split:false Is ScreenFull:true
12-12 15:48:26.354  1213  1600 D dalvikvm: GC_EXPLICIT freed 13K, 67% free 3864K/11632K, paused 2ms+2ms, total 23ms
12-12 15:48:26.354  1213  1600 V SplitWindowPolicyService: checkScreen => return. sourceIntent is null or not support SplitWindow component: ComponentInfo{co..../co.....CameraInputFrames}
12-12 15:48:26.354  1213  1601 V SplitWindowPolicyService: requestUpdateStackInfo
12-12 15:48:26.354   962  1177 D WifiStateMachine: handleMessage: X
12-12 15:48:26.354   450   450 E Parcel  : Reading a NULL string not supported here.
12-12 15:48:26.354   450   450 E Parcel  : Reading a NULL string not supported here.
12-12 15:48:26.354   962  5456 D ActivityManager: resumeTopActivityLocked: Top activity resumed ActivityRecord{428f0180 u0 com.example.snoopy/.CameraInputFrames t4}
12-12 15:48:26.374   962  1143 V AlarmManager: ELAPSED_WAKEUP set : Alarm{432fa228 type 2 com.google.android.gms} when  2064907
12-12 15:48:26.404 12180 12180 I ViewRootImpl: ViewRoot's Touch Event : ACTION_DOWN
12-12 15:48:26.404 12180 12180 I ViewRootImpl: ViewRoot's Touch Event : ACTION_UP
12-12 15:48:26.444 10247 12225 W ConfigurationChimeraPro: Got null configs for com.google.android.gms.tapandpay_legacy_gservices
12-12 15:48:26.464 12180 12180 I ViewRootImpl: ViewRoot's Touch Event : ACTION_DOWN
12-12 15:48:26.474 12180 12180 I ViewRootImpl: ViewRoot's Touch Event : ACTION_UP
12-12 15:48:26.474   306   385 I Vold    : [LGE][VOLD][NetlinkHandler.cpp][onEvent()] subsys:cpu, action:0
12-12 15:48:26.524 12180 12180 I ViewRootImpl: ViewRoot's Touch Event : ACTION_DOWN
12-12 15:48:26.524 12180 12180 I ViewRootImpl: ViewRoot's Touch Event : ACTION_UP
12-12 15:48:26.564   962  1194 I ActivityManager: Start proc com.android.providers.calendar for content provider com.android.providers.calendar/.CalendarProvider2: pid=12232 uid=10018 gids={50018, 3003, 1028, 1015}
12-12 15:48:26.574 12158 12158 I ActivityManager: Timeline: Activity_launch_request id:com.example.snoopy time:2065119
12-12 15:48:26.584  1515  1538 I com.skyfire.browser.toolbar.ProcessObserverService: On importance changed 12232,10018,400
12-12 15:48:26.584   962  1375 I ActivityManager: START u0 {act=android.intent.action.MAIN cat=[android.intent.category.LAUNCHER] flg=0x10200000 cmp=com.example.snoopy/.MainActivity} from pid 12158
12-12 15:48:26.584   316   316 D dalvikvm: GC_EXPLICIT freed 45K, 76% free 2864K/11632K, paused 1ms+2ms, total 21ms
12-12 15:48:26.594 12232 12232 D HyLog   : I : /data/font/config/sfconfig.dat, No such file or directory (2)
12-12 15:48:26.594 12232 12232 D HyLog   : I : /data/font/config/dfactpre.dat, No such file or directory (2)
12-12 15:48:26.594 12232 12232 D HyLog   : I : /data/font/config/sfconfig.dat, No such file or directory (2)
12-12 15:48:26.604   316   316 D dalvikvm: GC_EXPLICIT freed <1K, 76% free 2864K/11632K, paused 2ms+2ms, total 20ms
12-12 15:48:26.614  1213  1224 D dalvikvm: GC_EXPLICIT freed 14K, 67% free 3864K/11632K, paused 2ms+2ms, total 24ms
12-12 15:48:26.614   962  1375 I ActivityManager: ActivityRecord{42c438c0 u0 com.example.snoopy/.MainActivity t-1} Support Split:false Is ScreenFull:true
12-12 15:48:26.624   316   316 D dalvikvm: GC_EXPLICIT freed <1K, 76% free 2864K/11632K, paused 2ms+2ms, total 20ms
12-12 15:48:26.644  1213  1232 D dalvikvm: GC_EXPLICIT freed 13K, 67% free 3864K/11632K, paused 2ms+3ms, total 26ms
12-12 15:48:26.644  1213  1232 V SplitWindowPolicyService: checkScreen => return. sourceIntent is null or not support SplitWindow component: ComponentInfo{co..../co.....MainActivity}
12-12 15:48:26.644  1213  1601 V SplitWindowPolicyService: requestUpdateStackInfo
12-12 15:48:26.644 12232 12232 I CalendarProvider2: Created com.android.providers.calendar.CalendarAlarmManager@42014490(com.android.providers.calendar.CalendarProvider2@4200b210)
12-12 15:48:26.644   962  1375 D ActivityManager: resumeTopActivityLocked: Top activity resumed ActivityRecord{428f0180 u0 com.example.snoopy/.CameraInputFrames t4}
12-12 15:48:26.694 12180 12180 I ViewRootImpl: ViewRoot's Touch Event : ACTION_DOWN
12-12 15:48:26.694   962  1151 D PowerManagerService: updateUserActivitySummaryLocked: mWakefulness=Awake, mUserActivitySummary=0x1, nextTimeout=2958237 (in 892999 ms)
12-12 15:48:26.704 12180 12180 I ViewRootImpl: ViewRoot's Touch Event : ACTION_UP
12-12 15:48:26.714 10629 11018 I IcingInternalCorpora: EventIndexer: starting full update
12-12 15:48:26.714 10629 11018 I IcingInternalCorpora: EventIndexer: 0 added, 0 removed, 0 changed, 0 unchanged, 0 errors.
12-12 15:48:26.724 10629 11018 I IcingInternalCorpora: EventIndexer: finished after 1 ms.
12-12 15:48:26.754 12180 12180 I ViewRootImpl: ViewRoot's Touch Event : ACTION_DOWN
12-12 15:48:26.834 12180 12180 I ViewRootImpl: ViewRoot's Touch Event : ACTION_UP
12-12 15:48:26.884 12180 12180 I ViewRootImpl: ViewRoot's Touch Event : ACTION_DOWN
12-12 15:48:26.884 12180 12180 I ViewRootImpl: ViewRoot's Touch Event : ACTION_UP
12-12 15:48:26.934   962  1180 V WifiServiceExtension: checkPollTimer Cnt= 0 rssi =-55 threshold=-100
12-12 15:48:26.964 12180 12180 I ViewRootImpl: ViewRoot's Touch Event : ACTION_DOWN
12-12 15:48:26.964 12180 12180 I ViewRootImpl: ViewRoot's Touch Event : ACTION_UP
12-12 15:48:26.994 12158 12158 I ActivityManager: Timeline: Activity_launch_request id:com.example.snoopy time:2065532
12-12 15:48:26.994   962  1561 I ActivityManager: START u0 {act=android.intent.action.MAIN cat=[android.intent.category.LAUNCHER] flg=0x10200000 cmp=com.example.snoopy/.MainActivity} from pid 12158
12-12 15:48:27.024  1213  1600 D dalvikvm: GC_EXPLICIT freed 14K, 67% free 3865K/11632K, paused 2ms+3ms, total 23ms
12-12 15:48:27.024   962  1561 I ActivityManager: ActivityRecord{42c97d78 u0 com.example.snoopy/.MainActivity t-1} Support Split:false Is ScreenFull:true
12-12 15:48:27.054  1213  1224 D dalvikvm: GC_EXPLICIT freed 13K, 67% free 3864K/11632K, paused 2ms+2ms, total 24ms
12-12 15:48:27.054  1213  1224 V SplitWindowPolicyService: checkScreen => return. sourceIntent is null or not support SplitWindow component: ComponentInfo{co..../co.....MainActivity}
12-12 15:48:27.054  1213  1232 V SplitWindowPolicyService: requestUpdateStackInfo
12-12 15:48:27.054   962  1561 D ActivityManager: resumeTopActivityLocked: Top activity resumed ActivityRecord{428f0180 u0 com.example.snoopy/.CameraInputFrames t4}
12-12 15:48:27.104 12180 12180 I ViewRootImpl: ViewRoot's Touch Event : ACTION_DOWN
12-12 15:48:27.104 12180 12180 I ViewRootImpl: ViewRoot's Touch Event : ACTION_UP
12-12 15:48:27.134   306   385 I Vold    : [LGE][VOLD][NetlinkHandler.cpp][onEvent()] subsys:cpu, action:0
12-12 15:48:27.154 12180 12180 I ViewRootImpl: ViewRoot's Touch Event : ACTION_DOWN
12-12 15:48:27.164 12180 12180 I ViewRootImpl: ViewRoot's Touch Event : ACTION_UP
12-12 15:48:27.214   962  1151 D PowerManagerService: updateUserActivitySummaryLocked: mWakefulness=Awake, mUserActivitySummary=0x1, nextTimeout=2958754 (in 892999 ms)
12-12 15:48:27.214 12180 12180 I ViewRootImpl: ViewRoot's Touch Event : ACTION_DOWN
12-12 15:48:27.214 12180 12180 I ViewRootImpl: ViewRoot's Touch Event : ACTION_UP
12-12 15:48:27.264 12180 12180 I ViewRootImpl: ViewRoot's Touch Event : ACTION_DOWN
12-12 15:48:27.264 12180 12180 I ViewRootImpl: ViewRoot's Touch Event : ACTION_UP
12-12 15:48:27.324 12180 12180 I ViewRootImpl: ViewRoot's Touch Event : ACTION_DOWN
12-12 15:48:27.324 12180 12180 I ViewRootImpl: ViewRoot's Touch Event : ACTION_UP
12-12 15:48:27.374 12180 12180 I ViewRootImpl: ViewRoot's Touch Event : ACTION_DOWN
12-12 15:48:27.374 12180 12180 I ViewRootImpl: ViewRoot's Touch Event : ACTION_UP
12-12 15:48:27.424 12180 12180 I ViewRootImpl: ViewRoot's Touch Event : ACTION_DOWN
12-12 15:48:27.424 12180 12180 I ViewRootImpl: ViewRoot's Touch Event : ACTION_UP
12-12 15:48:27.434   306   385 I Vold    : [LGE][VOLD][NetlinkHandler.cpp][onEvent()] subsys:cpu, action:0
12-12 15:48:27.484 12180 12180 I ViewRootImpl: ViewRoot's Touch Event : ACTION_DOWN
12-12 15:48:27.484 12180 12180 I ViewRootImpl: ViewRoot's Touch Event : ACTION_UP
12-12 15:48:27.534 12180 12180 I ViewRootImpl: ViewRoot's Touch Event : ACTION_DOWN
12-12 15:48:27.544 12180 12180 I ViewRootImpl: ViewRoot's Touch Event : ACTION_UP
12-12 15:48:27.594 12180 12180 I ViewRootImpl: ViewRoot's Touch Event : ACTION_DOWN
12-12 15:48:27.594 12180 12180 I ViewRootImpl: ViewRoot's Touch Event : ACTION_UP
12-12 15:48:27.644 12180 12180 I ViewRootImpl: ViewRoot's Touch Event : ACTION_DOWN
12-12 15:48:27.654 12180 12180 I ViewRootImpl: ViewRoot's Touch Event : ACTION_UP
12-12 15:48:27.664 12232 12232 I CalendarProvider2: Sending notification intent: Intent { act=android.intent.action.PROVIDER_CHANGED dat=content://com.android.calendar }
12-12 15:48:27.674 12232 12232 W ContentResolver: Failed to get type for: content://com.android.calendar (Unknown URL content://com.android.calendar)
12-12 15:48:27.684   962  1021 I ActivityManager: Start proc com.android.calendar for broadcast com.android.calendar/.alerts.AlertReceiver: pid=12263 uid=10017 gids={50017, 3003, 1028, 1015}
12-12 15:48:27.694   962  1545 I ActivityManager: Killing 11506:com.uei.lg.quicksetsdk.lite/u0a101 (adj 15): empty #14
12-12 15:48:27.704 12180 12180 I ViewRootImpl: ViewRoot's Touch Event : ACTION_DOWN
12-12 15:48:27.704 12180 12180 I ViewRootImpl: ViewRoot's Touch Event : ACTION_UP
12-12 15:48:27.714  1515  1526 I com.skyfire.browser.toolbar.ProcessObserverService: On importance changed 12263,10017,400
12-12 15:48:27.724  1515  1538 I com.skyfire.browser.toolbar.ProcessObserverService: On process died 11506,10101
12-12 15:48:27.724  1213  1601 V SplitWindowPolicyService: requestUpdateStackInfo
12-12 15:48:27.724   962  1559 W ActivityManager: Scheduling restart of crashed service com.uei.lg.quicksetsdk.lite/com.uei.control.Service in 1000ms
12-12 15:48:27.724   962  1559 D ActivityManager: resumeTopActivityLocked: Top activity resumed ActivityRecord{428f0180 u0 com.example.snoopy/.CameraInputFrames t4}
12-12 15:48:27.734 12263 12263 D HyLog   : I : /data/font/config/sfconfig.dat, No such file or directory (2)
12-12 15:48:27.734 12263 12263 D HyLog   : I : /data/font/config/dfactpre.dat, No such file or directory (2)
12-12 15:48:27.734 12263 12263 D HyLog   : I : /data/font/config/sfconfig.dat, No such file or directory (2)
12-12 15:48:27.744   306   385 I Vold    : [LGE][VOLD][NetlinkHandler.cpp][onEvent()] subsys:cpu, action:0
12-12 15:48:27.744 11490 11490 I QRemote : [RemoteControlManager.java:206:onServiceDisconnected()] oooooo start
12-12 15:48:27.744   306   385 I Vold    : [LGE][VOLD][NetlinkHandler.cpp][onEvent()] subsys:cpu, action:0
12-12 15:48:27.754   962  1151 D PowerManagerService: updateUserActivitySummaryLocked: mWakefulness=Awake, mUserActivitySummary=0x1, nextTimeout=2959297 (in 892998 ms)
12-12 15:48:27.764 12180 12180 I ViewRootImpl: ViewRoot's Touch Event : ACTION_DOWN
12-12 15:48:27.764 11490 11490 W System.err: android.os.DeadObjectException
12-12 15:48:27.764 11490 11490 W System.err: 	at android.os.BinderProxy.transact(Native Method)
12-12 15:48:27.764 11490 11490 W System.err: 	at com.uei.control.IControl.unregisterCallback(IControl.java:502)
12-12 15:48:27.764 11490 11490 W System.err: 	at com.lge.qremote.remote.system.RemoteControlManager$1.onServiceDisconnected(RemoteControlManager.java:210)
12-12 15:48:27.764 11490 11490 W System.err: 	at android.app.LoadedApk$ServiceDispatcher.doDeath(LoadedApk.java:1129)
12-12 15:48:27.764 11490 11490 W System.err: 	at android.app.LoadedApk$ServiceDispatcher$RunConnection.run(LoadedApk.java:1143)
12-12 15:48:27.764 11490 11490 W System.err: 	at android.os.Handler.handleCallback(Handler.java:733)
12-12 15:48:27.764 11490 11490 W System.err: 	at android.os.Handler.dispatchMessage(Handler.java:95)
12-12 15:48:27.764 11490 11490 W System.err: 	at android.os.Looper.loop(Looper.java:136)
12-12 15:48:27.764 11490 11490 W System.err: 	at android.app.ActivityThread.main(ActivityThread.java:5118)
12-12 15:48:27.764 11490 11490 W System.err: 	at java.lang.reflect.Method.invokeNative(Native Method)
12-12 15:48:27.764 11490 11490 W System.err: 	at java.lang.reflect.Method.invoke(Method.java:515)
12-12 15:48:27.764 11490 11490 W System.err: 	at com.android.internal.os.ZygoteInit$MethodAndArgsCaller.run(ZygoteInit.java:790)
12-12 15:48:27.764 11490 11490 W System.err: 	at com.android.internal.os.ZygoteInit.main(ZygoteInit.java:606)
12-12 15:48:27.764 11490 11490 W System.err: 	at dalvik.system.NativeStart.main(Native Method)
12-12 15:48:27.764 12180 12180 I ViewRootImpl: ViewRoot's Touch Event : ACTION_UP
12-12 15:48:27.774 11490 11490 E UEI.SmartControl: IControl.unregisterCallback error: android.os.DeadObjectException
12-12 15:48:27.774 11490 11490 W System.err: android.os.DeadObjectException
12-12 15:48:27.784 11490 11490 W System.err: 	at android.os.BinderProxy.transact(Native Method)
12-12 15:48:27.784 11490 11490 W System.err: 	at com.uei.control.IControl.unregisterSetupReadyCallback(IControl.java:818)
