12-12 15:48:32.894  1197  1197 V PanelView: mTimeAnimator.isStarted() =truetracking=falserubber=false
12-12 15:48:32.894  1197  1197 V PanelView: mExpandedHeight = 15.975001mFullHeight=1212
12-12 15:48:32.914  1197  1197 V PanelView: animationTick called with dtms=0; nothing to do (h=15.975001 v=-2662.5002)
12-12 15:48:32.914  1197  1197 V PanelView: animationTick called with dtms=0; nothing to do (h=15.975001 v=-2662.5002)
12-12 15:48:32.914  1197  1197 V PanelView: animationTick called with dtms=-12; nothing to do (h=15.975001 v=-2662.5002)
12-12 15:48:32.914   962  1036 I SystemUI[Framework]: PhoneWindowManager.updateSystemUiVisibilityLw() :visibility=0x0, pkg=com.example.snoopy
12-12 15:48:32.914  1197  1197 I ViewRootImpl: ViewRoot's Touch Event : ACTION_DOWN
12-12 15:48:32.914  1197  1197 I ViewRootImpl: ViewRoot's Touch Event : ACTION_UP
12-12 15:48:32.924   962  1537 W InputMethodManagerService: Window already focused, ignoring focus gain of: com.android.internal.view.IInputMethodClient$Stub$Proxy@4284d5f8 attribute=null, token = android.os.BinderProxy@42c8f870
12-12 15:48:32.944   962  1180 V WifiServiceExtension: checkPollTimer Cnt= 0 rssi =-56 threshold=-100
12-12 15:48:32.944  1197  1197 D BubblePopupHelper: isShowingBubblePopup : false
12-12 15:48:32.944 12158 12158 I ActivityManager: Timeline: Activity_launch_request id:com.example.snoopy time:2071488
12-12 15:48:32.944   962  1194 I ActivityManager: START u0 {act=android.intent.action.MAIN cat=[android.intent.category.LAUNCHER] flg=0x10200000 cmp=com.example.snoopy/.MainActivity} from pid 12158
12-12 15:48:32.994   962   973 I VolumeVibratorManager: cancel()
12-12 15:48:32.994   962   973 I LGImmersionVibrator: [Vibrator off]
12-12 15:48:32.994  1213  1256 D VolumeVibrator: clear
12-12 15:48:32.994   962   973 D NotificationService: updateLightListLocked :r=null, action=1
12-12 15:48:33.014  1213  1224 D dalvikvm: GC_EXPLICIT freed 14K, 67% free 3865K/11632K, paused 2ms+3ms, total 55ms
12-12 15:48:33.014   306   385 I Vold    : [LGE][VOLD][NetlinkHandler.cpp][onEvent()] subsys:cpu, action:0
12-12 15:48:33.014   962  1194 I ActivityManager: ActivityRecord{4286bb98 u0 com.example.snoopy/.MainActivity t-1} Support Split:false Is ScreenFull:true
12-12 15:48:33.044  1213  1232 D dalvikvm: GC_EXPLICIT freed 13K, 67% free 3864K/11632K, paused 1ms+2ms, total 23ms
12-12 15:48:33.044  1213  1232 V SplitWindowPolicyService: checkScreen => return. sourceIntent is null or not support SplitWindow component: ComponentInfo{co..../co.....MainActivity}
12-12 15:48:33.044  1213  1601 V SplitWindowPolicyService: requestUpdateStackInfo
12-12 15:48:33.044   962  1194 D ActivityManager: resumeTopActivityLocked: Top activity resumed ActivityRecord{428f0180 u0 com.example.snoopy/.CameraInputFrames t4}
12-12 15:48:33.064  1197  1197 E ViewRootImpl: mIsPenSupport: :true
12-12 15:48:33.104 12180 12180 I ViewRootImpl: ViewRoot's Touch Event : ACTION_DOWN
12-12 15:48:33.114 12180 12180 I ViewRootImpl: ViewRoot's Touch Event : ACTION_UP
12-12 15:48:33.164 12180 12180 I ViewRootImpl: ViewRoot's Touch Event : ACTION_DOWN
12-12 15:48:33.164 12180 12180 I ViewRootImpl: ViewRoot's Touch Event : ACTION_UP
12-12 15:48:33.224 12180 12180 I ViewRootImpl: ViewRoot's Touch Event : ACTION_DOWN
12-12 15:48:33.224 12180 12180 I ViewRootImpl: ViewRoot's Touch Event : ACTION_UP
12-12 15:48:33.274 12180 12180 I ViewRootImpl: ViewRoot's Touch Event : ACTION_DOWN
12-12 15:48:33.274 12180 12180 I ViewRootImpl: ViewRoot's Touch Event : ACTION_UP
12-12 15:48:33.284 12287 12306 D UEI.SmartControl: Internal timer expired: 1
12-12 15:48:33.284 12287 12287 D UEI.SmartControl: Service.onUnbind: IControl
12-12 15:48:33.284 12287 12287 D UEI.SmartControl: Service.onDestroy
12-12 15:48:33.284 12287 12287 D UEI.SmartControl: Shutdown IRRCPlayer... 
12-12 15:48:33.294 12287 12287 W irrc_jni: IRRCPlayer_nativeFinalize ++ 
12-12 15:48:33.294 12287 12287 D irrcClient: ~IrrcClient ++ 
12-12 15:48:33.294 12287 12287 D irrcClient: ~IrrcClient -- 
12-12 15:48:33.294 12287 12287 W irrc_jni: IRRCPlayer_nativeFinalize -- 
12-12 15:48:33.294 12287 12287 D UEI.SmartControl: Blaster closed
12-12 15:48:33.294 12287 12287 D UEI.SmartControl: Blaster closed
12-12 15:48:33.294 12287 12287 D UEI.SmartControl: Shut down QS...
12-12 15:48:33.294 12287 12287 D UEI.SmartControl: QS shutdown complete
12-12 15:48:33.304 11266 11281 W System.err: java.net.SocketTimeoutException
12-12 15:48:33.304 11266 11281 W System.err: 	at libcore.io.IoBridge.maybeThrowAfterRecvfrom(IoBridge.java:599)
12-12 15:48:33.304 11266 11281 W System.err: 	at libcore.io.IoBridge.recvfrom(IoBridge.java:557)
12-12 15:48:33.304 11266 11281 W System.err: 	at java.net.PlainDatagramSocketImpl.doRecv(PlainDatagramSocketImpl.java:161)
12-12 15:48:33.304 11266 11281 W System.err: 	at java.net.PlainDatagramSocketImpl.receive(PlainDatagramSocketImpl.java:169)
12-12 15:48:33.304 11266 11281 W System.err: 	at java.net.DatagramSocket.receive(DatagramSocket.java:250)
12-12 15:48:33.304 11266 11281 W System.err: 	at com.lge.drmservice.activation.DrmSntpClient.processRequest(DrmSntpClient.java:202)
12-12 15:48:33.304 11266 11281 W System.err: 	at com.lge.drmservice.activation.DrmSntpClient.run(DrmSntpClient.java:127)
12-12 15:48:33.304 11266 11281 W System.err: Caused by: libcore.io.ErrnoException: recvfrom failed: EAGAIN (Try again)
12-12 15:48:33.314 11266 11281 W System.err: 	at libcore.io.Posix.recvfromBytes(Native Method)
12-12 15:48:33.314 11266 11281 W System.err: 	at libcore.io.Posix.recvfrom(Posix.java:141)
12-12 15:48:33.314 11266 11281 W System.err: 	at libcore.io.BlockGuardOs.recvfrom(BlockGuardOs.java:164)
12-12 15:48:33.314 11266 11281 W System.err: 	at libcore.io.IoBridge.recvfrom(IoBridge.java:554)
12-12 15:48:33.314 11266 11281 W System.err: 	... 5 more
12-12 15:48:33.314 11266 11281 D DrmSntpClient: Server : 5
12-12 15:48:33.314 11266 11281 D libc    : getaddrinfo called from pid =11266
12-12 15:48:33.314 11266 11281 D libc    : getaddrinfo called from pid =11266
12-12 15:48:33.314   312 12401 D libc    : getaddrinfo called from pid =312
12-12 15:48:33.314   312 12401 D libc    : _dns_getaddrinfo: iptype =1
12-12 15:48:33.314   312 12401 D libc    : _dns_getaddrinfo: query_ipv4=1, query_ipv6=0
12-12 15:48:33.324 12180 12180 I ViewRootImpl: ViewRoot's Touch Event : ACTION_DOWN
12-12 15:48:33.334 12180 12180 I ViewRootImpl: ViewRoot's Touch Event : ACTION_UP
12-12 15:48:33.364 11266 11281 D libc    : remote DNS query failed we don't need to try local DNS query result_code =401
12-12 15:48:33.364 11266 11281 D libc    : dnsproxy getaddrinfo returns 401
12-12 15:48:33.364 11266 11281 W System.err: java.net.UnknownHostException: Unable to resolve host "nist.time.nosc.us": Unknown error
12-12 15:48:33.364   306   385 I Vold    : [LGE][VOLD][NetlinkHandler.cpp][onEvent()] subsys:cpu, action:0
12-12 15:48:33.374 11266 11281 W System.err: 	at java.net.InetAddress.lookupHostByName(InetAddress.java:470)
12-12 15:48:33.374 11266 11281 W System.err: 	at java.net.InetAddress.getAllByNameImpl(InetAddress.java:251)
12-12 15:48:33.374 11266 11281 W System.err: 	at java.net.InetAddress.getByName(InetAddress.java:304)
12-12 15:48:33.374 11266 11281 W System.err: 	at com.lge.drmservice.activation.DrmSntpClient.processRequest(DrmSntpClient.java:176)
12-12 15:48:33.374 11266 11281 W System.err: 	at com.lge.drmservice.activation.DrmSntpClient.run(DrmSntpClient.java:127)
12-12 15:48:33.374 11266 11281 W System.err: Caused by: libcore.io.GaiException: getaddrinfo failed: GAI_ error 401 (Unknown error)
12-12 15:48:33.374 11266 11281 W System.err: 	at libcore.io.Posix.getaddrinfo(Native Method)
12-12 15:48:33.374 11266 11281 W System.err: 	at libcore.io.ForwardingOs.getaddrinfo(ForwardingOs.java:61)
12-12 15:48:33.374 11266 11281 W System.err: 	at java.net.InetAddress.lookupHostByName(InetAddress.java:451)
12-12 15:48:33.374 11266 11281 W System.err: 	... 4 more
12-12 15:48:33.374 11266 11281 D DrmSntpClient: Server : 6
12-12 15:48:33.374 11266 11281 D libc    : getaddrinfo called from pid =11266
12-12 15:48:33.374 11266 11281 D libc    : getaddrinfo called from pid =11266
12-12 15:48:33.374   312 12405 D libc    : getaddrinfo called from pid =312
12-12 15:48:33.374   312 12405 D libc    : _dns_getaddrinfo: iptype =1
12-12 15:48:33.374   312 12405 D libc    : _dns_getaddrinfo: query_ipv4=1, query_ipv6=0
12-12 15:48:33.384   962  1151 D PowerManagerService: updateUserActivitySummaryLocked: mWakefulness=Awake, mUserActivitySummary=0x1, nextTimeout=2964922 (in 892999 ms)
12-12 15:48:33.384 12180 12180 I ViewRootImpl: ViewRoot's Touch Event : ACTION_DOWN
12-12 15:48:33.394 12263 12309 D AlertService: Beginning updateAlertNotification
12-12 15:48:33.394 12180 12180 I ViewRootImpl: ViewRoot's Touch Event : ACTION_UP
12-12 15:48:33.414 12263 12309 D AlertService: No fired or scheduled alerts
12-12 15:48:33.424   962  1035 D DSQN    : DNSproblemNotiEnabled is disabled ignore DNS fail CB
12-12 15:48:33.424  1505  1846 D libc    : getaddrinfo called from pid =1505
12-12 15:48:33.424 12263 12309 D AlertService: Scheduling next alarm with AlarmScheduler. sEventReminderReceived: null
12-12 15:48:33.434  1505  1846 D libc    : getaddrinfo called from pid =1505
12-12 15:48:33.434  1505  1846 D libc    : getaddrinfo called from pid =1505
12-12 15:48:33.434  1505  1846 D libc    : getaddrinfo called from pid =1505
12-12 15:48:33.434  1505  1846 D libc    : getaddrinfo called from pid =1505
12-12 15:48:33.434  1505  1846 D libc    : getaddrinfo called from pid =1505
12-12 15:48:33.434  1505  1846 D libc    : getaddrinfo called from pid =1505
12-12 15:48:33.434  1505  1846 D libc    : getaddrinfo called from pid =1505
12-12 15:48:33.434  1505  1846 D libc    : getaddrinfo called from pid =1505
12-12 15:48:33.434  1505  1846 D libc    : getaddrinfo called from pid =1505
12-12 15:48:33.434  1505  1846 D libc    : getaddrinfo called from pid =1505
12-12 15:48:33.444  1505  1846 D libc    : getaddrinfo called from pid =1505
12-12 15:48:33.444  1505  1846 D libc    : getaddrinfo called from pid =1505
12-12 15:48:33.444  1505  1846 D libc    : getaddrinfo called from pid =1505
12-12 15:48:33.444 12263 12309 D AlarmScheduler: No events found starting within 1 week.
12-12 15:48:33.444  1505  1846 D libc    : getaddrinfo called from pid =1505
12-12 15:48:33.444  1505  1846 D libc    : getaddrinfo called from pid =1505
12-12 15:48:33.444  1505  1846 D libc    : getaddrinfo called from pid =1505
12-12 15:48:33.444  1505  1846 D libc    : getaddrinfo called from pid =1505
12-12 15:48:33.444  1505  1846 D libc    : getaddrinfo called from pid =1505
12-12 15:48:33.444  1505  1846 D libc    : getaddrinfo called from pid =1505
12-12 15:48:33.444  1505  1846 D libc    : getaddrinfo called from pid =1505
12-12 15:48:33.444  1505  1846 D libc    : getaddrinfo called from pid =1505
12-12 15:48:33.444  1505  1846 D libc    : getaddrinfo called from pid =1505
12-12 15:48:33.444  1505  1846 D libc    : getaddrinfo called from pid =1505
12-12 15:48:33.444   962  1375 I ActivityManager: Killing 10950:com.google.android.gms.unstable/u0a10 (adj 15): empty #14
12-12 15:48:33.454  1505  1846 D libc    : getaddrinfo called from pid =1505
12-12 15:48:33.454  1505  1846 D libc    : getaddrinfo called from pid =1505
12-12 15:48:33.454  1505  1846 D libc    : getaddrinfo called from pid =1505
12-12 15:48:33.454  1505  1846 D libc    : getaddrinfo called from pid =1505
12-12 15:48:33.454  1505  1846 D libc    : getaddrinfo called from pid =1505
12-12 15:48:33.454  1505  1846 D libc    : getaddrinfo called from pid =1505
12-12 15:48:33.454  1505  1846 D libc    : getaddrinfo called from pid =1505
12-12 15:48:33.454  1505  1846 D libc    : getaddrinfo called from pid =1505
12-12 15:48:33.454  1505  1846 D libc    : getaddrinfo called from pid =1505
12-12 15:48:33.454 12180 12180 I ViewRootImpl: ViewRoot's Touch Event : ACTION_DOWN
12-12 15:48:33.454 12180 12180 I ViewRootImpl: ViewRoot's Touch Event : ACTION_UP
12-12 15:48:33.464  1505  1846 D libc    : getaddrinfo called from pid =1505
12-12 15:48:33.464  1505  1846 D libc    : getaddrinfo called from pid =1505
12-12 15:48:33.464  1505  1846 D libc    : getaddrinfo called from pid =1505
12-12 15:48:33.474  1213  1232 V SplitWindowPolicyService: requestUpdateStackInfo
12-12 15:48:33.474  1515  1526 I com.skyfire.browser.toolbar.ProcessObserverService: On process died 10950,10010
12-12 15:48:33.474   962  1545 D ActivityManager: resumeTopActivityLocked: Top activity resumed ActivityRecord{428f0180 u0 com.example.snoopy/.CameraInputFrames t4}
12-12 15:48:33.514 12180 12180 I ViewRootImpl: ViewRoot's Touch Event : ACTION_DOWN
12-12 15:48:33.514 12180 12180 I ViewRootImpl: ViewRoot's Touch Event : ACTION_UP
12-12 15:48:33.524   306   385 I Vold    : [LGE][VOLD][NetlinkHandler.cpp][onEvent()] subsys:cpu, action:0
12-12 15:48:33.564  1197  1197 I ViewRootImpl: ViewRoot's Touch Event : ACTION_DOWN
12-12 15:48:33.564  1197  1197 V PanelView: animationTick called with dtms=0; nothing to do (h=0.0 v=0.0)
12-12 15:48:33.564  1197  1197 I ViewRootImpl: ViewRoot's Touch Event : ACTION_UP
12-12 15:48:33.614 11266 11281 D libc    : dnsproxy getaddrinfo returns 0
12-12 15:48:33.614 12180 12180 I ViewRootImpl: ViewRoot's Touch Event : ACTION_DOWN
12-12 15:48:33.614 12180 12180 I ViewRootImpl: ViewRoot's Touch Event : ACTION_UP
12-12 15:48:33.674 12180 12180 I ViewRootImpl: ViewRoot's Touch Event : ACTION_DOWN
12-12 15:48:33.674 12180 12180 I ViewRootImpl: ViewRoot's Touch Event : ACTION_UP
12-12 15:48:33.704 11266 11281 I LGDrmService: _DRM_ServiceGet() : Bind lgdrm service
12-12 15:48:33.714   326   920 I LGDRM   : [DRM] SET TIME : YR=2017, MON=12, DAY=12
12-12 15:48:33.714   326   920 I LGDRM   : [DRM] SET TIME : HR=20, MIN=48, SEC=32
12-12 15:48:33.724 11266 11281 I DrmSntpClient: Synched
12-12 15:48:33.724 12158 12158 I ActivityManager: Timeline: Activity_launch_request id:com.example.snoopy time:2072267
12-12 15:48:33.724 11266 11266 D DrmService: Completed !! request = 2
12-12 15:48:33.724   962  1545 I ActivityManager: START u0 {act=android.intent.action.MAIN cat=[android.intent.category.LAUNCHER] flg=0x10200000 cmp=com.example.snoopy/.MainActivity} from pid 12158
12-12 15:48:33.734 11266 11266 D DrmService: Request count = 0
12-12 15:48:33.764  1197  1197 D BubblePopupHelper: isShowingBubblePopup : false
12-12 15:48:33.774   306   385 I Vold    : [LGE][VOLD][NetlinkHandler.cpp][onEvent()] subsys:cpu, action:0
12-12 15:48:33.804  1213  1600 D dalvikvm: GC_EXPLICIT freed 16K, 67% free 3865K/11632K, paused 5ms+3ms, total 57ms
12-12 15:48:33.804   962  1545 I ActivityManager: ActivityRecord{42897478 u0 com.example.snoopy/.MainActivity t-1} Support Split:false Is ScreenFull:true
12-12 15:48:33.844  1213  1601 D dalvikvm: GC_EXPLICIT freed 13K, 67% free 3864K/11632K, paused 3ms+3ms, total 33ms
12-12 15:48:33.844  1213  1601 V SplitWindowPolicyService: checkScreen => return. sourceIntent is null or not support SplitWindow component: ComponentInfo{co..../co.....MainActivity}
12-12 15:48:33.844  1213  1232 V SplitWindowPolicyService: requestUpdateStackInfo
12-12 15:48:33.844   962  1545 D ActivityManager: resumeTopActivityLocked: Top activity resumed ActivityRecord{428f0180 u0 com.example.snoopy/.CameraInputFrames t4}
12-12 15:48:33.854 11266 11266 V DrmService: Service onDestroy
12-12 15:48:33.854   962  1539 I ActivityManager: Killing 11266:com.lge.drmservice/u0a61 (adj 15): empty #14
12-12 15:48:33.864  1515  1538 I com.skyfire.browser.toolbar.ProcessObserverService: On process died 11266,10061
12-12 15:48:33.864  1213  1224 V SplitWindowPolicyService: requestUpdateStackInfo
12-12 15:48:33.864   962  1537 D ActivityManager: resumeTopActivityLocked: Top activity resumed ActivityRecord{428f0180 u0 com.example.snoopy/.CameraInputFrames t4}
12-12 15:48:33.904   962  1151 D PowerManagerService: updateUserActivitySummaryLocked: mWakefulness=Awake, mUserActivitySummary=0x1, nextTimeout=2965441 (in 892999 ms)
12-12 15:48:33.904 12180 12180 I ViewRootImpl: ViewRoot's Touch Event : ACTION_DOWN
12-12 15:48:33.914 12180 12180 I ViewRootImpl: ViewRoot's Touch Event : ACTION_UP
12-12 15:48:33.974 12180 12180 I ViewRootImpl: ViewRoot's Touch Event : ACTION_DOWN
12-12 15:48:33.974 12180 12180 I ViewRootImpl: ViewRoot's Touch Event : ACTION_UP
12-12 15:48:34.024 12180 12180 I ViewRootImpl: ViewRoot's Touch Event : ACTION_DOWN
12-12 15:48:34.024 12180 12180 I ViewRootImpl: ViewRoot's Touch Event : ACTION_UP
12-12 15:48:34.084 12180 12180 I ViewRootImpl: ViewRoot's Touch Event : ACTION_DOWN
12-12 15:48:34.084 12180 12180 I ViewRootImpl: ViewRoot's Touch Event : ACTION_UP
12-12 15:48:34.144   306   385 I Vold    : [LGE][VOLD][NetlinkHandler.cpp][onEvent()] subsys:cpu, action:0
12-12 15:48:34.144 12180 12180 I ViewRootImpl: ViewRoot's Touch Event : ACTION_DOWN
12-12 15:48:34.154 12180 12180 I ViewRootImpl: ViewRoot's Touch Event : ACTION_UP
12-12 15:48:34.204 12180 12180 I ViewRootImpl: ViewRoot's Touch Event : ACTION_DOWN
12-12 15:48:34.204 12180 12180 I ViewRootImpl: ViewRoot's Touch Event : ACTION_UP
12-12 15:48:34.264 12180 12180 I ViewRootImpl: ViewRoot's Touch Event : ACTION_DOWN
12-12 15:48:34.264 12180 12180 I ViewRootImpl: ViewRoot's Touch Event : ACTION_UP
12-12 15:48:34.314 12180 12180 I ViewRootImpl: ViewRoot's Touch Event : ACTION_DOWN
12-12 15:48:34.314 12180 12180 I ViewRootImpl: ViewRoot's Touch Event : ACTION_UP
12-12 15:48:34.374 12180 12180 I ViewRootImpl: ViewRoot's Touch Event : ACTION_DOWN
12-12 15:48:34.374 12180 12180 I ViewRootImpl: ViewRoot's Touch Event : ACTION_UP
12-12 15:48:34.424   962  1151 D PowerManagerService: updateUserActivitySummaryLocked: mWakefulness=Awake, mUserActivitySummary=0x1, nextTimeout=2965964 (in 892999 ms)
12-12 15:48:34.424 12180 12180 I ViewRootImpl: ViewRoot's Touch Event : ACTION_DOWN
12-12 15:48:34.434 12180 12180 I ViewRootImpl: ViewRoot's Touch Event : ACTION_UP
12-12 15:48:34.484 12180 12180 I ViewRootImpl: ViewRoot's Touch Event : ACTION_DOWN
12-12 15:48:34.494 12180 12180 I ViewRootImpl: ViewRoot's Touch Event : ACTION_UP
12-12 15:48:34.554 12180 12180 I ViewRootImpl: ViewRoot's Touch Event : ACTION_DOWN
12-12 15:48:34.554 12180 12180 I ViewRootImpl: ViewRoot's Touch Event : ACTION_UP
12-12 15:48:34.624 12180 12180 I ViewRootImpl: ViewRoot's Touch Event : ACTION_DOWN
12-12 15:48:34.644 12180 12180 I ViewRootImpl: ViewRoot's Touch Event : ACTION_UP
12-12 15:48:34.674 12180 12180 I ViewRootImpl: ViewRoot's Touch Event : ACTION_DOWN
12-12 15:48:34.674 12180 12180 I ViewRootImpl: ViewRoot's Touch Event : ACTION_UP
12-12 15:48:34.724 12180 12180 I ViewRootImpl: ViewRoot's Touch Event : ACTION_DOWN
12-12 15:48:34.724 12180 12180 I ViewRootImpl: ViewRoot's Touch Event : ACTION_UP
12-12 15:48:34.774 12180 12180 I ViewRootImpl: ViewRoot's Touch Event : ACTION_DOWN
12-12 15:48:34.784 12180 12180 I ViewRootImpl: ViewRoot's Touch Event : ACTION_UP
12-12 15:48:34.834 12180 12180 I ViewRootImpl: ViewRoot's Touch Event : ACTION_DOWN
12-12 15:48:34.844 12180 12180 I ViewRootImpl: ViewRoot's Touch Event : ACTION_UP
12-12 15:48:34.874   962  1144 D qcom_sensors_hal: hal_time_data_cb: msg_type 2
12-12 15:48:34.874   962  1144 D qcom_sensors_hal: hal_time_data_cb: Sn 24, msg Id 3, txn Id 0
12-12 15:48:34.874   962  1144 D qcom_sensors_hal: hal_ts_offset_is: Apps: 1513111714886628256; DSPS: 68052817; Offset: 1513109638079468833
12-12 15:48:34.894 12180 12180 I ViewRootImpl: ViewRoot's Touch Event : ACTION_DOWN
12-12 15:48:34.894 12180 12180 I ViewRootImpl: ViewRoot's Touch Event : ACTION_UP
12-12 15:48:34.954   962  1151 D PowerManagerService: updateUserActivitySummaryLocked: mWakefulness=Awake, mUserActivitySummary=0x1, nextTimeout=2966489 (in 892999 ms)
12-12 15:48:34.954 12180 12180 I ViewRootImpl: ViewRoot's Touch Event : ACTION_DOWN
12-12 15:48:34.954 12180 12180 I ViewRootImpl: ViewRoot's Touch Event : ACTION_UP
12-12 15:48:35.004 12180 12180 I ViewRootImpl: ViewRoot's Touch Event : ACTION_DOWN
12-12 15:48:35.004 12180 12180 I ViewRootImpl: ViewRoot's Touch Event : ACTION_UP
12-12 15:48:35.074 12180 12180 I ViewRootImpl: ViewRoot's Touch Event : ACTION_DOWN
12-12 15:48:35.074 12180 12180 I ViewRootImpl: ViewRoot's Touch Event : ACTION_UP
12-12 15:48:35.124 12158 12158 I ActivityManager: Timeline: Activity_launch_request id:com.example.snoopy time:2073669
12-12 15:48:35.134   962  1242 I ActivityManager: START u0 {act=android.intent.action.MAIN cat=[android.intent.category.LAUNCHER] flg=0x10200000 cmp=com.example.snoopy/.MainActivity} from pid 12158
12-12 15:48:35.144   306   385 I Vold    : [LGE][VOLD][NetlinkHandler.cpp][onEvent()] subsys:cpu, action:0
12-12 15:48:35.194  1213  1601 D dalvikvm: GC_EXPLICIT freed 16K, 67% free 3864K/11632K, paused 4ms+2ms, total 42ms
12-12 15:48:35.194   962  1242 I ActivityManager: ActivityRecord{4289dc38 u0 com.example.snoopy/.MainActivity t-1} Support Split:false Is ScreenFull:true
12-12 15:48:35.224  1213  1232 D dalvikvm: GC_EXPLICIT freed 13K, 67% free 3864K/11632K, paused 2ms+2ms, total 29ms
12-12 15:48:35.224  1213  1232 V SplitWindowPolicyService: checkScreen => return. sourceIntent is null or not support SplitWindow component: ComponentInfo{co..../co.....MainActivity}
12-12 15:48:35.224  1213  1224 V SplitWindowPolicyService: requestUpdateStackInfo
12-12 15:48:35.224   962  1242 D ActivityManager: resumeTopActivityLocked: Top activity resumed ActivityRecord{428f0180 u0 com.example.snoopy/.CameraInputFrames t4}
12-12 15:48:35.274 12158 12158 I ActivityManager: Timeline: Activity_launch_request id:com.example.snoopy time:2073819
12-12 15:48:35.284   962   974 I ActivityManager: START u0 {act=android.intent.action.MAIN cat=[android.intent.category.LAUNCHER] flg=0x10200000 cmp=com.example.snoopy/.CameraInputFrames} from pid 12158
12-12 15:48:35.314  1213  1600 D dalvikvm: GC_EXPLICIT freed 14K, 67% free 3864K/11632K, paused 2ms+2ms, total 27ms
12-12 15:48:35.314   962   974 I ActivityManager: ActivityRecord{428ac818 u0 com.example.snoopy/.CameraInputFrames t-1} Support Split:false Is ScreenFull:true
12-12 15:48:35.344  1213  1224 D dalvikvm: GC_EXPLICIT freed 13K, 67% free 3864K/11632K, paused 2ms+2ms, total 24ms
12-12 15:48:35.344  1213  1224 V SplitWindowPolicyService: checkScreen => return. sourceIntent is null or not support SplitWindow component: ComponentInfo{co..../co.....CameraInputFrames}
12-12 15:48:35.344  1213  1232 V SplitWindowPolicyService: requestUpdateStackInfo
12-12 15:48:35.344   962   974 D ActivityManager: resumeTopActivityLocked: Top activity resumed ActivityRecord{428f0180 u0 com.example.snoopy/.CameraInputFrames t4}
12-12 15:48:35.394   962  1177 D WifiStateMachine: handleMessage: E msg.what=131155
12-12 15:48:35.394   962  1177 D WifiStateMachine: processMsg: ConnectedState
12-12 15:48:35.394   962  1177 D WifiStateMachine: processMsg: L2ConnectedState
12-12 15:48:35.394   962  1177 D WifiNative-wlan0: doString: SIGNAL_POLL
12-12 15:48:35.394 10343 10343 D wpa_supplicant: wlan0: Control interface command 'SIGNAL_POLL'
12-12 15:48:35.394 12180 12180 I ViewRootImpl: ViewRoot's Touch Event : ACTION_DOWN
12-12 15:48:35.394 10343 10343 D wpa_supplicant: nl80211: survey data missing!
12-12 15:48:35.394   962  1177 D WifiStateMachine: handleMessage: X
12-12 15:48:35.394 12180 12180 I ViewRootImpl: ViewRoot's Touch Event : ACTION_UP
12-12 15:48:35.404   450   450 E Parcel  : Reading a NULL string not supported here.
12-12 15:48:35.404   450   450 E Parcel  : Reading a NULL string not supported here.
12-12 15:48:35.454   306   385 I Vold    : [LGE][VOLD][NetlinkHandler.cpp][onEvent()] subsys:cpu, action:0
12-12 15:48:35.454   962  1151 D PowerManagerService: updateUserActivitySummaryLocked: mWakefulness=Awake, mUserActivitySummary=0x1, nextTimeout=2966989 (in 892994 ms)
12-12 15:48:35.454 12180 12180 I ViewRootImpl: ViewRoot's Touch Event : ACTION_DOWN
12-12 15:48:35.464 12180 12180 I ViewRootImpl: ViewRoot's Touch Event : ACTION_UP
12-12 15:48:35.494   327   420 I ThermalEngine: Sensor:pa_therm1:29000 mC
12-12 15:48:35.514 12180 12180 I ViewRootImpl: ViewRoot's Touch Event : ACTION_DOWN
12-12 15:48:35.514 12180 12180 I ViewRootImpl: ViewRoot's Touch Event : ACTION_UP
12-12 15:48:35.574 12180 12180 I ViewRootImpl: ViewRoot's Touch Event : ACTION_DOWN
12-12 15:48:35.574 12180 12180 I ViewRootImpl: ViewRoot's Touch Event : ACTION_UP
12-12 15:48:35.634 12180 12180 I ViewRootImpl: ViewRoot's Touch Event : ACTION_DOWN
12-12 15:48:35.634 12180 12180 I ViewRootImpl: ViewRoot's Touch Event : ACTION_UP
12-12 15:48:35.674   962  1143 V AlarmManager: RTC_WAKEUP set : Alarm{427f4dd0 type 0 com.android.vending} when  1513111715676
12-12 15:48:35.674 12180 12180 I ViewRootImpl: ViewRoot's Touch Event : ACTION_DOWN
12-12 15:48:35.684 12180 12180 I ViewRootImpl: ViewRoot's Touch Event : ACTION_UP
12-12 15:48:35.734 12180 12180 I ViewRootImpl: ViewRoot's Touch Event : ACTION_DOWN
12-12 15:48:35.744 12180 12180 I ViewRootImpl: ViewRoot's Touch Event : ACTION_UP
12-12 15:48:35.794  2923  2927 D dalvikvm: GC_CONCURRENT freed 7130K, 67% free 3913K/11632K, paused 3ms+4ms, total 67ms
12-12 15:48:35.794  2923  2958 D dalvikvm: WAIT_FOR_CONCURRENT_GC blocked 22ms
12-12 15:48:35.794 12158 12158 I ActivityManager: Timeline: Activity_launch_request id:com.example.snoopy time:2074334
12-12 15:48:35.794   962  1558 I ActivityManager: START u0 {act=android.intent.action.MAIN cat=[android.intent.category.LAUNCHER] flg=0x10200000 cmp=com.example.snoopy/.CameraInputFrames} from pid 12158
12-12 15:48:35.824  1213  1601 D dalvikvm: GC_EXPLICIT freed 14K, 67% free 3864K/11632K, paused 1ms+2ms, total 23ms
12-12 15:48:35.824   962  1558 I ActivityManager: ActivityRecord{428bcdf8 u0 com.example.snoopy/.CameraInputFrames t-1} Support Split:false Is ScreenFull:true
12-12 15:48:35.854  1213  1600 D dalvikvm: GC_EXPLICIT freed 13K, 67% free 3864K/11632K, paused 2ms+2ms, total 23ms
12-12 15:48:35.854  1213  1600 V SplitWindowPolicyService: checkScreen => return. sourceIntent is null or not support SplitWindow component: ComponentInfo{co..../co.....CameraInputFrames}
12-12 15:48:35.854  1213  1224 V SplitWindowPolicyService: requestUpdateStackInfo
12-12 15:48:35.854   962  1558 D ActivityManager: resumeTopActivityLocked: Top activity resumed ActivityRecord{428f0180 u0 com.example.snoopy/.CameraInputFrames t4}
12-12 15:48:35.894  2923  2923 D Finsky  : [1] 5.onFinished: Installation state replication succeeded.
12-12 15:48:35.904 12180 12180 I ViewRootImpl: ViewRoot's Touch Event : ACTION_DOWN
12-12 15:48:35.914 12180 12180 I ViewRootImpl: ViewRoot's Touch Event : ACTION_UP
12-12 15:48:35.954   962  1180 V WifiServiceExtension: checkPollTimer Cnt= 0 rssi =-55 threshold=-100
12-12 15:48:35.964   306   385 I Vold    : [LGE][VOLD][NetlinkHandler.cpp][onEvent()] subsys:cpu, action:0
12-12 15:48:35.964   962  1151 D PowerManagerService: updateUserActivitySummaryLocked: mWakefulness=Awake, mUserActivitySummary=0x1, nextTimeout=2967504 (in 892999 ms)
12-12 15:48:35.964 12180 12180 I ViewRootImpl: ViewRoot's Touch Event : ACTION_DOWN
12-12 15:48:35.964 12180 12180 I ViewRootImpl: ViewRoot's Touch Event : ACTION_UP
12-12 15:48:36.024 12180 12180 I ViewRootImpl: ViewRoot's Touch Event : ACTION_DOWN
12-12 15:48:36.024 12180 12180 I ViewRootImpl: ViewRoot's Touch Event : ACTION_UP
12-12 15:48:36.074 12180 12180 I ViewRootImpl: ViewRoot's Touch Event : ACTION_DOWN
12-12 15:48:36.074 12180 12180 I ViewRootImpl: ViewRoot's Touch Event : ACTION_UP
12-12 15:48:36.134 12180 12180 I ViewRootImpl: ViewRoot's Touch Event : ACTION_DOWN
12-12 15:48:36.134 12180 12180 I ViewRootImpl: ViewRoot's Touch Event : ACTION_UP
12-12 15:48:36.184 12180 12180 I ViewRootImpl: ViewRoot's Touch Event : ACTION_DOWN
12-12 15:48:36.184 12180 12180 I ViewRootImpl: ViewRoot's Touch Event : ACTION_UP
12-12 15:48:36.234 12180 12180 I ViewRootImpl: ViewRoot's Touch Event : ACTION_DOWN
12-12 15:48:36.234 12180 12180 I ViewRootImpl: ViewRoot's Touch Event : ACTION_UP
12-12 15:48:36.294 12180 12180 I ViewRootImpl: ViewRoot's Touch Event : ACTION_DOWN
12-12 15:48:36.294 12180 12180 I ViewRootImpl: ViewRoot's Touch Event : ACTION_UP
12-12 15:48:36.314   306   385 I Vold    : [LGE][VOLD][NetlinkHandler.cpp][onEvent()] subsys:cpu, action:0
12-12 15:48:36.344 12180 12180 I ViewRootImpl: ViewRoot's Touch Event : ACTION_DOWN
12-12 15:48:36.354 12180 12180 I ViewRootImpl: ViewRoot's Touch Event : ACTION_UP
12-12 15:48:36.404 12180 12180 I ViewRootImpl: ViewRoot's Touch Event : ACTION_DOWN
12-12 15:48:36.414 12180 12180 I ViewRootImpl: ViewRoot's Touch Event : ACTION_UP
12-12 15:48:36.464 12180 12180 I ViewRootImpl: ViewRoot's Touch Event : ACTION_DOWN
12-12 15:48:36.464   962  1151 D PowerManagerService: updateUserActivitySummaryLocked: mWakefulness=Awake, mUserActivitySummary=0x1, nextTimeout=2968006 (in 892999 ms)
12-12 15:48:36.464 12180 12180 I ViewRootImpl: ViewRoot's Touch Event : ACTION_UP
12-12 15:48:36.514 12158 12158 I ActivityManager: Timeline: Activity_launch_request id:com.example.snoopy time:2075059
12-12 15:48:36.524   962  3337 I ActivityManager: START u0 {act=android.intent.action.MAIN cat=[android.intent.category.LAUNCHER] flg=0x10200000 cmp=com.example.snoopy/.MainActivity} from pid 12158
12-12 15:48:36.564   306   385 I Vold    : [LGE][VOLD][NetlinkHandler.cpp][onEvent()] subsys:cpu, action:0
12-12 15:48:36.574  1213  1232 D dalvikvm: GC_EXPLICIT freed 14K, 67% free 3865K/11632K, paused 6ms+6ms, total 39ms
12-12 15:48:36.574   962  3337 I ActivityManager: ActivityRecord{4290b118 u0 com.example.snoopy/.MainActivity t-1} Support Split:false Is ScreenFull:true
12-12 15:48:36.604  1213  1600 D dalvikvm: GC_EXPLICIT freed 13K, 67% free 3864K/11632K, paused 2ms+2ms, total 24ms
12-12 15:48:36.604  1213  1600 V SplitWindowPolicyService: checkScreen => return. sourceIntent is null or not support SplitWindow component: ComponentInfo{co..../co.....MainActivity}
12-12 15:48:36.604  1213  1224 V SplitWindowPolicyService: requestUpdateStackInfo
12-12 15:48:36.604   962  3337 D ActivityManager: resumeTopActivityLocked: Top activity resumed ActivityRecord{428f0180 u0 com.example.snoopy/.CameraInputFrames t4}
12-12 15:48:36.654 12180 12180 I ViewRootImpl: ViewRoot's Touch Event : ACTION_DOWN
12-12 15:48:36.654 12180 12180 I ViewRootImpl: ViewRoot's Touch Event : ACTION_UP
12-12 15:48:36.704 12180 12180 I ViewRootImpl: ViewRoot's Touch Event : ACTION_DOWN
12-12 15:48:36.704 12180 12180 I ViewRootImpl: ViewRoot's Touch Event : ACTION_UP
12-12 15:48:36.764 12180 12180 I ViewRootImpl: ViewRoot's Touch Event : ACTION_DOWN
12-12 15:48:36.764 12180 12180 I ViewRootImpl: ViewRoot's Touch Event : ACTION_UP
12-12 15:48:36.824 12180 12180 I ViewRootImpl: ViewRoot's Touch Event : ACTION_DOWN
12-12 15:48:36.834 12180 12180 I ViewRootImpl: ViewRoot's Touch Event : ACTION_UP
12-12 15:48:36.884 12180 12180 I ViewRootImpl: ViewRoot's Touch Event : ACTION_DOWN
12-12 15:48:36.884 12180 12180 I ViewRootImpl: ViewRoot's Touch Event : ACTION_UP
12-12 15:48:36.944 12180 12180 I ViewRootImpl: ViewRoot's Touch Event : ACTION_DOWN
12-12 15:48:36.944 12180 12180 I ViewRootImpl: ViewRoot's Touch Event : ACTION_UP
12-12 15:48:37.004   962  1151 D PowerManagerService: updateUserActivitySummaryLocked: mWakefulness=Awake, mUserActivitySummary=0x1, nextTimeout=2968540 (in 892999 ms)
12-12 15:48:37.004 12180 12180 I ViewRootImpl: ViewRoot's Touch Event : ACTION_DOWN
12-12 15:48:37.004 12180 12180 I ViewRootImpl: ViewRoot's Touch Event : ACTION_UP
12-12 15:48:37.054 12180 12180 I ViewRootImpl: ViewRoot's Touch Event : ACTION_DOWN
12-12 15:48:37.064 12180 12180 I ViewRootImpl: ViewRoot's Touch Event : ACTION_UP
12-12 15:48:37.114 12158 12158 I ActivityManager: Timeline: Activity_launch_request id:com.example.snoopy time:2075651
12-12 15:48:37.114   962  1545 I ActivityManager: START u0 {act=android.intent.action.MAIN cat=[android.intent.category.LAUNCHER] flg=0x10200000 cmp=com.example.snoopy/.MainActivity} from pid 12158
12-12 15:48:37.154  1213  1601 D dalvikvm: GC_EXPLICIT freed 14K, 67% free 3865K/11632K, paused 2ms+5ms, total 33ms
12-12 15:48:37.164   962  1545 I ActivityManager: ActivityRecord{42913ca8 u0 com.example.snoopy/.MainActivity t-1} Support Split:false Is ScreenFull:true
12-12 15:48:37.204  1213  1232 D dalvikvm: GC_EXPLICIT freed 13K, 67% free 3864K/11632K, paused 3ms+3ms, total 33ms
12-12 15:48:37.204  1213  1232 V SplitWindowPolicyService: checkScreen => return. sourceIntent is null or not support SplitWindow component: ComponentInfo{co..../co.....MainActivity}
12-12 15:48:37.204  1213  1600 V SplitWindowPolicyService: requestUpdateStackInfo
12-12 15:48:37.204   962  1545 D ActivityManager: resumeTopActivityLocked: Top activity resumed ActivityRecord{428f0180 u0 com.example.snoopy/.CameraInputFrames t4}
12-12 15:48:37.254 12158 12158 I ActivityManager: Timeline: Activity_launch_request id:com.example.snoopy time:2075799
12-12 15:48:37.264   962   974 I ActivityManager: START u0 {act=android.intent.action.MAIN cat=[android.intent.category.LAUNCHER] flg=0x10200000 cmp=com.example.snoopy/.CameraInputFrames} from pid 12158
12-12 15:48:37.284  1213  1224 D dalvikvm: GC_EXPLICIT freed 14K, 67% free 3865K/11632K, paused 2ms+2ms, total 22ms
12-12 15:48:37.284   962   974 I ActivityManager: ActivityRecord{429a3ac8 u0 com.example.snoopy/.CameraInputFrames t-1} Support Split:false Is ScreenFull:true
12-12 15:48:37.324  1213  1601 D dalvikvm: GC_EXPLICIT freed 13K, 67% free 3864K/11632K, paused 2ms+4ms, total 29ms
12-12 15:48:37.324  1213  1601 V SplitWindowPolicyService: checkScreen => return. sourceIntent is null or not support SplitWindow component: ComponentInfo{co..../co.....CameraInputFrames}
12-12 15:48:37.324  1213  1232 V SplitWindowPolicyService: requestUpdateStackInfo
12-12 15:48:37.324   962   974 D ActivityManager: resumeTopActivityLocked: Top activity resumed ActivityRecord{428f0180 u0 com.example.snoopy/.CameraInputFrames t4}
12-12 15:48:37.374 12158 12158 I ActivityManager: Timeline: Activity_launch_request id:com.example.snoopy time:2075918
12-12 15:48:37.374   962   973 I ActivityManager: START u0 {act=android.intent.action.MAIN cat=[android.intent.category.LAUNCHER] flg=0x10200000 cmp=com.example.snoopy/.CameraInputFrames} from pid 12158
12-12 15:48:37.434  1213  1600 D dalvikvm: GC_EXPLICIT freed 14K, 67% free 3865K/11632K, paused 3ms+6ms, total 45ms
12-12 15:48:37.434   962   973 I ActivityManager: ActivityRecord{42a2cbe0 u0 com.example.snoopy/.CameraInputFrames t-1} Support Split:false Is ScreenFull:true
12-12 15:48:37.474  1213  1224 D dalvikvm: GC_EXPLICIT freed 13K, 67% free 3864K/11632K, paused 2ms+3ms, total 28ms
12-12 15:48:37.474  1213  1224 V SplitWindowPolicyService: checkScreen => return. sourceIntent is null or not support SplitWindow component: ComponentInfo{co..../co.....CameraInputFrames}
12-12 15:48:37.474  1213  1232 V SplitWindowPolicyService: requestUpdateStackInfo
12-12 15:48:37.474   962   973 D ActivityManager: resumeTopActivityLocked: Top activity resumed ActivityRecord{428f0180 u0 com.example.snoopy/.CameraInputFrames t4}
12-12 15:48:37.524   962  1242 D LocationManagerService: getAllProviders()=[passive, gps, network]
12-12 15:48:37.524   962  1151 D PowerManagerService: updateUserActivitySummaryLocked: mWakefulness=Awake, mUserActivitySummary=0x1, nextTimeout=2969068 (in 892999 ms)
12-12 15:48:37.524 12180 12180 I ViewRootImpl: ViewRoot's Touch Event : ACTION_DOWN
12-12 15:48:37.534 12180 12180 I ViewRootImpl: ViewRoot's Touch Event : ACTION_UP
12-12 15:48:37.584 12180 12180 I ViewRootImpl: ViewRoot's Touch Event : ACTION_DOWN
12-12 15:48:37.594 12180 12180 I ViewRootImpl: ViewRoot's Touch Event : ACTION_UP
12-12 15:48:37.644 12180 12180 I ViewRootImpl: ViewRoot's Touch Event : ACTION_DOWN
12-12 15:48:37.644 12180 12180 I ViewRootImpl: ViewRoot's Touch Event : ACTION_UP
12-12 15:48:37.694 12180 12180 I ViewRootImpl: ViewRoot's Touch Event : ACTION_DOWN
12-12 15:48:37.704 12180 12180 I ViewRootImpl: ViewRoot's Touch Event : ACTION_UP
12-12 15:48:37.754 12180 12180 I ViewRootImpl: ViewRoot's Touch Event : ACTION_DOWN
12-12 15:48:37.754 12180 12180 I ViewRootImpl: ViewRoot's Touch Event : ACTION_UP
12-12 15:48:37.804 12180 12180 I ViewRootImpl: ViewRoot's Touch Event : ACTION_DOWN
12-12 15:48:37.804 12180 12180 I ViewRootImpl: ViewRoot's Touch Event : ACTION_UP
12-12 15:48:37.854  1197  1197 I ViewRootImpl: ViewRoot's Touch Event : ACTION_DOWN
12-12 15:48:37.864  1197  1197 V PanelView: animationTick called with dtms=0; nothing to do (h=0.0 v=0.0)
12-12 15:48:37.864  1197  1197 I ViewRootImpl: ViewRoot's Touch Event : ACTION_UP
12-12 15:48:37.914 12180 12180 I ViewRootImpl: ViewRoot's Touch Event : ACTION_DOWN
12-12 15:48:37.924 12180 12180 I ViewRootImpl: ViewRoot's Touch Event : ACTION_UP
12-12 15:48:37.974 12180 12180 I ViewRootImpl: ViewRoot's Touch Event : ACTION_DOWN
12-12 15:48:37.974 12180 12180 I ViewRootImpl: ViewRoot's Touch Event : ACTION_UP
12-12 15:48:38.024 12180 12180 I ViewRootImpl: ViewRoot's Touch Event : ACTION_DOWN
12-12 15:48:38.024 12180 12180 I ViewRootImpl: ViewRoot's Touch Event : ACTION_UP
12-12 15:48:38.074   962  1151 D PowerManagerService: updateUserActivitySummaryLocked: mWakefulness=Awake, mUserActivitySummary=0x1, nextTimeout=2969618 (in 892999 ms)
12-12 15:48:38.084 12180 12180 I ViewRootImpl: ViewRoot's Touch Event : ACTION_DOWN
12-12 15:48:38.084 12180 12180 I ViewRootImpl: ViewRoot's Touch Event : ACTION_UP
12-12 15:48:38.144 12180 12180 I ViewRootImpl: ViewRoot's Touch Event : ACTION_DOWN
12-12 15:48:38.144 12180 12180 I ViewRootImpl: ViewRoot's Touch Event : ACTION_UP
12-12 15:48:38.194 12180 12180 I ViewRootImpl: ViewRoot's Touch Event : ACTION_DOWN
12-12 15:48:38.204 12180 12180 I ViewRootImpl: ViewRoot's Touch Event : ACTION_UP
12-12 15:48:38.254 12180 12180 I ViewRootImpl: ViewRoot's Touch Event : ACTION_DOWN
12-12 15:48:38.254 12180 12180 I ViewRootImpl: ViewRoot's Touch Event : ACTION_UP
12-12 15:48:38.304 12180 12180 I ViewRootImpl: ViewRoot's Touch Event : ACTION_DOWN
12-12 15:48:38.304 12180 12180 I ViewRootImpl: ViewRoot's Touch Event : ACTION_UP
12-12 15:48:38.404   962  1177 D WifiStateMachine: handleMessage: E msg.what=131155
12-12 15:48:38.404   962  1177 D WifiStateMachine: processMsg: ConnectedState
12-12 15:48:38.404   962  1177 D WifiStateMachine: processMsg: L2ConnectedState
12-12 15:48:38.404   962  1177 D WifiNative-wlan0: doString: SIGNAL_POLL
12-12 15:48:38.404 10343 10343 D wpa_supplicant: wlan0: Control interface command 'SIGNAL_POLL'
12-12 15:48:38.414 10343 10343 D wpa_supplicant: nl80211: survey data missing!
12-12 15:48:38.414   962  1177 D WifiStateMachine: handleMessage: X
12-12 15:48:38.444 12180 12180 I ViewRootImpl: ViewRoot's Touch Event : ACTION_DOWN
12-12 15:48:38.444 12180 12180 I ViewRootImpl: ViewRoot's Touch Event : ACTION_UP
12-12 15:48:38.444 12180 12180 I ViewRootImpl: ViewRoot's Touch Event : ACTION_DOWN
12-12 15:48:38.444 12180 12180 I ViewRootImpl: ViewRoot's Touch Event : ACTION_UP
12-12 15:48:38.464 12158 12158 I ActivityManager: Timeline: Activity_launch_request id:com.example.snoopy time:2077007
12-12 15:48:38.464   962  3338 I ActivityManager: START u0 {act=android.intent.action.MAIN cat=[android.intent.category.LAUNCHER] flg=0x10200000 cmp=com.example.snoopy/.CameraInputFrames} from pid 12158
12-12 15:48:38.504  1213  1601 D dalvikvm: GC_EXPLICIT freed 14K, 67% free 3865K/11632K, paused 2ms+3ms, total 31ms
12-12 15:48:38.504   962  3338 I ActivityManager: ActivityRecord{42a40148 u0 com.example.snoopy/.CameraInputFrames t-1} Support Split:false Is ScreenFull:true
12-12 15:48:38.534  1213  1600 D dalvikvm: GC_EXPLICIT freed 13K, 67% free 3864K/11632K, paused 1ms+2ms, total 22ms
12-12 15:48:38.534  1213  1600 V SplitWindowPolicyService: checkScreen => return. sourceIntent is null or not support SplitWindow component: ComponentInfo{co..../co.....CameraInputFrames}
12-12 15:48:38.534  1213  1224 V SplitWindowPolicyService: requestUpdateStackInfo
12-12 15:48:38.534   962  3338 D ActivityManager: resumeTopActivityLocked: Top activity resumed ActivityRecord{428f0180 u0 com.example.snoopy/.CameraInputFrames t4}
12-12 15:48:38.584   962  1151 D PowerManagerService: updateUserActivitySummaryLocked: mWakefulness=Awake, mUserActivitySummary=0x1, nextTimeout=2970124 (in 892999 ms)
12-12 15:48:38.584 12180 12180 I ViewRootImpl: ViewRoot's Touch Event : ACTION_DOWN
12-12 15:48:38.594 12180 12180 I ViewRootImpl: ViewRoot's Touch Event : ACTION_UP
12-12 15:48:38.654 12180 12180 I ViewRootImpl: ViewRoot's Touch Event : ACTION_DOWN
12-12 15:48:38.674 12180 12180 I ViewRootImpl: ViewRoot's Touch Event : ACTION_UP
12-12 15:48:38.684   306   385 I Vold    : [LGE][VOLD][NetlinkHandler.cpp][onEvent()] subsys:cpu, action:0
12-12 15:48:38.734 12180 12180 I ViewRootImpl: ViewRoot's Touch Event : ACTION_DOWN
12-12 15:48:38.734 12180 12180 I ViewRootImpl: ViewRoot's Touch Event : ACTION_UP
12-12 15:48:38.784 12180 12180 I ViewRootImpl: ViewRoot's Touch Event : ACTION_DOWN
12-12 15:48:38.784 12180 12180 I ViewRootImpl: ViewRoot's Touch Event : ACTION_UP
12-12 15:48:38.844 12180 12180 I ViewRootImpl: ViewRoot's Touch Event : ACTION_DOWN
12-12 15:48:38.844 12180 12180 I ViewRootImpl: ViewRoot's Touch Event : ACTION_UP
12-12 15:48:38.894 12180 12180 I ViewRootImpl: ViewRoot's Touch Event : ACTION_DOWN
12-12 15:48:38.894 12180 12180 I ViewRootImpl: ViewRoot's Touch Event : ACTION_UP
12-12 15:48:38.954   962  1180 V WifiServiceExtension: checkPollTimer Cnt= 0 rssi =-55 threshold=-100
12-12 15:48:38.954 12180 12180 I ViewRootImpl: ViewRoot's Touch Event : ACTION_DOWN
12-12 15:48:38.954 12180 12180 I ViewRootImpl: ViewRoot's Touch Event : ACTION_UP
12-12 15:48:38.984   306   385 I Vold    : [LGE][VOLD][NetlinkHandler.cpp][onEvent()] subsys:cpu, action:0
12-12 15:48:39.004 12180 12180 I ViewRootImpl: ViewRoot's Touch Event : ACTION_DOWN
12-12 15:48:39.004 12180 12180 I ViewRootImpl: ViewRoot's Touch Event : ACTION_UP
12-12 15:48:39.064 12180 12180 I ViewRootImpl: ViewRoot's Touch Event : ACTION_DOWN
12-12 15:48:39.064 12180 12180 I ViewRootImpl: ViewRoot's Touch Event : ACTION_UP
12-12 15:48:39.124   962  1151 D PowerManagerService: updateUserActivitySummaryLocked: mWakefulness=Awake, mUserActivitySummary=0x1, nextTimeout=2970662 (in 892999 ms)
12-12 15:48:39.124 12180 12180 I ViewRootImpl: ViewRoot's Touch Event : ACTION_DOWN
12-12 15:48:39.134 12180 12180 I ViewRootImpl: ViewRoot's Touch Event : ACTION_UP
12-12 15:48:39.184 12180 12180 I ViewRootImpl: ViewRoot's Touch Event : ACTION_DOWN
12-12 15:48:39.194 12180 12180 I ViewRootImpl: ViewRoot's Touch Event : ACTION_UP
12-12 15:48:39.244 12180 12180 I ViewRootImpl: ViewRoot's Touch Event : ACTION_DOWN
12-12 15:48:39.244 12180 12180 I ViewRootImpl: ViewRoot's Touch Event : ACTION_UP
12-12 15:48:39.294 12180 12180 I ViewRootImpl: ViewRoot's Touch Event : ACTION_DOWN
12-12 15:48:39.304 12180 12180 I ViewRootImpl: ViewRoot's Touch Event : ACTION_UP
12-12 15:48:39.324 10629 10629 W dalvikvm: VFY: unable to find class referenced in signature (Landroid/app/job/JobParameters;)
12-12 15:48:39.354  1197  1197 I ViewRootImpl: ViewRoot's Touch Event : ACTION_DOWN
12-12 15:48:39.364  1197  1197 V PanelView: animationTick called with dtms=0; nothing to do (h=0.0 v=0.0)
12-12 15:48:39.364  1197  1197 I ViewRootImpl: ViewRoot's Touch Event : ACTION_UP
12-12 15:48:39.374 10629 12494 D libc    : getaddrinfo called from pid =10629
12-12 15:48:39.374 10629 12494 D libc    : getaddrinfo called from pid =10629
12-12 15:48:39.374   312 12495 D libc    : getaddrinfo called from pid =312
12-12 15:48:39.374   312 12495 D libc    : _dns_getaddrinfo: iptype =1
12-12 15:48:39.374   312 12495 D libc    : _dns_getaddrinfo: query_ipv4=1, query_ipv6=0
12-12 15:48:39.404 10629 12494 D libc    : dnsproxy getaddrinfo returns 0
12-12 15:48:39.404 12158 12158 I ActivityManager: Timeline: Activity_launch_request id:com.example.snoopy time:2077947
12-12 15:48:39.404   962  1560 I ActivityManager: START u0 {act=android.intent.action.MAIN cat=[android.intent.category.LAUNCHER] flg=0x10200000 cmp=com.example.snoopy/.MainActivity} from pid 12158
12-12 15:48:39.434 10629 12494 D libc    : getaddrinfo called from pid =10629
12-12 15:48:39.444  1213  1232 D dalvikvm: GC_EXPLICIT freed 14K, 67% free 3865K/11632K, paused 3ms+3ms, total 33ms
12-12 15:48:39.444   962  1560 I ActivityManager: ActivityRecord{42a41d88 u0 com.example.snoopy/.MainActivity t-1} Support Split:false Is ScreenFull:true
12-12 15:48:39.494  1213  1601 D dalvikvm: GC_EXPLICIT freed 13K, 67% free 3864K/11632K, paused 2ms+4ms, total 33ms
12-12 15:48:39.494  1213  1601 V SplitWindowPolicyService: checkScreen => return. sourceIntent is null or not support SplitWindow component: ComponentInfo{co..../co.....MainActivity}
12-12 15:48:39.494  1213  1224 V SplitWindowPolicyService: requestUpdateStackInfo
12-12 15:48:39.494   962  1560 D ActivityManager: resumeTopActivityLocked: Top activity resumed ActivityRecord{428f0180 u0 com.example.snoopy/.CameraInputFrames t4}
12-12 15:48:39.544 12180 12180 I ViewRootImpl: ViewRoot's Touch Event : ACTION_DOWN
12-12 15:48:39.544 12180 12180 I ViewRootImpl: ViewRoot's Touch Event : ACTION_UP
12-12 15:48:39.594   306   385 I Vold    : [LGE][VOLD][NetlinkHandler.cpp][onEvent()] subsys:cpu, action:0
12-12 15:48:39.604 12180 12180 I ViewRootImpl: ViewRoot's Touch Event : ACTION_DOWN
12-12 15:48:39.604 12180 12180 I ViewRootImpl: ViewRoot's Touch Event : ACTION_UP
12-12 15:48:39.654   962  1151 D PowerManagerService: updateUserActivitySummaryLocked: mWakefulness=Awake, mUserActivitySummary=0x1, nextTimeout=2971193 (in 892999 ms)
12-12 15:48:39.654 12180 12180 I ViewRootImpl: ViewRoot's Touch Event : ACTION_DOWN
12-12 15:48:39.654 12180 12180 I ViewRootImpl: ViewRoot's Touch Event : ACTION_UP
12-12 15:48:39.694   306   385 I Vold    : [LGE][VOLD][NetlinkHandler.cpp][onEvent()] subsys:cpu, action:0
12-12 15:48:39.714 12180 12180 I ViewRootImpl: ViewRoot's Touch Event : ACTION_DOWN
12-12 15:48:39.714 12180 12180 I ViewRootImpl: ViewRoot's Touch Event : ACTION_UP
12-12 15:48:39.754   306   385 I Vold    : [LGE][VOLD][NetlinkHandler.cpp][onEvent()] subsys:cpu, action:0
12-12 15:48:39.764 12180 12180 I ViewRootImpl: ViewRoot's Touch Event : ACTION_DOWN
12-12 15:48:39.774 12180 12180 I ViewRootImpl: ViewRoot's Touch Event : ACTION_UP
12-12 15:48:39.824 12180 12180 I ViewRootImpl: ViewRoot's Touch Event : ACTION_DOWN
12-12 15:48:39.824 12180 12180 I ViewRootImpl: ViewRoot's Touch Event : ACTION_UP
12-12 15:48:39.874 12180 12180 I ViewRootImpl: ViewRoot's Touch Event : ACTION_DOWN
12-12 15:48:39.874 12180 12180 I ViewRootImpl: ViewRoot's Touch Event : ACTION_UP
12-12 15:48:39.934 12180 12180 I ViewRootImpl: ViewRoot's Touch Event : ACTION_DOWN
12-12 15:48:39.934 12180 12180 I ViewRootImpl: ViewRoot's Touch Event : ACTION_UP
12-12 15:48:39.984 12180 12180 I ViewRootImpl: ViewRoot's Touch Event : ACTION_DOWN
12-12 15:48:39.984 12180 12180 I ViewRootImpl: ViewRoot's Touch Event : ACTION_UP
12-12 15:48:40.044 12180 12180 I ViewRootImpl: ViewRoot's Touch Event : ACTION_DOWN
12-12 15:48:40.044 12180 12180 I ViewRootImpl: ViewRoot's Touch Event : ACTION_UP
12-12 15:48:40.094 12158 12158 I ActivityManager: Timeline: Activity_launch_request id:com.example.snoopy time:2078634
12-12 15:48:40.094   962  1375 I ActivityManager: START u0 {act=android.intent.action.MAIN cat=[android.intent.category.LAUNCHER] flg=0x10200000 cmp=com.example.snoopy/.MainActivity} from pid 12158
12-12 15:48:40.104   306   385 I Vold    : [LGE][VOLD][NetlinkHandler.cpp][onEvent()] subsys:cpu, action:0
12-12 15:48:40.134  1213  1232 D dalvikvm: GC_EXPLICIT freed 14K, 67% free 3865K/11632K, paused 1ms+2ms, total 34ms
12-12 15:48:40.134   962  1375 I ActivityManager: ActivityRecord{42a93c88 u0 com.example.snoopy/.MainActivity t-1} Support Split:false Is ScreenFull:true
12-12 15:48:40.164  1213  1601 D dalvikvm: GC_EXPLICIT freed 13K, 67% free 3864K/11632K, paused 2ms+2ms, total 23ms
12-12 15:48:40.164  1213  1601 V SplitWindowPolicyService: checkScreen => return. sourceIntent is null or not support SplitWindow component: ComponentInfo{co..../co.....MainActivity}
12-12 15:48:40.164  1213  1224 V SplitWindowPolicyService: requestUpdateStackInfo
12-12 15:48:40.164   962  1375 D ActivityManager: resumeTopActivityLocked: Top activity resumed ActivityRecord{428f0180 u0 com.example.snoopy/.CameraInputFrames t4}
12-12 15:48:40.214   962  1151 D PowerManagerService: updateUserActivitySummaryLocked: mWakefulness=Awake, mUserActivitySummary=0x1, nextTimeout=2971757 (in 892999 ms)
12-12 15:48:40.214 12180 12180 I ViewRootImpl: ViewRoot's Touch Event : ACTION_DOWN
12-12 15:48:40.214 12180 12180 I ViewRootImpl: ViewRoot's Touch Event : ACTION_UP
12-12 15:48:40.274 12180 12180 I ViewRootImpl: ViewRoot's Touch Event : ACTION_DOWN
12-12 15:48:40.274 12180 12180 I ViewRootImpl: ViewRoot's Touch Event : ACTION_UP
12-12 15:48:40.334 12180 12180 I ViewRootImpl: ViewRoot's Touch Event : ACTION_DOWN
12-12 15:48:40.334 12180 12180 I ViewRootImpl: ViewRoot's Touch Event : ACTION_UP
12-12 15:48:40.394 12180 12180 I ViewRootImpl: ViewRoot's Touch Event : ACTION_DOWN
12-12 15:48:40.394 12180 12180 I ViewRootImpl: ViewRoot's Touch Event : ACTION_UP
12-12 15:48:40.444 12180 12180 I ViewRootImpl: ViewRoot's Touch Event : ACTION_DOWN
12-12 15:48:40.454 12180 12180 I ViewRootImpl: ViewRoot's Touch Event : ACTION_UP
12-12 15:48:40.464   306   385 I Vold    : [LGE][VOLD][NetlinkHandler.cpp][onEvent()] subsys:cpu, action:0
12-12 15:48:40.504 12158 12158 I ActivityManager: Timeline: Activity_launch_request id:com.example.snoopy time:2079041
12-12 15:48:40.504   327   420 I ThermalEngine: Sensor:pa_therm1:28000 mC
12-12 15:48:40.504   962  1561 I ActivityManager: START u0 {act=android.intent.action.MAIN cat=[android.intent.category.LAUNCHER] flg=0x10200000 cmp=com.example.snoopy/.CameraInputFrames} from pid 12158
