12-12 15:49:00.104   962  1151 D PowerManagerService: updateUserActivitySummaryLocked: mWakefulness=Awake, mUserActivitySummary=0x1, nextTimeout=2991640 (in 892999 ms)
12-12 15:49:00.104 12180 12180 I ViewRootImpl: ViewRoot's Touch Event : ACTION_UP
12-12 15:49:00.154 12180 12180 I ViewRootImpl: ViewRoot's Touch Event : ACTION_DOWN
12-12 15:49:00.154 12180 12180 I ViewRootImpl: ViewRoot's Touch Event : ACTION_UP
12-12 15:49:00.204 12180 12180 I ViewRootImpl: ViewRoot's Touch Event : ACTION_DOWN
12-12 15:49:00.204 12180 12180 I ViewRootImpl: ViewRoot's Touch Event : ACTION_UP
12-12 15:49:00.264 12180 12180 I ViewRootImpl: ViewRoot's Touch Event : ACTION_DOWN
12-12 15:49:00.264 12180 12180 I ViewRootImpl: ViewRoot's Touch Event : ACTION_UP
12-12 15:49:00.314 12180 12180 I ViewRootImpl: ViewRoot's Touch Event : ACTION_DOWN
12-12 15:49:00.314 12180 12180 I ViewRootImpl: ViewRoot's Touch Event : ACTION_UP
12-12 15:49:00.364 12180 12180 I ViewRootImpl: ViewRoot's Touch Event : ACTION_DOWN
12-12 15:49:00.364 12180 12180 I ViewRootImpl: ViewRoot's Touch Event : ACTION_UP
12-12 15:49:00.394   306   385 I Vold    : [LGE][VOLD][NetlinkHandler.cpp][onEvent()] subsys:cpu, action:0
12-12 15:49:00.424 12180 12180 I ViewRootImpl: ViewRoot's Touch Event : ACTION_DOWN
12-12 15:49:00.424 12180 12180 I ViewRootImpl: ViewRoot's Touch Event : ACTION_UP
12-12 15:49:00.474 12180 12180 I ViewRootImpl: ViewRoot's Touch Event : ACTION_DOWN
12-12 15:49:00.474 12180 12180 I ViewRootImpl: ViewRoot's Touch Event : ACTION_UP
12-12 15:49:00.524   327   420 I ThermalEngine: Sensor:pa_therm1:28000 mC
12-12 15:49:00.524 12180 12180 I ViewRootImpl: ViewRoot's Touch Event : ACTION_DOWN
12-12 15:49:00.524 12180 12180 I ViewRootImpl: ViewRoot's Touch Event : ACTION_UP
12-12 15:49:00.584 12158 12158 I ActivityManager: Timeline: Activity_launch_request id:com.example.snoopy time:2099119
12-12 15:49:00.584   962  1545 I ActivityManager: START u0 {act=android.intent.action.MAIN cat=[android.intent.category.LAUNCHER] flg=0x10200000 cmp=com.example.snoopy/.CameraInputFrames} from pid 12158
12-12 15:49:00.634  1213  1232 D dalvikvm: GC_EXPLICIT freed 14K, 67% free 3865K/11632K, paused 3ms+4ms, total 40ms
12-12 15:49:00.634   962  1545 I ActivityManager: ActivityRecord{428ba338 u0 com.example.snoopy/.CameraInputFrames t-1} Support Split:false Is ScreenFull:true
12-12 15:49:00.654   306   385 I Vold    : [LGE][VOLD][NetlinkHandler.cpp][onEvent()] subsys:cpu, action:0
12-12 15:49:00.694  1213  1600 D dalvikvm: GC_EXPLICIT freed 13K, 67% free 3864K/11632K, paused 6ms+4ms, total 49ms
12-12 15:49:00.704  1213  1600 V SplitWindowPolicyService: checkScreen => return. sourceIntent is null or not support SplitWindow component: ComponentInfo{co..../co.....CameraInputFrames}
12-12 15:49:00.704  1213  1601 V SplitWindowPolicyService: requestUpdateStackInfo
12-12 15:49:00.704   962  1545 D ActivityManager: resumeTopActivityLocked: Top activity resumed ActivityRecord{428f0180 u0 com.example.snoopy/.CameraInputFrames t4}
12-12 15:49:00.754   962  1151 D PowerManagerService: updateUserActivitySummaryLocked: mWakefulness=Awake, mUserActivitySummary=0x1, nextTimeout=2992294 (in 892999 ms)
12-12 15:49:00.754 12180 12180 I ViewRootImpl: ViewRoot's Touch Event : ACTION_DOWN
12-12 15:49:00.764 12180 12180 I ViewRootImpl: ViewRoot's Touch Event : ACTION_UP
12-12 15:49:00.814 12180 12180 I ViewRootImpl: ViewRoot's Touch Event : ACTION_DOWN
12-12 15:49:00.814 12180 12180 I ViewRootImpl: ViewRoot's Touch Event : ACTION_UP
12-12 15:49:00.864 12180 12180 I ViewRootImpl: ViewRoot's Touch Event : ACTION_DOWN
12-12 15:49:00.874 12180 12180 I ViewRootImpl: ViewRoot's Touch Event : ACTION_UP
12-12 15:49:00.924 12180 12180 I ViewRootImpl: ViewRoot's Touch Event : ACTION_DOWN
12-12 15:49:00.934 12180 12180 I ViewRootImpl: ViewRoot's Touch Event : ACTION_UP
12-12 15:49:00.994 12180 12180 I ViewRootImpl: ViewRoot's Touch Event : ACTION_DOWN
12-12 15:49:00.994 12180 12180 I ViewRootImpl: ViewRoot's Touch Event : ACTION_UP
12-12 15:49:01.044 12180 12180 I ViewRootImpl: ViewRoot's Touch Event : ACTION_DOWN
12-12 15:49:01.044 12180 12180 I ViewRootImpl: ViewRoot's Touch Event : ACTION_UP
12-12 15:49:01.104 12180 12180 I ViewRootImpl: ViewRoot's Touch Event : ACTION_DOWN
12-12 15:49:01.104 12180 12180 I ViewRootImpl: ViewRoot's Touch Event : ACTION_UP
12-12 15:49:01.114   306   385 I Vold    : [LGE][VOLD][NetlinkHandler.cpp][onEvent()] subsys:cpu, action:0
12-12 15:49:01.124   306   385 I Vold    : [LGE][VOLD][NetlinkHandler.cpp][onEvent()] subsys:cpu, action:0
12-12 15:49:01.174 12180 12180 I ViewRootImpl: ViewRoot's Touch Event : ACTION_DOWN
12-12 15:49:01.174 12180 12180 I ViewRootImpl: ViewRoot's Touch Event : ACTION_UP
12-12 15:49:01.234 12180 12180 I ViewRootImpl: ViewRoot's Touch Event : ACTION_DOWN
12-12 15:49:01.234 12180 12180 I ViewRootImpl: ViewRoot's Touch Event : ACTION_UP
12-12 15:49:01.284 12158 12158 I ActivityManager: Timeline: Activity_launch_request id:com.example.snoopy time:2099822
12-12 15:49:01.284   962   973 I ActivityManager: START u0 {act=android.intent.action.MAIN cat=[android.intent.category.LAUNCHER] flg=0x10200000 cmp=com.example.snoopy/.MainActivity} from pid 12158
12-12 15:49:01.344  1213  1224 D dalvikvm: GC_EXPLICIT freed 14K, 67% free 3865K/11632K, paused 5ms+2ms, total 42ms
12-12 15:49:01.344   962   973 I ActivityManager: ActivityRecord{43383670 u0 com.example.snoopy/.MainActivity t-1} Support Split:false Is ScreenFull:true
12-12 15:49:01.374  1213  1232 D dalvikvm: GC_EXPLICIT freed 13K, 67% free 3864K/11632K, paused 2ms+2ms, total 22ms
12-12 15:49:01.374  1213  1232 V SplitWindowPolicyService: checkScreen => return. sourceIntent is null or not support SplitWindow component: ComponentInfo{co..../co.....MainActivity}
12-12 15:49:01.374  1213  1600 V SplitWindowPolicyService: requestUpdateStackInfo
12-12 15:49:01.374   962   973 D ActivityManager: resumeTopActivityLocked: Top activity resumed ActivityRecord{428f0180 u0 com.example.snoopy/.CameraInputFrames t4}
12-12 15:49:01.374   962  1143 V AlarmManager: ELAPSED_WAKEUP set : Alarm{433a6a78 type 2 com.google.android.gms} when  2099823
12-12 15:49:01.384   962  3338 D LocationManagerService: getAllProviders()=[passive, gps, network]
12-12 15:49:01.424 12180 12180 I ViewRootImpl: ViewRoot's Touch Event : ACTION_DOWN
12-12 15:49:01.424   962  1151 D PowerManagerService: updateUserActivitySummaryLocked: mWakefulness=Awake, mUserActivitySummary=0x1, nextTimeout=2992966 (in 892999 ms)
12-12 15:49:01.424 12180 12180 I ViewRootImpl: ViewRoot's Touch Event : ACTION_UP
12-12 15:49:01.484 12180 12180 I ViewRootImpl: ViewRoot's Touch Event : ACTION_DOWN
12-12 15:49:01.484 12180 12180 I ViewRootImpl: ViewRoot's Touch Event : ACTION_UP
12-12 15:49:01.514 10247 10963 I zgp     : Scheduling Phenotype for a PhenotypeSyncImmediately(6, com.google.android.gms.playlog.uploader) one off with window [1, 2] in seconds
12-12 15:49:01.524   306   385 I Vold    : [LGE][VOLD][NetlinkHandler.cpp][onEvent()] subsys:cpu, action:0
12-12 15:49:01.534 12180 12180 I ViewRootImpl: ViewRoot's Touch Event : ACTION_DOWN
12-12 15:49:01.554 12180 12180 I ViewRootImpl: ViewRoot's Touch Event : ACTION_UP
12-12 15:49:01.604 12180 12180 I ViewRootImpl: ViewRoot's Touch Event : ACTION_DOWN
12-12 15:49:01.604 12180 12180 I ViewRootImpl: ViewRoot's Touch Event : ACTION_UP
12-12 15:49:01.654 12180 12180 I ViewRootImpl: ViewRoot's Touch Event : ACTION_DOWN
12-12 15:49:01.654 12180 12180 I ViewRootImpl: ViewRoot's Touch Event : ACTION_UP
12-12 15:49:01.714 12180 12180 I ViewRootImpl: ViewRoot's Touch Event : ACTION_DOWN
12-12 15:49:01.714 12180 12180 I ViewRootImpl: ViewRoot's Touch Event : ACTION_UP
12-12 15:49:01.734 10247 10251 D dalvikvm: GC_CONCURRENT freed 1802K, 39% free 7149K/11632K, paused 6ms+15ms, total 83ms
12-12 15:49:01.734 10247 10697 D dalvikvm: WAIT_FOR_CONCURRENT_GC blocked 11ms
12-12 15:49:01.734 10247 10690 D dalvikvm: WAIT_FOR_CONCURRENT_GC blocked 29ms
12-12 15:49:01.734 10247 12883 D dalvikvm: WAIT_FOR_CONCURRENT_GC blocked 41ms
12-12 15:49:01.764 12180 12180 I ViewRootImpl: ViewRoot's Touch Event : ACTION_DOWN
12-12 15:49:01.774 12180 12180 I ViewRootImpl: ViewRoot's Touch Event : ACTION_UP
12-12 15:49:01.784   306   385 I Vold    : [LGE][VOLD][NetlinkHandler.cpp][onEvent()] subsys:cpu, action:0
12-12 15:49:01.794 10247 10247 I WearableService: Wearable Services not starting - Wear is not available on this device.
12-12 15:49:01.794 10247 10257 D WearableService: onGetService - Wear is not available on this device.
12-12 15:49:01.814 12158 12158 I ActivityManager: Timeline: Activity_launch_request id:com.example.snoopy time:2100359
12-12 15:49:01.824   962  1242 I ActivityManager: START u0 {act=android.intent.action.MAIN cat=[android.intent.category.LAUNCHER] flg=0x10200000 cmp=com.example.snoopy/.CameraInputFrames} from pid 12158
12-12 15:49:01.854  1213  1601 D dalvikvm: GC_EXPLICIT freed 14K, 67% free 3865K/11632K, paused 2ms+2ms, total 24ms
12-12 15:49:01.854   962  1242 I ActivityManager: ActivityRecord{433ea268 u0 com.example.snoopy/.CameraInputFrames t-1} Support Split:false Is ScreenFull:true
12-12 15:49:01.884  1213  1224 D dalvikvm: GC_EXPLICIT freed 13K, 67% free 3864K/11632K, paused 2ms+2ms, total 23ms
12-12 15:49:01.884  1213  1224 V SplitWindowPolicyService: checkScreen => return. sourceIntent is null or not support SplitWindow component: ComponentInfo{co..../co.....CameraInputFrames}
12-12 15:49:01.884  1213  1600 V SplitWindowPolicyService: requestUpdateStackInfo
12-12 15:49:01.884   962  1242 D ActivityManager: resumeTopActivityLocked: Top activity resumed ActivityRecord{428f0180 u0 com.example.snoopy/.CameraInputFrames t4}
12-12 15:49:01.934   962  1151 D PowerManagerService: updateUserActivitySummaryLocked: mWakefulness=Awake, mUserActivitySummary=0x1, nextTimeout=2993476 (in 892999 ms)
12-12 15:49:01.934 12180 12180 I ViewRootImpl: ViewRoot's Touch Event : ACTION_DOWN
12-12 15:49:01.954 12180 12180 I ViewRootImpl: ViewRoot's Touch Event : ACTION_UP
12-12 15:49:02.004 12180 12180 I ViewRootImpl: ViewRoot's Touch Event : ACTION_DOWN
12-12 15:49:02.004 12180 12180 I ViewRootImpl: ViewRoot's Touch Event : ACTION_UP
12-12 15:49:02.044 10611 10692 D dalvikvm: GC_EXPLICIT freed 112K, 64% free 4277K/11632K, paused 2ms+3ms, total 36ms
12-12 15:49:02.054 12180 12180 I ViewRootImpl: ViewRoot's Touch Event : ACTION_DOWN
12-12 15:49:02.064 12180 12180 I ViewRootImpl: ViewRoot's Touch Event : ACTION_UP
12-12 15:49:02.114 12180 12180 I ViewRootImpl: ViewRoot's Touch Event : ACTION_DOWN
12-12 15:49:02.124 12180 12180 I ViewRootImpl: ViewRoot's Touch Event : ACTION_UP
12-12 15:49:02.184 12180 12180 I ViewRootImpl: ViewRoot's Touch Event : ACTION_DOWN
12-12 15:49:02.184 12180 12180 I ViewRootImpl: ViewRoot's Touch Event : ACTION_UP
12-12 15:49:02.194   962  3337 D dalvikvm: GC_EXPLICIT freed 2842K, 44% free 18423K/32384K, paused 4ms+17ms, total 175ms
12-12 15:49:02.194 10629 12885 E ZappConnFactory: Unable to bind to PlayStore
12-12 15:49:02.194   962  3337 W ActivityManager: Unable to start service Intent { act=com.google.android.finsky.BIND_PLAY_MODULE_SERVICE pkg=com.android.vending } U=0: not found
12-12 15:49:02.194   962  1194 W ActivityManager: Unbind failed: could not find connection for android.os.BinderProxy@433043f8
12-12 15:49:02.214 10629 12885 I ChimeraConfigService: Scheduling checkin every 43200 seconds, with flex of 1800 seconds
12-12 15:49:02.234 12180 12180 I ViewRootImpl: ViewRoot's Touch Event : ACTION_DOWN
12-12 15:49:02.234 12180 12180 I ViewRootImpl: ViewRoot's Touch Event : ACTION_UP
12-12 15:49:02.284 12180 12180 I ViewRootImpl: ViewRoot's Touch Event : ACTION_DOWN
12-12 15:49:02.284 12180 12180 I ViewRootImpl: ViewRoot's Touch Event : ACTION_UP
12-12 15:49:02.344 12180 12180 I ViewRootImpl: ViewRoot's Touch Event : ACTION_DOWN
12-12 15:49:02.344 12180 12180 I ViewRootImpl: ViewRoot's Touch Event : ACTION_UP
12-12 15:49:02.354   962  1558 D LocationManagerService: getLastLocation: Request[POWER_NONE passive fastest=0 num=1]
12-12 15:49:02.384   962  1331 D LocationManagerService: getLastLocation: Request[POWER_NONE passive fastest=0 num=1]
12-12 15:49:02.404 12180 12180 I ViewRootImpl: ViewRoot's Touch Event : ACTION_DOWN
12-12 15:49:02.404   962  1331 D LocationManagerService: getLastLocation: Request[POWER_NONE passive fastest=0 num=1]
12-12 15:49:02.404 12180 12180 I ViewRootImpl: ViewRoot's Touch Event : ACTION_UP
12-12 15:49:02.424   962  1559 D LocationManagerService: getLastLocation: Request[POWER_NONE passive fastest=0 num=1]
12-12 15:49:02.444   962  1539 D LocationManagerService: getLastLocation: Request[POWER_NONE passive fastest=0 num=1]
12-12 15:49:02.454 12180 12180 I ViewRootImpl: ViewRoot's Touch Event : ACTION_DOWN
12-12 15:49:02.454   962  1151 D PowerManagerService: updateUserActivitySummaryLocked: mWakefulness=Awake, mUserActivitySummary=0x1, nextTimeout=2993996 (in 892999 ms)
12-12 15:49:02.454 12180 12180 I ViewRootImpl: ViewRoot's Touch Event : ACTION_UP
12-12 15:49:02.474   962   974 D LocationManagerService: getLastLocation: Request[POWER_NONE passive fastest=0 num=1]
12-12 15:49:02.494   962  1331 D LocationManagerService: getLastLocation: Request[POWER_NONE passive fastest=0 num=1]
12-12 15:49:02.514 12180 12180 I ViewRootImpl: ViewRoot's Touch Event : ACTION_DOWN
12-12 15:49:02.524 12180 12180 I ViewRootImpl: ViewRoot's Touch Event : ACTION_UP
12-12 15:49:02.544 10247 12883 D libc    : getaddrinfo called from pid =10247
12-12 15:49:02.554 10247 12883 D libc    : getaddrinfo called from pid =10247
12-12 15:49:02.554   312 12910 D libc    : getaddrinfo called from pid =312
12-12 15:49:02.554   312 12910 D libc    : _dns_getaddrinfo: iptype =1
12-12 15:49:02.554   312 12910 D libc    : _dns_getaddrinfo: query_ipv4=1, query_ipv6=0
12-12 15:49:02.554   962  1177 D WifiStateMachine: handleMessage: E msg.what=131155
12-12 15:49:02.554   962  1177 D WifiStateMachine: processMsg: ConnectedState
12-12 15:49:02.554   962  1177 D WifiStateMachine: processMsg: L2ConnectedState
12-12 15:49:02.554   962  1177 D WifiNative-wlan0: doString: SIGNAL_POLL
12-12 15:49:02.554 10343 10343 D wpa_supplicant: wlan0: Control interface command 'SIGNAL_POLL'
12-12 15:49:02.564 10343 10343 D wpa_supplicant: nl80211: survey data missing!
12-12 15:49:02.564   962  1177 D WifiStateMachine: handleMessage: X
12-12 15:49:02.574 12180 12180 I ViewRootImpl: ViewRoot's Touch Event : ACTION_DOWN
12-12 15:49:02.574 12180 12180 I ViewRootImpl: ViewRoot's Touch Event : ACTION_UP
12-12 15:49:02.584 10247 12883 D libc    : dnsproxy getaddrinfo returns 0
12-12 15:49:02.624 10247 12883 D libc    : getaddrinfo called from pid =10247
12-12 15:49:02.624 10247 12883 W Conscrypt: Could not set socket write timeout:
12-12 15:49:02.624 10247 12883 W Conscrypt:    java.lang.reflect.Method.invokeNative(Native Method)
12-12 15:49:02.624 10247 12883 W Conscrypt:    java.lang.reflect.Method.invoke(Method.java:515)
12-12 15:49:02.624 12158 12158 I ActivityManager: Timeline: Activity_launch_request id:com.example.snoopy time:2101168
12-12 15:49:02.624   962  1375 I ActivityManager: START u0 {act=android.intent.action.MAIN cat=[android.intent.category.LAUNCHER] flg=0x10200000 cmp=com.example.snoopy/.MainActivity} from pid 12158
12-12 15:49:02.654  1213  1601 D dalvikvm: GC_EXPLICIT freed 14K, 67% free 3865K/11632K, paused 1ms+2ms, total 22ms
12-12 15:49:02.654   962  1375 I ActivityManager: ActivityRecord{42275688 u0 com.example.snoopy/.MainActivity t-1} Support Split:false Is ScreenFull:true
12-12 15:49:02.684  1213  1224 D dalvikvm: GC_EXPLICIT freed 13K, 67% free 3864K/11632K, paused 2ms+2ms, total 24ms
12-12 15:49:02.684  1213  1224 V SplitWindowPolicyService: checkScreen => return. sourceIntent is null or not support SplitWindow component: ComponentInfo{co..../co.....MainActivity}
12-12 15:49:02.684  1213  1232 V SplitWindowPolicyService: requestUpdateStackInfo
12-12 15:49:02.684   962  1375 D ActivityManager: resumeTopActivityLocked: Top activity resumed ActivityRecord{428f0180 u0 com.example.snoopy/.CameraInputFrames t4}
12-12 15:49:02.734 10247 12883 W Conscrypt: Could not set socket write timeout:
12-12 15:49:02.734 10247 12883 W Conscrypt:    java.lang.reflect.Method.invokeNative(Native Method)
12-12 15:49:02.734 10247 12883 W Conscrypt:    java.lang.reflect.Method.invoke(Method.java:515)
12-12 15:49:02.744 12180 12180 I ViewRootImpl: ViewRoot's Touch Event : ACTION_DOWN
12-12 15:49:02.744 12180 12180 I ViewRootImpl: ViewRoot's Touch Event : ACTION_UP
12-12 15:49:02.794 12180 12180 I ViewRootImpl: ViewRoot's Touch Event : ACTION_DOWN
12-12 15:49:02.804 12180 12180 I ViewRootImpl: ViewRoot's Touch Event : ACTION_UP
12-12 15:49:02.804   306   385 I Vold    : [LGE][VOLD][NetlinkHandler.cpp][onEvent()] subsys:cpu, action:0
12-12 15:49:02.814 10247 10251 D dalvikvm: GC_CONCURRENT freed 2303K, 41% free 6891K/11632K, paused 6ms+11ms, total 74ms
12-12 15:49:02.814 10247 12883 D dalvikvm: WAIT_FOR_CONCURRENT_GC blocked 53ms
12-12 15:49:02.824  1197  1197 D BubblePopupHelper: isShowingBubblePopup : false
12-12 15:49:02.854 12180 12180 I ViewRootImpl: ViewRoot's Touch Event : ACTION_DOWN
12-12 15:49:02.854 12180 12180 I ViewRootImpl: ViewRoot's Touch Event : ACTION_UP
12-12 15:49:02.904 12180 12180 I ViewRootImpl: ViewRoot's Touch Event : ACTION_DOWN
12-12 15:49:02.904 12180 12180 I ViewRootImpl: ViewRoot's Touch Event : ACTION_UP
12-12 15:49:02.964   962  1151 D PowerManagerService: updateUserActivitySummaryLocked: mWakefulness=Awake, mUserActivitySummary=0x1, nextTimeout=2994502 (in 892998 ms)
12-12 15:49:02.964 12180 12180 I ViewRootImpl: ViewRoot's Touch Event : ACTION_DOWN
12-12 15:49:02.974   962  1180 V WifiServiceExtension: checkPollTimer Cnt= 0 rssi =-56 threshold=-100
12-12 15:49:03.004 12180 12180 I ViewRootImpl: ViewRoot's Touch Event : ACTION_UP
12-12 15:49:03.064 12180 12180 I ViewRootImpl: ViewRoot's Touch Event : ACTION_DOWN
12-12 15:49:03.064 12180 12180 I ViewRootImpl: ViewRoot's Touch Event : ACTION_UP
12-12 15:49:03.084 10629 12915 I dalvikvm: Could not find method java.util.Locale.toLanguageTag, referenced from method jxh.<init>
12-12 15:49:03.084 10629 12915 W dalvikvm: VFY: unable to resolve virtual method 42389: Ljava/util/Locale;.toLanguageTag ()Ljava/lang/String;
12-12 15:49:03.084 10629 12915 D dalvikvm: VFY: replacing opcode 0x6e at 0x002d
12-12 15:49:03.084 10629 12915 I dalvikvm: Could not find method android.content.res.Configuration.getLocales, referenced from method jxh.<init>
12-12 15:49:03.084 10629 12915 W dalvikvm: VFY: unable to resolve virtual method 3729: Landroid/content/res/Configuration;.getLocales ()Landroid/os/LocaleList;
12-12 15:49:03.084 10629 12915 D dalvikvm: VFY: replacing opcode 0x6e at 0x0032
12-12 15:49:03.084 10629 12915 I dalvikvm: Could not find method java.util.Locale.toLanguageTag, referenced from method jxh.<init>
12-12 15:49:03.084 10629 12915 W dalvikvm: VFY: unable to resolve virtual method 42389: Ljava/util/Locale;.toLanguageTag ()Ljava/lang/String;
12-12 15:49:03.084 10629 12915 D dalvikvm: VFY: replacing opcode 0x6e at 0x005e
12-12 15:49:03.094   962  1561 D LocationManagerService: getLastLocation: Request[POWER_NONE passive fastest=0 num=1]
12-12 15:49:03.114 10629 12915 I SpamListSync: Spam list syncing is disabled.
12-12 15:49:03.114   962  1561 D LocationManagerService: getLastLocation: Request[POWER_NONE passive fastest=0 num=1]
12-12 15:49:03.114 12180 12180 I ViewRootImpl: ViewRoot's Touch Event : ACTION_DOWN
12-12 15:49:03.124 12180 12180 I ViewRootImpl: ViewRoot's Touch Event : ACTION_UP
12-12 15:49:03.174 12180 12180 I ViewRootImpl: ViewRoot's Touch Event : ACTION_DOWN
12-12 15:49:03.184 12180 12180 I ViewRootImpl: ViewRoot's Touch Event : ACTION_UP
12-12 15:49:03.234 12180 12180 I ViewRootImpl: ViewRoot's Touch Event : ACTION_DOWN
12-12 15:49:03.244 12180 12180 I ViewRootImpl: ViewRoot's Touch Event : ACTION_UP
12-12 15:49:03.294 12180 12180 I ViewRootImpl: ViewRoot's Touch Event : ACTION_DOWN
12-12 15:49:03.294 12180 12180 I ViewRootImpl: ViewRoot's Touch Event : ACTION_UP
12-12 15:49:03.314 10247 10251 D dalvikvm: GC_CONCURRENT freed 1487K, 36% free 7451K/11632K, paused 4ms+5ms, total 57ms
12-12 15:49:03.314 10247 12883 D dalvikvm: WAIT_FOR_CONCURRENT_GC blocked 45ms
12-12 15:49:03.314 10247 12916 D dalvikvm: WAIT_FOR_CONCURRENT_GC blocked 45ms
12-12 15:49:03.314 10247 10257 D dalvikvm: WAIT_FOR_CONCURRENT_GC blocked 36ms
12-12 15:49:03.344 12180 12180 I ViewRootImpl: ViewRoot's Touch Event : ACTION_DOWN
12-12 15:49:03.344 12180 12180 I ViewRootImpl: ViewRoot's Touch Event : ACTION_UP
12-12 15:49:03.374   962   973 D LocationManagerService: getLastLocation: Request[POWER_NONE passive fastest=0 num=1]
12-12 15:49:03.404 12180 12180 I ViewRootImpl: ViewRoot's Touch Event : ACTION_DOWN
12-12 15:49:03.404   962   974 D LocationManagerService: getLastLocation: Request[POWER_NONE passive fastest=0 num=1]
12-12 15:49:03.404 12180 12180 I ViewRootImpl: ViewRoot's Touch Event : ACTION_UP
12-12 15:49:03.414 10247 12883 D libc    : getaddrinfo called from pid =10247
12-12 15:49:03.454 10247 12883 D libc    : getaddrinfo called from pid =10247
12-12 15:49:03.454 12180 12180 I ViewRootImpl: ViewRoot's Touch Event : ACTION_DOWN
12-12 15:49:03.464 10247 12883 W Conscrypt: Could not set socket write timeout:
12-12 15:49:03.464 10247 12883 W Conscrypt:    java.lang.reflect.Method.invokeNative(Native Method)
12-12 15:49:03.464 10247 12883 W Conscrypt:    java.lang.reflect.Method.invoke(Method.java:515)
12-12 15:49:03.464 12180 12180 I ViewRootImpl: ViewRoot's Touch Event : ACTION_UP
12-12 15:49:03.494 10247 12883 W Conscrypt: Could not set socket write timeout:
12-12 15:49:03.504 10247 12883 W Conscrypt:    java.lang.reflect.Method.invokeNative(Native Method)
12-12 15:49:03.504 10247 12883 W Conscrypt:    java.lang.reflect.Method.invoke(Method.java:515)
12-12 15:49:03.514   962  1151 D PowerManagerService: updateUserActivitySummaryLocked: mWakefulness=Awake, mUserActivitySummary=0x1, nextTimeout=2995053 (in 892999 ms)
12-12 15:49:03.514 12180 12180 I ViewRootImpl: ViewRoot's Touch Event : ACTION_DOWN
12-12 15:49:03.524 10247 12916 D libc    : getaddrinfo called from pid =10247
12-12 15:49:03.524 10247 12916 D libc    : getaddrinfo called from pid =10247
12-12 15:49:03.524   312 12925 D libc    : getaddrinfo called from pid =312
12-12 15:49:03.524   312 12925 D libc    : _dns_getaddrinfo: iptype =1
12-12 15:49:03.524   312 12925 D libc    : _dns_getaddrinfo: query_ipv4=1, query_ipv6=0
12-12 15:49:03.534 12180 12180 I ViewRootImpl: ViewRoot's Touch Event : ACTION_UP
12-12 15:49:03.544 10247 12916 D libc    : dnsproxy getaddrinfo returns 0
12-12 15:49:03.574 12180 12180 I ViewRootImpl: ViewRoot's Touch Event : ACTION_DOWN
12-12 15:49:03.574 10247 12916 D libc    : getaddrinfo called from pid =10247
12-12 15:49:03.574 12180 12180 I ViewRootImpl: ViewRoot's Touch Event : ACTION_UP
12-12 15:49:03.584 10247 12916 W Conscrypt: Could not set socket write timeout:
12-12 15:49:03.584 10247 12916 W Conscrypt:    java.lang.reflect.Method.invokeNative(Native Method)
12-12 15:49:03.584 10247 12916 W Conscrypt:    java.lang.reflect.Method.invoke(Method.java:515)
12-12 15:49:03.624 12180 12180 I ViewRootImpl: ViewRoot's Touch Event : ACTION_DOWN
12-12 15:49:03.624 12180 12180 I ViewRootImpl: ViewRoot's Touch Event : ACTION_UP
12-12 15:49:03.684 12158 12158 I ActivityManager: Timeline: Activity_launch_request id:com.example.snoopy time:2102220
12-12 15:49:03.684   962  1537 I ActivityManager: START u0 {act=android.intent.action.MAIN cat=[android.intent.category.LAUNCHER] flg=0x10200000 cmp=com.example.snoopy/.CameraInputFrames} from pid 12158
12-12 15:49:03.694 10247 10251 D dalvikvm: GC_CONCURRENT freed 2139K, 37% free 7360K/11632K, paused 4ms+10ms, total 60ms
12-12 15:49:03.704 10247 12916 D dalvikvm: WAIT_FOR_CONCURRENT_GC blocked 47ms
12-12 15:49:03.704 10247 12883 D dalvikvm: WAIT_FOR_CONCURRENT_GC blocked 45ms
12-12 15:49:03.724  1213  1601 D dalvikvm: GC_EXPLICIT freed 14K, 67% free 3865K/11632K, paused 2ms+3ms, total 29ms
12-12 15:49:03.724   962  1561 D LocationManagerService: getLastLocation: Request[POWER_NONE passive fastest=0 num=1]
12-12 15:49:03.724   962  1537 I ActivityManager: ActivityRecord{422788e8 u0 com.example.snoopy/.CameraInputFrames t-1} Support Split:false Is ScreenFull:true
12-12 15:49:03.754  1213  1224 D dalvikvm: GC_EXPLICIT freed 13K, 67% free 3864K/11632K, paused 2ms+2ms, total 26ms
12-12 15:49:03.754  1213  1224 V SplitWindowPolicyService: checkScreen => return. sourceIntent is null or not support SplitWindow component: ComponentInfo{co..../co.....CameraInputFrames}
12-12 15:49:03.754  1213  1232 V SplitWindowPolicyService: requestUpdateStackInfo
12-12 15:49:03.754   962  1537 D ActivityManager: resumeTopActivityLocked: Top activity resumed ActivityRecord{428f0180 u0 com.example.snoopy/.CameraInputFrames t4}
12-12 15:49:03.774   962  1539 D LocationManagerService: getLastLocation: Request[POWER_NONE passive fastest=0 num=1]
12-12 15:49:03.774 10247 12916 W Conscrypt: Could not set socket write timeout:
12-12 15:49:03.774 10247 12916 W Conscrypt:    java.lang.reflect.Method.invokeNative(Native Method)
12-12 15:49:03.774 10247 12916 W Conscrypt:    java.lang.reflect.Method.invoke(Method.java:515)
12-12 15:49:03.794   962  1561 D LocationManagerService: getLastLocation: Request[POWER_NONE passive fastest=0 num=1]
12-12 15:49:03.804 12180 12180 I ViewRootImpl: ViewRoot's Touch Event : ACTION_DOWN
12-12 15:49:03.804 12180 12180 I ViewRootImpl: ViewRoot's Touch Event : ACTION_UP
12-12 15:49:03.864 12180 12180 I ViewRootImpl: ViewRoot's Touch Event : ACTION_DOWN
12-12 15:49:03.864 12180 12180 I ViewRootImpl: ViewRoot's Touch Event : ACTION_UP
12-12 15:49:03.914 12180 12180 I ViewRootImpl: ViewRoot's Touch Event : ACTION_DOWN
12-12 15:49:03.914 12180 12180 I ViewRootImpl: ViewRoot's Touch Event : ACTION_UP
12-12 15:49:03.974 12180 12180 I ViewRootImpl: ViewRoot's Touch Event : ACTION_DOWN
12-12 15:49:03.984 12180 12180 I ViewRootImpl: ViewRoot's Touch Event : ACTION_UP
12-12 15:49:04.014   306   385 I Vold    : [LGE][VOLD][NetlinkHandler.cpp][onEvent()] subsys:cpu, action:0
12-12 15:49:04.034   962  1151 D PowerManagerService: updateUserActivitySummaryLocked: mWakefulness=Awake, mUserActivitySummary=0x1, nextTimeout=2995573 (in 892999 ms)
12-12 15:49:04.034 12180 12180 I ViewRootImpl: ViewRoot's Touch Event : ACTION_DOWN
12-12 15:49:04.034 12180 12180 I ViewRootImpl: ViewRoot's Touch Event : ACTION_UP
12-12 15:49:04.094  1197  1197 I ViewRootImpl: ViewRoot's Touch Event : ACTION_DOWN
12-12 15:49:04.094  1197  1197 I ViewRootImpl: ViewRoot's Touch Event : ACTION_UP
12-12 15:49:04.104  1197  1197 V PanelView: animationTick called with dtms=0; nothing to do (h=0.0 v=0.0)
12-12 15:49:04.134   962  1561 I ActivityManager: Start proc com.google.android.gms.ui for service com.google.android.gms/.chimera.UiIntentOperationService: pid=12933 uid=10010 gids={50010, 3003, 1007, 1028, 1015, 3002, 3001, 3007, 2001, 3006}
12-12 15:49:04.144  1515  1526 I com.skyfire.browser.toolbar.ProcessObserverService: On importance changed 12933,10010,400
12-12 15:49:04.144 12933 12933 D HyLog   : I : /data/font/config/sfconfig.dat, No such file or directory (2)
12-12 15:49:04.144 12933 12933 D HyLog   : I : /data/font/config/dfactpre.dat, No such file or directory (2)
12-12 15:49:04.144 12933 12933 D HyLog   : I : /data/font/config/sfconfig.dat, No such file or directory (2)
12-12 15:49:04.154 12180 12180 I ViewRootImpl: ViewRoot's Touch Event : ACTION_DOWN
12-12 15:49:04.154 12180 12180 I ViewRootImpl: ViewRoot's Touch Event : ACTION_UP
12-12 15:49:04.174 12933 12933 W dalvikvm: VFY: unable to resolve static field 937 (PR_SET_DUMPABLE) in Landroid/system/OsConstants;
12-12 15:49:04.174 12933 12933 D dalvikvm: VFY: replacing opcode 0x60 at 0x0009
12-12 15:49:04.194 12933 12933 W dalvikvm: VFY: unable to find class referenced in signature (Laqvj;)
12-12 15:49:04.194 12933 12933 W dalvikvm: VFY: unable to find class referenced in signature (Laqvj;)
12-12 15:49:04.194 12933 12933 W dalvikvm: VFY: unable to find class referenced in signature (Laqvj;)
12-12 15:49:04.194 12933 12933 W dalvikvm: VFY: unable to find class referenced in signature (Laqvj;)
12-12 15:49:04.194 12933 12933 I dalvikvm: Could not find method android.content.Context.getSystemService, referenced from method ro.a
12-12 15:49:04.194 12933 12933 W dalvikvm: VFY: unable to resolve virtual method 1684: Landroid/content/Context;.getSystemService (Ljava/lang/Class;)Ljava/lang/Object;
12-12 15:49:04.194 12933 12933 D dalvikvm: VFY: replacing opcode 0x6e at 0x0008
12-12 15:49:04.194 12933 12933 I dalvikvm: Could not find method android.content.Context.createDeviceProtectedStorageContext, referenced from method jkx.a
12-12 15:49:04.194 12933 12933 W dalvikvm: VFY: unable to resolve virtual method 1659: Landroid/content/Context;.createDeviceProtectedStorageContext ()Landroid/content/Context;
12-12 15:49:04.194 12933 12933 D dalvikvm: VFY: replacing opcode 0x6e at 0x0029
12-12 15:49:04.194 12933 12933 I dalvikvm: Could not find method android.content.Context.getSystemService, referenced from method jkx.b
12-12 15:49:04.194 12933 12933 W dalvikvm: VFY: unable to resolve virtual method 1684: Landroid/content/Context;.getSystemService (Ljava/lang/Class;)Ljava/lang/Object;
12-12 15:49:04.194 12933 12933 D dalvikvm: VFY: replacing opcode 0x6e at 0x000b
12-12 15:49:04.194 12933 12933 I dalvikvm: Could not find method android.content.Context.isDeviceProtectedStorage, referenced from method zcx.a
12-12 15:49:04.204 12933 12933 W dalvikvm: VFY: unable to resolve virtual method 1689: Landroid/content/Context;.isDeviceProtectedStorage ()Z
12-12 15:49:04.204 12933 12933 D dalvikvm: VFY: replacing opcode 0x6e at 0x0009
12-12 15:49:04.204 12933 12933 I dalvikvm: Could not find method android.content.Context.isDeviceProtectedStorage, referenced from method zcx.c
12-12 15:49:04.204 12933 12933 W dalvikvm: VFY: unable to resolve virtual method 1689: Landroid/content/Context;.isDeviceProtectedStorage ()Z
12-12 15:49:04.204 12933 12933 D dalvikvm: VFY: replacing opcode 0x6e at 0x005d
12-12 15:49:04.204 12933 12933 I dalvikvm: Could not find method android.os.PowerManager.isInteractive, referenced from method jih.a
12-12 15:49:04.204 12933 12933 W dalvikvm: VFY: unable to resolve virtual method 2258: Landroid/os/PowerManager;.isInteractive ()Z
12-12 15:49:04.204 12933 12933 D dalvikvm: VFY: replacing opcode 0x6e at 0x0012
12-12 15:49:04.204 12933 12933 I dalvikvm: Could not find method android.content.ContextWrapper.createCredentialProtectedStorageContext, referenced from method com.google.android.chimera.ModuleContext.createCredentialProtectedStorageContext
12-12 15:49:04.204 12933 12933 W dalvikvm: VFY: unable to resolve virtual method 1708: Landroid/content/ContextWrapper;.createCredentialProtectedStorageContext ()Landroid/content/Context;
12-12 15:49:04.204 12933 12933 D dalvikvm: VFY: replacing opcode 0x6f at 0x0002
12-12 15:49:04.204 12933 12933 I dalvikvm: Could not find method android.content.ContextWrapper.createDeviceProtectedStorageContext, referenced from method com.google.android.chimera.ModuleContext.createDeviceProtectedStorageContext
12-12 15:49:04.204 12933 12933 W dalvikvm: VFY: unable to resolve virtual method 1709: Landroid/content/ContextWrapper;.createDeviceProtectedStorageContext ()Landroid/content/Context;
12-12 15:49:04.204 12933 12933 D dalvikvm: VFY: replacing opcode 0x6f at 0x0002
12-12 15:49:04.204 12180 12180 I ViewRootImpl: ViewRoot's Touch Event : ACTION_DOWN
12-12 15:49:04.204 12180 12180 I ViewRootImpl: ViewRoot's Touch Event : ACTION_UP
12-12 15:49:04.214 12933 12933 I dalvikvm: Could not find method android.content.Context.isCredentialProtectedStorage, referenced from method cqq.a
12-12 15:49:04.214 12933 12933 W dalvikvm: VFY: unable to resolve virtual method 1688: Landroid/content/Context;.isCredentialProtectedStorage ()Z
12-12 15:49:04.214 12933 12933 D dalvikvm: VFY: replacing opcode 0x6e at 0x0000
12-12 15:49:04.214 12933 12933 I dalvikvm: Could not find method android.os.UserManager.isUserUnlocked, referenced from method cqq.a
12-12 15:49:04.214 12933 12933 W dalvikvm: VFY: unable to resolve virtual method 2311: Landroid/os/UserManager;.isUserUnlocked ()Z
12-12 15:49:04.214 12933 12933 D dalvikvm: VFY: replacing opcode 0x6e at 0x001a
12-12 15:49:04.214 12933 12933 I dalvikvm: Could not find method android.content.Context.isDeviceProtectedStorage, referenced from method cqq.b
12-12 15:49:04.214 12933 12933 W dalvikvm: VFY: unable to resolve virtual method 1689: Landroid/content/Context;.isDeviceProtectedStorage ()Z
12-12 15:49:04.214 12933 12933 D dalvikvm: VFY: replacing opcode 0x6e at 0x0000
12-12 15:49:04.214 12933 12933 I dalvikvm: Could not find method android.content.Context.isDeviceProtectedStorage, referenced from method cqq.c
12-12 15:49:04.214 12933 12933 W dalvikvm: VFY: unable to resolve virtual method 1689: Landroid/content/Context;.isDeviceProtectedStorage ()Z
12-12 15:49:04.214 12933 12933 D dalvikvm: VFY: replacing opcode 0x6e at 0x0000
12-12 15:49:04.214 12933 12933 I MultiDex: VM with version 1.6.0 does not have multidex support
12-12 15:49:04.214 12933 12933 I MultiDex: install
12-12 15:49:04.214 10247 12947 W NetRec  : [886] ConfigChangedIntentOperation.onHandleIntent: Device does not support scoring, exiting
12-12 15:49:04.214 12933 12933 I MultiDex: MultiDexExtractor.load(/data/app/com.google.android.gms-2.apk, false)
12-12 15:49:04.224 10247 12884 W NetRec  : [879] ConfigChangedIntentOperation.onHandleIntent: Device does not support scoring, exiting
12-12 15:49:04.224 12933 12933 I MultiDex: Blocking on lock /data/data/com.google.android.gms/code_cache/secondary-dexes/MultiDex.lock
12-12 15:49:04.224 12933 12933 I MultiDex: /data/data/com.google.android.gms/code_cache/secondary-dexes/MultiDex.lock locked
12-12 15:49:04.234 10247 12948 I PTCommittedOperation: Receive new configuration for com.google.android.gms.ocr
12-12 15:49:04.234 10629 12904 I SettingsChangedIntentOp: SettingsChangedIntentOperation.run: Got intent Intent { act=com.google.android.gms.phenotype.COMMITTED flg=0x10 pkg=com.google.android.gms cmp=com.google.android.gms/.chimera.GmsIntentOperationService (has extras) }
12-12 15:49:04.234 10629 12904 I SettingsChangedIntentOp: SettingsChangedIntentOperation.run Intent extra com.google.android.gms.phenotype.PACKAGE_NAME: com.google.android.gms.ocr
12-12 15:49:04.234 10629 12904 I SettingsChangedIntentOp: Action: com.google.android.gms.phenotype.COMMITTED
12-12 15:49:04.234 10629 12904 I SettingsChangedIntentOp: EXTRA_PACKAGE_NAME: com.google.android.gms.ocr
12-12 15:49:04.244 10247 12916 I zgp     : Scheduling adaptive one off task with window [14400, 604800] in seconds
12-12 15:49:04.244 12933 12933 I MultiDex: loading existing secondary dex files
12-12 15:49:04.254 12933 12933 I MultiDex: load found 4 secondary dex files
12-12 15:49:04.264 10629 12874 I OcrModelUpStIntentOp: Updating ocr activity enabled=false (phenotypeFlag=false, lowRamDevice=false, prereqCheck=true)
12-12 15:49:04.264 12933 12933 I MultiDex: install done
12-12 15:49:04.264 12180 12180 I ViewRootImpl: ViewRoot's Touch Event : ACTION_DOWN
12-12 15:49:04.264 12180 12180 I ViewRootImpl: ViewRoot's Touch Event : ACTION_UP
12-12 15:49:04.274 10629 10629 D dalvikvm: newInstance failed: no <init>()
12-12 15:49:04.284 12933 12933 I dalvikvm: Could not find method android.content.Context.isDeviceProtectedStorage, referenced from method kel.d
12-12 15:49:04.284 12933 12933 W dalvikvm: VFY: unable to resolve virtual method 1689: Landroid/content/Context;.isDeviceProtectedStorage ()Z
12-12 15:49:04.284 12933 12933 D dalvikvm: VFY: replacing opcode 0x6e at 0x0006
12-12 15:49:04.284 12933 12933 I dalvikvm: Could not find method android.os.UserHandle.isOwner, referenced from method kel.i
12-12 15:49:04.284 12933 12933 W dalvikvm: VFY: unable to resolve virtual method 2304: Landroid/os/UserHandle;.isOwner ()Z
12-12 15:49:04.284 12933 12933 D dalvikvm: VFY: replacing opcode 0x6e at 0x000a
12-12 15:49:04.294 12933 12933 I dalvikvm: Could not find method android.content.pm.PackageManager.isInstantApp, referenced from method kkc.a
12-12 15:49:04.294 12933 12933 W dalvikvm: VFY: unable to resolve virtual method 1808: Landroid/content/pm/PackageManager;.isInstantApp (Ljava/lang/String;)Z
12-12 15:49:04.294 12933 12933 D dalvikvm: VFY: replacing opcode 0x6e at 0x002d
12-12 15:49:04.304 12933 12933 I dalvikvm: Could not find method android.content.ContextWrapper.createCredentialProtectedStorageContext, referenced from method jwn.createCredentialProtectedStorageContext
12-12 15:49:04.304 12933 12933 W dalvikvm: VFY: unable to resolve virtual method 1708: Landroid/content/ContextWrapper;.createCredentialProtectedStorageContext ()Landroid/content/Context;
12-12 15:49:04.304 12933 12933 D dalvikvm: VFY: replacing opcode 0x6f at 0x0002
12-12 15:49:04.304 12933 12933 I dalvikvm: Could not find method android.content.ContextWrapper.createDeviceProtectedStorageContext, referenced from method jwn.createDeviceProtectedStorageContext
12-12 15:49:04.304 12933 12933 W dalvikvm: VFY: unable to resolve virtual method 1709: Landroid/content/ContextWrapper;.createDeviceProtectedStorageContext ()Landroid/content/Context;
12-12 15:49:04.304 12933 12933 D dalvikvm: VFY: replacing opcode 0x6f at 0x0002
12-12 15:49:04.304 12933 12933 D dalvikvm: DexOpt: couldn't find static field Landroid/os/Build;.SUPPORTED_ABIS
12-12 15:49:04.304 12933 12933 W dalvikvm: VFY: unable to resolve static field 918 (SUPPORTED_ABIS) in Landroid/os/Build;
12-12 15:49:04.304 12933 12933 D dalvikvm: VFY: replacing opcode 0x62 at 0x0008
12-12 15:49:04.304 12933 12933 D dalvikvm: DexOpt: couldn't find static field Landroid/os/Build;.SUPPORTED_ABIS
12-12 15:49:04.304 12933 12933 W dalvikvm: VFY: unable to resolve static field 918 (SUPPORTED_ABIS) in Landroid/os/Build;
12-12 15:49:04.304 12933 12933 D dalvikvm: VFY: replacing opcode 0x62 at 0x0097
12-12 15:49:04.314 12933 12933 D dalvikvm: DexOpt: couldn't find field Landroid/content/pm/ApplicationInfo;.splitSourceDirs
12-12 15:49:04.314 12933 12933 W dalvikvm: VFY: unable to resolve instance field 849
12-12 15:49:04.314 12933 12933 D dalvikvm: VFY: replacing opcode 0x54 at 0x0053
12-12 15:49:04.314 12933 12933 D dalvikvm: DexOpt: couldn't find field Landroid/content/pm/ApplicationInfo;.splitSourceDirs
12-12 15:49:04.314 12933 12933 I dalvikvm: DexOpt: unable to optimize instance field ref 0x0351 at 0x57 in Lkgr;.d
12-12 15:49:04.314 12933 12933 D dalvikvm: Trying to load lib /data/app-lib/com.google.android.gms-2/libgmscore.so 0x41ff4470
12-12 15:49:04.314 12158 12158 I ActivityManager: Timeline: Activity_launch_request id:com.example.snoopy time:2102855
12-12 15:49:04.314   962  1242 I ActivityManager: START u0 {act=android.intent.action.MAIN cat=[android.intent.category.LAUNCHER] flg=0x10200000 cmp=com.example.snoopy/.MainActivity} from pid 12158
12-12 15:49:04.324 12933 12933 D dalvikvm: Added shared lib /data/app-lib/com.google.android.gms-2/libgmscore.so 0x41ff4470
12-12 15:49:04.324 12933 12933 D dalvikvm: No JNI_OnLoad found in /data/app-lib/com.google.android.gms-2/libgmscore.so 0x41ff4470, skipping init
12-12 15:49:04.324 12933 12933 D dalvikvm: Trying to load lib /data/app-lib/com.google.android.gms-2/libconscrypt_gmscore_jni.so 0x41ff4470
12-12 15:49:04.324 12933 12933 D dalvikvm: Added shared lib /data/app-lib/com.google.android.gms-2/libconscrypt_gmscore_jni.so 0x41ff4470
12-12 15:49:04.324 12933 12933 V NativeCrypto: Registering com/google/android/gms/org/conscrypt/NativeCrypto's 276 native methods...
12-12 15:49:04.334 12933 12933 E dalvikvm: Could not find class 'javax.net.ssl.SNIServerName', referenced from method com.google.android.gms.org.conscrypt.Platform.getSniHostnameFromParams
12-12 15:49:04.334 12933 12933 W dalvikvm: VFY: unable to resolve check-cast 2222 (Ljavax/net/ssl/SNIServerName;) in Lcom/google/android/gms/org/conscrypt/Platform;
12-12 15:49:04.334 12933 12933 D dalvikvm: VFY: replacing opcode 0x1f at 0x0025
12-12 15:49:04.334 12933 12933 E dalvikvm: Could not find class 'javax.net.ssl.SNIHostName', referenced from method com.google.android.gms.org.conscrypt.Platform.setParametersSniHostname
12-12 15:49:04.334 12933 12933 W dalvikvm: VFY: unable to resolve new-instance 2221 (Ljavax/net/ssl/SNIHostName;) in Lcom/google/android/gms/org/conscrypt/Platform;
12-12 15:49:04.334 12933 12933 D dalvikvm: VFY: replacing opcode 0x22 at 0x0024
12-12 15:49:04.334 12933 12933 E dalvikvm: Could not find class 'javax.net.ssl.SNIHostName', referenced from method com.google.android.gms.org.conscrypt.Platform.setParametersSniHostname
12-12 15:49:04.334 12933 12933 W dalvikvm: VFY: unable to resolve new-instance 2221 (Ljavax/net/ssl/SNIHostName;) in Lcom/google/android/gms/org/conscrypt/Platform;
12-12 15:49:04.334 12933 12933 D dalvikvm: VFY: replacing opcode 0x22 at 0x0024
12-12 15:49:04.334 12933 12933 W dalvikvm: Unable to resolve superclass of Lcom/google/android/gms/org/conscrypt/DelegatingExtendedSSLSession; (2212)
12-12 15:49:04.334 12933 12933 W dalvikvm: Link of class 'Lcom/google/android/gms/org/conscrypt/DelegatingExtendedSSLSession;' failed
12-12 15:49:04.334 12933 12933 E dalvikvm: Could not find class 'com.google.android.gms.org.conscrypt.DelegatingExtendedSSLSession', referenced from method com.google.android.gms.org.conscrypt.Platform.unwrapSSLSession
12-12 15:49:04.334 12933 12933 W dalvikvm: VFY: unable to resolve instanceof 1304 (Lcom/google/android/gms/org/conscrypt/DelegatingExtendedSSLSession;) in Lcom/google/android/gms/org/conscrypt/Platform;
12-12 15:49:04.334 12933 12933 D dalvikvm: VFY: replacing opcode 0x20 at 0x0007
12-12 15:49:04.344 12933 12933 W dalvikvm: Unable to resolve superclass of Lcom/google/android/gms/org/conscrypt/DelegatingExtendedSSLSession; (2212)
12-12 15:49:04.344 12933 12933 W dalvikvm: Link of class 'Lcom/google/android/gms/org/conscrypt/DelegatingExtendedSSLSession;' failed
12-12 15:49:04.344 12933 12933 E dalvikvm: Could not find class 'com.google.android.gms.org.conscrypt.DelegatingExtendedSSLSession', referenced from method com.google.android.gms.org.conscrypt.Platform.wrapSSLSession
12-12 15:49:04.344 12933 12933 W dalvikvm: VFY: unable to resolve new-instance 1304 (Lcom/google/android/gms/org/conscrypt/DelegatingExtendedSSLSession;) in Lcom/google/android/gms/org/conscrypt/Platform;
12-12 15:49:04.344 12933 12933 D dalvikvm: VFY: replacing opcode 0x22 at 0x0007
12-12 15:49:04.344 12933 12933 D dalvikvm: DexOpt: unable to opt direct call 0x3096 at 0x2a in Lcom/google/android/gms/org/conscrypt/Platform;.setParametersSniHostname
12-12 15:49:04.344 12933 12933 D dalvikvm: DexOpt: unable to opt direct call 0x3096 at 0x2a in Lcom/google/android/gms/org/conscrypt/Platform;.setParametersSniHostname
12-12 15:49:04.344 12933 12933 W dalvikvm: Unable to resolve superclass of Lcom/google/android/gms/org/conscrypt/DelegatingExtendedSSLSession; (2212)
12-12 15:49:04.344 12933 12933 W dalvikvm: Link of class 'Lcom/google/android/gms/org/conscrypt/DelegatingExtendedSSLSession;' failed
12-12 15:49:04.344 12933 12933 D dalvikvm: DexOpt: unable to opt direct call 0x1b67 at 0x09 in Lcom/google/android/gms/org/conscrypt/Platform;.wrapSSLSession
12-12 15:49:04.344  1213  1600 D dalvikvm: GC_EXPLICIT freed 14K, 67% free 3865K/11632K, paused 1ms+2ms, total 24ms
12-12 15:49:04.344   962  1242 I ActivityManager: ActivityRecord{42289a68 u0 com.example.snoopy/.MainActivity t-1} Support Split:false Is ScreenFull:true
12-12 15:49:04.374  1213  1224 D dalvikvm: GC_EXPLICIT freed 13K, 67% free 3864K/11632K, paused 2ms+2ms, total 24ms
12-12 15:49:04.374  1213  1224 V SplitWindowPolicyService: checkScreen => return. sourceIntent is null or not support SplitWindow component: ComponentInfo{co..../co.....MainActivity}
12-12 15:49:04.374  1213  1601 V SplitWindowPolicyService: requestUpdateStackInfo
12-12 15:49:04.374   962  1242 D ActivityManager: resumeTopActivityLocked: Top activity resumed ActivityRecord{428f0180 u0 com.example.snoopy/.CameraInputFrames t4}
12-12 15:49:04.414 12933 12933 D dalvikvm: Trying to load lib /data/app-lib/com.google.android.gms-2/libgmscore.so 0x41ff4470
12-12 15:49:04.414 12933 12933 D dalvikvm: Shared lib '/data/app-lib/com.google.android.gms-2/libgmscore.so' already loaded in same CL 0x41ff4470
12-12 15:49:04.414 12933 12933 D dalvikvm: Trying to load lib /data/app-lib/com.google.android.gms-2/libconscrypt_gmscore_jni.so 0x41ff4470
12-12 15:49:04.414 12933 12933 D dalvikvm: Shared lib '/data/app-lib/com.google.android.gms-2/libconscrypt_gmscore_jni.so' already loaded in same CL 0x41ff4470
12-12 15:49:04.424 12180 12180 I ViewRootImpl: ViewRoot's Touch Event : ACTION_DOWN
12-12 15:49:04.434 12180 12180 I ViewRootImpl: ViewRoot's Touch Event : ACTION_UP
12-12 15:49:04.484 12180 12180 I ViewRootImpl: ViewRoot's Touch Event : ACTION_DOWN
12-12 15:49:04.494 12933 12933 I ProviderInstaller: Installed default security provider GmsCore_OpenSSL
12-12 15:49:04.494 12180 12180 I ViewRootImpl: ViewRoot's Touch Event : ACTION_UP
12-12 15:49:04.504 12933 12933 I dalvikvm: Could not find method android.app.AppOpsManager.permissionToOp, referenced from method pq.a
12-12 15:49:04.504 12933 12933 W dalvikvm: VFY: unable to resolve static method 1450: Landroid/app/AppOpsManager;.permissionToOp (Ljava/lang/String;)Ljava/lang/String;
12-12 15:49:04.504 12933 12933 D dalvikvm: VFY: replacing opcode 0x71 at 0x000f
12-12 15:49:04.504 12933 12933 I dalvikvm: Could not find method android.content.Context.getSystemService, referenced from method pq.a
12-12 15:49:04.504 12933 12933 W dalvikvm: VFY: unable to resolve virtual method 1684: Landroid/content/Context;.getSystemService (Ljava/lang/Class;)Ljava/lang/Object;
12-12 15:49:04.504 12933 12933 D dalvikvm: VFY: replacing opcode 0x6e at 0x0030
12-12 15:49:04.544 12180 12180 I ViewRootImpl: ViewRoot's Touch Event : ACTION_DOWN
12-12 15:49:04.544   962  1151 D PowerManagerService: updateUserActivitySummaryLocked: mWakefulness=Awake, mUserActivitySummary=0x1, nextTimeout=2996084 (in 892999 ms)
12-12 15:49:04.544 12180 12180 I ViewRootImpl: ViewRoot's Touch Event : ACTION_UP
12-12 15:49:04.554 12933 12933 I dalvikvm: Could not find method android.content.ContextWrapper.createCredentialProtectedStorageContext, referenced from method jia.createCredentialProtectedStorageContext
12-12 15:49:04.554 12933 12933 W dalvikvm: VFY: unable to resolve virtual method 1708: Landroid/content/ContextWrapper;.createCredentialProtectedStorageContext ()Landroid/content/Context;
12-12 15:49:04.554 12933 12933 D dalvikvm: VFY: replacing opcode 0x6f at 0x0002
12-12 15:49:04.554 12933 12933 I dalvikvm: Could not find method android.content.ContextWrapper.createDeviceProtectedStorageContext, referenced from method jia.createDeviceProtectedStorageContext
12-12 15:49:04.554 12933 12933 W dalvikvm: VFY: unable to resolve virtual method 1709: Landroid/content/ContextWrapper;.createDeviceProtectedStorageContext ()Landroid/content/Context;
12-12 15:49:04.554 12933 12933 D dalvikvm: VFY: replacing opcode 0x6f at 0x0002
12-12 15:49:04.604 12180 12180 I ViewRootImpl: ViewRoot's Touch Event : ACTION_DOWN
12-12 15:49:04.604 12180 12180 I ViewRootImpl: ViewRoot's Touch Event : ACTION_UP
12-12 15:49:04.654 12180 12180 I ViewRootImpl: ViewRoot's Touch Event : ACTION_DOWN
12-12 15:49:04.664 12180 12180 I ViewRootImpl: ViewRoot's Touch Event : ACTION_UP
12-12 15:49:04.714 12180 12180 I ViewRootImpl: ViewRoot's Touch Event : ACTION_DOWN
12-12 15:49:04.714 12180 12180 I ViewRootImpl: ViewRoot's Touch Event : ACTION_UP
12-12 15:49:04.764 12158 12158 I ActivityManager: Timeline: Activity_launch_request id:com.example.snoopy time:2103303
12-12 15:49:04.764   962  1545 I ActivityManager: START u0 {act=android.intent.action.MAIN cat=[android.intent.category.LAUNCHER] flg=0x10200000 cmp=com.example.snoopy/.CameraInputFrames} from pid 12158
12-12 15:49:04.794  1213  1600 D dalvikvm: GC_EXPLICIT freed 14K, 67% free 3865K/11632K, paused 2ms+2ms, total 23ms
12-12 15:49:04.794   962  1545 I ActivityManager: ActivityRecord{4229ed08 u0 com.example.snoopy/.CameraInputFrames t-1} Support Split:false Is ScreenFull:true
12-12 15:49:04.824  1213  1601 D dalvikvm: GC_EXPLICIT freed 13K, 67% free 3864K/11632K, paused 2ms+2ms, total 23ms
12-12 15:49:04.824  1213  1601 V SplitWindowPolicyService: checkScreen => return. sourceIntent is null or not support SplitWindow component: ComponentInfo{co..../co.....CameraInputFrames}
12-12 15:49:04.824  1213  1232 V SplitWindowPolicyService: requestUpdateStackInfo
12-12 15:49:04.824   962  1545 D ActivityManager: resumeTopActivityLocked: Top activity resumed ActivityRecord{428f0180 u0 com.example.snoopy/.CameraInputFrames t4}
12-12 15:49:04.864   306   385 I Vold    : [LGE][VOLD][NetlinkHandler.cpp][onEvent()] subsys:cpu, action:0
12-12 15:49:04.874   962  1144 D qcom_sensors_hal: hal_time_data_cb: msg_type 2
12-12 15:49:04.874   962  1144 D qcom_sensors_hal: hal_time_data_cb: Sn 24, msg Id 3, txn Id 0
12-12 15:49:04.874   962  1144 D qcom_sensors_hal: hal_ts_offset_is: Apps: 1513111744888360848; DSPS: 69035914; Offset: 1513109638079461923
12-12 15:49:04.874 12180 12180 I ViewRootImpl: ViewRoot's Touch Event : ACTION_DOWN
12-12 15:49:04.884 12180 12180 I ViewRootImpl: ViewRoot's Touch Event : ACTION_UP
12-12 15:49:04.934 12180 12180 I ViewRootImpl: ViewRoot's Touch Event : ACTION_DOWN
12-12 15:49:04.934 12180 12180 I ViewRootImpl: ViewRoot's Touch Event : ACTION_UP
12-12 15:49:04.994 12180 12180 I ViewRootImpl: ViewRoot's Touch Event : ACTION_DOWN
12-12 15:49:04.994 12180 12180 I ViewRootImpl: ViewRoot's Touch Event : ACTION_UP
12-12 15:49:05.054 12180 12180 I ViewRootImpl: ViewRoot's Touch Event : ACTION_DOWN
12-12 15:49:05.054 12180 12180 I ViewRootImpl: ViewRoot's Touch Event : ACTION_UP
