12-12 15:49:10.344   962  1331 W InputManager: Input event injection from pid 12158 failed.
12-12 15:49:10.344   962  1537 W InputManager: Input event injection from pid 12158 failed.
12-12 15:49:10.344   962  1559 W InputManager: Input event injection from pid 12158 failed.
12-12 15:49:10.354   962  1151 I InputDispatcher: Dropped event because input dispatch is disabled.
12-12 15:49:10.354   962  1539 W InputManager: Input event injection from pid 12158 failed.
12-12 15:49:10.374 10629 10629 D dalvikvm: GC_EXPLICIT freed 197K, 33% free 7827K/11636K, paused 4ms+5ms, total 66ms
12-12 15:49:10.404 12158 12158 I ActivityManager: Timeline: Activity_launch_request id:com.example.snoopy time:2108941
12-12 15:49:10.404   962  1537 I ActivityManager: START u0 {act=android.intent.action.MAIN cat=[android.intent.category.LAUNCHER] flg=0x10200000 cmp=com.example.snoopy/.CameraInputFrames} from pid 12158
12-12 15:49:10.424  1213  1232 D dalvikvm: GC_EXPLICIT freed 20K, 67% free 3866K/11632K, paused 1ms+2ms, total 22ms
12-12 15:49:10.434   962  1537 I ActivityManager: ActivityRecord{4286bb98 u0 com.example.snoopy/.CameraInputFrames t-1} Support Split:false Is ScreenFull:true
12-12 15:49:10.454  1213  1601 D dalvikvm: GC_EXPLICIT freed 14K, 67% free 3865K/11632K, paused 2ms+2ms, total 23ms
12-12 15:49:10.454  1213  1601 V SplitWindowPolicyService: checkScreen => return. sourceIntent is null or not support SplitWindow component: ComponentInfo{co..../co.....CameraInputFrames}
12-12 15:49:10.454   962  1537 V ActivityManager: Moving to RESUMED: ActivityRecord{428f0180 u0 com.example.snoopy/.CameraInputFrames t4} (in existing)
12-12 15:49:10.454   962  1537 V ActivityManager: Moving to PAUSING: ActivityRecord{428f0180 u0 com.example.snoopy/.CameraInputFrames t4}
12-12 15:49:10.464  1213  1600 D SplitWindowPolicyService: updateActivityStateChanged: resumed=false pkgName=co.....CameraInputFrames, screenId=3, isScreenFull=true, isMinimized=false, topRunningActivity=ActivityInfo{4205ffb8 co.....CameraInputFrames}, taskId=4, activityType=0
12-12 15:49:10.464  1213  1224 D SplitWindowPolicyService: updateActivityStateChanged: resumed=true pkgName=co.....CameraInputFrames, screenId=3, isScreenFull=true, isMinimized=false, topRunningActivity=ActivityInfo{4204aa08 co.....CameraInputFrames}, taskId=4, activityType=0
12-12 15:49:10.464  1213  1232 V SplitWindowPolicyService: requestUpdateStackInfo
12-12 15:49:10.464   962  1537 D ActivityManager: resumeTopActivityLocked: Resumed ActivityRecord{428f0180 u0 com.example.snoopy/.CameraInputFrames t4}
12-12 15:49:10.464   962  1537 D ActivityManager: allPausedActivitiesComplete: r=ActivityRecord{428f0180 u0 com.example.snoopy/.CameraInputFrames t4} state=PAUSING
12-12 15:49:10.474   962  1558 V ActivityManager: Moving to PAUSED: ActivityRecord{428f0180 u0 com.example.snoopy/.CameraInputFrames t4} (pause complete)
12-12 15:49:10.474   962  1021 V ActivityManager: Moving to STOPPING: ActivityRecord{428f0180 u0 com.example.snoopy/.CameraInputFrames t4} (stop requested)
12-12 15:49:10.494 12180 12180 I ActivityManager: Timeline: Activity_idle id: android.os.BinderProxy@41ff7328 time:2109032
12-12 15:49:10.494  1213  1323 D dalvikvm: GC_EXPLICIT freed 19K, 67% free 3869K/11632K, paused 2ms+2ms, total 26ms
12-12 15:49:10.494  1213  1323 V SplitWindowPolicyService: updateScreenStateAndRunningActivity: screenId=3, isFull=true, isMinimized=false, topRunningActivity=ActivityInfo{4204aa08 co.....CameraInputFrames}, uid=11598
12-12 15:49:10.494   962  1545 V ActivityManager: Moving to STOPPED: ActivityRecord{428f0180 u0 com.example.snoopy/.CameraInputFrames t4} (stop complete)
12-12 15:49:10.514   962  1151 I InputDispatcher: Dropped event because input dispatch is disabled.
12-12 15:49:10.514   962  1151 I InputDispatcher: Dropped event because input dispatch is disabled.
12-12 15:49:10.514   962  1194 W InputManager: Input event injection from pid 12158 failed.
12-12 15:49:10.514   962  1559 W InputManager: Input event injection from pid 12158 failed.
12-12 15:49:10.524   327   420 I ThermalEngine: Sensor:pa_therm1:28000 mC
12-12 15:49:10.564 10611 10684 D dalvikvm: GC_EXPLICIT freed 132K, 64% free 4280K/11632K, paused 2ms+3ms, total 30ms
12-12 15:49:10.564   962  1151 I InputDispatcher: Dropped event because input dispatch is disabled.
12-12 15:49:10.564   962  1151 I InputDispatcher: Dropped event because input dispatch is disabled.
12-12 15:49:10.564   962  1375 W InputManager: Input event injection from pid 12158 failed.
12-12 15:49:10.564   962  3338 W InputManager: Input event injection from pid 12158 failed.
12-12 15:49:10.594   306   385 I Vold    : [LGE][VOLD][NetlinkHandler.cpp][onEvent()] subsys:cpu, action:0
12-12 15:49:10.614   962  1151 I InputDispatcher: Dropped event because input dispatch is disabled.
12-12 15:49:10.614   962  1545 W InputManager: Input event injection from pid 12158 failed.
12-12 15:49:10.624   962  1151 I InputDispatcher: Dropped event because input dispatch is disabled.
12-12 15:49:10.624   962  5456 W InputManager: Input event injection from pid 12158 failed.
12-12 15:49:10.654 10629 10629 I CastSocket: 19 >= 18. Adding new CastClientAuthKeyManager.
12-12 15:49:10.664   962  1561 D WifiService: startScan pid=10629, uid=10010, packageName=com.google.uid.shared:10010
12-12 15:49:10.674   962  1177 D WifiStateMachine: handleMessage: E msg.what=131143
12-12 15:49:10.674   962  1177 D WifiStateMachine: processMsg: ConnectedState
12-12 15:49:10.674   962  1177 D WifiStateMachine: processMsg: L2ConnectedState
12-12 15:49:10.674   962  1177 D WifiNative-wlan0: doBoolean: SCAN TYPE=ONLY
12-12 15:49:10.674 10343 10343 D wpa_supplicant: wlan0: Control interface command 'SCAN TYPE=ONLY'
12-12 15:49:10.674   962  1151 I InputDispatcher: Dropped event because input dispatch is disabled.
12-12 15:49:10.674 10343 10343 D wpa_supplicant: wlan0: Setting scan request: 0 sec 0 usec
12-12 15:49:10.674   962  1151 I InputDispatcher: Dropped event because input dispatch is disabled.
12-12 15:49:10.674   962  1177 D WifiNative-wlan0:    returned true
12-12 15:49:10.674   962  1177 D WifiStateMachine: handleMessage: X
12-12 15:49:10.674 10343 10343 D wpa_supplicant: wlan0: Starting AP scan for wildcard SSID
12-12 15:49:10.674 10343 10343 D wpa_supplicant: wlan0: nl80211: scan request
12-12 15:49:10.674 10343 10343 D wpa_supplicant: nl80211: Scan SSID - hexdump(len=0): [NULL]
12-12 15:49:10.674   962  1151 I InputDispatcher: Dropped event because input dispatch is disabled.
12-12 15:49:10.674 10343 10343 D wpa_supplicant: Scan requested (ret=0) - scan timeout 30 seconds
12-12 15:49:10.674 10343 10343 D wpa_supplicant: nl80211: Event message available
12-12 15:49:10.674 10343 10343 D wpa_supplicant: nl80211: Drv Event 33 (NL80211_CMD_TRIGGER_SCAN) received for wlan0
12-12 15:49:10.674 10343 10343 D wpa_supplicant: wlan0: nl80211: Scan trigger
12-12 15:49:10.674   962  1151 I InputDispatcher: Dropped event because input dispatch is disabled.
12-12 15:49:10.674   962  1151 I InputDispatcher: Dropped event because input dispatch is disabled.
12-12 15:49:10.674   962  1151 I InputDispatcher: Dropped event because input dispatch is disabled.
12-12 15:49:10.674   962  1151 I InputDispatcher: Dropped event because input dispatch is disabled.
12-12 15:49:10.674 10629 10629 I dalvikvm: Could not find method android.os.PowerManager.isInteractive, referenced from method hxd.a
12-12 15:49:10.674 10629 10629 W dalvikvm: VFY: unable to resolve virtual method 4964: Landroid/os/PowerManager;.isInteractive ()Z
12-12 15:49:10.674 10629 10629 D dalvikvm: VFY: replacing opcode 0x6e at 0x0017
12-12 15:49:10.674   962  1151 I InputDispatcher: Dropped event because input dispatch is disabled.
12-12 15:49:10.674   962  3337 W InputManager: Input event injection from pid 12158 failed.
12-12 15:49:10.674   962  1375 W InputManager: Input event injection from pid 12158 failed.
12-12 15:49:10.674   962  1331 W InputManager: Input event injection from pid 12158 failed.
12-12 15:49:10.674   962  1560 W InputManager: Input event injection from pid 12158 failed.
12-12 15:49:10.674   962  3338 W InputManager: Input event injection from pid 12158 failed.
12-12 15:49:10.674   962  1558 W InputManager: Input event injection from pid 12158 failed.
12-12 15:49:10.674   962  1558 W InputManager: Input event injection from pid 12158 failed.
12-12 15:49:10.674   962  1545 W InputManager: Input event injection from pid 12158 failed.
12-12 15:49:10.684   962  1151 I InputDispatcher: Dropped event because input dispatch is disabled.
12-12 15:49:10.684 10629 10629 I DiscoveryManager: WifiGuestModeDeviceScanner enabled.
12-12 15:49:10.684   962  5456 W InputManager: Input event injection from pid 12158 failed.
12-12 15:49:10.714 10629 10629 I MediaRouter: Found default route: MediaRouter.RouteInfo{ uniqueId=android/ady:DEFAULT_ROUTE, name=Tablet, description=null, iconUri=null, enabled=true, connecting=false, connectionState=0, canDisconnect=false, playbackType=0, playbackStream=3, deviceType=0, volumeHandling=1, volume=0, volumeMax=15, presentationDisplayId=-1, extras=null, settingsIntent=null, providerPackageName=android }
12-12 15:49:10.714 10629 10629 I MediaRouter: Unselecting the current route because it is no longer selectable: null
12-12 15:49:10.734   962  1151 I InputDispatcher: Dropped event because input dispatch is disabled.
12-12 15:49:10.734   962  1151 I InputDispatcher: Dropped event because input dispatch is disabled.
12-12 15:49:10.734   962  1537 W InputManager: Input event injection from pid 12158 failed.
12-12 15:49:10.734   962  1539 W InputManager: Input event injection from pid 12158 failed.
12-12 15:49:10.784   962  1151 I InputDispatcher: Dropped event because input dispatch is disabled.
12-12 15:49:10.784   962  1151 I InputDispatcher: Dropped event because input dispatch is disabled.
12-12 15:49:10.784   962  1151 I InputDispatcher: Dropped event because input dispatch is disabled.
12-12 15:49:10.784   962  1151 I InputDispatcher: Dropped event because input dispatch is disabled.
12-12 15:49:10.784   962  1151 I InputDispatcher: Dropped event because input dispatch is disabled.
12-12 15:49:10.784   962  1151 I InputDispatcher: Dropped event because input dispatch is disabled.
12-12 15:49:10.784   962  1151 I InputDispatcher: Dropped event because input dispatch is disabled.
12-12 15:49:10.784   962  1151 I InputDispatcher: Dropped event because input dispatch is disabled.
12-12 15:49:10.784   962  3338 W InputManager: Input event injection from pid 12158 failed.
12-12 15:49:10.784   962  1331 W InputManager: Input event injection from pid 12158 failed.
12-12 15:49:10.784   962  5456 W InputManager: Input event injection from pid 12158 failed.
12-12 15:49:10.784   962  5456 W InputManager: Input event injection from pid 12158 failed.
12-12 15:49:10.784   962  1375 W InputManager: Input event injection from pid 12158 failed.
12-12 15:49:10.784   962  1560 W InputManager: Input event injection from pid 12158 failed.
12-12 15:49:10.784   962  3337 W InputManager: Input event injection from pid 12158 failed.
12-12 15:49:10.794   962  1558 W InputManager: Input event injection from pid 12158 failed.
12-12 15:49:10.844   962  1151 I InputDispatcher: Dropped event because input dispatch is disabled.
12-12 15:49:10.844   962  1151 I InputDispatcher: Dropped event because input dispatch is disabled.
12-12 15:49:10.844   962  1545 W InputManager: Input event injection from pid 12158 failed.
12-12 15:49:10.844   962  1561 W InputManager: Input event injection from pid 12158 failed.
12-12 15:49:10.894   962  1151 I InputDispatcher: Dropped event because input dispatch is disabled.
12-12 15:49:10.894   962   974 W InputManager: Input event injection from pid 12158 failed.
12-12 15:49:10.914   962  1151 I InputDispatcher: Dropped event because input dispatch is disabled.
12-12 15:49:10.914   962  1375 W InputManager: Input event injection from pid 12158 failed.
12-12 15:49:10.964   962  1151 I InputDispatcher: Dropped event because input dispatch is disabled.
12-12 15:49:10.964   962  1151 I InputDispatcher: Dropped event because input dispatch is disabled.
12-12 15:49:10.964   962  1151 I InputDispatcher: Dropped event because input dispatch is disabled.
12-12 15:49:10.964   962  1151 I InputDispatcher: Dropped event because input dispatch is disabled.
12-12 15:49:10.964   962  1560 W InputManager: Input event injection from pid 12158 failed.
12-12 15:49:10.964   962  3337 W InputManager: Input event injection from pid 12158 failed.
12-12 15:49:10.964   962  1558 W InputManager: Input event injection from pid 12158 failed.
12-12 15:49:10.964   962  3338 W InputManager: Input event injection from pid 12158 failed.
12-12 15:49:11.014   962  1151 I InputDispatcher: Dropped event because input dispatch is disabled.
12-12 15:49:11.014   962  1151 I InputDispatcher: Dropped event because input dispatch is disabled.
12-12 15:49:11.014   962  1151 I InputDispatcher: Dropped event because input dispatch is disabled.
12-12 15:49:11.014   962  1545 W InputManager: Input event injection from pid 12158 failed.
12-12 15:49:11.014   962  1561 W InputManager: Input event injection from pid 12158 failed.
12-12 15:49:11.014   962  1559 W InputManager: Input event injection from pid 12158 failed.
12-12 15:49:11.074   962  1151 I InputDispatcher: Dropped event because input dispatch is disabled.
12-12 15:49:11.074   962  1151 I InputDispatcher: Dropped event because input dispatch is disabled.
12-12 15:49:11.074   962  1375 W InputManager: Input event injection from pid 12158 failed.
12-12 15:49:11.074   962  1539 W InputManager: Input event injection from pid 12158 failed.
12-12 15:49:11.124   962  1151 I InputDispatcher: Dropped event because input dispatch is disabled.
12-12 15:49:11.124   962  1151 I InputDispatcher: Dropped event because input dispatch is disabled.
12-12 15:49:11.124   962  1560 W InputManager: Input event injection from pid 12158 failed.
12-12 15:49:11.124   962  3337 W InputManager: Input event injection from pid 12158 failed.
12-12 15:49:11.174   962  1151 I InputDispatcher: Dropped event because input dispatch is disabled.
12-12 15:49:11.174   962  1151 I InputDispatcher: Dropped event because input dispatch is disabled.
12-12 15:49:11.174   962  1151 I InputDispatcher: Dropped event because input dispatch is disabled.
12-12 15:49:11.174   962  1151 I InputDispatcher: Dropped event because input dispatch is disabled.
12-12 15:49:11.174   962  1151 I InputDispatcher: Dropped event because input dispatch is disabled.
12-12 15:49:11.174   962  1151 I InputDispatcher: Dropped event because input dispatch is disabled.
12-12 15:49:11.174   962  1151 I InputDispatcher: Dropped event because input dispatch is disabled.
12-12 15:49:11.174   962  1151 I InputDispatcher: Dropped event because input dispatch is disabled.
12-12 15:49:11.174   962  1242 W InputManager: Input event injection from pid 12158 failed.
12-12 15:49:11.174   962  1194 W InputManager: Input event injection from pid 12158 failed.
12-12 15:49:11.174   962  1331 W InputManager: Input event injection from pid 12158 failed.
12-12 15:49:11.174   962  1545 W InputManager: Input event injection from pid 12158 failed.
12-12 15:49:11.174   962  1561 W InputManager: Input event injection from pid 12158 failed.
12-12 15:49:11.174   962  1559 W InputManager: Input event injection from pid 12158 failed.
12-12 15:49:11.174   962  1537 W InputManager: Input event injection from pid 12158 failed.
12-12 15:49:11.174   962   974 W InputManager: Input event injection from pid 12158 failed.
12-12 15:49:11.184   962  1151 I InputDispatcher: Dropped event because input dispatch is disabled.
12-12 15:49:11.184   962  1151 I InputDispatcher: Dropped event because input dispatch is disabled.
12-12 15:49:11.184   962  1151 I InputDispatcher: Dropped event because input dispatch is disabled.
12-12 15:49:11.184   962  1375 W InputManager: Input event injection from pid 12158 failed.
12-12 15:49:11.184   962  1539 W InputManager: Input event injection from pid 12158 failed.
12-12 15:49:11.184   962   973 W InputManager: Input event injection from pid 12158 failed.
12-12 15:49:11.204   306   385 I Vold    : [LGE][VOLD][NetlinkHandler.cpp][onEvent()] subsys:cpu, action:0
12-12 15:49:11.234   962  1151 I InputDispatcher: Dropped event because input dispatch is disabled.
12-12 15:49:11.234   962  1151 I InputDispatcher: Dropped event because input dispatch is disabled.
12-12 15:49:11.234   962  1151 I InputDispatcher: Dropped event because input dispatch is disabled.
12-12 15:49:11.234   962  1151 I InputDispatcher: Dropped event because input dispatch is disabled.
12-12 15:49:11.234   962  1151 I InputDispatcher: Dropped event because input dispatch is disabled.
12-12 15:49:11.234   962  1151 I InputDispatcher: Dropped event because input dispatch is disabled.
12-12 15:49:11.234   962  3337 W InputManager: Input event injection from pid 12158 failed.
12-12 15:49:11.234   962  1558 W InputManager: Input event injection from pid 12158 failed.
12-12 15:49:11.234   962  3338 W InputManager: Input event injection from pid 12158 failed.
12-12 15:49:11.234   962  1242 W InputManager: Input event injection from pid 12158 failed.
12-12 15:49:11.234   962  1194 W InputManager: Input event injection from pid 12158 failed.
12-12 15:49:11.234   962  1331 W InputManager: Input event injection from pid 12158 failed.
12-12 15:49:11.284   962  1151 I InputDispatcher: Dropped event because input dispatch is disabled.
12-12 15:49:11.284   962  1151 I InputDispatcher: Dropped event because input dispatch is disabled.
12-12 15:49:11.284   962  1559 W InputManager: Input event injection from pid 12158 failed.
12-12 15:49:11.284   962  1537 W InputManager: Input event injection from pid 12158 failed.
12-12 15:49:11.294   962  1151 I InputDispatcher: Dropped event because input dispatch is disabled.
12-12 15:49:11.294   962  1151 I InputDispatcher: Dropped event because input dispatch is disabled.
12-12 15:49:11.294   962  1151 I InputDispatcher: Dropped event because input dispatch is disabled.
12-12 15:49:11.294   962  1537 W InputManager: Input event injection from pid 12158 failed.
12-12 15:49:11.294   962  1539 W InputManager: Input event injection from pid 12158 failed.
12-12 15:49:11.294   962   973 W InputManager: Input event injection from pid 12158 failed.
12-12 15:49:11.344   962  1151 I InputDispatcher: Dropped event because input dispatch is disabled.
12-12 15:49:11.344   962  1151 I InputDispatcher: Dropped event because input dispatch is disabled.
12-12 15:49:11.344   962  1331 W InputManager: Input event injection from pid 12158 failed.
12-12 15:49:11.344   962  1242 W InputManager: Input event injection from pid 12158 failed.
12-12 15:49:11.354   306   385 I Vold    : [LGE][VOLD][NetlinkHandler.cpp][onEvent()] subsys:cpu, action:0
12-12 15:49:11.394   962  1151 I InputDispatcher: Dropped event because input dispatch is disabled.
12-12 15:49:11.394   962  1151 I InputDispatcher: Dropped event because input dispatch is disabled.
12-12 15:49:11.394   962  1151 I InputDispatcher: Dropped event because input dispatch is disabled.
12-12 15:49:11.394   962  1151 I InputDispatcher: Dropped event because input dispatch is disabled.
12-12 15:49:11.394   962  1151 I InputDispatcher: Dropped event because input dispatch is disabled.
12-12 15:49:11.394   962  1561 W InputManager: Input event injection from pid 12158 failed.
12-12 15:49:11.394   962  1559 W InputManager: Input event injection from pid 12158 failed.
12-12 15:49:11.394   962   974 W InputManager: Input event injection from pid 12158 failed.
12-12 15:49:11.394   962  1375 W InputManager: Input event injection from pid 12158 failed.
12-12 15:49:11.394   962  1539 W InputManager: Input event injection from pid 12158 failed.
12-12 15:49:11.404   962  1151 I InputDispatcher: Dropped event because input dispatch is disabled.
12-12 15:49:11.404   962  1537 W InputManager: Input event injection from pid 12158 failed.
12-12 15:49:11.454   962  1151 I InputDispatcher: Dropped event because input dispatch is disabled.
12-12 15:49:11.454   962  1151 I InputDispatcher: Dropped event because input dispatch is disabled.
12-12 15:49:11.454   962  1151 I InputDispatcher: Dropped event because input dispatch is disabled.
12-12 15:49:11.454   962  1151 I InputDispatcher: Dropped event because input dispatch is disabled.
12-12 15:49:11.454   962  1151 I InputDispatcher: Dropped event because input dispatch is disabled.
12-12 15:49:11.454   962  1151 I InputDispatcher: Dropped event because input dispatch is disabled.
12-12 15:49:11.454   962  1151 I InputDispatcher: Dropped event because input dispatch is disabled.
12-12 15:49:11.454   962  1151 I InputDispatcher: Dropped event because input dispatch is disabled.
12-12 15:49:11.454   962  1151 I InputDispatcher: Dropped event because input dispatch is disabled.
12-12 15:49:11.454   962  1151 I InputDispatcher: Dropped event because input dispatch is disabled.
12-12 15:49:11.454   962  1151 I InputDispatcher: Dropped event because input dispatch is disabled.
12-12 15:49:11.454   962  1560 W InputManager: Input event injection from pid 12158 failed.
12-12 15:49:11.454   962  1242 W InputManager: Input event injection from pid 12158 failed.
12-12 15:49:11.454   962  1331 W InputManager: Input event injection from pid 12158 failed.
12-12 15:49:11.454   962  1558 W InputManager: Input event injection from pid 12158 failed.
12-12 15:49:11.454   962  1194 W InputManager: Input event injection from pid 12158 failed.
12-12 15:49:11.454   962  3338 W InputManager: Input event injection from pid 12158 failed.
12-12 15:49:11.454   962  3337 W InputManager: Input event injection from pid 12158 failed.
12-12 15:49:11.454   962  1545 W InputManager: Input event injection from pid 12158 failed.
12-12 15:49:11.454   962  1561 W InputManager: Input event injection from pid 12158 failed.
12-12 15:49:11.454   962  1559 W InputManager: Input event injection from pid 12158 failed.
12-12 15:49:11.454   962   974 W InputManager: Input event injection from pid 12158 failed.
12-12 15:49:11.514   962  1151 I InputDispatcher: Dropped event because input dispatch is disabled.
12-12 15:49:11.514   962  1151 I InputDispatcher: Dropped event because input dispatch is disabled.
12-12 15:49:11.514   962  1151 I InputDispatcher: Dropped event because input dispatch is disabled.
12-12 15:49:11.514   962  1151 I InputDispatcher: Dropped event because input dispatch is disabled.
12-12 15:49:11.514   962  1151 I InputDispatcher: Dropped event because input dispatch is disabled.
12-12 15:49:11.514   962  1151 I InputDispatcher: Dropped event because input dispatch is disabled.
12-12 15:49:11.514   962  1151 I InputDispatcher: Dropped event because input dispatch is disabled.
12-12 15:49:11.514   962  1537 W InputManager: Input event injection from pid 12158 failed.
12-12 15:49:11.514   962   973 W InputManager: Input event injection from pid 12158 failed.
12-12 15:49:11.514   962  5456 W InputManager: Input event injection from pid 12158 failed.
12-12 15:49:11.514   962  1560 W InputManager: Input event injection from pid 12158 failed.
12-12 15:49:11.514   962  1242 W InputManager: Input event injection from pid 12158 failed.
12-12 15:49:11.514   962  1331 W InputManager: Input event injection from pid 12158 failed.
12-12 15:49:11.514   962  1194 W InputManager: Input event injection from pid 12158 failed.
12-12 15:49:11.564   962  1151 I InputDispatcher: Dropped event because input dispatch is disabled.
12-12 15:49:11.564   962  1151 I InputDispatcher: Dropped event because input dispatch is disabled.
12-12 15:49:11.564   962  1151 I InputDispatcher: Dropped event because input dispatch is disabled.
12-12 15:49:11.564   962  3338 W InputManager: Input event injection from pid 12158 failed.
12-12 15:49:11.564   962  1559 W InputManager: Input event injection from pid 12158 failed.
12-12 15:49:11.564   962  1561 W InputManager: Input event injection from pid 12158 failed.
12-12 15:49:11.594   962  1177 D WifiStateMachine: handleMessage: E msg.what=131155
12-12 15:49:11.594   962  1177 D WifiStateMachine: processMsg: ConnectedState
12-12 15:49:11.594   962  1177 D WifiStateMachine: processMsg: L2ConnectedState
12-12 15:49:11.594   962  1177 D WifiStateMachine: handleMessage: X
12-12 15:49:11.604   962   974 I ActivityManager: Killing 12005:com.google.android.partnersetup/u0a13 (adj 15): empty #14
12-12 15:49:11.604  1515  1538 I com.skyfire.browser.toolbar.ProcessObserverService: On process died 12005,10013
12-12 15:49:11.604   962  1537 D ActivityManager: resumeTopActivityLocked: Going to sleep and all paused
12-12 15:49:11.614   962  1151 I InputDispatcher: Dropped event because input dispatch is disabled.
12-12 15:49:11.614   962   973 W InputManager: Input event injection from pid 12158 failed.
12-12 15:49:11.624   962  1151 I InputDispatcher: Dropped event because input dispatch is disabled.
12-12 15:49:11.624   962  1151 I InputDispatcher: Dropped event because input dispatch is disabled.
12-12 15:49:11.624   962  1151 I InputDispatcher: Dropped event because input dispatch is disabled.
12-12 15:49:11.624   962  1151 I InputDispatcher: Dropped event because input dispatch is disabled.
12-12 15:49:11.624   962  1151 I InputDispatcher: Dropped event because input dispatch is disabled.
12-12 15:49:11.624   962  1151 I InputDispatcher: Dropped event because input dispatch is disabled.
12-12 15:49:11.624   962  1151 I InputDispatcher: Dropped event because input dispatch is disabled.
12-12 15:49:11.624   962  3337 W InputManager: Input event injection from pid 12158 failed.
12-12 15:49:11.624   962  1545 W InputManager: Input event injection from pid 12158 failed.
12-12 15:49:11.624   962  3338 W InputManager: Input event injection from pid 12158 failed.
12-12 15:49:11.624   962  1559 W InputManager: Input event injection from pid 12158 failed.
12-12 15:49:11.624   962  1561 W InputManager: Input event injection from pid 12158 failed.
12-12 15:49:11.624   962  1558 W InputManager: Input event injection from pid 12158 failed.
12-12 15:49:11.624   962   974 W InputManager: Input event injection from pid 12158 failed.
12-12 15:49:11.674   962  1151 I InputDispatcher: Dropped event because input dispatch is disabled.
12-12 15:49:11.674   962  1151 I InputDispatcher: Dropped event because input dispatch is disabled.
12-12 15:49:11.674   962  1194 W InputManager: Input event injection from pid 12158 failed.
12-12 15:49:11.674   962  1539 W InputManager: Input event injection from pid 12158 failed.
12-12 15:49:11.724 12158 12158 I ActivityManager: Timeline: Activity_launch_request id:com.example.snoopy time:2110267
12-12 15:49:11.724   962  1375 I ActivityManager: START u0 {act=android.intent.action.MAIN cat=[android.intent.category.LAUNCHER] flg=0x10200000 cmp=com.example.snoopy/.MainActivity} from pid 12158
12-12 15:49:11.754  1213  1601 D dalvikvm: GC_EXPLICIT freed 18K, 67% free 3865K/11632K, paused 2ms+2ms, total 24ms
12-12 15:49:11.754   962  1375 I ActivityManager: ActivityRecord{4289dc38 u0 com.example.snoopy/.MainActivity t-1} Support Split:false Is ScreenFull:true
12-12 15:49:11.784  1213  1224 D dalvikvm: GC_EXPLICIT freed 13K, 67% free 3865K/11632K, paused 2ms+2ms, total 23ms
12-12 15:49:11.784  1213  1224 V SplitWindowPolicyService: checkScreen => return. sourceIntent is null or not support SplitWindow component: ComponentInfo{co..../co.....MainActivity}
12-12 15:49:11.784   962  1375 V ActivityManager: Moving to RESUMED: ActivityRecord{428f0180 u0 com.example.snoopy/.CameraInputFrames t4} (in existing)
12-12 15:49:11.784   962  1375 V ActivityManager: Moving to PAUSING: ActivityRecord{428f0180 u0 com.example.snoopy/.CameraInputFrames t4}
12-12 15:49:11.794  1213  1232 D SplitWindowPolicyService: updateActivityStateChanged: resumed=false pkgName=co.....CameraInputFrames, screenId=3, isScreenFull=true, isMinimized=false, topRunningActivity=ActivityInfo{42122be8 co.....CameraInputFrames}, taskId=4, activityType=0
12-12 15:49:11.794  1213  1600 D SplitWindowPolicyService: updateActivityStateChanged: resumed=true pkgName=co.....CameraInputFrames, screenId=3, isScreenFull=true, isMinimized=false, topRunningActivity=ActivityInfo{42100eb8 co.....CameraInputFrames}, taskId=4, activityType=0
12-12 15:49:11.794  1213  1601 V SplitWindowPolicyService: requestUpdateStackInfo
12-12 15:49:11.794   962  1375 D ActivityManager: resumeTopActivityLocked: Resumed ActivityRecord{428f0180 u0 com.example.snoopy/.CameraInputFrames t4}
12-12 15:49:11.794   962  1375 D ActivityManager: allPausedActivitiesComplete: r=ActivityRecord{428f0180 u0 com.example.snoopy/.CameraInputFrames t4} state=PAUSING
12-12 15:49:11.804   962  1558 V ActivityManager: Moving to PAUSED: ActivityRecord{428f0180 u0 com.example.snoopy/.CameraInputFrames t4} (pause complete)
12-12 15:49:11.804   962  1021 V ActivityManager: Moving to STOPPING: ActivityRecord{428f0180 u0 com.example.snoopy/.CameraInputFrames t4} (stop requested)
12-12 15:49:11.824  1213  1323 D dalvikvm: GC_EXPLICIT freed 19K, 67% free 3869K/11632K, paused 2ms+2ms, total 26ms
12-12 15:49:11.824 12180 12180 I ActivityManager: Timeline: Activity_idle id: android.os.BinderProxy@41ff7328 time:2110364
12-12 15:49:11.824  1213  1323 V SplitWindowPolicyService: updateScreenStateAndRunningActivity: screenId=3, isFull=true, isMinimized=false, topRunningActivity=ActivityInfo{42100eb8 co.....CameraInputFrames}, uid=11598
12-12 15:49:11.824   962  1561 V ActivityManager: Moving to STOPPED: ActivityRecord{428f0180 u0 com.example.snoopy/.CameraInputFrames t4} (stop complete)
12-12 15:49:11.844   962  1151 I InputDispatcher: Dropped event because input dispatch is disabled.
12-12 15:49:11.844   962  1151 I InputDispatcher: Dropped event because input dispatch is disabled.
12-12 15:49:11.844   962  1331 W InputManager: Input event injection from pid 12158 failed.
12-12 15:49:11.844   962  1194 W InputManager: Input event injection from pid 12158 failed.
12-12 15:49:11.894   962  1151 I InputDispatcher: Dropped event because input dispatch is disabled.
12-12 15:49:11.894   962  1151 I InputDispatcher: Dropped event because input dispatch is disabled.
12-12 15:49:11.894   962  5456 W InputManager: Input event injection from pid 12158 failed.
12-12 15:49:11.894   962  1375 W InputManager: Input event injection from pid 12158 failed.
12-12 15:49:11.944   962  1151 I InputDispatcher: Dropped event because input dispatch is disabled.
12-12 15:49:11.944   962  1545 W InputManager: Input event injection from pid 12158 failed.
12-12 15:49:11.954   962  1151 I InputDispatcher: Dropped event because input dispatch is disabled.
12-12 15:49:11.954   962  1151 I InputDispatcher: Dropped event because input dispatch is disabled.
12-12 15:49:11.954   962  1151 I InputDispatcher: Dropped event because input dispatch is disabled.
12-12 15:49:11.954   962  1151 I InputDispatcher: Dropped event because input dispatch is disabled.
12-12 15:49:11.954   962  1151 I InputDispatcher: Dropped event because input dispatch is disabled.
12-12 15:49:11.954   962  1151 I InputDispatcher: Dropped event because input dispatch is disabled.
12-12 15:49:11.954   962  1151 I InputDispatcher: Dropped event because input dispatch is disabled.
12-12 15:49:11.954   962  3337 W InputManager: Input event injection from pid 12158 failed.
12-12 15:49:11.954   962  3338 W InputManager: Input event injection from pid 12158 failed.
12-12 15:49:11.954   962  1558 W InputManager: Input event injection from pid 12158 failed.
12-12 15:49:11.954   962  1559 W InputManager: Input event injection from pid 12158 failed.
12-12 15:49:11.954   962  1561 W InputManager: Input event injection from pid 12158 failed.
12-12 15:49:11.954   962   974 W InputManager: Input event injection from pid 12158 failed.
12-12 15:49:11.954   962  1242 W InputManager: Input event injection from pid 12158 failed.
12-12 15:49:12.014 12158 12158 I ActivityManager: Timeline: Activity_launch_request id:com.example.snoopy time:2110545
12-12 15:49:12.014   962  1331 I ActivityManager: START u0 {act=android.intent.action.MAIN cat=[android.intent.category.LAUNCHER] flg=0x10200000 cmp=com.example.snoopy/.MainActivity} from pid 12158
12-12 15:49:12.034  1213  1224 D dalvikvm: GC_EXPLICIT freed 18K, 67% free 3865K/11632K, paused 2ms+2ms, total 23ms
12-12 15:49:12.034   962  1331 I ActivityManager: ActivityRecord{428ac818 u0 com.example.snoopy/.MainActivity t-1} Support Split:false Is ScreenFull:true
12-12 15:49:12.054   306   385 I Vold    : [LGE][VOLD][NetlinkHandler.cpp][onEvent()] subsys:cpu, action:0
12-12 15:49:12.064  1213  1232 D dalvikvm: GC_EXPLICIT freed 13K, 67% free 3865K/11632K, paused 2ms+2ms, total 25ms
12-12 15:49:12.064  1213  1232 V SplitWindowPolicyService: checkScreen => return. sourceIntent is null or not support SplitWindow component: ComponentInfo{co..../co.....MainActivity}
12-12 15:49:12.064  1213  1600 D SplitWindowPolicyService: updateActivityStateChanged: resumed=false pkgName=co.....CameraInputFrames, screenId=3, isScreenFull=true, isMinimized=false, topRunningActivity=ActivityInfo{42122be8 co.....CameraInputFrames}, taskId=4, activityType=0
12-12 15:49:12.064   962  1331 V ActivityManager: Moving to RESUMED: ActivityRecord{428f0180 u0 com.example.snoopy/.CameraInputFrames t4} (in existing)
12-12 15:49:12.064   962  1331 V ActivityManager: Moving to PAUSING: ActivityRecord{428f0180 u0 com.example.snoopy/.CameraInputFrames t4}
12-12 15:49:12.064   962  1331 D ActivityManager: resumeTopActivityLocked: Resumed ActivityRecord{428f0180 u0 com.example.snoopy/.CameraInputFrames t4}
12-12 15:49:12.074  1213  1224 D SplitWindowPolicyService: updateActivityStateChanged: resumed=true pkgName=co.....CameraInputFrames, screenId=3, isScreenFull=true, isMinimized=false, topRunningActivity=ActivityInfo{420f9280 co.....CameraInputFrames}, taskId=4, activityType=0
12-12 15:49:12.074  1213  1232 V SplitWindowPolicyService: requestUpdateStackInfo
12-12 15:49:12.074   962  1331 D ActivityManager: allPausedActivitiesComplete: r=ActivityRecord{428f0180 u0 com.example.snoopy/.CameraInputFrames t4} state=PAUSING
12-12 15:49:12.084   962  1545 V ActivityManager: Moving to PAUSED: ActivityRecord{428f0180 u0 com.example.snoopy/.CameraInputFrames t4} (pause complete)
12-12 15:49:12.084   962  1021 V ActivityManager: Moving to STOPPING: ActivityRecord{428f0180 u0 com.example.snoopy/.CameraInputFrames t4} (stop requested)
12-12 15:49:12.094 12180 12180 I ActivityManager: Timeline: Activity_idle id: android.os.BinderProxy@41ff7328 time:2110638
12-12 15:49:12.094   962  3337 V ActivityManager: Moving to STOPPED: ActivityRecord{428f0180 u0 com.example.snoopy/.CameraInputFrames t4} (stop complete)
12-12 15:49:12.104  1213  1323 D dalvikvm: GC_EXPLICIT freed 20K, 67% free 3868K/11632K, paused 1ms+2ms, total 29ms
12-12 15:49:12.104  1213  1323 V SplitWindowPolicyService: updateScreenStateAndRunningActivity: screenId=3, isFull=true, isMinimized=false, topRunningActivity=ActivityInfo{420f9280 co.....CameraInputFrames}, uid=11598
12-12 15:49:12.134   962  1151 I InputDispatcher: Dropped event because input dispatch is disabled.
12-12 15:49:12.134   962  1151 I InputDispatcher: Dropped event because input dispatch is disabled.
12-12 15:49:12.134   962  1561 W InputManager: Input event injection from pid 12158 failed.
12-12 15:49:12.134   962   974 W InputManager: Input event injection from pid 12158 failed.
12-12 15:49:12.184   962  1151 I InputDispatcher: Dropped event because input dispatch is disabled.
12-12 15:49:12.184   962  1151 I InputDispatcher: Dropped event because input dispatch is disabled.
12-12 15:49:12.184   962  1539 W InputManager: Input event injection from pid 12158 failed.
12-12 15:49:12.184   962  1537 W InputManager: Input event injection from pid 12158 failed.
12-12 15:49:12.224   962  1151 I InputDispatcher: Dropped event because input dispatch is disabled.
12-12 15:49:12.224   962  1375 W InputManager: Input event injection from pid 12158 failed.
12-12 15:49:12.234   962  1151 I InputDispatcher: Dropped event because input dispatch is disabled.
12-12 15:49:12.234   962  1151 I InputDispatcher: Dropped event because input dispatch is disabled.
12-12 15:49:12.234   962  1151 I InputDispatcher: Dropped event because input dispatch is disabled.
12-12 15:49:12.234   962  1151 I InputDispatcher: Dropped event because input dispatch is disabled.
12-12 15:49:12.234   962  1151 I InputDispatcher: Dropped event because input dispatch is disabled.
12-12 15:49:12.234   962  1151 I InputDispatcher: Dropped event because input dispatch is disabled.
12-12 15:49:12.234   962  1151 I InputDispatcher: Dropped event because input dispatch is disabled.
12-12 15:49:12.234   962  1151 I InputDispatcher: Dropped event because input dispatch is disabled.
12-12 15:49:12.234   962  1560 W InputManager: Input event injection from pid 12158 failed.
12-12 15:49:12.234   962   973 W InputManager: Input event injection from pid 12158 failed.
12-12 15:49:12.234   962  1545 W InputManager: Input event injection from pid 12158 failed.
12-12 15:49:12.234   962  3337 W InputManager: Input event injection from pid 12158 failed.
12-12 15:49:12.234   962  3338 W InputManager: Input event injection from pid 12158 failed.
12-12 15:49:12.234   962  1558 W InputManager: Input event injection from pid 12158 failed.
12-12 15:49:12.234   962  1559 W InputManager: Input event injection from pid 12158 failed.
12-12 15:49:12.234   962  1561 W InputManager: Input event injection from pid 12158 failed.
12-12 15:49:12.294   962  1151 I InputDispatcher: Dropped event because input dispatch is disabled.
12-12 15:49:12.294   962  1151 I InputDispatcher: Dropped event because input dispatch is disabled.
12-12 15:49:12.294   962  1151 I InputDispatcher: Dropped event because input dispatch is disabled.
12-12 15:49:12.294   962  1151 I InputDispatcher: Dropped event because input dispatch is disabled.
12-12 15:49:12.294   962  1151 I InputDispatcher: Dropped event because input dispatch is disabled.
12-12 15:49:12.294   962  1194 W InputManager: Input event injection from pid 12158 failed.
12-12 15:49:12.294   962  1539 W InputManager: Input event injection from pid 12158 failed.
12-12 15:49:12.294   962  1537 W InputManager: Input event injection from pid 12158 failed.
12-12 15:49:12.294   962  1331 W InputManager: Input event injection from pid 12158 failed.
12-12 15:49:12.294   962  5456 W InputManager: Input event injection from pid 12158 failed.
12-12 15:49:12.294   962  1151 I InputDispatcher: Dropped event because input dispatch is disabled.
12-12 15:49:12.294   962  1151 I InputDispatcher: Dropped event because input dispatch is disabled.
12-12 15:49:12.294   962  1151 I InputDispatcher: Dropped event because input dispatch is disabled.
12-12 15:49:12.294   962  1151 I InputDispatcher: Dropped event because input dispatch is disabled.
12-12 15:49:12.294   962  1151 I InputDispatcher: Dropped event because input dispatch is disabled.
12-12 15:49:12.294   962  1151 I InputDispatcher: Dropped event because input dispatch is disabled.
12-12 15:49:12.294   962  1375 W InputManager: Input event injection from pid 12158 failed.
12-12 15:49:12.294   962  1560 W InputManager: Input event injection from pid 12158 failed.
12-12 15:49:12.294   962   973 W InputManager: Input event injection from pid 12158 failed.
12-12 15:49:12.294   962  1545 W InputManager: Input event injection from pid 12158 failed.
12-12 15:49:12.294   962  3337 W InputManager: Input event injection from pid 12158 failed.
12-12 15:49:12.294   962  3338 W InputManager: Input event injection from pid 12158 failed.
12-12 15:49:12.354   962  1151 I InputDispatcher: Dropped event because input dispatch is disabled.
12-12 15:49:12.354   962  1151 I InputDispatcher: Dropped event because input dispatch is disabled.
12-12 15:49:12.354   962  1561 W InputManager: Input event injection from pid 12158 failed.
12-12 15:49:12.354   962  1242 W InputManager: Input event injection from pid 12158 failed.
12-12 15:49:12.394   962  1151 I InputDispatcher: Dropped event because input dispatch is disabled.
12-12 15:49:12.394   962  1151 I InputDispatcher: Dropped event because input dispatch is disabled.
12-12 15:49:12.394   962  5456 W InputManager: Input event injection from pid 12158 failed.
12-12 15:49:12.394   962  1560 W InputManager: Input event injection from pid 12158 failed.
12-12 15:49:12.454   962  1151 I InputDispatcher: Dropped event because input dispatch is disabled.
12-12 15:49:12.454   962  1151 I InputDispatcher: Dropped event because input dispatch is disabled.
12-12 15:49:12.454   962  1151 I InputDispatcher: Dropped event because input dispatch is disabled.
12-12 15:49:12.454   962  1151 I InputDispatcher: Dropped event because input dispatch is disabled.
12-12 15:49:12.454   962  1151 I InputDispatcher: Dropped event because input dispatch is disabled.
12-12 15:49:12.454   962  1151 I InputDispatcher: Dropped event because input dispatch is disabled.
12-12 15:49:12.454   962  1151 I InputDispatcher: Dropped event because input dispatch is disabled.
12-12 15:49:12.454   962  1151 I InputDispatcher: Dropped event because input dispatch is disabled.
12-12 15:49:12.454   962  1151 I InputDispatcher: Dropped event because input dispatch is disabled.
12-12 15:49:12.454   962  1545 W InputManager: Input event injection from pid 12158 failed.
12-12 15:49:12.454   962  3337 W InputManager: Input event injection from pid 12158 failed.
12-12 15:49:12.454   962  3338 W InputManager: Input event injection from pid 12158 failed.
12-12 15:49:12.454   962  1558 W InputManager: Input event injection from pid 12158 failed.
12-12 15:49:12.454   962  1561 W InputManager: Input event injection from pid 12158 failed.
12-12 15:49:12.454   962  1242 W InputManager: Input event injection from pid 12158 failed.
12-12 15:49:12.454   962   974 W InputManager: Input event injection from pid 12158 failed.
12-12 15:49:12.454   962  1194 W InputManager: Input event injection from pid 12158 failed.
12-12 15:49:12.454   962  1194 W InputManager: Input event injection from pid 12158 failed.
12-12 15:49:12.514   962  1151 I InputDispatcher: Dropped event because input dispatch is disabled.
12-12 15:49:12.514   962  1151 I InputDispatcher: Dropped event because input dispatch is disabled.
12-12 15:49:12.514   962  1375 W InputManager: Input event injection from pid 12158 failed.
12-12 15:49:12.514   962   973 W InputManager: Input event injection from pid 12158 failed.
12-12 15:49:12.564   962  1177 D WifiStateMachine: handleMessage: E msg.what=131155
12-12 15:49:12.564   962  1177 D WifiStateMachine: processMsg: ConnectedState
12-12 15:49:12.564   962  1177 D WifiStateMachine: processMsg: L2ConnectedState
12-12 15:49:12.564   962  1177 D WifiStateMachine: handleMessage: X
12-12 15:49:12.564   962  1151 I InputDispatcher: Dropped event because input dispatch is disabled.
12-12 15:49:12.564   962  1559 W InputManager: Input event injection from pid 12158 failed.
12-12 15:49:12.564   962  1151 I InputDispatcher: Dropped event because input dispatch is disabled.
12-12 15:49:12.564   962  1151 I InputDispatcher: Dropped event because input dispatch is disabled.
12-12 15:49:12.564   962  1151 I InputDispatcher: Dropped event because input dispatch is disabled.
12-12 15:49:12.564   962  1151 I InputDispatcher: Dropped event because input dispatch is disabled.
12-12 15:49:12.564   962  1151 I InputDispatcher: Dropped event because input dispatch is disabled.
12-12 15:49:12.564   962  1151 I InputDispatcher: Dropped event because input dispatch is disabled.
12-12 15:49:12.564   962  1151 I InputDispatcher: Dropped event because input dispatch is disabled.
12-12 15:49:12.564   962  1151 I InputDispatcher: Dropped event because input dispatch is disabled.
12-12 15:49:12.564   962  1559 W InputManager: Input event injection from pid 12158 failed.
12-12 15:49:12.564   962  1561 W InputManager: Input event injection from pid 12158 failed.
12-12 15:49:12.564   962   974 W InputManager: Input event injection from pid 12158 failed.
12-12 15:49:12.564   962  1242 W InputManager: Input event injection from pid 12158 failed.
12-12 15:49:12.564   962  1539 W InputManager: Input event injection from pid 12158 failed.
12-12 15:49:12.564   962  1331 W InputManager: Input event injection from pid 12158 failed.
12-12 15:49:12.564   962  1537 W InputManager: Input event injection from pid 12158 failed.
12-12 15:49:12.564   962  1194 W InputManager: Input event injection from pid 12158 failed.
12-12 15:49:12.614   962  1151 I InputDispatcher: Dropped event because input dispatch is disabled.
12-12 15:49:12.614   962  1151 I InputDispatcher: Dropped event because input dispatch is disabled.
12-12 15:49:12.614   306   385 I Vold    : [LGE][VOLD][NetlinkHandler.cpp][onEvent()] subsys:cpu, action:0
12-12 15:49:12.614   962  1375 W InputManager: Input event injection from pid 12158 failed.
12-12 15:49:12.614   962   973 W InputManager: Input event injection from pid 12158 failed.
12-12 15:49:12.674   962  1151 I InputDispatcher: Dropped event because input dispatch is disabled.
12-12 15:49:12.674   962  1558 W InputManager: Input event injection from pid 12158 failed.
12-12 15:49:12.674   962  1151 I InputDispatcher: Dropped event because input dispatch is disabled.
12-12 15:49:12.674   962  1151 I InputDispatcher: Dropped event because input dispatch is disabled.
12-12 15:49:12.674   962  1151 I InputDispatcher: Dropped event because input dispatch is disabled.
12-12 15:49:12.674   962  1151 I InputDispatcher: Dropped event because input dispatch is disabled.
12-12 15:49:12.674   962  1559 W InputManager: Input event injection from pid 12158 failed.
12-12 15:49:12.674   962  1561 W InputManager: Input event injection from pid 12158 failed.
12-12 15:49:12.674   962  1242 W InputManager: Input event injection from pid 12158 failed.
12-12 15:49:12.674   962   974 W InputManager: Input event injection from pid 12158 failed.
12-12 15:49:12.684   962  1151 I InputDispatcher: Dropped event because input dispatch is disabled.
12-12 15:49:12.684   962  1151 I InputDispatcher: Dropped event because input dispatch is disabled.
12-12 15:49:12.684   962  1151 I InputDispatcher: Dropped event because input dispatch is disabled.
12-12 15:49:12.684   962  1151 I InputDispatcher: Dropped event because input dispatch is disabled.
12-12 15:49:12.684   962  1539 W InputManager: Input event injection from pid 12158 failed.
12-12 15:49:12.684   962  1194 W InputManager: Input event injection from pid 12158 failed.
12-12 15:49:12.684   962  1537 W InputManager: Input event injection from pid 12158 failed.
12-12 15:49:12.684   962  1331 W InputManager: Input event injection from pid 12158 failed.
12-12 15:49:12.734   962  1151 I InputDispatcher: Dropped event because input dispatch is disabled.
12-12 15:49:12.734   962  1151 I InputDispatcher: Dropped event because input dispatch is disabled.
12-12 15:49:12.734   962   973 W InputManager: Input event injection from pid 12158 failed.
12-12 15:49:12.734   962  1375 W InputManager: Input event injection from pid 12158 failed.
12-12 15:49:12.784   962  1151 I InputDispatcher: Dropped event because input dispatch is disabled.
12-12 15:49:12.784   962  1151 I InputDispatcher: Dropped event because input dispatch is disabled.
12-12 15:49:12.784   962  1558 W InputManager: Input event injection from pid 12158 failed.
12-12 15:49:12.784   962  1559 W InputManager: Input event injection from pid 12158 failed.
12-12 15:49:12.834   962  1151 I InputDispatcher: Dropped event because input dispatch is disabled.
12-12 15:49:12.834   962  1561 W InputManager: Input event injection from pid 12158 failed.
12-12 15:49:12.844   962  1151 I InputDispatcher: Dropped event because input dispatch is disabled.
12-12 15:49:12.844   962  1331 W InputManager: Input event injection from pid 12158 failed.
12-12 15:49:12.894   962  1151 I InputDispatcher: Dropped event because input dispatch is disabled.
12-12 15:49:12.894   962  1151 I InputDispatcher: Dropped event because input dispatch is disabled.
12-12 15:49:12.894   962  1194 W InputManager: Input event injection from pid 12158 failed.
12-12 15:49:12.894   962  5456 W InputManager: Input event injection from pid 12158 failed.
12-12 15:49:12.944   962  1151 I InputDispatcher: Dropped event because input dispatch is disabled.
12-12 15:49:12.944   962  1151 I InputDispatcher: Dropped event because input dispatch is disabled.
12-12 15:49:12.944   962  1151 I InputDispatcher: Dropped event because input dispatch is disabled.
12-12 15:49:12.944   962  1151 I InputDispatcher: Dropped event because input dispatch is disabled.
12-12 15:49:12.944   962  1151 I InputDispatcher: Dropped event because input dispatch is disabled.
12-12 15:49:12.944   962  1151 I InputDispatcher: Dropped event because input dispatch is disabled.
12-12 15:49:12.944   962  1151 I InputDispatcher: Dropped event because input dispatch is disabled.
12-12 15:49:12.944   962  1151 I InputDispatcher: Dropped event because input dispatch is disabled.
12-12 15:49:12.944   962  1151 I InputDispatcher: Dropped event because input dispatch is disabled.
12-12 15:49:12.944   962  1375 W InputManager: Input event injection from pid 12158 failed.
12-12 15:49:12.944   962  1545 W InputManager: Input event injection from pid 12158 failed.
12-12 15:49:12.944   962  3338 W InputManager: Input event injection from pid 12158 failed.
12-12 15:49:12.944   962  3337 W InputManager: Input event injection from pid 12158 failed.
12-12 15:49:12.944   962  1558 W InputManager: Input event injection from pid 12158 failed.
12-12 15:49:12.944   962  1559 W InputManager: Input event injection from pid 12158 failed.
