12-12 15:47:08.530   962  1375 W ActivityManager: Scheduling restart of crashed service com.google.android.gms/com.google.android.location.fused.service.FusedProviderService in 50999ms
12-12 15:47:08.530   962  1375 W ActivityManager: Scheduling restart of crashed service com.google.android.gms/com.google.android.location.geofencer.service.GeofenceProviderService in 60999ms
12-12 15:47:08.530   962  1375 W ActivityManager: Scheduling restart of crashed service com.google.android.gms/.chimera.PersistentIntentOperationService in 70999ms
12-12 15:47:08.530   962  1375 W ActivityManager: Scheduling restart of crashed service com.google.android.gms/.gcm.GcmService in 70998ms
12-12 15:47:08.530   962  1375 V ActivityManager: Service ServiceRecord{434ae8d0 u0 com.google.android.gms/.gcm.http.GoogleHttpService} in process ProcessRecord{43151dd0 5475:com.google.android.gms.persistent/u0a10} not same as in map: null
12-12 15:47:08.530   962  1375 W ActivityManager: Scheduling restart of crashed service com.google.android.gms/com.google.android.location.reporting.service.ReportingAndroidService in 80998ms
12-12 15:47:08.530   962  1375 W ActivityManager: Scheduling restart of crashed service com.google.android.gms/.lockbox.service.LockboxBrokerService in 90998ms
12-12 15:47:08.530   962  1375 W ActivityManager: Scheduling restart of crashed service com.google.android.gms/.chimera.PersistentBoundBrokerService in 100998ms
12-12 15:47:08.530   962  1375 W ActivityManager: Scheduling restart of crashed service com.google.android.gms/com.google.android.location.internal.server.GoogleLocationService in 110998ms
12-12 15:47:08.530   962  1375 W ActivityManager: Scheduling restart of crashed service com.google.android.gms/com.google.android.contextmanager.service.ContextManagerService in 120998ms
12-12 15:47:08.530   962  1375 W ActivityManager: Scheduling restart of crashed service com.google.android.gms/.common.stats.GmsCoreStatsService in 130998ms
12-12 15:47:08.530   962  1375 W ActivityManager: Scheduling restart of crashed service com.google.android.gms/.nearby.messages.service.NearbyMessagesService in 140998ms
12-12 15:47:08.530   962  1375 W ActivityManager: Scheduling restart of crashed service com.google.android.gms/com.google.location.nearby.direct.service.NearbyDirectService in 150998ms
12-12 15:47:08.530   962  1375 W ActivityManager: Scheduling restart of crashed service com.google.android.gms/.phenotype.service.PhenotypeService in 150997ms
12-12 15:47:08.530   962  1375 W ActivityManager: Scheduling restart of crashed service com.google.android.gms/.thunderbird.OutgoingSmsListenerService in 160997ms
12-12 15:47:08.530   962  1375 W ActivityManager: Scheduling restart of crashed service com.google.android.gms/.usagereporting.service.UsageReportingService in 170997ms
12-12 15:47:08.530   962  1375 I ActivityManager: Killing 6853:com.google.android.gms/u0a10 (adj 1): stop com.google.android.gms
12-12 15:47:08.530   962  1375 W ActivityManager: Scheduling restart of crashed service com.google.android.gms/.chimera.GmsIntentOperationService in 80991ms
12-12 15:47:08.530   962  1375 V ActivityManager: Service ServiceRecord{433e1270 u0 com.google.android.gms/.chimera.GmsBoundBrokerService} in process ProcessRecord{4251afb0 6853:com.google.android.gms/u0a10} not same as in map: null
12-12 15:47:08.530   962  1375 W ActivityManager: Scheduling restart of crashed service com.google.android.gms/.icing.service.IndexService in 80991ms
12-12 15:47:08.540  1515  1526 I com.skyfire.browser.toolbar.ProcessObserverService: On process died 6853,10010
12-12 15:47:08.540   962  1539 D LocationManagerService: Location listener died
12-12 15:47:08.540   962  1539 I LocationManagerService: remove 4360ddd0
12-12 15:47:08.540   962  1539 D LocationManagerService: provider request: passive ProviderRequest[ON interval=0]
12-12 15:47:08.540   962  5456 D GpsLocationProvider: GPS status listener died
12-12 15:47:08.540   962   974 D LocationManagerService: Location listener died
12-12 15:47:08.540   962   974 I LocationManagerService: remove 4227f338
12-12 15:47:08.540   962  1375 I ActivityManager: Killing 5198:com.google.process.gapps/u0a10 (adj 13): stop com.google.android.gms
12-12 15:47:08.540   306   385 I Vold    : [LGE][VOLD][NetlinkHandler.cpp][onEvent()] subsys:cpu, action:0
12-12 15:47:08.540   962  1181 D WifiService: Client connection lost with reason: 4
12-12 15:47:08.540   962  1375 W ActivityManager: Scheduling restart of crashed service com.google.android.gms/.auth.account.service.WorkAccountService in 90982ms
12-12 15:47:08.550   962   974 D LocationManagerService: provider request: passive ProviderRequest[ON interval=0]
12-12 15:47:08.550  1515  1538 I com.skyfire.browser.toolbar.ProcessObserverService: On process died 5198,10010
12-12 15:47:08.550   962  1375 W ActivityManager: Scheduling restart of crashed service com.google.android.gms/.auth.proximity.firstparty.SystemMemoryCacheService in 90980ms
12-12 15:47:08.550   962  1375 W ActivityManager: Scheduling restart of crashed service com.google.android.gms/.auth.setup.devicesignals.LockScreenService in 90979ms
12-12 15:47:08.550   962  1375 I ActivityManager:   Force stopping service ServiceRecord{43a6a150 u0 com.google.android.gms/.deviceconnection.service.DeviceConnectionWatcherService}
12-12 15:47:08.550   962  1375 I ActivityManager:   Force stopping service ServiceRecord{4374b6f0 u0 com.google.android.gms/com.google.android.location.geocode.GeocodeService}
12-12 15:47:08.550   962  1375 I ActivityManager:   Force stopping service ServiceRecord{42c995c0 u0 com.google.android.gms/.thunderbird.OutgoingSmsListenerService}
12-12 15:47:08.550   962  1375 I ActivityManager:   Force stopping service ServiceRecord{43262868 u0 com.google.android.gms/.auth.setup.devicesignals.LockScreenService}
12-12 15:47:08.550   962  1375 I ActivityManager:   Force stopping service ServiceRecord{435a3ef0 u0 com.google.android.gms/.gcm.GcmService}
12-12 15:47:08.550   962  1375 I ActivityManager:   Force stopping service ServiceRecord{437083a8 u0 com.google.android.gms/com.google.android.location.fused.service.FusedProviderService}
12-12 15:47:08.550   962  1375 I ActivityManager:   Force stopping service ServiceRecord{42da1640 u0 com.google.android.gms/.phenotype.service.PhenotypeService}
12-12 15:47:08.550   962  1375 I ActivityManager:   Force stopping service ServiceRecord{43755b88 u0 com.google.android.gms/com.google.android.location.fused.FusedLocationService}
12-12 15:47:08.550   962  1375 I ActivityManager:   Force stopping service ServiceRecord{436d4440 u0 com.google.android.gms/com.google.android.location.geofencer.service.GeofenceProviderService}
12-12 15:47:08.550   962  1375 I ActivityManager:   Force stopping service ServiceRecord{42dbb8e8 u0 com.google.android.gms/.nearby.messages.service.NearbyMessagesService}
12-12 15:47:08.550   962  1375 I ActivityManager:   Force stopping service ServiceRecord{43162f68 u0 com.google.android.gms/com.google.android.location.internal.server.GoogleLocationService}
12-12 15:47:08.550   962  1375 I ActivityManager:   Force stopping service ServiceRecord{42fd0bb0 u0 com.google.android.gms/com.google.android.contextmanager.service.ContextManagerService}
12-12 15:47:08.550   962  1375 I ActivityManager:   Force stopping service ServiceRecord{438c6a90 u0 com.google.android.gms/com.google.android.location.internal.GoogleLocationManagerService}
12-12 15:47:08.550   962  1375 I ActivityManager:   Force stopping service ServiceRecord{42fcbc28 u0 com.google.android.gms/.common.stats.GmsCoreStatsService}
12-12 15:47:08.550   962  1375 I ActivityManager:   Force stopping service ServiceRecord{439155b8 u0 com.google.android.gms/.clearcut.service.ClearcutLoggerService}
12-12 15:47:08.550   962  1375 I ActivityManager:   Force stopping service ServiceRecord{42fdf338 u0 com.google.android.gms/.icing.service.IndexService}
12-12 15:47:08.560  1213  1232 V SplitWindowPolicyService: requestUpdateStackInfo
12-12 15:47:08.560  9893  9893 W RocketImpressions: ClearcutLogger connection suspended: 1
12-12 15:47:08.560   962  1375 D ActivityManager: resumeTopActivityLocked: Top activity resumed ActivityRecord{42843920 u0 com.lge.launcher2/.Launcher t1}
12-12 15:47:08.570  1197  1197 I [SystemUI]GlobalAccessView: onReceive = android.intent.action.PACKAGE_RESTARTED
12-12 15:47:08.570  1546  1546 I [LGHome]EVENT: [LauncherModel.java:1146:onReceive()]onReceive intent=Intent { act=android.intent.action.PACKAGE_DATA_CLEARED dat=package:com.google.android.gms flg=0x10 (has extras) }
12-12 15:47:08.570   962   962 I ThemeManagerService: action = android.intent.action.PACKAGE_DATA_CLEARED
12-12 15:47:08.580  9843  9956 D Documents: Used cached roots for com.android.externalstorage.documents
12-12 15:47:08.580  9843  9956 D Documents: Used cached roots for com.android.providers.downloads.documents
12-12 15:47:08.580  9843  9956 D Documents: Used cached roots for com.android.providers.media.documents
12-12 15:47:08.580  9843  9956 D Documents: Loading roots for com.google.android.apps.docs.storage
12-12 15:47:08.580  1197  1197 I [SystemUI]QPairHandler: onReceive = android.intent.action.PACKAGE_RESTARTED
12-12 15:47:08.580  1197  1197 I [SystemUI]GlobalAccessView: onReceive = android.intent.action.PACKAGE_DATA_CLEARED
12-12 15:47:08.590  9843  9956 D Documents: Update found 7 roots in 15ms
12-12 15:47:08.620   323   323 D keystore: calling clear_uid in state: 3
12-12 15:47:08.690   962  3337 I ActivityManager: Start proc com.lge.defaultaccount for broadcast com.lge.defaultaccount/.receiver.ReceiverBootUp: pid=10188 uid=10072 gids={50072}
12-12 15:47:08.690 10188 10188 I dalvikvm: Enabling JNI app bug workarounds for target SDK version 8...
12-12 15:47:08.700  1515  1526 I com.skyfire.browser.toolbar.ProcessObserverService: On importance changed 10188,10072,400
12-12 15:47:08.700 10188 10188 D HyLog   : I : /data/font/config/sfconfig.dat, No such file or directory (2)
12-12 15:47:08.700 10188 10188 D HyLog   : I : /data/font/config/dfactpre.dat, No such file or directory (2)
12-12 15:47:08.700 10188 10188 D HyLog   : I : /data/font/config/sfconfig.dat, No such file or directory (2)
12-12 15:47:08.710 10188 10188 E ReceiverBootUp: Package Name is not 'com.android.providers.calendar'
12-12 15:47:08.710 10188 10188 I Process : Sending signal. PID: 10188 SIG: 9
12-12 15:47:08.720  1213  1600 V SplitWindowPolicyService: requestUpdateStackInfo
12-12 15:47:08.720  1515  1538 I com.skyfire.browser.toolbar.ProcessObserverService: On process died 10188,10072
12-12 15:47:08.720   962  1559 I ActivityManager: Process com.lge.defaultaccount (pid 10188) has died.
12-12 15:47:08.720   962  1559 D ActivityManager: resumeTopActivityLocked: Top activity resumed ActivityRecord{42843920 u0 com.lge.launcher2/.Launcher t1}
12-12 15:47:08.810 10159 10159 D AndroidRuntime: Shutting down VM
12-12 15:47:08.810 10159 10165 D dalvikvm: GC_CONCURRENT freed 97K, 15% free 593K/692K, paused 0ms+0ms, total 2ms
12-12 15:47:08.850   306   385 I Vold    : [LGE][VOLD][NetlinkHandler.cpp][onEvent()] subsys:cpu, action:0
12-12 15:47:09.600 10203 10203 D AndroidRuntime: 
12-12 15:47:09.600 10203 10203 D AndroidRuntime: >>>>>> AndroidRuntime START com.android.internal.os.RuntimeInit <<<<<<
12-12 15:47:09.600 10203 10203 D AndroidRuntime: CheckJNI is OFF
12-12 15:47:09.620 10203 10203 D dalvikvm: Trying to load lib libjavacore.so 0x0
12-12 15:47:09.620 10203 10203 D dalvikvm: Added shared lib libjavacore.so 0x0
12-12 15:47:09.620 10203 10203 D dalvikvm: Trying to load lib libnativehelper.so 0x0
12-12 15:47:09.620 10203 10203 D dalvikvm: Added shared lib libnativehelper.so 0x0
12-12 15:47:09.620 10203 10203 D dalvikvm: No JNI_OnLoad found in libnativehelper.so 0x0, skipping init
12-12 15:47:09.660 10203 10203 D dalvikvm: Note: class Landroid/app/ActivityManagerNative; has 184 unimplemented (abstract) methods
12-12 15:47:09.830 10203 10203 E memtrack: Couldn't load memtrack module (No such file or directory)
12-12 15:47:09.830 10203 10203 E android.os.Debug: failed to load memtrack module: -2
12-12 15:47:09.900 10203 10203 D AndroidRuntime: Calling main entry com.android.commands.pm.Pm
12-12 15:47:09.910  1213  1601 V SplitWindowPolicyService: requestUpdateStackInfo
12-12 15:47:09.910   962  1537 I ActivityManager: Force stopping com.google.android.gm appid=10063 user=0: clear data
12-12 15:47:09.910   962  1537 D ActivityManager: resumeTopActivityLocked: Top activity resumed ActivityRecord{42843920 u0 com.lge.launcher2/.Launcher t1}
12-12 15:47:09.920   323   323 D keystore: calling clear_uid in state: 3
12-12 15:47:09.920  1197  1197 I [SystemUI]GlobalAccessView: onReceive = android.intent.action.PACKAGE_RESTARTED
12-12 15:47:09.920  1546  1546 I [LGHome]EVENT: [LauncherModel.java:1146:onReceive()]onReceive intent=Intent { act=android.intent.action.PACKAGE_DATA_CLEARED dat=package:com.google.android.gm flg=0x10 (has extras) }
12-12 15:47:09.920   962   962 I ThemeManagerService: action = android.intent.action.PACKAGE_DATA_CLEARED
12-12 15:47:09.920   962  1144 D qcom_sensors_hal: hal_time_data_cb: msg_type 2
12-12 15:47:09.920   962  1144 D qcom_sensors_hal: hal_time_data_cb: Sn 24, msg Id 3, txn Id 0
12-12 15:47:09.920   962  1144 D qcom_sensors_hal: hal_ts_offset_is: Apps: 1513111629929945859; DSPS: 65267415; Offset: 1513109638126509580
12-12 15:47:09.930  9843  9954 D Documents: Used cached roots for com.android.externalstorage.documents
12-12 15:47:09.930  9843  9954 D Documents: Used cached roots for com.android.providers.downloads.documents
12-12 15:47:09.930  9843  9954 D Documents: Used cached roots for com.android.providers.media.documents
12-12 15:47:09.930  9843  9954 D Documents: Loading roots for com.google.android.apps.docs.storage
12-12 15:47:09.940  1197  1197 I [SystemUI]QPairHandler: onReceive = android.intent.action.PACKAGE_RESTARTED
12-12 15:47:09.940  1197  1197 I [SystemUI]GlobalAccessView: onReceive = android.intent.action.PACKAGE_DATA_CLEARED
12-12 15:47:09.950 10203 10203 D AndroidRuntime: Shutting down VM
12-12 15:47:09.950 10203 10208 D dalvikvm: GC_CONCURRENT freed 97K, 15% free 593K/692K, paused 0ms+0ms, total 3ms
12-12 15:47:09.950  9843  9954 D Documents: Update found 7 roots in 27ms
12-12 15:47:10.010 10216 10216 I dalvikvm: Enabling JNI app bug workarounds for target SDK version 8...
12-12 15:47:10.010   962  1331 I ActivityManager: Start proc com.lge.defaultaccount for broadcast com.lge.defaultaccount/.receiver.ReceiverBootUp: pid=10216 uid=10072 gids={50072}
12-12 15:47:10.020  1515  1526 I com.skyfire.browser.toolbar.ProcessObserverService: On importance changed 10216,10072,400
12-12 15:47:10.020 10216 10216 D HyLog   : I : /data/font/config/sfconfig.dat, No such file or directory (2)
12-12 15:47:10.020 10216 10216 D HyLog   : I : /data/font/config/dfactpre.dat, No such file or directory (2)
12-12 15:47:10.020 10216 10216 D HyLog   : I : /data/font/config/sfconfig.dat, No such file or directory (2)
12-12 15:47:10.030 10216 10216 E ReceiverBootUp: Package Name is not 'com.android.providers.calendar'
12-12 15:47:10.030 10216 10216 I Process : Sending signal. PID: 10216 SIG: 9
12-12 15:47:10.040  1213  1224 V SplitWindowPolicyService: requestUpdateStackInfo
12-12 15:47:10.040  1515  1538 I com.skyfire.browser.toolbar.ProcessObserverService: On process died 10216,10072
12-12 15:47:10.040   962   974 I ActivityManager: Process com.lge.defaultaccount (pid 10216) has died.
12-12 15:47:10.040   962   974 D ActivityManager: resumeTopActivityLocked: Top activity resumed ActivityRecord{42843920 u0 com.lge.launcher2/.Launcher t1}
12-12 15:47:10.260   306   385 I Vold    : [LGE][VOLD][NetlinkHandler.cpp][onEvent()] subsys:cpu, action:0
12-12 15:47:10.470   327   420 I ThermalEngine: Sensor:pa_therm1:26000 mC
12-12 15:47:10.540   306   385 I Vold    : [LGE][VOLD][NetlinkHandler.cpp][onEvent()] subsys:cpu, action:0
12-12 15:47:10.800 10231 10231 D AndroidRuntime: 
12-12 15:47:10.800 10231 10231 D AndroidRuntime: >>>>>> AndroidRuntime START com.android.internal.os.RuntimeInit <<<<<<
12-12 15:47:10.800 10231 10231 D AndroidRuntime: CheckJNI is OFF
12-12 15:47:10.820 10231 10231 D dalvikvm: Trying to load lib libjavacore.so 0x0
12-12 15:47:10.820 10231 10231 D dalvikvm: Added shared lib libjavacore.so 0x0
12-12 15:47:10.820 10231 10231 D dalvikvm: Trying to load lib libnativehelper.so 0x0
12-12 15:47:10.820 10231 10231 D dalvikvm: Added shared lib libnativehelper.so 0x0
12-12 15:47:10.820 10231 10231 D dalvikvm: No JNI_OnLoad found in libnativehelper.so 0x0, skipping init
12-12 15:47:10.860 10231 10231 D dalvikvm: Note: class Landroid/app/ActivityManagerNative; has 184 unimplemented (abstract) methods
12-12 15:47:11.030 10231 10231 E memtrack: Couldn't load memtrack module (No such file or directory)
12-12 15:47:11.030 10231 10231 E android.os.Debug: failed to load memtrack module: -2
12-12 15:47:11.100 10231 10231 D AndroidRuntime: Calling main entry com.android.commands.pm.Pm
12-12 15:47:11.110  1213  1232 V SplitWindowPolicyService: requestUpdateStackInfo
12-12 15:47:11.110   962  1558 I ActivityManager: Force stopping com.android.browser appid=10015 user=0: clear data
12-12 15:47:11.110   962  1558 D ActivityManager: resumeTopActivityLocked: Top activity resumed ActivityRecord{42843920 u0 com.lge.launcher2/.Launcher t1}
12-12 15:47:11.120  1197  1197 I [SystemUI]GlobalAccessView: onReceive = android.intent.action.PACKAGE_RESTARTED
12-12 15:47:11.120  1546  1546 I [LGHome]EVENT: [LauncherModel.java:1146:onReceive()]onReceive intent=Intent { act=android.intent.action.PACKAGE_DATA_CLEARED dat=package:com.android.browser flg=0x10 (has extras) }
12-12 15:47:11.120   962   962 I ThemeManagerService: action = android.intent.action.PACKAGE_DATA_CLEARED
12-12 15:47:11.130   323   323 D keystore: calling clear_uid in state: 3
12-12 15:47:11.130  9843  9989 D Documents: Used cached roots for com.android.externalstorage.documents
12-12 15:47:11.130  9843  9989 D Documents: Used cached roots for com.android.providers.downloads.documents
12-12 15:47:11.130  9843  9989 D Documents: Used cached roots for com.android.providers.media.documents
12-12 15:47:11.130  9843  9989 D Documents: Loading roots for com.google.android.apps.docs.storage
12-12 15:47:11.130   962  1021 I ActivityManager: Start proc com.google.android.gms.persistent for broadcast com.google.android.gms/.chimera.GmsIntentOperationService$PersistentTrustedReceiver: pid=10247 uid=10010 gids={50010, 3003, 1007, 1028, 1015, 3002, 3001, 3007, 2001, 3006}
12-12 15:47:11.140  1197  1197 I [SystemUI]QPairHandler: onReceive = android.intent.action.PACKAGE_RESTARTED
12-12 15:47:11.140  1197  1197 I [SystemUI]GlobalAccessView: onReceive = android.intent.action.PACKAGE_DATA_CLEARED
12-12 15:47:11.150  1515  1526 I com.skyfire.browser.toolbar.ProcessObserverService: On importance changed 10247,10010,400
12-12 15:47:11.170  9843  9989 D Documents: Update found 7 roots in 39ms
12-12 15:47:11.170 10247 10247 D HyLog   : I : /data/font/config/sfconfig.dat, No such file or directory (2)
12-12 15:47:11.170 10247 10247 D HyLog   : I : /data/font/config/dfactpre.dat, No such file or directory (2)
12-12 15:47:11.170 10247 10247 D HyLog   : I : /data/font/config/sfconfig.dat, No such file or directory (2)
12-12 15:47:11.190 10247 10247 W dalvikvm: VFY: unable to resolve static field 937 (PR_SET_DUMPABLE) in Landroid/system/OsConstants;
12-12 15:47:11.190 10247 10247 D dalvikvm: VFY: replacing opcode 0x60 at 0x0009
12-12 15:47:11.190   306   385 I Vold    : [LGE][VOLD][NetlinkHandler.cpp][onEvent()] subsys:cpu, action:0
12-12 15:47:11.200   306   385 I Vold    : [LGE][VOLD][NetlinkHandler.cpp][onEvent()] subsys:cpu, action:0
12-12 15:47:11.200 10231 10231 D AndroidRuntime: Shutting down VM
12-12 15:47:11.210 10231 10240 D dalvikvm: GC_CONCURRENT freed 97K, 15% free 593K/692K, paused 1ms+0ms, total 4ms
12-12 15:47:11.210 10247 10247 W dalvikvm: VFY: unable to find class referenced in signature (Laqvj;)
12-12 15:47:11.210 10247 10247 W dalvikvm: VFY: unable to find class referenced in signature (Laqvj;)
12-12 15:47:11.210 10247 10247 W dalvikvm: VFY: unable to find class referenced in signature (Laqvj;)
12-12 15:47:11.210 10247 10247 W dalvikvm: VFY: unable to find class referenced in signature (Laqvj;)
12-12 15:47:11.210 10247 10247 I dalvikvm: Could not find method android.content.Context.getSystemService, referenced from method ro.a
12-12 15:47:11.210 10247 10247 W dalvikvm: VFY: unable to resolve virtual method 1684: Landroid/content/Context;.getSystemService (Ljava/lang/Class;)Ljava/lang/Object;
12-12 15:47:11.210 10247 10247 D dalvikvm: VFY: replacing opcode 0x6e at 0x0008
12-12 15:47:11.210 10247 10247 I dalvikvm: Could not find method android.content.Context.createDeviceProtectedStorageContext, referenced from method jkx.a
12-12 15:47:11.210 10247 10247 W dalvikvm: VFY: unable to resolve virtual method 1659: Landroid/content/Context;.createDeviceProtectedStorageContext ()Landroid/content/Context;
12-12 15:47:11.210 10247 10247 D dalvikvm: VFY: replacing opcode 0x6e at 0x0029
12-12 15:47:11.210 10247 10247 I dalvikvm: Could not find method android.content.Context.getSystemService, referenced from method jkx.b
12-12 15:47:11.210 10247 10247 W dalvikvm: VFY: unable to resolve virtual method 1684: Landroid/content/Context;.getSystemService (Ljava/lang/Class;)Ljava/lang/Object;
12-12 15:47:11.210 10247 10247 D dalvikvm: VFY: replacing opcode 0x6e at 0x000b
12-12 15:47:11.220 10247 10247 I dalvikvm: Could not find method android.content.Context.isDeviceProtectedStorage, referenced from method zcx.a
12-12 15:47:11.220 10247 10247 W dalvikvm: VFY: unable to resolve virtual method 1689: Landroid/content/Context;.isDeviceProtectedStorage ()Z
12-12 15:47:11.220 10247 10247 D dalvikvm: VFY: replacing opcode 0x6e at 0x0009
12-12 15:47:11.220 10247 10247 I dalvikvm: Could not find method android.content.Context.isDeviceProtectedStorage, referenced from method zcx.c
12-12 15:47:11.220 10247 10247 W dalvikvm: VFY: unable to resolve virtual method 1689: Landroid/content/Context;.isDeviceProtectedStorage ()Z
12-12 15:47:11.220 10247 10247 D dalvikvm: VFY: replacing opcode 0x6e at 0x005d
12-12 15:47:11.220 10247 10247 I dalvikvm: Could not find method android.os.PowerManager.isInteractive, referenced from method jih.a
12-12 15:47:11.220 10247 10247 W dalvikvm: VFY: unable to resolve virtual method 2258: Landroid/os/PowerManager;.isInteractive ()Z
12-12 15:47:11.220 10247 10247 D dalvikvm: VFY: replacing opcode 0x6e at 0x0012
12-12 15:47:11.220 10247 10247 I dalvikvm: Could not find method android.content.ContextWrapper.createCredentialProtectedStorageContext, referenced from method com.google.android.chimera.ModuleContext.createCredentialProtectedStorageContext
12-12 15:47:11.220 10247 10247 W dalvikvm: VFY: unable to resolve virtual method 1708: Landroid/content/ContextWrapper;.createCredentialProtectedStorageContext ()Landroid/content/Context;
12-12 15:47:11.220 10247 10247 D dalvikvm: VFY: replacing opcode 0x6f at 0x0002
12-12 15:47:11.220 10247 10247 I dalvikvm: Could not find method android.content.ContextWrapper.createDeviceProtectedStorageContext, referenced from method com.google.android.chimera.ModuleContext.createDeviceProtectedStorageContext
12-12 15:47:11.220 10247 10247 W dalvikvm: VFY: unable to resolve virtual method 1709: Landroid/content/ContextWrapper;.createDeviceProtectedStorageContext ()Landroid/content/Context;
12-12 15:47:11.220 10247 10247 D dalvikvm: VFY: replacing opcode 0x6f at 0x0002
12-12 15:47:11.220 10247 10247 I dalvikvm: Could not find method android.content.Context.isCredentialProtectedStorage, referenced from method cqq.a
12-12 15:47:11.220 10247 10247 W dalvikvm: VFY: unable to resolve virtual method 1688: Landroid/content/Context;.isCredentialProtectedStorage ()Z
12-12 15:47:11.220 10247 10247 D dalvikvm: VFY: replacing opcode 0x6e at 0x0000
12-12 15:47:11.230 10247 10247 I dalvikvm: Could not find method android.os.UserManager.isUserUnlocked, referenced from method cqq.a
12-12 15:47:11.230 10247 10247 W dalvikvm: VFY: unable to resolve virtual method 2311: Landroid/os/UserManager;.isUserUnlocked ()Z
12-12 15:47:11.230 10247 10247 D dalvikvm: VFY: replacing opcode 0x6e at 0x001a
12-12 15:47:11.230 10247 10247 I dalvikvm: Could not find method android.content.Context.isDeviceProtectedStorage, referenced from method cqq.b
12-12 15:47:11.230 10247 10247 W dalvikvm: VFY: unable to resolve virtual method 1689: Landroid/content/Context;.isDeviceProtectedStorage ()Z
12-12 15:47:11.230 10247 10247 D dalvikvm: VFY: replacing opcode 0x6e at 0x0000
12-12 15:47:11.230 10247 10247 I dalvikvm: Could not find method android.content.Context.isDeviceProtectedStorage, referenced from method cqq.c
12-12 15:47:11.230 10247 10247 W dalvikvm: VFY: unable to resolve virtual method 1689: Landroid/content/Context;.isDeviceProtectedStorage ()Z
12-12 15:47:11.230 10247 10247 D dalvikvm: VFY: replacing opcode 0x6e at 0x0000
12-12 15:47:11.230 10247 10247 I MultiDex: VM with version 1.6.0 does not have multidex support
12-12 15:47:11.230 10247 10247 I MultiDex: install
12-12 15:47:11.230 10247 10247 I MultiDex: MultiDexExtractor.load(/data/app/com.google.android.gms-2.apk, false)
12-12 15:47:11.230 10247 10247 I MultiDex: Blocking on lock /data/data/com.google.android.gms/code_cache/secondary-dexes/MultiDex.lock
12-12 15:47:11.230 10247 10247 I MultiDex: /data/data/com.google.android.gms/code_cache/secondary-dexes/MultiDex.lock locked
12-12 15:47:11.240 10247 10247 I MultiDex: Detected that extraction must be performed.
12-12 15:47:11.450   306   385 I Vold    : [LGE][VOLD][NetlinkHandler.cpp][onEvent()] subsys:cpu, action:0
12-12 15:47:11.500   306   385 I Vold    : [LGE][VOLD][NetlinkHandler.cpp][onEvent()] subsys:cpu, action:0
12-12 15:47:11.590 10247 10247 I MultiDex: Extraction is needed for file /data/data/com.google.android.gms/code_cache/secondary-dexes/com.google.android.gms-2.apk.classes2.zip
12-12 15:47:11.590 10247 10247 I MultiDex: Extracting /data/data/com.google.android.gms/code_cache/secondary-dexes/tmp-com.google.android.gms-2.apk.classes1655541239.zip
12-12 15:47:12.000 10277 10277 D AndroidRuntime: 
12-12 15:47:12.000 10277 10277 D AndroidRuntime: >>>>>> AndroidRuntime START com.android.internal.os.RuntimeInit <<<<<<
12-12 15:47:12.000 10277 10277 D AndroidRuntime: CheckJNI is OFF
12-12 15:47:12.020 10277 10277 D dalvikvm: Trying to load lib libjavacore.so 0x0
12-12 15:47:12.020 10277 10277 D dalvikvm: Added shared lib libjavacore.so 0x0
12-12 15:47:12.030 10277 10277 D dalvikvm: Trying to load lib libnativehelper.so 0x0
12-12 15:47:12.030 10277 10277 D dalvikvm: Added shared lib libnativehelper.so 0x0
12-12 15:47:12.030 10277 10277 D dalvikvm: No JNI_OnLoad found in libnativehelper.so 0x0, skipping init
12-12 15:47:12.060 10277 10277 D dalvikvm: Note: class Landroid/app/ActivityManagerNative; has 184 unimplemented (abstract) methods
12-12 15:47:12.230 10277 10277 E memtrack: Couldn't load memtrack module (No such file or directory)
12-12 15:47:12.230 10277 10277 E android.os.Debug: failed to load memtrack module: -2
12-12 15:47:12.300 10277 10277 D AndroidRuntime: Calling main entry com.android.commands.pm.Pm
12-12 15:47:12.310 10277 10277 D AndroidRuntime: Shutting down VM
12-12 15:47:12.310 10277 10282 D dalvikvm: GC_CONCURRENT freed 97K, 15% free 593K/692K, paused 0ms+1ms, total 3ms
12-12 15:47:12.310   962   973 W ActivityManager: Invalid packageName: com.android.browser.provider
12-12 15:47:13.100 10288 10288 D AndroidRuntime: 
12-12 15:47:13.100 10288 10288 D AndroidRuntime: >>>>>> AndroidRuntime START com.android.internal.os.RuntimeInit <<<<<<
12-12 15:47:13.100 10288 10288 D AndroidRuntime: CheckJNI is OFF
12-12 15:47:13.120 10288 10288 D dalvikvm: Trying to load lib libjavacore.so 0x0
12-12 15:47:13.120 10288 10288 D dalvikvm: Added shared lib libjavacore.so 0x0
12-12 15:47:13.130 10288 10288 D dalvikvm: Trying to load lib libnativehelper.so 0x0
12-12 15:47:13.130 10288 10288 D dalvikvm: Added shared lib libnativehelper.so 0x0
12-12 15:47:13.130 10288 10288 D dalvikvm: No JNI_OnLoad found in libnativehelper.so 0x0, skipping init
12-12 15:47:13.160 10288 10288 D dalvikvm: Note: class Landroid/app/ActivityManagerNative; has 184 unimplemented (abstract) methods
12-12 15:47:13.330 10288 10288 E memtrack: Couldn't load memtrack module (No such file or directory)
12-12 15:47:13.330 10288 10288 E android.os.Debug: failed to load memtrack module: -2
12-12 15:47:13.410 10288 10288 D AndroidRuntime: Calling main entry com.android.commands.pm.Pm
12-12 15:47:13.420 10288 10288 D AndroidRuntime: Shutting down VM
12-12 15:47:13.420 10288 10293 D dalvikvm: GC_CONCURRENT freed 97K, 15% free 593K/692K, paused 0ms+0ms, total 3ms
12-12 15:47:13.420   962  1375 W ActivityManager: Invalid packageName: com.samsung.android.scloud.proxy.sbrowser
12-12 15:47:14.220 10299 10299 D AndroidRuntime: 
12-12 15:47:14.220 10299 10299 D AndroidRuntime: >>>>>> AndroidRuntime START com.android.internal.os.RuntimeInit <<<<<<
12-12 15:47:14.230 10299 10299 D AndroidRuntime: CheckJNI is OFF
12-12 15:47:14.240 10299 10299 D dalvikvm: Trying to load lib libjavacore.so 0x0
12-12 15:47:14.240 10299 10299 D dalvikvm: Added shared lib libjavacore.so 0x0
12-12 15:47:14.250 10299 10299 D dalvikvm: Trying to load lib libnativehelper.so 0x0
12-12 15:47:14.250 10299 10299 D dalvikvm: Added shared lib libnativehelper.so 0x0
12-12 15:47:14.250 10299 10299 D dalvikvm: No JNI_OnLoad found in libnativehelper.so 0x0, skipping init
12-12 15:47:14.280 10299 10299 D dalvikvm: Note: class Landroid/app/ActivityManagerNative; has 184 unimplemented (abstract) methods
12-12 15:47:14.460 10299 10299 E memtrack: Couldn't load memtrack module (No such file or directory)
12-12 15:47:14.460 10299 10299 E android.os.Debug: failed to load memtrack module: -2
12-12 15:47:14.550 10299 10299 D AndroidRuntime: Calling main entry com.android.commands.pm.Pm
12-12 15:47:14.550 10299 10299 D AndroidRuntime: Shutting down VM
12-12 15:47:14.550   962  1560 W ActivityManager: Invalid packageName: com.sec.android.app.sbrowser
12-12 15:47:14.560 10299 10304 D dalvikvm: GC_CONCURRENT freed 97K, 15% free 592K/692K, paused 0ms+0ms, total 3ms
12-12 15:47:14.680   306   385 I Vold    : [LGE][VOLD][NetlinkHandler.cpp][onEvent()] subsys:power_supply, action:3
12-12 15:47:14.690  1197  1197 I [SystemUI]LGPowerUI: onReceive = com.lge.android.intent.action.BATTERYEX
12-12 15:47:14.710  1197  1197 D KeyguardUpdateMonitor: received broadcast android.intent.action.BATTERY_CHANGED
12-12 15:47:14.710  1197  1197 I [SystemUI]LGPowerUI: onReceive = android.intent.action.BATTERY_CHANGED
12-12 15:47:14.710  1197  1197 I [SystemUI]LGPowerUI: android.intent.action.BATTERY_CHANGEDlevel=100, temperature=203, plugged=true, isCharging=false
12-12 15:47:14.710  1197  1197 I [SystemUI]LGPowerUI: StopCharging degree: 550
12-12 15:47:14.720  1197  1197 I [SystemUI]StatusBar.BatteryController: level = 100 status = 5 mIsPlugged = true isCharging = false isFullCharged = true mPlugType = 2 mIsSmartCharging = false
12-12 15:47:14.720   962  1181 D WifiController: battery changed pluggedType: 2
12-12 15:47:15.330 10310 10310 D AndroidRuntime: 
12-12 15:47:15.330 10310 10310 D AndroidRuntime: >>>>>> AndroidRuntime START com.android.internal.os.RuntimeInit <<<<<<
12-12 15:47:15.330 10310 10310 D AndroidRuntime: CheckJNI is OFF
12-12 15:47:15.350 10310 10310 D dalvikvm: Trying to load lib libjavacore.so 0x0
12-12 15:47:15.350 10310 10310 D dalvikvm: Added shared lib libjavacore.so 0x0
12-12 15:47:15.350 10310 10310 D dalvikvm: Trying to load lib libnativehelper.so 0x0
12-12 15:47:15.350 10310 10310 D dalvikvm: Added shared lib libnativehelper.so 0x0
12-12 15:47:15.350 10310 10310 D dalvikvm: No JNI_OnLoad found in libnativehelper.so 0x0, skipping init
12-12 15:47:15.390 10310 10310 D dalvikvm: Note: class Landroid/app/ActivityManagerNative; has 184 unimplemented (abstract) methods
12-12 15:47:15.430 10247 10247 I MultiDex: Renaming to /data/data/com.google.android.gms/code_cache/secondary-dexes/com.google.android.gms-2.apk.classes2.zip
12-12 15:47:15.430 10247 10247 I MultiDex: Extraction succeeded - length /data/data/com.google.android.gms/code_cache/secondary-dexes/com.google.android.gms-2.apk.classes2.zip: 3787698 - crc: 4066622347
12-12 15:47:15.430 10247 10247 I MultiDex: Extraction is needed for file /data/data/com.google.android.gms/code_cache/secondary-dexes/com.google.android.gms-2.apk.classes3.zip
12-12 15:47:15.430 10247 10247 I MultiDex: Extracting /data/data/com.google.android.gms/code_cache/secondary-dexes/tmp-com.google.android.gms-2.apk.classes-1701690234.zip
12-12 15:47:15.480   327   420 I ThermalEngine: Sensor:pa_therm1:26000 mC
12-12 15:47:15.560 10310 10310 E memtrack: Couldn't load memtrack module (No such file or directory)
12-12 15:47:15.560 10310 10310 E android.os.Debug: failed to load memtrack module: -2
12-12 15:47:15.630 10310 10310 D AndroidRuntime: Calling main entry com.android.commands.pm.Pm
12-12 15:47:15.640 10310 10310 D AndroidRuntime: Shutting down VM
12-12 15:47:15.640 10310 10315 D dalvikvm: GC_CONCURRENT freed 97K, 15% free 592K/692K, paused 1ms+0ms, total 4ms
12-12 15:47:15.640   962   973 W ActivityManager: Invalid packageName: com.sec.android.app.sbrowsertry
12-12 15:47:16.500  9605 10325 D Aatp    : /keyguard
12-12 15:47:16.510  9605 10325 D Aatp    : sha1: 1557e0d36c723931a2149ffcd3b79868a857b7e4
12-12 15:47:16.510  1515  1538 I com.skyfire.browser.toolbar.ProcessObserverService: On importance changed 9605,11597,100
12-12 15:47:16.510  1515  1526 I com.skyfire.browser.toolbar.ProcessObserverService: On importance changed 9605,11597,130
12-12 15:47:16.520   962   962 D NotificationService: updateLightListLocked :r=null, action=2
12-12 15:47:16.520  9605 10325 D Aatp    : /task/1557e0d36c723931a2149ffcd3b79868a857b7e4
12-12 15:47:16.540  9605  9605 D AatpDeviceManager: taskStatus update (1557e0d36c723931a2149ffcd3b79868a857b7e4: {"state":1})
12-12 15:47:16.540  9605 10326 D AatpDeviceManager: Keyguard enabled: false
12-12 15:47:16.540  9605  9605 D AatpDeviceManager: taskStatus update (1557e0d36c723931a2149ffcd3b79868a857b7e4: {"result":{"enabled":false},"state":2})
12-12 15:47:16.540  1515  1538 I com.skyfire.browser.toolbar.ProcessObserverService: On importance changed 9605,11597,100
12-12 15:47:16.540  1515  1526 I com.skyfire.browser.toolbar.ProcessObserverService: On importance changed 9605,11597,130
12-12 15:47:16.540   962   962 D NotificationService: updateLightListLocked :r=NotificationRecord(0x42b6f780: pkg=com.amazon.aatp.aatpdevicemanager user=UserHandle{0} id=1096041555 tag=null score=0: Notification(pri=0 contentView=com.amazon.aatp.aatpdevicemanager/0x1090064 vibrate=null sound=null defaults=0x0 flags=0x62 kind=[null])), action=2
12-12 15:47:16.540   962   962 D NotificationService: notification=Notification(pri=0 contentView=com.amazon.aatp.aatpdevicemanager/0x1090064 vibrate=null sound=null defaults=0x0 flags=0x62 kind=[null])
12-12 15:47:16.660  9605 10328 D Aatp    : /task/1557e0d36c723931a2149ffcd3b79868a857b7e4/status
12-12 15:47:16.750  9605 10329 D Aatp    : /wifi
12-12 15:47:16.760  9605 10329 D Aatp    : sha1: 99d584cd79a72389bfd47a7e00ebe9a3a38190f9
12-12 15:47:16.770  9605 10329 D AatpDeviceManager: k: enabled v: True
12-12 15:47:16.770  9605 10329 D AatpDeviceManager: k: NanoHttpd.QUERY_STRING v: enabled=True
12-12 15:47:16.770  1515  1538 I com.skyfire.browser.toolbar.ProcessObserverService: On importance changed 9605,11597,100
12-12 15:47:16.770  1515  1526 I com.skyfire.browser.toolbar.ProcessObserverService: On importance changed 9605,11597,130
12-12 15:47:16.770  9605  9605 D AatpDeviceManager: taskStatus update (99d584cd79a72389bfd47a7e00ebe9a3a38190f9: {"state":1})
12-12 15:47:16.780   962   962 D NotificationService: updateLightListLocked :r=null, action=2
12-12 15:47:16.780  9605 10329 D Aatp    : /task/99d584cd79a72389bfd47a7e00ebe9a3a38190f9
12-12 15:47:16.800   962  1181 D WifiService: New client listening to asynchronous messages
12-12 15:47:16.810  9605 10330 D AWSDeviceFarmAndroidLib: setWifiEnabled: setting wifi to: true
12-12 15:47:16.810   962  1242 D WifiService: setWifiEnabled: true pid=9605, uid=11597, package= com.amazon.aatp.aatpdevicemanager
12-12 15:47:16.810   962  1242 E WifiService: Invoking mWifiStateMachine.setWifiEnabled
12-12 15:47:16.810   962  1242 I WifiService: setWifiEnabled startWifiDelaySendMsg true
12-12 15:47:16.840   962  1181 D WifiStateMachine: setting operational mode to 1
12-12 15:47:16.840   962  1177 D WifiStateMachine: handleMessage: E msg.what=131083
12-12 15:47:16.840   962  1177 D WifiStateMachine: processMsg: InitialState
12-12 15:47:16.840   962  1177 E WifiUtil: wfc_util_ffile_check_copy(): pid[962] pDestFName[/data/misc/wifi/WCNSS_qcom_cfg.ini] pSourceFName[/system/etc/wifi/WCNSS_qcom_cfg.ini]
12-12 15:47:16.840   962  1177 E WifiUtil: wfc_util_ffile_check_copy(): mode[432] uID[1000] gID[1010]
12-12 15:47:16.840   962  1177 E WifiUtil: wfc_util_ffile_check_copy(): pid[962] pDestFName[/data/misc/wifi/WCNSS_qcom_wlan_nv.bin] pSourceFName[/system/etc/wifi/WCNSS_qcom_wlan_nv.bin]
12-12 15:47:16.840   962  1177 E WifiUtil: wfc_util_ffile_check_copy(): mode[432] uID[1000] gID[1010]
12-12 15:47:16.850   962  1177 I WifiUtil: Intf0MacAddress=000AF58989FF
12-12 15:47:16.850   962  1177 E WifiUtil: Change Intf0MacAddress=583F54DF1080
12-12 15:47:16.870   962  1177 I WifiUtil: We don't need to write the default value for NvFilelds
12-12 15:47:16.870   962  1177 E WifiHW  : [wifi_ensure_config_files] default country1 = US
12-12 15:47:16.870   962  1177 E WifiHW  : [wifi_ensure_config_files] default country2 = US
12-12 15:47:16.870   962  1177 I WifiUtil: gEnableBmps=1
12-12 15:47:16.870   306   385 I Vold    : [LGE][VOLD][NetlinkHandler.cpp][onEvent()] subsys:firmware, action:1
12-12 15:47:16.900   306   385 I Vold    : [LGE][VOLD][NetlinkHandler.cpp][onEvent()] subsys:firmware, action:2
12-12 15:47:16.900   306   385 I Vold    : [LGE][VOLD][NetlinkHandler.cpp][onEvent()] subsys:firmware, action:1
12-12 15:47:16.910   306   385 I Vold    : [LGE][VOLD][NetlinkHandler.cpp][onEvent()] subsys:firmware, action:2
12-12 15:47:16.910   306   385 I Vold    : [LGE][VOLD][NetlinkHandler.cpp][onEvent()] subsys:firmware, action:1
12-12 15:47:16.920  9605 10334 D Aatp    : /task/99d584cd79a72389bfd47a7e00ebe9a3a38190f9/status
12-12 15:47:16.930   306   385 I Vold    : [LGE][VOLD][NetlinkHandler.cpp][onEvent()] subsys:firmware, action:2
12-12 15:47:16.930   306   385 I Vold    : [LGE][VOLD][NetlinkHandler.cpp][onEvent()] subsys:firmware, action:1
12-12 15:47:16.940   306   385 I Vold    : [LGE][VOLD][NetlinkHandler.cpp][onEvent()] subsys:firmware, action:2
12-12 15:47:17.050   306   385 I Vold    : [LGE][VOLD][NetlinkHandler.cpp][onEvent()] subsys:ieee80211, action:1
12-12 15:47:17.060   306   385 I Vold    : [LGE][VOLD][NetlinkHandler.cpp][onEvent()] subsys:net, action:1
12-12 15:47:17.060   306   385 I Vold    : [LGE][VOLD][NetlinkHandler.cpp][onEvent()] subsys:queues, action:1
12-12 15:47:17.060   306   385 I Vold    : [LGE][VOLD][NetlinkHandler.cpp][onEvent()] subsys:queues, action:1
12-12 15:47:17.060   306   385 I Vold    : [LGE][VOLD][NetlinkHandler.cpp][onEvent()] subsys:queues, action:1
12-12 15:47:17.060   306   385 I Vold    : [LGE][VOLD][NetlinkHandler.cpp][onEvent()] subsys:queues, action:1
12-12 15:47:17.060   306   385 I Vold    : [LGE][VOLD][NetlinkHandler.cpp][onEvent()] subsys:queues, action:1
12-12 15:47:17.060   306   385 I Vold    : [LGE][VOLD][NetlinkHandler.cpp][onEvent()] subsys:queues, action:1
12-12 15:47:17.060   306   385 I Vold    : [LGE][VOLD][NetlinkHandler.cpp][onEvent()] subsys:queues, action:1
12-12 15:47:17.060   962  1035 D Tethering: interfaceAdded wlan0
12-12 15:47:17.060   306   385 I Vold    : [LGE][VOLD][NetlinkHandler.cpp][onEvent()] subsys:queues, action:1
12-12 15:47:17.070   312   992 D SoftapController: Softap fwReload - Ok
12-12 15:47:17.070   306   385 I Vold    : [LGE][VOLD][NetlinkHandler.cpp][onEvent()] subsys:net, action:1
12-12 15:47:17.070   306   385 I Vold    : [LGE][VOLD][NetlinkHandler.cpp][onEvent()] subsys:queues, action:1
12-12 15:47:17.070   306   385 I Vold    : [LGE][VOLD][NetlinkHandler.cpp][onEvent()] subsys:queues, action:1
12-12 15:47:17.070   306   385 I Vold    : [LGE][VOLD][NetlinkHandler.cpp][onEvent()] subsys:queues, action:1
12-12 15:47:17.070   306   385 I Vold    : [LGE][VOLD][NetlinkHandler.cpp][onEvent()] subsys:queues, action:1
12-12 15:47:17.070   306   385 I Vold    : [LGE][VOLD][NetlinkHandler.cpp][onEvent()] subsys:queues, action:1
12-12 15:47:17.070   306   385 I Vold    : [LGE][VOLD][NetlinkHandler.cpp][onEvent()] subsys:queues, action:1
12-12 15:47:17.070   306   385 I Vold    : [LGE][VOLD][NetlinkHandler.cpp][onEvent()] subsys:queues, action:1
12-12 15:47:17.070   306   385 I Vold    : [LGE][VOLD][NetlinkHandler.cpp][onEvent()] subsys:queues, action:1
12-12 15:47:17.070   962  1035 D Tethering: interfaceLinkStateChanged wlan0, false
12-12 15:47:17.070   962  1035 D Tethering: interfaceStatusChanged wlan0, false
12-12 15:47:17.070   962  1037 D Tethering: [EntitlementCheck] Tethering End   reset Alarm 
12-12 15:47:17.080   962  1035 D Tethering: interfaceAdded p2p0
12-12 15:47:17.080   962  1035 D Tethering: p2p0 is not a tetherable iface, ignoring
12-12 15:47:17.080   962  1035 D Tethering: interfaceLinkStateChanged p2p0, false
12-12 15:47:17.080   962  1035 D Tethering: interfaceStatusChanged p2p0, false
12-12 15:47:17.080   962  1177 D libc    : getaddrinfo called from pid =962
12-12 15:47:17.080   312   992 D CommandListener: Setting iface cfg
12-12 15:47:17.080   312   992 D CommandListener: Trying to bring down wlan0
12-12 15:47:17.080   962  1177 D WifiMonitor: WifiMonitorSingleton gotten
12-12 15:47:17.090   962  1037 D Tethering: Exception adding default nw to upstreamIfaceTypes: java.lang.NullPointerException
12-12 15:47:17.090   962  1171 D libc    : getaddrinfo called from pid =962
12-12 15:47:17.090   962  1177 D WifiStateMachine: setWifiState: enabling
12-12 15:47:17.100   962  1171 D libc    : getaddrinfo called from pid =962
12-12 15:47:17.100   962  1037 D Tethering: sendTetherStateChangedBroadcast 0, 0, 0
12-12 15:47:17.100   312 10344 D libc    : getaddrinfo called from pid =312
12-12 15:47:17.100   312 10344 D libc    : _dns_getaddrinfo: iptype =0
12-12 15:47:17.100   312 10344 D libc    : _dns_getaddrinfo: query_ipv4=0, query_ipv6=0
12-12 15:47:17.100   962  1177 E WifiStateMachine: Couldn't get getWiFiOffloadingIface : 
12-12 15:47:17.100   962  1177 E WifiStateMachine: useWiFiOffloading() : false
12-12 15:47:17.100   962  1177 E WifiStateMachine: CONFIG_LGE_WLAN_PATH : true
12-12 15:47:17.110   962  1177 D WifiStateMachine: Supplicant start successful
12-12 15:47:17.110   962  1171 D libc    : remote DNS query failed we don't need to try local DNS query result_code =401
12-12 15:47:17.110   962  1177 D WifiMonitor: WifiMonitorSingleton gotten
12-12 15:47:17.110   962  1177 D WifiMonitor: startMonitoring(wlan0) with mConnected = false
12-12 15:47:17.110   962  1037 D Tethering: InitialState.processMessage what=4
12-12 15:47:17.110   962  1037 D Tethering: [EntitlementCheck] Tethering End   reset Alarm 
12-12 15:47:17.110   962  1177 D WifiMonitor: connecting to supplicant
12-12 15:47:17.120   962  1171 D libc    : dnsproxy getaddrinfo returns 401
12-12 15:47:17.120   962  1037 D Tethering: Exception adding default nw to upstreamIfaceTypes: java.lang.NullPointerException
12-12 15:47:17.120  1213  1213 V WfdStateTracker: WfdStateTracker handleDirectStateChangedEvent: 1
12-12 15:47:17.120   962  1037 D Tethering: sendTetherStateChangedBroadcast 0, 0, 0
12-12 15:47:17.120   962  1035 D DSQN    : DNSproblemNotiEnabled is disabled ignore DNS fail CB
12-12 15:47:17.130 10343 10343 D wpa_supplicant: wpa_supplicant v2.1-devel-4.4.2
12-12 15:47:17.130   962   962 I WifiServiceExtension: WIFI_STATE_CHANGED_ACTION [2]
12-12 15:47:17.130 10343 10343 D wpa_supplicant: random: Added entropy from /data/misc/wifi/entropy.bin (own_pool_ready=2)
12-12 15:47:17.130 10343 10343 D wpa_supplicant: random: Trying to read entropy from /dev/random
12-12 15:47:17.130 10343 10343 D wpa_supplicant: Get randomness: len=20 entropy=1
12-12 15:47:17.140 10343 10343 D wpa_supplicant: random: Updated entropy file /data/misc/wifi/entropy.bin (own_pool_ready=2)
12-12 15:47:17.140 10343 10343 D wpa_supplicant: Global control interface '@android:wpa_wlan0'
12-12 15:47:17.140 10343 10343 D wpa_supplicant: Using Android control socket 'wpa_wlan0'
12-12 15:47:17.140 10343 10343 I wpa_supplicant: Successfully initialized wpa_supplicant
12-12 15:47:17.140 10343 10343 D wpa_supplicant: Override interface parameter: ctrl_interface ('(null)' -> '/data/misc/wifi/sockets')
12-12 15:47:17.140 10343 10343 D wpa_supplicant: Initializing interface 'p2p0' conf '/data/misc/wifi/p2p_supplicant.conf' driver 'nl80211' ctrl_interface '/data/misc/wifi/sockets' bridge 'N/A'
12-12 15:47:17.140 10343 10343 D wpa_supplicant: Configuration file '/data/misc/wifi/p2p_supplicant.conf' -> '/data/misc/wifi/p2p_supplicant.conf'
12-12 15:47:17.140 10343 10343 D wpa_supplicant: Reading configuration file '/data/misc/wifi/p2p_supplicant.conf'
12-12 15:47:17.140 10343 10343 D wpa_supplicant: ctrl_interface='/data/misc/wifi/sockets'
12-12 15:47:17.140 10343 10343 D wpa_supplicant: update_config=1
12-12 15:47:17.140 10343 10343 D wpa_supplicant: device_name='G Pad 7.0 LTE'
12-12 15:47:17.140 10343 10343 D wpa_supplicant: config_methods='virtual_push_button physical_display keypad'
12-12 15:47:17.140 10343 10343 D wpa_supplicant: p2p_ssid_postfix='-G Pad 7.0 LTE'
12-12 15:47:17.140 10343 10343 D wpa_supplicant: persistent_reconnect=1
12-12 15:47:17.140 10343 10343 D wpa_supplicant: Reading configuration file '/system/etc/wifi/p2p_supplicant_overlay.conf'
12-12 15:47:17.150  2235  2235 D ATTAPNWidget: receive WIFI_STATE_CHANGED_ACTION
12-12 15:47:17.150   450   450 E Parcel  : Reading a NULL string not supported here.
12-12 15:47:17.150   450   450 E Parcel  : Reading a NULL string not supported here.
12-12 15:47:17.150   450   450 E Parcel  : Reading a NULL string not supported here.
12-12 15:47:17.150   450   450 E Parcel  : Reading a NULL string not supported here.
12-12 15:47:17.150   450   450 E Parcel  : Reading a NULL string not supported here.
12-12 15:47:17.150 10343 10343 E wpa_supplicant: Line 1: unknown global field 'ble_scan_offload=1'.
12-12 15:47:17.150 10343 10343 E wpa_supplicant: Line 1: Invalid configuration line 'ble_scan_offload=1'.
12-12 15:47:17.150 10343 10343 I wpa_supplicant: rfkill: Cannot open RFKILL control device
12-12 15:47:17.150 10343 10343 D wpa_supplicant: nl80211: RFKILL status not available
12-12 15:47:17.150 10343 10343 D wpa_supplicant: nl80211: Using driver-based off-channel TX
12-12 15:47:17.150 10343 10343 D wpa_supplicant: nl80211: TDLS supported
12-12 15:47:17.150 10343 10343 D wpa_supplicant: nl80211: TDLS external setup
12-12 15:47:17.150 10343 10343 D wpa_supplicant: nl80211: Supports Probe Response offload in AP mode
12-12 15:47:17.150 10343 10343 D wpa_supplicant: nl80211: Use separate P2P group interface (driver advertised support)
12-12 15:47:17.150 10343 10343 D wpa_supplicant: nl80211: Enable multi-channel concurrent (driver advertised support)
12-12 15:47:17.150 10343 10343 D wpa_supplicant: nl80211: Driver is new enough to support monitor-less mode
12-12 15:47:17.150 10343 10343 D wpa_supplicant: nl80211: interface p2p0 in phy phy0
12-12 15:47:17.150 10343 10343 D wpa_supplicant: nl80211: Set mode ifindex 24 iftype 2 (STATION)
12-12 15:47:17.150 10343 10343 D wpa_supplicant: nl80211: Subscribe to mgmt frames with non-AP handle 0xb8c4c590
12-12 15:47:17.150 10343 10343 D wpa_supplicant: nl80211: Register frame type=0xd0 nl_handle=0xb8c4c590
12-12 15:47:17.150 10343 10343 D wpa_supplicant: nl80211: Register frame match - hexdump(len=2): 04 0a
12-12 15:47:17.150 10343 10343 D wpa_supplicant: nl80211: Register frame type=0xd0 nl_handle=0xb8c4c590
12-12 15:47:17.150 10343 10343 D wpa_supplicant: nl80211: Register frame match - hexdump(len=2): 04 0b
12-12 15:47:17.150 10343 10343 D wpa_supplicant: nl80211: Register frame type=0xd0 nl_handle=0xb8c4c590
12-12 15:47:17.150 10343 10343 D wpa_supplicant: nl80211: Register frame match - hexdump(len=2): 04 0c
12-12 15:47:17.150 10343 10343 D wpa_supplicant: nl80211: Register frame type=0xd0 nl_handle=0xb8c4c590
12-12 15:47:17.150 10343 10343 D wpa_supplicant: nl80211: Register frame match - hexdump(len=2): 04 0d
12-12 15:47:17.150 10343 10343 D wpa_supplicant: nl80211: Register frame type=0xd0 nl_handle=0xb8c4c590
12-12 15:47:17.160 10343 10343 D wpa_supplicant: nl80211: Register frame match - hexdump(len=6): 04 09 50 6f 9a 09
12-12 15:47:17.160 10343 10343 D wpa_supplicant: nl80211: Register frame type=0xd0 nl_handle=0xb8c4c590
12-12 15:47:17.160 10343 10343 D wpa_supplicant: nl80211: Register frame match - hexdump(len=5): 7f 50 6f 9a 09
12-12 15:47:17.160   450   450 E Parcel  : Reading a NULL string not supported here.
12-12 15:47:17.160   450   450 E Parcel  : Reading a NULL string not supported here.
12-12 15:47:17.160 10343 10343 D wpa_supplicant: nl80211: Register frame type=0xd0 nl_handle=0xb8c4c590
12-12 15:47:17.160 10343 10343 D wpa_supplicant: nl80211: Register frame match - hexdump(len=2): 04 0e
12-12 15:47:17.160 10343 10343 D wpa_supplicant: nl80211: Register frame type=0xd0 nl_handle=0xb8c4c590
12-12 15:47:17.160 10343 10343 D wpa_supplicant: nl80211: Register frame match - hexdump(len=1): 06
12-12 15:47:17.160 10343 10343 D wpa_supplicant: nl80211: Register frame type=0xd0 nl_handle=0xb8c4c590
12-12 15:47:17.160 10343 10343 D wpa_supplicant: nl80211: Register frame match - hexdump(len=2): 0a 07
