12-12 15:47:03.370  9893  9938 I GAv4    : Google Analytics 11.0.11 is starting up. To enable debug logging on a device run:
12-12 15:47:03.370  9893  9938 I GAv4    :   adb shell setprop log.tag.GAv4 DEBUG
12-12 15:47:03.370  9893  9938 I GAv4    :   adb logcat -s GAv4
12-12 15:47:03.380  9893  9941 W GAv4    : AnalyticsReceiver is not registered or is disabled. Register the receiver for reliable dispatching on non-Google Play devices. See http://goo.gl/8Rd3yj for instructions.
12-12 15:47:03.390  9893  9938 W CoreComponentFactoryImpl: RetainedComponent will not be retained if  djl does not inherit FragmentActivity and fulfill jpt contract.
12-12 15:47:03.420  9893  9893 W FieldDefinition: Ignoring isIndexed constraint as field also has uniqueness constraint (on just this field, and therefore SQLite will have to create an index on that. For field: com.google.android.apps.docs.database.common.FieldDefinition$a@4220dce0
12-12 15:47:03.430  9893  9941 W GAv4    : CampaignTrackingReceiver is not registered, not exported or is disabled. Installation campaign tracking is not possible. See http://goo.gl/8Rd3yj for instructions.
12-12 15:47:03.430  9893  9941 W GAv4    : AnalyticsService not registered in the app manifest. Hits might not be delivered reliably. See http://goo.gl/8Rd3yj for instructions.
12-12 15:47:03.540  9893  9938 I dalvikvm: Could not find method java.util.Locale.toLanguageTag, referenced from method drx.a
12-12 15:47:03.540  9893  9938 W dalvikvm: VFY: unable to resolve virtual method 49887: Ljava/util/Locale;.toLanguageTag ()Ljava/lang/String;
12-12 15:47:03.540  9893  9938 D dalvikvm: VFY: replacing opcode 0x6e at 0x02d6
12-12 15:47:03.580  9893  9938 I dalvikvm: Could not find method java.util.Locale.toLanguageTag, referenced from method drx.a
12-12 15:47:03.580  9893  9938 W dalvikvm: VFY: unable to resolve virtual method 49887: Ljava/util/Locale;.toLanguageTag ()Ljava/lang/String;
12-12 15:47:03.580  9893  9938 D dalvikvm: VFY: replacing opcode 0x6e at 0x00e2
12-12 15:47:03.580  1197  1197 D WallpaperManager: generateBitmap()
12-12 15:47:03.620  9893  9893 W dalvikvm: Unable to resolve superclass of Lcom/google/android/apps/docs/sync/content/ContentSyncJobService; (592)
12-12 15:47:03.620  9893  9893 W dalvikvm: Link of class 'Lcom/google/android/apps/docs/sync/content/ContentSyncJobService;' failed
12-12 15:47:03.620  9893  9893 I dalvikvm: Could not find method com.google.android.apps.docs.sync.content.ContentSyncJobService.a, referenced from method fur.a
12-12 15:47:03.620  9893  9893 W dalvikvm: VFY: unable to resolve static method 20602: Lcom/google/android/apps/docs/sync/content/ContentSyncJobService;.a (Landroid/content/Context;Lfui;)V
12-12 15:47:03.620  9893  9893 D dalvikvm: VFY: replacing opcode 0x71 at 0x0010
12-12 15:47:03.660  9893  9893 W dalvikvm: Unable to resolve superclass of Lcom/google/android/apps/docs/appindexing/AppIndexingJobService; (592)
12-12 15:47:03.660  9893  9893 W dalvikvm: Link of class 'Lcom/google/android/apps/docs/appindexing/AppIndexingJobService;' failed
12-12 15:47:03.660  9893  9893 I dalvikvm: Could not find method com.google.android.apps.docs.appindexing.AppIndexingJobService.a, referenced from method aub.a
12-12 15:47:03.660  9893  9893 W dalvikvm: VFY: unable to resolve static method 16136: Lcom/google/android/apps/docs/appindexing/AppIndexingJobService;.a (Landroid/content/Context;ZJZ)V
12-12 15:47:03.660  9893  9893 D dalvikvm: VFY: replacing opcode 0x71 at 0x001d
12-12 15:47:03.670  9893  9893 W dalvikvm: Unable to resolve superclass of Lcom/google/android/apps/docs/appindexing/AppIndexingJobService; (592)
12-12 15:47:03.670  9893  9893 W dalvikvm: Link of class 'Lcom/google/android/apps/docs/appindexing/AppIndexingJobService;' failed
12-12 15:47:03.670  9893  9893 I dalvikvm: Could not find method com.google.android.apps.docs.appindexing.AppIndexingJobService.a, referenced from method aub.b
12-12 15:47:03.670  9893  9893 W dalvikvm: VFY: unable to resolve static method 16136: Lcom/google/android/apps/docs/appindexing/AppIndexingJobService;.a (Landroid/content/Context;ZJZ)V
12-12 15:47:03.670  9893  9893 D dalvikvm: VFY: replacing opcode 0x71 at 0x000d
12-12 15:47:03.690  9893  9893 E dalvikvm: Could not find class 'android.app.NotificationChannel', referenced from method ewv.a
12-12 15:47:03.690  9893  9893 W dalvikvm: VFY: unable to resolve new-instance 572 (Landroid/app/NotificationChannel;) in Lewv;
12-12 15:47:03.690  9893  9893 D dalvikvm: VFY: replacing opcode 0x22 at 0x001a
12-12 15:47:03.690  9893  9893 E dalvikvm: Could not find class 'android.app.NotificationChannel', referenced from method ewv.a
12-12 15:47:03.690  9893  9893 W dalvikvm: VFY: unable to resolve new-instance 572 (Landroid/app/NotificationChannel;) in Lewv;
12-12 15:47:03.690  9893  9893 D dalvikvm: VFY: replacing opcode 0x22 at 0x002b
12-12 15:47:03.690  9893  9893 I dalvikvm: Could not find method android.app.NotificationManager.createNotificationChannels, referenced from method ewv.a
12-12 15:47:03.690  9893  9893 W dalvikvm: VFY: unable to resolve virtual method 2311: Landroid/app/NotificationManager;.createNotificationChannels (Ljava/util/List;)V
12-12 15:47:03.690  9893  9893 D dalvikvm: VFY: replacing opcode 0x6e at 0x0055
12-12 15:47:03.690  9893  9893 D dalvikvm: DexOpt: unable to opt direct call 0x0902 at 0x26 in Lewv;.a
12-12 15:47:03.690  9893  9893 D dalvikvm: DexOpt: unable to opt direct call 0x0902 at 0x37 in Lewv;.a
12-12 15:47:03.740  9843  9863 D Documents: Update found 7 roots in 1127ms
12-12 15:47:03.750  9843  9843 D Documents: Updating roots due to change at content://com.google.android.apps.docs.storage/root
12-12 15:47:03.760  9843  9954 D Documents: Loading roots for com.android.externalstorage.documents
12-12 15:47:03.760   962  1331 I ActivityManager: Start proc com.lge.defaultaccount for broadcast com.lge.defaultaccount/.receiver.ReceiverBootUp: pid=9957 uid=10072 gids={50072}
12-12 15:47:03.770  9957  9957 I dalvikvm: Enabling JNI app bug workarounds for target SDK version 8...
12-12 15:47:03.770  9843  9955 D Documents: Used cached roots for com.android.externalstorage.documents
12-12 15:47:03.770  9843  9955 D Documents: Used cached roots for com.android.providers.downloads.documents
12-12 15:47:03.770  9843  9955 D Documents: Used cached roots for com.android.providers.media.documents
12-12 15:47:03.770  9843  9955 D Documents: Loading roots for com.google.android.apps.docs.storage
12-12 15:47:03.770  9843  9956 D Documents: Used cached roots for com.android.externalstorage.documents
12-12 15:47:03.770  9843  9956 D Documents: Used cached roots for com.android.providers.downloads.documents
12-12 15:47:03.770  9843  9956 D Documents: Used cached roots for com.android.providers.media.documents
12-12 15:47:03.770  9843  9956 D Documents: Loading roots for com.google.android.apps.docs.storage
12-12 15:47:03.770  1515  1538 I com.skyfire.browser.toolbar.ProcessObserverService: On importance changed 9957,10072,400
12-12 15:47:03.770  9843  9954 D Documents: Used cached roots for com.android.providers.downloads.documents
12-12 15:47:03.780  9843  9954 D Documents: Used cached roots for com.android.providers.media.documents
12-12 15:47:03.780  9843  9954 D Documents: Loading roots for com.google.android.apps.docs.storage
12-12 15:47:03.780  9957  9957 D HyLog   : I : /data/font/config/sfconfig.dat, No such file or directory (2)
12-12 15:47:03.780  9957  9957 D HyLog   : I : /data/font/config/dfactpre.dat, No such file or directory (2)
12-12 15:47:03.780  9957  9957 D HyLog   : I : /data/font/config/sfconfig.dat, No such file or directory (2)
12-12 15:47:03.780  9843  9955 D Documents: Update found 7 roots in 35ms
12-12 15:47:03.780  9843  9956 D Documents: Update found 7 roots in 25ms
12-12 15:47:03.780  9843  9954 D Documents: Update found 7 roots in 36ms
12-12 15:47:03.790  9957  9957 E ReceiverBootUp: Package Name is not 'com.android.providers.calendar'
12-12 15:47:03.790  9957  9957 I Process : Sending signal. PID: 9957 SIG: 9
12-12 15:47:03.800  1213  1232 V SplitWindowPolicyService: requestUpdateStackInfo
12-12 15:47:03.800  1515  1526 I com.skyfire.browser.toolbar.ProcessObserverService: On process died 9957,10072
12-12 15:47:03.800   962  1559 I ActivityManager: Process com.lge.defaultaccount (pid 9957) has died.
12-12 15:47:03.800   962  1559 D ActivityManager: resumeTopActivityLocked: Top activity resumed ActivityRecord{42843920 u0 com.lge.launcher2/.Launcher t1}
12-12 15:47:03.850  5475  5688 D libc    : getaddrinfo called from pid =5475
12-12 15:47:03.850  5475  5688 D libc    : getaddrinfo called from pid =5475
12-12 15:47:03.850   312  9976 D libc    : getaddrinfo called from pid =312
12-12 15:47:03.850   312  9976 D libc    : _dns_getaddrinfo: iptype =0
12-12 15:47:03.850   312  9976 D libc    : _dns_getaddrinfo: query_ipv4=0, query_ipv6=0
12-12 15:47:03.850  5475  5688 D libc    : remote DNS query failed we don't need to try local DNS query result_code =401
12-12 15:47:03.850  5475  5688 D libc    : dnsproxy getaddrinfo returns 401
12-12 15:47:03.860  5475  9926 E GcmPushIntentOperation: Failed to subscribe to GCM: com.google.apps.drive.android
12-12 15:47:03.860  5475  9926 E GcmPushIntentOperation: java.io.IOException: SERVICE_NOT_AVAILABLE
12-12 15:47:03.860  5475  9926 E GcmPushIntentOperation: 	at sxv.b(:com.google.android.gms@11951030:39)
12-12 15:47:03.860  5475  9926 E GcmPushIntentOperation: 	at sxv.a(:com.google.android.gms@11951030:48)
12-12 15:47:03.860  5475  9926 E GcmPushIntentOperation: 	at sxs.b(:com.google.android.gms@11951030:11)
12-12 15:47:03.860  5475  9926 E GcmPushIntentOperation: 	at sxs.a(:com.google.android.gms@11951030:29)
12-12 15:47:03.860  5475  9926 E GcmPushIntentOperation: 	at com.google.android.gms.phenotype.gcmpush.GcmPushIntentOperation.a(:com.google.android.gms@11951030:13)
12-12 15:47:03.860  5475  9926 E GcmPushIntentOperation: 	at com.google.android.gms.phenotype.gcmpush.GcmPushIntentOperation.onHandleIntent(:com.google.android.gms@11951030:6)
12-12 15:47:03.860  5475  9926 E GcmPushIntentOperation: 	at com.google.android.chimera.IntentOperation.onHandleIntent(:com.google.android.gms@11951030:2)
12-12 15:47:03.860  5475  9926 E GcmPushIntentOperation: 	at crm.run(:com.google.android.gms@11951030:10)
12-12 15:47:03.860  5475  9926 E GcmPushIntentOperation: 	at crj.run(:com.google.android.gms@11951030:9)
12-12 15:47:03.860  5475  9926 E GcmPushIntentOperation: 	at java.util.concurrent.ThreadPoolExecutor.runWorker(ThreadPoolExecutor.java:1112)
12-12 15:47:03.860  5475  9926 E GcmPushIntentOperation: 	at java.util.concurrent.ThreadPoolExecutor$Worker.run(ThreadPoolExecutor.java:587)
12-12 15:47:03.860  5475  9926 E GcmPushIntentOperation: 	at java.lang.Thread.run(Thread.java:841)
12-12 15:47:03.860   962  1035 D DSQN    : DNSproblemNotiEnabled is disabled ignore DNS fail CB
12-12 15:47:04.030  9951  9951 D AndroidRuntime: 
12-12 15:47:04.030  9951  9951 D AndroidRuntime: >>>>>> AndroidRuntime START com.android.internal.os.RuntimeInit <<<<<<
12-12 15:47:04.030  9951  9951 D AndroidRuntime: CheckJNI is OFF
12-12 15:47:04.050  9951  9951 D dalvikvm: Trying to load lib libjavacore.so 0x0
12-12 15:47:04.050  9951  9951 D dalvikvm: Added shared lib libjavacore.so 0x0
12-12 15:47:04.050  9951  9951 D dalvikvm: Trying to load lib libnativehelper.so 0x0
12-12 15:47:04.050  9951  9951 D dalvikvm: Added shared lib libnativehelper.so 0x0
12-12 15:47:04.050  9951  9951 D dalvikvm: No JNI_OnLoad found in libnativehelper.so 0x0, skipping init
12-12 15:47:04.090  9951  9951 D dalvikvm: Note: class Landroid/app/ActivityManagerNative; has 184 unimplemented (abstract) methods
12-12 15:47:04.110   306   385 I Vold    : [LGE][VOLD][NetlinkHandler.cpp][onEvent()] subsys:cpu, action:0
12-12 15:47:04.260  9951  9951 E memtrack: Couldn't load memtrack module (No such file or directory)
12-12 15:47:04.260  9951  9951 E android.os.Debug: failed to load memtrack module: -2
12-12 15:47:04.270  1546  1546 D dalvikvm: GC_FOR_ALLOC freed 1961K, 55% free 9304K/20492K, paused 31ms, total 31ms
12-12 15:47:04.280  1546  1546 I dalvikvm-heap: Grow heap (frag case) to 19.535MB for 8192016-byte allocation
12-12 15:47:04.310  1546  1550 D dalvikvm: GC_CONCURRENT freed 5K, 40% free 17299K/28496K, paused 3ms+4ms, total 28ms
12-12 15:47:04.340  9951  9951 D AndroidRuntime: Calling main entry com.android.commands.pm.Pm
12-12 15:47:04.340  1213  1600 V SplitWindowPolicyService: requestUpdateStackInfo
12-12 15:47:04.340   962  1242 I ActivityManager: Force stopping com.android.phone appid=1001 user=0: clear data
12-12 15:47:04.340   962  1242 D ActivityManager: resumeTopActivityLocked: Top activity resumed ActivityRecord{42843920 u0 com.lge.launcher2/.Launcher t1}
12-12 15:47:04.350  1197  1197 I [SystemUI]GlobalAccessView: onReceive = android.intent.action.PACKAGE_RESTARTED
12-12 15:47:04.360  5475  5475 I GeofencerStateMachine: removeGeofences: removeRequest=RemoveGeofencingRequest[REMOVE_ALL packageName=com.android.phone]
12-12 15:47:04.360  9843  9989 D Documents: Used cached roots for com.android.externalstorage.documents
12-12 15:47:04.360  9843  9989 D Documents: Used cached roots for com.android.providers.downloads.documents
12-12 15:47:04.360  9843  9989 D Documents: Used cached roots for com.android.providers.media.documents
12-12 15:47:04.360  9843  9989 D Documents: Loading roots for com.google.android.apps.docs.storage
12-12 15:47:04.360   962   962 I ThemeManagerService: action = android.intent.action.PACKAGE_DATA_CLEARED
12-12 15:47:04.380   323   323 D keystore: calling clear_uid in state: 3
12-12 15:47:04.420   306   385 I Vold    : [LGE][VOLD][NetlinkHandler.cpp][onEvent()] subsys:cpu, action:0
12-12 15:47:04.430  6853  9922 D Wear_Controller: Received broadcast action=android.intent.action.PACKAGE_DATA_CLEARED and uri=com.android.systemui
12-12 15:47:04.430  6853  9996 I LocationSettingsChecker: Removing dialog suppression flag for package com.android.systemui
12-12 15:47:04.440   962  1194 I ActivityManager: Start proc com.google.android.googlequicksearchbox for broadcast com.google.android.googlequicksearchbox/com.android.launcher3.WallpaperChangedReceiver: pid=9998 uid=10050 gids={50050, 3003, 1028, 3002, 1015}
12-12 15:47:04.460  1197  1197 I [SystemUI]QPairHandler: onReceive = android.intent.action.PACKAGE_RESTARTED
12-12 15:47:04.460  1197  1197 I [SystemUI]GlobalAccessView: onReceive = android.intent.action.PACKAGE_DATA_CLEARED
12-12 15:47:04.470  1515  1538 I com.skyfire.browser.toolbar.ProcessObserverService: On importance changed 9998,10050,400
12-12 15:47:04.480  6853  6893 I Icing   : doRemovePackageData com.android.systemui
12-12 15:47:04.490  9998  9998 D HyLog   : I : /data/font/config/sfconfig.dat, No such file or directory (2)
12-12 15:47:04.490  9998  9998 D HyLog   : I : /data/font/config/dfactpre.dat, No such file or directory (2)
12-12 15:47:04.490  9998  9998 D HyLog   : I : /data/font/config/sfconfig.dat, No such file or directory (2)
12-12 15:47:04.490  9951  9951 D AndroidRuntime: Shutting down VM
12-12 15:47:04.500  9951  9980 D dalvikvm: GC_CONCURRENT freed 97K, 15% free 593K/692K, paused 0ms+1ms, total 3ms
12-12 15:47:04.540  9998  9998 V Launcher: LauncherAppState inited
12-12 15:47:04.550  9998  9998 E ActivityThread: Failed to find provider info for com.android.launcher2.settings
12-12 15:47:04.580   962  5456 D dalvikvm: GC_EXPLICIT freed 899K, 46% free 17756K/32384K, paused 8ms+12ms, total 218ms
12-12 15:47:04.580  9843  9989 D Documents: Update found 7 roots in 227ms
12-12 15:47:04.590   962  3337 I ActivityManager: Killing 8733:com.lge.eula/1000 (adj 15): empty #14
12-12 15:47:04.600  1515  1526 I com.skyfire.browser.toolbar.ProcessObserverService: On process died 8733,1000
12-12 15:47:04.600  1213  1601 V SplitWindowPolicyService: requestUpdateStackInfo
12-12 15:47:04.600   962  1545 D ActivityManager: resumeTopActivityLocked: Top activity resumed ActivityRecord{42843920 u0 com.lge.launcher2/.Launcher t1}
12-12 15:47:04.630  1546  1546 D WallpaperManager: generateBitmap()
12-12 15:47:04.640  1546  1546 I [LGHome]EVENT: [LauncherModel.java:1146:onReceive()]onReceive intent=Intent { act=android.intent.action.PACKAGE_DATA_CLEARED dat=package:com.android.phone flg=0x10 (has extras) }
12-12 15:47:04.670   962  1561 I ActivityManager: Start proc com.lge.defaultaccount for broadcast com.lge.defaultaccount/.receiver.ReceiverBootUp: pid=10014 uid=10072 gids={50072}
12-12 15:47:04.680 10014 10014 I dalvikvm: Enabling JNI app bug workarounds for target SDK version 8...
12-12 15:47:04.680  1515  1538 I com.skyfire.browser.toolbar.ProcessObserverService: On importance changed 10014,10072,400
12-12 15:47:04.690 10014 10014 D HyLog   : I : /data/font/config/sfconfig.dat, No such file or directory (2)
12-12 15:47:04.690 10014 10014 D HyLog   : I : /data/font/config/dfactpre.dat, No such file or directory (2)
12-12 15:47:04.690 10014 10014 D HyLog   : I : /data/font/config/sfconfig.dat, No such file or directory (2)
12-12 15:47:04.700 10014 10014 E ReceiverBootUp: Package Name is not 'com.android.providers.calendar'
12-12 15:47:04.700 10014 10014 I Process : Sending signal. PID: 10014 SIG: 9
12-12 15:47:04.700  1213  1224 V SplitWindowPolicyService: requestUpdateStackInfo
12-12 15:47:04.700  1515  1526 I com.skyfire.browser.toolbar.ProcessObserverService: On process died 10014,10072
12-12 15:47:04.700   962  1375 I ActivityManager: Process com.lge.defaultaccount (pid 10014) has died.
12-12 15:47:04.700   962  1375 D ActivityManager: resumeTopActivityLocked: Top activity resumed ActivityRecord{42843920 u0 com.lge.launcher2/.Launcher t1}
12-12 15:47:04.820   306   385 I Vold    : [LGE][VOLD][NetlinkHandler.cpp][onEvent()] subsys:cpu, action:0
12-12 15:47:05.280   306   385 I Vold    : [LGE][VOLD][NetlinkHandler.cpp][onEvent()] subsys:cpu, action:0
12-12 15:47:05.390 10029 10029 D AndroidRuntime: 
12-12 15:47:05.390 10029 10029 D AndroidRuntime: >>>>>> AndroidRuntime START com.android.internal.os.RuntimeInit <<<<<<
12-12 15:47:05.390 10029 10029 D AndroidRuntime: CheckJNI is OFF
12-12 15:47:05.410 10029 10029 D dalvikvm: Trying to load lib libjavacore.so 0x0
12-12 15:47:05.410 10029 10029 D dalvikvm: Added shared lib libjavacore.so 0x0
12-12 15:47:05.410 10029 10029 D dalvikvm: Trying to load lib libnativehelper.so 0x0
12-12 15:47:05.410 10029 10029 D dalvikvm: Added shared lib libnativehelper.so 0x0
12-12 15:47:05.410 10029 10029 D dalvikvm: No JNI_OnLoad found in libnativehelper.so 0x0, skipping init
12-12 15:47:05.410   962  1143 V AlarmManager: ELAPSED_WAKEUP set : Alarm{42251208 type 2 com.google.android.gms} when  1983882
12-12 15:47:05.430  6853  9922 D Wear_Controller: Received broadcast action=android.intent.action.PACKAGE_DATA_CLEARED and uri=com.android.phone
12-12 15:47:05.430  6853  9996 I LocationSettingsChecker: Removing dialog suppression flag for package com.android.phone
12-12 15:47:05.440  6853  6893 I Icing   : doRemovePackageData com.android.phone
12-12 15:47:05.450 10029 10029 D dalvikvm: Note: class Landroid/app/ActivityManagerNative; has 184 unimplemented (abstract) methods
12-12 15:47:05.460  9292  9292 D SyncReceiver: Heartbeat
12-12 15:47:05.470   962  1171 D libc    : getaddrinfo called from pid =962
12-12 15:47:05.470   962  1171 D libc    : getaddrinfo called from pid =962
12-12 15:47:05.470   327   420 I ThermalEngine: Sensor:pa_therm1:26000 mC
12-12 15:47:05.470   312 10042 D libc    : getaddrinfo called from pid =312
12-12 15:47:05.470   312 10042 D libc    : _dns_getaddrinfo: iptype =0
12-12 15:47:05.470   312 10042 D libc    : _dns_getaddrinfo: query_ipv4=0, query_ipv6=0
12-12 15:47:05.470   962  1171 D libc    : remote DNS query failed we don't need to try local DNS query result_code =401
12-12 15:47:05.470   962  1171 D libc    : dnsproxy getaddrinfo returns 401
12-12 15:47:05.470   962  1035 D DSQN    : DNSproblemNotiEnabled is disabled ignore DNS fail CB
12-12 15:47:05.480   306   385 I Vold    : [LGE][VOLD][NetlinkHandler.cpp][onEvent()] subsys:cpu, action:0
12-12 15:47:05.490   306   385 I Vold    : [LGE][VOLD][NetlinkHandler.cpp][onEvent()] subsys:cpu, action:0
12-12 15:47:05.520   962  1172 D libc    : getaddrinfo called from pid =962
12-12 15:47:05.530   962  1182 D ConnectivityServiceHSM: Actual State: DefaultConnectivityState, Current State: DefaultConnectivityState.processMessage what=112
12-12 15:47:05.530   962  1182 D ConnectivityServiceHSM: Actual State: DefaultConnectivityState, Current State: DefaultConnectivityState.processMessage what=112
12-12 15:47:05.530   962  1182 D MobileDataStateTracker: default: setPolicyDataEnable(enabled=true)
12-12 15:47:05.600  6853 10059 I EventLogChimeraService: Aggregate from 1513109821104 (log), 0 (data)
12-12 15:47:05.640 10029 10029 E memtrack: Couldn't load memtrack module (No such file or directory)
12-12 15:47:05.640 10029 10029 E android.os.Debug: failed to load memtrack module: -2
12-12 15:47:05.720 10029 10029 D AndroidRuntime: Calling main entry com.android.commands.pm.Pm
12-12 15:47:05.730   962  1559 I ActivityManager: Force stopping com.google.android.apps.maps appid=10092 user=0: clear data
12-12 15:47:05.730  1515  1538 I com.skyfire.browser.toolbar.ProcessObserverService: On process died 8755,10092
12-12 15:47:05.730  1213  1232 V SplitWindowPolicyService: requestUpdateStackInfo
12-12 15:47:05.730  1197  1197 I [SystemUI]GlobalAccessView: onReceive = android.intent.action.PACKAGE_RESTARTED
12-12 15:47:05.730   323   323 D keystore: calling clear_uid in state: 3
12-12 15:47:05.730   962  1559 I ActivityManager: Killing 8755:com.google.android.apps.maps/u0a92 (adj 15): stop com.google.android.apps.maps
12-12 15:47:05.730   962  1559 D ActivityManager: resumeTopActivityLocked: Top activity resumed ActivityRecord{42843920 u0 com.lge.launcher2/.Launcher t1}
12-12 15:47:05.740  5475  5475 I GeofencerStateMachine: removeGeofences: removeRequest=RemoveGeofencingRequest[REMOVE_ALL packageName=com.google.android.apps.maps]
12-12 15:47:05.740  1546  1546 I [LGHome]EVENT: [LauncherModel.java:1146:onReceive()]onReceive intent=Intent { act=android.intent.action.PACKAGE_DATA_CLEARED dat=package:com.google.android.apps.maps flg=0x10 (has extras) }
12-12 15:47:05.740   962   962 I ThemeManagerService: action = android.intent.action.PACKAGE_DATA_CLEARED
12-12 15:47:05.750  9843  9863 D Documents: Used cached roots for com.android.externalstorage.documents
12-12 15:47:05.750  9843  9863 D Documents: Used cached roots for com.android.providers.downloads.documents
12-12 15:47:05.750  1197  1197 I [SystemUI]QPairHandler: onReceive = android.intent.action.PACKAGE_RESTARTED
12-12 15:47:05.750  1197  1197 I [SystemUI]GlobalAccessView: onReceive = android.intent.action.PACKAGE_DATA_CLEARED
12-12 15:47:05.750  9843  9863 D Documents: Used cached roots for com.android.providers.media.documents
12-12 15:47:05.750  9843  9863 D Documents: Loading roots for com.google.android.apps.docs.storage
12-12 15:47:05.770  9843  9863 D Documents: Update found 7 roots in 20ms
12-12 15:47:05.820  6853 10064 I dalvikvm: Could not find method android.os.UserHandle.isOwner, referenced from method advi.a
12-12 15:47:05.820  6853 10064 W dalvikvm: VFY: unable to resolve virtual method 16805: Landroid/os/UserHandle;.isOwner ()Z
12-12 15:47:05.820  6853 10064 D dalvikvm: VFY: replacing opcode 0x6e at 0x000a
12-12 15:47:05.830  6853 10064 I dalvikvm: Could not find method android.os.UserManager.getUserProfiles, referenced from method adtt.a
12-12 15:47:05.830  6853 10064 W dalvikvm: VFY: unable to resolve virtual method 16810: Landroid/os/UserManager;.getUserProfiles ()Ljava/util/List;
12-12 15:47:05.830  6853 10064 D dalvikvm: VFY: replacing opcode 0x6e at 0x003f
12-12 15:47:05.860  5475  5480 D dalvikvm: GC_CONCURRENT freed 1886K, 42% free 6812K/11632K, paused 3ms+8ms, total 59ms
12-12 15:47:05.860  5475  5572 D dalvikvm: WAIT_FOR_CONCURRENT_GC blocked 32ms
12-12 15:47:05.860   962  1539 I ActivityManager: Start proc com.lge.defaultaccount for broadcast com.lge.defaultaccount/.receiver.ReceiverBootUp: pid=10067 uid=10072 gids={50072}
12-12 15:47:05.870 10067 10067 I dalvikvm: Enabling JNI app bug workarounds for target SDK version 8...
12-12 15:47:05.890  1515  1526 I com.skyfire.browser.toolbar.ProcessObserverService: On importance changed 10067,10072,400
12-12 15:47:05.900 10067 10067 D HyLog   : I : /data/font/config/sfconfig.dat, No such file or directory (2)
12-12 15:47:05.900 10067 10067 D HyLog   : I : /data/font/config/dfactpre.dat, No such file or directory (2)
12-12 15:47:05.900 10067 10067 D HyLog   : I : /data/font/config/sfconfig.dat, No such file or directory (2)
12-12 15:47:05.920 10067 10067 E ReceiverBootUp: Package Name is not 'com.android.providers.calendar'
12-12 15:47:05.920 10067 10067 I Process : Sending signal. PID: 10067 SIG: 9
12-12 15:47:05.920  1213  1600 V SplitWindowPolicyService: requestUpdateStackInfo
12-12 15:47:05.920  1515  1538 I com.skyfire.browser.toolbar.ProcessObserverService: On process died 10067,10072
12-12 15:47:05.920   962  1242 I ActivityManager: Process com.lge.defaultaccount (pid 10067) has died.
12-12 15:47:05.920   962  1242 D ActivityManager: resumeTopActivityLocked: Top activity resumed ActivityRecord{42843920 u0 com.lge.launcher2/.Launcher t1}
12-12 15:47:06.070  6853  6893 I Icing   : Performing maintenance.
12-12 15:47:06.100 10029 10029 D AndroidRuntime: Shutting down VM
12-12 15:47:06.100  5475  5508 W ConfigurationChimeraPro: Got null configs for com.google.android.gms.icing.mdd
12-12 15:47:06.110 10029 10037 D dalvikvm: GC_CONCURRENT freed 97K, 15% free 593K/692K, paused 1ms+0ms, total 4ms
12-12 15:47:06.120  6853  6854 D dalvikvm: GC_CONCURRENT freed 1600K, 51% free 5798K/11632K, paused 4ms+6ms, total 50ms
12-12 15:47:06.140  5475  5651 I zgp     : Scheduling Phenotype for a PhenotypeSyncImmediately(6, com.google.android.gms.icing.mdd) one off with window [1, 2] in seconds
12-12 15:47:06.160  6853  9996 D Wear_Controller: Received broadcast action=android.intent.action.PACKAGE_DATA_CLEARED and uri=com.google.android.apps.maps
12-12 15:47:06.170  6853  9922 I LocationSettingsChecker: Removing dialog suppression flag for package com.google.android.apps.maps
12-12 15:47:06.180  6853  6893 I Icing   : updateResources: need to parse rwo{com.google.android.gms}
12-12 15:47:06.190  5475  9926 E GcmPushIntentOperation: Failed to subscribe to GCM: com.google.android.gms.icing.mdd
12-12 15:47:06.190  5475  9926 E GcmPushIntentOperation: java.io.IOException: SERVICE_NOT_AVAILABLE
12-12 15:47:06.190  5475  9926 E GcmPushIntentOperation: 	at sxv.b(:com.google.android.gms@11951030:39)
12-12 15:47:06.190  5475  9926 E GcmPushIntentOperation: 	at sxv.a(:com.google.android.gms@11951030:48)
12-12 15:47:06.190  5475  9926 E GcmPushIntentOperation: 	at sxs.b(:com.google.android.gms@11951030:11)
12-12 15:47:06.190  5475  9926 E GcmPushIntentOperation: 	at sxs.a(:com.google.android.gms@11951030:29)
12-12 15:47:06.190  5475  9926 E GcmPushIntentOperation: 	at com.google.android.gms.phenotype.gcmpush.GcmPushIntentOperation.a(:com.google.android.gms@11951030:13)
12-12 15:47:06.190  5475  9926 E GcmPushIntentOperation: 	at com.google.android.gms.phenotype.gcmpush.GcmPushIntentOperation.onHandleIntent(:com.google.android.gms@11951030:6)
12-12 15:47:06.190  5475  9926 E GcmPushIntentOperation: 	at com.google.android.chimera.IntentOperation.onHandleIntent(:com.google.android.gms@11951030:2)
12-12 15:47:06.190  5475  9926 E GcmPushIntentOperation: 	at crm.run(:com.google.android.gms@11951030:10)
12-12 15:47:06.190  5475  9926 E GcmPushIntentOperation: 	at crj.run(:com.google.android.gms@11951030:9)
12-12 15:47:06.190  5475  9926 E GcmPushIntentOperation: 	at java.util.concurrent.ThreadPoolExecutor.runWorker(ThreadPoolExecutor.java:1112)
12-12 15:47:06.190  5475  9926 E GcmPushIntentOperation: 	at java.util.concurrent.ThreadPoolExecutor$Worker.run(ThreadPoolExecutor.java:587)
12-12 15:47:06.190  5475  9926 E GcmPushIntentOperation: 	at java.lang.Thread.run(Thread.java:841)
12-12 15:47:06.390  9893  9940 I dalvikvm: Could not find method android.provider.DocumentsContract.getTreeDocumentId, referenced from method fsk.a
12-12 15:47:06.390  9893  9940 W dalvikvm: VFY: unable to resolve static method 4184: Landroid/provider/DocumentsContract;.getTreeDocumentId (Landroid/net/Uri;)Ljava/lang/String;
12-12 15:47:06.390  9893  9940 D dalvikvm: VFY: replacing opcode 0x71 at 0x0075
12-12 15:47:06.450   306   385 I Vold    : [LGE][VOLD][NetlinkHandler.cpp][onEvent()] subsys:cpu, action:0
12-12 15:47:06.500   306   385 I Vold    : [LGE][VOLD][NetlinkHandler.cpp][onEvent()] subsys:cpu, action:0
12-12 15:47:06.510  9893  9940 I dalvikvm: Could not find method android.content.ContextWrapper.createCredentialProtectedStorageContext, referenced from method jwn.createCredentialProtectedStorageContext
12-12 15:47:06.510  9893  9940 W dalvikvm: VFY: unable to resolve virtual method 1708: Landroid/content/ContextWrapper;.createCredentialProtectedStorageContext ()Landroid/content/Context;
12-12 15:47:06.510  9893  9940 D dalvikvm: VFY: replacing opcode 0x6f at 0x0002
12-12 15:47:06.510  9893  9940 I dalvikvm: Could not find method android.content.ContextWrapper.createDeviceProtectedStorageContext, referenced from method jwn.createDeviceProtectedStorageContext
12-12 15:47:06.510  9893  9940 W dalvikvm: VFY: unable to resolve virtual method 1709: Landroid/content/ContextWrapper;.createDeviceProtectedStorageContext ()Landroid/content/Context;
12-12 15:47:06.510  9893  9940 D dalvikvm: VFY: replacing opcode 0x6f at 0x0002
12-12 15:47:06.520  9893  9940 D dalvikvm: DexOpt: couldn't find static field Landroid/os/Build;.SUPPORTED_ABIS
12-12 15:47:06.520  9893  9940 W dalvikvm: VFY: unable to resolve static field 918 (SUPPORTED_ABIS) in Landroid/os/Build;
12-12 15:47:06.520  9893  9940 D dalvikvm: VFY: replacing opcode 0x62 at 0x0008
12-12 15:47:06.520  9893  9940 D dalvikvm: DexOpt: couldn't find static field Landroid/os/Build;.SUPPORTED_ABIS
12-12 15:47:06.520  9893  9940 W dalvikvm: VFY: unable to resolve static field 918 (SUPPORTED_ABIS) in Landroid/os/Build;
12-12 15:47:06.520  9893  9940 D dalvikvm: VFY: replacing opcode 0x62 at 0x0097
12-12 15:47:06.530  9893  9940 D dalvikvm: DexOpt: couldn't find field Landroid/content/pm/ApplicationInfo;.splitSourceDirs
12-12 15:47:06.530  9893  9940 W dalvikvm: VFY: unable to resolve instance field 849
12-12 15:47:06.530  9893  9940 D dalvikvm: VFY: replacing opcode 0x54 at 0x0053
12-12 15:47:06.540  9893  9940 D dalvikvm: DexOpt: couldn't find field Landroid/content/pm/ApplicationInfo;.splitSourceDirs
12-12 15:47:06.540  9893  9940 I dalvikvm: DexOpt: unable to optimize instance field ref 0x0351 at 0x57 in Lkgr;.d
12-12 15:47:06.540  9893  9940 I dalvikvm: Could not find method android.content.ContextWrapper.createCredentialProtectedStorageContext, referenced from method com.google.android.chimera.ModuleContext.createCredentialProtectedStorageContext
12-12 15:47:06.540  9893  9940 W dalvikvm: VFY: unable to resolve virtual method 1708: Landroid/content/ContextWrapper;.createCredentialProtectedStorageContext ()Landroid/content/Context;
12-12 15:47:06.540  9893  9940 D dalvikvm: VFY: replacing opcode 0x6f at 0x0002
12-12 15:47:06.540  9893  9940 I dalvikvm: Could not find method android.content.ContextWrapper.createDeviceProtectedStorageContext, referenced from method com.google.android.chimera.ModuleContext.createDeviceProtectedStorageContext
12-12 15:47:06.540  9893  9940 W dalvikvm: VFY: unable to resolve virtual method 1709: Landroid/content/ContextWrapper;.createDeviceProtectedStorageContext ()Landroid/content/Context;
12-12 15:47:06.540  9893  9940 D dalvikvm: VFY: replacing opcode 0x6f at 0x0002
12-12 15:47:06.550  9893  9940 W dalvikvm: VFY: unable to find class referenced in signature (Larql;)
12-12 15:47:06.560  9893  9940 I dalvikvm: Could not find method android.content.Context.isDeviceProtectedStorage, referenced from method kel.d
12-12 15:47:06.560  9893  9940 W dalvikvm: VFY: unable to resolve virtual method 1689: Landroid/content/Context;.isDeviceProtectedStorage ()Z
12-12 15:47:06.560  9893  9940 D dalvikvm: VFY: replacing opcode 0x6e at 0x0006
12-12 15:47:06.560  9893  9940 I dalvikvm: Could not find method android.os.UserHandle.isOwner, referenced from method kel.i
12-12 15:47:06.560  9893  9940 W dalvikvm: VFY: unable to resolve virtual method 2304: Landroid/os/UserHandle;.isOwner ()Z
12-12 15:47:06.560  9893  9940 D dalvikvm: VFY: replacing opcode 0x6e at 0x000a
12-12 15:47:06.570  9893  9940 I dalvikvm: Could not find method android.content.Context.createDeviceProtectedStorageContext, referenced from method jkx.a
12-12 15:47:06.570  9893  9940 W dalvikvm: VFY: unable to resolve virtual method 1659: Landroid/content/Context;.createDeviceProtectedStorageContext ()Landroid/content/Context;
12-12 15:47:06.570  9893  9940 D dalvikvm: VFY: replacing opcode 0x6e at 0x0029
12-12 15:47:06.570  9893  9940 I dalvikvm: Could not find method android.content.Context.getSystemService, referenced from method jkx.b
12-12 15:47:06.570  9893  9940 W dalvikvm: VFY: unable to resolve virtual method 1684: Landroid/content/Context;.getSystemService (Ljava/lang/Class;)Ljava/lang/Object;
12-12 15:47:06.570  9893  9940 D dalvikvm: VFY: replacing opcode 0x6e at 0x000b
12-12 15:47:06.570  9893  9940 D dalvikvm: Trying to load lib /data/app-lib/com.google.android.gms-2/libgmscore.so 0x4249c560
12-12 15:47:06.570  9893  9940 D dalvikvm: Added shared lib /data/app-lib/com.google.android.gms-2/libgmscore.so 0x4249c560
12-12 15:47:06.570  9893  9940 D dalvikvm: No JNI_OnLoad found in /data/app-lib/com.google.android.gms-2/libgmscore.so 0x4249c560, skipping init
12-12 15:47:06.570  9893  9940 I dalvikvm: Could not find method android.content.pm.PackageManager.isInstantApp, referenced from method kkc.a
12-12 15:47:06.570  9893  9940 W dalvikvm: VFY: unable to resolve virtual method 1808: Landroid/content/pm/PackageManager;.isInstantApp (Ljava/lang/String;)Z
12-12 15:47:06.570  9893  9940 D dalvikvm: VFY: replacing opcode 0x6e at 0x002d
12-12 15:47:06.580  9893  9940 D dalvikvm: Trying to load lib /data/app-lib/com.google.android.gms-2/libconscrypt_gmscore_jni.so 0x4249c560
12-12 15:47:06.580  9893  9940 D dalvikvm: Added shared lib /data/app-lib/com.google.android.gms-2/libconscrypt_gmscore_jni.so 0x4249c560
12-12 15:47:06.580  9893  9940 V NativeCrypto: Registering com/google/android/gms/org/conscrypt/NativeCrypto's 276 native methods...
12-12 15:47:06.590  9893  9940 E dalvikvm: Could not find class 'javax.net.ssl.SNIServerName', referenced from method com.google.android.gms.org.conscrypt.Platform.getSniHostnameFromParams
12-12 15:47:06.590  9893  9940 W dalvikvm: VFY: unable to resolve check-cast 2222 (Ljavax/net/ssl/SNIServerName;) in Lcom/google/android/gms/org/conscrypt/Platform;
12-12 15:47:06.590  9893  9940 D dalvikvm: VFY: replacing opcode 0x1f at 0x0025
12-12 15:47:06.600  9893  9940 E dalvikvm: Could not find class 'javax.net.ssl.SNIHostName', referenced from method com.google.android.gms.org.conscrypt.Platform.setParametersSniHostname
12-12 15:47:06.600  9893  9940 W dalvikvm: VFY: unable to resolve new-instance 2221 (Ljavax/net/ssl/SNIHostName;) in Lcom/google/android/gms/org/conscrypt/Platform;
12-12 15:47:06.600  9893  9940 D dalvikvm: VFY: replacing opcode 0x22 at 0x0024
12-12 15:47:06.600  9893  9940 E dalvikvm: Could not find class 'javax.net.ssl.SNIHostName', referenced from method com.google.android.gms.org.conscrypt.Platform.setParametersSniHostname
12-12 15:47:06.600  9893  9940 W dalvikvm: VFY: unable to resolve new-instance 2221 (Ljavax/net/ssl/SNIHostName;) in Lcom/google/android/gms/org/conscrypt/Platform;
12-12 15:47:06.600  9893  9940 D dalvikvm: VFY: replacing opcode 0x22 at 0x0024
12-12 15:47:06.600  9893  9940 W dalvikvm: Unable to resolve superclass of Lcom/google/android/gms/org/conscrypt/DelegatingExtendedSSLSession; (2212)
12-12 15:47:06.600  9893  9940 W dalvikvm: Link of class 'Lcom/google/android/gms/org/conscrypt/DelegatingExtendedSSLSession;' failed
12-12 15:47:06.600  9893  9940 E dalvikvm: Could not find class 'com.google.android.gms.org.conscrypt.DelegatingExtendedSSLSession', referenced from method com.google.android.gms.org.conscrypt.Platform.unwrapSSLSession
12-12 15:47:06.600  9893  9940 W dalvikvm: VFY: unable to resolve instanceof 1304 (Lcom/google/android/gms/org/conscrypt/DelegatingExtendedSSLSession;) in Lcom/google/android/gms/org/conscrypt/Platform;
12-12 15:47:06.600  9893  9940 D dalvikvm: VFY: replacing opcode 0x20 at 0x0007
12-12 15:47:06.610  9893  9940 W dalvikvm: Unable to resolve superclass of Lcom/google/android/gms/org/conscrypt/DelegatingExtendedSSLSession; (2212)
12-12 15:47:06.610  9893  9940 W dalvikvm: Link of class 'Lcom/google/android/gms/org/conscrypt/DelegatingExtendedSSLSession;' failed
12-12 15:47:06.610  9893  9940 E dalvikvm: Could not find class 'com.google.android.gms.org.conscrypt.DelegatingExtendedSSLSession', referenced from method com.google.android.gms.org.conscrypt.Platform.wrapSSLSession
12-12 15:47:06.610  9893  9940 W dalvikvm: VFY: unable to resolve new-instance 1304 (Lcom/google/android/gms/org/conscrypt/DelegatingExtendedSSLSession;) in Lcom/google/android/gms/org/conscrypt/Platform;
12-12 15:47:06.610  9893  9940 D dalvikvm: VFY: replacing opcode 0x22 at 0x0007
12-12 15:47:06.610  9893  9940 D dalvikvm: DexOpt: unable to opt direct call 0x3096 at 0x2a in Lcom/google/android/gms/org/conscrypt/Platform;.setParametersSniHostname
12-12 15:47:06.610  9893  9940 D dalvikvm: DexOpt: unable to opt direct call 0x3096 at 0x2a in Lcom/google/android/gms/org/conscrypt/Platform;.setParametersSniHostname
12-12 15:47:06.610  9893  9940 W dalvikvm: Unable to resolve superclass of Lcom/google/android/gms/org/conscrypt/DelegatingExtendedSSLSession; (2212)
12-12 15:47:06.610  9893  9940 W dalvikvm: Link of class 'Lcom/google/android/gms/org/conscrypt/DelegatingExtendedSSLSession;' failed
12-12 15:47:06.610  9893  9940 D dalvikvm: DexOpt: unable to opt direct call 0x1b67 at 0x09 in Lcom/google/android/gms/org/conscrypt/Platform;.wrapSSLSession
12-12 15:47:06.690  6853  6893 W Icing   : isOptedInForAppHistory: empty Account Name encountered
12-12 15:47:06.700  6853  6893 I Icing   : Performing maintenance usage 1710299 budget 5066220653 free 99.966% index free 99.975% purge? false target 3546354457
12-12 15:47:06.700   306   385 I Vold    : [LGE][VOLD][NetlinkHandler.cpp][onEvent()] subsys:cpu, action:0
12-12 15:47:06.720  6853  6893 I IcingInternalCorpora: Scheduling FileGroupUpdate internal method
12-12 15:47:06.730  6853  6895 I IcingInternalCorpora: FileGroupUpdate internal method executing
12-12 15:47:06.740  6853  6930 I Icing   : IndexChimeraService.getServiceInterface callingPackage=com.google.android.gms componentName=Suggest2GCorpus serviceId=32
12-12 15:47:06.740  6853  6910 I Icing   : IndexChimeraService.getServiceInterface callingPackage=com.google.android.gms componentName=Suggest2GCorpus serviceId=36
12-12 15:47:06.790  6853  6854 D dalvikvm: GC_CONCURRENT freed 2060K, 51% free 5707K/11632K, paused 4ms+6ms, total 51ms
12-12 15:47:06.810   306   385 I Vold    : [LGE][VOLD][NetlinkHandler.cpp][onEvent()] subsys:cpu, action:0
12-12 15:47:06.840  6853  6893 W Icing   : transportation_script_path is empty
12-12 15:47:06.840  6853  6893 W Icing   : generic::invalid_argument: Empty URI
12-12 15:47:06.840  6853  6893 W Icing   : generic::invalid_argument: Empty URI
12-12 15:47:06.840  6853  6893 W Icing   : WordsMap was not properly initialized
12-12 15:47:06.840  6853  6893 I Icing   : Rebuilding index.
12-12 15:47:06.870  9893  9940 D dalvikvm: Trying to load lib /data/app-lib/com.google.android.gms-2/libgmscore.so 0x4249c560
12-12 15:47:06.870  9893  9940 D dalvikvm: Shared lib '/data/app-lib/com.google.android.gms-2/libgmscore.so' already loaded in same CL 0x4249c560
12-12 15:47:06.870  9893  9940 D dalvikvm: Trying to load lib /data/app-lib/com.google.android.gms-2/libconscrypt_gmscore_jni.so 0x4249c560
12-12 15:47:06.870  9893  9940 D dalvikvm: Shared lib '/data/app-lib/com.google.android.gms-2/libconscrypt_gmscore_jni.so' already loaded in same CL 0x4249c560
12-12 15:47:06.910 10099 10099 D AndroidRuntime: 
12-12 15:47:06.910 10099 10099 D AndroidRuntime: >>>>>> AndroidRuntime START com.android.internal.os.RuntimeInit <<<<<<
12-12 15:47:06.910 10099 10099 D AndroidRuntime: CheckJNI is OFF
12-12 15:47:06.930 10099 10099 D dalvikvm: Trying to load lib libjavacore.so 0x0
12-12 15:47:06.930 10099 10099 D dalvikvm: Added shared lib libjavacore.so 0x0
12-12 15:47:06.930 10099 10099 D dalvikvm: Trying to load lib libnativehelper.so 0x0
12-12 15:47:06.930 10099 10099 D dalvikvm: Added shared lib libnativehelper.so 0x0
12-12 15:47:06.930 10099 10099 D dalvikvm: No JNI_OnLoad found in libnativehelper.so 0x0, skipping init
12-12 15:47:06.940  9893  9940 I ProviderInstaller: Installed default security provider GmsCore_OpenSSL
12-12 15:47:06.970 10099 10099 D dalvikvm: Note: class Landroid/app/ActivityManagerNative; has 184 unimplemented (abstract) methods
12-12 15:47:07.110   306   385 I Vold    : [LGE][VOLD][NetlinkHandler.cpp][onEvent()] subsys:cpu, action:0
12-12 15:47:07.140 10099 10099 E memtrack: Couldn't load memtrack module (No such file or directory)
12-12 15:47:07.140 10099 10099 E android.os.Debug: failed to load memtrack module: -2
12-12 15:47:07.160   306   385 I Vold    : [LGE][VOLD][NetlinkHandler.cpp][onEvent()] subsys:cpu, action:0
12-12 15:47:07.180  6853  6893 I Icing   : Flash index sort hb 268 prefix-hits 588 -> 585 at 33.401ms
12-12 15:47:07.240 10099 10099 D AndroidRuntime: Calling main entry com.android.commands.pm.Pm
12-12 15:47:07.250   962  1558 I ActivityManager: Force stopping com.android.settings appid=1000 user=0: clear data
12-12 15:47:07.250   962  1558 I ActivityManager: Killing 2840:com.android.settings/1000 (adj 15): stop com.android.settings
12-12 15:47:07.250  1515  1526 I com.skyfire.browser.toolbar.ProcessObserverService: On process died 2840,1000
12-12 15:47:07.250  1213  1601 V SplitWindowPolicyService: requestUpdateStackInfo
12-12 15:47:07.250   962  1558 W ActivityManager: Scheduling restart of crashed service com.android.settings/.powersave.PowerSaveService in 1000ms
12-12 15:47:07.250   962  1558 I ActivityManager:   Force stopping service ServiceRecord{42d2a5b0 u0 com.android.settings/.powersave.PowerSaveService}
12-12 15:47:07.250   962  1558 D ActivityManager: resumeTopActivityLocked: Top activity resumed ActivityRecord{42843920 u0 com.lge.launcher2/.Launcher t1}
12-12 15:47:07.260  1197  1197 I [SystemUI]GlobalAccessView: onReceive = android.intent.action.PACKAGE_RESTARTED
12-12 15:47:07.260  5475  5475 I GeofencerStateMachine: removeGeofences: removeRequest=RemoveGeofencingRequest[REMOVE_ALL packageName=com.android.settings]
12-12 15:47:07.260  1546  1546 I [LGHome]EVENT: [LauncherModel.java:1146:onReceive()]onReceive intent=Intent { act=android.intent.action.PACKAGE_DATA_CLEARED dat=package:com.android.settings flg=0x10 (has extras) }
12-12 15:47:07.270  1197  1197 I [SystemUI]QPairHandler: onReceive = android.intent.action.PACKAGE_RESTARTED
12-12 15:47:07.270  1197  1197 I [SystemUI]GlobalAccessView: onReceive = android.intent.action.PACKAGE_DATA_CLEARED
12-12 15:47:07.270   962   962 I ThemeManagerService: action = android.intent.action.PACKAGE_DATA_CLEARED
12-12 15:47:07.290   323   323 D keystore: calling clear_uid in state: 3
12-12 15:47:07.290  9843  9955 D Documents: Used cached roots for com.android.externalstorage.documents
12-12 15:47:07.290  9843  9955 D Documents: Used cached roots for com.android.providers.downloads.documents
12-12 15:47:07.290  9843  9955 D Documents: Used cached roots for com.android.providers.media.documents
12-12 15:47:07.290  9843  9955 D Documents: Loading roots for com.google.android.apps.docs.storage
12-12 15:47:07.300  9843  9955 D Documents: Update found 7 roots in 15ms
12-12 15:47:07.300  6853  6895 I IcingInternalCorpora: Requesting indexing of suggest_query
12-12 15:47:07.310 10099 10099 D AndroidRuntime: Shutting down VM
12-12 15:47:07.320 10099 10118 D dalvikvm: GC_CONCURRENT freed 97K, 15% free 593K/692K, paused 1ms+0ms, total 5ms
12-12 15:47:07.320   306   385 I Vold    : [LGE][VOLD][NetlinkHandler.cpp][onEvent()] subsys:cpu, action:0
12-12 15:47:07.320   306   385 I Vold    : [LGE][VOLD][NetlinkHandler.cpp][onEvent()] subsys:cpu, action:0
12-12 15:47:07.410   962  1242 I ActivityManager: Start proc com.lge.defaultaccount for broadcast com.lge.defaultaccount/.receiver.ReceiverBootUp: pid=10139 uid=10072 gids={50072}
12-12 15:47:07.420 10139 10139 I dalvikvm: Enabling JNI app bug workarounds for target SDK version 8...
12-12 15:47:07.420  1515  1538 I com.skyfire.browser.toolbar.ProcessObserverService: On importance changed 10139,10072,400
12-12 15:47:07.430 10139 10139 D HyLog   : I : /data/font/config/sfconfig.dat, No such file or directory (2)
12-12 15:47:07.430 10139 10139 D HyLog   : I : /data/font/config/dfactpre.dat, No such file or directory (2)
12-12 15:47:07.430 10139 10139 D HyLog   : I : /data/font/config/sfconfig.dat, No such file or directory (2)
12-12 15:47:07.440 10139 10139 E ReceiverBootUp: Package Name is not 'com.android.providers.calendar'
12-12 15:47:07.440 10139 10139 I Process : Sending signal. PID: 10139 SIG: 9
12-12 15:47:07.450  1213  1224 V SplitWindowPolicyService: requestUpdateStackInfo
12-12 15:47:07.450  1515  1526 I com.skyfire.browser.toolbar.ProcessObserverService: On process died 10139,10072
12-12 15:47:07.450   962  1539 I ActivityManager: Process com.lge.defaultaccount (pid 10139) has died.
12-12 15:47:07.450   962  1539 D ActivityManager: resumeTopActivityLocked: Top activity resumed ActivityRecord{42843920 u0 com.lge.launcher2/.Launcher t1}
12-12 15:47:07.460  6853  6893 I Icing   : doRemovePackageData com.google.android.apps.maps
12-12 15:47:07.540  6853  6893 I Icing   : Usage reports ok 0, Failed Usage reports 0, indexed 0, rejected 0, imm upload false
12-12 15:47:07.550  6853  6893 I Icing   : Usage reports ok 0, Failed Usage reports 0, indexed 0, rejected 0, imm upload false
12-12 15:47:07.550  6853  6893 I Icing   : Removing corpus key 519C96B407D4EAB0D615C4F9E5069785AF195708 for package com.google.android.gms
12-12 15:47:07.580   306   385 I Vold    : [LGE][VOLD][NetlinkHandler.cpp][onEvent()] subsys:cpu, action:0
12-12 15:47:07.730   306   385 I Vold    : [LGE][VOLD][NetlinkHandler.cpp][onEvent()] subsys:cpu, action:0
12-12 15:47:07.740  6853  6893 I Icing   : Indexing 519C96B407D4EAB0D615C4F9E5069785AF195708 from com.google.android.gms
12-12 15:47:07.740  6853  6893 I Icing   : Indexing done 519C96B407D4EAB0D615C4F9E5069785AF195708
12-12 15:47:08.160   962  1143 V AlarmManager: ELAPSED_WAKEUP set : Alarm{42c2b010 type 2 com.google.android.gms} when  1986638
12-12 15:47:08.190  6853  9996 D Wear_Controller: Received broadcast action=android.intent.action.PACKAGE_DATA_CLEARED and uri=com.android.settings
12-12 15:47:08.190  6853  9919 I LocationSettingsChecker: Removing dialog suppression flag for package com.android.settings
12-12 15:47:08.190 10159 10159 D AndroidRuntime: 
12-12 15:47:08.190 10159 10159 D AndroidRuntime: >>>>>> AndroidRuntime START com.android.internal.os.RuntimeInit <<<<<<
12-12 15:47:08.190 10159 10159 D AndroidRuntime: CheckJNI is OFF
12-12 15:47:08.210 10159 10159 D dalvikvm: Trying to load lib libjavacore.so 0x0
12-12 15:47:08.210 10159 10159 D dalvikvm: Added shared lib libjavacore.so 0x0
12-12 15:47:08.210 10159 10159 D dalvikvm: Trying to load lib libnativehelper.so 0x0
12-12 15:47:08.210 10159 10159 D dalvikvm: Added shared lib libnativehelper.so 0x0
12-12 15:47:08.210 10159 10159 D dalvikvm: No JNI_OnLoad found in libnativehelper.so 0x0, skipping init
12-12 15:47:08.230  6853  6893 I Icing   : doRemovePackageData com.android.settings
12-12 15:47:08.230   306   385 I Vold    : [LGE][VOLD][NetlinkHandler.cpp][onEvent()] subsys:cpu, action:0
12-12 15:47:08.240   306   385 I Vold    : [LGE][VOLD][NetlinkHandler.cpp][onEvent()] subsys:cpu, action:0
12-12 15:47:08.250 10159 10159 D dalvikvm: Note: class Landroid/app/ActivityManagerNative; has 184 unimplemented (abstract) methods
12-12 15:47:08.430 10159 10159 E memtrack: Couldn't load memtrack module (No such file or directory)
12-12 15:47:08.430 10159 10159 E android.os.Debug: failed to load memtrack module: -2
12-12 15:47:08.520 10159 10159 D AndroidRuntime: Calling main entry com.android.commands.pm.Pm
12-12 15:47:08.520   962  1375 I ActivityManager: Force stopping com.google.android.gms appid=10010 user=0: clear data
12-12 15:47:08.520   962  1375 I ActivityManager: Killing 5475:com.google.android.gms.persistent/u0a10 (adj 1): stop com.google.android.gms
12-12 15:47:08.530  1515  1538 I com.skyfire.browser.toolbar.ProcessObserverService: On process died 5475,10010
12-12 15:47:08.530   962  1375 W ActivityManager: Scheduling restart of crashed service com.google.android.gms/.deviceconnection.service.DeviceConnectionWatcherService in 1000ms
12-12 15:47:08.530   962  1375 W ActivityManager: Scheduling restart of crashed service com.google.android.gms/.clearcut.service.ClearcutLoggerService in 11000ms
12-12 15:47:08.530   962  1375 W ActivityManager: Scheduling restart of crashed service com.google.android.gms/com.google.android.location.internal.GoogleLocationManagerService in 20999ms
12-12 15:47:08.530   962  1375 W ActivityManager: Scheduling restart of crashed service com.google.android.gms/com.google.android.location.fused.FusedLocationService in 30999ms
12-12 15:47:08.530   962  1375 W ActivityManager: Scheduling restart of crashed service com.google.android.gms/com.google.android.location.geocode.GeocodeService in 40999ms
