--------- beginning of /dev/log/system
12-12 15:46:42.510   306   385 I Vold    : [LGE][VOLD][NetlinkHandler.cpp][onEvent()] subsys:cpu, action:0
--------- beginning of /dev/log/main
12-12 15:46:42.730  9502  9502 D AndroidRuntime: 
12-12 15:46:42.730  9502  9502 D AndroidRuntime: >>>>>> AndroidRuntime START com.android.internal.os.RuntimeInit <<<<<<
12-12 15:46:42.730  9502  9502 D AndroidRuntime: CheckJNI is OFF
12-12 15:46:42.740  9502  9502 D dalvikvm: Trying to load lib libjavacore.so 0x0
12-12 15:46:42.750  9502  9502 D dalvikvm: Added shared lib libjavacore.so 0x0
12-12 15:46:42.750  9502  9502 D dalvikvm: Trying to load lib libnativehelper.so 0x0
12-12 15:46:42.750  9502  9502 D dalvikvm: Added shared lib libnativehelper.so 0x0
12-12 15:46:42.750  9502  9502 D dalvikvm: No JNI_OnLoad found in libnativehelper.so 0x0, skipping init
12-12 15:46:42.780  9502  9502 D dalvikvm: Note: class Landroid/app/ActivityManagerNative; has 184 unimplemented (abstract) methods
12-12 15:46:42.950  9502  9502 E memtrack: Couldn't load memtrack module (No such file or directory)
12-12 15:46:42.950  9502  9502 E android.os.Debug: failed to load memtrack module: -2
12-12 15:46:43.040  9502  9502 D AndroidRuntime: Calling main entry com.android.commands.pm.Pm
12-12 15:46:43.130  9502  9502 D AndroidRuntime: Shutting down VM
12-12 15:46:43.130  9502  9511 D dalvikvm: GC_CONCURRENT freed 97K, 15% free 591K/692K, paused 0ms+0ms, total 3ms
12-12 15:46:43.420   306   385 I Vold    : [LGE][VOLD][NetlinkHandler.cpp][onEvent()] subsys:cpu, action:0
12-12 15:46:43.890   306   385 I Vold    : [LGE][VOLD][NetlinkHandler.cpp][onEvent()] subsys:cpu, action:0
12-12 15:46:44.030  9525  9525 D AndroidRuntime: 
12-12 15:46:44.030  9525  9525 D AndroidRuntime: >>>>>> AndroidRuntime START com.android.internal.os.RuntimeInit <<<<<<
12-12 15:46:44.030  9525  9525 D AndroidRuntime: CheckJNI is OFF
12-12 15:46:44.050  9525  9525 D dalvikvm: Trying to load lib libjavacore.so 0x0
12-12 15:46:44.050  9525  9525 D dalvikvm: Added shared lib libjavacore.so 0x0
12-12 15:46:44.050  9525  9525 D dalvikvm: Trying to load lib libnativehelper.so 0x0
12-12 15:46:44.060  9525  9525 D dalvikvm: Added shared lib libnativehelper.so 0x0
12-12 15:46:44.060  9525  9525 D dalvikvm: No JNI_OnLoad found in libnativehelper.so 0x0, skipping init
12-12 15:46:44.090  9525  9525 D dalvikvm: Note: class Landroid/app/ActivityManagerNative; has 184 unimplemented (abstract) methods
12-12 15:46:44.260  9525  9525 E memtrack: Couldn't load memtrack module (No such file or directory)
12-12 15:46:44.260  9525  9525 E android.os.Debug: failed to load memtrack module: -2
12-12 15:46:44.340  9525  9525 D AndroidRuntime: Calling main entry com.android.commands.pm.Pm
12-12 15:46:44.430  9525  9525 D AndroidRuntime: Shutting down VM
12-12 15:46:44.430  9525  9534 D dalvikvm: GC_CONCURRENT freed 97K, 15% free 591K/692K, paused 0ms+1ms, total 3ms
12-12 15:46:44.590   306   385 I Vold    : [LGE][VOLD][NetlinkHandler.cpp][onEvent()] subsys:cpu, action:0
12-12 15:46:45.160   306   385 I Vold    : [LGE][VOLD][NetlinkHandler.cpp][onEvent()] subsys:cpu, action:0
12-12 15:46:45.310  9544  9544 D AndroidRuntime: 
12-12 15:46:45.310  9544  9544 D AndroidRuntime: >>>>>> AndroidRuntime START com.android.internal.os.RuntimeInit <<<<<<
12-12 15:46:45.310  9544  9544 D AndroidRuntime: CheckJNI is OFF
12-12 15:46:45.330  9544  9544 D dalvikvm: Trying to load lib libjavacore.so 0x0
12-12 15:46:45.330  9544  9544 D dalvikvm: Added shared lib libjavacore.so 0x0
12-12 15:46:45.330  9544  9544 D dalvikvm: Trying to load lib libnativehelper.so 0x0
12-12 15:46:45.330  9544  9544 D dalvikvm: Added shared lib libnativehelper.so 0x0
12-12 15:46:45.330  9544  9544 D dalvikvm: No JNI_OnLoad found in libnativehelper.so 0x0, skipping init
12-12 15:46:45.370  9544  9544 D dalvikvm: Note: class Landroid/app/ActivityManagerNative; has 184 unimplemented (abstract) methods
12-12 15:46:45.450   327   420 I ThermalEngine: Sensor:pa_therm1:24000 mC
12-12 15:46:45.540  9544  9544 E memtrack: Couldn't load memtrack module (No such file or directory)
12-12 15:46:45.540  9544  9544 E android.os.Debug: failed to load memtrack module: -2
12-12 15:46:45.630  9544  9544 D AndroidRuntime: Calling main entry com.android.commands.pm.Pm
12-12 15:46:45.630  9544  9544 D AndroidRuntime: Shutting down VM
12-12 15:46:45.640  9544  9553 D dalvikvm: GC_CONCURRENT freed 99K, 15% free 592K/692K, paused 0ms+1ms, total 3ms
12-12 15:46:46.170   306   385 I Vold    : [LGE][VOLD][NetlinkHandler.cpp][onEvent()] subsys:cpu, action:0
12-12 15:46:46.220   306   385 I Vold    : [LGE][VOLD][NetlinkHandler.cpp][onEvent()] subsys:cpu, action:0
12-12 15:46:46.480  9562  9562 D AndroidRuntime: 
12-12 15:46:46.480  9562  9562 D AndroidRuntime: >>>>>> AndroidRuntime START com.android.internal.os.RuntimeInit <<<<<<
12-12 15:46:46.480  9562  9562 D AndroidRuntime: CheckJNI is OFF
12-12 15:46:46.500  9562  9562 D dalvikvm: Trying to load lib libjavacore.so 0x0
12-12 15:46:46.500  9562  9562 D dalvikvm: Added shared lib libjavacore.so 0x0
12-12 15:46:46.510  9562  9562 D dalvikvm: Trying to load lib libnativehelper.so 0x0
12-12 15:46:46.510  9562  9562 D dalvikvm: Added shared lib libnativehelper.so 0x0
12-12 15:46:46.510  9562  9562 D dalvikvm: No JNI_OnLoad found in libnativehelper.so 0x0, skipping init
12-12 15:46:46.540  9562  9562 D dalvikvm: Note: class Landroid/app/ActivityManagerNative; has 184 unimplemented (abstract) methods
12-12 15:46:46.710  9562  9562 E memtrack: Couldn't load memtrack module (No such file or directory)
12-12 15:46:46.710  9562  9562 E android.os.Debug: failed to load memtrack module: -2
12-12 15:46:46.800  9562  9562 D AndroidRuntime: Calling main entry com.android.commands.pm.Pm
12-12 15:46:46.890  9562  9562 D AndroidRuntime: Shutting down VM
12-12 15:46:46.890  9562  9575 D dalvikvm: GC_CONCURRENT freed 97K, 15% free 591K/692K, paused 0ms+0ms, total 3ms
12-12 15:46:47.130   306   385 I Vold    : [LGE][VOLD][NetlinkHandler.cpp][onEvent()] subsys:cpu, action:0
12-12 15:46:48.390   306   385 I Vold    : [LGE][VOLD][NetlinkHandler.cpp][onEvent()] subsys:cpu, action:0
12-12 15:46:48.520  9587  9587 D AndroidRuntime: 
12-12 15:46:48.520  9587  9587 D AndroidRuntime: >>>>>> AndroidRuntime START com.android.internal.os.RuntimeInit <<<<<<
12-12 15:46:48.520  9587  9587 D AndroidRuntime: CheckJNI is OFF
12-12 15:46:48.540  9587  9587 D dalvikvm: Trying to load lib libjavacore.so 0x0
12-12 15:46:48.540  9587  9587 D dalvikvm: Added shared lib libjavacore.so 0x0
12-12 15:46:48.550  9587  9587 D dalvikvm: Trying to load lib libnativehelper.so 0x0
12-12 15:46:48.550  9587  9587 D dalvikvm: Added shared lib libnativehelper.so 0x0
12-12 15:46:48.550  9587  9587 D dalvikvm: No JNI_OnLoad found in libnativehelper.so 0x0, skipping init
12-12 15:46:48.580  9587  9587 D dalvikvm: Note: class Landroid/app/ActivityManagerNative; has 184 unimplemented (abstract) methods
12-12 15:46:48.750  9587  9587 E memtrack: Couldn't load memtrack module (No such file or directory)
12-12 15:46:48.750  9587  9587 E android.os.Debug: failed to load memtrack module: -2
12-12 15:46:48.830  9587  9587 D AndroidRuntime: Calling main entry com.android.commands.am.Am
12-12 15:46:48.850   962  1375 I ActivityManager: START u0 {flg=0x10000000 cmp=com.amazon.aatp.aatpdevicemanager/.DeviceManagerServiceActivity} from pid 9587
12-12 15:46:48.900  1213  1600 D dalvikvm: GC_EXPLICIT freed 433K, 67% free 3840K/11632K, paused 1ms+2ms, total 24ms
12-12 15:46:48.900   962  1375 I ActivityManager: ActivityRecord{42277058 u0 com.amazon.aatp.aatpdevicemanager/.DeviceManagerServiceActivity t-1} Support Split:false Is ScreenFull:true
12-12 15:46:48.930  1213  1224 D dalvikvm: GC_EXPLICIT freed 6K, 67% free 3840K/11632K, paused 3ms+3ms, total 25ms
12-12 15:46:48.930  1213  1224 V SplitWindowPolicyService: checkScreen => return. sourceIntent is null or not support SplitWindow component: ComponentInfo{co.....aatpdevicemanager/co.....aatpdevicemanager.DeviceManagerServiceActivity}
12-12 15:46:48.940   962  1375 D ActivityManager: pauseBackStacks: stack=ActivityStack{42818918 stackId=0, 1 tasks} mResumedActivity=ActivityRecord{42843920 u0 com.lge.launcher2/.Launcher t1}
12-12 15:46:48.940   962  1375 V ActivityManager: Moving to PAUSING: ActivityRecord{42843920 u0 com.lge.launcher2/.Launcher t1}
12-12 15:46:48.950  1213  1232 D SplitWindowPolicyService: updateActivityStateChanged: resumed=false pkgName=co.....Launcher, screenId=0, isScreenFull=true, isMinimized=false, topRunningActivity=ActivityInfo{4214ed00 co.....Launcher}, taskId=1, activityType=1
12-12 15:46:48.950   962  1375 V ActivityManager: resumeTopActivityLocked: Skip resume: need to start pausing
12-12 15:46:48.960  1546  1546 I [LGHome]EVENT: [Launcher.java:1056:onPause()]onPause
12-12 15:46:48.970  9587  9587 D AndroidRuntime: Shutting down VM
12-12 15:46:48.970  9587  9596 D dalvikvm: GC_CONCURRENT freed 99K, 15% free 620K/724K, paused 0ms+1ms, total 3ms
12-12 15:46:48.970   962  1375 D ActivityManager: allPausedActivitiesComplete: r=ActivityRecord{42843920 u0 com.lge.launcher2/.Launcher t1} state=PAUSING
12-12 15:46:48.980   962  3338 V ActivityManager: Moving to PAUSED: ActivityRecord{42843920 u0 com.lge.launcher2/.Launcher t1} (pause complete)
12-12 15:46:48.980   962  3338 D ActivityManager: resumeTopActivityLocked: Restarting ActivityRecord{42277058 u0 com.amazon.aatp.aatpdevicemanager/.DeviceManagerServiceActivity t3}
12-12 15:46:48.990   962  3338 I ActivityManager: Start proc com.amazon.aatp.aatpdevicemanager for activity com.amazon.aatp.aatpdevicemanager/.DeviceManagerServiceActivity: pid=9605 uid=11597 gids={51597, 3003, 1028, 1015, 3002, 3001}
12-12 15:46:48.990  1515  1526 I com.skyfire.browser.toolbar.ProcessObserverService: On importance changed 1546,10026,400
12-12 15:46:48.990   962  1021 V ActivityManager: Moving to STOPPING: ActivityRecord{42843920 u0 com.lge.launcher2/.Launcher t1} (stop requested)
12-12 15:46:48.990  9605  9605 I dalvikvm: Enabling JNI app bug workarounds for target SDK version 5...
12-12 15:46:49.000  1213  1232 D SplitWindowPolicyService: updateActivityStateChanged: resumed=true pkgName=co.....aatpdevicemanager.DeviceManagerServiceActivity, screenId=2, isScreenFull=true, isMinimized=false, topRunningActivity=ActivityInfo{42138358 co.....aatpdevicemanager.DeviceManagerServiceActivity}, taskId=3, activityType=0
12-12 15:46:49.000  1213  1600 V SplitWindowPolicyService: requestUpdateStackInfo
12-12 15:46:49.000  1546  1546 I [LGHome]EVENT: [Launcher.java:5668:onWindowFocusChanged()]onWindowFocusChanged() hasFocus false
12-12 15:46:49.000   962  1558 V ActivityManager: Moving to RESUMED: ActivityRecord{42277058 u0 com.amazon.aatp.aatpdevicemanager/.DeviceManagerServiceActivity t3} (starting new instance)
12-12 15:46:49.010  1515  1538 I com.skyfire.browser.toolbar.ProcessObserverService: On foreground activity changed : 9605,11597,true
12-12 15:46:49.010  1515  1538 I com.skyfire.browser.toolbar.ProcessObserverService: On importance changed 9605,11597,100
12-12 15:46:49.020  9605  9605 D HyLog   : I : /data/font/config/sfconfig.dat, No such file or directory (2)
12-12 15:46:49.020  9605  9605 D HyLog   : I : /data/font/config/dfactpre.dat, No such file or directory (2)
12-12 15:46:49.020  9605  9605 D HyLog   : I : /data/font/config/sfconfig.dat, No such file or directory (2)
12-12 15:46:49.020  1213  1323 V SplitWindowPolicyService:  + make new screenInfo as screenId = 2, screenZone = 0, screenAttribute = 0, screenState = NORMAL, screenRect = Rect(0, 33 - 800, 1212), screenRectFull = null
12-12 15:46:49.030   962   974 V ActivityManager: Moving to STOPPED: ActivityRecord{42843920 u0 com.lge.launcher2/.Launcher t1} (stop complete)
12-12 15:46:49.060  1213  1323 D dalvikvm: GC_EXPLICIT freed 17K, 67% free 3844K/11632K, paused 2ms+3ms, total 33ms
12-12 15:46:49.060  1213  1323 V SplitWindowPolicyService: updateScreenStateAndRunningActivity: screenId=2, isFull=true, isMinimized=false, topRunningActivity=ActivityInfo{42138358 co.....aatpdevicemanager.DeviceManagerServiceActivity}, uid=11597
12-12 15:46:49.060  1213  1323 V SplitWindowPolicyService: notifySplitWindowStateChanged: 6
12-12 15:46:49.090  1756  1756 I SearchController: #onHotwordDetectorStopped(false)
12-12 15:46:49.090  1756  1848 I MicrophoneInputStream: mic_close
12-12 15:46:49.090   319  1043 V AudioFlinger: RecordHandle::stop()
12-12 15:46:49.090   306   385 I Vold    : [LGE][VOLD][NetlinkHandler.cpp][onEvent()] subsys:cpu, action:0
12-12 15:46:49.100   319  1043 V AudioFlinger: RecordThread::stop
12-12 15:46:49.140   319  3812 V audio_hw_primary: in_standby: enter
12-12 15:46:49.150  9605  9605 D Aatp    : DeviceManagerServiceActivity: kicking off dm service
12-12 15:46:49.170   319  3812 V audio_hw_primary: stop_input_stream: enter: usecase(7: audio-record)
12-12 15:46:49.170   319  3812 V audio_hw_primary: disable_audio_route: enter: usecase(7)
12-12 15:46:49.170   319  3812 V audio_hw_primary: disable_audio_route: reset mixer path: audio-record
12-12 15:46:49.180   319  3812 V audio_hw_primary: disable_audio_route: exit
12-12 15:46:49.180   319  3812 D hardware_info: hw_info_append_hw_type : device_name = lg-vr-handset-mic
12-12 15:46:49.180   319  3812 V audio_hw_primary: disable_snd_device: snd_device(82: lg-vr-handset-mic)
12-12 15:46:49.180   319  3812 I listen_hal_loader: audio_extn_listen_update_status(): start listen. current active device = lg-vr-handset-mic. Event = 0
12-12 15:46:49.180   319  3812 V listen_hw: listen_hw_notify_event: Enter. event = 0
12-12 15:46:49.180   319  3812 V listen_hw: handle_notify_event: Enter. event type = capture is Not active
12-12 15:46:49.180   319  3812 V listen_hw: handle_notify_event: mad disabled. nothing to do = 0
12-12 15:46:49.180   319  3812 V audio_hw_primary: stop_input_stream: exit: status(0)
12-12 15:46:49.180   319  3812 V audio_hw_primary: in_standby: exit:  status(0)
12-12 15:46:49.180   319  3812 V AudioFlinger: releaseWakeLock_l() AudioIn_10
12-12 15:46:49.180   319  3812 V AudioFlinger: RecordThread: loop stopping
12-12 15:46:49.180   319  1043 V AudioFlinger: Record stopped OK
12-12 15:46:49.180   319  1043 V AudioPolicyManagerBase: stopInput() input 16
12-12 15:46:49.180   319  1043 V AudioPolicyService: inserting command: 3 at index 0, num commands 0
12-12 15:46:49.180   319  1043 V AudioPolicyService: AudioCommandThread() adding set parameter string hotword_active=0;routing=0, io 16 ,delay 0
12-12 15:46:49.180   319   596 V AudioPolicyService: AudioCommandThread() waking up
12-12 15:46:49.180   319   596 V AudioPolicyService: AudioCommandThread() processing set parameters string hotword_active=0;routing=0, io 16
12-12 15:46:49.180   319   596 E AudioSystem: AudioSystem::setParameters()...keyValue hotword_active=0;routing=0
12-12 15:46:49.180   319   596 V AudioFlinger: setParameters(): io 16, keyvalue hotword_active=0;routing=0, calling pid 319
12-12 15:46:49.180   319   596 V AudioFlinger: ThreadBase::setParameters() hotword_active=0;routing=0
12-12 15:46:49.180   319  3812 V AudioFlinger: RecordThread: loop starting
12-12 15:46:49.180   319  3812 V AudioFlinger: acquireWakeLock_l() AudioIn_10 status 0
12-12 15:46:49.180   319  3812 V AudioFlinger: releaseWakeLock_l() AudioIn_10
12-12 15:46:49.190   319   596 V AudioPolicyService: AudioCommandThread() going to sleep
12-12 15:46:49.190   319  3812 V AudioFlinger: RecordThread: loop stopping
12-12 15:46:49.190  1756  1848 V AudioRecord: ~AudioRecord(): voiceActivationState 0
12-12 15:46:49.190  9605  9605 E ViewRootImpl: mIsPenSupport: :true
12-12 15:46:49.200   962   962 D NotificationService: updateLightListLocked :r=null, action=2
12-12 15:46:49.220  9605  9605 I AatpDeviceManager: Starting device manager (0.20)
12-12 15:46:49.220  9605  9605 D AWSDeviceFarmAndroidLib: Keyguard: Unlocked
12-12 15:46:49.220  9605  9605 D AatpDeviceManager: Running on port: 35372
12-12 15:46:49.220  1197  1208 D KeyguardViewMediator: setKeyguardEnabled(false)
12-12 15:46:49.230  9605  9605 D dalvikvm: DexOpt: couldn't find field Landroid/content/pm/ApplicationInfo;.splitSourceDirs
12-12 15:46:49.230  9605  9605 W dalvikvm: VFY: unable to resolve instance field 29
12-12 15:46:49.230  9605  9605 D dalvikvm: VFY: replacing opcode 0x54 at 0x001d
12-12 15:46:49.250   962  1036 I SystemUI[Framework]: PhoneWindowManager.updateSystemUiVisibilityLw() :visibility=0xc0000000, pkg=com.amazon.aatp.aatpdevicemanager
12-12 15:46:49.270  1197  1197 V PhoneStatusBar: setLightsOn(true)
12-12 15:46:49.290  1756  1848 D AudioRecord: ~AudioRecord(): send the state of record
12-12 15:46:49.290   319  3811 D AudioFlinger: sendRecordState() AudioRecord state changed. recordState 0, oldRecordState 0
12-12 15:46:49.290   319  3811 D AudioFlinger: sendRecordState() same record state.
12-12 15:46:49.290   319   319 V AudioFlinger: RecordHandle::stop()
12-12 15:46:49.290   319   319 V AudioFlinger: RecordThread::stop
12-12 15:46:49.290   319   319 V AudioPolicyManagerBase: releaseInput() 16
12-12 15:46:49.290   319   319 V AudioFlinger: closeInput() 16
12-12 15:46:49.290   319   319 V AudioSystem: ioConfigChanged() event 4, ioHandle 16
12-12 15:46:49.290   319   319 V AudioFlinger: ThreadBase::exit
12-12 15:46:49.290   319  3812 V AudioFlinger: RecordThread: loop starting
12-12 15:46:49.290  1505  1525 V AudioSystem: ioConfigChanged() event 4, ioHandle 16
12-12 15:46:49.290   319  1119 V AudioFlinger: releasing 15 from 1756
12-12 15:46:49.290   319  1119 V AudioFlinger:  decremented refcount to 0
12-12 15:46:49.290   319  1119 V AudioFlinger: purging stale effects
12-12 15:46:49.290   962  5456 V AudioSystem: ioConfigChanged() event 4, ioHandle 16
12-12 15:46:49.290  1756  1766 V AudioSystem: ioConfigChanged() event 4, ioHandle 16
12-12 15:46:49.290   319  3812 V AudioFlinger: acquireWakeLock_l() AudioIn_10 status 0
12-12 15:46:49.290  1756  1850 I MicroHotwordRecognitionRunner: Stopping hotword detection.
12-12 15:46:49.300  1756  3810 I MicroHotwordRecognitionRunner: Hotword detection finished
12-12 15:46:49.300   319  3812 V SRS_ProcWS: SRS_Processing - SourceInDel - Source Not Located 0xb8fd9470
12-12 15:46:49.300   319  3812 V SRS_ProcWS: SRS_Processing - SourceInDel - Source Not Deleted 0xb8fd9470
12-12 15:46:49.300   319  3812 V AudioFlinger: releaseWakeLock_l() AudioIn_10
12-12 15:46:49.300  1756  3810 W Search.ConcurrentUtils: Task com.google.android.search.core.hotword.MicroHotwordRecognitionRunner$1@42559878 took 1902656ms, which is over the 300000ms threshold
12-12 15:46:49.300   319  3812 V AudioFlinger: RecordThread 0xb8fd9470 exiting
12-12 15:46:49.300   319   319 V audio_hw_primary: adev_close_input_stream
12-12 15:46:49.300   319   319 V audio_hw_primary: in_standby: enter
12-12 15:46:49.300   319   319 V audio_hw_primary: in_standby: exit:  status(0)
12-12 15:46:49.300   319   319 V AudioPolicyManagerBase: releaseInput() exit
12-12 15:46:49.300   319   319 V AudioFlinger: ~RecordThread RecordHooking is disabled.
12-12 15:46:49.300   319   319 V AudioFlinger: setRecordHookingEnabled( 0 ) mRecordHookingEnabled 0
12-12 15:46:49.300   319   319 E AudioFlinger: setRecordHookingEnabled() RedordHooking state is same. mRecordHookingHeapFD = 3866680
12-12 15:46:49.300   319   319 V AudioFlinger: virtual android::AudioFlinger::RecordThread::RecordTrack::~RecordTrack()
12-12 15:46:49.300   319   319 V AudioFlinger: removeClient_l() pid 1756, calling pid 319
12-12 15:46:49.320  9605  9605 I ActivityManager: Timeline: Activity_idle id: android.os.BinderProxy@41ff3d40 time:1967800
12-12 15:46:49.320   962  1036 I SystemUI[Framework]: PhoneWindowManager.updateSystemUiVisibilityLw() :visibility=0x0, pkg=com.amazon.aatp.aatpdevicemanager
12-12 15:46:49.320   962  1020 I ActivityManager: Displayed com.amazon.aatp.aatpdevicemanager/.DeviceManagerServiceActivity: +346ms
12-12 15:46:49.320   962  1020 I ActivityManager: Timeline: Activity_windows_visible id: ActivityRecord{42277058 u0 com.amazon.aatp.aatpdevicemanager/.DeviceManagerServiceActivity t3} time:1967808
12-12 15:46:49.350  1197  1197 V PhoneStatusBar: setLightsOn(true)
12-12 15:46:49.600   306   385 I Vold    : [LGE][VOLD][NetlinkHandler.cpp][onEvent()] subsys:cpu, action:0
12-12 15:46:49.750   306   385 I Vold    : [LGE][VOLD][NetlinkHandler.cpp][onEvent()] subsys:cpu, action:0
12-12 15:46:49.920   962  1144 D qcom_sensors_hal: hal_time_data_cb: msg_type 2
12-12 15:46:49.920   962  1144 D qcom_sensors_hal: hal_time_data_cb: Sn 24, msg Id 3, txn Id 0
12-12 15:46:49.920   962  1144 D qcom_sensors_hal: hal_ts_offset_is: Apps: 1513111609929363889; DSPS: 64612036; Offset: 1513109638126507444
12-12 15:46:50.160   962  1537 V ActivityManager: Finishing activity token=Token{42bd9258 ActivityRecord{42277058 u0 com.amazon.aatp.aatpdevicemanager/.DeviceManagerServiceActivity t3}} r=, result=0, data=null, reason=app-request
12-12 15:46:50.160   962  1537 V ActivityManager: Moving to PAUSING: ActivityRecord{42277058 u0 com.amazon.aatp.aatpdevicemanager/.DeviceManagerServiceActivity t3 f}
12-12 15:46:50.260   306   385 I Vold    : [LGE][VOLD][NetlinkHandler.cpp][onEvent()] subsys:cpu, action:0
12-12 15:46:50.360   962  1537 D dalvikvm: GC_FOR_ALLOC freed 2306K, 49% free 15743K/30712K, paused 147ms, total 147ms
12-12 15:46:50.360   962  1537 I dalvikvm-heap: Grow heap (frag case) to 18.768MB for 855792-byte allocation
12-12 15:46:50.450   327   420 I ThermalEngine: Sensor:pa_therm1:25000 mC
12-12 15:46:50.480   962  1537 D dalvikvm: GC_FOR_ALLOC freed 33K, 48% free 16546K/31548K, paused 114ms, total 114ms
12-12 15:46:50.480   962  1537 I dalvikvm-heap: Grow heap (frag case) to 19.553MB for 855792-byte allocation
12-12 15:46:50.480  1213  1232 D SplitWindowPolicyService: updateActivityStateChanged: resumed=false pkgName=co.....aatpdevicemanager.DeviceManagerServiceActivity, screenId=2, isScreenFull=true, isMinimized=false, topRunningActivity=ActivityInfo{42122be8 co.....aatpdevicemanager.DeviceManagerServiceActivity}, taskId=3, activityType=0
12-12 15:46:50.480   962  1036 I SystemUI[Framework]: PhoneWindowManager.updateSystemUiVisibilityLw() :visibility=0x700, pkg=com.lge.launcher2
12-12 15:46:50.480   962  1539 V ActivityManager: Moving to PAUSED: ActivityRecord{42277058 u0 com.amazon.aatp.aatpdevicemanager/.DeviceManagerServiceActivity t3 f} (pause complete)
12-12 15:46:50.480   962  1539 V ActivityManager: Moving to STOPPING: ActivityRecord{42277058 u0 com.amazon.aatp.aatpdevicemanager/.DeviceManagerServiceActivity t3 f} (finish requested)
12-12 15:46:50.480   962  1539 D ActivityManager: resumeTopActivityLocked: No more activities go home
12-12 15:46:50.490  1546  1546 I [LGHome]EVENT: [Launcher.java:5668:onWindowFocusChanged()]onWindowFocusChanged() hasFocus true
12-12 15:46:50.490  1213  1601 D SplitWindowPolicyService: updateActivityStateChanged: resumed=true pkgName=co.....Launcher, screenId=0, isScreenFull=true, isMinimized=false, topRunningActivity=ActivityInfo{4211a478 co.....Launcher}, taskId=1, activityType=1
12-12 15:46:50.490   962  1539 V ActivityManager: Moving to RESUMED: ActivityRecord{42843920 u0 com.lge.launcher2/.Launcher t1} (in existing)
12-12 15:46:50.490   962  1539 D ActivityManager: resumeTopActivityLocked: Resumed ActivityRecord{42843920 u0 com.lge.launcher2/.Launcher t1}
12-12 15:46:50.500  1213  1232 V SplitWindowPolicyService: requestUpdateStackInfo
12-12 15:46:50.500   962  1036 I SystemUI[Framework]: PhoneWindowManager.updateSystemUiVisibilityLw() :visibility=0xc0000700, pkg=com.lge.launcher2
12-12 15:46:50.520  1546  1546 I [LGHome]EVENT: [Launcher.java:870:onResume()]onResume
12-12 15:46:50.520  1213  1600 V SplitWindowPolicyService: requestUpdateStackInfo
12-12 15:46:50.530   962  1539 D ActivityManager: resumeTopActivityLocked: Top activity resumed ActivityRecord{42843920 u0 com.lge.launcher2/.Launcher t1}
12-12 15:46:50.530   962  1021 V ActivityManager: Moving to FINISHING: ActivityRecord{42277058 u0 com.amazon.aatp.aatpdevicemanager/.DeviceManagerServiceActivity t3 f}
12-12 15:46:50.540  1515  1526 I com.skyfire.browser.toolbar.ProcessObserverService: On importance changed 1546,10026,100
12-12 15:46:50.540  1515  1526 I com.skyfire.browser.toolbar.ProcessObserverService: On foreground activity changed : 9605,11597,false
12-12 15:46:50.540  1515  1526 I com.skyfire.browser.toolbar.ProcessObserverService: On importance changed 9605,11597,130
12-12 15:46:50.540   962  1021 V ActivityManager: Moving to DESTROYING: ActivityRecord{42277058 u0 com.amazon.aatp.aatpdevicemanager/.DeviceManagerServiceActivity t3 f} (destroy requested)
12-12 15:46:50.560  1546  1546 I [LGHome]LGActivityUtil: [LGActivityUtil.java:303:notifyToWeatherWidget()]broadcast to weather widget, intent: Intent { act=com.lge.launcher2.RESUME }
12-12 15:46:50.560  1546  1546 I [LGHome]EVENT: [Launcher.java:1023:onResume()]onResume end
12-12 15:46:50.560  1756  1841 E GmsClient: Calling connect() while still connected, missing disconnect().
12-12 15:46:50.580  1213  1224 V SplitWindowPolicyService: requestUpdateStackInfo
12-12 15:46:50.580  1213  1232 V SplitWindowPolicyService: requestUpdateStackInfo
12-12 15:46:50.580  6853  6930 I Icing   : IndexChimeraService.getServiceInterface callingPackage=com.google.android.googlequicksearchbox componentName=null serviceId=21
12-12 15:46:50.580   962  3338 V ActivityManager: Moving to DESTROYED: ActivityRecord{42277058 u0 com.amazon.aatp.aatpdevicemanager/.DeviceManagerServiceActivity t3 f} (removed from history)
12-12 15:46:50.580   962  3338 D ActivityManager: resumeTopActivityLocked: Top activity resumed ActivityRecord{42843920 u0 com.lge.launcher2/.Launcher t1}
12-12 15:46:50.600  1756  9650 V AudioRecord: sampleRate 16000, channelMask 0x10, format 1
12-12 15:46:50.600  1756  9650 V AudioRecord: inputSource 1999
12-12 15:46:50.600  1756  9650 V AudioRecord: set(): sampleRate 16000, channelMask 0x10, frameCount 128000
12-12 15:46:50.600  1756  9650 D AudioRecord: set(): voiceActivationState 0
12-12 15:46:50.600  1756  9650 V AudioRecord: AudioRecord::set() minFrameCount = 640
12-12 15:46:50.600  1756  9650 V AudioRecord: set(): mSessionId 17
12-12 15:46:50.600  1756  9651 I MicroHotwordRecognitionRunner: Starting hotword detection.
12-12 15:46:50.600   319  1043 V audio_hw_primary: adev_open_input_stream: enter
12-12 15:46:50.600   319  1043 D audio_hw_hfp: audio_extn_hfp_is_active: status(0)
12-12 15:46:50.600   319  1043 V audio_hw_primary: adev_open_input_stream: exit
12-12 15:46:50.600   319  1043 V AudioFlinger: openInput() openInputStream returned input 0xb8fe2958, SamplingRate 16000, Format 1, Channels 10, status 0
12-12 15:46:50.600   319  1043 V AudioFlinger: openInput() created record thread: ID 18 thread 0xb8fd9470
12-12 15:46:50.600   319  1043 V AudioSystem: ioConfigChanged() event 3, ioHandle 18
12-12 15:46:50.600  1505  2180 V AudioSystem: ioConfigChanged() event 3, ioHandle 18
12-12 15:46:50.600  1756  1811 V AudioSystem: ioConfigChanged() event 3, ioHandle 18
12-12 15:46:50.600   962  1331 V AudioSystem: ioConfigChanged() event 3, ioHandle 18
12-12 15:46:50.610   319  9652 V audio_hw_primary: in_standby: enter
12-12 15:46:50.610   319  9652 V audio_hw_primary: in_standby: exit:  status(0)
12-12 15:46:50.610   319  9652 V AudioFlinger: acquireWakeLock_l() AudioIn_12 status 0
12-12 15:46:50.610   319  1119 V AudioFlinger: RecordTrack constructor
12-12 15:46:50.610   319  9652 V SRS_ProcWS: SRS_Processing - SourceInAdd - No Available Slot for 0xb8fd9470
12-12 15:46:50.610   319  1119 V AudioFlinger: acquiring 17 from 1756
12-12 15:46:50.610   319  1119 V AudioFlinger:  added new entry for 17
12-12 15:46:50.610  1756  9650 V AudioRecord: start, sync event 0 trigger session 0
12-12 15:46:50.610  1756  9650 V AudioRecord: mAudioRecord->start()
12-12 15:46:50.610   319  3811 V AudioFlinger: RecordHandle::start()
12-12 15:46:50.610   319  3811 V AudioFlinger: RecordThread::start event 0, triggerSession 0
12-12 15:46:50.610   319  3811 V AudioPolicyManagerBase: startInput() module primary->input primary(18)
12-12 15:46:50.610   319  3811 V AudioPolicyManagerBase: AudioPolicyManager::startInput() input source = 1999
12-12 15:46:50.610   319  3811 V AudioPolicyService: inserting command: 3 at index 0, num commands 0
12-12 15:46:50.610   319  3811 V AudioPolicyService: AudioCommandThread() adding set parameter string hotword_active=1;input_source=6;routing=-2147483644, io 18 ,delay 0
12-12 15:46:50.610   319  9652 V AudioFlinger: acquireWakeLock_l() AudioIn_12 status 0
12-12 15:46:50.610   306   385 I Vold    : [LGE][VOLD][NetlinkHandler.cpp][onEvent()] subsys:cpu, action:0
12-12 15:46:50.620   319   596 V AudioPolicyService: AudioCommandThread() waking up
12-12 15:46:50.620   319   596 V AudioPolicyService: AudioCommandThread() processing set parameters string hotword_active=1;input_source=6;routing=-2147483644, io 18
12-12 15:46:50.620   319   596 E AudioSystem: AudioSystem::setParameters()...keyValue hotword_active=1;input_source=6;routing=-2147483644
12-12 15:46:50.620   319   596 V AudioFlinger: setParameters(): io 18, keyvalue hotword_active=1;input_source=6;routing=-2147483644, calling pid 319
12-12 15:46:50.620   319   596 V AudioFlinger: ThreadBase::setParameters() hotword_active=1;input_source=6;routing=-2147483644
12-12 15:46:50.620   319  9652 V audio_hw_primary: in_set_parameters: enter: kvpairs=hotword_active=1;input_source=6;routing=-2147483644
12-12 15:46:50.620   319  9652 V audio_hw_primary: in_set_parameters: exit: status(0)
12-12 15:46:50.620   319  3811 V AudioFlinger: Signal record thread
12-12 15:46:50.620   319   596 V AudioPolicyService: AudioCommandThread() going to sleep
12-12 15:46:50.620   319  9652 V msm8974_platform: platform_update_usecase_from_source: input source :6
12-12 15:46:50.620   319  9652 V audio_hw_primary: start_input_stream: enter: usecase(7)
12-12 15:46:50.620   319  9652 D audio_hw_hfp: audio_extn_hfp_is_active: status(0)
12-12 15:46:50.620   319  9652 V audio_hw_primary: start_input_stream: usecase(7)
12-12 15:46:50.620   319  9652 D audio_hw_hfp: audio_extn_hfp_is_active: status(0)
12-12 15:46:50.620   319  9652 V audio_hw_primary: select_devices: enter playback and rx_mute is (-10) 10:rx_mute enable, -10 disable
12-12 15:46:50.620   319  9652 V msm8974_platform: platform_get_input_snd_device: enter: out_device(0) in_device(0x4)
12-12 15:46:50.620   319  9652 V msm8974_platform: LG_platform_get_input_snd_device: start LG get input device
12-12 15:46:50.620   319  9652 V msm8974_platform: platform_get_input_snd_device: selected snd_device by LG get output device
12-12 15:46:50.620   319  9652 V msm8974_platform: platform_get_input_snd_device: exit: in_snd_device(lg-vr-handset-mic)
12-12 15:46:50.620   319  9652 D audio_hw_primary: select_devices: out_snd_device(0: ) in_snd_device(82: lg-vr-handset-mic), usecase->type:1
12-12 15:46:50.620   319  9652 D hardware_info: hw_info_append_hw_type : device_name = lg-vr-handset-mic
12-12 15:46:50.620   319  9652 V audio_hw_primary: enable_snd_device: snd_device(82: lg-vr-handset-mic)
12-12 15:46:50.620   306   385 I Vold    : [LGE][VOLD][NetlinkHandler.cpp][onEvent()] subsys:cpu, action:0
12-12 15:46:50.630   319  9652 D ACDB-LOADER: ACDB -> send_audio_cal, acdb_id = 65, path =  1
12-12 15:46:50.630   319  9652 D ACDB-LOADER: ACDB -> send_adm_topology
12-12 15:46:50.630   319  9652 D ACDB-LOADER: ACDB -> ACDB_CMD_GET_AUDPROC_COMMON_TOPOLOGY_ID
12-12 15:46:50.630   319  9652 D ACDB-LOADER: ACDB -> send_audtable
12-12 15:46:50.630   319  9652 D ACDB-LOADER: ACDB -> ACDB_CMD_GET_AUDPROC_COMMON_TABLE
12-12 15:46:50.630   319  9652 D ACDB-LOADER: ACDB -> AUDIO_SET_AUDPROC_CAL
12-12 15:46:50.630   319  9652 D ACDB-LOADER: ACDB -> send_audvoltable
12-12 15:46:50.630   319  9652 D ACDB-LOADER: ACDB -> ACDB_CMD_GET_AUDPROC_GAIN_DEP_STEP_TABLE
12-12 15:46:50.630   319  9652 D         : Failed to fetch the lookup information of the device 00000041 
12-12 15:46:50.630   319  9652 E ACDB-LOADER: Error: ACDB AudProc vol returned = -19
12-12 15:46:50.630   319  9652 D ACDB-LOADER: ACDB -> AUDIO_SET_AUDPROC_VOL_CAL
12-12 15:46:50.630   319  9652 D ACDB-LOADER: ACDB -> AUDIO_SET_AFE_CAL
12-12 15:46:50.630   319  9652 I listen_hal_loader: audio_extn_listen_update_status(): stop listen. current active device = lg-vr-handset-mic. Event = 1
12-12 15:46:50.630   319  9652 V listen_hw: listen_hw_notify_event: Enter. event = 1
12-12 15:46:50.630   319  9652 V listen_hw: handle_notify_event: Enter. event type = capture is active
12-12 15:46:50.630   319  9652 V listen_hw: handle_notify_event: mad disabled. nothing to do = 1
12-12 15:46:50.630  1362  1362 D WeatherAncestor: 2 : onReceive, action: com.lge.launcher2.RESUME, Time(hour:min:sec) 15:46:50
12-12 15:46:50.630   319  9652 V audio_hw_primary: enable_audio_route: enter: usecase(7)
12-12 15:46:50.630   319  9652 V audio_hw_primary: enable_audio_route: apply mixer path: audio-record
12-12 15:46:50.630   319  9652 V audio_hw_primary: enable_audio_route: exit
12-12 15:46:50.630   319  9652 V audio_hw_primary: start_input_stream: Opening PCM device card_id(0) device_id(0), channels 1
12-12 15:46:50.630  1546  1546 I ActivityManager: Timeline: Activity_idle id: android.os.BinderProxy@41ff7f18 time:1969118
12-12 15:46:50.640  1362  1362 D UpdateThreadPoolManager: 2 : This is isUpdating : false
12-12 15:46:50.640   319  9652 V audio_hw_primary: start_input_stream: exit
12-12 15:46:50.650  1362  1362 D WeatherService: 2 : shouldTimeTickRegistered - 4x2 : 1, FphWidget : 0
12-12 15:46:50.650  1362  1362 D WeatherService: 2 : shouldTimeTickRegistered : true - home screen widget is shown.
12-12 15:46:50.650  1362  1362 D WeatherAncestor: 2 : shouldTimeTickRegistered().........
12-12 15:46:50.650  1213  1323 D dalvikvm: GC_EXPLICIT freed 23K, 67% free 3846K/11632K, paused 4ms+3ms, total 67ms
12-12 15:46:50.650  1213  1323 V SplitWindowPolicyService: updateScreenStateAndRunningActivity: screenId=0, isFull=true, isMinimized=false, topRunningActivity=ActivityInfo{4211a478 co.....Launcher}, uid=10026
12-12 15:46:50.650  1362  1362 W ContextImpl: Implicit intents with startService are not safe: Intent { act=com.lge.weather.WIDGET_REFRESH } android.content.ContextWrapper.startService:494 android.content.ContextWrapper.startService:494 com.lge.sizechangable.weather.layout.WeatherWidget.onReceive:463 
12-12 15:46:50.660  1362  1362 D WeatherAncestor: 2 : onReceive has processed, action: com.lge.launcher2.RESUME, Time(hour:min:sec) 15:46:50
12-12 15:46:50.660  1362  1362 D WeatherService: 2 : onStartCommand, intent!=null, action: com.lge.launcher2.RESUME
12-12 15:46:50.660  1362  1362 D Weather.Utils: 2 : Utils getTopActivity com.lge.launcher2 / true
12-12 15:46:50.660  1362  1362 D WeatherService: 2 : shouldTimeTickRegistered - 4x2 : 1, FphWidget : 0
12-12 15:46:50.660  1362  1362 D WeatherService: 2 : shouldTimeTickRegistered : true - home screen widget is shown.
12-12 15:46:50.660  1362  1362 D WeatherService: 2 : onStartCommand, intent!=null, action: com.lge.weather.WIDGET_REFRESH
12-12 15:46:50.660  1362  1362 D WeatherService: 2 : requestRefreshAppWidget, isUpdateStart : false
12-12 15:46:50.660  1362  1362 D UpdateThreadPoolManager: 2 : This is isUpdating : false
12-12 15:46:50.660  1362  1362 D WeatherService: 2 : requestRefreshAppWidget, isUpdating : false
12-12 15:46:50.660  1362  1362 D WeatherAncestor: 2 : buildUpdate, appWidgetId: 3
12-12 15:46:50.660  1362  1362 D WeatherReflect: 2 : Map key string is -2
12-12 15:46:50.670  1362  1362 D lim     : 2 : time = 3:46 PM
12-12 15:46:50.670  1362  1362 I WeatherReflect: Model Name : LG-V410
12-12 15:46:50.670  1362  1362 D WeatherTheme: 2 : exactly same view!
12-12 15:46:50.670  1362  1362 D WeatherTheme: 2 : widgetId = 3 : widgetSize = 1 : Do not refresh any widget.
12-12 15:46:50.670  1362  1362 D Weather.Utils: 2 : Utils getTopActivity com.lge.launcher2 / true
12-12 15:46:50.670  1362  1362 D WeatherService: 2 : shouldTimeTickRegistered - 4x2 : 1, FphWidget : 0
12-12 15:46:50.670  1362  1362 D WeatherService: 2 : shouldTimeTickRegistered : true - home screen widget is shown.
12-12 15:46:50.670  6853  6893 I Icing   : Usage reports ok 0, Failed Usage reports 0, indexed 0, rejected 0, imm upload true
12-12 15:46:50.740   319  3811 V AudioFlinger: Record started OK
12-12 15:46:50.740  1756  1756 I SearchController: #onHotwordDetectorStarted
12-12 15:46:50.930   306   385 I Vold    : [LGE][VOLD][NetlinkHandler.cpp][onEvent()] subsys:cpu, action:0
12-12 15:46:50.980   306   385 I Vold    : [LGE][VOLD][NetlinkHandler.cpp][onEvent()] subsys:cpu, action:0
12-12 15:46:51.230  9665  9665 D AndroidRuntime: 
12-12 15:46:51.230  9665  9665 D AndroidRuntime: >>>>>> AndroidRuntime START com.android.internal.os.RuntimeInit <<<<<<
12-12 15:46:51.230  9665  9665 D AndroidRuntime: CheckJNI is OFF
12-12 15:46:51.250  9665  9665 D dalvikvm: Trying to load lib libjavacore.so 0x0
12-12 15:46:51.250  9665  9665 D dalvikvm: Added shared lib libjavacore.so 0x0
12-12 15:46:51.250  9665  9665 D dalvikvm: Trying to load lib libnativehelper.so 0x0
12-12 15:46:51.250  9665  9665 D dalvikvm: Added shared lib libnativehelper.so 0x0
12-12 15:46:51.250  9665  9665 D dalvikvm: No JNI_OnLoad found in libnativehelper.so 0x0, skipping init
12-12 15:46:51.290  9665  9665 D dalvikvm: Note: class Landroid/app/ActivityManagerNative; has 184 unimplemented (abstract) methods
12-12 15:46:51.460  9665  9665 E memtrack: Couldn't load memtrack module (No such file or directory)
12-12 15:46:51.460  9665  9665 E android.os.Debug: failed to load memtrack module: -2
12-12 15:46:51.540  9665  9665 D AndroidRuntime: Calling main entry com.android.commands.wm.Wm
12-12 15:46:51.560  9665  9665 D AndroidRuntime: Shutting down VM
12-12 15:46:51.560  9665  9676 D dalvikvm: GC_CONCURRENT freed 97K, 15% free 594K/696K, paused 1ms+0ms, total 3ms
12-12 15:46:51.740   306   385 I Vold    : [LGE][VOLD][NetlinkHandler.cpp][onEvent()] subsys:cpu, action:0
12-12 15:46:53.720  9605  9685 D Aatp    : /ping
12-12 15:46:53.900  9605  9686 D Aatp    : /wake
12-12 15:46:54.030  9605  9686 D Aatp    : sha1: 544a10700d8c03cdbd738e5d77b891b42359ed5a
12-12 15:46:54.050  1515  1538 I com.skyfire.browser.toolbar.ProcessObserverService: On importance changed 9605,11597,100
12-12 15:46:54.050  1515  1526 I com.skyfire.browser.toolbar.ProcessObserverService: On importance changed 9605,11597,130
12-12 15:46:54.060  9605  9605 D AatpDeviceManager: taskStatus update (544a10700d8c03cdbd738e5d77b891b42359ed5a: {"state":1})
12-12 15:46:54.060  9605  9687 D AWSDeviceFarmAndroidLib: WakeLock: acquire
12-12 15:46:54.060   306   385 I Vold    : [LGE][VOLD][NetlinkHandler.cpp][onEvent()] subsys:cpu, action:0
12-12 15:46:54.060   962   962 D NotificationService: updateLightListLocked :r=null, action=2
12-12 15:46:54.060   962  1331 D PowerManagerService: acquireWakeLockInternal: lock=1116179528, flags=0x30000006, tag="AWSDeviceFarmAndroidLib", ws=null, uid=11597, pid=9605
12-12 15:46:54.070  9605  9686 D Aatp    : /task/544a10700d8c03cdbd738e5d77b891b42359ed5a
12-12 15:46:54.070  9605  9687 I AWSDeviceFarmAndroidLib: ET phone home
12-12 15:46:54.070   962  1375 I ActivityManager: START u0 {act=android.intent.action.MAIN cat=[android.intent.category.HOME] flg=0x10000000 cmp=com.lge.launcher2/.Launcher} from pid 9605
12-12 15:46:54.110  1213  1600 D dalvikvm: GC_EXPLICIT freed 14K, 67% free 3842K/11632K, paused 1ms+2ms, total 22ms
12-12 15:46:54.110   962  1375 I ActivityManager: ActivityRecord{42289a68 u0 com.lge.launcher2/.Launcher t-1} Support Split:false Is ScreenFull:true
12-12 15:46:54.140  1213  1224 D dalvikvm: GC_EXPLICIT freed 8K, 67% free 3842K/11632K, paused 1ms+2ms, total 22ms
12-12 15:46:54.140  1213  1224 V SplitWindowPolicyService: checkScreen => return. sourceIntent is null or not support SplitWindow component: ComponentInfo{co..../co.....Launcher}
12-12 15:46:54.140  1213  1601 V SplitWindowPolicyService: requestUpdateStackInfo
12-12 15:46:54.140  1546  1546 I [LGHome]EVENT: [Launcher.java:1056:onPause()]onPause
12-12 15:46:54.140  9605  9687 I AWSDeviceFarmAndroidLib: Muting audio streams
12-12 15:46:54.140   962  1375 D ActivityManager: resumeTopActivityLocked: Top activity resumed ActivityRecord{42843920 u0 com.lge.launcher2/.Launcher t1}
12-12 15:46:54.150  1546  1546 I [LGHome]EVENT: [Launcher.java:1947:onNewIntent()]Default Home screen would be seen
12-12 15:46:54.150  9605  9687 D AudioManager: setRingerMode() ringerMode 0 Request Package = com.amazon.aatp.aatpdevicemanager
12-12 15:46:54.160  1546  1546 I [LGHome]EVENT: [Launcher.java:870:onResume()]onResume
12-12 15:46:54.160  9605  9687 D AudioManager: setStreamVolume() streamType = 1 index = 0 flags = 0 Request Package = com.amazon.aatp.aatpdevicemanager
12-12 15:46:54.160   319   319 D audio_hw_extn: audio_extn_get_parameters: returns 
12-12 15:46:54.160   319   319 V msm8974_platform: platform_get_parameters: exit: returns - 
12-12 15:46:54.160   319   319 V audio_hw_primary: adev_get_parameters: exit: returns - 
12-12 15:46:54.160   319   319 I str_params: key: 'isVirtualMirrorLinkDevice' value: ''
12-12 15:46:54.160  1546  1546 I [LGHome]LGActivityUtil: [LGActivityUtil.java:303:notifyToWeatherWidget()]broadcast to weather widget, intent: Intent { act=com.lge.launcher2.RESUME }
12-12 15:46:54.160  1546  1546 I [LGHome]EVENT: [Launcher.java:1023:onResume()]onResume end
12-12 15:46:54.170  1362  1362 D WeatherAncestor: 2 : onReceive, action: com.lge.launcher2.RESUME, Time(hour:min:sec) 15:46:54
12-12 15:46:54.170  1362  1362 D UpdateThreadPoolManager: 2 : This is isUpdating : false
12-12 15:46:54.180  1362  1362 D WeatherService: 2 : shouldTimeTickRegistered - 4x2 : 1, FphWidget : 0
12-12 15:46:54.180  1362  1362 D WeatherService: 2 : shouldTimeTickRegistered : true - home screen widget is shown.
12-12 15:46:54.180  1362  1362 D WeatherAncestor: 2 : shouldTimeTickRegistered().........
12-12 15:46:54.180  1362  1362 W ContextImpl: Implicit intents with startService are not safe: Intent { act=com.lge.weather.WIDGET_REFRESH } android.content.ContextWrapper.startService:494 android.content.ContextWrapper.startService:494 com.lge.sizechangable.weather.layout.WeatherWidget.onReceive:463 
12-12 15:46:54.180  1362  1362 D WeatherAncestor: 2 : onReceive has processed, action: com.lge.launcher2.RESUME, Time(hour:min:sec) 15:46:54
12-12 15:46:54.180  1362  1362 D WeatherService: 2 : onStartCommand, intent!=null, action: com.lge.launcher2.RESUME
12-12 15:46:54.190  1362  1362 D Weather.Utils: 2 : Utils getTopActivity com.lge.launcher2 / true
12-12 15:46:54.190  1362  1362 D WeatherService: 2 : shouldTimeTickRegistered - 4x2 : 1, FphWidget : 0
12-12 15:46:54.190  1362  1362 D WeatherService: 2 : shouldTimeTickRegistered : true - home screen widget is shown.
12-12 15:46:54.190  1362  1362 D WeatherService: 2 : onStartCommand, intent!=null, action: com.lge.weather.WIDGET_REFRESH
12-12 15:46:54.190  1362  1362 D WeatherService: 2 : requestRefreshAppWidget, isUpdateStart : false
12-12 15:46:54.190  1362  1362 D UpdateThreadPoolManager: 2 : This is isUpdating : false
12-12 15:46:54.190  1362  1362 D WeatherService: 2 : requestRefreshAppWidget, isUpdating : false
12-12 15:46:54.190  1362  1362 D WeatherAncestor: 2 : buildUpdate, appWidgetId: 3
12-12 15:46:54.190  1362  1362 D WeatherReflect: 2 : Map key string is -2
12-12 15:46:54.190  1362  1362 D lim     : 2 : time = 3:46 PM
12-12 15:46:54.190  1362  1362 I WeatherReflect: Model Name : LG-V410
12-12 15:46:54.200  1362  1362 D WeatherTheme: 2 : exactly same view!
12-12 15:46:54.200  1362  1362 D WeatherTheme: 2 : widgetId = 3 : widgetSize = 1 : Do not refresh any widget.
12-12 15:46:54.200  9605  9694 D Aatp    : /task/544a10700d8c03cdbd738e5d77b891b42359ed5a/status
12-12 15:46:54.200  1362  1362 D Weather.Utils: 2 : Utils getTopActivity com.lge.launcher2 / true
12-12 15:46:54.200  1362  1362 D WeatherService: 2 : shouldTimeTickRegistered - 4x2 : 1, FphWidget : 0
12-12 15:46:54.200  1362  1362 D WeatherService: 2 : shouldTimeTickRegistered : true - home screen widget is shown.
12-12 15:46:54.260   962   962 D VolumePanel: onVolumeChanged(streamType: 1, flags: 0)
12-12 15:46:54.260  9605  9687 D AudioManager: setStreamVolume() streamType = 5 index = 0 flags = 0 Request Package = com.amazon.aatp.aatpdevicemanager
12-12 15:46:54.260   319  1119 D audio_hw_extn: audio_extn_get_parameters: returns 
12-12 15:46:54.260   319  1119 V msm8974_platform: platform_get_parameters: exit: returns - 
12-12 15:46:54.260   319  1119 V audio_hw_primary: adev_get_parameters: exit: returns - 
12-12 15:46:54.260   319  1119 I str_params: key: 'isVirtualMirrorLinkDevice' value: ''
12-12 15:46:54.260   962   962 D VolumePanel: onVolumeChanged(streamType: 5, flags: 0)
12-12 15:46:54.270  9605  9687 D AudioManager: setStreamVolume() streamType = 4 index = 0 flags = 0 Request Package = com.amazon.aatp.aatpdevicemanager
12-12 15:46:54.270   319   319 D audio_hw_extn: audio_extn_get_parameters: returns 
12-12 15:46:54.270   319   319 V msm8974_platform: platform_get_parameters: exit: returns - 
12-12 15:46:54.270   319   319 V audio_hw_primary: adev_get_parameters: exit: returns - 
12-12 15:46:54.270   319   319 I str_params: key: 'isVirtualMirrorLinkDevice' value: ''
12-12 15:46:54.270   962   962 D VolumePanel: onVolumeChanged(streamType: 4, flags: 0)
12-12 15:46:54.270  9605  9687 D AudioManager: setStreamVolume() streamType = 2 index = 0 flags = 0 Request Package = com.amazon.aatp.aatpdevicemanager
12-12 15:46:54.270   319  1119 D audio_hw_extn: audio_extn_get_parameters: returns 
12-12 15:46:54.270   319  1119 V msm8974_platform: platform_get_parameters: exit: returns - 
12-12 15:46:54.270   319  1119 V audio_hw_primary: adev_get_parameters: exit: returns - 
12-12 15:46:54.270   319  1119 I str_params: key: 'isVirtualMirrorLinkDevice' value: ''
12-12 15:46:54.280   319  3811 V AudioPolicyManagerBase: getDevicesForStream :: mAvailableOutputDevices = 2097154, devices = 8
12-12 15:46:54.280   962  1331 W AudioService: setStreamVolumeInt(), mRingerMode: 0, index: 0, streamType: 2
12-12 15:46:54.280   962   962 D VolumePanel: onVolumeChanged(streamType: 5, flags: 0)
12-12 15:46:54.280  9605  9687 D AudioManager: setStreamVolume() streamType = 3 index = 0 flags = 0 Request Package = com.amazon.aatp.aatpdevicemanager
12-12 15:46:54.280   319   319 D audio_hw_extn: audio_extn_get_parameters: returns 
12-12 15:46:54.280   319   319 V msm8974_platform: platform_get_parameters: exit: returns - 
12-12 15:46:54.280   319   319 V audio_hw_primary: adev_get_parameters: exit: returns - 
12-12 15:46:54.280   319   319 I str_params: key: 'isVirtualMirrorLinkDevice' value: ''
12-12 15:46:54.280   962   962 D VolumePanel: onVolumeChanged(streamType: 3, flags: 0)
12-12 15:46:54.280  9605  9687 I AWSDeviceFarmAndroidLib: Creating /data/data/com.amazon.aatp.aatpdevicemanager/app_logs
12-12 15:46:54.280  9605  9605 D AatpDeviceManager: taskStatus update (544a10700d8c03cdbd738e5d77b891b42359ed5a: {"result":"Device woken.","state":2})
12-12 15:46:54.280  1515  1538 I com.skyfire.browser.toolbar.ProcessObserverService: On importance changed 9605,11597,100
12-12 15:46:54.280  1515  1526 I com.skyfire.browser.toolbar.ProcessObserverService: On importance changed 9605,11597,130
12-12 15:46:54.280   962   962 D NotificationService: updateLightListLocked :r=NotificationRecord(0x428b5510: pkg=com.amazon.aatp.aatpdevicemanager user=UserHandle{0} id=1096041550 tag=null score=0: Notification(pri=0 contentView=com.amazon.aatp.aatpdevicemanager/0x1090064 vibrate=null sound=null defaults=0x0 flags=0x62 kind=[null])), action=2
12-12 15:46:54.280   962   962 D NotificationService: notification=Notification(pri=0 contentView=com.amazon.aatp.aatpdevicemanager/0x1090064 vibrate=null sound=null defaults=0x0 flags=0x62 kind=[null])
12-12 15:46:54.510   306   385 I Vold    : [LGE][VOLD][NetlinkHandler.cpp][onEvent()] subsys:cpu, action:0
12-12 15:46:55.240  9605  9699 D Aatp    : /task/544a10700d8c03cdbd738e5d77b891b42359ed5a/status
12-12 15:46:55.460   327   420 I ThermalEngine: Sensor:pa_therm1:25000 mC
12-12 15:46:55.760  9605  9701 D Aatp    : /keyguard
12-12 15:46:55.780  9605  9701 D Aatp    : sha1: 14178e36a7baf8673f92601577b05565cee1ea24
12-12 15:46:55.790  1515  1538 I com.skyfire.browser.toolbar.ProcessObserverService: On importance changed 9605,11597,100
12-12 15:46:55.810  1515  1526 I com.skyfire.browser.toolbar.ProcessObserverService: On importance changed 9605,11597,130
12-12 15:46:55.820   962   962 D NotificationService: updateLightListLocked :r=null, action=2
12-12 15:46:55.820  9605  9605 D AatpDeviceManager: taskStatus update (14178e36a7baf8673f92601577b05565cee1ea24: {"state":1})
12-12 15:46:55.820  9605  9702 D AatpDeviceManager: Keyguard enabled: false
12-12 15:46:55.830  9605  9701 D Aatp    : /task/14178e36a7baf8673f92601577b05565cee1ea24
12-12 15:46:55.870   306   385 I Vold    : [LGE][VOLD][NetlinkHandler.cpp][onEvent()] subsys:cpu, action:0
12-12 15:46:55.890  9605  9605 D AatpDeviceManager: taskStatus update (14178e36a7baf8673f92601577b05565cee1ea24: {"result":{"enabled":false},"state":2})
12-12 15:46:55.890  1515  1538 I com.skyfire.browser.toolbar.ProcessObserverService: On importance changed 9605,11597,100
12-12 15:46:55.890  1515  1526 I com.skyfire.browser.toolbar.ProcessObserverService: On importance changed 9605,11597,130
12-12 15:46:55.890   962   962 D NotificationService: updateLightListLocked :r=NotificationRecord(0x426d60d8: pkg=com.amazon.aatp.aatpdevicemanager user=UserHandle{0} id=1096041551 tag=null score=0: Notification(pri=0 contentView=com.amazon.aatp.aatpdevicemanager/0x1090064 vibrate=null sound=null defaults=0x0 flags=0x62 kind=[null])), action=2
