12-12 15:47:24.850   962  1559 V AudioSystem: ioConfigChanged() event 0, ioHandle 2
12-12 15:47:24.850   962  1559 V AudioSystem: ioConfigChanged() opening already existing output! 2
12-12 15:47:24.850   319  3811 D audio_hw_primary: adev_set_parameters: enter: bt_samplerate=8000
12-12 15:47:24.850   319  3811 V msm8974_platform: platform_set_parameters: enter: bt_samplerate=8000
12-12 15:47:24.850   319  3811 E audio_route: unable to find path 'bt-sco-wb-samplerate'
12-12 15:47:24.850 10467 10467 D A2dpService: Received start request. Starting profile...
12-12 15:47:24.850   319  3811 V msm8974_platform: platform_set_parameters: exit with code(0)
12-12 15:47:24.850 10467 10467 I BluetoothAVRCP1.3ServiceJni: classInitNativeAVRCP
12-12 15:47:24.850   319  3811 V listen_hw: listen_hw_set_parameters: Enter, kvpairs =  
12-12 15:47:24.850   319  3811 V listen_hw: handle_set_parameters: Enter kvpairs=.
12-12 15:47:24.850   319  3811 V listen_hw: handle_set_parameters: Exit
12-12 15:47:24.850   319  3811 V listen_hw: listen_hw_set_parameters: Exit, ret=0
12-12 15:47:24.850   319  3811 V audio_hw_primary: adev_set_parameters: exit with code(-2)
12-12 15:47:24.850 10467 10467 V Avrcp   : make
12-12 15:47:24.850   319  1041 V AudioFlinger: acquireWakeLock_l() AudioOut_3 status 0
12-12 15:47:24.850  1756  1768 V AudioSystem: ioConfigChanged() opening already existing output! 3
12-12 15:47:24.850 10467 10497 V AudioSystem: ioConfigChanged() event 0, ioHandle 3
12-12 15:47:24.850 10467 10497 V AudioSystem: ioConfigChanged() new output samplingRate 48000, format 1 channel mask 0x3 frameCount 960 latency 50
12-12 15:47:24.850 10467 10497 V AudioSystem: ioConfigChanged() event 0, ioHandle 2
12-12 15:47:24.850 10467 10497 V AudioSystem: ioConfigChanged() new output samplingRate 48000, format 1 channel mask 0x3 frameCount 960 latency 160
12-12 15:47:24.850  1505  1525 V AudioSystem: ioConfigChanged() opening already existing output! 3
12-12 15:47:24.850  1756  1768 V AudioSystem: ioConfigChanged() event 0, ioHandle 2
12-12 15:47:24.850  1756  1768 V AudioSystem: ioConfigChanged() opening already existing output! 2
12-12 15:47:24.850  1505  1525 V AudioSystem: ioConfigChanged() event 0, ioHandle 2
12-12 15:47:24.850  1505  1525 V AudioSystem: ioConfigChanged() opening already existing output! 2
12-12 15:47:24.850 10467 10489 W BluetoothAdapterService: Starting service com.qcom.bluetooth.service.hfpclient.HandsfreeClientService
12-12 15:47:24.850 10467 10478 V LGRssiData: [loadRssi] File not exist 
12-12 15:47:24.850 10467 10478 V LGRssiData: [loadRssi] File not exist 
12-12 15:47:24.850 10467 10478 V TelephonyAutoProfiling: [loadFeatureFromXml] *** start feature loading from xml
12-12 15:47:24.850 10467 10478 D TelephonyAutoProfiling: [parse] Load xml
12-12 15:47:24.860 10467 10478 V TelephonyAutoProfiling: [getMatchedProfile] selected file : /etc/featureset.xml
12-12 15:47:24.860   319  9652 V AudioFlinger: processConfigEvents() remaining events 1
12-12 15:47:24.860   319  9652 V AudioSystem: ioConfigChanged() event 3, ioHandle 18
12-12 15:47:24.860   962   973 V AudioSystem: ioConfigChanged() event 3, ioHandle 18
12-12 15:47:24.860  1756  1811 V AudioSystem: ioConfigChanged() event 3, ioHandle 18
12-12 15:47:24.860  1505  2180 V AudioSystem: ioConfigChanged() event 3, ioHandle 18
12-12 15:47:24.860 10467 10477 V AudioSystem: ioConfigChanged() event 3, ioHandle 18
12-12 15:47:24.860 10467 10478 V TelephonyAutoProfiling: [loadDataFromXml] load feature from xml complete : {force_write_mode_allowed=true, KRWapPushWithSpam=false, KREncodingScheme=false, GLOBALspam=false, copy_submit_to_uicc=false, enable_link_control=false, cmas_mlock_cb=false, KSC5601Decoding=true, MMSHiddenConfig=false, increase_user_permit_sent_sms_max_count=false, KR_Modem_Item=true, OperatorMessage=false, support_emoji_in_concat_message=false, do_not_save_sms_to_isis_short_code=false, att_vvm=false, set_clir_option_by_call_setting=false, SHOW_NETWORK_NAME_WHEN_MANUAL_NETWORK_SETTING_FAIL=true, spam=false, MANUAL_SELECTION_WITH_RAT=true, seperate_processing_sms_uicc=false}
12-12 15:47:24.860 10467 10489 D dalvikvm: Note: class Lcom/lge/mdm/manager/ILGMDMDevicePolicyManager$Stub; has 382 unimplemented (abstract) methods
12-12 15:47:24.870 10467 10489 I BluetoothAdapterState: Entering PendingCommandState State: isTurningOn()=true, isTurningOff()=false
12-12 15:47:24.880  1505  1505 D dalvikvm: GC_EXPLICIT freed 4825K, 67% free 3949K/11632K, paused 4ms+5ms, total 63ms
12-12 15:47:24.880  1505  1505 D BluetoothHeadset: Proxy object connected
12-12 15:47:24.880  1505  1505 D CallNotifier: - Got BluetoothHeadset: android.bluetooth.BluetoothHeadset@4216c628
12-12 15:47:24.880  1505  1505 D BluetoothHeadset: Proxy object connected
12-12 15:47:24.890  1505  1505 D BluetoothManager: - Got BluetoothHeadset: android.bluetooth.BluetoothHeadset@421653f8
12-12 15:47:24.910 10247 10247 D dalvikvm: DexOpt: --- BEGIN 'com.google.android.gms-2.apk.classes2.zip' (bootstrap=0) ---
12-12 15:47:25.010   962  1561 D dalvikvm: JIT code cache reset in 3 ms (1535984 bytes 1/0)
12-12 15:47:25.030   962  1561 D dalvikvm: GC_EXPLICIT freed 2330K, 45% free 17931K/32384K, paused 5ms+16ms, total 174ms
12-12 15:47:25.030   962  1561 E MediaFocusControl: Error updating focussed RCC to RCD 
12-12 15:47:25.030   962  1561 E MediaFocusControl: java.util.EmptyStackException
12-12 15:47:25.030   962  1561 E MediaFocusControl: 	at java.util.Stack.peek(Stack.java:57)
12-12 15:47:25.030   962  1561 E MediaFocusControl: 	at android.media.MediaFocusControl.registerRemoteControlDisplay_int(MediaFocusControl.java:2288)
12-12 15:47:25.030   962  1561 E MediaFocusControl: 	at android.media.MediaFocusControl.registerRemoteControlDisplay(MediaFocusControl.java:234)
12-12 15:47:25.030   962  1561 E MediaFocusControl: 	at android.media.AudioService.registerRemoteControlDisplay(AudioService.java:4374)
12-12 15:47:25.030   962  1561 E MediaFocusControl: 	at android.media.IAudioService$Stub.onTransact(IAudioService.java:593)
12-12 15:47:25.030   962  1561 E MediaFocusControl: 	at android.media.AudioServiceEx.onTransact(AudioServiceEx.java:1283)
12-12 15:47:25.030   962  1561 E MediaFocusControl: 	at android.os.Binder.execTransact(Binder.java:407)
12-12 15:47:25.030   962  1561 E MediaFocusControl: 	at dalvik.system.NativeStart.run(Native Method)
12-12 15:47:25.030 10467 10467 I BluetoothA2dpServiceJni: classInitNative: succeeds
12-12 15:47:25.030 10467 10467 D A2dpStateMachine: make
12-12 15:47:25.030 10467 10467 I bluedroid-qcom: get_profile_interface a2dp
12-12 15:47:25.030 10467 10503 I GKI_LINUX: gki_task_entry: gki_task_entry task_id=2 [A2DP-MEDIA] starting
12-12 15:47:25.040 10467 10503 E bt-btif : warning : no command pending, ignore ack
12-12 15:47:25.040 10467 10467 I QCOM PowerHAL: QCOM power HAL initing.
12-12 15:47:25.040 10467 10467 I LGBluetoothA2dpServiceJni: classInitNative: succeeds
12-12 15:47:25.040 10467 10467 I LGBluetoothA2dpAdapter: [BTUI] getInstance : create [LGBluetoothA2dpAdapter]
12-12 15:47:25.040 10467 10467 D LGBluetoothPowerControlManager: [BTUI] init
12-12 15:47:25.040 10467 10467 D LGBluetoothPowerControlManager: [BTUI] init : getProfileProxy
12-12 15:47:25.040   962  1037 D BluetoothManagerService: Message: 30
12-12 15:47:25.040 10467 10467 D LGBluetoothAvrcpManager: [BTUI] initAvcrpManager
12-12 15:47:25.040 10467 10502 D A2dpStateMachine: Enter Disconnected: -2
12-12 15:47:25.050 10467 10467 D LGBluetoothAvrcpAdapter: [BTUI] Use LG AVRCP : init jni
12-12 15:47:25.050 10467 10467 I BluetoothAVRCP1.3ServiceJni: initNativeAVRCP
12-12 15:47:25.050 10467 10467 I bluedroid-qcom: get_profile_interface avrcp
12-12 15:47:25.050 10467 10467 D LGBluetoothAvrcpManager: [BTUI] initPlayStatus() : isMusicActive = false
12-12 15:47:25.050 10467 10467 D BluetoothAdapterService: getAdapterService(): returning com.android.bluetooth.btservice.AdapterService@4201adb8
12-12 15:47:25.050 10467 10467 I BluetoothHidServiceJni: classInitNative: succeeds
12-12 15:47:25.050 10467 10467 D HidService: Received start request. Starting profile...
12-12 15:47:25.050 10467 10467 I bluedroid-qcom: get_profile_interface hidhost
12-12 15:47:25.050 10467 10467 D BluetoothAdapterService: getAdapterService(): returning com.android.bluetooth.btservice.AdapterService@4201adb8
12-12 15:47:25.050 10467 10467 I BluetoothHealthServiceJni: classInitNative: succeeds
12-12 15:47:25.050 10467 10467 D HealthService: Received start request. Starting profile...
12-12 15:47:25.050 10467 10467 I bluedroid-qcom: get_profile_interface health
12-12 15:47:25.050 10467 10467 I LGBluetoothHealthServiceJni: classInitNative: succeeds
12-12 15:47:25.050 10467 10467 D BluetoothAdapterService: getAdapterService(): returning com.android.bluetooth.btservice.AdapterService@4201adb8
12-12 15:47:25.050 10467 10467 I BtGatt.JNI: classInitNative(L685): classInitNative: Success!
12-12 15:47:25.060 10467 10467 D BtGatt.DebugUtils: handleDebugAction() action=null
12-12 15:47:25.060 10467 10467 D BtGatt.GattService: Received start request. Starting profile...
12-12 15:47:25.060 10467 10467 D BtGatt.GattService: start()
12-12 15:47:25.060 10467 10467 I bluedroid-qcom: get_profile_interface gatt
12-12 15:47:25.060 10467 10467 D BluetoothAdapterService: getAdapterService(): returning com.android.bluetooth.btservice.AdapterService@4201adb8
12-12 15:47:25.060 10467 10467 D BluetoothAdapterService(1107406264): Message: 1
12-12 15:47:25.060 10467 10467 D BluetoothAdapterService(1107406264): MESSAGE_PROFILE_SERVICE_STATE_CHANGED
12-12 15:47:25.060 10467 10467 D BluetoothAdapterService: onProfileServiceStateChange: serviceName=com.android.bluetooth.hfp.HeadsetService, state = 12, doUpdate = true
12-12 15:47:25.060 10467 10467 D BluetoothAdapterService: Profile still not running:com.qcom.bluetooth.service.hfpclient.HandsfreeClientService
12-12 15:47:25.060 10467 10496 D HeadsetStateMachine: Disconnected process message: 10
12-12 15:47:25.060 10467 10496 D HeadsetPhoneState: sendDeviceStateChanged. mService=0 mSignal=0 mRoam=0 mBatteryCharge=5
12-12 15:47:25.060 10467 10496 D HeadsetStateMachine: Disconnected process message: 11
12-12 15:47:25.060 10467 10467 D HandsfreeClientService: Received start request. Starting profile...
12-12 15:47:25.060 10467 10467 V HandsfreeClientService: start
12-12 15:47:25.060 10467 10467 I BluetoothHandsfreeClientServiceJni: classInitNative succeeds
12-12 15:47:25.060 10467 10467 D HandsfreeClientStateMachine: make
12-12 15:47:25.080 10467 10467 V MediaPlayer[Native]: constructor
12-12 15:47:25.080   319  3811 V AudioFlinger: acquiring 19 from 10467
12-12 15:47:25.080   319  3811 V AudioFlinger:  added new entry for 19
12-12 15:47:25.080 10467 10467 D MediaPlayer[Native]: calling notify_player_state: 1
12-12 15:47:25.080 10467 10467 V MediaPlayer[Native]: setListener
12-12 15:47:25.080 10467 10467 E ExtMediaPlayer-JNI: QCMediaPlayer could not be located....
12-12 15:47:25.080 10467 10467 E MediaPlayer-JNI: QCMediaPlayer mediaplayer NOT present
12-12 15:47:25.080 10467 10467 I RingtoneEx: setStreamType: mSmartRingtone.onNoiseEstimation()
12-12 15:47:25.080 10467 10467 W RingtoneManagerEx: getActualDefaultRingtoneUri type is 4 uriString iscontent://media/internal/audio/media/14
12-12 15:47:25.090 10467 10467 D RingtoneEx: ringtone uri :content://settings/system/alarm_alert  path :/system/media/audio/alarms/Lifes_Good_Alarm.ogg
12-12 15:47:25.090 10467 10467 W RingtoneManagerEx: getActualDefaultRingtoneUri type is 4 uriString iscontent://media/internal/audio/media/14
12-12 15:47:25.090   962  3337 W RingtoneManagerEx: getActualDefaultRingtoneUri type is 4 uriString iscontent://media/internal/audio/media/14
12-12 15:47:25.100 10467 10467 V MediaPlayer[Native]: setDataSource(83, 0, 576460752303423487)
12-12 15:47:25.110   319   319 V MediaPlayerService: Client(2) constructor
12-12 15:47:25.110   319   319 V MediaPlayerService: Create new client(2) from pid 10467, uid 1002, 
12-12 15:47:25.110   319  1043 V MediaPlayerService: setDataSource fd=28, offset=0, length=576460752303423487
12-12 15:47:25.110   319  1043 V MediaPlayerService: st_dev  = 45855
12-12 15:47:25.110   319  1043 V MediaPlayerService: st_mode = 33188
12-12 15:47:25.110   319  1043 V MediaPlayerService: st_uid  = 0
12-12 15:47:25.110   319  1043 V MediaPlayerService: st_gid  = 0
12-12 15:47:25.110   319  1043 V MediaPlayerService: st_size = 561577
12-12 15:47:25.110   319  1043 V MediaPlayerService: calculated length = 561577
12-12 15:47:25.110   319  1043 W BrunchPlayerTypeImpl: [SelectPlayer] LocalType
12-12 15:47:25.110   319  1043 W BrunchPlayerTypeImpl: [getMediaType] EXTEND_MEDIA_MIMETYPE = application/ogg
12-12 15:47:25.110   319  1043 W BrunchPlayerTypeImpl: [FindUsePlayer] type = [application/ogg]
12-12 15:47:25.110   319  1043 W BrunchPlayerTypeImpl: [FindUsePlayer] componentName = [9101]
12-12 15:47:25.110   319  1043 W MediaPlayerFactory: [getPlayerType:fd] nType = 3
12-12 15:47:25.110   319  1043 V MediaPlayerService: player type = 3
12-12 15:47:25.130   306   385 I Vold    : [LGE][VOLD][NetlinkHandler.cpp][onEvent()] subsys:cpu, action:0
12-12 15:47:25.190   962  1035 D WifiStateMachine: addressUpdated: fe80::5a3f:54ff:fedf:1080/64 on wlan0 flags 128 scope 253
12-12 15:47:25.190   962  1035 D libc    : getaddrinfo called from pid =962
12-12 15:47:25.190   962  1177 D WifiStateMachine: handleMessage: E msg.what=131212
12-12 15:47:25.190   962  1177 D WifiStateMachine: processMsg: ConnectedState
12-12 15:47:25.190   962  1177 D WifiStateMachine: processMsg: L2ConnectedState
12-12 15:47:25.190   962  1177 D WifiStateMachine: processMsg: ConnectModeState
12-12 15:47:25.190   962  1177 D WifiStateMachine: processMsg: DriverStartedState
12-12 15:47:25.190   962  1177 D WifiStateMachine: processMsg: DriverStartedStateExt
12-12 15:47:25.190   962  1177 D WifiStateMachine: processMsg: SupplicantStartedState
12-12 15:47:25.190   962  1177 D WifiStateMachine: processMsg: DefaultState
12-12 15:47:25.190   962  1177 D WifiStateMachine: Link configuration changed for netId: 1
12-12 15:47:25.190   962  1177 D WifiStateMachine:  old: {InterfaceName: wlan0 LinkAddresses: [192.168.1.10/24,]  Routes: [192.168.1.0/24 -> 0.0.0.0,0.0.0.0/0 -> 192.168.1.1,] DnsAddresses: [10.0.100.20,] Domains: local MTU: 0HttpProxy: [ProxyProperties.mHost == null] }
12-12 15:47:25.190   962  1177 D WifiStateMachine:  new: {InterfaceName: wlan0 LinkAddresses: [192.168.1.10/24,fe80::5a3f:54ff:fedf:1080/64,]  Routes: [192.168.1.0/24 -> 0.0.0.0,0.0.0.0/0 -> 192.168.1.1,] DnsAddresses: [10.0.100.20,] Domains: local MTU: 0HttpProxy: [ProxyProperties.mHost == null] }
12-12 15:47:25.190   962  1177 D WifiStateMachine: handleMessage: X
12-12 15:47:25.190   962  1182 D ConnectivityServiceHSM: Actual State: DefaultConnectivityState, Current State: DefaultConnectivityState.processMessage what=458753
12-12 15:47:25.190   962  1182 D ConnectivityServiceHSM: Actual State: DefaultConnectivityState, Current State: DefaultConnectivityState.processMessage what=5003
12-12 15:47:25.190   962  1182 D libc    : getaddrinfo called from pid =962
12-12 15:47:25.190   962  1182 D QcConnectivityService: handleConnectivityChange:1 is conntected
12-12 15:47:25.190   962  1182 E QcConnectivityService: test_dns: 
12-12 15:47:25.200   962  1182 D QcConnectivityService: set IP family type in DNS server, ifname =wlan0, ipv4 = true, ipv6 = false
12-12 15:47:25.200   962  1182 D QcConnectivityService: handleConnectivityChange: addresses changed linkProperty[1]: resetMask=0
12-12 15:47:25.200   962  1182 D QcConnectivityService:    car=removed=[] added=[fe80::5a3f:54ff:fedf:1080/64,]
12-12 15:47:25.200   962  1182 E QcConnectivityService: Exception while trying to add src route: java.lang.NullPointerException
12-12 15:47:25.200   962  1182 D Nat464Xlat: requiresClat: netType=1, hasIPv4Address=true
12-12 15:47:25.250   319  1043 I ExtendedUtils: AV Sync late margin : Intended=40ms Using=0ms
12-12 15:47:25.250   319  1043 V AwesomePlayer: AwesomePlayer running on behalf of uid 1002
12-12 15:47:25.250   319  1043 V AudioSink: AudioOutput(19)
12-12 15:47:25.250   319  1043 V MediaPlayerService: [2] notify (0xb8fe2a78, 8, 0, 0)
12-12 15:47:25.250 10467 10498 V MediaPlayer[Native]: message received msg=8, ext1=0, ext2=0
12-12 15:47:25.250 10467 10498 V MediaPlayer[Native]: notify(8, 0, 0) callback on disconnected mediaplayer
12-12 15:47:25.250   319  1043 V LgeMediaDetector: GetMediaType start
12-12 15:47:25.250   319  1043 V LgeMediaDetector: GetMainType start
12-12 15:47:25.250   319  1043 V LgeMediaDetector: GetSubType start
12-12 15:47:25.250   319  1043 V LgeMediaDetector: GetOGGSubType start
12-12 15:47:25.250   319  1043 V LgeMediaDetector: GetOGGSubType end
12-12 15:47:25.250   319  1043 V LgeMediaDetector: GetSubType end
12-12 15:47:25.250   319  1043 V LgeMediaDetector: Pre GetMediaType [nMain:327680][nSub:327680]
12-12 15:47:25.250   319  1043 V LgeMediaDetector: GetMediaType [nMain:5][nSub:0]
12-12 15:47:25.250   319  1043 V LgeMediaDetector: GetMediaType end
12-12 15:47:25.250   319  1043 E MediaExtractorHelper: LG-CodeParser Version: LG_CodecParser_R1.0.0.32
12-12 15:47:25.260   319  1043 E MediaExtractorHelper: SupportCodecEx : 208
12-12 15:47:25.260   319  1043 E MediaExtractorHelper: #### Audio mime audio/vorbis 
12-12 15:47:25.260   319  1043 E MediaExtractorHelper: #### componentName = OMX.google.vorbis.decoder
12-12 15:47:25.260   319  1043 W BrunchUsedCodecImpl: [isUsedCodec] Used codec!!!!! = audio/vorbis
12-12 15:47:25.280   319  1043 V AwesomePlayer: track of type 'audio/vorbis' does not publish bitrate
12-12 15:47:25.280   319  1043 V AwesomePlayer: mBitrate = -1 bits/sec
12-12 15:47:25.280   319  1043 V AwesomePlayer: AudioTrack Setting
12-12 15:47:25.280   319  1043 V AwesomePlayer: AudioTrack Setting channelCount = 2
12-12 15:47:25.280   319  1043 W BrunchUsedCodecImpl: [isUsedCodec] Used codec!!!!! = audio/vorbis
12-12 15:47:25.280   319  1043 V MediaPlayerService:  setDataSource
12-12 15:47:25.280   319  1043 V AwesomePlayer: awesomeP getParameter LGE_MEDIAPLAYER_KEYPARAM_DIVX_DIVX_DRM_FILE, m_isDivXDRM = 0
12-12 15:47:25.280   319  1043 V AudioCache: [disable3rdPartyPlayback]isDivxDrm : 0x00000000 
12-12 15:47:25.280 10467 10467 D MediaPlayer[Native]: calling notify_player_state: 2
12-12 15:47:25.280 10467 10467 V MediaPlayer[Native]: MediaPlayer::setAudioStreamType
12-12 15:47:25.280 10467 10467 V MediaPlayer[Native]: setVideoSurfaceTexture
12-12 15:47:25.290   319  1119 V MediaPlayerService: [2] setVideoSurfaceTexture(0x0)
12-12 15:47:25.290 10467 10467 V MediaPlayer[Native]: prepare
12-12 15:47:25.290   319  3811 V MediaPlayerService: [2] setAudioStreamType(2)
12-12 15:47:25.290 10467 10467 D MediaPlayer[Native]: calling notify_player_state: 4
12-12 15:47:25.290   319   319 V MediaPlayerService: [2] prepareAsync
12-12 15:47:25.290   319 10513 V AudioSystem: isOffloadSupported()
12-12 15:47:25.290   319 10513 V AudioPolicyManagerBase: isOffloadSupported: SR=44100, CM=0x3, Format=0x7000000, StreamType=2, BitRate=4294967295, duration=21265124 us, has_video=0
12-12 15:47:25.290   319 10513 V AudioPolicyManagerBase: isOffloadSupported: stream_type != MUSIC, returning false
12-12 15:47:25.290   319 10513 I AudioFlinger: isAudioPlaybackHookOn() false
12-12 15:47:25.290   319 10513 V AwesomePlayer: getUseOffload() = 0 
12-12 15:47:25.290   319 10513 W BrunchUsedCodecImpl: [isUsedCodec] Used codec!!!!! = audio/vorbis
12-12 15:47:25.290   319 10513 W OMXCodec: matchComponentName (null), componentName OMX.google.vorbis.decoder
12-12 15:47:25.290   319 10513 V OMXCodec: matching 'OMX.google.vorbis.decoder' quirks 0x00000000
12-12 15:47:25.290   319 10513 V OMXCodec: Attempting to allocate OMX node 'OMX.google.vorbis.decoder'
12-12 15:47:25.290   319 10513 V OMXCodec: Successfully allocated OMX node 'OMX.google.vorbis.decoder'
12-12 15:47:25.290   319 10513 V OMXCodec: configureCodec protected=0
12-12 15:47:25.290   319 10513 V OMXCodec: Codec outputs a different number of channels than the input stream contains (contains 2 channels, codec outputs 1 channels).
12-12 15:47:25.290   319 10513 V OMXCodec: [OMX.google.vorbis.decoder] allocating 4 buffers of size 8192 on input port
12-12 15:47:25.290   319 10513 V OMXCodec: [OMX.google.vorbis.decoder] allocated buffer 0xb8fe3fa8 on input port
12-12 15:47:25.290   319 10513 V OMXCodec: [OMX.google.vorbis.decoder] allocated buffer 0xb8fdcae0 on input port
12-12 15:47:25.290   319 10513 V OMXCodec: [OMX.google.vorbis.decoder] allocated buffer 0xb8fdcbb0 on input port
12-12 15:47:25.290   319 10513 V OMXCodec: [OMX.google.vorbis.decoder] allocated buffer 0xb8fdcc68 on input port
12-12 15:47:25.290   319 10513 V OMXCodec: [OMX.google.vorbis.decoder] allocating 4 buffers of size 32768 on output port
12-12 15:47:25.290   319 10513 V OMXCodec: [OMX.google.vorbis.decoder] allocated buffer 0xb8fdcdf0 on output port
12-12 15:47:25.290   319 10513 V OMXCodec: [OMX.google.vorbis.decoder] allocated buffer 0xb8fdd010 on output port
12-12 15:47:25.290   319 10513 V OMXCodec: [OMX.google.vorbis.decoder] allocated buffer 0xb8fdd150 on output port
12-12 15:47:25.290   319 10513 V OMXCodec: [OMX.google.vorbis.decoder] allocated buffer 0xb8fdd278 on output port
12-12 15:47:25.290   319 10515 V OMXCodec: [OMX.google.vorbis.decoder] onStateChange 2
12-12 15:47:25.290   319 10515 V OMXCodec: [OMX.google.vorbis.decoder] Now Idle.
12-12 15:47:25.290   319 10515 V OMXCodec: [OMX.google.vorbis.decoder] onStateChange 3
12-12 15:47:25.290   319 10515 V OMXCodec: [OMX.google.vorbis.decoder] Now Executing.
12-12 15:47:25.290   319 10513 V MediaPlayerService: [2] notify (0xb8fe2a78, 5, 0, 0)
12-12 15:47:25.290   319 10513 V MediaPlayerService: [2] notify (0xb8fe2a78, 1, 0, 0)
12-12 15:47:25.290 10467 10497 V MediaPlayer[Native]: message received msg=5, ext1=0, ext2=0
12-12 15:47:25.290 10467 10497 V MediaPlayer[Native]: New video size 0 x 0
12-12 15:47:25.290 10467 10497 V MediaPlayer[Native]: callback application
12-12 15:47:25.290 10467 10497 V MediaPlayer[Native]: back from callback
12-12 15:47:25.290 10467 10497 V MediaPlayer[Native]: message received msg=1, ext1=0, ext2=0
12-12 15:47:25.290 10467 10497 V MediaPlayer[Native]: prepared
12-12 15:47:25.290 10467 10497 D MediaPlayer[Native]: calling notify_player_state: 8
12-12 15:47:25.290 10467 10497 V MediaPlayer[Native]: signal application thread
12-12 15:47:25.290 10467 10497 V MediaPlayer[Native]: callback application
12-12 15:47:25.290 10467 10497 V MediaPlayer[Native]: back from callback
12-12 15:47:25.290 10467 10467 V MediaPlayer[Native]: prepare complete - status=0
12-12 15:47:25.290 10467 10467 D RingtoneEx: Successfully created local player
12-12 15:47:25.290 10467 10467 I bluedroid-qcom: get_profile_interface handsfree_client
12-12 15:47:25.300 10467 10509 D HandsfreeClientStateMachine: Enter Disconnected: -2
12-12 15:47:25.300 10467 10467 D BluetoothAdapterService: getAdapterService(): returning com.android.bluetooth.btservice.AdapterService@4201adb8
12-12 15:47:25.300 10467 10467 D HeadsetPhoneState: sendDeviceStateChanged. mService=0 mSignal=0 mRoam=0 mBatteryCharge=5
12-12 15:47:25.300 10467 10467 D HeadsetStateMachine: Proxy object connected
12-12 15:47:25.300 10467 10467 D LGBluetoothHfpAdapter: [BTUI] queryPhoneState
12-12 15:47:25.300 10467 10467 D LGBluetoothHfpAdapter: Try to query the phonestate on bind
12-12 15:47:25.300 10467 10496 D HeadsetStateMachine: Disconnected process message: 11
12-12 15:47:25.300  1505  1505 D BluetoothPhoneService: handleMessage: 4
12-12 15:47:25.300 10467 10467 D BluetoothA2dp: Proxy object connected
12-12 15:47:25.300 10467 10467 D LGBluetoothPowerControlManager: [BTUI] onServiceConnected : Got BluetoothA2dp: android.bluetooth.BluetoothA2dp@4206c140
12-12 15:47:25.300  1505  1505 V BluetoothPhoneService: Call state Converted2: IDLE/IDLE -> 6
12-12 15:47:25.300 10467 10467 D BluetoothAdapterService(1107406264): Message: 1
12-12 15:47:25.300 10467 10467 D BluetoothAdapterService(1107406264): MESSAGE_PROFILE_SERVICE_STATE_CHANGED
12-12 15:47:25.300 10467 10467 D BluetoothAdapterService: onProfileServiceStateChange: serviceName=com.android.bluetooth.a2dp.A2dpService, state = 12, doUpdate = true
12-12 15:47:25.300  1505  1505 W BluetoothHeadset: Proxy not attached to service
12-12 15:47:25.300  1505  1505 D BluetoothHeadset: java.lang.Throwable
12-12 15:47:25.300  1505  1505 D BluetoothHeadset: 	at android.bluetooth.BluetoothHeadset.phoneStateChanged(BluetoothHeadset.java:825)
12-12 15:47:25.300  1505  1505 D BluetoothHeadset: 	at com.android.phone.BluetoothPhoneService.handleQueryPhoneState(BluetoothPhoneService.java:340)
12-12 15:47:25.300  1505  1505 D BluetoothHeadset: 	at com.android.phone.BluetoothPhoneService.access$300(BluetoothPhoneService.java:53)
12-12 15:47:25.300  1505  1505 D BluetoothHeadset: 	at com.android.phone.BluetoothPhoneService$1.handleMessage(BluetoothPhoneService.java:183)
12-12 15:47:25.300  1505  1505 D BluetoothHeadset: 	at android.os.Handler.dispatchMessage(Handler.java:102)
12-12 15:47:25.300  1505  1505 D BluetoothHeadset: 	at android.os.Looper.loop(Looper.java:136)
12-12 15:47:25.300  1505  1505 D BluetoothHeadset: 	at android.app.ActivityThread.main(ActivityThread.java:5118)
12-12 15:47:25.300  1505  1505 D BluetoothHeadset: 	at java.lang.reflect.Method.invokeNative(Native Method)
12-12 15:47:25.300  1505  1505 D BluetoothHeadset: 	at java.lang.reflect.Method.invoke(Method.java:515)
12-12 15:47:25.300  1505  1505 D BluetoothHeadset: 	at com.android.internal.os.ZygoteInit$MethodAndArgsCaller.run(ZygoteInit.java:790)
12-12 15:47:25.300  1505  1505 D BluetoothHeadset: 	at com.android.internal.os.ZygoteInit.main(ZygoteInit.java:606)
12-12 15:47:25.300  1505  1505 D BluetoothHeadset: 	at dalvik.system.NativeStart.main(Native Method)
12-12 15:47:25.300 10467 10467 D BluetoothAdapterService: Profile still not running:com.qcom.bluetooth.service.hfpclient.HandsfreeClientService
12-12 15:47:25.300 10467 10467 D BluetoothAdapterService(1107406264): Message: 1
12-12 15:47:25.300 10467 10467 D BluetoothAdapterService(1107406264): MESSAGE_PROFILE_SERVICE_STATE_CHANGED
12-12 15:47:25.300 10467 10467 D BluetoothAdapterService: onProfileServiceStateChange: serviceName=com.android.bluetooth.hid.HidService, state = 12, doUpdate = true
12-12 15:47:25.310 10467 10467 D BluetoothAdapterService: Profile still not running:com.qcom.bluetooth.service.hfpclient.HandsfreeClientService
12-12 15:47:25.310 10467 10467 D BluetoothAdapterService(1107406264): Message: 1
12-12 15:47:25.310 10467 10467 D BluetoothAdapterService(1107406264): MESSAGE_PROFILE_SERVICE_STATE_CHANGED
12-12 15:47:25.310 10467 10467 D BluetoothAdapterService: onProfileServiceStateChange: serviceName=com.android.bluetooth.hdp.HealthService, state = 12, doUpdate = true
12-12 15:47:25.310 10467 10467 D BluetoothAdapterService: Profile still not running:com.qcom.bluetooth.service.hfpclient.HandsfreeClientService
12-12 15:47:25.310 10467 10467 D BluetoothAdapterService(1107406264): Message: 1
12-12 15:47:25.310 10467 10467 D BluetoothAdapterService(1107406264): MESSAGE_PROFILE_SERVICE_STATE_CHANGED
12-12 15:47:25.310 10467 10467 D BluetoothAdapterService: onProfileServiceStateChange: serviceName=com.android.bluetooth.gatt.GattService, state = 12, doUpdate = true
12-12 15:47:25.310 10467 10467 D BluetoothAdapterService: Profile still not running:com.qcom.bluetooth.service.hfpclient.HandsfreeClientService
12-12 15:47:25.310 10467 10467 D MediaPlayer[JAVA]: broadcasting MEDIA_CHANGE_PLAYER_STATE(with context) : 0x0
12-12 15:47:25.310 10467 10467 E MediaPlayer[Native]: invoke invokeId=0xbece6200
12-12 15:47:25.310 10467 10467 E MediaPlayer[Native]: invoke key=0xbece6204
12-12 15:47:25.310   319  1043 V MediaPlayerService: Client(3) constructor
12-12 15:47:25.310   319  1043 V MediaPlayerService: Create new client(3) from pid 10467, uid 1002, 
12-12 15:47:25.310 10467 10467 E MediaPlayer[Native]: [MediaPlayer::getMediaSystemInfo] key = 4000
12-12 15:47:25.320   319  1119 V MediaPlayerService: [3] getParameter(4000)
12-12 15:47:25.320 10467 10467 V MediaPlayer[Native]: invoke 72
12-12 15:47:25.320 10467 10467 D MediaPlayer[Native]: invoke lgeInvokeId=0x7e000002
12-12 15:47:25.320 10467 10467 D MediaPlayer[Native]: MediaPlayer::invoke::getparam
12-12 15:47:25.320 10467 10467 D MediaPlayer[Native]: MediaPlayer::getParameter mCurrentState = 0x00000008
12-12 15:47:25.320 10467 10467 D MediaPlayer[JAVA]: broadcasting MEDIA_CHANGE_PLAYER_STATE(with context) : state = 8
12-12 15:47:25.320 10467 10467 V MediaPlayer[Native]: getCurrentPosition
12-12 15:47:25.320   319  3811 V MediaPlayerService: [2] getCurrentPosition = 0
12-12 15:47:25.320   319  3811 V MediaPlayerService: Client(3) destructor pid = 10467
12-12 15:47:25.320   319  3811 V MediaPlayerService: disconnect(3) from pid 10467
12-12 15:47:25.320 10467 10467 V MediaPlayer[Native]: getDuration_l
12-12 15:47:25.320   319  1043 V MediaPlayerService: [2] getDuration = 21265
12-12 15:47:25.320 10467 10467 D MediaPlayer[JAVA]: broadcasting MEDIA_CHANGE_PLAYER_STATE(with context) : 0x0
12-12 15:47:25.320 10467 10467 E MediaPlayer[Native]: invoke invokeId=0xbece6200
12-12 15:47:25.320 10467 10467 E MediaPlayer[Native]: invoke key=0xbece6204
12-12 15:47:25.320   319  1119 V MediaPlayerService: Client(4) constructor
12-12 15:47:25.320   319  1119 V MediaPlayerService: Create new client(4) from pid 10467, uid 1002, 
12-12 15:47:25.320 10467 10467 E MediaPlayer[Native]: [MediaPlayer::getMediaSystemInfo] key = 4000
12-12 15:47:25.320   319  3811 V MediaPlayerService: [4] getParameter(4000)
12-12 15:47:25.320 10467 10467 V MediaPlayer[Native]: invoke 72
12-12 15:47:25.320 10467 10467 D MediaPlayer[Native]: invoke lgeInvokeId=0x7e000002
12-12 15:47:25.320 10467 10467 D MediaPlayer[Native]: MediaPlayer::invoke::getparam
12-12 15:47:25.320 10467 10467 D MediaPlayer[Native]: MediaPlayer::getParameter mCurrentState = 0x00000008
12-12 15:47:25.320 10467 10467 D MediaPlayer[JAVA]: broadcasting MEDIA_CHANGE_PLAYER_STATE(with context) : state = 8
12-12 15:47:25.320 10467 10467 V MediaPlayer[Native]: getCurrentPosition
12-12 15:47:25.320   319  1043 V MediaPlayerService: [2] getCurrentPosition = 0
12-12 15:47:25.320   319  1043 V MediaPlayerService: Client(4) destructor pid = 10467
12-12 15:47:25.320   319  1043 V MediaPlayerService: disconnect(4) from pid 10467
12-12 15:47:25.320 10467 10467 V MediaPlayer[Native]: getDuration_l
12-12 15:47:25.320   319  1119 V MediaPlayerService: [2] getDuration = 21265
12-12 15:47:25.320 10467 10467 D MediaPlayer[JAVA]: broadcasting MEDIA_CHANGE_PLAYER_STATE(with context) : 0x0
12-12 15:47:25.320 10467 10467 E MediaPlayer[Native]: invoke invokeId=0xbece6200
12-12 15:47:25.320 10467 10467 E MediaPlayer[Native]: invoke key=0xbece6204
12-12 15:47:25.320   319  3811 V MediaPlayerService: Client(5) constructor
12-12 15:47:25.320   319  3811 V MediaPlayerService: Create new client(5) from pid 10467, uid 1002, 
12-12 15:47:25.320 10467 10467 E MediaPlayer[Native]: [MediaPlayer::getMediaSystemInfo] key = 4000
12-12 15:47:25.320   319   319 V MediaPlayerService: [5] getParameter(4000)
12-12 15:47:25.320 10467 10467 V MediaPlayer[Native]: invoke 72
12-12 15:47:25.320 10467 10467 D MediaPlayer[Native]: invoke lgeInvokeId=0x7e000002
12-12 15:47:25.320 10467 10467 D MediaPlayer[Native]: MediaPlayer::invoke::getparam
12-12 15:47:25.320 10467 10467 D MediaPlayer[Native]: MediaPlayer::getParameter mCurrentState = 0x00000008
12-12 15:47:25.320 10467 10467 D MediaPlayer[JAVA]: broadcasting MEDIA_CHANGE_PLAYER_STATE(with context) : state = 8
12-12 15:47:25.320 10467 10467 V MediaPlayer[Native]: getCurrentPosition
12-12 15:47:25.320   319  1043 V MediaPlayerService: [2] getCurrentPosition = 0
12-12 15:47:25.320   319  1043 V MediaPlayerService: Client(5) destructor pid = 10467
12-12 15:47:25.320   319  1043 V MediaPlayerService: disconnect(5) from pid 10467
12-12 15:47:25.320 10467 10467 V MediaPlayer[Native]: getDuration_l
12-12 15:47:25.320   319  3811 V MediaPlayerService: [2] getDuration = 21265
12-12 15:47:25.320 10467 10467 E MediaPlayer[JAVA]: Should have subtitle controller already set
12-12 15:47:25.320 10467 10467 D BluetoothAdapterService(1107406264): Message: 1
12-12 15:47:25.320 10467 10467 D BluetoothAdapterService(1107406264): MESSAGE_PROFILE_SERVICE_STATE_CHANGED
12-12 15:47:25.320 10467 10467 D BluetoothAdapterService: onProfileServiceStateChange: serviceName=com.qcom.bluetooth.service.hfpclient.HandsfreeClientService, state = 12, doUpdate = true
12-12 15:47:25.320 10467 10467 D BluetoothAdapterService: All profile services started.
12-12 15:47:25.320 10467 10489 D BluetoothAdapterState: CURRENT_STATE=PENDING, MESSAGE = STARTED, isTurningOn=true, isTurningOff=false
12-12 15:47:25.320 10467 10489 I bluedroid-qcom: enable
12-12 15:47:25.320 10467 10489 I bt_hci_bdroid: init
12-12 15:47:25.330 10467 10489 I bt_vendor: bt-vendor : init
12-12 15:47:25.330 10467 10489 I bt_vendor: bt-vendor : get_bt_soc_type
12-12 15:47:25.330 10467 10489 E bt_vendor: get_bt_soc_type: Failed to get soc type
12-12 15:47:25.330 10467 10489 I bt_vendor: init: Local BD Address : 24:58:35:54:3f:58
12-12 15:47:25.330 10467 10489 I bt_hci_bdroid: ro.qualcomm.hci_transport set to smd
12-12 15:47:25.330 10467 10489 D bt_userial_mct: userial_init
12-12 15:47:25.330 10467 10489 I bt_vendor: bt-vendor : BT_VND_OP_POWER_CTRL: Off
12-12 15:47:25.330 10467 10516 I bt_hci_bdroid: bt_hc_worker_thread started
12-12 15:47:25.330 10467 10489 I bt_vendor: Starting hciattach daemon
12-12 15:47:25.330 10467 10489 I bt_vendor: try to set false
12-12 15:47:25.330 10467 10489 I bt_vendor: bt-vendor : BT_VND_OP_POWER_CTRL: On
12-12 15:47:25.330 10467 10489 I bt_vendor: Starting hciattach daemon
12-12 15:47:25.330 10467 10489 I bt_vendor: try to set true
12-12 15:47:25.340 10518 10518 I qcom-bluetooth: /system/etc/init.zetaw.bt.sh: init.qcom.bt.sh config =  
12-12 15:47:25.370 10524 10524 I qcom-bluetooth: /system/etc/init.zetaw.bt.sh: Transport : smd 
12-12 15:47:25.370 10525 10525 I qcom-bluetooth: /system/etc/init.zetaw.bt.sh: ** Bluedroid stack ** 
12-12 15:47:25.380 10527 10527 I qcom-bluetooth: /system/etc/init.zetaw.bt.sh: Power Class: Ignored. Default(1) used (1-CLASS1/2-CLASS2/3-CUSTOM) 
12-12 15:47:25.380 10528 10528 I qcom-bluetooth: /system/etc/init.zetaw.bt.sh: Power Class: To override, Before turning BT ON; setprop qcom.bt.dev_power_class <1 or 2 or 3> 
12-12 15:47:25.390 10529 10529 I qcom-bluetooth: /system/etc/init.zetaw.bt.sh: LE Power Class: Ignored. Default(2) used (1-CLASS1/2-CLASS2/3-CUSTOM) 
12-12 15:47:25.390 10530 10530 I qcom-bluetooth: /system/etc/init.zetaw.bt.sh: LE Power Class: To override, Before turning BT ON; setprop qcom.bt.le_dev_pwr_class <1 or 2 or 3> 
12-12 15:47:25.490   327   420 I ThermalEngine: Sensor:pa_therm1:27000 mC
12-12 15:47:25.620  9605 10533 D Aatp    : /task/cfec71b482399aaeb733394149574b4f6a5a6ef4/status
12-12 15:47:25.630   306   385 I Vold    : [LGE][VOLD][NetlinkHandler.cpp][onEvent()] subsys:cpu, action:0
12-12 15:47:25.710 10500 10500 D dalvikvm: GC_FOR_ALLOC freed 628K, 31% free 1418K/2048K, paused 6ms, total 6ms
12-12 15:47:25.770 10500 10500 D dalvikvm: DexOpt: couldn't find static field Landroid/view/View;.TRANSLATION_Z
12-12 15:47:26.060   962  1177 D WifiStateMachine: handleMessage: E msg.what=131155
12-12 15:47:26.060   962  1177 D WifiStateMachine: processMsg: ConnectedState
12-12 15:47:26.060   962  1177 D WifiStateMachine: processMsg: L2ConnectedState
12-12 15:47:26.060   962  1177 D WifiNative-wlan0: doString: SIGNAL_POLL
12-12 15:47:26.060 10343 10343 D wpa_supplicant: wlan0: Control interface command 'SIGNAL_POLL'
12-12 15:47:26.070 10343 10343 D wpa_supplicant: nl80211: survey data missing!
12-12 15:47:26.070   962  1177 D WifiStateMachine: handleMessage: X
12-12 15:47:26.070   450   450 E Parcel  : Reading a NULL string not supported here.
12-12 15:47:26.070   450   450 E Parcel  : Reading a NULL string not supported here.
12-12 15:47:26.190 10537 10537 I qcom-bluetooth: /system/etc/init.zetaw.bt.sh: Bluetooth QSoC firmware download succeeded, /dev/ttyHS0 qualcomm 3000000 58:3f:54:35:58:24 
12-12 15:47:26.200 10538 10538 I qcom-bluetooth: /system/etc/init.zetaw.bt.sh: ** Bluedroid stack ** 
12-12 15:47:26.230 10467 10489 I bt_vendor: bluetooth satus is on
12-12 15:47:26.230 10467 10540 I GKI_LINUX: gki_task_entry: gki_task_entry task_id=0 [BTU] starting
12-12 15:47:26.230 10467 10516 D bt_userial_mct: userial_open(port:0)
12-12 15:47:26.230 10467 10516 I bt_vendor: bt-vendor : BT_VND_OP_USERIAL_OPEN
12-12 15:47:26.240 10467 10540 I bt-btu  : btu_task pending for preload complete event
12-12 15:47:26.240 10467 10516 I bt_vendor: Done intiailizing UART
12-12 15:47:26.240 10467 10516 I bt_vendor: Done intiailizing UART
12-12 15:47:26.240 10467 10516 I bt_userial_mct: CMD=82, EVT=82, ACL_Out=83, ACL_In=83
12-12 15:47:26.240 10467 10516 I bt_vendor: Bluetooth Firmware and transport layer are initialized
12-12 15:47:26.240 10467 10543 D bt_userial_mct: Entering userial_read_thread()
12-12 15:47:26.240 10467 10540 I bt-btu  : btu_task received preload complete event
12-12 15:47:26.240 10467 10540 I BTIF_CORE: btu_hcif_wake_event
12-12 15:47:26.240 10467 10540 I         : BTE_InitTraceLevels -- TRC_HCI
12-12 15:47:26.240 10467 10540 I         : BTE_InitTraceLevels -- TRC_L2CAP
12-12 15:47:26.240 10467 10540 I         : BTE_InitTraceLevels -- TRC_RFCOMM
12-12 15:47:26.240 10467 10540 I         : BTE_InitTraceLevels -- TRC_AVDT
12-12 15:47:26.240 10467 10540 I         : BTE_InitTraceLevels -- TRC_AVRC
12-12 15:47:26.240 10467 10540 I         : BTE_InitTraceLevels -- TRC_A2D
12-12 15:47:26.240 10467 10540 I         : BTE_InitTraceLevels -- TRC_BNEP
12-12 15:47:26.240 10467 10540 I         : BTE_InitTraceLevels -- TRC_BTM
12-12 15:47:26.240 10467 10540 I         : BTE_InitTraceLevels -- TRC_GAP
12-12 15:47:26.240 10467 10540 I         : BTE_InitTraceLevels -- TRC_PAN
12-12 15:47:26.240 10467 10540 I         : BTE_InitTraceLevels -- TRC_SDP
12-12 15:47:26.240 10467 10540 I         : BTE_InitTraceLevels -- TRC_GATT
12-12 15:47:26.240 10467 10540 I         : BTE_InitTraceLevels -- TRC_SMP
12-12 15:47:26.240 10467 10540 I         : BTE_InitTraceLevels -- TRC_BTAPP
12-12 15:47:26.240 10467 10540 I         : BTE_InitTraceLevels -- TRC_BTIF
12-12 15:47:26.290 10467 10540 E bt-btm  : BTM_SecRegister:p_cb_info->p_le_callback == 0x603f9d4d 
12-12 15:47:26.290 10467 10540 E bt-btm  : BTM_SecRegister: btm_cb.api.p_le_callback = 0x603f9d4d 
12-12 15:47:26.290 10467 10492 E bt-btif : Calling BTA_HhEnable
12-12 15:47:26.290 10467 10540 E bt-rfcomm: RFCOMM_CreateConnection - invalid SCN
12-12 15:47:26.310 10467 10492 E bt-btif : btif_storage_get_adapter_property service_mask:0x1140020
12-12 15:47:26.310   962   962 D BluetoothManagerService: Bluetooth Adapter name changed to G Pad 7.0 LTE
12-12 15:47:26.310   962   962 D BluetoothManagerService: Stored Bluetooth name: G Pad 7.0 LTE
12-12 15:47:26.310 10467 10492 I bte_conf: Attempt to load did conf from /etc/bluetooth/bt_did.conf
12-12 15:47:26.310 10467 10492 I bte_conf: [1] primary_record=1 vendor_id=0x00C4 vendor_id_source=0x0001 product_id=0x13A1 version=0x1000
12-12 15:47:26.310 10467 10492 I bte_conf: Attempt to load did conf from /etc/bluetooth/bt_did.conf
12-12 15:47:26.310 10467 10492 I bte_conf: Attempt to load did conf from /etc/bluetooth/bt_did.conf
12-12 15:47:26.320 10467 10543 E bt_mct  : hci lib postload completed
12-12 15:47:26.330 10467 10489 D BluetoothAdapterState: CURRENT_STATE=PENDING, MESSAGE = ENABLE_READY, isTurningOn=true, isTurningOff=false
12-12 15:47:26.330 10467 10489 D BluetoothAdapterProperties: ScanMode =  20
12-12 15:47:26.330 10467 10489 D BluetoothAdapterProperties: State =  11
12-12 15:47:26.330 10467 10489 D BluetoothAdapterProperties: mDiscoverableTimeout =  120
12-12 15:47:26.330 10467 10489 V LGBluetoothServiceAdapter: [BTUI] state:11, scanmode:20, timeout:120
12-12 15:47:26.330 10467 10489 I BluetoothAdapterState: Bluetooth adapter state changed: 11-> 12
12-12 15:47:26.330 10467 10489 D BluetoothAdapterService: Broadcasting updateAdapterState() to 1 receivers.
12-12 15:47:26.330 10467 10489 I BluetoothAdapterState: Entering On State
12-12 15:47:26.330   962  1037 D BluetoothManagerService: Message: 60
12-12 15:47:26.330   962  1037 D BluetoothManagerService: MESSAGE_BLUETOOTH_STATE_CHANGE: prevState = 11, newState=12
12-12 15:47:26.330   962  1037 D BluetoothManagerService: Broadcasting onBluetoothStateChange(true) to 7 receivers.
12-12 15:47:26.330  1505  1525 D BluetoothHeadset: onBluetoothStateChange: up=true
12-12 15:47:26.330 10467 10489 D LGBluetoothServiceAdapter: [BTUI] OnState
12-12 15:47:26.340 10467 10489 D LGBluetoothServiceAdapter: [BTUI]         global_name: G Pad 7.0 LTE
12-12 15:47:26.340 10467 10489 D LGBluetoothServiceAdapter: [BTUI]         local_name: G Pad 7.0 LTE
12-12 15:47:26.340 10551 10551 I qcom-bt-wlan-coex: /system/etc/init.zetaw.coex.sh: btwlancoex/abtfilt not available 
12-12 15:47:26.350   962  1037 D BluetoothHeadset: onBluetoothStateChange: up=true
12-12 15:47:26.350   962  1037 D BluetoothA2dp: onBluetoothStateChange: up=true
12-12 15:47:26.350   962  1037 D BluetoothPan: onBluetoothStateChange(on) call bindService
12-12 15:47:26.350 10467 10489 D BluetoothAdapterService(1107406264): Quiet mode Enabled = false
12-12 15:47:26.350 10467 10489 D BluetoothAdapterService(1107406264): Initiate auto connection on BT on...
12-12 15:47:26.350 10467 10489 D BluetoothAdapterService: [BTUI] autoConnect() : not allowed
12-12 15:47:26.350  1505  1923 D BluetoothHeadset: onBluetoothStateChange: up=true
12-12 15:47:26.350  1505  2180 D BluetoothHeadset: onBluetoothStateChange: up=true
12-12 15:47:26.350 10467 10478 D BluetoothA2dp: onBluetoothStateChange: up=true
12-12 15:47:26.350   962  1037 E BluetoothManagerService: Fail to bind to: Intent { act=android.bluetooth.IQBluetooth }
12-12 15:47:26.350   962  1037 D BluetoothManagerService: Bluetooth State Change Intent: 11 -> 12
12-12 15:47:26.350   962   962 D BluetoothManagerService: BluetoothServiceConnection: com.android.bluetooth.gatt.GattService
12-12 15:47:26.350 10467 10492 D btif_config_util: btif_config_save_file(L190): in file name:/data/misc/bluedroid/bt_config.new
12-12 15:47:26.350  1213  1213 D LGBluetoothAPIService: [BTUI] onReceive action : android.bluetooth.adapter.action.STATE_CHANGED
12-12 15:47:26.350   962  1037 D BluetoothManagerService: Message: 40
12-12 15:47:26.350   962  1037 D BluetoothManagerService: MESSAGE_BLUETOOTH_SERVICE_CONNECTED: 2
12-12 15:47:26.350  1213  1269 D LGBluetoothAPIService: Message: 1
12-12 15:47:26.350  1213  1269 D LGBluetoothAPIService: MESSAGE_BOOT_COMPLETED
12-12 15:47:26.350   962  1037 W ContextImpl: Calling a method in the system process without a qualified user: android.app.ContextImpl.bindService:1673 android.bluetooth.BluetoothPan.doBind:149 android.bluetooth.BluetoothPan$1.onBluetoothStateChange:192 com.android.server.BluetoothManagerService.sendBluetoothStateCallback:584 com.android.server.BluetoothManagerService.bluetoothStateChangeHandler:1311 
12-12 15:47:26.360 10467 10497 D BluetoothAdapterService(1107406264): Get Bonded Devices being called
12-12 15:47:26.360  1197  1197 I [SystemUI]PhoneStatusBarPolicy: onReceive = android.bluetooth.adapter.action.STATE_CHANGED
12-12 15:47:26.360  1213  1269 I LGBluetoothAPIService: [BTUI] LGBluetoothAPIService Binding Success
12-12 15:47:26.360 10467 10467 D LGBluetoothAPIServer: [BTUI] onCreate()
12-12 15:47:26.360 10467 10467 D LGBluetoothAPIServer: [BTUI] onBind()
12-12 15:47:26.370  1213  1213 D LGBluetoothAPIService: [BTUI] LGBluetoothAPIServiceConnection: connected to LGBluetoothAPIAdapter
12-12 15:47:26.370  1213  1269 D LGBluetoothAPIService: Message: 100
12-12 15:47:26.370  1213  1269 D LGBluetoothAPIService: MESSAGE_BLUETOOTH_SERVICE_CONNECTED
12-12 15:47:26.380 10467 10467 D BluetoothAdapterService: getAdapterService(): returning com.android.bluetooth.btservice.AdapterService@4201adb8
12-12 15:47:26.380 10467 10467 V BluetoothPbapService: Pbap Service onCreate
12-12 15:47:26.380 10467 10467 V BluetoothPbapService: Starting PBAP service
12-12 15:47:26.390   306   385 I Vold    : [LGE][VOLD][NetlinkHandler.cpp][onEvent()] subsys:cpu, action:0
12-12 15:47:26.400 10467 10467 D LGBluetoothPbapAdapter: [BTUI] getInstance : create
12-12 15:47:26.400 10467 10467 V BluetoothPbapService: action: android.bluetooth.adapter.action.STATE_CHANGED
12-12 15:47:26.400 10467 10467 V BluetoothPbapService: state: 12
12-12 15:47:26.400 10467 10467 V BluetoothPbapService: Handler(): got msg=1
12-12 15:47:26.400 10467 10467 V BluetoothPbapService: Pbap Service startRfcommSocketListener
12-12 15:47:26.400 10467 10556 V BluetoothPbapService: Pbap Service initSocket
12-12 15:47:26.400   962  1194 D BluetoothManagerService: checkIfCallerIsForegroundUser: valid=true callingUser=0 foregroundUser=0
12-12 15:47:26.400 10467 10556 W BluetoothAdapter: getBluetoothService() called with no BluetoothManagerCallback
12-12 15:47:26.400 10467 10556 E BluetoothServiceJni: SOCK FLAG = 1 ***********************
12-12 15:47:26.400 10467 10556 D LGBluetoothServiceAdapter: [BTUI] createSocketChannel FD=91 mFd=0
12-12 15:47:26.400 10467 10556 V BluetoothPbapService: Succeed to create listening socket 
12-12 15:47:26.400 10467 10556 V BluetoothPbapService: Accepting socket connection...
12-12 15:47:26.450  9605 10462 D AWSDeviceFarmAndroidLib: setEnabled: bt is: true
12-12 15:47:26.450  9605  9605 D AatpDeviceManager: taskStatus update (cfec71b482399aaeb733394149574b4f6a5a6ef4: {"result":"Bluetooth enabled: true","state":2})
12-12 15:47:26.450  1515  1526 I com.skyfire.browser.toolbar.ProcessObserverService: On importance changed 9605,11597,100
12-12 15:47:26.450  1515  1538 I com.skyfire.browser.toolbar.ProcessObserverService: On importance changed 9605,11597,130
12-12 15:47:26.450   962   962 D NotificationService: updateLightListLocked :r=NotificationRecord(0x430c6698: pkg=com.amazon.aatp.aatpdevicemanager user=UserHandle{0} id=1096041557 tag=null score=0: Notification(pri=0 contentView=com.amazon.aatp.aatpdevicemanager/0x1090064 vibrate=null sound=null defaults=0x0 flags=0x62 kind=[null])), action=2
12-12 15:47:26.450   962   962 D NotificationService: notification=Notification(pri=0 contentView=com.amazon.aatp.aatpdevicemanager/0x1090064 vibrate=null sound=null defaults=0x0 flags=0x62 kind=[null])
12-12 15:47:26.670  9605 10558 D Aatp    : /task/cfec71b482399aaeb733394149574b4f6a5a6ef4/status
12-12 15:47:26.690   306   385 I Vold    : [LGE][VOLD][NetlinkHandler.cpp][onEvent()] subsys:cpu, action:0
12-12 15:47:26.760  9605 10562 D Aatp    : /gps
12-12 15:47:26.770  9605 10562 D Aatp    : sha1: 2c515c233cb60129e437cfcfcbb2ad097682bfd2
12-12 15:47:26.770  9605 10562 D AatpDeviceManager: k: enabled v: True
12-12 15:47:26.770  9605 10562 D AatpDeviceManager: k: NanoHttpd.QUERY_STRING v: enabled=True
12-12 15:47:26.780  1515  1526 I com.skyfire.browser.toolbar.ProcessObserverService: On importance changed 9605,11597,100
12-12 15:47:26.780  1515  1538 I com.skyfire.browser.toolbar.ProcessObserverService: On importance changed 9605,11597,130
12-12 15:47:26.780  9605  9605 D AatpDeviceManager: taskStatus update (2c515c233cb60129e437cfcfcbb2ad097682bfd2: {"state":1})
12-12 15:47:26.780  9605 10563 D AWSDeviceFarmAndroidLib: setEnabled: enabling GPS
12-12 15:47:26.780  9605 10563 D AWSDeviceFarmAndroidLib: enableGPS()
12-12 15:47:26.780   962   962 D NotificationService: updateLightListLocked :r=null, action=2
12-12 15:47:26.790  9605 10563 D AWSDeviceFarmAndroidLib: enableGPS(): 
12-12 15:47:26.790  9605 10563 D AWSDeviceFarmAndroidLib: enableGPS() gpsEnabled: gps
12-12 15:47:26.790  9605 10562 D Aatp    : /task/2c515c233cb60129e437cfcfcbb2ad097682bfd2
12-12 15:47:26.800  9605 10563 D dalvikvm: Note: class Lcom/lge/mdm/manager/ILGMDMDevicePolicyManager$Stub; has 382 unimplemented (abstract) methods
12-12 15:47:26.820   962  1545 W BackupManagerService: dataChanged but no participant pkg='com.android.providers.settings' uid=11597
12-12 15:47:26.820   962  1537 D LocationManagerService: getProviders()=[passive, gps]
12-12 15:47:26.820  9605 10563 D AWSDeviceFarmAndroidLib: setEnabled: GPS is: true
12-12 15:47:26.820  9605  9605 D AatpDeviceManager: taskStatus update (2c515c233cb60129e437cfcfcbb2ad097682bfd2: {"result":"GPS enabled: true","state":2})
12-12 15:47:26.830   962  1022 D GpsLocationProvider: handleEnable
12-12 15:47:26.830  1515  1526 I com.skyfire.browser.toolbar.ProcessObserverService: On importance changed 9605,11597,130
12-12 15:47:26.830   962  1022 E LocSvc_eng: I/===> int loc_eng_init(loc_eng_data_s_type&, LocCallbacks*, LOC_API_ADAPTER_EVENT_MASK_T, loc_core::ContextBase*) line 1492 
12-12 15:47:26.830   962  1022 E LocSvc_eng: W/int loc_eng_init(loc_eng_data_s_type&, LocCallbacks*, LOC_API_ADAPTER_EVENT_MASK_T, loc_core::ContextBase*): log_eng state error: instance already initialized
12-12 15:47:26.830   962  1022 E LocSvc_eng: I/===> void loc_eng_agps_init(loc_eng_data_s_type&, AGpsExtCallbacks*) line 2098 
12-12 15:47:26.830   962  1022 E LocSvc_eng: W/void loc_eng_agps_init(loc_eng_data_s_type&, AGpsExtCallbacks*): log_eng state error: agps instance already initialized
12-12 15:47:26.830   962  1022 E LocSvc_eng: I/===> void loc_eng_ni_init(loc_eng_data_s_type&, GpsNiExtCallbacks*) line 298 
12-12 15:47:26.830   962  1022 E LocSvc_eng: I/===> int loc_eng_set_server_proxy(loc_eng_data_s_type&, LocServerType, const char*, int) line 2390 
12-12 15:47:26.830   962  1022 E LocSvc_eng: I/===> int loc_eng_set_server_proxy(loc_eng_data_s_type&, LocServerType, const char*, int) line 2390 
