12-11 19:53:33.783 10925 11394 I BeaconBle: 'L' hardware scan: 6 filters, scanMode=2, reportdelay=0, callback type=1, #clients=1, workSource=WorkSource{10013 com.google.android.gms}
12-11 19:53:33.785 10925 11394 I BeaconBle: Starting scan on OS scanner. BT state: 12
12-11 19:53:33.786 10925 11394 D BluetoothAdapter: STATE_ON
12-11 19:53:33.786   883   893 I AccountManagerService: getTypesVisibleToCaller: isPermitted? true
12-11 19:53:33.789 11596 11606 D BtGatt.GattService: registerClient() - UUID=0dae4182-b0e7-4563-8b68-f7b7faefbef5
12-11 19:53:33.790 11596 11631 W bt_hci  : filter_incoming_event command complete event with no matching command. opcode: 0x0.
12-11 19:53:33.790 11596 11625 D BtGatt.GattService: onClientRegistered() - UUID=0dae4182-b0e7-4563-8b68-f7b7faefbef5, clientIf=6
12-11 19:53:33.790 10925 10935 D BluetoothLeScanner: onClientRegistered() - status=0 clientIf=6
12-11 19:53:33.791 11596 11607 D BtGatt.GattService: start scan with filters
12-11 19:53:33.793 11596 11630 D BtGatt.ScanManager: handling starting scan
12-11 19:53:33.797 11596 11625 D BtGatt.GattService: onScanFilterEnableDisabled() - clientIf=6, status=0, action=1
12-11 19:53:33.798 11596 11625 D BtGatt.ScanManager: callback done for clientIf - 6 status - 0
12-11 19:53:33.798 11596 11630 D BtGatt.ScanManager: addFilterToController: 5
12-11 19:53:33.799 11596 11625 D BtGatt.GattService: onScanFilterConfig() - clientIf=6, action = 0 status = 0, filterType=5, availableSpace=31
12-11 19:53:33.799 11596 11625 D BtGatt.ScanManager: callback done for clientIf - 6 status - 0
12-11 19:53:33.799 11596 11630 D BtGatt.ScanManager: configureFilterParamter 500 10000 1 0
12-11 19:53:33.802 11596 11625 D BtGatt.GattService: onScanFilterParamsConfigured() - clientIf=6, status=0, action=0, availableSpace=14
12-11 19:53:33.802 11596 11625 D BtGatt.ScanManager: callback done for clientIf - 6 status - 0
12-11 19:53:33.802 11596 11630 D BtGatt.ScanManager: addFilterToController: 2
12-11 19:53:33.803 10925 11127 E NetworkScheduler: ignoring stale queue check message
12-11 19:53:33.804 11596 11625 D BtGatt.GattService: onScanFilterConfig() - clientIf=6, action = 0 status = 0, filterType=2, availableSpace=31
12-11 19:53:33.804 11596 11625 D BtGatt.ScanManager: callback done for clientIf - 6 status - 0
12-11 19:53:33.804 11596 11630 D BtGatt.ScanManager: configureFilterParamter 500 10000 1 0
12-11 19:53:33.808 11596 11625 D BtGatt.GattService: onScanFilterParamsConfigured() - clientIf=6, status=0, action=0, availableSpace=13
12-11 19:53:33.808 11596 11625 D BtGatt.ScanManager: callback done for clientIf - 6 status - 0
12-11 19:53:33.808 11596 11630 D BtGatt.ScanManager: addFilterToController: 5
12-11 19:53:33.809 11596 11625 D BtGatt.GattService: onScanFilterConfig() - clientIf=6, action = 0 status = 0, filterType=5, availableSpace=30
12-11 19:53:33.810 11596 11625 D BtGatt.ScanManager: callback done for clientIf - 6 status - 0
12-11 19:53:33.810 11596 11630 D BtGatt.ScanManager: configureFilterParamter 500 10000 1 0
12-11 19:53:33.811 11596 11625 D BtGatt.GattService: onScanFilterParamsConfigured() - clientIf=6, status=0, action=0, availableSpace=12
12-11 19:53:33.811 11596 11625 D BtGatt.ScanManager: callback done for clientIf - 6 status - 0
12-11 19:53:33.811 11596 11630 D BtGatt.ScanManager: addFilterToController: 5
12-11 19:53:33.813 11596 11625 D BtGatt.GattService: onScanFilterConfig() - clientIf=6, action = 0 status = 0, filterType=5, availableSpace=29
12-11 19:53:33.813 11596 11625 D BtGatt.ScanManager: callback done for clientIf - 6 status - 0
12-11 19:53:33.813 11596 11630 D BtGatt.ScanManager: configureFilterParamter 500 10000 1 0
12-11 19:53:33.815 11596 11625 D BtGatt.GattService: onScanFilterParamsConfigured() - clientIf=6, status=0, action=0, availableSpace=11
12-11 19:53:33.815 11596 11625 D BtGatt.ScanManager: callback done for clientIf - 6 status - 0
12-11 19:53:33.816 11596 11630 D BtGatt.ScanManager: addFilterToController: 2
12-11 19:53:33.817 11596 11625 D BtGatt.GattService: onScanFilterConfig() - clientIf=6, action = 0 status = 0, filterType=2, availableSpace=30
12-11 19:53:33.817 11596 11625 D BtGatt.ScanManager: callback done for clientIf - 6 status - 0
12-11 19:53:33.818 11596 11630 D BtGatt.ScanManager: configureFilterParamter 500 10000 1 0
12-11 19:53:33.819 11596 11625 D BtGatt.GattService: onScanFilterParamsConfigured() - clientIf=6, status=0, action=0, availableSpace=10
12-11 19:53:33.819 11596 11625 D BtGatt.ScanManager: callback done for clientIf - 6 status - 0
12-11 19:53:33.820 11596 11630 D BtGatt.ScanManager: addFilterToController: 2
12-11 19:53:33.822 11596 11625 D BtGatt.GattService: onScanFilterConfig() - clientIf=6, action = 0 status = 0, filterType=2, availableSpace=29
12-11 19:53:33.822 11596 11625 D BtGatt.ScanManager: callback done for clientIf - 6 status - 0
12-11 19:53:33.822 11596 11630 D BtGatt.ScanManager: configureFilterParamter 500 10000 1 0
12-11 19:53:33.823 11596 11625 D BtGatt.GattService: onScanFilterParamsConfigured() - clientIf=6, status=0, action=0, availableSpace=9
12-11 19:53:33.823 11596 11625 D BtGatt.ScanManager: callback done for clientIf - 6 status - 0
12-11 19:53:33.824 11596 11630 D BtGatt.ScanManager: configureRegularScanParams() - queue=2
12-11 19:53:33.824 11596 11630 D BtGatt.ScanManager: configureRegularScanParams() - ScanSetting Scan mode=2 mLastConfiguredScanSetting=0
12-11 19:53:33.824 11596 11630 D BtGatt.ScanManager: configureRegularScanParams - scanInterval = 8000configureRegularScanParams - scanWindow = 8000
12-11 19:53:33.824 11596 11625 D BtGatt.GattService: onScanParamSetupCompleted : 0
12-11 19:53:33.841 10764 11742 D Aatp    : /task/41fb58d720e1186969c258f673d9dc39ae80e778/status
12-11 19:53:33.847 11596 11631 W bt_hci  : filter_incoming_event command complete event with no matching command. opcode: 0x0.
12-11 19:53:33.867 11743 11743 I dex2oat : /system/bin/dex2oat -j2 --dex-file=/data/data/com.google.android.gms/app_chimera/m/00000001/GoogleCertificates_GmsCore_prodmnc_alldpi_release.apk --oat-file=/data/data/com.google.android.gms/app_chimera/m/00000001/oat/arm64/GoogleCertificates_GmsCore_prodmnc_alldpi_release.dex
12-11 19:53:33.928   883  3549 I ActivityManager: Start proc 11752:com.google.android.apps.photos/u0a63 for broadcast com.google.android.apps.photos/.actionqueue.SystemReceiver
12-11 19:53:33.930 10764 11747 D Aatp    : /nfc
12-11 19:53:33.946 10764 11747 D Aatp    : sha1: a79ec26db41d12caa6f6e7e9ec018d33e6798cf7
12-11 19:53:33.947 10764 11747 D AatpDeviceManager: k: enabled v: True
12-11 19:53:33.947 10764 11747 D AatpDeviceManager: k: NanoHttpd.QUERY_STRING v: enabled=True
12-11 19:53:33.957 10764 10764 D AatpDeviceManager: taskStatus update (a79ec26db41d12caa6f6e7e9ec018d33e6798cf7: {"state":1})
12-11 19:53:33.958   883   883 V NotificationService: pkg=com.amazon.aatp.aatpdevicemanager canInterrupt=false intercept=true
12-11 19:53:33.960 10764 11764 D AWSDeviceFarmAndroidLib: setEnabled: enabled: true
12-11 19:53:33.964 10764 11747 D Aatp    : /task/a79ec26db41d12caa6f6e7e9ec018d33e6798cf7
12-11 19:53:33.971  3095 11751 D DownloadManager: [9836] Starting
12-11 19:53:33.991 10764 11764 D AWSDeviceFarmAndroidLib: setEnabled: enabling nfc
12-11 19:53:33.994  3448  3461 W Settings: Setting airplane_mode_on has moved from android.provider.Settings.System to android.provider.Settings.Global, returning read-only value.
12-11 19:53:33.997  3095 11751 W ActivityThread: ClassLoader.loadClass: The class loader returned by Thread.getContextClassLoader() may fail for processes that host multiple applications. You should explicitly specify a context class loader. For example: Thread.setContextClassLoader(getClass().getClassLoader());
12-11 19:53:33.997  3448 11767 I NfcService: Enabling NFC
12-11 19:53:34.008  3095 11768 D DownloadManager: [9837] Starting
12-11 19:53:34.046 11752 11752 W System  : ClassLoader referenced unknown path: /system/app/Photos/lib/arm
12-11 19:53:34.069  3448 11767 E NfcAdaptation: NfcAdaptation::Initialize: ver=NFCDROID-AOSP_M_00.01 nfa=NFA_PI_1.03.66+
12-11 19:53:34.084  3448 11775 I BrcmNfcNfa: NFC_TASK started.
12-11 19:53:34.088 11743 11743 I dex2oat : dex2oat took 222.092ms (threads: 2) arena alloc=5MB java alloc=117KB native alloc=6MB free=6MB
12-11 19:53:34.090 10764 11772 D Aatp    : /task/a79ec26db41d12caa6f6e7e9ec018d33e6798cf7/status
12-11 19:53:34.101  3448 11767 D NxpNfcNciHal: nfc_open: enter; name=nci
12-11 19:53:34.101  3448 11767 D NxpNfcNciHal: nfc_open: exit 0
12-11 19:53:34.101  3448 11767 I BrcmNfcNfa: nfa_dm_init ()
12-11 19:53:34.101  3448 11767 I BrcmNfcNfa: nfa_sys_register () id=1, enable_cplt_mask=0x0
12-11 19:53:34.101  3448 11767 I BrcmNfcNfa: nfa_sys_register () id=3, enable_cplt_mask=0x8
12-11 19:53:34.101  3448 11767 I BrcmNfcNfa: nfa_rw_init ()
12-11 19:53:34.101  3448 11767 I BrcmNfcNfa: nfa_sys_register () id=6, enable_cplt_mask=0x48
12-11 19:53:34.101  3448 11767 I BrcmNfcNfa: nfa_ce_init ()
12-11 19:53:34.102  3448 11767 I BrcmNfcNfa: nfa_sys_register () id=7, enable_cplt_mask=0xc8
12-11 19:53:34.102  3448 11767 I BrcmNfcNfa: nfa_ee_init ()
12-11 19:53:34.102  3448 11767 I BrcmNfcNfa: nfa_sys_register () id=2, enable_cplt_mask=0xcc
12-11 19:53:34.102  3448 11767 I BrcmNfcNfa: nfa_hci_init ()
12-11 19:53:34.102  3448 11767 I BrcmNfcNfa: nfa_sys_register () id=8, enable_cplt_mask=0x1cc
12-11 19:53:34.102  3448 11767 I BrcmNfcNfa: LLCP - llcp_init ()
12-11 19:53:34.102  3448 11767 I BrcmNfcNfa: num_rx_buff = 9, rx_congest_start = 6, rx_congest_end = 4, max_num_ll_rx_buff = 2
12-11 19:53:34.102  3448 11767 I BrcmNfcNfa: max_num_tx_buff = 21, max_num_ll_tx_buff = 6
12-11 19:53:34.102  3448 11767 I BrcmNfcNfa: LLCP_RegisterServer (): SAP:0x1, link_type:0x2, ServiceName:<urn:nfc:sn:sdp>
12-11 19:53:34.102  3448 11767 I BrcmNfcNfa: LLCP_RegisterServer (): Registered SAP = 0x01
12-11 19:53:34.102  3448 11767 I BrcmNfcNfa: NFA_Enable ()
12-11 19:53:34.102  3448 11775 I BrcmNfcNfa: NFC_SetTraceLevel ()
12-11 19:53:34.102  3448 11775 I BrcmNfcNfa: nfa_dm_evt_hdlr event: NFA_DM_API1
12-11 19:53:34.102  3448 11767 I BrcmNfcNfa: nfa_dm_enable ()
12-11 19:53:34.102  3448 11775 I BrcmNfcNfa: nfa_dm_enable ()
12-11 19:53:34.114  3448 11775 D         : phNxpLog_InitializeLogLevel: global =1, Fwdnld =1, extns =1,                 hal =1, tml =1, ncir =1,                 ncix =1
12-11 19:53:34.182 10959 11036 E ConfigFileUtils: Failed to read config file: /data/data/com.google.android.gms/app_chimera/current_modules_init.pb: open failed: ENOENT (No such file or directory)
12-11 19:53:34.188   883  8489 W ActivityManager: Permission Denial: getIntentSender() from pid=11071, uid=10076, (need uid=10013) is not allowed to send as package com.google.android.gms
12-11 19:53:34.233 11611 11611 W IntentService[D: type=1400 audit(0.0:131): avc: denied { read } for name="/" dev="tmpfs" ino=10864 scontext=u:r:untrusted_app:s0:c512,c768 tcontext=u:object_r:device:s0 tclass=dir permissive=0
12-11 19:53:34.263 11611 11611 W IntentService[D: type=1400 audit(0.0:132): avc: denied { search } for name="501" dev="proc" ino=58034 scontext=u:r:untrusted_app:s0:c512,c768 tcontext=u:r:zygote:s0 tclass=dir permissive=0
12-11 19:53:34.316   883  8489 I AccountManagerService: getTypesVisibleToCaller: isPermitted? true
12-11 19:53:34.379  3448 11775 E NxpHal  : i2c_fragmentation_status existing
12-11 19:53:34.380  3448 11775 E linker  : readlink('/proc/self/fd/22') failed: Permission denied [fd=22]
12-11 19:53:34.381  3448 11775 E linker  : warning: unable to get realpath for the library "/system/vendor/firmware/libpn548ad_fw.so". Will use given name.
12-11 19:53:34.385  3448 11775 E NxpFwDnld: Freeing Mem for Dnld Context..
12-11 19:53:34.388  3448 11775 E BrcmNfcNfa: NCI version mismatch!!:0x10 != 0x11 
12-11 19:53:34.424 11572 11750 I Babel   : connection state changed from UNKNOWN to CONNECTED
12-11 19:53:34.525   883  8489 I ActivityManager: Killing 10140:com.google.android.calendar/u0a38 (adj 15): empty #17
12-11 19:53:34.586   883  8489 I ActivityManager: Killing 9386:com.android.keychain/1000 (adj 15): empty #17
12-11 19:53:34.640 10925 11783 W ConfigurationChimeraPro: Got null configs for com.google.android.gms.tapandpay_legacy_gservices
12-11 19:53:34.673 10959 11788 I iu.SyncManager: SYNC; picasa accounts
12-11 19:53:34.679 10959 10959 I iu.Environment: update connectivity state; isNetworkMetered? false, isRoaming? false, isBackgroundDataAllowed? true*
12-11 19:53:34.718 10959 11788 I UploadsDatabaseHelper: Creating database tables at version 33
12-11 19:53:34.750 10959 11788 I iu.UploadsManager: num queued entries: 0
12-11 19:53:34.750 10959 11788 I iu.UploadsManager: num updated entries: 0
12-11 19:53:34.751 10959 11788 I iu.SyncManager: NEXT; no task
12-11 19:53:34.762 10925 11127 E NetworkScheduler: ignoring stale queue check message
12-11 19:53:34.769  7220 11793 I UpdateIcingCorporaServi: Updating corpora: APPS=com.google.android.gms, CONTACTS=MAYBE
12-11 19:53:34.790   883  3520 I AccountManagerService: getTypesVisibleToCaller: isPermitted? false
12-11 19:53:34.802  7220 11793 I UpdateIcingCorporaServi: UpdateCorporaTask done [took 32 ms] updated apps [took 32 ms] 
12-11 19:53:34.847 11656 11680 I WCNSS_FILTER: ibs_msm_serial_clock_vote: vote UART CLK OFF using UART driver's ioctl()
12-11 19:53:34.896 10959 11038 D Wear_Controller: Received broadcast action=android.intent.action.PACKAGE_CHANGED and uri=com.google.android.gms
12-11 19:53:34.908 10959 11280 I Icing   : IndexChimeraService.getServiceInterface callingPackage=com.google.android.gms componentName=AppsCorpus serviceId=32
12-11 19:53:34.910 10959 11257 I Icing   : IndexChimeraService.getServiceInterface callingPackage=com.google.android.gms componentName=AppsCorpus serviceId=36
12-11 19:53:34.925 10959 11138 I Icing   : updateResources: need to parse unr{com.google.android.gms}
12-11 19:53:34.945 10959 11799 I EventLogChimeraService: Accumulating logs since 1513040000011
12-11 19:53:34.962   883  3415 I ActivityManager: Start proc 11803:com.android.settings/1000 for broadcast com.android.settings/.bluetooth.DockEventReceiver
12-11 19:53:35.038 11803 11803 W System  : ClassLoader referenced unknown path: /system/priv-app/Settings/lib/arm64
12-11 19:53:35.063 11393 11393 W Binder_4: type=1400 audit(0.0:133): avc: denied { read } for name="/" dev="tmpfs" ino=10864 scontext=u:r:untrusted_app:s0:c512,c768 tcontext=u:object_r:device:s0 tclass=dir permissive=0
12-11 19:53:35.073 11393 11393 W Binder_4: type=1400 audit(0.0:134): avc: denied { search } for name="501" dev="proc" ino=58034 scontext=u:r:untrusted_app:s0:c512,c768 tcontext=u:r:zygote:s0 tclass=dir permissive=0
12-11 19:53:35.112 11334 11393 I Adreno  : QUALCOMM build                   : fcf4852, I1af360237c
12-11 19:53:35.112 11334 11393 I Adreno  : Build Date                       : 09/23/15
12-11 19:53:35.112 11334 11393 I Adreno  : OpenGL ES Shader Compiler Version: XE031.05.13.02
12-11 19:53:35.112 11334 11393 I Adreno  : Local Branch                     : mybranch14465806
12-11 19:53:35.112 11334 11393 I Adreno  : Remote Branch                    : quic/LA.BF64.1.2.9_v2
12-11 19:53:35.112 11334 11393 I Adreno  : Remote Branch                    : NONE
12-11 19:53:35.112 11334 11393 I Adreno  : Reconstruct Branch               : NOTHING
12-11 19:53:35.113 11334 11393 E linker  : readlink('/proc/self/fd/20') failed: Permission denied [fd=20]
12-11 19:53:35.113 11334 11393 E linker  : warning: unable to get realpath for the library "/vendor/lib64/egl/eglSubDriverAndroid.so". Will use given name.
12-11 19:53:35.113 11334 11393 E linker  : readlink('/proc/self/fd/20') failed: Permission denied [fd=20]
12-11 19:53:35.113 11334 11393 E linker  : warning: unable to get realpath for the library "libEGL_adreno.so". Will use given name.
12-11 19:53:35.121 10959 11799 I ProcessCheckinRequest: Get token from PseudonymousIdApi: null
12-11 19:53:35.122 10959 11799 I CheckinRequestBuilder: Checkin reason type: 8 attempt count: 1
12-11 19:53:35.122 10764 11817 D Aatp    : /task/a79ec26db41d12caa6f6e7e9ec018d33e6798cf7/status
12-11 19:53:35.123   883  3090 I AccountManagerService: getTypesVisibleToCaller: isPermitted? true
12-11 19:53:35.123   883  7544 I AccountManagerService: getTypesVisibleToCaller: isPermitted? true
12-11 19:53:35.125 10925 11127 E NetworkScheduler: ignoring stale queue check message
12-11 19:53:35.142 10959 11799 I CheckinRequestBuilder: Unknown state of subscriptions on the device
12-11 19:53:35.145 11334 11393 I Adreno  : QUALCOMM build                   : fcf4852, I1af360237c
12-11 19:53:35.145 11334 11393 I Adreno  : Build Date                       : 09/23/15
12-11 19:53:35.145 11334 11393 I Adreno  : OpenGL ES Shader Compiler Version: XE031.05.13.02
12-11 19:53:35.145 11334 11393 I Adreno  : Local Branch                     : mybranch14465806
12-11 19:53:35.145 11334 11393 I Adreno  : Remote Branch                    : quic/LA.BF64.1.2.9_v2
12-11 19:53:35.145 11334 11393 I Adreno  : Remote Branch                    : NONE
12-11 19:53:35.145 11334 11393 I Adreno  : Reconstruct Branch               : NOTHING
12-11 19:53:35.145 11334 11393 E linker  : readlink('/proc/self/fd/20') failed: Permission denied [fd=20]
12-11 19:53:35.145 11334 11393 E linker  : warning: unable to get realpath for the library "/vendor/lib64/egl/eglSubDriverAndroid.so". Will use given name.
12-11 19:53:35.145 11334 11393 E linker  : readlink('/proc/self/fd/20') failed: Permission denied [fd=20]
12-11 19:53:35.146 11334 11393 E linker  : warning: unable to get realpath for the library "libEGL_adreno.so". Will use given name.
12-11 19:53:35.176   883  8493 I AccountManagerService: getTypesVisibleToCaller: isPermitted? true
12-11 19:53:35.211 11803 11803 W ContextImpl: Calling a method in the system process without a qualified user: android.app.ContextImpl.startService:1221 android.content.ContextWrapper.startService:581 android.content.ContextWrapper.startService:581 com.android.settings.bluetooth.DockEventReceiver.beginStartingService:134 com.android.settings.bluetooth.DockEventReceiver.onReceive:115 
12-11 19:53:35.219   883   900 D BluetoothManagerService: Added callback: android.bluetooth.IBluetoothManagerCallback$Stub$Proxy@86e5ad0:true
12-11 19:53:35.231  3069  3069 D BluetoothPbap: Proxy object connected
12-11 19:53:35.231  3069  3069 D PbapServerProfile: Bluetooth service connected
12-11 19:53:35.252 11596 11823 W BluetoothAdapter: getBluetoothService() called with no BluetoothManagerCallback
12-11 19:53:35.254 11656 11657 I WCNSS_FILTER: ibs_msm_serial_clock_vote: vote UART CLK ON using UART driver's ioctl()
12-11 19:53:35.255 11803 11803 D LocalBluetoothProfileManager: Adding local A2DP profile
12-11 19:53:35.263 11803 11803 D LocalBluetoothProfileManager: Adding local HEADSET profile
12-11 19:53:35.267 10959 11824 I GCM-GMS : Registering GMS 745476177629
12-11 19:53:35.282 11596 11828 W BluetoothAdapter: getBluetoothService() called with no BluetoothManagerCallback
12-11 19:53:35.284 11596 11828 I BtOppRfcommListener: Accept thread started.
12-11 19:53:35.295 11803 11803 D LocalBluetoothProfileManager: Adding local MAP profile
12-11 19:53:35.296 11803 11803 D BluetoothMap: Create BluetoothMap proxy object
12-11 19:53:35.313 11803 11803 D LocalBluetoothProfileManager: LocalBluetoothProfileManager construction complete
12-11 19:53:35.315   883   892 I art     : Background partial concurrent mark sweep GC freed 33742(2MB) AllocSpace objects, 0(0B) LOS objects, 27% free, 41MB/57MB, paused 1.300ms total 150.807ms
12-11 19:53:35.319 11803 11803 D DockEventReceiver: finishStartingService: stopping service
12-11 19:53:35.320 11803 11803 D BluetoothA2dp: Proxy object connected
12-11 19:53:35.324 11803 11803 D BluetoothInputDevice: Proxy object connected
12-11 19:53:35.325 11803 11803 D HidProfile: Bluetooth service connected
12-11 19:53:35.329 11803 11803 D BluetoothPan: BluetoothPAN Proxy object connected
12-11 19:53:35.329 11803 11803 D PanProfile: Bluetooth service connected
12-11 19:53:35.329 11803 11803 D BluetoothMap: Proxy object connected
12-11 19:53:35.330 11803 11803 D MapProfile: Bluetooth service connected
12-11 19:53:35.330 11803 11803 D BluetoothMap: getConnectedDevices()
12-11 19:53:35.335 11803 11803 D BluetoothPbap: Proxy object connected
12-11 19:53:35.336 11803 11803 D PbapServerProfile: Bluetooth service connected
12-11 19:53:35.368 11803 11815 D BluetoothHeadset: Proxy object connected
12-11 19:53:35.369 11803 11803 D HeadsetProfile: Bluetooth service connected
12-11 19:53:35.385 10959 11138 I Icing   : Usage reports ok 0, Failed Usage reports 0, indexed 0, rejected 0, imm upload false
12-11 19:53:35.392 10959 11138 I Icing   : Usage reports ok 0, Failed Usage reports 0, indexed 0, rejected 0, imm upload false
12-11 19:53:35.429 11572 11572 W linker  : /data/app/com.google.android.gms-1/lib/arm/libconscrypt_gmscore_jni.so: unused DT entry: type 0xf arg 0x1dc
12-11 19:53:35.452 10959 11199 I Authzen : [PermitStore] Getting all permits...
12-11 19:53:35.465 10925 10986 W Conscrypt: Could not set socket write timeout:
12-11 19:53:35.465 10925 10986 W Conscrypt:    java.lang.reflect.Method.invoke(Native Method)
12-11 19:53:35.465 10925 10986 W Conscrypt:    com.google.android.gms.org.conscrypt.Platform.setSocketWriteTimeout(:com.google.android.gms@11951440:13)
12-11 19:53:35.478 11572 11572 V NativeCrypto: Registering com/google/android/gms/org/conscrypt/NativeCrypto's 276 native methods...
12-11 19:53:35.514  3095 11751 D DownloadManager: [9836] Finished with status SUCCESS
12-11 19:53:35.513 11572 11572 I art     : Rejecting re-init on previously-failed class java.lang.Class<com.google.android.gms.org.conscrypt.DelegatingExtendedSSLSession>
12-11 19:53:35.516 11572 11572 I art     : Rejecting re-init on previously-failed class java.lang.Class<com.google.android.gms.org.conscrypt.DelegatingExtendedSSLSession>
12-11 19:53:35.517 11572 11572 I art     : Rejecting re-init on previously-failed class java.lang.Class<com.google.android.gms.org.conscrypt.DelegatingExtendedSSLSession>
12-11 19:53:35.553 11392 11392 W Binder_3: type=1400 audit(0.0:135): avc: denied { read } for name="/" dev="tmpfs" ino=10864 scontext=u:r:untrusted_app:s0:c512,c768 tcontext=u:object_r:device:s0 tclass=dir permissive=0
12-11 19:53:35.590 11334 11392 I Adreno  : QUALCOMM build                   : fcf4852, I1af360237c
12-11 19:53:35.590 11334 11392 I Adreno  : Build Date                       : 09/23/15
12-11 19:53:35.590 11334 11392 I Adreno  : OpenGL ES Shader Compiler Version: XE031.05.13.02
12-11 19:53:35.590 11334 11392 I Adreno  : Local Branch                     : mybranch14465806
12-11 19:53:35.590 11334 11392 I Adreno  : Remote Branch                    : quic/LA.BF64.1.2.9_v2
12-11 19:53:35.590 11334 11392 I Adreno  : Remote Branch                    : NONE
12-11 19:53:35.590 11334 11392 I Adreno  : Reconstruct Branch               : NOTHING
12-11 19:53:35.591 11334 11392 E linker  : readlink('/proc/self/fd/20') failed: Permission denied [fd=20]
12-11 19:53:35.591 11334 11392 E linker  : warning: unable to get realpath for the library "/vendor/lib64/egl/eglSubDriverAndroid.so". Will use given name.
12-11 19:53:35.591 11334 11392 E linker  : readlink('/proc/self/fd/20') failed: Permission denied [fd=20]
12-11 19:53:35.591 11334 11392 E linker  : warning: unable to get realpath for the library "libEGL_adreno.so". Will use given name.
12-11 19:53:35.622 11572 11572 I ProviderInstaller: Installed default security provider GmsCore_OpenSSL
12-11 19:53:35.623 11334 11392 I Adreno  : QUALCOMM build                   : fcf4852, I1af360237c
12-11 19:53:35.623 11334 11392 I Adreno  : Build Date                       : 09/23/15
12-11 19:53:35.623 11334 11392 I Adreno  : OpenGL ES Shader Compiler Version: XE031.05.13.02
12-11 19:53:35.623 11334 11392 I Adreno  : Local Branch                     : mybranch14465806
12-11 19:53:35.623 11334 11392 I Adreno  : Remote Branch                    : quic/LA.BF64.1.2.9_v2
12-11 19:53:35.623 11334 11392 I Adreno  : Remote Branch                    : NONE
12-11 19:53:35.623 11334 11392 I Adreno  : Reconstruct Branch               : NOTHING
12-11 19:53:35.623 11334 11392 E linker  : readlink('/proc/self/fd/20') failed: Permission denied [fd=20]
12-11 19:53:35.623 11334 11392 E linker  : warning: unable to get realpath for the library "/vendor/lib64/egl/eglSubDriverAndroid.so". Will use given name.
12-11 19:53:35.623 11334 11392 E linker  : readlink('/proc/self/fd/20') failed: Permission denied [fd=20]
12-11 19:53:35.623 11334 11392 E linker  : warning: unable to get realpath for the library "libEGL_adreno.so". Will use given name.
12-11 19:53:35.715   883  7545 W ActivityManager: Unable to start service Intent { act=com.google.android.finsky.BIND_PLAY_MODULE_SERVICE pkg=com.android.vending } U=0: not found
12-11 19:53:35.715 10959 11060 E ZappConnFactory: Unable to bind to PlayStore
12-11 19:53:35.716   883  8489 W ActivityManager: Unbind failed: could not find connection for android.os.BinderProxy@c6df9bf
12-11 19:53:35.718 10925 10986 W Conscrypt: Could not set socket write timeout:
12-11 19:53:35.718 10925 10986 W Conscrypt:    java.lang.reflect.Method.invoke(Native Method)
12-11 19:53:35.718 10925 10986 W Conscrypt:    com.google.android.gms.org.conscrypt.Platform.setSocketWriteTimeout(:com.google.android.gms@11951440:13)
12-11 19:53:35.733 11392 11392 W Binder_3: type=1400 audit(0.0:136): avc: denied { search } for name="501" dev="proc" ino=58034 scontext=u:r:untrusted_app:s0:c512,c768 tcontext=u:r:zygote:s0 tclass=dir permissive=0
12-11 19:53:35.782 10959 11799 I CheckinUtil: Classify the device as Phone.
12-11 19:53:35.800  3095 11744 V DownloadManager: Deleting /data/user/0/com.android.providers.downloads/cache/params_expdate_c45e5b7.dat via provider delete
12-11 19:53:35.821   883  2956 D WifiStateMachine: L2Connected CMD_START_SCAN source -2 2, 4 -> obsolete
12-11 19:53:35.822 10959 11036 I Vision  : Registration status ocr_arm64_v8a.zip: The download is in progress.
12-11 19:53:35.835 10959 11036 I Vision  : Download status ocr_arm64_v8a.zip: The download is in progress.
12-11 19:53:35.976 10959 11799 I ProcessCheckinRequest: cookie is null
12-11 19:53:36.066 10959 11799 W Conscrypt: Could not set socket write timeout:
12-11 19:53:36.074 10959 11799 W Conscrypt:    java.lang.reflect.Method.invoke(Native Method)
12-11 19:53:36.074 10959 11799 W Conscrypt:    com.google.android.gms.org.conscrypt.Platform.setSocketWriteTimeout(:com.google.android.gms@11951440:13)
12-11 19:53:36.120 10959 11799 W Conscrypt: Could not set socket write timeout:
12-11 19:53:36.121 10959 11799 W Conscrypt:    java.lang.reflect.Method.invoke(Native Method)
12-11 19:53:36.121 10959 11799 W Conscrypt:    com.google.android.gms.org.conscrypt.Platform.setSocketWriteTimeout(:com.google.android.gms@11951440:13)
12-11 19:53:36.166 10764 11854 D Aatp    : /task/a79ec26db41d12caa6f6e7e9ec018d33e6798cf7/status
12-11 19:53:36.201 10959 11799 I ProcessCheckinRequest: REQUEST: b: "354360070147590"
12-11 19:53:36.201 10959 11799 I ProcessCheckinRequest: c: "64bc0c84948b"
12-11 19:53:36.201 10959 11799 I ProcessCheckinRequest: d: "wifi"
12-11 19:53:36.201 10959 11799 I ProcessCheckinRequest: e: "01225f8437709aea"
12-11 19:53:36.201 10959 11799 I ProcessCheckinRequest: g: 4195981682547927736
12-11 19:53:36.201 10959 11799 I ProcessCheckinRequest: h: 412684772793825517
12-11 19:53:36.201 10959 11799 I ProcessCheckinRequest: i: "1-4aa9514b26a35b038ea2c58446e9f255a0d20de5"
12-11 19:53:36.201 10959 11799 I ProcessCheckinRequest: j: "en_US"
12-11 19:53:36.201 10959 11799 I ProcessCheckinRequest: k <
12-11 19:53:36.201 10959 11799 I ProcessCheckinRequest:   a <
12-11 19:53:36.201 10959 11799 I ProcessCheckinRequest:     a: "google/bullhead/bullhead:6.0/MDB08M/2353240:user/release-keys"
12-11 19:53:36.201 10959 11799 I ProcessCheckinRequest:     b: "M8994F-2.6.28.0.65"
12-11 19:53:36.201 10959 11799 I ProcessCheckinRequest:     c: "BHZ10i"
12-11 19:53:36.201 10959 11799 I ProcessCheckinRequest:     d: "bullhead"
12-11 19:53:36.201 10959 11799 I ProcessCheckinRequest:     e: "google"
12-11 19:53:36.201 10959 11799 I ProcessCheckinRequest:     f: "android-google"
12-11 19:53:36.201 10959 11799 I ProcessCheckinRequest:     g: 1445309462
12-11 19:53:36.201 10959 11799 I ProcessCheckinRequest:     h: 11951440
12-11 19:53:36.201 10959 11799 I ProcessCheckinRequest:     i: 23
12-11 19:53:36.201 10959 11799 I ProcessCheckinRequest:     j: "bullhead"
12-11 19:53:36.201 10959 11799 I ProcessCheckinRequest:     k: "Nexus 5X"
12-11 19:53:36.201 10959 11799 I ProcessCheckinRequest:     l: "LGE"
12-11 19:53:36.201 10959 11799 I ProcessCheckinRequest:     m: "bullhead"
12-11 19:53:36.201 10959 11799 I ProcessCheckinRequest:     n: true
12-11 19:53:36.201 10959 11799 I ProcessCheckinRequest:     o <
12-11 19:53:36.201 10959 11799 I ProcessCheckinRequest:       a: 8
12-11 19:53:36.201 10959 11799 I ProcessCheckinRequest:       b: "wallet-android-google"
12-11 19:53:36.201 10959 11799 I ProcessCheckinRequest:     >
12-11 19:53:36.201 10959 11799 I ProcessCheckinRequest:     o <
12-11 19:53:36.201 10959 11799 I ProcessCheckinRequest:       a: 2
12-11 19:53:36.201 10959 11799 I ProcessCheckinRequest:       b: "ms-android-google"
12-11 19:53:36.201 10959 11799 I ProcessCheckinRequest:     >
12-11 19:53:36.201 10959 11799 I ProcessCheckinRequest:     o <
12-11 19:53:36.201 10959 11799 I ProcessCheckinRequest:       a: 1
12-11 19:53:36.201 10959 11799 I ProcessCheckinRequest:       b: "android-google"
12-11 19:53:36.201 10959 11799 I ProcessCheckinRequest:     >
12-11 19:53:36.201 10959 11799 I ProcessCheckinRequest:     o <
12-11 19:53:36.201 10959 11799 I ProcessCheckinRequest:       a: 4
12-11 19:53:36.201 10959 11799 I ProcessCheckinRequest:       b: "gmm-android-google"
12-11 19:53:36.201 10959 11799 I ProcessCheckinRequest:     >
12-11 19:53:36.201 10959 11799 I ProcessCheckinRequest:     o <
12-11 19:53:36.201 10959 11799 I ProcessCheckinRequest:       a: 5
12-11 19:53:36.201 10959 11799 I ProcessCheckinRequest:       b: "mvapp-android-google"
12-11 19:53:36.201 10959 11799 I ProcessCheckinRequest:     >
12-11 19:53:36.201 10959 11799 I ProcessCheckinRequest:     o <
12-11 19:53:36.201 10959 11799 I ProcessCheckinRequest:       a: 6
12-11 19:53:36.201 10959 11799 I ProcessCheckinRequest:       b: "am-android-google"
12-11 19:53:36.201 10959 11799 I ProcessCheckinRequest:     >
12-11 19:53:36.201 10959 11799 I ProcessCheckinRequest:     o <
12-11 19:53:36.201 10959 11799 I ProcessCheckinRequest:       a: 9
12-11 19:53:36.201 10959 11799 I ProcessCheckinRequest:       b: "ms-android-google"
12-11 19:53:36.201 10959 11799 I ProcessCheckinRequest:     >
12-11 19:53:36.201 10959 11799 I ProcessCheckinRequest:     q: "2015-11-01"
12-11 19:53:36.201 10959 11799 I ProcessCheckinRequest:   >
12-11 19:53:36.201 10959 11799 I ProcessCheckinRequest:   b: 0
12-11 19:53:36.201 10959 11799 I ProcessCheckinRequest:   d <
12-11 19:53:36.201 10959 11799 I ProcessCheckinRequest:     a: "event_log_start"
12-11 19:53:36.201 10959 11799 I ProcessCheckinRequest:     c: 1512778309705
12-11 19:53:36.201 10959 11799 I ProcessCheckinRequest:   >
12-11 19:53:36.201 10959 11799 I ProcessCheckinRequest:   d <
12-11 19:53:36.201 10959 11799 I ProcessCheckinRequest:     a: "event_log_start"
12-11 19:53:36.201 10959 11799 I ProcessCheckinRequest:     c: 1512778309705
12-11 19:53:36.201 10959 11799 I ProcessCheckinRequest:   >
12-11 19:53:36.201 10959 11799 I ProcessCheckinRequest:   d <
12-11 19:53:36.201 10959 11799 I ProcessCheckinRequest:     a: "event_log_start"
12-11 19:53:36.201 10959 11799 I ProcessCheckinRequest:     c: 1512783401837
12-11 19:53:36.201 10959 11799 I ProcessCheckinRequest:   >
12-11 19:53:36.201 10959 11799 I ProcessCheckinRequest:   d <
12-11 19:53:36.201 10959 11799 I ProcessCheckinRequest:     a: "event_log_start"
12-11 19:53:36.201 10959 11799 I ProcessCheckinRequest:     c: 1512783401838
12-11 19:53:36.201 10959 11799 I ProcessCheckinRequest:   >
12-11 19:53:36.201 10959 11799 I ProcessCheckinRequest:   d <
12-11 19:53:36.201 10959 11799 I ProcessCheckinRequest:     a: "event_log_start"
12-11 19:53:36.201 10959 11799 I ProcessCheckinRequest:     c: 1512783401838
12-11 19:53:36.201 10959 11799 I ProcessCheckinRequest:   >
12-11 19:53:36.201 10959 11799 I ProcessCheckinRequest:   d <
12-11 19:53:36.201 10959 11799 I ProcessCheckinRequest:     a: "event_log_start"
12-11 19:53:36.201 10959 11799 I ProcessCheckinRequest:     c: 1512783401838
12-11 19:53:36.201 10959 11799 I ProcessCheckinRequest:   >
12-11 19:53:36.201 10959 11799 I ProcessCheckinRequest:   d <
12-11 19:53:36.201 10959 11799 I ProcessCheckinRequest:     a: "event_log_start"
12-11 19:53:36.201 10959 11799 I ProcessCheckinRequest:     c: 1512804361251
12-11 19:53:36.201 10959 11799 I ProcessCheckinRequest:   >
12-11 19:53:36.201 10959 11799 I ProcessCheckinRequest:   d <
12-11 19:53:36.201 10959 11799 I ProcessCheckinRequest:     a: "event_log_start"
12-11 19:53:36.201 10959 11799 I ProcessCheckinRequest:     c: 1512804361251
12-11 19:53:36.201 10959 11799 I ProcessCheckinRequest:   >
12-11 19:53:36.201 10959 11799 I ProcessCheckinRequest:   d <
12-11 19:53:36.201 10959 11799 I ProcessCheckinRequest:     a: "event_log_start"
12-11 19:53:36.201 10959 11799 I ProcessCheckinRequest:     c: 1512804361251
12-11 19:53:36.201 10959 11799 I ProcessCheckinRequest:   >
12-11 19:53:36.201 10959 11799 I ProcessCheckinRequest:   d <
12-11 19:53:36.201 10959 11799 I ProcessCheckinRequest:     a: "event_log_start"
12-11 19:53:36.201 10959 11799 I ProcessCheckinRequest:     c: 1512809585480
12-11 19:53:36.201 10959 11799 I ProcessCheckinRequest:   >
12-11 19:53:36.201 10959 11799 I ProcessCheckinRequest:   d <
12-11 19:53:36.201 10959 11799 I ProcessCheckinRequest:     a: "event_log_start"
12-11 19:53:36.201 10959 11799 I ProcessCheckinRequest:     c: 1512810567000
12-11 19:53:36.201 10959 11799 I ProcessCheckinRequest:   >
12-11 19:53:36.201 10959 11799 I ProcessCheckinRequest:   d <
12-11 19:53:36.201 10959 11799 I ProcessCheckinRequest:     a: "event_log_start"
12-11 19:53:36.201 10959 11799 I ProcessCheckinRequest:     c: 1512810567000
12-11 19:53:36.201 10959 11799 I ProcessCheckinRequest:   >
12-11 19:53:36.201 10959 11799 I ProcessCheckinRequest:   d <
12-11 19:53:36.201 10959 11799 I ProcessCheckinRequest:     a: "event_log_start"
12-11 19:53:36.201 10959 11799 I ProcessCheckinRequest:     c: 1512810567000
12-11 19:53:36.201 10959 11799 I ProcessCheckinRequest:   >
12-11 19:53:36.201 10959 11799 I ProcessCheckinRequest:   d <
12-11 19:53:36.201 10959 11799 I ProcessCheckinRequest:     a: "event_log_start"
12-11 19:53:36.201 10959 11799 I ProcessCheckinRequest:     c: 1512810567000
12-11 19:53:36.201 10959 11799 I ProcessCheckinRequest:   >
12-11 19:53:36.201 10959 11799 I ProcessCheckinRequest:   d <
12-11 19:53:36.201 10959 11799 I ProcessCheckinRequest:     a: "event_log_start"
12-11 19:53:36.201 10959 11799 I ProcessCheckinRequest:     c: 1512813475781
12-11 19:53:36.201 10959 11799 I ProcessCheckinRequest:   >
12-11 19:53:36.201 10959 11799 I ProcessCheckinRequest:   d <
12-11 19:53:36.201 10959 11799 I ProcessCheckinRequest:     a: "event_log_start"
12-11 19:53:36.201 10959 11799 I ProcessCheckinRequest:     c: 1512813475782
12-11 19:53:36.201 10959 11799 I ProcessCheckinRequest:   >
12-11 19:53:36.201 10959 11799 I ProcessCheckinRequest:   d <
12-11 19:53:36.201 10959 11799 I ProcessCheckinRequest:     a: "event_log_start"
12-11 19:53:36.201 10959 11799 I ProcessCheckinRequest:     c: 1512813475782
12-11 19:53:36.201 10959 11799 I ProcessCheckinRequest:   >
12-11 19:53:36.201 10959 11799 I ProcessCheckinRequest:   d <
12-11 19:53:36.201 10959 11799 I ProcessCheckinRequest:     a: "event_log_start"
12-11 19:53:36.201 10959 11799 I ProcessCheckinRequest:     c: 1512813475782
12-11 19:53:36.201 10959 11799 I ProcessCheckinRequest:   >
12-11 19:53:36.201 10959 11799 I ProcessCheckinRequest:   d <
12-11 19:53:36.201 10959 11799 I ProcessCheckinRequest:     a: "event_log_start"
12-11 19:53:36.201 10959 11799 I ProcessCheckinRequest:     c: 1512815322075
12-11 19:53:36.201 10959 11799 I ProcessCheckinRequest:   >
12-11 19:53:36.201 10959 11799 I ProcessCheckinRequest:   d <
12-11 19:53:36.201 10959 11799 I ProcessCheckinRequest:     a: "event_log_start"
12-11 19:53:36.201 10959 11799 I ProcessCheckinRequest:     c: 1512815322076
12-11 19:53:36.201 10959 11799 I ProcessCheckinRequest:   >
12-11 19:53:36.201 10959 11799 I ProcessCheckinRequest:   d <
12-11 19:53:36.201 10959 11799 I ProcessCheckinRequest:     a: "event_log_start"
12-11 19:53:36.201 10959 11799 I ProcessCheckinRequest:     c: 1512815322076
12-11 19:53:36.201 10959 11799 I ProcessCheckinRequest:   >
12-11 19:53:36.201 10959 11799 I ProcessCheckinRequest:   d <
12-11 19:53:36.201 10959 11799 I ProcessCheckinRequest:     a: "event_log_start"
12-11 19:53:36.201 10959 11799 I ProcessCheckinRequest:     c: 1512816583033
12-11 19:53:36.201 10959 11799 I ProcessCheckinRequest:   >
12-11 19:53:36.201 10959 11799 I ProcessCheckinRequest:   d <
12-11 19:53:36.201 10959 11799 I ProcessCheckinRequest:     a: "event_log_start"
12-11 19:53:36.201 10959 11799 I ProcessCheckinRequest:     c: 1512818823105
12-11 19:53:36.201 10959 11799 I ProcessCheckinRequest:   >
12-11 19:53:36.201 10959 11799 I ProcessCheckinRequest:   d <
12-11 19:53:36.201 10959 11799 I ProcessCheckinRequest:     a: "event_log_start"
12-11 19:53:36.201 10959 11799 I ProcessCheckinRequest:     c: 1512818823106
12-11 19:53:36.201 10959 11799 I ProcessCheckinRequest:   >
12-11 19:53:36.201 10959 11799 I ProcessCheckinRequest:   d <
12-11 19:53:36.201 10959 11799 I ProcessCheckinRequest:     a: "event_log_start"
12-11 19:53:36.201 10959 11799 I ProcessCheckinRequest:     c: 1512818823106
12-11 19:53:36.201 10959 11799 I ProcessCheckinRequest:   >
12-11 19:53:36.201 10959 11799 I ProcessCheckinRequest:   d <
12-11 19:53:36.201 10959 11799 I ProcessCheckinRequest:     a: "event_log_start"
12-11 19:53:36.201 10959 11799 I ProcessCheckinRequest:     c: 1512818823106
12-11 19:53:36.201 10959 11799 I ProcessCheckinRequest:   >
12-11 19:53:36.201 10959 11799 I ProcessCheckinRequest:   d <
12-11 19:53:36.201 10959 11799 I ProcessCheckinRequest:     a: "event_log_start"
12-11 19:53:36.201 10959 11799 I ProcessCheckinRequest:     c: 1512850272028
12-11 19:53:36.201 10959 11799 I ProcessCheckinRequest:   >
12-11 19:53:36.201 10959 11799 I ProcessCheckinRequest:   d <
12-11 19:53:36.201 10959 11799 I ProcessCheckinRequest:     a: "event_log_start"
12-11 19:53:36.201 10959 11799 I ProcessCheckinRequest:     c: 1512850272029
12-11 19:53:36.201 10959 11799 I ProcessCheckinRequest:   >
12-11 19:53:36.201 10959 11799 I ProcessCheckinRequest:   d <
12-11 19:53:36.201 10959 11799 I ProcessCheckinRequest:     a: "event_log_start"
12-11 19:53:36.201 10959 11799 I ProcessCheckinRequest:     c: 1512850272029
12-11 19:53:36.201 10959 11799 I ProcessCheckinRequest:   >
12-11 19:53:36.201 10959 11799 I ProcessCheckinRequest:   d <
12-11 19:53:36.201 10959 11799 I ProcessCheckinRequest:     a: "event_log_start"
12-11 19:53:36.201 10959 11799 I ProcessCheckinRequest:     c: 1512850272029
12-11 19:53:36.201 10959 11799 I ProcessCheckinRequest:   >
12-11 19:53:36.201 10959 11799 I ProcessCheckinRequest:   d <
12-11 19:53:36.201 10959 11799 I ProcessCheckinRequest:     a: "event_log_start"
12-11 19:53:36.201 10959 11799 I ProcessCheckinRequest:     c: 1512869973728
12-11 19:53:36.201 10959 11799 I ProcessCheckinRequest:   >
12-11 19:53:36.201 10959 11799 I ProcessCheckinRequest:   d <
12-11 19:53:36.201 10959 11799 I ProcessCheckinRequest:     a: "event_log_start"
12-11 19:53:36.201 10959 11799 I ProcessCheckinRequest:     c: 1512869973729
12-11 19:53:36.201 10959 11799 I ProcessCheckinRequest:   >
12-11 19:53:36.201 10959 11799 I ProcessCheckinRequest:   d <
12-11 19:53:36.201 10959 11799 I ProcessCheckinRequest:     a: "event_log_start"
12-11 19:53:36.201 10959 11799 I ProcessCheckinRequest:     c: 1512869973729
12-11 19:53:36.201 10959 11799 I ProcessCheckinRequest:   >
12-11 19:53:36.201 10959 11799 I ProcessCheckinRequest:   d <
12-11 19:53:36.201 10959 11799 I ProcessCheckinRequest:     a: "event_log_start"
12-11 19:53:36.201 10959 11799 I ProcessCheckinRequest:     c: 1512871989201
12-11 19:53:36.201 10959 11799 I ProcessCheckinRequest:   >
12-11 19:53:36.201 10959 11799 I ProcessCheckinRequest:   d <
12-11 19:53:36.201 10959 11799 I ProcessCheckinRequest:     a: "event_log_start"
12-11 19:53:36.201 10959 11799 I ProcessCheckinRequest:     c: 1512875523311
12-11 19:53:36.201 10959 11799 I ProcessCheckinRequest:   >
12-11 19:53:36.201 10959 11799 I ProcessCheckinRequest:   d <
12-11 19:53:36.201 10959 11799 I ProcessCheckinRequest:     a: "event_log_start"
12-11 19:53:36.201 10959 11799 I ProcessCheckinRequest:     c: 1512875523312
12-11 19:53:36.201 10959 11799 I ProcessCheckinRequest:   >
12-11 19:53:36.201 10959 11799 I ProcessCheckinRequest:   d <
12-11 19:53:36.201 10959 11799 I ProcessCheckinRequest:     a: "event_log_start"
12-11 19:53:36.201 10959 11799 I ProcessCheckinRequest:     c: 1512875534112
12-11 19:53:36.201 10959 11799 I ProcessCheckinRequest:   >
12-11 19:53:36.201 10959 11799 I ProcessCheckinRequest:   d <
12-11 19:53:36.201 10959 11799 I ProcessCheckinRequest:     a: "event_log_start"
12-11 19:53:36.201 10959 11799 I ProcessCheckinRequest:     c: 1512877539966
12-11 19:53:36.201 10959 11799 I ProcessCheckinRequest:   >
12-11 19:53:36.201 10959 11799 I ProcessCheckinRequest:   d <
12-11 19:53:36.201 10959 11799 I ProcessCheckinRequest:     a: "event_log_start"
12-11 19:53:36.201 10959 11799 I ProcessCheckinRequest:     c: 1512937425509
12-11 19:53:36.201 10959 11799 I ProcessCheckinRequest:   >
12-11 19:53:36.201 10959 11799 I ProcessCheckinRequest:   d <
12-11 19:53:36.201 10959 11799 I ProcessCheckinRequest:     a: "event_log_start"
12-11 19:53:36.201 10959 11799 I ProcessCheckinRequest:     c: 1512937425509
12-11 19:53:36.201 10959 11799 I ProcessCheckinRequest:   >
12-11 19:53:36.201 10959 11799 I ProcessCheckinRequest:   d <
12-11 19:53:36.201 10959 11799 I ProcessCheckinRequest:     a: "event_log_start"
12-11 19:53:36.201 10959 11799 I ProcessCheckinRequest:     c: 1512937425509
12-11 19:53:36.201 10959 11799 I ProcessCheckinRequest:   >
12-11 19:53:36.201 10959 11799 I ProcessCheckinRequest:   d <
12-11 19:53:36.201 10959 11799 I ProcessCheckinRequest:     a: "event_log_start"
12-11 19:53:36.201 10959 11799 I ProcessCheckinRequest:     c: 1512937435515
12-11 19:53:36.201 10959 11799 I ProcessCheckinRequest:   >
12-11 19:53:36.201 10959 11799 I ProcessCheckinRequest:   d <
12-11 19:53:36.201 10959 11799 I ProcessCheckinRequest:     a: "event_log_start"
12-11 19:53:36.201 10959 11799 I ProcessCheckinRequest:     c: 1512975317539
12-11 19:53:36.201 10959 11799 I ProcessCheckinRequest:   >
12-11 19:53:36.201 10959 11799 I ProcessCheckinRequest:   d <
12-11 19:53:36.201 10959 11799 I ProcessCheckinRequest:     a: "event_log_start"
12-11 19:53:36.201 10959 11799 I ProcessCheckinRequest:     c: 1512975317540
12-11 19:53:36.201 10959 11799 I ProcessCheckinRequest:   >
12-11 19:53:36.201 10959 11799 I ProcessCheckinRequest:   d <
12-11 19:53:36.201 10959 11799 I ProcessCheckinRequest:     a: "event_log_start"
12-11 19:53:36.201 10959 11799 I ProcessCheckinRequest:     c: 1512975317540
12-11 19:53:36.201 10959 11799 I ProcessCheckinRequest:   >
12-11 19:53:36.201 10959 11799 I ProcessCheckinRequest:   d <
12-11 19:53:36.201 10959 11799 I ProcessCheckinRequest:     a: "event_log_start"
12-11 19:53:36.201 10959 11799 I ProcessCheckinRequest:     c: 1512975317540
12-11 19:53:36.201 10959 11799 I ProcessCheckinRequest:   >
12-11 19:53:36.201 10959 11799 I ProcessCheckinRequest:   d <
12-11 19:53:36.201 10959 11799 I ProcessCheckinRequest:     a: "event_log_start"
12-11 19:53:36.201 10959 11799 I ProcessCheckinRequest:     c: 1512977144862
12-11 19:53:36.201 10959 11799 I ProcessCheckinRequest:   >
12-11 19:53:36.201 10959 11799 I ProcessCheckinRequest:   d <
12-11 19:53:36.201 10959 11799 I ProcessCheckinRequest:     a: "event_log_start"
12-11 19:53:36.201 10959 11799 I ProcessCheckinRequest:     c: 1512977144862
12-11 19:53:36.201 10959 11799 I ProcessCheckinRequest:   >
12-11 19:53:36.201 10959 11799 I ProcessCheckinRequest:   d <
12-11 19:53:36.201 10959 11799 I ProcessCheckinRequest:     a: "event_log_start"
12-11 19:53:36.201 10959 11799 I ProcessCheckinRequest:     c: 1512977144862
12-11 19:53:36.201 10959 11799 I ProcessCheckinRequest:   >
12-11 19:53:36.201 10959 11799 I ProcessCheckinRequest:   d <
12-11 19:53:36.201 10959 11799 I ProcessCheckinRequest:     a: "event_log_start"
12-11 19:53:36.201 10959 11799 I ProcessCheckinRequest:     c: 1512981261509
12-11 19:53:36.201 10959 11799 I ProcessCheckinRequest:   >
12-11 19:53:36.201 10959 11799 I ProcessCheckinRequest:   d <
12-11 19:53:36.201 10959 11799 I ProcessCheckinRequest:     a: "event_log_start"
12-11 19:53:36.201 10959 11799 I ProcessCheckinRequest:     c: 1512983531442
12-11 19:53:36.201 10959 11799 I ProcessCheckinRequest:   >
12-11 19:53:36.201 10959 11799 I ProcessCheckinRequest:   d <
12-11 19:53:36.201 10959 11799 I ProcessCheckinRequest:     a: "event_log_start"
12-11 19:53:36.201 10959 11799 I ProcessCheckinRequest:     c: 1512983531442
12-11 19:53:36.201 10959 11799 I ProcessCheckinRequest:   >
12-11 19:53:36.201 10959 11799 I ProcessCheckinRequest:   d <
12-11 19:53:36.201 10959 11799 I ProcessCheckinRequest:     a: "event_log_start"
12-11 19:53:36.201 10959 11799 I ProcessCheckinRequest:     c: 1512983531442
12-11 19:53:36.201 10959 11799 I ProcessCheckinRequest:   >
12-11 19:53:36.201 10959 11799 I ProcessCheckinRequest:   d <
12-11 19:53:36.201 10959 11799 I ProcessCheckinRequest:     a: "event_log_start"
12-11 19:53:36.201 10959 11799 I ProcessCheckinRequest:     c: 1512983531442
12-11 19:53:36.201 10959 11799 I ProcessCheckinRequest:   >
12-11 19:53:36.201 10959 11799 I ProcessCheckinRequest:   d <
12-11 19:53:36.201 10959 11799 I ProcessCheckinRequest:     a: "event_log_start"
12-11 19:53:36.201 10959 11799 I ProcessCheckinRequest:     c: 1512985544736
12-11 19:53:36.201 10959 11799 I ProcessCheckinRequest:   >
12-11 19:53:36.201 10959 11799 I ProcessCheckinRequest:   d <
12-11 19:53:36.201 10959 11799 I ProcessCheckinRequest:     a: "event_log_start"
12-11 19:53:36.201 10959 11799 I ProcessCheckinRequest:     c: 1512985544737
12-11 19:53:36.201 10959 11799 I ProcessCheckinRequest:   >
12-11 19:53:36.201 10959 11799 I ProcessCheckinRequest:   d <
12-11 19:53:36.201 10959 11799 I ProcessCheckinRequest:     a:
12-11 19:53:36.285 11656 11680 I WCNSS_FILTER: ibs_msm_serial_clock_vote: vote UART CLK OFF using UART driver's ioctl()
12-11 19:53:36.357 10959 11824 I GCM-GMS : Got GMS registration
12-11 19:53:36.397 10959 11856 I Authzen : [AuthZenEventHandler] Handling event: com.google.android.gms.gcm.REGISTERED
12-11 19:53:36.398   883  3395 I AccountManagerService: getTypesVisibleToCaller: isPermitted? true
12-11 19:53:36.404 10959 11138 I Icing   : Indexing 34F57172956DFEB7F9ABD44608CBAE3BA1EE7B66 from com.google.android.gms
12-11 19:53:36.407 10925 10925 I GCoreUlr: GCM registration ID changed: Intent { act=com.google.android.gms.gcm.REGISTERED flg=0x10 pkg=com.google.android.gms cmp=com.google.android.gms/com.google.android.location.reporting.service.GcmRegistrationReceiver }
12-11 19:53:36.407 10925 10925 I GCoreUlr: Starting service, intent=Intent { act=com.google.android.location.reporting.GCM_ID_CHANGED cmp=com.google.android.gms/com.google.android.location.reporting.service.DispatchingService }, extras=null
12-11 19:53:36.418 10959 11138 I Icing   : Indexing done 34F57172956DFEB7F9ABD44608CBAE3BA1EE7B66
12-11 19:53:36.462   883   893 I AccountManagerService: getTypesVisibleToCaller: isPermitted? true
12-11 19:53:36.464 10959 11557 E MDM     : [554] xqg.a: No Google accounts; deferring server state update.
12-11 19:53:36.467 10925 10984 I GCoreUlr: DispatchingService ignoring Intent { act=android.net.wifi.WIFI_STATE_CHANGED flg=0x4000010 (has extras) } because ULR inactive
12-11 19:53:36.471  3448 11779 E NxpTml  : _i2c_write() errno : 5
12-11 19:53:36.471  3448 11779 E NxpTml  : PN54X - Error in I2C Write.....
12-11 19:53:36.472  3448 11781 E NxpHal  : write error status = 0x1ff
12-11 19:53:36.472  3448 11775 E NxpHal  : write_unlocked failed - PN54X Maybe in Standby Mode - Retry
12-11 19:53:36.484  3448 11767 D         : phNxpLog_InitializeLogLevel: global =1, Fwdnld =1, extns =1,                 hal =1, tml =1, ncir =1,                 ncix =1
12-11 19:53:36.484  3448 11767 D BrcmNfcJni: RoutingManager::initialize(): try ee register
12-11 19:53:36.484  3448 11775 D BrcmNfcJni: RoutingManager::nfaEeCallback: NFA_EE_REGISTER_EVT; status=0
12-11 19:53:36.484  3448 11775 D BrcmNfcJni: nfaEeCallback: NFA_EE_DISCOVER_REQ_EVT; status=0x0; num ee=0
12-11 19:53:36.485  3448 11775 D BrcmNfcJni: RoutingManager::stackCallback: event=0x15
12-11 19:53:36.485  3448 11775 D BrcmNfcJni: RoutingManager::stackCallback: NFA_CE_REGISTERED_EVT; status=0x0; h=0x301
12-11 19:53:36.488 10959 11799 I ProcessCheckinRequest: updateCheckinIdTokenFileFromResponse, Reading existing AID
12-11 19:53:36.489 10959 11799 I CheckinRequestBuilder: Checkin reason type: 8 attempt count: 1
12-11 19:53:36.490  3448 11767 D NdefPushServer: start, thread = null
12-11 19:53:36.490   883  8493 I AccountManagerService: getTypesVisibleToCaller: isPermitted? true
12-11 19:53:36.490  3448 11767 D NdefPushServer: starting new server thread
12-11 19:53:36.490   883  3504 I AccountManagerService: getTypesVisibleToCaller: isPermitted? true
12-11 19:53:36.492  3448 11859 D NdefPushServer: about create LLCP service socket
12-11 19:53:36.492  3448 11859 D NdefPushServer: created LLCP service socket
