12-11 19:53:17.522 10959 10959 E IntentOperation: 	at com.google.android.chimera.container.ConfigurationManager.a(:com.google.android.gms@11951440:150)
12-11 19:53:17.522 10959 10959 E IntentOperation: 	at com.google.android.chimera.IntentOperation.a(:com.google.android.gms@11951440:3)
12-11 19:53:17.522 10959 10959 E IntentOperation: 	at com.google.android.chimera.IntentOperation.getStartIntent(:com.google.android.gms@11951440:3)
12-11 19:53:17.522 10959 10959 E IntentOperation: 	at com.google.android.chimera.IntentOperation.getStartIntent(:com.google.android.gms@11951440:1)
12-11 19:53:17.522 10959 10959 E IntentOperation: 	at com.google.android.gms.chimera.debug.ModuleSetJournalUpdate$ModuleSetJournalIntentOperation.a(:com.google.android.gms@11951440:1)
12-11 19:53:17.522 10959 10959 E IntentOperation: 	at com.google.android.gms.chimera.debug.ModuleSetJournalUpdate.a(:com.google.android.gms@11951440:11)
12-11 19:53:17.522 10959 10959 E IntentOperation: 	at com.google.android.gms.chimera.container.GmsModuleFinder.a(:com.google.android.gms@11951440:68)
12-11 19:53:17.522 10959 10959 E IntentOperation: 	at com.google.android.gms.chimera.container.GmsModuleFinder.a(:com.google.android.gms@11951440:86)
12-11 19:53:17.522 10959 10959 E IntentOperation: 	at com.google.android.gms.chimera.container.GmsModuleFinder.a(:com.google.android.gms@11951440:71)
12-11 19:53:17.522 10959 10959 E IntentOperation: 	at ldw.x_(:com.google.android.gms@11951440)
12-11 19:53:17.522 10959 10959 E IntentOperation: 	at csw.a(:com.google.android.gms@11951440:33)
12-11 19:53:17.522 10959 10959 E IntentOperation: 	at csc.attachBaseContext(:com.google.android.gms@11951440:2)
12-11 19:53:17.522 10959 10959 E IntentOperation: 	at android.app.Service.attach(Service.java:704)
12-11 19:53:17.522 10959 10959 E IntentOperation: 	at android.app.ActivityThread.handleCreateService(ActivityThread.java:2875)
12-11 19:53:17.522 10959 10959 E IntentOperation: 	at android.app.ActivityThread.-wrap4(ActivityThread.java)
12-11 19:53:17.522 10959 10959 E IntentOperation: 	at android.app.ActivityThread$H.handleMessage(ActivityThread.java:1427)
12-11 19:53:17.522 10959 10959 E IntentOperation: 	at android.os.Handler.dispatchMessage(Handler.java:102)
12-11 19:53:17.522 10959 10959 E IntentOperation: 	at android.os.Looper.loop(Looper.java:148)
12-11 19:53:17.522 10959 10959 E IntentOperation: 	at android.app.ActivityThread.main(ActivityThread.java:5417)
12-11 19:53:17.522 10959 10959 E IntentOperation: 	at java.lang.reflect.Method.invoke(Native Method)
12-11 19:53:17.522 10959 10959 E IntentOperation: 	at com.android.internal.os.ZygoteInit$MethodAndArgsCaller.run(ZygoteInit.java:726)
12-11 19:53:17.522 10959 10959 E IntentOperation: 	at com.android.internal.os.ZygoteInit.main(ZygoteInit.java:616)
12-11 19:53:17.522 10959 10959 E IntentOperation: Caused by: java.io.FileNotFoundException: /data/data/com.google.android.gms/app_chimera/current_config.fb: open failed: ENOENT (No such file or directory)
12-11 19:53:17.522 10959 10959 E IntentOperation: 	at libcore.io.IoBridge.open(IoBridge.java:452)
12-11 19:53:17.522 10959 10959 E IntentOperation: 	at java.io.FileInputStream.<init>(FileInputStream.java:76)
12-11 19:53:17.522 10959 10959 E IntentOperation: 	at com.google.android.chimera.container.ConfigurationManager.a(:com.google.android.gms@11951440:121)
12-11 19:53:17.522 10959 10959 E IntentOperation: 	... 21 more
12-11 19:53:17.522 10959 10959 E IntentOperation: Caused by: android.system.ErrnoException: open failed: ENOENT (No such file or directory)
12-11 19:53:17.522 10959 10959 E IntentOperation: 	at libcore.io.Posix.open(Native Method)
12-11 19:53:17.522 10959 10959 E IntentOperation: 	at libcore.io.BlockGuardOs.open(BlockGuardOs.java:186)
12-11 19:53:17.522 10959 10959 E IntentOperation: 	at libcore.io.IoBridge.open(IoBridge.java:438)
12-11 19:53:17.522 10959 10959 E IntentOperation: 	... 23 more
12-11 19:53:17.528 10959 10959 E ChimeraCfgMgr: Failed to read module config: java.io.FileNotFoundException: /data/data/com.google.android.gms/app_chimera/current_config.fb: open failed: ENOENT (No such file or directory)
12-11 19:53:17.532 10955 10955 D ICU     : No timezone override file found: /data/misc/zoneinfo/current/icu/icu_tzdata.dat
12-11 19:53:17.568 10955 10955 I Radio-JNI: register_android_hardware_Radio DONE
12-11 19:53:17.585 10955 10955 D AndroidRuntime: Calling main entry com.android.commands.pm.Pm
12-11 19:53:17.591   883  3556 I ActivityManager: Force stopping com.google.android.gm appid=10069 user=0: clear data
12-11 19:53:17.620 10959 10959 E ConfigFileUtils: Failed to read config file: /data/data/com.google.android.gms/app_chimera/current_modules_init.pb: open failed: ENOENT (No such file or directory)
12-11 19:53:17.633 10955 10955 I art     : System.exit called, status: 0
12-11 19:53:17.633 10955 10955 I AndroidRuntime: VM exiting with result code 0.
12-11 19:53:17.728   883  3556 I AccountManagerService: getTypesVisibleToCaller: isPermitted? true
12-11 19:53:17.734 10959 11008 E ConfigFileUtils: Failed to read config file: /data/data/com.google.android.gms/app_chimera/current_fileapks.pb: open failed: ENOENT (No such file or directory)
12-11 19:53:17.743 10959 11008 E ConfigFileUtils: Failed to read config file: /data/data/com.google.android.gms/app_chimera/current_fileapks.pb: open failed: ENOENT (No such file or directory)
12-11 19:53:17.753 10959 11008 E ConfigFileUtils: Failed to read config file: /data/data/com.google.android.gms/app_chimera/current_fileapks.pb: open failed: ENOENT (No such file or directory)
12-11 19:53:17.762 10959 11008 E ConfigFileUtils: Failed to read config file: /data/data/com.google.android.gms/app_chimera/current_fileapks.pb: open failed: ENOENT (No such file or directory)
12-11 19:53:17.762 10925 10936 W ConfigurationChimeraPro: Got null configs for com.google.android.gms.accountsettings
12-11 19:53:17.766   883  3556 I AccountManagerService: getTypesVisibleToCaller: isPermitted? true
12-11 19:53:17.770 10959 11008 E ConfigFileUtils: Failed to read config file: /data/data/com.google.android.gms/app_chimera/current_fileapks.pb: open failed: ENOENT (No such file or directory)
12-11 19:53:17.779 10959 11008 E ConfigFileUtils: Failed to read config file: /data/data/com.google.android.gms/app_chimera/current_fileapks.pb: open failed: ENOENT (No such file or directory)
12-11 19:53:17.794 10925 10935 W ConfigurationChimeraPro: Got null configs for com.google.android.gms.ads
12-11 19:53:17.824 10925 10936 W ConfigurationChimeraPro: Got null configs for com.google.android.gms.cast
12-11 19:53:17.850   883  7544 I AccountManagerService: getTypesVisibleToCaller: isPermitted? true
12-11 19:53:17.853   883  8493 I AccountManagerService: getTypesVisibleToCaller: isPermitted? false
12-11 19:53:17.916   883  7544 I AccountManagerService: getTypesVisibleToCaller: isPermitted? true
12-11 19:53:17.920   883  7546 I AccountManagerService: getTypesVisibleToCaller: isPermitted? true
12-11 19:53:17.926  8300  8338 D Documents: Update found 7 roots in 331ms
12-11 19:53:17.934   883  3415 I AccountManagerService: getTypesVisibleToCaller: isPermitted? true
12-11 19:53:17.942  8300  9136 D Documents: Update found 7 roots in 1117ms
12-11 19:53:17.995 10925 11021 E SQLiteLog: (1) no such table: storage_size
12-11 19:53:18.026 10925 11021 I acco    : No Heterodyne serving version in database
12-11 19:53:18.046 10925 11023 W ConfigurationChimeraPro: Got null configs for com.google.android.gms.clearcut.public
12-11 19:53:18.106 10925 10936 W ConfigurationChimeraPro: Got null configs for com.google.android.gms.trustlet_onbody
12-11 19:53:18.176 10959 11009 I Ads     : Parental control value is stale. Refreshing.
12-11 19:53:18.186 10959 11009 I Ads     : Initialized AdMob in container 11.9.51 (440-177350961)
12-11 19:53:18.210 11016 11016 D AndroidRuntime: >>>>>> START com.android.internal.os.RuntimeInit uid 2000 <<<<<<
12-11 19:53:18.213 11016 11016 D AndroidRuntime: CheckJNI is OFF
12-11 19:53:18.222 10959 11009 E ConfigFileUtils: Failed to read config file: /data/data/com.google.android.gms/app_chimera/current_fileapks.pb: open failed: ENOENT (No such file or directory)
12-11 19:53:18.225 10959 11008 E ConfigFileUtils: Failed to read config file: /data/data/com.google.android.gms/app_chimera/current_fileapks.pb: open failed: ENOENT (No such file or directory)
12-11 19:53:18.230 10959 11008 E ConfigFileUtils: Failed to read config file: /data/data/com.google.android.gms/app_chimera/current_fileapks.pb: open failed: ENOENT (No such file or directory)
12-11 19:53:18.238 11016 11016 D ICU     : No timezone override file found: /data/misc/zoneinfo/current/icu/icu_tzdata.dat
12-11 19:53:18.262 11016 11016 I Radio-JNI: register_android_hardware_Radio DONE
12-11 19:53:18.265 10959 11010 I ChimeraConfigService: Scheduling checkin every 120 seconds, with flex of 60 seconds
12-11 19:53:18.269 10925 11022 W ConfigurationChimeraPro: Got null configs for com.google.android.gms.backup
12-11 19:53:18.277 10959 11039 I Backup  : [CallLogFlagSetter] Whitelisted for call log backup, but not enabling because user_full_data_backup_aware not set.
12-11 19:53:18.280 11016 11016 D AndroidRuntime: Calling main entry com.android.commands.pm.Pm
12-11 19:53:18.283   883  3090 W ActivityManager: Invalid packageName: com.android.browser
12-11 19:53:18.287 10925 11020 W ConfigurationChimeraPro: Got null configs for com.google.android.gms.constellation
12-11 19:53:18.293 11016 11016 I art     : System.exit called, status: 1
12-11 19:53:18.293 11016 11016 I AndroidRuntime: VM exiting with result code 1.
12-11 19:53:18.297 10959 11039 E ConfigFileUtils: Failed to read config file: /data/data/com.google.android.gms/app_chimera/current_fileapks.pb: open failed: ENOENT (No such file or directory)
12-11 19:53:18.299 10959 11036 E ConfigFileUtils: Failed to read config file: /data/data/com.google.android.gms/app_chimera/current_fileapks.pb: open failed: ENOENT (No such file or directory)
12-11 19:53:18.306 10959 11038 I Auth    : [WorkAccount] update authenticator enabled for boot or update
12-11 19:53:18.310 10959 11051 W Ads     : Error while pinging URL: https://pagead2.googlesyndication.com/pagead/gen_204?id=gmob-apps&action=gmscore_upgrade&device=LGE%20Nexus%205X&locale=en_US&js=11951440.11951000&os=6.0&api=23&lta=false&eids=&appid=com.google.android.gms&previous_gmscore_version=-1. Unable to resolve host "pagead2.googlesyndication.com": No address associated with hostname
12-11 19:53:18.320 10925 10935 W ConfigurationChimeraPro: Got null configs for com.google.android.gms.auth.account.base
12-11 19:53:18.329 10925 11054 I Auth    : [Change,AccountsChange] First snapshot
12-11 19:53:18.334   883  8489 I AccountManagerService: getTypesVisibleToCaller: isPermitted? true
12-11 19:53:18.335   883  3370 I AccountManagerService: getTypesVisibleToCaller: isPermitted? true
12-11 19:53:18.336   883  7546 I AccountManagerService: getTypesVisibleToCaller: isPermitted? true
12-11 19:53:18.338 10925 11054 W WakefulBroadcastReceiv.: No active wake lock id #1
12-11 19:53:18.350   883  3395 I AccountManagerService: getTypesVisibleToCaller: isPermitted? true
12-11 19:53:18.359 10925 11020 W ConfigurationChimeraPro: Got null configs for com.google.android.gms.auth.api.credentials
12-11 19:53:18.364   883  3395 I AccountManagerService: getTypesVisibleToCaller: isPermitted? true
12-11 19:53:18.371  7846  8838 W Finsky  : [251] FinskyApp.getCurrentAccount: No account configured on this device.
12-11 19:53:18.372 10925 10936 W ConfigurationChimeraPro: Got null configs for com.google.android.gms.auth.api.phone
12-11 19:53:18.372 10959 10959 I Ads     : Successfully received play store parental controls the result.
12-11 19:53:18.378 10925 11058 W ConfigurationChimeraPro: Got null configs for com.google.android.gms.auth.account.base
12-11 19:53:18.465 10959 11039 I Auth    : [AuthManaged,AuthManagedModuleInitIntentOperation] enabling com.google.android.gms.auth.managed.ui.EmmActivity
12-11 19:53:18.466   883   900 D BluetoothManagerService: Added callback: android.bluetooth.IBluetoothManagerCallback$Stub$Proxy@e6f6116:true
12-11 19:53:18.466 10959 11039 I Auth    : [AuthManaged,AuthManagedModuleInitIntentOperation] enabling com.google.android.gms.auth.managed.ui.PhoneskyDpcInstallActivity
12-11 19:53:18.475 10925 11020 W ConfigurationChimeraPro: Got null configs for com.google.android.gms.auth_managed
12-11 19:53:18.482 10925 11021 W ConfigurationChimeraPro: Got null configs for com.google.android.gms.auth_authzen
12-11 19:53:18.491   883  3415 I AccountManagerService: getTypesVisibleToCaller: isPermitted? true
12-11 19:53:18.494   883   892 I art     : Background partial concurrent mark sweep GC freed 203109(10MB) AllocSpace objects, 0(0B) LOS objects, 27% free, 41MB/57MB, paused 1.136ms total 139.918ms
12-11 19:53:18.499 10925 10935 W ConfigurationChimeraPro: Got null configs for com.google.android.gms.auth_cryptauth
12-11 19:53:18.504   883  2957 D WifiService: New client listening to asynchronous messages
12-11 19:53:18.508 10959 11039 I CryptauthV2: [OldAuthzenDatabase] Deleting SigningKey for handle: device_key
12-11 19:53:18.508   883  3520 I AccountManagerService: getTypesVisibleToCaller: isPermitted? true
12-11 19:53:18.522 10925 11062 W ConfigurationChimeraPro: Got null configs for com.google.android.gms.gcm
12-11 19:53:18.549 10959 11039 W CryptauthV2: [OldAuthzenDatabase] Unexpected number of rows deleted: 0
12-11 19:53:18.560 10959 11039 I Backup  : [PreLComponentEnabler] Disabling pre-L components
12-11 19:53:18.573 10959 11039 I Backup  : [ComponentEnabler] Setting target components to enabled = false
12-11 19:53:18.578 10959 11039 I Backup  : [ComponentEnabler] Setting source components to enabled = true
12-11 19:53:18.737 10959 11070 W Ads     : Error while pinging URL: https://pagead2.googlesyndication.com/pagead/gen_204?id=gmob-apps&device=LGE%20Nexus%205X&js=11951440.11951000&os=6.0&api=23&lat=0&eids=&tslu=-1&appid=com.google.android.gms. Unable to resolve host "pagead2.googlesyndication.com": No address associated with hostname
12-11 19:53:18.740 10925 10925 W ConfigurationChimeraPro: Got null configs for com.google.android.location
12-11 19:53:18.751   883  3549 I ActivityManager: Start proc 11071:com.google.android.youtube/u0a76 for service com.google.android.youtube/com.google.android.apps.youtube.app.common.ads.AdIdListenerService
12-11 19:53:18.771 10925 10925 I art     : Rejecting re-init on previously-failed class java.lang.Class<apqu>
12-11 19:53:18.771 10925 10925 I art     : Rejecting re-init on previously-failed class java.lang.Class<apqu>
12-11 19:53:18.847 10959 11007 W ChimeraUtils: Non Chimera context
12-11 19:53:18.850   883   893 I AccountManagerService: getTypesVisibleToCaller: isPermitted? true
12-11 19:53:18.853   883  3395 I AccountManagerService: getTypesVisibleToCaller: isPermitted? true
12-11 19:53:18.854   883  7545 I AccountManagerService: getTypesVisibleToCaller: isPermitted? true
12-11 19:53:18.878 10959 11089 W ChimeraUtils: Non Chimera context
12-11 19:53:18.896 10925 10936 W ConfigurationChimeraPro: Got null configs for com.google.android.gms.auth_authzen
12-11 19:53:18.907 11065 11065 D AndroidRuntime: >>>>>> START com.android.internal.os.RuntimeInit uid 2000 <<<<<<
12-11 19:53:18.910 10959 11089 E BaseAppContext: Tried to stop global GMSCore RequestQueue. This is likely unintended, so ignoring.
12-11 19:53:18.910 11065 11065 D AndroidRuntime: CheckJNI is OFF
12-11 19:53:18.919 11071 11094 W YouTube : Fetching the Gservices key 'failsafe_clear_cache_release' before the end of the bulk initialization
12-11 19:53:18.946 11065 11065 D ICU     : No timezone override file found: /data/misc/zoneinfo/current/icu/icu_tzdata.dat
12-11 19:53:18.946 11071 11095 W YouTube : Fetching the Gservices key 'disable_binder_callback_flush' before the end of the bulk initialization
12-11 19:53:18.961 10925 11112 W ConfigurationChimeraPro: Got null configs for com.google.android.gms.ulr
12-11 19:53:18.982 11065 11065 I Radio-JNI: register_android_hardware_Radio DONE
12-11 19:53:18.983 10925 10925 I NetworkScheduler: Using standalone scheduling engine
12-11 19:53:18.999 11071 11101 E linker  : readlink('/proc/self/fd/21') failed: Permission denied [fd=21]
12-11 19:53:18.999 11071 11101 E linker  : warning: unable to get realpath for the library "/data/app/com.google.android.youtube-1/lib/arm64/libcronet.64.0.3261.0.so". Will use given name.
12-11 19:53:19.000 11065 11065 D AndroidRuntime: Calling main entry com.android.commands.pm.Pm
12-11 19:53:19.003 10959 11089 I Authzen : [AuthZenEventHandler] Handling event: com.google.android.chimera.IntentOperation.NEW_MODULE
12-11 19:53:19.010   883  7545 W ActivityManager: Invalid packageName: com.android.browser.provider
12-11 19:53:19.013 11065 11065 I art     : System.exit called, status: 1
12-11 19:53:19.013 11065 11065 I AndroidRuntime: VM exiting with result code 1.
12-11 19:53:19.013   883   893 I AccountManagerService: getTypesVisibleToCaller: isPermitted? true
12-11 19:53:19.033   883  3556 I AccountManagerService: getTypesVisibleToCaller: isPermitted? true
12-11 19:53:19.055 10925 10936 W ConfigurationChimeraPro: Got null configs for com.google.android.gms.clearcut.public
12-11 19:53:19.058   883  3395 D ConnectivityService: listenForNetwork for Listen from uid/pid:10076/11071 for NetworkRequest [ id=8, legacyType=-1, [ Capabilities: INTERNET&NOT_RESTRICTED&TRUSTED] ]
12-11 19:53:19.063 11123 11123 I dex2oat : /system/bin/dex2oat -j2 --dex-file=/data/data/com.google.android.gms/app_chimera/m/00000000/DynamiteLoader_GmsCore_prodmnc_alldpi_release.apk --oat-file=/data/data/com.google.android.gms/app_chimera/m/00000000/oat/arm64/DynamiteLoader_GmsCore_prodmnc_alldpi_release.dex
12-11 19:53:19.085 11071 11093 E linker  : readlink('/proc/self/fd/21') failed: Permission denied [fd=21]
12-11 19:53:19.086 11071 11093 E linker  : warning: unable to get realpath for the library "/system/framework/oat/arm64/com.android.location.provider.odex". Will use given name.
12-11 19:53:19.096 11071 11093 E linker  : readlink('/proc/self/fd/21') failed: Permission denied [fd=21]
12-11 19:53:19.096 11071 11093 E linker  : warning: unable to get realpath for the library "/system/framework/oat/arm64/com.android.media.remotedisplay.odex". Will use given name.
12-11 19:53:19.115 10925 11079 E GeofenceStateCache: Unable to load state, all registered geofences are lost.
12-11 19:53:19.155 10959 11060 W ChimeraUtils: Non Chimera context
12-11 19:53:19.187 11071 11097 W art     : Verification of void com.google.android.apps.youtube.app.WatchWhileActivity.onCreate(android.os.Bundle) took 100.939ms
12-11 19:53:19.225   519   519 E QCALOG  : [MessageQ] ProcessNewMessage: [LOWI-SERVER] unknown deliver target [OS-Agent]
12-11 19:53:19.245   883  7544 I AccountManagerService: getTypesVisibleToCaller: isPermitted? true
12-11 19:53:19.250 11071 11093 E linker  : readlink('/proc/self/fd/21') failed: Permission denied [fd=21]
12-11 19:53:19.250 11071 11093 E linker  : warning: unable to get realpath for the library "/data/app/com.google.android.gms-1/oat/arm64/base.odex". Will use given name.
12-11 19:53:19.294 10925 10925 W ConfigurationChimeraPro: Got null configs for com.google.android.gms.contextmanager
12-11 19:53:19.314   883  2956 D WifiNative-HAL: Failing getSupportedFeatureset because HAL isn't started
12-11 19:53:19.351   883   893 W ActivityManager: Permission Denial: getIntentSender() from pid=11071, uid=10076, (need uid=10013) is not allowed to send as package com.google.android.gms
12-11 19:53:19.357 11071 11096 W DynamiteUtils: Failed to load module: module com.google.android.gms.ads.dynamite not found
12-11 19:53:19.358 11071 11096 W DynamiteUtils: Attempt 1 failed.
12-11 19:53:19.364 11071 11155 E cr_CronetUrlRequestContext: Exception in onFailed method
12-11 19:53:19.364 11071 11155 E cr_CronetUrlRequestContext: java.lang.NullPointerException: Attempt to invoke virtual method 'java.lang.String aldz.a()' on a null object reference
12-11 19:53:19.364 11071 11155 E cr_CronetUrlRequestContext: 	at rwh.a(SourceFile:18)
12-11 19:53:19.364 11071 11155 E cr_CronetUrlRequestContext: 	at alht.a(SourceFile:12)
12-11 19:53:19.364 11071 11155 E cr_CronetUrlRequestContext: 	at alfc.run(SourceFile:8)
12-11 19:53:19.364 11071 11155 E cr_CronetUrlRequestContext: 	at java.util.concurrent.ThreadPoolExecutor.runWorker(ThreadPoolExecutor.java:1113)
12-11 19:53:19.364 11071 11155 E cr_CronetUrlRequestContext: 	at java.util.concurrent.ThreadPoolExecutor$Worker.run(ThreadPoolExecutor.java:588)
12-11 19:53:19.364 11071 11155 E cr_CronetUrlRequestContext: 	at rok.run(SourceFile:24)
12-11 19:53:19.364 11071 11155 E cr_CronetUrlRequestContext: 	at java.lang.Thread.run(Thread.java:818)
12-11 19:53:19.375 10925 10935 W ConfigurationChimeraPro: Got null configs for com.google.android.gms.droidguard
12-11 19:53:19.377 10925 10986 I GCM     : GCM config loaded
12-11 19:53:19.418 11123 11123 I dex2oat : dex2oat took 351.060ms (threads: 2) arena alloc=733KB java alloc=207KB native alloc=1929KB free=2MB
12-11 19:53:19.434 11071 11093 E linker  : readlink('/proc/self/fd/43') failed: Permission denied [fd=43]
12-11 19:53:19.434 11071 11093 E linker  : warning: unable to get realpath for the library "/data/app/com.google.android.gms-1/lib/arm64/libgmscore.so". Will use given name.
12-11 19:53:19.445 10959 11037 I Fido    : [FidoInitIntentOperation] Initializing Fido module, InitRuntimeState=12
12-11 19:53:19.460 11071 11096 W DynamiteUtils: Failed to load module: module com.google.android.gms.ads.dynamite not found
12-11 19:53:19.460 11071 11096 W DynamiteUtils: Attempt 2 failed.
12-11 19:53:19.461 10959 11037 I Fitness : Module updated. Enabling [com.google.android.gms.fitness.service.wearable.WearableSyncMessageService, com.google.android.gms.fitness.service.wearable.WearableSyncAccountService, com.google.android.gms.fitness.service.wearable.WearableSyncConnectionService, com.google.android.gms.fitness.service.wearable.WearableSyncConfigService, com.google.android.gms.fitness.service.goals.FitGoalsBroker]
12-11 19:53:19.471 10959 11037 W ProviderHelper: Unknown dynamite feature flags
12-11 19:53:19.471 10959 11037 I DynamiteModule: Considering local module com.google.android.gms.flags:2 and remote module com.google.android.gms.flags:0
12-11 19:53:19.471 10959 11037 I DynamiteModule: Selected local version of com.google.android.gms.flags
12-11 19:53:19.472 10959 11036 I art     : Note: end time exceeds epoch: 
12-11 19:53:19.488 10925 10936 W ConfigurationChimeraPro: Got null configs for com.google.android.gms.herrevad
12-11 19:53:19.499 10959 11158 I CheckinCompat: Disabling old GoogleServicesFramework version
12-11 19:53:19.556 11071 11081 I art     : Background partial concurrent mark sweep GC freed 1852(222KB) AllocSpace objects, 0(0B) LOS objects, 40% free, 19MB/32MB, paused 15.085ms total 127.364ms
12-11 19:53:19.570 11071 11096 W DynamiteUtils: Failed to load module: module com.google.android.gms.ads.dynamite not found
12-11 19:53:19.570 11071 11096 W DynamiteUtils: Attempt 3 failed.
12-11 19:53:19.571   883  2957 D WifiService: New client listening to asynchronous messages
12-11 19:53:19.572 11071 11096 D DynamitePackage: Module could not be loaded.
12-11 19:53:19.580 11071 11093 E linker  : readlink('/proc/self/fd/43') failed: Permission denied [fd=43]
12-11 19:53:19.581 11071 11093 E linker  : warning: unable to get realpath for the library "/data/app/com.google.android.gms-1/lib/arm64/libconscrypt_gmscore_jni.so". Will use given name.
12-11 19:53:19.581 11071 11093 W linker  : /data/app/com.google.android.gms-1/lib/arm64/libconscrypt_gmscore_jni.so: unused DT entry: type 0xf arg 0x8a
12-11 19:53:19.582 11192 11192 I dex2oat : /system/bin/dex2oat -j2 --dex-file=/data/data/com.google.android.gms/app_chimera/m/00000002/DynamiteModulesA_GmsCore_prodmnc_alldpi_release.apk --oat-file=/data/data/com.google.android.gms/app_chimera/m/00000002/oat/arm64/DynamiteModulesA_GmsCore_prodmnc_alldpi_release.dex
12-11 19:53:19.586 10959 11198 I Authzen : [PermitStore] Getting all permits...
12-11 19:53:19.593 11071 11096 E DynamitePackage: Failed to load ads dynamite module.
12-11 19:53:19.593 11071 11096 E DynamitePackage: android.os.RemoteException
12-11 19:53:19.593 11071 11096 E DynamitePackage: 	at dxe.<init>(:com.google.android.gms@11951440:3)
12-11 19:53:19.593 11071 11096 E DynamitePackage: 	at dxe.a(:com.google.android.gms@11951440:1)
12-11 19:53:19.593 11071 11096 E DynamitePackage: 	at com.google.android.gms.ads.adshield.AdShieldCreatorImpl.newAdShieldClient(:com.google.android.gms@11951440:2)
12-11 19:53:19.593 11071 11096 E DynamitePackage: 	at com.google.android.gms.ads.adshield.internal.b.onTransact(:com.google.android.gms@11951440:7)
12-11 19:53:19.593 11071 11096 E DynamitePackage: 	at android.os.Binder.transact(Binder.java:387)
12-11 19:53:19.593 11071 11096 E DynamitePackage: 	at ngt.a(Unknown Source)
12-11 19:53:19.593 11071 11096 E DynamitePackage: 	at nhg.a(Unknown Source)
12-11 19:53:19.593 11071 11096 E DynamitePackage: 	at nhb.b(Unknown Source)
12-11 19:53:19.593 11071 11096 E DynamitePackage: 	at nhb.a(Unknown Source)
12-11 19:53:19.593 11071 11096 E DynamitePackage: 	at lgo.<init>(Unknown Source)
12-11 19:53:19.593 11071 11096 E DynamitePackage: 	at oie.<init>(SourceFile:1)
12-11 19:53:19.593 11071 11096 E DynamitePackage: 	at oif.a(SourceFile:4)
12-11 19:53:19.593 11071 11096 E DynamitePackage: 	at oif.a(SourceFile:2)
12-11 19:53:19.593 11071 11096 E DynamitePackage: 	at qbs.a(SourceFile:79)
12-11 19:53:19.593 11071 11096 E DynamitePackage: 	at qbt.a(SourceFile:3)
12-11 19:53:19.593 11071 11096 E DynamitePackage: 	at sgl.get(SourceFile:23)
12-11 19:53:19.593 11071 11096 E DynamitePackage: 	at qbs.g(SourceFile:49)
12-11 19:53:19.593 11071 11096 E DynamitePackage: 	at qbs.c(SourceFile:31)
12-11 19:53:19.593 11071 11096 E DynamitePackage: 	at qcn.i(SourceFile:63)
12-11 19:53:19.593 11071 11096 E DynamitePackage: 	at qcn.c(SourceFile:38)
12-11 19:53:19.593 11071 11096 E DynamitePackage: 	at qcn.a(SourceFile:10)
12-11 19:53:19.593 11071 11096 E DynamitePackage: 	at cai.run(SourceFile:3)
12-11 19:53:19.593 11071 11096 E DynamitePackage: 	at java.util.concurrent.Executors$RunnableAdapter.call(Executors.java:423)
12-11 19:53:19.593 11071 11096 E DynamitePackage: 	at java.util.concurrent.FutureTask.run(FutureTask.java:237)
12-11 19:53:19.593 11071 11096 E DynamitePackage: 	at java.util.concurrent.ScheduledThreadPoolExecutor$ScheduledFutureTask.run(ScheduledThreadPoolExecutor.java:269)
12-11 19:53:19.593 11071 11096 E DynamitePackage: 	at java.util.concurrent.ThreadPoolExecutor.runWorker(ThreadPoolExecutor.java:1113)
12-11 19:53:19.593 11071 11096 E DynamitePackage: 	at java.util.concurrent.ThreadPoolExecutor$Worker.run(ThreadPoolExecutor.java:588)
12-11 19:53:19.593 11071 11096 E DynamitePackage: 	at rok.run(SourceFile:24)
12-11 19:53:19.593 11071 11096 E DynamitePackage: 	at java.lang.Thread.run(Thread.java:818)
12-11 19:53:19.594 11071 11096 D DynamitePackage: Instantiated singleton DynamitePackage.
12-11 19:53:19.604 10959 11199 I DeviceConfigUtils: android.os.VintfObject class not found : android.os.VintfObject
12-11 19:53:19.631 10959 11199 I EventLogChimeraService: Accumulating logs since 0
12-11 19:53:19.650 10959 11037 I FontsSharedState: No directory on disk newer than version 0
12-11 19:53:19.674 10959 11198 I Authzen : [gau] Creating database auth.proximity.permit_store...
12-11 19:53:19.684 10925 10925 W ConfigurationChimeraPro: Got null configs for com.google.android.gms.fitness
12-11 19:53:19.701 11160 11160 D AndroidRuntime: >>>>>> START com.android.internal.os.RuntimeInit uid 2000 <<<<<<
12-11 19:53:19.705 11160 11160 D AndroidRuntime: CheckJNI is OFF
12-11 19:53:19.722   883  8489 D VoldConnector: SND -> {13 volume mkdirs /storage/emulated/0/Android/data/com.google.android.youtube/files/}
12-11 19:53:19.728   883  2947 D VoldConnector: RCV <- {200 13 Command succeeded}
12-11 19:53:19.728 10925 10973 I GeofencerStateMachine: removeGeofences: removeRequest=RemoveGeofencingRequest[REMOVE_BY_PENDING_INTENT pendingIntent=PendingIntent[creatorPackage=com.google.android.gms], packageName=null]
12-11 19:53:19.738 11160 11160 D ICU     : No timezone override file found: /data/misc/zoneinfo/current/icu/icu_tzdata.dat
12-11 19:53:19.740 10925 10936 W ConfigurationChimeraPro: Got null configs for com.google.android.gms.gcm
12-11 19:53:19.768 11160 11160 I Radio-JNI: register_android_hardware_Radio DONE
12-11 19:53:19.771 11071 11093 V NativeCrypto: Registering com/google/android/gms/org/conscrypt/NativeCrypto's 276 native methods...
12-11 19:53:19.776 10959 11198 I Authzen : [gau] Opening database auth.proximity.permit_store...
12-11 19:53:19.777 10959 11037 I GCM-GMS : Scheduling task to register GMS
12-11 19:53:19.795 11160 11160 D AndroidRuntime: Calling main entry com.android.commands.pm.Pm
12-11 19:53:19.802   883  7545 W ActivityManager: Invalid packageName: com.samsung.android.scloud.proxy.sbrowser
12-11 19:53:19.805 11160 11160 I art     : System.exit called, status: 1
12-11 19:53:19.805 11160 11160 I AndroidRuntime: VM exiting with result code 1.
12-11 19:53:19.823 11071 11093 I art     : Rejecting re-init on previously-failed class java.lang.Class<com.google.android.gms.org.conscrypt.DelegatingExtendedSSLSession>
12-11 19:53:19.823 11071 11093 I art     : Rejecting re-init on previously-failed class java.lang.Class<com.google.android.gms.org.conscrypt.DelegatingExtendedSSLSession>
12-11 19:53:19.824 11071 11093 I art     : Rejecting re-init on previously-failed class java.lang.Class<com.google.android.gms.org.conscrypt.DelegatingExtendedSSLSession>
12-11 19:53:19.855 10925 10936 W ConfigurationChimeraPro: Got null configs for com.google.android.gms.googlehelp
12-11 19:53:19.872 10959 11037 I GrowthService: Scheduled sync with period: 14400
12-11 19:53:19.912 10925 10935 W ConfigurationChimeraPro: Got null configs for com.google.android.gms.icing
12-11 19:53:19.923 10959 11138 E FontsHttpClientDL: Download https://fonts.gstatic.com/s/a/directory009.pb failed
12-11 19:53:19.946 10925 10986 W GoogleHttpServiceClient: Timeout on service connection
12-11 19:53:19.946 10925 10986 W GoogleHttpServiceClient: java.lang.Throwable
12-11 19:53:19.946 10925 10986 W GoogleHttpServiceClient: 	at ujq.a(:com.google.android.gms@11951440:7)
12-11 19:53:19.946 10925 10986 W GoogleHttpServiceClient: 	at ujs.a(:com.google.android.gms@11951440:1)
12-11 19:53:19.946 10925 10986 W GoogleHttpServiceClient: 	at ujn.a(:com.google.android.gms@11951440:68)
12-11 19:53:19.946 10925 10986 W GoogleHttpServiceClient: 	at ujn.execute(:com.google.android.gms@11951440:8)
12-11 19:53:19.946 10925 10986 W GoogleHttpServiceClient: 	at ujn.execute(:com.google.android.gms@11951440:7)
12-11 19:53:19.946 10925 10986 W GoogleHttpServiceClient: 	at tgq.a(:com.google.android.gms@11951440:55)
12-11 19:53:19.946 10925 10986 W GoogleHttpServiceClient: 	at tgq.a(:com.google.android.gms@11951440:94)
12-11 19:53:19.946 10925 10986 W GoogleHttpServiceClient: 	at tgt.run(Unknown Source)
12-11 19:53:19.946 10925 10986 W GoogleHttpServiceClient: 	at mvc.run(:com.google.android.gms@11951440:26)
12-11 19:53:19.946 10925 10986 W GoogleHttpServiceClient: 	at java.util.concurrent.ThreadPoolExecutor.runWorker(ThreadPoolExecutor.java:1113)
12-11 19:53:19.946 10925 10986 W GoogleHttpServiceClient: 	at java.util.concurrent.ThreadPoolExecutor$Worker.run(ThreadPoolExecutor.java:588)
12-11 19:53:19.946 10925 10986 W GoogleHttpServiceClient: 	at nak.run(:com.google.android.gms@11951440)
12-11 19:53:19.946 10925 10986 W GoogleHttpServiceClient: 	at java.lang.Thread.run(Thread.java:818)
12-11 19:53:19.959   883  8489 I AccountManagerService: getTypesVisibleToCaller: isPermitted? true
12-11 19:53:19.973 10925 11030 E GcmPushIntentOperation: Failed to subscribe to GCM: com.google.apps.drive.android
12-11 19:53:19.973 10925 11030 E GcmPushIntentOperation: java.io.IOException: SERVICE_NOT_AVAILABLE
12-11 19:53:19.973 10925 11030 E GcmPushIntentOperation: 	at vov.b(:com.google.android.gms@11951440:39)
12-11 19:53:19.973 10925 11030 E GcmPushIntentOperation: 	at vov.a(:com.google.android.gms@11951440:47)
12-11 19:53:19.973 10925 11030 E GcmPushIntentOperation: 	at vos.b(:com.google.android.gms@11951440:11)
12-11 19:53:19.973 10925 11030 E GcmPushIntentOperation: 	at vos.a(:com.google.android.gms@11951440:29)
12-11 19:53:19.973 10925 11030 E GcmPushIntentOperation: 	at com.google.android.gms.phenotype.gcmpush.GcmPushIntentOperation.a(:com.google.android.gms@11951440:13)
12-11 19:53:19.973 10925 11030 E GcmPushIntentOperation: 	at com.google.android.gms.phenotype.gcmpush.GcmPushIntentOperation.onHandleIntent(:com.google.android.gms@11951440:6)
12-11 19:53:19.973 10925 11030 E GcmPushIntentOperation: 	at com.google.android.chimera.IntentOperation.onHandleIntent(:com.google.android.gms@11951440:2)
12-11 19:53:19.973 10925 11030 E GcmPushIntentOperation: 	at crr.run(:com.google.android.gms@11951440:10)
12-11 19:53:19.973 10925 11030 E GcmPushIntentOperation: 	at cro.run(:com.google.android.gms@11951440:9)
12-11 19:53:19.973 10925 11030 E GcmPushIntentOperation: 	at java.util.concurrent.ThreadPoolExecutor.runWorker(ThreadPoolExecutor.java:1113)
12-11 19:53:19.973 10925 11030 E GcmPushIntentOperation: 	at java.util.concurrent.ThreadPoolExecutor$Worker.run(ThreadPoolExecutor.java:588)
12-11 19:53:19.973 10925 11030 E GcmPushIntentOperation: 	at java.lang.Thread.run(Thread.java:818)
12-11 19:53:19.980   883   892 I art     : Background partial concurrent mark sweep GC freed 73021(3MB) AllocSpace objects, 0(0B) LOS objects, 28% free, 41MB/57MB, paused 1.189ms total 130.957ms
12-11 19:53:19.986 10925 11137 W Settings: Setting airplane_mode_on has moved from android.provider.Settings.System to android.provider.Settings.Global, returning read-only value.
12-11 19:53:19.989 11071 11093 I ProviderInstaller: Installed default security provider GmsCore_OpenSSL
12-11 19:53:19.997 10925 11137 W Settings: Setting airplane_mode_on has moved from android.provider.Settings.System to android.provider.Settings.Global, returning read-only value.
12-11 19:53:20.004 11247 11247 I dex2oat : /system/bin/dex2oat -j2 --dex-file=/data/user/0/com.google.android.youtube/cache/1489418796403.jar --oat-file=/data/user/0/com.google.android.youtube/cache/1489418796403.dex
12-11 19:53:20.009 10959 10959 D AdvertisingIdNS: Notifying advertising info update event for package com.google.android.youtube
12-11 19:53:20.012 10959 11037 I Icing   : Using regular flags by method 2
12-11 19:53:20.041  7846  7846 D Finsky  : [1] AdIdListener.onCreate: AdId refresh
12-11 19:53:20.073  7846 11255 D Ads     : Skipping gmscore version check
12-11 19:53:20.078 10959 10959 D AdvertisingIdNS: Notifying advertising info update event for package com.android.vending
12-11 19:53:20.079 11247 11247 I dex2oat : dex2oat took 75.190ms (threads: 2) arena alloc=447KB java alloc=58KB native alloc=1369KB free=1446KB
12-11 19:53:20.092 10925 10986 I GCM     : GCM config loaded
12-11 19:53:20.116 11071 11096 E linker  : readlink('/proc/self/fd/49') failed: Permission denied [fd=49]
12-11 19:53:20.116 11071 11096 E linker  : warning: unable to get realpath for the library "/data/data/com.google.android.youtube/cache/1489418796403.dex". Will use given name.
12-11 19:53:20.120 10959 11007 E constellation: [event_manager] Couldn't get GCM token
12-11 19:53:20.120 10959 11007 E constellation: java.io.IOException: SERVICE_NOT_AVAILABLE
12-11 19:53:20.120 10959 11007 E constellation: 	at vov.b(:com.google.android.gms@11951440:39)
12-11 19:53:20.120 10959 11007 E constellation: 	at vov.a(:com.google.android.gms@11951440:47)
12-11 19:53:20.120 10959 11007 E constellation: 	at vos.b(:com.google.android.gms@11951440:11)
12-11 19:53:20.120 10959 11007 E constellation: 	at vos.a(:com.google.android.gms@11951440:29)
12-11 19:53:20.120 10959 11007 E constellation: 	at com.google.android.gms.constellation.EventManager.onCreate(:com.google.android.gms@11951440:6)
12-11 19:53:20.120 10959 11007 E constellation: 	at com.google.android.chimera.IntentOperation.init(:com.google.android.gms@11951440)
12-11 19:53:20.120 10959 11007 E constellation: 	at crm.a(:com.google.android.gms@11951440:8)
12-11 19:53:20.120 10959 11007 E constellation: 	at ldu.a(:com.google.android.gms@11951440:5)
12-11 19:53:20.120 10959 11007 E constellation: 	at crt.a(:com.google.android.gms@11951440:20)
12-11 19:53:20.120 10959 11007 E constellation: 	at cru.run(:com.google.android.gms@11951440:76)
12-11 19:53:20.120 10959 11007 E constellation: 	at java.util.concurrent.ThreadPoolExecutor.runWorker(ThreadPoolExecutor.java:1113)
12-11 19:53:20.120 10959 11007 E constellation: 	at java.util.concurrent.ThreadPoolExecutor$Worker.run(ThreadPoolExecutor.java:588)
12-11 19:53:20.120 10959 11007 E constellation: 	at java.lang.Thread.run(Thread.java:818)
12-11 19:53:20.121 10959 11039 W constellation: [event_manager] Event manager is not initialized
12-11 19:53:20.134   883   893 I AccountManagerService: getTypesVisibleToCaller: isPermitted? true
12-11 19:53:20.134  7846  7846 W Finsky  : [1] FinskyApp.getCurrentAccount: No account configured on this device.
12-11 19:53:20.158 10959 10968 I art     : Background partial concurrent mark sweep GC freed 30284(2MB) AllocSpace objects, 29(5MB) LOS objects, 40% free, 18MB/30MB, paused 5.511ms total 107.663ms
12-11 19:53:20.175 10959 11259 W Ads     : Error while pinging URL: https://pagead2.googlesyndication.com/pagead/gen_204?id=gmob-apps&device=LGE%20Nexus%205X&js=11951440.11951000&os=6.0&api=23&lat=0&eids=&tslu=1613&appid=com.google.android.gms. Unable to resolve host "pagead2.googlesyndication.com": No address associated with hostname
12-11 19:53:20.224 10925 11137 W Settings: Setting airplane_mode_on has moved from android.provider.Settings.System to android.provider.Settings.Global, returning read-only value.
12-11 19:53:20.250 10925 11137 W Settings: Setting airplane_mode_on has moved from android.provider.Settings.System to android.provider.Settings.Global, returning read-only value.
12-11 19:53:20.308 10959 11257 W ChimeraUtils: Non Chimera context
12-11 19:53:20.389   883  3556 I AccountManagerService: getTypesVisibleToCaller: isPermitted? true
12-11 19:53:20.392 10925 11286 I CheckinUtil: Classify the device as Phone.
12-11 19:53:20.394   883   893 I AccountManagerService: getTypesVisibleToCaller: isPermitted? true
12-11 19:53:20.396   883  3395 I AccountManagerService: getTypesVisibleToCaller: isPermitted? true
12-11 19:53:20.400 10959 10959 D AdvertisingIdNS: Notifying advertising info update event for package com.google.android.youtube
12-11 19:53:20.403 10959 11199 W ProcessCheckinRequest: Fail to connect to GoogleApiClient error : lqt{statusCode=TIMEOUT, resolution=null, message=null}
12-11 19:53:20.403 10925 11286 W FetchTask: exception on config fetch: java.net.UnknownHostException: Unable to resolve host "cloudconfig.googleapis.com": No address associated with hostname
12-11 19:53:20.412   883  7545 I AccountManagerService: getTypesVisibleToCaller: isPermitted? true
12-11 19:53:20.414  7846  7846 D Finsky  : [1] AdIdListener.onCreate: AdId refresh
12-11 19:53:20.417   883  3415 I AccountManagerService: getTypesVisibleToCaller: isPermitted? true
12-11 19:53:20.418 11252 11252 D AndroidRuntime: >>>>>> START com.android.internal.os.RuntimeInit uid 2000 <<<<<<
12-11 19:53:20.421  7846 11292 D Ads     : Skipping gmscore version check
12-11 19:53:20.422 11252 11252 D AndroidRuntime: CheckJNI is OFF
12-11 19:53:20.423 10925 10935 W ConfigurationChimeraPro: Got null configs for com.google.android.gms.locationsharing
12-11 19:53:20.433 10959 11199 I CheckinRequestBuilder: Checkin reason type: 5 attempt count: 1
12-11 19:53:20.436   883   893 I AccountManagerService: getTypesVisibleToCaller: isPermitted? true
12-11 19:53:20.437 10959 11257 I Icing   : MaintenanceDriver: Registering all GCM Tasks.
12-11 19:53:20.437   883  3520 I AccountManagerService: getTypesVisibleToCaller: isPermitted? true
12-11 19:53:20.438   883  3549 I AccountManagerService: getTypesVisibleToCaller: isPermitted? true
12-11 19:53:20.439  7846  7846 W Finsky  : [1] FinskyApp.getCurrentAccount: No account configured on this device.
12-11 19:53:20.445 10925 11030 I GCoreUlr: Starting service, intent=Intent { act=com.google.android.location.reporting.ACTION_UPDATE_WORLD cmp=com.google.android.gms/com.google.android.location.reporting.service.DispatchingService (has extras) }, extras=Bundle[{receiverAction=com.google.android.gms.location.init.INIT_ACTION, is_module_updated=true}]
12-11 19:53:20.452 11252 11252 D ICU     : No timezone override file found: /data/misc/zoneinfo/current/icu/icu_tzdata.dat
12-11 19:53:20.482 10925 10935 W ConfigurationChimeraPro: Got null configs for com.google.android.gms.magictether
12-11 19:53:20.495 11252 11252 I Radio-JNI: register_android_hardware_Radio DONE
12-11 19:53:20.514 11252 11252 D AndroidRuntime: Calling main entry com.android.commands.pm.Pm
12-11 19:53:20.521 10959 11138 I Icing   : Storage manager: low false usage 0 Bytes avail 9.34GB capacity 10.67GB
12-11 19:53:20.526   883   894 D VoldConnector: SND -> {14 volume mkdirs /storage/emulated/0/Android/data/com.google.android.apps.docs/cache/}
12-11 19:53:20.527   883  3090 W ActivityManager: Invalid packageName: com.sec.android.app.sbrowser
12-11 19:53:20.528 11252 11252 I art     : System.exit called, status: 1
12-11 19:53:20.528 11252 11252 I AndroidRuntime: VM exiting with result code 1.
12-11 19:53:20.534   883  2947 D VoldConnector: RCV <- {200 14 Command succeeded}
12-11 19:53:20.573 10959 10959 D AdvertisingIdNS: Notifying advertising info update event for package com.android.vending
12-11 19:53:20.577 10925 10984 I GCoreUlr: WorldUpdater received intent Intent { act=com.google.android.location.reporting.ACTION_UPDATE_WORLD cmp=com.google.android.gms/com.google.android.location.reporting.service.DispatchingService (has extras) } with receiverAction com.google.android.gms.location.init.INIT_ACTION
12-11 19:53:20.579 10925 11204 I acfq    : Scheduling Phenotype for a PhenotypeSyncImmediately(6, com.google.android.gms.lockbox) one off with window [1, 2] in seconds
12-11 19:53:20.580 10937 10975 E linker  : readlink('/proc/self/fd/27') failed: Permission denied [fd=27]
12-11 19:53:20.580 10937 10975 E linker  : warning: unable to get realpath for the library "/system/framework/oat/arm64/com.android.location.provider.odex". Will use given name.
12-11 19:53:20.582 10937 10975 E linker  : readlink('/proc/self/fd/27') failed: Permission denied [fd=27]
12-11 19:53:20.582 10937 10975 E linker  : warning: unable to get realpath for the library "/system/framework/oat/arm64/com.android.media.remotedisplay.odex". Will use given name.
12-11 19:53:20.589 10937 10975 E linker  : readlink('/proc/self/fd/27') failed: Permission denied [fd=27]
12-11 19:53:20.589 10937 10975 E linker  : warning: unable to get realpath for the library "/data/app/com.google.android.gms-1/oat/arm64/base.odex". Will use given name.
12-11 19:53:20.609 10925 10984 I GCoreUlr: WorldUpdater:com.google.android.gms.location.init.INIT_ACTION: Ensuring that reporting is stopped because of reasons: (no Google accounts)
12-11 19:53:20.617 10925 10984 I GCoreUlr: Unbound from all location providers
12-11 19:53:20.617 10925 10984 I GCoreUlr: Place inference reporting - stop
12-11 19:53:20.618   883  3395 I AccountManagerService: getTypesVisibleToCaller: isPermitted? true
12-11 19:53:20.630 10959 11186 W Herrevad: [474] uit.b: Invalid mccmnc 
12-11 19:53:20.631 10959 11186 W Herrevad: [474] uit.b: Invalid mccmnc 
12-11 19:53:20.633   883  8493 I ActivityManager: Start proc 11306:com.google.android.gms.ui/u0a13 for service com.google.android.gms/.chimera.UiIntentOperationService
12-11 19:53:20.650 10925 10925 I GCoreUlr: Stopping handler for UlrDispSvcFast
12-11 19:53:20.654 10925 10925 I GCoreUlr: Unbound from all location providers
12-11 19:53:20.655 10925 10925 I GCoreUlr: Place inference reporting - stop
12-11 19:53:20.675 10925 11206 I GCM     : GCM config loaded
12-11 19:53:20.677 10925 11030 E GcmPushIntentOperation: Failed to subscribe to GCM: com.google.android.gms.lockbox
12-11 19:53:20.677 10925 11030 E GcmPushIntentOperation: java.io.IOException: SERVICE_NOT_AVAILABLE
12-11 19:53:20.677 10925 11030 E GcmPushIntentOperation: 	at vov.b(:com.google.android.gms@11951440:39)
12-11 19:53:20.677 10925 11030 E GcmPushIntentOperation: 	at vov.a(:com.google.android.gms@11951440:46)
12-11 19:53:20.677 10925 11030 E GcmPushIntentOperation: 	at vos.b(:com.google.android.gms@11951440:11)
12-11 19:53:20.677 10925 11030 E GcmPushIntentOperation: 	at vos.a(:com.google.android.gms@11951440:29)
12-11 19:53:20.677 10925 11030 E GcmPushIntentOperation: 	at com.google.android.gms.phenotype.gcmpush.GcmPushIntentOperation.a(:com.google.android.gms@11951440:13)
12-11 19:53:20.677 10925 11030 E GcmPushIntentOperation: 	at com.google.android.gms.phenotype.gcmpush.GcmPushIntentOperation.onHandleIntent(:com.google.android.gms@11951440:6)
12-11 19:53:20.677 10925 11030 E GcmPushIntentOperation: 	at com.google.android.chimera.IntentOperation.onHandleIntent(:com.google.android.gms@11951440:2)
12-11 19:53:20.677 10925 11030 E GcmPushIntentOperation: 	at crr.run(:com.google.android.gms@11951440:10)
12-11 19:53:20.677 10925 11030 E GcmPushIntentOperation: 	at cro.run(:com.google.android.gms@11951440:9)
12-11 19:53:20.677 10925 11030 E GcmPushIntentOperation: 	at java.util.concurrent.ThreadPoolExecutor.runWorker(ThreadPoolExecutor.java:1113)
12-11 19:53:20.677 10925 11030 E GcmPushIntentOperation: 	at java.util.concurrent.ThreadPoolExecutor$Worker.run(ThreadPoolExecutor.java:588)
12-11 19:53:20.677 10925 11030 E GcmPushIntentOperation: 	at java.lang.Thread.run(Thread.java:818)
12-11 19:53:20.692 10937 10975 E linker  : readlink('/proc/self/fd/27') failed: Permission denied [fd=27]
12-11 19:53:20.692 10937 10975 E linker  : warning: unable to get realpath for the library "/data/app/com.google.android.gms-1/lib/arm64/libgmscore.so". Will use given name.
12-11 19:53:20.699 10925 10984 W ConfigurationChimeraPro: Got null configs for com.google.android.gms.magictether
12-11 19:53:20.709 10925 11204 W ConfigurationChimeraPro: Got null configs for com.google.android.gms.clearcut.public
12-11 19:53:20.723   883   893 I AccountManagerService: getTypesVisibleToCaller: isPermitted? true
12-11 19:53:20.723 10925 10936 W ConfigurationChimeraPro: Got null configs for com.google.android.gms.matchstick
12-11 19:53:20.739 10937 10975 E linker  : readlink('/proc/self/fd/27') failed: Permission denied [fd=27]
12-11 19:53:20.739 10937 10975 E linker  : warning: unable to get realpath for the library "/data/app/com.google.android.gms-1/lib/arm64/libconscrypt_gmscore_jni.so". Will use given name.
12-11 19:53:20.739 10937 10975 W linker  : /data/app/com.google.android.gms-1/lib/arm64/libconscrypt_gmscore_jni.so: unused DT entry: type 0xf arg 0x8a
12-11 19:53:20.741 10925 10984 I MagicTether: [HostValidator] InvalidHost. MobileData: true, Tethering: false, whitelist: false, ble: true
12-11 19:53:20.743 11306 11306 I LoadedApk: No resource references to update in package FFFFFFFFFFFFFFFFFFFFFF
12-11 19:53:20.776 10937 10975 V NativeCrypto: Registering com/google/android/gms/org/conscrypt/NativeCrypto's 276 native methods...
12-11 19:53:20.811 10937 10975 I art     : Rejecting re-init on previously-failed class java.lang.Class<com.google.android.gms.org.conscrypt.DelegatingExtendedSSLSession>
12-11 19:53:20.811 10959 11199 I CheckinRequestBuilder: Unknown state of subscriptions on the device
12-11 19:53:20.811 10937 10975 I art     : Rejecting re-init on previously-failed class java.lang.Class<com.google.android.gms.org.conscrypt.DelegatingExtendedSSLSession>
12-11 19:53:20.813 10937 10975 I art     : Rejecting re-init on previously-failed class java.lang.Class<com.google.android.gms.org.conscrypt.DelegatingExtendedSSLSession>
12-11 19:53:20.814 11306 11306 W linker  : /data/app/com.google.android.gms-1/lib/arm64/libconscrypt_gmscore_jni.so: unused DT entry: type 0xf arg 0x8a
12-11 19:53:20.821 11306 11306 V NativeCrypto: Registering com/google/android/gms/org/conscrypt/NativeCrypto's 276 native methods...
12-11 19:53:20.840 10937 10975 I ProviderInstaller: Installed default security provider GmsCore_OpenSSL
12-11 19:53:20.840 11306 11306 I art     : Rejecting re-init on previously-failed class java.lang.Class<com.google.android.gms.org.conscrypt.DelegatingExtendedSSLSession>
12-11 19:53:20.840 11306 11306 I art     : Rejecting re-init on previously-failed class java.lang.Class<com.google.android.gms.org.conscrypt.DelegatingExtendedSSLSession>
12-11 19:53:20.841 11306 11306 I art     : Rejecting re-init on previously-failed class java.lang.Class<com.google.android.gms.org.conscrypt.DelegatingExtendedSSLSession>
12-11 19:53:20.858 11306 11306 I ProviderInstaller: Installed default security provider GmsCore_OpenSSL
12-11 19:53:20.878 10925 10989 W ConfigurationChimeraPro: Got null configs for com.google.android.gms
12-11 19:53:20.893   883  3549 I ActivityManager: Start proc 11334:com.google.android.gms.unstable/u0a13 for service com.google.android.gms/.droidguard.DroidGuardService
12-11 19:53:20.897 10959 11199 I GoogleSettingsUtils: Updated ID in checkin_id_token file
12-11 19:53:20.979 10959 11199 I Adreno  : QUALCOMM build                   : fcf4852, I1af360237c
12-11 19:53:20.979 10959 11199 I Adreno  : Build Date                       : 09/23/15
12-11 19:53:20.979 10959 11199 I Adreno  : OpenGL ES Shader Compiler Version: XE031.05.13.02
12-11 19:53:20.979 10959 11199 I Adreno  : Local Branch                     : mybranch14465806
12-11 19:53:20.979 10959 11199 I Adreno  : Remote Branch                    : quic/LA.BF64.1.2.9_v2
