12-11 19:53:54.629   883   896 E ActivityManager:   3.7% 477/adbd: 0.7% user + 3% kernel / faults: 419 minor
12-11 19:53:54.629   883   896 E ActivityManager:   0% 486/debuggerd64: 0% user + 0% kernel / faults: 3884 minor 5 major
12-11 19:53:54.629   883   896 E ActivityManager:   3.5% 3069/com.android.systemui: 1.5% user + 2% kernel / faults: 2163 minor
12-11 19:53:54.629   883   896 E ActivityManager:   3% 129/kswapd0: 0% user + 3% kernel
12-11 19:53:54.629   883   896 E ActivityManager:   2.8% 3726/com.google.process.gapps: 1.6% user + 1.1% kernel / faults: 2058 minor 1 major
12-11 19:53:54.629   883   896 E ActivityManager:   2.4% 515/kworker/u12:7: 0% user + 2.4% kernel
12-11 19:53:54.629   883   896 E ActivityManager:   2.4% 3429/com.quicinc.cne.CNEService: 1.1% user + 1.3% kernel / faults: 1487 minor 1 major
12-11 19:53:54.629   883   896 E ActivityManager:   1.8% 3448/com.android.nfc: 0.7% user + 1.1% kernel / faults: 1428 minor
12-11 19:53:54.629   883   896 E ActivityManager:   1.8% 10657/kworker/u12:1: 0% user + 1.8% kernel
12-11 19:53:54.629   883   896 E ActivityManager:   1.6% 10761/kworker/u12:8: 0% user + 1.6% kernel
12-11 19:53:54.629   883   896 E ActivityManager:   1.3% 8/rcu_preempt: 0% user + 1.3% kernel
12-11 19:53:54.629   883   896 E ActivityManager:   1.3% 501/zygote64: 0.1% user + 1.1% kernel / faults: 7130 minor
12-11 19:53:54.629   883   896 E ActivityManager:   0% 3462/com.qualcomm.qti.rcsbootstraputil: 0% user + 0% kernel / faults: 2207 minor 1 major
12-11 19:53:54.629   883   896 E ActivityManager:   1.3% 10696/kworker/u12:4: 0% user + 1.3% kernel
12-11 19:53:54.629   883   896 E ActivityManager:   1.1% 314/kworker/u12:5: 0% user + 1.1% kernel
12-11 19:53:54.629   883   896 E ActivityManager:   1.1% 334/logd: 0.1% user + 0.9% kernel / faults: 4 minor
12-11 19:53:54.629   883   896 E ActivityManager:   1.1% 11071/com.google.android.youtube: 0.7% user + 0.3% kernel / faults: 621 minor 6 major
12-11 19:53:54.629   883   896 E ActivityManager:   0.9% 285/msm-core:sampli: 0% user + 0.9% kernel
12-11 19:53:54.629   883   896 E ActivityManager:   0.9% 474/jbd2/dm-2-8: 0% user + 0.9% kernel
12-11 19:53:54.629   883   896 E ActivityManager:   0% 3475/com.qualcomm.qti.rcsimsbootstraputil: 0% user + 0% kernel / faults: 1602 minor 1 major
12-11 19:53:54.629   883   896 E ActivityManager:   0.7% 3/ksoftirqd/0: 0% user + 0.7% kernel
12-11 19:53:54.629   883   896 E ActivityManager:   0.7% 10658/kworker/u12:2: 0% user + 0.7% kernel
12-11 19:53:54.629   883   896 E ActivityManager:   0.5% 12/ksoftirqd/1: 0% user + 0.5% kernel
12-11 19:53:54.629   883   896 E ActivityManager:   0.5% 16/ksoftirqd/2: 0% user + 0.5% kernel
12-11 19:53:54.629   883   896 E ActivityManager:   0.5% 253/cfinteractive: 0% user + 0.5% kernel
12-11 19:53:54.629   883   896 E ActivityManager:   0.5% 461/dmcrypt_write: 0% user + 0.5% kernel
12-11 19:53:54.629   883   896 E ActivityManager:   0.5% 489/mediaserver: 0.1% user + 0.3% kernel / faults: 13 minor
12-11 19:53:54.629   883   896 E ActivityManager:   0.5% 10701/logcat: 0.1% user + 0.3% kernel
12-11 19:53:54.629   883   896 E ActivityManager:   0.3% 20/ksoftirqd/3: 0% user + 0.3% kernel
12-11 19:53:54.629   883   896 E ActivityManager:   0.3% 24/ksoftirqd/4: 0% user + 0.3% kernel
12-11 19:53:54.629   883   896 E ActivityManager:   0.3% 368/servicemanager: 0% user + 0.3% kernel
12-11 19:53:54.629   883   896 E ActivityManager:   0.3% 371/surfaceflinger: 0.1% user + 0.1% kernel / faults: 65 minor 9 major
12-11 19:53:54.629   883   896 E ActivityManager:   0.3% 405/irq/215-fc38800: 0% user + 0.3% kernel
12-11 19:53:54.629   883   896 E ActivityManager:   0.3% 11522/com.google.android.apps.walletnfcrel: 0% user + 0.3% kernel / faults: 1061 minor 7 major
12-11 19:53:54.629   883   896 E ActivityManager:   0.3% 11572/com.google.android.talk: 0% user + 0.3% kernel / faults: 1137 minor 1 major
12-11 19:53:54.629   883   896 E ActivityManager:   0.3% 11752/com.google.android.apps.photos: 0.3% user + 0% kernel / faults: 667 minor
12-11 19:53:54.629   883   896 E ActivityManager:   0.1% 28/ksoftirqd/5: 0% user + 0.1% kernel
12-11 19:53:54.629   883   896 E ActivityManager:   0.1% 39/kworker/5:1: 0% user + 0.1% kernel
12-11 19:53:54.629   883   896 E ActivityManager:   0.1% 40/kworker/0:1H: 0% user + 0.1% kernel
12-11 19:53:54.629   883   896 E ActivityManager:   0.1% 46/kworker/u13:0: 0% user + 0.1% kernel
12-11 19:53:54.629   883   896 E ActivityManager:   0.1% 59/system: 0% user + 0.1% kernel
12-11 19:53:54.629   883   896 E ActivityManager:   0% 156/msm_serial_hs_0: 0% user + 0% kernel
12-11 19:53:54.629   883   896 E ActivityManager:   0.1% 200/kworker/2:2: 0% user + 0.1% kernel
12-11 19:53:54.629   883   896 E ActivityManager:   0.1% 211/kworker/3:2: 0% user + 0.1% kernel
12-11 19:53:54.629   883   896 E ActivityManager:   0.1% 229/irq/6-aicl-done: 0% user + 0.1% kernel
12-11 19:53:54.629   883   896 E ActivityManager:   0.1% 247/irq/216-tsens_i: 0% user + 0.1% kernel
12-11 19:53:54.629   883   896 E ActivityManager:   0.1% 260/kworker/u12:3: 0% user + 0.1% kernel
12-11 19:53:54.629   883   896 E ActivityManager:   0.1% 307/ueventd: 0% user + 0.1% kernel
12-11 19:53:54.629   883   896 E ActivityManager:   0.1% 360/kworker/0:2: 0% user + 0.1% kernel
12-11 19:53:54.629   883   896 E ActivityManager:   0.1% 367/lmkd: 0% user + 0.1% kernel
12-11 19:53:54.629   883   896 E ActivityManager:   0.1% 426/mdss_fb0: 0% user + 0.1% kernel
12-11 19:53:54.629   883   896 E ActivityManager:   0.1% 3042/sdcard: 0% user + 0.1% kernel / faults: 7 minor
12-11 19:53:54.629   883   896 E ActivityManager:   0.1% 3365/com.google.android.inputmethod.latin: 0.1% user + 0% kernel / faults: 504 minor
12-11 19:53:54.629   883   896 E ActivityManager:   0.1% 7515
12-11 19:53:54.630   883   896 I ActivityManager: Killing 7220:com.google.android.googlequicksearchbox:search/u0a31 (adj 1): bg anr
12-11 19:53:54.745   883  2957 D WifiService: Client connection lost with reason: 4
12-11 19:53:54.754   883  3556 W ActivityManager: Scheduling restart of crashed service com.google.android.googlequicksearchbox/com.google.android.search.core.service.SearchService in 1000ms
12-11 19:53:54.770   883   896 I ActivityManager: Start proc 12231:com.google.android.googlequicksearchbox:search/u0a31 for broadcast com.google.android.googlequicksearchbox/.SearchWidgetProvider
12-11 19:53:54.775 10959 11199 I Icing   : IndexChimeraService.getServiceInterface callingPackage=com.google.android.gms componentName=AppsCorpus serviceId=32
12-11 19:53:54.777 10959 11257 I Icing   : IndexChimeraService.getServiceInterface callingPackage=com.google.android.gms componentName=AppsCorpus serviceId=36
12-11 19:53:54.793   489 10851 D audio_hw_primary: disable_audio_route: reset and update mixer path: audio-record
12-11 19:53:54.794   489 10851 D audio_hw_primary: disable_snd_device: snd_device(61: voice-rec-mic)
12-11 19:53:54.798   489 10851 I soundtrigger: audio_extn_sound_trigger_update_device_status: device 0x3d of type 1 for Event 0
12-11 19:53:54.799   489 10851 D sound_trigger_platform: platform_stdev_check_and_update_concurrency: concurrency active 0, tx 0, rx 0, concurrency session_allowed 1
12-11 19:53:54.799   489  2950 I SoundTriggerHwService::Module: void android::SoundTriggerHwService::Module::onCallbackEvent(const android::sp<android::SoundTriggerHwService::CallbackEvent>&) mClient == 0
12-11 19:53:54.822 10959 11230 I Icing   : Usage reports ok 0, Failed Usage reports 0, indexed 0, rejected 0, imm upload false
12-11 19:53:54.831 10959 11257 I Icing   : Query from com.google.android.gms package restrict com.google.android.gms start 0 num 100
12-11 19:53:54.832 10959 11138 I Icing   : Usage reports ok 0, Failed Usage reports 0, indexed 0, rejected 0, imm upload false
12-11 19:53:54.851 12201 12201 I MusicExperimentManager: Received config change, experiments list is null
12-11 19:53:54.851 12201 12201 W MusicExperimentManager: Parsing error while updating analysis experiments
12-11 19:53:54.862 12201 12201 I TopChartsIcing: Starting 'com.google.android.music.sync.google.MusicGcmTaskService
12-11 19:53:54.869 12201 12201 I BaseStore: Store database version: 146
12-11 19:53:54.888 12201 12201 I PlaybackClient: init: Initializing
12-11 19:53:54.960   883  8490 I AccountManagerService: getTypesVisibleToCaller: isPermitted? true
12-11 19:53:54.968 10959 11257 I Icing   : IndexChimeraService.getServiceInterface callingPackage=com.google.android.gms componentName=AppsCorpus serviceId=32
12-11 19:53:54.970 10959 11199 I Icing   : IndexChimeraService.getServiceInterface callingPackage=com.google.android.gms componentName=AppsCorpus serviceId=36
12-11 19:53:55.006 10959 11139 I Icing   : Usage reports ok 0, Failed Usage reports 0, indexed 0, rejected 0, imm upload false
12-11 19:53:55.012 12201 12201 D MusicLifecycle: com.google.android.music.notifications.NotificationChannelInitializationBroadcastReceiver generated event: Broadcast received with context android.app.ReceiverRestrictedContext@feeb5ca and intent Intent { act=android.intent.action.LOCALE_CHANGED flg=0x10000010 cmp=com.google.android.music/.notifications.NotificationChannelInitializationBroadcastReceiver }
12-11 19:53:55.014 10959 11139 I Icing   : Usage reports ok 0, Failed Usage reports 0, indexed 0, rejected 0, imm upload false
12-11 19:53:55.015 12201 12201 D MusicLifecycle: com.google.android.music.net.NetworkConnectivityMonitor$NetworkChangedReceiver generated event: Broadcast received with context com.google.android.music.ui.PhoneMusicApplication@d7db1cb and intent Intent { act=android.net.conn.CONNECTIVITY_CHANGE flg=0x4000010 (has extras) }
12-11 19:53:55.016 12201 12201 I NetworkConnectivity: Network state changed: [type: WIFI[], state: CONNECTED/CONNECTED, reason: (unspecified), extra: "9902869299", roaming: false, failover: false, isAvailable: true]
12-11 19:53:55.024   883  7546 I ActivityManager: Start proc 12255:com.google.android.apps.docs/u0a45 for broadcast com.google.android.apps.docs/.notification.common.NotificationChannelReceiver
12-11 19:53:55.034 12201 12201 D MusicLifecycle: com.google.android.music.download.EncapsulatedBroadcastReceiver$1 generated event: Broadcast received with context com.google.android.music.ui.PhoneMusicApplication@d7db1cb and intent Intent { act=com.google.android.music.ResumeStorageMigration flg=0x10 (has extras) }
12-11 19:53:55.037 12201 12201 D MusicLifecycle: com.google.android.music.download.artwork.ArtDownloadService generated event: Service created
12-11 19:53:55.087 12201 12201 I NetworkPolicyMonitor: Download-ability status changed to (true) unmetered wifi/eth: true mobileOrMetered: false
12-11 19:53:55.095 12201 12201 I NetworkPolicyMonitor: Stream-ability status changed to (true) unmetered wifi/eth: true mobileOrMetered: false
12-11 19:53:55.117 11071 11076 I art     : Wrote stack traces to '/data/anr/traces.txt'
12-11 19:53:55.122   883  3415 I ActivityManager: Killing 11664:com.google.android.apps.gcs/u0a12 (adj 15): empty #17
12-11 19:53:55.137 12160 12160 I CalendarProvider2: Sending notification intent: Intent { act=android.intent.action.PROVIDER_CHANGED dat=content://com.android.calendar }
12-11 19:53:55.138 12160 12160 W ContentResolver: Failed to get type for: content://com.android.calendar (Unknown URL content://com.android.calendar)
12-11 19:53:55.181 11656 11680 I WCNSS_FILTER: ibs_msm_serial_clock_vote: vote UART CLK OFF using UART driver's ioctl()
12-11 19:53:55.216   883  3415 I ActivityManager: Killing 11306:com.google.android.gms.ui/u0a13 (adj 15): empty #18
12-11 19:53:55.284 12201 12201 D MusicLifecycle: com.google.android.music.download.EncapsulatedBroadcastReceiver$1 generated event: Broadcast received with context com.google.android.music.ui.PhoneMusicApplication@d7db1cb and intent Intent { act=com.google.android.music.download.keepon.KeeponSchedulingService.START_DOWNLOAD flg=0x10 }
12-11 19:53:55.285   883  7544 I ActivityManager: Killing 11713:com.android.sdm.plugins.sprintdm/1001 (adj 15): empty #17
12-11 19:53:55.301 12253 12253 D AndroidRuntime: >>>>>> START com.android.internal.os.RuntimeInit uid 2000 <<<<<<
12-11 19:53:55.305 12253 12253 D AndroidRuntime: CheckJNI is OFF
12-11 19:53:55.321   883  7544 I AccountManagerService: getTypesVisibleToCaller: isPermitted? true
12-11 19:53:55.341 12201 12249 D AwarenessRouter: 0 new fences
12-11 19:53:55.341 12255 12277 I GAv4    : Google Analytics 11.0.11 is starting up. To enable debug logging on a device run:
12-11 19:53:55.341 12255 12277 I GAv4    :   adb shell setprop log.tag.GAv4 DEBUG
12-11 19:53:55.341 12255 12277 I GAv4    :   adb logcat -s GAv4
12-11 19:53:55.347 12253 12253 D ICU     : No timezone override file found: /data/misc/zoneinfo/current/icu/icu_tzdata.dat
12-11 19:53:55.356 12255 12255 W FieldDefinition: Ignoring isIndexed constraint as field also has uniqueness constraint (on just this field, and therefore SQLite will have to create an index on that. For field: com.google.android.apps.docs.database.common.FieldDefinition$a@d16c069
12-11 19:53:55.362 12255 12285 W GAv4    : AnalyticsReceiver is not registered or is disabled. Register the receiver for reliable dispatching on non-Google Play devices. See http://goo.gl/8Rd3yj for instructions.
12-11 19:53:55.367 12201 12249 D AwarenessRouter: 0 fences already registered
12-11 19:53:55.372   883  7545 I AccountManagerService: getTypesVisibleToCaller: isPermitted? true
12-11 19:53:55.374 12255 12285 W GAv4    : CampaignTrackingReceiver is not registered, not exported or is disabled. Installation campaign tracking is not possible. See http://goo.gl/8Rd3yj for instructions.
12-11 19:53:55.375 12255 12277 W CoreComponentFactoryImpl: RetainedComponent will not be retained if  djl does not inherit FragmentActivity and fulfill jpt contract.
12-11 19:53:55.376 12255 12285 W GAv4    : AnalyticsService not registered in the app manifest. Hits might not be delivered reliably. See http://goo.gl/8Rd3yj for instructions.
12-11 19:53:55.376 12253 12253 I Radio-JNI: register_android_hardware_Radio DONE
12-11 19:53:55.389 12201 12249 D AwarenessRouter: Successfully removed 0 context fences
12-11 19:53:55.394 12253 12253 D AndroidRuntime: Calling main entry com.android.commands.pm.Pm
12-11 19:53:55.411   883   906 I ActivityManager: Start proc 12291:com.android.defcontainer/u0a8 for service com.android.defcontainer/.DefaultContainerService
12-11 19:53:55.469   883  8493 I AccountManagerService: getTypesVisibleToCaller: isPermitted? true
12-11 19:53:55.476   883  3415 I AccountManagerService: getTypesVisibleToCaller: isPermitted? true
12-11 19:53:55.481 12291 12302 D DefContainer: Copying /data/local/tmp/app-6v0AVN.apk to base.apk
12-11 19:53:55.500   883  3556 I AccountManagerService: getTypesVisibleToCaller: isPermitted? true
12-11 19:53:55.503   883  3090 I AccountManagerService: getTypesVisibleToCaller: isPermitted? false
12-11 19:53:55.505   883   906 W PackageParser: Unknown element under <manifest>: meta-data at /data/app/vmdl160324815.tmp/base.apk Binary XML file line #18
12-11 19:53:55.519   883  8493 I ActivityManager: Start proc 12311:com.google.android.apps.maps/u0a59 for broadcast com.google.android.apps.maps/com.google.android.apps.gmm.notification.channels.NotificationChannelBroadcastReceiver
12-11 19:53:55.521   883  8493 I ActivityManager: Killing 11726:com.android.chrome/u0a41 (adj 15): empty #17
12-11 19:53:55.590   883  8493 I AccountManagerService: getTypesVisibleToCaller: isPermitted? true
12-11 19:53:55.707   883   906 I PackageManager.DexOptimizer: Running dexopt (dex2oat) on: /data/app/vmdl160324815.tmp/base.apk pkg=com.example.snoopy isa=arm64 vmSafeMode=false debuggable=true oatDir = /data/app/vmdl160324815.tmp/oat bootComplete=true
12-11 19:53:55.717 12311 12311 I LoadedApk: No resource references to update in package FFFFFFFFFFFFFFFFFFFFFF
12-11 19:53:55.748 12326 12326 I dex2oat : /system/bin/dex2oat -j2 --debuggable
12-11 19:53:55.761 12311 12329 E linker  : readlink('/proc/self/fd/18') failed: Permission denied [fd=18]
12-11 19:53:55.761 12311 12329 E linker  : warning: unable to get realpath for the library "/data/app/com.google.android.apps.maps-2/lib/arm64/libgmm-jni.so". Will use given name.
12-11 19:53:56.056   883  7544 D VoldConnector: SND -> {15 volume mkdirs /storage/emulated/0/Android/data/com.google.android.apps.maps/files/}
12-11 19:53:56.066   883  2947 D VoldConnector: RCV <- {200 15 Command succeeded}
12-11 19:53:56.079   883  3090 I ActivityManager: Killing 11803:com.android.settings/1000 (adj 15): empty #17
12-11 19:53:56.103 10959 11158 I Icing   : Indexing 34F57172956DFEB7F9ABD44608CBAE3BA1EE7B66 from com.google.android.gms
12-11 19:53:56.111 12326 12344 W dex2oat : Before Android 4.1, method int android.support.v7.widget.ListViewCompat.lookForSelectablePosition(int, boolean) would have incorrectly overridden the package-private method in android.widget.ListView
12-11 19:53:56.198 12326 12344 W dex2oat : Before Android 4.1, method android.graphics.PorterDuffColorFilter android.support.graphics.drawable.VectorDrawableCompat.updateTintFilter(android.graphics.PorterDuffColorFilter, android.content.res.ColorStateList, android.graphics.PorterDuff$Mode) would have incorrectly overridden the package-private method in android.graphics.drawable.Drawable
12-11 19:53:56.554   883   892 I art     : Background partial concurrent mark sweep GC freed 135906(9MB) AllocSpace objects, 34(5MB) LOS objects, 27% free, 42MB/58MB, paused 1.188ms total 200.654ms
12-11 19:53:56.936 10925 11394 I BeaconBle: Client requested scan, settings=BleSettings [scanMode=ZERO_POWER, callbackType=ALL_MATCHES, reportDelayMillis=0, 6 filters, 1 clients, callingClientName=Nearby]
12-11 19:53:56.946 10925 11394 I BeaconBle: Stopping scan on delegate scanner. BT state: 12
12-11 19:53:56.946 10925 11394 D BluetoothAdapter: STATE_ON
12-11 19:53:56.947 11596 11606 D BtGatt.GattService: stopScan() - queue size =2
12-11 19:53:56.948 11596 11607 D BtGatt.GattService: unregisterClient() - clientIf=6
12-11 19:53:56.950 11656 11657 I WCNSS_FILTER: ibs_msm_serial_clock_vote: vote UART CLK ON using UART driver's ioctl()
12-11 19:53:56.951 10925 11394 I BeaconBle: Resetting - new scanner available: true
12-11 19:53:56.951 10925 11394 I BeaconBle: ZERO_POWER is disabled.
12-11 19:53:56.951 10925 11394 I BeaconBle: 'L' hardware scan: scan stopped, no powered clients
12-11 19:53:56.956 11596 11625 D BtGatt.GattService: onScanFilterParamsConfigured() - clientIf=6, status=0, action=1, availableSpace=10
12-11 19:53:56.956 11596 11625 D BtGatt.ScanManager: callback done for clientIf - 6 status - 0
12-11 19:53:56.960 11596 11625 D BtGatt.GattService: onScanFilterParamsConfigured() - clientIf=6, status=0, action=1, availableSpace=11
12-11 19:53:56.960 11596 11625 D BtGatt.ScanManager: callback done for clientIf - 6 status - 0
12-11 19:53:56.964 11596 11625 D BtGatt.GattService: onScanFilterParamsConfigured() - clientIf=6, status=0, action=1, availableSpace=12
12-11 19:53:56.964 11596 11625 D BtGatt.ScanManager: callback done for clientIf - 6 status - 0
12-11 19:53:56.968 11596 11625 D BtGatt.GattService: onScanFilterParamsConfigured() - clientIf=6, status=0, action=1, availableSpace=13
12-11 19:53:56.968 11596 11625 D BtGatt.ScanManager: callback done for clientIf - 6 status - 0
12-11 19:53:56.972 11596 11625 D BtGatt.GattService: onScanFilterParamsConfigured() - clientIf=6, status=0, action=1, availableSpace=14
12-11 19:53:56.973 11596 11625 D BtGatt.ScanManager: callback done for clientIf - 6 status - 0
12-11 19:53:56.976 11596 11625 D BtGatt.GattService: onScanFilterParamsConfigured() - clientIf=6, status=0, action=1, availableSpace=15
12-11 19:53:56.977 11596 11625 D BtGatt.ScanManager: callback done for clientIf - 6 status - 0
12-11 19:53:56.977 11596 11630 D BtGatt.ScanManager: configureRegularScanParams() - queue=1
12-11 19:53:56.977 11596 11630 D BtGatt.ScanManager: configureRegularScanParams() - ScanSetting Scan mode=0 mLastConfiguredScanSetting=2
12-11 19:53:56.977 11596 11630 D BtGatt.ScanManager: configureRegularScanParams - scanInterval = 8000configureRegularScanParams - scanWindow = 800
12-11 19:53:56.977 11596 11625 D BtGatt.GattService: onScanParamSetupCompleted : 0
12-11 19:53:57.001 11596 11631 W bt_hci  : filter_incoming_event command complete event with no matching command. opcode: 0x0.
12-11 19:53:57.303 10959 11158 I Icing   : Indexing done 34F57172956DFEB7F9ABD44608CBAE3BA1EE7B66
12-11 19:53:57.836   883  3504 I ActivityManager: Killing 11929:com.android.externalstorage/u0a11 (adj 15): empty #17
12-11 19:53:58.003 11656 11680 I WCNSS_FILTER: ibs_msm_serial_clock_vote: vote UART CLK OFF using UART driver's ioctl()
12-11 19:53:58.376 10959 10959 I GAv4-SVC: Google Analytics 11.9.51 is starting up.
12-11 19:53:58.379 12032 12073 I GAV2    : Thread[GAThread,5,main]: No campaign data found.
12-11 19:53:58.573   883  3556 I AccountManagerService: getTypesVisibleToCaller: isPermitted? true
12-11 19:53:58.643 12057 12105 I GAV2    : Thread[GAThread,5,main]: No campaign data found.
12-11 19:53:58.712 12255 12278 E linker  : readlink('/proc/self/fd/27') failed: Permission denied [fd=27]
12-11 19:53:58.712 12255 12278 E linker  : warning: unable to get realpath for the library "/system/framework/oat/arm64/com.android.location.provider.odex". Will use given name.
12-11 19:53:58.714 12255 12278 E linker  : readlink('/proc/self/fd/27') failed: Permission denied [fd=27]
12-11 19:53:58.714 12255 12278 E linker  : warning: unable to get realpath for the library "/system/framework/oat/arm64/com.android.media.remotedisplay.odex". Will use given name.
12-11 19:53:58.720 12255 12278 E linker  : readlink('/proc/self/fd/27') failed: Permission denied [fd=27]
12-11 19:53:58.720 12255 12278 E linker  : warning: unable to get realpath for the library "/data/app/com.google.android.gms-1/oat/arm64/base.odex". Will use given name.
12-11 19:53:58.832 12255 12278 E linker  : readlink('/proc/self/fd/27') failed: Permission denied [fd=27]
12-11 19:53:58.832 12255 12278 E linker  : warning: unable to get realpath for the library "/data/app/com.google.android.gms-1/lib/arm64/libgmscore.so". Will use given name.
12-11 19:53:58.858 12255 12278 E linker  : readlink('/proc/self/fd/27') failed: Permission denied [fd=27]
12-11 19:53:58.858 12255 12278 E linker  : warning: unable to get realpath for the library "/data/app/com.google.android.gms-1/lib/arm64/libconscrypt_gmscore_jni.so". Will use given name.
12-11 19:53:58.858 12255 12278 W linker  : /data/app/com.google.android.gms-1/lib/arm64/libconscrypt_gmscore_jni.so: unused DT entry: type 0xf arg 0x8a
12-11 19:53:58.868 12255 12278 V NativeCrypto: Registering com/google/android/gms/org/conscrypt/NativeCrypto's 276 native methods...
12-11 19:53:58.891 12255 12278 I art     : Rejecting re-init on previously-failed class java.lang.Class<com.google.android.gms.org.conscrypt.DelegatingExtendedSSLSession>
12-11 19:53:58.891 12255 12278 I art     : Rejecting re-init on previously-failed class java.lang.Class<com.google.android.gms.org.conscrypt.DelegatingExtendedSSLSession>
12-11 19:53:58.893 12255 12278 I art     : Rejecting re-init on previously-failed class java.lang.Class<com.google.android.gms.org.conscrypt.DelegatingExtendedSSLSession>
12-11 19:53:58.918 12255 12278 I ProviderInstaller: Installed default security provider GmsCore_OpenSSL
12-11 19:53:59.754   883 11508 D NetlinkSocketObserver: NeighborEvent{elapsedMs=1546650, 192.168.1.1, [74DA3889FDB8], RTM_NEWNEIGH, NUD_REACHABLE}
12-11 19:53:59.970 12201 12248 I MediaStoreImporter: Update: incremental Added music: 0 Updated music: 0 Deleted music: 0 Created playlists: 0 Updated playlists: 0 Deleted playlists: 0 Inserted playlist items: 0 Deleted playlist items: 0 Removed orphaned playlist items: 0
12-11 19:53:59.971 12201 12201 D MusicLifecycle: com.google.android.music.download.EncapsulatedBroadcastReceiver$1 generated event: Broadcast received with context com.google.android.music.ui.PhoneMusicApplication@d7db1cb and intent Intent { act=com.google.android.music.IMPORT_COMPLETE flg=0x10 }
12-11 19:54:00.432 12326 12326 I dex2oat : dex2oat took 4.685s (threads: 2) arena alloc=779KB java alloc=6MB native alloc=19MB free=2MB
12-11 19:54:00.944   883   906 V BackupManagerService: restoreAtInstall pkg=com.example.snoopy token=9 restoreSet=0
12-11 19:54:00.953   883   906 W BackupManagerService: Requested unavailable transport: com.google.android.gms/.backup.BackupTransportService
12-11 19:54:00.954   883   906 W BackupManagerService: No transport
12-11 19:54:00.954   883   906 V BackupManagerService: Finishing install immediately
12-11 19:54:00.955   883   906 W Settings: Setting install_non_market_apps has moved from android.provider.Settings.Global to android.provider.Settings.Secure, returning read-only value.
12-11 19:54:00.955   883   906 I art     : Starting a blocking GC Explicit
12-11 19:54:01.206   883   906 I art     : Explicit concurrent mark sweep GC freed 256468(15MB) AllocSpace objects, 8(160KB) LOS objects, 26% free, 43MB/59MB, paused 2.841ms total 250.818ms
12-11 19:54:01.207 12253 12253 I art     : System.exit called, status: 0
12-11 19:54:01.207 12253 12253 I AndroidRuntime: VM exiting with result code 0.
12-11 19:54:01.208   883   906 W ActivityManager: Skipping broadcast of Intent { act=android.intent.action.PACKAGE_ADDED dat=package:com.example.snoopy flg=0x4000010 (has extras) }: user 10 is stopped
12-11 19:54:01.213 11596 11596 D BluetoothMapAppObserver: onReceive
12-11 19:54:01.213 11596 11596 D BluetoothMapAppObserver: The installed package is: com.example.snoopy
12-11 19:54:01.214 11596 11596 D BluetoothMapAppObserver: Found 0 application(s) with intent android.bluetooth.action.BLUETOOTH_MAP_PROVIDER
12-11 19:54:01.217 11596 11596 D BluetoothMapAppObserver: Found 0 application(s) with intent android.bluetooth.action.BLUETOOTH_MAP_IM_PROVIDER
12-11 19:54:01.222   883  2932 I InputReader: Reconfiguring input devices.  changes=0x00000010
12-11 19:54:01.277  3495  3495 D CarrierServiceBindHelper: Receive action: android.intent.action.PACKAGE_ADDED
12-11 19:54:01.285  3495  3495 D CarrierServiceBindHelper: mHandler: 3
12-11 19:54:01.285  3495  3495 D CarrierConfigLoader: mHandler: 9 phoneId: 0
12-11 19:54:02.055 12363 12363 D AndroidRuntime: >>>>>> START com.android.internal.os.RuntimeInit uid 2000 <<<<<<
12-11 19:54:02.058 12363 12363 D AndroidRuntime: CheckJNI is OFF
12-11 19:54:02.096 12363 12363 D ICU     : No timezone override file found: /data/misc/zoneinfo/current/icu/icu_tzdata.dat
12-11 19:54:02.129 12363 12363 I Radio-JNI: register_android_hardware_Radio DONE
12-11 19:54:02.147 12363 12363 D AndroidRuntime: Calling main entry com.android.commands.pm.Pm
12-11 19:54:02.183 12363 12363 I art     : System.exit called, status: 0
12-11 19:54:02.183 12363 12363 I AndroidRuntime: VM exiting with result code 0.
12-11 19:54:02.549 10764 12375 D Aatp    : /track-package
12-11 19:54:02.572 10764 12375 D AatpDeviceManager: Tracking package com.example.snoopy with UID 13217
12-11 19:54:03.005  3365  8105 I Keyboard.Facilitator.LanguageModelFlusher: run()
12-11 19:54:03.005  3365  8105 I Keyboard.Facilitator: flushDynamicLanguageModels()
12-11 19:54:03.114 10925 12377 I CheckinUtil: Classify the device as Phone.
12-11 19:54:03.172 10925 12377 W Conscrypt: Could not set socket write timeout:
12-11 19:54:03.173 10925 12377 W Conscrypt:    java.lang.reflect.Method.invoke(Native Method)
12-11 19:54:03.173 10925 12377 W Conscrypt:    com.google.android.gms.org.conscrypt.Platform.setSocketWriteTimeout(:com.google.android.gms@11951440:13)
12-11 19:54:03.209 10925 12377 W Conscrypt: Could not set socket write timeout:
12-11 19:54:03.209 10925 12377 W Conscrypt:    java.lang.reflect.Method.invoke(Native Method)
12-11 19:54:03.209 10925 12377 W Conscrypt:    com.google.android.gms.org.conscrypt.Platform.setSocketWriteTimeout(:com.google.android.gms@11951440:13)
12-11 19:54:05.547   883  7544 I ActivityManager: Killing 11943:com.android.shell/2000 (adj 15): empty #17
12-11 19:54:06.301 10925 10989 I GeofencerStateMachine: removeGeofences: removeRequest=RemoveGeofencingRequest[REMOVE_BY_IDS Ids=[atn_geofence_request_id], packageName=com.google.android.apps.maps]
12-11 19:54:06.384   883   894 I AccountManagerService: getTypesVisibleToCaller: isPermitted? true
12-11 19:54:06.386   883  7545 I AccountManagerService: getTypesVisibleToCaller: isPermitted? true
12-11 19:54:06.387   883   893 I AccountManagerService: getTypesVisibleToCaller: isPermitted? true
12-11 19:54:06.388   883  3549 I AccountManagerService: getTypesVisibleToCaller: isPermitted? true
12-11 19:54:06.408   883   892 I art     : Background sticky concurrent mark sweep GC freed 166769(8MB) AllocSpace objects, 1(20KB) LOS objects, 15% free, 50MB/59MB, paused 7.388ms total 84.991ms
12-11 19:54:06.421   883  7546 I AccountManagerService: getTypesVisibleToCaller: isPermitted? true
12-11 19:54:06.459 10925 12389 W ConfigurationChimeraPro: Got null configs for com.google.android.gms.tapandpay_legacy_gservices
12-11 19:54:06.630 10959 11199 I IcingInternalCorpora: EventIndexer: starting full update
12-11 19:54:06.630 10959 11199 I IcingInternalCorpora: EventIndexer: 0 added, 0 removed, 0 changed, 0 unchanged, 0 errors.
12-11 19:54:06.631 10959 11199 I IcingInternalCorpora: EventIndexer: finished after 1 ms.
12-11 19:54:07.780   883  8490 I AccountManagerService: getTypesVisibleToCaller: isPermitted? true
12-11 19:54:07.795   883  8489 I ActivityManager: Start proc 12400:com.google.android.partnersetup/u0a19 for content provider com.google.android.partnersetup/.RlzAppProvider
12-11 19:54:07.819 12231 12398 E linker  : readlink('/proc/self/fd/22') failed: Permission denied [fd=22]
12-11 19:54:07.819 12231 12398 E linker  : warning: unable to get realpath for the library "/data/data/com.google.android.googlequicksearchbox/files/extradex_jars/verified/startup/startup-1.dex". Will use given name.
12-11 19:54:07.847 12400 12400 W System  : ClassLoader referenced unknown path: /system/priv-app/GooglePartnerSetup/lib/arm64
12-11 19:54:08.015   883   893 I ActivityManager: Killing 11334:com.google.android.gms.unstable/u0a13 (adj 15): empty #17
12-11 19:54:08.099 12231 12231 W LocationOracleImpl: Best location was null
12-11 19:54:08.102 12231 12231 I VS.Container: create_recognizer
12-11 19:54:08.144 12231 12473 E linker  : readlink('/proc/self/fd/21') failed: Permission denied [fd=21]
12-11 19:54:08.144 12231 12473 E linker  : warning: unable to get realpath for the library "/system/priv-app/Velvet/lib/arm64/libgoogle_speech_micro_jni.so". Will use given name.
12-11 19:54:08.174 12231 12477 I MicroRecognitionRnrImpl: Starting detection.
12-11 19:54:08.177 12231 12478 I MicrophoneInputStream: mic_starting com.google.android.apps.gsa.speech.audio.x@30bcbde
12-11 19:54:08.179   489 12480 I AudioFlinger: AudioFlinger's thread 0xf1140000 ready to run
12-11 19:54:08.182   489  2950 I SoundTriggerHwService::Module: void android::SoundTriggerHwService::Module::onCallbackEvent(const android::sp<android::SoundTriggerHwService::CallbackEvent>&) mClient == 0
12-11 19:54:08.184 12231 12478 I MicrophoneInputStream: mic_started com.google.android.apps.gsa.speech.audio.x@30bcbde
12-11 19:54:08.194   489 12480 D audio_hw_primary: select_devices: out_snd_device(0: none) in_snd_device(61: voice-rec-mic)
12-11 19:54:08.194   489 12480 D msm8974_platform: platform_send_audio_calibration: sending audio calibration for snd_device(61) acdb_id(62)
12-11 19:54:08.194   489 12480 I ACDB-LOADER: ACDB AFE returned = -19
12-11 19:54:08.194   489 12480 I soundtrigger: audio_extn_sound_trigger_update_device_status: device 0x3d of type 1 for Event 1
12-11 19:54:08.194   489 12480 D sound_trigger_platform: platform_stdev_check_and_update_concurrency: concurrency active 0, tx 1, rx 0, concurrency session_allowed 0
12-11 19:54:08.194   489 12480 D audio_hw_primary: enable_snd_device: snd_device(61: voice-rec-mic)
12-11 19:54:08.199   489 12480 D audio_hw_primary: enable_audio_route: apply and update mixer path: audio-record
12-11 19:54:08.231 10959 11257 I Icing   : IndexChimeraService.getServiceInterface callingPackage=com.google.android.googlequicksearchbox componentName=null serviceId=33
12-11 19:54:08.234 10959 11199 I Icing   : IndexChimeraService.getServiceInterface callingPackage=com.google.android.googlequicksearchbox componentName=null serviceId=32
12-11 19:54:08.262 10959 11139 I Icing   : Usage reports ok 0, Failed Usage reports 0, indexed 0, rejected 0, imm upload true
12-11 19:54:08.274 12231 12231 I HotwordWorkerImpl: onReady
12-11 19:54:08.275 10959 11139 I Icing   : Usage reports ok 0, Failed Usage reports 0, indexed 0, rejected 0, imm upload true
12-11 19:54:16.514   883 11508 D NetlinkSocketObserver: NeighborEvent{elapsedMs=1563410, 192.168.1.1, [74DA3889FDB8], RTM_NEWNEIGH, NUD_STALE}
12-11 19:54:19.661   519   519 E QCALOG  : [MessageQ] ProcessNewMessage: [LOWI-SERVER] unknown deliver target [OS-Agent]
12-11 19:54:20.835 13124 13124 D AndroidRuntime: >>>>>> START com.android.internal.os.RuntimeInit uid 2000 <<<<<<
12-11 19:54:20.839 13124 13124 D AndroidRuntime: CheckJNI is OFF
12-11 19:54:20.867 13124 13124 D ICU     : No timezone override file found: /data/misc/zoneinfo/current/icu/icu_tzdata.dat
12-11 19:54:20.895 13124 13124 I Radio-JNI: register_android_hardware_Radio DONE
12-11 19:54:20.911 13124 13124 D AndroidRuntime: Calling main entry com.android.commands.pm.Pm
12-11 19:54:20.946 13124 13124 I art     : System.exit called, status: 0
12-11 19:54:20.947 13124 13124 I AndroidRuntime: VM exiting with result code 0.
12-11 19:54:21.809 13191 13191 D AndroidRuntime: >>>>>> START com.android.internal.os.RuntimeInit uid 2000 <<<<<<
12-11 19:54:21.813 13191 13191 D AndroidRuntime: CheckJNI is OFF
12-11 19:54:21.840 13191 13191 D ICU     : No timezone override file found: /data/misc/zoneinfo/current/icu/icu_tzdata.dat
12-11 19:54:21.867 13191 13191 I Radio-JNI: register_android_hardware_Radio DONE
12-11 19:54:21.884 13191 13191 D AndroidRuntime: Calling main entry com.android.commands.pm.Pm
12-11 19:54:21.903 12291 12302 D DefContainer: Copying /data/local/tmp/AUTUtilsHAPi02.apk to base.apk
12-11 19:54:21.911   883   906 I PackageParser: com.trellis: compat added android.permission.READ_PHONE_STATE
12-11 19:54:21.938   883   906 I PackageManager.DexOptimizer: Running dexopt (dex2oat) on: /data/app/vmdl717330598.tmp/base.apk pkg=com.trellis isa=arm64 vmSafeMode=false debuggable=true oatDir = /data/app/vmdl717330598.tmp/oat bootComplete=true
12-11 19:54:21.988 13228 13228 I dex2oat : /system/bin/dex2oat -j2 --debuggable
12-11 19:54:22.702 13228 13228 I dex2oat : dex2oat took 715.167ms (threads: 2) arena alloc=664KB java alloc=648KB native alloc=4MB free=2MB
12-11 19:54:22.975   883   906 V BackupManagerService: restoreAtInstall pkg=com.trellis token=a restoreSet=0
12-11 19:54:22.975   883   906 W BackupManagerService: Requested unavailable transport: com.google.android.gms/.backup.BackupTransportService
12-11 19:54:22.975   883   906 W BackupManagerService: No transport
12-11 19:54:22.975   883   906 V BackupManagerService: Finishing install immediately
12-11 19:54:22.976   883   906 W Settings: Setting install_non_market_apps has moved from android.provider.Settings.Global to android.provider.Settings.Secure, returning read-only value.
12-11 19:54:22.976   883   906 I art     : Starting a blocking GC Explicit
12-11 19:54:23.242   883   906 I art     : Explicit concurrent mark sweep GC freed 277741(15MB) AllocSpace objects, 11(220KB) LOS objects, 27% free, 41MB/57MB, paused 1.983ms total 265.575ms
12-11 19:54:23.244 13191 13191 I art     : System.exit called, status: 0
12-11 19:54:23.244 13191 13191 I AndroidRuntime: VM exiting with result code 0.
12-11 19:54:23.246   883   906 W ActivityManager: Skipping broadcast of Intent { act=android.intent.action.PACKAGE_ADDED dat=package:com.trellis flg=0x4000010 (has extras) }: user 10 is stopped
12-11 19:54:23.252 11596 11596 D BluetoothMapAppObserver: onReceive
12-11 19:54:23.252 11596 11596 D BluetoothMapAppObserver: The installed package is: com.trellis
12-11 19:54:23.254   883  2932 I InputReader: Reconfiguring input devices.  changes=0x00000010
12-11 19:54:23.269 11596 11596 D BluetoothMapAppObserver: Found 0 application(s) with intent android.bluetooth.action.BLUETOOTH_MAP_PROVIDER
12-11 19:54:23.269 11596 11596 D BluetoothMapAppObserver: Found 0 application(s) with intent android.bluetooth.action.BLUETOOTH_MAP_IM_PROVIDER
12-11 19:54:23.289  3495  3495 D CarrierServiceBindHelper: Receive action: android.intent.action.PACKAGE_ADDED
12-11 19:54:23.290  3495  3495 D CarrierServiceBindHelper: mHandler: 3
12-11 19:54:23.290  3495  3495 D CarrierConfigLoader: mHandler: 9 phoneId: 0
12-11 19:54:24.059 13320 13320 D AndroidRuntime: >>>>>> START com.android.internal.os.RuntimeInit uid 2000 <<<<<<
12-11 19:54:24.063 13320 13320 D AndroidRuntime: CheckJNI is OFF
12-11 19:54:24.090 13320 13320 D ICU     : No timezone override file found: /data/misc/zoneinfo/current/icu/icu_tzdata.dat
12-11 19:54:24.116 13320 13320 I Radio-JNI: register_android_hardware_Radio DONE
12-11 19:54:24.132 13320 13320 D AndroidRuntime: Calling main entry com.android.commands.pm.Pm
12-11 19:54:24.165 13320 13320 I art     : System.exit called, status: 0
12-11 19:54:24.166 13320 13320 I AndroidRuntime: VM exiting with result code 0.
12-11 19:54:24.495 10764 13378 D Aatp    : /track-package
12-11 19:54:24.512 10764 13378 D AatpDeviceManager: Tracking package com.trellis with UID 13218
