12-11 19:53:29.825   883  2957 D WifiService: New client listening to asynchronous messages
12-11 19:53:29.831  7220  7220 I HotwordWorkerImpl: onReady
12-11 19:53:29.837  7220  7220 W ThreadPoolDumper: Queue length for executor IcingConnectionExecutor with 1 threads is now 8. Perhaps some tasks are too long, or the pool is too small.
12-11 19:53:29.857   883  7545 I ActivityManager: Start proc 11522:com.google.android.apps.walletnfcrel/u0a74 for broadcast com.google.android.apps.walletnfcrel/com.google.commerce.tapandpay.android.account.ClearActiveAccountReceiver
12-11 19:53:29.861 10959 11280 I Icing   : IndexChimeraService.getServiceInterface callingPackage=com.google.android.googlequicksearchbox componentName=null serviceId=32
12-11 19:53:29.864 10959 11199 I Icing   : IndexChimeraService.getServiceInterface callingPackage=com.google.android.googlequicksearchbox componentName=null serviceId=33
12-11 19:53:29.881   883 11510 D DhcpClient: Received packet: 64:bc:0c:84:94:8b OFFER, ip /192.168.1.10, mask /255.255.255.0, DNS servers: /10.0.100.40 , gateway /192.168.1.1 lease time 864000, domain local
12-11 19:53:29.882   883 11509 D DhcpClient: Got pending lease: IP address 192.168.1.10/24 Gateway 192.168.1.1  DNS servers: [ 10.0.100.40 ] Domainslocal DHCP server /192.168.1.1 Vendor info null lease 864000 seconds
12-11 19:53:29.885   883 11509 D DhcpClient: Broadcasting DHCPREQUEST ciaddr=0.0.0.0 request=192.168.1.10 to=192.168.1.1
12-11 19:53:29.888 10959 11186 I Icing   : updateResources: need to parse unr{com.google.android.googlequicksearchbox}
12-11 19:53:29.896   883 11510 D DhcpClient: Received packet: 64:bc:0c:84:94:8b ACK: your new IP /192.168.1.10, netmask /255.255.255.0, gateway /192.168.1.1 DNS servers: /10.0.100.40 , lease time 864000
12-11 19:53:29.896   883 11509 D DhcpClient: Confirmed lease: IP address 192.168.1.10/24 Gateway 192.168.1.1  DNS servers: [ 10.0.100.40 ] Domainslocal DHCP server /192.168.1.1 Vendor info null lease 864000 seconds
12-11 19:53:29.897   484   877 D CommandListener: Setting iface cfg
12-11 19:53:29.899   883 11509 D DhcpClient: Configured IP address 192.168.1.10/24
12-11 19:53:29.900   883 11509 D DhcpClient: Scheduling renewal in 431999s
12-11 19:53:29.902   883  2956 D IpReachabilityMonitor: watch: iface{wlan0/22}, v{2}, ntable=[]
12-11 19:53:29.904   883  2956 D IpReachabilityMonitor: watch: iface{wlan0/22}, v{3}, ntable=[192.168.1.1/NUD_NONE]
12-11 19:53:29.905   883  2956 D WifiConfigStore: No blacklist allowed without epno enabled
12-11 19:53:29.906   883  2958 D ConnectivityService: NetworkAgentInfo [WIFI () - 100] EVENT_NETWORK_INFO_CHANGED, going from CONNECTING to CONNECTED
12-11 19:53:29.908   883  2958 D ConnectivityService: Adding iface wlan0 to network 100
12-11 19:53:29.910   883  2956 E WifiStateMachine: Did not find remoteAddress {192.168.1.1} in /proc/net/arp
12-11 19:53:29.913 10925 10925 I GeofencerStateMachine: sendWifiConnectivityChanged: connectivity=true
12-11 19:53:29.928 11522 11522 W System  : ClassLoader referenced unknown path: /system/app/Wallet/lib/arm64
12-11 19:53:29.948   883  2958 E ConnectivityService: Unexpected mtu value: 0, wlan0
12-11 19:53:29.949   883  2958 D ConnectivityService: Adding Route [fe80::/64 -> :: wlan0] to network 100
12-11 19:53:29.952   883  2958 D ConnectivityService: Adding Route [192.168.1.0/24 -> 0.0.0.0 wlan0] to network 100
12-11 19:53:29.953   883  2958 D ConnectivityService: Adding Route [0.0.0.0/0 -> 192.168.1.1 wlan0] to network 100
12-11 19:53:29.956   883  2958 D ConnectivityService: Setting Dns servers for network 100 to [/10.0.100.40]
12-11 19:53:29.964   883  2958 D ConnectivityService: notifyType IP_CHANGED for NetworkAgentInfo [WIFI () - 100]
12-11 19:53:29.968   883  2958 D ConnectivityService: scheduleUnvalidatedPrompt 100
12-11 19:53:29.969   883  2958 D ConnectivityService: updateSignalStrengthThresholds: CONNECT, sending [] to NetworkAgentInfo [WIFI () - 100]
12-11 19:53:29.969   883  2958 D ConnectivityService: rematch for NetworkAgentInfo [WIFI () - 100]
12-11 19:53:29.969   883  2958 D ConnectivityService:    accepting network in place of null
12-11 19:53:29.969   883  2956 D WifiNetworkAgent: NetworkAgent: Received signal strength thresholds: []
12-11 19:53:29.970   883  2956 D WifiNative-HAL: stopRssiMonitoring, cmdId 0
12-11 19:53:29.970   883  2958 D ConnectivityService: Switching to new default network: NetworkAgentInfo{ ni{[type: WIFI[], state: CONNECTED/CONNECTED, reason: (unspecified), extra: "9902869299", roaming: false, failover: false, isAvailable: true]}  network{100}  lp{{InterfaceName: wlan0 LinkAddresses: [fe80::66bc:cff:fe84:948b/64,192.168.1.10/24,]  Routes: [fe80::/64 -> :: wlan0,192.168.1.0/24 -> 0.0.0.0 wlan0,0.0.0.0/0 -> 192.168.1.1 wlan0,] DnsAddresses: [10.0.100.40,] Domains: local MTU: 0 TcpBufferSizes: 524288,6291456,8291456,524288,6291456,8291456}}  nc{[ Transports: WIFI Capabilities: INTERNET&NOT_RESTRICTED&TRUSTED&NOT_VPN LinkUpBandwidth>=1048576Kbps LinkDnBandwidth>=1048576Kbps SignalStrength: -50]}  Score{20}  everValidated{false}  lastValidated{false}  created{true} lingering{false} explicitlySelected{false} acceptUnvalidated{false} everCaptivePortalDetected{false} lastCaptivePortalDetected{false} }
12-11 19:53:30.000   484   877 V IdletimerController: runCmd(/system/bin/ip6tables -w -t raw -A idletimer_raw_PREROUTING -i wlan0 -j IDLETIMER --timeout 15 --label 1 --send_nl_msg 1) res_ipv4=0, res_ipv6=0
12-11 19:53:30.038   484   877 V IdletimerController: runCmd(/system/bin/ip6tables -w -t mangle -A idletimer_mangle_POSTROUTING -o wlan0 -j IDLETIMER --timeout 15 --label 1 --send_nl_msg 1) res_ipv4=0, res_ipv6=0
12-11 19:53:30.041   883  2958 D ConnectivityService: Setting tx/rx TCP buffers to 524288,6291456,8291456,524288,6291456,8291456
12-11 19:53:30.049   883  2958 D CSLegacyTypeTracker: Sending CONNECTED broadcast for type 1 NetworkAgentInfo [WIFI () - 100] isDefaultNetwork=true
12-11 19:53:30.049  3429  3622 W QCNEJ   : |CORE| network available: 100
12-11 19:53:30.051  3429  3622 W QCNEJ   : |CORE| onAvailable: bind the process to WIFI
12-11 19:53:30.053   883  2958 D ConnectivityService: sendStickyBroadcast: action=android.net.conn.CONNECTIVITY_CHANGE
12-11 19:53:30.054   883  2958 D ConnectivityService: notifyType PRECHECK for NetworkAgentInfo [WIFI () - 100]
12-11 19:53:30.057  7220  7220 W ErrorReporter: reportError [type: 29, code: 917507]: null
12-11 19:53:30.057   883   900 D Tethering: MasterInitialState.processMessage what=3
12-11 19:53:30.059 10959 10959 I CmaSystemUpdateService: connectivity change: Intent { act=android.net.conn.CONNECTIVITY_CHANGE flg=0x4000010 (has extras) }
12-11 19:53:30.059 10959 10959 I CmaSystemUpdateService: receiver: Intent { act=android.net.conn.CONNECTIVITY_CHANGE flg=0x4000010 (has extras) }
12-11 19:53:30.059 10764 11493 D WifiManager: Wifi alternate reality enabled on network 100
12-11 19:53:30.059  7220  7220 D NetworkChangeNotifierAutoDetect: Network connectivity changed, type is: 2
12-11 19:53:30.060  3429  3622 W QCNEJ   : |CORE| newLp: {InterfaceName: wlan0 LinkAddresses: [fe80::66bc:cff:fe84:948b/64,192.168.1.10/24,]  Routes: [fe80::/64 -> :: wlan0,192.168.1.0/24 -> 0.0.0.0 wlan0,0.0.0.0/0 -> 192.168.1.1 wlan0,] DnsAddresses: [10.0.100.40,] Domains: local MTU: 0 TcpBufferSizes: 524288,6291456,8291456,524288,6291456,8291456}
12-11 19:53:30.061  3429  3622 W QCNEJ   : |CORE| curLp: {InterfaceName: wlan0 LinkAddresses: [fe80::66bc:cff:fe84:948b/64,192.168.1.10/24,]  Routes: [fe80::/64 -> :: wlan0,192.168.1.0/24 -> 0.0.0.0 wlan0,0.0.0.0/0 -> 192.168.1.1 wlan0,] DnsAddresses: [10.0.100.40,] Domains: local MTU: 0}
12-11 19:53:30.088 11522 11522 W linker  : /data/app/com.google.android.gms-1/lib/arm64/libconscrypt_gmscore_jni.so: unused DT entry: type 0xf arg 0x8a
12-11 19:53:30.100   883 11508 D NetlinkSocketObserver: NeighborEvent{elapsedMs=1517430, 192.168.1.1, [74DA3889FDB8], RTM_NEWNEIGH, NUD_REACHABLE}
12-11 19:53:30.106 11522 11522 V NativeCrypto: Registering com/google/android/gms/org/conscrypt/NativeCrypto's 276 native methods...
12-11 19:53:30.134   883 11507 D NetworkMonitor/NetworkAgentInfo [WIFI () - 100]: Checking http://connectivitycheck.gstatic.com/generate_204 on "9902869299", connectivitycheck.gstatic.com=216.58.193.67,2607:f8b0:400a:800::2003
12-11 19:53:30.141 11522 11522 I art     : Rejecting re-init on previously-failed class java.lang.Class<com.google.android.gms.org.conscrypt.DelegatingExtendedSSLSession>
12-11 19:53:30.142 11522 11522 I art     : Rejecting re-init on previously-failed class java.lang.Class<com.google.android.gms.org.conscrypt.DelegatingExtendedSSLSession>
12-11 19:53:30.144 11522 11522 I art     : Rejecting re-init on previously-failed class java.lang.Class<com.google.android.gms.org.conscrypt.DelegatingExtendedSSLSession>
12-11 19:53:30.176 11522 11522 I ProviderInstaller: Installed default security provider GmsCore_OpenSSL
12-11 19:53:30.187   883 11507 D NetworkMonitor/NetworkAgentInfo [WIFI () - 100]: isCaptivePortal: ret=204 headers={null=[HTTP/1.1 204 No Content], Connection=[keep-alive], Content-Length=[0], Date=[Tue, 12 Dec 2017 00:53:30 GMT], Via=[1.1 ip-10-0-10-102 (squid/3.3.13)], X-Android-Received-Millis=[1513040010186], X-Android-Response-Source=[NETWORK 204], X-Android-Selected-Protocol=[http/1.1], X-Android-Sent-Millis=[1513040010152], X-Cache=[MISS from ip-10-0-10-102], X-Cache-Lookup=[MISS from ip-10-0-10-102:0]}
12-11 19:53:30.187   883 11543 D GpsLocationProvider: NTP server returned: 1513040010626 (Mon Dec 11 19:53:30 EST 2017) reference: 1517519 certainty: 38 system time offset: 439
12-11 19:53:30.187   883  3410 D AlarmManagerService: Setting time of day to sec=1513040010
12-11 19:53:30.624   883  3410 W AlarmManagerService: Unable to set rtc to 1513040010: Invalid argument
12-11 19:53:30.624   883  2958 D ConnectivityService: setProvNotificationVisibleIntent null visible=false networkType=MOBILE extraInfo=null highPriority=false
12-11 19:53:30.625   883  2958 D ConnectivityService: NetworkAgentInfo [WIFI () - 100] validation  passed
12-11 19:53:30.625   883  2958 D ConnectivityService: notifyType CAP_CHANGED for NetworkAgentInfo [WIFI () - 100]
12-11 19:53:30.627   883  2958 D ConnectivityService: sendStickyBroadcast: action=android.net.conn.INET_CONDITION_ACTION
12-11 19:53:30.655   883  3415 I AccountManagerService: getTypesVisibleToCaller: isPermitted? true
12-11 19:53:30.673 11522 11522 W InstanceID/Rpc: Found 10013
12-11 19:53:30.721 11522 11522 I GunsAppRegManager: GCM Project Id: 144105662513, View Id: tapandpay
12-11 19:53:30.792  7220 11556 W LocationOracleImpl: Best location was null
12-11 19:53:30.796  7220 11556 I WebViewFactory: Loading com.google.android.webview version 44.0.2403.117 (code 246011750)
12-11 19:53:30.809 10959 11186 I Icing   : Usage reports ok 0, Failed Usage reports 0, indexed 0, rejected 0, imm upload true
12-11 19:53:30.819  7220 11556 E linker  : readlink('/proc/self/fd/49') failed: Permission denied [fd=49]
12-11 19:53:30.819  7220 11556 E linker  : warning: unable to get realpath for the library "/system/app/WebViewGoogle/WebViewGoogle.apk!/lib/arm64-v8a/libwebviewchromium.so". Will use given name.
12-11 19:53:30.820 10959 11186 I Icing   : Usage reports ok 0, Failed Usage reports 0, indexed 0, rejected 0, imm upload true
12-11 19:53:30.832 10959 11557 D Wear_Controller: Received broadcast action=android.intent.action.PACKAGE_DATA_CLEARED and uri=com.google.android.gm
12-11 19:53:30.844 10959 11560 I LocationSettingsChecker: Removing dialog suppression flag for package com.google.android.gm
12-11 19:53:30.860 10764 11429 D AWSDeviceFarmAndroidLib: connected: true
12-11 19:53:30.860 10764 11429 D AWSDeviceFarmAndroidLib: WiFiLock: acquire
12-11 19:53:30.861   883   894 D WifiService: acquireWifiLockLocked: WifiLock{AWSDeviceFarmAndroidLib type=3 binder=android.os.BinderProxy@c45e7d0}
12-11 19:53:30.862 10764 10764 D AatpDeviceManager: taskStatus update (a2fd3520a20add75a97822d2c3e117c36b07fc81: {"result":"Wifi enabled: true","state":2})
12-11 19:53:30.884 10959 11186 I Icing   : Indexing 64B376C1EC05893878D7D5CD78FF810CEBDCBC15 from com.google.android.googlequicksearchbox
12-11 19:53:31.007   883  2932 I InputReader: Reconfiguring input devices.  changes=0x00000010
12-11 19:53:31.044  7220 11556 E linker  : readlink('/proc/self/fd/51') failed: Permission denied [fd=51]
12-11 19:53:31.044  7220 11556 E linker  : warning: unable to get realpath for the library "/system/app/WebViewGoogle/oat/arm64/WebViewGoogle.odex". Will use given name.
12-11 19:53:31.057  7220 11556 W System  : ClassLoader referenced unknown path: /system/app/WebViewGoogle/lib/arm64
12-11 19:53:31.122  7220 11556 I LibraryLoader: Time to load native libraries: 39 ms (timestamps 7979-8018)
12-11 19:53:31.122  7220 11556 I LibraryLoader: Expected native library version number "",actual native library version number ""
12-11 19:53:31.132  7220 11556 E linker  : readlink('/proc/self/fd/49') failed: Permission denied [fd=49]
12-11 19:53:31.132  7220 11556 E linker  : warning: unable to get realpath for the library "/system/lib64/libwebviewchromium_plat_support.so". Will use given name.
12-11 19:53:31.139   883  3415 I ActivityManager: Start proc 11572:com.google.android.talk/u0a55 for broadcast com.google.android.talk/com.google.android.apps.hangouts.service.NetworkStateReceiver
12-11 19:53:31.145 10959 11186 I Icing   : Indexing ECF2055AA1F6CE82CAF859019F0EA8451D9076F0 from com.google.android.googlequicksearchbox
12-11 19:53:31.175   883  3090 I AccountManagerService: getTypesVisibleToCaller: isPermitted? true
12-11 19:53:31.185  8300  9131 D Documents: Update found 7 roots in 197ms
12-11 19:53:31.186 10959 11186 I Icing   : Indexing done ECF2055AA1F6CE82CAF859019F0EA8451D9076F0
12-11 19:53:31.187 10959 11186 I Icing   : Indexing 6785934CF9C9C3356E377E0312320133532131B0 from com.google.android.googlequicksearchbox
12-11 19:53:31.205 10764 11583 D Aatp    : /task/a2fd3520a20add75a97822d2c3e117c36b07fc81/status
12-11 19:53:31.220 10925 11204 I acfq    : Scheduling Phenotype for a PhenotypeSyncImmediately(6, com.google.android.gms.auth_api_phone) one off with window [1, 2] in seconds
12-11 19:53:31.225 10959 11186 I Icing   : Indexing done 6785934CF9C9C3356E377E0312320133532131B0
12-11 19:53:31.226 10959 11186 I Icing   : Indexing 57D89C974D4C47228B888E96DFF4FD7A42F90F61 from com.google.android.googlequicksearchbox
12-11 19:53:31.268 10959 11186 I Icing   : Indexing done 57D89C974D4C47228B888E96DFF4FD7A42F90F61
12-11 19:53:31.268  7220 11556 W Search.SearchUrlHelper: Auth token not ready, no auth header set.
12-11 19:53:31.268 10959 11186 I Icing   : Indexing F1FA69DC70F5EE62EB5E24DF603B025EE8AE24C8 from com.google.android.googlequicksearchbox
12-11 19:53:31.279   883  2958 D ConnectivityService: notifyType CAP_CHANGED for NetworkAgentInfo [WIFI () - 100]
12-11 19:53:31.301 10925 11206 W Conscrypt: Could not set socket write timeout:
12-11 19:53:31.302 10925 11206 W Conscrypt:    java.lang.reflect.Method.invoke(Native Method)
12-11 19:53:31.302 10925 11206 W Conscrypt:    com.google.android.gms.org.conscrypt.Platform.setSocketWriteTimeout(:com.google.android.gms@11951440:13)
12-11 19:53:31.312 10764 11585 D Aatp    : /bluetooth
12-11 19:53:31.318 10764 11585 D Aatp    : sha1: 1d9a3f8d0c0f299244280cee8ea41f103aa1ddb3
12-11 19:53:31.319 10764 11585 D AatpDeviceManager: k: enabled v: True
12-11 19:53:31.319 10764 11585 D AatpDeviceManager: k: NanoHttpd.QUERY_STRING v: enabled=True
12-11 19:53:31.323 10959 11186 I Icing   : Indexing done F1FA69DC70F5EE62EB5E24DF603B025EE8AE24C8
12-11 19:53:31.325 10959 11186 I Icing   : Indexing 86930DFBC7D6592A1F3FF7E6571C6AC0BDFE5483 from com.google.android.googlequicksearchbox
12-11 19:53:31.343 10764 11585 D Aatp    : /task/1d9a3f8d0c0f299244280cee8ea41f103aa1ddb3
12-11 19:53:31.353 10764 10764 D AatpDeviceManager: taskStatus update (1d9a3f8d0c0f299244280cee8ea41f103aa1ddb3: {"state":1})
12-11 19:53:31.354 10764 11590 D AWSDeviceFarmAndroidLib: setEnabled: enabled: true
12-11 19:53:31.356   883   883 V NotificationService: pkg=com.amazon.aatp.aatpdevicemanager canInterrupt=false intercept=true
12-11 19:53:31.356   883   900 D BluetoothManagerService: Added callback: android.bluetooth.IBluetoothManagerCallback$Stub$Proxy@7527bbb:true
12-11 19:53:31.356 10764 11590 D AWSDeviceFarmAndroidLib: setEnabled: setting bluetooth to: true
12-11 19:53:31.361 10959 11186 I Icing   : Indexing done 86930DFBC7D6592A1F3FF7E6571C6AC0BDFE5483
12-11 19:53:31.363 10959 11186 I Icing   : doRemovePackageData com.google.android.gm
12-11 19:53:31.372   883   900 I ActivityManager: Start proc 11596:com.android.bluetooth/1002 for service com.android.bluetooth/.btservice.AdapterService
12-11 19:53:31.385 10959 11186 I Icing   : updateResources: need to parse unr{com.google.android.gm}
12-11 19:53:31.459 10764 11609 D Aatp    : /task/1d9a3f8d0c0f299244280cee8ea41f103aa1ddb3/status
12-11 19:53:31.459 10959 11186 I Icing   : Indexing done 64B376C1EC05893878D7D5CD78FF810CEBDCBC15
12-11 19:53:31.505   883  7544 I AccountManagerService: getTypesVisibleToCaller: isPermitted? true
12-11 19:53:31.577 10925 11206 W Conscrypt: Could not set socket write timeout:
12-11 19:53:31.577 10925 11206 W Conscrypt:    java.lang.reflect.Method.invoke(Native Method)
12-11 19:53:31.577 10925 11206 W Conscrypt:    com.google.android.gms.org.conscrypt.Platform.setSocketWriteTimeout(:com.google.android.gms@11951440:13)
12-11 19:53:31.640  7220  7229 I art     : Background sticky concurrent mark sweep GC freed 181219(8MB) AllocSpace objects, 3(64KB) LOS objects, 32% free, 18MB/27MB, paused 8.384ms total 41.474ms
12-11 19:53:31.952   883  8490 I AccountManagerService: getTypesVisibleToCaller: isPermitted? true
12-11 19:53:31.958 11572 11572 W System  : ClassLoader referenced unknown path: /system/app/Hangouts/lib/arm
12-11 19:53:32.035 11596 11596 D AdapterServiceConfig: Adding HeadsetService
12-11 19:53:32.036 11596 11596 D AdapterServiceConfig: Adding A2dpService
12-11 19:53:32.036 11596 11596 D AdapterServiceConfig: Adding HidService
12-11 19:53:32.036 11596 11596 D AdapterServiceConfig: Adding HealthService
12-11 19:53:32.036 11596 11596 D AdapterServiceConfig: Adding PanService
12-11 19:53:32.036 11596 11596 D AdapterServiceConfig: Adding GattService
12-11 19:53:32.037 11596 11596 D AdapterServiceConfig: Adding BluetoothMapService
12-11 19:53:32.037 11596 11596 D AdapterServiceConfig: Adding SapService
12-11 19:53:32.077 11334 11348 I DynamiteModule: Considering local module com.google.android.gms.googlecertificates:4 and remote module com.google.android.gms.googlecertificates:4
12-11 19:53:32.077 11334 11348 I DynamiteModule: Selected local version of com.google.android.gms.googlecertificates
12-11 19:53:32.077   883   900 D BluetoothManagerService: Added callback: android.bluetooth.IBluetoothManagerCallback$Stub$Proxy@863c452:true
12-11 19:53:32.077 11596 11596 D BluetoothAdapterState: make() - Creating AdapterState
12-11 19:53:32.096 11596 11596 I bt_bluedroid: init
12-11 19:53:32.097 11596 11620 I BluetoothAdapterState: Entering OffState
12-11 19:53:32.114 11596 11621 I bt_bte_conf: bte_load_ble_conf attempt to load ble stack conf from /etc/bluetooth/ble_stack.conf
12-11 19:53:32.124 11596 11621 E bt_osi_config: config_new unable to open file '/etc/bluetooth/ble_stack.conf': No such file or directory
12-11 19:53:32.124 11596 11621 I bt_bte_conf: bte_load_ble_conf file >/etc/bluetooth/ble_stack.conf< not found
12-11 19:53:32.124 11596 11621 I bt_stack_config: init attempt to load stack conf from /etc/bluetooth/bt_stack.conf
12-11 19:53:32.131 11596 11596 I bt_bluedroid: get_profile_interface socket
12-11 19:53:32.136 11596 11625 D BluetoothAdapterProperties: Address is:78:F8:82:47:D4:0A
12-11 19:53:32.138 11596 11625 D BluetoothAdapterProperties: Name is: Nexus 5X
12-11 19:53:32.142 11596 11596 I bt_bluedroid: get_profile_interface sdp
12-11 19:53:32.151 11622 11622 I dex2oat : /system/bin/dex2oat -j2 --dex-file=/data/user/0/com.google.android.gms/app_dg_cache/CA9FE96AF7756C26E52026D096CD098820047FF3/the.apk --oat-file=/data/user/0/com.google.android.gms/app_dg_cache/CA9FE96AF7756C26E52026D096CD098820047FF3/opt/the.dex
12-11 19:53:32.152 11596 11607 I bt_bluedroid: config_hci_snoop_log
12-11 19:53:32.159   883   900 D BluetoothManagerService: Broadcasting onBluetoothServiceUp() to 7 receivers.
12-11 19:53:32.164 11596 11620 D BluetoothAdapterState: Current state: OFF, message: 0
12-11 19:53:32.164 11596 11620 D BluetoothAdapterProperties: Setting state to 14
12-11 19:53:32.165 11596 11620 I BluetoothAdapterState: Bluetooth adapter state changed: 10-> 14
12-11 19:53:32.166 11596 11620 D BluetoothBondStateMachine: make
12-11 19:53:32.169 11596 11628 I BluetoothBondStateMachine: StableState(): Entering Off State
12-11 19:53:32.172 11596 11620 I BluetoothAdapterState: Entering PendingCommandState
12-11 19:53:32.172 11596 11596 I BtGatt.JNI: classInitNative(L912): classInitNative: Success!
12-11 19:53:32.174 11596 11596 D BluetoothAdapterService: getAdapterService() - returning com.android.bluetooth.btservice.AdapterService@bb39fa7
12-11 19:53:32.174 11596 11596 D BtGatt.DebugUtils: handleDebugAction() action=null
12-11 19:53:32.175 11596 11596 D BtGatt.GattService: Received start request. Starting profile...
12-11 19:53:32.175 11596 11596 D BtGatt.GattService: start()
12-11 19:53:32.175 11596 11596 I bt_bluedroid: get_profile_interface gatt
12-11 19:53:32.175 11596 11596 D BluetoothAdapterService: getAdapterService() - returning com.android.bluetooth.btservice.AdapterService@bb39fa7
12-11 19:53:32.176 11596 11596 D BtGatt.AdvertiseManager: advertise manager created
12-11 19:53:32.183 11596 11596 V BluetoothAdapterState: isTurningOff()=false
12-11 19:53:32.184 11596 11596 V BluetoothAdapterState: isTurningOn()=false
12-11 19:53:32.184 11596 11596 V BluetoothAdapterState: isBleTurningOn()=true
12-11 19:53:32.184 11596 11596 V BluetoothAdapterState: isBleTurningOff()=false
12-11 19:53:32.184 11596 11620 D BluetoothAdapterState: Current state: PENDING_COMMAND, message: 4
12-11 19:53:32.184 11596 11620 I bt_bluedroid: enable
12-11 19:53:32.184 11596 11621 D bt_stack_manager: event_start_up_stack is bringing up the stack.
12-11 19:53:32.185 11596 11621 I bt_hci  : start_up
12-11 19:53:32.187 11622 11622 I dex2oat : dex2oat took 36.283ms (threads: 2) arena alloc=12KB java alloc=26KB native alloc=998KB free=793KB
12-11 19:53:32.189 11596 11621 E linker  : readlink('/proc/self/fd/50') failed: Permission denied [fd=50]
12-11 19:53:32.189 11596 11621 E linker  : warning: unable to get realpath for the library "libbt-vendor.so". Will use given name.
12-11 19:53:32.193 11596 11621 I bt_vendor: alloc value 0xe11b8e95
12-11 19:53:32.193 11596 11621 I bt_vendor: bt-vendor : init
12-11 19:53:32.193 11596 11621 I bt_vendor: bt-vendor : get_bt_soc_type
12-11 19:53:32.194 11596 11621 I bt_vendor: qcom.bluetooth.soc set to rome
12-11 19:53:32.194 11596 11621 I bt_vendor: bt-vendor : Initializing UART transport layer
12-11 19:53:32.194 11596 11621 I bt_vendor: init: Local BD Address : 0a:d4:47:82:f8:78
12-11 19:53:32.194 11596 11621 I bt_vendor: bt-vendor : BT_VND_OP_POWER_CTRL: Off
12-11 19:53:32.194 11596 11621 I bt_vendor: bt_powerup: 0
12-11 19:53:32.194 11596 11621 E bt_vendor: bt_powerup:can't perform action as it is being used by other clients
12-11 19:53:32.194 11596 11621 I bt_vendor: bt-vendor : BT_VND_OP_POWER_CTRL: On
12-11 19:53:32.194 11596 11621 I bt_vendor: bt_powerup: 1
12-11 19:53:32.196 11596 11621 E bt_vendor: Write 1 to rfkill
12-11 19:53:32.313 11596 11621 D bt_hci  : start_up starting async portion
12-11 19:53:32.314 11596 11631 I bt_hci  : event_finish_startup
12-11 19:53:32.314 11596 11631 I bt_hci_h4: hal_open
12-11 19:53:32.314 11596 11631 I bt_vendor: bt-vendor : BT_VND_OP_USERIAL_OPEN
12-11 19:53:32.314 11596 11631 I bt_vendor: bt-vendor : is_soc_initialized
12-11 19:53:32.314 11596 11631 E bt_vendor: is_soc_initialized: Failed to get wc_transport.soc_initialized
12-11 19:53:32.314 11596 11631 I bt_vendor: userial vendor open: opening /dev/ttyHS0
12-11 19:53:32.317 11596 11631 I bt_vendor: device fd = 51 open
12-11 19:53:32.317 11596 11631 D bt_vendor: userial clock on
12-11 19:53:32.317 11596 11631 I bt_vendor:  rome_soc_init 
12-11 19:53:32.317 11596 11631 D bt_vendor: frame_hci_cmd_pkt: Sending EDL_PATCH_VER_REQ_CMD
12-11 19:53:32.317 11596 11631 D bt_vendor: HCI-CMD -1:	0x1 	0x0 	0xfc 	0x1 	0x19
12-11 19:53:32.317 11596 11631 I bt_vendor: read_vs_hci_event: Wait for HCI-Vendor Specfic Event from SOC
12-11 19:53:32.303 11638 11638 W irq/448-msm_hs_: type=1400 audit(0.0:127): avc: granted { setsched } for scontext=u:r:kernel:s0 tcontext=u:r:kernel:s0 tclass=process
12-11 19:53:32.303 11348 11348 W Binder_2: type=1400 audit(0.0:128): avc: denied { read } for name="/" dev="tmpfs" ino=10864 scontext=u:r:untrusted_app:s0:c512,c768 tcontext=u:object_r:device:s0 tclass=dir permissive=0
12-11 19:53:32.313 11348 11348 W Binder_2: type=1400 audit(0.0:129): avc: denied { search } for name="501" dev="proc" ino=57941 scontext=u:r:untrusted_app:s0:c512,c768 tcontext=u:r:zygote:s0 tclass=dir permissive=0
12-11 19:53:32.334 11596 11631 I bt_vendor: get_vs_hci_event: Received HCI-Vendor Specific event
12-11 19:53:32.334 11596 11631 I bt_vendor: get_vs_hci_event: Parameter Length: 0xe
12-11 19:53:32.334 11596 11631 I bt_vendor: get_vs_hci_event: Command response: 0x0
12-11 19:53:32.334 11596 11631 I bt_vendor: get_vs_hci_event: Response type   : 0x2
12-11 19:53:32.334 11596 11631 I bt_vendor: get_vs_hci_event: Command Request Response
12-11 19:53:32.334 11596 11631 I bt_vendor: 	 Current Product ID		: 0x00000008
12-11 19:53:32.335 11596 11631 I bt_vendor: 	 Current Patch Version		: 0x0111
12-11 19:53:32.335 11596 11631 I bt_vendor: 	 Current ROM Build Version	: 0x0302
12-11 19:53:32.335 11596 11631 I bt_vendor: 	 Current SOC Version		: 0x00000044
12-11 19:53:32.335 11596 11631 I bt_vendor: hci_send_vs_cmd: Received HCI-Vendor Specific Event from SOC
12-11 19:53:32.335 11596 11631 I bt_vendor: read_hci_event: Wait for Command Compete Event from SOC
12-11 19:53:32.335 11596 11631 I bt_vendor: rome_soc_init: Rome Version (0x03020044)
12-11 19:53:32.335 11596 11631 I bt_vendor: ## userial_vendor_ioctl: UART Flow Off 
12-11 19:53:32.335 11596 11631 I bt_vendor: ## userial_vendor_set_baud: 14
12-11 19:53:32.342 11334 11348 I Adreno  : QUALCOMM build                   : fcf4852, I1af360237c
12-11 19:53:32.342 11334 11348 I Adreno  : Build Date                       : 09/23/15
12-11 19:53:32.342 11334 11348 I Adreno  : OpenGL ES Shader Compiler Version: XE031.05.13.02
12-11 19:53:32.342 11334 11348 I Adreno  : Local Branch                     : mybranch14465806
12-11 19:53:32.342 11334 11348 I Adreno  : Remote Branch                    : quic/LA.BF64.1.2.9_v2
12-11 19:53:32.342 11334 11348 I Adreno  : Remote Branch                    : NONE
12-11 19:53:32.342 11334 11348 I Adreno  : Reconstruct Branch               : NOTHING
12-11 19:53:32.342 11334 11348 E linker  : readlink('/proc/self/fd/35') failed: Permission denied [fd=35]
12-11 19:53:32.343 11334 11348 E linker  : warning: unable to get realpath for the library "/vendor/lib64/egl/eglSubDriverAndroid.so". Will use given name.
12-11 19:53:32.343 11334 11348 E linker  : readlink('/proc/self/fd/35') failed: Permission denied [fd=35]
12-11 19:53:32.343 11334 11348 E linker  : warning: unable to get realpath for the library "libEGL_adreno.so". Will use given name.
12-11 19:53:32.344 11572 11639 I Babel_SMS: MmsConfig: mnc/mcc: 0/0
12-11 19:53:32.344 11572 11639 I Babel_SMS: MmsConfig.loadMmsSettings
12-11 19:53:32.345 11572 11639 I Babel_SMS: MmsConfig.loadDeviceMmsSettings from API: mUserAgent=Nexus5X, mUaProfUrl=http://gsm.lge.com/html/gsm/ZTtB_KsOlQIGkFIA/Nexus5X-M3.xml
12-11 19:53:32.346 11572 11639 I Babel_SMS: MmsConfig.loadFromDatabase
12-11 19:53:32.353 11596 11631 I bt_vendor: ## userial_vendor_ioctl: UART Flow On 
12-11 19:53:32.353 11596 11631 I bt_vendor: read_vs_hci_event: Wait for HCI-Vendor Specfic Event from SOC
12-11 19:53:32.354 11596 11631 I bt_vendor: get_vs_hci_event: Received HCI-Vendor Specific event
12-11 19:53:32.354 11596 11631 I bt_vendor: get_vs_hci_event: Parameter Length: 0x2
12-11 19:53:32.354 11596 11631 I bt_vendor: get_vs_hci_event: Command response: 0x92
12-11 19:53:32.354 11596 11631 I bt_vendor: get_vs_hci_event: Response type   : 0x1
12-11 19:53:32.354 11596 11631 I bt_vendor: rome_set_baudrate_req: Received HCI-Vendor Specific Event from SOC
12-11 19:53:32.354 11596 11631 I bt_vendor: read_hci_event: Wait for Command Compete Event from SOC
12-11 19:53:32.354 11596 11631 I bt_vendor: rome_soc_init: Baud rate changed successfully 
12-11 19:53:32.354 11596 11631 I bt_vendor: File Open (/vendor/firmware/btfw32.tlv)
12-11 19:53:32.357 11596 11631 I bt_vendor: ====================================================
12-11 19:53:32.357 11596 11631 I bt_vendor: TLV Type			 : 0x1
12-11 19:53:32.357 11596 11631 I bt_vendor: Length			 : 61596 bytes
12-11 19:53:32.357 11596 11631 I bt_vendor: Total Length			 : 61340 bytes
12-11 19:53:32.357 11596 11631 I bt_vendor: Patch Data Length			 : 61316 bytes
12-11 19:53:32.357 11596 11631 I bt_vendor: Signing Format Version	 : 0x1
12-11 19:53:32.357 11596 11631 I bt_vendor: Signature Algorithm		 : 0x2
12-11 19:53:32.357 11596 11631 I bt_vendor: Event Handling			 : 0x3
12-11 19:53:32.357 11596 11631 I bt_vendor: Reserved			 : 0x0
12-11 19:53:32.357 11596 11631 I bt_vendor: Product ID			 : 0x0008
12-11 19:53:32.357 11596 11631 I bt_vendor: Rom Build Version		 : 0x0302
12-11 19:53:32.357 11596 11631 I bt_vendor: Patch Version		 : 0x0164
12-11 19:53:32.357 11596 11631 I bt_vendor: Reserved			 : 0x8000
12-11 19:53:32.357 11596 11631 I bt_vendor: Patch Entry Address		 : 0x19b08
12-11 19:53:32.358 11596 11631 I bt_vendor: ====================================================
12-11 19:53:32.358 11596 11631 I bt_vendor: rome_tlv_dnld_req: TLV size: 61600, Total Seg num: 253, remain size: 121
12-11 19:53:32.358 11596 11631 I bt_vendor: Event handling type: ROME_SKIP_EVT_VSE_CC
12-11 19:53:32.358 11596 11631 I bt_vendor: rome_tlv_dnld_segment: Downloading TLV Patch segment no.0, size:243
12-11 19:53:32.358 11596 11631 D bt_vendor: frame_hci_cmd_pkt: Sending EDL_PATCH_TLV_REQ_CMD
12-11 19:53:32.358 11596 11631 D bt_vendor: HCI-CMD 0:	0x1 	0x0 	0xfc 	0xf5 	0x1e 	0xf3
12-11 19:53:32.358 11596 11631 I bt_vendor: rome_tlv_dnld_segment: Successfully downloaded patch segment: 0
12-11 19:53:32.358 11596 11631 I bt_vendor: rome_tlv_dnld_segment: Downloading TLV Patch segment no.1, size:243
12-11 19:53:32.358 11596 11631 D bt_vendor: frame_hci_cmd_pkt: Sending EDL_PATCH_TLV_REQ_CMD
12-11 19:53:32.358 11596 11631 D bt_vendor: HCI-CMD 1:	0x1 	0x0 	0xfc 	0xf5 	0x1e 	0xf3
12-11 19:53:32.358 11596 11631 I bt_vendor: rome_tlv_dnld_segment: Successfully downloaded patch segment: 1
12-11 19:53:32.358 11596 11631 I bt_vendor: rome_tlv_dnld_segment: Downloading TLV Patch segment no.2, size:243
12-11 19:53:32.358 11596 11631 D bt_vendor: frame_hci_cmd_pkt: Sending EDL_PATCH_TLV_REQ_CMD
12-11 19:53:32.358 11596 11631 D bt_vendor: HCI-CMD 2:	0x1 	0x0 	0xfc 	0xf5 	0x1e 	0xf3
12-11 19:53:32.358 11596 11631 I bt_vendor: rome_tlv_dnld_segment: Successfully downloaded patch segment: 2
12-11 19:53:32.358 11596 11631 I bt_vendor: rome_tlv_dnld_segment: Downloading TLV Patch segment no.3, size:243
12-11 19:53:32.358 11596 11631 D bt_vendor: frame_hci_cmd_pkt: Sending EDL_PATCH_TLV_REQ_CMD
12-11 19:53:32.358 11596 11631 D bt_vendor: HCI-CMD 3:	0x1 	0x0 	0xfc 	0xf5 	0x1e 	0xf3
12-11 19:53:32.358 11596 11631 I bt_vendor: rome_tlv_dnld_segment: Successfully downloaded patch segment: 3
12-11 19:53:32.358 11596 11631 I bt_vendor: rome_tlv_dnld_segment: Downloading TLV Patch segment no.4, size:243
12-11 19:53:32.358 11596 11631 D bt_vendor: frame_hci_cmd_pkt: Sending EDL_PATCH_TLV_REQ_CMD
12-11 19:53:32.358 11596 11631 D bt_vendor: HCI-CMD 4:	0x1 	0x0 	0xfc 	0xf5 	0x1e 	0xf3
12-11 19:53:32.358 11596 11631 I bt_vendor: rome_tlv_dnld_segment: Successfully downloaded patch segment: 4
12-11 19:53:32.358 11596 11631 I bt_vendor: rome_tlv_dnld_segment: Downloading TLV Patch segment no.5, size:243
12-11 19:53:32.358 11596 11631 D bt_vendor: frame_hci_cmd_pkt: Sending EDL_PATCH_TLV_REQ_CMD
12-11 19:53:32.359 11596 11631 D bt_vendor: HCI-CMD 5:	0x1 	0x0 	0xfc 	0xf5 	0x1e 	0xf3
12-11 19:53:32.359 11596 11631 I bt_vendor: rome_tlv_dnld_segment: Successfully downloaded patch segment: 5
12-11 19:53:32.359 11596 11631 I bt_vendor: rome_tlv_dnld_segment: Downloading TLV Patch segment no.6, size:243
12-11 19:53:32.359 11596 11631 D bt_vendor: frame_hci_cmd_pkt: Sending EDL_PATCH_TLV_REQ_CMD
12-11 19:53:32.359 11596 11631 D bt_vendor: HCI-CMD 6:	0x1 	0x0 	0xfc 	0xf5 	0x1e 	0xf3
12-11 19:53:32.359 11596 11631 I bt_vendor: rome_tlv_dnld_segment: Successfully downloaded patch segment: 6
12-11 19:53:32.359 11596 11631 I bt_vendor: rome_tlv_dnld_segment: Downloading TLV Patch segment no.7, size:243
12-11 19:53:32.359 11596 11631 D bt_vendor: frame_hci_cmd_pkt: Sending EDL_PATCH_TLV_REQ_CMD
12-11 19:53:32.359 11596 11631 D bt_vendor: HCI-CMD 7:	0x1 	0x0 	0xfc 	0xf5 	0x1e 	0xf3
12-11 19:53:32.359 11596 11631 I bt_vendor: rome_tlv_dnld_segment: Successfully downloaded patch segment: 7
12-11 19:53:32.359 11596 11631 I bt_vendor: rome_tlv_dnld_segment: Downloading TLV Patch segment no.8, size:243
12-11 19:53:32.359 11596 11631 D bt_vendor: frame_hci_cmd_pkt: Sending EDL_PATCH_TLV_REQ_CMD
12-11 19:53:32.359 11596 11631 D bt_vendor: HCI-CMD 8:	0x1 	0x0 	0xfc 	0xf5 	0x1e 	0xf3
12-11 19:53:32.359 11596 11631 I bt_vendor: rome_tlv_dnld_segment: Successfully downloaded patch segment: 8
12-11 19:53:32.359 11596 11631 I bt_vendor: rome_tlv_dnld_segment: Downloading TLV Patch segment no.9, size:243
12-11 19:53:32.359 11596 11631 D bt_vendor: frame_hci_cmd_pkt: Sending EDL_PATCH_TLV_REQ_CMD
12-11 19:53:32.359 11596 11631 D bt_vendor: HCI-CMD 9:	0x1 	0x0 	0xfc 	0xf5 	0x1e 	0xf3
12-11 19:53:32.359 11596 11631 I bt_vendor: rome_tlv_dnld_segment: Successfully downloaded patch segment: 9
12-11 19:53:32.359 11596 11631 I bt_vendor: rome_tlv_dnld_segment: Downloading TLV Patch segment no.10, size:243
12-11 19:53:32.359 11596 11631 D bt_vendor: frame_hci_cmd_pkt: Sending EDL_PATCH_TLV_REQ_CMD
12-11 19:53:32.359 11596 11631 D bt_vendor: HCI-CMD 10:	0x1 	0x0 	0xfc 	0xf5 	0x1e 	0xf3
12-11 19:53:32.359 11596 11631 I bt_vendor: rome_tlv_dnld_segment: Successfully downloaded patch segment: 10
12-11 19:53:32.359 11596 11631 I bt_vendor: rome_tlv_dnld_segment: Downloading TLV Patch segment no.11, size:243
12-11 19:53:32.359 11596 11631 D bt_vendor: frame_hci_cmd_pkt: Sending EDL_PATCH_TLV_REQ_CMD
12-11 19:53:32.359 11596 11631 D bt_vendor: HCI-CMD 11:	0x1 	0x0 	0xfc 	0xf5 	0x1e 	0xf3
12-11 19:53:32.359 11596 11631 I bt_vendor: rome_tlv_dnld_segment: Successfully downloaded patch segment: 11
12-11 19:53:32.360 11596 11631 I bt_vendor: rome_tlv_dnld_segment: Downloading TLV Patch segment no.12, size:243
12-11 19:53:32.360 11596 11631 D bt_vendor: frame_hci_cmd_pkt: Sending EDL_PATCH_TLV_REQ_CMD
12-11 19:53:32.360 11596 11631 D bt_vendor: HCI-CMD 12:	0x1 	0x0 	0xfc 	0xf5 	0x1e 	0xf3
12-11 19:53:32.360 11596 11631 I bt_vendor: rome_tlv_dnld_segment: Successfully downloaded patch segment: 12
12-11 19:53:32.360 11596 11631 I bt_vendor: rome_tlv_dnld_segment: Downloading TLV Patch segment no.13, size:243
12-11 19:53:32.360 11596 11631 D bt_vendor: frame_hci_cmd_pkt: Sending EDL_PATCH_TLV_REQ_CMD
12-11 19:53:32.360 11596 11631 D bt_vendor: HCI-CMD 13:	0x1 	0x0 	0xfc 	0xf5 	0x1e 	0xf3
12-11 19:53:32.360 11596 11631 I bt_vendor: rome_tlv_dnld_segment: Successfully downloaded patch segment: 13
12-11 19:53:32.360 11596 11631 I bt_vendor: rome_tlv_dnld_segment: Downloading TLV Patch segment no.14, size:243
12-11 19:53:32.360 11596 11631 D bt_vendor: frame_hci_cmd_pkt: Sending EDL_PATCH_TLV_REQ_CMD
12-11 19:53:32.360 11596 11631 D bt_vendor: HCI-CMD 14:	0x1 	0x0 	0xfc 	0xf5 	0x1e 	0xf3
12-11 19:53:32.360 11596 11631 I bt_vendor: rome_tlv_dnld_segment: Successfully downloaded patch segment: 14
12-11 19:53:32.360 11596 11631 I bt_vendor: rome_tlv_dnld_segment: Downloading TLV Patch segment no.15, size:243
12-11 19:53:32.360 11596 11631 D bt_vendor: frame_hci_cmd_pkt: Sending EDL_PATCH_TLV_REQ_CMD
12-11 19:53:32.360 11596 11631 D bt_vendor: HCI-CMD 15:	0x1 	0x0 	0xfc 	0xf5 	0x1e 	0xf3
12-11 19:53:32.360 11596 11631 I bt_vendor: rome_tlv_dnld_segment: Successfully downloaded patch segment: 15
12-11 19:53:32.360 11596 11631 I bt_vendor: rome_tlv_dnld_segment: Downloading TLV Patch segment no.16, size:243
12-11 19:53:32.360 11596 11631 D bt_vendor: frame_hci_cmd_pkt: Sending EDL_PATCH_TLV_REQ_CMD
12-11 19:53:32.360 11596 11631 D bt_vendor: HCI-CMD 16:	0x1 	0x0 	0xfc 	0xf5 	0x1e 	0xf3
12-11 19:53:32.360 11596 11631 I bt_vendor: rome_tlv_dnld_segment: Successfully downloaded patch segment: 16
12-11 19:53:32.360 11596 11631 I bt_vendor: rome_tlv_dnld_segment: Downloading TLV Patch segment no.17, size:243
12-11 19:53:32.360 11596 11631 D bt_vendor: frame_hci_cmd_pkt: Sending EDL_PATCH_TLV_REQ_CMD
12-11 19:53:32.360 11596 11631 D bt_vendor: HCI-CMD 17:	0x1 	0x0 	0xfc 	0xf5 	0x1e 	0xf3
12-11 19:53:32.360 11596 11631 I bt_vendor: rome_tlv_dnld_segment: Successfully downloaded patch segment: 17
12-11 19:53:32.360 11596 11631 I bt_vendor: rome_tlv_dnld_segment: Downloading TLV Patch segment no.18, size:243
12-11 19:53:32.360 11596 11631 D bt_vendor: frame_hci_cmd_pkt: Sending EDL_PATCH_TLV_REQ_CMD
12-11 19:53:32.360 11596 11631 D bt_vendor: HCI-CMD 18:	0x1 	0x0 	0xfc 	0xf5 	0x1e 	0xf3
12-11 19:53:32.371 11334 11348 I Adreno  : QUALCOMM build                   : fcf4852, I1af360237c
12-11 19:53:32.371 11334 11348 I Adreno  : Build Date                       : 09/23/15
12-11 19:53:32.371 11334 11348 I Adreno  : OpenGL ES Shader Compiler Version: XE031.05.13.02
12-11 19:53:32.371 11334 11348 I Adreno  : Local Branch                     : mybranch14465806
12-11 19:53:32.371 11334 11348 I Adreno  : Remote Branch                    : quic/LA.BF64.1.2.9_v2
12-11 19:53:32.371 11334 11348 I Adreno  : Remote Branch                    : NONE
12-11 19:53:32.371 11334 11348 I Adreno  : Reconstruct Branch               : NOTHING
12-11 19:53:32.372 11334 11348 E linker  : readlink('/proc/self/fd/35') failed: Permission denied [fd=35]
12-11 19:53:32.372 11334 11348 E linker  : warning: unable to get realpath for the library "/vendor/lib64/egl/eglSubDriverAndroid.so". Will use given name.
12-11 19:53:32.372 11334 11348 E linker  : readlink('/proc/self/fd/35') failed: Permission denied [fd=35]
12-11 19:53:32.372 11334 11348 E linker  : warning: unable to get realpath for the library "libEGL_adreno.so". Will use given name.
12-11 19:53:32.373 11596 11631 I bt_vendor: rome_tlv_dnld_segment: Successfully downloaded patch segment: 18
12-11 19:53:32.373 11596 11631 I bt_vendor: rome_tlv_dnld_segment: Downloading TLV Patch segment no.19, size:243
12-11 19:53:32.373 11596 11631 D bt_vendor: frame_hci_cmd_pkt: Sending EDL_PATCH_TLV_REQ_CMD
12-11 19:53:32.373 11596 11631 D bt_vendor: HCI-CMD 19:	0x1 	0x0 	0xfc 	0xf5 	0x1e 	0xf3
12-11 19:53:32.373 11596 11631 I bt_vendor: rome_tlv_dnld_segment: Successfully downloaded patch segment: 19
12-11 19:53:32.373 11596 11631 I bt_vendor: rome_tlv_dnld_segment: Downloading TLV Patch segment no.20, size:243
12-11 19:53:32.373 11596 11631 D bt_vendor: frame_hci_cmd_pkt: Sending EDL_PATCH_TLV_REQ_CMD
12-11 19:53:32.373 11596 11631 D bt_vendor: HCI-CMD 20:	0x1 	0x0 	0xfc 	0xf5 	0x1e 	0xf3
12-11 19:53:32.373 11596 11631 I bt_vendor: rome_tlv_dnld_segment: Successfully downloaded patch segment: 20
12-11 19:53:32.373 11596 11631 I bt_vendor: rome_tlv_dnld_segment: Downloading TLV Patch segment no.21, size:243
12-11 19:53:32.373 11596 11631 D bt_vendor: frame_hci_cmd_pkt: Sending EDL_PATCH_TLV_REQ_CMD
12-11 19:53:32.373 11596 11631 D bt_vendor: HCI-CMD 21:	0x1 	0x0 	0xfc 	0xf5 	0x1e 	0xf3
12-11 19:53:32.373 11596 11631 I bt_vendor: rome_tlv_dnld_segment: Successfully downloaded patch segment: 21
12-11 19:53:32.373 11596 11631 I bt_vendor: rome_tlv_dnld_segment: Downloading TLV Patch segment no.22, size:243
12-11 19:53:32.373 11596 11631 D bt_vendor: frame_hci_cmd_pkt: Sending EDL_PATCH_TLV_REQ_CMD
12-11 19:53:32.373 11596 11631 D bt_vendor: HCI-CMD 22:	0x1 	0x0 	0xfc 	0xf5 	0x1e 	0xf3
12-11 19:53:32.373 11596 11631 I bt_vendor: rome_tlv_dnld_segment: Successfully downloaded patch segment: 22
12-11 19:53:32.373 11596 11631 I bt_vendor: rome_tlv_dnld_segment: Downloading TLV Patch segment no.23, size:243
12-11 19:53:32.373 11596 11631 D bt_vendor: frame_hci_cmd_pkt: Sending EDL_PATCH_TLV_REQ_CMD
12-11 19:53:32.373 11596 11631 D bt_vendor: HCI-CMD 23:	0x1 	0x0 	0xfc 	0xf5 	0x1e 	0xf3
12-11 19:53:32.373 11596 11631 I bt_vendor: rome_tlv_dnld_segment: Successfully downloaded patch segment: 23
12-11 19:53:32.373 11596 11631 I bt_vendor: rome_tlv_dnld_segment: Downloading TLV Patch segment no.24, size:243
12-11 19:53:32.373 11596 11631 D bt_vendor: frame_hci_cmd_pkt: Sending EDL_PATCH_TLV_REQ_CMD
12-11 19:53:32.373 11596 11631 D bt_vendor: HCI-CMD 24:	0x1 	0x0 	0xfc 	0xf5 	0x1e 	0xf3
12-11 19:53:32.373 11596 11631 I bt_vendor: rome_tlv_dnld_segment: Successfully downloaded patch segment: 24
12-11 19:53:32.373 11596 11631 I bt_vendor: rome_tlv_dnld_segment: Downloading TLV Patch segment no.25, size:243
12-11 19:53:32.374 11596 11631 D bt_vendor: frame_hci_cmd_pkt: Sending EDL_PATCH_TLV_REQ_CMD
12-11 19:53:32.374 11596 11631 D bt_vendor: HCI-CMD 25:	0x1 	0x0 	0xfc 	0xf5 	0x1e 	0xf3
12-11 19:53:32.374 11596 11631 I bt_vendor: rome_tlv_dnld_segment: Successfully downloaded patch segment: 25
12-11 19:53:32.374 11596 11631 I bt_vendor: rome_tlv_dnld_segment: Downloading TLV Patch segment no.26, size:243
12-11 19:53:32.374 11596 11631 D bt_vendor: frame_hci_cmd_pkt: Sending EDL_PATCH_TLV_REQ_CMD
12-11 19:53:32.374 11596 11631 D bt_vendor: HCI-CMD 26:	0x1 	0x0 	0xfc 	0xf5 	0x1e 	0xf3
12-11 19:53:32.374 11596 11631 I bt_vendor: rome_tlv_dnld_segment: Successfully downloaded patch segment: 26
12-11 19:53:32.374 11596 11631 I bt_vendor: rome_tlv_dnld_segment: Downloading TLV Patch segment no.27, size:243
12-11 19:53:32.374 11596 11631 D bt_vendor: frame_hci_cmd_pkt: Sending EDL_PATCH_TLV_REQ_CMD
12-11 19:53:32.374 11596 11631 D bt_vendor: HCI-CMD 27:	0x1 	0x0 	0xfc 	0xf5 	0x1e 	0xf3
12-11 19:53:32.374 11596 11631 I bt_vendor: rome_tlv_dnld_segment: Successfully downloaded patch segment: 27
12-11 19:53:32.374 11596 11631 I bt_vendor: rome_tlv_dnld_segment: Downloading TLV Patch segment no.28, size:243
12-11 19:53:32.374 11596 11631 D bt_vendor: frame_hci_cmd_pkt: Sending EDL_PATCH_TLV_REQ_CMD
12-11 19:53:32.374 11596 11631 D bt_vendor: HCI-CMD 28:	0x1 	0x0 	0xfc 	0xf5 	0x1e 	0xf3
12-11 19:53:32.374 11596 11631 I bt_vendor: rome_tlv_dnld_segment: Successfully downloaded patch segment: 28
12-11 19:53:32.374 11596 11631 I bt_vendor: rome_tlv_dnld_segment: Downloading TLV Patch segment no.29, size:243
12-11 19:53:32.374 11596 11631 D bt_vendor: frame_hci_cmd_pkt: Sending EDL_PATCH_TLV_REQ_CMD
12-11 19:53:32.374 11596 11631 D bt_vendor: HCI-CMD 29:	0x1 	0x0 	0xfc 	0xf5 	0x1e 	0xf3
12-11 19:53:32.374 11596 11631 I bt_vendor: rome_tlv_dnld_segment: Successfully downloaded patch segment: 29
12-11 19:53:32.374 11596 11631 I bt_vendor: rome_tlv_dnld_segment: Downloading TLV Patch segment no.30, size:243
12-11 19:53:32.374 11596 11631 D bt_vendor: frame_hci_cmd_pkt: Sending EDL_PATCH_TLV_REQ_CMD
12-11 19:53:32.374 11596 11631 D bt_vendor: HCI-CMD 30:	0x1 	0x0 	0xfc 	0xf5 	0x1e 	0xf3
12-11 19:53:32.374 11596 11631 I bt_vendor: rome_tlv_dnld_segment: Successfully downloaded patch segment: 30
12-11 19:53:32.374 11596 11631 I bt_vendor: rome_tlv_dnld_segment: Downloading TLV Patch segment no.31, size:243
12-11 19:53:32.374 11596 11631 D bt_vendor: frame_hci_cmd_pkt: Sending EDL_PATCH_TLV_REQ_CMD
12-11 19:53:32.374 11596 11631 D bt_vendor: HCI-CMD 31:	0x1 	0x0 	0xfc 	0xf5 	0x1e 	0xf3
12-11 19:53:32.374 11596 11631 I bt_vendor: rome_tlv_dnld_segment: Successfully downloaded patch segment: 31
12-11 19:53:32.374 11596 11631 I bt_vendor: rome_tlv_dnld_segment: Downloading TLV Patch segment no.32, size:243
12-11 19:53:32.374 11596 11631 D bt_vendor: frame_hci_cmd_pkt: Sending EDL_PATCH_TLV_REQ_CMD
12-11 19:53:32.374 11596 11631 D bt_vendor: HCI-CMD 32:	0x1 	0x0 	0xfc 	0xf5 	0x1e 	0xf3
12-11 19:53:32.375 11596 11631 I bt_vendor: rome_tlv_dnld_segment: Successfully downloaded patch segment: 32
12-11 19:53:32.375 11596 11631 I bt_vendor: rome_tlv_dnld_segment: Downloading TLV Patch segment no.33, size:243
12-11 19:53:32.375 11596 11631 D bt_vendor: frame_hci_cmd_pkt: Sending EDL_PATCH_TLV_REQ_CMD
12-11 19:53:32.375 11596 11631 D bt_vendor: HCI-CMD 33:	0x1 	0x0 	0xfc 	0xf5 	0x1e 	0xf3
12-11 19:53:32.375 11596 11631 I bt_vendor: rome_tlv_dnld_segment: Successfully downloaded patch segment: 33
12-11 19:53:32.375 11596 11631 I bt_vendor: rome_tlv_dnld_segment: Downloading TLV Patch segment no.34, size:243
12-11 19:53:32.375 11596 11631 D bt_vendor: frame_hci_cmd_pkt: Sending EDL_PATCH_TLV_REQ_CMD
12-11 19:53:32.375 11596 11631 D bt_vendor: HCI-CMD 34:	0x1 	0x0 	0xfc 	0xf5 	0x1e 	0xf3
12-11 19:53:32.381 11572 11639 E Babel_SMS: canonicalizeMccMnc: invalid mccmnc 
12-11 19:53:32.381 11572 11639 I Babel_SMS: MmsConfig.loadFromResources
12-11 19:53:32.383 11572 11639 E Babel_SMS: canonicalizeMccMnc: invalid mccmnc nullnull
12-11 19:53:32.383 11572 11639 I Babel_SMS: MmsConfig.loadMmsSettings: mUserAgent=Nexus5X, mUaProfUrl=http://gsm.lge.com/html/gsm/ZTtB_KsOlQIGkFIA/Nexus5X-M3.xml
12-11 19:53:32.386 11596 11631 I bt_vendor: rome_tlv_dnld_segment: Successfully downloaded patch segment: 34
12-11 19:53:32.387 11596 11631 I bt_vendor: rome_tlv_dnld_segment: Downloading TLV Patch segment no.35, size:243
12-11 19:53:32.387 11596 11631 D bt_vendor: frame_hci_cmd_pkt: Sending EDL_PATCH_TLV_REQ_CMD
12-11 19:53:32.387 11596 11631 D bt_vendor: HCI-CMD 35:	0x1 	0x0 	0xfc 	0xf5 	0x1e 	0xf3
12-11 19:53:32.387 11596 11631 I bt_vendor: rome_tlv_dnld_segment: Successfully downloaded patch segment: 35
12-11 19:53:32.387 11596 11631 I bt_vendor: rome_tlv_dnld_segment: Downloading TLV Patch segment no.36, size:243
12-11 19:53:32.387 11596 11631 D bt_vendor: frame_hci_cmd_pkt: Sending EDL_PATCH_TLV_REQ_CMD
12-11 19:53:32.387 11596 11631 D bt_vendor: HCI-CMD 36:	0x1 	0x0 	0xfc 	0xf5 	0x1e 	0xf3
12-11 19:53:32.387 11596 11631 I bt_vendor: rome_tlv_dnld_segment: Successfully downloaded patch segment: 36
12-11 19:53:32.387 11596 11631 I bt_vendor: rome_tlv_dnld_segment: Downloading TLV Patch segment no.37, size:243
12-11 19:53:32.387 11596 11631 D bt_vendor: frame_hci_cmd_pkt: Sending EDL_PATCH_TLV_REQ_CMD
12-11 19:53:32.387 11596 11631 D bt_vendor: HCI-CMD 37:	0x1 	0x0 	0xfc 	0xf5 	0x1e 	0xf3
12-11 19:53:32.387 11596 11631 I bt_vendor: rome_tlv_dnld_segment: Successfully downloaded patch segment: 37
12-11 19:53:32.387 11596 11631 I bt_vendor: rome_tlv_dnld_segment: Downloading TLV Patch segment no.38, size:243
12-11 19:53:32.387 11596 11631 D bt_vendor: frame_hci_cmd_pkt: Sending EDL_PATCH_TLV_REQ_CMD
12-11 19:53:32.387 11596 11631 D bt_vendor: HCI-CMD 38:	0x1 	0x0 	0xfc 	0xf5 	0x1e 	0xf3
12-11 19:53:32.387 11596 11631 I bt_vendor: rome_tlv_dnld_segment: Successfully downloaded patch segment: 38
12-11 19:53:32.387 11596 11631 I bt_vendor: rome_tlv_dnld_segment: Downloading TLV Patch segment no.39, size:243
12-11 19:53:32.387 11596 11631 D bt_vendor: frame_hci_cmd_pkt: Sending EDL_PATCH_TLV_REQ_CMD
12-11 19:53:32.387 11596 11631 D bt_vendor: HCI-CMD 39:	0x1 	0x0 	0xfc 	0xf5 	0x1e 	0xf3
12-11 19:53:32.387 11596 11631 I bt_vendor: rome_tlv_dnld_segment: Successfully downloaded patch segment: 39
12-11 19:53:32.387 11596 11631 I bt_vendor: rome_tlv_dnld_segment: Downloading TLV Patch segment no.40, size:243
12-11 19:53:32.387 11596 11631 D bt_vendor: frame_hci_cmd_pkt: Sending EDL_PATCH_TLV_REQ_CMD
12-11 19:53:32.387 11596 11631 D bt_vendor: HCI-CMD 40:	0x1 	0x0 	0xfc 	0xf5 	0x1e 	0xf3
12-11 19:53:32.387 11596 11631 I bt_vendor: rome_tlv_dnld_segment: Successfully downloaded patch segment: 40
12-11 19:53:32.387 11596 11631 I bt_vendor: rome_tlv_dnld_segment: Downloading TLV Patch segment no.41, size:243
12-11 19:53:32.387 11596 11631 D bt_vendor: frame_hci_cmd_pkt: Sending EDL_PATCH_TLV_REQ_CMD
12-11 19:53:32.387 11596 11631 D bt_vendor: HCI-CMD 41:	0x1 	0x0 	0xfc 	0xf5 	0x1e 	0xf3
12-11 19:53:32.388 11596 11631 I bt_vendor: rome_tlv_dnld_segment: Successfully downloaded patch segment: 41
12-11 19:53:32.388 11596 11631 I bt_vendor: rome_tlv_dnld_segment: Downloading TLV Patch segment no.42, size:243
12-11 19:53:32.388 11596 11631 D bt_vendor: frame_hci_cmd_pkt: Sending EDL_PATCH_TLV_REQ_CMD
12-11 19:53:32.388 11596 11631 D bt_vendor: HCI-CMD 42:	0x1 	0x0 	0xfc 	0xf5 	0x1e 	0xf3
12-11 19:53:32.388 11596 11631 I bt_vendor: rome_tlv_dnld_segment: Successfully downloaded patch segment: 42
12-11 19:53:32.388 11596 11631 I bt_vendor: rome_tlv_dnld_segment: Downloading TLV Patch segment no.43, size:243
12-11 19:53:32.388 11596 11631 D bt_vendor: frame_hci_cmd_pkt: Sending EDL_PATCH_TLV_REQ_CMD
12-11 19:53:32.388 11596 11631 D bt_vendor: HCI-CMD 43:	0x1 	0x0 	0xfc 	0xf5 	0x1e 	0xf3
12-11 19:53:32.388 11596 11631 I bt_vendor: rome_tlv_dnld_segment: Successfully downloaded patch segment: 43
12-11 19:53:32.388 11596 11631 I bt_vendor: rome_tlv_dnld_segment: Downloading TLV Patch segment no.44, size:243
12-11 19:53:32.388 11596 11631 D bt_vendor: frame_hci_cmd_pkt: Sending EDL_PATCH_TLV_REQ_CMD
12-11 19:53:32.388 11596 11631 D bt_vendor: HCI-CMD 44:	0x1 	0x0 	0xfc 	0xf5 	0x1e 	0xf3
12-11 19:53:32.388 11596 11631 I bt_vendor: rome_tlv_dnld_segment: Successfully downloaded patch segment: 44
12-11 19:53:32.388 11596 11631 I bt_vendor: rome_tlv_dnld_segment: Downloading TLV Patch segment no.45, size:243
