12-11 16:56:30.515 14864 14864 W System  : ClassLoader referenced unknown path: /system/priv-app/Settings/lib/arm
12-11 16:56:30.539   609   674 D WifiService: New client listening to asynchronous messages
12-11 16:56:30.543   609   626 D BluetoothManagerService: Added callback: android.bluetooth.IBluetoothManagerCallback$Stub$Proxy@8239466:true
12-11 16:56:30.550 14864 14864 D LocalBluetoothProfileManager: Adding local A2DP profile
12-11 16:56:30.555 14864 14864 D LocalBluetoothProfileManager: Adding local HEADSET profile
12-11 16:56:30.564 14864 14864 D LocalBluetoothProfileManager: Adding local MAP profile
12-11 16:56:30.565 14864 14864 D BluetoothMap: Create BluetoothMap proxy object
12-11 16:56:30.566 14864 14864 E BluetoothMap: Could not bind to Bluetooth MAP Service with Intent { act=android.bluetooth.IBluetoothMap }
12-11 16:56:30.569 14864 14864 D LocalBluetoothProfileManager: LocalBluetoothProfileManager construction complete
12-11 16:56:30.583 14864 14864 D BluetoothA2dp: Proxy object connected
12-11 16:56:30.585   609   832 I ActivityManager: Killing 14481:com.android.shell/2000 (adj 15): empty #17
12-11 16:56:30.629   609   719 I WifiHAL : event received NL80211_CMD_NEW_SCAN_RESULTS
12-11 16:56:30.629   609   719 I WifiHAL : event ignored!!
12-11 16:56:30.657 14864 14875 D BluetoothHeadset: Proxy object connected
12-11 16:56:30.717 14864 14864 D BluetoothInputDevice: Proxy object connected
12-11 16:56:30.717 14864 14864 D HidProfile: Bluetooth service connected
12-11 16:56:30.721 14864 14864 D BluetoothPan: BluetoothPAN Proxy object connected
12-11 16:56:30.721 14864 14864 D PanProfile: Bluetooth service connected
12-11 16:56:30.722 14864 14864 D BluetoothPbap: Proxy object connected
12-11 16:56:30.722 14864 14864 D PbapServerProfile: Bluetooth service connected
12-11 16:56:30.722 14864 14864 D HeadsetProfile: Bluetooth service connected
12-11 16:56:31.459 10534 14882 D Aatp    : /task/51d4eea40884e27f435ae79d95dc8902a21b039f/status
12-11 16:56:31.587 10534 14883 D Aatp    : /bluetooth
12-11 16:56:31.598 10534 14883 D Aatp    : sha1: 4b74bdab5ae801e0ca3832533f5e5fc6e9ba973d
12-11 16:56:31.599 10534 14883 D AatpDeviceManager: k: enabled v: False
12-11 16:56:31.599 10534 14883 D AatpDeviceManager: k: NanoHttpd.QUERY_STRING v: enabled=False
12-11 16:56:31.616   609   609 V NotificationService: pkg=com.amazon.aatp.aatpdevicemanager canInterrupt=false intercept=true
12-11 16:56:31.624 10534 14883 D Aatp    : /task/4b74bdab5ae801e0ca3832533f5e5fc6e9ba973d
12-11 16:56:31.637 10534 10534 D AatpDeviceManager: taskStatus update (4b74bdab5ae801e0ca3832533f5e5fc6e9ba973d: {"state":1})
12-11 16:56:31.637 10534 14884 D AWSDeviceFarmAndroidLib: setEnabled: enabled: false
12-11 16:56:31.638 10534 14884 D AWSDeviceFarmAndroidLib: setEnabled: setting bluetooth to: false
12-11 16:56:31.647 11879 11892 D BluetoothAdapterState: Current state: ON, message: 23
12-11 16:56:31.648 11879 11892 D BluetoothAdapterProperties: Setting state to 13
12-11 16:56:31.648 11879 11892 I BluetoothAdapterState: Bluetooth adapter state changed: 12-> 13
12-11 16:56:31.648 11879 11892 D BluetoothAdapterProperties: onBluetoothDisable()
12-11 16:56:31.649 11879 11892 I BluetoothAdapterState: Entering PendingCommandState
12-11 16:56:31.651 11879 11896 D BluetoothAdapterProperties: Scan Mode:20
12-11 16:56:31.651 11879 11892 D BluetoothAdapterState: Current state: PENDING_COMMAND, message: 21
12-11 16:56:31.671 11879 11879 D HeadsetService: Received stop request...Stopping profile...
12-11 16:56:31.673 14864 14874 D BluetoothHeadset: Proxy object disconnected
12-11 16:56:31.674 11879 11879 V BluetoothAdapterState: isTurningOff()=true
12-11 16:56:31.674 11879 11879 V BluetoothAdapterState: isTurningOn()=false
12-11 16:56:31.674 11879 11879 V BluetoothAdapterState: isBleTurningOn()=false
12-11 16:56:31.674 11879 11879 V BluetoothAdapterState: isBleTurningOff()=false
12-11 16:56:31.674   609   609 D BluetoothHeadset: Proxy object disconnected
12-11 16:56:31.675 11879 11879 D A2dpService: Received stop request...Stopping profile...
12-11 16:56:31.675   742   759 D BluetoothHeadset: Proxy object disconnected
12-11 16:56:31.675 11879 11946 D A2dpStateMachine: Exit Disconnected: -1
12-11 16:56:31.675   609   609 D BluetoothHeadset: Proxy object disconnected
12-11 16:56:31.675   609   609 D BluetoothHeadset: Proxy object disconnected
12-11 16:56:31.675  1148  1325 D BluetoothHeadset: Proxy object disconnected
12-11 16:56:31.681 14864 14864 W ContextImpl: Calling a method in the system process without a qualified user: android.app.ContextImpl.startService:1221 android.content.ContextWrapper.startService:581 android.content.ContextWrapper.startService:581 com.android.settings.bluetooth.DockEventReceiver.beginStartingService:134 com.android.settings.bluetooth.DockEventReceiver.onReceive:115 
12-11 16:56:31.682   609   609 D BluetoothA2dp: Proxy object disconnected
12-11 16:56:31.682 10534 14884 D AWSDeviceFarmAndroidLib: setEnabled: bt is: false
12-11 16:56:31.683 10534 10534 D AatpDeviceManager: taskStatus update (4b74bdab5ae801e0ca3832533f5e5fc6e9ba973d: {"result":"Bluetooth enabled: false","state":2})
12-11 16:56:31.683 11879 11879 D HidService: Received stop request...Stopping profile...
12-11 16:56:31.683 11879 11879 D HidService: Stopping Bluetooth HidService
12-11 16:56:31.685 11879 11879 D HealthService: Received stop request...Stopping profile...
12-11 16:56:31.687 11018 12393 I NearbyDirect: MagicPairScanner: BluetoothLeScanner is null, Bluetooth might be off. Enabled=false
12-11 16:56:31.690 11879 11879 W BluetoothHeadsetServiceJni: Cleaning up Bluetooth Handsfree Interface...
12-11 16:56:31.690 11879 11879 W BluetoothHeadsetServiceJni: Cleaning up Bluetooth Handsfree callback object
12-11 16:56:31.690 11879 11896 I bt_btif_storage: btif_storage_get_adapter_property service_mask:0x20100028
12-11 16:56:31.690 11879 11926 D bt_bta_sys_main: bta_sys_stop_timer expected alarm was not in bta alarm hash map.
12-11 16:56:31.690 11879 11926 D bt_bta_sys_main: bta_sys_stop_timer expected alarm was not in bta alarm hash map.
12-11 16:56:31.690 11879 11896 E bt_btif : btif_hf_upstreams_evt: Invalid index 99
12-11 16:56:31.696 11879 11879 I BtOppRfcommListener: stopping Accept Thread
12-11 16:56:31.696 11879 11963 E BtOppRfcommListener: Error accept connection java.io.IOException: read failed, socket might closed or timeout, read ret: -1
12-11 16:56:31.696 11879 11963 I BtOppRfcommListener: BluetoothSocket listen thread finished
12-11 16:56:31.697 11879 11879 D PanService: Received stop request...Stopping profile...
12-11 16:56:31.698 14864 14864 D HeadsetProfile: Bluetooth service disconnected
12-11 16:56:31.701 11879 11879 V BluetoothAdapterState: isTurningOff()=true
12-11 16:56:31.701 11879 11879 V BluetoothAdapterState: isTurningOn()=false
12-11 16:56:31.701 11879 11879 V BluetoothAdapterState: isBleTurningOn()=false
12-11 16:56:31.701 11879 11879 V BluetoothAdapterState: isBleTurningOff()=false
12-11 16:56:31.701   742   742 D HeadsetProfile: Bluetooth service disconnected
12-11 16:56:31.702   742   742 D BluetoothA2dp: Proxy object disconnected
12-11 16:56:31.702   742   742 D BluetoothInputDevice: Proxy object disconnected
12-11 16:56:31.702   742   742 D HidProfile: Bluetooth service disconnected
12-11 16:56:31.702 11879 11896 I bt_btif_storage: btif_storage_get_adapter_property service_mask:0x20100020
12-11 16:56:31.702 11879 11879 V BluetoothAdapterState: isTurningOff()=true
12-11 16:56:31.702 11879 11879 V BluetoothAdapterState: isTurningOn()=false
12-11 16:56:31.702 11879 11926 D bt_bta_sys_main: bta_sys_stop_timer expected alarm was not in bta alarm hash map.
12-11 16:56:31.702 11879 11879 V BluetoothAdapterState: isBleTurningOn()=false
12-11 16:56:31.702 11879 11879 V BluetoothAdapterState: isBleTurningOff()=false
12-11 16:56:31.702 11879 11926 D bt_bta_sys_main: bta_sys_stop_timer expected alarm was not in bta alarm hash map.
12-11 16:56:31.702 11879 11926 W bt_l2cap: L2CAP - PSM: 0x0019 not found for deregistration
12-11 16:56:31.702 11879 11926 W bt_l2cap: L2CAP - PSM: 0x0017 not found for deregistration
12-11 16:56:31.702 11879 11926 W bt_l2cap: L2CAP - PSM: 0x0019 not found for deregistration
12-11 16:56:31.702 11879 11926 W bt_l2cap: L2CAP - PSM: 0x0017 not found for deregistration
12-11 16:56:31.702 11879 11879 W BluetoothHidServiceJni: Cleaning up Bluetooth HID Interface...
12-11 16:56:31.702 11879 11879 W BluetoothHidServiceJni: Cleaning up Bluetooth GID callback object
12-11 16:56:31.702 11879 11896 I bt_btif_storage: btif_storage_get_adapter_property service_mask:0x20000020
12-11 16:56:31.703 11879 11879 V BluetoothAdapterState: isTurningOff()=true
12-11 16:56:31.703 11879 11879 V BluetoothAdapterState: isTurningOn()=false
12-11 16:56:31.703 11879 11879 V BluetoothAdapterState: isBleTurningOn()=false
12-11 16:56:31.703 11879 11879 V BluetoothAdapterState: isBleTurningOff()=false
12-11 16:56:31.703 11879 11879 W BluetoothHealthServiceJni: Cleaning up Bluetooth Health Interface...
12-11 16:56:31.703 11879 11896 E bt_btif : btif_in_execute_service_request: Unknown service being enabled
12-11 16:56:31.703 11879 11879 W BluetoothHealthServiceJni: Cleaning up Bluetooth Health object
12-11 16:56:31.704 14864 14864 D BluetoothA2dp: Proxy object disconnected
12-11 16:56:31.704 14864 14864 D BluetoothInputDevice: Proxy object disconnected
12-11 16:56:31.704 14864 14864 D HidProfile: Bluetooth service disconnected
12-11 16:56:31.704 11879 11879 V BluetoothAdapterState: isTurningOff()=true
12-11 16:56:31.704 11879 11879 V BluetoothAdapterState: isTurningOn()=false
12-11 16:56:31.704 11879 11879 V BluetoothAdapterState: isBleTurningOn()=false
12-11 16:56:31.704 11879 11879 V BluetoothAdapterState: isBleTurningOff()=false
12-11 16:56:31.704 11879 11892 D BluetoothAdapterState: Current state: PENDING_COMMAND, message: 26
12-11 16:56:31.704 11879 11892 D BluetoothAdapterProperties: Setting state to 15
12-11 16:56:31.704 11879 11892 I BluetoothAdapterState: Bluetooth adapter state changed: 13-> 15
12-11 16:56:31.705 11879 11879 W BluetoothPanServiceJni: Cleaning up Bluetooth PAN Interface...
12-11 16:56:31.705 11879 11879 W BluetoothPanServiceJni: Cleaning up Bluetooth PAN callback object
12-11 16:56:31.705 11879 11892 I BluetoothAdapterState: Entering BleOnState
12-11 16:56:31.705   609   626 D BluetoothHeadset: onBluetoothStateChange: up=false
12-11 16:56:31.707 14864 14875 D BluetoothInputDevice: onBluetoothStateChange: up=false
12-11 16:56:31.708   742   742 D BluetoothPan: BluetoothPAN Proxy object disconnected
12-11 16:56:31.708   742   742 D PanProfile: Bluetooth service disconnected
12-11 16:56:31.710   742  1293 D BluetoothPbap: onBluetoothStateChange: up=false
12-11 16:56:31.714   609   626 D BluetoothA2dp: onBluetoothStateChange: up=false
12-11 16:56:31.715   742   759 D BluetoothInputDevice: onBluetoothStateChange: up=false
12-11 16:56:31.715   742   754 D BluetoothPan: onBluetoothStateChange on: false
12-11 16:56:31.716 11018 12388 W ConfigurationChimeraProvider: Got null configs for com.google.android.gms.nearby
12-11 16:56:31.716   609   626 D BluetoothHeadset: onBluetoothStateChange: up=false
12-11 16:56:31.716 14864 14874 D BluetoothA2dp: onBluetoothStateChange: up=false
12-11 16:56:31.717   742  1293 D BluetoothA2dp: onBluetoothStateChange: up=false
12-11 16:56:31.717  1148  1158 D BluetoothHeadset: onBluetoothStateChange: up=false
12-11 16:56:31.718 14864 14875 D BluetoothPan: onBluetoothStateChange on: false
12-11 16:56:31.719   609   626 D BluetoothHeadset: onBluetoothStateChange: up=false
12-11 16:56:31.719   742   759 D BluetoothHeadset: onBluetoothStateChange: up=false
12-11 16:56:31.721 11018 12393 I BeaconBle: Nearby requested to stop scan
12-11 16:56:31.723 11018 12393 D BluetoothAdapter: STATE_BLE_ON
12-11 16:56:31.724 11879 11892 D BluetoothAdapterState: Current state: BLE ON, message: 20
12-11 16:56:31.724 11879 11892 D BluetoothAdapterProperties: Setting state to 16
12-11 16:56:31.724 11879 11892 I BluetoothAdapterState: Bluetooth adapter state changed: 15-> 16
12-11 16:56:31.724   742   754 D BluetoothMap: onBluetoothStateChange: up=false
12-11 16:56:31.724 11879 11892 D BluetoothAdapterProperties: onBleDisable
12-11 16:56:31.724 11879 11892 I BluetoothAdapterState: Entering PendingCommandState
12-11 16:56:31.724 11879 11893 D bt_stack_manager: event_shut_down_stack is bringing down the stack.
12-11 16:56:31.725 11879 11896 D BluetoothAdapterProperties: Scan Mode:20
12-11 16:56:31.726 11879 11926 W bt_btif : bta_dm_disable BTA_DISABLE_DELAY set to 1000 ms
12-11 16:56:31.726 11879 11926 D bt_bta_sys_main: bta_sys_stop_timer expected alarm was not in bta alarm hash map.
12-11 16:56:31.728   742   754 E BluetoothMap: 
12-11 16:56:31.728   742   754 E BluetoothMap: java.lang.IllegalArgumentException: Service not registered: android.bluetooth.BluetoothMap$2@16ee2f2
12-11 16:56:31.728   742   754 E BluetoothMap: 	at android.app.LoadedApk.forgetServiceDispatcher(LoadedApk.java:1044)
12-11 16:56:31.728   742   754 E BluetoothMap: 	at android.app.ContextImpl.unbindService(ContextImpl.java:1337)
12-11 16:56:31.728   742   754 E BluetoothMap: 	at android.content.ContextWrapper.unbindService(ContextWrapper.java:616)
12-11 16:56:31.728   742   754 E BluetoothMap: 	at android.bluetooth.BluetoothMap$1.onBluetoothStateChange(BluetoothMap.java:64)
12-11 16:56:31.728   742   754 E BluetoothMap: 	at android.bluetooth.IBluetoothStateChangeCallback$Stub.onTransact(IBluetoothStateChangeCallback.java:55)
12-11 16:56:31.728   742   754 E BluetoothMap: 	at android.os.Binder.execTransact(Binder.java:453)
12-11 16:56:31.728 14864 14874 D BluetoothHeadset: onBluetoothStateChange: up=false
12-11 16:56:31.728 14864 14875 D BluetoothPbap: onBluetoothStateChange: up=false
12-11 16:56:31.729 14864 14874 D BluetoothMap: onBluetoothStateChange: up=false
12-11 16:56:31.729 11018 12393 I BeaconBle: 'L' hardware scan: scan stopped, no clients
12-11 16:56:31.729 11018 12393 I BeaconBle: Scan canceled successfully.
12-11 16:56:31.729 14864 14874 E BluetoothMap: 
12-11 16:56:31.729 14864 14874 E BluetoothMap: java.lang.IllegalArgumentException: Service not registered: android.bluetooth.BluetoothMap$2@ac4bfa
12-11 16:56:31.729 14864 14874 E BluetoothMap: 	at android.app.LoadedApk.forgetServiceDispatcher(LoadedApk.java:1044)
12-11 16:56:31.729 14864 14874 E BluetoothMap: 	at android.app.ContextImpl.unbindService(ContextImpl.java:1337)
12-11 16:56:31.729 14864 14874 E BluetoothMap: 	at android.content.ContextWrapper.unbindService(ContextWrapper.java:616)
12-11 16:56:31.729 14864 14874 E BluetoothMap: 	at android.bluetooth.BluetoothMap$1.onBluetoothStateChange(BluetoothMap.java:64)
12-11 16:56:31.729 14864 14874 E BluetoothMap: 	at android.bluetooth.IBluetoothStateChangeCallback$Stub.onTransact(IBluetoothStateChangeCallback.java:55)
12-11 16:56:31.729 14864 14874 E BluetoothMap: 	at android.os.Binder.execTransact(Binder.java:453)
12-11 16:56:31.730 11879 11892 D BluetoothAdapterState: Current state: PENDING_COMMAND, message: 20
12-11 16:56:31.731 11018 11018 I BeaconBle: Resetting - new scanner available: false
12-11 16:56:31.735 11018 12393 I NearbyDirect: MagicPairScanner: BluetoothLeScanner is null, Bluetooth might be off. Enabled=false
12-11 16:56:31.737 11018 11018 I BeaconBle: 'L' hardware scan: scan stopped, no clients
12-11 16:56:31.738 14864 14864 D DockEventReceiver: finishStartingService: stopping service
12-11 16:56:31.741 11018 12393 I NearbyDirect: MagicPairScanner: BluetoothLeScanner is null, Bluetooth might be off. Enabled=false
12-11 16:56:31.750 11018 12393 I NearbyDirect: MagicPairScanner: BluetoothLeScanner is null, Bluetooth might be off. Enabled=false
12-11 16:56:31.751 10534 14898 D Aatp    : /task/4b74bdab5ae801e0ca3832533f5e5fc6e9ba973d/status
12-11 16:56:31.758 11018 12393 I NearbyDirect: MagicPairScanner: BluetoothLeScanner is null, Bluetooth might be off. Enabled=false
12-11 16:56:31.775 14864 14864 W ContextImpl: Calling a method in the system process without a qualified user: android.app.ContextImpl.startService:1221 android.content.ContextWrapper.startService:581 android.content.ContextWrapper.startService:581 com.android.settings.bluetooth.DockEventReceiver.beginStartingService:134 com.android.settings.bluetooth.DockEventReceiver.onReceive:115 
12-11 16:56:31.780 14864 14864 D DockEventReceiver: finishStartingService: stopping service
12-11 16:56:31.856 11041 11374 I Authzen : [PermitStore] Getting all permits...
12-11 16:56:31.857 10534 14910 D Aatp    : /gps
12-11 16:56:31.862 11018 12393 I NearbyDirect: MagicPairScanner: BluetoothLeScanner is null, Bluetooth might be off. Enabled=false
12-11 16:56:31.875 10534 14910 D Aatp    : sha1: 6fbbd465e42b7e51c88d61f8c28deeedf645399a
12-11 16:56:31.875 10534 14910 D AatpDeviceManager: k: enabled v: False
12-11 16:56:31.875 10534 14910 D AatpDeviceManager: k: NanoHttpd.QUERY_STRING v: enabled=False
12-11 16:56:31.890 10534 10534 D AatpDeviceManager: taskStatus update (6fbbd465e42b7e51c88d61f8c28deeedf645399a: {"state":1})
12-11 16:56:31.890 10534 14915 D AWSDeviceFarmAndroidLib: setEnabled: GPS is in desired state. Skipping.
12-11 16:56:31.891 10534 10534 D AatpDeviceManager: taskStatus update (6fbbd465e42b7e51c88d61f8c28deeedf645399a: {"result":"GPS enabled: false","state":2})
12-11 16:56:31.893 10534 14910 D Aatp    : /task/6fbbd465e42b7e51c88d61f8c28deeedf645399a
12-11 16:56:31.899   609   609 V NotificationService: pkg=com.amazon.aatp.aatpdevicemanager canInterrupt=false intercept=true
12-11 16:56:31.923   609   618 I art     : Background partial concurrent mark sweep GC freed 69756(7MB) AllocSpace objects, 11(220KB) LOS objects, 33% free, 25MB/37MB, paused 1.892ms total 109.130ms
12-11 16:56:32.019 10534 14917 D Aatp    : /task/6fbbd465e42b7e51c88d61f8c28deeedf645399a/status
12-11 16:56:32.144 10534 14918 D Aatp    : /nfc
12-11 16:56:32.158 10534 14918 D Aatp    : sha1: 65f57c97676a51397e20cdf702de1f2b1d69573d
12-11 16:56:32.158 10534 14918 D AatpDeviceManager: k: enabled v: False
12-11 16:56:32.158 10534 14918 D AatpDeviceManager: k: NanoHttpd.QUERY_STRING v: enabled=False
12-11 16:56:32.171   609   609 V NotificationService: pkg=com.amazon.aatp.aatpdevicemanager canInterrupt=false intercept=true
12-11 16:56:32.173 10534 10534 D AatpDeviceManager: taskStatus update (65f57c97676a51397e20cdf702de1f2b1d69573d: {"state":1})
12-11 16:56:32.173 10534 14921 D AWSDeviceFarmAndroidLib: setEnabled: enabled: false
12-11 16:56:32.173 10534 14921 D AWSDeviceFarmAndroidLib: setEnabled: disabling nfc
12-11 16:56:32.177 10534 14918 D Aatp    : /task/65f57c97676a51397e20cdf702de1f2b1d69573d
12-11 16:56:32.184  1113  2572 I NfcService: Disabling NFC
12-11 16:56:32.186  1113  2572 D NfcP2pLinkManager: enableDisable: llcp deactivate
12-11 16:56:32.186  1113  2572 I NfcP2pLinkManager: LLCP deactivated.
12-11 16:56:32.186  1113  2572 I NfcP2pLinkManager: Duplicate onLlcpDectivated()
12-11 16:56:32.186  1113  2572 D NdefPushServer: stop, thread = Thread[Thread-67,5,main]
12-11 16:56:32.186  1113 12154 E BrcmNfcJni: nativeLlcpServiceSocket_doAccept: fail accept
12-11 16:56:32.186  1113  2572 D NdefPushServer: shuting down server thread
12-11 16:56:32.187  1113 12155 E BrcmNfcJni: nativeLlcpServiceSocket_doAccept: fail accept
12-11 16:56:32.188  1113 12140 E BrcmNfcJni: RoutingManager::nfaEeCallback: unknown event=2 ????
12-11 16:56:32.188  1113 12156 E BrcmNfcJni: nativeLlcpServiceSocket_doAccept: fail accept
12-11 16:56:32.191  1113 12155 E NdefPushServer: IO error
12-11 16:56:32.191  1113 12155 E NdefPushServer: java.io.IOException
12-11 16:56:32.191  1113 12155 E NdefPushServer: 	at com.android.nfc.dhimpl.NativeLlcpServiceSocket.accept(NativeLlcpServiceSocket.java:42)
12-11 16:56:32.191  1113 12155 E NdefPushServer: 	at com.android.nfc.ndefpush.NdefPushServer$ServerThread.run(NdefPushServer.java:154)
12-11 16:56:32.192  1113 12156 E HandoverServer: IO error
12-11 16:56:32.192  1113 12156 E HandoverServer: java.io.IOException
12-11 16:56:32.192  1113 12156 E HandoverServer: 	at com.android.nfc.dhimpl.NativeLlcpServiceSocket.accept(NativeLlcpServiceSocket.java:42)
12-11 16:56:32.192  1113 12156 E HandoverServer: 	at com.android.nfc.handover.HandoverServer$ServerThread.run(HandoverServer.java:118)
12-11 16:56:32.193  1113 12154 E SnepServer: IO error
12-11 16:56:32.193  1113 12154 E SnepServer: java.io.IOException
12-11 16:56:32.193  1113 12154 E SnepServer: 	at com.android.nfc.dhimpl.NativeLlcpServiceSocket.accept(NativeLlcpServiceSocket.java:42)
12-11 16:56:32.193  1113 12154 E SnepServer: 	at com.android.nfc.snep.SnepServer$ServerThread.run(SnepServer.java:211)
12-11 16:56:32.312 10534 14926 D Aatp    : /task/65f57c97676a51397e20cdf702de1f2b1d69573d/status
12-11 16:56:32.752 11879 11896 I bt_hci  : shut_down
12-11 16:56:32.752 11879 11900 I bt_vendor: low_power_mode_cb
12-11 16:56:32.755 11879 11926 W bt_btif : ag scb idx 1 not allocated
12-11 16:56:32.756 11879 11926 E bt_btif : BTA AG is already disabled, ignoring ...
12-11 16:56:32.758 11879 11900 I bt_hwcfg: hw_epilog_process
12-11 16:56:32.791 11879 11900 I bt_hwcfg: hw_epilog_cback Opcode:0x0C03 Status: 0
12-11 16:56:32.791 11879 11900 I bt_vendor: epilog_cb
12-11 16:56:32.791 11879 11900 I bt_hci  : epilog_finished_callback
12-11 16:56:32.798 11879 11896 I bt_hci_mct: hal_close
12-11 16:56:32.802 11879 11896 I bt_hwcfg: Starting hciattach daemon
12-11 16:56:32.802 11879 11896 I bt_hwcfg: try to set false
12-11 16:56:32.803 11879 11896 I bt_vendor: cleanup
12-11 16:56:32.807 11879 11893 D bt_stack_manager: event_shut_down_stack finished.
12-11 16:56:32.808 11879 11892 D BluetoothAdapterState: Current state: PENDING_COMMAND, message: 24
12-11 16:56:32.814 11879 11879 D BtGatt.DebugUtils: handleDebugAction() action=null
12-11 16:56:32.815 11879 11879 D BtGatt.GattService: Received stop request...Stopping profile...
12-11 16:56:32.815 11879 11879 D BtGatt.GattService: stop()
12-11 16:56:32.815 11879 11879 D BtGatt.AdvertiseManager: advertise clients cleared
12-11 16:56:32.822 11879 11879 V BluetoothAdapterState: isTurningOff()=false
12-11 16:56:32.822 11879 11879 V BluetoothAdapterState: isTurningOn()=false
12-11 16:56:32.822 11879 11879 V BluetoothAdapterState: isBleTurningOn()=false
12-11 16:56:32.822 11879 11879 V BluetoothAdapterState: isBleTurningOff()=true
12-11 16:56:32.823 11879 11892 D BluetoothAdapterState: Stopping Gatt profile services that were post enabled
12-11 16:56:32.823 11879 11892 D BluetoothAdapterState: Current state: PENDING_COMMAND, message: 25
12-11 16:56:32.824 11879 11892 D BluetoothAdapterProperties: Setting state to 10
12-11 16:56:32.824 11879 11892 I BluetoothAdapterState: Bluetooth adapter state changed: 16-> 10
12-11 16:56:32.827   609   626 D BluetoothManagerService: Broadcasting onBluetoothServiceDown() to 8 receivers.
12-11 16:56:32.838 11879 11892 I BluetoothAdapterState: Entering OffState
12-11 16:56:32.855 11879 11879 W BluetoothSdpJni: Cleaning up Bluetooth SDP Interface...
12-11 16:56:32.855 11879 11879 W BluetoothSdpJni: Cleaning up Bluetooth Health object
12-11 16:56:32.855 11879 11893 D bt_stack_manager: event_clean_up_stack is cleaning up the stack.
12-11 16:56:32.855 11879 11879 I BluetoothServiceJni: cleanupNative: return from cleanup
12-11 16:56:32.867 11879 11893 D bt_stack_manager: event_clean_up_stack finished.
12-11 16:56:32.868 11879 11879 I art     : System.exit called, status: 0
12-11 16:56:32.868 11879 11879 I AndroidRuntime: VM exiting with result code 0, cleanup skipped.
12-11 16:56:32.910   609   959 I ActivityManager: Process com.android.bluetooth (pid 11879) has died
12-11 16:56:33.126  1113 12140 I BrcmNfcNfa: GKI TASK_DEAD received. exit thread 3...
12-11 16:56:33.182 10534 14921 D AWSDeviceFarmAndroidLib: setEnabled: nfc is: false
12-11 16:56:33.184 10534 10534 D AatpDeviceManager: taskStatus update (65f57c97676a51397e20cdf702de1f2b1d69573d: {"result":"NFC enabled: false","state":2})
12-11 16:56:33.387 10534 14930 D Aatp    : /task/65f57c97676a51397e20cdf702de1f2b1d69573d/status
12-11 16:56:33.516 10534 14931 D Aatp    : /stop-location
12-11 16:56:33.579 10534 14931 D AatpDeviceManager: stopTask
12-11 16:56:33.579 10534 14931 D AatpDeviceManager: got taskClass
12-11 16:56:33.579 10534 14931 D AatpDeviceManager: sending stop intent
12-11 16:56:33.583 10534 10534 D AatpDeviceManager: taskStatus update (397f51dcfd348d9396c66a8470d1bff42e272287: {"result":"","state":3})
12-11 16:56:33.584 10534 14931 D AatpDeviceManager: intent sent
12-11 16:56:33.597 10534 14931 D Aatp    : /task/397f51dcfd348d9396c66a8470d1bff42e272287
12-11 16:56:33.722 10534 14932 D Aatp    : /task/397f51dcfd348d9396c66a8470d1bff42e272287/status
12-11 16:56:33.994 10534 10534 D AatpDeviceManager: taskStatus update (397f51dcfd348d9396c66a8470d1bff42e272287: {"result":"","state":1})
12-11 16:56:34.083 11018 11248 W GCoreFlp: No location to return for getLastLocation()
12-11 16:56:34.759 10534 14945 D Aatp    : /task/397f51dcfd348d9396c66a8470d1bff42e272287/status
12-11 16:56:35.494 10534 12206 D AatpDeviceManager: Stopped Mock Location
12-11 16:56:35.494 10534 10534 D AatpDeviceManager: taskStatus update (397f51dcfd348d9396c66a8470d1bff42e272287: {"result":"","state":2})
12-11 16:56:35.805 10534 14946 D Aatp    : /task/397f51dcfd348d9396c66a8470d1bff42e272287/status
12-11 16:56:35.913 10534 14947 D Aatp    : /locale
12-11 16:56:35.954 10534 14947 D Aatp    : sha1: b385bf6b9bee824fcf721ed59be38336670f95fd
12-11 16:56:35.955 10534 14947 D AatpDeviceManager: k: NanoHttpd.QUERY_STRING v: locale=en_US
12-11 16:56:35.955 10534 14947 D AatpDeviceManager: k: locale v: en_US
12-11 16:56:35.990 10534 14947 D Aatp    : /task/b385bf6b9bee824fcf721ed59be38336670f95fd
12-11 16:56:35.995   609   609 V NotificationService: pkg=com.amazon.aatp.aatpdevicemanager canInterrupt=false intercept=true
12-11 16:56:36.009 10534 10534 D AatpDeviceManager: taskStatus update (b385bf6b9bee824fcf721ed59be38336670f95fd: {"state":1})
12-11 16:56:36.009 10534 14948 D AatpDeviceManager: Setting locale to: en_US
12-11 16:56:36.009 10534 14948 D AWSDeviceFarmAndroidLib: Setting locale to: en_US
12-11 16:56:36.135 10534 14957 D Aatp    : /task/b385bf6b9bee824fcf721ed59be38336670f95fd/status
12-11 16:56:36.746 11018 11018 I BeaconBle: 'L' hardware scan: scan stopped, no clients
12-11 16:56:37.215 10534 14962 D Aatp    : /task/b385bf6b9bee824fcf721ed59be38336670f95fd/status
12-11 16:56:38.115 10534 10534 D AatpDeviceManager: taskStatus update (b385bf6b9bee824fcf721ed59be38336670f95fd: {"result":"en_US","state":2})
12-11 16:56:38.321 10534 14963 D Aatp    : /task/b385bf6b9bee824fcf721ed59be38336670f95fd/status
12-11 16:56:38.830   609   719 I WifiHAL : event received NL80211_CMD_TRIGGER_SCAN
12-11 16:56:38.830   609   719 I WifiHAL : event ignored!!
12-11 16:56:39.017 10534 14968 D Aatp    : /ping
12-11 16:56:39.213 10534 14969 D Aatp    : /apps-to-uninstall
12-11 16:56:39.224 10534 14969 D Aatp    : sha1: f9adf812252d780cbe0ff1343f7e22b63b3c5f77
12-11 16:56:39.237   609   609 V NotificationService: pkg=com.amazon.aatp.aatpdevicemanager canInterrupt=false intercept=true
12-11 16:56:39.237 10534 10534 D AatpDeviceManager: taskStatus update (f9adf812252d780cbe0ff1343f7e22b63b3c5f77: {"state":1})
12-11 16:56:39.240 10534 14969 D Aatp    : /task/f9adf812252d780cbe0ff1343f7e22b63b3c5f77
12-11 16:56:39.279 10534 10534 D AatpDeviceManager: taskStatus update (f9adf812252d780cbe0ff1343f7e22b63b3c5f77: {"result":[],"state":2})
12-11 16:56:39.379 10534 14975 D Aatp    : /task/f9adf812252d780cbe0ff1343f7e22b63b3c5f77/status
12-11 16:56:39.505 10534 14976 D Aatp    : /ping
12-11 16:56:39.568   609   719 I WifiHAL : event received NL80211_CMD_NEW_SCAN_RESULTS
12-11 16:56:39.568   609   719 I WifiHAL : event ignored!!
12-11 16:56:39.645 10534 14977 D Aatp    : /clean-accounts
12-11 16:56:39.656 10534 14977 D Aatp    : sha1: d7a09e6fc4a861c8395607bcc91c367390a6807d
12-11 16:56:39.680   609   775 I AccountManagerService: getTypesVisibleToCaller: isPermitted? true
12-11 16:56:39.681   609   609 V NotificationService: pkg=com.amazon.aatp.aatpdevicemanager canInterrupt=false intercept=true
12-11 16:56:39.682   609  7033 I AccountManagerService: getTypesVisibleToCaller: isPermitted? true
12-11 16:56:39.682 10534 10534 D AatpDeviceManager: taskStatus update (d7a09e6fc4a861c8395607bcc91c367390a6807d: {"state":1})
12-11 16:56:39.682 10534 14977 D Aatp    : /task/d7a09e6fc4a861c8395607bcc91c367390a6807d
12-11 16:56:39.687 10534 10534 D AatpDeviceManager: taskStatus update (d7a09e6fc4a861c8395607bcc91c367390a6807d: {"result":"Cleaned Accounts PASS","state":2})
12-11 16:56:39.829 10534 14979 D Aatp    : /task/d7a09e6fc4a861c8395607bcc91c367390a6807d/status
12-11 16:56:39.965 10534 14980 D Aatp    : /rm-external-files
12-11 16:56:40.027 10534 14980 D Aatp    : sha1: 72b53852a6fc0a141bf2c7fe7302022fe2e54e39
12-11 16:56:40.048   609   609 V NotificationService: pkg=com.amazon.aatp.aatpdevicemanager canInterrupt=false intercept=true
12-11 16:56:40.055 10534 14980 D Aatp    : /task/72b53852a6fc0a141bf2c7fe7302022fe2e54e39
12-11 16:56:40.071 10534 10534 D AatpDeviceManager: taskStatus update (72b53852a6fc0a141bf2c7fe7302022fe2e54e39: {"state":1})
12-11 16:56:40.072 10534 14983 W System.err: java.io.FileNotFoundException: /system/etc/vold.fstab: open failed: ENOENT (No such file or directory)
12-11 16:56:40.072 10534 14983 W System.err: 	at libcore.io.IoBridge.open(IoBridge.java:452)
12-11 16:56:40.072 10534 14983 W System.err: 	at java.io.FileInputStream.<init>(FileInputStream.java:76)
12-11 16:56:40.072 10534 14983 W System.err: 	at java.util.Scanner.<init>(Scanner.java:158)
12-11 16:56:40.072 10534 14983 W System.err: 	at java.util.Scanner.<init>(Scanner.java:138)
12-11 16:56:40.072 10534 14983 W System.err: 	at com.amazon.aatp.util.StorageOptions.readVoldFile(StorageOptions.java:43)
12-11 16:56:40.072 10534 14983 W System.err: 	at com.amazon.aatp.util.StorageOptions.determineStorageOptions(StorageOptions.java:20)
12-11 16:56:40.072 10534 14983 W System.err: 	at com.amazon.aatp.aatpdevicemanager.tasks.RmExternalFiles.onHandleIntent(RmExternalFiles.java:34)
12-11 16:56:40.072 10534 14983 W System.err: 	at android.app.IntentService$ServiceHandler.handleMessage(IntentService.java:66)
12-11 16:56:40.072 10534 14983 W System.err: 	at android.os.Handler.dispatchMessage(Handler.java:102)
12-11 16:56:40.072 10534 14983 W System.err: 	at android.os.Looper.loop(Looper.java:148)
12-11 16:56:40.072 10534 14983 W System.err: 	at android.os.HandlerThread.run(HandlerThread.java:61)
12-11 16:56:40.072 10534 14983 W System.err: Caused by: android.system.ErrnoException: open failed: ENOENT (No such file or directory)
12-11 16:56:40.072 10534 14983 W System.err: 	at libcore.io.Posix.open(Native Method)
12-11 16:56:40.073 10534 14983 W System.err: 	at libcore.io.BlockGuardOs.open(BlockGuardOs.java:186)
12-11 16:56:40.073 10534 14983 W System.err: 	at libcore.io.IoBridge.open(IoBridge.java:438)
12-11 16:56:40.073 10534 14983 W System.err: 	... 10 more
12-11 16:56:40.076 10534 14983 D AatpDeviceManager: Wiping files from: /sdcard
12-11 16:56:40.124 10534 14983 D AatpDeviceManager: Wiping files from: /mnt/sdcard
12-11 16:56:40.127 10534 14983 D AatpDeviceManager: 0 files left!
12-11 16:56:40.127 10534 10534 D AatpDeviceManager: taskStatus update (72b53852a6fc0a141bf2c7fe7302022fe2e54e39: {"result":[],"state":2})
12-11 16:56:40.180 10534 14984 D Aatp    : /task/72b53852a6fc0a141bf2c7fe7302022fe2e54e39/status
12-11 16:56:41.370 15003 15003 D AndroidRuntime: >>>>>> START com.android.internal.os.RuntimeInit uid 2000 <<<<<<
12-11 16:56:41.377 15003 15003 D AndroidRuntime: CheckJNI is OFF
12-11 16:56:41.435 15003 15003 D ICU     : No timezone override file found: /data/misc/zoneinfo/current/icu/icu_tzdata.dat
12-11 16:56:41.505 15003 15003 I Radio-JNI: register_android_hardware_Radio DONE
12-11 16:56:41.561 15003 15003 D AndroidRuntime: Calling main entry com.android.commands.pm.Pm
12-11 16:56:41.569   609  8020 W ActivityManager: Invalid packageName: com.google.android.browser
12-11 16:56:41.573 15003 15003 I art     : System.exit called, status: 1
12-11 16:56:41.573 15003 15003 I AndroidRuntime: VM exiting with result code 1.
12-11 16:56:42.737 15021 15021 D AndroidRuntime: >>>>>> START com.android.internal.os.RuntimeInit uid 2000 <<<<<<
12-11 16:56:42.744 15021 15021 D AndroidRuntime: CheckJNI is OFF
12-11 16:56:42.802 15021 15021 D ICU     : No timezone override file found: /data/misc/zoneinfo/current/icu/icu_tzdata.dat
12-11 16:56:42.869 15021 15021 I Radio-JNI: register_android_hardware_Radio DONE
12-11 16:56:42.902 15021 15021 D AndroidRuntime: Calling main entry com.android.commands.pm.Pm
12-11 16:56:42.907   609  3042 I ActivityManager: Force stopping com.android.chrome appid=10036 user=0: clear data
12-11 16:56:42.908   609  3042 I ActivityManager: Killing 14822:com.android.chrome/u0a36 (adj 11): stop com.android.chrome
12-11 16:56:42.994   609   619 W ActivityManager: Spurious death for ProcessRecord{bf3174d 0:com.android.chrome/u0a36}, curProc for 14822: null
12-11 16:56:43.002 11018 11018 I GeofencerStateMachine: removeGeofences: removeRequest=RemoveGeofencingRequest[REMOVE_ALL packageName=com.android.chrome]
12-11 16:56:43.058   609   832 I AccountManagerService: getTypesVisibleToCaller: isPermitted? true
12-11 16:56:43.063 14438 14452 D Documents: Update found 7 roots in 58ms
12-11 16:56:43.077 15021 15021 I art     : System.exit called, status: 0
12-11 16:56:43.077 15021 15021 I AndroidRuntime: VM exiting with result code 0.
12-11 16:56:43.079 11041 15037 D Wear_Controller: Received broadcast action=android.intent.action.PACKAGE_DATA_CLEARED and uri=com.android.chrome
12-11 16:56:43.081 11041 15039 I LocationSettingsChecker: Removing dialog suppression flag for package com.android.chrome
12-11 16:56:43.103 11041 11309 I Icing   : doRemovePackageData com.android.chrome
12-11 16:56:43.116 11041 11309 I Icing   : updateResources: need to parse tus{com.android.chrome}
12-11 16:56:43.215 11041 11309 I Icing   : Indexing 6AA98496AC250B0F8397D31085FCBC59AFA4456C from com.android.chrome
12-11 16:56:43.235   609  3417 I ActivityManager: Start proc 15058:com.android.chrome/u0a36 for content provider com.android.chrome/com.google.android.apps.chrome.icing.IcingProvider
12-11 16:56:43.274 15058 15058 W ActivityThread: Application com.android.chrome can be debugged on port 8100...
12-11 16:56:43.342 11041 11309 I Icing   : Indexing done 6AA98496AC250B0F8397D31085FCBC59AFA4456C
12-11 16:56:44.149 15071 15071 D AndroidRuntime: >>>>>> START com.android.internal.os.RuntimeInit uid 2000 <<<<<<
12-11 16:56:44.156 15071 15071 D AndroidRuntime: CheckJNI is OFF
12-11 16:56:44.213 15071 15071 D ICU     : No timezone override file found: /data/misc/zoneinfo/current/icu/icu_tzdata.dat
12-11 16:56:44.278 15071 15071 I Radio-JNI: register_android_hardware_Radio DONE
12-11 16:56:44.311 15071 15071 D AndroidRuntime: Calling main entry com.android.commands.pm.Pm
12-11 16:56:44.317   609  3357 I ActivityManager: Force stopping com.android.systemui appid=10024 user=0: clear data
12-11 16:56:44.321   609   621 W WallpaperManagerService: Wallpaper uninstalled, removing: ComponentInfo{com.android.systemui/com.android.systemui.ImageWallpaper}
12-11 16:56:44.323 11018 11018 I GeofencerStateMachine: removeGeofences: removeRequest=RemoveGeofencingRequest[REMOVE_ALL packageName=com.android.systemui]
12-11 16:56:44.360 11041 15045 D Wear_Controller: Received broadcast action=android.intent.action.PACKAGE_DATA_CLEARED and uri=com.android.systemui
12-11 16:56:44.366 11041 15045 I LocationSettingsChecker: Removing dialog suppression flag for package com.android.systemui
12-11 16:56:44.400   609   959 I AccountManagerService: getTypesVisibleToCaller: isPermitted? true
12-11 16:56:44.407 14438 14480 D Documents: Update found 7 roots in 84ms
12-11 16:56:44.411 11041 11309 I Icing   : doRemovePackageData com.android.systemui
12-11 16:56:44.433 15071 15071 I art     : System.exit called, status: 0
12-11 16:56:44.433 15071 15071 I AndroidRuntime: VM exiting with result code 0.
12-11 16:56:45.664 15097 15097 D AndroidRuntime: >>>>>> START com.android.internal.os.RuntimeInit uid 2000 <<<<<<
12-11 16:56:45.672 15097 15097 D AndroidRuntime: CheckJNI is OFF
12-11 16:56:45.732 15097 15097 D ICU     : No timezone override file found: /data/misc/zoneinfo/current/icu/icu_tzdata.dat
12-11 16:56:45.791 15097 15097 I Radio-JNI: register_android_hardware_Radio DONE
12-11 16:56:45.823 15097 15097 D AndroidRuntime: Calling main entry com.android.commands.pm.Pm
12-11 16:56:45.829   609  3416 I ActivityManager: Force stopping com.android.phone appid=1001 user=0: clear data
12-11 16:56:45.839 11018 11018 I GeofencerStateMachine: removeGeofences: removeRequest=RemoveGeofencingRequest[REMOVE_ALL packageName=com.android.phone]
12-11 16:56:45.865 11041 15042 D Wear_Controller: Received broadcast action=android.intent.action.PACKAGE_DATA_CLEARED and uri=com.android.phone
12-11 16:56:45.869 11041 15039 I LocationSettingsChecker: Removing dialog suppression flag for package com.android.phone
12-11 16:56:45.883   609  3416 I AccountManagerService: getTypesVisibleToCaller: isPermitted? true
12-11 16:56:45.901 14438 14568 D Documents: Update found 7 roots in 56ms
12-11 16:56:45.904 15097 15097 I art     : System.exit called, status: 0
12-11 16:56:45.904 15097 15097 I AndroidRuntime: VM exiting with result code 0.
12-11 16:56:45.908 11041 11309 I Icing   : doRemovePackageData com.android.phone
12-11 16:56:47.045 15123 15123 D AndroidRuntime: >>>>>> START com.android.internal.os.RuntimeInit uid 2000 <<<<<<
12-11 16:56:47.053 15123 15123 D AndroidRuntime: CheckJNI is OFF
12-11 16:56:47.113 15123 15123 D ICU     : No timezone override file found: /data/misc/zoneinfo/current/icu/icu_tzdata.dat
12-11 16:56:47.179 15123 15123 I Radio-JNI: register_android_hardware_Radio DONE
12-11 16:56:47.213 15123 15123 D AndroidRuntime: Calling main entry com.android.commands.pm.Pm
12-11 16:56:47.219   609  3042 I ActivityManager: Force stopping com.google.android.apps.maps appid=10057 user=0: clear data
12-11 16:56:47.230 11018 11018 I GeofencerStateMachine: removeGeofences: removeRequest=RemoveGeofencingRequest[REMOVE_ALL packageName=com.google.android.apps.maps]
12-11 16:56:47.263 11041 15037 D Wear_Controller: Received broadcast action=android.intent.action.PACKAGE_DATA_CLEARED and uri=com.google.android.apps.maps
12-11 16:56:47.263 11041 15039 I LocationSettingsChecker: Removing dialog suppression flag for package com.google.android.apps.maps
12-11 16:56:47.321 11041 11309 I Icing   : doRemovePackageData com.google.android.apps.maps
12-11 16:56:47.333   609  3358 I AccountManagerService: getTypesVisibleToCaller: isPermitted? true
12-11 16:56:47.337 15123 15123 I art     : System.exit called, status: 0
12-11 16:56:47.337 15123 15123 I AndroidRuntime: VM exiting with result code 0.
12-11 16:56:47.340 14438 14671 D Documents: Update found 7 roots in 104ms
12-11 16:56:47.890   194   194 E         : invalid crash request of size 4 (from pid=13983 uid=0)
12-11 16:56:48.110   609   652 W qcom_sensors_hal: hal_sensor1_data_cb: SENSOR1_MSG_TYPE_BROKEN_PIPE
12-11 16:56:48.136 15154 15154 E Diag_Lib:  Diag_LSM_Init: Failed to open handle to diag driver, error = 2
12-11 16:56:48.137 15154 15154 E Sensors : sns_fsa_la.c(386):fsa: fflush failed, 9
12-11 16:56:48.137 15154 15154 E Sensors : sns_fsa_la.c(386):fsa: fflush failed, 9
12-11 16:56:48.162 15154 15156 W Sensors : sns_smr_la.c(446):smr_la: smr_apps_la_thread_main is starting, fd=11, sns_smr.en_rx_msg_ptr=b6fc1a00
12-11 16:56:48.174 15154 15158 W Sensors : sns_sam_app.c(6827):sns_sam_reg_algo: Registering algo service 16, err 0
12-11 16:56:48.184 15154 15160 E Sensors : sns_debug_main.c(565):Debug Config File missing in EFS!
12-11 16:56:48.471 15152 15152 D AndroidRuntime: >>>>>> START com.android.internal.os.RuntimeInit uid 2000 <<<<<<
12-11 16:56:48.478 15152 15152 D AndroidRuntime: CheckJNI is OFF
12-11 16:56:48.535 15152 15152 D ICU     : No timezone override file found: /data/misc/zoneinfo/current/icu/icu_tzdata.dat
12-11 16:56:48.596 15152 15152 I Radio-JNI: register_android_hardware_Radio DONE
12-11 16:56:48.627 15152 15152 D AndroidRuntime: Calling main entry com.android.commands.pm.Pm
12-11 16:56:48.632   609   620 I ActivityManager: Force stopping com.android.settings appid=1000 user=0: clear data
12-11 16:56:48.633   609   620 I ActivityManager: Killing 14864:com.android.settings/1000 (adj 11): stop com.android.settings
12-11 16:56:48.645   609   674 D WifiService: Client connection lost with reason: 4
12-11 16:56:48.772   609  7033 W ActivityManager: Spurious death for ProcessRecord{607a343 0:com.android.settings/1000}, curProc for 14864: null
12-11 16:56:48.777 11018 11018 I GeofencerStateMachine: removeGeofences: removeRequest=RemoveGeofencingRequest[REMOVE_ALL packageName=com.android.settings]
12-11 16:56:48.808 11041 15042 D Wear_Controller: Received broadcast action=android.intent.action.PACKAGE_DATA_CLEARED and uri=com.android.settings
12-11 16:56:48.811 11041 15039 I LocationSettingsChecker: Removing dialog suppression flag for package com.android.settings
12-11 16:56:48.839   609   620 I AccountManagerService: getTypesVisibleToCaller: isPermitted? true
12-11 16:56:48.851 14438 14730 D Documents: Update found 7 roots in 69ms
12-11 16:56:48.855 11041 11309 I Icing   : doRemovePackageData com.android.settings
12-11 16:56:48.863 15152 15152 I art     : System.exit called, status: 0
12-11 16:56:48.863 15152 15152 I AndroidRuntime: VM exiting with result code 0.
12-11 16:56:50.028 15181 15181 D AndroidRuntime: >>>>>> START com.android.internal.os.RuntimeInit uid 2000 <<<<<<
12-11 16:56:50.035 15181 15181 D AndroidRuntime: CheckJNI is OFF
12-11 16:56:50.094 15181 15181 D ICU     : No timezone override file found: /data/misc/zoneinfo/current/icu/icu_tzdata.dat
12-11 16:56:50.152 15181 15181 I Radio-JNI: register_android_hardware_Radio DONE
12-11 16:56:50.184 15181 15181 D AndroidRuntime: Calling main entry com.android.commands.pm.Pm
12-11 16:56:50.189   609  3042 I ActivityManager: Force stopping com.google.android.gms appid=10009 user=0: clear data
12-11 16:56:50.189   609  3042 I ActivityManager: Killing 11018:com.google.android.gms.persistent/u0a9 (adj 1): stop com.google.android.gms
12-11 16:56:50.218   609  1289 D GpsStatusListenerHelper: Remote Listener died: android.location.IGpsStatusListener$Stub$Proxy@6f1b7a4
12-11 16:56:50.222   609   674 D WifiService: Client connection lost with reason: 4
12-11 16:56:50.222 10534 10534 D AatpDeviceManager: onDisconnected
12-11 16:56:50.223 11041 11041 W RocketImpressions: ClearcutLogger connection suspended: 1
12-11 16:56:50.310   609  3042 W ActivityManager: Scheduling restart of crashed service com.google.android.gms/com.google.android.location.fused.service.FusedProviderService in 1000ms
12-11 16:56:50.310   609  3042 W ActivityManager: Scheduling restart of crashed service com.google.android.gms/.deviceconnection.service.DeviceConnectionWatcherService in 11000ms
12-11 16:56:50.311   609  3042 W ActivityManager: Scheduling restart of crashed service com.google.android.gms/com.google.android.contextmanager.service.ContextManagerService in 21000ms
12-11 16:56:50.311   609  3042 W ActivityManager: Scheduling restart of crashed service com.google.android.gms/com.google.android.location.fused.FusedLocationService in 31000ms
12-11 16:56:50.311   609  3042 W ActivityManager: Scheduling restart of crashed service com.google.android.gms/.chimera.PersistentIntentOperationService in 40999ms
12-11 16:56:50.311   609  3042 W ActivityManager: Scheduling restart of crashed service com.google.android.gms/com.google.android.location.internal.server.GoogleLocationService in 40999ms
12-11 16:56:50.311   609  3042 W ActivityManager: Scheduling restart of crashed service com.google.android.gms/.auth.setup.devicesignals.LockScreenService in 50999ms
12-11 16:56:50.311   609  3042 W ActivityManager: Scheduling restart of crashed service com.google.android.gms/com.google.android.location.geofencer.service.GeofenceProviderService in 60999ms
12-11 16:56:50.311   609  3042 W ActivityManager: Scheduling restart of crashed service com.google.android.gms/.common.stats.GmsCoreStatsService in 70999ms
12-11 16:56:50.311   609  3042 W ActivityManager: Scheduling restart of crashed service com.google.android.gms/.auth.account.service.WorkAccountService in 80999ms
12-11 16:56:50.311   609  3042 W ActivityManager: Scheduling restart of crashed service com.google.android.gms/.clearcut.service.ClearcutLoggerService in 80999ms
12-11 16:56:50.312   609  3042 W ActivityManager: Scheduling restart of crashed service com.google.android.gms/com.google.android.location.internal.GoogleLocationManagerService in 90999ms
12-11 16:56:50.312   609  3042 W ActivityManager: Scheduling restart of crashed service com.google.android.gms/.pseudonymous.service.PseudonymousIdService in 100999ms
12-11 16:56:50.312   609  3042 W ActivityManager: Scheduling restart of crashed service com.google.android.gms/com.google.android.location.geocode.GeocodeService in 110999ms
12-11 16:56:50.312   609  3042 W ActivityManager: Scheduling restart of crashed service com.google.android.gms/.config.ConfigService in 120999ms
12-11 16:56:50.312   609  3042 W ActivityManager: Scheduling restart of crashed service com.google.android.gms/.auth.proximity.firstparty.SystemMemoryCacheService in 130999ms
12-11 16:56:50.312   609  3042 W ActivityManager: Scheduling restart of crashed service com.google.android.gms/com.google.android.location.network.NetworkLocationService in 130999ms
12-11 16:56:50.312   609  3042 W ActivityManager: Scheduling restart of crashed service com.google.android.gms/.gcm.GcmService in 140999ms
12-11 16:56:50.313 11041 11041 I ActivityThread: Removing dead content provider:android.content.ContentProviderProxy@923a833
12-11 16:56:50.313   609  3042 I ActivityManager: Killing 14495:com.google.android.apps.docs/u0a40 (adj 9): stop com.google.android.gms
12-11 16:56:50.441   609  3042 I ActivityManager: Killing 11041:com.google.android.gms/u0a9 (adj 5): stop com.google.android.gms
12-11 16:56:50.496   609   775 D ConnectivityService: ConnectivityService NetworkRequestInfo binderDied(NetworkRequest [ id=9, legacyType=-1, [ Capabilities: INTERNET&NOT_RESTRICTED&TRUSTED&NOT_VPN] ], android.os.BinderProxy@7b7590d)
12-11 16:56:50.499   609   675 D ConnectivityService: releasing NetworkRequest NetworkRequest [ id=9, legacyType=-1, [ Capabilities: INTERNET&NOT_RESTRICTED&TRUSTED&NOT_VPN] ]
12-11 16:56:50.501   609   675 E ConnectivityService: RemoteException caught trying to send a callback msg for NetworkRequest [ id=9, legacyType=-1, [ Capabilities: INTERNET&NOT_RESTRICTED&TRUSTED&NOT_VPN] ]
12-11 16:56:50.502   609   674 D WifiService: Client connection lost with reason: 4
12-11 16:56:50.621   609  3042 W ActivityManager: Scheduling restart of crashed service com.google.android.gms/.chimera.GmsIntentOperationService in 100689ms
12-11 16:56:50.625   609  3042 I ActivityManager:   Force stopping service ServiceRecord{28cdaea u0 com.google.android.gms/.config.ConfigService}
12-11 16:56:50.625   609  3042 I ActivityManager:   Force stopping service ServiceRecord{6521d1d u0 com.google.android.gms/.clearcut.service.ClearcutLoggerService}
12-11 16:56:50.625   609  3042 I ActivityManager:   Force stopping service ServiceRecord{88c3621 u0 com.google.android.gms/.common.stats.GmsCoreStatsService}
12-11 16:56:50.626   609  3042 I ActivityManager:   Force stopping service ServiceRecord{51f9e0e u0 com.google.android.gms/com.google.android.location.internal.GoogleLocationManagerService}
12-11 16:56:50.626   609  3042 I ActivityManager:   Force stopping service ServiceRecord{1a786ae u0 com.google.android.gms/com.google.android.location.network.NetworkLocationService}
12-11 16:56:50.626   609  3042 I ActivityManager:   Force stopping service ServiceRecord{d0e12e9 u0 com.google.android.gms/com.google.android.contextmanager.service.ContextManagerService}
12-11 16:56:50.626   609  3042 I ActivityManager:   Force stopping service ServiceRecord{ab74a46 u0 com.google.android.gms/com.google.android.location.internal.server.GoogleLocationService}
12-11 16:56:50.626   609  3042 I ActivityManager:   Force stopping service ServiceRecord{8a82c12 u0 com.google.android.gms/com.google.android.location.geofencer.service.GeofenceProviderService}
12-11 16:56:50.626   609  3042 I ActivityManager:   Force stopping service ServiceRecord{c5428e5 u0 com.google.android.gms/com.google.android.location.fused.FusedLocationService}
12-11 16:56:50.627   609  3042 I ActivityManager:   Force stopping service ServiceRecord{dacb647 u0 com.google.android.gms/com.google.android.location.fused.service.FusedProviderService}
12-11 16:56:50.627   609  3042 I ActivityManager:   Force stopping service ServiceRecord{608640 u0 com.google.android.gms/.gcm.GcmService}
12-11 16:56:50.627   609  3042 I ActivityManager:   Force stopping service ServiceRecord{a6ae644 u0 com.google.android.gms/.auth.setup.devicesignals.LockScreenService}
12-11 16:56:50.627   609  3042 I ActivityManager:   Force stopping service ServiceRecord{45e3dc8 u0 com.google.android.gms/com.google.android.location.geocode.GeocodeService}
12-11 16:56:50.627   609  3042 I ActivityManager:   Force stopping service ServiceRecord{da9fa1b u0 com.google.android.gms/.deviceconnection.service.DeviceConnectionWatcherService}
12-11 16:56:50.639   609  3357 W ActivityManager: Spurious death for ProcessRecord{4a8457f 0:com.google.android.gms.persistent/u0a9}, curProc for 11018: null
12-11 16:56:50.642   609   959 W ActivityManager: Spurious death for ProcessRecord{23a83f0 0:com.google.android.apps.docs/u0a40}, curProc for 14495: null
12-11 16:56:50.667   609   775 W ActivityManager: Spurious death for ProcessRecord{2a97605 0:com.google.android.gms/u0a9}, curProc for 11041: null
