12-11 16:56:50.731   609  3042 I ActivityManager: Start proc 15210:com.google.android.apps.docs/u0a40 for content provider com.google.android.apps.docs/.storagebackend.StorageBackendContentProvider
12-11 16:56:50.749   609  3416 I ActivityManager: Start proc 15223:com.google.android.gms.persistent/u0a9 for service com.google.android.gms/.clearcut.service.ClearcutLoggerService
12-11 16:56:50.818 15181 15181 I art     : System.exit called, status: 0
12-11 16:56:50.818 15181 15181 I AndroidRuntime: VM exiting with result code 0.
12-11 16:56:50.838 15223 15223 I LoadedApk: No resource references to update in package FFFFFFFFFFFFFFFFFFFFFF
12-11 16:56:50.916 15223 15223 W linker  : /data/app/com.google.android.gms-2/lib/arm/libconscrypt_gmscore_jni.so: unused DT entry: type 0x1d arg 0x1ed
12-11 16:56:50.923 15223 15223 V NativeCrypto: Registering com/google/android/gms/org/conscrypt/NativeCrypto's 259 native methods...
12-11 16:56:50.949 15223 15223 I art     : Rejecting re-init on previously-failed class java.lang.Class<com.google.android.gms.org.conscrypt.OpenSSLExtendedSessionImpl>
12-11 16:56:50.949 15223 15223 I art     : Rejecting re-init on previously-failed class java.lang.Class<com.google.android.gms.org.conscrypt.OpenSSLExtendedSessionImpl>
12-11 16:56:50.951 15223 15223 I art     : Rejecting re-init on previously-failed class java.lang.Class<com.google.android.gms.org.conscrypt.OpenSSLExtendedSessionImpl>
12-11 16:56:50.976 15223 15223 I ProviderInstaller: Installed default security provider GmsCore_OpenSSL
12-11 16:56:50.991 15223 15234 E ChimeraCfgMgr: Failed to read module config: java.io.FileNotFoundException: /data/data/com.google.android.gms/app_chimera/current_config.pb: open failed: ENOENT (No such file or directory)
12-11 16:56:50.999 15223 15234 E ChimeraCfgMgr: Failed to read module config: java.io.FileNotFoundException: /data/data/com.google.android.gms/app_chimera/current_config.pb: open failed: ENOENT (No such file or directory)
12-11 16:56:51.001 15223 15234 E ConfigFileUtils: Failed to read config file: /data/data/com.google.android.gms/app_chimera/current_fileapks.pb: open failed: ENOENT (No such file or directory)
12-11 16:56:51.045   609  3358 I ActivityManager: Start proc 15242:com.google.android.gms/u0a9 for content provider com.google.android.gms/.chimera.container.GmsModuleProvider
12-11 16:56:51.151 15242 15242 I LoadedApk: No resource references to update in package FFFFFFFFFFFFFFFFFFFFFF
12-11 16:56:51.308   609   618 I art     : Background partial concurrent mark sweep GC freed 26650(1692KB) AllocSpace objects, 4(84KB) LOS objects, 33% free, 25MB/37MB, paused 1.525ms total 106.109ms
12-11 16:56:51.360 15242 15253 E ChimeraCfgMgr: Failed to read module config: java.io.FileNotFoundException: /data/data/com.google.android.gms/app_chimera/current_config.pb: open failed: ENOENT (No such file or directory)
12-11 16:56:51.366 15223 15234 I DynamiteModule: Considering local module com.google.android.gms.googlecertificates:4 and remote module com.google.android.gms.googlecertificates:0
12-11 16:56:51.367 15223 15234 I DynamiteModule: Selected local version of com.google.android.gms.googlecertificates
12-11 16:56:51.460 15223 15234 E ConfigFileUtils: Failed to read config file: /data/data/com.google.android.gms/app_chimera/current_modulesets.pb: open failed: ENOENT (No such file or directory)
12-11 16:56:51.460 15223 15234 E ConfigFileUtils: Failed to read config file: /data/data/com.google.android.gms/app_chimera/current_fileapks.pb: open failed: ENOENT (No such file or directory)
12-11 16:56:51.466 15223 15234 E ChimeraCfgMgr: Failed to read module config: java.io.FileNotFoundException: /data/data/com.google.android.gms/app_chimera/current_config.pb: open failed: ENOENT (No such file or directory)
12-11 16:56:51.470 15223 15234 E ChimeraCfgMgr: Failed to read module config: java.io.FileNotFoundException: /data/data/com.google.android.gms/app_chimera/current_config.pb: open failed: ENOENT (No such file or directory)
12-11 16:56:51.496 15242 15242 W linker  : /data/app/com.google.android.gms-2/lib/arm/libconscrypt_gmscore_jni.so: unused DT entry: type 0x1d arg 0x1ed
12-11 16:56:51.503 15242 15242 V NativeCrypto: Registering com/google/android/gms/org/conscrypt/NativeCrypto's 259 native methods...
12-11 16:56:51.523 15242 15242 I art     : Rejecting re-init on previously-failed class java.lang.Class<com.google.android.gms.org.conscrypt.OpenSSLExtendedSessionImpl>
12-11 16:56:51.523 15242 15242 I art     : Rejecting re-init on previously-failed class java.lang.Class<com.google.android.gms.org.conscrypt.OpenSSLExtendedSessionImpl>
12-11 16:56:51.524 15242 15242 I art     : Rejecting re-init on previously-failed class java.lang.Class<com.google.android.gms.org.conscrypt.OpenSSLExtendedSessionImpl>
12-11 16:56:51.557 15242 15242 I ProviderInstaller: Installed default security provider GmsCore_OpenSSL
12-11 16:56:51.564   609  1164 I AccountManagerService: getTypesVisibleToCaller: isPermitted? true
12-11 16:56:51.588 15210 15271 I GAv4    : Google Analytics 11.0.11 is starting up. To enable debug logging on a device run:
12-11 16:56:51.588 15210 15271 I GAv4    :   adb shell setprop log.tag.GAv4 DEBUG
12-11 16:56:51.588 15210 15271 I GAv4    :   adb logcat -s GAv4
12-11 16:56:51.603 15210 15275 W GAv4    : AnalyticsReceiver is not registered or is disabled. Register the receiver for reliable dispatching on non-Google Play devices. See http://goo.gl/8Rd3yj for instructions.
12-11 16:56:51.604 15210 15210 W FieldDefinition: Ignoring isIndexed constraint as field also has uniqueness constraint (on just this field, and therefore SQLite will have to create an index on that. For field: com.google.android.apps.docs.database.common.FieldDefinition$a@c918202
12-11 16:56:51.610   609   619 I AccountManagerService: getTypesVisibleToCaller: isPermitted? true
12-11 16:56:51.611 15210 15275 W GAv4    : CampaignTrackingReceiver is not registered, not exported or is disabled. Installation campaign tracking is not possible. See http://goo.gl/8Rd3yj for instructions.
12-11 16:56:51.612 15210 15271 W CoreComponentFactoryImpl: RetainedComponent will not be retained if  dhe does not inherit FragmentActivity and fulfill jhu contract.
12-11 16:56:51.627 15210 15275 W GAv4    : AnalyticsService not registered in the app manifest. Hits might not be delivered reliably. See http://goo.gl/8Rd3yj for instructions.
12-11 16:56:51.698 15223 15223 I PhenotypeDbHelper: onUpgrade 10 to 12
12-11 16:56:51.698 15223 15223 I PhenotypeDbHelper: Update patchable to nullable in ApplicationStates
12-11 16:56:51.702 15223 15223 I PhenotypeDbHelper: Fix Phenotype registration to be weak
12-11 16:56:51.734 15223 15233 W ConfigurationChimeraProvider: Got null configs for com.google.android.gms
12-11 16:56:51.736 15223 15223 W ConfigurationChimeraProvider: Got null configs for com.google.android.gms
12-11 16:56:51.754 15242 15242 E ChimeraCfgMgr: Failed to read module config: java.io.FileNotFoundException: /data/data/com.google.android.gms/app_chimera/current_config.pb: open failed: ENOENT (No such file or directory)
12-11 16:56:51.763 15242 15242 E ChimeraCfgMgr: Failed to read module config: java.io.FileNotFoundException: /data/data/com.google.android.gms/app_chimera/current_config.pb: open failed: ENOENT (No such file or directory)
12-11 16:56:51.767   609  7033 I AccountManagerService: getTypesVisibleToCaller: isPermitted? true
12-11 16:56:51.767 15242 15242 E ConfigFileUtils: Failed to read config file: /data/data/com.google.android.gms/app_chimera/current_fileapks.pb: open failed: ENOENT (No such file or directory)
12-11 16:56:51.816   609   775 I AccountManagerService: getTypesVisibleToCaller: isPermitted? true
12-11 16:56:51.826 15242 15242 E ChimeraCfgMgr: Failed to read module config: java.io.FileNotFoundException: /data/data/com.google.android.gms/app_chimera/current_config.pb: open failed: ENOENT (No such file or directory)
12-11 16:56:51.827 15242 15242 I DynamiteModule: Considering local module com.google.android.gms.googlecertificates:4 and remote module com.google.android.gms.googlecertificates:0
12-11 16:56:51.827 15242 15242 I DynamiteModule: Selected local version of com.google.android.gms.googlecertificates
12-11 16:56:51.875   609  3357 I AccountManagerService: getTypesVisibleToCaller: isPermitted? true
12-11 16:56:51.876   609  3417 I AccountManagerService: getTypesVisibleToCaller: isPermitted? false
12-11 16:56:51.929   609  3416 I AccountManagerService: getTypesVisibleToCaller: isPermitted? true
12-11 16:56:51.929   609  3357 I AccountManagerService: getTypesVisibleToCaller: isPermitted? true
12-11 16:56:51.945 15242 15242 E ConfigFileUtils: Failed to read config file: /data/data/com.google.android.gms/app_chimera/current_modulesets.pb: open failed: ENOENT (No such file or directory)
12-11 16:56:51.946 15242 15242 E ConfigFileUtils: Failed to read config file: /data/data/com.google.android.gms/app_chimera/current_fileapks.pb: open failed: ENOENT (No such file or directory)
12-11 16:56:51.953 15242 15242 E ChimeraCfgMgr: Failed to read module config: java.io.FileNotFoundException: /data/data/com.google.android.gms/app_chimera/current_config.pb: open failed: ENOENT (No such file or directory)
12-11 16:56:51.961 15242 15242 E ChimeraCfgMgr: Failed to read module config: java.io.FileNotFoundException: /data/data/com.google.android.gms/app_chimera/current_config.pb: open failed: ENOENT (No such file or directory)
12-11 16:56:51.983 14438 14452 D Documents: Update found 7 roots in 1284ms
12-11 16:56:52.010 15223 15300 E SQLiteLog: (1) no such table: storage_size
12-11 16:56:52.017 15223 15297 I NetworkScheduler: Using standalone scheduling engine
12-11 16:56:52.076 15223 15300 I HeterodyneConfigVersion: No Heterodyne serving version in database
12-11 16:56:52.098 15258 15258 D AndroidRuntime: >>>>>> START com.android.internal.os.RuntimeInit uid 2000 <<<<<<
12-11 16:56:52.105 15258 15258 D AndroidRuntime: CheckJNI is OFF
12-11 16:56:52.160 15258 15258 D ICU     : No timezone override file found: /data/misc/zoneinfo/current/icu/icu_tzdata.dat
12-11 16:56:52.215 15258 15258 I Radio-JNI: register_android_hardware_Radio DONE
12-11 16:56:52.245 15258 15258 D AndroidRuntime: Calling main entry com.android.commands.pm.Pm
12-11 16:56:52.251   609  7033 I ActivityManager: Force stopping com.google.android.gm appid=10070 user=0: clear data
12-11 16:56:52.277 15242 15320 E ConfigFileUtils: Failed to read config file: /data/data/com.google.android.gms/app_chimera/current_fileapks.pb: open failed: ENOENT (No such file or directory)
12-11 16:56:52.281   609   832 I AccountManagerService: getTypesVisibleToCaller: isPermitted? true
12-11 16:56:52.286 14438 14480 D Documents: Update found 7 roots in 31ms
12-11 16:56:52.286 15242 15320 E ConfigFileUtils: Failed to read config file: /data/data/com.google.android.gms/app_chimera/current_modulesets.pb: open failed: ENOENT (No such file or directory)
12-11 16:56:52.287 15242 15320 E ConfigFileUtils: Failed to read config file: /data/data/com.google.android.gms/app_chimera/current_fileapks.pb: open failed: ENOENT (No such file or directory)
12-11 16:56:52.292 15242 15320 E ConfigFileUtils: Failed to read config file: /data/data/com.google.android.gms/app_chimera/current_fileapks.pb: open failed: ENOENT (No such file or directory)
12-11 16:56:52.296 15258 15258 I art     : System.exit called, status: 0
12-11 16:56:52.296 15258 15258 I AndroidRuntime: VM exiting with result code 0.
12-11 16:56:52.303 15242 15320 E ConfigFileUtils: Failed to read config file: /data/data/com.google.android.gms/app_chimera/current_modulesets.pb: open failed: ENOENT (No such file or directory)
12-11 16:56:52.304 15242 15320 E ConfigFileUtils: Failed to read config file: /data/data/com.google.android.gms/app_chimera/current_fileapks.pb: open failed: ENOENT (No such file or directory)
12-11 16:56:52.312 15242 15321 E ConfigFileUtils: Failed to read config file: /data/data/com.google.android.gms/app_chimera/current_fileapks.pb: open failed: ENOENT (No such file or directory)
12-11 16:56:52.318 15242 15321 E ConfigFileUtils: Failed to read config file: /data/data/com.google.android.gms/app_chimera/current_modulesets.pb: open failed: ENOENT (No such file or directory)
12-11 16:56:52.318 15242 15321 E ConfigFileUtils: Failed to read config file: /data/data/com.google.android.gms/app_chimera/current_fileapks.pb: open failed: ENOENT (No such file or directory)
12-11 16:56:52.322 15223 15277 W ConfigurationChimeraProvider: Got null configs for com.google.android.gms.accountsettings
12-11 16:56:52.375 15223 15233 W ConfigurationChimeraProvider: Got null configs for com.google.android.gms.ads
12-11 16:56:52.405 15223 15277 W ConfigurationChimeraProvider: Got null configs for com.google.android.gms.cast
12-11 16:56:52.668 15242 15320 E ConfigFileUtils: Failed to read config file: /data/data/com.google.android.gms/app_chimera/current_modulesets.pb: open failed: ENOENT (No such file or directory)
12-11 16:56:52.669 15242 15320 E ConfigFileUtils: Failed to read config file: /data/data/com.google.android.gms/app_chimera/current_fileapks.pb: open failed: ENOENT (No such file or directory)
12-11 16:56:52.675 15242 15331 E ConfigFileUtils: Failed to read config file: /data/data/com.google.android.gms/app_chimera/current_modulesets.pb: open failed: ENOENT (No such file or directory)
12-11 16:56:52.676 15242 15331 E ConfigFileUtils: Failed to read config file: /data/data/com.google.android.gms/app_chimera/current_fileapks.pb: open failed: ENOENT (No such file or directory)
12-11 16:56:52.713 15223 15327 I HeterodyneSyncScheduler: Scheduling Phenotype for a PhenotypeSyncImmediately(6, com.google.android.gms.accountsettings) one off with window [1, 2] in seconds
12-11 16:56:52.756 15242 15320 D Wear_Controller: Received broadcast action=android.intent.action.PACKAGE_DATA_CLEARED and uri=com.google.android.gm
12-11 16:56:52.772 15242 15320 I LocationSettingsChecker: Removing dialog suppression flag for package com.google.android.gm
12-11 16:56:52.778 12869 12911 E linker  : readlink('/proc/self/fd/22') failed: Permission denied [fd=22]
12-11 16:56:52.778 12869 12911 E linker  : warning: unable to get realpath for the library "/data/data/com.google.android.googlequicksearchbox/files/extradex_jars/verified/recognizer/recognizer-0.dex". Will use given name.
12-11 16:56:52.785 12869 15345 E linker  : readlink('/proc/self/fd/24') failed: Permission denied [fd=24]
12-11 16:56:52.785 12869 15345 E linker  : warning: unable to get realpath for the library "/data/data/com.google.android.googlequicksearchbox/files/extradex_jars/verified/tts/tts-0.dex". Will use given name.
12-11 16:56:52.821 15242 15331 I Backup  : [CallLogFlagSetter] Whitelisted for call log backup, but not enabling because user_full_data_backup_aware not set.
12-11 16:56:52.822 15242 15332 I MobileDataHub: Using regular flags by method 1
12-11 16:56:52.855 15242 15334 I ChimeraConfigService: Scheduling checkin every 120 seconds, with flex of 60 seconds
12-11 16:56:52.872 15242 15331 E ConfigFileUtils: Failed to read config file: /data/data/com.google.android.gms/app_chimera/current_modulesets.pb: open failed: ENOENT (No such file or directory)
12-11 16:56:52.876 15242 15331 E ConfigFileUtils: Failed to read config file: /data/data/com.google.android.gms/app_chimera/current_fileapks.pb: open failed: ENOENT (No such file or directory)
12-11 16:56:52.898 15242 15322 I Ads     : Parental control value is stale. Refreshing.
12-11 16:56:52.900 15242 15331 E ConfigFileUtils: Failed to read config file: /data/data/com.google.android.gms/app_chimera/current_fileapks.pb: open failed: ENOENT (No such file or directory)
12-11 16:56:52.905 15242 15322 I Ads     : Initialized AdMob in container 11.5.09 (436-164803921)
12-11 16:56:53.012 15242 15322 I Auth    : [WorkAccount] update authenticator enabled for boot or update
12-11 16:56:53.048   609  3357 I AccountManagerService: getTypesVisibleToCaller: isPermitted? true
12-11 16:56:53.059 15223 15361 I Auth    : [Change,AccountsChange] First snapshot
12-11 16:56:53.061   609  3417 I AccountManagerService: getTypesVisibleToCaller: isPermitted? true
12-11 16:56:53.062   609   620 I AccountManagerService: getTypesVisibleToCaller: isPermitted? true
12-11 16:56:53.062   609  3416 I AccountManagerService: getTypesVisibleToCaller: isPermitted? true
12-11 16:56:53.063 15223 15361 W WakefulBroadcastReceiver: No active wake lock id #1
12-11 16:56:53.093 15242 15322 I Backup  : [PreLComponentEnabler] Disabling pre-L components
12-11 16:56:53.104 15242 15320 I Backup  : [ComponentEnabler] Disabling target components
12-11 16:56:53.115 15242 15320 I Backup  : [ComponentEnabler] Enabling source components
12-11 16:56:53.131 15242 15366 W ChimeraUtils: Non Chimera context
12-11 16:56:53.135   609   626 D BluetoothManagerService: Added callback: android.bluetooth.IBluetoothManagerCallback$Stub$Proxy@d934c7:true
12-11 16:56:53.167   609   959 I AccountManagerService: getTypesVisibleToCaller: isPermitted? true
12-11 16:56:53.167 12816 12827 W Finsky  : [505] FinskyApp.getCurrentAccount: No account configured on this device.
12-11 16:56:53.169 15242 15242 I Ads     : Successfully received play store parental controls the result.
12-11 16:56:53.218 15242 15331 E ConfigFileUtils: Failed to read config file: /data/data/com.google.android.gms/app_chimera/current_modulesets.pb: open failed: ENOENT (No such file or directory)
12-11 16:56:53.314 15242 15365 I Icing   : Storage manager: low false usage 0 Bytes avail 10.42GB capacity 11.94GB
12-11 16:56:53.407 15242 15317 W ChimeraUtils: Non Chimera context
12-11 16:56:53.414   609  3358 I AccountManagerService: getTypesVisibleToCaller: isPermitted? true
12-11 16:56:53.415   609   775 I AccountManagerService: getTypesVisibleToCaller: isPermitted? true
12-11 16:56:53.416   609  3358 I AccountManagerService: getTypesVisibleToCaller: isPermitted? true
12-11 16:56:53.435   609   674 D WifiService: New client listening to asynchronous messages
12-11 16:56:53.465 15223 15223 I art     : Rejecting re-init on previously-failed class java.lang.Class<anhx>
12-11 16:56:53.465 15223 15223 I art     : Rejecting re-init on previously-failed class java.lang.Class<anhx>
12-11 16:56:53.473 15328 15328 D AndroidRuntime: >>>>>> START com.android.internal.os.RuntimeInit uid 2000 <<<<<<
12-11 16:56:53.480 15328 15328 D AndroidRuntime: CheckJNI is OFF
12-11 16:56:53.523 15242 15385 I GoogleURLConnFactory: Using platform SSLCertificateSocketFactory
12-11 16:56:53.558 15328 15328 D ICU     : No timezone override file found: /data/misc/zoneinfo/current/icu/icu_tzdata.dat
12-11 16:56:53.569   609   619 I AccountManagerService: getTypesVisibleToCaller: isPermitted? true
12-11 16:56:53.571 15242 15385 E BaseAppContext: Tried to stop global GMSCore RequestQueue. This is likely unintended, so ignoring.
12-11 16:56:53.613 15242 15385 I Authzen : [AuthZenEventHandler] Handling event: com.google.android.chimera.IntentOperation.NEW_MODULE
12-11 16:56:53.617   609  3442 I AccountManagerService: getTypesVisibleToCaller: isPermitted? true
12-11 16:56:53.652 15328 15328 I Radio-JNI: register_android_hardware_Radio DONE
12-11 16:56:53.675 15242 15334 W ChimeraUtils: Non Chimera context
12-11 16:56:53.692 15223 15394 W GCoreFlp: No location to return for getLastLocation()
12-11 16:56:53.695 15223 15387 E GeofenceStateCache: Unable to load state, all registered geofences are lost.
12-11 16:56:53.709 15223 15387 I GeofencerStateMachine: Network location disabled.
12-11 16:56:53.716 15328 15328 D AndroidRuntime: Calling main entry com.android.commands.pm.Pm
12-11 16:56:53.721 15242 15334 I CheckinChimeraService: android.os.VintfObject class not found : android.os.VintfObject
12-11 16:56:53.723   609  3357 W ActivityManager: Invalid packageName: com.android.browser
12-11 16:56:53.737 15328 15328 I art     : System.exit called, status: 1
12-11 16:56:53.737 15328 15328 I AndroidRuntime: VM exiting with result code 1.
12-11 16:56:53.772 15242 15365 E Icing   : Opening file /data/data/com.google.android.gms/files/AppDataSearch/main/cur/compact_status for read failed: No such file or directory
12-11 16:56:53.810 15242 15365 W Icing   : city name for address is empty or is not existed. 
12-11 16:56:53.810 15242 15365 W Icing   : street name for address is empty or is not existed. 
12-11 16:56:53.810 15242 15365 W Icing   : transportation_script_path is empty
12-11 16:56:53.870   609  1289 I AccountManagerService: getTypesVisibleToCaller: isPermitted? true
12-11 16:56:53.871   609   618 I art     : Background partial concurrent mark sweep GC freed 23810(1562KB) AllocSpace objects, 0(0B) LOS objects, 33% free, 25MB/37MB, paused 1.708ms total 126.770ms
12-11 16:56:53.932 15242 15365 W Icing   : Words file  does not exist!
12-11 16:56:53.932 15242 15365 W Icing   : WordsMap was not properly initialized
12-11 16:56:53.997 15242 15428 I CheckinCompat: Disabling old GoogleServicesFramework version
12-11 16:56:54.018 15419 15419 I dex2oat : /system/bin/dex2oat --dex-file=/data/data/com.google.android.gms/app_chimera/m/00000000/DynamiteLoader_GmsCore_prodmnc_xhdpi_release.apk --oat-file=/data/data/com.google.android.gms/app_chimera/m/00000000/oat/arm/DynamiteLoader_GmsCore_prodmnc_xhdpi_release.dex
12-11 16:56:54.123 15242 15320 I Fido    : [FidoInitIntentOperation] Initializing Fido module, InitRuntimeState=12
12-11 16:56:54.124   609   673 D WifiHAL : WifihalGeneric 0x9968f3d0 constructed
12-11 16:56:54.124   609   673 I WifiHAL : ******HexDump len:0*********
12-11 16:56:54.124   609   673 I WifiHAL : ******HexDump End***********
12-11 16:56:54.124   609   673 E WifiHAL : create ifindex obtained:22
12-11 16:56:54.124   609   673 E WifiHAL : set_iface_id ifindex obtained:22
12-11 16:56:54.124   609   673 E WifiHAL : wifi_error acquire_supported_features(wifi_interface_handle, feature_set*): requestResponse Error:-95
12-11 16:56:54.124   609   673 D WifiHAL : WifihalGeneric 0x9968f3d0 destructor
12-11 16:56:54.124   609   673 I WifiHAL : Supported feature set acquired at initialization : 0
12-11 16:56:54.133 15242 15320 I Fitness : Module updated. Enabling [com.google.android.gms.fitness.service.wearable.WearableSyncMessageService, com.google.android.gms.fitness.service.wearable.WearableSyncAccountService, com.google.android.gms.fitness.service.wearable.WearableSyncConnectionService, com.google.android.gms.fitness.service.wearable.WearableSyncConfigService, com.google.android.gms.fitness.service.goals.FitGoalsBroker]
12-11 16:56:54.159 15242 15320 W GmsModuleProvider: Unknown dynamite feature flags
12-11 16:56:54.159 15242 15320 I DynamiteModule: Considering local module com.google.android.gms.flags:2 and remote module com.google.android.gms.flags:0
12-11 16:56:54.159 15242 15320 I DynamiteModule: Selected local version of com.google.android.gms.flags
12-11 16:56:54.239 15242 15437 I EventLogChimeraService: Accumulating logs since 0
12-11 16:56:54.252 15242 15365 I Icing   : Version not set, assuming clear data.
12-11 16:56:54.260 15242 15365 I Icing   : Clearing storage
12-11 16:56:54.322 15419 15435 W dex2oat : Verification of af[] af.a() took 121.490ms
12-11 16:56:54.347 15242 15447 I Authzen : [PermitStore] Getting all permits...
12-11 16:56:54.371 15419 15419 W dex2oat : Verification of cv ac.a(cm) took 161.315ms
12-11 16:56:54.396   609   674 D WifiService: New client listening to asynchronous messages
12-11 16:56:54.424 15419 15436 W dex2oat : Verification of ag[] ag.a() took 136.657ms
12-11 16:56:54.705 15419 15436 W dex2oat : Compilation of cv ar.a(cm) took 121.368ms
12-11 16:56:54.830 15242 15320 I GoogleURLConnFactory: Using platform SSLCertificateSocketFactory
12-11 16:56:54.925 15432 15432 D AndroidRuntime: >>>>>> START com.android.internal.os.RuntimeInit uid 2000 <<<<<<
12-11 16:56:54.928 15419 15436 W dex2oat : Compilation of void u.<init>(java.lang.ClassLoader, java.lang.ClassLoader, java.lang.String[]) took 130.554ms
12-11 16:56:54.931 15432 15432 D AndroidRuntime: CheckJNI is OFF
12-11 16:56:54.989 15432 15432 D ICU     : No timezone override file found: /data/misc/zoneinfo/current/icu/icu_tzdata.dat
12-11 16:56:54.998 15419 15419 W dex2oat : Compilation of java.lang.Class t.loadClass(java.lang.String, boolean) took 201.995ms
12-11 16:56:54.998 15419 15434 W dex2oat : Compilation of java.lang.ClassLoader p.a(java.lang.ClassLoader) took 227.478ms
12-11 16:56:55.007 15419 15435 W dex2oat : Compilation of java.lang.ClassLoader o.a(java.lang.ClassLoader) took 224.334ms
12-11 16:56:55.042 15432 15432 I Radio-JNI: register_android_hardware_Radio DONE
12-11 16:56:55.059 15242 15320 I FontsSharedState: No directory on disk newer than version 0
12-11 16:56:55.072 15432 15432 D AndroidRuntime: Calling main entry com.android.commands.pm.Pm
12-11 16:56:55.076   609  3417 W ActivityManager: Invalid packageName: com.android.browser.provider
12-11 16:56:55.079 15432 15432 I art     : System.exit called, status: 1
12-11 16:56:55.079 15432 15432 I AndroidRuntime: VM exiting with result code 1.
12-11 16:56:55.160   609  1164 I AccountManagerService: getTypesVisibleToCaller: isPermitted? true
12-11 16:56:55.168 15242 15320 I GCM-GMS : Scheduling task to register GMS
12-11 16:56:55.184 15419 15419 I dex2oat : dex2oat took 1.174s (threads: 4) arena alloc=2MB java alloc=170KB native alloc=3MB free=4MB
12-11 16:56:55.282 15242 15331 I art     : Note: end time exceeds epoch: 
12-11 16:56:55.297   609   959 D VoldConnector: SND -> {15 volume mkdirs /storage/emulated/0/Android/data/com.google.android.apps.docs/cache/}
12-11 16:56:55.300   609   664 D VoldConnector: RCV <- {200 15 Command succeeded}
12-11 16:56:55.302 15242 15447 I Authzen : [fcc] Creating database auth.proximity.permit_store...
12-11 16:56:55.354 15242 15464 I Icing   : MaintenanceDriver: Registering all GCM Tasks.
12-11 16:56:55.374 15242 15447 I Authzen : [fcc] Opening database auth.proximity.permit_store...
12-11 16:56:55.385   609   620 I ActivityManager: Start proc 15471:com.google.android.gms.ui/u0a9 for service com.google.android.gms/.chimera.UiIntentOperationService
12-11 16:56:55.567 15223 15295 I GeofencerStateMachine: removeGeofences: removeRequest=RemoveGeofencingRequest[REMOVE_BY_PENDING_INTENT pendingIntent=PendingIntent[creatorPackage=com.google.android.gms], packageName=null]
12-11 16:56:55.589 15471 15471 I LoadedApk: No resource references to update in package FFFFFFFFFFFFFFFFFFFFFF
12-11 16:56:55.665 15210 15273 E linker  : readlink('/proc/self/fd/25') failed: Permission denied [fd=25]
12-11 16:56:55.675 15210 15273 E linker  : warning: unable to get realpath for the library "/data/dalvik-cache/arm/system@framework@com.android.location.provider.jar@classes.dex". Will use given name.
12-11 16:56:55.676 15210 15273 E linker  : readlink('/proc/self/fd/25') failed: Permission denied [fd=25]
12-11 16:56:55.676 15210 15273 E linker  : warning: unable to get realpath for the library "/data/dalvik-cache/arm/system@framework@com.android.media.remotedisplay.jar@classes.dex". Will use given name.
12-11 16:56:55.680 15471 15471 W linker  : /data/app/com.google.android.gms-2/lib/arm/libconscrypt_gmscore_jni.so: unused DT entry: type 0x1d arg 0x1ed
12-11 16:56:55.687 15471 15471 V NativeCrypto: Registering com/google/android/gms/org/conscrypt/NativeCrypto's 259 native methods...
12-11 16:56:55.717 15471 15471 I art     : Rejecting re-init on previously-failed class java.lang.Class<com.google.android.gms.org.conscrypt.OpenSSLExtendedSessionImpl>
12-11 16:56:55.717 15471 15471 I art     : Rejecting re-init on previously-failed class java.lang.Class<com.google.android.gms.org.conscrypt.OpenSSLExtendedSessionImpl>
12-11 16:56:55.718 15471 15471 I art     : Rejecting re-init on previously-failed class java.lang.Class<com.google.android.gms.org.conscrypt.OpenSSLExtendedSessionImpl>
12-11 16:56:55.721 15210 15273 E linker  : readlink('/proc/self/fd/25') failed: Permission denied [fd=25]
12-11 16:56:55.721 15210 15273 E linker  : warning: unable to get realpath for the library "/data/app/com.google.android.gms-2/oat/arm/base.odex". Will use given name.
12-11 16:56:55.752 15471 15471 I ProviderInstaller: Installed default security provider GmsCore_OpenSSL
12-11 16:56:55.773 15487 15487 I dex2oat : /system/bin/dex2oat --dex-file=/data/data/com.google.android.gms/app_chimera/m/00000002/DynamiteModulesA_GmsCore_prodmnc_xhdpi_release.apk --oat-file=/data/data/com.google.android.gms/app_chimera/m/00000002/oat/arm/DynamiteModulesA_GmsCore_prodmnc_xhdpi_release.dex
12-11 16:56:55.788 15242 15415 E FontsHttpClientDL: Download https://fonts.gstatic.com/s/a/directory007.pb failed
12-11 16:56:55.820   609  3357 I AccountManagerService: getTypesVisibleToCaller: isPermitted? true
12-11 16:56:55.926 15242 15437 W ProcessCheckinRequest: Fail to connect to GoogleApiClient error : krs{statusCode=TIMEOUT, resolution=null, message=null}
12-11 16:56:55.975 15210 15273 E linker  : readlink('/proc/self/fd/25') failed: Permission denied [fd=25]
12-11 16:56:55.975 15210 15273 E linker  : warning: unable to get realpath for the library "/data/app/com.google.android.gms-2/lib/arm/libgmscore.so". Will use given name.
12-11 16:56:56.010 15223 15414 W Settings: Setting airplane_mode_on has moved from android.provider.Settings.System to android.provider.Settings.Global, returning read-only value.
12-11 16:56:56.015 15210 15273 E linker  : readlink('/proc/self/fd/25') failed: Permission denied [fd=25]
12-11 16:56:56.016 15210 15273 E linker  : warning: unable to get realpath for the library "/data/app/com.google.android.gms-2/lib/arm/libconscrypt_gmscore_jni.so". Will use given name.
12-11 16:56:56.016 15210 15273 W linker  : /data/app/com.google.android.gms-2/lib/arm/libconscrypt_gmscore_jni.so: unused DT entry: type 0x1d arg 0x1ed
12-11 16:56:56.022 15223 15414 W Settings: Setting airplane_mode_on has moved from android.provider.Settings.System to android.provider.Settings.Global, returning read-only value.
12-11 16:56:56.037 15210 15273 V NativeCrypto: Registering com/google/android/gms/org/conscrypt/NativeCrypto's 259 native methods...
12-11 16:56:56.047 15242 15437 I CheckinRequestBuilder: Checkin reason type: 5 attempt count: 1
12-11 16:56:56.050   609   620 I AccountManagerService: getTypesVisibleToCaller: isPermitted? true
12-11 16:56:56.051   609  1289 I AccountManagerService: getTypesVisibleToCaller: isPermitted? true
12-11 16:56:56.068 15223 15414 W Settings: Setting airplane_mode_on has moved from android.provider.Settings.System to android.provider.Settings.Global, returning read-only value.
12-11 16:56:56.101 15471 15494 I MagicTether: [HostValidator] InvalidHost. MobileData: false, Tethering: false, whitelist: false, ble: true
12-11 16:56:56.125 15210 15273 I art     : Rejecting re-init on previously-failed class java.lang.Class<com.google.android.gms.org.conscrypt.OpenSSLExtendedSessionImpl>
12-11 16:56:56.125 15223 15498 I CheckinUtil: Classify the device as Tablet.
12-11 16:56:56.132 15210 15273 I art     : Rejecting re-init on previously-failed class java.lang.Class<com.google.android.gms.org.conscrypt.OpenSSLExtendedSessionImpl>
12-11 16:56:56.134 15210 15273 I art     : Rejecting re-init on previously-failed class java.lang.Class<com.google.android.gms.org.conscrypt.OpenSSLExtendedSessionImpl>
12-11 16:56:56.171 15242 15437 E ActivityThread: Failed to find provider info for com.google.android.wearable.settings
12-11 16:56:56.177 15210 15273 I ProviderInstaller: Installed default security provider GmsCore_OpenSSL
12-11 16:56:56.187 15242 15365 I Icing   : updateResources: need to parse tus{com.google.android.gms}
12-11 16:56:56.221 15242 15320 I FA-SVC  : App measurement is starting up, version: 11509
12-11 16:56:56.249 15242 15505 I FA-SVC  : This instance being marked as an uploader
12-11 16:56:56.319 15467 15467 D AndroidRuntime: >>>>>> START com.android.internal.os.RuntimeInit uid 2000 <<<<<<
12-11 16:56:56.325 15467 15467 D AndroidRuntime: CheckJNI is OFF
12-11 16:56:56.333 15242 15320 I CmaSystemUpdateService: Runtime init receiver: Intent { act=com.google.android.chimera.IntentOperation.NEW_MODULE (has extras) } with flags: 12
12-11 16:56:56.334 15242 15320 I CmaSystemUpdateService: receiver: Intent { act=com.google.android.chimera.IntentOperation.NEW_MODULE (has extras) }
12-11 16:56:56.369 15223 15233 W ConfigurationChimeraProvider: Got null configs for com.google.android.gms.update
12-11 16:56:56.379 15242 15437 I CheckinRequestBuilder: Unknown state of subscriptions on the device
12-11 16:56:56.391 15467 15467 D ICU     : No timezone override file found: /data/misc/zoneinfo/current/icu/icu_tzdata.dat
12-11 16:56:56.393 15242 15242 I CmaSystemUpdateService: connectivity change: Intent { act=android.net.conn.CONNECTIVITY_CHANGE flg=0x4000010 (has extras) }
12-11 16:56:56.393 15242 15242 I CmaSystemUpdateService: receiver: Intent { act=android.net.conn.CONNECTIVITY_CHANGE flg=0x4000010 (has extras) }
12-11 16:56:56.417 15242 15515 W Settings: Setting device_provisioned has moved from android.provider.Settings.Secure to android.provider.Settings.Global.
12-11 16:56:56.420 15242 15437 I GoogleSettingsUtils: Updated ID in checkin_id_token file
12-11 16:56:56.445 15467 15467 I Radio-JNI: register_android_hardware_Radio DONE
12-11 16:56:56.452 15242 15515 I CmaSystemUpdateService: active receiver: enabled
12-11 16:56:56.467 15242 15447 I Icing   : IndexChimeraService.getServiceInterface callingPackage=com.google.android.gms componentName=null serviceId=36
12-11 16:56:56.476 15467 15467 D AndroidRuntime: Calling main entry com.android.commands.pm.Pm
12-11 16:56:56.489   609   619 W ActivityManager: Invalid packageName: com.samsung.android.scloud.proxy.sbrowser
12-11 16:56:56.491 15467 15467 I art     : System.exit called, status: 1
12-11 16:56:56.491 15467 15467 I AndroidRuntime: VM exiting with result code 1.
12-11 16:56:56.492 15242 15515 I SystemUpdateTask: cancelUpdate (update URL has changed)
12-11 16:56:56.502 15242 15437 I Adreno-EGL: <qeglDrvAPI_eglInitialize:379>: QUALCOMM Build: 09/02/15, 76f806e, Ibddc658e36
12-11 16:56:56.566 15242 15515 I SystemUpdateTask: cancelUpdate (not provisioned)
12-11 16:56:56.569   609  3042 I AccountManagerService: getTypesVisibleToCaller: isPermitted? true
12-11 16:56:56.571   609  3417 I AccountManagerService: getTypesVisibleToCaller: isPermitted? true
12-11 16:56:56.578   609   775 I AccountManagerService: getTypesVisibleToCaller: isPermitted? true
12-11 16:56:56.592 15223 15319 I GCoreUlr: Starting service, intent=Intent { act=com.google.android.location.reporting.ACTION_UPDATE_WORLD cmp=com.google.android.gms/com.google.android.location.reporting.service.DispatchingService (has extras) }, extras=Bundle[{receiverAction=com.google.android.gms.location.init.INIT_ACTION, is_module_updated=true}]
12-11 16:56:56.606   609  3358 I AccountManagerService: getTypesVisibleToCaller: isPermitted? true
12-11 16:56:56.607   609   620 I AccountManagerService: getTypesVisibleToCaller: isPermitted? true
12-11 16:56:56.616 15242 15529 I CmaSystemUpdateService: active receiver: enabled
12-11 16:56:56.619 15242 15437 I Adreno-EGL: <qeglDrvAPI_eglInitialize:379>: QUALCOMM Build: 09/02/15, 76f806e, Ibddc658e36
12-11 16:56:56.626 15242 15529 I SystemUpdateTask: cancelUpdate (update URL has changed)
12-11 16:56:56.651   609  3417 I AccountManagerService: getTypesVisibleToCaller: isPermitted? true
12-11 16:56:56.660 15223 15223 W NearbyDiscovery: android.app.NotificationChannel class is not found
12-11 16:56:56.670 15223 15498 W FetchTask: exception on config fetch: java.net.UnknownHostException: Unable to resolve host "cloudconfig.googleapis.com": No address associated with hostname
12-11 16:56:56.687 15242 15529 I SystemUpdateTask: checkUpdateState: spStatus=1, urgency=2, streaming=false, streamingInProgress=false
12-11 16:56:56.688 15223 15532 W ConfigurationChimeraProvider: Got null configs for com.google.android.gms.nearby
12-11 16:56:56.714   609  3357 I ActivityManager: Start proc 15533:com.google.android.gms.unstable/u0a9 for service com.google.android.gms/.droidguard.DroidGuardService
12-11 16:56:56.717 15223 15319 I NetRec  : [604] yje.a: onAppUpdated()
12-11 16:56:56.718 15223 15319 I NetRec  : [604] yje.b: onConfigChanged()
12-11 16:56:56.747   609   618 I art     : Background partial concurrent mark sweep GC freed 14624(1055KB) AllocSpace objects, 0(0B) LOS objects, 33% free, 25MB/37MB, paused 2.227ms total 119.781ms
12-11 16:56:56.781 15223 15300 I MagicTether: [HostValidator] InvalidHost. MobileData: false, Tethering: false, whitelist: false, ble: true
12-11 16:56:56.829 15533 15533 I LoadedApk: No resource references to update in package FFFFFFFFFFFFFFFFFFFFFF
12-11 16:56:56.858 15242 15529 I CmaSystemUpdateService: showing system update notification
12-11 16:56:56.859 15242 15422 W Herrevad: [649] tph.b: Invalid mccmnc 
12-11 16:56:56.928 15242 15422 W Herrevad: [649] tph.b: Invalid mccmnc 
12-11 16:56:56.933 15533 15533 W linker  : /data/app/com.google.android.gms-2/lib/arm/libconscrypt_gmscore_jni.so: unused DT entry: type 0x1d arg 0x1ed
12-11 16:56:56.935   609  8020 I AccountManagerService: getTypesVisibleToCaller: isPermitted? true
12-11 16:56:56.939 15533 15533 V NativeCrypto: Registering com/google/android/gms/org/conscrypt/NativeCrypto's 259 native methods...
12-11 16:56:56.946 15487 15503 W dex2oat : Verification of afe aeo.c() took 136.627ms
12-11 16:56:56.965 15533 15533 I art     : Rejecting re-init on previously-failed class java.lang.Class<com.google.android.gms.org.conscrypt.OpenSSLExtendedSessionImpl>
12-11 16:56:56.966 15533 15533 I art     : Rejecting re-init on previously-failed class java.lang.Class<com.google.android.gms.org.conscrypt.OpenSSLExtendedSessionImpl>
12-11 16:56:56.967 15533 15533 I art     : Rejecting re-init on previously-failed class java.lang.Class<com.google.android.gms.org.conscrypt.OpenSSLExtendedSessionImpl>
12-11 16:56:56.989   609   609 V NotificationService: pkg=com.google.android.gms canInterrupt=false intercept=true
12-11 16:56:56.992 15242 15529 I SystemUpdateTask: checkUpdateState: sticky: false
12-11 16:56:57.006 15533 15533 I ProviderInstaller: Installed default security provider GmsCore_OpenSSL
12-11 16:56:57.017 15223 15444 I GCoreUlr: WorldUpdater received intent Intent { act=com.google.android.location.reporting.ACTION_UPDATE_WORLD cmp=com.google.android.gms/com.google.android.location.reporting.service.DispatchingService (has extras) } with receiverAction com.google.android.gms.location.init.INIT_ACTION
12-11 16:56:57.048 15242 15251 W art     : Suspending all threads took: 5.676ms
12-11 16:56:57.058 15242 15317 E constellation: [event_manager] Couldn't get GCM token
12-11 16:56:57.058 15242 15317 E constellation: java.io.IOException: SERVICE_NOT_AVAILABLE
12-11 16:56:57.058 15242 15317 E constellation: 	at uzy.b(:com.google.android.gms@11509436:41)
12-11 16:56:57.058 15242 15317 E constellation: 	at uzy.a(:com.google.android.gms@11509436:47)
12-11 16:56:57.058 15242 15317 E constellation: 	at uzv.b(:com.google.android.gms@11509436:11)
12-11 16:56:57.058 15242 15317 E constellation: 	at uzv.a(:com.google.android.gms@11509436:29)
12-11 16:56:57.058 15242 15317 E constellation: 	at com.google.android.gms.constellation.EventManager.onCreate(:com.google.android.gms@11509436:6)
12-11 16:56:57.058 15242 15317 E constellation: 	at com.google.android.chimera.IntentOperation.init(:com.google.android.gms@11509436)
12-11 16:56:57.058 15242 15317 E constellation: 	at bwc.a(:com.google.android.gms@11509436:23)
12-11 16:56:57.058 15242 15317 E constellation: 	at kep.a(:com.google.android.gms@11509436:4)
12-11 16:56:57.058 15242 15317 E constellation: 	at bwj.a(:com.google.android.gms@11509436:20)
12-11 16:56:57.058 15242 15317 E constellation: 	at bwk.run(:com.google.android.gms@11509436:69)
12-11 16:56:57.058 15242 15317 E constellation: 	at java.util.concurrent.ThreadPoolExecutor.runWorker(ThreadPoolExecutor.java:1113)
12-11 16:56:57.058 15242 15317 E constellation: 	at java.util.concurrent.ThreadPoolExecutor$Worker.run(ThreadPoolExecutor.java:588)
12-11 16:56:57.058 15242 15317 E constellation: 	at java.lang.Thread.run(Thread.java:818)
12-11 16:56:57.058 15242 15341 W constellation: [event_manager] Event manager is not initialized
12-11 16:56:57.067 15223 15223 W ChimeraUtils: Non Chimera context
12-11 16:56:57.068 15223 15420 I HeterodyneSyncScheduler: Scheduling Phenotype for a PhenotypeSyncImmediately(6, com.google.android.gms.lockbox) one off with window [1, 2] in seconds
12-11 16:56:57.200 15242 15464 I Icing   : IndexChimeraService.getServiceInterface callingPackage=com.google.android.gms componentName=null serviceId=36
12-11 16:56:57.204 15242 15334 I PerfProfCollectionSvc: Turn off PerfProfile Collection
12-11 16:56:57.218 15242 15334 I HeterodyneSyncScheduler: Clear all shared preferences
12-11 16:56:57.222 15242 15350 I SystemUpdate: [Installation,ReceiverIntentOperation] Received intent: Intent { act=com.google.android.gms.update.BASE_MODULE_INIT cat=[targeted_intent_op_prefix:.update.control.ReceiverIntentOperation] cmp=com.google.android.gms/.chimera.GmsIntentOperationService }.
12-11 16:56:57.223   609  7033 I AccountManagerService: getTypesVisibleToCaller: isPermitted? true
12-11 16:56:57.225   609  3358 I AccountManagerService: getTypesVisibleToCaller: isPermitted? true
12-11 16:56:57.226 15242 15334 I HeterodyneSyncScheduler: Cancel all previously scheduled polling
12-11 16:56:57.231 15242 15334 I HeterodyneSyncScheduler: Scheduling Phenotype for first execution 11265 seconds from now (1513040217231)
12-11 16:56:57.235 15242 15456 I SystemFontIndexJob: Created system font index (/data/user/0/com.google.android.gms/files/fonts/system.directory.pb) in 2152 ms
12-11 16:56:57.240 15242 15350 W ChimeraUtils: Non Chimera context
12-11 16:56:57.290 15242 15350 I SystemUpdate: [Execution,InstallationEventIntentOperation] Received intent with event 1.
12-11 16:56:57.293 15242 15350 I art     : Rejecting re-init on previously-failed class java.lang.Class<aibn>
12-11 16:56:57.293 15242 15350 I art     : Rejecting re-init on previously-failed class java.lang.Class<aibn>
12-11 16:56:57.304   609  8020 I AccountManagerService: getTypesVisibleToCaller: isPermitted? true
12-11 16:56:57.319   609  8020 I AccountManagerService: getTypesVisibleToCaller: isPermitted? true
12-11 16:56:57.322 15487 15503 W dex2oat : Verification of boolean com.google.android.gms.ads.exoplayer1.aa.a(java.lang.String, android.media.MediaCodecInfo$CodecCapabilities) took 105.285ms
12-11 16:56:57.323 15487 15487 W dex2oat : Verification of android.os.IBinder com.google.android.gms.ads.adshield.internal.d.newAdShieldClientWithoutAdvertisingId(java.lang.String, qy) took 103.698ms
12-11 16:56:57.327 15487 15502 W dex2oat : Verification of boolean com.google.android.gms.ads.adshield.internal.a.onTransact(int, android.os.Parcel, android.os.Parcel, int) took 115.692ms
12-11 16:56:57.343 15242 15320 I MS_RegisterService: RegisterService intent:Intent { act=com.google.android.gms.matchstick.register_intent_action cat=[targeted_intent_op_prefix:com.google.android.libraries.matchstick.net.SilentRegisterIntentOperation] cmp=com.google.android.gms/.chimera.GmsIntentOperationService } isPeriodic:false
12-11 16:56:57.383 15223 15276 W ConfigurationChimeraProvider: Got null configs for com.google.android.gms.security
12-11 16:56:57.401 15242 15350 I SystemUpdate: [Execution,InstallationIntentOperation] Received intent: Intent { act=com.google.android.gms.update.INSTALL_UPDATE cat=[targeted_intent_op_prefix:.update.execution.InstallationIntentOperation] cmp=com.google.android.gms/.chimera.GmsIntentOperationService }.
12-11 16:56:57.433 15223 15444 I GCoreUlr: WorldUpdater:com.google.android.gms.location.init.INIT_ACTION: Ensuring that reporting is stopped because of reasons: (no Google accounts)
12-11 16:56:57.467 15223 15444 I GCoreUlr: Unbound from all location providers
12-11 16:56:57.467 15223 15444 I GCoreUlr: Place inference reporting - stop
12-11 16:56:57.471 15223 15420 I HeterodyneSyncScheduler: Scheduling Phenotype for a PhenotypeSyncImmediately(6, com.google.android.gms.people) one off with window [1, 2] in seconds
12-11 16:56:57.472 15223 15234 W ConfigurationChimeraProvider: Got null configs for com.google.android.gms.mdm
12-11 16:56:57.474 15242 15332 I OcrModelUpStIntentOp: Updating ocr activity enabled=false (phenotypeFlag=false, lowRamDevice=false, prereqCheck=true)
12-11 16:56:57.476   196   196 D WVCdm   : Instantiating CDM.
12-11 16:56:57.478   196  1286 I WVCdm   : CdmEngine::OpenSession
12-11 16:56:57.478   196  1286 I WVCdm   : Level3 Library Jun 15 2015 14:09:24
12-11 16:56:57.486 15223 15443 I GCoreUlr: Unregistering for aliased place alerts.
12-11 16:56:57.487   196  1286 W WVCdm   : Could not read /data/mediadrm/IDM1013/ay64.dat2: No such file or directory
12-11 16:56:57.489 15223 15567 W ConfigurationChimeraProvider: Got null configs for com.google.android.gms.nearby
12-11 16:56:57.490   196  1286 D DrmWidevineDash: OEMCrypto_Initialize: starts! g_qsee_apps_version = 0x91
12-11 16:56:57.490   196  1286 D DrmWidevineDash: Service_Initialize: starts!
12-11 16:56:57.490   196  1286 D QSEECOMAPI: : QSEECom_start_app sb_length = 0x19000
12-11 16:56:57.491   196  1286 D QSEECOMAPI: : App is not loaded in QSEE
12-11 16:56:57.509   609  1164 I AccountManagerService: getTypesVisibleToCaller: isPermitted? true
12-11 16:56:57.509 15242 15334 E MDM     : [599] SitrepChimeraService.a: No Google accounts; deferring server state update.
12-11 16:56:57.513   196  1286 D QSEECOMAPI: : Loaded image: APP id = 2
12-11 16:56:57.518 15242 15320 I MS_PhoneUtils: Phone type: 0
12-11 16:56:57.518 15242 15320 W MS_RegisterService: Not eligible for registration.
12-11 16:56:57.525   196  1286 D DrmWidevineDash: Service_Initialize: ends! returns 0
12-11 16:56:57.525   196  1286 D DrmWidevineDash: OEMCrypto_Initialize sion_buffer g_wv_fhandle->ion_sbuffer  0x0xb2b57000
12-11 16:56:57.525   196  1286 E DrmWidevineDash: sion_buffer g_wv_fhandle->ion_sbuffer  0x0xb2b57000
12-11 16:56:57.546   196  1286 D DrmWidevineDash: OEMCrypto_Initialize: ends! returns 0
12-11 16:56:57.546   196  1286 D DrmWidevineDash: OEMCrypto_APIVersion: starts!
12-11 16:56:57.560   609   832 I AccountManagerService: getTypesVisibleToCaller: isPermitted? true
12-11 16:56:57.567   196  1286 D DrmWidevineDash: hlos api version =  10
12-11 16:56:57.567   196  1286 D DrmWidevineDash: tz api version =  10
12-11 16:56:57.567   196  1286 D DrmWidevineDash: OEMCrypto_APIVersion: ends! returns version 10
12-11 16:56:57.567   196  1286 D DrmWidevineDash: OEMCrypto_IsKeyboxValid: starts!
12-11 16:56:57.587 15223 15444 I GCoreUlr: DispatchingService ignoring Intent { act=android.net.wifi.WIFI_STATE_CHANGED flg=0x4000010 (has extras) } because ULR inactive
12-11 16:56:57.591 15242 15350 I PlatformStatsCollectorService: Start Procstats in 29958 seconds.
12-11 16:56:57.602 15242 15350 I PlatformStatsCollectorService: Start Batterystats in 29958 seconds.
12-11 16:56:57.610   196  1286 D DrmWidevineDash: OEMCrypto_IsKeyboxValid: ends! returns 0
12-11 16:56:57.610   196  1286 D WVCdm   : OEMCrypto_Initialize Level 1 success. I will use level 1.
12-11 16:56:57.610   196  1286 D DrmWidevineDash: OEMCrypto_OpenSession: starts! SID=0xaebb013c
12-11 16:56:57.621 15242 15350 I PlatformStatsCollectorService: Start UnifiedDumpsysTask in 29958 seconds.
12-11 16:56:57.625 15223 15308 E GcmPushIntentOperation: Failed to subscribe to GCM: com.google.apps.drive.android
12-11 16:56:57.625 15223 15308 E GcmPushIntentOperation: java.io.IOException: SERVICE_NOT_AVAILABLE
12-11 16:56:57.625 15223 15308 E GcmPushIntentOperation: 	at uzy.b(:com.google.android.gms@11509436:41)
12-11 16:56:57.625 15223 15308 E GcmPushIntentOperation: 	at uzy.a(:com.google.android.gms@11509436:47)
12-11 16:56:57.625 15223 15308 E GcmPushIntentOperation: 	at uzv.b(:com.google.android.gms@11509436:11)
12-11 16:56:57.625 15223 15308 E GcmPushIntentOperation: 	at uzv.a(:com.google.android.gms@11509436:29)
12-11 16:56:57.625 15223 15308 E GcmPushIntentOperation: 	at com.google.android.gms.phenotype.gcmpush.GcmPushIntentOperation.a(:com.google.android.gms@11509436:16)
12-11 16:56:57.625 15223 15308 E GcmPushIntentOperation: 	at com.google.android.gms.phenotype.gcmpush.GcmPushIntentOperation.onHandleIntent(:com.google.android.gms@11509436:6)
12-11 16:56:57.625 15223 15308 E GcmPushIntentOperation: 	at com.google.android.chimera.IntentOperation.onHandleIntent(:com.google.android.gms@11509436:2)
12-11 16:56:57.625 15223 15308 E GcmPushIntentOperation: 	at bwh.run(:com.google.android.gms@11509436:10)
12-11 16:56:57.625 15223 15308 E GcmPushIntentOperation: 	at bwe.run(:com.google.android.gms@11509436:14)
12-11 16:56:57.625 15223 15308 E GcmPushIntentOperation: 	at java.util.concurrent.ThreadPoolExecutor.runWorker(ThreadPoolExecutor.java:1113)
12-11 16:56:57.625 15223 15308 E GcmPushIntentOperation: 	at java.util.concurrent.ThreadPoolExecutor$Worker.run(ThreadPoolExecutor.java:588)
12-11 16:56:57.625 15223 15308 E GcmPushIntentOperation: 	at java.lang.Thread.run(Thread.java:818)
12-11 16:56:57.643 15223 15223 I GCoreUlr: DispatchingService.onDestroy()
12-11 16:56:57.644 15242 15350 I PlatformStatsCollectorService: Start Settingsstats in 29958 seconds.
12-11 16:56:57.650   196  1286 D DrmWidevineDash: OEMCrypto_OpenSession SID = 1
12-11 16:56:57.650   196  1286 D DrmWidevineDash: OEMCrypto_OpenSession: ends! returns 0
12-11 16:56:57.650   196  1286 D DrmWidevineDash: OEMCrypto_GetRandom: starts! randomData=0xb604bec8, dataLength=8
12-11 16:56:57.667 15242 15350 I PlatformStatsCollectorService: Start Notificationstats in 29958 seconds.
12-11 16:56:57.669 15223 15223 I GCoreUlr: Stopping handler for UlrDispSvcFast
12-11 16:56:57.671   196  1286 D DrmWidevineDash: OEMCrypto_GetRandom: ends! returns 0
