--------- beginning of main
12-11 16:55:48.548 14347 14347 D AndroidRuntime: >>>>>> START com.android.internal.os.RuntimeInit uid 2000 <<<<<<
12-11 16:55:48.554 14347 14347 D AndroidRuntime: CheckJNI is OFF
12-11 16:55:48.612 14347 14347 D ICU     : No timezone override file found: /data/misc/zoneinfo/current/icu/icu_tzdata.dat
12-11 16:55:48.681 14347 14347 I Radio-JNI: register_android_hardware_Radio DONE
12-11 16:55:48.710 14347 14347 D AndroidRuntime: Calling main entry com.android.commands.am.Am
--------- beginning of system
12-11 16:55:48.718   609   832 I ActivityManager: Force stopping com.example.snoopy appid=11364 user=0: start instr
12-11 16:55:48.719   609   832 I ActivityManager: Killing 13169:com.example.snoopy/u0a1364 (adj 0): stop com.example.snoopy
12-11 16:55:48.738   609  3358 I WindowState: WIN DEATH: Window{90a865c u0 com.example.snoopy/com.example.snoopy.MainActivity}
12-11 16:55:48.739   609  3042 D GraphicsStats: Buffer count: 4
12-11 16:55:48.823   609   832 W ActivityManager: Force removing ActivityRecord{69be7ee u0 com.example.snoopy/.MainActivity t20}: app died, no saved state
12-11 16:55:48.856   609   832 I ActivityManager: Start proc 14361:com.example.snoopy/u0a1364 for added application com.example.snoopy
12-11 16:55:48.857   609  1289 W ActivityManager: Spurious death for ProcessRecord{c66b6d9 0:com.example.snoopy/u0a1364}, curProc for 13169: null
12-11 16:55:48.887 14361 14361 I art     : Late-enabling -Xcheck:jni
12-11 16:55:48.953 14361 14361 W System  : ClassLoader referenced unknown path: /data/app/com.trellis-1/lib/arm
12-11 16:55:48.953 14361 14361 W System  : ClassLoader referenced unknown path: /data/app/com.example.snoopy-1/lib/arm
12-11 16:55:48.971   609  3416 I AccountManagerService: getTypesVisibleToCaller: isPermitted? false
12-11 16:55:49.037 14361 14361 I System.out: EMMA: collecting runtime coverage data ...
12-11 16:55:49.067 14361 14361 D FirebaseApp: com.google.firebase.crash.FirebaseCrash is not linked. Skipping initialization.
12-11 16:55:49.068 14361 14384 W DynamiteModule: Local module descriptor class for com.google.firebase.auth not found.
12-11 16:55:49.077 14361 14361 I FA      : App measurement is starting up, version: 11400
12-11 16:55:49.077 14361 14361 I FA      : To enable debug logging run: adb shell setprop log.tag.FA VERBOSE
12-11 16:55:49.081 14361 14384 W DynamiteModule: Local module descriptor class for com.google.firebase.auth not found.
12-11 16:55:49.087 14361 14361 I FA      : To enable faster debug mode event logging run:
12-11 16:55:49.087 14361 14361 I FA      :   adb shell setprop debug.firebase.analytics.app com.example.snoopy
12-11 16:55:49.097 14361 14361 I FirebaseInitProvider: FirebaseApp initialization successful
12-11 16:55:49.129 14361 14390 I TestRunner: started: rmInternalFiles(com.trellis.AUTUtils)
12-11 16:55:49.145 14361 14390 I art     : Starting a blocking GC Explicit
12-11 16:55:49.160   609   619 W InputMethodManagerService: Got RemoteException sending setActive(false) notification to pid 13169 uid 11364
12-11 16:55:49.173  1059  1059 I Keyboard.Facilitator: onFinishInput()
12-11 16:55:49.176 14361 14390 I art     : Explicit concurrent mark sweep GC freed 21127(1403KB) AllocSpace objects, 9(180KB) LOS objects, 39% free, 7MB/12MB, paused 610us total 30.578ms
12-11 16:55:49.179 14361 14390 I art     : Starting a blocking GC Explicit
12-11 16:55:49.194 14361 14390 I art     : Explicit concurrent mark sweep GC freed 299(21KB) AllocSpace objects, 0(0B) LOS objects, 40% free, 7MB/12MB, paused 274us total 14.038ms
12-11 16:55:49.194 14361 14390 I TestRunner: finished: rmInternalFiles(com.trellis.AUTUtils)
12-11 16:55:49.194 14361 14390 I TestRunner: passed: rmInternalFiles(com.trellis.AUTUtils)
12-11 16:55:49.198   609  3442 I ActivityManager: Force stopping com.example.snoopy appid=11364 user=0: finished inst
12-11 16:55:49.199 14347 14347 D AndroidRuntime: Shutting down VM
12-11 16:55:49.199   609  3442 I ActivityManager: Killing 14361:com.example.snoopy/u0a1364 (adj 0): stop com.example.snoopy
12-11 16:55:49.206  1059 13218 E Surface : getSlotFromBufferLocked: unknown buffer: 0xa9d26f10
12-11 16:55:49.259  1160  1160 D Launcher.Model: DbDebug    Modify item (Play Music) in db, id: 4 (2, 0, 0, 0) --> (2, 0, 0, 0)
12-11 16:55:49.262  1160  1160 D Launcher.Model: DbDebug    Modify item (Play Books) in db, id: 6 (2, 0, 1, 0) --> (2, 0, 1, 0)
12-11 16:55:49.264  1160  1160 D Launcher.Model: DbDebug    Modify item (Play Movies & TV) in db, id: 8 (2, 0, 2, 0) --> (2, 0, 2, 0)
12-11 16:55:49.265  1160  1160 D Launcher.Model: DbDebug    Modify item (Play Games) in db, id: 10 (2, 0, 3, 0) --> (2, 0, 3, 0)
12-11 16:55:49.265  1160  1160 D Launcher.Model: DbDebug    Modify item (Newsstand) in db, id: 12 (2, 0, 0, 1) --> (2, 0, 0, 1)
12-11 16:55:49.265  1160  1160 D Launcher.Model: DbDebug    Modify item (Google+) in db, id: 14 (2, 0, 1, 1) --> (2, 0, 1, 1)
12-11 16:55:49.266  1160  1160 D Launcher.Model: DbDebug    Modify item (Keep) in db, id: 16 (2, 0, 2, 1) --> (2, 0, 2, 1)
12-11 16:55:49.266  1160  1160 D Launcher.Model: DbDebug    Modify item (Drive) in db, id: 18 (2, 0, 3, 1) --> (2, 0, 3, 1)
12-11 16:55:49.266  1160  1160 D Launcher.Model: DbDebug    Modify item (Calendar) in db, id: 20 (2, 0, 0, 2) --> (2, 0, 0, 2)
12-11 16:55:49.267  1160  1160 D Launcher.Model: DbDebug    Modify item (Photos) in db, id: 22 (2, 0, 1, 2) --> (2, 0, 1, 2)
12-11 16:55:49.334   609   959 W ActivityManager: Spurious death for ProcessRecord{9e0fd90 0:com.example.snoopy/u0a1364}, curProc for 14361: null
12-11 16:55:49.450   609 11734 D NetlinkSocketObserver: NeighborEvent{elapsedMs=5968859, 192.168.1.1, [74DA38839138], RTM_NEWNEIGH, NUD_STALE}
12-11 16:55:49.931  1160  1324 W OpenGLRenderer: Incorrectly called buildLayer on View: ShortcutAndWidgetContainer, destroying layer...
12-11 16:55:49.931  1160  1324 W OpenGLRenderer: Incorrectly called buildLayer on View: ShortcutAndWidgetContainer, destroying layer...
12-11 16:55:50.557 14395 14395 D AndroidRuntime: >>>>>> START com.android.internal.os.RuntimeInit uid 2000 <<<<<<
12-11 16:55:50.564 14395 14395 D AndroidRuntime: CheckJNI is OFF
12-11 16:55:50.621 14395 14395 D ICU     : No timezone override file found: /data/misc/zoneinfo/current/icu/icu_tzdata.dat
12-11 16:55:50.679 14395 14395 I Radio-JNI: register_android_hardware_Radio DONE
12-11 16:55:50.709 14395 14395 D AndroidRuntime: Calling main entry com.android.commands.am.Am
12-11 16:55:50.711   609  1289 I ActivityManager: Force stopping com.trellis appid=11365 user=0: from pid 14395
12-11 16:55:50.716 14395 14395 D AndroidRuntime: Shutting down VM
12-11 16:55:50.723 14395 14407 E art     : Thread attaching while runtime is shutting down: Binder_2
12-11 16:55:50.723 14395 14407 I AndroidRuntime: NOTE: attach of thread 'Binder_2' failed
12-11 16:55:52.063 14410 14410 D AndroidRuntime: >>>>>> START com.android.internal.os.RuntimeInit uid 2000 <<<<<<
12-11 16:55:52.070 14410 14410 D AndroidRuntime: CheckJNI is OFF
12-11 16:55:52.127 14410 14410 D ICU     : No timezone override file found: /data/misc/zoneinfo/current/icu/icu_tzdata.dat
12-11 16:55:52.198 14410 14410 I Radio-JNI: register_android_hardware_Radio DONE
12-11 16:55:52.245 14410 14410 D AndroidRuntime: Calling main entry com.android.commands.am.Am
12-11 16:55:52.248 14410 14410 D AndroidRuntime: Shutting down VM
12-11 16:55:53.627 14425 14425 D AndroidRuntime: >>>>>> START com.android.internal.os.RuntimeInit uid 2000 <<<<<<
12-11 16:55:53.634 14425 14425 D AndroidRuntime: CheckJNI is OFF
12-11 16:55:53.691 14425 14425 D ICU     : No timezone override file found: /data/misc/zoneinfo/current/icu/icu_tzdata.dat
12-11 16:55:53.757 14425 14425 I Radio-JNI: register_android_hardware_Radio DONE
12-11 16:55:53.794 14425 14425 D AndroidRuntime: Calling main entry com.android.commands.pm.Pm
12-11 16:55:53.800   609  1164 I ActivityManager: Force stopping com.trellis appid=11365 user=0: clear data
12-11 16:55:53.804 11018 11018 I GeofencerStateMachine: removeGeofences: removeRequest=RemoveGeofencingRequest[REMOVE_ALL packageName=com.trellis]
12-11 16:55:53.818   609   832 I ActivityManager: Start proc 14438:com.android.documentsui/u0a39 for broadcast com.android.documentsui/.PackageReceiver
12-11 16:55:53.844 14425 14425 I art     : System.exit called, status: 0
12-11 16:55:53.844 14425 14425 I AndroidRuntime: VM exiting with result code 0.
12-11 16:55:53.864 14438 14438 W System  : ClassLoader referenced unknown path: /system/app/DocumentsUI/lib/arm
12-11 16:55:53.907 11041 14456 D Wear_Controller: Received broadcast action=android.intent.action.PACKAGE_DATA_CLEARED and uri=com.trellis
12-11 16:55:53.909 11041 14456 I LocationSettingsChecker: Removing dialog suppression flag for package com.trellis
12-11 16:55:53.919 11041 11209 I Icing   : doRemovePackageData com.trellis
12-11 16:55:53.932   609  3358 I ActivityManager: Start proc 14466:com.android.externalstorage/u0a7 for content provider com.android.externalstorage/.ExternalStorageProvider
12-11 16:55:53.964 14466 14466 W System  : ClassLoader referenced unknown path: /system/priv-app/ExternalStorageProvider/lib/arm
12-11 16:55:53.972 14466 14466 D ExternalStorage: After updating volumes, found 1 active roots
12-11 16:55:54.001   609  3416 I ActivityManager: Start proc 14481:com.android.shell/2000 for content provider com.android.shell/.BugreportStorageProvider
12-11 16:55:54.023   609  3358 I ActivityManager: Killing 12425:com.google.android.apps.maps/u0a57 (adj 15): empty #17
12-11 16:55:54.142 14481 14481 W System  : ClassLoader referenced unknown path: /system/priv-app/Shell/lib/arm
12-11 16:55:54.170   609  3358 I ActivityManager: Start proc 14495:com.google.android.apps.docs/u0a40 for content provider com.google.android.apps.docs/.storagebackend.StorageBackendContentProvider
12-11 16:55:54.225   609  1164 I ActivityManager: Killing 11446:com.google.android.gms.unstable/u0a9 (adj 15): empty #17
12-11 16:55:54.308  1059  1066 W CursorWrapperInner: Cursor finalized without prior close()
12-11 16:55:54.455   609  3042 I ActivityManager: Killing 12293:com.google.android.calendar/u0a33 (adj 15): empty #17
12-11 16:55:54.841   609   620 I AccountManagerService: getTypesVisibleToCaller: isPermitted? true
12-11 16:55:54.857 14495 14515 I GAv4    : Google Analytics 11.0.11 is starting up. To enable debug logging on a device run:
12-11 16:55:54.857 14495 14515 I GAv4    :   adb shell setprop log.tag.GAv4 DEBUG
12-11 16:55:54.857 14495 14515 I GAv4    :   adb logcat -s GAv4
12-11 16:55:54.887   609   959 I AccountManagerService: getTypesVisibleToCaller: isPermitted? true
12-11 16:55:54.889 14495 14515 W CoreComponentFactoryImpl: RetainedComponent will not be retained if  dhe does not inherit FragmentActivity and fulfill jhu contract.
12-11 16:55:54.891 14495 14495 W FieldDefinition: Ignoring isIndexed constraint as field also has uniqueness constraint (on just this field, and therefore SQLite will have to create an index on that. For field: com.google.android.apps.docs.database.common.FieldDefinition$a@f1d2713
12-11 16:55:54.896 14495 14518 W GAv4    : AnalyticsReceiver is not registered or is disabled. Register the receiver for reliable dispatching on non-Google Play devices. See http://goo.gl/8Rd3yj for instructions.
12-11 16:55:54.933 14495 14518 W GAv4    : CampaignTrackingReceiver is not registered, not exported or is disabled. Installation campaign tracking is not possible. See http://goo.gl/8Rd3yj for instructions.
12-11 16:55:54.954 14495 14518 W GAv4    : AnalyticsService not registered in the app manifest. Hits might not be delivered reliably. See http://goo.gl/8Rd3yj for instructions.
12-11 16:55:55.058 14493 14493 D AndroidRuntime: >>>>>> START com.android.internal.os.RuntimeInit uid 2000 <<<<<<
12-11 16:55:55.064 14493 14493 D AndroidRuntime: CheckJNI is OFF
12-11 16:55:55.068   609  3442 I AccountManagerService: getTypesVisibleToCaller: isPermitted? true
12-11 16:55:55.079   609  3417 I AccountManagerService: getTypesVisibleToCaller: isPermitted? true
12-11 16:55:55.109   609   619 I AccountManagerService: getTypesVisibleToCaller: isPermitted? true
12-11 16:55:55.110   609   620 I AccountManagerService: getTypesVisibleToCaller: isPermitted? false
12-11 16:55:55.119 14493 14493 D ICU     : No timezone override file found: /data/misc/zoneinfo/current/icu/icu_tzdata.dat
12-11 16:55:55.145   609  1289 I AccountManagerService: getTypesVisibleToCaller: isPermitted? true
12-11 16:55:55.155 14438 14452 D Documents: Update found 7 roots in 1278ms
12-11 16:55:55.158   609   959 I AccountManagerService: getTypesVisibleToCaller: isPermitted? true
12-11 16:55:55.172 14493 14493 I Radio-JNI: register_android_hardware_Radio DONE
12-11 16:55:55.180   609   959 I AccountManagerService: getTypesVisibleToCaller: isPermitted? true
12-11 16:55:55.188 14438 14480 D Documents: Update found 7 roots in 1213ms
12-11 16:55:55.202 14493 14493 D AndroidRuntime: Calling main entry com.android.commands.pm.Pm
12-11 16:55:55.262 14493 14493 I art     : System.exit called, status: 0
12-11 16:55:55.262 14493 14493 I AndroidRuntime: VM exiting with result code 0.
12-11 16:55:56.795 14552 14552 D AndroidRuntime: >>>>>> START com.android.internal.os.RuntimeInit uid 2000 <<<<<<
12-11 16:55:56.801 14552 14552 D AndroidRuntime: CheckJNI is OFF
12-11 16:55:56.860 14552 14552 D ICU     : No timezone override file found: /data/misc/zoneinfo/current/icu/icu_tzdata.dat
12-11 16:55:56.926 14552 14552 I Radio-JNI: register_android_hardware_Radio DONE
12-11 16:55:56.958 14552 14552 D AndroidRuntime: Calling main entry com.android.commands.pm.Pm
12-11 16:55:56.964   609   622 I ActivityManager: Force stopping com.trellis appid=11365 user=-1: uninstall pkg
12-11 16:55:57.114   609   635 I art     : Starting a blocking GC Explicit
12-11 16:55:57.216   609   635 I art     : Explicit concurrent mark sweep GC freed 26041(1662KB) AllocSpace objects, 5(100KB) LOS objects, 33% free, 24MB/37MB, paused 1.373ms total 101.470ms
12-11 16:55:57.228   609   635 W PackageManager: Couldn't remove dex file for package:  at location /data/app/com.trellis-1/base.apk, retcode=-1
12-11 16:55:57.231 14552 14552 I art     : System.exit called, status: 0
12-11 16:55:57.231 14552 14552 I AndroidRuntime: VM exiting with result code 0.
12-11 16:55:57.239   609   635 I ActivityManager: Force stopping com.trellis appid=11365 user=0: pkg removed
12-11 16:55:57.272  1148  1148 D CarrierServiceBindHelper: Receive action: android.intent.action.PACKAGE_REMOVED
12-11 16:55:57.272 11018 11018 I GeofencerStateMachine: removeGeofences: removeRequest=RemoveGeofencingRequest[REMOVE_ALL packageName=com.trellis]
12-11 16:55:57.283   609   659 I InputReader: Reconfiguring input devices.  changes=0x00000010
12-11 16:55:57.296  1059  1059 I Keyboard.Facilitator: resetDictionaries() : en_US
12-11 16:55:57.311   609   635 W ActivityManager: Skipping broadcast of Intent { act=android.intent.action.PACKAGE_REMOVED dat=package:com.trellis flg=0x4000010 (has extras) }: user 10 is stopped
12-11 16:55:57.313  1059 14569 I Keyboard.Facilitator.DecoderInitializer: run()
12-11 16:55:57.317 11515 14570 D VoicemailCleanupService: Cleaning up data for package: com.trellis
12-11 16:55:57.319  1059 14569 I Decoder : createOrResetDecoder
12-11 16:55:57.321   609   635 W ActivityManager: Skipping broadcast of Intent { act=android.intent.action.PACKAGE_FULLY_REMOVED dat=package:com.trellis flg=0x4000010 (has extras) }: user 10 is stopped
12-11 16:55:57.369   609   635 W ActivityManager: Skipping broadcast of Intent { act=android.intent.action.UID_REMOVED flg=0x4000010 (has extras) }: user 10 is stopped
12-11 16:55:57.386   609  3357 I AccountManagerService: getTypesVisibleToCaller: isPermitted? true
12-11 16:55:57.395   609   609 D JobSchedulerService: Receieved: android.intent.action.PACKAGE_REMOVED
12-11 16:55:57.406  1059 14569 I Keyboard.Facilitator.MainLanguageModelLoader: run()
12-11 16:55:57.414   609   775 I AccountManagerService: getTypesVisibleToCaller: isPermitted? true
12-11 16:55:57.421   609  3358 I ActivityManager: Start proc 14581:com.android.keychain/1000 for broadcast com.android.keychain/.KeyChainBroadcastReceiver
12-11 16:55:57.423 12869 14580 I UpdateIcingCorporaServi: Updating corpora: APPS=com.trellis, CONTACTS=MAYBE
12-11 16:55:57.426 14438 14568 D Documents: Update found 7 roots in 113ms
12-11 16:55:57.451  1059 14569 I Keyboard.Facilitator.MainLanguageModelLoader: loadStaticLm() : Loading File = /system/app/LatinImeGoogle/LatinImeGoogle.apk (offset=2002212, length=4014912) with up to date LoudsLmContentVersion = 20150512
12-11 16:55:57.454  1059 14569 I Keyboard.Facilitator.DynamicLanguageModelLoader: run()
12-11 16:55:57.455  1059 14569 I Keyboard.Facilitator.DynamicLanguageModelLoader: run() : Loading LM = contacts
12-11 16:55:57.457 12869 14580 I UpdateIcingCorporaServi: UpdateCorporaTask done [took 33 ms] updated apps [took 33 ms] 
12-11 16:55:57.460  1059 14569 I Keyboard.Facilitator.DynamicLanguageModelLoader: run() : Missing File = Contacts.dict
12-11 16:55:57.460  1059 14569 I Keyboard.Facilitator.DynamicLanguageModelLoader: run() : Loading LM = history
12-11 16:55:57.461  1059 14569 I Keyboard.Facilitator.DynamicLanguageModelLoader: run() : Loaded File = UserHistory.en_US.dict
12-11 16:55:57.461  1059 14569 I Keyboard.Facilitator.DynamicLanguageModelLoader: run() : Loading LM = user
12-11 16:55:57.462  1059 14569 I Keyboard.Facilitator.DynamicLanguageModelLoader: run() : Missing File = Personal.en_US.dict
12-11 16:55:57.462  1059 14569 I Keyboard.Facilitator.PersonalDictionaryLoader: run() : Loaded (exit)
12-11 16:55:57.462  1059 14569 I Keyboard.Facilitator.Delight2FileSweeper: run()
12-11 16:55:57.462  1059 14569 I Keyboard.Facilitator.RecurringTaskScheduler: run()
12-11 16:55:57.462  1059 14569 I StatsUtilsManager: startPeriodStatsRecorder() : Success
12-11 16:55:57.462  1059 14569 I PeriodicStatsRecorder: shouldRecordStats() = Too Soon
12-11 16:55:57.468 14581 14581 W System  : ClassLoader referenced unknown path: /system/app/KeyChain/lib/arm
12-11 16:55:57.470   609   621 W InputMethodInfo: Duplicated subtype definition found: ja, keyboard
12-11 16:55:57.472 14581 14581 W ContextImpl: Calling a method in the system process without a qualified user: android.app.ContextImpl.startService:1221 android.content.ContextWrapper.startService:581 android.content.ContextWrapper.startService:581 com.android.keychain.KeyChainBroadcastReceiver.onReceive:12 android.app.ActivityThread.handleReceiver:2725 
12-11 16:55:57.629   609  3416 I AccountManagerService: getTypesVisibleToCaller: isPermitted? true
12-11 16:55:57.631 11041 14604 D Wear_Controller: Received broadcast action=android.intent.action.PACKAGE_REMOVED and uri=com.trellis
12-11 16:55:57.633 11041 14604 I LocationSettingsChecker: Removing dialog suppression flag for package com.trellis
12-11 16:55:57.635 11041 11355 I Icing   : doRemovePackageData com.trellis
12-11 16:55:57.656 11041 11171 I Icing   : IndexChimeraService.getServiceInterface callingPackage=com.google.android.gms componentName=AppsCorpus serviceId=36
12-11 16:55:57.657 11041 11607 I Icing   : IndexChimeraService.getServiceInterface callingPackage=com.google.android.gms componentName=AppsCorpus serviceId=32
12-11 16:55:57.703   609   832 D ConnectivityService: listenForNetwork for Listen from uid/pid:10009/11041 for NetworkRequest [ id=9, legacyType=-1, [ Capabilities: INTERNET&NOT_RESTRICTED&TRUSTED&NOT_VPN] ]
12-11 16:55:57.704   609   675 D ConnectivityService: rematching NetworkAgentInfo [WIFI () - 101]
12-11 16:55:57.704 11041 14611 D ConnectivityManager.CallbackHandler: CM callback handler got msg 524290
12-11 16:55:57.786 11041 14457 W DriveInitializer: Awaiting to be initialized
12-11 16:55:57.787 11041 14612 W DriveInitializer: Background init thread started
12-11 16:55:58.053   609   775 I AccountManagerService: getTypesVisibleToCaller: isPermitted? true
12-11 16:55:58.138 14495 14516 E linker  : readlink('/proc/self/fd/27') failed: Permission denied [fd=27]
12-11 16:55:58.138 14495 14516 E linker  : warning: unable to get realpath for the library "/data/dalvik-cache/arm/system@framework@com.android.location.provider.jar@classes.dex". Will use given name.
12-11 16:55:58.141 14495 14516 E linker  : readlink('/proc/self/fd/27') failed: Permission denied [fd=27]
12-11 16:55:58.141 14495 14516 E linker  : warning: unable to get realpath for the library "/data/dalvik-cache/arm/system@framework@com.android.media.remotedisplay.jar@classes.dex". Will use given name.
12-11 16:55:58.147 14495 14516 E linker  : readlink('/proc/self/fd/27') failed: Permission denied [fd=27]
12-11 16:55:58.147 14495 14516 E linker  : warning: unable to get realpath for the library "/data/app/com.google.android.gms-2/oat/arm/base.odex". Will use given name.
12-11 16:55:58.197 14495 14516 E linker  : readlink('/proc/self/fd/27') failed: Permission denied [fd=27]
12-11 16:55:58.197 14495 14516 E linker  : warning: unable to get realpath for the library "/data/app/com.google.android.gms-2/lib/arm/libgmscore.so". Will use given name.
12-11 16:55:58.219 14495 14516 E linker  : readlink('/proc/self/fd/27') failed: Permission denied [fd=27]
12-11 16:55:58.219 14495 14516 E linker  : warning: unable to get realpath for the library "/data/app/com.google.android.gms-2/lib/arm/libconscrypt_gmscore_jni.so". Will use given name.
12-11 16:55:58.219 14495 14516 W linker  : /data/app/com.google.android.gms-2/lib/arm/libconscrypt_gmscore_jni.so: unused DT entry: type 0x1d arg 0x1ed
12-11 16:55:58.228 14495 14516 V NativeCrypto: Registering com/google/android/gms/org/conscrypt/NativeCrypto's 259 native methods...
12-11 16:55:58.251 14495 14516 I art     : Rejecting re-init on previously-failed class java.lang.Class<com.google.android.gms.org.conscrypt.OpenSSLExtendedSessionImpl>
12-11 16:55:58.252 14495 14516 I art     : Rejecting re-init on previously-failed class java.lang.Class<com.google.android.gms.org.conscrypt.OpenSSLExtendedSessionImpl>
12-11 16:55:58.253 14495 14516 I art     : Rejecting re-init on previously-failed class java.lang.Class<com.google.android.gms.org.conscrypt.OpenSSLExtendedSessionImpl>
12-11 16:55:58.389 14495 14516 I ProviderInstaller: Installed default security provider GmsCore_OpenSSL
12-11 16:55:58.403 14597 14597 D AndroidRuntime: >>>>>> START com.android.internal.os.RuntimeInit uid 2000 <<<<<<
12-11 16:55:58.409 14597 14597 D AndroidRuntime: CheckJNI is OFF
12-11 16:55:58.467 14597 14597 D ICU     : No timezone override file found: /data/misc/zoneinfo/current/icu/icu_tzdata.dat
12-11 16:55:58.523 14597 14597 I Radio-JNI: register_android_hardware_Radio DONE
12-11 16:55:58.552 14597 14597 D AndroidRuntime: Calling main entry com.android.commands.pm.Pm
12-11 16:55:58.615 14597 14597 I art     : System.exit called, status: 0
12-11 16:55:58.615 14597 14597 I AndroidRuntime: VM exiting with result code 0.
12-11 16:55:58.819 11041 11355 I Icing   : Usage reports 0 indexed 0 rejected 0 imm upload false
12-11 16:55:58.824   609   673 D WifiStateMachine: starting scan for "9902008825"WPA_PSK with 2437
12-11 16:55:58.825   609   719 I WifiHAL : event received NL80211_CMD_TRIGGER_SCAN
12-11 16:55:58.825   609   719 I WifiHAL : event ignored!!
12-11 16:55:58.829 11041 11355 I Icing   : Usage reports 0 indexed 0 rejected 0 imm upload false
12-11 16:55:58.879   609  3042 I AccountManagerService: getTypesVisibleToCaller: isPermitted? true
12-11 16:55:58.886   609   719 I WifiHAL : event received NL80211_CMD_NEW_SCAN_RESULTS
12-11 16:55:58.886   609   719 I WifiHAL : event ignored!!
12-11 16:55:59.005 11041 14612 W DriveInitializer: Background init thread ended
12-11 16:55:59.340   609 11734 D NetlinkSocketObserver: NeighborEvent{elapsedMs=5978749, 192.168.1.1, [74DA38839138], RTM_NEWNEIGH, NUD_REACHABLE}
12-11 16:55:59.762 14627 14627 D AndroidRuntime: >>>>>> START com.android.internal.os.RuntimeInit uid 2000 <<<<<<
12-11 16:55:59.768 14627 14627 D AndroidRuntime: CheckJNI is OFF
12-11 16:55:59.826 14627 14627 D ICU     : No timezone override file found: /data/misc/zoneinfo/current/icu/icu_tzdata.dat
12-11 16:55:59.874 11041 11309 I Icing   : Indexing 75C78C5A77DC1D5DE742AC69E3B06DCE2BF8CE37 from com.google.android.gms
12-11 16:55:59.881 11041 11309 I Icing   : Indexing done 75C78C5A77DC1D5DE742AC69E3B06DCE2BF8CE37
12-11 16:55:59.895 14627 14627 I Radio-JNI: register_android_hardware_Radio DONE
12-11 16:55:59.934 14627 14627 D AndroidRuntime: Calling main entry com.android.commands.am.Am
12-11 16:55:59.937   609  3357 I ActivityManager: Force stopping com.example.snoopy appid=11364 user=0: from pid 14627
12-11 16:55:59.940 14627 14627 D AndroidRuntime: Shutting down VM
12-11 16:56:01.302 14643 14643 D AndroidRuntime: >>>>>> START com.android.internal.os.RuntimeInit uid 2000 <<<<<<
12-11 16:56:01.309 14643 14643 D AndroidRuntime: CheckJNI is OFF
12-11 16:56:01.367 14643 14643 D ICU     : No timezone override file found: /data/misc/zoneinfo/current/icu/icu_tzdata.dat
12-11 16:56:01.425 14643 14643 I Radio-JNI: register_android_hardware_Radio DONE
12-11 16:56:01.455 14643 14643 D AndroidRuntime: Calling main entry com.android.commands.am.Am
12-11 16:56:01.458 14643 14643 D AndroidRuntime: Shutting down VM
12-11 16:56:02.885 14658 14658 D AndroidRuntime: >>>>>> START com.android.internal.os.RuntimeInit uid 2000 <<<<<<
12-11 16:56:02.892 14658 14658 D AndroidRuntime: CheckJNI is OFF
12-11 16:56:02.950 14658 14658 D ICU     : No timezone override file found: /data/misc/zoneinfo/current/icu/icu_tzdata.dat
12-11 16:56:03.015 14658 14658 I Radio-JNI: register_android_hardware_Radio DONE
12-11 16:56:03.049 14658 14658 D AndroidRuntime: Calling main entry com.android.commands.pm.Pm
12-11 16:56:03.054   609  8020 I ActivityManager: Force stopping com.example.snoopy appid=11364 user=0: clear data
12-11 16:56:03.061 11018 11018 I GeofencerStateMachine: removeGeofences: removeRequest=RemoveGeofencingRequest[REMOVE_ALL packageName=com.example.snoopy]
12-11 16:56:03.080 11041 14463 D Wear_Controller: Received broadcast action=android.intent.action.PACKAGE_DATA_CLEARED and uri=com.example.snoopy
12-11 16:56:03.082 11041 14464 I LocationSettingsChecker: Removing dialog suppression flag for package com.example.snoopy
12-11 16:56:03.101 11041 11309 I Icing   : doRemovePackageData com.example.snoopy
12-11 16:56:03.109   609  3442 I AccountManagerService: getTypesVisibleToCaller: isPermitted? true
12-11 16:56:03.115 14658 14658 I art     : System.exit called, status: 0
12-11 16:56:03.115 14658 14658 I AndroidRuntime: VM exiting with result code 0.
12-11 16:56:03.119 14438 14671 D Documents: Update found 7 roots in 54ms
12-11 16:56:04.247 14690 14690 D AndroidRuntime: >>>>>> START com.android.internal.os.RuntimeInit uid 2000 <<<<<<
12-11 16:56:04.254 14690 14690 D AndroidRuntime: CheckJNI is OFF
12-11 16:56:04.311 14690 14690 D ICU     : No timezone override file found: /data/misc/zoneinfo/current/icu/icu_tzdata.dat
12-11 16:56:04.377 14690 14690 I Radio-JNI: register_android_hardware_Radio DONE
12-11 16:56:04.409 14690 14690 D AndroidRuntime: Calling main entry com.android.commands.pm.Pm
12-11 16:56:04.473 14690 14690 I art     : System.exit called, status: 0
12-11 16:56:04.473 14690 14690 I AndroidRuntime: VM exiting with result code 0.
12-11 16:56:05.600   609 11734 D NetlinkSocketObserver: NeighborEvent{elapsedMs=5985009, 192.168.1.1, [74DA38839138], RTM_NEWNEIGH, NUD_STALE}
12-11 16:56:06.043 14714 14714 D AndroidRuntime: >>>>>> START com.android.internal.os.RuntimeInit uid 2000 <<<<<<
12-11 16:56:06.050 14714 14714 D AndroidRuntime: CheckJNI is OFF
12-11 16:56:06.106 14714 14714 D ICU     : No timezone override file found: /data/misc/zoneinfo/current/icu/icu_tzdata.dat
12-11 16:56:06.172 14714 14714 I Radio-JNI: register_android_hardware_Radio DONE
12-11 16:56:06.205 14714 14714 D AndroidRuntime: Calling main entry com.android.commands.pm.Pm
12-11 16:56:06.211   609   622 I ActivityManager: Force stopping com.example.snoopy appid=11364 user=-1: uninstall pkg
12-11 16:56:06.214   609   635 I PackageManager: Removing old permission: com.example.snoopy.permission.C2D_MESSAGE from package com.example.snoopy
12-11 16:56:06.342   609   635 I art     : Starting a blocking GC Explicit
12-11 16:56:06.449   609   635 I art     : Explicit concurrent mark sweep GC freed 51526(6MB) AllocSpace objects, 9(184KB) LOS objects, 33% free, 25MB/37MB, paused 1.434ms total 106.506ms
12-11 16:56:06.480   609   635 W PackageManager: Couldn't remove dex file for package:  at location /data/app/com.example.snoopy-1/base.apk, retcode=-1
12-11 16:56:06.483 14714 14714 I art     : System.exit called, status: 0
12-11 16:56:06.483 14714 14714 I AndroidRuntime: VM exiting with result code 0.
12-11 16:56:06.493   609   635 I ActivityManager: Force stopping com.example.snoopy appid=11364 user=0: pkg removed
12-11 16:56:06.504   609   635 W ActivityManager: Skipping broadcast of Intent { act=android.intent.action.PACKAGE_REMOVED dat=package:com.example.snoopy flg=0x4000010 (has extras) }: user 10 is stopped
12-11 16:56:06.509 11018 11018 I GeofencerStateMachine: removeGeofences: removeRequest=RemoveGeofencingRequest[REMOVE_ALL packageName=com.example.snoopy]
12-11 16:56:06.509  1148  1148 D CarrierServiceBindHelper: Receive action: android.intent.action.PACKAGE_REMOVED
12-11 16:56:06.519   609   659 I InputReader: Reconfiguring input devices.  changes=0x00000010
12-11 16:56:06.548  1059  1059 I Keyboard.Facilitator: resetDictionaries() : en_US
12-11 16:56:06.563   609   635 W ActivityManager: Skipping broadcast of Intent { act=android.intent.action.PACKAGE_FULLY_REMOVED dat=package:com.example.snoopy flg=0x4000010 (has extras) }: user 10 is stopped
12-11 16:56:06.565  1059 14732 I Keyboard.Facilitator.DecoderInitializer: run()
12-11 16:56:06.569 11515 14731 D VoicemailCleanupService: Cleaning up data for package: com.example.snoopy
12-11 16:56:06.582   609   635 W ActivityManager: Skipping broadcast of Intent { act=android.intent.action.UID_REMOVED flg=0x4000010 (has extras) }: user 10 is stopped
12-11 16:56:06.598  1059 14732 I Decoder : createOrResetDecoder
12-11 16:56:06.617   609  1289 I AccountManagerService: getTypesVisibleToCaller: isPermitted? true
12-11 16:56:06.634   609   621 W InputMethodInfo: Duplicated subtype definition found: ja, keyboard
12-11 16:56:06.651   609   609 D JobSchedulerService: Receieved: android.intent.action.PACKAGE_REMOVED
12-11 16:56:06.655 12869 14742 I UpdateIcingCorporaServi: Updating corpora: APPS=com.example.snoopy, CONTACTS=MAYBE
12-11 16:56:06.656   609   619 I AccountManagerService: getTypesVisibleToCaller: isPermitted? true
12-11 16:56:06.656 14581 14581 W ContextImpl: Calling a method in the system process without a qualified user: android.app.ContextImpl.startService:1221 android.content.ContextWrapper.startService:581 android.content.ContextWrapper.startService:581 com.android.keychain.KeyChainBroadcastReceiver.onReceive:12 android.app.ActivityThread.handleReceiver:2725 
12-11 16:56:06.673 14438 14730 D Documents: Update found 7 roots in 140ms
12-11 16:56:06.699  1059 14732 I Keyboard.Facilitator.MainLanguageModelLoader: run()
12-11 16:56:06.740  1059 14732 I Keyboard.Facilitator.MainLanguageModelLoader: loadStaticLm() : Loading File = /system/app/LatinImeGoogle/LatinImeGoogle.apk (offset=2002212, length=4014912) with up to date LoudsLmContentVersion = 20150512
12-11 16:56:06.745  1059 14732 I Keyboard.Facilitator.DynamicLanguageModelLoader: run()
12-11 16:56:06.745  1059 14732 I Keyboard.Facilitator.DynamicLanguageModelLoader: run() : Loading LM = contacts
12-11 16:56:06.749  1059 14732 I Keyboard.Facilitator.DynamicLanguageModelLoader: run() : Missing File = Contacts.dict
12-11 16:56:06.749  1059 14732 I Keyboard.Facilitator.DynamicLanguageModelLoader: run() : Loading LM = history
12-11 16:56:06.751  1059 14732 I Keyboard.Facilitator.DynamicLanguageModelLoader: run() : Loaded File = UserHistory.en_US.dict
12-11 16:56:06.751  1059 14732 I Keyboard.Facilitator.DynamicLanguageModelLoader: run() : Loading LM = user
12-11 16:56:06.753  1059 14732 I Keyboard.Facilitator.DynamicLanguageModelLoader: run() : Missing File = Personal.en_US.dict
12-11 16:56:06.753  1059 14732 I Keyboard.Facilitator.PersonalDictionaryLoader: run() : Loaded (exit)
12-11 16:56:06.753  1059 14732 I Keyboard.Facilitator.Delight2FileSweeper: run()
12-11 16:56:06.754  1059 14732 I Keyboard.Facilitator.RecurringTaskScheduler: run()
12-11 16:56:06.754  1059 14732 I StatsUtilsManager: startPeriodStatsRecorder() : Success
12-11 16:56:06.754  1059 14732 I PeriodicStatsRecorder: shouldRecordStats() = Too Soon
12-11 16:56:06.761 11041 11171 I Icing   : IndexChimeraService.getServiceInterface callingPackage=com.google.android.googlequicksearchbox componentName=null serviceId=36
12-11 16:56:06.816 11041 11355 I Icing   : Usage reports 0 indexed 0 rejected 0 imm upload true
12-11 16:56:06.848 11041 14673 D Wear_Controller: Received broadcast action=android.intent.action.PACKAGE_REMOVED and uri=com.example.snoopy
12-11 16:56:06.854 11041 14673 I LocationSettingsChecker: Removing dialog suppression flag for package com.example.snoopy
12-11 16:56:06.871 12869 14742 I UpdateIcingCorporaServi: UpdateCorporaTask done [took 216 ms] updated apps [took 216 ms] 
12-11 16:56:06.878   609  3358 I AccountManagerService: getTypesVisibleToCaller: isPermitted? true
12-11 16:56:06.900 11041 11309 I Icing   : doRemovePackageData com.example.snoopy
12-11 16:56:06.912 11041 11171 I Icing   : IndexChimeraService.getServiceInterface callingPackage=com.google.android.gms componentName=AppsCorpus serviceId=32
12-11 16:56:06.913 11041 11607 I Icing   : IndexChimeraService.getServiceInterface callingPackage=com.google.android.gms componentName=AppsCorpus serviceId=36
12-11 16:56:06.951 11041 11309 I Icing   : Usage reports 0 indexed 0 rejected 0 imm upload false
12-11 16:56:06.957 11041 11309 I Icing   : Usage reports 0 indexed 0 rejected 0 imm upload false
12-11 16:56:07.639 14746 14746 D AndroidRuntime: >>>>>> START com.android.internal.os.RuntimeInit uid 2000 <<<<<<
12-11 16:56:07.645 14746 14746 D AndroidRuntime: CheckJNI is OFF
12-11 16:56:07.702 14746 14746 D ICU     : No timezone override file found: /data/misc/zoneinfo/current/icu/icu_tzdata.dat
12-11 16:56:07.768 14746 14746 I Radio-JNI: register_android_hardware_Radio DONE
12-11 16:56:07.806 14746 14746 D AndroidRuntime: Calling main entry com.android.commands.pm.Pm
12-11 16:56:07.872 14746 14746 I art     : System.exit called, status: 0
12-11 16:56:07.872 14746 14746 I AndroidRuntime: VM exiting with result code 0.
12-11 16:56:07.882 11041 11309 I Icing   : Indexing 3D817C840888772EC06B464D24FEF8C5D89B7EFC from com.google.android.googlequicksearchbox
12-11 16:56:07.923 11041 11309 I Icing   : Indexing done 3D817C840888772EC06B464D24FEF8C5D89B7EFC
12-11 16:56:07.994 11041 11309 I Icing   : Indexing 75C78C5A77DC1D5DE742AC69E3B06DCE2BF8CE37 from com.google.android.gms
12-11 16:56:08.001 11041 11309 I Icing   : Indexing done 75C78C5A77DC1D5DE742AC69E3B06DCE2BF8CE37
12-11 16:56:11.867   609 11734 D NetlinkSocketObserver: NeighborEvent{elapsedMs=5991271, 192.168.1.1, [74DA38839138], RTM_NEWNEIGH, NUD_REACHABLE}
12-11 16:56:12.502   609   622 I ActivityManager: Waited long enough for: ServiceRecord{f6295e0 u0 com.google.android.apps.plus/com.google.android.libraries.social.async.BackgroundTaskService}
12-11 16:56:13.969   609  3357 I ActivityManager: Killing 12854:com.google.android.gms:car/u0a9 (adj 15): empty #17
12-11 16:56:16.787   609  3357 I ActivityManager: Killing 12545:com.google.android.gms.ui/u0a9 (adj 15): empty #17
12-11 16:56:17.860   609 11734 D NetlinkSocketObserver: NeighborEvent{elapsedMs=5997269, 192.168.1.1, [74DA38839138], RTM_NEWNEIGH, NUD_STALE}
12-11 16:56:18.832   609   719 I WifiHAL : event received NL80211_CMD_TRIGGER_SCAN
12-11 16:56:18.832   609   719 I WifiHAL : event ignored!!
12-11 16:56:19.589   609   719 I WifiHAL : event received NL80211_CMD_NEW_SCAN_RESULTS
12-11 16:56:19.589   609   719 I WifiHAL : event ignored!!
12-11 16:56:21.655   609  3357 I AccountManagerService: getTypesVisibleToCaller: isPermitted? true
12-11 16:56:21.667   609  1164 I AccountManagerService: getTypesVisibleToCaller: isPermitted? true
12-11 16:56:21.788   609  3358 I AccountManagerService: getTypesVisibleToCaller: isPermitted? true
12-11 16:56:21.789 12816 12859 D Finsky  : [524] AppStatesReplicator.handleContentSyncResponse: Completed 0 account content syncs with 0 successful.
12-11 16:56:21.790 12816 12816 D Finsky  : [1] 5.onFinished: Installation state replication succeeded.
12-11 16:56:22.621   193   580 E NetlinkEvent: NetlinkEvent::FindParam(): Parameter 'UID' not found
12-11 16:56:28.309   190   190 E libEGL  : eglDestroySurface: native_window_api_disconnect (win=0xb3bd4108) failed (0xffffffe0)
12-11 16:56:28.312   190   190 W libEGL  : EGLNativeWindowType 0xb3bd4108 disconnect failed
12-11 16:56:29.033 10534 14773 D Aatp    : /ping
12-11 16:56:29.140 10534 14774 D Aatp    : /wifi
12-11 16:56:29.156 10534 14774 D Aatp    : sha1: 51d4eea40884e27f435ae79d95dc8902a21b039f
12-11 16:56:29.156 10534 14774 D AatpDeviceManager: k: enabled v: False
12-11 16:56:29.156 10534 14774 D AatpDeviceManager: k: NanoHttpd.QUERY_STRING v: enabled=False
12-11 16:56:29.171   609   609 V NotificationService: pkg=com.amazon.aatp.aatpdevicemanager canInterrupt=false intercept=true
12-11 16:56:29.179 10534 14774 D Aatp    : /task/51d4eea40884e27f435ae79d95dc8902a21b039f
12-11 16:56:29.195 10534 10534 D AatpDeviceManager: taskStatus update (51d4eea40884e27f435ae79d95dc8902a21b039f: {"state":1})
12-11 16:56:29.196 10534 14775 D AWSDeviceFarmAndroidLib: WifiLock: release
12-11 16:56:29.196   609   832 D WifiService: releaseWifiLockLocked: WifiLock{AWSDeviceFarmAndroidLib type=3 binder=android.os.BinderProxy@62822ed}
12-11 16:56:29.197 10534 14775 D AWSDeviceFarmAndroidLib: setWifiEnabled: setting wifi to: true
12-11 16:56:29.198   609   959 D WifiService: setWifiEnabled: true pid=10534, uid=11363
12-11 16:56:29.198   609   959 E WifiService: Invoking mWifiStateMachine.setWifiEnabled
12-11 16:56:29.199 10534 14775 D AWSDeviceFarmAndroidLib: setWifiEnabled: wifi is: true
12-11 16:56:29.234   720   720 I wpa_supplicant: wlan0: CTRL-EVENT-DISCONNECTED bssid=74:da:38:83:91:38 reason=3 locally_generated=1
12-11 16:56:29.236   609   673 D WifiStateMachine: WifiStateMachine: Leaving Connected state
12-11 16:56:29.236   609   673 D IpReachabilityMonitor: clear: iface{wlan0/22}, v{4}, ntable=[]
12-11 16:56:29.237   609   673 E WifiConfigStore: saveWifiConfigBSSID Setting BSSID for "9902008825"WPA_PSK to any
12-11 16:56:29.237   609   719 I WifiHAL : event received NL80211_CMD_DISCONNECT
12-11 16:56:29.237   609   719 I WifiHAL : event ignored!!
12-11 16:56:29.243   609   719 I WifiHAL : event received NL80211_CMD_REG_CHANGE
12-11 16:56:29.244   609   719 I WifiHAL : event ignored!!
12-11 16:56:29.256   720   720 I wpa_supplicant: wlan0: CTRL-EVENT-REGDOM-CHANGE init=CORE type=WORLD
12-11 16:56:29.258   609 11727 D DhcpClient: Clearing IP address
12-11 16:56:29.258   193   588 D CommandListener: Clearing all IP addresses on wlan0
12-11 16:56:29.259   193   588 D CommandListener: Setting iface cfg
12-11 16:56:29.260   609 11735 D DhcpClient: Receive thread stopped
12-11 16:56:29.284 11018 11866 V NativeCrypto: Read error: ssl=0x9a5e9600: I/O error during system call, Connection timed out
12-11 16:56:29.286 11018 11866 V NativeCrypto: SSL shutdown failed: ssl=0x9a5e9600: I/O error during system call, Broken pipe
12-11 16:56:29.289 11018 11866 E GCM     : Wifi connection closed with errorCode 20
12-11 16:56:29.289   609   620 D ConnectivityService: reportNetworkConnectivity(101, false) by 10009
12-11 16:56:29.289   609 11733 D NetworkMonitor/NetworkAgentInfo [WIFI () - 101]: Forcing reevaluation for UID 10009
12-11 16:56:29.291   609 11733 D NetworkMonitor/NetworkAgentInfo [WIFI () - 101]: Probably not a portal: exception java.net.UnknownHostException: Unable to resolve host "connectivitycheck.gstatic.com": No address associated with hostname
12-11 16:56:29.291   609   675 D ConnectivityService: NetworkAgentInfo [WIFI () - 101] validation failed
12-11 16:56:29.291   609   675 D ConnectivityService: rematching NetworkAgentInfo [WIFI () - 101]
12-11 16:56:29.292   609   675 D ConnectivityService: notifyType CAP_CHANGED for NetworkAgentInfo [WIFI () - 101]
12-11 16:56:29.293   609   675 D ConnectivityService: sendStickyBroadcast: action=android.net.conn.INET_CONDITION_ACTION
12-11 16:56:29.294   742  1030 D ConnectivityManager.CallbackHandler: CM callback handler got msg 524294
12-11 16:56:29.294 10534 11729 D ConnectivityManager.CallbackHandler: CM callback handler got msg 524294
12-11 16:56:29.300 11041 14611 D ConnectivityManager.CallbackHandler: CM callback handler got msg 524294
12-11 16:56:29.307   609   622 I ActivityManager: Start proc 14790:com.google.android.talk/u0a51 for broadcast com.google.android.talk/com.google.android.apps.hangouts.service.NetworkStateReceiver
12-11 16:56:29.330   609   675 D ConnectivityService: NetworkAgentInfo [WIFI () - 101] EVENT_NETWORK_INFO_CHANGED, going from CONNECTED to DISCONNECTED
12-11 16:56:29.330   609   675 D ConnectivityService: NetworkAgentInfo [WIFI () - 101] got DISCONNECTED, was satisfying 4
12-11 16:56:29.331   609   673 D WifiStateMachine: Start Disconnecting Watchdog 2
12-11 16:56:29.336   609   675 D ConnectivityService: notifyType LOST for NetworkAgentInfo [WIFI () - 101]
12-11 16:56:29.336   742  1030 D ConnectivityManager.CallbackHandler: CM callback handler got msg 524292
12-11 16:56:29.337 10534 11729 D ConnectivityManager.CallbackHandler: CM callback handler got msg 524292
12-11 16:56:29.337 11041 14611 D ConnectivityManager.CallbackHandler: CM callback handler got msg 524292
12-11 16:56:29.338 10534 11729 D WifiManager: Wifi alternate reality disabled on network 101
12-11 16:56:29.339   193   588 D CommandListener: Clearing all IP addresses on wlan0
12-11 16:56:29.352 10534 14788 D Aatp    : /task/51d4eea40884e27f435ae79d95dc8902a21b039f/status
12-11 16:56:29.362 14790 14790 W System  : ClassLoader referenced unknown path: /system/app/Hangouts/lib/arm
12-11 16:56:29.377   193   588 V IdletimerController: runCmd(/system/bin/ip6tables -w -t raw -D idletimer_raw_PREROUTING -i wlan0 -j IDLETIMER --timeout 15 --label 1 --send_nl_msg 1) res_ipv4=0, res_ipv6=0
12-11 16:56:29.403   193   588 V IdletimerController: runCmd(/system/bin/ip6tables -w -t mangle -D idletimer_mangle_POSTROUTING -o wlan0 -j IDLETIMER --timeout 15 --label 1 --send_nl_msg 1) res_ipv4=0, res_ipv6=0
12-11 16:56:29.404   609   675 D CSLegacyTypeTracker: Sending DISCONNECTED broadcast for type 1 NetworkAgentInfo [WIFI () - 101] isDefaultNetwork=true
12-11 16:56:29.404   609   675 D ConnectivityService: sendStickyBroadcast: action=android.net.conn.CONNECTIVITY_CHANGE
12-11 16:56:29.407   609   673 D WifiNetworkAgent: NetworkAgent: NetworkAgent channel lost
12-11 16:56:29.408   609   626 D Tethering: MasterInitialState.processMessage what=3
12-11 16:56:29.409 12370 12370 D MusicLifecycle: com.google.android.music.net.NetworkConnectivityMonitor$NetworkChangedReceiver generated event: Broadcast received with context com.google.android.music.ui.PhoneMusicApplication@6b9e6f0 and intent Intent { act=android.net.conn.CONNECTIVITY_CHANGE flg=0x4000010 (has extras) }
12-11 16:56:29.412 12370 12370 I NetworkConnectivity: Network state changed: null
12-11 16:56:29.413   609   673 W WifiStateMachine: Not authorized to remove network  cnid=1 uid=11363
12-11 16:56:29.414   609   673 W WifiStateMachine: Not authorized to remove network  cnid=0 uid=11363
12-11 16:56:29.417 12370 12370 I NetworkPolicyMonitor: Download-ability status changed to (false) unmetered wifi/eth: false mobileOrMetered: false
12-11 16:56:29.418 12370 12370 I NetworkPolicyMonitor: Stream-ability status changed to (false) unmetered wifi/eth: false mobileOrMetered: false
12-11 16:56:29.419 12370 12370 D MusicLifecycle: com.google.android.music.download.EncapsulatedBroadcastReceiver$1 generated event: Broadcast received with context com.google.android.music.ui.PhoneMusicApplication@6b9e6f0 and intent Intent { act=com.google.android.music.download.keepon.KeeponSchedulingService.START_DOWNLOAD flg=0x10 }
12-11 16:56:29.420 10534 14775 D AWSDeviceFarmAndroidLib: setWifiEnabled: setting wifi to: false
12-11 16:56:29.421   609  1164 D WifiService: setWifiEnabled: false pid=10534, uid=11363
12-11 16:56:29.421   609  1164 E WifiService: Invoking mWifiStateMachine.setWifiEnabled
12-11 16:56:29.427 11018 11348 W Settings: Setting airplane_mode_on has moved from android.provider.Settings.System to android.provider.Settings.Global, returning read-only value.
12-11 16:56:29.472   193   588 E Netd    : netlink response contains error (No such file or directory)
12-11 16:56:29.473   609   675 D ConnectivityService: setProvNotificationVisibleIntent null visible=false networkType=MOBILE extraInfo=null highPriority=false
12-11 16:56:29.473   609   675 D ConnectivityService: releasing NetworkRequest NetworkRequest [ id=8, legacyType=-1, [ Transports: WIFI Capabilities: NOT_RESTRICTED&TRUSTED&NOT_VPN] ]
12-11 16:56:29.473 10534 11729 D ConnectivityManager.CallbackHandler: CM callback handler got msg 524296
12-11 16:56:29.516 14790 14816 I Babel_SMS: MmsConfig: mnc/mcc: 310/0
12-11 16:56:29.516 14790 14816 I Babel_SMS: MmsConfig.loadMmsSettings
12-11 16:56:29.517 14790 14816 I Babel_SMS: MmsConfig.loadDeviceMmsSettings from API: mUserAgent=, mUaProfUrl=
12-11 16:56:29.518 14790 14816 I Babel_SMS: MmsConfig.loadFromDatabase
12-11 16:56:29.534 14790 14816 E Babel_SMS: canonicalizeMccMnc: invalid mccmnc 
12-11 16:56:29.534 14790 14816 I Babel_SMS: MmsConfig.loadFromResources
12-11 16:56:29.535 14790 14816 E Babel_SMS: canonicalizeMccMnc: invalid mccmnc nullnull
12-11 16:56:29.535 14790 14816 I Babel_SMS: MmsConfig.loadMmsSettings: mUserAgent=Hangouts/4.1.101259123, mUaProfUrl=https://ssl.gstatic.com/android/hangouts/hangouts_mms_ua_profile.xml
12-11 16:56:29.547 14790 14790 W Settings: Setting airplane_mode_on has moved from android.provider.Settings.System to android.provider.Settings.Global, returning read-only value.
12-11 16:56:29.550 14790 14790 I Babel_Crash: startup - clean
12-11 16:56:29.559 14790 14790 I Babel_telephony: TeleModule.launchCompleted
12-11 16:56:29.564   609   620 I Telecom : PhoneAccountRegistrar: SimCallManager queried, returning: null
12-11 16:56:29.567 14790 14790 I Babel_telephony: TeleModule.updateConnectionManagerRegistration, registration preference changed from false to false
12-11 16:56:29.572 14790 14790 W Babel   : BAM#gBA: invalid account id: -1
12-11 16:56:29.572 14790 14790 W Babel   : BAM#gBA: invalid account id: -1
12-11 16:56:29.572 14790 14790 I Babel_telephony: TeleModule.updateIncomingCallRegistration, preferred account for incoming calls changed from: null to null
12-11 16:56:29.576   609  7033 I Telecom : PhoneAccountRegistrar: SimCallManager queried, returning: null
12-11 16:56:29.599   609   832 I ActivityManager: Start proc 14822:com.android.chrome/u0a36 for broadcast com.android.chrome/org.chromium.chrome.browser.precache.PrecacheServiceLauncher
12-11 16:56:29.623 14790 14790 W VideoCapabilities: Unrecognized profile/level 0/3 for video/mpeg2
12-11 16:56:29.633 14822 14822 W ActivityThread: Application com.android.chrome can be debugged on port 8100...
12-11 16:56:29.633 14790 14790 W VideoCapabilities: Unrecognized profile/level 0/0 for video/mpeg2
12-11 16:56:29.633 14790 14790 W VideoCapabilities: Unrecognized profile/level 0/2 for video/mpeg2
12-11 16:56:29.633 14790 14790 W VideoCapabilities: Unrecognized profile/level 0/3 for video/mpeg2
12-11 16:56:29.656 14790 14790 I VideoCapabilities: Unsupported profile 4 for video/mp4v-es
12-11 16:56:29.676   609  3042 I ActivityManager: Killing 12776:com.google.android.partnersetup/u0a14 (adj 15): empty #17
12-11 16:56:29.883 14790 14790 I vclib   : onServiceConnected
12-11 16:56:29.905 14790 14836 I Babel   : connection state changed from UNKNOWN to DISCONNECTED
12-11 16:56:29.906   609   719 I WifiHAL : event received NL80211_CMD_TRIGGER_SCAN
12-11 16:56:29.906   609   719 I WifiHAL : event ignored!!
12-11 16:56:29.917 11041 11041 I iu.Environment: update connectivity state; isNetworkMetered? false, isRoaming? false, isBackgroundDataAllowed? false*
12-11 16:56:29.920 11041 11850 I iu.UploadsManager: num queued entries: 0
12-11 16:56:29.920 11041 11850 I iu.UploadsManager: num updated entries: 0
12-11 16:56:29.922 11041 11850 I iu.SyncManager: NEXT; no task
12-11 16:56:29.938   609   832 I ActivityManager: Start proc 14837:com.google.android.apps.gcs/u0a8 for broadcast com.google.android.apps.gcs/.receiver.WifiStateChangedReceiver
12-11 16:56:29.939   609   832 I ActivityManager: Killing 12370:com.google.android.music:main/u0a59 (adj 15): empty #17
12-11 16:56:30.177 14837 14837 W System  : ClassLoader referenced unknown path: /system/priv-app/GCS/lib/arm
12-11 16:56:30.301 14837 14837 W ClientExperimentManager: [1] d.a: com.google.android.apps.gcs does not have permission com.google.android.apps.gcs.WRITE_EXPERIMENTS; disabling overrides
12-11 16:56:30.330   609  3358 I ActivityManager: Start proc 14864:com.android.settings/1000 for broadcast com.android.settings/.widget.SettingsAppWidgetProvider
12-11 16:56:30.333   609  3358 I ActivityManager: Killing 14466:com.android.externalstorage/u0a7 (adj 15): empty #17
12-11 16:56:30.395 10534 14876 D Aatp    : /task/51d4eea40884e27f435ae79d95dc8902a21b039f/status
12-11 16:56:30.425 10534 14775 D AWSDeviceFarmAndroidLib: setWifiEnabled: wifi is: false
12-11 16:56:30.427 10534 10534 D AatpDeviceManager: taskStatus update (51d4eea40884e27f435ae79d95dc8902a21b039f: {"result":"Wifi enabled: false","state":2})
