12-11 16:57:00.082 15223 15308 E GcmPushIntentOperation: 	at com.google.android.gms.phenotype.gcmpush.GcmPushIntentOperation.onHandleIntent(:com.google.android.gms@11509436:6)
12-11 16:57:00.082 15223 15308 E GcmPushIntentOperation: 	at com.google.android.chimera.IntentOperation.onHandleIntent(:com.google.android.gms@11509436:2)
12-11 16:57:00.082 15223 15308 E GcmPushIntentOperation: 	at bwh.run(:com.google.android.gms@11509436:10)
12-11 16:57:00.082 15223 15308 E GcmPushIntentOperation: 	at bwe.run(:com.google.android.gms@11509436:14)
12-11 16:57:00.082 15223 15308 E GcmPushIntentOperation: 	at java.util.concurrent.ThreadPoolExecutor.runWorker(ThreadPoolExecutor.java:1113)
12-11 16:57:00.082 15223 15308 E GcmPushIntentOperation: 	at java.util.concurrent.ThreadPoolExecutor$Worker.run(ThreadPoolExecutor.java:588)
12-11 16:57:00.082 15223 15308 E GcmPushIntentOperation: 	at java.lang.Thread.run(Thread.java:818)
12-11 16:57:00.103 15223 15308 E GcmPushIntentOperation: Failed to subscribe to GCM: com.google.android.gms.smart_profile
12-11 16:57:00.103 15223 15308 E GcmPushIntentOperation: java.io.IOException: SERVICE_NOT_AVAILABLE
12-11 16:57:00.103 15223 15308 E GcmPushIntentOperation: 	at uzy.b(:com.google.android.gms@11509436:41)
12-11 16:57:00.103 15223 15308 E GcmPushIntentOperation: 	at uzy.a(:com.google.android.gms@11509436:46)
12-11 16:57:00.103 15223 15308 E GcmPushIntentOperation: 	at uzv.b(:com.google.android.gms@11509436:11)
12-11 16:57:00.103 15223 15308 E GcmPushIntentOperation: 	at uzv.a(:com.google.android.gms@11509436:29)
12-11 16:57:00.103 15223 15308 E GcmPushIntentOperation: 	at com.google.android.gms.phenotype.gcmpush.GcmPushIntentOperation.a(:com.google.android.gms@11509436:16)
12-11 16:57:00.103 15223 15308 E GcmPushIntentOperation: 	at com.google.android.gms.phenotype.gcmpush.GcmPushIntentOperation.onHandleIntent(:com.google.android.gms@11509436:6)
12-11 16:57:00.103 15223 15308 E GcmPushIntentOperation: 	at com.google.android.chimera.IntentOperation.onHandleIntent(:com.google.android.gms@11509436:2)
12-11 16:57:00.103 15223 15308 E GcmPushIntentOperation: 	at bwh.run(:com.google.android.gms@11509436:10)
12-11 16:57:00.103 15223 15308 E GcmPushIntentOperation: 	at bwe.run(:com.google.android.gms@11509436:14)
12-11 16:57:00.103 15223 15308 E GcmPushIntentOperation: 	at java.util.concurrent.ThreadPoolExecutor.runWorker(ThreadPoolExecutor.java:1113)
12-11 16:57:00.103 15223 15308 E GcmPushIntentOperation: 	at java.util.concurrent.ThreadPoolExecutor$Worker.run(ThreadPoolExecutor.java:588)
12-11 16:57:00.103 15223 15308 E GcmPushIntentOperation: 	at java.lang.Thread.run(Thread.java:818)
12-11 16:57:00.136 15223 15308 E GcmPushIntentOperation: Failed to subscribe to GCM: com.google.android.gms.telephonyspam
12-11 16:57:00.136 15223 15308 E GcmPushIntentOperation: java.io.IOException: SERVICE_NOT_AVAILABLE
12-11 16:57:00.136 15223 15308 E GcmPushIntentOperation: 	at uzy.b(:com.google.android.gms@11509436:41)
12-11 16:57:00.136 15223 15308 E GcmPushIntentOperation: 	at uzy.a(:com.google.android.gms@11509436:46)
12-11 16:57:00.136 15223 15308 E GcmPushIntentOperation: 	at uzv.b(:com.google.android.gms@11509436:11)
12-11 16:57:00.136 15223 15308 E GcmPushIntentOperation: 	at uzv.a(:com.google.android.gms@11509436:29)
12-11 16:57:00.136 15223 15308 E GcmPushIntentOperation: 	at com.google.android.gms.phenotype.gcmpush.GcmPushIntentOperation.a(:com.google.android.gms@11509436:16)
12-11 16:57:00.136 15223 15308 E GcmPushIntentOperation: 	at com.google.android.gms.phenotype.gcmpush.GcmPushIntentOperation.onHandleIntent(:com.google.android.gms@11509436:6)
12-11 16:57:00.136 15223 15308 E GcmPushIntentOperation: 	at com.google.android.chimera.IntentOperation.onHandleIntent(:com.google.android.gms@11509436:2)
12-11 16:57:00.136 15223 15308 E GcmPushIntentOperation: 	at bwh.run(:com.google.android.gms@11509436:10)
12-11 16:57:00.136 15223 15308 E GcmPushIntentOperation: 	at bwe.run(:com.google.android.gms@11509436:14)
12-11 16:57:00.136 15223 15308 E GcmPushIntentOperation: 	at java.util.concurrent.ThreadPoolExecutor.runWorker(ThreadPoolExecutor.java:1113)
12-11 16:57:00.136 15223 15308 E GcmPushIntentOperation: 	at java.util.concurrent.ThreadPoolExecutor$Worker.run(ThreadPoolExecutor.java:588)
12-11 16:57:00.136 15223 15308 E GcmPushIntentOperation: 	at java.lang.Thread.run(Thread.java:818)
12-11 16:57:00.153 10534 15664 D Aatp    : /ping
12-11 16:57:00.153 15223 15308 E GcmPushIntentOperation: Failed to subscribe to GCM: com.google.android.gms.tron.metrics
12-11 16:57:00.153 15223 15308 E GcmPushIntentOperation: java.io.IOException: SERVICE_NOT_AVAILABLE
12-11 16:57:00.153 15223 15308 E GcmPushIntentOperation: 	at uzy.b(:com.google.android.gms@11509436:41)
12-11 16:57:00.153 15223 15308 E GcmPushIntentOperation: 	at uzy.a(:com.google.android.gms@11509436:46)
12-11 16:57:00.153 15223 15308 E GcmPushIntentOperation: 	at uzv.b(:com.google.android.gms@11509436:11)
12-11 16:57:00.153 15223 15308 E GcmPushIntentOperation: 	at uzv.a(:com.google.android.gms@11509436:29)
12-11 16:57:00.153 15223 15308 E GcmPushIntentOperation: 	at com.google.android.gms.phenotype.gcmpush.GcmPushIntentOperation.a(:com.google.android.gms@11509436:16)
12-11 16:57:00.153 15223 15308 E GcmPushIntentOperation: 	at com.google.android.gms.phenotype.gcmpush.GcmPushIntentOperation.onHandleIntent(:com.google.android.gms@11509436:6)
12-11 16:57:00.153 15223 15308 E GcmPushIntentOperation: 	at com.google.android.chimera.IntentOperation.onHandleIntent(:com.google.android.gms@11509436:2)
12-11 16:57:00.153 15223 15308 E GcmPushIntentOperation: 	at bwh.run(:com.google.android.gms@11509436:10)
12-11 16:57:00.153 15223 15308 E GcmPushIntentOperation: 	at bwe.run(:com.google.android.gms@11509436:14)
12-11 16:57:00.153 15223 15308 E GcmPushIntentOperation: 	at java.util.concurrent.ThreadPoolExecutor.runWorker(ThreadPoolExecutor.java:1113)
12-11 16:57:00.153 15223 15308 E GcmPushIntentOperation: 	at java.util.concurrent.ThreadPoolExecutor$Worker.run(ThreadPoolExecutor.java:588)
12-11 16:57:00.153 15223 15308 E GcmPushIntentOperation: 	at java.lang.Thread.run(Thread.java:818)
12-11 16:57:00.178 15223 15308 E GcmPushIntentOperation: Failed to subscribe to GCM: com.google.android.gms.udc
12-11 16:57:00.178 15223 15308 E GcmPushIntentOperation: java.io.IOException: SERVICE_NOT_AVAILABLE
12-11 16:57:00.178 15223 15308 E GcmPushIntentOperation: 	at uzy.b(:com.google.android.gms@11509436:41)
12-11 16:57:00.178 15223 15308 E GcmPushIntentOperation: 	at uzy.a(:com.google.android.gms@11509436:46)
12-11 16:57:00.178 15223 15308 E GcmPushIntentOperation: 	at uzv.b(:com.google.android.gms@11509436:11)
12-11 16:57:00.178 15223 15308 E GcmPushIntentOperation: 	at uzv.a(:com.google.android.gms@11509436:29)
12-11 16:57:00.178 15223 15308 E GcmPushIntentOperation: 	at com.google.android.gms.phenotype.gcmpush.GcmPushIntentOperation.a(:com.google.android.gms@11509436:16)
12-11 16:57:00.178 15223 15308 E GcmPushIntentOperation: 	at com.google.android.gms.phenotype.gcmpush.GcmPushIntentOperation.onHandleIntent(:com.google.android.gms@11509436:6)
12-11 16:57:00.178 15223 15308 E GcmPushIntentOperation: 	at com.google.android.chimera.IntentOperation.onHandleIntent(:com.google.android.gms@11509436:2)
12-11 16:57:00.178 15223 15308 E GcmPushIntentOperation: 	at bwh.run(:com.google.android.gms@11509436:10)
12-11 16:57:00.178 15223 15308 E GcmPushIntentOperation: 	at bwe.run(:com.google.android.gms@11509436:14)
12-11 16:57:00.178 15223 15308 E GcmPushIntentOperation: 	at java.util.concurrent.ThreadPoolExecutor.runWorker(ThreadPoolExecutor.java:1113)
12-11 16:57:00.178 15223 15308 E GcmPushIntentOperation: 	at java.util.concurrent.ThreadPoolExecutor$Worker.run(ThreadPoolExecutor.java:588)
12-11 16:57:00.178 15223 15308 E GcmPushIntentOperation: 	at java.lang.Thread.run(Thread.java:818)
12-11 16:57:00.195 15223 15308 E GcmPushIntentOperation: Failed to subscribe to GCM: com.google.android.gms.wallet
12-11 16:57:00.195 15223 15308 E GcmPushIntentOperation: java.io.IOException: SERVICE_NOT_AVAILABLE
12-11 16:57:00.195 15223 15308 E GcmPushIntentOperation: 	at uzy.b(:com.google.android.gms@11509436:41)
12-11 16:57:00.195 15223 15308 E GcmPushIntentOperation: 	at uzy.a(:com.google.android.gms@11509436:46)
12-11 16:57:00.195 15223 15308 E GcmPushIntentOperation: 	at uzv.b(:com.google.android.gms@11509436:11)
12-11 16:57:00.195 15223 15308 E GcmPushIntentOperation: 	at uzv.a(:com.google.android.gms@11509436:29)
12-11 16:57:00.195 15223 15308 E GcmPushIntentOperation: 	at com.google.android.gms.phenotype.gcmpush.GcmPushIntentOperation.a(:com.google.android.gms@11509436:16)
12-11 16:57:00.195 15223 15308 E GcmPushIntentOperation: 	at com.google.android.gms.phenotype.gcmpush.GcmPushIntentOperation.onHandleIntent(:com.google.android.gms@11509436:6)
12-11 16:57:00.195 15223 15308 E GcmPushIntentOperation: 	at com.google.android.chimera.IntentOperation.onHandleIntent(:com.google.android.gms@11509436:2)
12-11 16:57:00.195 15223 15308 E GcmPushIntentOperation: 	at bwh.run(:com.google.android.gms@11509436:10)
12-11 16:57:00.195 15223 15308 E GcmPushIntentOperation: 	at bwe.run(:com.google.android.gms@11509436:14)
12-11 16:57:00.195 15223 15308 E GcmPushIntentOperation: 	at java.util.concurrent.ThreadPoolExecutor.runWorker(ThreadPoolExecutor.java:1113)
12-11 16:57:00.195 15223 15308 E GcmPushIntentOperation: 	at java.util.concurrent.ThreadPoolExecutor$Worker.run(ThreadPoolExecutor.java:588)
12-11 16:57:00.195 15223 15308 E GcmPushIntentOperation: 	at java.lang.Thread.run(Thread.java:818)
12-11 16:57:00.216 15223 15308 E GcmPushIntentOperation: Failed to subscribe to GCM: com.google.android.gms.wearable
12-11 16:57:00.216 15223 15308 E GcmPushIntentOperation: java.io.IOException: SERVICE_NOT_AVAILABLE
12-11 16:57:00.216 15223 15308 E GcmPushIntentOperation: 	at uzy.b(:com.google.android.gms@11509436:41)
12-11 16:57:00.216 15223 15308 E GcmPushIntentOperation: 	at uzy.a(:com.google.android.gms@11509436:46)
12-11 16:57:00.216 15223 15308 E GcmPushIntentOperation: 	at uzv.b(:com.google.android.gms@11509436:11)
12-11 16:57:00.216 15223 15308 E GcmPushIntentOperation: 	at uzv.a(:com.google.android.gms@11509436:29)
12-11 16:57:00.216 15223 15308 E GcmPushIntentOperation: 	at com.google.android.gms.phenotype.gcmpush.GcmPushIntentOperation.a(:com.google.android.gms@11509436:16)
12-11 16:57:00.216 15223 15308 E GcmPushIntentOperation: 	at com.google.android.gms.phenotype.gcmpush.GcmPushIntentOperation.onHandleIntent(:com.google.android.gms@11509436:6)
12-11 16:57:00.216 15223 15308 E GcmPushIntentOperation: 	at com.google.android.chimera.IntentOperation.onHandleIntent(:com.google.android.gms@11509436:2)
12-11 16:57:00.216 15223 15308 E GcmPushIntentOperation: 	at bwh.run(:com.google.android.gms@11509436:10)
12-11 16:57:00.216 15223 15308 E GcmPushIntentOperation: 	at bwe.run(:com.google.android.gms@11509436:14)
12-11 16:57:00.216 15223 15308 E GcmPushIntentOperation: 	at java.util.concurrent.ThreadPoolExecutor.runWorker(ThreadPoolExecutor.java:1113)
12-11 16:57:00.216 15223 15308 E GcmPushIntentOperation: 	at java.util.concurrent.ThreadPoolExecutor$Worker.run(ThreadPoolExecutor.java:588)
12-11 16:57:00.216 15223 15308 E GcmPushIntentOperation: 	at java.lang.Thread.run(Thread.java:818)
12-11 16:57:00.243 15223 15308 E GcmPushIntentOperation: Failed to subscribe to GCM: com.google.android.gms.lockbox
12-11 16:57:00.243 15223 15308 E GcmPushIntentOperation: java.io.IOException: SERVICE_NOT_AVAILABLE
12-11 16:57:00.243 15223 15308 E GcmPushIntentOperation: 	at uzy.b(:com.google.android.gms@11509436:41)
12-11 16:57:00.243 15223 15308 E GcmPushIntentOperation: 	at uzy.a(:com.google.android.gms@11509436:46)
12-11 16:57:00.243 15223 15308 E GcmPushIntentOperation: 	at uzv.b(:com.google.android.gms@11509436:11)
12-11 16:57:00.243 15223 15308 E GcmPushIntentOperation: 	at uzv.a(:com.google.android.gms@11509436:29)
12-11 16:57:00.243 15223 15308 E GcmPushIntentOperation: 	at com.google.android.gms.phenotype.gcmpush.GcmPushIntentOperation.a(:com.google.android.gms@11509436:16)
12-11 16:57:00.243 15223 15308 E GcmPushIntentOperation: 	at com.google.android.gms.phenotype.gcmpush.GcmPushIntentOperation.onHandleIntent(:com.google.android.gms@11509436:6)
12-11 16:57:00.243 15223 15308 E GcmPushIntentOperation: 	at com.google.android.chimera.IntentOperation.onHandleIntent(:com.google.android.gms@11509436:2)
12-11 16:57:00.243 15223 15308 E GcmPushIntentOperation: 	at bwh.run(:com.google.android.gms@11509436:10)
12-11 16:57:00.243 15223 15308 E GcmPushIntentOperation: 	at bwe.run(:com.google.android.gms@11509436:14)
12-11 16:57:00.243 15223 15308 E GcmPushIntentOperation: 	at java.util.concurrent.ThreadPoolExecutor.runWorker(ThreadPoolExecutor.java:1113)
12-11 16:57:00.243 15223 15308 E GcmPushIntentOperation: 	at java.util.concurrent.ThreadPoolExecutor$Worker.run(ThreadPoolExecutor.java:588)
12-11 16:57:00.243 15223 15308 E GcmPushIntentOperation: 	at java.lang.Thread.run(Thread.java:818)
12-11 16:57:00.264 10534 15665 D Aatp    : /sleep
12-11 16:57:00.266 15223 15308 E GcmPushIntentOperation: Failed to subscribe to GCM: com.google.android.gms.people
12-11 16:57:00.266 15223 15308 E GcmPushIntentOperation: java.io.IOException: SERVICE_NOT_AVAILABLE
12-11 16:57:00.266 15223 15308 E GcmPushIntentOperation: 	at uzy.b(:com.google.android.gms@11509436:41)
12-11 16:57:00.266 15223 15308 E GcmPushIntentOperation: 	at uzy.a(:com.google.android.gms@11509436:46)
12-11 16:57:00.266 15223 15308 E GcmPushIntentOperation: 	at uzv.b(:com.google.android.gms@11509436:11)
12-11 16:57:00.266 15223 15308 E GcmPushIntentOperation: 	at uzv.a(:com.google.android.gms@11509436:29)
12-11 16:57:00.266 15223 15308 E GcmPushIntentOperation: 	at com.google.android.gms.phenotype.gcmpush.GcmPushIntentOperation.a(:com.google.android.gms@11509436:16)
12-11 16:57:00.266 15223 15308 E GcmPushIntentOperation: 	at com.google.android.gms.phenotype.gcmpush.GcmPushIntentOperation.onHandleIntent(:com.google.android.gms@11509436:6)
12-11 16:57:00.266 15223 15308 E GcmPushIntentOperation: 	at com.google.android.chimera.IntentOperation.onHandleIntent(:com.google.android.gms@11509436:2)
12-11 16:57:00.266 15223 15308 E GcmPushIntentOperation: 	at bwh.run(:com.google.android.gms@11509436:10)
12-11 16:57:00.266 15223 15308 E GcmPushIntentOperation: 	at bwe.run(:com.google.android.gms@11509436:14)
12-11 16:57:00.266 15223 15308 E GcmPushIntentOperation: 	at java.util.concurrent.ThreadPoolExecutor.runWorker(ThreadPoolExecutor.java:1113)
12-11 16:57:00.266 15223 15308 E GcmPushIntentOperation: 	at java.util.concurrent.ThreadPoolExecutor$Worker.run(ThreadPoolExecutor.java:588)
12-11 16:57:00.266 15223 15308 E GcmPushIntentOperation: 	at java.lang.Thread.run(Thread.java:818)
12-11 16:57:00.282 15223 15308 E GcmPushIntentOperation: Failed to subscribe to GCM: com.google.android.gms.people.ui
12-11 16:57:00.282 15223 15308 E GcmPushIntentOperation: java.io.IOException: SERVICE_NOT_AVAILABLE
12-11 16:57:00.282 15223 15308 E GcmPushIntentOperation: 	at uzy.b(:com.google.android.gms@11509436:41)
12-11 16:57:00.282 15223 15308 E GcmPushIntentOperation: 	at uzy.a(:com.google.android.gms@11509436:46)
12-11 16:57:00.282 15223 15308 E GcmPushIntentOperation: 	at uzv.b(:com.google.android.gms@11509436:11)
12-11 16:57:00.282 15223 15308 E GcmPushIntentOperation: 	at uzv.a(:com.google.android.gms@11509436:29)
12-11 16:57:00.282 15223 15308 E GcmPushIntentOperation: 	at com.google.android.gms.phenotype.gcmpush.GcmPushIntentOperation.a(:com.google.android.gms@11509436:16)
12-11 16:57:00.282 15223 15308 E GcmPushIntentOperation: 	at com.google.android.gms.phenotype.gcmpush.GcmPushIntentOperation.onHandleIntent(:com.google.android.gms@11509436:6)
12-11 16:57:00.282 15223 15308 E GcmPushIntentOperation: 	at com.google.android.chimera.IntentOperation.onHandleIntent(:com.google.android.gms@11509436:2)
12-11 16:57:00.282 15223 15308 E GcmPushIntentOperation: 	at bwh.run(:com.google.android.gms@11509436:10)
12-11 16:57:00.282 15223 15308 E GcmPushIntentOperation: 	at bwe.run(:com.google.android.gms@11509436:14)
12-11 16:57:00.282 15223 15308 E GcmPushIntentOperation: 	at java.util.concurrent.ThreadPoolExecutor.runWorker(ThreadPoolExecutor.java:1113)
12-11 16:57:00.282 15223 15308 E GcmPushIntentOperation: 	at java.util.concurrent.ThreadPoolExecutor$Worker.run(ThreadPoolExecutor.java:588)
12-11 16:57:00.282 15223 15308 E GcmPushIntentOperation: 	at java.lang.Thread.run(Thread.java:818)
12-11 16:57:00.287 10534 15665 D Aatp    : sha1: 6d9d76493c9fb7567a18237287ff5ef7e4b8b732
12-11 16:57:00.303 15223 15308 E GcmPushIntentOperation: Failed to subscribe to GCM: com.google.android.gms.walletp2p
12-11 16:57:00.303 15223 15308 E GcmPushIntentOperation: java.io.IOException: SERVICE_NOT_AVAILABLE
12-11 16:57:00.303 15223 15308 E GcmPushIntentOperation: 	at uzy.b(:com.google.android.gms@11509436:41)
12-11 16:57:00.303 15223 15308 E GcmPushIntentOperation: 	at uzy.a(:com.google.android.gms@11509436:46)
12-11 16:57:00.303 15223 15308 E GcmPushIntentOperation: 	at uzv.b(:com.google.android.gms@11509436:11)
12-11 16:57:00.303 15223 15308 E GcmPushIntentOperation: 	at uzv.a(:com.google.android.gms@11509436:29)
12-11 16:57:00.303 15223 15308 E GcmPushIntentOperation: 	at com.google.android.gms.phenotype.gcmpush.GcmPushIntentOperation.a(:com.google.android.gms@11509436:16)
12-11 16:57:00.303 15223 15308 E GcmPushIntentOperation: 	at com.google.android.gms.phenotype.gcmpush.GcmPushIntentOperation.onHandleIntent(:com.google.android.gms@11509436:6)
12-11 16:57:00.303 15223 15308 E GcmPushIntentOperation: 	at com.google.android.chimera.IntentOperation.onHandleIntent(:com.google.android.gms@11509436:2)
12-11 16:57:00.303 15223 15308 E GcmPushIntentOperation: 	at bwh.run(:com.google.android.gms@11509436:10)
12-11 16:57:00.303 15223 15308 E GcmPushIntentOperation: 	at bwe.run(:com.google.android.gms@11509436:14)
12-11 16:57:00.303 15223 15308 E GcmPushIntentOperation: 	at java.util.concurrent.ThreadPoolExecutor.runWorker(ThreadPoolExecutor.java:1113)
12-11 16:57:00.303 15223 15308 E GcmPushIntentOperation: 	at java.util.concurrent.ThreadPoolExecutor$Worker.run(ThreadPoolExecutor.java:588)
12-11 16:57:00.303 15223 15308 E GcmPushIntentOperation: 	at java.lang.Thread.run(Thread.java:818)
12-11 16:57:00.306 10534 10534 D AatpDeviceManager: taskStatus update (6d9d76493c9fb7567a18237287ff5ef7e4b8b732: {"state":1})
12-11 16:57:00.306 10534 15666 D AWSDeviceFarmAndroidLib: WakeLock: release
12-11 16:57:00.307   609   609 V NotificationService: pkg=com.amazon.aatp.aatpdevicemanager canInterrupt=false intercept=true
12-11 16:57:00.307 10534 10534 D AatpDeviceManager: taskStatus update (6d9d76493c9fb7567a18237287ff5ef7e4b8b732: {"result":"Nighty night","state":2})
12-11 16:57:00.316 10534 15665 D Aatp    : /task/6d9d76493c9fb7567a18237287ff5ef7e4b8b732
12-11 16:57:00.442 10534 15667 D Aatp    : /task/6d9d76493c9fb7567a18237287ff5ef7e4b8b732/status
12-11 16:57:01.115 15487 15503 W dex2oat : Compilation of int com.google.android.gms.ads.exoplayer3.extractor.mkv.d.a(com.google.android.gms.ads.exoplayer3.extractor.d, com.google.android.gms.ads.exoplayer3.extractor.h) took 268.218ms
12-11 16:57:01.430 15242 15437 I ProcessCheckinRequest: cookie is null
12-11 16:57:01.433 15242 15437 E ProcessCheckinRequest: CheckinNowTaskTag : Checkin failed: https://android.clients.google.com/checkin (request #0): java.net.UnknownHostException: Unable to resolve host "android.clients.google.com": No address associated with hostname
12-11 16:57:01.898 15223 15590 I NearbyDirect: MagicPairScanner: BluetoothLeScanner is null, Bluetooth might be off. Enabled=false
12-11 16:57:02.203 15670 15670 D AndroidRuntime: >>>>>> START com.android.internal.os.RuntimeInit uid 2000 <<<<<<
12-11 16:57:02.210 15670 15670 D AndroidRuntime: CheckJNI is OFF
12-11 16:57:02.259 15487 15503 W dex2oat : Compilation of java.lang.Object com.google.android.gms.ads.internal.request.x.createFromParcel(android.os.Parcel) took 172.760ms
12-11 16:57:02.266 15670 15670 D ICU     : No timezone override file found: /data/misc/zoneinfo/current/icu/icu_tzdata.dat
12-11 16:57:02.322 15670 15670 I Radio-JNI: register_android_hardware_Radio DONE
12-11 16:57:02.352 15670 15670 D AndroidRuntime: Calling main entry com.android.commands.am.Am
12-11 16:57:02.354   609  3417 I ActivityManager: Force stopping com.amazon.aatp.aatpdevicemanager appid=11363 user=0: from pid 15670
12-11 16:57:02.354   609  3417 I ActivityManager: Killing 10534:com.amazon.aatp.aatpdevicemanager/u0a1363 (adj 2): stop com.amazon.aatp.aatpdevicemanager
12-11 16:57:02.371   609   674 D WifiService: Client connection lost with reason: 4
12-11 16:57:02.490   609  3417 W ActivityManager: Scheduling restart of crashed service com.amazon.aatp.aatpdevicemanager/.DeviceManagerService in 1000ms
12-11 16:57:02.491   609  3417 I ActivityManager:   Force stopping service ServiceRecord{f136cd1 u0 com.amazon.aatp.aatpdevicemanager/.DeviceManagerService}
12-11 16:57:02.492 15670 15670 D AndroidRuntime: Shutting down VM
12-11 16:57:02.494   609   775 W ActivityManager: Spurious death for ProcessRecord{8c4ef6c 0:com.amazon.aatp.aatpdevicemanager/u0a1363}, curProc for 10534: null
12-11 16:57:03.058 15223 15223 I WearableService: Wearable Services stopping
12-11 16:57:03.347 15242 15365 I Icing   : Indexing A844537352E9B7757EB16757889FFAE7A0F6C366 from com.google.android.gms
12-11 16:57:03.365 15242 15365 I Icing   : Indexing done A844537352E9B7757EB16757889FFAE7A0F6C366
12-11 16:57:03.366 15242 15365 I Icing   : Indexing FAD51FA919EEBCC2D8BF13DCF28001C93F4264D6 from com.google.android.gms
12-11 16:57:03.372 15242 15365 I Icing   : Indexing done FAD51FA919EEBCC2D8BF13DCF28001C93F4264D6
12-11 16:57:03.378 15242 15365 I Icing   : Indexing 944100CBB166CE2279F3EA1B25F1AF4E407B03C6 from com.google.android.gms
12-11 16:57:03.395 15242 15365 I Icing   : Indexing done 944100CBB166CE2279F3EA1B25F1AF4E407B03C6
12-11 16:57:03.396 15242 15365 I Icing   : Indexing 77353ACA6DE297942995D395787C3F318C690F68 from com.google.android.gms
12-11 16:57:03.401 15242 15365 I Icing   : Indexing done 77353ACA6DE297942995D395787C3F318C690F68
12-11 16:57:03.408 15242 15365 I Icing   : Indexing 1645743AB550E6DDBDB4E2DECDE70CAF3A680CE8 from com.google.android.gms
12-11 16:57:03.417 15242 15365 I Icing   : Indexing done 1645743AB550E6DDBDB4E2DECDE70CAF3A680CE8
12-11 16:57:03.417 15242 15365 I Icing   : doRemovePackageData com.google.android.gm
12-11 16:57:03.450 15242 15365 I Icing   : updateResources: need to parse tus{com.google.android.gm}
12-11 16:57:03.549 15242 15365 I Icing   : Usage reports 0 indexed 0 rejected 0 imm upload false
12-11 16:57:03.554 15242 15365 I Icing   : Usage reports 0 indexed 0 rejected 0 imm upload false
12-11 16:57:03.558 15242 15365 I Icing   : Usage reports 0 indexed 0 rejected 0 imm upload false
12-11 16:57:03.563 15242 15365 I Icing   : Usage reports 0 indexed 0 rejected 0 imm upload false
12-11 16:57:03.574 15242 15365 I Icing   : Usage reports 0 indexed 0 rejected 0 imm upload false
12-11 16:57:03.578 15242 15365 I Icing   : Usage reports 0 indexed 0 rejected 0 imm upload false
12-11 16:57:03.589 15242 15365 I Icing   : Indexing done 901E094855D685E885807C12111274E0174222B8
12-11 16:57:03.682   609   659 I InputReader: Reconfiguring input devices.  changes=0x00000010
12-11 16:57:03.693   609  8020 I AccountManagerService: getTypesVisibleToCaller: isPermitted? false
12-11 16:57:03.705   609  1164 I AccountManagerService: getTypesVisibleToCaller: isPermitted? true
12-11 16:57:03.708 14438 14568 D Documents: Update found 7 roots in 42ms
12-11 16:57:03.720 12869 15688 I UpdateIcingCorporaServi: Updating corpora: APPS=com.google.android.gms, CONTACTS=MAYBE
12-11 16:57:03.761 12869 15688 I UpdateIcingCorporaServi: UpdateCorporaTask done [took 40 ms] updated apps [took 40 ms] 
12-11 16:57:03.782 15242 15693 D Wear_Controller: Received broadcast action=android.intent.action.PACKAGE_CHANGED and uri=com.google.android.gms
12-11 16:57:03.793 15223 15233 W ConfigurationChimeraProvider: Got null configs for com.google.android.gms.chromesync
12-11 16:57:03.798 15242 15365 I Icing   : updateResources: need to parse tus{com.google.android.gms}
12-11 16:57:03.802 15242 15464 I Icing   : IndexChimeraService.getServiceInterface callingPackage=com.google.android.gms componentName=AppsCorpus serviceId=36
12-11 16:57:03.802 15242 15579 I Icing   : IndexChimeraService.getServiceInterface callingPackage=com.google.android.gms componentName=AppsCorpus serviceId=32
12-11 16:57:03.860 15223 15223 I GCoreNlp: shouldConfirmNlp, NLP off. Ensuring opt-in disabled
12-11 16:57:03.863 14790 14790 W linker  : /data/app/com.google.android.gms-2/lib/arm/libconscrypt_gmscore_jni.so: unused DT entry: type 0x1d arg 0x1ed
12-11 16:57:03.872 14790 14790 V NativeCrypto: Registering com/google/android/gms/org/conscrypt/NativeCrypto's 259 native methods...
12-11 16:57:03.893 14790 14790 I art     : Rejecting re-init on previously-failed class java.lang.Class<com.google.android.gms.org.conscrypt.OpenSSLExtendedSessionImpl>
12-11 16:57:03.893 14790 14790 I art     : Rejecting re-init on previously-failed class java.lang.Class<com.google.android.gms.org.conscrypt.OpenSSLExtendedSessionImpl>
12-11 16:57:03.894 14790 14790 I art     : Rejecting re-init on previously-failed class java.lang.Class<com.google.android.gms.org.conscrypt.OpenSSLExtendedSessionImpl>
12-11 16:57:03.905 15242 15365 I Icing   : Usage reports 0 indexed 0 rejected 0 imm upload false
12-11 16:57:03.910 15242 15365 I Icing   : Usage reports 0 indexed 0 rejected 0 imm upload false
12-11 16:57:03.918 14790 14790 I ProviderInstaller: Installed default security provider GmsCore_OpenSSL
12-11 16:57:04.011 15487 15487 I dex2oat : dex2oat took 8.279s (threads: 4) arena alloc=11MB java alloc=2MB native alloc=21MB free=7MB
12-11 16:57:04.076 15223 15223 I GeofencerStateMachine: sendQueryLocationOptIn
12-11 16:57:04.078 15223 15387 I GeofencerStateMachine: Network location disabled.
12-11 16:57:04.081 15223 15223 I BeaconBle: 'L' hardware scan: scan stopped, no clients
12-11 16:57:04.204 15698 15698 I dex2oat : /system/bin/dex2oat --dex-file=/data/data/com.google.android.gms/app_chimera/m/00000003/DynamiteModulesB_GmsCore_prodmnc_xhdpi_release.apk --oat-file=/data/data/com.google.android.gms/app_chimera/m/00000003/oat/arm/DynamiteModulesB_GmsCore_prodmnc_xhdpi_release.dex
