12-12 12:48:36.977   751   751 W ContextImpl: Calling a method in the system process without a qualified user: android.app.ContextImpl.sendBroadcast:1505 com.android.server.StatusBarManagerService.sendNotification:985 com.android.server.StatusBarManagerService.addNotification:674 com.android.server.NotificationManagerService$7.run:2142 android.os.Handler.handleCallback:733 
12-12 12:48:36.987 12699 16724 D Aatp    : /task/bb26803324adcabea585bc4084e455bfda1ec9ae
12-12 12:48:36.987 12699 16734 D AWSDeviceFarmAndroidLib: setEnabled: setting bluetooth to: false
12-12 12:48:36.987   751   751 D STATUSBAR-StatusBarManagerService: sendNotification(1) - 1096041565
12-12 12:48:36.997 12699 12703 D dalvikvm: GC_CONCURRENT freed 1962K, 36% free 17569K/27140K, paused 4ms+8ms, total 41ms
12-12 12:48:36.997 12699 16724 D dalvikvm: WAIT_FOR_CONCURRENT_GC blocked 6ms
12-12 12:48:36.997  1668  1682 D BluetoothAdapterService(1118370352): unRegister RemoteMessageListener
12-12 12:48:36.997  1668  1682 D HeadsetService: getHeadsetService(): returning com.android.bluetooth.hfp.HeadsetService@42a88a40
12-12 12:48:36.997  1668  1682 D HeadsetService: registerMessageListener
12-12 12:48:36.997 16707 16733 I Babel   : MmsConfig.loadFromDatabase
12-12 12:48:36.997  1067  1067 D ProgressBar: setProgressDrawable drawableHeight = 0
12-12 12:48:37.007  1668 13629 D HeadsetStateMachine: Disconnected process message: 80
12-12 12:48:37.007  1668  3707 D BluetoothAdapterState: CURRENT_STATE=ON, MSG = USER_TURN_OFF
12-12 12:48:37.007  1668  3707 I BluetoothAdapterState: Bluetooth adapter state changed: 12-> 13
12-12 12:48:37.007  1668  3707 D BluetoothAdapterService: Bluetooth PBAP supproted is true
12-12 12:48:37.007  1668  3707 D BluetoothAdapterService: updateAdapterState state is 13
12-12 12:48:37.007  1668 13629 D HeadsetStateMachine: processUnRegisterMessageListener : 2
12-12 12:48:37.007  1668  1668 I BluetoothPbapService: action: android.bluetooth.adapter.action.STATE_CHANGED, state: 13
12-12 12:48:37.007  1668  3725 E bt-btif : bta_jv_rfcomm_stop_server
12-12 12:48:37.007  1668  3707 D BluetoothAdapterService: Broadcasting updateAdapterState() to 1 receivers.
12-12 12:48:37.007  1067  1067 D PhoneStatusBar: tick(): knoxCustomManager = android.app.enterprise.knoxcustom.KnoxCustomManager@44ef2f00
12-12 12:48:37.017  1668  3707 D BluetoothAdapterService: Autoconnection is available 
12-12 12:48:37.017  1668  3707 D BluetoothAdapterService: updateAdapterState prevState = 12newState = 13
12-12 12:48:37.017  1668  3707 D BluetoothAdapterService: terminating service from this receiver
12-12 12:48:37.017  1668  3707 W ContextImpl: Implicit intents with startService are not safe: Intent { act=com.samsung.ble.ACTION_SERVICE_BLE_AUTO_CONNECT } android.content.ContextWrapper.stopService:511 com.android.bluetooth.btservice.AdapterService.updateAdapterState:657 com.android.bluetooth.btservice.AdapterState.notifyAdapterStateChange:586 
12-12 12:48:37.017  1304  1304 D PhoneApp: mReceiver: BluetoothAdapter.ACTION_STATE_CHANGED: 13
12-12 12:48:37.017  3675  3675 I QuickConnect: BluetoothHelper.ACTION_STATE_CHANGED - STATE_TURNING_OFF
12-12 12:48:37.017 11973 11973 I SamsungIME: STATE_CHANGED = 13, KEYBOARD_BT(0), mBTKeyboardCount =0
12-12 12:48:37.027   751   969 I ServiceKeeper: In getappinfo pid = 751 pkgName = android appinfo = null
12-12 12:48:37.027   751   969 I ServiceKeeper: In getseinfo pid = 751 uid = 1000 seinfo= system
12-12 12:48:37.027   751   969 I ServiceKeeper: In getappinfo pid = 751 pkgName = android appinfo = null
12-12 12:48:37.027   751   969 I ServiceKeeper: In getseinfo pid = 751 uid = 1000 seinfo= system
12-12 12:48:37.027  2729  2729 I SAP/SAPBtRfAccManager/22July2013: Received Action : android.bluetooth.adapter.action.STATE_CHANGED
12-12 12:48:37.027 13548 13548 V BluetoothEventManager: Received android.bluetooth.adapter.action.STATE_CHANGED
12-12 12:48:37.027 13548 13548 D BluetoothPbap: Proxy object disconnected
12-12 12:48:37.027 13548 13548 D PbapServerProfile: Bluetooth service disconnected
12-12 12:48:37.027  1668  3725 D GKI_LINUX: acquire_my_wake_lock(), g_wake_lock_fd:89, g_wake_unlock_fd:90, wake_lock_acquired:0
12-12 12:48:37.027  1668  3724 D bt_vendor: op for 7
12-12 12:48:37.027  1668  3707 I BluetoothAdapterState: Entering PendingCommandState State: isTurningOn()=false, isTurningOff()=true
12-12 12:48:37.037  1668  3725 E bt-btif : bta_jv_rfcomm_stop_server
12-12 12:48:37.037  1668  3724 D bt_upio : proc btwrite assertion
12-12 12:48:37.037  1668  3707 D BluetoothAdapterState: CURRENT_STATE=PENDING, MESSAGE = BEGIN_DISABLE, isTurningOn=false, isTurningOff=true
12-12 12:48:37.037  1668  3707 E bt-btif : btif_sock_cleanup, sock_thread_handle:6, rfc_init:1, vhci_init:1
12-12 12:48:37.037  1668  3707 E bt-btif : bta_jv_rfcomm_stop_server
12-12 12:48:37.037  1668  3725 E bt-btif : bta_jv_rfcomm_stop_server
12-12 12:48:37.037  1668 14607 E BtOppRfcommListener: Error accept connection java.io.IOException: read failed, socket might closed or timeout, read ret: -1
12-12 12:48:37.037  1668  3707 D btif_config_util: btif_config_save_file(L153): in file name:/data/misc/bluedroid/bt_config.new
12-12 12:48:37.037  1668  1668 I BtOppRfcommListener: stopping Accept Thread
12-12 12:48:37.037  1668 14607 I BtOppRfcommListener: BluetoothSocket listen thread finished
12-12 12:48:37.037  1668  3724 D bt_vendor: op for 7
12-12 12:48:37.037  1067  1067 D STATUSBAR-IconMerger: checkOverflow(288), More:true, Req:true Child:6
12-12 12:48:37.047  1668  3724 D bt_vendor: op for 7
12-12 12:48:37.047  1668  3724 D bt_vendor: op for 7
12-12 12:48:37.047 16707 16733 E Babel   : canonicalizeMccMnc: invalid mccmnc 
12-12 12:48:37.047 16707 16733 I Babel   : MmsConfig.loadFromResources
12-12 12:48:37.047 16707 16733 E Babel   : canonicalizeMccMnc: invalid mccmnc nullnull
12-12 12:48:37.047  1668  3724 D bt_vendor: op for 7
12-12 12:48:37.047  1668  3724 D bt_vendor: op for 7
12-12 12:48:37.047 16707 16707 I PersonaManager: getPersonaService() name persona_policy
12-12 12:48:37.057  1668  3724 D bt_vendor: op for 7
12-12 12:48:37.057 16707 16733 I Babel   : MmsConfig.loadMmsSettings: mUserAgent=Mozilla/5.0 (Linux; Android 4.4.2; en-us; SAMSUNG SM-G900T Build/KOT49H) AppleWebKit/537.36 (KHTML, like Gecko) Version/1.5 Chrome/28.0.1500.94 Mobile Safari/537.36, mUaProfUrl=http://wap.samsungmobile.com/uaprof/SM-G900T.xml
12-12 12:48:37.057  2729  2729 D SAP/SAPBtRfAccManager/22July2013: ACTION_STATE_CHANGED new state 13
12-12 12:48:37.057  2729  2729 I SAP/SAPBleAccManager/22July2013: onReceive. Intent.getAction android.bluetooth.adapter.action.STATE_CHANGED
12-12 12:48:37.057  2729  2729 I SAP/SAPBtRfAccManager/22July2013: Received Action : android.bluetooth.adapter.action.SCAN_MODE_CHANGED
12-12 12:48:37.067  1067  1067 D STATUSBAR-IconMerger: checkOverflow(360), More:true, Req:true Child:6
12-12 12:48:37.067   751  1462 D EnterpriseDeviceManager: ContainerId: 0
12-12 12:48:37.077   751  7404 D EnterpriseDeviceManager: ContainerId: 0
12-12 12:48:37.077   751  7404 W LicenseLogService: log() failed
12-12 12:48:37.077   751  4314 D EnterpriseDeviceManager: ContainerId: 0
12-12 12:48:37.087  1668  3707 D IOP_DB_BT: db_close: nbr users 0
12-12 12:48:37.087  1668  3707 D IOP_DB_BT: db_close: free database
12-12 12:48:37.087  1668  3724 D bt_vendor: op for 7
12-12 12:48:37.087  1668  3724 D bt_vendor: op for 7
12-12 12:48:37.087 16707 16707 W Settings: Setting airplane_mode_on has moved from android.provider.Settings.System to android.provider.Settings.Global, returning read-only value.
12-12 12:48:37.097   751  1704 D EnterpriseDeviceManager: ContainerId: 0
12-12 12:48:37.097   751  1704 W LicenseLogService: log() failed
12-12 12:48:37.097   751   956 D EnterpriseDeviceManager: ContainerId: 0
12-12 12:48:37.097   751   956 W LicenseLogService: log() failed
12-12 12:48:37.097   751  1462 D EnterpriseDeviceManager: ContainerId: 0
12-12 12:48:37.097   751  1462 W LicenseLogService: log() failed
12-12 12:48:37.097   751  7409 D EnterpriseDeviceManager: ContainerId: 0
12-12 12:48:37.107   751  7409 W LicenseLogService: log() failed
12-12 12:48:37.107   751  1451 D EnterpriseDeviceManager: ContainerId: 0
12-12 12:48:37.107   751  1451 W LicenseLogService: log() failed
12-12 12:48:37.107 16707 16707 W dalvikvm: VFY: unable to find class referenced in signature (Landroid/telecom/TelecomManager;)
12-12 12:48:37.107 16707 16707 I dalvikvm: Could not find method android.telecom.TelecomManager.clearAccounts, referenced from method cqf.e
12-12 12:48:37.117 16707 16707 W dalvikvm: VFY: unable to resolve virtual method 4854: Landroid/telecom/TelecomManager;.clearAccounts ()V
12-12 12:48:37.117 16707 16707 D dalvikvm: VFY: replacing opcode 0x6e at 0x004e
12-12 12:48:37.117 16707 16707 W dalvikvm: VFY: unable to find class referenced in signature (Landroid/telecom/TelecomManager;)
12-12 12:48:37.117 12699 16741 D Aatp    : /task/bb26803324adcabea585bc4084e455bfda1ec9ae/status
12-12 12:48:37.117 16707 16707 W dalvikvm: VFY: unable to find class referenced in signature (Landroid/telecom/TelecomManager;)
12-12 12:48:37.117 16707 16707 E dalvikvm: Could not find class 'android.telecom.PhoneAccount$Builder', referenced from method cqf.e
12-12 12:48:37.117 16707 16707 W dalvikvm: VFY: unable to resolve new-instance 746 (Landroid/telecom/PhoneAccount$Builder;) in Lcqf;
12-12 12:48:37.117 16707 16707 D dalvikvm: VFY: replacing opcode 0x22 at 0x0074
12-12 12:48:37.117 16707 16707 W dalvikvm: VFY: unable to find class referenced in signature (Landroid/telecom/TelecomManager;)
12-12 12:48:37.117 16707 16707 W dalvikvm: VFY: unable to find class referenced in signature (Landroid/telecom/TelecomManager;)
12-12 12:48:37.117 16707 16707 E dalvikvm: Could not find class 'android.telecom.TelecomManager', referenced from method cqf.g
12-12 12:48:37.117 16707 16707 W dalvikvm: VFY: unable to resolve check-cast 754 (Landroid/telecom/TelecomManager;) in Lcqf;
12-12 12:48:37.117 16707 16707 D dalvikvm: VFY: replacing opcode 0x1f at 0x0021
12-12 12:48:37.117 16707 16707 W dalvikvm: VFY: unable to find class referenced in signature (Landroid/telecom/TelecomManager;)
12-12 12:48:37.117 16707 16707 W dalvikvm: VFY: unable to find class referenced in signature (Landroid/telecom/TelecomManager;)
12-12 12:48:37.117 16707 16707 W dalvikvm: VFY: unable to find class referenced in signature (Landroid/telecom/TelecomManager;)
12-12 12:48:37.117 16707 16707 D dalvikvm: DexOpt: unable to opt direct call 0x12ce at 0x80 in Lcqf;.e
12-12 12:48:37.117 16707 16707 I Babel_StickerModule: App launched.
12-12 12:48:37.117 16707 16707 I Babel_StickerModule: Trying first logged in account.
12-12 12:48:37.127   751   778 D EnterpriseDeviceManager: ContainerId: 0
12-12 12:48:37.127 16707 16707 W Babel_StickerModule: Unable to load, account not configured.
12-12 12:48:37.177 16743 16743 I SELinux : Function: selinux_android_load_priority [0], There is no sepolicy file.
12-12 12:48:37.177 16743 16743 I SELinux :  
12-12 12:48:37.187   264  1028 W QCamera2Factory: getCameraInfo: E, camera_id = 0
12-12 12:48:37.187   264  1028 W QCamera2Factory: getCameraInfo: X
12-12 12:48:37.197   264  1029 W QCamera2Factory: getCameraInfo: E, camera_id = 1
12-12 12:48:37.197   264  1029 W QCamera2Factory: getCameraInfo: X
12-12 12:48:37.207 16707 16707 W dalvikvm: Unable to resolve superclass of Lcom/google/android/libraries/hangouts/video/ScreenCaptureVideoSource$2; (599)
12-12 12:48:37.207 16707 16707 W dalvikvm: Link of class 'Lcom/google/android/libraries/hangouts/video/ScreenCaptureVideoSource$2;' failed
12-12 12:48:37.207 16707 16707 E dalvikvm: Could not find class 'com.google.android.libraries.hangouts.video.ScreenCaptureVideoSource$2', referenced from method com.google.android.libraries.hangouts.video.ScreenCaptureVideoSource.<init>
12-12 12:48:37.207 16707 16707 W dalvikvm: VFY: unable to resolve new-instance 2915 (Lcom/google/android/libraries/hangouts/video/ScreenCaptureVideoSource$2;) in Lcom/google/android/libraries/hangouts/video/ScreenCaptureVideoSource;
12-12 12:48:37.207 16707 16707 D dalvikvm: VFY: replacing opcode 0x22 at 0x0044
12-12 12:48:37.207 16707 16707 W dalvikvm: VFY: unable to find class referenced in signature (Landroid/media/projection/MediaProjection;)
12-12 12:48:37.207 16707 16707 W dalvikvm: VFY: unable to find class referenced in signature (Landroid/media/projection/MediaProjection;)
12-12 12:48:37.207 16707 16707 W dalvikvm: VFY: unable to find class referenced in signature (Landroid/media/projection/MediaProjection;)
12-12 12:48:37.207   262   262 D dalvikvm: GC_EXPLICIT freed 46K, 39% free 16810K/27140K, paused 3ms+2ms, total 33ms
12-12 12:48:37.207 16707 16707 W dalvikvm: VFY: unable to find class referenced in signature (Landroid/media/projection/MediaProjectionManager;)
12-12 12:48:37.207 16707 16707 I dalvikvm: Could not find method android.media.projection.MediaProjection.createVirtualDisplay, referenced from method com.google.android.libraries.hangouts.video.ScreenCaptureVideoSource.createVirtualDisplay
12-12 12:48:37.207 16707 16707 W dalvikvm: VFY: unable to resolve virtual method 3547: Landroid/media/projection/MediaProjection;.createVirtualDisplay (Ljava/lang/String;IIIILandroid/view/Surface;Landroid/hardware/display/VirtualDisplay$Callback;Landroid/os/Handler;)Landroid/hardware/display/VirtualDisplay;
12-12 12:48:37.207 16707 16707 D dalvikvm: VFY: replacing opcode 0x74 at 0x0053
12-12 12:48:37.217 16707 16707 I dalvikvm: Could not find method android.media.projection.MediaProjection.stop, referenced from method com.google.android.libraries.hangouts.video.ScreenCaptureVideoSource.release
12-12 12:48:37.217 16707 16707 W dalvikvm: VFY: unable to resolve virtual method 3549: Landroid/media/projection/MediaProjection;.stop ()V
12-12 12:48:37.217 16707 16707 D dalvikvm: VFY: replacing opcode 0x6e at 0x002d
12-12 12:48:37.217 16707 16707 I dalvikvm: Could not find method android.media.projection.MediaProjectionManager.createScreenCaptureIntent, referenced from method com.google.android.libraries.hangouts.video.ScreenCaptureVideoSource.startCapture
12-12 12:48:37.217 16707 16707 W dalvikvm: VFY: unable to resolve virtual method 3551: Landroid/media/projection/MediaProjectionManager;.createScreenCaptureIntent ()Landroid/content/Intent;
12-12 12:48:37.217 16707 16707 D dalvikvm: VFY: replacing opcode 0x6e at 0x0023
12-12 12:48:37.217 16707 16707 W dalvikvm: Unable to resolve superclass of Lcom/google/android/libraries/hangouts/video/ScreenCaptureVideoSource$2; (599)
12-12 12:48:37.217 16707 16707 W dalvikvm: Link of class 'Lcom/google/android/libraries/hangouts/video/ScreenCaptureVideoSource$2;' failed
12-12 12:48:37.217 16707 16707 D dalvikvm: DexOpt: unable to opt direct call 0x4b37 at 0x46 in Lcom/google/android/libraries/hangouts/video/ScreenCaptureVideoSource;.<init>
12-12 12:48:37.227 16743 16743 I SELinux : Function: selinux_android_load_priority , spota verifySig and checkHash pass. priority version is VE=SEPF_SM-G900T_4.4.2_0055
12-12 12:48:37.227 16743 16743 I SELinux :  
12-12 12:48:37.227 16743 16743 I SELinux :  
12-12 12:48:37.227 16743 16743 I SELinux : selinux_android_seapp_context_reload: seapp_contexts file is loaded from /data/security/spota/seapp_contexts
12-12 12:48:37.227 16707 16707 I dalvikvm: Could not find method android.media.MediaCodecInfo$CodecCapabilities.getVideoCapabilities, referenced from method com.google.android.libraries.hangouts.video.EncoderManager.isHardwareAcceleratedCodec
12-12 12:48:37.227 16707 16707 W dalvikvm: VFY: unable to resolve virtual method 3483: Landroid/media/MediaCodecInfo$CodecCapabilities;.getVideoCapabilities ()Landroid/media/MediaCodecInfo$VideoCapabilities;
12-12 12:48:37.227 16707 16707 D dalvikvm: VFY: replacing opcode 0x6e at 0x001f
12-12 12:48:37.227 16743 16743 E dalvikvm: >>>>> Normal User
12-12 12:48:37.227 16743 16743 E dalvikvm: >>>>> com.sec.tetheringprovision [ userId:0 | appId:10192 ]
12-12 12:48:37.227   262   262 D dalvikvm: GC_EXPLICIT freed <1K, 39% free 16810K/27140K, paused 2ms+3ms, total 21ms
12-12 12:48:37.227  1668  3707 D BluetoothAdapterState: CURRENT_STATE=PENDING, MESSAGE = DISABLED, isTurningOn=false, isTurningOff=true
12-12 12:48:37.227  1668  3707 D BtConfig.SecureMode: isSecureModeOn:false
12-12 12:48:37.227  1668  3707 W BluetoothAdapterService: check For Quiet mode profile 10 RadioCount =1 srv name=com.android.bluetooth.gatt.GattService
12-12 12:48:37.227  1668  3707 W BluetoothAdapterService: Skipping to stop Quiet mode profile com.android.bluetooth.gatt.GattService
12-12 12:48:37.227  1668  3707 W BluetoothAdapterService: check For Quiet mode profile 10 RadioCount =1 srv name=com.android.bluetooth.hfp.HeadsetService
12-12 12:48:37.227  1668  3707 D BtSettings.ProfileConfig: getProfileSaveSetting: com.android.bluetooth.hfp.HeadsetService
12-12 12:48:37.227  1668  3707 W BluetoothAdapterService: Not skipping com.android.bluetooth.hfp.HeadsetService
12-12 12:48:37.237  1668  3707 W BluetoothAdapterService: check For Quiet mode profile 10 RadioCount =1 srv name=com.android.bluetooth.a2dp.A2dpService
12-12 12:48:37.237  1668  3707 D BtSettings.ProfileConfig: getProfileSaveSetting: com.android.bluetooth.a2dp.A2dpService
12-12 12:48:37.237  1668  3707 W BluetoothAdapterService: Not skipping com.android.bluetooth.a2dp.A2dpService
12-12 12:48:37.237  1668  1668 D HeadsetService: Received stop request...Stopping profile...
12-12 12:48:37.237  1668  3707 W BluetoothAdapterService: check For Quiet mode profile 10 RadioCount =1 srv name=com.android.bluetooth.hid.HidService
12-12 12:48:37.237  1668  3707 D BtSettings.ProfileConfig: getProfileSaveSetting: com.android.bluetooth.hid.HidService
12-12 12:48:37.237  1668  3707 W BluetoothAdapterService: Not skipping com.android.bluetooth.hid.HidService
12-12 12:48:37.237  1668  3707 W BluetoothAdapterService: check For Quiet mode profile 10 RadioCount =1 srv name=com.android.bluetooth.hdp.HealthService
12-12 12:48:37.237  1668  3707 D BtSettings.ProfileConfig: getProfileSaveSetting: com.android.bluetooth.hdp.HealthService
12-12 12:48:37.237  1668  3707 W BluetoothAdapterService: Not skipping com.android.bluetooth.hdp.HealthService
12-12 12:48:37.237  1668  3707 W BluetoothAdapterService: check For Quiet mode profile 10 RadioCount =1 srv name=com.android.bluetooth.pan.PanService
12-12 12:48:37.237  1668  3707 D BtSettings.ProfileConfig: getProfileSaveSetting: com.android.bluetooth.pan.PanService
12-12 12:48:37.237  1668  3707 W BluetoothAdapterService: Not skipping com.android.bluetooth.pan.PanService
12-12 12:48:37.247  1668  3707 W BluetoothAdapterService: check For Quiet mode profile 10 RadioCount =1 srv name=com.android.bluetooth.map.BluetoothMapService
12-12 12:48:37.247  1668  3707 D BtSettings.ProfileConfig: getProfileSaveSetting: com.android.bluetooth.map.BluetoothMapService
12-12 12:48:37.247  1668  3707 W BluetoothAdapterService: Not skipping com.android.bluetooth.map.BluetoothMapService
12-12 12:48:37.247  1668  3707 D BluetoothAdapterState: Stopping profile services that were post enabled
12-12 12:48:37.247   262   262 D dalvikvm: GC_EXPLICIT freed <1K, 39% free 16810K/27140K, paused 2ms+3ms, total 23ms
12-12 12:48:37.247   751  1160 I ActivityManager: Killing 16036:com.sec.android.widgetapp.digitalclock/u0a98 (adj 15): empty #31
12-12 12:48:37.257  1668  1668 D BtSettings.ProfileConfig: getProfileSaveSetting: com.android.bluetooth.hdp.HealthService
12-12 12:48:37.257  1668  1668 D BluetoothAdapterService: Profile still running: com.android.bluetooth.hdp.HealthService
12-12 12:48:37.257  1668  1668 D A2dpService: Received stop request...Stopping profile...
12-12 12:48:37.257  1668 13636 D A2dpStateMachine: Exit Disconnected: -1
12-12 12:48:37.257   751   751 D BluetoothA2dp: Proxy object disconnected
12-12 12:48:37.257  3675  3675 D BluetoothA2dp: Proxy object disconnected
12-12 12:48:37.257  1668  1668 D HidService: Received stop request...Stopping profile...
12-12 12:48:37.257  1668  1668 D HidService: Stopping Bluetooth HidService
12-12 12:48:37.257  3675  3675 D QuickConnect: A2dpProfile.onServiceConnected - Bluetooth service disconnected
12-12 12:48:37.257 13548 13548 D BluetoothA2dp: Proxy object disconnected
12-12 12:48:37.257 13548 13548 D A2dpProfile: Bluetooth service disconnected
12-12 12:48:37.257  3675  3675 D BluetoothInputDevice: Proxy object disconnected
12-12 12:48:37.257  3675  3675 D QuickConnect: HidProfile.onServiceDisconnected - Bluetooth service disconnected
12-12 12:48:37.257 13548 13548 D BluetoothInputDevice: Proxy object disconnected
12-12 12:48:37.257  1668  1668 D HealthService: Received stop request...Stopping profile...
12-12 12:48:37.257  1668  1668 D PanService: Received stop request...Stopping profile...
12-12 12:48:37.257  2729  2729 D BluetoothHealth: Proxy object disconnected
12-12 12:48:37.257 13548 13548 D HidProfile: Bluetooth service disconnected
12-12 12:48:37.257   751  1014 D BluetoothTethering: got CMD_CHANNEL_DISCONNECTED
12-12 12:48:37.257   751  1014 E BluetoothTethering: attempted to stop reverse tether with nothing tethered
12-12 12:48:37.257 13548 13548 D BluetoothPan: BluetoothPAN Proxy object disconnected
12-12 12:48:37.257   751   751 D BluetoothPan: BluetoothPAN Proxy object disconnected
12-12 12:48:37.257  1668  1668 D BluetoothMapService: Received stop request...Stopping profile...
12-12 12:48:37.257 13548 13548 D PanProfile: Bluetooth service disconnected
12-12 12:48:37.257  1668  1668 D BtSettings.ProfileConfig: getProfileSaveSetting: com.android.bluetooth.hdp.HealthService
12-12 12:48:37.257  1668  1668 D BluetoothAdapterService: Profile still running: com.android.bluetooth.hdp.HealthService
12-12 12:48:37.257 13548 13548 D BluetoothMap: Proxy object disconnected
12-12 12:48:37.257 13548 13548 D MapProfile: Bluetooth service disconnected
12-12 12:48:37.267  1668 13637 I GKI_LINUX: gki_task_entry: gki_task task_id=2 [A2DP-MEDIA] terminating
12-12 12:48:37.267  1668  1668 I GKI_LINUX: GKI_exit_task: GKI_exit_task 2 done
12-12 12:48:37.267  1668  1668 I GKI_LINUX: GKI_destroy_task: GKI_shutdown(): task [A2DP-MEDIA] terminated
12-12 12:48:37.267  1668  1668 D BtSettings.ProfileConfig: getProfileSaveSetting: com.android.bluetooth.hdp.HealthService
12-12 12:48:37.267  1668  1668 D BluetoothAdapterService: Profile still running: com.android.bluetooth.hdp.HealthService
12-12 12:48:37.267  1668  1668 W BluetoothHidServiceJni: Cleaning up Bluetooth HID Interface...
12-12 12:48:37.267  1668  1668 W BluetoothHidServiceJni: Cleaning up Bluetooth GID callback object
12-12 12:48:37.267  1668  1668 D BtSettings.ProfileConfig: getProfileSaveSetting: com.android.bluetooth.map.BluetoothMapService
12-12 12:48:37.267  1668  1668 D BluetoothAdapterService: Profile still running: com.android.bluetooth.map.BluetoothMapService
12-12 12:48:37.267  1668  1668 W BluetoothHealthServiceJni: Cleaning up Bluetooth Health Interface...
12-12 12:48:37.267  1668  1668 W BluetoothHealthServiceJni: Cleaning up Bluetooth Health object
12-12 12:48:37.267  1668  1668 D BtSettings.ProfileConfig: getProfileSaveSetting: com.android.bluetooth.map.BluetoothMapService
12-12 12:48:37.267  1668  1668 D BluetoothAdapterService: Profile still running: com.android.bluetooth.map.BluetoothMapService
12-12 12:48:37.267  1668  1668 W BluetoothPanServiceJni: Cleaning up Bluetooth PAN Interface...
12-12 12:48:37.267  1668  1668 W BluetoothPanServiceJni: Cleaning up Bluetooth PAN callback object
12-12 12:48:37.267  1668  1668 D BluetoothAdapterService: Quiet mode profile com.android.bluetooth.gatt.GattService running since Radio Cnt > 0. 
12-12 12:48:37.267  1668  3707 D BluetoothAdapterState: CURRENT_STATE=PENDING,MSG = STOPPED, isTurningOn=false, isTurningOff=true
12-12 12:48:37.267  1668  3707 I BluetoothAdapterState: Bluetooth adapter state changed: 13-> 10
12-12 12:48:37.267  1668  3707 D BluetoothAdapterService: Bluetooth PBAP supproted is true
12-12 12:48:37.267  1668  3707 D BluetoothAdapterService: updateAdapterState state is 10
12-12 12:48:37.267  1668  3707 D BluetoothAdapterService: Broadcasting updateAdapterState() to 1 receivers.
12-12 12:48:37.267  1668  3707 D BluetoothAdapterService: Autoconnection is available 
12-12 12:48:37.267  1668  3707 D BluetoothAdapterService: updateAdapterState prevState = 13newState = 10
12-12 12:48:37.267  1668  3707 I BluetoothAdapterState: Entering OffState
12-12 12:48:37.267 13548 13559 D BluetoothA2dp: onBluetoothStateChange: up=false
12-12 12:48:37.267  3675 16676 D BluetoothA2dp: onBluetoothStateChange: up=false
12-12 12:48:37.267  3675  3686 D BluetoothInputDevice: onBluetoothStateChange: up=false
12-12 12:48:37.277 13548 14087 D Bluetoothsap: onBluetoothStateChange: up=false
12-12 12:48:37.277 13548 14087 D Bluetoothsap: Unbinding service...
12-12 12:48:37.277 13548 14087 E Bluetoothsap: 
12-12 12:48:37.277 13548 14087 E Bluetoothsap: java.lang.IllegalArgumentException: Service not registered: com.broadcom.bt.service.sap.BluetoothSap$2@42b07f70
12-12 12:48:37.277 13548 14087 E Bluetoothsap: 	at android.app.LoadedApk.forgetServiceDispatcher(LoadedApk.java:935)
12-12 12:48:37.277 13548 14087 E Bluetoothsap: 	at android.app.ContextImpl.unbindService(ContextImpl.java:1972)
12-12 12:48:37.277 13548 14087 E Bluetoothsap: 	at android.content.ContextWrapper.unbindService(ContextWrapper.java:541)
12-12 12:48:37.277 13548 14087 E Bluetoothsap: 	at com.broadcom.bt.service.sap.BluetoothSap$1.onBluetoothStateChange(BluetoothSap.java:146)
12-12 12:48:37.277 13548 14087 E Bluetoothsap: 	at android.bluetooth.IBluetoothStateChangeCallback$Stub.onTransact(IBluetoothStateChangeCallback.java:55)
12-12 12:48:37.277 13548 14087 E Bluetoothsap: 	at android.os.Binder.execTransact(Binder.java:404)
12-12 12:48:37.277 13548 14087 E Bluetoothsap: 	at dalvik.system.NativeStart.run(Native Method)
12-12 12:48:37.277 13548 13558 D BluetoothPbap: onBluetoothStateChange: up=false
12-12 12:48:37.277 13548 13559 D BluetoothMap: onBluetoothStateChange: up=false
12-12 12:48:37.277   751   949 D BluetoothA2dp: onBluetoothStateChange: up=false
12-12 12:48:37.277 13548 13558 D BluetoothInputDevice: onBluetoothStateChange: up=false
12-12 12:48:37.277  1668  1668 W BluetoothHeadsetServiceJni: Cleaning up Bluetooth Handsfree Interface...
12-12 12:48:37.277  1668  1668 W BluetoothHeadsetServiceJni: Cleaning up Bluetooth Handsfree callback object
12-12 12:48:37.277  2729  2743 D BluetoothHealth: onBluetoothStateChange: up=false
12-12 12:48:37.287   751   751 I WifiTrafficPoller: mBoosterFLAG : 0
12-12 12:48:37.287   751   751 I WifiTrafficPoller: current booster mode : FullMode
12-12 12:48:37.287  1304  1304 D PhoneApp: mReceiver: BluetoothAdapter.ACTION_STATE_CHANGED: 10
12-12 12:48:37.287  1304  1304 D BluetoothHeadset: unRegisterMessageListener : 11, false
12-12 12:48:37.287  1304  1304 W BluetoothHeadset: Proxy not attached to service
12-12 12:48:37.287  1304  1304 D PhoneApp: unRegisterMessageListener
12-12 12:48:37.287  2729  2729 I SAP/SAPBtRfAccManager/22July2013: Received Action : android.bluetooth.adapter.action.STATE_CHANGED
12-12 12:48:37.287  2729  2729 D SAP/SAPBtRfAccManager/22July2013: ACTION_STATE_CHANGED new state 10
12-12 12:48:37.287  3675  3675 I QuickConnect: BluetoothHelper.ACTION_STATE_CHANGED - STATE_OFF
12-12 12:48:37.287  2729  2849 I SAP/SAPBtRfAccManager/22July2013: BtRFAccMngrHdle.handleMessage enter what = 0
12-12 12:48:37.287  2729  2849 D SAP/SAPBtRfAccManager/22July2013: stopListeningOnBtRf enter
12-12 12:48:37.287 11973 11973 I SamsungIME: STATE_CHANGED = 10, KEYBOARD_BT(0), mBTKeyboardCount =0
12-12 12:48:37.287  2729  2849 D SAP/SAPBtRfAccManager/22July2013: stopListeningOnBtRf exit
12-12 12:48:37.287  2729  2849 I SAP/SAPAccessoryManager/22July2013: onStatusChange 0mserviceListenercom.samsung.appcessory.server.SAPService$1@42ba7cc0
12-12 12:48:37.287  2729  2849 D SAP/SAPService/22July2013: onStatusChange 0
12-12 12:48:37.287  2729  2849 D SAP/SAPBtRfAccManager/22July2013: BtRFAccMngrHdle.handleMessage exit
12-12 12:48:37.287  2729  2849 D SAP/SAPService/22July2013: handle message5
12-12 12:48:37.287  2729  2849 D SAP/SAPAppcessoryManager/22July2013: onTransportStatusChanged transport 2
12-12 12:48:37.287  2729  2729 I SAP/SAPBleAccManager/22July2013: onReceive. Intent.getAction android.bluetooth.adapter.action.STATE_CHANGED
12-12 12:48:37.287  2729  2849 E SAP/SAPAppcessoryManager/22July2013: App callback is null for transport 2
12-12 12:48:37.297   751   969 I ServiceKeeper: In getappinfo pid = 751 pkgName = android appinfo = null
12-12 12:48:37.297   751   969 I ServiceKeeper: In getseinfo pid = 751 uid = 1000 seinfo= system
12-12 12:48:37.297 13548 13548 V BluetoothEventManager: Received android.bluetooth.adapter.action.STATE_CHANGED
12-12 12:48:37.297   751   969 I ServiceKeeper: In getappinfo pid = 751 pkgName = android appinfo = null
12-12 12:48:37.297   751   969 I ServiceKeeper: In getseinfo pid = 751 uid = 1000 seinfo= system
12-12 12:48:37.297 13252 13252 I BeaconBle: Nearby requested to stop scan
12-12 12:48:37.297 13252 13252 I BeaconBle: Scan : No clients left, canceling alarm.
12-12 12:48:37.297 16743 16743 I TetheringProvision: Received : android.net.conn.CONNECTIVITY_CHANGE
12-12 12:48:37.307   751   969 I ServiceKeeper: In getappinfo pid = 751 pkgName = android appinfo = null
12-12 12:48:37.307   751   969 I ServiceKeeper: In getseinfo pid = 751 uid = 1000 seinfo= system
12-12 12:48:37.307   751   969 I ServiceKeeper: In getappinfo pid = 751 pkgName = android appinfo = null
12-12 12:48:37.307   751   969 I ServiceKeeper: In getseinfo pid = 751 uid = 1000 seinfo= system
12-12 12:48:37.307 13252 14314 I BeaconBle: Scan : No clients left, canceling alarm.
12-12 12:48:37.307 13252 14314 I BeaconBle: Scan canceled successfully.
12-12 12:48:37.317 16743 16743 I TetheringProvision: putSharedPreference - activenetworktype : -1
12-12 12:48:37.327 16743 16743 I TetheringProvision: putSharedPreference - activenetworkisconnected : false
12-12 12:48:37.327 16743 16743 I TetheringProvision: not exist active network currently..
12-12 12:48:37.337  1668  3726 D GKI_LINUX: release_my_wake_lock(), g_wake_lock_fd:89, g_wake_unlock_fd:90, wake_lock_acquired:1
12-12 12:48:37.357 16760 16760 I SELinux : Function: selinux_android_load_priority [0], There is no sepolicy file.
12-12 12:48:37.357 16760 16760 I SELinux :  
12-12 12:48:37.357   751   777 I ActivityManager: Killing 16052:com.sec.android.widgetapp.easymodecontactswidget/u0a12 (adj 15): empty #31
12-12 12:48:37.417 16760 16760 I SELinux : Function: selinux_android_load_priority , spota verifySig and checkHash pass. priority version is VE=SEPF_SM-G900T_4.4.2_0055
12-12 12:48:37.417 16760 16760 I SELinux :  
12-12 12:48:37.417 16760 16760 I SELinux :  
12-12 12:48:37.417 16760 16760 I SELinux : selinux_android_seapp_context_reload: seapp_contexts file is loaded from /data/security/spota/seapp_contexts
12-12 12:48:37.417 16760 16760 E dalvikvm: >>>>> Normal User
12-12 12:48:37.417 16760 16760 E dalvikvm: >>>>> com.cequint.ecid [ userId:0 | appId:10011 ]
12-12 12:48:37.507 16760 16760 I MobileHipriConnectionManager: Network type: [0] mobile subtype [UNKNOWN]
12-12 12:48:37.507 16760 16760 I MobileHipriConnectionManager: Network type: [1] WIFI subtype []
12-12 12:48:37.507 16760 16760 I MobileHipriConnectionManager: Network type: [2] mobile_mms subtype [UNKNOWN]
12-12 12:48:37.507 16760 16760 I MobileHipriConnectionManager: Network type: [3] mobile_supl subtype [UNKNOWN]
12-12 12:48:37.507 16760 16760 I MobileHipriConnectionManager: Network type: [4] mobile_dun subtype [UNKNOWN]
12-12 12:48:37.507 16760 16760 I MobileHipriConnectionManager: Network type: [5] mobile_hipri subtype [UNKNOWN]
12-12 12:48:37.507 16760 16760 I MobileHipriConnectionManager: Network type: [7] BLUETOOTH_TETHER subtype []
12-12 12:48:37.507 16760 16760 I MobileHipriConnectionManager: Network type: [10] mobile_fota subtype [UNKNOWN]
12-12 12:48:37.507 16760 16760 I MobileHipriConnectionManager: Network type: [11] mobile_ims subtype [UNKNOWN]
12-12 12:48:37.507 16760 16760 I MobileHipriConnectionManager: Network type: [12] mobile_cbs subtype [UNKNOWN]
12-12 12:48:37.507 16760 16760 I MobileHipriConnectionManager: Network type: [13] WIFI_P2P subtype []
12-12 12:48:37.507 16760 16760 I MobileHipriConnectionManager: Network type: [14] mobile_ia subtype [UNKNOWN]
12-12 12:48:37.517 16760 16760 I MobileHipriConnectionManager: Network type: [23] mobile_bip subtype [UNKNOWN]
12-12 12:48:37.597 16707 16711 D dalvikvm: GC_CONCURRENT freed 4193K, 24% free 20797K/27140K, paused 8ms+4ms, total 98ms
12-12 12:48:37.597 16707 16725 D dalvikvm: WAIT_FOR_CONCURRENT_GC blocked 31ms
12-12 12:48:37.597 16760 16760 I WarmSocketReceiver: Connectivity change for TYPE: 1 WIFI
12-12 12:48:37.607 14961 14961 I PCWCLIENTTRACE_PushUtil: SPPPushClient is installed : true
12-12 12:48:37.607 14961 14961 I PCWCLIENTTRACE_PushUtil: sales region : global
12-12 12:48:37.607 14961 14961 I PCWCLIENTTRACE_PushUtil: getPushTypeList : [SPP, GCM]
12-12 12:48:37.607 14961 14961 I PCWCLIENTTRACE_SYSTEMReceiver: [onReceive] - android.net.conn.CONNECTIVITY_CHANGE
12-12 12:48:37.607 14961 14961 I PCWCLIENTTRACE_SYSTEMReceiver: noConnectivity : true
12-12 12:48:37.607   751  4314 I ActivityManager: Killing 15495:com.sec.android.widgetapp.activeapplicationwidget/u0a174 (adj 15): empty #31
12-12 12:48:37.647 16776 16776 I SELinux : Function: selinux_android_load_priority [0], There is no sepolicy file.
12-12 12:48:37.647 16776 16776 I SELinux :  
12-12 12:48:37.697 16776 16776 I SELinux : Function: selinux_android_load_priority , spota verifySig and checkHash pass. priority version is VE=SEPF_SM-G900T_4.4.2_0055
12-12 12:48:37.697 16776 16776 I SELinux :  
12-12 12:48:37.697 16776 16776 I SELinux :  
12-12 12:48:37.697 16776 16776 I SELinux : selinux_android_seapp_context_reload: seapp_contexts file is loaded from /data/security/spota/seapp_contexts
12-12 12:48:37.697 16776 16776 E dalvikvm: >>>>> Normal User
12-12 12:48:37.697 16776 16776 E dalvikvm: >>>>> com.sec.android.cloudagent [ userId:0 | appId:10003 ]
12-12 12:48:37.827 16791 16791 I SELinux : Function: selinux_android_load_priority [0], There is no sepolicy file.
12-12 12:48:37.827 16791 16791 I SELinux :  
12-12 12:48:37.827   751  4314 I ActivityManager: Killing 16067:com.android.email/u0a178 (adj 15): empty #31
12-12 12:48:37.877 16791 16791 I SELinux : Function: selinux_android_load_priority , spota verifySig and checkHash pass. priority version is VE=SEPF_SM-G900T_4.4.2_0055
12-12 12:48:37.877 16791 16791 I SELinux :  
12-12 12:48:37.877 16791 16791 I SELinux :  
12-12 12:48:37.877 16791 16791 I SELinux : selinux_android_seapp_context_reload: seapp_contexts file is loaded from /data/security/spota/seapp_contexts
12-12 12:48:37.877 16791 16791 E dalvikvm: >>>>> Normal User
12-12 12:48:37.877 16791 16791 E dalvikvm: >>>>> com.sec.android.diagmonagent [ userId:0 | appId:1000 ]
12-12 12:48:37.937 16791 16791 I DBG_DIAGMONDM: [1.140242.0257][Line:545][xdmGetCheckWifiOnlyModel] isWifiOnly : false
12-12 12:48:37.967 16791 16791 I DBG_DIAGMONDM: [1.140242.0257][Line:48][onCreate] myUserId : 0
12-12 12:48:37.977 16791 16791 I DBG_DIAGMONDM: [1.140242.0257][Line:390][xdbDMffs_Init] 
12-12 12:48:37.997 12699 16734 D AWSDeviceFarmAndroidLib: setEnabled: bt is: false
12-12 12:48:37.997 12699 12699 D AatpDeviceManager: taskStatus update (bb26803324adcabea585bc4084e455bfda1ec9ae: {"result":"Bluetooth enabled: false","state":2})
12-12 12:48:38.007   751   751 D NotificationService: cancelNotificationLocked
12-12 12:48:38.007   751   751 D NotificationService:  hasClearableItems
12-12 12:48:38.007   751   751 D NotificationService: Num of hasClearableItems : 1
12-12 12:48:38.007   751   751 W ContextImpl: Calling a method in the system process without a qualified user: android.app.ContextImpl.sendBroadcast:1505 com.android.server.StatusBarManagerService.sendNotification:985 com.android.server.StatusBarManagerService.removeNotification:710 com.android.server.NotificationManagerService.cancelNotificationLocked:2454 com.android.server.NotificationManagerService.access$5100:160 
12-12 12:48:38.007   751   751 D STATUSBAR-StatusBarManagerService: sendNotification(3) - 1096041565
12-12 12:48:38.007   751   751 D LightsService: [api] [SvcLED] turnOff:: id = 4 (uid: 1000 pid: 751) 
12-12 12:48:38.007   751   751 D LightsService: [SvcLED] setSvcLedStateLocked:: SvcLEDState : 0x0 -> 0x0 | SvcLED(id=4) set Off
12-12 12:48:38.007   751   976 D LightsService: [SvcLED] Lux failed to be updated in 700ms. -> handleForcedSvcLEDTasK
12-12 12:48:38.007   751   976 D LightsService: [SvcLED]  setSvcLedLightLocked :: Current SvcLED(id=3) maintains its priority right
12-12 12:48:38.017  1067  1067 D STATUSBAR-IconMerger: checkOverflow(360), More:true, Req:false Child:5
12-12 12:48:38.037  1067  1067 D STATUSBAR-IconMerger: checkOverflow(432), More:false, Req:false Child:6
12-12 12:48:38.067 16791 16791 I DBG_DIAGMONDM: [1.140242.0257][Line:70][onCreate] nStatus : 0
12-12 12:48:38.087  1668  3724 D bt_vendor: op for 7
12-12 12:48:38.147 12699 16810 D Aatp    : /task/bb26803324adcabea585bc4084e455bfda1ec9ae/status
12-12 12:48:38.207 16812 16812 I SELinux : Function: selinux_android_load_priority [0], There is no sepolicy file.
12-12 12:48:38.207 16812 16812 I SELinux :  
12-12 12:48:38.237 12699 16811 D Aatp    : /gps
12-12 12:48:38.257 12699 16811 D Aatp    : sha1: ce3ba6ac4e3642318025353937fb59dc6bb7e908
12-12 12:48:38.257 12699 16811 D AatpDeviceManager: k: enabled v: False
12-12 12:48:38.257 12699 16811 D AatpDeviceManager: k: NanoHttpd.QUERY_STRING v: enabled=False
12-12 12:48:38.267 16812 16812 I SELinux : Function: selinux_android_load_priority , spota verifySig and checkHash pass. priority version is VE=SEPF_SM-G900T_4.4.2_0055
12-12 12:48:38.267 16812 16812 I SELinux :  
12-12 12:48:38.267 16812 16812 I SELinux :  
12-12 12:48:38.267 16812 16812 I SELinux : selinux_android_seapp_context_reload: seapp_contexts file is loaded from /data/security/spota/seapp_contexts
12-12 12:48:38.267 16812 16812 E dalvikvm: >>>>> Normal User
12-12 12:48:38.267 16812 16812 E dalvikvm: >>>>> com.sec.android.fotaclient [ userId:0 | appId:10014 ]
12-12 12:48:38.277   751   751 W ContextImpl: Calling a method in the system process without a qualified user: android.app.ContextImpl.sendBroadcast:1505 com.android.server.StatusBarManagerService.sendNotification:985 com.android.server.StatusBarManagerService.addNotification:674 com.android.server.NotificationManagerService$7.run:2142 android.os.Handler.handleCallback:733 
12-12 12:48:38.287  1067  1067 D ProgressBar: setProgressDrawable drawableHeight = 0
12-12 12:48:38.287  1067  1067 D PhoneStatusBar: tick(): knoxCustomManager = android.app.enterprise.knoxcustom.KnoxCustomManager@44ef2f00
12-12 12:48:38.287   751   751 D STATUSBAR-StatusBarManagerService: sendNotification(1) - 1096041566
12-12 12:48:38.297 12699 16811 D Aatp    : /task/ce3ba6ac4e3642318025353937fb59dc6bb7e908
12-12 12:48:38.297 12699 12699 D AatpDeviceManager: taskStatus update (ce3ba6ac4e3642318025353937fb59dc6bb7e908: {"state":1})
12-12 12:48:38.297 12699 16816 D AWSDeviceFarmAndroidLib: setEnabled: disabling GPS
12-12 12:48:38.297 12699 16816 D AWSDeviceFarmAndroidLib: disableGPS()
12-12 12:48:38.297 12699 16816 D AWSDeviceFarmAndroidLib: disableGPS(): gps
12-12 12:48:38.297 12699 16816 D AWSDeviceFarmAndroidLib: disableGPS(): gpsDisabled: 
12-12 12:48:38.307   751  1452 D SLocation: isGPSon : false isNLPon : false
12-12 12:48:38.307 13252 13252 I GeofencerStateMachine: sendQueryLocationOptIn
12-12 12:48:38.307   751  1452 W BackupManagerService: dataChanged but no participant pkg='com.android.providers.settings' uid=10812
12-12 12:48:38.307  1067  1067 D STATUSBAR-IconMerger: checkOverflow(432), More:false, Req:true Child:7
12-12 12:48:38.317   751   969 I ServiceKeeper: In getappinfo pid = 751 pkgName = android appinfo = null
12-12 12:48:38.317   751   969 I ServiceKeeper: In getseinfo pid = 751 uid = 1000 seinfo= system
12-12 12:48:38.317   751   969 I ServiceKeeper: In getappinfo pid = 751 pkgName = android appinfo = null
12-12 12:48:38.317   751   969 I ServiceKeeper: In getseinfo pid = 751 uid = 1000 seinfo= system
12-12 12:48:38.317   751   969 I ServiceKeeper: In getappinfo pid = 751 pkgName = android appinfo = null
12-12 12:48:38.317   751   969 I ServiceKeeper: In getseinfo pid = 751 uid = 1000 seinfo= system
12-12 12:48:38.317 12699 16816 D AWSDeviceFarmAndroidLib: setEnabled: GPS is: false
12-12 12:48:38.317   751   969 I ServiceKeeper: In getappinfo pid = 751 pkgName = android appinfo = null
12-12 12:48:38.317   751   969 I ServiceKeeper: In getseinfo pid = 751 uid = 1000 seinfo= system
12-12 12:48:38.317   751   969 I ServiceKeeper: In getappinfo pid = 751 pkgName = android appinfo = null
12-12 12:48:38.317   751   969 I ServiceKeeper: In getseinfo pid = 751 uid = 1000 seinfo= system
12-12 12:48:38.337   751  1160 D LocationManagerService: getProviders()=[passive]
12-12 12:48:38.337   751   941 D GpsLocationProvider: handleDisable
12-12 12:48:38.337   751   941 D GpsLocationProvider: stopNavigating
12-12 12:48:38.337   751   941 E LocSvc_eng: I/===> void loc_eng_cleanup(loc_eng_data_s_type&) line 1900 
12-12 12:48:38.337   751   941 E LocSvc_eng: I/===> int loc_eng_set_privacy(loc_eng_data_s_type&, int8_t) line 3466 
12-12 12:48:38.337   751   941 E LocSvc_utils_q: D/msg_q_snd: Sending message with handle = 0x880DB890
12-12 12:48:38.337   751   941 E LocSvc_utils_ll: D/linked_list_add: Adding to list data_obj = 0x880DB890
12-12 12:48:38.337   751   941 E LocSvc_utils_q: D/msg_q_snd: Finished Sending message with handle = 0x880DB890
12-12 12:48:38.337   751  1276 E LocSvc_utils_q: D/msg_q_rcv: Received message 0x880DB890 rv = 0
12-12 12:48:38.337   751  1276 E LocSvc_ApiV02: D/virtual int LocApiV02::setGpsLock(unsigned int):2986]: Set Gps Lock. Lock: 4
12-12 12:48:38.337   751  1276 E LocSvc_api_v02: I/---> locClientSendReq line 2332 QMI_LOC_SET_ENGINE_LOCK_REQ_V02
12-12 12:48:38.337 12699 12699 D AatpDeviceManager: taskStatus update (ce3ba6ac4e3642318025353937fb59dc6bb7e908: {"result":"GPS enabled: false","state":2})
12-12 12:48:38.337   751   969 I ServiceKeeper: In getappinfo pid = 751 pkgName = android appinfo = null
12-12 12:48:38.337   751   969 I ServiceKeeper: In getseinfo pid = 751 uid = 1000 seinfo= system
12-12 12:48:38.337   751  2411 E LocSvc_ApiV02: I/<--- void globalRespCb(locClientHandleType, uint32_t, locClientRespIndUnionType, void*) line 113 QMI_LOC_SET_ENGINE_LOCK_REQ_V02
12-12 12:48:38.337   751  1276 E LocSvc_api_v02: D/loc_free_slot:299]: freeing slot 0
12-12 12:48:38.337   751  1276 E LocSvc_ApiV02: D/virtual int LocApiV02::setGpsLock(unsigned int):3003]: exit
12-12 12:48:38.337  1067  1067 D STATUSBAR-IconMerger: checkOverflow(360), More:true, Req:true Child:6
12-12 12:48:38.347   751   751 D NotificationService: cancelNotificationLocked
12-12 12:48:38.347   751   751 D NotificationService:  hasClearableItems
12-12 12:48:38.347   751   751 D NotificationService: Num of hasClearableItems : 1
12-12 12:48:38.347   751   751 W ContextImpl: Calling a method in the system process without a qualified user: android.app.ContextImpl.sendBroadcast:1505 com.android.server.StatusBarManagerService.sendNotification:985 com.android.server.StatusBarManagerService.removeNotification:710 com.android.server.NotificationManagerService.cancelNotificationLocked:2454 com.android.server.NotificationManagerService.access$5100:160 
12-12 12:48:38.347   751   751 D STATUSBAR-StatusBarManagerService: sendNotification(3) - 1096041566
12-12 12:48:38.347   751   751 D LightsService: [api] [SvcLED] turnOff:: id = 4 (uid: 1000 pid: 751) 
12-12 12:48:38.347   751   751 D LightsService: [SvcLED] setSvcLedStateLocked:: SvcLEDState : 0x0 -> 0x0 | SvcLED(id=4) set Off
12-12 12:48:38.347   751   976 D LightsService: [SvcLED] Lux failed to be updated in 700ms. -> handleForcedSvcLEDTasK
12-12 12:48:38.347   751   976 D LightsService: [SvcLED]  setSvcLedLightLocked :: Current SvcLED(id=3) maintains its priority right
12-12 12:48:38.357 13448 13808 D dalvikvm: GC_EXPLICIT freed 112K, 33% free 18274K/27140K, paused 2ms+3ms, total 20ms
12-12 12:48:38.357  1067  1067 D STATUSBAR-IconMerger: checkOverflow(360), More:true, Req:false Child:5
12-12 12:48:38.377  1067  1067 D STATUSBAR-IconMerger: checkOverflow(432), More:false, Req:false Child:6
12-12 12:48:38.427 12699 16836 D Aatp    : /task/ce3ba6ac4e3642318025353937fb59dc6bb7e908/status
12-12 12:48:38.507 12699 16839 D Aatp    : /nfc
12-12 12:48:38.517 12699 16839 D Aatp    : sha1: 59af99f3e398508b3ee1d12b0e66a1dc375d893e
12-12 12:48:38.517 12699 16839 D AatpDeviceManager: k: enabled v: False
12-12 12:48:38.527 12699 16839 D AatpDeviceManager: k: NanoHttpd.QUERY_STRING v: enabled=False
12-12 12:48:38.537   751  2586 D SSRMv2:SIOP: SIOP:: AP = 420, PST = 429, Delta = -3
12-12 12:48:38.537   751   778 D dalvikvm: GC_EXPLICIT freed 12727K, 36% free 43821K/67908K, paused 8ms+10ms, total 182ms
12-12 12:48:38.537   751  2586 D AmoledAdjustTimer: prevTemp = 267, currTemp = 267, prevStep = 4, currStep = 4
12-12 12:48:38.547 12699 12699 D AatpDeviceManager: taskStatus update (59af99f3e398508b3ee1d12b0e66a1dc375d893e: {"state":1})
12-12 12:48:38.547 12699 16840 D AWSDeviceFarmAndroidLib: setEnabled: enabled: false
12-12 12:48:38.547 12699 16840 D AWSDeviceFarmAndroidLib: setEnabled: disabling nfc
12-12 12:48:38.547 12699 16840 E NFC     : isNFCStateChangeAllowed - Begin
12-12 12:48:38.547   751   751 W ContextImpl: Calling a method in the system process without a qualified user: android.app.ContextImpl.sendBroadcast:1505 com.android.server.StatusBarManagerService.sendNotification:985 com.android.server.StatusBarManagerService.addNotification:674 com.android.server.NotificationManagerService$7.run:2142 android.os.Handler.handleCallback:733 
12-12 12:48:38.547   751   751 D STATUSBAR-StatusBarManagerService: sendNotification(1) - 1096041567
12-12 12:48:38.557  1308 16841 I NfcService: Disabling NFC
12-12 12:48:38.557  1308 16841 I NfcService: Disabling NFC Disabling ESE/UICC
12-12 12:48:38.557  1308 16841 I NfcService: disableInternal/ -- enableDisable
12-12 12:48:38.557 12699 16840 D AWSDeviceFarmAndroidLib: setEnabled: nfc is: false
12-12 12:48:38.557 12699 12699 D AatpDeviceManager: taskStatus update (59af99f3e398508b3ee1d12b0e66a1dc375d893e: {"result":"NFC enabled: false","state":2})
12-12 12:48:38.557 12699 16839 D Aatp    : /task/59af99f3e398508b3ee1d12b0e66a1dc375d893e
12-12 12:48:38.557   751   751 D NotificationService: cancelNotificationLocked
12-12 12:48:38.557   751   751 D NotificationService:  hasClearableItems
12-12 12:48:38.557   751   751 D NotificationService: Num of hasClearableItems : 1
12-12 12:48:38.557   751   751 W ContextImpl: Calling a method in the system process without a qualified user: android.app.ContextImpl.sendBroadcast:1505 com.android.server.StatusBarManagerService.sendNotification:985 com.android.server.StatusBarManagerService.removeNotification:710 com.android.server.NotificationManagerService.cancelNotificationLocked:2454 com.android.server.NotificationManagerService.access$5100:160 
12-12 12:48:38.557   751   751 D STATUSBAR-StatusBarManagerService: sendNotification(3) - 1096041567
12-12 12:48:38.557   751   751 D LightsService: [api] [SvcLED] turnOff:: id = 4 (uid: 1000 pid: 751) 
12-12 12:48:38.557   751   751 D LightsService: [SvcLED] setSvcLedStateLocked:: SvcLEDState : 0x0 -> 0x0 | SvcLED(id=4) set Off
12-12 12:48:38.557   751   976 D LightsService: [SvcLED] Lux failed to be updated in 700ms. -> handleForcedSvcLEDTasK
12-12 12:48:38.557   751   976 D LightsService: [SvcLED]  setSvcLedLightLocked :: Current SvcLED(id=3) maintains its priority right
12-12 12:48:38.567  1067  1067 D ProgressBar: setProgressDrawable drawableHeight = 0
12-12 12:48:38.567   255   255 E SMD     : DCD ON
12-12 12:48:38.567  1308 16841 I NfcP2pLinkManager: LLCP deactivated.
12-12 12:48:38.567  1308 16841 I NfcP2pLinkManager: Duplicate onLlcpDectivated()
12-12 12:48:38.567  1308 16841 I NfcService: disableInternal/ ++ enableDisable
12-12 12:48:38.567  1308 13875 E SnepServer: IO error
12-12 12:48:38.567  1308 13875 E SnepServer: java.io.IOException
12-12 12:48:38.567  1308 13875 E SnepServer: 	at com.android.nfc.dhimpl.NativeLlcpServiceSocket.accept(NativeLlcpServiceSocket.java:42)
12-12 12:48:38.567  1308 13875 E SnepServer: 	at com.android.nfc.snep.SnepServer$ServerThread.run(SnepServer.java:211)
12-12 12:48:38.567  1308 13876 E NdefPushServer: IO error
12-12 12:48:38.567  1308 13876 E NdefPushServer: java.io.IOException
12-12 12:48:38.567  1308 13876 E NdefPushServer: 	at com.android.nfc.dhimpl.NativeLlcpServiceSocket.accept(NativeLlcpServiceSocket.java:42)
12-12 12:48:38.567  1308 13876 E NdefPushServer: 	at com.android.nfc.ndefpush.NdefPushServer$ServerThread.run(NdefPushServer.java:160)
12-12 12:48:38.567  1308 13877 E HandoverServer: IO error
12-12 12:48:38.567  1308 13877 E HandoverServer: java.io.IOException
12-12 12:48:38.567  1308 13877 E HandoverServer: 	at com.android.nfc.dhimpl.NativeLlcpServiceSocket.accept(NativeLlcpServiceSocket.java:42)
12-12 12:48:38.567  1308 13877 E HandoverServer: 	at com.android.nfc.handover.HandoverServer$ServerThread.run(HandoverServer.java:108)
12-12 12:48:38.567  1308 13880 E SnepServer: IO error
12-12 12:48:38.567  1308 13880 E SnepServer: java.io.IOException
12-12 12:48:38.567  1308 13880 E SnepServer: 	at com.android.nfc.dhimpl.NativeLlcpServiceSocket.accept(NativeLlcpServiceSocket.java:42)
12-12 12:48:38.567  1308 13880 E SnepServer: 	at com.android.nfc.snep.SnepServer$ServerThread.run(SnepServer.java:211)
12-12 12:48:38.567   751  4314 I ActivityManager: Killing 16089:com.sec.android.provider.badge/u0a84 (adj 15): empty #31
