12-12 12:48:38.567  1067  1067 D PhoneStatusBar: tick(): knoxCustomManager = android.app.enterprise.knoxcustom.KnoxCustomManager@44ef2f00
12-12 12:48:38.577 16812 16812 D FOTA_Client: [FotaRegisterReceiver.java(Line:85/Method:onReceive)] Receive broadcast meassage:android.net.conn.CONNECTIVITY_CHANGE
12-12 12:48:38.577 16812 16812 I FOTA_Client: [FotaRegisterReceiver.java] Already device registered...
12-12 12:48:38.587 16812 16812 D FOTA_Client: [FotaUpdaterReceiver.java(Line:80/Method:onReceive)] Receive broadcast meassage:android.net.conn.CONNECTIVITY_CHANGE
12-12 12:48:38.587 16812 16812 I FOTA_Client: [FotaUpdaterReceiver.java] Auto update settings is activated
12-12 12:48:38.587  1067  1067 D STATUSBAR-IconMerger: checkOverflow(432), More:false, Req:false Child:6
12-12 12:48:38.597 16812 16812 I FOTA_Client: [Polling.java] Polling time is not vaild
12-12 12:48:38.597 16812 16812 I FOTA_Client: [FotaUpdaterReceiver.java] Heartbeat settings is activated.
12-12 12:48:38.597 16812 16812 I FOTA_Client: [Heartbeat.java] heartbeat time is vaild
12-12 12:48:38.597   751   956 I ActivityManager: Killing 16103:com.google.android.gms.ui/u0a15 (adj 15): empty #31
12-12 12:48:38.637 16436 16436 I KLMS-2.3.164 : : MainReciver() : EventNotificationReciver- method called: AppActivityListner onReceive for Intent Action : android.net.conn.CONNECTIVITY_CHANGE , timestamp: 1513111718654
12-12 12:48:38.647 16436 16436 I KLMS-2.3.164 : : KLMSUtility() : isNetworkAvailable() - WIFI : false| MOBILE : false
12-12 12:48:38.687 16845 16845 I SELinux : Function: selinux_android_load_priority [0], There is no sepolicy file.
12-12 12:48:38.687 16845 16845 I SELinux :  
12-12 12:48:38.697 12699 16844 D Aatp    : /task/59af99f3e398508b3ee1d12b0e66a1dc375d893e/status
12-12 12:48:38.747 16845 16845 I SELinux : Function: selinux_android_load_priority , spota verifySig and checkHash pass. priority version is VE=SEPF_SM-G900T_4.4.2_0055
12-12 12:48:38.747 16845 16845 I SELinux :  
12-12 12:48:38.747 16845 16845 I SELinux :  
12-12 12:48:38.747 16845 16845 I SELinux : selinux_android_seapp_context_reload: seapp_contexts file is loaded from /data/security/spota/seapp_contexts
12-12 12:48:38.747 16845 16845 E dalvikvm: >>>>> Normal User
12-12 12:48:38.757 16845 16845 E dalvikvm: >>>>> android.process.media [ userId:0 | appId:10049 ]
12-12 12:48:38.787 12699 16849 D Aatp    : /stop-location
12-12 12:48:38.797 12699 16849 D AatpDeviceManager: stopTask
12-12 12:48:38.797 12699 16849 D AatpDeviceManager: got taskClass
12-12 12:48:38.797 12699 16849 D AatpDeviceManager: sending stop intent
12-12 12:48:38.797 12699 16849 D AatpDeviceManager: intent sent
12-12 12:48:38.797 12699 12699 D AatpDeviceManager: taskStatus update (610b394557fd3ba6f6a1a23c7aa85a8c0eab9936: {"result":"","state":3})
12-12 12:48:38.807 12699 16849 D Aatp    : /task/610b394557fd3ba6f6a1a23c7aa85a8c0eab9936
12-12 12:48:38.807 16845 16845 I SELinux : Function: selinux_android_load_priority [0], There is no sepolicy file.
12-12 12:48:38.807 16845 16845 I SELinux :  
12-12 12:48:38.807 16845 16845 I SELinux : Function: selinux_android_load_priority [1], There is no sepolicy version file.
12-12 12:48:38.807 16845 16845 I SELinux :  
12-12 12:48:38.807 16845 16845 I SELinux : Function: selinux_android_load_priority , priority version is VE=SEPF_SM-G900T_4.4.2_0026
12-12 12:48:38.807 16845 16845 I SELinux :  
12-12 12:48:38.807 16845 16845 I SELinux :  
12-12 12:48:38.837 16845 16845 I SELinux : get_selabel_handle: file_contexts is loaded from /file_contexts
12-12 12:48:38.857 16845 16845 D ContentApp: ContentApp()
12-12 12:48:38.857 16845 16845 D ContentApp: create cache if media mounted.. media : mounted
12-12 12:48:38.857 16845 16845 D MediaProvider: Attached volume: internal
12-12 12:48:38.867 16845 16845 W linker  : libfacerecognition.so has text relocations. This is wasting memory and is a security risk. Please fix.
12-12 12:48:38.877 16845 16845 D MediaProvider: new PersonDataBaseHelper()
12-12 12:48:38.877 16845 16845 D MediaScanner: Scanner initMutex res = 0
12-12 12:48:38.927 12699 16858 D Aatp    : /task/610b394557fd3ba6f6a1a23c7aa85a8c0eab9936/status
12-12 12:48:38.987 16845 16845 E File    : fail readDirectory() errno=2
12-12 12:48:38.997 16845 16845 D MediaProvider: Attached volume: external
12-12 12:48:39.047  1304  1304 D PhoneNumberLocatorBootCompletedReceiver: onReceive
12-12 12:48:39.047  1304  1304 D PhoneNumberLocatorBootCompletedReceiver: Phone number locator feature is dsiabled
12-12 12:48:39.087 16870 16870 I SELinux : Function: selinux_android_load_priority [0], There is no sepolicy file.
12-12 12:48:39.087 16870 16870 I SELinux :  
12-12 12:48:39.107   751  1452 I ActivityManager: Killing 16191:com.android.externalstorage/u0a13 (adj 15): empty #31
12-12 12:48:39.127 16870 16870 I SELinux : Function: selinux_android_load_priority , spota verifySig and checkHash pass. priority version is VE=SEPF_SM-G900T_4.4.2_0055
12-12 12:48:39.127 16870 16870 I SELinux :  
12-12 12:48:39.127 16870 16870 I SELinux :  
12-12 12:48:39.127 16870 16870 I SELinux : selinux_android_seapp_context_reload: seapp_contexts file is loaded from /data/security/spota/seapp_contexts
12-12 12:48:39.127 16870 16870 E dalvikvm: >>>>> Normal User
12-12 12:48:39.127 16870 16870 E dalvikvm: >>>>> com.samsung.android.scloud.backup [ userId:0 | appId:10069 ]
12-12 12:48:39.247 16870 16870 I sCloudBackupApp: sCloudBackupApp Version Info : 3.3.0.KK_APP
12-12 12:48:39.257 16870 16870 I SCloudBackupReceiver: Other Intent
12-12 12:48:39.257  1707  1707 D accuweather: [KK_EASY_Accu]>>> WC:28 [0:0] action : androidnetconnCONNECTIVITY_CHANGE
12-12 12:48:39.257  1707  1707 D accuweather: [KK_EASY_Accu]>>> UIMEM:152 [0:0] Lanucher is not easy!!
12-12 12:48:39.257   751  1451 I ActivityManager: Killing 16211:com.google.android.apps.docs/u0a102 (adj 15): empty #31
12-12 12:48:39.317   751   969 I ServiceKeeper: In getappinfo pid = 751 pkgName = android appinfo = null
12-12 12:48:39.317   751   969 I ServiceKeeper: In getseinfo pid = 751 uid = 1000 seinfo= system
12-12 12:48:39.317 12699 12699 D AatpDeviceManager: taskStatus update (610b394557fd3ba6f6a1a23c7aa85a8c0eab9936: {"result":"","state":1})
12-12 12:48:39.327 16889 16889 I SELinux : Function: selinux_android_load_priority [0], There is no sepolicy file.
12-12 12:48:39.327 16889 16889 I SELinux :  
12-12 12:48:39.337   751   969 I ServiceKeeper: In getappinfo pid = 751 pkgName = android appinfo = null
12-12 12:48:39.337   751   969 I ServiceKeeper: In getseinfo pid = 751 uid = 1000 seinfo= system
12-12 12:48:39.337   751   969 I ServiceKeeper: In getappinfo pid = 751 pkgName = android appinfo = null
12-12 12:48:39.337 13252 13769 W GCoreFlp: No location to return for getLastLocation()
12-12 12:48:39.347   751   969 I ServiceKeeper: In getseinfo pid = 751 uid = 1000 seinfo= system
12-12 12:48:39.357   751   969 I ServiceKeeper: In getappinfo pid = 751 pkgName = android appinfo = null
12-12 12:48:39.357   751  4314 D LocationManagerService: request 43ff7150 passive Request[POWER_NONE passive fastest=0] from com.google.android.gms(10015)
12-12 12:48:39.357   751   969 I ServiceKeeper: In getseinfo pid = 751 uid = 1000 seinfo= system
12-12 12:48:39.357   751  4314 D LocationManagerService: provider request: passive ProviderRequest[ON interval=0]
12-12 12:48:39.357   751   969 I ServiceKeeper: In getappinfo pid = 751 pkgName = android appinfo = null
12-12 12:48:39.357   751   969 I ServiceKeeper: In getseinfo pid = 751 uid = 1000 seinfo= system
12-12 12:48:39.377   751   969 I ServiceKeeper: In getappinfo pid = 751 pkgName = android appinfo = null
12-12 12:48:39.377   751   969 I ServiceKeeper: In getseinfo pid = 751 uid = 1000 seinfo= system
12-12 12:48:39.377   751   969 I ServiceKeeper: In getappinfo pid = 751 pkgName = android appinfo = null
12-12 12:48:39.377   751   969 I ServiceKeeper: In getseinfo pid = 751 uid = 1000 seinfo= system
12-12 12:48:39.387   751   969 I ServiceKeeper: In getappinfo pid = 751 pkgName = android appinfo = null
12-12 12:48:39.387   751   969 I ServiceKeeper: In getseinfo pid = 751 uid = 1000 seinfo= system
12-12 12:48:39.387   751   969 I ServiceKeeper: In getappinfo pid = 751 pkgName = android appinfo = null
12-12 12:48:39.387   751   969 I ServiceKeeper: In getseinfo pid = 751 uid = 1000 seinfo= system
12-12 12:48:39.387   751   969 I ServiceKeeper: In getappinfo pid = 751 pkgName = android appinfo = null
12-12 12:48:39.387   751   969 I ServiceKeeper: In getseinfo pid = 751 uid = 1000 seinfo= system
12-12 12:48:39.397 16889 16889 I SELinux : Function: selinux_android_load_priority , spota verifySig and checkHash pass. priority version is VE=SEPF_SM-G900T_4.4.2_0055
12-12 12:48:39.397 16889 16889 I SELinux :  
12-12 12:48:39.397 16889 16889 I SELinux :  
12-12 12:48:39.397 16889 16889 I SELinux : selinux_android_seapp_context_reload: seapp_contexts file is loaded from /data/security/spota/seapp_contexts
12-12 12:48:39.397 16889 16889 E dalvikvm: >>>>> Normal User
12-12 12:48:39.397 16889 16889 E dalvikvm: >>>>> com.android.chrome [ userId:0 | appId:10094 ]
12-12 12:48:39.447 16889 16889 W ActivityThread: Application com.android.chrome can be debugged on port 8100...
12-12 12:48:39.567  2375  2375 W Settings: Setting airplane_mode_on has moved from android.provider.Settings.System to android.provider.Settings.Global, returning read-only value.
12-12 12:48:39.637   751   777 I ActivityManager: Killing 16314:com.android.musicfx/u0a27 (adj 15): empty #31
12-12 12:48:39.657 14042 14042 D Headlines: HeadlinesSystemBroadcastReceiver onReceive android.net.conn.CONNECTIVITY_CHANGE
12-12 12:48:39.657 14042 14042 D HeadlinesChannelUtil: getCountryCode(): countryCode = US
12-12 12:48:39.657 14042 14042 D Headlines: Breath.onStartCommand : com.samsung.android.internal.headlines.UPDATE_WELCOME_CARD flag : 0
12-12 12:48:39.657 14042 14042 D Headlines: [requestUpdateNewsWelcomeCard] request update welcome card to content card.
12-12 12:48:39.667  3675  3675 D QuickConnect: PeriphStartReceiver.onReceive - android.net.conn.CONNECTIVITY_CHANGE
12-12 12:48:39.667  3675  3675 I QuickConnect: PeriphStartReceiver.onReceive - USER_OWNER care CONNECTIVITY_ACTION. run P service
12-12 12:48:39.667  3675  3675 V QuickConnect: SconnectManager.getInstance - () return existing instance com.samsung.android.sconnect.SconnectManager@42a76b70
12-12 12:48:39.667 14042 14042 D HeadlinesDataCenter: requestUpdateNewsWelcomeCard !!! no welcome card
12-12 12:48:39.697 16908 16908 I SELinux : Function: selinux_android_load_priority [0], There is no sepolicy file.
12-12 12:48:39.697 16908 16908 I SELinux :  
12-12 12:48:39.767 16908 16908 I SELinux : Function: selinux_android_load_priority , spota verifySig and checkHash pass. priority version is VE=SEPF_SM-G900T_4.4.2_0055
12-12 12:48:39.767 16908 16908 I SELinux :  
12-12 12:48:39.767 16908 16908 I SELinux :  
12-12 12:48:39.767 16908 16908 I SELinux : selinux_android_seapp_context_reload: seapp_contexts file is loaded from /data/security/spota/seapp_contexts
12-12 12:48:39.767 16908 16908 E dalvikvm: >>>>> Normal User
12-12 12:48:39.767 16908 16908 E dalvikvm: >>>>> com.android.email [ userId:0 | appId:10178 ]
12-12 12:48:39.857  1308 13772 I NfcNfa  : GKI TASK_DEAD received. exit thread 3...
12-12 12:48:39.897   751  7409 D RCPManagerService: exchangeData() failure , invalid userId
12-12 12:48:39.917   751  4314 D RCPManagerService: exchangeData() failure , invalid userId
12-12 12:48:39.917   751  1030 D RCPManagerService: exchangeData() failure , invalid userId
12-12 12:48:39.957  1308  1308 W Settings: Setting device_provisioned has moved from android.provider.Settings.Secure to android.provider.Settings.Global.
12-12 12:48:39.967  1067  1067 D STATUSBAR-IconMerger: checkOverflow(504), More:false, Req:false Child:6
12-12 12:48:39.977   751  1462 D EnterpriseDeviceManager: ContainerId: 0
12-12 12:48:39.987   751  1462 W LicenseLogService: log() failed
12-12 12:48:39.987   751   956 D EnterpriseDeviceManager: ContainerId: 0
12-12 12:48:39.987   751   956 W LicenseLogService: log() failed
12-12 12:48:39.987   751   778 D EnterpriseDeviceManager: ContainerId: 0
12-12 12:48:39.987   751   778 W LicenseLogService: log() failed
12-12 12:48:39.997   751  1452 D EnterpriseDeviceManager: ContainerId: 0
12-12 12:48:39.997   751  1452 W LicenseLogService: log() failed
12-12 12:48:39.997   751  7409 D EnterpriseDeviceManager: ContainerId: 0
12-12 12:48:39.997   751  7409 W LicenseLogService: log() failed
12-12 12:48:40.007   751  4314 D RCPManagerService: exchangeData() failure , invalid userId
12-12 12:48:40.017 12699 16927 D Aatp    : /task/610b394557fd3ba6f6a1a23c7aa85a8c0eab9936/status
12-12 12:48:40.047   751  1462 D EnterpriseDeviceManager: ContainerId: 0
12-12 12:48:40.047   751  1462 W LicenseLogService: log() failed
12-12 12:48:40.047   751  1704 D EnterpriseDeviceManager: ContainerId: 0
12-12 12:48:40.057   751  1704 W LicenseLogService: log() failed
12-12 12:48:40.057   751  1341 D EnterpriseDeviceManager: ContainerId: 0
12-12 12:48:40.057   751  1341 W LicenseLogService: log() failed
12-12 12:48:40.057 16933 16933 I SELinux : Function: selinux_android_load_priority [0], There is no sepolicy file.
12-12 12:48:40.057 16933 16933 I SELinux :  
12-12 12:48:40.067   751  7228 D EnterpriseDeviceManager: ContainerId: 0
12-12 12:48:40.067   751  7228 W LicenseLogService: log() failed
12-12 12:48:40.067   751   956 W ActivityManager: Unable to start service Intent { cmp=com.android.email/.service.AttachmentDownloadService } U=0: not found
12-12 12:48:40.077   751   778 D RCPManagerService: exchangeData() failure , invalid userId
12-12 12:48:40.077   751  4314 I ActivityManager: Killing 14974:com.samsung.android.app.galaxyfinder/u0a39 (adj 15): empty #31
12-12 12:48:40.117 16933 16933 I SELinux : Function: selinux_android_load_priority , spota verifySig and checkHash pass. priority version is VE=SEPF_SM-G900T_4.4.2_0055
12-12 12:48:40.117 16933 16933 I SELinux :  
12-12 12:48:40.117 16933 16933 I SELinux :  
12-12 12:48:40.117 16933 16933 I SELinux : selinux_android_seapp_context_reload: seapp_contexts file is loaded from /data/security/spota/seapp_contexts
12-12 12:48:40.117 16933 16933 E dalvikvm: >>>>> Normal User
12-12 12:48:40.117 16933 16933 E dalvikvm: >>>>> com.sec.android.provider.badge [ userId:0 | appId:10084 ]
12-12 12:48:40.117 16937 16937 I SELinux : Function: selinux_android_load_priority [0], There is no sepolicy file.
12-12 12:48:40.117 16937 16937 I SELinux :  
12-12 12:48:40.137   751  7228 I ActivityManager: Killing 14778:com.android.defcontainer/u0a8 (adj 15): empty #31
12-12 12:48:40.157 16937 16937 I SELinux : Function: selinux_android_load_priority , spota verifySig and checkHash pass. priority version is VE=SEPF_SM-G900T_4.4.2_0055
12-12 12:48:40.157 16937 16937 I SELinux :  
12-12 12:48:40.157 16937 16937 I SELinux :  
12-12 12:48:40.157 16937 16937 I SELinux : selinux_android_seapp_context_reload: seapp_contexts file is loaded from /data/security/spota/seapp_contexts
12-12 12:48:40.157 16937 16937 E dalvikvm: >>>>> Normal User
12-12 12:48:40.157 16937 16937 E dalvikvm: >>>>> com.samsung.android.service.travel [ userId:0 | appId:10194 ]
12-12 12:48:40.157 16933 16933 D BadgeProvider: onCreate
12-12 12:48:40.157 16933 16933 D BadgeProvider: DatabaseHelper
12-12 12:48:40.177 16933 16948 D BadgeProvider: query, [selection] : package='com.android.email' AND class='com.android.email.activity.Welcome' AND extraData='base_extra_badge'
12-12 12:48:40.187 16933 16948 D BadgeProvider: sendNotify entered. [uri] : content://com.sec.badge/apps/1
12-12 12:48:40.187 16933 16948 D BadgeProvider: sendNotify, [notify] : null
12-12 12:48:40.187 16933 16948 D BadgeProvider: update, [uri] : content://com.sec.badge/apps/1
12-12 12:48:40.187 16933 16948 D BadgeProvider: update, [BadgeCount] : badgecount=0
12-12 12:48:40.187 16933 16948 D BadgeProvider: update, [UpdateCount] : 1
12-12 12:48:40.187  1328  1328 D Launcher.Model: reloadBadges entered.
12-12 12:48:40.257 16966 16966 I SELinux : Function: selinux_android_load_priority [0], There is no sepolicy file.
12-12 12:48:40.257 16966 16966 I SELinux :  
12-12 12:48:40.267   751  1451 I ActivityManager: Killing 16335:com.samsung.android.intelligenceservice/u0a6 (adj 15): empty #31
12-12 12:48:40.287   262   262 D dalvikvm: GC_EXPLICIT freed 44K, 39% free 16810K/27140K, paused 2ms+2ms, total 27ms
12-12 12:48:40.287 16966 16966 I SELinux : Function: selinux_android_load_priority , spota verifySig and checkHash pass. priority version is VE=SEPF_SM-G900T_4.4.2_0055
12-12 12:48:40.287 16966 16966 I SELinux :  
12-12 12:48:40.287 16966 16966 I SELinux :  
12-12 12:48:40.287 16966 16966 I SELinux : selinux_android_seapp_context_reload: seapp_contexts file is loaded from /data/security/spota/seapp_contexts
12-12 12:48:40.287 16966 16966 E dalvikvm: >>>>> Normal User
12-12 12:48:40.287 16966 16966 E dalvikvm: >>>>> com.tmobile.vvm.application [ userId:0 | appId:10199 ]
12-12 12:48:40.307   262   262 D dalvikvm: GC_EXPLICIT freed <1K, 39% free 16810K/27140K, paused 3ms+2ms, total 21ms
12-12 12:48:40.327   262   262 D dalvikvm: GC_EXPLICIT freed <1K, 39% free 16810K/27140K, paused 1ms+3ms, total 17ms
12-12 12:48:40.467   751  7228 I ActivityManager: Killing 14745:com.samsung.android.app.assistantmenu/1000 (adj 15): empty #31
12-12 12:48:40.477 16983 16983 I SELinux : Function: selinux_android_load_priority [0], There is no sepolicy file.
12-12 12:48:40.477 16983 16983 I SELinux :  
12-12 12:48:40.537 16983 16983 I SELinux : Function: selinux_android_load_priority , spota verifySig and checkHash pass. priority version is VE=SEPF_SM-G900T_4.4.2_0055
12-12 12:48:40.537 16983 16983 I SELinux :  
12-12 12:48:40.537 16983 16983 I SELinux :  
12-12 12:48:40.537 16983 16983 I SELinux : selinux_android_seapp_context_reload: seapp_contexts file is loaded from /data/security/spota/seapp_contexts
12-12 12:48:40.537 16983 16983 E dalvikvm: >>>>> Normal User
12-12 12:48:40.537 16983 16983 E dalvikvm: >>>>> com.policydm [ userId:0 | appId:1000 ]
12-12 12:48:40.627   751   969 I ServiceKeeper: In getappinfo pid = 751 pkgName = android appinfo = null
12-12 12:48:40.627   751   969 I ServiceKeeper: In getseinfo pid = 751 uid = 1000 seinfo= system
12-12 12:48:40.647   751   969 I ServiceKeeper: In getappinfo pid = 751 pkgName = android appinfo = null
12-12 12:48:40.647   751   969 I ServiceKeeper: In getseinfo pid = 751 uid = 1000 seinfo= system
12-12 12:48:40.667 15178 15178 I SA      : [OR] onReceive log=[SA = 2.1.0075 V = 19 HWD = 1920X1080 3.0 dpi = 480  SIZE = 2 LOCALE = en_US CSC = TMB MCC = 0 MNC 0 T = user DEVICE = kltetmo P = kltetmo I = KOT49H M = SM-G900T OKLEFT false DIS KOT49H.G900TUVU1CNK2 PSS = 5.219788042639568  ]
12-12 12:48:40.667 15178 15178 I SA      : [OR] onReceive Intent=[ conn.CONNECTIVITY_CHANGE. networkInfo:NetworkInfo: type: WIFI[], state: DISCONNECTED/DISCONNECTED, reason: (unspecified), extra: <unknown ssid>, roaming: false, failover: false, isAvailable: true, isConnectedToProvisioningNetwork: false networkType:1 inetCondition:0 extraInfo:? noConnectivity:true ]
12-12 12:48:40.667 15178 15178 I SA      : [OR] == ACTION_CONNECTIVITY_CHANGE ==
12-12 12:48:40.687 15178 15178 I SA      : [SLFUCHKMGR] constructor called
12-12 12:48:40.687 15178 15178 I SA      : [TPMU]  strSIMState 	:SIM_STATE_ABSENT
12-12 12:48:40.687 15178 15178 I SA      : [OR] == isSIMCardReady false ==
12-12 12:48:40.687 15178 15178 I SA      : [SCU] == networkStateCheck == false
12-12 12:48:40.687 15178 15178 I SA      : [OR] onReceive END
12-12 12:48:40.697   751  1341 I ActivityManager: Killing 16349:com.sec.knox.bridge/1000 (adj 15): empty #31
12-12 12:48:40.717 13466 13466 I iu.Environment: update connectivity state; isNetworkMetered? false, isRoaming? false, isBackgroundDataAllowed? false*
12-12 12:48:40.717 13466 14372 I iu.UploadsManager: num queued entries: 0
12-12 12:48:40.717 13466 14372 I iu.UploadsManager: num updated entries: 0
12-12 12:48:40.717 13466 14372 I iu.SyncManager: NEXT; no task
12-12 12:48:40.737  1328  1328 D skia    : GFXPNG PNG bitmap created width:264 height:132 bitmap id is 564 
12-12 12:48:40.747   751   969 I ServiceKeeper: In getappinfo pid = 751 pkgName = android appinfo = null
12-12 12:48:40.747   751   969 I ServiceKeeper: In getseinfo pid = 751 uid = 1000 seinfo= system
12-12 12:48:40.747 13548 13548 W ContextImpl: Calling a method in the system process without a qualified user: android.app.ContextImpl.startService:1847 android.content.ContextWrapper.startService:506 android.content.ContextWrapper.startService:506 com.android.settings.bluetooth.DockEventReceiver.beginStartingService:134 com.android.settings.bluetooth.DockEventReceiver.onReceive:115 
12-12 12:48:40.757 13548 13548 D DockEventReceiver: finishStartingService: stopping service
12-12 12:48:40.757   751   969 I ServiceKeeper: In getappinfo pid = 751 pkgName = android appinfo = null
12-12 12:48:40.757   751   969 I ServiceKeeper: In getseinfo pid = 751 uid = 1000 seinfo= system
12-12 12:48:40.777  1328  1328 D dalvikvm: GC_FOR_ALLOC freed 6724K, 22% free 44915K/57564K, paused 32ms, total 38ms
12-12 12:48:40.777 13548 13548 D BluetoothNotiBroadcastReceiver: onReceive
12-12 12:48:40.807   751   969 I ServiceKeeper: In getappinfo pid = 751 pkgName = android appinfo = null
12-12 12:48:40.807   751   969 I ServiceKeeper: In getseinfo pid = 751 uid = 1000 seinfo= system
12-12 12:48:40.807 13548 13548 W ContextImpl: Calling a method in the system process without a qualified user: android.app.ContextImpl.startService:1847 android.content.ContextWrapper.startService:506 android.content.ContextWrapper.startService:506 com.android.settings.bluetooth.DockEventReceiver.beginStartingService:134 com.android.settings.bluetooth.DockEventReceiver.onReceive:115 
12-12 12:48:40.807 13548 13548 D DockEventReceiver: finishStartingService: stopping service
12-12 12:48:40.807   751   969 I ServiceKeeper: In getappinfo pid = 751 pkgName = android appinfo = null
12-12 12:48:40.807   751   969 I ServiceKeeper: In getseinfo pid = 751 uid = 1000 seinfo= system
12-12 12:48:40.817 12699 13990 D AatpDeviceManager: Stopped Mock Location
12-12 12:48:40.817 12699 12699 D AatpDeviceManager: taskStatus update (610b394557fd3ba6f6a1a23c7aa85a8c0eab9936: {"result":"","state":2})
12-12 12:48:40.827 13548 13548 D BluetoothNotiBroadcastReceiver: onReceive
12-12 12:48:40.827   751   751 D NotificationService: cancelNotificationLocked
12-12 12:48:40.827   751   751 D NotificationService:  hasClearableItems
12-12 12:48:40.827   751   751 D NotificationService: Num of hasClearableItems : 1
12-12 12:48:40.827   751   751 W ContextImpl: Calling a method in the system process without a qualified user: android.app.ContextImpl.sendBroadcast:1505 com.android.server.StatusBarManagerService.sendNotification:985 com.android.server.StatusBarManagerService.removeNotification:710 com.android.server.NotificationManagerService.cancelNotificationLocked:2454 com.android.server.NotificationManagerService.access$5100:160 
12-12 12:48:40.827   751   751 D STATUSBAR-StatusBarManagerService: sendNotification(3) - 1096041562
12-12 12:48:40.827   751   751 D LightsService: [api] [SvcLED] turnOff:: id = 4 (uid: 1000 pid: 751) 
12-12 12:48:40.827   751   751 D LightsService: [SvcLED] setSvcLedStateLocked:: SvcLEDState : 0x0 -> 0x0 | SvcLED(id=4) set Off
12-12 12:48:40.827   751   976 D LightsService: [SvcLED] Lux failed to be updated in 700ms. -> handleForcedSvcLEDTasK
12-12 12:48:40.827   751   976 D LightsService: [SvcLED]  setSvcLedLightLocked :: Current SvcLED(id=3) maintains its priority right
12-12 12:48:40.857  1067  1067 D STATUSBAR-IconMerger: checkOverflow(504), More:false, Req:false Child:5
12-12 12:48:40.897 13466 13589 I Authzen : [PermitStore] Getting all permits...
12-12 12:48:40.897 13252 13252 I GCoreNlp: shouldConfirmNlp, NLP off. Ensuring opt-in disabled
12-12 12:48:40.907 13252 13252 I GeofencerStateMachine: sendQueryLocationOptIn
12-12 12:48:40.917   751   969 I ServiceKeeper: In getappinfo pid = 751 pkgName = android appinfo = null
12-12 12:48:40.917   751   969 I ServiceKeeper: In getseinfo pid = 751 uid = 1000 seinfo= system
12-12 12:48:40.917   751   969 I ServiceKeeper: In getappinfo pid = 751 pkgName = android appinfo = null
12-12 12:48:40.917   751   969 I ServiceKeeper: In getseinfo pid = 751 uid = 1000 seinfo= system
12-12 12:48:40.947 13548 13548 D [SBeam] : SBeamEnabler.isPowerOff : shutdown - 0, reason - 0, retVal - false
12-12 12:48:40.947 13252 17012 I GCoreUlr: Starting service, intent=Intent { act=com.google.android.location.reporting.ACTION_UPDATE_WORLD cmp=com.google.android.gms/com.google.android.location.reporting.service.DispatchingService (has extras) }, extras=Bundle[{receiverAction=android.location.PROVIDERS_CHANGED}]
12-12 12:48:40.967 13548 13548 D [SBeam] : SBeamEnabler.saveSbeamOn : on[false] last[false] save[false]
12-12 12:48:40.967 13548 13548 W ContextImpl: Calling a method in the system process without a qualified user: android.app.ContextImpl.sendBroadcast:1491 android.content.ContextWrapper.sendBroadcast:377 android.content.ContextWrapper.sendBroadcast:377 com.android.settings.nfc.SBeamEnabler.saveSbeamOn:633 com.android.settings.nfc.SBeamStateReceiver.onReceive:69 
12-12 12:48:41.007 13252 13257 D dalvikvm: GC_CONCURRENT freed 1790K, 22% free 21402K/27140K, paused 4ms+4ms, total 44ms
12-12 12:48:41.007 13252 13744 D dalvikvm: WAIT_FOR_CONCURRENT_GC blocked 35ms
12-12 12:48:41.007 13252 13522 D dalvikvm: WAIT_FOR_CONCURRENT_GC blocked 37ms
12-12 12:48:41.007 13252 13252 D dalvikvm: WAIT_FOR_CONCURRENT_GC blocked 37ms
12-12 12:48:41.007 13252 13265 D dalvikvm: WAIT_FOR_CONCURRENT_GC blocked 34ms
12-12 12:48:41.007 13252 13675 D dalvikvm: WAIT_FOR_CONCURRENT_GC blocked 40ms
12-12 12:48:41.007 13252 17020 D dalvikvm: WAIT_FOR_CONCURRENT_GC blocked 35ms
12-12 12:48:41.007 13252 14286 D dalvikvm: WAIT_FOR_CONCURRENT_GC blocked 38ms
12-12 12:48:41.017 13252 17019 D dalvikvm: WAIT_FOR_CONCURRENT_GC blocked 39ms
12-12 12:48:41.037   751   969 I ServiceKeeper: In getappinfo pid = 751 pkgName = android appinfo = null
12-12 12:48:41.037   751   969 I ServiceKeeper: In getseinfo pid = 751 uid = 1000 seinfo= system
12-12 12:48:41.037   751   969 I ServiceKeeper: In getappinfo pid = 751 pkgName = android appinfo = null
12-12 12:48:41.037   751   969 I ServiceKeeper: In getseinfo pid = 751 uid = 1000 seinfo= system
12-12 12:48:41.037   751   969 I ServiceKeeper: In getappinfo pid = 751 pkgName = android appinfo = null
12-12 12:48:41.037   751   969 I ServiceKeeper: In getseinfo pid = 751 uid = 1000 seinfo= system
12-12 12:48:41.047   751  1341 D EnterpriseDeviceManager: ContainerId: 0
12-12 12:48:41.047   751  1341 W LicenseLogService: log() failed
12-12 12:48:41.047 13252 13675 I GCoreUlr: WorldUpdater received intent Intent { act=com.google.android.location.reporting.ACTION_UPDATE_WORLD cmp=com.google.android.gms/com.google.android.location.reporting.service.DispatchingService (has extras) } with receiverAction android.location.PROVIDERS_CHANGED
12-12 12:48:41.047   751  4314 D EnterpriseDeviceManager: ContainerId: 0
12-12 12:48:41.057   751  4314 V ApplicationPolicy: isApplicationStateBlocked userId 0 pkgname com.google.android.gms
12-12 12:48:41.057 13252 13675 I GCoreUlr: WorldUpdater:android.location.PROVIDERS_CHANGED: Ensuring that reporting is stopped because of reasons: (no Google accounts)
12-12 12:48:41.057   751  4314 D CustomFrequencyManagerService: acquireDVFSLockLocked : type : DVFS_MIN_LIMIT  frequency : 1958400  uid : 1000  pid : 751  pkgName : ACTIVITY_RESUME_BOOSTER@6
12-12 12:48:41.067   261   261 I SurfaceFlinger: id=123 createSurf (16x16),-1 flag=20004, EimLayer
12-12 12:48:41.067   261   261 I SurfaceFlinger: id=124 createSurf (16x16),-1 flag=20004, EimLayer
12-12 12:48:41.067  1067  1703 D KeyguardUpdateMonitor: sendKeyguardVisibilityChanged(true)
12-12 12:48:41.067  1067  1067 D KeyguardUpdateMonitor: handleKeyguardVisibilityChanged(1)
12-12 12:48:41.067  1328  1328 D Launcher.HomeView: onPause
12-12 12:48:41.067   751   969 I ServiceKeeper: In getappinfo pid = 751 pkgName = android appinfo = null
12-12 12:48:41.067   751   969 I ServiceKeeper: In getseinfo pid = 751 uid = 1000 seinfo= system
12-12 12:48:41.067   751  4314 W ActivityManager: mDVFSHelper.acquire()
12-12 12:48:41.077   751   939 D PointerIcon: setMouseIconStyle1 pointerType: 1001iconType:101 flag:0
12-12 12:48:41.077   751   939 D PointerIcon: setMouseCustomIcon IconType is same.101
12-12 12:48:41.077   751   939 D PointerIcon: setHoveringSpenIconStyle1 pointerType: 10001iconType:1 flag:0
12-12 12:48:41.077   751   939 D PointerIcon: setHoveringSpenCustomIcon IconType is same.1
12-12 12:48:41.077 12699 17026 D Aatp    : /task/610b394557fd3ba6f6a1a23c7aa85a8c0eab9936/status
12-12 12:48:41.077  1067  1702 D LockPatternUtils: isPcwEnable = null
12-12 12:48:41.077  1259  1259 D WfcActivityStateReceiver: onReceive(): packageName=com.sec.android.app.launcher, activityState=pause
12-12 12:48:41.077  1067  1067 D PhoneStatusBar: setTransGradationMode=false, mTransparentMode=false, mSemiTransparentMode=false, mMultiWindowMode=false
12-12 12:48:41.077   751  1046 V SmartFaceService - 3rd party pause: onReceive [android.intent.action.ACTIVITY_STATE/com.sec.android.app.launcher/pause]
12-12 12:48:41.077   751  7228 D StatusBarManagerService: tr p:1328,o:f
12-12 12:48:41.087   751   969 I ServiceKeeper: In getappinfo pid = 751 pkgName = android appinfo = null
12-12 12:48:41.087   751   969 I ServiceKeeper: In getseinfo pid = 751 uid = 1000 seinfo= system
12-12 12:48:41.107 17027 17027 I SELinux : Function: selinux_android_load_priority [0], There is no sepolicy file.
12-12 12:48:41.107 17027 17027 I SELinux :  
12-12 12:48:41.117 12699 12703 D dalvikvm: GC_CONCURRENT freed 1989K, 36% free 17520K/27140K, paused 3ms+2ms, total 32ms
12-12 12:48:41.127 17032 17032 I SELinux : Function: selinux_android_load_priority [0], There is no sepolicy file.
12-12 12:48:41.127 17032 17032 I SELinux :  
12-12 12:48:41.127   751   777 W ContextImpl: Calling a method in the system process without a qualified user: android.app.ContextImpl.sendBroadcast:1505 com.android.server.am.AppStateBroadcaster.BroadcastAppState:128 com.android.server.am.AppStateBroadcaster.SendApplicationStart:28 com.android.server.am.ActivityStackSupervisor.startSpecificActivityLocked:1424 com.android.server.am.ActivityStack.resumeTopActivityLocked:2349 
12-12 12:48:41.127   751   777 W ContextImpl: Calling a method in the system process without a qualified user: android.app.ContextImpl.sendBroadcast:1505 com.android.server.am.AppStateBroadcaster.BroadcastAppState:128 com.android.server.am.AppStateBroadcaster.SendApplicationFocusLoss:40 com.android.server.am.ActivityStack.resumeTopActivityLocked:2361 com.android.server.am.ActivityStackSupervisor.resumeTopActivitiesLocked:3313 
12-12 12:48:41.127   751   777 W ContextImpl: Calling a method in the system process without a qualified user: android.app.ContextImpl.sendBroadcast:1505 com.android.server.am.AppStateBroadcaster.BroadcastAppState:128 com.android.server.am.AppStateBroadcaster.SendApplicationFocusGain:34 com.android.server.am.ActivityStack.resumeTopActivityLocked:2362 com.android.server.am.ActivityStackSupervisor.resumeTopActivitiesLocked:3313 
12-12 12:48:41.147 17027 17027 I SELinux : Function: selinux_android_load_priority , spota verifySig and checkHash pass. priority version is VE=SEPF_SM-G900T_4.4.2_0055
12-12 12:48:41.147 17027 17027 I SELinux :  
12-12 12:48:41.147 17027 17027 I SELinux :  
12-12 12:48:41.147  1328  1328 D AbsListView: unregisterIRListener() is called 
12-12 12:48:41.147 17027 17027 I SELinux : selinux_android_seapp_context_reload: seapp_contexts file is loaded from /data/security/spota/seapp_contexts
12-12 12:48:41.147 17027 17027 E dalvikvm: >>>>> Normal User
12-12 12:48:41.147 17027 17027 E dalvikvm: >>>>> com.sec.android.widgetapp.activeapplicationwidget [ userId:0 | appId:10174 ]
12-12 12:48:41.147   751  1451 I AudioService: getStreamVolume 3 index 0
12-12 12:48:41.147  1067  1703 D LockPatternUtils: isPcwEnable = null
12-12 12:48:41.147  1519 12833 I MicrophoneInputStream: mic_close com.google.android.apps.gsa.speech.audio.t@42a60e48
12-12 12:48:41.157   751   969 I ServiceKeeper: In getappinfo pid = 751 pkgName = android appinfo = null
12-12 12:48:41.157   751   969 I ServiceKeeper: In getseinfo pid = 751 uid = 1000 seinfo= system
12-12 12:48:41.157 17032 17032 I SELinux : Function: selinux_android_load_priority , spota verifySig and checkHash pass. priority version is VE=SEPF_SM-G900T_4.4.2_0055
12-12 12:48:41.157 17032 17032 I SELinux :  
12-12 12:48:41.157 17032 17032 I SELinux :  
12-12 12:48:41.157 17032 17032 I SELinux : selinux_android_seapp_context_reload: seapp_contexts file is loaded from /data/security/spota/seapp_contexts
12-12 12:48:41.157 17032 17032 E dalvikvm: >>>>> Normal User
12-12 12:48:41.157 17032 17032 E dalvikvm: >>>>> com.google.android.gms.ui [ userId:0 | appId:10015 ]
12-12 12:48:41.157   751  1451 I AudioService: getStreamVolume 3 index 0
12-12 12:48:41.167 12699 17031 D Aatp    : /locale
12-12 12:48:41.167 13252 13675 I GCoreUlr: Unbound from all location providers
12-12 12:48:41.167 13252 13675 I GCoreUlr: Place inference reporting - stop
12-12 12:48:41.167  1328  1328 D skia    : GFXPNG PNG bitmap created width:72 height:72 bitmap id is 565 
12-12 12:48:41.167   751   969 I ServiceKeeper: In getappinfo pid = 751 pkgName = android appinfo = null
12-12 12:48:41.167   751   969 I ServiceKeeper: In getseinfo pid = 751 uid = 1000 seinfo= system
12-12 12:48:41.167   264 16025 V audio_hw_primary: in_standby: enter
12-12 12:48:41.167   751   969 I ServiceKeeper: In getappinfo pid = 751 pkgName = android appinfo = null
12-12 12:48:41.167   751   969 I ServiceKeeper: In getseinfo pid = 751 uid = 1000 seinfo= system
12-12 12:48:41.177 12699 17031 D Aatp    : sha1: 3919b88b6e4df9c8c3dd9a48d1763163bd5626da
12-12 12:48:41.177 12699 17031 D AatpDeviceManager: k: NanoHttpd.QUERY_STRING v: locale=en_US
12-12 12:48:41.177 12699 17031 D AatpDeviceManager: k: locale v: en_US
12-12 12:48:41.177   751   969 I ServiceKeeper: In getappinfo pid = 751 pkgName = android appinfo = null
12-12 12:48:41.177   751   969 I ServiceKeeper: In getseinfo pid = 751 uid = 1000 seinfo= system
12-12 12:48:41.177   751   969 I ServiceKeeper: In getappinfo pid = 751 pkgName = android appinfo = null
12-12 12:48:41.177   751   969 I ServiceKeeper: In getseinfo pid = 751 uid = 1000 seinfo= system
12-12 12:48:41.187 13252 13675 I GCoreUlr: DispatchingService ignoring Intent { act=android.net.wifi.WIFI_STATE_CHANGED flg=0x4000010 (has extras) } because ULR inactive
12-12 12:48:41.187   751   969 I ServiceKeeper: In getappinfo pid = 751 pkgName = android appinfo = null
12-12 12:48:41.187   751   969 I ServiceKeeper: In getseinfo pid = 751 uid = 1000 seinfo= system
12-12 12:48:41.187 12699 17031 D Aatp    : /task/3919b88b6e4df9c8c3dd9a48d1763163bd5626da
12-12 12:48:41.187   751   751 W ContextImpl: Calling a method in the system process without a qualified user: android.app.ContextImpl.sendBroadcast:1505 com.android.server.StatusBarManagerService.sendNotification:985 com.android.server.StatusBarManagerService.addNotification:674 com.android.server.NotificationManagerService$7.run:2142 android.os.Handler.handleCallback:733 
12-12 12:48:41.187   751   751 D STATUSBAR-StatusBarManagerService: sendNotification(1) - 1096041569
12-12 12:48:41.197 12699 12699 D AatpDeviceManager: taskStatus update (3919b88b6e4df9c8c3dd9a48d1763163bd5626da: {"state":1})
12-12 12:48:41.197 12699 17050 D AatpDeviceManager: Setting locale to: en_US
12-12 12:48:41.197 12699 17050 D AWSDeviceFarmAndroidLib: Setting locale to: en_US
12-12 12:48:41.197  1067  1081 D KeyguardUpdateMonitor: sendKeyguardVisibilityChanged(true)
12-12 12:48:41.197 13252 13252 I GCoreUlr: Stopping handler for UlrDispSvcFast
12-12 12:48:41.197   751  1030 W ContextImpl: Calling a method in the system process without a qualified user: android.app.ContextImpl.sendBroadcast:1505 com.android.server.am.AppStateBroadcaster.BroadcastAppState:128 com.android.server.am.AppStateBroadcaster.SendApplicationStart:28 com.android.server.am.ActivityStackSupervisor.startSpecificActivityLocked:1424 com.android.server.am.ActivityStack.ensureActivitiesVisibleLocked:1656 
12-12 12:48:41.207   264 16025 V audio_hw_primary: stop_input_stream: enter: usecase(7: audio-record)
12-12 12:48:41.207   264 16025 V audio_hw_primary: disable_audio_route: enter: usecase(7)
12-12 12:48:41.207   264 16025 V audio_hw_primary: disable_audio_route: reset mixer path: audio-record
12-12 12:48:41.207   264 16025 D audio_route: ++++ audio_route_update_mixer ==============
12-12 12:48:41.207   264 16025 D audio_route: Setting mixer control: MultiMedia1 Mixer SLIM_0_TX, value: 0
12-12 12:48:41.207   264 16025 D audio_route: ------ audio_route_update_mixer ==============
12-12 12:48:41.207   264 16025 V audio_hw_primary: disable_audio_route: exit
12-12 12:48:41.207   264 16025 V audio_hw_primary: disable_snd_device: snd_device(121: vr-main-mic)
12-12 12:48:41.207   264 16025 D audio_route: ++++ audio_route_update_mixer ==============
12-12 12:48:41.207   264 16025 D audio_route: Setting mixer control: DEC2 Volume, value: 0
12-12 12:48:41.217   264 16025 D audio_route: Setting mixer control: SLIM TX7 MUX, value: 0
12-12 12:48:41.217   264 16025 D audio_route: Setting mixer control: AIF1_CAP Mixer SLIM TX7, value: 0
12-12 12:48:41.217   264 16025 D audio_route: Setting mixer control: DEC2 MUX, value: 0
12-12 12:48:41.217   264 16025 D audio_route: ------ audio_route_update_mixer ==============
12-12 12:48:41.217   264 16025 V audio_hw_primary: stop_input_stream: exit: status(0)
12-12 12:48:41.217   264 16025 V audio_hw_primary: in_standby: exit:  status(0)
12-12 12:48:41.227  1067  1131 D KeyguardUpdateMonitor: sendKeyguardVisibilityChanged(true)
12-12 12:48:41.227  1067  1067 D ProgressBar: setProgressDrawable drawableHeight = 0
12-12 12:48:41.227  1067  1067 D PhoneStatusBar: tick(): knoxCustomManager = android.app.enterprise.knoxcustom.KnoxCustomManager@44ef2f00
12-12 12:48:41.317 12699 17054 D Aatp    : /task/3919b88b6e4df9c8c3dd9a48d1763163bd5626da/status
12-12 12:48:41.337   751  1451 D dalvikvm: GC_EXPLICIT freed 3857K, 39% free 41493K/67908K, paused 9ms+8ms, total 134ms
12-12 12:48:41.337   264   264 V AudioPolicyManagerBase: stopInput() input 24
12-12 12:48:41.337   751   969 I ServiceKeeper: In getappinfo pid = 751 pkgName = android appinfo = null
12-12 12:48:41.337   751   969 I ServiceKeeper: In getseinfo pid = 751 uid = 1000 seinfo= system
12-12 12:48:41.337   751   969 I ServiceKeeper: In getappinfo pid = 751 pkgName = android appinfo = null
12-12 12:48:41.337   751   969 I ServiceKeeper: In getseinfo pid = 751 uid = 1000 seinfo= system
12-12 12:48:41.347   751   969 I ServiceKeeper: In getappinfo pid = 751 pkgName = android appinfo = null
12-12 12:48:41.347   751   969 I ServiceKeeper: In getseinfo pid = 751 uid = 1000 seinfo= system
12-12 12:48:41.347   751   969 I ServiceKeeper: In getappinfo pid = 751 pkgName = android appinfo = null
12-12 12:48:41.347   751   969 I ServiceKeeper: In getseinfo pid = 751 uid = 1000 seinfo= system
12-12 12:48:41.347   264  1028 V AudioPolicyManagerBase: releaseInput() 24
12-12 12:48:41.347  1519 12846 I HotwordRecognitionRnr: Stopping hotword detection.
12-12 12:48:41.347  1519 16023 I HotwordRecognitionRnr: Hotword detection finished
12-12 12:48:41.347   751   969 I ServiceKeeper: In getappinfo pid = 751 pkgName = android appinfo = null
12-12 12:48:41.347   751   969 I ServiceKeeper: In getseinfo pid = 751 uid = 1000 seinfo= system
12-12 12:48:41.347   751   969 I ServiceKeeper: In getappinfo pid = 751 pkgName = android appinfo = null
12-12 12:48:41.347   751   969 I ServiceKeeper: In getseinfo pid = 751 uid = 1000 seinfo= system
12-12 12:48:41.347  1067  5218 D KeyguardUpdateMonitor: sendKeyguardVisibilityChanged(true)
12-12 12:48:41.347   264  1028 V audio_hw_primary: adev_close_input_stream
12-12 12:48:41.347   264  1028 V audio_hw_primary: in_standby: enter
12-12 12:48:41.347   264  1028 V audio_hw_primary: in_standby: exit:  status(0)
12-12 12:48:41.347   264  1028 V AudioPolicyManagerBase: releaseInput() exit
12-12 12:48:41.347  1067  1131 D LockPatternUtils: isPcwEnable = null
12-12 12:48:41.357 17027 17027 V TaskCloserActivity: TaskCloserActivity enter()
12-12 12:48:41.357   751   969 I ServiceKeeper: In getappinfo pid = 751 pkgName = android appinfo = null
12-12 12:48:41.357  1259  1259 D WfcActivityStateReceiver: onReceive(): packageName=com.google.android.gms, activityState=create
12-12 12:48:41.357   751   969 I ServiceKeeper: In getseinfo pid = 751 uid = 1000 seinfo= system
12-12 12:48:41.357  1067  1067 D STATUSBAR-IconMerger: checkOverflow(504), More:false, Req:false Child:6
12-12 12:48:41.357   751  1046 V SmartFaceService - 3rd party pause: onReceive [android.intent.action.ACTIVITY_STATE/com.google.android.gms/create]
12-12 12:48:41.367  1067  1067 D KeyguardUpdateMonitor: handleKeyguardVisibilityChanged(1)
12-12 12:48:41.367  1067  1067 D KeyguardUpdateMonitor: handleKeyguardVisibilityChanged(1)
12-12 12:48:41.367  1067  1067 D KeyguardUpdateMonitor: handleKeyguardVisibilityChanged(1)
12-12 12:48:41.367 13252 13252 I GCoreUlr: Unbound from all location providers
12-12 12:48:41.367 13252 13252 I GCoreUlr: Place inference reporting - stop
12-12 12:48:41.367 17027 17027 V TaskCloserActivity: TaskCloserActivity onReceive() - com.sec.android.intent.action.HOME_PAUSE
12-12 12:48:41.367   751   956 I ActivityManager: Killing 16364:com.sec.android.service.cm/u0a90 (adj 15): empty #31
12-12 12:48:41.377   751   969 I ServiceKeeper: In getappinfo pid = 751 pkgName = android appinfo = null
12-12 12:48:41.377   751   969 I ServiceKeeper: In getseinfo pid = 751 uid = 1000 seinfo= system
12-12 12:48:41.377   751   969 I ServiceKeeper: In getappinfo pid = 751 pkgName = android appinfo = null
12-12 12:48:41.377   751   969 I ServiceKeeper: In getseinfo pid = 751 uid = 1000 seinfo= system
12-12 12:48:41.377 17032 17032 W dalvikvm: VFY: unable to resolve static field 937 (PR_SET_DUMPABLE) in Landroid/system/OsConstants;
12-12 12:48:41.377 17032 17032 D dalvikvm: VFY: replacing opcode 0x60 at 0x0009
12-12 12:48:41.387 17032 17032 W dalvikvm: VFY: unable to find class referenced in signature (Laqvj;)
12-12 12:48:41.387 17032 17032 W dalvikvm: VFY: unable to find class referenced in signature (Laqvj;)
12-12 12:48:41.387 17032 17032 W dalvikvm: VFY: unable to find class referenced in signature (Laqvj;)
12-12 12:48:41.387 17032 17032 W dalvikvm: VFY: unable to find class referenced in signature (Laqvj;)
12-12 12:48:41.387 17032 17032 I dalvikvm: Could not find method android.content.Context.getSystemService, referenced from method ro.a
12-12 12:48:41.387 17032 17032 W dalvikvm: VFY: unable to resolve virtual method 1684: Landroid/content/Context;.getSystemService (Ljava/lang/Class;)Ljava/lang/Object;
12-12 12:48:41.387 17032 17032 D dalvikvm: VFY: replacing opcode 0x6e at 0x0008
12-12 12:48:41.387 17032 17032 I dalvikvm: Could not find method android.content.Context.createDeviceProtectedStorageContext, referenced from method jkx.a
12-12 12:48:41.387 17032 17032 W dalvikvm: VFY: unable to resolve virtual method 1659: Landroid/content/Context;.createDeviceProtectedStorageContext ()Landroid/content/Context;
12-12 12:48:41.387 17032 17032 D dalvikvm: VFY: replacing opcode 0x6e at 0x0029
12-12 12:48:41.387 17032 17032 I dalvikvm: Could not find method android.content.Context.getSystemService, referenced from method jkx.b
12-12 12:48:41.387 17032 17032 W dalvikvm: VFY: unable to resolve virtual method 1684: Landroid/content/Context;.getSystemService (Ljava/lang/Class;)Ljava/lang/Object;
12-12 12:48:41.387 17032 17032 D dalvikvm: VFY: replacing opcode 0x6e at 0x000b
12-12 12:48:41.397 17032 17032 I dalvikvm: Could not find method android.content.Context.isDeviceProtectedStorage, referenced from method zcx.a
12-12 12:48:41.397 17032 17032 W dalvikvm: VFY: unable to resolve virtual method 1689: Landroid/content/Context;.isDeviceProtectedStorage ()Z
12-12 12:48:41.397 17032 17032 D dalvikvm: VFY: replacing opcode 0x6e at 0x0009
12-12 12:48:41.397  1067  1081 D KeyguardUpdateMonitor: sendKeyguardVisibilityChanged(true)
12-12 12:48:41.397  1067  1067 D KeyguardUpdateMonitor: handleKeyguardVisibilityChanged(1)
12-12 12:48:41.397 17032 17032 I dalvikvm: Could not find method android.content.Context.isDeviceProtectedStorage, referenced from method zcx.c
12-12 12:48:41.397 17032 17032 W dalvikvm: VFY: unable to resolve virtual method 1689: Landroid/content/Context;.isDeviceProtectedStorage ()Z
12-12 12:48:41.397 17032 17032 D dalvikvm: VFY: replacing opcode 0x6e at 0x005d
12-12 12:48:41.397 17032 17032 I dalvikvm: Could not find method android.os.PowerManager.isInteractive, referenced from method jih.a
12-12 12:48:41.397 17032 17032 W dalvikvm: VFY: unable to resolve virtual method 2258: Landroid/os/PowerManager;.isInteractive ()Z
12-12 12:48:41.397 17032 17032 D dalvikvm: VFY: replacing opcode 0x6e at 0x0012
12-12 12:48:41.397 17032 17032 I dalvikvm: Could not find method android.content.ContextWrapper.createCredentialProtectedStorageContext, referenced from method com.google.android.chimera.ModuleContext.createCredentialProtectedStorageContext
12-12 12:48:41.397 17032 17032 W dalvikvm: VFY: unable to resolve virtual method 1708: Landroid/content/ContextWrapper;.createCredentialProtectedStorageContext ()Landroid/content/Context;
12-12 12:48:41.397 17032 17032 D dalvikvm: VFY: replacing opcode 0x6f at 0x0002
12-12 12:48:41.397 17032 17032 I dalvikvm: Could not find method android.content.ContextWrapper.createDeviceProtectedStorageContext, referenced from method com.google.android.chimera.ModuleContext.createDeviceProtectedStorageContext
12-12 12:48:41.397 17032 17032 W dalvikvm: VFY: unable to resolve virtual method 1709: Landroid/content/ContextWrapper;.createDeviceProtectedStorageContext ()Landroid/content/Context;
12-12 12:48:41.397 17032 17032 D dalvikvm: VFY: replacing opcode 0x6f at 0x0002
12-12 12:48:41.397 17032 17032 I dalvikvm: Could not find method android.content.Context.isCredentialProtectedStorage, referenced from method cqq.a
12-12 12:48:41.397 17032 17032 W dalvikvm: VFY: unable to resolve virtual method 1688: Landroid/content/Context;.isCredentialProtectedStorage ()Z
12-12 12:48:41.397 17032 17032 D dalvikvm: VFY: replacing opcode 0x6e at 0x0000
12-12 12:48:41.397 17032 17032 I dalvikvm: Could not find method android.os.UserManager.isUserUnlocked, referenced from method cqq.a
12-12 12:48:41.397 17032 17032 W dalvikvm: VFY: unable to resolve virtual method 2311: Landroid/os/UserManager;.isUserUnlocked ()Z
12-12 12:48:41.397 17032 17032 D dalvikvm: VFY: replacing opcode 0x6e at 0x001a
12-12 12:48:41.397 17032 17032 I dalvikvm: Could not find method android.content.Context.isDeviceProtectedStorage, referenced from method cqq.b
12-12 12:48:41.397 17032 17032 W dalvikvm: VFY: unable to resolve virtual method 1689: Landroid/content/Context;.isDeviceProtectedStorage ()Z
12-12 12:48:41.397 17032 17032 D dalvikvm: VFY: replacing opcode 0x6e at 0x0000
12-12 12:48:41.397 17032 17032 I dalvikvm: Could not find method android.content.Context.isDeviceProtectedStorage, referenced from method cqq.c
12-12 12:48:41.397 17032 17032 W dalvikvm: VFY: unable to resolve virtual method 1689: Landroid/content/Context;.isDeviceProtectedStorage ()Z
12-12 12:48:41.397 17032 17032 D dalvikvm: VFY: replacing opcode 0x6e at 0x0000
12-12 12:48:41.397 17032 17032 I MultiDex: VM with version 1.6.0 does not have multidex support
12-12 12:48:41.397 17032 17032 I MultiDex: install
12-12 12:48:41.397 17032 17032 I MultiDex: MultiDexExtractor.load(/data/app/com.google.android.gms-3496.apk, false)
12-12 12:48:41.407 17032 17032 I MultiDex: Blocking on lock /data/data/com.google.android.gms/code_cache/secondary-dexes/MultiDex.lock
12-12 12:48:41.407 17032 17032 I MultiDex: /data/data/com.google.android.gms/code_cache/secondary-dexes/MultiDex.lock locked
12-12 12:48:41.407 17032 17032 I MultiDex: loading existing secondary dex files
12-12 12:48:41.407 17032 17032 I MultiDex: load found 4 secondary dex files
12-12 12:48:41.417 17032 17032 I MultiDex: install done
12-12 12:48:41.417 17032 17032 I dalvikvm: Could not find method android.content.Context.isDeviceProtectedStorage, referenced from method kel.d
12-12 12:48:41.417 17032 17032 W dalvikvm: VFY: unable to resolve virtual method 1689: Landroid/content/Context;.isDeviceProtectedStorage ()Z
12-12 12:48:41.417 17032 17032 D dalvikvm: VFY: replacing opcode 0x6e at 0x0006
12-12 12:48:41.417 17032 17032 I dalvikvm: Could not find method android.os.UserHandle.isOwner, referenced from method kel.i
12-12 12:48:41.417 17032 17032 W dalvikvm: VFY: unable to resolve virtual method 2304: Landroid/os/UserHandle;.isOwner ()Z
12-12 12:48:41.417 17032 17032 D dalvikvm: VFY: replacing opcode 0x6e at 0x000a
12-12 12:48:41.427 17032 17032 I dalvikvm: Could not find method android.content.pm.PackageManager.isInstantApp, referenced from method kkc.a
12-12 12:48:41.427 17032 17032 W dalvikvm: VFY: unable to resolve virtual method 1808: Landroid/content/pm/PackageManager;.isInstantApp (Ljava/lang/String;)Z
12-12 12:48:41.427 17032 17032 D dalvikvm: VFY: replacing opcode 0x6e at 0x002d
12-12 12:48:41.437 17032 17032 I dalvikvm: Could not find method android.content.ContextWrapper.createCredentialProtectedStorageContext, referenced from method jwn.createCredentialProtectedStorageContext
12-12 12:48:41.437 17032 17032 W dalvikvm: VFY: unable to resolve virtual method 1708: Landroid/content/ContextWrapper;.createCredentialProtectedStorageContext ()Landroid/content/Context;
