12-12 12:48:17.147  1067  1067 D KeyguardUpdateMonitor: handleKeyguardVisibilityChanged(1)
12-12 12:48:17.157  1067  1131 D KeyguardUpdateMonitor: sendKeyguardVisibilityChanged(true)
12-12 12:48:17.157  1067  1067 D KeyguardUpdateMonitor: handleKeyguardVisibilityChanged(1)
12-12 12:48:17.167 16152 16152 E memtrack: Couldn't load memtrack module (No such file or directory)
12-12 12:48:17.167 16152 16152 E android.os.Debug: failed to load memtrack module: -2
12-12 12:48:17.177  1067  1081 D KeyguardUpdateMonitor: sendKeyguardVisibilityChanged(true)
12-12 12:48:17.177  1067  1067 D KeyguardUpdateMonitor: handleKeyguardVisibilityChanged(1)
12-12 12:48:17.197 16152 16152 D dalvikvm: Note: class Landroid/app/ActivityManagerNative; has 192 unimplemented (abstract) methods
12-12 12:48:17.197  1067  1702 D KeyguardUpdateMonitor: sendKeyguardVisibilityChanged(true)
12-12 12:48:17.197  1067  1067 D KeyguardUpdateMonitor: handleKeyguardVisibilityChanged(1)
12-12 12:48:17.207  1067  1131 D KeyguardUpdateMonitor: sendKeyguardVisibilityChanged(true)
12-12 12:48:17.207  1067  1067 D KeyguardUpdateMonitor: handleKeyguardVisibilityChanged(1)
12-12 12:48:17.227  1067  1081 D KeyguardUpdateMonitor: sendKeyguardVisibilityChanged(true)
12-12 12:48:17.227  1067  1067 D KeyguardUpdateMonitor: handleKeyguardVisibilityChanged(1)
12-12 12:48:17.237 16152 16152 D AndroidRuntime: Calling main entry com.android.commands.pm.Pm
12-12 12:48:17.247  1067  5218 D KeyguardUpdateMonitor: sendKeyguardVisibilityChanged(true)
12-12 12:48:17.247  1067  1067 D KeyguardUpdateMonitor: handleKeyguardVisibilityChanged(1)
12-12 12:48:17.257  1067  1082 D KeyguardUpdateMonitor: sendKeyguardVisibilityChanged(true)
12-12 12:48:17.257  1067  1067 D KeyguardUpdateMonitor: handleKeyguardVisibilityChanged(1)
12-12 12:48:17.277  1067  1081 D KeyguardUpdateMonitor: sendKeyguardVisibilityChanged(true)
12-12 12:48:17.277  1067  1067 D KeyguardUpdateMonitor: handleKeyguardVisibilityChanged(1)
12-12 12:48:17.287   751  1160 V ApplicationPolicy: isApplicationStateBlocked userId 0 pkgname com.trellis
12-12 12:48:17.287   751  1160 D EnterpriseDeviceManager: ContainerId: 0
12-12 12:48:17.287   751  1160 V ApplicationPolicy: isApplicationStateBlocked userId 0 pkgname com.trellis
12-12 12:48:17.287   751  1160 D PackageManager: START CLEAR APPLICATION USER DATA: observer{1137374672}
12-12 12:48:17.287   751  1160 D PackageManager: pkg{<packageName>}
12-12 12:48:17.287   751  1160 D PackageManager: user{0}
12-12 12:48:17.287   751   958 D PackageManager: [MSG] CLEAR_APPLICATION_USER_DATA
12-12 12:48:17.297   272   272 D keystore: calling clear_uid in state: 3
12-12 12:48:17.297  1067  1131 D KeyguardUpdateMonitor: sendKeyguardVisibilityChanged(true)
12-12 12:48:17.297  1067  1067 D KeyguardUpdateMonitor: handleKeyguardVisibilityChanged(1)
12-12 12:48:17.317  1067  1703 D KeyguardUpdateMonitor: sendKeyguardVisibilityChanged(true)
12-12 12:48:17.317  1067  1067 D KeyguardUpdateMonitor: handleKeyguardVisibilityChanged(1)
12-12 12:48:17.317 13252 13252 I GeofencerStateMachine: removeGeofences: removeRequest=RemoveGeofencingRequest[REMOVE_ALL packageName=com.trellis]
12-12 12:48:17.317   751   969 I ServiceKeeper: In getappinfo pid = 751 pkgName = android appinfo = null
12-12 12:48:17.317   751   969 I ServiceKeeper: In getseinfo pid = 751 uid = 1000 seinfo= system
12-12 12:48:17.317   751   969 I ServiceKeeper: In getappinfo pid = 751 pkgName = android appinfo = null
12-12 12:48:17.317   751   969 I ServiceKeeper: In getseinfo pid = 751 uid = 1000 seinfo= system
12-12 12:48:17.317  1898  1898 D daemonapp: [MSC_Daemon]>>> AWDCDS:27 [0:0] AWD CD Act : androidintentactionPACKAGE_RESTARTED
12-12 12:48:17.327  1308  1308 I PersonaManager: getPersonaService() name persona_policy
12-12 12:48:17.327  1067  1081 D KeyguardUpdateMonitor: sendKeyguardVisibilityChanged(true)
12-12 12:48:17.327  1067  1067 D KeyguardUpdateMonitor: handleKeyguardVisibilityChanged(1)
12-12 12:48:17.337   751   958 D PackageManager: return delete result to caller: 1137374672
12-12 12:48:17.337 16152 16152 D AndroidRuntime: Shutting down VM
12-12 12:48:17.337   751   958 D PackageManager: returnCode: true
12-12 12:48:17.347 16152 16168 D dalvikvm: GC_CONCURRENT freed 97K, 13% free 677K/776K, paused 0ms+0ms, total 1ms
12-12 12:48:17.347  1067  1131 D KeyguardUpdateMonitor: sendKeyguardVisibilityChanged(true)
12-12 12:48:17.347  1067  1067 D KeyguardUpdateMonitor: handleKeyguardVisibilityChanged(1)
12-12 12:48:17.367 16177 16177 I SELinux : Function: selinux_android_load_priority [0], There is no sepolicy file.
12-12 12:48:17.367 16177 16177 I SELinux :  
12-12 12:48:17.367  1067  1081 D KeyguardUpdateMonitor: sendKeyguardVisibilityChanged(true)
12-12 12:48:17.367  1067  1067 D KeyguardUpdateMonitor: handleKeyguardVisibilityChanged(1)
12-12 12:48:17.377  1067  1082 D KeyguardUpdateMonitor: sendKeyguardVisibilityChanged(true)
12-12 12:48:17.377  1067  1067 D KeyguardUpdateMonitor: handleKeyguardVisibilityChanged(1)
12-12 12:48:17.397  1067  1131 D KeyguardUpdateMonitor: sendKeyguardVisibilityChanged(true)
12-12 12:48:17.397  1067  1067 D KeyguardUpdateMonitor: handleKeyguardVisibilityChanged(1)
12-12 12:48:17.407 16177 16177 I SELinux : Function: selinux_android_load_priority , spota verifySig and checkHash pass. priority version is VE=SEPF_SM-G900T_4.4.2_0055
12-12 12:48:17.407 16177 16177 I SELinux :  
12-12 12:48:17.407 16177 16177 I SELinux :  
12-12 12:48:17.407 16177 16177 I SELinux : selinux_android_seapp_context_reload: seapp_contexts file is loaded from /data/security/spota/seapp_contexts
12-12 12:48:17.407 16177 16177 E dalvikvm: >>>>> Normal User
12-12 12:48:17.407 16177 16177 E dalvikvm: >>>>> com.android.documentsui [ userId:0 | appId:10101 ]
12-12 12:48:17.417  1067  1702 D KeyguardUpdateMonitor: sendKeyguardVisibilityChanged(true)
12-12 12:48:17.417  1067  1067 D KeyguardUpdateMonitor: handleKeyguardVisibilityChanged(1)
12-12 12:48:17.427  1067  1131 D KeyguardUpdateMonitor: sendKeyguardVisibilityChanged(true)
12-12 12:48:17.427  1067  1067 D KeyguardUpdateMonitor: handleKeyguardVisibilityChanged(1)
12-12 12:48:17.447  1067  1081 D KeyguardUpdateMonitor: sendKeyguardVisibilityChanged(true)
12-12 12:48:17.447  1067  1067 D KeyguardUpdateMonitor: handleKeyguardVisibilityChanged(1)
12-12 12:48:17.467  1067  1702 D KeyguardUpdateMonitor: sendKeyguardVisibilityChanged(true)
12-12 12:48:17.467  1067  1067 D KeyguardUpdateMonitor: handleKeyguardVisibilityChanged(1)
12-12 12:48:17.477 16177 16190 D Documents: Loading roots for com.android.externalstorage.documents
12-12 12:48:17.487  1067  1082 D KeyguardUpdateMonitor: sendKeyguardVisibilityChanged(true)
12-12 12:48:17.487  1067  1067 D KeyguardUpdateMonitor: handleKeyguardVisibilityChanged(1)
12-12 12:48:17.497  1067  1703 D KeyguardUpdateMonitor: sendKeyguardVisibilityChanged(true)
12-12 12:48:17.497  1067  1067 D KeyguardUpdateMonitor: handleKeyguardVisibilityChanged(1)
12-12 12:48:17.507 16191 16191 I SELinux : Function: selinux_android_load_priority [0], There is no sepolicy file.
12-12 12:48:17.507 16191 16191 I SELinux :  
12-12 12:48:17.517  1067  5218 D KeyguardUpdateMonitor: sendKeyguardVisibilityChanged(true)
12-12 12:48:17.517  1067  1067 D KeyguardUpdateMonitor: handleKeyguardVisibilityChanged(1)
12-12 12:48:17.517   751   778 I ActivityManager: Killing 14912:com.google.android.partnersetup/u0a17 (adj 15): empty #31
12-12 12:48:17.527  1067  1131 D KeyguardUpdateMonitor: sendKeyguardVisibilityChanged(true)
12-12 12:48:17.527  1067  1067 D KeyguardUpdateMonitor: handleKeyguardVisibilityChanged(1)
12-12 12:48:17.547  1067  1703 D KeyguardUpdateMonitor: sendKeyguardVisibilityChanged(true)
12-12 12:48:17.547  1067  1067 D KeyguardUpdateMonitor: handleKeyguardVisibilityChanged(1)
12-12 12:48:17.547 16191 16191 I SELinux : Function: selinux_android_load_priority , spota verifySig and checkHash pass. priority version is VE=SEPF_SM-G900T_4.4.2_0055
12-12 12:48:17.547 16191 16191 I SELinux :  
12-12 12:48:17.547 16191 16191 I SELinux :  
12-12 12:48:17.547 16191 16191 I SELinux : selinux_android_seapp_context_reload: seapp_contexts file is loaded from /data/security/spota/seapp_contexts
12-12 12:48:17.547 16191 16191 E dalvikvm: >>>>> Normal User
12-12 12:48:17.547 16191 16191 E dalvikvm: >>>>> com.android.externalstorage [ userId:0 | appId:10013 ]
12-12 12:48:17.557  1898  1898 D daemonapp: [MSC_Daemon]>>> AWDCDS:27 [0:0] AWD CD Act : androidintentactionPACKAGE_DATA_CLEARED
12-12 12:48:17.557   255   255 E SMD     : DCD ON
12-12 12:48:17.577   751  1451 I ActivityManager: Killing 14929:com.samsung.groupcast/u0a18 (adj 15): empty #31
12-12 12:48:17.577 13466 16205 D Wear_Controller: Received broadcast action=android.intent.action.PACKAGE_DATA_CLEARED and uri=com.trellis
12-12 12:48:17.587 13466 16203 I LocationSettingsChecker: Removing dialog suppression flag for package com.trellis
12-12 12:48:17.597   751   969 I ServiceKeeper: In getappinfo pid = 751 pkgName = android appinfo = null
12-12 12:48:17.597   751   969 I ServiceKeeper: In getseinfo pid = 751 uid = 1000 seinfo= system
12-12 12:48:17.607   751   969 I ServiceKeeper: In getappinfo pid = 751 pkgName = android appinfo = null
12-12 12:48:17.607   751   969 I ServiceKeeper: In getseinfo pid = 751 uid = 1000 seinfo= system
12-12 12:48:17.607   751   969 I ServiceKeeper: In getappinfo pid = 751 pkgName = android appinfo = null
12-12 12:48:17.607   751   969 I ServiceKeeper: In getseinfo pid = 751 uid = 1000 seinfo= system
12-12 12:48:17.607 13466 13902 I Icing   : doRemovePackageData com.trellis
12-12 12:48:17.607   751   969 I ServiceKeeper: In getappinfo pid = 751 pkgName = android appinfo = null
12-12 12:48:17.607   751   969 I ServiceKeeper: In getseinfo pid = 751 uid = 1000 seinfo= system
12-12 12:48:17.607   751   969 I ServiceKeeper: In getappinfo pid = 751 pkgName = android appinfo = null
12-12 12:48:17.607   751   969 I ServiceKeeper: In getseinfo pid = 751 uid = 1000 seinfo= system
12-12 12:48:17.607 16191 16191 D ExternalStorage: After updating volumes, found 1 active roots
12-12 12:48:17.617 16177 16177 D Documents: Updating roots due to change at content://com.android.externalstorage.documents/root
12-12 12:48:17.617 16177 16190 D Documents: Loading roots for com.android.providers.downloads.documents
12-12 12:48:17.627 16177 16190 D Documents: Loading roots for com.android.providers.media.documents
12-12 12:48:17.627 16177 16190 D Documents: Loading roots for com.google.android.apps.docs.storage
12-12 12:48:17.647   751   969 I ServiceKeeper: In getappinfo pid = 751 pkgName = android appinfo = null
12-12 12:48:17.647   751   969 I ServiceKeeper: In getseinfo pid = 751 uid = 1000 seinfo= system
12-12 12:48:17.647   751   969 I ServiceKeeper: In getappinfo pid = 751 pkgName = android appinfo = null
12-12 12:48:17.647   751   969 I ServiceKeeper: In getseinfo pid = 751 uid = 1000 seinfo= system
12-12 12:48:17.647   751   969 I ServiceKeeper: In getappinfo pid = 751 pkgName = android appinfo = null
12-12 12:48:17.647   751   969 I ServiceKeeper: In getseinfo pid = 751 uid = 1000 seinfo= system
12-12 12:48:17.647   751   969 I ServiceKeeper: In getappinfo pid = 751 pkgName = android appinfo = null
12-12 12:48:17.647   751   969 I ServiceKeeper: In getseinfo pid = 751 uid = 1000 seinfo= system
12-12 12:48:17.647   751   969 I ServiceKeeper: In getappinfo pid = 751 pkgName = android appinfo = null
12-12 12:48:17.647   751   969 I ServiceKeeper: In getseinfo pid = 751 uid = 1000 seinfo= system
12-12 12:48:17.657 16211 16211 I SELinux : Function: selinux_android_load_priority [0], There is no sepolicy file.
12-12 12:48:17.657 16211 16211 I SELinux :  
12-12 12:48:17.667   751   969 I ServiceKeeper: In getappinfo pid = 751 pkgName = android appinfo = null
12-12 12:48:17.667   751   969 I ServiceKeeper: In getseinfo pid = 751 uid = 1000 seinfo= system
12-12 12:48:17.667   751   969 I ServiceKeeper: In getappinfo pid = 751 pkgName = android appinfo = null
12-12 12:48:17.667   751   969 I ServiceKeeper: In getseinfo pid = 751 uid = 1000 seinfo= system
12-12 12:48:17.687 16211 16211 I SELinux : Function: selinux_android_load_priority , spota verifySig and checkHash pass. priority version is VE=SEPF_SM-G900T_4.4.2_0055
12-12 12:48:17.687 16211 16211 I SELinux :  
12-12 12:48:17.687 16211 16211 I SELinux :  
12-12 12:48:17.687 16211 16211 I SELinux : selinux_android_seapp_context_reload: seapp_contexts file is loaded from /data/security/spota/seapp_contexts
12-12 12:48:17.687 16211 16211 E dalvikvm: >>>>> Normal User
12-12 12:48:17.687 16211 16211 E dalvikvm: >>>>> com.google.android.apps.docs [ userId:0 | appId:10102 ]
12-12 12:48:17.707   751   956 I ActivityManager: Killing 14946:com.android.musicfx/u0a27 (adj 15): empty #31
12-12 12:48:17.917 16211 16211 E dalvikvm: Could not find class 'android.provider.DocumentsContract$Path', referenced from method com.google.android.apps.docs.storagebackend.StorageBackendContentProvider.a
12-12 12:48:17.917 16211 16211 W dalvikvm: VFY: unable to resolve new-instance 936 (Landroid/provider/DocumentsContract$Path;) in Lcom/google/android/apps/docs/storagebackend/StorageBackendContentProvider;
12-12 12:48:17.917 16211 16211 D dalvikvm: VFY: replacing opcode 0x22 at 0x0089
12-12 12:48:17.927 16211 16211 I dalvikvm: Could not find method frh.refresh, referenced from method com.google.android.apps.docs.storagebackend.StorageBackendContentProvider.refresh
12-12 12:48:17.927 16211 16211 W dalvikvm: VFY: unable to resolve virtual method 38100: Lfrh;.refresh (Landroid/net/Uri;Landroid/os/Bundle;Landroid/os/CancellationSignal;)Z
12-12 12:48:17.927 16211 16211 D dalvikvm: VFY: replacing opcode 0x6f at 0x0007
12-12 12:48:17.927 16211 16211 D dalvikvm: DexOpt: unable to opt direct call 0x1053 at 0x8b in Lcom/google/android/apps/docs/storagebackend/StorageBackendContentProvider;.a
12-12 12:48:17.937 16211 16211 I dalvikvm: Could not find method android.content.Context.getDrawable, referenced from method in.a
12-12 12:48:17.937 16211 16211 W dalvikvm: VFY: unable to resolve virtual method 2767: Landroid/content/Context;.getDrawable (I)Landroid/graphics/drawable/Drawable;
12-12 12:48:17.937 16211 16211 D dalvikvm: VFY: replacing opcode 0x6e at 0x0006
12-12 12:48:17.937 16211 16211 I dalvikvm: Could not find method android.content.Context.isDeviceProtectedStorage, referenced from method in.a
12-12 12:48:17.937 16211 16211 W dalvikvm: VFY: unable to resolve virtual method 2783: Landroid/content/Context;.isDeviceProtectedStorage ()Z
12-12 12:48:17.937 16211 16211 D dalvikvm: VFY: replacing opcode 0x6e at 0x0006
12-12 12:48:17.937 16211 16211 I dalvikvm: Could not find method android.content.Context.getColorStateList, referenced from method in.b
12-12 12:48:17.937 16211 16211 W dalvikvm: VFY: unable to resolve virtual method 2762: Landroid/content/Context;.getColorStateList (I)Landroid/content/res/ColorStateList;
12-12 12:48:17.937 16211 16211 D dalvikvm: VFY: replacing opcode 0x6e at 0x0006
12-12 12:48:17.937 16211 16211 I dalvikvm: Could not find method android.content.Context.getColor, referenced from method in.c
12-12 12:48:17.937 16211 16211 W dalvikvm: VFY: unable to resolve virtual method 2761: Landroid/content/Context;.getColor (I)I
12-12 12:48:17.937 16211 16211 D dalvikvm: VFY: replacing opcode 0x6e at 0x0006
12-12 12:48:18.027 16211 16211 W dalvikvm: Unable to resolve superclass of Lcom/google/android/apps/docs/notification/guns/GcmJobService; (592)
12-12 12:48:18.027 16211 16211 W dalvikvm: Link of class 'Lcom/google/android/apps/docs/notification/guns/GcmJobService;' failed
12-12 12:48:18.027 16211 16211 W dalvikvm: VFY: unable to find class referenced in signature (Lcom/google/android/apps/docs/notification/guns/GcmJobService;)
12-12 12:48:18.027 16211 16211 W dalvikvm: Unable to resolve superclass of Lcom/google/android/apps/docs/notification/guns/GcmJobService; (592)
12-12 12:48:18.027 16211 16211 W dalvikvm: Link of class 'Lcom/google/android/apps/docs/notification/guns/GcmJobService;' failed
12-12 12:48:18.027 16211 16211 W dalvikvm: VFY: unable to resolve instance field 11971
12-12 12:48:18.027 16211 16211 D dalvikvm: VFY: replacing opcode 0x5b at 0x0008
12-12 12:48:18.027 16211 16211 I dalvikvm: Could not find method java.util.Locale.toLanguageTag, referenced from method drz.a
12-12 12:48:18.027 16211 16211 W dalvikvm: VFY: unable to resolve virtual method 49887: Ljava/util/Locale;.toLanguageTag ()Ljava/lang/String;
12-12 12:48:18.027 16211 16211 D dalvikvm: VFY: replacing opcode 0x6e at 0x00ca
12-12 12:48:18.047 16211 16211 W dalvikvm: Unable to resolve superclass of Lcom/google/android/apps/docs/notification/guns/GcmJobService; (592)
12-12 12:48:18.047 16211 16211 W dalvikvm: Link of class 'Lcom/google/android/apps/docs/notification/guns/GcmJobService;' failed
12-12 12:48:18.047 16211 16211 I dalvikvm: DexOpt: unable to optimize instance field ref 0x2ec4 at 0x12 in Ldrz;.a
12-12 12:48:18.077 16224 16224 D AndroidRuntime: 
12-12 12:48:18.077 16224 16224 D AndroidRuntime: >>>>>> AndroidRuntime START com.android.internal.os.RuntimeInit <<<<<<
12-12 12:48:18.077 16224 16224 D AndroidRuntime: CheckJNI is OFF
12-12 12:48:18.077 16224 16224 D AndroidRuntime: setted country_code = USA
12-12 12:48:18.077 16224 16224 D AndroidRuntime: setted countryiso_code = US
12-12 12:48:18.077 16224 16224 D AndroidRuntime: setted sales_code = TMB
12-12 12:48:18.077 16224 16224 D AndroidRuntime: readGMSProperty: start
12-12 12:48:18.077 16224 16224 D AndroidRuntime: readGMSProperty: already setted!!
12-12 12:48:18.077 16224 16224 D AndroidRuntime: readGMSProperty: end
12-12 12:48:18.077 16224 16224 D AndroidRuntime: addProductProperty: start
12-12 12:48:18.087 16211 16211 I dalvikvm: Could not find method java.util.Locale.toLanguageTag, referenced from method azc.a
12-12 12:48:18.087 16211 16211 W dalvikvm: VFY: unable to resolve virtual method 49887: Ljava/util/Locale;.toLanguageTag ()Ljava/lang/String;
12-12 12:48:18.087 16211 16211 D dalvikvm: VFY: replacing opcode 0x6e at 0x000e
12-12 12:48:18.087 16224 16224 D dalvikvm: Trying to load lib libjavacore.so 0x0
12-12 12:48:18.087 16224 16224 D dalvikvm: Added shared lib libjavacore.so 0x0
12-12 12:48:18.097 16224 16224 D dalvikvm: Trying to load lib libnativehelper.so 0x0
12-12 12:48:18.097 16224 16224 D dalvikvm: Added shared lib libnativehelper.so 0x0
12-12 12:48:18.097 16224 16224 D dalvikvm: No JNI_OnLoad found in libnativehelper.so 0x0, skipping init
12-12 12:48:18.147 16211 16239 I dalvikvm: Could not find method android.content.pm.PackageManager.getPackageInstaller, referenced from method ijj.a
12-12 12:48:18.147 16211 16239 W dalvikvm: VFY: unable to resolve virtual method 2942: Landroid/content/pm/PackageManager;.getPackageInstaller ()Landroid/content/pm/PackageInstaller;
12-12 12:48:18.147 16211 16239 D dalvikvm: VFY: replacing opcode 0x6e at 0x0012
12-12 12:48:18.157 16211 16239 I GAv4    : Google Analytics 11.0.11 is starting up. To enable debug logging on a device run:
12-12 12:48:18.157 16211 16239 I GAv4    :   adb shell setprop log.tag.GAv4 DEBUG
12-12 12:48:18.157 16211 16239 I GAv4    :   adb logcat -s GAv4
12-12 12:48:18.167 16211 16211 W FieldDefinition: Ignoring isIndexed constraint as field also has uniqueness constraint (on just this field, and therefore SQLite will have to create an index on that. For field: com.google.android.apps.docs.database.common.FieldDefinition$a@42c4ebc8
12-12 12:48:18.177 16211 16239 I PersonaManager: getPersonaService() name persona_policy
12-12 12:48:18.187 16224 16224 E memtrack: Couldn't load memtrack module (No such file or directory)
12-12 12:48:18.187 16224 16224 E android.os.Debug: failed to load memtrack module: -2
12-12 12:48:18.187 16211 16242 W GAv4    : AnalyticsReceiver is not registered or is disabled. Register the receiver for reliable dispatching on non-Google Play devices. See http://goo.gl/8Rd3yj for instructions.
12-12 12:48:18.187 16211 16239 W CoreComponentFactoryImpl: RetainedComponent will not be retained if  djl does not inherit FragmentActivity and fulfill jpt contract.
12-12 12:48:18.207 16224 16224 D dalvikvm: Note: class Landroid/app/ActivityManagerNative; has 192 unimplemented (abstract) methods
12-12 12:48:18.227 16211 16242 W GAv4    : CampaignTrackingReceiver is not registered, not exported or is disabled. Installation campaign tracking is not possible. See http://goo.gl/8Rd3yj for instructions.
12-12 12:48:18.227 16211 16242 W GAv4    : AnalyticsService not registered in the app manifest. Hits might not be delivered reliably. See http://goo.gl/8Rd3yj for instructions.
12-12 12:48:18.247 16224 16224 D AndroidRuntime: Calling main entry com.android.commands.pm.Pm
12-12 12:48:18.357 16211 16211 W dalvikvm: Unable to resolve superclass of Lcom/google/android/apps/docs/sync/content/ContentSyncJobService; (592)
12-12 12:48:18.357 16211 16211 W dalvikvm: Link of class 'Lcom/google/android/apps/docs/sync/content/ContentSyncJobService;' failed
12-12 12:48:18.357 16211 16211 I dalvikvm: Could not find method com.google.android.apps.docs.sync.content.ContentSyncJobService.a, referenced from method fur.a
12-12 12:48:18.357 16211 16211 W dalvikvm: VFY: unable to resolve static method 20602: Lcom/google/android/apps/docs/sync/content/ContentSyncJobService;.a (Landroid/content/Context;Lfui;)V
12-12 12:48:18.357 16211 16211 D dalvikvm: VFY: replacing opcode 0x71 at 0x0010
12-12 12:48:18.377 16211 16211 W dalvikvm: Unable to resolve superclass of Lcom/google/android/apps/docs/appindexing/AppIndexingJobService; (592)
12-12 12:48:18.377 16211 16211 W dalvikvm: Link of class 'Lcom/google/android/apps/docs/appindexing/AppIndexingJobService;' failed
12-12 12:48:18.377 16211 16211 I dalvikvm: Could not find method com.google.android.apps.docs.appindexing.AppIndexingJobService.a, referenced from method aub.a
12-12 12:48:18.377 16211 16211 W dalvikvm: VFY: unable to resolve static method 16136: Lcom/google/android/apps/docs/appindexing/AppIndexingJobService;.a (Landroid/content/Context;ZJZ)V
12-12 12:48:18.377 16211 16211 D dalvikvm: VFY: replacing opcode 0x71 at 0x001d
12-12 12:48:18.377 16211 16211 W dalvikvm: Unable to resolve superclass of Lcom/google/android/apps/docs/appindexing/AppIndexingJobService; (592)
12-12 12:48:18.377 16211 16211 W dalvikvm: Link of class 'Lcom/google/android/apps/docs/appindexing/AppIndexingJobService;' failed
12-12 12:48:18.377 16211 16211 I dalvikvm: Could not find method com.google.android.apps.docs.appindexing.AppIndexingJobService.a, referenced from method aub.b
12-12 12:48:18.377 16211 16211 W dalvikvm: VFY: unable to resolve static method 16136: Lcom/google/android/apps/docs/appindexing/AppIndexingJobService;.a (Landroid/content/Context;ZJZ)V
12-12 12:48:18.377 16211 16211 D dalvikvm: VFY: replacing opcode 0x71 at 0x000d
12-12 12:48:18.387 16211 16239 I dalvikvm: Could not find method java.util.Locale.toLanguageTag, referenced from method drx.a
12-12 12:48:18.387 16211 16239 W dalvikvm: VFY: unable to resolve virtual method 49887: Ljava/util/Locale;.toLanguageTag ()Ljava/lang/String;
12-12 12:48:18.387 16211 16239 D dalvikvm: VFY: replacing opcode 0x6e at 0x02d6
12-12 12:48:18.387 16211 16211 E dalvikvm: Could not find class 'android.app.NotificationChannel', referenced from method ewv.a
12-12 12:48:18.387 16211 16211 W dalvikvm: VFY: unable to resolve new-instance 572 (Landroid/app/NotificationChannel;) in Lewv;
12-12 12:48:18.387 16211 16211 D dalvikvm: VFY: replacing opcode 0x22 at 0x001a
12-12 12:48:18.387 16211 16211 E dalvikvm: Could not find class 'android.app.NotificationChannel', referenced from method ewv.a
12-12 12:48:18.387 16211 16211 W dalvikvm: VFY: unable to resolve new-instance 572 (Landroid/app/NotificationChannel;) in Lewv;
12-12 12:48:18.387 16211 16211 D dalvikvm: VFY: replacing opcode 0x22 at 0x002b
12-12 12:48:18.387 16211 16211 I dalvikvm: Could not find method android.app.NotificationManager.createNotificationChannels, referenced from method ewv.a
12-12 12:48:18.387 16211 16211 W dalvikvm: VFY: unable to resolve virtual method 2311: Landroid/app/NotificationManager;.createNotificationChannels (Ljava/util/List;)V
12-12 12:48:18.387 16211 16211 D dalvikvm: VFY: replacing opcode 0x6e at 0x0055
12-12 12:48:18.387 16211 16211 D dalvikvm: DexOpt: unable to opt direct call 0x0902 at 0x26 in Lewv;.a
12-12 12:48:18.387 16211 16211 D dalvikvm: DexOpt: unable to opt direct call 0x0902 at 0x37 in Lewv;.a
12-12 12:48:18.387 16211 16239 I dalvikvm: Could not find method java.util.Locale.toLanguageTag, referenced from method drx.a
12-12 12:48:18.387 16211 16239 W dalvikvm: VFY: unable to resolve virtual method 49887: Ljava/util/Locale;.toLanguageTag ()Ljava/lang/String;
12-12 12:48:18.387 16211 16239 D dalvikvm: VFY: replacing opcode 0x6e at 0x00e2
12-12 12:48:18.407 16224 16224 D AndroidRuntime: Shutting down VM
12-12 12:48:18.407 16224 16233 D dalvikvm: GC_CONCURRENT freed 681K, 49% free 716K/1400K, paused 1ms+0ms, total 3ms
12-12 12:48:18.417   751  2586 D SSRMv2:SIOP: SIOP:: AP = 440, PST = 433, Delta = 9
12-12 12:48:18.417   751  2586 D AmoledAdjustTimer: prevTemp = 264, currTemp = 265, prevStep = 4, currStep = 4
12-12 12:48:18.437 16177 16190 D Documents: Update found 6 roots in 968ms
12-12 12:48:18.447 16177 16261 D Documents: Loading roots for com.android.externalstorage.documents
12-12 12:48:18.447 16177 16177 D Documents: Updating roots due to change at content://com.google.android.apps.docs.storage/root
12-12 12:48:18.447 16177 16261 D Documents: Used cached roots for com.android.providers.downloads.documents
12-12 12:48:18.447 16177 16261 D Documents: Used cached roots for com.android.providers.media.documents
12-12 12:48:18.447 16177 16261 D Documents: Loading roots for com.google.android.apps.docs.storage
12-12 12:48:18.457 16177 16261 D Documents: Update found 6 roots in 15ms
12-12 12:48:18.457 16177 16264 D Documents: Used cached roots for com.android.externalstorage.documents
12-12 12:48:18.457 16177 16264 D Documents: Used cached roots for com.android.providers.downloads.documents
12-12 12:48:18.467 16177 16264 D Documents: Used cached roots for com.android.providers.media.documents
12-12 12:48:18.467 16177 16264 D Documents: Loading roots for com.google.android.apps.docs.storage
12-12 12:48:18.467 16177 16264 D Documents: Update found 6 roots in 20ms
12-12 12:48:18.557 13252 13257 D dalvikvm: GC_CONCURRENT freed 2511K, 22% free 21186K/27140K, paused 3ms+5ms, total 39ms
12-12 12:48:18.607 13252 13922 W Conscrypt: Could not set socket write timeout:
12-12 12:48:18.607 13252 13922 W Conscrypt:    java.lang.reflect.Method.invokeNative(Native Method)
12-12 12:48:18.607 13252 13922 W Conscrypt:    java.lang.reflect.Method.invoke(Method.java:515)
12-12 12:48:18.647 13252 13922 W Conscrypt: Could not set socket write timeout:
12-12 12:48:18.647 13252 13922 W Conscrypt:    java.lang.reflect.Method.invokeNative(Native Method)
12-12 12:48:18.647 13252 13922 W Conscrypt:    java.lang.reflect.Method.invoke(Method.java:515)
12-12 12:48:18.667   751   969 I ServiceKeeper: In getappinfo pid = 751 pkgName = android appinfo = null
12-12 12:48:18.667   751   969 I ServiceKeeper: In getseinfo pid = 751 uid = 1000 seinfo= system
12-12 12:48:18.667   751   969 I ServiceKeeper: In getappinfo pid = 751 pkgName = android appinfo = null
12-12 12:48:18.667   751   969 I ServiceKeeper: In getseinfo pid = 751 uid = 1000 seinfo= system
12-12 12:48:18.757   751   969 I ServiceKeeper: In getappinfo pid = 751 pkgName = android appinfo = null
12-12 12:48:18.757   751   969 I ServiceKeeper: In getseinfo pid = 751 uid = 1000 seinfo= system
12-12 12:48:18.767   751   969 I ServiceKeeper: In getappinfo pid = 751 pkgName = android appinfo = null
12-12 12:48:18.767   751   969 I ServiceKeeper: In getseinfo pid = 751 uid = 1000 seinfo= system
12-12 12:48:18.937   751  1160 E PersonaManagerService: Unable to read user list
12-12 12:48:18.957 13252 13922 I zgp     : Scheduling Phenotype for a PhenotypeSyncImmediately(13, com.google.apps.drive.android) one off with window [1, 2] in seconds
12-12 12:48:18.997   751  1452 D EnterpriseDeviceManager: ContainerId: 0
12-12 12:48:18.997 13252 16115 W NetRec  : [1584] ConfigChangedIntentOperation.onHandleIntent: Device does not support scoring, exiting
12-12 12:48:19.007   751  1452 W LicenseLogService: log() failed
12-12 12:48:19.037 13252 15929 I PTCommittedOperation: Receive new configuration for com.google.android.gms.ocr
12-12 12:48:19.037   751   969 I ServiceKeeper: In getappinfo pid = 751 pkgName = android appinfo = null
12-12 12:48:19.037   751   969 I ServiceKeeper: In getseinfo pid = 751 uid = 1000 seinfo= system
12-12 12:48:19.047   751   969 I ServiceKeeper: In getappinfo pid = 751 pkgName = android appinfo = null
12-12 12:48:19.047   751   969 I ServiceKeeper: In getseinfo pid = 751 uid = 1000 seinfo= system
12-12 12:48:19.047 13466 15935 I SettingsChangedIntentOp: SettingsChangedIntentOperation.run: Got intent Intent { act=com.google.android.gms.phenotype.COMMITTED flg=0x10 pkg=com.google.android.gms cmp=com.google.android.gms/.chimera.GmsIntentOperationService (has extras) }
12-12 12:48:19.057 13466 15935 I SettingsChangedIntentOp: SettingsChangedIntentOperation.run Intent extra com.google.android.gms.phenotype.PACKAGE_NAME: com.google.android.gms.ocr
12-12 12:48:19.057 13466 15935 I SettingsChangedIntentOp: Action: com.google.android.gms.phenotype.COMMITTED
12-12 12:48:19.057 13466 15935 I SettingsChangedIntentOp: EXTRA_PACKAGE_NAME: com.google.android.gms.ocr
12-12 12:48:19.057   751   969 I ServiceKeeper: In getappinfo pid = 751 pkgName = android appinfo = null
12-12 12:48:19.057   751   969 I ServiceKeeper: In getseinfo pid = 751 uid = 1000 seinfo= system
12-12 12:48:19.057   751   969 I ServiceKeeper: In getappinfo pid = 751 pkgName = android appinfo = null
12-12 12:48:19.057   751   969 I ServiceKeeper: In getseinfo pid = 751 uid = 1000 seinfo= system
12-12 12:48:19.067   264   790 W QCamera2Factory: getCameraInfo: E, camera_id = 0
12-12 12:48:19.067   264   790 W QCamera2Factory: getCameraInfo: X
12-12 12:48:19.067   751   969 I ServiceKeeper: In getappinfo pid = 751 pkgName = android appinfo = null
12-12 12:48:19.067   751   969 I ServiceKeeper: In getseinfo pid = 751 uid = 1000 seinfo= system
12-12 12:48:19.077 13466 16205 I OcrModelUpStIntentOp: Updating ocr activity enabled=true (phenotypeFlag=true, lowRamDevice=false, prereqCheck=true)
12-12 12:48:19.077   751  7404 D EnterpriseDeviceManager: ContainerId: 0
12-12 12:48:19.077   751  7404 W LicenseLogService: log() failed
12-12 12:48:19.077   751  1704 D EnterpriseDeviceManager: ContainerId: 0
12-12 12:48:19.077   751  1704 W LicenseLogService: log() failed
12-12 12:48:19.077   751  1443 D EnterpriseDeviceManager: ContainerId: 0
12-12 12:48:19.087   751  1443 W LicenseLogService: log() failed
12-12 12:48:19.087   751   969 I ServiceKeeper: In getappinfo pid = 751 pkgName = android appinfo = null
12-12 12:48:19.087   751   969 I ServiceKeeper: In getseinfo pid = 751 uid = 1000 seinfo= system
12-12 12:48:19.097 13466 13466 D dalvikvm: newInstance failed: no <init>()
12-12 12:48:19.117 13466 16205 I OcrModelUpStIntentOp: Downloading text recognizer
12-12 12:48:19.177 13466 16205 I Vision  : Engine already satisfied by existing download for ocr
12-12 12:48:19.457  1067  1067 D STATUSBAR-NetworkController: refreshSignalCluster - setNWBoosterIndicators(false)
12-12 12:48:19.457  1067  1067 D STATUSBAR-NetworkController: refreshSignalCluster: data=-1 bt=false
12-12 12:48:19.467  1067  1067 D STATUSBAR-IconMerger: checkOverflow(216), More:true, Req:true Child:5
12-12 12:48:19.657 16284 16284 D AndroidRuntime: 
12-12 12:48:19.657 16284 16284 D AndroidRuntime: >>>>>> AndroidRuntime START com.android.internal.os.RuntimeInit <<<<<<
12-12 12:48:19.667 16284 16284 D AndroidRuntime: CheckJNI is OFF
12-12 12:48:19.667 16284 16284 D AndroidRuntime: setted country_code = USA
12-12 12:48:19.667 16284 16284 D AndroidRuntime: setted countryiso_code = US
12-12 12:48:19.667 16284 16284 D AndroidRuntime: setted sales_code = TMB
12-12 12:48:19.667 16284 16284 D AndroidRuntime: readGMSProperty: start
12-12 12:48:19.667 16284 16284 D AndroidRuntime: readGMSProperty: already setted!!
12-12 12:48:19.667 16284 16284 D AndroidRuntime: readGMSProperty: end
12-12 12:48:19.667 16284 16284 D AndroidRuntime: addProductProperty: start
12-12 12:48:19.677   751   969 I ServiceKeeper: In getappinfo pid = 751 pkgName = android appinfo = null
12-12 12:48:19.677   751   969 I ServiceKeeper: In getseinfo pid = 751 uid = 1000 seinfo= system
12-12 12:48:19.677   751   969 I ServiceKeeper: In getappinfo pid = 751 pkgName = android appinfo = null
12-12 12:48:19.677   751   969 I ServiceKeeper: In getseinfo pid = 751 uid = 1000 seinfo= system
12-12 12:48:19.687 16284 16284 D dalvikvm: Trying to load lib libjavacore.so 0x0
12-12 12:48:19.697 16284 16284 D dalvikvm: Added shared lib libjavacore.so 0x0
12-12 12:48:19.697 16284 16284 D dalvikvm: Trying to load lib libnativehelper.so 0x0
12-12 12:48:19.697 16284 16284 D dalvikvm: Added shared lib libnativehelper.so 0x0
12-12 12:48:19.697 16284 16284 D dalvikvm: No JNI_OnLoad found in libnativehelper.so 0x0, skipping init
12-12 12:48:19.837 16284 16284 E memtrack: Couldn't load memtrack module (No such file or directory)
12-12 12:48:19.837 16284 16284 E android.os.Debug: failed to load memtrack module: -2
12-12 12:48:19.857 16284 16284 D dalvikvm: Note: class Landroid/app/ActivityManagerNative; has 192 unimplemented (abstract) methods
12-12 12:48:19.907 16284 16284 D AndroidRuntime: Calling main entry com.android.commands.pm.Pm
12-12 12:48:19.917   751  1030 D PackageManager: START PACKAGE DELETE: observer{1136509304}
12-12 12:48:19.917   751  1030 D PackageManager: pkg{<packageName>}
12-12 12:48:19.917   751  1030 D PackageManager: user{0}
12-12 12:48:19.917   751  1030 D PackageManager: deletePackageAsUser : uid = 2000 userId = 0
12-12 12:48:19.917   751   958 D PackageManager: [MSG] DELETE_PACKAGE_AS_USER
12-12 12:48:19.927   751   958 D ApplicationPolicy: getApplicationUninstallationEnabled
12-12 12:48:19.927   751   958 D ApplicationPolicy: getApplicationUninstallationEnabled :  enabled true
12-12 12:48:19.927   751   958 E PersonaManagerService: Unable to read user list
12-12 12:48:19.947   751   958 D PackageManager: !@killApplicatoin: 10814, uninstall pkg
12-12 12:48:19.947   751   958 W PackageManager: Couldn't delete native library directory /data/app-lib/com.trellis
12-12 12:48:20.037   751   958 E PersonaManagerService: Unable to read user list
12-12 12:48:20.067   272   272 D keystore: calling clear_uid in state: 3
12-12 12:48:20.067   751   958 D PackageManager: Sending to user 0: act=android.intent.action.PACKAGE_REMOVED dat=package:com.trellis flg=0x4000000 Bundle[{android.intent.extra.REMOVED_FOR_ALL_USERS=true, android.intent.extra.UID=10814, android.intent.extra.DATA_REMOVED=true, android.intent.extra.user_handle=0}]
12-12 12:48:20.097   751   958 D PackageManager: Sending to user 0: act=android.intent.action.PACKAGE_FULLY_REMOVED dat=package:com.trellis flg=0x4000000 Bundle[{android.intent.extra.REMOVED_FOR_ALL_USERS=true, android.intent.extra.UID=10814, android.intent.extra.DATA_REMOVED=true, android.intent.extra.user_handle=0}]
12-12 12:48:20.097   751   958 D PackageManager: Sending to user 0: act=android.intent.action.UID_REMOVED flg=0x4000000 Bundle[{android.intent.extra.REMOVED_FOR_ALL_USERS=true, android.intent.extra.UID=10814, android.intent.extra.DATA_REMOVED=true, android.intent.extra.user_handle=0}]
12-12 12:48:20.107  1067  1067 D AdaptiveEventManager: action=android.intent.action.PACKAGE_REMOVED
12-12 12:48:20.117  1744  1744 I MultiWindowTrayService: mPkgManagerReceiver : onReceive
12-12 12:48:20.117  1744  1744 I MultiWindowTrayInfo: android.intent.action.PACKAGE_REMOVE
12-12 12:48:20.117  1744  1744 I MultiWindowTrayInfo: android.intent.action.PACKAGE_REMOVE
12-12 12:48:20.117   751   988 I InputReader: Reconfiguring input devices.  changes=0x00000010
12-12 12:48:20.117  3675  3675 D QuickConnect: SconnectManager.onReceiver - action : android.intent.action.PACKAGE_REMOVED, package : com.trellis
12-12 12:48:20.127 13252 13252 I GeofencerStateMachine: removeGeofences: removeRequest=RemoveGeofencingRequest[REMOVE_ALL packageName=com.trellis]
12-12 12:48:20.127   751   969 I ServiceKeeper: In getappinfo pid = 751 pkgName = android appinfo = null
12-12 12:48:20.127   751   969 I ServiceKeeper: In getseinfo pid = 751 uid = 1000 seinfo= system
12-12 12:48:20.127   751   969 I ServiceKeeper: In getappinfo pid = 751 pkgName = android appinfo = null
12-12 12:48:20.127   751   969 I ServiceKeeper: In getseinfo pid = 751 uid = 1000 seinfo= system
12-12 12:48:20.127   751  1160 D EnterpriseDeviceManager: ContainerId: 0
12-12 12:48:20.127   751  1704 D EnterpriseDeviceManager: ContainerId: 0
12-12 12:48:20.137   751   956 I PackageManager:   Action: "android.intent.action.SENDTO"
12-12 12:48:20.137   751   956 I PackageManager:   Category: "android.intent.category.DEFAULT"
12-12 12:48:20.137   751   956 I PackageManager:   Scheme: "sms"
12-12 12:48:20.137  2825  2825 I SQLiteSecureOpenHelper: getWritableDatabase(pwd)
12-12 12:48:20.137  2825  2825 I SQLiteSecureOpenHelper: getDatabaseLocked(b,b,pwd)...
12-12 12:48:20.137   751   956 I PackageManager: Adding preferred activity ComponentInfo{com.android.mms/com.android.mms.ui.ConversationComposer} for user 0 :
12-12 12:48:20.157   751   751 D RCPManagerService: PackageReceiver onReceive()
12-12 12:48:20.157   751  1452 D EnterpriseDeviceManager: ContainerId: 0
12-12 12:48:20.157   751   751 I HarmonyEASService: onReceive : android.intent.action.PACKAGE_REMOVED for 0
12-12 12:48:20.167 16177 16298 D Documents: Used cached roots for com.android.externalstorage.documents
12-12 12:48:20.167  3477  3477 I elm     : MainReceiver.onReceive() : Intent { act=android.intent.action.PACKAGE_REMOVED dat=package:com.trellis flg=0x4000010 cmp=com.sec.esdk.elm/.receiver.MainReceiver (has extras) }
12-12 12:48:20.167  3477  3477 I elm     : MainReceiver : Receive Intent { act=android.intent.action.PACKAGE_REMOVED dat=package:com.trellis flg=0x4000010 cmp=com.sec.esdk.elm/.service.ElmAgentService (has extras) } END.
12-12 12:48:20.167  3477  3477 D elm     : ElmAgentService : onStartCommand()
12-12 12:48:20.167  3477  3477 D elm     : MainReceiver.listeningToPackageRemoved()
12-12 12:48:20.167  3477  3477 D elm     : MDMBridge.getInstance()
12-12 12:48:20.167  3477  3477 D elm     : MDMBridge.getAllLicenseInfoFromSDK()
12-12 12:48:20.167  3477  3477 D elm     : MDMBridge.getAllLicenseInfoFromSDK()
12-12 12:48:20.167   751  1341 I PackageManager:   Action: "android.intent.action.SENDTO"
12-12 12:48:20.167   751  1341 I PackageManager:   Category: "android.intent.category.DEFAULT"
12-12 12:48:20.167   751  1341 I PackageManager:   Scheme: "smsto"
12-12 12:48:20.167   751  1341 I PackageManager: Adding preferred activity ComponentInfo{com.android.mms/com.android.mms.ui.ConversationComposer} for user 0 :
12-12 12:48:20.177  1812  1812 I knox    : MainReceiver.onReceive() : Intent { act=android.intent.action.PACKAGE_REMOVED dat=package:com.trellis flg=0x4000010 cmp=com.sec.knox.seandroid/.receiver.MainReceiver (has extras) }
12-12 12:48:20.177 16177 16298 D Documents: Used cached roots for com.android.providers.downloads.documents
12-12 12:48:20.177 16177 16298 D Documents: Used cached roots for com.android.providers.media.documents
12-12 12:48:20.177 16177 16298 D Documents: Loading roots for com.google.android.apps.docs.storage
12-12 12:48:20.177  1812  1812 W ContextImpl: Calling a method in the system process without a qualified user: android.app.ContextImpl.startService:1847 android.content.ContextWrapper.startService:506 android.content.ContextWrapper.startService:506 com.sec.knox.seandroid.receiver.MainReceiver.onReceive:89 android.app.ActivityThread.handleReceiver:2642 
12-12 12:48:20.197   751  7404 D EnterpriseDeviceManager: ContainerId: 0
12-12 12:48:20.197   751   777 I PackageManager:   Action: "android.intent.action.SENDTO"
12-12 12:48:20.197   751   777 I PackageManager:   Category: "android.intent.category.DEFAULT"
12-12 12:48:20.197   751   777 I PackageManager:   Scheme: "mms"
12-12 12:48:20.197   751   777 I PackageManager: Adding preferred activity ComponentInfo{com.android.mms/com.android.mms.ui.ConversationComposer} for user 0 :
12-12 12:48:20.217   751  1704 D EnterpriseDeviceManager: ContainerId: 0
12-12 12:48:20.217  1812  1812 D knox    : MainReceiver.listeningToPackageRemoved()
12-12 12:48:20.217  1812  1812 I knox    : MainReceiver.onReceive() END - - - - - : Intent { act=android.intent.action.PACKAGE_REMOVED dat=package:com.trellis flg=0x4000010 cmp=com.sec.knox.seandroid/.receiver.MainReceiver (has extras) }
12-12 12:48:20.217   751  1451 I PackageManager:   Action: "android.intent.action.SENDTO"
12-12 12:48:20.217   751  1451 I PackageManager:   Category: "android.intent.category.DEFAULT"
12-12 12:48:20.217   751  1451 I PackageManager:   Scheme: "mmsto"
12-12 12:48:20.217   751  1451 I PackageManager: Adding preferred activity ComponentInfo{com.android.mms/com.android.mms.ui.ConversationComposer} for user 0 :
12-12 12:48:20.227  3477  3477 D elm     : MainReceiver.listeningToPackageRemoved(). SEND to KLMS. Remove All KNOX/ONS License
12-12 12:48:20.227   751   969 I ServiceKeeper: In getappinfo pid = 751 pkgName = android appinfo = null
12-12 12:48:20.227   751   969 I ServiceKeeper: In getseinfo pid = 751 uid = 1000 seinfo= system
12-12 12:48:20.237   751   751 D BackupManagerService: Received broadcast Intent { act=android.intent.action.PACKAGE_REMOVED dat=package:com.trellis flg=0x4000010 (has extras) }
12-12 12:48:20.237  1308  1308 I PersonaManager: getPersonaService() name persona_policy
12-12 12:48:20.237   751   751 V BackupManagerService: removePackageParticipantsLocked: uid=10814 #1
12-12 12:48:20.247   751   777 D EnterpriseDeviceManager: ContainerId: 0
12-12 12:48:20.247   751   778 I PackageManager:   Action: "android.intent.action.SENDTO"
12-12 12:48:20.247   751   778 I PackageManager:   Category: "android.intent.category.DEFAULT"
12-12 12:48:20.247   751   778 I PackageManager:   Scheme: "sms"
12-12 12:48:20.247   751   778 I PackageManager: Adding preferred activity ComponentInfo{com.android.mms/com.android.mms.ui.ConversationComposer} for user 0 :
12-12 12:48:20.247 16177 16298 D Documents: Update found 6 roots in 111ms
12-12 12:48:20.267   751  1030 D EnterpriseDeviceManager: ContainerId: 0
12-12 12:48:20.267  1308  1308 I PersonaManager: getPersonaService() name persona_policy
12-12 12:48:20.277   751  4314 I PackageManager:   Action: "android.intent.action.SENDTO"
12-12 12:48:20.277   751  4314 I PackageManager:   Category: "android.intent.category.DEFAULT"
12-12 12:48:20.277   751  4314 I PackageManager:   Scheme: "smsto"
12-12 12:48:20.277   751  4314 I PackageManager: Adding preferred activity ComponentInfo{com.android.mms/com.android.mms.ui.ConversationComposer} for user 0 :
12-12 12:48:20.297   751   941 D EnterpriseDeviceManagerService: Package has changed for user 0
12-12 12:48:20.297   751   941 D EnterpriseDeviceManagerService: Admin package name: com.google.android.gms
12-12 12:48:20.307   751  1452 D EnterpriseDeviceManager: ContainerId: 0
12-12 12:48:20.317   751  1160 I PackageManager:   Action: "android.intent.action.SENDTO"
12-12 12:48:20.317   751  1160 I PackageManager:   Category: "android.intent.category.DEFAULT"
12-12 12:48:20.317   751  1160 I PackageManager:   Scheme: "mms"
12-12 12:48:20.317   751  1160 I PackageManager: Adding preferred activity ComponentInfo{com.android.mms/com.android.mms.ui.ConversationComposer} for user 0 :
12-12 12:48:20.357   751  1451 D EnterpriseDeviceManager: ContainerId: 0
12-12 12:48:20.357   751   956 I PackageManager:   Action: "android.intent.action.SENDTO"
12-12 12:48:20.357   751   956 I PackageManager:   Category: "android.intent.category.DEFAULT"
12-12 12:48:20.357   751   956 I PackageManager:   Scheme: "mmsto"
12-12 12:48:20.357   751   956 I PackageManager: Adding preferred activity ComponentInfo{com.android.mms/com.android.mms.ui.ConversationComposer} for user 0 :
12-12 12:48:20.367   751   941 I PersonaManager: getPersonaService() name persona_policy
12-12 12:48:20.387   751   941 W Resources: Converting to string: TypedValue{t=0x12/d=0xffffffff a=-1}
12-12 12:48:20.407 16314 16314 I SELinux : Function: selinux_android_load_priority [0], There is no sepolicy file.
12-12 12:48:20.407 16314 16314 I SELinux :  
12-12 12:48:20.427   751   941 I PersonaManager: getPersonaService() name persona_policy
12-12 12:48:20.427   751   941 W Resources: Converting to string: TypedValue{t=0x12/d=0xffffffff a=-1}
12-12 12:48:20.437   751   958 D dalvikvm: GC_EXPLICIT freed 4675K, 36% free 43836K/67908K, paused 4ms+17ms, total 236ms
12-12 12:48:20.437   751   941 I PersonaManager: getPersonaService() name persona_policy
12-12 12:48:20.437 16314 16314 I SELinux : Function: selinux_android_load_priority , spota verifySig and checkHash pass. priority version is VE=SEPF_SM-G900T_4.4.2_0055
12-12 12:48:20.437 16314 16314 I SELinux :  
12-12 12:48:20.437 16314 16314 I SELinux :  
12-12 12:48:20.437 16314 16314 I SELinux : selinux_android_seapp_context_reload: seapp_contexts file is loaded from /data/security/spota/seapp_contexts
12-12 12:48:20.437 16314 16314 E dalvikvm: >>>>> Normal User
12-12 12:48:20.437 16314 16314 E dalvikvm: >>>>> com.android.musicfx [ userId:0 | appId:10027 ]
12-12 12:48:20.437 16284 16284 D AndroidRuntime: Shutting down VM
12-12 12:48:20.437   751   958 D PackageManager: delete sourFile : 
12-12 12:48:20.437   751   958 D PackageManager: delete native library directory: 
12-12 12:48:20.437   751   958 D PackageManager: return delete result to caller: 1136509304
12-12 12:48:20.437   751   958 D PackageManager: returnCode: 1
12-12 12:48:20.447 16284 16292 D dalvikvm: GC_CONCURRENT freed 96K, 13% free 666K/764K, paused 0ms+0ms, total 2ms
12-12 12:48:20.447   751   941 I PersonaManager: getPersonaService() name persona_policy
12-12 12:48:20.467  1067  1067 D STATUSBAR-NetworkController: refreshSignalCluster - setNWBoosterIndicators(false)
12-12 12:48:20.467   751   958 D EnterpriseDeviceManager: ContainerId: 0
12-12 12:48:20.467  1067  1067 D STATUSBAR-NetworkController: refreshSignalCluster: data=-1 bt=false
12-12 12:48:20.477   751   958 D EnterpriseDeviceManager: ContainerId: 0
12-12 12:48:20.477  1067  1067 D STATUSBAR-IconMerger: checkOverflow(216), More:true, Req:true Child:5
12-12 12:48:20.477   751   958 I PackageManager:   Action: "android.intent.action.SENDTO"
12-12 12:48:20.477   751   958 I PackageManager:   Category: "android.intent.category.DEFAULT"
12-12 12:48:20.477   751   958 I PackageManager:   Scheme: "sms"
12-12 12:48:20.477   751   941 I PersonaManager: getPersonaService() name persona_policy
12-12 12:48:20.477   751   958 I PackageManager: Adding preferred activity ComponentInfo{com.android.mms/com.android.mms.ui.ConversationComposer} for user 0 :
12-12 12:48:20.507   751   941 W Resources: Converting to string: TypedValue{t=0x12/d=0xffffffff a=-1}
12-12 12:48:20.507   751   958 D EnterpriseDeviceManager: ContainerId: 0
12-12 12:48:20.517   751   958 I PackageManager:   Action: "android.intent.action.SENDTO"
12-12 12:48:20.517   751   958 I PackageManager:   Category: "android.intent.category.DEFAULT"
12-12 12:48:20.517   751   958 I PackageManager:   Scheme: "smsto"
12-12 12:48:20.517   751   941 I PersonaManager: getPersonaService() name persona_policy
12-12 12:48:20.517   751   958 I PackageManager: Adding preferred activity ComponentInfo{com.android.mms/com.android.mms.ui.ConversationComposer} for user 0 :
12-12 12:48:20.537   751   941 W Resources: Converting to string: TypedValue{t=0x12/d=0xffffffff a=-1}
12-12 12:48:20.537   751   958 D EnterpriseDeviceManager: ContainerId: 0
12-12 12:48:20.537   751   958 I PackageManager:   Action: "android.intent.action.SENDTO"
12-12 12:48:20.537   751   958 I PackageManager:   Category: "android.intent.category.DEFAULT"
12-12 12:48:20.537   751   958 I PackageManager:   Scheme: "mms"
12-12 12:48:20.537   751   958 I PackageManager: Adding preferred activity ComponentInfo{com.android.mms/com.android.mms.ui.ConversationComposer} for user 0 :
12-12 12:48:20.547   751   941 I PersonaManager: getPersonaService() name persona_policy
12-12 12:48:20.557   751   958 D EnterpriseDeviceManager: ContainerId: 0
12-12 12:48:20.557 14961 14961 I PCWCLIENTTRACE_PushUtil: SPPPushClient is installed : true
12-12 12:48:20.557 14961 14961 I PCWCLIENTTRACE_PushUtil: sales region : global
12-12 12:48:20.557 14961 14961 I PCWCLIENTTRACE_PushUtil: getPushTypeList : [SPP, GCM]
12-12 12:48:20.557 14961 14961 I PCWCLIENTTRACE_SYSTEMReceiver: [onReceive] - android.intent.action.PACKAGE_REMOVED
12-12 12:48:20.557   751   958 I PackageManager:   Action: "android.intent.action.SENDTO"
12-12 12:48:20.557   751   958 I PackageManager:   Category: "android.intent.category.DEFAULT"
12-12 12:48:20.557   751   958 I PackageManager:   Scheme: "mmsto"
12-12 12:48:20.557   255   255 E SMD     : DCD ON
12-12 12:48:20.557   751   958 I PackageManager: Adding preferred activity ComponentInfo{com.android.mms/com.android.mms.ui.ConversationComposer} for user 0 :
12-12 12:48:20.567   751  1010 D EnterpriseDeviceManager: ContainerId: 0
12-12 12:48:20.567   751   969 I ServiceKeeper: In getappinfo pid = 751 pkgName = android appinfo = null
12-12 12:48:20.567   751   969 I ServiceKeeper: In getseinfo pid = 751 uid = 1000 seinfo= system
12-12 12:48:20.577   751  1010 D EnterpriseDeviceManager: ContainerId: 0
12-12 12:48:20.577   751  1452 D EnterpriseDeviceManager: ContainerId: 0
12-12 12:48:20.577   751  1452 W LicenseLogService: log() failed
12-12 12:48:20.587   751   941 I PersonaManager: getPersonaService() name persona_policy
