--------- beginning of /dev/log/main
12-12 12:48:12.217   751   969 I ServiceKeeper: In getappinfo pid = 751 pkgName = android appinfo = null
12-12 12:48:12.217   751   969 I ServiceKeeper: In getseinfo pid = 751 uid = 1000 seinfo= system
12-12 12:48:12.237   751   969 I ServiceKeeper: In getappinfo pid = 751 pkgName = android appinfo = null
12-12 12:48:12.237   751   969 I ServiceKeeper: In getseinfo pid = 751 uid = 1000 seinfo= system
12-12 12:48:12.237   751   969 I ServiceKeeper: In getappinfo pid = 751 pkgName = android appinfo = null
12-12 12:48:12.237   751   969 I ServiceKeeper: In getseinfo pid = 751 uid = 1000 seinfo= system
12-12 12:48:12.267   751   969 I ServiceKeeper: In getappinfo pid = 751 pkgName = android appinfo = null
12-12 12:48:12.267   751   969 I ServiceKeeper: In getseinfo pid = 751 uid = 1000 seinfo= system
12-12 12:48:12.277   751   969 I ServiceKeeper: In getappinfo pid = 751 pkgName = android appinfo = null
12-12 12:48:12.277   751   969 I ServiceKeeper: In getseinfo pid = 751 uid = 1000 seinfo= system
12-12 12:48:12.297   751   969 I ServiceKeeper: In getappinfo pid = 751 pkgName = android appinfo = null
12-12 12:48:12.297   751   969 I ServiceKeeper: In getseinfo pid = 751 uid = 1000 seinfo= system
12-12 12:48:12.347 13448 13524 D dalvikvm: GC_EXPLICIT freed 295K, 33% free 18287K/27140K, paused 4ms+5ms, total 44ms
12-12 12:48:12.597 13252 13257 D dalvikvm: GC_CONCURRENT freed 2059K, 23% free 20945K/27140K, paused 7ms+4ms, total 64ms
12-12 12:48:12.597 13252 15936 D dalvikvm: WAIT_FOR_CONCURRENT_GC blocked 22ms
12-12 12:48:12.637   751   969 I ServiceKeeper: In getappinfo pid = 751 pkgName = android appinfo = null
12-12 12:48:12.637   751   969 I ServiceKeeper: In getseinfo pid = 751 uid = 1000 seinfo= system
12-12 12:48:12.637   751   969 I ServiceKeeper: In getappinfo pid = 751 pkgName = android appinfo = null
12-12 12:48:12.637   751   969 I ServiceKeeper: In getseinfo pid = 751 uid = 1000 seinfo= system
12-12 12:48:12.697   751   778 D LocationManagerService: getLastLocation: Request[POWER_NONE passive fastest=0 num=1]
12-12 12:48:12.717   751   777 D LocationManagerService: getLastLocation: Request[POWER_NONE passive fastest=0 num=1]
12-12 12:48:12.737   751   778 D LocationManagerService: getLastLocation: Request[POWER_NONE passive fastest=0 num=1]
12-12 12:48:12.757   751  7228 D LocationManagerService: getLastLocation: Request[POWER_NONE passive fastest=0 num=1]
12-12 12:48:12.777   751  1704 D LocationManagerService: getLastLocation: Request[POWER_NONE passive fastest=0 num=1]
12-12 12:48:12.807   751   777 D LocationManagerService: getLastLocation: Request[POWER_NONE passive fastest=0 num=1]
12-12 12:48:12.907 13252 15936 W Conscrypt: Could not set socket write timeout:
12-12 12:48:12.907 13252 15936 W Conscrypt:    java.lang.reflect.Method.invokeNative(Native Method)
12-12 12:48:12.907 13252 15936 W Conscrypt:    java.lang.reflect.Method.invoke(Method.java:515)
12-12 12:48:13.047 13252 15936 W Conscrypt: Could not set socket write timeout:
12-12 12:48:13.047 13252 15936 W Conscrypt:    java.lang.reflect.Method.invokeNative(Native Method)
12-12 12:48:13.047 13252 15936 W Conscrypt:    java.lang.reflect.Method.invoke(Method.java:515)
--------- beginning of /dev/log/system
12-12 12:48:13.107   751  1258 E Watchdog: !@Sync 32
12-12 12:48:13.167 15949 15949 D AndroidRuntime: 
12-12 12:48:13.167 15949 15949 D AndroidRuntime: >>>>>> AndroidRuntime START com.android.internal.os.RuntimeInit <<<<<<
12-12 12:48:13.167 15949 15949 D AndroidRuntime: CheckJNI is OFF
12-12 12:48:13.167 15949 15949 D AndroidRuntime: setted country_code = USA
12-12 12:48:13.167 15949 15949 D AndroidRuntime: setted countryiso_code = US
12-12 12:48:13.167 15949 15949 D AndroidRuntime: setted sales_code = TMB
12-12 12:48:13.167 15949 15949 D AndroidRuntime: readGMSProperty: start
12-12 12:48:13.167 15949 15949 D AndroidRuntime: readGMSProperty: already setted!!
12-12 12:48:13.167 15949 15949 D AndroidRuntime: readGMSProperty: end
12-12 12:48:13.167 15949 15949 D AndroidRuntime: addProductProperty: start
12-12 12:48:13.187 15949 15949 D dalvikvm: Trying to load lib libjavacore.so 0x0
12-12 12:48:13.187 15949 15949 D dalvikvm: Added shared lib libjavacore.so 0x0
12-12 12:48:13.197 15949 15949 D dalvikvm: Trying to load lib libnativehelper.so 0x0
12-12 12:48:13.197 15949 15949 D dalvikvm: Added shared lib libnativehelper.so 0x0
12-12 12:48:13.197 15949 15949 D dalvikvm: No JNI_OnLoad found in libnativehelper.so 0x0, skipping init
12-12 12:48:13.197   751   969 I ServiceKeeper: In getappinfo pid = 751 pkgName = android appinfo = null
12-12 12:48:13.197   751   969 I ServiceKeeper: In getseinfo pid = 751 uid = 1000 seinfo= system
12-12 12:48:13.257   751   969 I ServiceKeeper: In getappinfo pid = 751 pkgName = android appinfo = null
12-12 12:48:13.257   751   969 I ServiceKeeper: In getseinfo pid = 751 uid = 1000 seinfo= system
12-12 12:48:13.317 15949 15949 E memtrack: Couldn't load memtrack module (No such file or directory)
12-12 12:48:13.317 15949 15949 E android.os.Debug: failed to load memtrack module: -2
12-12 12:48:13.337 15949 15949 D dalvikvm: Note: class Landroid/app/ActivityManagerNative; has 192 unimplemented (abstract) methods
12-12 12:48:13.347 13252 13257 D dalvikvm: GC_CONCURRENT freed 2009K, 23% free 20984K/27140K, paused 4ms+4ms, total 49ms
12-12 12:48:13.347 13252 15936 D dalvikvm: WAIT_FOR_CONCURRENT_GC blocked 12ms
12-12 12:48:13.347 13252 13977 D dalvikvm: WAIT_FOR_CONCURRENT_GC blocked 13ms
12-12 12:48:13.357 13466 15967 I dalvikvm: Could not find method java.util.Locale.toLanguageTag, referenced from method jxh.<init>
12-12 12:48:13.357 13466 15967 W dalvikvm: VFY: unable to resolve virtual method 42389: Ljava/util/Locale;.toLanguageTag ()Ljava/lang/String;
12-12 12:48:13.357 13466 15967 D dalvikvm: VFY: replacing opcode 0x6e at 0x002d
12-12 12:48:13.367 13466 15967 I dalvikvm: Could not find method android.content.res.Configuration.getLocales, referenced from method jxh.<init>
12-12 12:48:13.367 13466 15967 W dalvikvm: VFY: unable to resolve virtual method 3729: Landroid/content/res/Configuration;.getLocales ()Landroid/os/LocaleList;
12-12 12:48:13.367 13466 15967 D dalvikvm: VFY: replacing opcode 0x6e at 0x0032
12-12 12:48:13.367 13466 15967 I dalvikvm: Could not find method java.util.Locale.toLanguageTag, referenced from method jxh.<init>
12-12 12:48:13.367 13466 15967 W dalvikvm: VFY: unable to resolve virtual method 42389: Ljava/util/Locale;.toLanguageTag ()Ljava/lang/String;
12-12 12:48:13.367 13466 15967 D dalvikvm: VFY: replacing opcode 0x6e at 0x005e
12-12 12:48:13.377   751  1160 D LocationManagerService: getLastLocation: Request[POWER_NONE passive fastest=0 num=1]
12-12 12:48:13.377   751   969 I ServiceKeeper: In getappinfo pid = 751 pkgName = android appinfo = null
12-12 12:48:13.377   751   969 I ServiceKeeper: In getseinfo pid = 751 uid = 1000 seinfo= system
12-12 12:48:13.377 15949 15949 D AndroidRuntime: Calling main entry com.android.commands.am.Am
12-12 12:48:13.387 13466 15967 I SpamListSync: Spam list syncing is disabled.
12-12 12:48:13.387   751   969 I ServiceKeeper: In getappinfo pid = 751 pkgName = android appinfo = null
12-12 12:48:13.387   751   969 I ServiceKeeper: In getseinfo pid = 751 uid = 1000 seinfo= system
12-12 12:48:13.387   751   969 I ServiceKeeper: In getappinfo pid = 751 pkgName = android appinfo = null
12-12 12:48:13.387   751   969 I ServiceKeeper: In getseinfo pid = 751 uid = 1000 seinfo= system
12-12 12:48:13.397   751  1704 D LocationManagerService: getLastLocation: Request[POWER_NONE passive fastest=0 num=1]
12-12 12:48:13.397   751   969 I ServiceKeeper: In getappinfo pid = 751 pkgName = android appinfo = null
12-12 12:48:13.397   751   969 I ServiceKeeper: In getseinfo pid = 751 uid = 1000 seinfo= system
12-12 12:48:13.407   751   969 I ServiceKeeper: In getappinfo pid = 751 pkgName = android appinfo = null
12-12 12:48:13.407   751   969 I ServiceKeeper: In getseinfo pid = 751 uid = 1000 seinfo= system
12-12 12:48:13.417   751   778 D LocationManagerService: getLastLocation: Request[POWER_NONE passive fastest=0 num=1]
12-12 12:48:13.417   751   956 I ActivityManager: Killing 15500:com.example.snoopy/u0a813 (adj 0): stop com.example.snoopy
12-12 12:48:13.417   751   956 D CustomFrequencyManagerService: acquireDVFSLockLocked : type : DVFS_MIN_LIMIT  frequency : 1958400  uid : 1000  pid : 751  pkgName : ACTIVITY_RESUME_BOOSTER@6
12-12 12:48:13.417   751   956 W ActivityManager: mDVFSHelper.acquire()
12-12 12:48:13.437  1067  1131 D KeyguardUpdateMonitor: sendKeyguardVisibilityChanged(true)
12-12 12:48:13.437  1067  1067 D KeyguardUpdateMonitor: handleKeyguardVisibilityChanged(1)
12-12 12:48:13.437   751   940 W ContextImpl: Calling a method in the system process without a qualified user: android.app.ContextImpl.sendBroadcast:1505 com.android.server.am.AppStateBroadcaster.BroadcastAppState:128 com.android.server.am.AppStateBroadcaster.SendApplicationStop:53 com.android.server.am.ActivityManagerService$2.handleMessage:2141 android.os.Handler.dispatchMessage:102 
12-12 12:48:13.447 15972 15972 I SELinux : Function: selinux_android_load_priority [0], There is no sepolicy file.
12-12 12:48:13.447 15972 15972 I SELinux :  
12-12 12:48:13.447   751   956 W ContextImpl: Calling a method in the system process without a qualified user: android.app.ContextImpl.sendBroadcast:1505 com.android.server.am.AppStateBroadcaster.BroadcastAppState:128 com.android.server.am.AppStateBroadcaster.SendApplicationStart:28 com.android.server.am.ActivityStackSupervisor.startSpecificActivityLocked:1424 com.android.server.am.ActivityStack.resumeTopActivityLocked:2349 
12-12 12:48:13.447   751   956 W ContextImpl: Calling a method in the system process without a qualified user: android.app.ContextImpl.sendBroadcast:1505 com.android.server.am.AppStateBroadcaster.BroadcastAppState:128 com.android.server.am.AppStateBroadcaster.SendApplicationFocusGain:34 com.android.server.am.ActivityStack.resumeTopActivityLocked:2358 com.android.server.am.ActivityStack.resumeTopActivityLocked:1807 
12-12 12:48:13.447   751   969 I ServiceKeeper: In getappinfo pid = 751 pkgName = android appinfo = null
12-12 12:48:13.457   751   969 I ServiceKeeper: In getseinfo pid = 751 uid = 1000 seinfo= system
12-12 12:48:13.457   751   956 W ContextImpl: Calling a method in the system process without a qualified user: android.app.ContextImpl.sendBroadcast:1505 com.android.server.am.AppStateBroadcaster.BroadcastAppState:128 com.android.server.am.AppStateBroadcaster.SendApplicationStart:28 com.android.server.am.ActivityStackSupervisor.startSpecificActivityLocked:1424 com.android.server.am.ActivityStack.resumeTopActivityLocked:2349 
12-12 12:48:13.457   751   956 W ContextImpl: Calling a method in the system process without a qualified user: android.app.ContextImpl.sendBroadcast:1505 com.android.server.am.AppStateBroadcaster.BroadcastAppState:128 com.android.server.am.AppStateBroadcaster.SendApplicationFocusGain:34 com.android.server.am.ActivityStack.resumeTopActivityLocked:2358 com.android.server.am.ActivityStack.resumeTopActivityLocked:1807 
12-12 12:48:13.457   751   956 W ContextImpl: Calling a method in the system process without a qualified user: android.app.ContextImpl.sendBroadcast:1505 com.android.server.am.AppStateBroadcaster.BroadcastAppState:128 com.android.server.am.AppStateBroadcaster.SendApplicationStart:28 com.android.server.am.ActivityStackSupervisor.startSpecificActivityLocked:1424 com.android.server.am.ActivityStack.resumeTopActivityLocked:2349 
12-12 12:48:13.457   751   956 W ContextImpl: Calling a method in the system process without a qualified user: android.app.ContextImpl.sendBroadcast:1505 com.android.server.am.AppStateBroadcaster.BroadcastAppState:128 com.android.server.am.AppStateBroadcaster.SendApplicationFocusGain:34 com.android.server.am.ActivityStack.resumeTopActivityLocked:2358 com.android.server.am.ActivityStack.resumeTopActivityLocked:1807 
12-12 12:48:13.457   751   956 W ContextImpl: Calling a method in the system process without a qualified user: android.app.ContextImpl.sendBroadcast:1505 com.android.server.am.AppStateBroadcaster.BroadcastAppState:128 com.android.server.am.AppStateBroadcaster.SendApplicationStart:28 com.android.server.am.ActivityStackSupervisor.startSpecificActivityLocked:1424 com.android.server.am.ActivityStack.resumeTopActivityLocked:2349 
12-12 12:48:13.457   751   956 W ContextImpl: Calling a method in the system process without a qualified user: android.app.ContextImpl.sendBroadcast:1505 com.android.server.am.AppStateBroadcaster.BroadcastAppState:128 com.android.server.am.AppStateBroadcaster.SendApplicationFocusGain:34 com.android.server.am.ActivityStack.resumeTopActivityLocked:2358 com.android.server.am.ActivityStack.resumeTopActivityLocked:1807 
12-12 12:48:13.467   751   939 I PersonaManager: getPersonaService() name persona_policy
12-12 12:48:13.467  1067  1067 D PhoneStatusBar: setTransGradationMode=false, mTransparentMode=false, mSemiTransparentMode=false, mMultiWindowMode=false
12-12 12:48:13.467   751   939 W WindowManager: view not successfully added to wm, removing view
12-12 12:48:13.467   751   939 D PointerIcon: setMouseIconStyle1 pointerType: 1001iconType:101 flag:0
12-12 12:48:13.467   751   939 D PointerIcon: setMouseCustomIcon IconType is same.101
12-12 12:48:13.467   751   939 D PointerIcon: setHoveringSpenIconStyle1 pointerType: 10001iconType:1 flag:0
12-12 12:48:13.467   751   939 D PointerIcon: setHoveringSpenCustomIcon IconType is same.1
12-12 12:48:13.467   751   939 D StatusBarManagerService: tr p:751,o:f
12-12 12:48:13.467   751   956 W ContextImpl: Calling a method in the system process without a qualified user: android.app.ContextImpl.sendBroadcast:1505 com.android.server.am.AppStateBroadcaster.BroadcastAppState:128 com.android.server.am.AppStateBroadcaster.SendApplicationStart:28 com.android.server.am.ActivityStackSupervisor.startSpecificActivityLocked:1424 com.android.server.am.ActivityStack.resumeTopActivityLocked:2349 
12-12 12:48:13.467   751   956 W ContextImpl: Calling a method in the system process without a qualified user: android.app.ContextImpl.sendBroadcast:1505 com.android.server.am.AppStateBroadcaster.BroadcastAppState:128 com.android.server.am.AppStateBroadcaster.SendApplicationFocusGain:34 com.android.server.am.ActivityStack.resumeTopActivityLocked:2358 com.android.server.am.ActivityStack.resumeTopActivityLocked:1807 
12-12 12:48:13.477 15972 15972 I SELinux : Function: selinux_android_load_priority , spota verifySig and checkHash pass. priority version is VE=SEPF_SM-G900T_4.4.2_0055
12-12 12:48:13.477 15972 15972 I SELinux :  
12-12 12:48:13.477 15972 15972 I SELinux :  
12-12 12:48:13.477 15972 15972 I SELinux : selinux_android_seapp_context_reload: seapp_contexts file is loaded from /data/security/spota/seapp_contexts
12-12 12:48:13.477 15972 15972 E dalvikvm: >>>>> Normal User
12-12 12:48:13.477 15972 15972 E dalvikvm: >>>>> com.example.snoopy [ userId:0 | appId:10813 ]
12-12 12:48:13.477 15972 15972 D dalvikvm: Late-enabling CheckJNI
12-12 12:48:13.487  1067  1703 D KeyguardUpdateMonitor: sendKeyguardVisibilityChanged(true)
12-12 12:48:13.487  1067  1067 D KeyguardUpdateMonitor: handleKeyguardVisibilityChanged(1)
12-12 12:48:13.487   751   987 W InputDispatcher: channel ~ Consumer closed input channel or an error occurred.  events=0x9
12-12 12:48:13.487   751   987 E InputDispatcher: channel ~ Channel is unrecoverably broken and will be disposed!
12-12 12:48:13.487   751   987 W InputDispatcher: channel ~ Consumer closed input channel or an error occurred.  events=0x9
12-12 12:48:13.487   751   987 E InputDispatcher: channel ~ Channel is unrecoverably broken and will be disposed!
12-12 12:48:13.487   751   987 W InputDispatcher: channel ~ Consumer closed input channel or an error occurred.  events=0x9
12-12 12:48:13.487   751   987 E InputDispatcher: channel ~ Channel is unrecoverably broken and will be disposed!
12-12 12:48:13.487   751   987 W InputDispatcher: channel ~ Consumer closed input channel or an error occurred.  events=0x9
12-12 12:48:13.487   751   987 E InputDispatcher: channel ~ Channel is unrecoverably broken and will be disposed!
12-12 12:48:13.487   751   987 W InputDispatcher: channel ~ Consumer closed input channel or an error occurred.  events=0x9
12-12 12:48:13.487   751   987 E InputDispatcher: channel ~ Channel is unrecoverably broken and will be disposed!
12-12 12:48:13.487   751   987 W InputDispatcher: channel ~ Consumer closed input channel or an error occurred.  events=0x9
12-12 12:48:13.487   751   987 E InputDispatcher: channel ~ Channel is unrecoverably broken and will be disposed!
12-12 12:48:13.487   751   987 W InputDispatcher: channel ~ Consumer closed input channel or an error occurred.  events=0x9
12-12 12:48:13.487   751   987 E InputDispatcher: channel ~ Channel is unrecoverably broken and will be disposed!
12-12 12:48:13.487  1328  1328 D SurfaceWidgetView: destroyHardwareResources():1118191256
12-12 12:48:13.487   751  7228 I WindowState: WIN DEATH: Window{4348c590 u0 com.example.snoopy/com.example.snoopy.MainActivity}
12-12 12:48:13.497  1067  1082 D LockPatternUtils: isPcwEnable = null
12-12 12:48:13.507   751   777 W InputDispatcher: Attempted to unregister already unregistered input channel
12-12 12:48:13.507  1067  1702 D KeyguardUpdateMonitor: sendKeyguardVisibilityChanged(true)
12-12 12:48:13.507  1067  1067 D KeyguardUpdateMonitor: handleKeyguardVisibilityChanged(1)
12-12 12:48:13.507   751  1341 W InputDispatcher: Attempted to unregister already unregistered input channel
12-12 12:48:13.507  1067  5218 D KeyguardUpdateMonitor: sendKeyguardVisibilityChanged(true)
12-12 12:48:13.507  1067  1067 D KeyguardUpdateMonitor: handleKeyguardVisibilityChanged(1)
12-12 12:48:13.507   751  1451 W InputDispatcher: Attempted to unregister already unregistered input channel
12-12 12:48:13.507  1067  1703 D KeyguardUpdateMonitor: sendKeyguardVisibilityChanged(true)
12-12 12:48:13.507  1067  1067 D KeyguardUpdateMonitor: handleKeyguardVisibilityChanged(1)
12-12 12:48:13.507   751  7404 W InputDispatcher: Attempted to unregister already unregistered input channel
12-12 12:48:13.507   751   777 I WindowState: WIN DEATH: Window{439edb28 u0 com.example.snoopy/com.example.snoopy.MainActivity}
12-12 12:48:13.507   751  1341 I WindowState: WIN DEATH: Window{42b0a788 u0 com.example.snoopy/com.example.snoopy.MainActivity}
12-12 12:48:13.507   751  1451 I WindowState: WIN DEATH: Window{434c36a8 u0 com.example.snoopy/com.example.snoopy.MainActivity}
12-12 12:48:13.507   751  7404 I WindowState: WIN DEATH: Window{44d0be88 u0 com.example.snoopy/com.example.snoopy.MainActivity}
12-12 12:48:13.517   261   486 I SurfaceFlinger: id=114 Removed NainActivit (8/14)
12-12 12:48:13.517   261  1176 I SurfaceFlinger: id=114 Removed NainActivit (-2/14)
12-12 12:48:13.517  1067  1081 D KeyguardUpdateMonitor: sendKeyguardVisibilityChanged(true)
12-12 12:48:13.517  1067  1067 D KeyguardUpdateMonitor: handleKeyguardVisibilityChanged(1)
12-12 12:48:13.517   751   778 W InputDispatcher: Attempted to unregister already unregistered input channel
12-12 12:48:13.517  1067  1131 D KeyguardUpdateMonitor: sendKeyguardVisibilityChanged(true)
12-12 12:48:13.517  1067  1067 D KeyguardUpdateMonitor: handleKeyguardVisibilityChanged(1)
12-12 12:48:13.517   751  1160 W InputDispatcher: Attempted to unregister already unregistered input channel
12-12 12:48:13.517  1067  1082 D KeyguardUpdateMonitor: sendKeyguardVisibilityChanged(true)
12-12 12:48:13.517  1067  1067 D KeyguardUpdateMonitor: handleKeyguardVisibilityChanged(1)
12-12 12:48:13.517   751  1704 W InputDispatcher: Attempted to unregister already unregistered input channel
12-12 12:48:13.517   751   778 I WindowState: WIN DEATH: Window{44208978 u0 com.example.snoopy/com.example.snoopy.MainActivity}
12-12 12:48:13.517   751  1160 I WindowState: WIN DEATH: Window{43776528 u0 com.example.snoopy/com.example.snoopy.MainActivity}
12-12 12:48:13.517   751  1704 I WindowState: WIN DEATH: Window{44b64828 u0 com.example.snoopy/com.example.snoopy.MainActivity}
12-12 12:48:13.527  1067  1702 D KeyguardUpdateMonitor: sendKeyguardVisibilityChanged(true)
12-12 12:48:13.527  1067  1067 D KeyguardUpdateMonitor: handleKeyguardVisibilityChanged(1)
12-12 12:48:13.527  1067  1131 D KeyguardUpdateMonitor: sendKeyguardVisibilityChanged(true)
12-12 12:48:13.527  1067  1067 D KeyguardUpdateMonitor: handleKeyguardVisibilityChanged(1)
12-12 12:48:13.527   261  1176 I SurfaceFlinger: id=120 Removed tnoopy (10/13)
12-12 12:48:13.527   261 15639 I SurfaceFlinger: id=120 Removed tnoopy (-2/13)
12-12 12:48:13.527  1067  1081 D KeyguardUpdateMonitor: sendKeyguardVisibilityChanged(true)
12-12 12:48:13.527  1067  1067 D KeyguardUpdateMonitor: handleKeyguardVisibilityChanged(1)
12-12 12:48:13.537  1067  1702 D KeyguardUpdateMonitor: sendKeyguardVisibilityChanged(true)
12-12 12:48:13.537  1067  1067 D KeyguardUpdateMonitor: handleKeyguardVisibilityChanged(1)
12-12 12:48:13.537  1328  1328 D Launcher: onRestart, Launcher: 1119229832
12-12 12:48:13.537  1328  1328 D Launcher: onStart, Launcher: 1119229832
12-12 12:48:13.537  1328  1328 D Launcher.HomeView: onStart
12-12 12:48:13.537  1328  1328 D Launcher: onResume, Launcher: 1119229832
12-12 12:48:13.537  1067  1067 D PhoneStatusBar: setSemiTransparentMode=false, mTransparentMode=false, mSemiTransparentMode=false, mMultiWindowMode=false
12-12 12:48:13.537  1067  5218 D KeyguardUpdateMonitor: sendKeyguardVisibilityChanged(true)
12-12 12:48:13.537  1067  1067 D KeyguardUpdateMonitor: handleKeyguardVisibilityChanged(1)
12-12 12:48:13.537  1328  1328 D Launcher.HomeView: onResume
12-12 12:48:13.537  1328  1328 D SurfaceWidgetConnection: .SurfaceWidgetWeather#1 is being resumed by launcher
12-12 12:48:13.537  1707  1719 D SurfaceWidgetClient$ISurfaceWidgetStub: [237392/2] Surface widget resume on instance = 1
12-12 12:48:13.537  1707  1707 D accuweather: [KK AccuPhone]>>> SWW:189 [0:0] [SWW] onResume : instance = 1
12-12 12:48:13.537  1328  1328 D Launcher: setSystemUiTransparency.SettingNotFoundException : set as TRUE
12-12 12:48:13.537  1067  1067 D PhoneStatusBar: setTransGradationMode=true, mTransparentMode=true, mSemiTransparentMode=false, mMultiWindowMode=false
12-12 12:48:13.537   751  1160 D StatusBarManagerService: semi p:1328,o:f
12-12 12:48:13.537   751  1451 D StatusBarManagerService: tr p:1328,o:t
12-12 12:48:13.537   751   956 W ContextImpl: Calling a method in the system process without a qualified user: android.app.ContextImpl.sendBroadcast:1505 com.android.server.am.AppStateBroadcaster.BroadcastAppState:128 com.android.server.am.AppStateBroadcaster.SendApplicationFocusGain:34 com.android.server.am.ActivityStack.resumeTopActivityLocked:2358 com.android.server.am.ActivityStack.resumeTopActivityLocked:1807 
12-12 12:48:13.567 15987 15987 I SELinux : Function: selinux_android_load_priority [0], There is no sepolicy file.
12-12 12:48:13.567 15987 15987 I SELinux :  
12-12 12:48:13.567   751  1341 W ActivityManager: No pending application record for pid 15972 (IApplicationThread android.app.ApplicationThreadProxy@44547b98); dropping process
12-12 12:48:13.587   751   940 E ViewRootImpl: sendUserActionEvent() mView == null
12-12 12:48:13.587   262   262 D dalvikvm: GC_EXPLICIT freed 44K, 39% free 16810K/27140K, paused 3ms+2ms, total 23ms
12-12 12:48:13.597 15987 15987 I SELinux : Function: selinux_android_load_priority , spota verifySig and checkHash pass. priority version is VE=SEPF_SM-G900T_4.4.2_0055
12-12 12:48:13.597 15987 15987 I SELinux :  
12-12 12:48:13.597 15987 15987 I SELinux :  
12-12 12:48:13.597 15987 15987 I SELinux : selinux_android_seapp_context_reload: seapp_contexts file is loaded from /data/security/spota/seapp_contexts
12-12 12:48:13.597 15987 15987 E dalvikvm: >>>>> Normal User
12-12 12:48:13.597 15987 15987 E dalvikvm: >>>>> com.example.snoopy [ userId:0 | appId:10813 ]
12-12 12:48:13.597 15987 15987 D dalvikvm: Late-enabling CheckJNI
12-12 12:48:13.607   262   262 D dalvikvm: GC_EXPLICIT freed <1K, 39% free 16810K/27140K, paused 2ms+2ms, total 16ms
12-12 12:48:13.607  1328  1328 D MenuAppsGridFragment: onResume
12-12 12:48:13.607  1328  1328 D AbsListView: onVisibilityChanged() is called, visibility : 0
12-12 12:48:13.607  1328  1328 D AbsListView: unregisterIRListener() is called 
12-12 12:48:13.607  1707  1718 D SurfaceWidgetClient$ISurfaceWidgetStub: [237392/2] Surface widget visibility changed visibility = true on instance = 1
12-12 12:48:13.607  1707  2064 D SurfaceWidget.Renderer: [237392/2] SurfaceWidget drawing first frame
12-12 12:48:13.607   751  1046 V SmartFaceService - 3rd party pause: onReceive [android.intent.action.ACTIVITY_STATE/com.sec.android.app.launcher/resume]
12-12 12:48:13.617   262   262 D dalvikvm: GC_EXPLICIT freed <1K, 39% free 16810K/27140K, paused 1ms+1ms, total 16ms
12-12 12:48:13.617  1259  1259 D WfcActivityStateReceiver: onReceive(): packageName=com.sec.android.app.launcher, activityState=resume
12-12 12:48:13.637   751  1704 D ActivityManager: resume name com.sec.android.app.launcher/com.android.launcher2.Launcher
12-12 12:48:13.637   751  1704 I ServiceKeeper: In getappinfo pid = 751 pkgName = android appinfo = null
12-12 12:48:13.637   751  1704 I ServiceKeeper: In getseinfo pid = 751 uid = 1000 seinfo= system
12-12 12:48:13.637  1898  1918 D daemonapp: [MSC_Daemon]>>> WCP:1102 [0:0] Provider query : content://apaccuweatherprovider/weatherinfo
12-12 12:48:13.637  1744  1744 I MultiWindowTrayService: mHomeResumeReceiver : onReceive
12-12 12:48:13.637  1744  1744 I Sally Service: removeWindow window
12-12 12:48:13.637   751   969 I ServiceKeeper: In getappinfo pid = 751 pkgName = android appinfo = null
12-12 12:48:13.637   751   969 I ServiceKeeper: In getseinfo pid = 751 uid = 1000 seinfo= system
12-12 12:48:13.637   751   969 I ServiceKeeper: In getappinfo pid = 751 pkgName = android appinfo = null
12-12 12:48:13.637   751   969 I ServiceKeeper: In getseinfo pid = 751 uid = 1000 seinfo= system
12-12 12:48:13.647  1067  1131 D LockPatternUtils: isPcwEnable = null
12-12 12:48:13.647   261   261 I SurfaceFlinger: id=122 createSurf (1080x1920),1 flag=4, Mauncher
12-12 12:48:13.647   751  1160 I SpenGestureManager: setFocusWindow21005
12-12 12:48:13.647   751  1160 V WindowOrientationListener: mSContextAutoRotationListener.getProposedRotation, mbResultFaceDectection: false
12-12 12:48:13.647   751  1160 V WindowOrientationListener: mSContextAutoRotationListener.getProposedRotation, Rotation: -1
12-12 12:48:13.647   751  1160 V WindowOrientationListener: mSContextAutoRotationListener.getProposedRotation, mbResultFaceDectection: false
12-12 12:48:13.647   751  1160 V WindowOrientationListener: mSContextAutoRotationListener.getProposedRotation, Rotation: -1
12-12 12:48:13.647   751   948 D EnterpriseDeviceManager: ContainerId: 0
12-12 12:48:13.647  1067  1703 D KeyguardUpdateMonitor: sendKeyguardVisibilityChanged(true)
12-12 12:48:13.647   751   948 D STATUSBAR-StatusBarManagerService: manageDisableList what=0x0 pkg=WindowManager.LayoutParams
12-12 12:48:13.647   751  1160 V WindowManager: rotationForOrientationLw(orient=1, last=0); user=0  sensorRotation=-1 mLidState=-1 mDockMode=0 mHdmiPlugged=false mAccelerometerDefault=false gripRotationLock=false
12-12 12:48:13.657  1067  1081 D KeyguardUpdateMonitor: sendKeyguardVisibilityChanged(true)
12-12 12:48:13.667  1067  1067 D KeyguardUpdateMonitor: handleKeyguardVisibilityChanged(1)
12-12 12:48:13.667  1067  1067 D KeyguardUpdateMonitor: handleKeyguardVisibilityChanged(1)
12-12 12:48:13.667   261   486 I SurfaceFlinger: id=25 Removed EimLayer (8/13)
12-12 12:48:13.667  1328  1328 D skia    : GFXPNG PNG bitmap created width:186 height:186 bitmap id is 554 
12-12 12:48:13.667  1328  1328 D skia    : GFXPNG PNG bitmap created width:186 height:186 bitmap id is 555 
12-12 12:48:13.667  1328  1328 D skia    : GFXPNG PNG bitmap created width:186 height:186 bitmap id is 556 
12-12 12:48:13.667   751   777 D LocationManagerService: getLastLocation: Request[POWER_NONE passive fastest=0 num=1]
12-12 12:48:13.667   261  1175 I SurfaceFlinger: id=25 Removed EimLayer (-2/13)
12-12 12:48:13.667   261   488 I SurfaceFlinger: id=24 Removed EimLayer (7/12)
12-12 12:48:13.667   261   486 I SurfaceFlinger: id=24 Removed EimLayer (-2/12)
12-12 12:48:13.667   751   939 D PointerIcon: setMouseIconStyle1 pointerType: 1001iconType:101 flag:0
12-12 12:48:13.667   751   939 D PointerIcon: setMouseCustomIcon IconType is same.101
12-12 12:48:13.667   751   939 D PointerIcon: setHoveringSpenIconStyle1 pointerType: 10001iconType:1 flag:0
12-12 12:48:13.667   751   939 D PointerIcon: setHoveringSpenCustomIcon IconType is same.1
12-12 12:48:13.667  1067  5218 D KeyguardUpdateMonitor: sendKeyguardVisibilityChanged(true)
12-12 12:48:13.677  1067  1082 D KeyguardUpdateMonitor: sendKeyguardVisibilityChanged(true)
12-12 12:48:13.677  1067  1067 D KeyguardUpdateMonitor: handleKeyguardVisibilityChanged(1)
12-12 12:48:13.697 15005 15005 D Mms/UIEventReceiver: ui event
12-12 12:48:13.697  1067  1703 D KeyguardUpdateMonitor: sendKeyguardVisibilityChanged(true)
12-12 12:48:13.697  1067  1067 D KeyguardUpdateMonitor: handleKeyguardVisibilityChanged(1)
12-12 12:48:13.707  1067  1082 D KeyguardUpdateMonitor: sendKeyguardVisibilityChanged(true)
12-12 12:48:13.707   751   948 D EnterpriseDeviceManager: ContainerId: 0
12-12 12:48:13.707  1067  1131 D KeyguardUpdateMonitor: sendKeyguardVisibilityChanged(true)
12-12 12:48:13.707  1328  1328 D AbsListView: unregisterIRListener() is called 
12-12 12:48:13.707  1067  1067 D KeyguardUpdateMonitor: handleKeyguardVisibilityChanged(1)
12-12 12:48:13.707  1067  1067 D KeyguardUpdateMonitor: handleKeyguardVisibilityChanged(1)
12-12 12:48:13.707  1067  1067 D KeyguardUpdateMonitor: handleKeyguardVisibilityChanged(1)
12-12 12:48:13.707  1328  1328 D skia    : GFXPNG PNG bitmap created width:186 height:186 bitmap id is 557 
12-12 12:48:13.707  1328  1328 D skia    : GFXPNG PNG bitmap created width:186 height:186 bitmap id is 558 
12-12 12:48:13.707   751   948 D STATUSBAR-StatusBarManagerService: manageDisableList what=0x0 pkg=WindowManager.LayoutParams
12-12 12:48:13.717  1328  1328 D skia    : GFXPNG PNG bitmap created width:186 height:186 bitmap id is 559 
12-12 12:48:13.717   751   969 I ServiceKeeper: In getappinfo pid = 751 pkgName = android appinfo = null
12-12 12:48:13.717   751   969 I ServiceKeeper: In getseinfo pid = 751 uid = 1000 seinfo= system
12-12 12:48:13.737  1328  1328 D Launcher: setSystemUiTransparency.SettingNotFoundException : set as TRUE
12-12 12:48:13.737   751   777 D StatusBarManagerService: tr p:1328,o:t
12-12 12:48:13.747  1328  1328 D AbsListView: unregisterIRListener() is called 
12-12 12:48:13.747 16005 16005 I SELinux : Function: selinux_android_load_priority [0], There is no sepolicy file.
12-12 12:48:13.747 16005 16005 I SELinux :  
12-12 12:48:13.757  1067  1703 D LockPatternUtils: isPcwEnable = null
12-12 12:48:13.757  1067  5218 D KeyguardUpdateMonitor: sendKeyguardVisibilityChanged(true)
12-12 12:48:13.757   751   751 D NotificationService: cancelNotificationLocked
12-12 12:48:13.757   751   751 D NotificationService:  hasClearableItems
12-12 12:48:13.757   751   751 D NotificationService: Num of hasClearableItems : 1
12-12 12:48:13.757  1067  1081 D KeyguardUpdateMonitor: sendKeyguardVisibilityChanged(true)
12-12 12:48:13.757   751 16009 W ContextImpl: Calling a method in the system process without a qualified user: android.app.ContextImpl.sendBroadcast:1491 com.android.server.InputMethodManagerService$4.run:2827 java.lang.Thread.run:841 <bottom of call stack> <bottom of call stack> 
12-12 12:48:13.757   751   751 W ContextImpl: Calling a method in the system process without a qualified user: android.app.ContextImpl.sendBroadcast:1505 com.android.server.StatusBarManagerService.sendNotification:985 com.android.server.StatusBarManagerService.removeNotification:710 com.android.server.NotificationManagerService.cancelNotificationLocked:2454 com.android.server.NotificationManagerService.access$5100:160 
12-12 12:48:13.757   751   751 D STATUSBAR-StatusBarManagerService: sendNotification(3) - 17041265
12-12 12:48:13.767  1067  1067 D PhoneStatusBar: setTransGradationMode=true, mTransparentMode=true, mSemiTransparentMode=false, mMultiWindowMode=false
12-12 12:48:13.767  1067  1067 D KeyguardUpdateMonitor: handleKeyguardVisibilityChanged(1)
12-12 12:48:13.767  1067  1067 D KeyguardUpdateMonitor: handleKeyguardVisibilityChanged(1)
12-12 12:48:13.767  1898  1917 D daemonapp: [MSC_Daemon]>>> WCP:1102 [0:0] Provider query : content://apaccuweatherprovider/settings
12-12 12:48:13.767   751   751 D NotificationService:  Sending broadcast for cancel notification = StatusBarNotification(pkg=android user=UserHandle{-1} id=17041265 tag=null score=0: Notification(pri=0 icon=108053a contentView=android/0x109007f vibrate=null sound=null defaults=0x0 flags=0x1002 when=0 ledARGB=0x0 contentIntent=Y deleteIntent=N contentTitle=19 contentText=16 tickerText=N kind=[android.system.imeswitcher]))
12-12 12:48:13.767   751   751 W ContextImpl: Calling a method in the system process without a qualified user: android.app.ContextImpl.sendBroadcast:1491 com.android.server.NotificationManagerService.cancelNotificationLocked:2532 com.android.server.NotificationManagerService.access$5100:160 com.android.server.NotificationManagerService$8.run:2578 android.os.Handler.handleCallback:733 
12-12 12:48:13.767   751   751 D LightsService: [api] [SvcLED] turnOff:: id = 4 (uid: 1000 pid: 751) 
12-12 12:48:13.767   751   751 D LightsService: [SvcLED] setSvcLedStateLocked:: SvcLEDState : 0x0 -> 0x0 | SvcLED(id=4) set Off
12-12 12:48:13.767   751   976 D LightsService: [SvcLED] Lux failed to be updated in 700ms. -> handleForcedSvcLEDTasK
12-12 12:48:13.767   751   976 D LightsService: [SvcLED]  setSvcLedLightLocked :: Current SvcLED(id=3) maintains its priority right
12-12 12:48:13.767   751  1451 W InputMethodManagerService: Got RemoteException sending setActive(false) notification to pid 15500 uid 10813
12-12 12:48:13.777   751   751 D RCPManagerService: NotificationReceiver onReceive()
12-12 12:48:13.777   751   751 D RCPManagerService:  NotificationReceiver sbn.getPackageName() android sbn.getUser().getIdentifier() -1
12-12 12:48:13.777   751   751 I ServiceKeeper: In getappinfo pid = 751 pkgName = android appinfo = null
12-12 12:48:13.777   751   751 I ServiceKeeper: In getseinfo pid = 751 uid = 1000 seinfo= system
12-12 12:48:13.777   751   751 D RCPManagerService: getPolicy: Policy checking block entered for Notifications; for user/persona = -1 ; Policy = knox-sanitize-data ; token = 4294967296751
12-12 12:48:13.777   751   751 I ServiceKeeper: In getappinfo pid = 751 pkgName = android appinfo = null
12-12 12:48:13.777   751   751 I ServiceKeeper: In getseinfo pid = 751 uid = 1000 seinfo= system
12-12 12:48:13.777  1067  1067 D STATUSBAR-IconMerger: checkOverflow(216), More:true, Req:true Child:5
12-12 12:48:13.787  1067  1082 D KeyguardUpdateMonitor: sendKeyguardVisibilityChanged(true)
12-12 12:48:13.787  1067  1067 D KeyguardUpdateMonitor: handleKeyguardVisibilityChanged(1)
12-12 12:48:13.787   751   751 D RCPManagerService: getPolicy: policy value returned = false
12-12 12:48:13.787   751   751 D RCPManagerService: going to get the app label for pkg == android
12-12 12:48:13.787 11973 15554 W Binder  : Caught a RuntimeException from the binder stub implementation.
12-12 12:48:13.787 11973 15554 W Binder  : java.lang.NullPointerException
12-12 12:48:13.787 11973 15554 W Binder  : 	at android.inputmethodservice.IInputMethodWrapper.setSessionEnabled(IInputMethodWrapper.java:311)
12-12 12:48:13.787 11973 15554 W Binder  : 	at com.android.internal.view.IInputMethod$Stub.onTransact(IInputMethod.java:129)
12-12 12:48:13.787 11973 15554 W Binder  : 	at android.os.Binder.execTransact(Binder.java:404)
12-12 12:48:13.787 11973 15554 W Binder  : 	at dalvik.system.NativeStart.run(Native Method)
12-12 12:48:13.787 16005 16005 I SELinux : Function: selinux_android_load_priority , spota verifySig and checkHash pass. priority version is VE=SEPF_SM-G900T_4.4.2_0055
12-12 12:48:13.787 16005 16005 I SELinux :  
12-12 12:48:13.787 16005 16005 I SELinux :  
12-12 12:48:13.787 16005 16005 I SELinux : selinux_android_seapp_context_reload: seapp_contexts file is loaded from /data/security/spota/seapp_contexts
12-12 12:48:13.787 11973 11973 D SamsungIME: onWindowHidden
12-12 12:48:13.787 16005 16005 E dalvikvm: >>>>> Normal User
12-12 12:48:13.787 16005 16005 E dalvikvm: >>>>> com.sec.android.app.clockpackage [ userId:0 | appId:10096 ]
12-12 12:48:13.787   751   751 D RCPManagerService: app label == android
12-12 12:48:13.787   751   751 D RCPManagerService:  NotificationReceiver ACTION_CANCEL_NOTIFICATION 
12-12 12:48:13.787 11973 11973 W ContextImpl: Calling a method in the system process without a qualified user: android.app.ContextImpl.sendBroadcast:1491 android.content.ContextWrapper.sendBroadcast:377 android.inputmethodservice.InputMethodService.sendInputViewShownState:542 android.inputmethodservice.InputMethodService.hideWindow:2445 android.inputmethodservice.InputMethodService.doHideWindow:2423 
12-12 12:48:13.787   751   751 D UserManagerService: User -1does not exists!!
12-12 12:48:13.797   751   969 I ServiceKeeper: In getappinfo pid = 751 pkgName = android appinfo = null
12-12 12:48:13.797   751   969 I ServiceKeeper: In getseinfo pid = 751 uid = 1000 seinfo= system
12-12 12:48:13.817 15987 16016 D skia    : GFXPNG PNG bitmap created width:42 height:126 bitmap id is 270 
12-12 12:48:13.817   751  1030 I AudioService: getStreamVolume 3 index 0
12-12 12:48:13.817 15987 16016 D skia    : GFXPNG PNG bitmap created width:18 height:18 bitmap id is 271 
12-12 12:48:13.817 15987 16016 D skia    : GFXPNG PNG bitmap created width:18 height:18 bitmap id is 272 
12-12 12:48:13.817 15987 16016 D skia    : GFXPNG PNG bitmap created width:18 height:18 bitmap id is 273 
12-12 12:48:13.817 15987 16016 D skia    : GFXPNG PNG bitmap created width:72 height:72 bitmap id is 274 
12-12 12:48:13.817 15987 16016 D skia    : GFXPNG PNG bitmap created width:38 height:33 bitmap id is 275 
12-12 12:48:13.817 15987 16016 D skia    : GFXPNG PNG bitmap created width:38 height:33 bitmap id is 276 
12-12 12:48:13.817   751  7409 I AudioService: getStreamVolume 3 index 0
12-12 12:48:13.827  1067  5218 D KeyguardUpdateMonitor: sendKeyguardVisibilityChanged(true)
12-12 12:48:13.827  1067  1067 D KeyguardUpdateMonitor: handleKeyguardVisibilityChanged(1)
12-12 12:48:13.827   751   948 V toolbox : playAnimationFadeIn()
12-12 12:48:13.827   751  2586 D SSRMv2:TSP:AirViewOnOff: DeviceInfo:: 00010000000
12-12 12:48:13.827   751  2586 D SSRMv2:TSP:AirViewOnOff: SettingsAirViewInfo:: 000000000
12-12 12:48:13.837  1707  1707 D accuweather: [KK AccuPhone]>>> RM:150 [0:0]  onFirstUpdate :: mFU = false
12-12 12:48:13.837  1707  1707 D accuweather: [KK AccuPhone]>>> SWW:200 [0:0]  onResume :: isFirst = false, cnt = 1
12-12 12:48:13.837  1707  1707 D accuweather: [KK AccuPhone]>>> SWW:207 [0:0] onResume : size = 1
12-12 12:48:13.837  1707  1707 D accuweather: [KK AccuPhone]>>> SWW:448 [0:0]  registerTTReceiver ! 
12-12 12:48:13.837  1707  1707 D accuweather: [KK AccuPhone]>>> SWW:372 [0:0] updateView : 1
12-12 12:48:13.837  1707  1707 D accuweather: [KK AccuPhone]>>> SWW:294 [0:0] getWeatherRenderer : 1
12-12 12:48:13.847  1898  2118 D daemonapp: [MSC_Daemon]>>> WCP:1102 [0:0] Provider query : content://apaccuweatherprovider/settings
12-12 12:48:13.847  1744  1744 I MultiUserPreferences: commit
12-12 12:48:13.857   751   939 D CustomFrequencyManagerService: releaseDVFSLockLocked : Getting Lock type frm List : DVFS_MIN_LIMIT  frequency : 1958400  uid : 1000  pid : 751  tag : ACTIVITY_RESUME_BOOSTER@6
12-12 12:48:13.857   751   939 W ActivityManager: mDVFSHelper.release()
12-12 12:48:13.857  1067  1131 D KeyguardUpdateMonitor: sendKeyguardVisibilityChanged(true)
12-12 12:48:13.857  1067  1067 D KeyguardUpdateMonitor: handleKeyguardVisibilityChanged(1)
12-12 12:48:13.857   751   940 D CustomFrequencyManagerService: acquireDVFSLockLocked : type : DVFS_MIN_LIMIT  frequency : 1958400  uid : 1000  pid : 751  pkgName : ACTIVITY_RESUME_BOOSTER@9
12-12 12:48:13.867   751  1452 D LocationManagerService: getLastLocation: Request[POWER_NONE passive fastest=0 num=1]
12-12 12:48:13.867  1067  1702 D KeyguardUpdateMonitor: sendKeyguardVisibilityChanged(true)
12-12 12:48:13.867  1067  1067 D KeyguardUpdateMonitor: handleKeyguardVisibilityChanged(1)
12-12 12:48:13.877  1067  1082 D KeyguardUpdateMonitor: sendKeyguardVisibilityChanged(true)
12-12 12:48:13.877  1067  1067 D KeyguardUpdateMonitor: handleKeyguardVisibilityChanged(1)
12-12 12:48:13.887  1067  5218 D KeyguardUpdateMonitor: sendKeyguardVisibilityChanged(true)
12-12 12:48:13.887  1067  1067 D KeyguardUpdateMonitor: handleKeyguardVisibilityChanged(1)
12-12 12:48:13.887  1328  1328 D AbsListView: unregisterIRListener() is called 
12-12 12:48:13.887  1519 16023 I HotwordRecognitionRnr: Starting hotword detection.
12-12 12:48:13.907  1519 16023 D dalvikvm: GC_FOR_ALLOC freed 1955K, 30% free 19042K/27140K, paused 15ms, total 15ms
12-12 12:48:13.907  1328  1328 D skia    : GFXPNG PNG bitmap created width:72 height:72 bitmap id is 560 
12-12 12:48:13.907  1519 16024 I MicrophoneInputStream: mic_starting com.google.android.apps.gsa.speech.audio.t@42a60e48
12-12 12:48:13.917  1898  1918 D daemonapp: [MSC_Daemon]>>> WCP:1102 [0:0] Provider query : content://apaccuweatherprovider/weatherinfo
12-12 12:48:13.927  1067  1703 D KeyguardUpdateMonitor: sendKeyguardVisibilityChanged(true)
12-12 12:48:13.927  1067  1067 D KeyguardUpdateMonitor: handleKeyguardVisibilityChanged(1)
12-12 12:48:13.927   264   790 V AudioPolicyManagerBase: getDeviceForInputSource()input source 1999, device 80000004
12-12 12:48:13.927   264   790 V AudioPolicyManagerBase: getInput() inputSource 1999, samplingRate 16000, format 1, channelMask 10, acoustics 0
12-12 12:48:13.927   261   488 I SurfaceFlinger: id=116 Removed JnputMethod (7/11)
12-12 12:48:13.927   264   790 V audio_hw_primary: adev_open_input_stream: enter
12-12 12:48:13.927   264   790 E audio_hw_primary: can not make /data/snd/hal_input.pcm 
12-12 12:48:13.927   261 15639 I SurfaceFlinger: id=116 Removed JnputMethod (-2/11)
12-12 12:48:13.927   264   790 E audio_hw_primary: can not make /data/snd/hal_input_before_ns.pcm 
12-12 12:48:13.927   264   790 E audio_hw_primary: can not make /data/snd/hal_input_after_ns.pcm 
12-12 12:48:13.927   264   790 V audio_hw_primary: adev_open_input_stream: exit
12-12 12:48:13.937   264 16025 V audio_hw_primary: in_standby: enter
12-12 12:48:13.937   264 16025 V audio_hw_primary: in_standby: exit:  status(0)
12-12 12:48:13.937  1707  1707 D accuweather: [KK AccuPhone]>>> DBH:2680 [0:0] gADWI : count = 1
12-12 12:48:13.937  1328  1328 D skia    : GFXPNG PNG bitmap created width:186 height:186 bitmap id is 561 
12-12 12:48:13.937  1328  1328 D skia    : GFXPNG PNG bitmap created width:186 height:186 bitmap id is 562 
12-12 12:48:13.937  1328  1328 D skia    : GFXPNG PNG bitmap created width:186 height:186 bitmap id is 563 
12-12 12:48:13.947   751   969 I ServiceKeeper: In getappinfo pid = 751 pkgName = android appinfo = null
12-12 12:48:13.947   751   969 I ServiceKeeper: In getseinfo pid = 751 uid = 1000 seinfo= system
12-12 12:48:13.977   264 16025 V audio_hw_primary: in_standby: enter
12-12 12:48:13.977   264 16025 V audio_hw_primary: in_standby: exit:  status(0)
12-12 12:48:13.977  1067  5218 D KeyguardUpdateMonitor: sendKeyguardVisibilityChanged(true)
12-12 12:48:13.977  1067  1067 D KeyguardUpdateMonitor: handleKeyguardVisibilityChanged(1)
12-12 12:48:13.977 15987 15987 I System.out: EMMA: collecting runtime coverage data ...
12-12 12:48:13.977   751   969 I ServiceKeeper: In getappinfo pid = 751 pkgName = android appinfo = null
12-12 12:48:13.977   751   969 I ServiceKeeper: In getseinfo pid = 751 uid = 1000 seinfo= system
12-12 12:48:13.977   751  1341 I EDMNativeHelperService: isMicrophoneEnabled
12-12 12:48:13.987   751  1341 W EDMNativeHelper: isMicrophoneEnabled : get policy
12-12 12:48:13.987  1898  1917 D daemonapp: [MSC_Daemon]>>> WCP:1102 [0:0] Provider query : content://apaccuweatherprovider/settings
12-12 12:48:13.997   264  1028 V AudioPolicyManagerBase: startInput() input 24
12-12 12:48:13.997   264  1028 V AudioPolicyManagerBase: getDeviceForInputSource()input source 1999, device 80000004
12-12 12:48:13.997   264  1028 V AudioPolicyManagerBase: AudioPolicyManager::startInput() input source = 1999
12-12 12:48:13.997   264 16025 V audio_hw_primary: in_set_parameters: enter: kvpairs=input_source=6;keyIsHotword=true;routing=-2147483644
12-12 12:48:13.997   264 16025 V audio_hw_primary: in_set_parameters: exit: status(11)
12-12 12:48:13.997   264 16025 V msm8974_platform: platform_update_usecase_from_source: input source :6
12-12 12:48:13.997   264 16025 V audio_hw_primary: start_input_stream: enter: usecase(7)
12-12 12:48:13.997   264 16025 V voice   : voice_check_and_set_incall_rec_usecase: voice call not active
12-12 12:48:13.997   264 16025 V audio_hw_primary: start_input_stream: usecase(7)
12-12 12:48:13.997   264 16025 D PreProcess: new SamsungRecord
12-12 12:48:13.997   264 16025 D PreProcess: new NS
12-12 12:48:13.997   264 16025 I samsungRecord: [samsungrecord] SamsungRecInit 
12-12 12:48:13.997   264 16025 I samsungRecord: [samsungrecordMIC]Use HardCoding Values
12-12 12:48:13.997   264 16025 E samsungRecord: miccalib file can't created. (/data/snd/miccalib.txt)
12-12 12:48:13.997   264 16025 I samsungRecord: 1
12-12 12:48:13.997   264 16025 D SamsungRecord_NS: [SamsungRecord_NS] Init SR 16000
12-12 12:48:13.997   264 16025 D SamsungRecord_NS: [SamsungRecord_NS] getLevel inputsource 6, ret_level 3
12-12 12:48:13.997   264 16025 V audio_hw_primary: select_devices: ENTER
12-12 12:48:13.997   264 16025 V audio_hw_primary: select_devices: usecase(normal)
12-12 12:48:13.997   264 16025 V audio_hw_primary: select_devices: usecase(PCM_CAPTURE)
12-12 12:48:13.997   264 16025 V msm8974_platform: platform_get_input_snd_device: enter: out_device(0) in_device(0x4)
12-12 12:48:13.997   264 16025 V msm8974_platform: get_INPUT_snd_device: check by Input_source(6)
12-12 12:48:13.997   264 16025 V msm8974_platform: platform_get_input_snd_device_by_source: enter: out_device(0) in_device(0x4)
12-12 12:48:13.997   264 16025 V msm8974_platform: get_INPUT_snd_device: AUDIO_SOURCE_VOICE_RECOGNITION
12-12 12:48:13.997   264 16025 V msm8974_platform: platform_get_input_snd_device: exit: in_snd_device(vr-main-mic)
12-12 12:48:13.997   264 16025 D audio_hw_primary: select_devices: out_snd_device(0: dummy)
12-12 12:48:13.997   264 16025 D audio_hw_primary: select_devices: in_snd_device(121: vr-main-mic)
12-12 12:48:13.997   264 16025 D ACDB-LOADER: ACDB -> send_audio_cal, acdb_id = 53, path =  1
12-12 12:48:13.997   264 16025 D ACDB-LOADER: ACDB -> send_adm_topology
12-12 12:48:14.007   264 16025 D ACDB-LOADER: ACDB -> ACDB_CMD_GET_AUDPROC_COMMON_TOPOLOGY_ID
12-12 12:48:14.007   264 16025 D ACDB-LOADER: ACDB -> send_audtable
12-12 12:48:14.007   264 16025 D ACDB-LOADER: ACDB -> ACDB_CMD_GET_AUDPROC_COMMON_TABLE
12-12 12:48:14.007   264 16025 D         : ACDBFILE_MGR:Read the devices count as zero, please check the acdb file
12-12 12:48:14.007   264 16025 D ACDB-LOADER: ACDB -> AUDIO_SET_AUDPROC_CAL
12-12 12:48:14.007   264 16025 D ACDB-LOADER: ACDB -> send_audvoltable
12-12 12:48:14.007   264 16025 D ACDB-LOADER: ACDB -> ACDB_CMD_GET_AUDPROC_GAIN_DEP_STEP_TABLE
12-12 12:48:14.007   264 16025 D         : ACDBFILE_MGR:Read the devices count as zero, please check the acdb file
12-12 12:48:14.007   264 16025 D         : Failed to fetch the lookup information of the device 00000035 
12-12 12:48:14.007   264 16025 E ACDB-LOADER: Error: ACDB AudProc vol returned = -19
12-12 12:48:14.007   264 16025 D ACDB-LOADER: ACDB -> AUDIO_SET_AUDPROC_VOL_CAL
12-12 12:48:14.007   264 16025 D ACDB-LOADER: ACDB -> AUDIO_SET_AFE_CAL
12-12 12:48:14.007  1707  1707 D accuweather: [KK AccuPhone]>>> SM:324 [0:0] updateView iSA = false, mCI = 0, mSL = cityId:current
12-12 12:48:14.007   264 16025 V audio_hw_primary: enable_snd_device: snd_device(121: vr-main-mic, vr-main-mic)
12-12 12:48:14.007   264 16025 D audio_route: ++++ audio_route_update_mixer ==============
12-12 12:48:14.007   264 16025 D audio_route: Setting mixer control: DEC2 Volume, value: 106
12-12 12:48:14.007   751   969 I ServiceKeeper: In getappinfo pid = 751 pkgName = android appinfo = null
12-12 12:48:14.007   751   969 I ServiceKeeper: In getseinfo pid = 751 uid = 1000 seinfo= system
12-12 12:48:14.007   264 16025 D audio_route: Setting mixer control: SLIM TX7 MUX, value: 9
12-12 12:48:14.007   264 16025 D audio_route: Setting mixer control: AIF1_CAP Mixer SLIM TX7, value: 1
12-12 12:48:14.007   264 16025 D audio_route: Setting mixer control: DEC2 MUX, value: 1
12-12 12:48:14.007   264 16025 D audio_route: ------ audio_route_update_mixer ==============
12-12 12:48:14.007   264 16025 V audio_hw_primary: enable_audio_route: enter: usecase(7)
12-12 12:48:14.007   264 16025 V audio_hw_primary: enable_audio_route: apply mixer path: audio-record
12-12 12:48:14.007   264 16025 D audio_route: ++++ audio_route_update_mixer ==============
12-12 12:48:14.007   264 16025 D audio_route: Setting mixer control: MultiMedia1 Mixer SLIM_0_TX, value: 1
12-12 12:48:14.007   264 16025 D audio_route: ------ audio_route_update_mixer ==============
12-12 12:48:14.007   264 16025 V audio_hw_primary: enable_audio_route: exit
12-12 12:48:14.007   264 16025 V audio_hw_primary: start_input_stream: Opening PCM device card_id(0) device_id(0), channels 1
