12-12 00:55:51.249  2993  2993 D PhoneStatusBar: showHideMultiSIMLayout:true
12-12 00:55:51.249  2993  2993 D StatusBar: getNumberOfActiveSim: 1
12-12 00:55:51.249  2993  2993 D NotificationStackScrollLayout: updateMultiSIMLayout:false
12-12 00:55:51.249  2993  2993 D NotificationStackScrollLayout: oldVisibility:8,newVisibility:8
12-12 00:55:51.249  2993  2993 D PhoneStatusBar: updateQSpanelHeight: 142 height:226
12-12 00:55:51.249  2993  2993 D PanelView: flingSettings mQsMin:294 mQsMax:294 mQsEx:294.0mQsPeek:226
12-12 00:55:51.249  2993  2993 I PhoneStatusBar: Icon Only
12-12 00:55:51.249  2993  2993 I StatusBar: Icon Only
12-12 00:55:51.254  2993  2993 D StatusBar: getNumberOfActiveSim: 1
12-12 00:55:51.254  2993  2993 D PanelView: kidsfalse mQsExpansionEnabled:true
12-12 00:55:51.254  2993  2993 D StatusBar-Window: fnf=true sanc=false, kni=false, sbf=false
12-12 00:55:51.254  2993  2993 D CoverUI : applyFocusableFlag() : Remove SAMSUNG_FLAG_SVIEW_COVER
12-12 00:55:51.254  2993  2993 D CoverUI : applyHeight h = 38, oc = false, ex = false, fa = false, ac = false, sc = false
12-12 00:55:51.259  2993  2993 D PhoneStatusBar: disable: < expand icons alerts system_info back home recent clock search >
12-12 00:55:51.264  2841  2873 D StatusBarManagerService: manageDisableList userId=0 what=0x0 pkg=Window{282aa82d u0 d0 com.example.snoopy/com.example.snoopy.CameraInputFrames}
12-12 00:55:51.274  2841  3600 D InputDispatcher: Focus left window: 2993
12-12 00:55:51.274  2841  3600 D InputDispatcher: Focus entered window: 17695
12-12 00:55:51.284  2841  2875 D PointerIcon: setMouseIconStyle1 pointerType: 1001 iconType:101 flag:0 pid:2841 uid:1000
12-12 00:55:51.284  2841  2875 D PointerIcon: setMouseCustomIcon IconType is same.101
12-12 00:55:51.284  2841  2907 I InputDispatcher: Delivering touch to (2993): action: 0x4, toolType: 0
12-12 00:55:51.284  2841  2907 I InputDispatcher: Delivering touch to (17695): action: 0x0, toolType: 0
12-12 00:55:51.284 17695 17695 D ViewRootImpl: ViewPostImeInputStage ACTION_DOWN
12-12 00:55:51.284  2156  2262 D libEGL  : eglTerminate EGLDisplay = 0xb6a37ad4
12-12 00:55:51.284  2841  3266 W InputMethodManagerService: Window already focused, ignoring focus gain of: com.android.internal.view.IInputMethodClient$Stub$Proxy@2990a3b1 attribute=null, token = android.os.BinderProxy@1c324f44
12-12 00:55:51.284  2841  3266 D InputMethodManagerService: windowGainedFocus mCurrentFocusedUserId - 0 and mSecureKeypadEnabled-false
12-12 00:55:51.284  2156  2262 D libEGL  : eglTerminate EGLDisplay = 0xb6a37ad4
12-12 00:55:51.284  2841  3266 D InputMethodManagerService: [HARDWARE_KEYBOARD] (refreshImeWindowVis) mImeWindowVis= 0 inputVisible = falsehaveHardKeyboard = false hardKeyShown = false
12-12 00:55:51.289  2993  3346 D mali_winsys: new_window_surface returns 0x3000,  [540x38]-format:1
12-12 00:55:51.299  2993  2993 D VisualEffectCircleUnlockEffect: clearEffect
12-12 00:55:51.299  2993  2993 D VisualEffectCircleUnlockEffect: cancelAllAnimator
12-12 00:55:51.299  2841  2907 I InputDispatcher: Delivering touch to (17695): action: 0x1, toolType: 0
12-12 00:55:51.304  2156  2156 D libEGL  : eglInitialize EGLDisplay = 0xbe82e2b4
12-12 00:55:51.304  2156  2156 D libEGL  : eglTerminate EGLDisplay = 0xbe82e314
12-12 00:55:51.309  2156  2156 I display : [PrimaryDisplay] [DYNAMIC_RECOMP] GLES_2_HWC by high FPS(40)
12-12 00:55:51.324  2156  2156 D libEGL  : eglInitialize EGLDisplay = 0xbe82e2b4
12-12 00:55:51.344  2841  4317 D SSRM:n  : SIOP:: AP = 320, CUR = -120, LCD = 18
12-12 00:55:51.354  2841  2907 I InputDispatcher: Delivering touch to (2993): action: 0x4, toolType: 0
12-12 00:55:51.354  2841  2907 I InputDispatcher: Delivering touch to (17695): action: 0x0, toolType: 0
12-12 00:55:51.354 17695 17695 D ViewRootImpl: ViewPostImeInputStage ACTION_DOWN
12-12 00:55:51.354  2841  2907 I InputDispatcher: Delivering touch to (17695): action: 0x1, toolType: 0
12-12 00:55:51.409  2841  2907 I InputDispatcher: Delivering touch to (2993): action: 0x4, toolType: 0
12-12 00:55:51.409  2841  2907 I InputDispatcher: Delivering touch to (17695): action: 0x0, toolType: 0
12-12 00:55:51.409 17695 17695 D ViewRootImpl: ViewPostImeInputStage ACTION_DOWN
12-12 00:55:51.409  2841  2907 I InputDispatcher: Delivering touch to (17695): action: 0x1, toolType: 0
12-12 00:55:51.464  2841  2907 I InputDispatcher: Delivering touch to (2993): action: 0x4, toolType: 0
12-12 00:55:51.464  2841  2907 I InputDispatcher: Delivering touch to (17695): action: 0x0, toolType: 0
12-12 00:55:51.464 17695 17695 D ViewRootImpl: ViewPostImeInputStage ACTION_DOWN
12-12 00:55:51.469  2841  2907 I InputDispatcher: Delivering touch to (17695): action: 0x1, toolType: 0
12-12 00:55:51.524  2841  2907 I InputDispatcher: Delivering touch to (2993): action: 0x0, toolType: 0
12-12 00:55:51.524  2993  2993 D ViewRootImpl: ViewPostImeInputStage ACTION_DOWN
12-12 00:55:51.524  2841  2907 I InputDispatcher: Delivering touch to (2993): action: 0x1, toolType: 0
12-12 00:55:51.529  2993  2993 D PhoneStatusBar: makeExpandedVisible:false
12-12 00:55:51.529  2993  2993 D STATUSBAR-PhoneStatusBar:  mBrightnessEnablebySettings = true mBrightnessEnablebyBattery = true mBrightnessEnablebyDisableFlag = true mPmsBrightnessEnablebySettings = true
12-12 00:55:51.534  2993  2993 D StatusBar-Window: fnf=false sanc=false, kni=false, sbf=true
12-12 00:55:51.534  2993  2993 D CoverUI : applyFocusableFlag() : Remove SAMSUNG_FLAG_SVIEW_COVER
12-12 00:55:51.534  2993  2993 D CoverUI : applyHeight h = -1, oc = false, ex = true, fa = false, ac = false, sc = false
12-12 00:55:51.534  2841  3591 V Vibrator: Called cancel() API - PUID: 1000, PackageName: android
12-12 00:55:51.534  2841  3591 D VibratorService: Turning vibrator off
12-12 00:55:51.534  2841  3591 D LightsService: [api] [SvcLED] turnOff:: id = 5 (uid: 1000 pid: 2841) 
12-12 00:55:51.534  2841  3591 W CoverManager: getCoverState : This device is not supported cover
12-12 00:55:51.534  2841  3591 D LightsService: [api] [SvcLED] LED indicator : Not supported.
12-12 00:55:51.539  2993  2993 D PhoneStatusBar: disable: < expand icons alerts system_info back home recent clock search >
12-12 00:55:51.539  2841  4317 D SSRM:a  : DeviceInfo:: 00000000000
12-12 00:55:51.544  2841  4317 D SSRM:a  : SettingsAirViewInfo:: 000000000
12-12 00:55:51.544  2993  2993 D PhoneStatusBar: makeExpandedInvisible: mExpandedVisible=true
12-12 00:55:51.544  2993  2993 D StatusBar-QSPanel: setSingleLine:true
12-12 00:55:51.544  2993  2993 D StatusBar-QSPanel: adjustCellWidth mButtonWidth : 102, displayWidth : 540
12-12 00:55:51.544  2993  2993 D StatusBar-QSPanel: updateButtonInfo mButtonWidth : 102 mColumns:5 orien: 1 mButtonCorrectionWidth:18
12-12 00:55:51.544  2993  2993 D StatusBar-QSPanel: setSingleLine height:142
12-12 00:55:51.544  2993  2993 D STATUSBAR-PhoneStatusBar:  mBrightnessEnablebySettings = true mBrightnessEnablebyBattery = true mBrightnessEnablebyDisableFlag = true mPmsBrightnessEnablebySettings = true
12-12 00:55:51.544  2993  2993 D PhoneStatusBar: showHideMultiSIMLayout:true
12-12 00:55:51.549  2993  2993 D StatusBar: getNumberOfActiveSim: 1
12-12 00:55:51.549  2993  2993 D NotificationStackScrollLayout: updateMultiSIMLayout:false
12-12 00:55:51.549  2993  2993 D NotificationStackScrollLayout: oldVisibility:8,newVisibility:8
12-12 00:55:51.549  2993  2993 D PhoneStatusBar: updateQSpanelHeight: 142 height:226
12-12 00:55:51.549  2993  2993 D PanelView: flingSettings mQsMin:294 mQsMax:294 mQsEx:294.0mQsPeek:226
12-12 00:55:51.549  2993  2993 I PhoneStatusBar: Icon Only
12-12 00:55:51.549  2993  2993 I StatusBar: Icon Only
12-12 00:55:51.549  2993  2993 D StatusBar: getNumberOfActiveSim: 1
12-12 00:55:51.549  2993  2993 D PanelView: kidsfalse mQsExpansionEnabled:true
12-12 00:55:51.549  2993  2993 D StatusBar-Window: fnf=true sanc=false, kni=false, sbf=false
12-12 00:55:51.549  2993  2993 D CoverUI : applyFocusableFlag() : Remove SAMSUNG_FLAG_SVIEW_COVER
12-12 00:55:51.549  2993  2993 D CoverUI : applyHeight h = 38, oc = false, ex = false, fa = false, ac = false, sc = false
12-12 00:55:51.554  2993  2993 D PhoneStatusBar: disable: < expand icons alerts system_info back home recent clock search >
12-12 00:55:51.579  2841  2907 I InputDispatcher: Delivering touch to (2993): action: 0x4, toolType: 0
12-12 00:55:51.579  2841  2907 I InputDispatcher: Delivering touch to (17695): action: 0x0, toolType: 0
12-12 00:55:51.579 17695 17695 D ViewRootImpl: ViewPostImeInputStage ACTION_DOWN
12-12 00:55:51.584  2841  2907 I InputDispatcher: Delivering touch to (17695): action: 0x1, toolType: 0
12-12 00:55:51.629  2156  2292 I display : [PrimaryDisplay] [DYNAMIC_RECOMP] HWC_2_GLES by low FPS(3)
12-12 00:55:51.639  2841  2907 I InputDispatcher: Delivering touch to (2993): action: 0x4, toolType: 0
12-12 00:55:51.639  2841  2907 I InputDispatcher: Delivering touch to (17695): action: 0x0, toolType: 0
12-12 00:55:51.639 17695 17695 D ViewRootImpl: ViewPostImeInputStage ACTION_DOWN
12-12 00:55:51.639  2841  2907 I InputDispatcher: Delivering touch to (17695): action: 0x1, toolType: 0
12-12 00:55:51.694  2841  2907 I InputDispatcher: Delivering touch to (2993): action: 0x4, toolType: 0
12-12 00:55:51.694  2841  2907 I InputDispatcher: Delivering touch to (17695): action: 0x0, toolType: 0
12-12 00:55:51.694 17695 17695 D ViewRootImpl: ViewPostImeInputStage ACTION_DOWN
12-12 00:55:51.694  2841  2907 I InputDispatcher: Delivering touch to (17695): action: 0x1, toolType: 0
12-12 00:55:51.749  2841  2907 I InputDispatcher: Delivering touch to (2993): action: 0x4, toolType: 0
12-12 00:55:51.749  2841  2907 I InputDispatcher: Delivering touch to (17695): action: 0x0, toolType: 0
12-12 00:55:51.749 17695 17695 D ViewRootImpl: ViewPostImeInputStage ACTION_DOWN
12-12 00:55:51.754  2841  2907 I InputDispatcher: Delivering touch to (17695): action: 0x1, toolType: 0
12-12 00:55:51.809  2841  2907 I InputDispatcher: Delivering touch to (2993): action: 0x4, toolType: 0
12-12 00:55:51.809  2841  2907 I InputDispatcher: Delivering touch to (17695): action: 0x0, toolType: 0
12-12 00:55:51.809 17695 17695 D ViewRootImpl: ViewPostImeInputStage ACTION_DOWN
12-12 00:55:51.814  2841  2907 I InputDispatcher: Delivering touch to (17695): action: 0x1, toolType: 0
12-12 00:55:51.869  2841  2907 I InputDispatcher: Delivering touch to (2993): action: 0x4, toolType: 0
12-12 00:55:51.869  2841  2907 I InputDispatcher: Delivering touch to (17695): action: 0x0, toolType: 0
12-12 00:55:51.869 17695 17695 D ViewRootImpl: ViewPostImeInputStage ACTION_DOWN
12-12 00:55:51.879  2841  2907 I InputDispatcher: Delivering touch to (17695): action: 0x1, toolType: 0
12-12 00:55:51.929  2841  2907 I InputDispatcher: Delivering touch to (2993): action: 0x4, toolType: 0
12-12 00:55:51.929  2841  2907 I InputDispatcher: Delivering touch to (17695): action: 0x0, toolType: 0
12-12 00:55:51.934 17695 17695 D ViewRootImpl: ViewPostImeInputStage ACTION_DOWN
12-12 00:55:51.934  2841  2907 I InputDispatcher: Delivering touch to (17695): action: 0x1, toolType: 0
12-12 00:55:51.984  2841  2907 I InputDispatcher: Delivering touch to (2993): action: 0x4, toolType: 0
12-12 00:55:51.984  2841  2907 I InputDispatcher: Delivering touch to (17695): action: 0x0, toolType: 0
12-12 00:55:51.984 17695 17695 D ViewRootImpl: ViewPostImeInputStage ACTION_DOWN
12-12 00:55:51.989  2841  2907 I InputDispatcher: Delivering touch to (17695): action: 0x1, toolType: 0
12-12 00:55:52.039  2841  2907 I InputDispatcher: Delivering touch to (2993): action: 0x4, toolType: 0
12-12 00:55:52.039  2841  2907 I InputDispatcher: Delivering touch to (17695): action: 0x0, toolType: 0
12-12 00:55:52.044 17695 17695 D ViewRootImpl: ViewPostImeInputStage ACTION_DOWN
12-12 00:55:52.044  2841  2907 I InputDispatcher: Delivering touch to (17695): action: 0x1, toolType: 0
12-12 00:55:52.099 17665 17665 I Timeline: Timeline: Activity_launch_request id:com.example.snoopy time:3846582
12-12 00:55:52.099  2841  3601 D CustomFrequencyManagerService: releaseDVFSLockLocked : Getting Lock type frm List : DVFS_MIN_LIMIT  frequency : 1105000  uid : 1000  pid : 2841  tag : ACTIVITY_RESUME_BOOSTER@6
12-12 00:55:52.099  2841  3601 D CustomFrequencyManagerService: acquireDVFSLockLocked : type : DVFS_MIN_LIMIT  frequency : 1105000  uid : 1000  pid : 2841  pkgName : ACTIVITY_RESUME_BOOSTER@6
12-12 00:55:52.099  2841  3601 D ActivityManager: mDVFSHelper.acquire()
12-12 00:55:52.159  2841  2907 I InputDispatcher: Delivering touch to (2993): action: 0x4, toolType: 0
12-12 00:55:52.159  2841  2907 I InputDispatcher: Delivering touch to (17695): action: 0x0, toolType: 0
12-12 00:55:52.159 17695 17695 D ViewRootImpl: ViewPostImeInputStage ACTION_DOWN
12-12 00:55:52.159  2841  2907 I InputDispatcher: Delivering touch to (17695): action: 0x1, toolType: 0
12-12 00:55:52.194  2841  3593 I EDMNativeHelperService: isScreenCaptureEnabled
12-12 00:55:52.214  2841  2907 I InputDispatcher: Delivering touch to (2993): action: 0x4, toolType: 0
12-12 00:55:52.214  2841  2907 I InputDispatcher: Delivering touch to (17695): action: 0x0, toolType: 0
12-12 00:55:52.214 17695 17695 D ViewRootImpl: ViewPostImeInputStage ACTION_DOWN
12-12 00:55:52.219  2841  2907 I InputDispatcher: Delivering touch to (17695): action: 0x1, toolType: 0
12-12 00:55:52.274  2841  2907 I InputDispatcher: Delivering touch to (2993): action: 0x4, toolType: 0
12-12 00:55:52.274  2841  2907 I InputDispatcher: Delivering touch to (17695): action: 0x0, toolType: 0
12-12 00:55:52.274 17695 17695 D ViewRootImpl: ViewPostImeInputStage ACTION_DOWN
12-12 00:55:52.284  2841  2907 I InputDispatcher: Delivering touch to (17695): action: 0x1, toolType: 0
12-12 00:55:52.339  2841  2907 I InputDispatcher: Delivering touch to (2993): action: 0x4, toolType: 0
12-12 00:55:52.339  2841  2907 I InputDispatcher: Delivering touch to (17695): action: 0x0, toolType: 0
12-12 00:55:52.339 17695 17695 D ViewRootImpl: ViewPostImeInputStage ACTION_DOWN
12-12 00:55:52.339  2841  2907 I InputDispatcher: Delivering touch to (17695): action: 0x1, toolType: 0
12-12 00:55:52.389  2841  2907 I InputDispatcher: Delivering touch to (2993): action: 0x4, toolType: 0
12-12 00:55:52.389  2841  2907 I InputDispatcher: Delivering touch to (17695): action: 0x0, toolType: 0
12-12 00:55:52.394 17695 17695 D ViewRootImpl: ViewPostImeInputStage ACTION_DOWN
12-12 00:55:52.394  2841  2907 I InputDispatcher: Delivering touch to (17695): action: 0x1, toolType: 0
12-12 00:55:52.444  2841  2907 I InputDispatcher: Delivering touch to (2993): action: 0x4, toolType: 0
12-12 00:55:52.444  2841  2907 I InputDispatcher: Delivering touch to (17695): action: 0x0, toolType: 0
12-12 00:55:52.444 17695 17695 D ViewRootImpl: ViewPostImeInputStage ACTION_DOWN
12-12 00:55:52.449  2841  2907 I InputDispatcher: Delivering touch to (17695): action: 0x1, toolType: 0
12-12 00:55:52.464 17695 17712 I art     : Explicit concurrent mark sweep GC freed 1178(66KB) AllocSpace objects, 1(16KB) LOS objects, 30% free, 4MB/6MB, paused 574us total 25.384ms
12-12 00:55:52.499  2841  2907 I InputDispatcher: Delivering touch to (2993): action: 0x4, toolType: 0
12-12 00:55:52.499  2841  2907 I InputDispatcher: Delivering touch to (17695): action: 0x0, toolType: 0
12-12 00:55:52.499 17695 17695 D ViewRootImpl: ViewPostImeInputStage ACTION_DOWN
12-12 00:55:52.504  2841  2907 I InputDispatcher: Delivering touch to (17695): action: 0x1, toolType: 0
12-12 00:55:52.549 17695 17712 I art     : Explicit concurrent mark sweep GC freed 24(776B) AllocSpace objects, 0(0B) LOS objects, 30% free, 4MB/6MB, paused 615us total 23.922ms
12-12 00:55:52.554  2841  2907 I InputDispatcher: Delivering touch to (2993): action: 0x4, toolType: 0
12-12 00:55:52.554  2841  2907 I InputDispatcher: Delivering touch to (17695): action: 0x0, toolType: 0
12-12 00:55:52.554 17695 17695 D ViewRootImpl: ViewPostImeInputStage ACTION_DOWN
12-12 00:55:52.564  2841  2907 I InputDispatcher: Delivering touch to (17695): action: 0x1, toolType: 0
12-12 00:55:52.614  2841  2907 I InputDispatcher: Delivering touch to (2993): action: 0x4, toolType: 0
12-12 00:55:52.614  2841  2907 I InputDispatcher: Delivering touch to (17695): action: 0x0, toolType: 0
12-12 00:55:52.614 17695 17695 D ViewRootImpl: ViewPostImeInputStage ACTION_DOWN
12-12 00:55:52.619  2841  2907 I InputDispatcher: Delivering touch to (17695): action: 0x1, toolType: 0
12-12 00:55:52.634 17695 17712 I art     : Explicit concurrent mark sweep GC freed 19(480B) AllocSpace objects, 0(0B) LOS objects, 30% free, 4MB/6MB, paused 626us total 23.950ms
12-12 00:55:52.674  2841  2907 I InputDispatcher: Delivering touch to (2993): action: 0x4, toolType: 0
12-12 00:55:52.674  2841  2907 I InputDispatcher: Delivering touch to (17695): action: 0x0, toolType: 0
12-12 00:55:52.674 17695 17695 D ViewRootImpl: ViewPostImeInputStage ACTION_DOWN
12-12 00:55:52.679  2841  2907 I InputDispatcher: Delivering touch to (17695): action: 0x1, toolType: 0
12-12 00:55:52.714 17695 17712 I art     : Explicit concurrent mark sweep GC freed 11(288B) AllocSpace objects, 0(0B) LOS objects, 30% free, 4MB/6MB, paused 563us total 23.934ms
12-12 00:55:52.729  2841  2907 I InputDispatcher: Delivering touch to (2993): action: 0x4, toolType: 0
12-12 00:55:52.729  2841  2907 I InputDispatcher: Delivering touch to (17695): action: 0x0, toolType: 0
12-12 00:55:52.729 17695 17695 D ViewRootImpl: ViewPostImeInputStage ACTION_DOWN
12-12 00:55:52.739  2841  2907 I InputDispatcher: Delivering touch to (17695): action: 0x1, toolType: 0
12-12 00:55:52.789  2841  2907 I InputDispatcher: Delivering touch to (2993): action: 0x4, toolType: 0
12-12 00:55:52.789  2841  2907 I InputDispatcher: Delivering touch to (17695): action: 0x0, toolType: 0
12-12 00:55:52.794 17695 17695 D ViewRootImpl: ViewPostImeInputStage ACTION_DOWN
12-12 00:55:52.794  2841  2907 I InputDispatcher: Delivering touch to (17695): action: 0x1, toolType: 0
12-12 00:55:52.799 17695 17712 I art     : Explicit concurrent mark sweep GC freed 17(432B) AllocSpace objects, 0(0B) LOS objects, 30% free, 4MB/6MB, paused 558us total 23.771ms
12-12 00:55:52.844  2841  2907 I InputDispatcher: Delivering touch to (2993): action: 0x4, toolType: 0
12-12 00:55:52.844  2841  2907 I InputDispatcher: Delivering touch to (17695): action: 0x0, toolType: 0
12-12 00:55:52.844 17695 17695 D ViewRootImpl: ViewPostImeInputStage ACTION_DOWN
12-12 00:55:52.849  2841  2907 I InputDispatcher: Delivering touch to (17695): action: 0x1, toolType: 0
12-12 00:55:52.899  2841  2907 I InputDispatcher: Delivering touch to (2993): action: 0x4, toolType: 0
12-12 00:55:52.899  2841  2907 I InputDispatcher: Delivering touch to (17695): action: 0x0, toolType: 0
12-12 00:55:52.899 17695 17695 D ViewRootImpl: ViewPostImeInputStage ACTION_DOWN
12-12 00:55:52.904  2841  2907 I InputDispatcher: Delivering touch to (17695): action: 0x1, toolType: 0
12-12 00:55:52.929  2841  3594 I EDMNativeHelperService: isScreenCaptureEnabled
12-12 00:55:52.954  2841  2907 I InputDispatcher: Delivering touch to (2993): action: 0x4, toolType: 0
12-12 00:55:52.954  2841  2907 I InputDispatcher: Delivering touch to (17695): action: 0x0, toolType: 0
12-12 00:55:52.954 17695 17695 D ViewRootImpl: ViewPostImeInputStage ACTION_DOWN
12-12 00:55:52.964  2841  2907 I InputDispatcher: Delivering touch to (17695): action: 0x1, toolType: 0
12-12 00:55:53.014 17665 17665 I Timeline: Timeline: Activity_launch_request id:com.example.snoopy time:3847502
12-12 00:55:53.019  2841  2858 D CustomFrequencyManagerService: releaseDVFSLockLocked : Getting Lock type frm List : DVFS_MIN_LIMIT  frequency : 1105000  uid : 1000  pid : 2841  tag : ACTIVITY_RESUME_BOOSTER@6
12-12 00:55:53.019  2841  2858 D CustomFrequencyManagerService: acquireDVFSLockLocked : type : DVFS_MIN_LIMIT  frequency : 1105000  uid : 1000  pid : 2841  pkgName : ACTIVITY_RESUME_BOOSTER@6
12-12 00:55:53.019  2841  2858 D ActivityManager: mDVFSHelper.acquire()
12-12 00:55:53.079  2841  2907 I InputDispatcher: Delivering touch to (2993): action: 0x4, toolType: 0
12-12 00:55:53.079  2841  2907 I InputDispatcher: Delivering touch to (17695): action: 0x0, toolType: 0
12-12 00:55:53.079 17695 17695 D ViewRootImpl: ViewPostImeInputStage ACTION_DOWN
12-12 00:55:53.079  2841  2907 I InputDispatcher: Delivering touch to (17695): action: 0x1, toolType: 0
12-12 00:55:53.134  2841  2907 I InputDispatcher: Delivering touch to (2993): action: 0x4, toolType: 0
12-12 00:55:53.134  2841  2907 I InputDispatcher: Delivering touch to (17695): action: 0x0, toolType: 0
12-12 00:55:53.134 17695 17695 D ViewRootImpl: ViewPostImeInputStage ACTION_DOWN
12-12 00:55:53.139  2841  2907 I InputDispatcher: Delivering touch to (17695): action: 0x1, toolType: 0
12-12 00:55:53.189  2841  2907 I InputDispatcher: Delivering touch to (2993): action: 0x4, toolType: 0
12-12 00:55:53.189  2841  2907 I InputDispatcher: Delivering touch to (17695): action: 0x0, toolType: 0
12-12 00:55:53.189 17695 17695 D ViewRootImpl: ViewPostImeInputStage ACTION_DOWN
12-12 00:55:53.189  2841  2907 I InputDispatcher: Delivering touch to (17695): action: 0x1, toolType: 0
12-12 00:55:53.244 17665 17665 I Timeline: Timeline: Activity_launch_request id:com.example.snoopy time:3847731
12-12 00:55:53.249  2841  3418 D CustomFrequencyManagerService: releaseDVFSLockLocked : Getting Lock type frm List : DVFS_MIN_LIMIT  frequency : 1105000  uid : 1000  pid : 2841  tag : ACTIVITY_RESUME_BOOSTER@6
12-12 00:55:53.249  2841  3418 D CustomFrequencyManagerService: acquireDVFSLockLocked : type : DVFS_MIN_LIMIT  frequency : 1105000  uid : 1000  pid : 2841  pkgName : ACTIVITY_RESUME_BOOSTER@6
12-12 00:55:53.249  2841  3418 D ActivityManager: mDVFSHelper.acquire()
12-12 00:55:53.309  2841  2907 I InputDispatcher: Delivering touch to (2993): action: 0x4, toolType: 0
12-12 00:55:53.309  2841  2907 I InputDispatcher: Delivering touch to (17695): action: 0x0, toolType: 0
12-12 00:55:53.309 17695 17695 D ViewRootImpl: ViewPostImeInputStage ACTION_DOWN
12-12 00:55:53.319  2841  2907 I InputDispatcher: Delivering touch to (17695): action: 0x1, toolType: 0
12-12 00:55:53.374  2841  2907 I InputDispatcher: Delivering touch to (2993): action: 0x4, toolType: 0
12-12 00:55:53.374  2841  2907 I InputDispatcher: Delivering touch to (17695): action: 0x0, toolType: 0
12-12 00:55:53.374 17695 17695 D ViewRootImpl: ViewPostImeInputStage ACTION_DOWN
12-12 00:55:53.374  2841  2907 I InputDispatcher: Delivering touch to (17695): action: 0x1, toolType: 0
12-12 00:55:53.424  2841  2907 I InputDispatcher: Delivering touch to (2993): action: 0x4, toolType: 0
12-12 00:55:53.424  2841  2907 I InputDispatcher: Delivering touch to (17695): action: 0x0, toolType: 0
12-12 00:55:53.424 17695 17695 D ViewRootImpl: ViewPostImeInputStage ACTION_DOWN
12-12 00:55:53.429  2841  2907 I InputDispatcher: Delivering touch to (17695): action: 0x1, toolType: 0
12-12 00:55:53.479  2841  2907 I InputDispatcher: Delivering touch to (2993): action: 0x4, toolType: 0
12-12 00:55:53.479  2841  2907 I InputDispatcher: Delivering touch to (17695): action: 0x0, toolType: 0
12-12 00:55:53.479 17695 17695 D ViewRootImpl: ViewPostImeInputStage ACTION_DOWN
12-12 00:55:53.484  2841  2907 I InputDispatcher: Delivering touch to (17695): action: 0x1, toolType: 0
12-12 00:55:53.534  2841  2907 I InputDispatcher: Delivering touch to (2993): action: 0x4, toolType: 0
12-12 00:55:53.534  2841  2907 I InputDispatcher: Delivering touch to (17695): action: 0x0, toolType: 0
12-12 00:55:53.534 17695 17695 D ViewRootImpl: ViewPostImeInputStage ACTION_DOWN
12-12 00:55:53.544  2841  2907 I InputDispatcher: Delivering touch to (17695): action: 0x1, toolType: 0
12-12 00:55:53.599  2841  2907 I InputDispatcher: Delivering touch to (2993): action: 0x4, toolType: 0
12-12 00:55:53.599  2841  2907 I InputDispatcher: Delivering touch to (17695): action: 0x0, toolType: 0
12-12 00:55:53.599 17695 17695 D ViewRootImpl: ViewPostImeInputStage ACTION_DOWN
12-12 00:55:53.604  2841  2907 I InputDispatcher: Delivering touch to (17695): action: 0x1, toolType: 0
12-12 00:55:53.654  2841  2907 I InputDispatcher: Delivering touch to (2993): action: 0x4, toolType: 0
12-12 00:55:53.654  2841  2907 I InputDispatcher: Delivering touch to (17695): action: 0x0, toolType: 0
12-12 00:55:53.654 17695 17695 D ViewRootImpl: ViewPostImeInputStage ACTION_DOWN
12-12 00:55:53.654  2841  2907 I InputDispatcher: Delivering touch to (17695): action: 0x1, toolType: 0
12-12 00:55:53.709  2841  2907 I InputDispatcher: Delivering touch to (2993): action: 0x4, toolType: 0
12-12 00:55:53.709  2841  2907 I InputDispatcher: Delivering touch to (17695): action: 0x0, toolType: 0
12-12 00:55:53.709 17695 17695 D ViewRootImpl: ViewPostImeInputStage ACTION_DOWN
12-12 00:55:53.714  2841  2907 I InputDispatcher: Delivering touch to (17695): action: 0x1, toolType: 0
12-12 00:55:53.769 17665 17665 I Timeline: Timeline: Activity_launch_request id:com.example.snoopy time:3848256
12-12 00:55:53.774  2841  3589 D CustomFrequencyManagerService: releaseDVFSLockLocked : Getting Lock type frm List : DVFS_MIN_LIMIT  frequency : 1105000  uid : 1000  pid : 2841  tag : ACTIVITY_RESUME_BOOSTER@6
12-12 00:55:53.774  2841  3589 D CustomFrequencyManagerService: acquireDVFSLockLocked : type : DVFS_MIN_LIMIT  frequency : 1105000  uid : 1000  pid : 2841  pkgName : ACTIVITY_RESUME_BOOSTER@6
12-12 00:55:53.774  2841  3589 D ActivityManager: mDVFSHelper.acquire()
12-12 00:55:53.819  2841  3266 D ActivityManager: startService callerProcessName:com.google.android.gms, calleePkgName: com.google.android.gms
12-12 00:55:53.834  2841  2907 I InputDispatcher: Delivering touch to (2993): action: 0x4, toolType: 0
12-12 00:55:53.834  2841  2907 I InputDispatcher: Delivering touch to (17695): action: 0x0, toolType: 0
12-12 00:55:53.834 17695 17695 D ViewRootImpl: ViewPostImeInputStage ACTION_DOWN
12-12 00:55:53.834  2841  2907 I InputDispatcher: Delivering touch to (17695): action: 0x1, toolType: 0
12-12 00:55:53.849  2841  2858 D ActivityManager: startService callerProcessName:com.google.android.gms, calleePkgName: com.google.android.gms
12-12 00:55:53.854 14141 14460 I Icing   : IndexChimeraService.getServiceInterface callingPackage=com.google.android.music componentName=null serviceId=36
12-12 00:55:53.889  2841  2907 I InputDispatcher: Delivering touch to (2993): action: 0x4, toolType: 0
12-12 00:55:53.889  2841  2907 I InputDispatcher: Delivering touch to (17695): action: 0x0, toolType: 0
12-12 00:55:53.889 17695 17695 D ViewRootImpl: ViewPostImeInputStage ACTION_DOWN
12-12 00:55:53.889 14141 14358 I Icing   : updateResources: need to parse uos{com.google.android.music}
12-12 00:55:53.904  2841  2907 I InputDispatcher: Delivering touch to (17695): action: 0x1, toolType: 0
12-12 00:55:53.959  2841  2907 I InputDispatcher: Delivering touch to (2993): action: 0x4, toolType: 0
12-12 00:55:53.959  2841  2907 I InputDispatcher: Delivering touch to (17695): action: 0x0, toolType: 0
12-12 00:55:53.959 17695 17695 D ViewRootImpl: ViewPostImeInputStage ACTION_DOWN
12-12 00:55:53.964  2841  2907 I InputDispatcher: Delivering touch to (17695): action: 0x1, toolType: 0
12-12 00:55:54.019  2841  2907 I InputDispatcher: Delivering touch to (2993): action: 0x4, toolType: 0
12-12 00:55:54.019  2841  2907 I InputDispatcher: Delivering touch to (17695): action: 0x0, toolType: 0
12-12 00:55:54.019 17695 17695 D ViewRootImpl: ViewPostImeInputStage ACTION_DOWN
12-12 00:55:54.019  2841  2907 I InputDispatcher: Delivering touch to (17695): action: 0x1, toolType: 0
12-12 00:55:54.074  2841  2907 I InputDispatcher: Delivering touch to (2993): action: 0x4, toolType: 0
12-12 00:55:54.074  2841  2907 I InputDispatcher: Delivering touch to (17695): action: 0x0, toolType: 0
12-12 00:55:54.074 17695 17695 D ViewRootImpl: ViewPostImeInputStage ACTION_DOWN
12-12 00:55:54.074  2841  2907 I InputDispatcher: Delivering touch to (17695): action: 0x1, toolType: 0
12-12 00:55:54.129  2841  2907 I InputDispatcher: Delivering touch to (2993): action: 0x4, toolType: 0
12-12 00:55:54.129  2841  2907 I InputDispatcher: Delivering touch to (17695): action: 0x0, toolType: 0
12-12 00:55:54.129 17695 17695 D ViewRootImpl: ViewPostImeInputStage ACTION_DOWN
12-12 00:55:54.139  2841  2907 I InputDispatcher: Delivering touch to (17695): action: 0x1, toolType: 0
12-12 00:55:54.139  2841  3600 I EDMNativeHelperService: isScreenCaptureEnabled
12-12 00:55:54.189 17665 17665 I Timeline: Timeline: Activity_launch_request id:com.example.snoopy time:3848678
12-12 00:55:54.194  2841  2858 D CustomFrequencyManagerService: releaseDVFSLockLocked : Getting Lock type frm List : DVFS_MIN_LIMIT  frequency : 1105000  uid : 1000  pid : 2841  tag : ACTIVITY_RESUME_BOOSTER@6
12-12 00:55:54.199  2841  2858 D CustomFrequencyManagerService: acquireDVFSLockLocked : type : DVFS_MIN_LIMIT  frequency : 1105000  uid : 1000  pid : 2841  pkgName : ACTIVITY_RESUME_BOOSTER@6
12-12 00:55:54.199  2841  2858 D ActivityManager: mDVFSHelper.acquire()
12-12 00:55:54.239  2841  3589 D ActivityManager: startService callerProcessName:com.google.android.gms, calleePkgName: com.google.android.gms
12-12 00:55:54.239 14141 14358 I Icing   : Usage reports ok 0, Failed Usage reports 0, indexed 0, rejected 0, imm upload false
12-12 00:55:54.244 14141 14358 I Icing   : Indexing 528AE04330C04D54E54939FF0D6F405F521E7096 from com.google.android.music
12-12 00:55:54.254  2841  2907 I InputDispatcher: Delivering touch to (2993): action: 0x4, toolType: 0
12-12 00:55:54.254  2841  2907 I InputDispatcher: Delivering touch to (17695): action: 0x0, toolType: 0
12-12 00:55:54.264 17695 17695 D ViewRootImpl: ViewPostImeInputStage ACTION_DOWN
12-12 00:55:54.269  2841  2907 I InputDispatcher: Delivering touch to (17695): action: 0x1, toolType: 0
12-12 00:55:54.284 17695 17706 I art     : Explicit concurrent mark sweep GC freed 1182(66KB) AllocSpace objects, 1(16KB) LOS objects, 30% free, 4MB/6MB, paused 676us total 29.035ms
12-12 00:55:54.339  2841  2907 I InputDispatcher: Delivering touch to (2993): action: 0x4, toolType: 0
12-12 00:55:54.339  2841  2907 I InputDispatcher: Delivering touch to (17695): action: 0x0, toolType: 0
12-12 00:55:54.339 17695 17695 D ViewRootImpl: ViewPostImeInputStage ACTION_DOWN
12-12 00:55:54.339  2841  2907 I InputDispatcher: Delivering touch to (17695): action: 0x1, toolType: 0
12-12 00:55:54.379 17695 17706 I art     : Explicit concurrent mark sweep GC freed 24(776B) AllocSpace objects, 0(0B) LOS objects, 30% free, 4MB/6MB, paused 585us total 24.074ms
12-12 00:55:54.389 17665 17665 I Timeline: Timeline: Activity_launch_request id:com.example.snoopy time:3848879
12-12 00:55:54.394 14141 14460 I Icing   : IndexChimeraService.getServiceInterface callingPackage=com.google.android.music componentName=null serviceId=36
12-12 00:55:54.399  2841  2857 D CustomFrequencyManagerService: releaseDVFSLockLocked : Getting Lock type frm List : DVFS_MIN_LIMIT  frequency : 1105000  uid : 1000  pid : 2841  tag : ACTIVITY_RESUME_BOOSTER@6
12-12 00:55:54.399  2841  2857 D CustomFrequencyManagerService: acquireDVFSLockLocked : type : DVFS_MIN_LIMIT  frequency : 1105000  uid : 1000  pid : 2841  pkgName : ACTIVITY_RESUME_BOOSTER@6
12-12 00:55:54.404  2841  2857 D ActivityManager: mDVFSHelper.acquire()
12-12 00:55:54.409 14141 14358 I Icing   : Indexing done 528AE04330C04D54E54939FF0D6F405F521E7096
12-12 00:55:54.409 14141 14358 I Icing   : Indexing D245FF40C13B69164FD5C38D3EBD2357B6FCF689 from com.google.android.music
12-12 00:55:54.464 14141 14257 I Icing   : IndexChimeraService.getServiceInterface callingPackage=com.google.android.music componentName=null serviceId=36
12-12 00:55:54.469 17695 17706 I art     : Explicit concurrent mark sweep GC freed 3(96B) AllocSpace objects, 0(0B) LOS objects, 30% free, 4MB/6MB, paused 655us total 25.257ms
12-12 00:55:54.469  2841  2907 I InputDispatcher: Delivering touch to (2993): action: 0x4, toolType: 0
12-12 00:55:54.469  2841  2907 I InputDispatcher: Delivering touch to (17695): action: 0x0, toolType: 0
12-12 00:55:54.469 17695 17695 D ViewRootImpl: ViewPostImeInputStage ACTION_DOWN
12-12 00:55:54.474  2841  2907 I InputDispatcher: Delivering touch to (17695): action: 0x1, toolType: 0
12-12 00:55:54.484 14141 14358 I Icing   : Indexing done D245FF40C13B69164FD5C38D3EBD2357B6FCF689
12-12 00:55:54.484 14141 14358 I Icing   : Indexing 0F3C9DE3256CC61867851696ED82A871D0369013 from com.google.android.music
12-12 00:55:54.494 14141 14460 I Icing   : IndexChimeraService.getServiceInterface callingPackage=com.google.android.music componentName=null serviceId=36
12-12 00:55:54.524  2841  2907 I InputDispatcher: Delivering touch to (2993): action: 0x4, toolType: 0
12-12 00:55:54.524  2841  2907 I InputDispatcher: Delivering touch to (17695): action: 0x0, toolType: 0
12-12 00:55:54.529 17695 17695 D ViewRootImpl: ViewPostImeInputStage ACTION_DOWN
12-12 00:55:54.529  2841  2907 I InputDispatcher: Delivering touch to (17695): action: 0x1, toolType: 0
12-12 00:55:54.539 14141 14460 I Icing   : IndexChimeraService.getServiceInterface callingPackage=com.google.android.music componentName=null serviceId=36
12-12 00:55:54.554 17695 17706 I art     : Explicit concurrent mark sweep GC freed 13(336B) AllocSpace objects, 0(0B) LOS objects, 30% free, 4MB/6MB, paused 738us total 24.888ms
12-12 00:55:54.559 14141 14358 I Icing   : Indexing done 0F3C9DE3256CC61867851696ED82A871D0369013
12-12 00:55:54.564 14141 14358 I Icing   : Indexing EA3BDBEEDD4FFA5CD2595BFACEC1DC5321C626F9 from com.google.android.music
12-12 00:55:54.574 14141 14460 I Icing   : IndexChimeraService.getServiceInterface callingPackage=com.google.android.music componentName=null serviceId=36
12-12 00:55:54.584  2841  2907 I InputDispatcher: Delivering touch to (2993): action: 0x4, toolType: 0
12-12 00:55:54.584  2841  2907 I InputDispatcher: Delivering touch to (17695): action: 0x0, toolType: 0
12-12 00:55:54.584 17695 17695 D ViewRootImpl: ViewPostImeInputStage ACTION_DOWN
12-12 00:55:54.584  2841  2907 I InputDispatcher: Delivering touch to (17695): action: 0x1, toolType: 0
12-12 00:55:54.629 14141 14460 I Icing   : IndexChimeraService.getServiceInterface callingPackage=com.google.android.music componentName=null serviceId=36
12-12 00:55:54.639  2841  2907 I InputDispatcher: Delivering touch to (2993): action: 0x4, toolType: 0
12-12 00:55:54.639  2841  2907 I InputDispatcher: Delivering touch to (17695): action: 0x0, toolType: 0
12-12 00:55:54.639 17695 17706 I art     : Explicit concurrent mark sweep GC freed 9(240B) AllocSpace objects, 0(0B) LOS objects, 30% free, 4MB/6MB, paused 673us total 25.412ms
12-12 00:55:54.639 17695 17695 D ViewRootImpl: ViewPostImeInputStage ACTION_DOWN
12-12 00:55:54.644  2841  2907 I InputDispatcher: Delivering touch to (17695): action: 0x1, toolType: 0
12-12 00:55:54.664 14141 14358 I Icing   : Indexing done EA3BDBEEDD4FFA5CD2595BFACEC1DC5321C626F9
12-12 00:55:54.664 14141 14358 I Icing   : Indexing F1EAB3B2A9667FDE369636E97EB393EE5B67FBAC from com.google.android.music
12-12 00:55:54.699  2841  2907 I InputDispatcher: Delivering touch to (2993): action: 0x4, toolType: 0
12-12 00:55:54.699  2841  2907 I InputDispatcher: Delivering touch to (17695): action: 0x0, toolType: 0
12-12 00:55:54.699 17695 17695 D ViewRootImpl: ViewPostImeInputStage ACTION_DOWN
12-12 00:55:54.699  2841  2907 I InputDispatcher: Delivering touch to (17695): action: 0x1, toolType: 0
12-12 00:55:54.709 14141 14358 I Icing   : Indexing done F1EAB3B2A9667FDE369636E97EB393EE5B67FBAC
12-12 00:55:54.714 14141 14358 I Icing   : Indexing 60DAAB7DF8F9F2E63A2A1678DD6606CD489C1062 from com.google.android.music
12-12 00:55:54.754 14141 14358 I Icing   : Indexing done 60DAAB7DF8F9F2E63A2A1678DD6606CD489C1062
12-12 00:55:54.754  2841  2907 I InputDispatcher: Delivering touch to (2993): action: 0x4, toolType: 0
12-12 00:55:54.754  2841  2907 I InputDispatcher: Delivering touch to (17695): action: 0x0, toolType: 0
12-12 00:55:54.754 14141 14358 I Icing   : Indexing 7951A5B97DB9B489C61C7D70B22CFF029ACCB112 from com.google.android.music
12-12 00:55:54.754 17695 17695 D ViewRootImpl: ViewPostImeInputStage ACTION_DOWN
12-12 00:55:54.764  2841  2907 I InputDispatcher: Delivering touch to (17695): action: 0x1, toolType: 0
12-12 00:55:54.794 14141 14358 I Icing   : Indexing done 7951A5B97DB9B489C61C7D70B22CFF029ACCB112
12-12 00:55:54.804  2841  3104 D ActivityManager: startService callerProcessName:com.google.android.gms, calleePkgName: com.google.android.gms
12-12 00:55:54.804 14141 14358 I Icing   : Usage reports ok 0, Failed Usage reports 0, indexed 0, rejected 0, imm upload false
12-12 00:55:54.809  2841  3523 D ActivityManager: startService callerProcessName:com.google.android.gms, calleePkgName: com.google.android.gms
12-12 00:55:54.814 14141 14358 I Icing   : Usage reports ok 0, Failed Usage reports 0, indexed 0, rejected 0, imm upload false
12-12 00:55:54.819  2841  3274 D ActivityManager: startService callerProcessName:com.google.android.gms, calleePkgName: com.google.android.gms
12-12 00:55:54.819  2841  2907 I InputDispatcher: Delivering touch to (2993): action: 0x4, toolType: 0
12-12 00:55:54.819  2841  2907 I InputDispatcher: Delivering touch to (17695): action: 0x0, toolType: 0
12-12 00:55:54.819 17695 17695 D ViewRootImpl: ViewPostImeInputStage ACTION_DOWN
12-12 00:55:54.819  2841  2907 I InputDispatcher: Delivering touch to (17695): action: 0x1, toolType: 0
12-12 00:55:54.819 14141 14358 I Icing   : Usage reports ok 0, Failed Usage reports 0, indexed 0, rejected 0, imm upload false
12-12 00:55:54.824  2841  3589 D ActivityManager: startService callerProcessName:com.google.android.gms, calleePkgName: com.google.android.gms
12-12 00:55:54.829 14141 14358 I Icing   : Usage reports ok 0, Failed Usage reports 0, indexed 0, rejected 0, imm upload false
12-12 00:55:54.834  2841  2858 D ActivityManager: startService callerProcessName:com.google.android.gms, calleePkgName: com.google.android.gms
12-12 00:55:54.834 14141 14358 I Icing   : Usage reports ok 0, Failed Usage reports 0, indexed 0, rejected 0, imm upload false
12-12 00:55:54.839  2841  3600 D ActivityManager: startService callerProcessName:com.google.android.gms, calleePkgName: com.google.android.gms
12-12 00:55:54.844 14141 14358 I Icing   : Usage reports ok 0, Failed Usage reports 0, indexed 0, rejected 0, imm upload false
12-12 00:55:54.874  2841  2907 I InputDispatcher: Delivering touch to (2993): action: 0x4, toolType: 0
12-12 00:55:54.874  2841  2907 I InputDispatcher: Delivering touch to (17695): action: 0x0, toolType: 0
12-12 00:55:54.874 17695 17695 D ViewRootImpl: ViewPostImeInputStage ACTION_DOWN
12-12 00:55:54.884  2841  2907 I InputDispatcher: Delivering touch to (17695): action: 0x1, toolType: 0
12-12 00:55:54.939  2841  2907 I InputDispatcher: Delivering touch to (2993): action: 0x4, toolType: 0
12-12 00:55:54.939  2841  2907 I InputDispatcher: Delivering touch to (17695): action: 0x0, toolType: 0
12-12 00:55:54.939 17695 17695 D ViewRootImpl: ViewPostImeInputStage ACTION_DOWN
12-12 00:55:54.939  2841  2907 I InputDispatcher: Delivering touch to (17695): action: 0x1, toolType: 0
12-12 00:55:54.994  2841  2907 I InputDispatcher: Delivering touch to (2993): action: 0x4, toolType: 0
12-12 00:55:54.994  2841  2907 I InputDispatcher: Delivering touch to (17695): action: 0x0, toolType: 0
12-12 00:55:54.994 17695 17695 D ViewRootImpl: ViewPostImeInputStage ACTION_DOWN
12-12 00:55:54.994  2841  2907 I InputDispatcher: Delivering touch to (17695): action: 0x1, toolType: 0
12-12 00:55:55.024  2841  2934 I EDMNativeHelperService: isScreenCaptureEnabled
12-12 00:55:55.049  2841  2907 I InputDispatcher: Delivering touch to (2993): action: 0x4, toolType: 0
12-12 00:55:55.049  2841  2907 I InputDispatcher: Delivering touch to (17695): action: 0x0, toolType: 0
12-12 00:55:55.049 17695 17695 D ViewRootImpl: ViewPostImeInputStage ACTION_DOWN
12-12 00:55:55.059  2841  2907 I InputDispatcher: Delivering touch to (17695): action: 0x1, toolType: 0
12-12 00:55:55.114  2841  2907 I InputDispatcher: Delivering touch to (2993): action: 0x4, toolType: 0
12-12 00:55:55.114  2841  2907 I InputDispatcher: Delivering touch to (17695): action: 0x0, toolType: 0
12-12 00:55:55.114 17695 17695 D ViewRootImpl: ViewPostImeInputStage ACTION_DOWN
12-12 00:55:55.129  2841  2907 I InputDispatcher: Delivering touch to (17695): action: 0x1, toolType: 0
12-12 00:55:55.179  2841  2907 I InputDispatcher: Delivering touch to (2993): action: 0x4, toolType: 0
12-12 00:55:55.179  2841  2907 I InputDispatcher: Delivering touch to (17695): action: 0x0, toolType: 0
12-12 00:55:55.179 17695 17695 D ViewRootImpl: ViewPostImeInputStage ACTION_DOWN
12-12 00:55:55.184  2841  2907 I InputDispatcher: Delivering touch to (17695): action: 0x1, toolType: 0
12-12 00:55:55.234  2841  2907 I InputDispatcher: Delivering touch to (2993): action: 0x4, toolType: 0
12-12 00:55:55.234  2841  2907 I InputDispatcher: Delivering touch to (17695): action: 0x0, toolType: 0
12-12 00:55:55.234 17695 17695 D ViewRootImpl: ViewPostImeInputStage ACTION_DOWN
12-12 00:55:55.234  2841  2907 I InputDispatcher: Delivering touch to (17695): action: 0x1, toolType: 0
12-12 00:55:55.289  2841  2907 I InputDispatcher: Delivering touch to (2993): action: 0x4, toolType: 0
12-12 00:55:55.289  2841  2907 I InputDispatcher: Delivering touch to (17695): action: 0x0, toolType: 0
12-12 00:55:55.289 17695 17695 D ViewRootImpl: ViewPostImeInputStage ACTION_DOWN
12-12 00:55:55.289  2841  2907 I InputDispatcher: Delivering touch to (17695): action: 0x1, toolType: 0
12-12 00:55:55.344  2841  2907 I InputDispatcher: Delivering touch to (2993): action: 0x4, toolType: 0
12-12 00:55:55.344  2841  2907 I InputDispatcher: Delivering touch to (17695): action: 0x0, toolType: 0
12-12 00:55:55.344 17695 17695 D ViewRootImpl: ViewPostImeInputStage ACTION_DOWN
12-12 00:55:55.344  2841  2907 I InputDispatcher: Delivering touch to (17695): action: 0x1, toolType: 0
12-12 00:55:55.399  2841  2907 I InputDispatcher: Delivering touch to (2993): action: 0x4, toolType: 0
12-12 00:55:55.399  2841  2907 I InputDispatcher: Delivering touch to (17695): action: 0x0, toolType: 0
12-12 00:55:55.399 17695 17695 D ViewRootImpl: ViewPostImeInputStage ACTION_DOWN
12-12 00:55:55.399  2841  2907 I InputDispatcher: Delivering touch to (17695): action: 0x1, toolType: 0
12-12 00:55:55.454  2841  2907 I InputDispatcher: Delivering touch to (2993): action: 0x4, toolType: 0
12-12 00:55:55.454  2841  2907 I InputDispatcher: Delivering touch to (17695): action: 0x0, toolType: 0
12-12 00:55:55.454 17695 17695 D ViewRootImpl: ViewPostImeInputStage ACTION_DOWN
12-12 00:55:55.454  2841  2907 I InputDispatcher: Delivering touch to (17695): action: 0x1, toolType: 0
12-12 00:55:55.509  2841  2907 I InputDispatcher: Delivering touch to (2993): action: 0x4, toolType: 0
12-12 00:55:55.509  2841  2907 I InputDispatcher: Delivering touch to (17695): action: 0x0, toolType: 0
12-12 00:55:55.509 17695 17695 D ViewRootImpl: ViewPostImeInputStage ACTION_DOWN
12-12 00:55:55.514  2841  2907 I InputDispatcher: Delivering touch to (17695): action: 0x1, toolType: 0
12-12 00:55:55.544  2841  2870 W ProcessCpuTracker: Skipping unknown process pid 18102
12-12 00:55:55.564  2841  2907 I InputDispatcher: Delivering touch to (2993): action: 0x4, toolType: 0
12-12 00:55:55.564  2841  2907 I InputDispatcher: Delivering touch to (17695): action: 0x0, toolType: 0
12-12 00:55:55.564 17695 17695 D ViewRootImpl: ViewPostImeInputStage ACTION_DOWN
12-12 00:55:55.569  2841  2907 I InputDispatcher: Delivering touch to (17695): action: 0x1, toolType: 0
12-12 00:55:55.619  2841  2907 I InputDispatcher: Delivering touch to (2993): action: 0x4, toolType: 0
12-12 00:55:55.619  2841  2907 I InputDispatcher: Delivering touch to (17695): action: 0x0, toolType: 0
12-12 00:55:55.619 17695 17695 D ViewRootImpl: ViewPostImeInputStage ACTION_DOWN
12-12 00:55:55.619  2841  2907 I InputDispatcher: Delivering touch to (17695): action: 0x1, toolType: 0
12-12 00:55:55.674  2841  2907 I InputDispatcher: Delivering touch to (2993): action: 0x4, toolType: 0
12-12 00:55:55.674  2841  2907 I InputDispatcher: Delivering touch to (17695): action: 0x0, toolType: 0
12-12 00:55:55.674 17695 17695 D ViewRootImpl: ViewPostImeInputStage ACTION_DOWN
12-12 00:55:55.684  2841  2907 I InputDispatcher: Delivering touch to (17695): action: 0x1, toolType: 0
12-12 00:55:55.739  2841  2907 I InputDispatcher: Delivering touch to (2993): action: 0x4, toolType: 0
12-12 00:55:55.739  2841  2907 I InputDispatcher: Delivering touch to (17695): action: 0x0, toolType: 0
12-12 00:55:55.739 17695 17695 D ViewRootImpl: ViewPostImeInputStage ACTION_DOWN
12-12 00:55:55.739  2841  2907 I InputDispatcher: Delivering touch to (17695): action: 0x1, toolType: 0
12-12 00:55:55.789  2841  2907 I InputDispatcher: Delivering touch to (2993): action: 0x4, toolType: 0
12-12 00:55:55.789  2841  2907 I InputDispatcher: Delivering touch to (17695): action: 0x0, toolType: 0
12-12 00:55:55.794 17695 17695 D ViewRootImpl: ViewPostImeInputStage ACTION_DOWN
12-12 00:55:55.794  2841  2907 I InputDispatcher: Delivering touch to (17695): action: 0x1, toolType: 0
12-12 00:55:55.844  2841  2907 I InputDispatcher: Delivering touch to (2993): action: 0x4, toolType: 0
12-12 00:55:55.844  2841  2907 I InputDispatcher: Delivering touch to (17695): action: 0x0, toolType: 0
12-12 00:55:55.849 17695 17695 D ViewRootImpl: ViewPostImeInputStage ACTION_DOWN
12-12 00:55:55.849  2841  2907 I InputDispatcher: Delivering touch to (17695): action: 0x1, toolType: 0
12-12 00:55:55.899  2841  2907 I InputDispatcher: Delivering touch to (2993): action: 0x4, toolType: 0
12-12 00:55:55.899  2841  2907 I InputDispatcher: Delivering touch to (17695): action: 0x0, toolType: 0
12-12 00:55:55.899 17695 17695 D ViewRootImpl: ViewPostImeInputStage ACTION_DOWN
12-12 00:55:55.904  2841  2907 I InputDispatcher: Delivering touch to (17695): action: 0x1, toolType: 0
12-12 00:55:55.934 17695 17712 I art     : Explicit concurrent mark sweep GC freed 1184(66KB) AllocSpace objects, 1(16KB) LOS objects, 30% free, 4MB/6MB, paused 556us total 24.182ms
12-12 00:55:55.954  2841  2907 I InputDispatcher: Delivering touch to (2993): action: 0x4, toolType: 0
12-12 00:55:55.954  2841  2907 I InputDispatcher: Delivering touch to (17695): action: 0x0, toolType: 0
12-12 00:55:55.954 17695 17695 D ViewRootImpl: ViewPostImeInputStage ACTION_DOWN
12-12 00:55:55.959  2841  2907 I InputDispatcher: Delivering touch to (17695): action: 0x1, toolType: 0
12-12 00:55:55.984  2841  2868 D SensorService: [SO] -0.183 0.002 9.967
12-12 00:55:56.009  2841  2907 I InputDispatcher: Delivering touch to (2993): action: 0x4, toolType: 0
12-12 00:55:56.009  2841  2907 I InputDispatcher: Delivering touch to (17695): action: 0x0, toolType: 0
12-12 00:55:56.009 17695 17695 D ViewRootImpl: ViewPostImeInputStage ACTION_DOWN
12-12 00:55:56.014  2841  2907 I InputDispatcher: Delivering touch to (17695): action: 0x1, toolType: 0
12-12 00:55:56.019 17695 17712 I art     : Explicit concurrent mark sweep GC freed 36(1160B) AllocSpace objects, 0(0B) LOS objects, 30% free, 4MB/6MB, paused 593us total 25.395ms
12-12 00:55:56.064 17665 17665 I Timeline: Timeline: Activity_launch_request id:com.example.snoopy time:3850552
12-12 00:55:56.069  2841  3593 D CustomFrequencyManagerService: releaseDVFSLockLocked : Getting Lock type frm List : DVFS_MIN_LIMIT  frequency : 1105000  uid : 1000  pid : 2841  tag : ACTIVITY_RESUME_BOOSTER@6
12-12 00:55:56.069  2841  3593 D CustomFrequencyManagerService: acquireDVFSLockLocked : type : DVFS_MIN_LIMIT  frequency : 1105000  uid : 1000  pid : 2841  pkgName : ACTIVITY_RESUME_BOOSTER@6
12-12 00:55:56.069  2841  3593 D ActivityManager: mDVFSHelper.acquire()
12-12 00:55:56.079  2841  2857 I EDMNativeHelperService: isScreenCaptureEnabled
12-12 00:55:56.104 17695 17712 I art     : Explicit concurrent mark sweep GC freed 3(96B) AllocSpace objects, 0(0B) LOS objects, 30% free, 4MB/6MB, paused 587us total 25.437ms
12-12 00:55:56.129  2841  2907 I InputDispatcher: Delivering touch to (2993): action: 0x4, toolType: 0
12-12 00:55:56.129  2841  2907 I InputDispatcher: Delivering touch to (17695): action: 0x0, toolType: 0
12-12 00:55:56.129 17695 17695 D ViewRootImpl: ViewPostImeInputStage ACTION_DOWN
12-12 00:55:56.129  2841  2907 I InputDispatcher: Delivering touch to (17695): action: 0x1, toolType: 0
12-12 00:55:56.184  2841  2907 I InputDispatcher: Delivering touch to (2993): action: 0x4, toolType: 0
12-12 00:55:56.184  2841  2907 I InputDispatcher: Delivering touch to (17695): action: 0x0, toolType: 0
12-12 00:55:56.184 17695 17695 D ViewRootImpl: ViewPostImeInputStage ACTION_DOWN
12-12 00:55:56.189  2841  2907 I InputDispatcher: Delivering touch to (17695): action: 0x1, toolType: 0
12-12 00:55:56.194 17695 17712 I art     : Explicit concurrent mark sweep GC freed 15(384B) AllocSpace objects, 0(0B) LOS objects, 30% free, 4MB/6MB, paused 534us total 25.524ms
12-12 00:55:56.244  2841  2907 I InputDispatcher: Delivering touch to (2993): action: 0x4, toolType: 0
12-12 00:55:56.244  2841  2907 I InputDispatcher: Delivering touch to (17695): action: 0x0, toolType: 0
12-12 00:55:56.244 17695 17695 D ViewRootImpl: ViewPostImeInputStage ACTION_DOWN
12-12 00:55:56.244  2841  2907 I InputDispatcher: Delivering touch to (17695): action: 0x1, toolType: 0
12-12 00:55:56.284 17695 17712 I art     : Explicit concurrent mark sweep GC freed 9(240B) AllocSpace objects, 0(0B) LOS objects, 30% free, 4MB/6MB, paused 672us total 24.894ms
12-12 00:55:56.299  2841  2907 I InputDispatcher: Delivering touch to (2993): action: 0x4, toolType: 0
12-12 00:55:56.299  2841  2907 I InputDispatcher: Delivering touch to (17695): action: 0x0, toolType: 0
12-12 00:55:56.299 17695 17695 D ViewRootImpl: ViewPostImeInputStage ACTION_DOWN
12-12 00:55:56.299  2841  2907 I InputDispatcher: Delivering touch to (17695): action: 0x1, toolType: 0
