12-12 00:55:37.459 17695 17695 D ViewRootImpl: ViewPostImeInputStage ACTION_DOWN
12-12 00:55:37.459  2841  2907 I InputDispatcher: Delivering touch to (17695): action: 0x1, toolType: 0
12-12 00:55:37.514  2841  2907 I InputDispatcher: Delivering touch to (2993): action: 0x4, toolType: 0
12-12 00:55:37.514  2841  2907 I InputDispatcher: Delivering touch to (17695): action: 0x0, toolType: 0
12-12 00:55:37.514 17695 17695 D ViewRootImpl: ViewPostImeInputStage ACTION_DOWN
12-12 00:55:37.514  2841  2907 I InputDispatcher: Delivering touch to (17695): action: 0x1, toolType: 0
12-12 00:55:37.564  2841  2907 I InputDispatcher: Delivering touch to (2993): action: 0x4, toolType: 0
12-12 00:55:37.564  2841  2907 I InputDispatcher: Delivering touch to (17695): action: 0x0, toolType: 0
12-12 00:55:37.564 17695 17695 D ViewRootImpl: ViewPostImeInputStage ACTION_DOWN
12-12 00:55:37.569  2841  2907 I InputDispatcher: Delivering touch to (17695): action: 0x1, toolType: 0
12-12 00:55:37.619  2841  2907 I InputDispatcher: Delivering touch to (2993): action: 0x4, toolType: 0
12-12 00:55:37.619  2841  2907 I InputDispatcher: Delivering touch to (17695): action: 0x0, toolType: 0
12-12 00:55:37.619 17695 17695 D ViewRootImpl: ViewPostImeInputStage ACTION_DOWN
12-12 00:55:37.624  2841  2907 I InputDispatcher: Delivering touch to (17695): action: 0x1, toolType: 0
12-12 00:55:37.679  2841  2907 I InputDispatcher: Delivering touch to (2993): action: 0x4, toolType: 0
12-12 00:55:37.679  2841  2907 I InputDispatcher: Delivering touch to (17695): action: 0x0, toolType: 0
12-12 00:55:37.679  2841  2934 D BatteryService: !@BatteryListener : batteryPropertiesChanged!
12-12 00:55:37.679  2841  2934 D BatteryService: level:100, scale:100, status:5, health:2, present:true, voltage: 4386, temperature: 253, technology: Li-ion, AC powered:false, USB powered:true, POGO powered:false, Wireless powered:false, icon:17303397, invalid charger:0
12-12 00:55:37.679 17695 17695 D ViewRootImpl: ViewPostImeInputStage ACTION_DOWN
12-12 00:55:37.679  2841  2934 D BatteryService: online:4, current avg:96, charge type:2, power sharing:false, high voltage charger:false, capacity:280000, current_now:97
12-12 00:55:37.679  2841  2841 D BatteryService: Sending ACTION_BATTERY_CHANGED.
12-12 00:55:37.679  2841  2907 I InputDispatcher: Delivering touch to (17695): action: 0x1, toolType: 0
12-12 00:55:37.684  2841  2841 I MotionRecognitionService: Plugged
12-12 00:55:37.684  2841  2841 D MotionRecognitionService:   cableConnection= 1
12-12 00:55:37.684  2841  2841 D MotionRecognitionService: setPowerConnected | current backoffstate  = 0 , state =0
12-12 00:55:37.684  2841  2841 D MotionRecognitionService: skip setTransmitPower. 
12-12 00:55:37.684  2993  2993 D KeyguardUpdateMonitor: received broadcast android.intent.action.BATTERY_CHANGED
12-12 00:55:37.684  2993  2993 I PERF    : received broadcast android.intent.action.BATTERY_CHANGED
12-12 00:55:37.689  2993  2993 D KeyguardUpdateMonitor: handleBatteryUpdate
12-12 00:55:37.689  2993  2993 D BatteryMeterView: ACTION_BATTERY_CHANGED : level:100 status:5 health:2
12-12 00:55:37.694  2993  2993 D BatteryMeterView: ACTION_BATTERY_CHANGED : level:100 status:5 health:2
12-12 00:55:37.694  2993  2993 D BatteryMeterView: ACTION_BATTERY_CHANGED : level:100 status:5 health:2
12-12 00:55:37.694  3377  3377 D CommonServiceConfiguration: getStringValueSetting
12-12 00:55:37.704  3377  3377 D BatteryMonitor: new battery level: 100
12-12 00:55:37.704  2993  2993 D QSTile.TorchLightTile: ACTION_BATTERY_CHANGED - Level :: 100, Status :: 5
12-12 00:55:37.709 14648 14648 V HeadsetService: HeadsetService - Received Intent.ACTION_BATTERY_CHANGED
12-12 00:55:37.709 14648 14713 D HeadsetStateMachine: Disconnected process message: 10
12-12 00:55:37.734  2841  2907 I InputDispatcher: Delivering touch to (2993): action: 0x4, toolType: 0
12-12 00:55:37.734  2841  2907 I InputDispatcher: Delivering touch to (17695): action: 0x0, toolType: 0
12-12 00:55:37.734 17695 17695 D ViewRootImpl: ViewPostImeInputStage ACTION_DOWN
12-12 00:55:37.739  2841  2907 I InputDispatcher: Delivering touch to (17695): action: 0x1, toolType: 0
12-12 00:55:37.754  2841  3591 I EDMNativeHelperService: isScreenCaptureEnabled
12-12 00:55:37.794  2841  2907 I InputDispatcher: Delivering touch to (2993): action: 0x4, toolType: 0
12-12 00:55:37.794  2841  2907 I InputDispatcher: Delivering touch to (17695): action: 0x0, toolType: 0
12-12 00:55:37.794 17695 17695 D ViewRootImpl: ViewPostImeInputStage ACTION_DOWN
12-12 00:55:37.794  2841  2907 I InputDispatcher: Delivering touch to (17695): action: 0x1, toolType: 0
12-12 00:55:37.849  2841  2907 I InputDispatcher: Delivering touch to (2993): action: 0x4, toolType: 0
12-12 00:55:37.849  2841  2907 I InputDispatcher: Delivering touch to (17695): action: 0x0, toolType: 0
12-12 00:55:37.849 17695 17695 D ViewRootImpl: ViewPostImeInputStage ACTION_DOWN
12-12 00:55:37.864  2841  2907 I InputDispatcher: Delivering touch to (17695): action: 0x1, toolType: 0
12-12 00:55:37.919  2841  2907 I InputDispatcher: Delivering touch to (2993): action: 0x4, toolType: 0
12-12 00:55:37.919  2841  2907 I InputDispatcher: Delivering touch to (17695): action: 0x0, toolType: 0
12-12 00:55:37.919 17695 17695 D ViewRootImpl: ViewPostImeInputStage ACTION_DOWN
12-12 00:55:37.919  2841  2907 I InputDispatcher: Delivering touch to (17695): action: 0x1, toolType: 0
12-12 00:55:37.974  2841  2907 I InputDispatcher: Delivering touch to (2993): action: 0x4, toolType: 0
12-12 00:55:37.974  2841  2907 I InputDispatcher: Delivering touch to (17695): action: 0x0, toolType: 0
12-12 00:55:37.974 17695 17695 D ViewRootImpl: ViewPostImeInputStage ACTION_DOWN
12-12 00:55:37.984  2841  2907 I InputDispatcher: Delivering touch to (17695): action: 0x1, toolType: 0
12-12 00:55:38.034  2841  2907 I InputDispatcher: Delivering touch to (2993): action: 0x4, toolType: 0
12-12 00:55:38.034  2841  2907 I InputDispatcher: Delivering touch to (17695): action: 0x0, toolType: 0
12-12 00:55:38.034 17695 17695 D ViewRootImpl: ViewPostImeInputStage ACTION_DOWN
12-12 00:55:38.039  2841  2907 I InputDispatcher: Delivering touch to (17695): action: 0x1, toolType: 0
12-12 00:55:38.094  2841  2907 I InputDispatcher: Delivering touch to (2993): action: 0x4, toolType: 0
12-12 00:55:38.094  2841  2907 I InputDispatcher: Delivering touch to (17695): action: 0x0, toolType: 0
12-12 00:55:38.094 17695 17695 D ViewRootImpl: ViewPostImeInputStage ACTION_DOWN
12-12 00:55:38.094  2841  2907 I InputDispatcher: Delivering touch to (17695): action: 0x1, toolType: 0
12-12 00:55:38.149  2841  2907 I InputDispatcher: Delivering touch to (2993): action: 0x4, toolType: 0
12-12 00:55:38.149  2841  2907 I InputDispatcher: Delivering touch to (17695): action: 0x0, toolType: 0
12-12 00:55:38.149 17695 17695 D ViewRootImpl: ViewPostImeInputStage ACTION_DOWN
12-12 00:55:38.149  2841  2907 I InputDispatcher: Delivering touch to (17695): action: 0x1, toolType: 0
12-12 00:55:38.204  2841  2907 I InputDispatcher: Delivering touch to (2993): action: 0x4, toolType: 0
12-12 00:55:38.204  2841  2907 I InputDispatcher: Delivering touch to (17695): action: 0x0, toolType: 0
12-12 00:55:38.204 17695 17695 D ViewRootImpl: ViewPostImeInputStage ACTION_DOWN
12-12 00:55:38.204  2841  2907 I InputDispatcher: Delivering touch to (17695): action: 0x1, toolType: 0
12-12 00:55:38.259  2841  2907 I InputDispatcher: Delivering touch to (2993): action: 0x4, toolType: 0
12-12 00:55:38.259  2841  2907 I InputDispatcher: Delivering touch to (17695): action: 0x0, toolType: 0
12-12 00:55:38.259 17695 17695 D ViewRootImpl: ViewPostImeInputStage ACTION_DOWN
12-12 00:55:38.259  2841  2907 I InputDispatcher: Delivering touch to (17695): action: 0x1, toolType: 0
12-12 00:55:38.314  2841  2907 I InputDispatcher: Delivering touch to (2993): action: 0x4, toolType: 0
12-12 00:55:38.314  2841  2907 I InputDispatcher: Delivering touch to (17695): action: 0x0, toolType: 0
12-12 00:55:38.314 17695 17695 D ViewRootImpl: ViewPostImeInputStage ACTION_DOWN
12-12 00:55:38.319  2841  2907 I InputDispatcher: Delivering touch to (17695): action: 0x1, toolType: 0
12-12 00:55:38.374  2841  2907 I InputDispatcher: Delivering touch to (2993): action: 0x4, toolType: 0
12-12 00:55:38.374  2841  2907 I InputDispatcher: Delivering touch to (17695): action: 0x0, toolType: 0
12-12 00:55:38.374 17695 17695 D ViewRootImpl: ViewPostImeInputStage ACTION_DOWN
12-12 00:55:38.374  2841  2907 I InputDispatcher: Delivering touch to (17695): action: 0x1, toolType: 0
12-12 00:55:38.429  2841  2907 I InputDispatcher: Delivering touch to (2993): action: 0x4, toolType: 0
12-12 00:55:38.429  2841  2907 I InputDispatcher: Delivering touch to (17695): action: 0x0, toolType: 0
12-12 00:55:38.429 17695 17695 D ViewRootImpl: ViewPostImeInputStage ACTION_DOWN
12-12 00:55:38.434  2841  2907 I InputDispatcher: Delivering touch to (17695): action: 0x1, toolType: 0
12-12 00:55:38.489  2841  2907 I InputDispatcher: Delivering touch to (2993): action: 0x4, toolType: 0
12-12 00:55:38.489  2841  2907 I InputDispatcher: Delivering touch to (17695): action: 0x0, toolType: 0
12-12 00:55:38.489 17695 17695 D ViewRootImpl: ViewPostImeInputStage ACTION_DOWN
12-12 00:55:38.489  2841  2907 I InputDispatcher: Delivering touch to (17695): action: 0x1, toolType: 0
12-12 00:55:38.544  2841  2907 I InputDispatcher: Delivering touch to (2993): action: 0x4, toolType: 0
12-12 00:55:38.544  2841  2907 I InputDispatcher: Delivering touch to (17695): action: 0x0, toolType: 0
12-12 00:55:38.544 17695 17695 D ViewRootImpl: ViewPostImeInputStage ACTION_DOWN
12-12 00:55:38.554  2841  2907 I InputDispatcher: Delivering touch to (17695): action: 0x1, toolType: 0
12-12 00:55:38.609  2841  2907 I InputDispatcher: Delivering touch to (2993): action: 0x4, toolType: 0
12-12 00:55:38.609  2841  2907 I InputDispatcher: Delivering touch to (17695): action: 0x0, toolType: 0
12-12 00:55:38.609 17695 17695 D ViewRootImpl: ViewPostImeInputStage ACTION_DOWN
12-12 00:55:38.609  2841  2907 I InputDispatcher: Delivering touch to (17695): action: 0x1, toolType: 0
12-12 00:55:38.664  2841  2907 I InputDispatcher: Delivering touch to (2993): action: 0x4, toolType: 0
12-12 00:55:38.664  2841  2907 I InputDispatcher: Delivering touch to (17695): action: 0x0, toolType: 0
12-12 00:55:38.664 17695 17695 D ViewRootImpl: ViewPostImeInputStage ACTION_DOWN
12-12 00:55:38.664  2841  2907 I InputDispatcher: Delivering touch to (17695): action: 0x1, toolType: 0
12-12 00:55:38.719  2841  2907 I InputDispatcher: Delivering touch to (2993): action: 0x4, toolType: 0
12-12 00:55:38.719  2841  2907 I InputDispatcher: Delivering touch to (17695): action: 0x0, toolType: 0
12-12 00:55:38.719 17695 17695 D ViewRootImpl: ViewPostImeInputStage ACTION_DOWN
12-12 00:55:38.719  2841  2907 I InputDispatcher: Delivering touch to (17695): action: 0x1, toolType: 0
12-12 00:55:38.769  2841  2907 I InputDispatcher: Delivering touch to (2993): action: 0x4, toolType: 0
12-12 00:55:38.774  2841  2907 I InputDispatcher: Delivering touch to (17695): action: 0x0, toolType: 0
12-12 00:55:38.774 17695 17695 D ViewRootImpl: ViewPostImeInputStage ACTION_DOWN
12-12 00:55:38.774  2841  2907 I InputDispatcher: Delivering touch to (17695): action: 0x1, toolType: 0
12-12 00:55:38.809 17695 17706 I art     : Explicit concurrent mark sweep GC freed 1208(67KB) AllocSpace objects, 1(16KB) LOS objects, 30% free, 4MB/6MB, paused 544us total 25.313ms
12-12 00:55:38.824  2841  3418 I EDMNativeHelperService: isScreenCaptureEnabled
12-12 00:55:38.829  2841  2907 I InputDispatcher: Delivering touch to (2993): action: 0x4, toolType: 0
12-12 00:55:38.829  2841  2907 I InputDispatcher: Delivering touch to (17695): action: 0x0, toolType: 0
12-12 00:55:38.829 17695 17695 D ViewRootImpl: ViewPostImeInputStage ACTION_DOWN
12-12 00:55:38.839  2841  2907 I InputDispatcher: Delivering touch to (17695): action: 0x1, toolType: 0
12-12 00:55:38.894  2841  2907 I InputDispatcher: Delivering touch to (2993): action: 0x4, toolType: 0
12-12 00:55:38.894  2841  2907 I InputDispatcher: Delivering touch to (17695): action: 0x0, toolType: 0
12-12 00:55:38.894 17695 17695 D ViewRootImpl: ViewPostImeInputStage ACTION_DOWN
12-12 00:55:38.894  2841  2907 I InputDispatcher: Delivering touch to (17695): action: 0x1, toolType: 0
12-12 00:55:38.899 17695 17706 I art     : Explicit concurrent mark sweep GC freed 30(920B) AllocSpace objects, 0(0B) LOS objects, 30% free, 4MB/6MB, paused 655us total 24.873ms
12-12 00:55:38.949  2841  2907 I InputDispatcher: Delivering touch to (2993): action: 0x4, toolType: 0
12-12 00:55:38.949  2841  2907 I InputDispatcher: Delivering touch to (17695): action: 0x0, toolType: 0
12-12 00:55:38.949 17695 17695 D ViewRootImpl: ViewPostImeInputStage ACTION_DOWN
12-12 00:55:38.949  2841  2907 I InputDispatcher: Delivering touch to (17695): action: 0x1, toolType: 0
12-12 00:55:38.979 17695 17706 I art     : Explicit concurrent mark sweep GC freed 11(288B) AllocSpace objects, 0(0B) LOS objects, 30% free, 4MB/6MB, paused 546us total 23.743ms
12-12 00:55:39.004  2841  2907 I InputDispatcher: Delivering touch to (2993): action: 0x4, toolType: 0
12-12 00:55:39.004  2841  2907 I InputDispatcher: Delivering touch to (17695): action: 0x0, toolType: 0
12-12 00:55:39.004 17695 17695 D ViewRootImpl: ViewPostImeInputStage ACTION_DOWN
12-12 00:55:39.014  2841  2907 I InputDispatcher: Delivering touch to (17695): action: 0x1, toolType: 0
12-12 00:55:39.064 17695 17706 I art     : Explicit concurrent mark sweep GC freed 11(288B) AllocSpace objects, 0(0B) LOS objects, 30% free, 4MB/6MB, paused 572us total 23.730ms
12-12 00:55:39.069  2841  2907 I InputDispatcher: Delivering touch to (2993): action: 0x4, toolType: 0
12-12 00:55:39.069  2841  2907 I InputDispatcher: Delivering touch to (17695): action: 0x0, toolType: 0
12-12 00:55:39.069 17695 17695 D ViewRootImpl: ViewPostImeInputStage ACTION_DOWN
12-12 00:55:39.074  2841  2907 I InputDispatcher: Delivering touch to (17695): action: 0x1, toolType: 0
12-12 00:55:39.124  2841  2907 I InputDispatcher: Delivering touch to (2993): action: 0x4, toolType: 0
12-12 00:55:39.124  2841  2907 I InputDispatcher: Delivering touch to (17695): action: 0x0, toolType: 0
12-12 00:55:39.124 17695 17695 D ViewRootImpl: ViewPostImeInputStage ACTION_DOWN
12-12 00:55:39.139  2841  2907 I InputDispatcher: Delivering touch to (17695): action: 0x1, toolType: 0
12-12 00:55:39.149 17695 17706 I art     : Explicit concurrent mark sweep GC freed 17(432B) AllocSpace objects, 0(0B) LOS objects, 30% free, 4MB/6MB, paused 565us total 23.986ms
12-12 00:55:39.189  2841  2907 I InputDispatcher: Delivering touch to (2993): action: 0x4, toolType: 0
12-12 00:55:39.189  2841  2907 I InputDispatcher: Delivering touch to (17695): action: 0x0, toolType: 0
12-12 00:55:39.189 17695 17695 D ViewRootImpl: ViewPostImeInputStage ACTION_DOWN
12-12 00:55:39.194  2841  2907 I InputDispatcher: Delivering touch to (17695): action: 0x1, toolType: 0
12-12 00:55:39.244 17665 17665 I Timeline: Timeline: Activity_launch_request id:com.example.snoopy time:3833732
12-12 00:55:39.249  2841  2857 D CustomFrequencyManagerService: releaseDVFSLockLocked : Getting Lock type frm List : DVFS_MIN_LIMIT  frequency : 1105000  uid : 1000  pid : 2841  tag : ACTIVITY_RESUME_BOOSTER@6
12-12 00:55:39.249  2841  2857 D CustomFrequencyManagerService: acquireDVFSLockLocked : type : DVFS_MIN_LIMIT  frequency : 1105000  uid : 1000  pid : 2841  pkgName : ACTIVITY_RESUME_BOOSTER@6
12-12 00:55:39.249  2841  2857 D ActivityManager: mDVFSHelper.acquire()
12-12 00:55:39.309 17665 17665 I Timeline: Timeline: Activity_launch_request id:com.example.snoopy time:3833795
12-12 00:55:39.309  2841  3418 D CustomFrequencyManagerService: releaseDVFSLockLocked : Getting Lock type frm List : DVFS_MIN_LIMIT  frequency : 1105000  uid : 1000  pid : 2841  tag : ACTIVITY_RESUME_BOOSTER@6
12-12 00:55:39.314  2841  3418 D CustomFrequencyManagerService: acquireDVFSLockLocked : type : DVFS_MIN_LIMIT  frequency : 1105000  uid : 1000  pid : 2841  pkgName : ACTIVITY_RESUME_BOOSTER@6
12-12 00:55:39.314  2841  3418 D ActivityManager: mDVFSHelper.acquire()
12-12 00:55:39.369 17665 17665 I Timeline: Timeline: Activity_launch_request id:com.example.snoopy time:3833857
12-12 00:55:39.374  2841  3104 D CustomFrequencyManagerService: releaseDVFSLockLocked : Getting Lock type frm List : DVFS_MIN_LIMIT  frequency : 1105000  uid : 1000  pid : 2841  tag : ACTIVITY_RESUME_BOOSTER@6
12-12 00:55:39.374  2841  3104 D CustomFrequencyManagerService: acquireDVFSLockLocked : type : DVFS_MIN_LIMIT  frequency : 1105000  uid : 1000  pid : 2841  pkgName : ACTIVITY_RESUME_BOOSTER@6
12-12 00:55:39.374  2841  3104 D ActivityManager: mDVFSHelper.acquire()
12-12 00:55:39.434  2841  2907 I InputDispatcher: Delivering touch to (2993): action: 0x4, toolType: 0
12-12 00:55:39.434  2841  2907 I InputDispatcher: Delivering touch to (17695): action: 0x0, toolType: 0
12-12 00:55:39.434 17695 17695 D ViewRootImpl: ViewPostImeInputStage ACTION_DOWN
12-12 00:55:39.434  2841  2907 I InputDispatcher: Delivering touch to (17695): action: 0x1, toolType: 0
12-12 00:55:39.484  2841  2907 I InputDispatcher: Delivering touch to (2993): action: 0x4, toolType: 0
12-12 00:55:39.484  2841  2907 I InputDispatcher: Delivering touch to (17695): action: 0x0, toolType: 0
12-12 00:55:39.489 17695 17695 D ViewRootImpl: ViewPostImeInputStage ACTION_DOWN
12-12 00:55:39.494  2841  2907 I InputDispatcher: Delivering touch to (17695): action: 0x1, toolType: 0
12-12 00:55:39.544  2841  2907 I InputDispatcher: Delivering touch to (2993): action: 0x4, toolType: 0
12-12 00:55:39.544  2841  2907 I InputDispatcher: Delivering touch to (17695): action: 0x0, toolType: 0
12-12 00:55:39.544 17695 17695 D ViewRootImpl: ViewPostImeInputStage ACTION_DOWN
12-12 00:55:39.549  2841  2907 I InputDispatcher: Delivering touch to (17695): action: 0x1, toolType: 0
12-12 00:55:39.599  2841  2907 I InputDispatcher: Delivering touch to (2993): action: 0x4, toolType: 0
12-12 00:55:39.599  2841  2907 I InputDispatcher: Delivering touch to (17695): action: 0x0, toolType: 0
12-12 00:55:39.604 17695 17695 D ViewRootImpl: ViewPostImeInputStage ACTION_DOWN
12-12 00:55:39.604  2841  3594 I EDMNativeHelperService: isScreenCaptureEnabled
12-12 00:55:39.614  2841  2907 I InputDispatcher: Delivering touch to (17695): action: 0x1, toolType: 0
12-12 00:55:39.664  2841  2907 I InputDispatcher: Delivering touch to (2993): action: 0x4, toolType: 0
12-12 00:55:39.664  2841  2907 I InputDispatcher: Delivering touch to (17695): action: 0x0, toolType: 0
12-12 00:55:39.669 17695 17695 D ViewRootImpl: ViewPostImeInputStage ACTION_DOWN
12-12 00:55:39.674  2841  2907 I InputDispatcher: Delivering touch to (17695): action: 0x1, toolType: 0
12-12 00:55:39.724  2841  2907 I InputDispatcher: Delivering touch to (2993): action: 0x4, toolType: 0
12-12 00:55:39.724  2841  2907 I InputDispatcher: Delivering touch to (17695): action: 0x0, toolType: 0
12-12 00:55:39.724 17695 17695 D ViewRootImpl: ViewPostImeInputStage ACTION_DOWN
12-12 00:55:39.729  2841  2907 I InputDispatcher: Delivering touch to (17695): action: 0x1, toolType: 0
12-12 00:55:39.779  2841  2907 I InputDispatcher: Delivering touch to (2993): action: 0x4, toolType: 0
12-12 00:55:39.779  2841  2907 I InputDispatcher: Delivering touch to (17695): action: 0x0, toolType: 0
12-12 00:55:39.779 17695 17695 D ViewRootImpl: ViewPostImeInputStage ACTION_DOWN
12-12 00:55:39.784  2841  2907 I InputDispatcher: Delivering touch to (17695): action: 0x1, toolType: 0
12-12 00:55:39.839 17665 17665 I Timeline: Timeline: Activity_launch_request id:com.example.snoopy time:3834325
12-12 00:55:39.844  2841  3594 D CustomFrequencyManagerService: releaseDVFSLockLocked : Getting Lock type frm List : DVFS_MIN_LIMIT  frequency : 1105000  uid : 1000  pid : 2841  tag : ACTIVITY_RESUME_BOOSTER@6
12-12 00:55:39.844  2841  3594 D CustomFrequencyManagerService: acquireDVFSLockLocked : type : DVFS_MIN_LIMIT  frequency : 1105000  uid : 1000  pid : 2841  pkgName : ACTIVITY_RESUME_BOOSTER@6
12-12 00:55:39.844  2841  3594 D ActivityManager: mDVFSHelper.acquire()
12-12 00:55:39.899  2841  2907 I InputDispatcher: Delivering touch to (2993): action: 0x4, toolType: 0
12-12 00:55:39.904  2841  2907 I InputDispatcher: Delivering touch to (17695): action: 0x0, toolType: 0
12-12 00:55:39.904 17695 17695 D ViewRootImpl: ViewPostImeInputStage ACTION_DOWN
12-12 00:55:39.904  2841  2907 I InputDispatcher: Delivering touch to (17695): action: 0x1, toolType: 0
12-12 00:55:39.954 17665 17665 I Timeline: Timeline: Activity_launch_request id:com.example.snoopy time:3834443
12-12 00:55:39.959  2841  3274 D CustomFrequencyManagerService: releaseDVFSLockLocked : Getting Lock type frm List : DVFS_MIN_LIMIT  frequency : 1105000  uid : 1000  pid : 2841  tag : ACTIVITY_RESUME_BOOSTER@6
12-12 00:55:39.959  2841  3274 D CustomFrequencyManagerService: acquireDVFSLockLocked : type : DVFS_MIN_LIMIT  frequency : 1105000  uid : 1000  pid : 2841  pkgName : ACTIVITY_RESUME_BOOSTER@6
12-12 00:55:39.959  2841  3274 D ActivityManager: mDVFSHelper.acquire()
12-12 00:55:40.019  2841  2907 I InputDispatcher: Delivering touch to (2993): action: 0x4, toolType: 0
12-12 00:55:40.019  2841  2907 I InputDispatcher: Delivering touch to (17695): action: 0x0, toolType: 0
12-12 00:55:40.019 17695 17695 D ViewRootImpl: ViewPostImeInputStage ACTION_DOWN
12-12 00:55:40.019  2841  2907 I InputDispatcher: Delivering touch to (17695): action: 0x1, toolType: 0
12-12 00:55:40.074  2841  2907 I InputDispatcher: Delivering touch to (2993): action: 0x0, toolType: 0
12-12 00:55:40.074  2993  2993 D ViewRootImpl: ViewPostImeInputStage ACTION_DOWN
12-12 00:55:40.079  2841  2907 I InputDispatcher: Delivering touch to (2993): action: 0x1, toolType: 0
12-12 00:55:40.084  2993  2993 D PhoneStatusBar: makeExpandedVisible:false
12-12 00:55:40.084  2993  2993 D STATUSBAR-PhoneStatusBar:  mBrightnessEnablebySettings = true mBrightnessEnablebyBattery = true mBrightnessEnablebyDisableFlag = true mPmsBrightnessEnablebySettings = true
12-12 00:55:40.089  2993  2993 D StatusBar-Window: fnf=false sanc=false, kni=false, sbf=true
12-12 00:55:40.089  2993  2993 D CoverUI : applyFocusableFlag() : Remove SAMSUNG_FLAG_SVIEW_COVER
12-12 00:55:40.089  2993  2993 D CoverUI : applyHeight h = -1, oc = false, ex = true, fa = false, ac = false, sc = false
12-12 00:55:40.089  2841  2858 V Vibrator: Called cancel() API - PUID: 1000, PackageName: android
12-12 00:55:40.089  2841  2858 D VibratorService: Turning vibrator off
12-12 00:55:40.089  2841  2858 D LightsService: [api] [SvcLED] turnOff:: id = 5 (uid: 1000 pid: 2841) 
12-12 00:55:40.089  2841  2858 W CoverManager: getCoverState : This device is not supported cover
12-12 00:55:40.089  2841  2858 D LightsService: [api] [SvcLED] LED indicator : Not supported.
12-12 00:55:40.089  2993  2993 D PhoneStatusBar: disable: < expand icons alerts system_info back home recent clock search >
12-12 00:55:40.099  2841  4317 D SSRM:a  : DeviceInfo:: 00000000000
12-12 00:55:40.099  2841  4317 D SSRM:a  : SettingsAirViewInfo:: 000000000
12-12 00:55:40.099  2993  2993 D PhoneStatusBar: makeExpandedInvisible: mExpandedVisible=true
12-12 00:55:40.099  2993  2993 D StatusBar-QSPanel: setSingleLine:true
12-12 00:55:40.104  2993  2993 D StatusBar-QSPanel: adjustCellWidth mButtonWidth : 102, displayWidth : 540
12-12 00:55:40.104  2993  2993 D StatusBar-QSPanel: updateButtonInfo mButtonWidth : 102 mColumns:5 orien: 1 mButtonCorrectionWidth:18
12-12 00:55:40.104  2993  2993 D StatusBar-QSPanel: setSingleLine height:142
12-12 00:55:40.104  2993  2993 D PhoneStatusBar: showHideMultiSIMLayout:true
12-12 00:55:40.104  2993  2993 D STATUSBAR-PhoneStatusBar:  mBrightnessEnablebySettings = true mBrightnessEnablebyBattery = true mBrightnessEnablebyDisableFlag = true mPmsBrightnessEnablebySettings = true
12-12 00:55:40.104  2993  2993 D StatusBar: getNumberOfActiveSim: 1
12-12 00:55:40.104  2993  2993 D NotificationStackScrollLayout: updateMultiSIMLayout:false
12-12 00:55:40.104  2993  2993 D NotificationStackScrollLayout: oldVisibility:8,newVisibility:8
12-12 00:55:40.104  2993  2993 D PhoneStatusBar: updateQSpanelHeight: 142 height:226
12-12 00:55:40.104  2993  2993 D PanelView: flingSettings mQsMin:294 mQsMax:294 mQsEx:294.0mQsPeek:226
12-12 00:55:40.104  2993  2993 I PhoneStatusBar: Icon Only
12-12 00:55:40.104  2993  2993 I StatusBar: Icon Only
12-12 00:55:40.109  2993  2993 D StatusBar: getNumberOfActiveSim: 1
12-12 00:55:40.109  2993  2993 D PanelView: kidsfalse mQsExpansionEnabled:true
12-12 00:55:40.109  2993  2993 D StatusBar-Window: fnf=true sanc=false, kni=false, sbf=false
12-12 00:55:40.109  2993  2993 D CoverUI : applyFocusableFlag() : Remove SAMSUNG_FLAG_SVIEW_COVER
12-12 00:55:40.109  2993  2993 D CoverUI : applyHeight h = 38, oc = false, ex = false, fa = false, ac = false, sc = false
12-12 00:55:40.114  2993  2993 D PhoneStatusBar: disable: < expand icons alerts system_info back home recent clock search >
12-12 00:55:40.129 17665 17665 I Timeline: Timeline: Activity_launch_request id:com.example.snoopy time:3834617
12-12 00:55:40.134  2841  3595 D CustomFrequencyManagerService: releaseDVFSLockLocked : Getting Lock type frm List : DVFS_MIN_LIMIT  frequency : 1105000  uid : 1000  pid : 2841  tag : ACTIVITY_RESUME_BOOSTER@6
12-12 00:55:40.134  2841  3595 D CustomFrequencyManagerService: acquireDVFSLockLocked : type : DVFS_MIN_LIMIT  frequency : 1105000  uid : 1000  pid : 2841  pkgName : ACTIVITY_RESUME_BOOSTER@6
12-12 00:55:40.134  2841  3595 D ActivityManager: mDVFSHelper.acquire()
12-12 00:55:40.189  2841  2907 I InputDispatcher: Delivering touch to (2993): action: 0x4, toolType: 0
12-12 00:55:40.189  2841  2907 I InputDispatcher: Delivering touch to (17695): action: 0x0, toolType: 0
12-12 00:55:40.194 17695 17695 D ViewRootImpl: ViewPostImeInputStage ACTION_DOWN
12-12 00:55:40.194  2841  2907 I InputDispatcher: Delivering touch to (17695): action: 0x1, toolType: 0
12-12 00:55:40.244  2841  2907 I InputDispatcher: Delivering touch to (2993): action: 0x4, toolType: 0
12-12 00:55:40.244  2841  2907 I InputDispatcher: Delivering touch to (17695): action: 0x0, toolType: 0
12-12 00:55:40.244 17695 17695 D ViewRootImpl: ViewPostImeInputStage ACTION_DOWN
12-12 00:55:40.249  2841  2907 I InputDispatcher: Delivering touch to (17695): action: 0x1, toolType: 0
12-12 00:55:40.304  2841  2907 I InputDispatcher: Delivering touch to (2993): action: 0x4, toolType: 0
12-12 00:55:40.304  2841  2907 I InputDispatcher: Delivering touch to (17695): action: 0x0, toolType: 0
12-12 00:55:40.304 17695 17695 D ViewRootImpl: ViewPostImeInputStage ACTION_DOWN
12-12 00:55:40.309  2841  2907 I InputDispatcher: Delivering touch to (17695): action: 0x1, toolType: 0
12-12 00:55:40.364  2841  2907 I InputDispatcher: Delivering touch to (2993): action: 0x4, toolType: 0
12-12 00:55:40.364  2841  2907 I InputDispatcher: Delivering touch to (17695): action: 0x0, toolType: 0
12-12 00:55:40.364 17695 17695 D ViewRootImpl: ViewPostImeInputStage ACTION_DOWN
12-12 00:55:40.369  2841  2907 I InputDispatcher: Delivering touch to (17695): action: 0x1, toolType: 0
12-12 00:55:40.424  2841  2907 I InputDispatcher: Delivering touch to (2993): action: 0x0, toolType: 0
12-12 00:55:40.424  2993  2993 D ViewRootImpl: ViewPostImeInputStage ACTION_DOWN
12-12 00:55:40.429  2993  2993 D PhoneStatusBar: makeExpandedVisible:false
12-12 00:55:40.429  2993  2993 D STATUSBAR-PhoneStatusBar:  mBrightnessEnablebySettings = true mBrightnessEnablebyBattery = true mBrightnessEnablebyDisableFlag = true mPmsBrightnessEnablebySettings = true
12-12 00:55:40.434  2993  2993 D StatusBar-Window: fnf=false sanc=false, kni=false, sbf=true
12-12 00:55:40.434  2993  2993 D CoverUI : applyFocusableFlag() : Remove SAMSUNG_FLAG_SVIEW_COVER
12-12 00:55:40.434  2993  2993 D CoverUI : applyHeight h = -1, oc = false, ex = true, fa = false, ac = false, sc = false
12-12 00:55:40.434  2841  3596 V Vibrator: Called cancel() API - PUID: 1000, PackageName: android
12-12 00:55:40.434  2841  3596 D VibratorService: Turning vibrator off
12-12 00:55:40.439  2841  3596 W CoverManager: getCoverState : This device is not supported cover
12-12 00:55:40.439  2841  3596 D LightsService: [api] [SvcLED] turnOff:: id = 5 (uid: 1000 pid: 2841) 
12-12 00:55:40.439  2841  3596 D LightsService: [api] [SvcLED] LED indicator : Not supported.
12-12 00:55:40.439  2993  2993 D PhoneStatusBar: disable: < expand icons alerts system_info back home recent clock search >
12-12 00:55:40.439  2841  2907 I InputDispatcher: Delivering touch to (2993): action: 0x1, toolType: 0
12-12 00:55:40.449  2841  4317 D SSRM:a  : DeviceInfo:: 00000000000
12-12 00:55:40.449  2841  4317 D SSRM:a  : SettingsAirViewInfo:: 000000000
12-12 00:55:40.449  2993  2993 D PhoneStatusBar: makeExpandedInvisible: mExpandedVisible=true
12-12 00:55:40.449  2993  2993 D StatusBar-QSPanel: setSingleLine:true
12-12 00:55:40.449  2993  2993 D StatusBar-QSPanel: adjustCellWidth mButtonWidth : 102, displayWidth : 540
12-12 00:55:40.454  2993  2993 D StatusBar-QSPanel: updateButtonInfo mButtonWidth : 102 mColumns:5 orien: 1 mButtonCorrectionWidth:18
12-12 00:55:40.454  2993  2993 D StatusBar-QSPanel: setSingleLine height:142
12-12 00:55:40.454  2993  2993 D PhoneStatusBar: showHideMultiSIMLayout:true
12-12 00:55:40.454  2993  2993 D STATUSBAR-PhoneStatusBar:  mBrightnessEnablebySettings = true mBrightnessEnablebyBattery = true mBrightnessEnablebyDisableFlag = true mPmsBrightnessEnablebySettings = true
12-12 00:55:40.454  2993  2993 D StatusBar: getNumberOfActiveSim: 1
12-12 00:55:40.454  2993  2993 D NotificationStackScrollLayout: updateMultiSIMLayout:false
12-12 00:55:40.454  2993  2993 D NotificationStackScrollLayout: oldVisibility:8,newVisibility:8
12-12 00:55:40.454  2993  2993 D PhoneStatusBar: updateQSpanelHeight: 142 height:226
12-12 00:55:40.454  2993  2993 D PanelView: flingSettings mQsMin:294 mQsMax:294 mQsEx:294.0mQsPeek:226
12-12 00:55:40.454  2993  2993 I PhoneStatusBar: Icon Only
12-12 00:55:40.454  2993  2993 I StatusBar: Icon Only
12-12 00:55:40.454  2993  2993 D StatusBar: getNumberOfActiveSim: 1
12-12 00:55:40.459  2993  2993 D PanelView: kidsfalse mQsExpansionEnabled:true
12-12 00:55:40.459  2993  2993 D StatusBar-Window: fnf=true sanc=false, kni=false, sbf=false
12-12 00:55:40.459  2993  2993 D CoverUI : applyFocusableFlag() : Remove SAMSUNG_FLAG_SVIEW_COVER
12-12 00:55:40.459  2993  2993 D CoverUI : applyHeight h = 38, oc = false, ex = false, fa = false, ac = false, sc = false
12-12 00:55:40.459  2993  2993 D PhoneStatusBar: disable: < expand icons alerts system_info back home recent clock search >
12-12 00:55:40.494  2841  2907 I InputDispatcher: Delivering touch to (2993): action: 0x4, toolType: 0
12-12 00:55:40.494  2841  2907 I InputDispatcher: Delivering touch to (17695): action: 0x0, toolType: 0
12-12 00:55:40.494 17695 17695 D ViewRootImpl: ViewPostImeInputStage ACTION_DOWN
12-12 00:55:40.509  2841  2907 I InputDispatcher: Delivering touch to (17695): action: 0x1, toolType: 0
12-12 00:55:40.519 17695 17712 I art     : Explicit concurrent mark sweep GC freed 1148(65KB) AllocSpace objects, 1(16KB) LOS objects, 30% free, 4MB/6MB, paused 587us total 28.313ms
12-12 00:55:40.564  2841  2907 I InputDispatcher: Delivering touch to (2993): action: 0x4, toolType: 0
12-12 00:55:40.564  2841  2907 I InputDispatcher: Delivering touch to (17695): action: 0x0, toolType: 0
12-12 00:55:40.564  2841  2907 D PowerManagerService: [api] userActivityFromNative : 40 (event: 2 flags: 0) eventTime = 3835052
12-12 00:55:40.564 17695 17695 D ViewRootImpl: ViewPostImeInputStage ACTION_DOWN
12-12 00:55:40.574  2841  2907 I InputDispatcher: Delivering touch to (17695): action: 0x1, toolType: 0
12-12 00:55:40.604 17695 17712 I art     : Explicit concurrent mark sweep GC freed 26(824B) AllocSpace objects, 0(0B) LOS objects, 30% free, 4MB/6MB, paused 539us total 23.630ms
12-12 00:55:40.624  2841  2907 I InputDispatcher: Delivering touch to (2993): action: 0x4, toolType: 0
12-12 00:55:40.629  2841  2907 I InputDispatcher: Delivering touch to (17695): action: 0x0, toolType: 0
12-12 00:55:40.629 17695 17695 D ViewRootImpl: ViewPostImeInputStage ACTION_DOWN
12-12 00:55:40.639  2841  2907 I InputDispatcher: Delivering touch to (17695): action: 0x1, toolType: 0
12-12 00:55:40.684 17695 17712 I art     : Explicit concurrent mark sweep GC freed 11(288B) AllocSpace objects, 0(0B) LOS objects, 30% free, 4MB/6MB, paused 585us total 23.902ms
12-12 00:55:40.689  2841  2907 I InputDispatcher: Delivering touch to (2993): action: 0x4, toolType: 0
12-12 00:55:40.689  2841  2907 I InputDispatcher: Delivering touch to (17695): action: 0x0, toolType: 0
12-12 00:55:40.689 17695 17695 D ViewRootImpl: ViewPostImeInputStage ACTION_DOWN
12-12 00:55:40.699  2841  2907 I InputDispatcher: Delivering touch to (17695): action: 0x1, toolType: 0
12-12 00:55:40.749  2841  2907 I InputDispatcher: Delivering touch to (2993): action: 0x4, toolType: 0
12-12 00:55:40.749  2841  2907 I InputDispatcher: Delivering touch to (17695): action: 0x0, toolType: 0
12-12 00:55:40.749 17695 17695 D ViewRootImpl: ViewPostImeInputStage ACTION_DOWN
12-12 00:55:40.759  2841  2907 I InputDispatcher: Delivering touch to (17695): action: 0x1, toolType: 0
12-12 00:55:40.769 17695 17712 I art     : Explicit concurrent mark sweep GC freed 21(528B) AllocSpace objects, 0(0B) LOS objects, 30% free, 4MB/6MB, paused 553us total 24.227ms
12-12 00:55:40.779  2841  3594 I EDMNativeHelperService: isScreenCaptureEnabled
12-12 00:55:40.814  2841  2907 I InputDispatcher: Delivering touch to (2993): action: 0x4, toolType: 0
12-12 00:55:40.814  2841  2907 I InputDispatcher: Delivering touch to (17695): action: 0x0, toolType: 0
12-12 00:55:40.814 17695 17695 D ViewRootImpl: ViewPostImeInputStage ACTION_DOWN
12-12 00:55:40.814  2841  2907 I InputDispatcher: Delivering touch to (17695): action: 0x1, toolType: 0
12-12 00:55:40.854 17695 17712 I art     : Explicit concurrent mark sweep GC freed 9(240B) AllocSpace objects, 0(0B) LOS objects, 30% free, 4MB/6MB, paused 566us total 23.719ms
12-12 00:55:40.869  2841  2907 I InputDispatcher: Delivering touch to (2993): action: 0x4, toolType: 0
12-12 00:55:40.869  2841  2907 I InputDispatcher: Delivering touch to (17695): action: 0x0, toolType: 0
12-12 00:55:40.869 17695 17695 D ViewRootImpl: ViewPostImeInputStage ACTION_DOWN
12-12 00:55:40.869  2841  2907 I InputDispatcher: Delivering touch to (17695): action: 0x1, toolType: 0
12-12 00:55:40.924  2841  2907 I InputDispatcher: Delivering touch to (2993): action: 0x4, toolType: 0
12-12 00:55:40.924  2841  2907 I InputDispatcher: Delivering touch to (17695): action: 0x0, toolType: 0
12-12 00:55:40.924 17695 17695 D ViewRootImpl: ViewPostImeInputStage ACTION_DOWN
12-12 00:55:40.934  2841  2907 I InputDispatcher: Delivering touch to (17695): action: 0x1, toolType: 0
12-12 00:55:40.984  2841  2907 I InputDispatcher: Delivering touch to (2993): action: 0x4, toolType: 0
12-12 00:55:40.984  2841  2907 I InputDispatcher: Delivering touch to (17695): action: 0x0, toolType: 0
12-12 00:55:40.984 17695 17695 D ViewRootImpl: ViewPostImeInputStage ACTION_DOWN
12-12 00:55:40.989  2841  2907 I InputDispatcher: Delivering touch to (17695): action: 0x1, toolType: 0
12-12 00:55:41.039  2841  2907 I InputDispatcher: Delivering touch to (2993): action: 0x4, toolType: 0
12-12 00:55:41.039  2841  2907 I InputDispatcher: Delivering touch to (17695): action: 0x0, toolType: 0
12-12 00:55:41.044 17695 17695 D ViewRootImpl: ViewPostImeInputStage ACTION_DOWN
12-12 00:55:41.049  2841  2907 I InputDispatcher: Delivering touch to (17695): action: 0x1, toolType: 0
12-12 00:55:41.099  2841  2907 I InputDispatcher: Delivering touch to (2993): action: 0x4, toolType: 0
12-12 00:55:41.099  2841  2907 I InputDispatcher: Delivering touch to (17695): action: 0x0, toolType: 0
12-12 00:55:41.099 17695 17695 D ViewRootImpl: ViewPostImeInputStage ACTION_DOWN
12-12 00:55:41.109  2841  2907 I InputDispatcher: Delivering touch to (17695): action: 0x1, toolType: 0
12-12 00:55:41.164  2841  2907 I InputDispatcher: Delivering touch to (2993): action: 0x4, toolType: 0
12-12 00:55:41.164  2841  2907 I InputDispatcher: Delivering touch to (17695): action: 0x0, toolType: 0
12-12 00:55:41.164 17695 17695 D ViewRootImpl: ViewPostImeInputStage ACTION_DOWN
12-12 00:55:41.164  2841  2907 I InputDispatcher: Delivering touch to (17695): action: 0x1, toolType: 0
12-12 00:55:41.219  2841  2907 I InputDispatcher: Delivering touch to (2993): action: 0x4, toolType: 0
12-12 00:55:41.219  2841  2907 I InputDispatcher: Delivering touch to (17695): action: 0x0, toolType: 0
12-12 00:55:41.219 17695 17695 D ViewRootImpl: ViewPostImeInputStage ACTION_DOWN
12-12 00:55:41.219  2841  2907 I InputDispatcher: Delivering touch to (17695): action: 0x1, toolType: 0
12-12 00:55:41.274  2841  2907 I InputDispatcher: Delivering touch to (2993): action: 0x4, toolType: 0
12-12 00:55:41.274  2841  2907 I InputDispatcher: Delivering touch to (17695): action: 0x0, toolType: 0
12-12 00:55:41.274 17695 17695 D ViewRootImpl: ViewPostImeInputStage ACTION_DOWN
12-12 00:55:41.274  2841  2907 I InputDispatcher: Delivering touch to (17695): action: 0x1, toolType: 0
12-12 00:55:41.324  2841  2907 I InputDispatcher: Delivering touch to (2993): action: 0x4, toolType: 0
12-12 00:55:41.324  2841  2907 I InputDispatcher: Delivering touch to (17695): action: 0x0, toolType: 0
12-12 00:55:41.329 17695 17695 D ViewRootImpl: ViewPostImeInputStage ACTION_DOWN
12-12 00:55:41.329  2841  2907 I InputDispatcher: Delivering touch to (17695): action: 0x1, toolType: 0
12-12 00:55:41.339  2841  4317 D SSRM:n  : SIOP:: AP = 310, CUR = 96, LCD = 18
12-12 00:55:41.379  2841  2907 I InputDispatcher: Delivering touch to (2993): action: 0x4, toolType: 0
12-12 00:55:41.379  2841  2907 I InputDispatcher: Delivering touch to (17695): action: 0x0, toolType: 0
12-12 00:55:41.384 17695 17695 D ViewRootImpl: ViewPostImeInputStage ACTION_DOWN
12-12 00:55:41.384  2841  2907 I InputDispatcher: Delivering touch to (17695): action: 0x1, toolType: 0
12-12 00:55:41.434  2841  2907 I InputDispatcher: Delivering touch to (2993): action: 0x4, toolType: 0
12-12 00:55:41.434  2841  2907 I InputDispatcher: Delivering touch to (17695): action: 0x0, toolType: 0
12-12 00:55:41.434 17695 17695 D ViewRootImpl: ViewPostImeInputStage ACTION_DOWN
12-12 00:55:41.439  2841  2907 I InputDispatcher: Delivering touch to (17695): action: 0x1, toolType: 0
12-12 00:55:41.489  2841  2907 I InputDispatcher: Delivering touch to (2993): action: 0x4, toolType: 0
12-12 00:55:41.489  2841  2907 I InputDispatcher: Delivering touch to (17695): action: 0x0, toolType: 0
12-12 00:55:41.489 17695 17695 D ViewRootImpl: ViewPostImeInputStage ACTION_DOWN
12-12 00:55:41.494  2841  2907 I InputDispatcher: Delivering touch to (17695): action: 0x1, toolType: 0
12-12 00:55:41.544  2841  2907 I InputDispatcher: Delivering touch to (2993): action: 0x4, toolType: 0
12-12 00:55:41.544  2841  2907 I InputDispatcher: Delivering touch to (17695): action: 0x0, toolType: 0
12-12 00:55:41.544 17695 17695 D ViewRootImpl: ViewPostImeInputStage ACTION_DOWN
12-12 00:55:41.554  2841  2907 I InputDispatcher: Delivering touch to (17695): action: 0x1, toolType: 0
12-12 00:55:41.609  2841  2907 I InputDispatcher: Delivering touch to (2993): action: 0x4, toolType: 0
12-12 00:55:41.609  2841  2907 I InputDispatcher: Delivering touch to (17695): action: 0x0, toolType: 0
12-12 00:55:41.609 17695 17695 D ViewRootImpl: ViewPostImeInputStage ACTION_DOWN
12-12 00:55:41.609  2841  2907 I InputDispatcher: Delivering touch to (17695): action: 0x1, toolType: 0
12-12 00:55:41.664  2841  2907 I InputDispatcher: Delivering touch to (2993): action: 0x4, toolType: 0
12-12 00:55:41.664  2841  2907 I InputDispatcher: Delivering touch to (17695): action: 0x0, toolType: 0
12-12 00:55:41.664 17695 17695 D ViewRootImpl: ViewPostImeInputStage ACTION_DOWN
12-12 00:55:41.664  2841  2907 I InputDispatcher: Delivering touch to (17695): action: 0x1, toolType: 0
12-12 00:55:41.719  2841  2907 I InputDispatcher: Delivering touch to (2993): action: 0x4, toolType: 0
12-12 00:55:41.719  2841  2907 I InputDispatcher: Delivering touch to (17695): action: 0x0, toolType: 0
12-12 00:55:41.719 17695 17695 D ViewRootImpl: ViewPostImeInputStage ACTION_DOWN
12-12 00:55:41.719  2841  2907 I InputDispatcher: Delivering touch to (17695): action: 0x1, toolType: 0
12-12 00:55:41.774  2841  2907 I InputDispatcher: Delivering touch to (2993): action: 0x4, toolType: 0
12-12 00:55:41.774  2841  2907 I InputDispatcher: Delivering touch to (17695): action: 0x0, toolType: 0
12-12 00:55:41.774 17695 17695 D ViewRootImpl: ViewPostImeInputStage ACTION_DOWN
12-12 00:55:41.784  2841  2907 I InputDispatcher: Delivering touch to (17695): action: 0x1, toolType: 0
12-12 00:55:41.834  2841  2907 I InputDispatcher: Delivering touch to (2993): action: 0x4, toolType: 0
12-12 00:55:41.834  2841  2907 I InputDispatcher: Delivering touch to (17695): action: 0x0, toolType: 0
12-12 00:55:41.834 17695 17695 D ViewRootImpl: ViewPostImeInputStage ACTION_DOWN
12-12 00:55:41.844  2841  2907 I InputDispatcher: Delivering touch to (17695): action: 0x1, toolType: 0
12-12 00:55:41.889  2841  3104 I EDMNativeHelperService: isScreenCaptureEnabled
12-12 00:55:41.899  2841  2907 I InputDispatcher: Delivering touch to (2993): action: 0x4, toolType: 0
12-12 00:55:41.899  2841  2907 I InputDispatcher: Delivering touch to (17695): action: 0x0, toolType: 0
12-12 00:55:41.899 17695 17695 D ViewRootImpl: ViewPostImeInputStage ACTION_DOWN
12-12 00:55:41.899  2841  2907 I InputDispatcher: Delivering touch to (17695): action: 0x1, toolType: 0
12-12 00:55:41.954  2841  2907 I InputDispatcher: Delivering touch to (2993): action: 0x4, toolType: 0
12-12 00:55:41.954  2841  2907 I InputDispatcher: Delivering touch to (17695): action: 0x0, toolType: 0
12-12 00:55:41.954 17695 17695 D ViewRootImpl: ViewPostImeInputStage ACTION_DOWN
12-12 00:55:41.959  2841  2907 I InputDispatcher: Delivering touch to (17695): action: 0x1, toolType: 0
12-12 00:55:42.009  2841  2907 I InputDispatcher: Delivering touch to (2993): action: 0x4, toolType: 0
12-12 00:55:42.009  2841  2907 I InputDispatcher: Delivering touch to (17695): action: 0x0, toolType: 0
12-12 00:55:42.009 17695 17695 D ViewRootImpl: ViewPostImeInputStage ACTION_DOWN
12-12 00:55:42.014  2841  2907 I InputDispatcher: Delivering touch to (17695): action: 0x1, toolType: 0
12-12 00:55:42.064  2841  2907 I InputDispatcher: Delivering touch to (2993): action: 0x4, toolType: 0
12-12 00:55:42.064  2841  2907 I InputDispatcher: Delivering touch to (17695): action: 0x0, toolType: 0
12-12 00:55:42.064 17695 17695 D ViewRootImpl: ViewPostImeInputStage ACTION_DOWN
12-12 00:55:42.069  2841  2907 I InputDispatcher: Delivering touch to (17695): action: 0x1, toolType: 0
12-12 00:55:42.119  2841  2907 I InputDispatcher: Delivering touch to (2993): action: 0x4, toolType: 0
12-12 00:55:42.119  2841  2907 I InputDispatcher: Delivering touch to (17695): action: 0x0, toolType: 0
12-12 00:55:42.119 17695 17695 D ViewRootImpl: ViewPostImeInputStage ACTION_DOWN
12-12 00:55:42.119  2841  2907 I InputDispatcher: Delivering touch to (17695): action: 0x1, toolType: 0
12-12 00:55:42.174  2841  2907 I InputDispatcher: Delivering touch to (2993): action: 0x4, toolType: 0
12-12 00:55:42.174  2841  2907 I InputDispatcher: Delivering touch to (17695): action: 0x0, toolType: 0
12-12 00:55:42.174 17695 17695 D ViewRootImpl: ViewPostImeInputStage ACTION_DOWN
12-12 00:55:42.184  2841  2907 I InputDispatcher: Delivering touch to (17695): action: 0x1, toolType: 0
12-12 00:55:42.234  2841  2907 I InputDispatcher: Delivering touch to (2993): action: 0x4, toolType: 0
12-12 00:55:42.234  2841  2907 I InputDispatcher: Delivering touch to (17695): action: 0x0, toolType: 0
12-12 00:55:42.239 17695 17695 D ViewRootImpl: ViewPostImeInputStage ACTION_DOWN
12-12 00:55:42.239  2841  2907 I InputDispatcher: Delivering touch to (17695): action: 0x1, toolType: 0
12-12 00:55:42.254 17695 17752 I art     : Explicit concurrent mark sweep GC freed 1206(67KB) AllocSpace objects, 1(16KB) LOS objects, 30% free, 4MB/6MB, paused 574us total 25.546ms
12-12 00:55:42.294  2841  2907 I InputDispatcher: Delivering touch to (2993): action: 0x4, toolType: 0
12-12 00:55:42.294  2841  2907 I InputDispatcher: Delivering touch to (17695): action: 0x0, toolType: 0
12-12 00:55:42.294 17695 17695 D ViewRootImpl: ViewPostImeInputStage ACTION_DOWN
12-12 00:55:42.299  2841  2907 I InputDispatcher: Delivering touch to (17695): action: 0x1, toolType: 0
12-12 00:55:42.339 17695 17752 I art     : Explicit concurrent mark sweep GC freed 26(824B) AllocSpace objects, 0(0B) LOS objects, 30% free, 4MB/6MB, paused 543us total 23.708ms
12-12 00:55:42.354 17665 17665 I Timeline: Timeline: Activity_launch_request id:com.example.snoopy time:3836840
12-12 00:55:42.359  2841  3593 D CustomFrequencyManagerService: releaseDVFSLockLocked : Getting Lock type frm List : DVFS_MIN_LIMIT  frequency : 1105000  uid : 1000  pid : 2841  tag : ACTIVITY_RESUME_BOOSTER@6
12-12 00:55:42.359  2841  3593 D CustomFrequencyManagerService: acquireDVFSLockLocked : type : DVFS_MIN_LIMIT  frequency : 1105000  uid : 1000  pid : 2841  pkgName : ACTIVITY_RESUME_BOOSTER@6
12-12 00:55:42.359  2841  3593 D ActivityManager: mDVFSHelper.acquire()
12-12 00:55:42.419  2841  2907 I InputDispatcher: Delivering touch to (2993): action: 0x4, toolType: 0
12-12 00:55:42.419  2841  2907 I InputDispatcher: Delivering touch to (17695): action: 0x0, toolType: 0
12-12 00:55:42.419 17695 17695 D ViewRootImpl: ViewPostImeInputStage ACTION_DOWN
12-12 00:55:42.424 17695 17752 I art     : Explicit concurrent mark sweep GC freed 7(192B) AllocSpace objects, 0(0B) LOS objects, 30% free, 4MB/6MB, paused 657us total 23.989ms
12-12 00:55:42.429  2841  2907 I InputDispatcher: Delivering touch to (17695): action: 0x1, toolType: 0
12-12 00:55:42.484  2841  2907 I InputDispatcher: Delivering touch to (2993): action: 0x4, toolType: 0
12-12 00:55:42.484  2841  2907 I InputDispatcher: Delivering touch to (17695): action: 0x0, toolType: 0
12-12 00:55:42.484 17695 17695 D ViewRootImpl: ViewPostImeInputStage ACTION_DOWN
12-12 00:55:42.484  2841  2907 I InputDispatcher: Delivering touch to (17695): action: 0x1, toolType: 0
12-12 00:55:42.509 17695 17752 I art     : Explicit concurrent mark sweep GC freed 13(336B) AllocSpace objects, 0(0B) LOS objects, 30% free, 4MB/6MB, paused 528us total 23.925ms
12-12 00:55:42.534 17665 17665 I Timeline: Timeline: Activity_launch_request id:com.example.snoopy time:3837023
12-12 00:55:42.539  2841  3595 D CustomFrequencyManagerService: releaseDVFSLockLocked : Getting Lock type frm List : DVFS_MIN_LIMIT  frequency : 1105000  uid : 1000  pid : 2841  tag : ACTIVITY_RESUME_BOOSTER@6
12-12 00:55:42.539  2841  3595 D CustomFrequencyManagerService: acquireDVFSLockLocked : type : DVFS_MIN_LIMIT  frequency : 1105000  uid : 1000  pid : 2841  pkgName : ACTIVITY_RESUME_BOOSTER@6
12-12 00:55:42.539  2841  3595 D ActivityManager: mDVFSHelper.acquire()
12-12 00:55:42.589 17695 17752 I art     : Explicit concurrent mark sweep GC freed 3(96B) AllocSpace objects, 0(0B) LOS objects, 30% free, 4MB/6MB, paused 574us total 23.641ms
12-12 00:55:42.599  2841  2907 I InputDispatcher: Delivering touch to (2993): action: 0x4, toolType: 0
12-12 00:55:42.599  2841  2907 I InputDispatcher: Delivering touch to (17695): action: 0x0, toolType: 0
12-12 00:55:42.599 17695 17695 D ViewRootImpl: ViewPostImeInputStage ACTION_DOWN
12-12 00:55:42.604  2841  2907 I InputDispatcher: Delivering touch to (17695): action: 0x1, toolType: 0
12-12 00:55:42.654  2841  2907 I InputDispatcher: Delivering touch to (2993): action: 0x4, toolType: 0
12-12 00:55:42.654  2841  2907 I InputDispatcher: Delivering touch to (17695): action: 0x0, toolType: 0
12-12 00:55:42.654 17695 17695 D ViewRootImpl: ViewPostImeInputStage ACTION_DOWN
12-12 00:55:42.659  2841  2907 I InputDispatcher: Delivering touch to (17695): action: 0x1, toolType: 0
12-12 00:55:42.699  2841  3418 I EDMNativeHelperService: isScreenCaptureEnabled
12-12 00:55:42.709  2841  2907 I InputDispatcher: Delivering touch to (2993): action: 0x4, toolType: 0
12-12 00:55:42.709  2841  2907 I InputDispatcher: Delivering touch to (17695): action: 0x0, toolType: 0
12-12 00:55:42.709 17695 17695 D ViewRootImpl: ViewPostImeInputStage ACTION_DOWN
12-12 00:55:42.709  2841  2907 I InputDispatcher: Delivering touch to (17695): action: 0x1, toolType: 0
12-12 00:55:42.764  2841  2907 I InputDispatcher: Delivering touch to (2993): action: 0x4, toolType: 0
12-12 00:55:42.764  2841  2907 I InputDispatcher: Delivering touch to (17695): action: 0x0, toolType: 0
12-12 00:55:42.764 17695 17695 D ViewRootImpl: ViewPostImeInputStage ACTION_DOWN
12-12 00:55:42.774  2841  2907 I InputDispatcher: Delivering touch to (17695): action: 0x1, toolType: 0
12-12 00:55:42.829  2841  2907 I InputDispatcher: Delivering touch to (2993): action: 0x4, toolType: 0
12-12 00:55:42.829  2841  2907 I InputDispatcher: Delivering touch to (17695): action: 0x0, toolType: 0
12-12 00:55:42.829 17695 17695 D ViewRootImpl: ViewPostImeInputStage ACTION_DOWN
12-12 00:55:42.834  2841  2907 I InputDispatcher: Delivering touch to (17695): action: 0x1, toolType: 0
12-12 00:55:42.889  2841  2907 I InputDispatcher: Delivering touch to (2993): action: 0x4, toolType: 0
12-12 00:55:42.889  2841  2907 I InputDispatcher: Delivering touch to (17695): action: 0x0, toolType: 0
12-12 00:55:42.889 17695 17695 D ViewRootImpl: ViewPostImeInputStage ACTION_DOWN
12-12 00:55:42.889  2841  2907 I InputDispatcher: Delivering touch to (17695): action: 0x1, toolType: 0
12-12 00:55:42.944  2841  2907 I InputDispatcher: Delivering touch to (2993): action: 0x4, toolType: 0
