12-12 00:55:32.504  2841  3594 D InputMethodManagerService: [HARDWARE_KEYBOARD] (refreshImeWindowVis) mImeWindowVis= 0 inputVisible = falsehaveHardKeyboard = false hardKeyShown = false
12-12 00:55:32.504  2993  3346 D mali_winsys: new_window_surface returns 0x3000,  [540x38]-format:1
12-12 00:55:32.509  2993  2993 D ViewRootImpl: ViewPostImeInputStage ACTION_DOWN
12-12 00:55:32.519  2993  2993 D VisualEffectCircleUnlockEffect: clearEffect
12-12 00:55:32.519  2993  2993 D VisualEffectCircleUnlockEffect: cancelAllAnimator
12-12 00:55:32.529  2156  2156 D libEGL  : eglInitialize EGLDisplay = 0xbe82e2b4
12-12 00:55:32.529  2156  2156 D libEGL  : eglTerminate EGLDisplay = 0xbe82e314
12-12 00:55:32.539 17665 17665 I Timeline: Timeline: Activity_launch_request id:com.example.snoopy time:3827027
12-12 00:55:32.544  2841  2974 D lights  : lcd : 18 -
12-12 00:55:32.544  2841  3591 D CustomFrequencyManagerService: releaseDVFSLockLocked : Getting Lock type frm List : DVFS_MIN_LIMIT  frequency : 1105000  uid : 1000  pid : 2841  tag : ACTIVITY_RESUME_BOOSTER@6
12-12 00:55:32.544  2156  2156 D libEGL  : eglInitialize EGLDisplay = 0xbe82e2b4
12-12 00:55:32.544  2841  2877 D DisplayPowerController: animateScreenStateChange[0]: target=2
12-12 00:55:32.544  2841  2877 D DisplayPowerController: [Dual Screen Compatible] state[0] :2
12-12 00:55:32.544  2841  2877 D AutomaticBrightnessController: [DAB] mLightSensor is null.
12-12 00:55:32.544  2841  2877 D DisplayPowerController: getFinalBrightness : Summary is 18 -> 18
12-12 00:55:32.544  2841  2877 D DisplayPowerController: Animating brightness: target=18, rate=2000 (PSM:false, AB limit:(-1 ~ -1) MB Limit:(-1 ~ -1) MAdj:(0, (0, 255)))
12-12 00:55:32.544  2841  2877 D PowerManagerService: [s] DisplayPowerCallbacks : onStateChanged()
12-12 00:55:32.544  2841  3591 D CustomFrequencyManagerService: acquireDVFSLockLocked : type : DVFS_MIN_LIMIT  frequency : 1105000  uid : 1000  pid : 2841  pkgName : ACTIVITY_RESUME_BOOSTER@6
12-12 00:55:32.544  2841  3591 D ActivityManager: mDVFSHelper.acquire()
12-12 00:55:32.559  2156  2156 D libEGL  : eglInitialize EGLDisplay = 0xbe82e2b4
12-12 00:55:32.604 17665 17665 I Timeline: Timeline: Activity_launch_request id:com.example.snoopy time:3827093
12-12 00:55:32.609  2841  2870 V BroadcastQueue: [background] Process cur broadcast BroadcastRecord{2c3d7672 u0 com.google.android.gms.gcm.ACTION_SCHEDULE} DELIVERED for app ProcessRecord{314b7521 14100:com.google.android.gms.persistent/u0a6}
12-12 00:55:32.619  2841  3600 D CustomFrequencyManagerService: releaseDVFSLockLocked : Getting Lock type frm List : DVFS_MIN_LIMIT  frequency : 1105000  uid : 1000  pid : 2841  tag : ACTIVITY_RESUME_BOOSTER@6
12-12 00:55:32.619  2841  3600 D CustomFrequencyManagerService: acquireDVFSLockLocked : type : DVFS_MIN_LIMIT  frequency : 1105000  uid : 1000  pid : 2841  pkgName : ACTIVITY_RESUME_BOOSTER@6
12-12 00:55:32.619  2841  3600 D ActivityManager: mDVFSHelper.acquire()
12-12 00:55:32.639  2841  2857 V BroadcastQueue: [background] Process cur broadcast BroadcastRecord{1e6e5ac3 u0 com.google.android.gms.measurement.UPLOAD} DELIVERED for app ProcessRecord{33079c48 14141:com.google.android.gms/u0a6}
12-12 00:55:32.639  2841  3595 D ActivityManager: startService callerProcessName:com.google.android.gms, calleePkgName: com.google.android.gms
12-12 00:55:32.684  2841  2907 I InputDispatcher: Delivering touch to (2993): action: 0x4, toolType: 0
12-12 00:55:32.684  2841  2907 I InputDispatcher: Delivering touch to (17695): action: 0x0, toolType: 0
12-12 00:55:32.684 17695 17695 D ViewRootImpl: ViewPostImeInputStage ACTION_DOWN
12-12 00:55:32.684  2841  2907 I InputDispatcher: Delivering touch to (17695): action: 0x1, toolType: 0
12-12 00:55:32.734  2841  2934 I EDMNativeHelperService: isScreenCaptureEnabled
12-12 00:55:32.739  2841  2907 I InputDispatcher: Delivering touch to (2993): action: 0x4, toolType: 0
12-12 00:55:32.739  2841  2907 I InputDispatcher: Delivering touch to (17695): action: 0x0, toolType: 0
12-12 00:55:32.739 17695 17695 D ViewRootImpl: ViewPostImeInputStage ACTION_DOWN
12-12 00:55:32.739  2841  2907 I InputDispatcher: Delivering touch to (17695): action: 0x1, toolType: 0
12-12 00:55:32.754 14141 17906 I System.out: (HTTPLog)-Static: isSBSettingEnabled false
12-12 00:55:32.754 14141 17906 I System.out: KnoxVpnUidStorageknoxVpnSupported API value returned is false
12-12 00:55:32.754  2168  2834 D EnterpriseController: netId is 0
12-12 00:55:32.754  2168  2834 D Netd    : getNetworkForDns: using netid 502 for uid 10006
12-12 00:55:32.774 14141 17906 I System.out: KnoxVpnUidStorageknoxVpnSupported API value returned is false
12-12 00:55:32.779 14141 17906 I qtaguid : Tagging socket 85 with tag 3000330000000000{805319424,0} uid 10209, pid: 14141, getuid(): 10006
12-12 00:55:32.794  2841  2907 I InputDispatcher: Delivering touch to (2993): action: 0x4, toolType: 0
12-12 00:55:32.794  2841  2907 I InputDispatcher: Delivering touch to (17695): action: 0x0, toolType: 0
12-12 00:55:32.794 17695 17695 D ViewRootImpl: ViewPostImeInputStage ACTION_DOWN
12-12 00:55:32.794  2841  2907 I InputDispatcher: Delivering touch to (17695): action: 0x1, toolType: 0
12-12 00:55:32.849  2841  2907 I InputDispatcher: Delivering touch to (2993): action: 0x4, toolType: 0
12-12 00:55:32.849  2841  2907 I InputDispatcher: Delivering touch to (17695): action: 0x0, toolType: 0
12-12 00:55:32.849 17695 17695 D ViewRootImpl: ViewPostImeInputStage ACTION_DOWN
12-12 00:55:32.849  2841  2907 I InputDispatcher: Delivering touch to (17695): action: 0x1, toolType: 0
12-12 00:55:32.899  2841  2907 I InputDispatcher: Delivering touch to (2993): action: 0x4, toolType: 0
12-12 00:55:32.899  2841  2907 I InputDispatcher: Delivering touch to (17695): action: 0x0, toolType: 0
12-12 00:55:32.899 17695 17695 D ViewRootImpl: ViewPostImeInputStage ACTION_DOWN
12-12 00:55:32.904  2841  2907 I InputDispatcher: Delivering touch to (17695): action: 0x1, toolType: 0
12-12 00:55:32.954  2841  2907 I InputDispatcher: Delivering touch to (2993): action: 0x4, toolType: 0
12-12 00:55:32.954  2841  2907 I InputDispatcher: Delivering touch to (17695): action: 0x0, toolType: 0
12-12 00:55:32.954 17695 17695 D ViewRootImpl: ViewPostImeInputStage ACTION_DOWN
12-12 00:55:32.959  2841  2907 I InputDispatcher: Delivering touch to (17695): action: 0x1, toolType: 0
12-12 00:55:33.014  2841  2907 I InputDispatcher: Delivering touch to (2993): action: 0x0, toolType: 0
12-12 00:55:33.014  2993  2993 D ViewRootImpl: ViewPostImeInputStage ACTION_DOWN
12-12 00:55:33.019  2993  2993 D PhoneStatusBar: makeExpandedVisible:false
12-12 00:55:33.019  2993  2993 D STATUSBAR-PhoneStatusBar:  mBrightnessEnablebySettings = true mBrightnessEnablebyBattery = true mBrightnessEnablebyDisableFlag = true mPmsBrightnessEnablebySettings = true
12-12 00:55:33.024  2993  2993 D StatusBar-Window: fnf=false sanc=false, kni=false, sbf=true
12-12 00:55:33.024  2993  2993 D CoverUI : applyFocusableFlag() : Remove SAMSUNG_FLAG_SVIEW_COVER
12-12 00:55:33.024  2993  2993 D CoverUI : applyHeight h = -1, oc = false, ex = true, fa = false, ac = false, sc = false
12-12 00:55:33.024  2841  2907 I InputDispatcher: Delivering touch to (2993): action: 0x1, toolType: 0
12-12 00:55:33.029  2841  2857 V Vibrator: Called cancel() API - PUID: 1000, PackageName: android
12-12 00:55:33.029  2841  2857 D VibratorService: Turning vibrator off
12-12 00:55:33.029  2841  2857 D LightsService: [api] [SvcLED] turnOff:: id = 5 (uid: 1000 pid: 2841) 
12-12 00:55:33.029  2841  2857 W CoverManager: getCoverState : This device is not supported cover
12-12 00:55:33.029  2841  2857 D LightsService: [api] [SvcLED] LED indicator : Not supported.
12-12 00:55:33.029  2993  2993 D PhoneStatusBar: disable: < expand icons alerts system_info back home recent clock search >
12-12 00:55:33.034  2993  2993 D PanelView: onExpandingStarted
12-12 00:55:33.034  2993  2993 D STATUSBAR-PhoneStatusBar:  mBrightnessEnablebySettings = true mBrightnessEnablebyBattery = true mBrightnessEnablebyDisableFlag = true mPmsBrightnessEnablebySettings = true
12-12 00:55:33.034  2993  2993 D PhoneStatusBar: updateQSpanelHeight: 142 height:226
12-12 00:55:33.034  2993  2993 D PanelView: flingSettings mQsMin:294 mQsMax:294 mQsEx:294.0mQsPeek:226
12-12 00:55:33.039  2841  4317 D SSRM:a  : DeviceInfo:: 00000000000
12-12 00:55:33.039  2841  4317 D SSRM:a  : SettingsAirViewInfo:: 000000000
12-12 00:55:33.044  2993  2993 D PanelView: onExpandingFinished
12-12 00:55:33.044  2993  2993 D PhoneStatusBar: updateQSpanelHeight: 142 height:226
12-12 00:55:33.044  2993  2993 D STATUSBAR-PhoneStatusBar:  mBrightnessEnablebySettings = true mBrightnessEnablebyBattery = true mBrightnessEnablebyDisableFlag = true mPmsBrightnessEnablebySettings = true
12-12 00:55:33.044 14141 17906 I qtaguid : Untagging socket 85
12-12 00:55:33.044  2993  2993 D PanelView: flingSettings mQsMin:294 mQsMax:294 mQsEx:294.0mQsPeek:226
12-12 00:55:33.044  2993  2993 D PhoneStatusBar: makeExpandedInvisible: mExpandedVisible=true
12-12 00:55:33.049  2993  2993 D StatusBar-QSPanel: setSingleLine:true
12-12 00:55:33.049  2993  2993 D StatusBar-QSPanel: adjustCellWidth mButtonWidth : 102, displayWidth : 540
12-12 00:55:33.049  2993  2993 D StatusBar-QSPanel: updateButtonInfo mButtonWidth : 102 mColumns:5 orien: 1 mButtonCorrectionWidth:18
12-12 00:55:33.049  2993  2993 D StatusBar-QSPanel: setSingleLine height:142
12-12 00:55:33.049  2993  2993 D PhoneStatusBar: showHideMultiSIMLayout:true
12-12 00:55:33.049  2993  2993 D STATUSBAR-PhoneStatusBar:  mBrightnessEnablebySettings = true mBrightnessEnablebyBattery = true mBrightnessEnablebyDisableFlag = true mPmsBrightnessEnablebySettings = true
12-12 00:55:33.054  2993  2993 D StatusBar: getNumberOfActiveSim: 1
12-12 00:55:33.054  2993  2993 D NotificationStackScrollLayout: updateMultiSIMLayout:false
12-12 00:55:33.054  2993  2993 D NotificationStackScrollLayout: oldVisibility:8,newVisibility:8
12-12 00:55:33.054  2993  2993 D PhoneStatusBar: updateQSpanelHeight: 142 height:226
12-12 00:55:33.054  2993  2993 D PanelView: flingSettings mQsMin:294 mQsMax:294 mQsEx:294.0mQsPeek:226
12-12 00:55:33.054  2993  2993 I PhoneStatusBar: Icon Only
12-12 00:55:33.054  2993  2993 I StatusBar: Icon Only
12-12 00:55:33.054  2993  2993 D StatusBar: getNumberOfActiveSim: 1
12-12 00:55:33.054  2993  2993 D PanelView: kidsfalse mQsExpansionEnabled:true
12-12 00:55:33.059  2993  2993 D StatusBar-Window: fnf=true sanc=false, kni=false, sbf=false
12-12 00:55:33.059  2993  2993 D CoverUI : applyFocusableFlag() : Remove SAMSUNG_FLAG_SVIEW_COVER
12-12 00:55:33.059  2993  2993 D CoverUI : applyHeight h = 38, oc = false, ex = false, fa = false, ac = false, sc = false
12-12 00:55:33.059  2993  2993 D PhoneStatusBar: disable: < expand icons alerts system_info back home recent clock search >
12-12 00:55:33.079  2156  2156 I display : [PrimaryDisplay] [DYNAMIC_RECOMP] HWC_2_GLES by low FPS(3)
12-12 00:55:33.079  2841  2907 I InputDispatcher: Delivering touch to (2993): action: 0x4, toolType: 0
12-12 00:55:33.079  2841  2907 I InputDispatcher: Delivering touch to (17695): action: 0x0, toolType: 0
12-12 00:55:33.079 17695 17695 D ViewRootImpl: ViewPostImeInputStage ACTION_DOWN
12-12 00:55:33.089  2841  2907 I InputDispatcher: Delivering touch to (17695): action: 0x1, toolType: 0
12-12 00:55:33.139  2841  2907 I InputDispatcher: Delivering touch to (2993): action: 0x4, toolType: 0
12-12 00:55:33.139  2841  2907 I InputDispatcher: Delivering touch to (17695): action: 0x0, toolType: 0
12-12 00:55:33.144 17695 17695 D ViewRootImpl: ViewPostImeInputStage ACTION_DOWN
12-12 00:55:33.149  2841  2907 I InputDispatcher: Delivering touch to (17695): action: 0x1, toolType: 0
12-12 00:55:33.179 14141 17906 I System.out: (HTTPLog)-Static: isSBSettingEnabled false
12-12 00:55:33.179 14141 17906 I qtaguid : Tagging socket 85 with tag 3000330000000000{805319424,0} uid 10209, pid: 14141, getuid(): 10006
12-12 00:55:33.199 17665 17665 I Timeline: Timeline: Activity_launch_request id:com.example.snoopy time:3827689
12-12 00:55:33.204  2841  2934 D CustomFrequencyManagerService: releaseDVFSLockLocked : Getting Lock type frm List : DVFS_MIN_LIMIT  frequency : 1105000  uid : 1000  pid : 2841  tag : ACTIVITY_RESUME_BOOSTER@6
12-12 00:55:33.204  2841  2934 D CustomFrequencyManagerService: acquireDVFSLockLocked : type : DVFS_MIN_LIMIT  frequency : 1105000  uid : 1000  pid : 2841  pkgName : ACTIVITY_RESUME_BOOSTER@6
12-12 00:55:33.204  2841  2934 D ActivityManager: mDVFSHelper.acquire()
12-12 00:55:33.229 14141 17906 I qtaguid : Untagging socket 85
12-12 00:55:33.259  2841  2870 V BroadcastQueue: [background] Process cur broadcast BroadcastRecord{271e9e79 u0 com.google.android.gms.gcm.ACTION_SCHEDULE} DELIVERED for app ProcessRecord{314b7521 14100:com.google.android.gms.persistent/u0a6}
12-12 00:55:33.264  2841  2907 I InputDispatcher: Delivering touch to (2993): action: 0x4, toolType: 0
12-12 00:55:33.269  2841  2907 I InputDispatcher: Delivering touch to (17695): action: 0x0, toolType: 0
12-12 00:55:33.269 17695 17695 D ViewRootImpl: ViewPostImeInputStage ACTION_DOWN
12-12 00:55:33.274  2841  2907 I InputDispatcher: Delivering touch to (17695): action: 0x1, toolType: 0
12-12 00:55:33.274  2841  2870 V BroadcastQueue: [background] Process cur broadcast BroadcastRecord{6e887be u0 com.google.android.gms.gcm.ACTION_SCHEDULE} DELIVERED for app ProcessRecord{314b7521 14100:com.google.android.gms.persistent/u0a6}
12-12 00:55:33.289  2841  2870 V BroadcastQueue: [background] Process cur broadcast BroadcastRecord{551e01f u0 com.google.android.gms.gcm.ACTION_SCHEDULE} DELIVERED for app ProcessRecord{314b7521 14100:com.google.android.gms.persistent/u0a6}
12-12 00:55:33.324  2841  2907 I InputDispatcher: Delivering touch to (2993): action: 0x4, toolType: 0
12-12 00:55:33.324  2841  2907 I InputDispatcher: Delivering touch to (17695): action: 0x0, toolType: 0
12-12 00:55:33.324 17695 17695 D ViewRootImpl: ViewPostImeInputStage ACTION_DOWN
12-12 00:55:33.324  2841  2907 I InputDispatcher: Delivering touch to (17695): action: 0x1, toolType: 0
12-12 00:55:33.379  2841  2907 I InputDispatcher: Delivering touch to (2993): action: 0x4, toolType: 0
12-12 00:55:33.379  2841  2907 I InputDispatcher: Delivering touch to (17695): action: 0x0, toolType: 0
12-12 00:55:33.379 17695 17695 D ViewRootImpl: ViewPostImeInputStage ACTION_DOWN
12-12 00:55:33.379  2841  2907 I InputDispatcher: Delivering touch to (17695): action: 0x1, toolType: 0
12-12 00:55:33.434  2841  2907 I InputDispatcher: Delivering touch to (2993): action: 0x4, toolType: 0
12-12 00:55:33.434  2841  2907 I InputDispatcher: Delivering touch to (17695): action: 0x0, toolType: 0
12-12 00:55:33.434 17695 17695 D ViewRootImpl: ViewPostImeInputStage ACTION_DOWN
12-12 00:55:33.434  2841  2907 I InputDispatcher: Delivering touch to (17695): action: 0x1, toolType: 0
12-12 00:55:33.489  2841  2907 I InputDispatcher: Delivering touch to (2993): action: 0x4, toolType: 0
12-12 00:55:33.489  2841  2907 I InputDispatcher: Delivering touch to (17695): action: 0x0, toolType: 0
12-12 00:55:33.489 17695 17695 D ViewRootImpl: ViewPostImeInputStage ACTION_DOWN
12-12 00:55:33.489  2841  2907 I InputDispatcher: Delivering touch to (17695): action: 0x1, toolType: 0
12-12 00:55:33.499  2993  2993 D StatusBar.MSimNetworkController: refreshViews connected={ wifi } phoneId = 0 level=0 mMSimcombinedSignalIconId=0x7f020626/com.android.systemui:drawable/stat_sys_wifi_signal_4 mMSimcombinedActivityIconId=0x7f0205da mAirplaneMode=false mMSimDataActivity=0 mMSimPhoneSignalIconId=0x7f020781/com.android.systemui:drawable/tw_stat_sys_signal_null mMSimDataDirectionIconId=0x0 mMSimDataSignalIconId=0x7f020781 mMSimDataTypeIconId=0x0/(null) mNoMSimIconId=0x7f02016f/com.android.systemui:drawable/ic_qs_no_sim mMSimMobileActivityIconId=0x0/(null) mWifiIconId=0x7f020626 mBluetoothTetherIconId=0x7f020603 mRoamingIconId=0x 0/(null)
12-12 00:55:33.499  2993  2993 D StatusBar.MSimNetworkController: refreshSignalCluster : called
12-12 00:55:33.544  2841  2907 I InputDispatcher: Delivering touch to (2993): action: 0x4, toolType: 0
12-12 00:55:33.544  2841  2907 I InputDispatcher: Delivering touch to (17695): action: 0x0, toolType: 0
12-12 00:55:33.544 17695 17695 D ViewRootImpl: ViewPostImeInputStage ACTION_DOWN
12-12 00:55:33.549  2841  2907 I InputDispatcher: Delivering touch to (17695): action: 0x1, toolType: 0
12-12 00:55:33.604  2841  2907 I InputDispatcher: Delivering touch to (2993): action: 0x4, toolType: 0
12-12 00:55:33.604  2841  2907 I InputDispatcher: Delivering touch to (17695): action: 0x0, toolType: 0
12-12 00:55:33.604 17695 17695 D ViewRootImpl: ViewPostImeInputStage ACTION_DOWN
12-12 00:55:33.604  2841  2907 I InputDispatcher: Delivering touch to (17695): action: 0x1, toolType: 0
12-12 00:55:33.659  2841  2907 I InputDispatcher: Delivering touch to (2993): action: 0x4, toolType: 0
12-12 00:55:33.659  2841  2907 I InputDispatcher: Delivering touch to (17695): action: 0x0, toolType: 0
12-12 00:55:33.659 17695 17695 D ViewRootImpl: ViewPostImeInputStage ACTION_DOWN
12-12 00:55:33.664  2841  2907 I InputDispatcher: Delivering touch to (17695): action: 0x1, toolType: 0
12-12 00:55:33.674 17695 17706 I art     : Explicit concurrent mark sweep GC freed 1336(74KB) AllocSpace objects, 1(16KB) LOS objects, 30% free, 4MB/6MB, paused 616us total 25.408ms
12-12 00:55:33.719  2841  2907 I InputDispatcher: Delivering touch to (2993): action: 0x4, toolType: 0
12-12 00:55:33.719  2841  2907 I InputDispatcher: Delivering touch to (17695): action: 0x0, toolType: 0
12-12 00:55:33.719 17695 17695 D ViewRootImpl: ViewPostImeInputStage ACTION_DOWN
12-12 00:55:33.719  2841  2907 I InputDispatcher: Delivering touch to (17695): action: 0x1, toolType: 0
12-12 00:55:33.759 17695 17706 I art     : Explicit concurrent mark sweep GC freed 24(776B) AllocSpace objects, 0(0B) LOS objects, 30% free, 4MB/6MB, paused 617us total 23.636ms
12-12 00:55:33.774  2841  2907 I InputDispatcher: Delivering touch to (2993): action: 0x4, toolType: 0
12-12 00:55:33.774  2841  2907 I InputDispatcher: Delivering touch to (17695): action: 0x0, toolType: 0
12-12 00:55:33.774 17695 17695 D ViewRootImpl: ViewPostImeInputStage ACTION_DOWN
12-12 00:55:33.774  2841  2907 I InputDispatcher: Delivering touch to (17695): action: 0x1, toolType: 0
12-12 00:55:33.829  2841  2907 I InputDispatcher: Delivering touch to (2993): action: 0x4, toolType: 0
12-12 00:55:33.829  2841  2907 I InputDispatcher: Delivering touch to (17695): action: 0x0, toolType: 0
12-12 00:55:33.829 17695 17695 D ViewRootImpl: ViewPostImeInputStage ACTION_DOWN
12-12 00:55:33.829  2841  2907 I InputDispatcher: Delivering touch to (17695): action: 0x1, toolType: 0
12-12 00:55:33.839 17695 17706 I art     : Explicit concurrent mark sweep GC freed 15(384B) AllocSpace objects, 0(0B) LOS objects, 30% free, 4MB/6MB, paused 577us total 23.972ms
12-12 00:55:33.884  2841  2907 I InputDispatcher: Delivering touch to (2993): action: 0x4, toolType: 0
12-12 00:55:33.884  2841  2907 I InputDispatcher: Delivering touch to (17695): action: 0x0, toolType: 0
12-12 00:55:33.884 17695 17695 D ViewRootImpl: ViewPostImeInputStage ACTION_DOWN
12-12 00:55:33.884  2841  2907 I InputDispatcher: Delivering touch to (17695): action: 0x1, toolType: 0
12-12 00:55:33.909  2841  3589 I EDMNativeHelperService: isScreenCaptureEnabled
12-12 00:55:33.924 17695 17706 I art     : Explicit concurrent mark sweep GC freed 9(240B) AllocSpace objects, 0(0B) LOS objects, 30% free, 4MB/6MB, paused 540us total 24.188ms
12-12 00:55:33.939  2841  2907 I InputDispatcher: Delivering touch to (2993): action: 0x0, toolType: 0
12-12 00:55:33.939  2993  2993 D ViewRootImpl: ViewPostImeInputStage ACTION_DOWN
12-12 00:55:33.944  2841  2907 I InputDispatcher: Delivering touch to (2993): action: 0x1, toolType: 0
12-12 00:55:33.949  2993  2993 D PhoneStatusBar: makeExpandedVisible:false
12-12 00:55:33.949  2993  2993 D STATUSBAR-PhoneStatusBar:  mBrightnessEnablebySettings = true mBrightnessEnablebyBattery = true mBrightnessEnablebyDisableFlag = true mPmsBrightnessEnablebySettings = true
12-12 00:55:33.954  2993  2993 D StatusBar-Window: fnf=false sanc=false, kni=false, sbf=true
12-12 00:55:33.954  2993  2993 D CoverUI : applyFocusableFlag() : Remove SAMSUNG_FLAG_SVIEW_COVER
12-12 00:55:33.954  2993  2993 D CoverUI : applyHeight h = -1, oc = false, ex = true, fa = false, ac = false, sc = false
12-12 00:55:33.954  2841  2858 V Vibrator: Called cancel() API - PUID: 1000, PackageName: android
12-12 00:55:33.954  2841  2858 D VibratorService: Turning vibrator off
12-12 00:55:33.954  2841  2858 D LightsService: [api] [SvcLED] turnOff:: id = 5 (uid: 1000 pid: 2841) 
12-12 00:55:33.954  2841  2858 W CoverManager: getCoverState : This device is not supported cover
12-12 00:55:33.954  2841  2858 D LightsService: [api] [SvcLED] LED indicator : Not supported.
12-12 00:55:33.954  2993  2993 D PhoneStatusBar: disable: < expand icons alerts system_info back home recent clock search >
12-12 00:55:33.964  2841  4317 D SSRM:a  : DeviceInfo:: 00000000000
12-12 00:55:33.964  2841  4317 D SSRM:a  : SettingsAirViewInfo:: 000000000
12-12 00:55:33.964  2993  2993 D PhoneStatusBar: makeExpandedInvisible: mExpandedVisible=true
12-12 00:55:33.964  2993  2993 D StatusBar-QSPanel: setSingleLine:true
12-12 00:55:33.969  2993  2993 D StatusBar-QSPanel: adjustCellWidth mButtonWidth : 102, displayWidth : 540
12-12 00:55:33.969  2993  2993 D StatusBar-QSPanel: updateButtonInfo mButtonWidth : 102 mColumns:5 orien: 1 mButtonCorrectionWidth:18
12-12 00:55:33.969  2993  2993 D StatusBar-QSPanel: setSingleLine height:142
12-12 00:55:33.969  2993  2993 D STATUSBAR-PhoneStatusBar:  mBrightnessEnablebySettings = true mBrightnessEnablebyBattery = true mBrightnessEnablebyDisableFlag = true mPmsBrightnessEnablebySettings = true
12-12 00:55:33.969  2993  2993 D PhoneStatusBar: showHideMultiSIMLayout:true
12-12 00:55:33.969  2993  2993 D StatusBar: getNumberOfActiveSim: 1
12-12 00:55:33.969  2993  2993 D NotificationStackScrollLayout: updateMultiSIMLayout:false
12-12 00:55:33.969  2993  2993 D NotificationStackScrollLayout: oldVisibility:8,newVisibility:8
12-12 00:55:33.969  2993  2993 D PhoneStatusBar: updateQSpanelHeight: 142 height:226
12-12 00:55:33.969  2993  2993 D PanelView: flingSettings mQsMin:294 mQsMax:294 mQsEx:294.0mQsPeek:226
12-12 00:55:33.969  2993  2993 I PhoneStatusBar: Icon Only
12-12 00:55:33.969  2993  2993 I StatusBar: Icon Only
12-12 00:55:33.974  2993  2993 D StatusBar: getNumberOfActiveSim: 1
12-12 00:55:33.974  2993  2993 D PanelView: kidsfalse mQsExpansionEnabled:true
12-12 00:55:33.974  2993  2993 D StatusBar-Window: fnf=true sanc=false, kni=false, sbf=false
12-12 00:55:33.974  2993  2993 D CoverUI : applyFocusableFlag() : Remove SAMSUNG_FLAG_SVIEW_COVER
12-12 00:55:33.974  2993  2993 D CoverUI : applyHeight h = 38, oc = false, ex = false, fa = false, ac = false, sc = false
12-12 00:55:33.974  2993  2993 D PhoneStatusBar: disable: < expand icons alerts system_info back home recent clock search >
12-12 00:55:33.994  2841  2907 I InputDispatcher: Delivering touch to (2993): action: 0x4, toolType: 0
12-12 00:55:33.994  2841  2907 I InputDispatcher: Delivering touch to (17695): action: 0x0, toolType: 0
12-12 00:55:33.994 17695 17695 D ViewRootImpl: ViewPostImeInputStage ACTION_DOWN
12-12 00:55:33.999  2841  2907 I InputDispatcher: Delivering touch to (17695): action: 0x1, toolType: 0
12-12 00:55:34.009 17695 17706 I art     : Explicit concurrent mark sweep GC freed 9(240B) AllocSpace objects, 0(0B) LOS objects, 30% free, 4MB/6MB, paused 569us total 23.763ms
12-12 00:55:34.049  2841  2907 I InputDispatcher: Delivering touch to (2993): action: 0x4, toolType: 0
12-12 00:55:34.049  2841  2907 I InputDispatcher: Delivering touch to (17695): action: 0x0, toolType: 0
12-12 00:55:34.049 17695 17695 D ViewRootImpl: ViewPostImeInputStage ACTION_DOWN
12-12 00:55:34.054  2841  2907 I InputDispatcher: Delivering touch to (17695): action: 0x1, toolType: 0
12-12 00:55:34.104  2841  2907 I InputDispatcher: Delivering touch to (2993): action: 0x4, toolType: 0
12-12 00:55:34.104  2841  2907 I InputDispatcher: Delivering touch to (17695): action: 0x0, toolType: 0
12-12 00:55:34.104 17695 17695 D ViewRootImpl: ViewPostImeInputStage ACTION_DOWN
12-12 00:55:34.119  2841  2907 I InputDispatcher: Delivering touch to (17695): action: 0x1, toolType: 0
12-12 00:55:34.169  2841  2907 I InputDispatcher: Delivering touch to (2993): action: 0x4, toolType: 0
12-12 00:55:34.169  2841  2907 I InputDispatcher: Delivering touch to (17695): action: 0x0, toolType: 0
12-12 00:55:34.169 17695 17695 D ViewRootImpl: ViewPostImeInputStage ACTION_DOWN
12-12 00:55:34.174  2841  2907 I InputDispatcher: Delivering touch to (17695): action: 0x1, toolType: 0
12-12 00:55:34.224  2841  2907 I InputDispatcher: Delivering touch to (2993): action: 0x4, toolType: 0
12-12 00:55:34.224  2841  2907 I InputDispatcher: Delivering touch to (17695): action: 0x0, toolType: 0
12-12 00:55:34.224 17695 17695 D ViewRootImpl: ViewPostImeInputStage ACTION_DOWN
12-12 00:55:34.229  2841  2907 I InputDispatcher: Delivering touch to (17695): action: 0x1, toolType: 0
12-12 00:55:34.279  2841  2907 I InputDispatcher: Delivering touch to (2993): action: 0x4, toolType: 0
12-12 00:55:34.279  2841  2907 I InputDispatcher: Delivering touch to (17695): action: 0x0, toolType: 0
12-12 00:55:34.279 17695 17695 D ViewRootImpl: ViewPostImeInputStage ACTION_DOWN
12-12 00:55:34.279  2841  2907 I InputDispatcher: Delivering touch to (17695): action: 0x1, toolType: 0
12-12 00:55:34.334  2841  2907 I InputDispatcher: Delivering touch to (2993): action: 0x4, toolType: 0
12-12 00:55:34.334  2841  2907 I InputDispatcher: Delivering touch to (17695): action: 0x0, toolType: 0
12-12 00:55:34.334 17695 17695 D ViewRootImpl: ViewPostImeInputStage ACTION_DOWN
12-12 00:55:34.339  2841  2907 I InputDispatcher: Delivering touch to (17695): action: 0x1, toolType: 0
12-12 00:55:34.394  2841  2907 I InputDispatcher: Delivering touch to (2993): action: 0x4, toolType: 0
12-12 00:55:34.394  2841  2907 I InputDispatcher: Delivering touch to (17695): action: 0x0, toolType: 0
12-12 00:55:34.394 17695 17695 D ViewRootImpl: ViewPostImeInputStage ACTION_DOWN
12-12 00:55:34.404  2841  2907 I InputDispatcher: Delivering touch to (17695): action: 0x1, toolType: 0
12-12 00:55:34.459  2841  2907 I InputDispatcher: Delivering touch to (2993): action: 0x4, toolType: 0
12-12 00:55:34.459  2841  2907 I InputDispatcher: Delivering touch to (17695): action: 0x0, toolType: 0
12-12 00:55:34.459 17695 17695 D ViewRootImpl: ViewPostImeInputStage ACTION_DOWN
12-12 00:55:34.459  2841  2907 I InputDispatcher: Delivering touch to (17695): action: 0x1, toolType: 0
12-12 00:55:34.504  2993  2993 D StatusBar.MSimNetworkController: refreshViews connected={ wifi } phoneId = 0 level=0 mMSimcombinedSignalIconId=0x7f020626/com.android.systemui:drawable/stat_sys_wifi_signal_4 mMSimcombinedActivityIconId=0x7f0205dd mAirplaneMode=false mMSimDataActivity=0 mMSimPhoneSignalIconId=0x7f020781/com.android.systemui:drawable/tw_stat_sys_signal_null mMSimDataDirectionIconId=0x0 mMSimDataSignalIconId=0x7f020781 mMSimDataTypeIconId=0x0/(null) mNoMSimIconId=0x7f02016f/com.android.systemui:drawable/ic_qs_no_sim mMSimMobileActivityIconId=0x0/(null) mWifiIconId=0x7f020626 mBluetoothTetherIconId=0x7f020603 mRoamingIconId=0x 0/(null)
12-12 00:55:34.504  2993  2993 D StatusBar.MSimNetworkController: refreshSignalCluster : called
12-12 00:55:34.514  2841  2907 I InputDispatcher: Delivering touch to (2993): action: 0x4, toolType: 0
12-12 00:55:34.514  2841  2907 I InputDispatcher: Delivering touch to (17695): action: 0x0, toolType: 0
12-12 00:55:34.514 17695 17695 D ViewRootImpl: ViewPostImeInputStage ACTION_DOWN
12-12 00:55:34.524  2841  2907 I InputDispatcher: Delivering touch to (17695): action: 0x1, toolType: 0
12-12 00:55:34.574 17665 17665 I Timeline: Timeline: Activity_launch_request id:com.example.snoopy time:3829062
12-12 00:55:34.579  2841  3104 D CustomFrequencyManagerService: releaseDVFSLockLocked : Getting Lock type frm List : DVFS_MIN_LIMIT  frequency : 1105000  uid : 1000  pid : 2841  tag : ACTIVITY_RESUME_BOOSTER@6
12-12 00:55:34.579  2841  3104 D CustomFrequencyManagerService: acquireDVFSLockLocked : type : DVFS_MIN_LIMIT  frequency : 1105000  uid : 1000  pid : 2841  pkgName : ACTIVITY_RESUME_BOOSTER@6
12-12 00:55:34.579  2841  3104 D ActivityManager: mDVFSHelper.acquire()
12-12 00:55:34.634  2841  2907 I InputDispatcher: Delivering touch to (2993): action: 0x4, toolType: 0
12-12 00:55:34.634  2841  2907 I InputDispatcher: Delivering touch to (17695): action: 0x0, toolType: 0
12-12 00:55:34.634 17695 17695 D ViewRootImpl: ViewPostImeInputStage ACTION_DOWN
12-12 00:55:34.639  2841  2907 I InputDispatcher: Delivering touch to (17695): action: 0x1, toolType: 0
12-12 00:55:34.689  2841  2907 I InputDispatcher: Delivering touch to (2993): action: 0x4, toolType: 0
12-12 00:55:34.689  2841  2907 I InputDispatcher: Delivering touch to (17695): action: 0x0, toolType: 0
12-12 00:55:34.689 17695 17695 D ViewRootImpl: ViewPostImeInputStage ACTION_DOWN
12-12 00:55:34.704  2841  2907 I InputDispatcher: Delivering touch to (17695): action: 0x1, toolType: 0
12-12 00:55:34.754  2841  2907 I InputDispatcher: Delivering touch to (2993): action: 0x4, toolType: 0
12-12 00:55:34.754  2841  2907 I InputDispatcher: Delivering touch to (17695): action: 0x0, toolType: 0
12-12 00:55:34.754 17695 17695 D ViewRootImpl: ViewPostImeInputStage ACTION_DOWN
12-12 00:55:34.759  2841  2907 I InputDispatcher: Delivering touch to (17695): action: 0x1, toolType: 0
12-12 00:55:34.809  2841  2907 I InputDispatcher: Delivering touch to (2993): action: 0x4, toolType: 0
12-12 00:55:34.809  2841  2907 I InputDispatcher: Delivering touch to (17695): action: 0x0, toolType: 0
12-12 00:55:34.809 17695 17695 D ViewRootImpl: ViewPostImeInputStage ACTION_DOWN
12-12 00:55:34.809  2841  2907 I InputDispatcher: Delivering touch to (17695): action: 0x1, toolType: 0
12-12 00:55:34.864  2841  2907 I InputDispatcher: Delivering touch to (2993): action: 0x4, toolType: 0
12-12 00:55:34.864  2841  2907 I InputDispatcher: Delivering touch to (17695): action: 0x0, toolType: 0
12-12 00:55:34.864 17695 17695 D ViewRootImpl: ViewPostImeInputStage ACTION_DOWN
12-12 00:55:34.874  2841  2907 I InputDispatcher: Delivering touch to (17695): action: 0x1, toolType: 0
12-12 00:55:34.924  2841  2907 I InputDispatcher: Delivering touch to (2993): action: 0x4, toolType: 0
12-12 00:55:34.924  2841  2907 I InputDispatcher: Delivering touch to (17695): action: 0x0, toolType: 0
12-12 00:55:34.924 17695 17695 D ViewRootImpl: ViewPostImeInputStage ACTION_DOWN
12-12 00:55:34.929  2841  2907 I InputDispatcher: Delivering touch to (17695): action: 0x1, toolType: 0
12-12 00:55:34.979  2841  2907 I InputDispatcher: Delivering touch to (2993): action: 0x4, toolType: 0
12-12 00:55:34.979  2841  2907 I InputDispatcher: Delivering touch to (17695): action: 0x0, toolType: 0
12-12 00:55:34.979 17695 17695 D ViewRootImpl: ViewPostImeInputStage ACTION_DOWN
12-12 00:55:34.984  2841  2907 I InputDispatcher: Delivering touch to (17695): action: 0x1, toolType: 0
12-12 00:55:35.024  2841  3596 I EDMNativeHelperService: isScreenCaptureEnabled
12-12 00:55:35.034  2841  2907 I InputDispatcher: Delivering touch to (2993): action: 0x4, toolType: 0
12-12 00:55:35.034  2841  2907 I InputDispatcher: Delivering touch to (17695): action: 0x0, toolType: 0
12-12 00:55:35.034 17695 17695 D ViewRootImpl: ViewPostImeInputStage ACTION_DOWN
12-12 00:55:35.049  2841  2907 I InputDispatcher: Delivering touch to (17695): action: 0x1, toolType: 0
12-12 00:55:35.104  2841  2907 I InputDispatcher: Delivering touch to (2993): action: 0x4, toolType: 0
12-12 00:55:35.104  2841  2907 I InputDispatcher: Delivering touch to (17695): action: 0x0, toolType: 0
12-12 00:55:35.104 17695 17695 D ViewRootImpl: ViewPostImeInputStage ACTION_DOWN
12-12 00:55:35.114  2841  2907 I InputDispatcher: Delivering touch to (17695): action: 0x1, toolType: 0
12-12 00:55:35.169  2841  2907 I InputDispatcher: Delivering touch to (2993): action: 0x4, toolType: 0
12-12 00:55:35.169  2841  2907 D PowerManagerService: [api] userActivityFromNative : 30 (event: 2 flags: 0) eventTime = 3829656
12-12 00:55:35.169  2841  2907 I InputDispatcher: Delivering touch to (17695): action: 0x0, toolType: 0
12-12 00:55:35.169 17695 17695 D ViewRootImpl: ViewPostImeInputStage ACTION_DOWN
12-12 00:55:35.179  2841  2907 I InputDispatcher: Delivering touch to (17695): action: 0x1, toolType: 0
12-12 00:55:35.234  2841  2907 I InputDispatcher: Delivering touch to (2993): action: 0x4, toolType: 0
12-12 00:55:35.234  2841  2907 I InputDispatcher: Delivering touch to (17695): action: 0x0, toolType: 0
12-12 00:55:35.234 17695 17695 D ViewRootImpl: ViewPostImeInputStage ACTION_DOWN
12-12 00:55:35.239  2841  2907 I InputDispatcher: Delivering touch to (17695): action: 0x1, toolType: 0
12-12 00:55:35.284 17695 17712 I art     : Explicit concurrent mark sweep GC freed 1174(66KB) AllocSpace objects, 1(16KB) LOS objects, 30% free, 4MB/6MB, paused 593us total 25.033ms
12-12 00:55:35.294  2841  2907 I InputDispatcher: Delivering touch to (2993): action: 0x4, toolType: 0
12-12 00:55:35.294  2841  2907 I InputDispatcher: Delivering touch to (17695): action: 0x0, toolType: 0
12-12 00:55:35.294 17695 17695 D ViewRootImpl: ViewPostImeInputStage ACTION_DOWN
12-12 00:55:35.299  2841  2907 I InputDispatcher: Delivering touch to (17695): action: 0x1, toolType: 0
12-12 00:55:35.349  2841  2907 I InputDispatcher: Delivering touch to (2993): action: 0x4, toolType: 0
12-12 00:55:35.349  2841  2907 I InputDispatcher: Delivering touch to (17695): action: 0x0, toolType: 0
12-12 00:55:35.349 17695 17695 D ViewRootImpl: ViewPostImeInputStage ACTION_DOWN
12-12 00:55:35.354  2841  2907 I InputDispatcher: Delivering touch to (17695): action: 0x1, toolType: 0
12-12 00:55:35.374 17695 17712 I art     : Explicit concurrent mark sweep GC freed 28(872B) AllocSpace objects, 0(0B) LOS objects, 30% free, 4MB/6MB, paused 614us total 25.679ms
12-12 00:55:35.404  2841  2907 I InputDispatcher: Delivering touch to (2993): action: 0x4, toolType: 0
12-12 00:55:35.404  2841  2907 I InputDispatcher: Delivering touch to (17695): action: 0x0, toolType: 0
12-12 00:55:35.404 17695 17695 D ViewRootImpl: ViewPostImeInputStage ACTION_DOWN
12-12 00:55:35.404  2841  2907 I InputDispatcher: Delivering touch to (17695): action: 0x1, toolType: 0
12-12 00:55:35.459  2841  2907 I InputDispatcher: Delivering touch to (2993): action: 0x4, toolType: 0
12-12 00:55:35.459  2841  2907 I InputDispatcher: Delivering touch to (17695): action: 0x0, toolType: 0
12-12 00:55:35.459 17695 17695 D ViewRootImpl: ViewPostImeInputStage ACTION_DOWN
12-12 00:55:35.464 17695 17712 I art     : Explicit concurrent mark sweep GC freed 13(336B) AllocSpace objects, 0(0B) LOS objects, 30% free, 4MB/6MB, paused 802us total 26.756ms
12-12 00:55:35.469  2841  2907 I InputDispatcher: Delivering touch to (17695): action: 0x1, toolType: 0
12-12 00:55:35.519  2841  2907 I InputDispatcher: Delivering touch to (2993): action: 0x4, toolType: 0
12-12 00:55:35.519  2841  2907 I InputDispatcher: Delivering touch to (17695): action: 0x0, toolType: 0
12-12 00:55:35.524 17695 17695 D ViewRootImpl: ViewPostImeInputStage ACTION_DOWN
12-12 00:55:35.529  2841  2907 I InputDispatcher: Delivering touch to (17695): action: 0x1, toolType: 0
12-12 00:55:35.554 17695 17712 I art     : Explicit concurrent mark sweep GC freed 15(384B) AllocSpace objects, 0(0B) LOS objects, 30% free, 4MB/6MB, paused 623us total 27.278ms
12-12 00:55:35.584  2841  2907 I InputDispatcher: Delivering touch to (2993): action: 0x4, toolType: 0
12-12 00:55:35.584  2841  2907 I InputDispatcher: Delivering touch to (17695): action: 0x0, toolType: 0
12-12 00:55:35.584 17695 17695 D ViewRootImpl: ViewPostImeInputStage ACTION_DOWN
12-12 00:55:35.594  2841  2907 I InputDispatcher: Delivering touch to (17695): action: 0x1, toolType: 0
12-12 00:55:35.644 17695 17712 I art     : Explicit concurrent mark sweep GC freed 13(336B) AllocSpace objects, 0(0B) LOS objects, 30% free, 4MB/6MB, paused 592us total 23.556ms
12-12 00:55:35.649  2841  2907 I InputDispatcher: Delivering touch to (2993): action: 0x4, toolType: 0
12-12 00:55:35.649  2841  2907 I InputDispatcher: Delivering touch to (17695): action: 0x0, toolType: 0
12-12 00:55:35.649 17695 17695 D ViewRootImpl: ViewPostImeInputStage ACTION_DOWN
12-12 00:55:35.649  2841  2907 I InputDispatcher: Delivering touch to (17695): action: 0x1, toolType: 0
12-12 00:55:35.704  2841  2907 I InputDispatcher: Delivering touch to (2993): action: 0x4, toolType: 0
12-12 00:55:35.704  2841  2907 I InputDispatcher: Delivering touch to (17695): action: 0x0, toolType: 0
12-12 00:55:35.704 17695 17695 D ViewRootImpl: ViewPostImeInputStage ACTION_DOWN
12-12 00:55:35.714  2841  2907 I InputDispatcher: Delivering touch to (17695): action: 0x1, toolType: 0
12-12 00:55:35.764  2841  2907 I InputDispatcher: Delivering touch to (2993): action: 0x4, toolType: 0
12-12 00:55:35.764  2841  2907 I InputDispatcher: Delivering touch to (17695): action: 0x0, toolType: 0
12-12 00:55:35.764 17695 17695 D ViewRootImpl: ViewPostImeInputStage ACTION_DOWN
12-12 00:55:35.769  2841  2907 I InputDispatcher: Delivering touch to (17695): action: 0x1, toolType: 0
12-12 00:55:35.819  2841  2907 I InputDispatcher: Delivering touch to (2993): action: 0x4, toolType: 0
12-12 00:55:35.819  2841  2907 I InputDispatcher: Delivering touch to (17695): action: 0x0, toolType: 0
12-12 00:55:35.819 17695 17695 D ViewRootImpl: ViewPostImeInputStage ACTION_DOWN
12-12 00:55:35.824  2841  2907 I InputDispatcher: Delivering touch to (17695): action: 0x1, toolType: 0
12-12 00:55:35.839  2841  3596 I EDMNativeHelperService: isScreenCaptureEnabled
12-12 00:55:35.879  2841  2907 I InputDispatcher: Delivering touch to (2993): action: 0x4, toolType: 0
12-12 00:55:35.879  2841  2907 I InputDispatcher: Delivering touch to (17695): action: 0x0, toolType: 0
12-12 00:55:35.879 17695 17695 D ViewRootImpl: ViewPostImeInputStage ACTION_DOWN
12-12 00:55:35.879  2841  2907 I InputDispatcher: Delivering touch to (17695): action: 0x1, toolType: 0
12-12 00:55:35.934  2841  2907 I InputDispatcher: Delivering touch to (2993): action: 0x4, toolType: 0
12-12 00:55:35.934  2841  2907 I InputDispatcher: Delivering touch to (17695): action: 0x0, toolType: 0
12-12 00:55:35.934 17695 17695 D ViewRootImpl: ViewPostImeInputStage ACTION_DOWN
12-12 00:55:35.934  2841  2907 I InputDispatcher: Delivering touch to (17695): action: 0x1, toolType: 0
12-12 00:55:35.989  2841  2907 I InputDispatcher: Delivering touch to (2993): action: 0x4, toolType: 0
12-12 00:55:35.989  2841  2907 I InputDispatcher: Delivering touch to (17695): action: 0x0, toolType: 0
12-12 00:55:35.989 17695 17695 D ViewRootImpl: ViewPostImeInputStage ACTION_DOWN
12-12 00:55:35.999  2841  2907 I InputDispatcher: Delivering touch to (17695): action: 0x1, toolType: 0
12-12 00:55:36.054  2841  2907 I InputDispatcher: Delivering touch to (2993): action: 0x4, toolType: 0
12-12 00:55:36.054  2841  2907 I InputDispatcher: Delivering touch to (17695): action: 0x0, toolType: 0
12-12 00:55:36.054 17695 17695 D ViewRootImpl: ViewPostImeInputStage ACTION_DOWN
12-12 00:55:36.054  2841  2907 I InputDispatcher: Delivering touch to (17695): action: 0x1, toolType: 0
12-12 00:55:36.109  2841  2907 I InputDispatcher: Delivering touch to (2993): action: 0x4, toolType: 0
12-12 00:55:36.109  2841  2907 I InputDispatcher: Delivering touch to (17695): action: 0x0, toolType: 0
12-12 00:55:36.109 17695 17695 D ViewRootImpl: ViewPostImeInputStage ACTION_DOWN
12-12 00:55:36.114  2841  2907 I InputDispatcher: Delivering touch to (17695): action: 0x1, toolType: 0
12-12 00:55:36.169  2841  2907 I InputDispatcher: Delivering touch to (2993): action: 0x4, toolType: 0
12-12 00:55:36.169  2841  2907 I InputDispatcher: Delivering touch to (17695): action: 0x0, toolType: 0
12-12 00:55:36.169 17695 17695 D ViewRootImpl: ViewPostImeInputStage ACTION_DOWN
12-12 00:55:36.179  2841  2907 I InputDispatcher: Delivering touch to (17695): action: 0x1, toolType: 0
12-12 00:55:36.184  2841  2868 D SensorService: [SO] -0.177 0.006 9.956
12-12 00:55:36.234  2841  2907 I InputDispatcher: Delivering touch to (2993): action: 0x4, toolType: 0
12-12 00:55:36.234  2841  2907 I InputDispatcher: Delivering touch to (17695): action: 0x0, toolType: 0
12-12 00:55:36.234 17695 17695 D ViewRootImpl: ViewPostImeInputStage ACTION_DOWN
12-12 00:55:36.234  2841  2907 I InputDispatcher: Delivering touch to (17695): action: 0x1, toolType: 0
12-12 00:55:36.289  2841  2907 I InputDispatcher: Delivering touch to (2993): action: 0x4, toolType: 0
12-12 00:55:36.289  2841  2907 I InputDispatcher: Delivering touch to (17695): action: 0x0, toolType: 0
12-12 00:55:36.289 17695 17695 D ViewRootImpl: ViewPostImeInputStage ACTION_DOWN
12-12 00:55:36.289  2841  2907 I InputDispatcher: Delivering touch to (17695): action: 0x1, toolType: 0
12-12 00:55:36.344  2841  2907 I InputDispatcher: Delivering touch to (2993): action: 0x4, toolType: 0
12-12 00:55:36.344  2841  2907 I InputDispatcher: Delivering touch to (17695): action: 0x0, toolType: 0
12-12 00:55:36.344 17695 17695 D ViewRootImpl: ViewPostImeInputStage ACTION_DOWN
12-12 00:55:36.344  2841  2907 I InputDispatcher: Delivering touch to (17695): action: 0x1, toolType: 0
12-12 00:55:36.399  2841  2907 I InputDispatcher: Delivering touch to (2993): action: 0x4, toolType: 0
12-12 00:55:36.399  2841  2907 I InputDispatcher: Delivering touch to (17695): action: 0x0, toolType: 0
12-12 00:55:36.399 17695 17695 D ViewRootImpl: ViewPostImeInputStage ACTION_DOWN
12-12 00:55:36.399  2841  2907 I InputDispatcher: Delivering touch to (17695): action: 0x1, toolType: 0
12-12 00:55:36.454  2841  2907 I InputDispatcher: Delivering touch to (2993): action: 0x4, toolType: 0
12-12 00:55:36.454  2841  2907 I InputDispatcher: Delivering touch to (17695): action: 0x0, toolType: 0
12-12 00:55:36.454 17695 17695 D ViewRootImpl: ViewPostImeInputStage ACTION_DOWN
12-12 00:55:36.454  2841  2907 I InputDispatcher: Delivering touch to (17695): action: 0x1, toolType: 0
12-12 00:55:36.504  2841  2907 I InputDispatcher: Delivering touch to (2993): action: 0x4, toolType: 0
12-12 00:55:36.504  2841  2907 I InputDispatcher: Delivering touch to (17695): action: 0x0, toolType: 0
12-12 00:55:36.509 17695 17695 D ViewRootImpl: ViewPostImeInputStage ACTION_DOWN
12-12 00:55:36.514  2841  2907 I InputDispatcher: Delivering touch to (17695): action: 0x1, toolType: 0
12-12 00:55:36.564  2841  2907 I InputDispatcher: Delivering touch to (2993): action: 0x4, toolType: 0
12-12 00:55:36.564  2841  2907 I InputDispatcher: Delivering touch to (17695): action: 0x0, toolType: 0
12-12 00:55:36.564 17695 17695 D ViewRootImpl: ViewPostImeInputStage ACTION_DOWN
12-12 00:55:36.574  2841  2907 I InputDispatcher: Delivering touch to (17695): action: 0x1, toolType: 0
12-12 00:55:36.629  2841  2907 I InputDispatcher: Delivering touch to (2993): action: 0x4, toolType: 0
12-12 00:55:36.629  2841  2907 I InputDispatcher: Delivering touch to (17695): action: 0x0, toolType: 0
12-12 00:55:36.629 17695 17695 D ViewRootImpl: ViewPostImeInputStage ACTION_DOWN
12-12 00:55:36.629  2841  2907 I InputDispatcher: Delivering touch to (17695): action: 0x1, toolType: 0
12-12 00:55:36.684  2841  2907 I InputDispatcher: Delivering touch to (2993): action: 0x4, toolType: 0
12-12 00:55:36.684  2841  2907 I InputDispatcher: Delivering touch to (17695): action: 0x0, toolType: 0
12-12 00:55:36.684 17695 17695 D ViewRootImpl: ViewPostImeInputStage ACTION_DOWN
12-12 00:55:36.684  2841  2907 I InputDispatcher: Delivering touch to (17695): action: 0x1, toolType: 0
12-12 00:55:36.739  2841  2907 I InputDispatcher: Delivering touch to (2993): action: 0x4, toolType: 0
12-12 00:55:36.739  2841  2907 I InputDispatcher: Delivering touch to (17695): action: 0x0, toolType: 0
12-12 00:55:36.739 17695 17695 D ViewRootImpl: ViewPostImeInputStage ACTION_DOWN
12-12 00:55:36.744  2841  2907 I InputDispatcher: Delivering touch to (17695): action: 0x1, toolType: 0
12-12 00:55:36.799  2841  2907 I InputDispatcher: Delivering touch to (2993): action: 0x4, toolType: 0
12-12 00:55:36.799  2841  2907 I InputDispatcher: Delivering touch to (17695): action: 0x0, toolType: 0
12-12 00:55:36.799 17695 17695 D ViewRootImpl: ViewPostImeInputStage ACTION_DOWN
12-12 00:55:36.804  2841  2907 I InputDispatcher: Delivering touch to (17695): action: 0x1, toolType: 0
12-12 00:55:36.859  2841  2907 I InputDispatcher: Delivering touch to (2993): action: 0x4, toolType: 0
12-12 00:55:36.859  2841  2907 I InputDispatcher: Delivering touch to (17695): action: 0x0, toolType: 0
12-12 00:55:36.859 17695 17695 D ViewRootImpl: ViewPostImeInputStage ACTION_DOWN
12-12 00:55:36.869  2841  2907 I InputDispatcher: Delivering touch to (17695): action: 0x1, toolType: 0
12-12 00:55:36.919  2841  2907 I InputDispatcher: Delivering touch to (2993): action: 0x4, toolType: 0
12-12 00:55:36.919  2841  2907 I InputDispatcher: Delivering touch to (17695): action: 0x0, toolType: 0
12-12 00:55:36.924 17695 17695 D ViewRootImpl: ViewPostImeInputStage ACTION_DOWN
12-12 00:55:36.924  2841  2907 I InputDispatcher: Delivering touch to (17695): action: 0x1, toolType: 0
12-12 00:55:36.939  2841  2858 I EDMNativeHelperService: isScreenCaptureEnabled
12-12 00:55:36.974  2841  2907 I InputDispatcher: Delivering touch to (2993): action: 0x4, toolType: 0
12-12 00:55:36.974  2841  2907 I InputDispatcher: Delivering touch to (17695): action: 0x0, toolType: 0
12-12 00:55:36.979 17695 17695 D ViewRootImpl: ViewPostImeInputStage ACTION_DOWN
12-12 00:55:36.979  2841  2907 I InputDispatcher: Delivering touch to (17695): action: 0x1, toolType: 0
12-12 00:55:37.029  2841  2907 I InputDispatcher: Delivering touch to (2993): action: 0x4, toolType: 0
12-12 00:55:37.029  2841  2907 I InputDispatcher: Delivering touch to (17695): action: 0x0, toolType: 0
12-12 00:55:37.029 17695 17695 D ViewRootImpl: ViewPostImeInputStage ACTION_DOWN
12-12 00:55:37.034  2841  2907 I InputDispatcher: Delivering touch to (17695): action: 0x1, toolType: 0
12-12 00:55:37.039 17695 17752 I art     : Explicit concurrent mark sweep GC freed 1210(67KB) AllocSpace objects, 1(16KB) LOS objects, 30% free, 4MB/6MB, paused 573us total 24.918ms
12-12 00:55:37.084  2841  2907 I InputDispatcher: Delivering touch to (2993): action: 0x4, toolType: 0
12-12 00:55:37.084  2841  2907 I InputDispatcher: Delivering touch to (17695): action: 0x0, toolType: 0
12-12 00:55:37.089 17695 17695 D ViewRootImpl: ViewPostImeInputStage ACTION_DOWN
12-12 00:55:37.089  2841  2907 I InputDispatcher: Delivering touch to (17695): action: 0x1, toolType: 0
12-12 00:55:37.129 17695 17752 I art     : Explicit concurrent mark sweep GC freed 26(824B) AllocSpace objects, 0(0B) LOS objects, 30% free, 4MB/6MB, paused 600us total 23.923ms
12-12 00:55:37.139 17665 17665 I Timeline: Timeline: Activity_launch_request id:com.example.snoopy time:3831629
12-12 00:55:37.149  2841  2857 D CustomFrequencyManagerService: releaseDVFSLockLocked : Getting Lock type frm List : DVFS_MIN_LIMIT  frequency : 1105000  uid : 1000  pid : 2841  tag : ACTIVITY_RESUME_BOOSTER@6
12-12 00:55:37.149  2841  2857 D CustomFrequencyManagerService: acquireDVFSLockLocked : type : DVFS_MIN_LIMIT  frequency : 1105000  uid : 1000  pid : 2841  pkgName : ACTIVITY_RESUME_BOOSTER@6
12-12 00:55:37.149  2841  2857 D ActivityManager: mDVFSHelper.acquire()
12-12 00:55:37.209  2841  2907 I InputDispatcher: Delivering touch to (2993): action: 0x4, toolType: 0
12-12 00:55:37.209  2841  2907 I InputDispatcher: Delivering touch to (17695): action: 0x0, toolType: 0
12-12 00:55:37.209 17695 17695 D ViewRootImpl: ViewPostImeInputStage ACTION_DOWN
12-12 00:55:37.209  2841  2907 I InputDispatcher: Delivering touch to (17695): action: 0x1, toolType: 0
12-12 00:55:37.209 17695 17752 I art     : Explicit concurrent mark sweep GC freed 5(144B) AllocSpace objects, 0(0B) LOS objects, 30% free, 4MB/6MB, paused 843us total 24.197ms
12-12 00:55:37.264  2841  2907 I InputDispatcher: Delivering touch to (2993): action: 0x4, toolType: 0
12-12 00:55:37.264  2841  2907 I InputDispatcher: Delivering touch to (17695): action: 0x0, toolType: 0
12-12 00:55:37.264 17695 17695 D ViewRootImpl: ViewPostImeInputStage ACTION_DOWN
12-12 00:55:37.274  2841  2907 I InputDispatcher: Delivering touch to (17695): action: 0x1, toolType: 0
12-12 00:55:37.294 17695 17752 I art     : Explicit concurrent mark sweep GC freed 32(1344B) AllocSpace objects, 0(0B) LOS objects, 30% free, 4MB/6MB, paused 593us total 23.946ms
12-12 00:55:37.329  2841  2907 I InputDispatcher: Delivering touch to (2993): action: 0x4, toolType: 0
12-12 00:55:37.329  2841  2907 I InputDispatcher: Delivering touch to (17695): action: 0x0, toolType: 0
12-12 00:55:37.329 17695 17695 D ViewRootImpl: ViewPostImeInputStage ACTION_DOWN
12-12 00:55:37.339  2841  2907 I InputDispatcher: Delivering touch to (17695): action: 0x1, toolType: 0
12-12 00:55:37.379 17695 17752 I art     : Explicit concurrent mark sweep GC freed 11(288B) AllocSpace objects, 0(0B) LOS objects, 30% free, 4MB/6MB, paused 665us total 23.854ms
12-12 00:55:37.389  2841  2907 I InputDispatcher: Delivering touch to (2993): action: 0x4, toolType: 0
12-12 00:55:37.389  2841  2907 I InputDispatcher: Delivering touch to (17695): action: 0x0, toolType: 0
12-12 00:55:37.394 17695 17695 D ViewRootImpl: ViewPostImeInputStage ACTION_DOWN
12-12 00:55:37.404  2841  2907 I InputDispatcher: Delivering touch to (17695): action: 0x1, toolType: 0
12-12 00:55:37.459  2841  2907 I InputDispatcher: Delivering touch to (2993): action: 0x4, toolType: 0
12-12 00:55:37.459  2841  2907 I InputDispatcher: Delivering touch to (17695): action: 0x0, toolType: 0
