12-12 00:55:21.989  2993  2993 D CoverUI : applyHeight h = -1, oc = false, ex = true, fa = false, ac = false, sc = false
12-12 00:55:21.994  2841  3418 V Vibrator: Called cancel() API - PUID: 1000, PackageName: android
12-12 00:55:21.994  2841  3418 D VibratorService: Turning vibrator off
12-12 00:55:21.994  2841  3418 W CoverManager: getCoverState : This device is not supported cover
12-12 00:55:21.994  2841  3418 D LightsService: [api] [SvcLED] turnOff:: id = 5 (uid: 1000 pid: 2841) 
12-12 00:55:21.994  2841  3418 D LightsService: [api] [SvcLED] LED indicator : Not supported.
12-12 00:55:21.994  2156  2292 I display : [PrimaryDisplay] [DYNAMIC_RECOMP] HWC_2_GLES by low FPS(4)
12-12 00:55:21.994  2993  2993 D PhoneStatusBar: disable: < expand icons alerts system_info back home recent clock search >
12-12 00:55:22.014  2841  4317 D SSRM:a  : DeviceInfo:: 00000000000
12-12 00:55:22.014  2841  4317 D SSRM:a  : SettingsAirViewInfo:: 000000000
12-12 00:55:22.019  2993  2993 D PhoneStatusBar: makeExpandedInvisible: mExpandedVisible=true
12-12 00:55:22.019  2993  2993 D StatusBar-QSPanel: setSingleLine:true
12-12 00:55:22.019  2993  2993 D StatusBar-QSPanel: adjustCellWidth mButtonWidth : 102, displayWidth : 540
12-12 00:55:22.019  2993  2993 D StatusBar-QSPanel: updateButtonInfo mButtonWidth : 102 mColumns:5 orien: 1 mButtonCorrectionWidth:18
12-12 00:55:22.019  2993  2993 D StatusBar-QSPanel: setSingleLine height:142
12-12 00:55:22.019  2993  2993 D STATUSBAR-PhoneStatusBar:  mBrightnessEnablebySettings = true mBrightnessEnablebyBattery = true mBrightnessEnablebyDisableFlag = true mPmsBrightnessEnablebySettings = true
12-12 00:55:22.019  2993  2993 D PhoneStatusBar: showHideMultiSIMLayout:true
12-12 00:55:22.024  2993  2993 D StatusBar: getNumberOfActiveSim: 1
12-12 00:55:22.024  2993  2993 D NotificationStackScrollLayout: updateMultiSIMLayout:false
12-12 00:55:22.024  2993  2993 D NotificationStackScrollLayout: oldVisibility:8,newVisibility:8
12-12 00:55:22.024  2993  2993 D PhoneStatusBar: updateQSpanelHeight: 142 height:226
12-12 00:55:22.024  2993  2993 D PanelView: flingSettings mQsMin:294 mQsMax:294 mQsEx:294.0mQsPeek:226
12-12 00:55:22.024  2993  2993 I PhoneStatusBar: Icon Only
12-12 00:55:22.024  2993  2993 I StatusBar: Icon Only
12-12 00:55:22.024  2993  2993 D StatusBar: getNumberOfActiveSim: 1
12-12 00:55:22.024  2993  2993 D PanelView: kidsfalse mQsExpansionEnabled:true
12-12 00:55:22.024  2993  2993 D StatusBar-Window: fnf=true sanc=false, kni=false, sbf=false
12-12 00:55:22.024  2993  2993 D CoverUI : applyFocusableFlag() : Remove SAMSUNG_FLAG_SVIEW_COVER
12-12 00:55:22.024  2993  2993 D CoverUI : applyHeight h = 38, oc = false, ex = false, fa = false, ac = false, sc = false
12-12 00:55:22.029  2993  2993 D PhoneStatusBar: disable: < expand icons alerts system_info back home recent clock search >
12-12 00:55:22.029  2841  2907 I InputDispatcher: Delivering touch to (2993): action: 0x4, toolType: 0
12-12 00:55:22.029  2841  2907 I InputDispatcher: Delivering touch to (17695): action: 0x0, toolType: 0
12-12 00:55:22.029 17695 17695 D ViewRootImpl: ViewPostImeInputStage ACTION_DOWN
12-12 00:55:22.034  2841  2907 I InputDispatcher: Delivering touch to (17695): action: 0x1, toolType: 0
12-12 00:55:22.059  2841  2841 D CustomFrequencyManagerService: releaseDVFSLockLocked : Getting Lock type frm List : DVFS_MIN_LIMIT  frequency : 1105000  uid : 1000  pid : 2841  tag : ACTIVITY_RESUME_BOOSTER@12
12-12 00:55:22.084  2841  2907 I InputDispatcher: Delivering touch to (2993): action: 0x4, toolType: 0
12-12 00:55:22.084  2841  2907 I InputDispatcher: Delivering touch to (17695): action: 0x0, toolType: 0
12-12 00:55:22.084 17695 17695 D ViewRootImpl: ViewPostImeInputStage ACTION_DOWN
12-12 00:55:22.089  2841  2907 I InputDispatcher: Delivering touch to (17695): action: 0x1, toolType: 0
12-12 00:55:22.139  2841  2907 I InputDispatcher: Delivering touch to (2993): action: 0x0, toolType: 0
12-12 00:55:22.139  2993  2993 D ViewRootImpl: ViewPostImeInputStage ACTION_DOWN
12-12 00:55:22.149  2993  2993 D PhoneStatusBar: makeExpandedVisible:false
12-12 00:55:22.149  2993  2993 D STATUSBAR-PhoneStatusBar:  mBrightnessEnablebySettings = true mBrightnessEnablebyBattery = true mBrightnessEnablebyDisableFlag = true mPmsBrightnessEnablebySettings = true
12-12 00:55:22.154  2993  2993 D StatusBar-Window: fnf=false sanc=false, kni=false, sbf=true
12-12 00:55:22.154  2993  2993 D CoverUI : applyFocusableFlag() : Remove SAMSUNG_FLAG_SVIEW_COVER
12-12 00:55:22.154  2993  2993 D CoverUI : applyHeight h = -1, oc = false, ex = true, fa = false, ac = false, sc = false
12-12 00:55:22.154  2841  2907 I InputDispatcher: Delivering touch to (2993): action: 0x1, toolType: 0
12-12 00:55:22.154  2841  2858 V Vibrator: Called cancel() API - PUID: 1000, PackageName: android
12-12 00:55:22.154  2841  2858 D VibratorService: Turning vibrator off
12-12 00:55:22.159  2841  2858 D LightsService: [api] [SvcLED] turnOff:: id = 5 (uid: 1000 pid: 2841) 
12-12 00:55:22.159  2841  2858 W CoverManager: getCoverState : This device is not supported cover
12-12 00:55:22.159  2841  2858 D LightsService: [api] [SvcLED] LED indicator : Not supported.
12-12 00:55:22.159  2993  2993 D PhoneStatusBar: disable: < expand icons alerts system_info back home recent clock search >
12-12 00:55:22.159  2993  2993 D PanelView: onExpandingStarted
12-12 00:55:22.164  2993  2993 D STATUSBAR-PhoneStatusBar:  mBrightnessEnablebySettings = true mBrightnessEnablebyBattery = true mBrightnessEnablebyDisableFlag = true mPmsBrightnessEnablebySettings = true
12-12 00:55:22.164  2993  2993 D PhoneStatusBar: updateQSpanelHeight: 142 height:226
12-12 00:55:22.164  2993  2993 D PanelView: flingSettings mQsMin:294 mQsMax:294 mQsEx:294.0mQsPeek:226
12-12 00:55:22.174  2841  2873 D StatusBarManagerService: manageDisableList userId=0 what=0x0 pkg=Window{1392e5ec u0 d0 StatusBar}
12-12 00:55:22.174 17695 17724 W System.err: remove failed: ENOENT (No such file or directory) : /data/data/com.example.snoopy/shared_prefs/com.google.android.gms.appid.xml.bak
12-12 00:55:22.194 17695 17724 I FA      : Tag Manager is not found and thus will not be used
12-12 00:55:22.199  2841  3600 D InputDispatcher: Focus left window: 17695
12-12 00:55:22.199  2841  3600 D InputDispatcher: Focus entered window: 2993
12-12 00:55:22.209 17665 17665 I Timeline: Timeline: Activity_launch_request id:com.example.snoopy time:3816695
12-12 00:55:22.209  2841  2875 D PointerIcon: setMouseIconStyle1 pointerType: 1001 iconType:101 flag:0 pid:2841 uid:1000
12-12 00:55:22.209  2841  2875 D PointerIcon: setMouseCustomIcon IconType is same.101
12-12 00:55:22.209  2156  2262 D libEGL  : eglTerminate EGLDisplay = 0xb6a37ad4
12-12 00:55:22.214  2993  3346 D mali_winsys: new_window_surface returns 0x3000,  [540x960]-format:1
12-12 00:55:22.214  2993  2993 D StatusBar-QSPanel: onLayout left:9 top:0 record.row:0
12-12 00:55:22.214  2993  2993 D StatusBar-QSPanel: onLayout left:114 top:0 record.row:0
12-12 00:55:22.214  2993  2993 D StatusBar-QSPanel: onLayout left:219 top:0 record.row:0
12-12 00:55:22.214  2993  2993 D StatusBar-QSPanel: onLayout left:324 top:0 record.row:0
12-12 00:55:22.214  2993  2993 D StatusBar-QSPanel: onLayout left:429 top:0 record.row:0
12-12 00:55:22.214  2993  2993 D StatusBar-QSPanel: onLayout left:534 top:0 record.row:0
12-12 00:55:22.214  2993  2993 D StatusBar-QSPanel: onLayout left:639 top:0 record.row:0
12-12 00:55:22.214  2993  2993 D StatusBar-QSPanel: onLayout left:744 top:0 record.row:0
12-12 00:55:22.214  2993  2993 D StatusBar-QSPanel: onLayout left:849 top:0 record.row:0
12-12 00:55:22.214  2993  2993 D StatusBar-QSPanel: onLayout left:954 top:0 record.row:0
12-12 00:55:22.219  2841  2858 D CustomFrequencyManagerService: releaseDVFSLockLocked : Getting Lock type frm List : DVFS_MIN_LIMIT  frequency : 1105000  uid : 1000  pid : 2841  tag : ACTIVITY_RESUME_BOOSTER@6
12-12 00:55:22.219  2841  2858 D CustomFrequencyManagerService: acquireDVFSLockLocked : type : DVFS_MIN_LIMIT  frequency : 1105000  uid : 1000  pid : 2841  pkgName : ACTIVITY_RESUME_BOOSTER@6
12-12 00:55:22.219  2841  2858 D ActivityManager: mDVFSHelper.acquire()
12-12 00:55:22.279  2156  2156 D libEGL  : eglInitialize EGLDisplay = 0xbe82e2b4
12-12 00:55:22.279  2156  2156 D libEGL  : eglTerminate EGLDisplay = 0xbe82e314
12-12 00:55:22.279 17665 17665 I Timeline: Timeline: Activity_launch_request id:com.example.snoopy time:3816769
12-12 00:55:22.284  2156  2156 I display : [PrimaryDisplay] [DYNAMIC_RECOMP] GLES_2_HWC by high FPS(7)
12-12 00:55:22.294  2841  2858 D CustomFrequencyManagerService: releaseDVFSLockLocked : Getting Lock type frm List : DVFS_MIN_LIMIT  frequency : 1105000  uid : 1000  pid : 2841  tag : ACTIVITY_RESUME_BOOSTER@6
12-12 00:55:22.299  2156  2156 D libEGL  : eglInitialize EGLDisplay = 0xbe82e2b4
12-12 00:55:22.304  2841  2858 D CustomFrequencyManagerService: acquireDVFSLockLocked : type : DVFS_MIN_LIMIT  frequency : 1105000  uid : 1000  pid : 2841  pkgName : ACTIVITY_RESUME_BOOSTER@6
12-12 00:55:22.304  2841  2858 D ActivityManager: mDVFSHelper.acquire()
12-12 00:55:22.334  2841  2857 D ActivityManager: bindService callerProcessName:com.google.android.gms, calleePkgName: com.google.android.gms, action: null
12-12 00:55:22.344 14100 14719 I System.out: (HTTPLog)-Static: isSBSettingEnabled false
12-12 00:55:22.344 14100 14719 I qtaguid : Tagging socket 43 with tag 3000040700000000{805307399,0} uid -1, pid: 14100, getuid(): 10006
12-12 00:55:22.374 17665 17665 I Timeline: Timeline: Activity_launch_request id:com.example.snoopy time:3816863
12-12 00:55:22.384  2841  3104 D CustomFrequencyManagerService: releaseDVFSLockLocked : Getting Lock type frm List : DVFS_MIN_LIMIT  frequency : 1105000  uid : 1000  pid : 2841  tag : ACTIVITY_RESUME_BOOSTER@6
12-12 00:55:22.384  2841  3104 D CustomFrequencyManagerService: acquireDVFSLockLocked : type : DVFS_MIN_LIMIT  frequency : 1105000  uid : 1000  pid : 2841  pkgName : ACTIVITY_RESUME_BOOSTER@6
12-12 00:55:22.384  2841  3104 D ActivityManager: mDVFSHelper.acquire()
12-12 00:55:22.399  2156  2156 D libEGL  : eglInitialize EGLDisplay = 0xbe82e2b4
12-12 00:55:22.449  2841  2907 I InputDispatcher: Delivering touch to (2993): action: 0x0, toolType: 0
12-12 00:55:22.454  2841  2907 I InputDispatcher: Delivering touch to (2993): action: 0x1, toolType: 0
12-12 00:55:22.504  2841  2907 I InputDispatcher: Delivering touch to (2993): action: 0x0, toolType: 0
12-12 00:55:22.514  2993  2993 D ViewRootImpl: ViewPostImeInputStage ACTION_DOWN
12-12 00:55:22.519  2993  2993 D ViewRootImpl: ViewPostImeInputStage ACTION_DOWN
12-12 00:55:22.524  2993  2993 D PanelView: panel is opened by touching on additional height.....Y = 50.0
12-12 00:55:22.524  2841  2841 D SmartBondingService: SmartBondingReceiver: onReceive action=com.android.systemui.statusbar.EXPANDED
12-12 00:55:22.529  2841  2907 I InputDispatcher: Delivering touch to (2993): action: 0x1, toolType: 0
12-12 00:55:22.534  2841  4317 D SSRM:a  : DeviceInfo:: 00100000000
12-12 00:55:22.534  2841  4317 D SSRM:a  : SettingsAirViewInfo:: 000000000
12-12 00:55:22.544  2841  2977 W System.err: remove failed: ENOENT (No such file or directory) : /data/system/recent_tasks/17_task.xml.bak
12-12 00:55:22.544 14100 14719 I qtaguid : Untagging socket 43
12-12 00:55:22.544  2841  2977 D TaskPersister: removeObsoleteFile: deleting file=15_task_thumbnail.png
12-12 00:55:22.554  2993  2993 D StatusBar.MSimNetworkController: refreshViews connected={ wifi } phoneId = 0 level=0 mMSimcombinedSignalIconId=0x7f020626/com.android.systemui:drawable/stat_sys_wifi_signal_4 mMSimcombinedActivityIconId=0x7f0205da mAirplaneMode=false mMSimDataActivity=0 mMSimPhoneSignalIconId=0x7f020781/com.android.systemui:drawable/tw_stat_sys_signal_null mMSimDataDirectionIconId=0x0 mMSimDataSignalIconId=0x7f020781 mMSimDataTypeIconId=0x0/(null) mNoMSimIconId=0x7f02016f/com.android.systemui:drawable/ic_qs_no_sim mMSimMobileActivityIconId=0x0/(null) mWifiIconId=0x7f020626 mBluetoothTetherIconId=0x7f020603 mRoamingIconId=0x 0/(null)
12-12 00:55:22.554  2993  2993 D StatusBar.MSimNetworkController: refreshSignalCluster : called
12-12 00:55:22.579  2841  2907 I InputDispatcher: Delivering touch to (2993): action: 0x0, toolType: 0
12-12 00:55:22.584  2841  2907 I InputDispatcher: Delivering touch to (2993): action: 0x1, toolType: 0
12-12 00:55:22.594  2993  2993 D ViewRootImpl: ViewPostImeInputStage ACTION_DOWN
12-12 00:55:22.594  2993  2993 D PanelView: NSSL isInContentBounds : false Top:true event.getY() = 854.0 getHeight() = 909 getEmptyBottomMargin() = 273 mTopPadding = 294 getTop() = 0
12-12 00:55:22.599  2841  2870 V BroadcastQueue: [background] Process cur broadcast BroadcastRecord{35c50712 u0 com.google.android.gms.gcm.ACTION_SCHEDULE} DELIVERED for app ProcessRecord{314b7521 14100:com.google.android.gms.persistent/u0a6}
12-12 00:55:22.634  2841  2870 V BroadcastQueue: [background] Process cur broadcast BroadcastRecord{36f7aee3 u0 com.google.android.gms.gcm.ACTION_SCHEDULE} DELIVERED for app ProcessRecord{314b7521 14100:com.google.android.gms.persistent/u0a6}
12-12 00:55:22.634 17665 17665 I Timeline: Timeline: Activity_launch_request id:com.example.snoopy time:3817122
12-12 00:55:22.644  2841  3596 D CustomFrequencyManagerService: releaseDVFSLockLocked : Getting Lock type frm List : DVFS_MIN_LIMIT  frequency : 1105000  uid : 1000  pid : 2841  tag : ACTIVITY_RESUME_BOOSTER@6
12-12 00:55:22.644  2841  3596 D CustomFrequencyManagerService: acquireDVFSLockLocked : type : DVFS_MIN_LIMIT  frequency : 1105000  uid : 1000  pid : 2841  pkgName : ACTIVITY_RESUME_BOOSTER@6
12-12 00:55:22.644  2841  3596 D ActivityManager: mDVFSHelper.acquire()
12-12 00:55:22.669  2841  2870 V BroadcastQueue: [background] Process cur broadcast BroadcastRecord{550d0e0 u0 com.google.android.gms.gcm.ACTION_SCHEDULE} DELIVERED for app ProcessRecord{314b7521 14100:com.google.android.gms.persistent/u0a6}
12-12 00:55:22.679  2841  2870 V BroadcastQueue: [background] Process cur broadcast BroadcastRecord{104d5f99 u0 com.google.android.gms.gcm.ACTION_SCHEDULE} DELIVERED for app ProcessRecord{314b7521 14100:com.google.android.gms.persistent/u0a6}
12-12 00:55:22.709  2841  2907 I InputDispatcher: Delivering touch to (2993): action: 0x0, toolType: 0
12-12 00:55:22.709  2993  2993 D ViewRootImpl: ViewPostImeInputStage ACTION_DOWN
12-12 00:55:22.719  2841  2907 I InputDispatcher: Delivering touch to (2993): action: 0x1, toolType: 0
12-12 00:55:22.774  2841  2907 I InputDispatcher: Delivering touch to (2993): action: 0x0, toolType: 0
12-12 00:55:22.779  2841  2907 I InputDispatcher: Delivering touch to (2993): action: 0x1, toolType: 0
12-12 00:55:22.794  2993  2993 D ViewRootImpl: ViewPostImeInputStage ACTION_DOWN
12-12 00:55:22.794  2841  3593 I EDMNativeHelperService: isScreenCaptureEnabled
12-12 00:55:22.799  2993  2993 D PanelView: NSSL isInContentBounds : true Top:true event.getY() = 513.0 getHeight() = 909 getEmptyBottomMargin() = 273 mTopPadding = 294 getTop() = 0
12-12 00:55:22.814  2841  2870 V BroadcastQueue: [background] Process cur broadcast BroadcastRecord{d68825e u0 com.google.android.gms.gcm.ACTION_SCHEDULE} DELIVERED for app ProcessRecord{314b7521 14100:com.google.android.gms.persistent/u0a6}
12-12 00:55:22.824  2841  4317 D SSRM:a  : DeviceInfo:: 00000000000
12-12 00:55:22.824  2841  4317 D SSRM:a  : SettingsAirViewInfo:: 000000000
12-12 00:55:22.829  2993  2993 D PanelView: onExpandingFinished
12-12 00:55:22.829  2993  2993 D PhoneStatusBar: updateQSpanelHeight: 142 height:226
12-12 00:55:22.829  2993  2993 D STATUSBAR-PhoneStatusBar:  mBrightnessEnablebySettings = true mBrightnessEnablebyBattery = true mBrightnessEnablebyDisableFlag = true mPmsBrightnessEnablebySettings = true
12-12 00:55:22.829  2993  2993 D PanelView: flingSettings mQsMin:294 mQsMax:294 mQsEx:294.0mQsPeek:226
12-12 00:55:22.834  2841  2907 I InputDispatcher: Delivering touch to (2993): action: 0x0, toolType: 0
12-12 00:55:22.834  2841  2907 I InputDispatcher: Delivering touch to (2993): action: 0x1, toolType: 0
12-12 00:55:22.839  2993  2993 D ViewRootImpl: ViewPostImeInputStage ACTION_DOWN
12-12 00:55:22.844  2993  2993 D PhoneStatusBar: animateCollapse(): mExpandedVisible=true flags=0
12-12 00:55:22.844  2993  2993 D StatusBar-Window: fnf=true sanc=false, kni=false, sbf=false
12-12 00:55:22.844  2993  2993 D CoverUI : applyFocusableFlag() : Remove SAMSUNG_FLAG_SVIEW_COVER
12-12 00:55:22.844  2993  2993 D CoverUI : applyHeight h = -1, oc = false, ex = true, fa = false, ac = false, sc = false
12-12 00:55:22.854  2993  2993 D PhoneStatusBar: makeExpandedInvisible: mExpandedVisible=true
12-12 00:55:22.854  2993  2993 D StatusBar-QSPanel: setSingleLine:true
12-12 00:55:22.859  2993  2993 D StatusBar-QSPanel: adjustCellWidth mButtonWidth : 102, displayWidth : 540
12-12 00:55:22.859  2993  2993 D StatusBar-QSPanel: updateButtonInfo mButtonWidth : 102 mColumns:5 orien: 1 mButtonCorrectionWidth:18
12-12 00:55:22.859  2993  2993 D StatusBar-QSPanel: setSingleLine height:142
12-12 00:55:22.859  2993  2993 D STATUSBAR-PhoneStatusBar:  mBrightnessEnablebySettings = true mBrightnessEnablebyBattery = true mBrightnessEnablebyDisableFlag = true mPmsBrightnessEnablebySettings = true
12-12 00:55:22.859  2993  2993 D PhoneStatusBar: showHideMultiSIMLayout:true
12-12 00:55:22.874  2993  2993 D StatusBar: getNumberOfActiveSim: 1
12-12 00:55:22.874  2993  2993 D NotificationStackScrollLayout: updateMultiSIMLayout:false
12-12 00:55:22.874  2993  2993 D NotificationStackScrollLayout: oldVisibility:8,newVisibility:8
12-12 00:55:22.874  2993  2993 D PhoneStatusBar: updateQSpanelHeight: 142 height:226
12-12 00:55:22.874  2993  2993 D PanelView: flingSettings mQsMin:294 mQsMax:294 mQsEx:294.0mQsPeek:226
12-12 00:55:22.874  2993  2993 I PhoneStatusBar: Icon Only
12-12 00:55:22.874  2993  2993 I StatusBar: Icon Only
12-12 00:55:22.879  2993  2993 D StatusBar: getNumberOfActiveSim: 1
12-12 00:55:22.879  2993  2993 D PanelView: kidsfalse mQsExpansionEnabled:true
12-12 00:55:22.879  2993  2993 D StatusBar-Window: fnf=true sanc=false, kni=false, sbf=false
12-12 00:55:22.879  2993  2993 D CoverUI : applyFocusableFlag() : Remove SAMSUNG_FLAG_SVIEW_COVER
12-12 00:55:22.879  2993  2993 D CoverUI : applyHeight h = 38, oc = false, ex = false, fa = false, ac = false, sc = false
12-12 00:55:22.884  2993  2993 D PhoneStatusBar: disable: < expand icons alerts system_info back home recent clock search >
12-12 00:55:22.889  2841  2870 V BroadcastQueue: [background] Process cur broadcast BroadcastRecord{3fec563f u0 com.google.android.gms.gcm.ACTION_SCHEDULE} DELIVERED for app ProcessRecord{314b7521 14100:com.google.android.gms.persistent/u0a6}
12-12 00:55:22.889  2841  2873 D StatusBarManagerService: manageDisableList userId=0 what=0x0 pkg=Window{282aa82d u0 d0 com.example.snoopy/com.example.snoopy.CameraInputFrames}
12-12 00:55:22.894  2841  2907 I InputDispatcher: Delivering touch to (2993): action: 0x0, toolType: 0
12-12 00:55:22.899  2841  2907 I InputDispatcher: Delivering touch to (2993): action: 0x1, toolType: 0
12-12 00:55:22.914  2841  2858 D InputDispatcher: Focus left window: 2993
12-12 00:55:22.914  2841  2858 D InputDispatcher: Focus entered window: 17695
12-12 00:55:22.924  2841  2875 D PointerIcon: setMouseIconStyle1 pointerType: 1001 iconType:101 flag:0 pid:2841 uid:1000
12-12 00:55:22.924  2841  2875 D PointerIcon: setMouseCustomIcon IconType is same.101
12-12 00:55:22.929  2841  3600 D InputMethodManagerService: windowGainedFocus mCurrentFocusedUserId - 0 and mSecureKeypadEnabled-false
12-12 00:55:22.929  2841  3600 W InputMethodManagerService: Window already focused, ignoring focus gain of: com.android.internal.view.IInputMethodClient$Stub$Proxy@2da21b0c attribute=null, token = android.os.BinderProxy@1c324f44
12-12 00:55:22.929  2156  2888 D libEGL  : eglTerminate EGLDisplay = 0xb35f2ad4
12-12 00:55:22.929  2156  2888 D libEGL  : eglTerminate EGLDisplay = 0xb35f2ad4
12-12 00:55:22.934  2993  3346 D mali_winsys: new_window_surface returns 0x3000,  [540x38]-format:1
12-12 00:55:22.934  2841  3600 D InputMethodManagerService: [HARDWARE_KEYBOARD] (refreshImeWindowVis) mImeWindowVis= 0 inputVisible = falsehaveHardKeyboard = false hardKeyShown = false
12-12 00:55:22.944  2993  2993 D ViewRootImpl: ViewPostImeInputStage ACTION_DOWN
12-12 00:55:22.944  2993  2993 D Recents_AlternateRecentsComponent: onHideRecents is getting called
12-12 00:55:22.944 14886 14886 D Recents_AlternateRecentsComponent: hideRecents
12-12 00:55:22.949  2993  2993 D VisualEffectCircleUnlockEffect: clearEffect
12-12 00:55:22.949  2993  2993 D VisualEffectCircleUnlockEffect: cancelAllAnimator
12-12 00:55:22.954  2841  2907 I InputDispatcher: Delivering touch to (2993): action: 0x4, toolType: 0
12-12 00:55:22.954  2841  2907 I InputDispatcher: Delivering touch to (17695): action: 0x0, toolType: 0
12-12 00:55:22.954 17695 17695 D ViewRootImpl: ViewPostImeInputStage ACTION_DOWN
12-12 00:55:22.964  2841  2907 I InputDispatcher: Delivering touch to (17695): action: 0x1, toolType: 0
12-12 00:55:22.964  2156  2156 D libEGL  : eglInitialize EGLDisplay = 0xbe82e2b4
12-12 00:55:22.964  2156  2156 D libEGL  : eglTerminate EGLDisplay = 0xbe82e314
12-12 00:55:22.974 17695 17706 I art     : Explicit concurrent mark sweep GC freed 3103(276KB) AllocSpace objects, 8(128KB) LOS objects, 30% free, 4MB/6MB, paused 726us total 31.224ms
12-12 00:55:22.979  2156  2156 D libEGL  : eglInitialize EGLDisplay = 0xbe82e2b4
12-12 00:55:23.014  2841  2907 I InputDispatcher: Delivering touch to (2993): action: 0x4, toolType: 0
12-12 00:55:23.014  2841  2907 I InputDispatcher: Delivering touch to (17695): action: 0x0, toolType: 0
12-12 00:55:23.014 17695 17695 D ViewRootImpl: ViewPostImeInputStage ACTION_DOWN
12-12 00:55:23.024  2841  2907 I InputDispatcher: Delivering touch to (17695): action: 0x1, toolType: 0
12-12 00:55:23.059 17695 17706 I art     : Explicit concurrent mark sweep GC freed 458(26KB) AllocSpace objects, 0(0B) LOS objects, 30% free, 4MB/6MB, paused 624us total 24.114ms
12-12 00:55:23.079  2841  2907 I InputDispatcher: Delivering touch to (2993): action: 0x4, toolType: 0
12-12 00:55:23.079  2841  2907 I InputDispatcher: Delivering touch to (17695): action: 0x0, toolType: 0
12-12 00:55:23.079 17695 17695 D ViewRootImpl: ViewPostImeInputStage ACTION_DOWN
12-12 00:55:23.084  2841  2907 I InputDispatcher: Delivering touch to (17695): action: 0x1, toolType: 0
12-12 00:55:23.134  2841  2907 I InputDispatcher: Delivering touch to (2993): action: 0x4, toolType: 0
12-12 00:55:23.134  2841  2907 I InputDispatcher: Delivering touch to (17695): action: 0x0, toolType: 0
12-12 00:55:23.134 17695 17695 D ViewRootImpl: ViewPostImeInputStage ACTION_DOWN
12-12 00:55:23.139  2841  2907 I InputDispatcher: Delivering touch to (17695): action: 0x1, toolType: 0
12-12 00:55:23.144 17695 17706 I art     : Explicit concurrent mark sweep GC freed 96(4KB) AllocSpace objects, 0(0B) LOS objects, 30% free, 4MB/6MB, paused 605us total 24.074ms
12-12 00:55:23.189  2841  2907 I InputDispatcher: Delivering touch to (2993): action: 0x4, toolType: 0
12-12 00:55:23.189  2841  2907 I InputDispatcher: Delivering touch to (17695): action: 0x0, toolType: 0
12-12 00:55:23.189 17695 17695 D ViewRootImpl: ViewPostImeInputStage ACTION_DOWN
12-12 00:55:23.204  2841  2907 I InputDispatcher: Delivering touch to (17695): action: 0x1, toolType: 0
12-12 00:55:23.234 17695 17706 I art     : Explicit concurrent mark sweep GC freed 13(336B) AllocSpace objects, 0(0B) LOS objects, 30% free, 4MB/6MB, paused 621us total 32.707ms
12-12 00:55:23.254  2841  2907 I InputDispatcher: Delivering touch to (2993): action: 0x4, toolType: 0
12-12 00:55:23.254  2841  2907 I InputDispatcher: Delivering touch to (17695): action: 0x0, toolType: 0
12-12 00:55:23.254 17695 17695 D ViewRootImpl: ViewPostImeInputStage ACTION_DOWN
12-12 00:55:23.259  2841  2907 I InputDispatcher: Delivering touch to (17695): action: 0x1, toolType: 0
12-12 00:55:23.294  2156  2292 I display : [PrimaryDisplay] [DYNAMIC_RECOMP] HWC_2_GLES by low FPS(0)
12-12 00:55:23.309  2841  2907 I InputDispatcher: Delivering touch to (2993): action: 0x4, toolType: 0
12-12 00:55:23.309  2841  2907 I InputDispatcher: Delivering touch to (17695): action: 0x0, toolType: 0
12-12 00:55:23.309 17695 17695 D ViewRootImpl: ViewPostImeInputStage ACTION_DOWN
12-12 00:55:23.319  2841  2907 I InputDispatcher: Delivering touch to (17695): action: 0x1, toolType: 0
12-12 00:55:23.324 17695 17706 I art     : Explicit concurrent mark sweep GC freed 13(336B) AllocSpace objects, 0(0B) LOS objects, 30% free, 4MB/6MB, paused 730us total 30.341ms
12-12 00:55:23.369  2841  2907 I InputDispatcher: Delivering touch to (2993): action: 0x4, toolType: 0
12-12 00:55:23.369  2841  2907 I InputDispatcher: Delivering touch to (17695): action: 0x0, toolType: 0
12-12 00:55:23.369 17695 17695 D ViewRootImpl: ViewPostImeInputStage ACTION_DOWN
12-12 00:55:23.374  2841  2907 I InputDispatcher: Delivering touch to (17695): action: 0x1, toolType: 0
12-12 00:55:23.424 17665 17665 I Timeline: Timeline: Activity_launch_request id:com.example.snoopy time:3817912
12-12 00:55:23.429  2841  3274 D CustomFrequencyManagerService: releaseDVFSLockLocked : Getting Lock type frm List : DVFS_MIN_LIMIT  frequency : 1105000  uid : 1000  pid : 2841  tag : ACTIVITY_RESUME_BOOSTER@6
12-12 00:55:23.429  2841  3274 D CustomFrequencyManagerService: acquireDVFSLockLocked : type : DVFS_MIN_LIMIT  frequency : 1105000  uid : 1000  pid : 2841  pkgName : ACTIVITY_RESUME_BOOSTER@6
12-12 00:55:23.429  2841  3274 D ActivityManager: mDVFSHelper.acquire()
12-12 00:55:23.489  2841  2907 I InputDispatcher: Delivering touch to (2993): action: 0x4, toolType: 0
12-12 00:55:23.489  2841  2907 I InputDispatcher: Delivering touch to (17695): action: 0x0, toolType: 0
12-12 00:55:23.489 17695 17695 D ViewRootImpl: ViewPostImeInputStage ACTION_DOWN
12-12 00:55:23.494  2841  2907 I InputDispatcher: Delivering touch to (17695): action: 0x1, toolType: 0
12-12 00:55:23.499  2841  2870 V BroadcastQueue: [background] Process cur broadcast BroadcastRecord{98b5c55 u0 com.google.android.music.START_DOWNLOAD_SCHEDULING} DELIVERED for app ProcessRecord{1a78a5c0 17584:com.google.android.music:main/u0a86}
12-12 00:55:23.499 17584 17584 D MusicLifecycle: com.google.android.music.autocache.AutoCacheSchedulingService$EnablingReceiver generated event: Broadcast received with context android.app.ReceiverRestrictedContext@1e73fb84 and intent Intent { act=com.google.android.music.START_DOWNLOAD_SCHEDULING flg=0x10 cmp=com.google.android.music/.autocache.AutoCacheSchedulingService$EnablingReceiver }
12-12 00:55:23.504  2841  3274 D ActivityManager: startService callerProcessName:com.google.android.music, calleePkgName: com.google.android.music
12-12 00:55:23.514  2841  3593 V BroadcastQueue: [background] Process cur broadcast BroadcastRecord{98b5c55 u0 com.google.android.music.START_DOWNLOAD_SCHEDULING} DELIVERED for app ProcessRecord{1a78a5c0 17584:com.google.android.music:main/u0a86}
12-12 00:55:23.519 17584 17584 D MusicLifecycle: com.google.android.music.autocache.AutoCacheSchedulingService generated event: Service created
12-12 00:55:23.519 17584 17584 D MusicLifecycle: com.google.android.music.autocache.AutoCacheSchedulingService generated event: Service started with intent Intent { act=com.google.android.music.leanback.APP_IN_USE cmp=com.google.android.music/.autocache.AutoCacheSchedulingService (has extras) }
12-12 00:55:23.524 17584 17584 D MusicLifecycle: com.google.android.music.wear.WearBroadcastReceiver generated event: Broadcast received with context android.app.ReceiverRestrictedContext@1e73fb84 and intent Intent { act=com.google.android.music.START_DOWNLOAD_SCHEDULING flg=0x10 cmp=com.google.android.music/.wear.WearBroadcastReceiver }
12-12 00:55:23.544  2841  2907 I InputDispatcher: Delivering touch to (2993): action: 0x0, toolType: 0
12-12 00:55:23.544  2993  2993 D ViewRootImpl: ViewPostImeInputStage ACTION_DOWN
12-12 00:55:23.549  2841  2907 I InputDispatcher: Delivering touch to (2993): action: 0x1, toolType: 0
12-12 00:55:23.559  2993  2993 D PhoneStatusBar: makeExpandedVisible:false
12-12 00:55:23.559  2993  2993 D STATUSBAR-PhoneStatusBar:  mBrightnessEnablebySettings = true mBrightnessEnablebyBattery = true mBrightnessEnablebyDisableFlag = true mPmsBrightnessEnablebySettings = true
12-12 00:55:23.564  2993  2993 D StatusBar-Window: fnf=false sanc=false, kni=false, sbf=true
12-12 00:55:23.564  2993  2993 D CoverUI : applyFocusableFlag() : Remove SAMSUNG_FLAG_SVIEW_COVER
12-12 00:55:23.564  2993  2993 D CoverUI : applyHeight h = -1, oc = false, ex = true, fa = false, ac = false, sc = false
12-12 00:55:23.564  2841  3274 V Vibrator: Called cancel() API - PUID: 1000, PackageName: android
12-12 00:55:23.564  2841  3274 D VibratorService: Turning vibrator off
12-12 00:55:23.564  2841  3274 D LightsService: [api] [SvcLED] turnOff:: id = 5 (uid: 1000 pid: 2841) 
12-12 00:55:23.564  2841  3274 W CoverManager: getCoverState : This device is not supported cover
12-12 00:55:23.564  2841  3274 D LightsService: [api] [SvcLED] LED indicator : Not supported.
12-12 00:55:23.569  2993  2993 D PhoneStatusBar: disable: < expand icons alerts system_info back home recent clock search >
12-12 00:55:23.579 17584 17768 I MusicLeanback: Conditions not met for autocaching. okToAttempt=false
12-12 00:55:23.579  2841  4317 D SSRM:a  : DeviceInfo:: 00000000000
12-12 00:55:23.579  2841  4317 D SSRM:a  : SettingsAirViewInfo:: 000000000
12-12 00:55:23.579 17584 17684 W WearSignatureVerifier: No package com.google.android.wearable.app.cn
12-12 00:55:23.579 17584 17768 I MusicLeanback: Stop autocaching.
12-12 00:55:23.584  2993  2993 D PhoneStatusBar: makeExpandedInvisible: mExpandedVisible=true
12-12 00:55:23.584 17584 17684 W WearSignatureVerifier: No package com.google.android.wearable.app.cn
12-12 00:55:23.584  2993  2993 D StatusBar-QSPanel: setSingleLine:true
12-12 00:55:23.584 17584 17584 D MusicLifecycle: com.google.android.music.autocache.AutoCacheSchedulingService generated event: Service destroyed
12-12 00:55:23.584  2993  2993 D StatusBar-QSPanel: adjustCellWidth mButtonWidth : 102, displayWidth : 540
12-12 00:55:23.584 17584 17684 W WearSignatureVerifier: No package com.google.android.wearable.app.cn
12-12 00:55:23.584  2993  2993 D StatusBar-QSPanel: updateButtonInfo mButtonWidth : 102 mColumns:5 orien: 1 mButtonCorrectionWidth:18
12-12 00:55:23.584  2993  2993 D StatusBar-QSPanel: setSingleLine height:142
12-12 00:55:23.584  2993  2993 D PhoneStatusBar: showHideMultiSIMLayout:true
12-12 00:55:23.584  2993  2993 D STATUSBAR-PhoneStatusBar:  mBrightnessEnablebySettings = true mBrightnessEnablebyBattery = true mBrightnessEnablebyDisableFlag = true mPmsBrightnessEnablebySettings = true
12-12 00:55:23.584 17584 17684 W WearSignatureVerifier: No package com.google.android.wearable.app.cn
12-12 00:55:23.589  2993  2993 D StatusBar: getNumberOfActiveSim: 1
12-12 00:55:23.589  2993  2993 D NotificationStackScrollLayout: updateMultiSIMLayout:false
12-12 00:55:23.589  2993  2993 D NotificationStackScrollLayout: oldVisibility:8,newVisibility:8
12-12 00:55:23.589  2993  2993 D PhoneStatusBar: updateQSpanelHeight: 142 height:226
12-12 00:55:23.589  2993  2993 D PanelView: flingSettings mQsMin:294 mQsMax:294 mQsEx:294.0mQsPeek:226
12-12 00:55:23.589  2993  2993 I PhoneStatusBar: Icon Only
12-12 00:55:23.589  2993  2993 I StatusBar: Icon Only
12-12 00:55:23.589  2993  2993 D StatusBar: getNumberOfActiveSim: 1
12-12 00:55:23.594  2993  2993 D PanelView: kidsfalse mQsExpansionEnabled:true
12-12 00:55:23.594  2993  2993 D StatusBar-Window: fnf=true sanc=false, kni=false, sbf=false
12-12 00:55:23.594  2993  2993 D CoverUI : applyFocusableFlag() : Remove SAMSUNG_FLAG_SVIEW_COVER
12-12 00:55:23.594  2993  2993 D CoverUI : applyHeight h = 38, oc = false, ex = false, fa = false, ac = false, sc = false
12-12 00:55:23.594 14100 14100 I WearableService: Wearable Services not starting - Wear is not available on this device.
12-12 00:55:23.599  2993  2993 D PhoneStatusBar: disable: < expand icons alerts system_info back home recent clock search >
12-12 00:55:23.599 14100 14112 D WearableService: onGetService - Wear is not available on this device.
12-12 00:55:23.599 17584 17584 W WearSignatureVerifier: No package com.google.android.wearable.app.cn
12-12 00:55:23.604  2841  2907 I InputDispatcher: Delivering touch to (2993): action: 0x4, toolType: 0
12-12 00:55:23.604  2841  2907 I InputDispatcher: Delivering touch to (17695): action: 0x0, toolType: 0
12-12 00:55:23.604 17695 17695 D ViewRootImpl: ViewPostImeInputStage ACTION_DOWN
12-12 00:55:23.609 17584 17771 E GmsUtils: Failed to connect to Google API client: ConnectionResult{statusCode=API_UNAVAILABLE, resolution=null, message=null}
12-12 00:55:23.619  2841  2907 I InputDispatcher: Delivering touch to (17695): action: 0x1, toolType: 0
12-12 00:55:23.669 17665 17665 I Timeline: Timeline: Activity_launch_request id:com.example.snoopy time:3818158
12-12 00:55:23.674  2841  3418 D CustomFrequencyManagerService: releaseDVFSLockLocked : Getting Lock type frm List : DVFS_MIN_LIMIT  frequency : 1105000  uid : 1000  pid : 2841  tag : ACTIVITY_RESUME_BOOSTER@6
12-12 00:55:23.679  2841  3418 D CustomFrequencyManagerService: acquireDVFSLockLocked : type : DVFS_MIN_LIMIT  frequency : 1105000  uid : 1000  pid : 2841  pkgName : ACTIVITY_RESUME_BOOSTER@6
12-12 00:55:23.679  2841  3418 D ActivityManager: mDVFSHelper.acquire()
12-12 00:55:23.699  2841  3595 I EDMNativeHelperService: isScreenCaptureEnabled
12-12 00:55:23.704 17584 17661 I MediaStoreImporter: Update: incremental Added music: 0 Updated music: 0 Deleted music: 0 Created playlists: 0 Updated playlists: 0 Deleted playlists: 0 Inserted playlist items: 0 Deleted playlist items: 0 Removed orphaned playlist items: 0
12-12 00:55:23.709 17584 17584 D MusicLifecycle: com.google.android.music.download.EncapsulatedBroadcastReceiver$1 generated event: Broadcast received with context com.google.android.music.ui.PhoneMusicApplication@223ee747 and intent Intent { act=com.google.android.music.IMPORT_COMPLETE flg=0x10 }
12-12 00:55:23.709  2841  2870 V BroadcastQueue: [background] Process cur broadcast BroadcastRecord{31eebfa4 u0 com.google.android.music.IMPORT_COMPLETE} DELIVERED for app ProcessRecord{1a78a5c0 17584:com.google.android.music:main/u0a86}
12-12 00:55:23.709 17584 17584 D MusicLifecycle: com.google.android.music.wear.WearBroadcastReceiver generated event: Broadcast received with context android.app.ReceiverRestrictedContext@1e73fb84 and intent Intent { act=com.google.android.music.IMPORT_COMPLETE flg=0x10 cmp=com.google.android.music/.wear.WearBroadcastReceiver }
12-12 00:55:23.719 17584 17684 W WearSignatureVerifier: No package com.google.android.wearable.app.cn
12-12 00:55:23.724 17584 17684 W WearSignatureVerifier: No package com.google.android.wearable.app.cn
12-12 00:55:23.724 17584 17684 W WearSignatureVerifier: No package com.google.android.wearable.app.cn
12-12 00:55:23.724 17584 17684 W WearSignatureVerifier: No package com.google.android.wearable.app.cn
12-12 00:55:23.729 14100 14114 D WearableService: onGetService - Wear is not available on this device.
12-12 00:55:23.729 17584 17584 W WearSignatureVerifier: No package com.google.android.wearable.app.cn
12-12 00:55:23.729 17584 17778 E GmsUtils: Failed to connect to Google API client: ConnectionResult{statusCode=API_UNAVAILABLE, resolution=null, message=null}
12-12 00:55:23.734  2841  2907 I InputDispatcher: Delivering touch to (2993): action: 0x4, toolType: 0
12-12 00:55:23.734  2841  2907 I InputDispatcher: Delivering touch to (17695): action: 0x0, toolType: 0
12-12 00:55:23.734 17695 17695 D ViewRootImpl: ViewPostImeInputStage ACTION_DOWN
12-12 00:55:23.744  2841  2907 I InputDispatcher: Delivering touch to (17695): action: 0x1, toolType: 0
12-12 00:55:23.799  2841  2907 I InputDispatcher: Delivering touch to (2993): action: 0x4, toolType: 0
12-12 00:55:23.799  2841  2907 I InputDispatcher: Delivering touch to (17695): action: 0x0, toolType: 0
12-12 00:55:23.799 17695 17695 D ViewRootImpl: ViewPostImeInputStage ACTION_DOWN
12-12 00:55:23.799  2841  2882 D PackageManager: [MSG] MCS_UNBIND
12-12 00:55:23.799  2841  2907 I InputDispatcher: Delivering touch to (17695): action: 0x1, toolType: 0
12-12 00:55:23.804  2841  3266 I ActivityManager: Killing 17453:com.sec.knox.bridge/1000 (adj 15): PMK:empty #12
12-12 00:55:23.854  2841  2907 I InputDispatcher: Delivering touch to (2993): action: 0x4, toolType: 0
12-12 00:55:23.854  2841  2907 I InputDispatcher: Delivering touch to (17695): action: 0x0, toolType: 0
12-12 00:55:23.854 17695 17695 D ViewRootImpl: ViewPostImeInputStage ACTION_DOWN
12-12 00:55:23.859  2841  2907 I InputDispatcher: Delivering touch to (17695): action: 0x1, toolType: 0
12-12 00:55:23.859  2841  3595 D ActivityManager: cleanUpApplicationRecord -- 17453
12-12 00:55:23.859  2841  3595 D ActivityManager: isAutoRunBlockedApp:: com.sec.knox.bridge, Auto Run ON
12-12 00:55:23.909  2841  2907 I InputDispatcher: Delivering touch to (2993): action: 0x4, toolType: 0
12-12 00:55:23.909  2841  2907 I InputDispatcher: Delivering touch to (17695): action: 0x0, toolType: 0
12-12 00:55:23.909 17695 17695 D ViewRootImpl: ViewPostImeInputStage ACTION_DOWN
12-12 00:55:23.924  2841  2907 I InputDispatcher: Delivering touch to (17695): action: 0x1, toolType: 0
12-12 00:55:23.974  2841  2907 I InputDispatcher: Delivering touch to (2993): action: 0x4, toolType: 0
12-12 00:55:23.974  2841  2907 I InputDispatcher: Delivering touch to (17695): action: 0x0, toolType: 0
12-12 00:55:23.974 17695 17695 D ViewRootImpl: ViewPostImeInputStage ACTION_DOWN
12-12 00:55:23.979  2841  2907 I InputDispatcher: Delivering touch to (17695): action: 0x1, toolType: 0
12-12 00:55:24.029  2841  2907 I InputDispatcher: Delivering touch to (2993): action: 0x4, toolType: 0
12-12 00:55:24.029  2841  2907 I InputDispatcher: Delivering touch to (17695): action: 0x0, toolType: 0
12-12 00:55:24.029 17695 17695 D ViewRootImpl: ViewPostImeInputStage ACTION_DOWN
12-12 00:55:24.034  2841  2907 I InputDispatcher: Delivering touch to (17695): action: 0x1, toolType: 0
12-12 00:55:24.084  2841  2907 I InputDispatcher: Delivering touch to (2993): action: 0x4, toolType: 0
12-12 00:55:24.084  2841  2907 I InputDispatcher: Delivering touch to (17695): action: 0x0, toolType: 0
12-12 00:55:24.084 17695 17695 D ViewRootImpl: ViewPostImeInputStage ACTION_DOWN
12-12 00:55:24.089  2841  2907 I InputDispatcher: Delivering touch to (17695): action: 0x1, toolType: 0
12-12 00:55:24.139  2841  2907 I InputDispatcher: Delivering touch to (2993): action: 0x4, toolType: 0
12-12 00:55:24.139  2841  2907 I InputDispatcher: Delivering touch to (17695): action: 0x0, toolType: 0
12-12 00:55:24.139 17695 17695 D ViewRootImpl: ViewPostImeInputStage ACTION_DOWN
12-12 00:55:24.139  2841  2907 I InputDispatcher: Delivering touch to (17695): action: 0x1, toolType: 0
12-12 00:55:24.194  2841  2907 I InputDispatcher: Delivering touch to (2993): action: 0x4, toolType: 0
12-12 00:55:24.194  2841  2907 I InputDispatcher: Delivering touch to (17695): action: 0x0, toolType: 0
12-12 00:55:24.194 17695 17695 D ViewRootImpl: ViewPostImeInputStage ACTION_DOWN
12-12 00:55:24.199  2841  2907 I InputDispatcher: Delivering touch to (17695): action: 0x1, toolType: 0
12-12 00:55:24.254  2841  2907 I InputDispatcher: Delivering touch to (2993): action: 0x4, toolType: 0
12-12 00:55:24.254  2841  2907 I InputDispatcher: Delivering touch to (17695): action: 0x0, toolType: 0
12-12 00:55:24.254 17695 17695 D ViewRootImpl: ViewPostImeInputStage ACTION_DOWN
12-12 00:55:24.254  2841  2907 I InputDispatcher: Delivering touch to (17695): action: 0x1, toolType: 0
12-12 00:55:24.304 17665 17665 I Timeline: Timeline: Activity_launch_request id:com.example.snoopy time:3818794
12-12 00:55:24.309  2841  3596 D CustomFrequencyManagerService: releaseDVFSLockLocked : Getting Lock type frm List : DVFS_MIN_LIMIT  frequency : 1105000  uid : 1000  pid : 2841  tag : ACTIVITY_RESUME_BOOSTER@6
12-12 00:55:24.309  2841  3596 D CustomFrequencyManagerService: acquireDVFSLockLocked : type : DVFS_MIN_LIMIT  frequency : 1105000  uid : 1000  pid : 2841  pkgName : ACTIVITY_RESUME_BOOSTER@6
12-12 00:55:24.314  2841  3596 D ActivityManager: mDVFSHelper.acquire()
12-12 00:55:24.369  2841  2907 I InputDispatcher: Delivering touch to (2993): action: 0x4, toolType: 0
12-12 00:55:24.369  2841  2907 I InputDispatcher: Delivering touch to (17695): action: 0x0, toolType: 0
12-12 00:55:24.369 17695 17695 D ViewRootImpl: ViewPostImeInputStage ACTION_DOWN
12-12 00:55:24.379  2841  2907 I InputDispatcher: Delivering touch to (17695): action: 0x1, toolType: 0
12-12 00:55:24.434  2841  2907 I InputDispatcher: Delivering touch to (2993): action: 0x4, toolType: 0
12-12 00:55:24.434  2841  2907 I InputDispatcher: Delivering touch to (17695): action: 0x0, toolType: 0
12-12 00:55:24.434 17695 17695 D ViewRootImpl: ViewPostImeInputStage ACTION_DOWN
12-12 00:55:24.434  2841  2907 I InputDispatcher: Delivering touch to (17695): action: 0x1, toolType: 0
12-12 00:55:24.484  2993  2993 D StatusBar.MSimNetworkController: refreshViews connected={ wifi } phoneId = 0 level=0 mMSimcombinedSignalIconId=0x7f020626/com.android.systemui:drawable/stat_sys_wifi_signal_4 mMSimcombinedActivityIconId=0x7f0205dd mAirplaneMode=false mMSimDataActivity=0 mMSimPhoneSignalIconId=0x7f020781/com.android.systemui:drawable/tw_stat_sys_signal_null mMSimDataDirectionIconId=0x0 mMSimDataSignalIconId=0x7f020781 mMSimDataTypeIconId=0x0/(null) mNoMSimIconId=0x7f02016f/com.android.systemui:drawable/ic_qs_no_sim mMSimMobileActivityIconId=0x0/(null) mWifiIconId=0x7f020626 mBluetoothTetherIconId=0x7f020603 mRoamingIconId=0x 0/(null)
12-12 00:55:24.484  2993  2993 D StatusBar.MSimNetworkController: refreshSignalCluster : called
12-12 00:55:24.489  2841  2907 I InputDispatcher: Delivering touch to (2993): action: 0x4, toolType: 0
12-12 00:55:24.489  2841  2907 I InputDispatcher: Delivering touch to (17695): action: 0x0, toolType: 0
12-12 00:55:24.489 17695 17695 D ViewRootImpl: ViewPostImeInputStage ACTION_DOWN
12-12 00:55:24.489  2841  2907 I InputDispatcher: Delivering touch to (17695): action: 0x1, toolType: 0
12-12 00:55:24.544  2841  2907 I InputDispatcher: Delivering touch to (2993): action: 0x4, toolType: 0
12-12 00:55:24.544  2841  2907 I InputDispatcher: Delivering touch to (17695): action: 0x0, toolType: 0
12-12 00:55:24.544  2841  2907 D PowerManagerService: [api] userActivityFromNative : 10 (event: 2 flags: 0) eventTime = 3819030
12-12 00:55:24.544 17695 17695 D ViewRootImpl: ViewPostImeInputStage ACTION_DOWN
12-12 00:55:24.544  2841  2907 I InputDispatcher: Delivering touch to (17695): action: 0x1, toolType: 0
12-12 00:55:24.599  2841  2907 I InputDispatcher: Delivering touch to (2993): action: 0x4, toolType: 0
12-12 00:55:24.599  2841  2907 I InputDispatcher: Delivering touch to (17695): action: 0x0, toolType: 0
12-12 00:55:24.599 17695 17695 D ViewRootImpl: ViewPostImeInputStage ACTION_DOWN
12-12 00:55:24.599  2841  2907 I InputDispatcher: Delivering touch to (17695): action: 0x1, toolType: 0
12-12 00:55:24.649  2841  2907 I InputDispatcher: Delivering touch to (2993): action: 0x4, toolType: 0
12-12 00:55:24.649  2841  2907 I InputDispatcher: Delivering touch to (17695): action: 0x0, toolType: 0
12-12 00:55:24.649 17695 17695 D ViewRootImpl: ViewPostImeInputStage ACTION_DOWN
12-12 00:55:24.654  2841  2907 I InputDispatcher: Delivering touch to (17695): action: 0x1, toolType: 0
12-12 00:55:24.709 17665 17665 I Timeline: Timeline: Activity_launch_request id:com.example.snoopy time:3819196
12-12 00:55:24.714  2841  3594 D CustomFrequencyManagerService: releaseDVFSLockLocked : Getting Lock type frm List : DVFS_MIN_LIMIT  frequency : 1105000  uid : 1000  pid : 2841  tag : ACTIVITY_RESUME_BOOSTER@6
12-12 00:55:24.714  2841  3594 D CustomFrequencyManagerService: acquireDVFSLockLocked : type : DVFS_MIN_LIMIT  frequency : 1105000  uid : 1000  pid : 2841  pkgName : ACTIVITY_RESUME_BOOSTER@6
12-12 00:55:24.714  2841  3594 D ActivityManager: mDVFSHelper.acquire()
12-12 00:55:24.729 17695 17752 I art     : Explicit concurrent mark sweep GC freed 1184(67KB) AllocSpace objects, 1(16KB) LOS objects, 30% free, 4MB/6MB, paused 659us total 26.253ms
12-12 00:55:24.774  2841  2907 I InputDispatcher: Delivering touch to (2993): action: 0x4, toolType: 0
12-12 00:55:24.774  2841  2907 I InputDispatcher: Delivering touch to (17695): action: 0x0, toolType: 0
12-12 00:55:24.774 17695 17695 D ViewRootImpl: ViewPostImeInputStage ACTION_DOWN
12-12 00:55:24.779  2841  2907 I InputDispatcher: Delivering touch to (17695): action: 0x1, toolType: 0
12-12 00:55:24.814 17695 17752 I art     : Explicit concurrent mark sweep GC freed 26(824B) AllocSpace objects, 0(0B) LOS objects, 30% free, 4MB/6MB, paused 653us total 25.249ms
12-12 00:55:24.819  2841  3589 I EDMNativeHelperService: isScreenCaptureEnabled
12-12 00:55:24.834  2841  2907 I InputDispatcher: Delivering touch to (2993): action: 0x4, toolType: 0
12-12 00:55:24.834  2841  2907 I InputDispatcher: Delivering touch to (17695): action: 0x0, toolType: 0
12-12 00:55:24.834 17695 17695 D ViewRootImpl: ViewPostImeInputStage ACTION_DOWN
12-12 00:55:24.839  2841  2907 I InputDispatcher: Delivering touch to (17695): action: 0x1, toolType: 0
12-12 00:55:24.889  2841  2907 I InputDispatcher: Delivering touch to (2993): action: 0x4, toolType: 0
12-12 00:55:24.889  2841  2907 I InputDispatcher: Delivering touch to (17695): action: 0x0, toolType: 0
12-12 00:55:24.889 17695 17695 D ViewRootImpl: ViewPostImeInputStage ACTION_DOWN
12-12 00:55:24.894  2841  2907 I InputDispatcher: Delivering touch to (17695): action: 0x1, toolType: 0
12-12 00:55:24.899 17695 17752 I art     : Explicit concurrent mark sweep GC freed 15(384B) AllocSpace objects, 0(0B) LOS objects, 30% free, 4MB/6MB, paused 591us total 24.027ms
12-12 00:55:24.944  2841  2907 I InputDispatcher: Delivering touch to (2993): action: 0x4, toolType: 0
12-12 00:55:24.944  2841  2907 I InputDispatcher: Delivering touch to (17695): action: 0x0, toolType: 0
12-12 00:55:24.944 17695 17695 D ViewRootImpl: ViewPostImeInputStage ACTION_DOWN
12-12 00:55:24.959  2841  2907 I InputDispatcher: Delivering touch to (17695): action: 0x1, toolType: 0
12-12 00:55:24.984 17695 17752 I art     : Explicit concurrent mark sweep GC freed 11(288B) AllocSpace objects, 0(0B) LOS objects, 30% free, 4MB/6MB, paused 572us total 23.964ms
12-12 00:55:25.014  2841  2907 I InputDispatcher: Delivering touch to (2993): action: 0x4, toolType: 0
12-12 00:55:25.014  2841  2907 I InputDispatcher: Delivering touch to (17695): action: 0x0, toolType: 0
12-12 00:55:25.014 17695 17695 D ViewRootImpl: ViewPostImeInputStage ACTION_DOWN
12-12 00:55:25.029  2841  2907 I InputDispatcher: Delivering touch to (17695): action: 0x1, toolType: 0
12-12 00:55:25.069 17695 17752 I art     : Explicit concurrent mark sweep GC freed 11(288B) AllocSpace objects, 0(0B) LOS objects, 30% free, 4MB/6MB, paused 587us total 23.828ms
12-12 00:55:25.084  2841  2907 I InputDispatcher: Delivering touch to (2993): action: 0x4, toolType: 0
12-12 00:55:25.084  2841  2907 I InputDispatcher: Delivering touch to (17695): action: 0x0, toolType: 0
12-12 00:55:25.084 17695 17695 D ViewRootImpl: ViewPostImeInputStage ACTION_DOWN
12-12 00:55:25.099  2841  2907 I InputDispatcher: Delivering touch to (17695): action: 0x1, toolType: 0
12-12 00:55:25.154  2841  2907 I InputDispatcher: Delivering touch to (2993): action: 0x4, toolType: 0
12-12 00:55:25.154  2841  2907 I InputDispatcher: Delivering touch to (17695): action: 0x0, toolType: 0
12-12 00:55:25.154 17695 17695 D ViewRootImpl: ViewPostImeInputStage ACTION_DOWN
12-12 00:55:25.164  2841  2907 I InputDispatcher: Delivering touch to (17695): action: 0x1, toolType: 0
12-12 00:55:25.219  2841  2907 I InputDispatcher: Delivering touch to (2993): action: 0x4, toolType: 0
12-12 00:55:25.219  2841  2907 I InputDispatcher: Delivering touch to (17695): action: 0x0, toolType: 0
12-12 00:55:25.219 17695 17695 D ViewRootImpl: ViewPostImeInputStage ACTION_DOWN
12-12 00:55:25.224  2841  2907 I InputDispatcher: Delivering touch to (17695): action: 0x1, toolType: 0
12-12 00:55:25.274  2841  2907 I InputDispatcher: Delivering touch to (2993): action: 0x4, toolType: 0
12-12 00:55:25.274  2841  2907 I InputDispatcher: Delivering touch to (17695): action: 0x0, toolType: 0
12-12 00:55:25.274 17695 17695 D ViewRootImpl: ViewPostImeInputStage ACTION_DOWN
12-12 00:55:25.284  2841  2907 I InputDispatcher: Delivering touch to (17695): action: 0x1, toolType: 0
12-12 00:55:25.334  2841  2907 I InputDispatcher: Delivering touch to (2993): action: 0x4, toolType: 0
12-12 00:55:25.334  2841  2907 I InputDispatcher: Delivering touch to (17695): action: 0x0, toolType: 0
12-12 00:55:25.334 17695 17695 D ViewRootImpl: ViewPostImeInputStage ACTION_DOWN
12-12 00:55:25.344  2841  2907 I InputDispatcher: Delivering touch to (17695): action: 0x1, toolType: 0
12-12 00:55:25.399  2841  2907 I InputDispatcher: Delivering touch to (2993): action: 0x4, toolType: 0
12-12 00:55:25.399  2841  2907 I InputDispatcher: Delivering touch to (17695): action: 0x0, toolType: 0
12-12 00:55:25.399 17695 17695 D ViewRootImpl: ViewPostImeInputStage ACTION_DOWN
12-12 00:55:25.399  2841  2907 I InputDispatcher: Delivering touch to (17695): action: 0x1, toolType: 0
12-12 00:55:25.454  2841  2907 I InputDispatcher: Delivering touch to (2993): action: 0x4, toolType: 0
12-12 00:55:25.454  2841  2907 I InputDispatcher: Delivering touch to (17695): action: 0x0, toolType: 0
12-12 00:55:25.454 17695 17695 D ViewRootImpl: ViewPostImeInputStage ACTION_DOWN
12-12 00:55:25.469  2841  2907 I InputDispatcher: Delivering touch to (17695): action: 0x1, toolType: 0
