12-12 00:57:16.424  5160 19914 I KLMS-2.5.332: : Systemprocess(): networkChangeListener().START
12-12 00:57:16.429  5160 19914 I KLMS-2.5.332: : KLMSUtility(): isPossibleNetwork() - WIFI : false| MOBILE : false| ETHERNET : false
12-12 00:57:16.429  5160 19914 I KLMS-2.5.332: : Systemprocess(): networkChangeListener().END
12-12 00:57:16.429  5160  5160 I KLMS-2.5.332: : KLMSIntentService(): onDestroy()
12-12 00:57:16.434  2841  3593 V BroadcastQueue: [background] Process cur broadcast BroadcastRecord{344a4083 u-1 android.net.conn.CONNECTIVITY_CHANGE} DELIVERED for app ProcessRecord{314b7521 14100:com.google.android.gms.persistent/u0a6}
12-12 00:57:16.434  2841  3601 D ActivityManager: startService callerProcessName:com.google.android.gms, calleePkgName: com.google.android.gms
12-12 00:57:16.439  2841  3595 V BroadcastQueue: [background] Process cur broadcast BroadcastRecord{344a4083 u-1 android.net.conn.CONNECTIVITY_CHANGE} DELIVERED for app ProcessRecord{33079c48 14141:com.google.android.gms/u0a6}
12-12 00:57:16.454 14141 14141 I iu.Environment: update connectivity state; isNetworkMetered? false, isRoaming? false, isBackgroundDataAllowed? false*
12-12 00:57:16.474  2841  2870 D ActivityManager:  getDeferredInfo final delay 1300
12-12 00:57:16.474  2841  2870 D ActivityManager: startProcessLocked calleePkgName: com.google.android.talk, hostingType: broadcast-3
12-12 00:57:16.474 14141 15003 I iu.UploadsManager: num queued entries: 0
12-12 00:57:16.479 14141 15003 I iu.UploadsManager: num updated entries: 0
12-12 00:57:16.479 14141 15003 I iu.SyncManager: NEXT; no task
12-12 00:57:16.479 19795 19859 W linker  : libconscrypt_gmscore_jni.so: unused DT entry: type 0xf arg 0x1dc
12-12 00:57:16.489 19795 19859 V NativeCrypto: Registering com/google/android/gms/org/conscrypt/NativeCrypto's 276 native methods...
12-12 00:57:16.489 19917 19917 E Zygote  : MountEmulatedStorage()
12-12 00:57:16.489 19917 19917 E Zygote  : v2
12-12 00:57:16.489 19917 19917 I libpersona: KNOX_SDCARD checking this for 10081
12-12 00:57:16.489 19917 19917 I libpersona: KNOX_SDCARD not a persona
12-12 00:57:16.494 19917 19917 I SELinux : Function: selinux_compare_spd_ram , priority [2] , priority version is VE=SEPF_SM-J200G_5.1.1_0071
12-12 00:57:16.494  2841  2870 I ActivityManager: Start proc 19917:com.google.android.talk/u0a81 for broadcast-3 com.google.android.talk/com.google.android.apps.hangouts.service.GcmStateReceiver
12-12 00:57:16.494 19917 19917 E Zygote  : accessInfo : 0
12-12 00:57:16.494 19917 19917 E SELinux : [DEBUG] get_category: variable seinfo: untrusted sensitivity: NULL, cateogry: NULL
12-12 00:57:16.514 19917 19917 D TimaKeyStoreProvider: TimaSignature is unavailable
12-12 00:57:16.514 19917 19917 D ActivityThread: Added TimaKeyStore provider
12-12 00:57:16.524  2841  3591 V BroadcastQueue: [background] Process cur broadcast BroadcastRecord{26daf87e u0 com.google.android.gcm.DISCONNECTED} DELIVERED for app ProcessRecord{326661df 19917:com.google.android.talk/u0a81}
12-12 00:57:16.534 19795 19859 I art     : Rejecting re-init on previously-failed class java.lang.Class<com.google.android.gms.org.conscrypt.DelegatingExtendedSSLSession>
12-12 00:57:16.539 19795 19859 I art     : Rejecting re-init on previously-failed class java.lang.Class<com.google.android.gms.org.conscrypt.DelegatingExtendedSSLSession>
12-12 00:57:16.539 19795 19859 I art     : Rejecting re-init on previously-failed class java.lang.Class<com.google.android.gms.org.conscrypt.DelegatingExtendedSSLSession>
12-12 00:57:16.539 19917 19917 W ResourcesManager: Asset path '/system/framework/com.google.android.media.effects.jar' does not exist or contains no resources.
12-12 00:57:16.614 19795 19859 I ProviderInstaller: Installed default security provider GmsCore_OpenSSL
12-12 00:57:16.619 19795 19859 W System.err: remove failed: ENOTEMPTY (Directory not empty) : /data/user/0/com.google.android.apps.docs/cache/diskCache
12-12 00:57:16.619 19795 19859 W System.err: remove failed: ENOTEMPTY (Directory not empty) : /data/user/0/com.google.android.apps.docs/cache/docs_glide
12-12 00:57:16.879  2841  3594 W ActivityManager: getRunningAppProcesses: caller 10081 does not hold REAL_GET_TASKS; limiting output
12-12 00:57:16.919 13605 19902 D AWSDeviceFarmAndroidLib: setWifiEnabled: wifi is: false
12-12 00:57:16.919 13605 13605 D AatpDeviceManager: taskStatus update (e96958b654c295c244aa48565472203b2195fd15: {"result":"Wifi enabled: false","state":2})
12-12 00:57:16.924  2841  2841 D LightsService: [api] [SvcLED] turnOff:: id = 5 (uid: 1000 pid: 2841) 
12-12 00:57:16.924  2841  2841 W CoverManager: getCoverState : This device is not supported cover
12-12 00:57:16.924  2841  2841 D LightsService: [api] [SvcLED] LED indicator : Not supported.
12-12 00:57:16.929  2993  2993 I PhoneStatusBar: Icon Only
12-12 00:57:16.929  2993  2993 I StatusBar: Icon Only
12-12 00:57:16.934  2993  2993 D StatusBar: getNumberOfActiveSim: 1
12-12 00:57:16.934  2993  2993 D PanelView: kidsfalse mQsExpansionEnabled:true
12-12 00:57:16.939  2993  2993 I PhoneStatusBar: Icon Only
12-12 00:57:16.939  2993  2993 I StatusBar: Icon Only
12-12 00:57:16.939  2993  2993 D StatusBar: getNumberOfActiveSim: 1
12-12 00:57:16.944  2993  2993 D PanelView: kidsfalse mQsExpansionEnabled:true
12-12 00:57:16.989 19917 19917 I Babel_telephony: TeleModule.onApplicationCreate
12-12 00:57:17.009 19917 19941 I Babel_SMS: MmsConfig: mnc/mcc: 0/0
12-12 00:57:17.009 19917 19941 I Babel_SMS: MmsConfig.loadMmsSettings
12-12 00:57:17.024 19917 19941 I Babel_SMS: MmsConfig.loadDeviceMmsSettings from API: mUserAgent=SAMSUNG-ANDROID-MMS/uaprof, mUaProfUrl=http://wap.samsungmobile.com/uaprof/uaprof.rdf
12-12 00:57:17.024 19917 19941 I Babel_SMS: MmsConfig.loadFromDatabase
12-12 00:57:17.029  2841  3418 D ActivityManager: startService callerProcessName:com.google.android.talk, calleePkgName: com.google.android.talk
12-12 00:57:17.044 19917 19941 E Babel_SMS: canonicalizeMccMnc: invalid mccmnc 
12-12 00:57:17.044 19917 19941 I Babel_SMS: MmsConfig.loadFromResources
12-12 00:57:17.049 19917 19941 E Babel_SMS: canonicalizeMccMnc: invalid mccmnc nullnull
12-12 00:57:17.049 19917 19941 I Babel_SMS: MmsConfig.loadMmsSettings: mUserAgent=SAMSUNG-ANDROID-MMS/uaprof, mUaProfUrl=http://wap.samsungmobile.com/uaprof/uaprof.rdf
12-12 00:57:17.064 19917 19917 I Babel_Crash: Startup - clean
12-12 00:57:17.084 13605 19945 D Aatp    : /task/e96958b654c295c244aa48565472203b2195fd15/status
12-12 00:57:17.149 19917 19917 I Babel_Prime: startMemoryMonitor
12-12 00:57:17.149 19917 19917 I Babel_Prime: isMemoryEnabled=false
12-12 00:57:17.154 19917 19917 I Babel_Prime: isTimerEnabled=true
12-12 00:57:17.239 13605 19946 D Aatp    : /bluetooth
12-12 00:57:17.259 13605 19946 D Aatp    : sha1: 8754e327630a41882f9bc25246281226648fdb1b
12-12 00:57:17.259 13605 19946 D AatpDeviceManager: k: enabled v: False
12-12 00:57:17.259 13605 19946 D AatpDeviceManager: k: NanoHttpd.QUERY_STRING v: enabled=False
12-12 00:57:17.264  2841  3591 D ActivityManager: startService callerProcessName:com.amazon.aatp.aatpdevicemanager, calleePkgName: com.amazon.aatp.aatpdevicemanager
12-12 00:57:17.279 13605 13605 D AatpDeviceManager: taskStatus update (8754e327630a41882f9bc25246281226648fdb1b: {"state":1})
12-12 00:57:17.279  2841  2870 D ApplicationPolicy: isStatusBarNotificationAllowedAsUser: packageName = com.amazon.aatp.aatpdevicemanager,userId = 0
12-12 00:57:17.279 13605 19951 D AWSDeviceFarmAndroidLib: setEnabled: enabled: false
12-12 00:57:17.279  2841  2841 D WindowManager: showStatusBarByNotification() mOpenByNotification=false
12-12 00:57:17.279  2841  3595 D ActivityManager: startService callerProcessName:com.google.android.talk, calleePkgName: com.google.android.talk
12-12 00:57:17.284 13605 19946 D Aatp    : /task/8754e327630a41882f9bc25246281226648fdb1b
12-12 00:57:17.294  2841  3594 D ActivityManager: bindService callerProcessName:com.google.android.talk, calleePkgName: com.google.android.talk, action: null
12-12 00:57:17.299 13605 19951 D AWSDeviceFarmAndroidLib: setEnabled: setting bluetooth to: false
12-12 00:57:17.304 13605 19951 D BluetoothAdapter: disable()
12-12 00:57:17.309 19917 19917 D Babel   : onCreate: Shutdown runnable posted in onCreate with a delay of 5000 ms.
12-12 00:57:17.309  2841  3104 D SettingsProvider: isChangeAllowed() : name = bluetooth_on
12-12 00:57:17.334  2841  2874 D SecContentProvider: insert(), uri = 2
12-12 00:57:17.344 14648 14682 D BluetoothAdapterState: CURRENT_STATE=ON, MSG = USER_TURN_OFF
12-12 00:57:17.344 14648 14682 D BluetoothAdapterProperties: Setting state to 13
12-12 00:57:17.344 14648 14682 I BluetoothAdapterState: Bluetooth adapter state changed: 12-> 13
12-12 00:57:17.344 14648 14682 D BluetoothAdapterService: Bluetooth PBAP supproted is true
12-12 00:57:17.344 14648 14682 D BluetoothAdapterService: updateAdapterState state is 13
12-12 00:57:17.349  2841  3591 D ActivityManager: startService callerProcessName:com.android.bluetooth, calleePkgName: com.android.bluetooth
12-12 00:57:17.349  2993  2993 D KnoxNotification: ----- inflateViews : modified publicViewLocal -----
12-12 00:57:17.354 14648 14648 I BluetoothPbapService: action: android.bluetooth.adapter.action.STATE_CHANGED, state: 13
12-12 00:57:17.354 14648 14682 D BluetoothAdapterService: Autoconnection is available 
12-12 00:57:17.354 14648 14682 D BluetoothAdapterService: updateAdapterState prevState = 12newState = 13
12-12 00:57:17.359 14648 14648 D BluetoothSocket: close() in, this: android.bluetooth.BluetoothSocket@2b15ba5d, channel: 19, state: LISTENING
12-12 00:57:17.359 14648 14648 D BluetoothSocket: close() this: android.bluetooth.BluetoothSocket@2b15ba5d, channel: 19, mSocketIS: android.net.LocalSocketImpl$SocketInputStream@217e466e, mSocketOS: android.net.LocalSocketImpl$SocketOutputStream@3abb78a3mSocket: android.net.LocalSocket@11a637a0 impl:android.net.LocalSocketImpl@1bf271e fd:FileDescriptor[68]
12-12 00:57:17.359 14648 14648 D BluetoothSocket: Closing mSocket: android.net.LocalSocket@11a637a0 impl:android.net.LocalSocketImpl@1bf271e fd:FileDescriptor[68]
12-12 00:57:17.369 19917 19917 W ResourcesManager: Asset path '/system/framework/com.android.media.remotedisplay.jar' does not exist or contains no resources.
12-12 00:57:17.369 14648 14682 D BluetoothAdapterService: terminating service from this receiver
12-12 00:57:17.369  2993  2993 D KnoxNotification: ----- inflateViews : modified KnoxViewLocal -----
12-12 00:57:17.374 19917 19917 W ResourcesManager: Asset path '/system/framework/com.android.location.provider.jar' does not exist or contains no resources.
12-12 00:57:17.384  2993  2993 I PhoneStatusBar: Icon Only
12-12 00:57:17.389  2993  2993 I StatusBar: Icon Only
12-12 00:57:17.394 14648 14682 D BluetoothAdapterProperties: onBluetoothDisable()
12-12 00:57:17.394 14648 14682 D BluetoothAdapterProperties: mDiscovering is false
12-12 00:57:17.394  2841  3418 D SecContentProvider: query(), uri = 3 selection = isDiscoverableEnabled
12-12 00:57:17.399  2841  3104 D SecContentProvider: insert(), uri = 2
12-12 00:57:17.399  2841  2841 W InputMethodManagerService: InputMethodService onReceive() intentActionandroid.bluetooth.adapter.action.STATE_CHANGED
12-12 00:57:17.399  2841  2841 I InputMethodManagerService: [BT Setting State] State =13
12-12 00:57:17.399  2993  2993 D StatusBar: getNumberOfActiveSim: 1
12-12 00:57:17.399  2993  2993 D PanelView: kidsfalse mQsExpansionEnabled:true
12-12 00:57:17.404  2993  2993 I PhoneStatusBar: Icon Only
12-12 00:57:17.404  2993  2993 I StatusBar: Icon Only
12-12 00:57:17.409  2993  2993 D StatusBar: getNumberOfActiveSim: 1
12-12 00:57:17.414 14648 14682 I BluetoothAdapterState: Entering PendingCommandState State: isTurningOn()=false, isTurningOff()=true
12-12 00:57:17.414  2993  2993 D PanelView: kidsfalse mQsExpansionEnabled:true
12-12 00:57:17.414  2841  2841 D KnoxKeyguardUpdateMonitor: BroadcastReceiver onReceive
12-12 00:57:17.414  2841  2841 D KnoxKeyguardUpdateMonitor: BroadcastReceiver onReceive action: android.bluetooth.adapter.action.STATE_CHANGED
12-12 00:57:17.414  2841  2841 D KnoxKeyguardUpdateMonitor: BroadcastReceiver onReceive BT state is changed
12-12 00:57:17.414  3423  3423 I SamsungIME: STATE_CHANGED = 13, KEYBOARD_BT(0), mBTKeyboardCount =0
12-12 00:57:17.419 13605 19954 D Aatp    : /task/8754e327630a41882f9bc25246281226648fdb1b/status
12-12 00:57:17.429 14648 14769 D bt_upio : BT_WAKE is asserted already
12-12 00:57:17.429  2841  2870 V BroadcastQueue: [background] Process cur broadcast BroadcastRecord{16f8b9ad u-1 android.bluetooth.adapter.action.STATE_CHANGED} DELIVERED for app ProcessRecord{23b20c79 19687:com.android.settings/1000}
12-12 00:57:17.439 14648 14686 D BluetoothUtils: getBtEnabledContainers(): btContainers = []
12-12 00:57:17.439 14648 14686 D BluetoothAdapterProperties: Scan Mode:20
12-12 00:57:17.444 14648 14682 D BluetoothAdapterState: CURRENT_STATE=PENDING, MESSAGE = BEGIN_DISABLE, isTurningOn=false, isTurningOff=true
12-12 00:57:17.444 14648 14682 E bt-btif : btif_vhci_sock_cleanup, sock_thread_handle:6, rfc_init:1, vhci_init:1
12-12 00:57:17.444 14648 14682 E bt-btif : btif_sock_cleanup, sock_thread_handle:6, rfc_init:1, vhci_init:0
12-12 00:57:17.444 14648 14682 E bt-btif : cmd socket is not created
12-12 00:57:17.449 14648 14769 D bt_upio : BT_WAKE is asserted already
12-12 00:57:17.449 14648 14682 D btif_config_util: btif_config_save_file(L188): in file name:/data/misc/bluedroid/bt_config.new
12-12 00:57:17.449 14648 14767 E bt-btm  : btm_ble_start_auto_conn start : 0, 0
12-12 00:57:17.449 14648 14767 W bt-btif : bta_dm_disable BTA_DISABLE_DELAY set to 200 ms
12-12 00:57:17.454 14648 15651 E BtOppRfcommListener: Error accept connection java.io.IOException: read failed, socket might closed or timeout, read ret: -1
12-12 00:57:17.454  2841  3589 D StatusBarManagerService: setIcon slot=bluetooth index=16 icon=StatusBarIcon(pkg=com.android.systemuiuser=0 id=0x7f0203ca level=0 visible=true num=0 )
12-12 00:57:17.454  2841  3523 D StatusBarManagerService: setIconVisibility slot=bluetooth visible=false
12-12 00:57:17.459 14648 14767 W bt-l2cap: L2CAP - PSM: 0x0019 not found for deregistration
12-12 00:57:17.459 14648 14767 W bt-l2cap: L2CAP - PSM: 0x0017 not found for deregistration
12-12 00:57:17.459 14648 14769 D bt_upio : BT_WAKE is asserted already
12-12 00:57:17.459  2993  2993 D BluetoothTile: onReceive : android.bluetooth.adapter.action.STATE_CHANGED
12-12 00:57:17.459 14648 14769 D bt_upio : BT_WAKE is asserted already
12-12 00:57:17.459  2993  2993 D BluetoothTile:  getBluetoothState : 13
12-12 00:57:17.464 14648 14769 D bt_upio : BT_WAKE is asserted already
12-12 00:57:17.464  2993  2993 D PhoneStatusBar: updateIcon slot=bluetooth index=16 viewIndex=2 old=StatusBarIcon(pkg=com.android.systemuiuser=0 id=0x7f0203ca level=0 visible=true num=0 ) icon=StatusBarIcon(pkg=com.android.systemuiuser=0 id=0x7f0203ca level=0 visible=false num=0 )
12-12 00:57:17.464 14648 14769 D bt_upio : BT_WAKE is asserted already
12-12 00:57:17.469  2993  3818 D STATUSBAR-QSTileView: onStateChanged: Bluetooth
12-12 00:57:17.469 14648 14769 D bt_upio : BT_WAKE is asserted already
12-12 00:57:17.474  2993  2993 D STATUSBAR-QSTileView: dynamicallyReduceTextSize: 102
12-12 00:57:17.469 14648 14769 D bt_upio : BT_WAKE is asserted already
12-12 00:57:17.469 14648 14769 D bt_upio : BT_WAKE is asserted already
12-12 00:57:17.469 14648 14769 D bt_upio : BT_WAKE is asserted already
12-12 00:57:17.474 14648 14769 D bt_upio : BT_WAKE is asserted already
12-12 00:57:17.474 14648 14769 D bt_upio : BT_WAKE is asserted already
12-12 00:57:17.474 14648 14769 D bt_upio : BT_WAKE is asserted already
12-12 00:57:17.479 14648 14769 D bt_upio : BT_WAKE is asserted already
12-12 00:57:17.484 14648 14648 D BluetoothSocket: close() in, this: android.bluetooth.BluetoothSocket@5c72dcc, channel: 4, state: LISTENING
12-12 00:57:17.484 14648 14648 D BluetoothSocket: close() this: android.bluetooth.BluetoothSocket@5c72dcc, channel: 4, mSocketIS: android.net.LocalSocketImpl$SocketInputStream@34a1259c, mSocketOS: android.net.LocalSocketImpl$SocketOutputStream@1d8ad815mSocket: android.net.LocalSocket@1732972a impl:android.net.LocalSocketImpl@31f5ab8 fd:FileDescriptor[70]
12-12 00:57:17.484 14648 14648 D BluetoothSocket: Closing mSocket: android.net.LocalSocket@1732972a impl:android.net.LocalSocketImpl@31f5ab8 fd:FileDescriptor[70]
12-12 00:57:17.484 14648 14648 I BtOppRfcommListener: stopping Accept Thread
12-12 00:57:17.484 14648 14648 D BluetoothSocket: close() in, this: android.bluetooth.BluetoothSocket@10bafbf6, channel: 12, state: LISTENING
12-12 00:57:17.484 14648 14648 D BluetoothSocket: close() this: android.bluetooth.BluetoothSocket@10bafbf6, channel: 12, mSocketIS: android.net.LocalSocketImpl$SocketInputStream@250b307, mSocketOS: android.net.LocalSocketImpl$SocketOutputStream@2ea66bf7mSocket: android.net.LocalSocket@9cb6a64 impl:android.net.LocalSocketImpl@1192e182 fd:FileDescriptor[78]
12-12 00:57:17.484 14648 14648 D BluetoothSocket: Closing mSocket: android.net.LocalSocket@9cb6a64 impl:android.net.LocalSocketImpl@1192e182 fd:FileDescriptor[78]
12-12 00:57:17.489 19687 19687 W ContextImpl: Calling a method in the system process without a qualified user: android.app.ContextImpl.startService:2112 android.content.ContextWrapper.startService:534 android.content.ContextWrapper.startService:534 com.android.settings.bluetooth.DockEventReceiver.beginStartingService:136 com.android.settings.bluetooth.DockEventReceiver.onReceive:115 
12-12 00:57:17.494 14648 15651 I BtOppRfcommListener: BluetoothSocket listen thread finished
12-12 00:57:17.494  2841  3595 D ActivityManager: startService callerProcessName:com.android.settings, calleePkgName: com.android.settings
12-12 00:57:17.499  2841  3594 V BroadcastQueue: [background] Process cur broadcast BroadcastRecord{16f8b9ad u-1 android.bluetooth.adapter.action.STATE_CHANGED} DELIVERED for app ProcessRecord{21fcd7ab 2993:com.android.systemui/u0a40}
12-12 00:57:17.504  2993  2993 V BluetoothStatusReceiver: Received android.bluetooth.adapter.action.STATE_CHANGED
12-12 00:57:17.504  2993  2993 D BluetoothStatusReceiver: AdapterStateChanged :: BluetoothAdapter.ACTION_STATE_CHANGED, state = 13
12-12 00:57:17.509 14648 14648 V BluetoothOppManager: cleanUp...
12-12 00:57:17.509  2841  3266 V BroadcastQueue: [background] Process cur broadcast BroadcastRecord{16f8b9ad u-1 android.bluetooth.adapter.action.STATE_CHANGED} DELIVERED for app ProcessRecord{722702d 14648:com.android.bluetooth/1002}
12-12 00:57:17.514  2841  3591 V BroadcastQueue: [background] Process cur broadcast BroadcastRecord{16f8b9ad u-1 android.bluetooth.adapter.action.STATE_CHANGED} DELIVERED for app ProcessRecord{722702d 14648:com.android.bluetooth/1002}
12-12 00:57:17.514 14648 14648 D ResetSettingBroadcastReceiver: onReceive :: action : android.bluetooth.adapter.action.STATE_CHANGED
12-12 00:57:17.519  2841  3591 V BroadcastQueue: [background] Process cur broadcast BroadcastRecord{16f8b9ad u-1 android.bluetooth.adapter.action.STATE_CHANGED} DELIVERED for app ProcessRecord{314b7521 14100:com.google.android.gms.persistent/u0a6}
12-12 00:57:17.524  2841  3601 V BroadcastQueue: [background] Process cur broadcast BroadcastRecord{16f8b9ad u-1 android.bluetooth.adapter.action.STATE_CHANGED} DELIVERED for app ProcessRecord{314b7521 14100:com.google.android.gms.persistent/u0a6}
12-12 00:57:17.534  2841  3600 V BroadcastQueue: [background] Process cur broadcast BroadcastRecord{16f8b9ad u-1 android.bluetooth.adapter.action.STATE_CHANGED} DELIVERED for app ProcessRecord{314b7521 14100:com.google.android.gms.persistent/u0a6}
12-12 00:57:17.534  2841  3594 D ActivityManager: startService callerProcessName:com.google.android.gms, calleePkgName: com.google.android.gms
12-12 00:57:17.539  2841  3523 D ActivityManager: startService callerProcessName:com.google.android.gms, calleePkgName: com.google.android.gms
12-12 00:57:17.549 19687 19687 D BluetoothEventManager: BluetoothEventManager Constructor :: 
12-12 00:57:17.559  2841  3596 D ActivityManager: startService callerProcessName:com.google.android.gms, calleePkgName: com.google.android.gms
12-12 00:57:17.594  2841  2906 V AlarmManager: waitForAlarm result :4
12-12 00:57:17.604  2841  3593 D ActivityManager: bindService callerProcessName:com.android.settings, calleePkgName: com.android.bluetooth, action: android.bluetooth.IBluetoothPan
12-12 00:57:17.614 19687 19687 D LocalBluetoothProfileManager: PANU : true
12-12 00:57:17.639 19917 19917 W linker  : libconscrypt_gmscore_jni.so: unused DT entry: type 0xf arg 0x1dc
12-12 00:57:17.644 19687 19687 W ContextImpl: Calling a method in the system process without a qualified user: android.app.ContextImpl.bindService:2201 android.content.ContextWrapper.bindService:560 com.broadcom.bt.service.sap.BluetoothSap.doBind:186 com.broadcom.bt.service.sap.BluetoothSap.<init>:179 com.android.settings.bluetooth.SapProfile.<init>:129 
12-12 00:57:17.644 19917 19917 V NativeCrypto: Registering com/google/android/gms/org/conscrypt/NativeCrypto's 276 native methods...
12-12 00:57:17.649  2841  3594 D ActivityManager: bindService callerProcessName:com.android.settings, calleePkgName: com.android.bluetooth, action: com.broadcom.bt.service.sap.IBluetoothSap
12-12 00:57:17.649 19687 19687 D Bluetoothsap: bindService called to Bluetooth SAP Service
12-12 00:57:17.649 14648 14767 W bt-l2cap: btif_mce_execute_service enable:0
12-12 00:57:17.649 14648 14767 W bt-l2cap: L2CAP - PSM: 0x0017 not found for deregistration
12-12 00:57:17.649 14648 14767 W bt-l2cap: L2CAP - PSM: 0x0019 not found for deregistration
12-12 00:57:17.649 14648 14767 W bt-l2cap: L2CAP - PSM: 0x0017 not found for deregistration
12-12 00:57:17.649 14648 14767 W bt-l2cap: L2CAP - PSM: 0x0019 not found for deregistration
12-12 00:57:17.649 14648 14767 W bt-l2cap: L2CAP - PSM: 0x0017 not found for deregistration
12-12 00:57:17.649 14648 14767 W bt-btif : ag scb idx 1 not allocated
12-12 00:57:17.654 14648 14767 W bt-btif : ag scb idx 2 not allocated
12-12 00:57:17.654 14648 14767 E bt-btif : BTA AG is already disabled, ignoring ...
12-12 00:57:17.654 14648 14769 D bt_upio : BT_WAKE is asserted already
12-12 00:57:17.654 14648 14772 D bt_userial: RX termination
12-12 00:57:17.654 14648 14772 W bt_userial: select_read return size <=0:-1, exiting userial_read_thread
12-12 00:57:17.654 14648 14772 D bt_userial: Leaving userial_read_thread()
12-12 00:57:17.654 14648 14686 D bt_userial: userial_close_reader Joined userial reader thread: 0
12-12 00:57:17.654 14648 14769 D bt_hwcfg: hw_epilog_process
12-12 00:57:17.654 19687 19687 D LocalBluetoothProfileManager: LocalBluetoothProfileManager construction complete
12-12 00:57:17.654 14648 14686 I bt_userial_vendor: UART_2STOPBITS : vnd_userial.termios.c_cflag = 18bd
12-12 00:57:17.654 14648 14686 I bt_userial_vendor: device fd = 61 close
12-12 00:57:17.654 14648 14686 I bt_upio : upio_set_bluetooth_power(on: 0)
12-12 00:57:17.654 14648 14686 D bt_upio : is_emulator_context : 0
12-12 00:57:17.654 14648 14686 D bt_upio : is_rfkill_disabled ? [0]
12-12 00:57:17.659 14648 14767 I GKI_LINUX: gki_task task_id=0 [BTU] terminating
12-12 00:57:17.659 14648 14686 I GKI_LINUX: GKI_exit_task 0 done
12-12 00:57:17.659 14648 14686 I GKI_LINUX: GKI_shutdown(): task [BTU] terminated
12-12 00:57:17.659 14648 14682 D BluetoothAdapterState: CURRENT_STATE=PENDING, MESSAGE = DISABLED, isTurningOn=false, isTurningOff=true
12-12 00:57:17.664 14648 14682 D BtConfig.SecureMode: isSecureModeOn:false
12-12 00:57:17.664 14648 14682 D BluetoothAdapterService: mProfilesStarted : true supportedProfileServices.length : 11 mProfileServicesState.size() : 7 mOnlyHasQuietProfilesfalse
12-12 00:57:17.664 14648 14682 W BluetoothAdapterService: check For Quiet mode profile 10 RadioCount =0 srv name=com.android.bluetooth.gatt.GattService
12-12 00:57:17.664 14648 14682 D BtSettings.ProfileConfig: getProfileSaveSetting: com.android.bluetooth.gatt.GattService
12-12 00:57:17.664  2841  3601 D ActivityManager: startService callerProcessName:com.google.android.gms, calleePkgName: com.google.android.gms
12-12 00:57:17.669 14648 14682 W BluetoothAdapterService: Not skipping com.android.bluetooth.gatt.GattService
12-12 00:57:17.669 19917 19931 W art     : Suspending all threads took: 17.317ms
12-12 00:57:17.669  2841  3523 D ActivityManager: startService callerProcessName:com.android.bluetooth, calleePkgName: com.android.bluetooth
12-12 00:57:17.674 14648 14682 W BluetoothAdapterService: check For Quiet mode profile 10 RadioCount =0 srv name=com.android.bluetooth.hfp.HeadsetService
12-12 00:57:17.674 14648 14682 D BtSettings.ProfileConfig: getProfileSaveSetting: com.android.bluetooth.hfp.HeadsetService
12-12 00:57:17.674 14648 14648 D BtGatt.DebugUtils: handleDebugAction() action=null
12-12 00:57:17.674 14648 14648 D BtGatt.GattService: onStartCommand name contains GattService
12-12 00:57:17.674 14648 14682 W BluetoothAdapterService: Not skipping com.android.bluetooth.hfp.HeadsetService
12-12 00:57:17.674 14648 14648 D BtGatt.GattService: Received stop request...Stopping profile...
12-12 00:57:17.674  2841  3596 D ActivityManager: startService callerProcessName:com.android.bluetooth, calleePkgName: com.android.bluetooth
12-12 00:57:17.674 14648 14648 D BtGatt.GattService: stop()
12-12 00:57:17.679 14648 14682 W BluetoothAdapterService: check For Quiet mode profile 10 RadioCount =0 srv name=com.android.bluetooth.a2dp.A2dpService
12-12 00:57:17.679 14648 14682 D BtSettings.ProfileConfig: getProfileSaveSetting: com.android.bluetooth.a2dp.A2dpService
12-12 00:57:17.679 14648 14682 W BluetoothAdapterService: Not skipping com.android.bluetooth.a2dp.A2dpService
12-12 00:57:17.679  2841  2858 D ActivityManager: startService callerProcessName:com.android.bluetooth, calleePkgName: com.android.bluetooth
12-12 00:57:17.679 14648 14648 D BtGatt.AdvertiseManager: advertise clients cleared
12-12 00:57:17.684 14648 14682 W BluetoothAdapterService: check For Quiet mode profile 10 RadioCount =0 srv name=com.android.bluetooth.hid.HidService
12-12 00:57:17.684 14648 14682 D BtSettings.ProfileConfig: getProfileSaveSetting: com.android.bluetooth.hid.HidService
12-12 00:57:17.684  2841  2934 D ActivityManager: startService callerProcessName:com.android.bluetooth, calleePkgName: com.android.bluetooth
12-12 00:57:17.684 14648 14682 W BluetoothAdapterService: Not skipping com.android.bluetooth.hid.HidService
12-12 00:57:17.684 14648 14648 D BtGatt.GattService: onProfileServiceStateChanged() mAdapterService is not null
12-12 00:57:17.684 14648 14682 W BluetoothAdapterService: check For Quiet mode profile 10 RadioCount =0 srv name=com.android.bluetooth.hdp.HealthService
12-12 00:57:17.684 14648 14682 D BtSettings.ProfileConfig: getProfileSaveSetting: com.android.bluetooth.hdp.HealthService
12-12 00:57:17.684 14648 14648 E BluetoothAdapterService(532129949): onProfileServiceStateChanged() serviceName=com.android.bluetooth.gatt.GattService, state=10, Message sending
12-12 00:57:17.689 14648 14682 W BluetoothAdapterService: Not skipping com.android.bluetooth.hdp.HealthService
12-12 00:57:17.689  2841  3589 D ActivityManager: startService callerProcessName:com.android.bluetooth, calleePkgName: com.android.bluetooth
12-12 00:57:17.689 14648 14648 D HeadsetService: Received stop request...Stopping profile...
12-12 00:57:17.689 14648 14682 W BluetoothAdapterService: check For Quiet mode profile 10 RadioCount =0 srv name=com.android.bluetooth.pan.PanService
12-12 00:57:17.689 14648 14682 D BtSettings.ProfileConfig: getProfileSaveSetting: com.android.bluetooth.pan.PanService
12-12 00:57:17.689 14648 14682 W BluetoothAdapterService: Not skipping com.android.bluetooth.pan.PanService
12-12 00:57:17.689  2841  3594 D ActivityManager: startService callerProcessName:com.android.bluetooth, calleePkgName: com.android.bluetooth
12-12 00:57:17.694 14648 14682 W BluetoothAdapterService: check For Quiet mode profile 10 RadioCount =0 srv name=com.android.bluetooth.map.BluetoothMapService
12-12 00:57:17.694 14648 14682 D BtSettings.ProfileConfig: getProfileSaveSetting: com.android.bluetooth.map.BluetoothMapService
12-12 00:57:17.694 14648 14682 W BluetoothAdapterService: Not skipping com.android.bluetooth.map.BluetoothMapService
12-12 00:57:17.694 14648 14648 D HeadsetService: onProfileServiceStateChanged() mAdapterService is not null
12-12 00:57:17.694  2841  2934 D ActivityManager: startService callerProcessName:com.android.bluetooth, calleePkgName: com.android.bluetooth
12-12 00:57:17.694 14648 14648 E BluetoothAdapterService(532129949): onProfileServiceStateChanged() serviceName=com.android.bluetooth.hfp.HeadsetService, state=10, Message sending
12-12 00:57:17.699 14648 14682 W BluetoothAdapterService: check For Quiet mode profile 10 RadioCount =0 srv name=com.android.bluetooth.hfpclient.HeadsetClientService
12-12 00:57:17.699 14648 14682 D BtSettings.ProfileConfig: getProfileSaveSetting: com.android.bluetooth.hfpclient.HeadsetClientService
12-12 00:57:17.699 14648 14682 W BluetoothAdapterService: Profile supported, But not enabled com.android.bluetooth.hfpclient.HeadsetClientService
12-12 00:57:17.699 14648 14682 W BluetoothAdapterService: check For Quiet mode profile 10 RadioCount =0 srv name=com.android.bluetooth.a2dp.A2dpSinkService
12-12 00:57:17.699 14648 14682 D BtSettings.ProfileConfig: getProfileSaveSetting: com.android.bluetooth.a2dp.A2dpSinkService
12-12 00:57:17.699 14648 14682 W BluetoothAdapterService: Profile supported, But not enabled com.android.bluetooth.a2dp.A2dpSinkService
12-12 00:57:17.699 14648 14682 W BluetoothAdapterService: check For Quiet mode profile 10 RadioCount =0 srv name=com.android.bluetooth.sapclient.SapClientService
12-12 00:57:17.699 14648 14682 D BtSettings.ProfileConfig: getProfileSaveSetting: com.android.bluetooth.sapclient.SapClientService
12-12 00:57:17.699  2841  2868 D SensorService: [SO] -0.180 0.007 9.969
12-12 00:57:17.699 14648 14682 W BluetoothAdapterService: Profile supported, But not enabled com.android.bluetooth.sapclient.SapClientService
12-12 00:57:17.699 14648 14682 W BluetoothAdapterService: check For Quiet mode profile 10 RadioCount =0 srv name=com.android.bluetooth.hid.HidDevService
12-12 00:57:17.699 14648 14682 D BtSettings.ProfileConfig: getProfileSaveSetting: com.android.bluetooth.hid.HidDevService
12-12 00:57:17.704 14648 14682 W BluetoothAdapterService: Profile supported, But not enabled com.android.bluetooth.hid.HidDevService
12-12 00:57:17.704 14648 14682 D BluetoothAdapterState: Stopping profile services that were post enabled
12-12 00:57:17.704 14648 14648 D A2dpService: Received stop request...Stopping profile...
12-12 00:57:17.709 14648 14721 D A2dpStateMachine: Exit Disconnected: -1
12-12 00:57:17.724  2841  2841 D BluetoothHeadset: unRegisterMessageListener : 11, false
12-12 00:57:17.724  2841  2841 W BluetoothHeadset: Proxy not attached to service
12-12 00:57:17.729  2841  2841 I Telecom : BluetoothManager : unregister MessageListener
12-12 00:57:17.729  2841  2841 D AudioService: onServiceDisconnected: Bluetooth profile: 1
12-12 00:57:17.734 14648 14648 D A2dpService: onProfileServiceStateChanged() mAdapterService is not null
12-12 00:57:17.734 14648 14648 E BluetoothAdapterService(532129949): onProfileServiceStateChanged() serviceName=com.android.bluetooth.a2dp.A2dpService, state=10, Message sending
12-12 00:57:17.734  2841  2841 D BluetoothA2dp: Proxy object disconnected
12-12 00:57:17.734  2841  2841 D AudioService: onServiceDisconnected: Bluetooth profile: 2
12-12 00:57:17.734 19917 19917 I art     : Rejecting re-init on previously-failed class java.lang.Class<com.google.android.gms.org.conscrypt.DelegatingExtendedSSLSession>
12-12 00:57:17.739 19917 19917 I art     : Rejecting re-init on previously-failed class java.lang.Class<com.google.android.gms.org.conscrypt.DelegatingExtendedSSLSession>
12-12 00:57:17.739 14648 14648 D HidService: Received stop request...Stopping profile...
12-12 00:57:17.739 14648 14648 D HidService: Stopping Bluetooth HidService
12-12 00:57:17.739 14648 14648 W BluetoothHidServiceJni: Cleaning up Bluetooth HID Interface...
12-12 00:57:17.739 14648 14648 W bt-btif : cleanup: HH disabling or disabled already, status = 0
12-12 00:57:17.739 14648 14648 W BluetoothHidServiceJni: Cleaning up Bluetooth GID callback object
12-12 00:57:17.739 14648 14648 D HidService: onProfileServiceStateChanged() mAdapterService is not null
12-12 00:57:17.739 14648 14648 E BluetoothAdapterService(532129949): onProfileServiceStateChanged() serviceName=com.android.bluetooth.hid.HidService, state=10, Message sending
12-12 00:57:17.739 19917 19917 I art     : Rejecting re-init on previously-failed class java.lang.Class<com.google.android.gms.org.conscrypt.DelegatingExtendedSSLSession>
12-12 00:57:17.739 14648 14648 E BluetoothAdapterService(532129949): handleMessage() - Message: 1
12-12 00:57:17.739 14648 14648 E BluetoothAdapterService(532129949): processProfileServiceStateChanged() serviceName=com.android.bluetooth.gatt.GattService, state=10, Before synchronized
12-12 00:57:17.739 14648 14648 E BluetoothAdapterService(532129949): processProfileServiceStateChanged() serviceName=com.android.bluetooth.gatt.GattService, state=10, doUpdate=false
12-12 00:57:17.744 14648 14648 D HealthService: Received stop request...Stopping profile...
12-12 00:57:17.744 14648 14648 D HealthService: onProfileServiceStateChanged() mAdapterService is not null
12-12 00:57:17.744 14648 14648 E BluetoothAdapterService(532129949): onProfileServiceStateChanged() serviceName=com.android.bluetooth.hdp.HealthService, state=10, Message sending
12-12 00:57:17.744 14648 14648 D PanService: Received stop request...Stopping profile...
12-12 00:57:17.749 19687 19962 W System.err: remove failed: ENOENT (No such file or directory) : /data/data/com.android.settings/shared_prefs/dock_settings.xml.bak
12-12 00:57:17.749 14648 14648 D PanService: onProfileServiceStateChanged() mAdapterService is not null
12-12 00:57:17.749 14648 14648 E BluetoothAdapterService(532129949): onProfileServiceStateChanged() serviceName=com.android.bluetooth.pan.PanService, state=10, Message sending
12-12 00:57:17.754  2841  2841 D BluetoothPan: BluetoothPAN Proxy object disconnected
12-12 00:57:17.754 14648 14648 E BluetoothAdapterService(532129949): handleMessage() - Message: 1
12-12 00:57:17.754 14648 14648 E BluetoothAdapterService(532129949): processProfileServiceStateChanged() serviceName=com.android.bluetooth.hfp.HeadsetService, state=10, Before synchronized
12-12 00:57:17.754 14648 14648 E BluetoothAdapterService(532129949): processProfileServiceStateChanged() serviceName=com.android.bluetooth.hfp.HeadsetService, state=10, doUpdate=true
12-12 00:57:17.754 14648 14648 D BtSettings.ProfileConfig: getProfileSaveSetting: com.android.bluetooth.hid.HidService
12-12 00:57:17.754 14648 14648 D BluetoothAdapterService: Profile still running: com.android.bluetooth.hid.HidService
12-12 00:57:17.754 19687 19687 D BluetoothPan: BluetoothPAN Proxy object connected
12-12 00:57:17.754 13507 13507 D BluetoothPan: BluetoothPAN Proxy object disconnected
12-12 00:57:17.754 14648 14648 D BluetoothMapService: Received stop request...Stopping profile...
12-12 00:57:17.754 19687 19687 D PanProfile: Bluetooth service connected
12-12 00:57:17.759  2156  2292 I display : [PrimaryDisplay] [DYNAMIC_RECOMP] GLES_2_HWC by high FPS(6)
12-12 00:57:17.759 19687 19687 D BluetoothPan: BluetoothPAN Proxy object disconnected
12-12 00:57:17.759 19687 19687 D PanProfile: Bluetooth service disconnected
12-12 00:57:17.759 14648 14648 D BluetoothMapService: onProfileServiceStateChanged() mAdapterService is not null
12-12 00:57:17.759 14648 14648 E BluetoothAdapterService(532129949): onProfileServiceStateChanged() serviceName=com.android.bluetooth.map.BluetoothMapService, state=10, Message sending
12-12 00:57:17.769 14648 14648 W BluetoothHeadsetServiceJni: Cleaning up Bluetooth Handsfree Interface...
12-12 00:57:17.769 14648 14648 W BluetoothHeadsetServiceJni: Cleaning up Bluetooth Handsfree callback object
12-12 00:57:17.769 14648 14648 E BluetoothAdapterService(532129949): handleMessage() - Message: 1
12-12 00:57:17.769 14648 14648 E BluetoothAdapterService(532129949): processProfileServiceStateChanged() serviceName=com.android.bluetooth.a2dp.A2dpService, state=10, Before synchronized
12-12 00:57:17.769 14648 14648 E BluetoothAdapterService(532129949): processProfileServiceStateChanged() serviceName=com.android.bluetooth.a2dp.A2dpService, state=10, doUpdate=true
12-12 00:57:17.769 14648 14648 D BtSettings.ProfileConfig: getProfileSaveSetting: com.android.bluetooth.hid.HidService
12-12 00:57:17.769 14648 14648 D BluetoothAdapterService: Profile still running: com.android.bluetooth.hid.HidService
12-12 00:57:17.769 14648 14648 D BluetoothA2dp: Proxy object disconnected
12-12 00:57:17.769 14648 14648 D BluetoothAdapterService: Bluetooth A2dp source service disconnected
12-12 00:57:17.769 14648 14722 I GKI_LINUX: gki_task task_id=2 [A2DP-MEDIA] terminating
12-12 00:57:17.769 14648 14648 I GKI_LINUX: GKI_exit_task 2 done
12-12 00:57:17.769 14648 14648 I GKI_LINUX: GKI_shutdown(): task [A2DP-MEDIA] terminated
12-12 00:57:17.769 14648 14648 E BluetoothAdapterService(532129949): handleMessage() - Message: 1
12-12 00:57:17.769 14648 14648 E BluetoothAdapterService(532129949): processProfileServiceStateChanged() serviceName=com.android.bluetooth.hid.HidService, state=10, Before synchronized
12-12 00:57:17.769 14648 14648 E BluetoothAdapterService(532129949): processProfileServiceStateChanged() serviceName=com.android.bluetooth.hid.HidService, state=10, doUpdate=true
12-12 00:57:17.769 14648 14648 D BtSettings.ProfileConfig: getProfileSaveSetting: com.android.bluetooth.hdp.HealthService
12-12 00:57:17.769 14648 14648 D BluetoothAdapterService: Profile still running: com.android.bluetooth.hdp.HealthService
12-12 00:57:17.774 14648 14648 E BluetoothAdapterService(532129949): handleMessage() - Message: 1
12-12 00:57:17.774 14648 14648 E BluetoothAdapterService(532129949): processProfileServiceStateChanged() serviceName=com.android.bluetooth.hdp.HealthService, state=10, Before synchronized
12-12 00:57:17.774 14648 14648 E BluetoothAdapterService(532129949): processProfileServiceStateChanged() serviceName=com.android.bluetooth.hdp.HealthService, state=10, doUpdate=true
12-12 00:57:17.774 14648 14648 D BtSettings.ProfileConfig: getProfileSaveSetting: com.android.bluetooth.pan.PanService
12-12 00:57:17.774 14648 14648 D BluetoothAdapterService: Profile still running: com.android.bluetooth.pan.PanService
12-12 00:57:17.774 14648 14648 W BluetoothHealthServiceJni: Cleaning up Bluetooth Health Interface...
12-12 00:57:17.774 14648 14648 W BluetoothHealthServiceJni: Cleaning up Bluetooth Health object
12-12 00:57:17.774 14648 14648 E BluetoothAdapterService(532129949): handleMessage() - Message: 1
12-12 00:57:17.774 14648 14648 E BluetoothAdapterService(532129949): processProfileServiceStateChanged() serviceName=com.android.bluetooth.pan.PanService, state=10, Before synchronized
12-12 00:57:17.774 14648 14648 E BluetoothAdapterService(532129949): processProfileServiceStateChanged() serviceName=com.android.bluetooth.pan.PanService, state=10, doUpdate=true
12-12 00:57:17.774 14648 14648 D BtSettings.ProfileConfig: getProfileSaveSetting: com.android.bluetooth.map.BluetoothMapService
12-12 00:57:17.774 14648 14648 D BluetoothAdapterService: Profile still running: com.android.bluetooth.map.BluetoothMapService
12-12 00:57:17.774 14648 14648 W BluetoothPanServiceJni: Cleaning up Bluetooth PAN Interface...
12-12 00:57:17.774 14648 14648 W BluetoothPanServiceJni: Cleaning up Bluetooth PAN callback object
12-12 00:57:17.779 14648 14648 E BluetoothAdapterService(532129949): handleMessage() - Message: 1
12-12 00:57:17.779 14648 14648 E BluetoothAdapterService(532129949): processProfileServiceStateChanged() serviceName=com.android.bluetooth.map.BluetoothMapService, state=10, Before synchronized
12-12 00:57:17.779 14648 14648 E BluetoothAdapterService(532129949): processProfileServiceStateChanged() serviceName=com.android.bluetooth.map.BluetoothMapService, state=10, doUpdate=true
12-12 00:57:17.804  2841  2870 D ActivityManager:  getDeferredInfo final delay 1580
12-12 00:57:17.804 14648 14682 D BluetoothAdapterState: CURRENT_STATE=PENDING,MSG = STOPPED, isTurningOn=false, isTurningOff=true
12-12 00:57:17.804 14648 14682 D BluetoothAdapterProperties: Setting state to 10
12-12 00:57:17.804 14648 14682 I BluetoothAdapterState: Bluetooth adapter state changed: 13-> 10
12-12 00:57:17.804 14648 14682 D BluetoothAdapterService: Bluetooth PBAP supproted is true
12-12 00:57:17.804 14648 14682 D BluetoothAdapterService: updateAdapterState state is 10
12-12 00:57:17.804 14648 14682 D BluetoothAdapterService: Autoconnection is available 
12-12 00:57:17.804 14648 14682 D BluetoothAdapterService: updateAdapterState prevState = 13newState = 10
12-12 00:57:17.804 14648 14682 I BluetoothAdapterState: Entering OffState
12-12 00:57:17.809 19687 19700 D Bluetoothsap: onBluetoothStateChange: up=false
12-12 00:57:17.809 19687 19700 D Bluetoothsap: Unbinding service...
12-12 00:57:17.809 14648 14658 D BluetoothAdapter: onBluetoothStateChange: up=false
12-12 00:57:17.809 14648 14658 D BluetoothAdapter: Bluetooth is turned off, stop adv and scan
12-12 00:57:17.809 14648 14656 D BluetoothA2dp: onBluetoothStateChange: up=false
12-12 00:57:17.809  2841  2874 D BluetoothA2dp: onBluetoothStateChange: up=false
12-12 00:57:17.809  2841  2874 D BluetoothAdapter: onBluetoothStateChange: up=false
12-12 00:57:17.809  2841  2874 D BluetoothAdapter: Bluetooth is turned off, stop adv and scan
12-12 00:57:17.814  2993  3493 D BluetoothAdapter: onBluetoothStateChange: up=false
12-12 00:57:17.814  2993  3493 D BluetoothAdapter: Bluetooth is turned off, stop adv and scan
12-12 00:57:17.814 13605 13615 D BluetoothAdapter: onBluetoothStateChange: up=false
12-12 00:57:17.814 13605 13615 D BluetoothAdapter: Bluetooth is turned off, stop adv and scan
12-12 00:57:17.814  3241  3822 D BluetoothAdapter: onBluetoothStateChange: up=false
12-12 00:57:17.814  3241  3822 D BluetoothAdapter: Bluetooth is turned off, stop adv and scan
12-12 00:57:17.814 19687 19700 D BluetoothAdapter: onBluetoothStateChange: up=false
12-12 00:57:17.814 19687 19700 D BluetoothAdapter: Bluetooth is turned off, stop adv and scan
12-12 00:57:17.814 14100 14165 D BluetoothAdapter: onBluetoothStateChange: up=false
12-12 00:57:17.814 14100 14165 D BluetoothAdapter: Bluetooth is turned off, stop adv and scan
12-12 00:57:17.814 14100 14165 D BluetoothLeScanner: stopAllScan standalone boolean is value is = false
12-12 00:57:17.819 14648 14803 E BtGatt.GattService: getService() - Service requested, but not available!
12-12 00:57:17.819 14648 14658 E BtGatt.GattService: getService() - Service requested, but not available!
12-12 00:57:17.819 14100 14165 D BluetoothLeScanner: Exiting stopAllScan
12-12 00:57:17.819 13507 13520 D BluetoothAdapter: onBluetoothStateChange: up=false
12-12 00:57:17.819 13507 13520 D BluetoothAdapter: Bluetooth is turned off, stop adv and scan
12-12 00:57:17.824  2841  2874 D BluetoothManagerService: Broadcasting onBluetoothServiceDown() to 8 receivers.
12-12 00:57:17.824  2841  2874 D BluetoothManagerService: Broadcasting onBluetoothServiceUp() to 0 receivers.
12-12 00:57:17.829  2841  2841 W InputMethodManagerService: InputMethodService onReceive() intentActionandroid.bluetooth.adapter.action.STATE_CHANGED
12-12 00:57:17.829  2841  2841 I InputMethodManagerService: [BT Setting State] State =10
12-12 00:57:17.829  2841  2841 I InputMethodManagerService: [BT Setting on -> off] mBTKeyboardCount =0, KEYBOARD_BT(0)
12-12 00:57:17.834 14648 14686 I GKI_LINUX: gki_task task_id=1 [BTIF] terminating
12-12 00:57:17.834 19917 19917 I ProviderInstaller: Installed default security provider GmsCore_OpenSSL
12-12 00:57:17.834 14648 14648 I GKI_LINUX: GKI_exit_task 1 done
12-12 00:57:17.834 14648 14648 I GKI_LINUX: GKI_shutdown(): task [BTIF] terminated
12-12 00:57:17.834 14648 14648 I BluetoothServiceJni: cleanupNative: return from cleanup
12-12 00:57:17.834  2993  2993 D BluetoothAdapter: 358085081: getState() :  mService = null. Returning STATE_OFF
12-12 00:57:17.834  2993  2993 D BluetoothAdapter: 358085081: getState() :  mService = null. Returning STATE_OFF
12-12 00:57:17.834  2993  2993 D BluetoothAdapter: 358085081: getState() :  mService = null. Returning STATE_OFF
12-12 00:57:17.839  2841  3266 D StatusBarManagerService: setIcon slot=bluetooth index=16 icon=StatusBarIcon(pkg=com.android.systemuiuser=0 id=0x7f0203ca level=0 visible=true num=0 )
12-12 00:57:17.839  2841  3601 D StatusBarManagerService: setIconVisibility slot=bluetooth visible=false
12-12 00:57:17.839  2993  2993 D PhoneStatusBar: updateIcon slot=bluetooth index=16 viewIndex=2 old=StatusBarIcon(pkg=com.android.systemuiuser=0 id=0x7f0203ca level=0 visible=false num=0 ) icon=StatusBarIcon(pkg=com.android.systemuiuser=0 id=0x7f0203ca level=0 visible=false num=0 )
12-12 00:57:17.839  2993  2993 D BluetoothTile:  getBluetoothState : 10
12-12 00:57:17.839  2993  2993 D BluetoothTile: onReceive : android.bluetooth.adapter.action.STATE_CHANGED
12-12 00:57:17.839  2841  2841 D KnoxKeyguardUpdateMonitor: BroadcastReceiver onReceive
12-12 00:57:17.839  2841  2841 D KnoxKeyguardUpdateMonitor: BroadcastReceiver onReceive action: android.bluetooth.adapter.action.STATE_CHANGED
12-12 00:57:17.839  2841  2841 D KnoxKeyguardUpdateMonitor: BroadcastReceiver onReceive BT state is changed
12-12 00:57:17.839  3423  3423 I SamsungIME: STATE_CHANGED = 10, KEYBOARD_BT(0), mBTKeyboardCount =0
12-12 00:57:17.839  2993  3818 D BluetoothAdapter: 358085081: getState() :  mService = null. Returning STATE_OFF
12-12 00:57:17.839 14648 14648 I art     : System.exit called, status: 0
12-12 00:57:17.839 14100 14100 D BluetoothAdapter: 246337485: getState() :  mService = null. Returning STATE_OFF
12-12 00:57:17.839 14648 14648 I AndroidRuntime: VM exiting with result code 0, cleanup skipped.
12-12 00:57:17.844 19687 19687 V BluetoothEventManager: onReceive :: android.bluetooth.adapter.action.STATE_CHANGED
12-12 00:57:17.844  2841  2870 V BroadcastQueue: [background] Process cur broadcast BroadcastRecord{af9d28c u-1 android.bluetooth.adapter.action.STATE_CHANGED} DELIVERED for app ProcessRecord{23b20c79 19687:com.android.settings/1000}
12-12 00:57:17.849 14100 14100 I BeaconBle: Nearby requested to stop scan
12-12 00:57:17.849 19687 19687 D BluetoothEventManager: AdapterStateChangedHandler :: BluetoothAdapter.ACTION_STATE_CHANGED, state = 10
12-12 00:57:17.859  2156  2292 I display : [PrimaryDisplay] [DYNAMIC_RECOMP] HWC_2_GLES by low FPS(0)
12-12 00:57:17.859 19687 19687 W ContextImpl: Calling a method in the system process without a qualified user: android.app.ContextImpl.startService:2112 android.content.ContextWrapper.startService:534 android.content.ContextWrapper.startService:534 com.android.settings.bluetooth.DockEventReceiver.beginStartingService:136 com.android.settings.bluetooth.DockEventReceiver.onReceive:115 
12-12 00:57:17.859  2841  3104 D ActivityManager: startService callerProcessName:com.android.settings, calleePkgName: com.android.settings
12-12 00:57:17.869  2841  2858 V BroadcastQueue: [background] Process cur broadcast BroadcastRecord{af9d28c u-1 android.bluetooth.adapter.action.STATE_CHANGED} DELIVERED for app ProcessRecord{21fcd7ab 2993:com.android.systemui/u0a40}
12-12 00:57:17.869  2993  2993 V BluetoothStatusReceiver: Received android.bluetooth.adapter.action.STATE_CHANGED
12-12 00:57:17.869  2993  2993 D BluetoothStatusReceiver: AdapterStateChanged :: BluetoothAdapter.ACTION_STATE_CHANGED, state = 10
12-12 00:57:17.869  2841  3591 E JavaBinder: !!! FAILED BINDER TRANSACTION !!!
12-12 00:57:17.874 14100 14113 I art     : WaitForGcToComplete blocked for 11.520ms for cause Background
12-12 00:57:17.874 14100 14349 D BluetoothAdapter: 246337485: getState() :  mService = null. Returning STATE_OFF
12-12 00:57:17.874 14100 14349 D BluetoothAdapter: 246337485: getState() :  mService = null. Returning STATE_OFF
12-12 00:57:17.879 19917 19917 D Babel   : Idle: Shutdown runnable posted in release with a delay of 5000 ms.
12-12 00:57:17.884  2841  3591 E JavaBinder: !!! FAILED BINDER TRANSACTION !!!
12-12 00:57:17.894  2841  3591 W BroadcastQueue: Exception when sending broadcast to ComponentInfo{com.android.bluetooth/com.android.bluetooth.opp.BluetoothOppReceiver}
12-12 00:57:17.894  2841  3591 W BroadcastQueue: android.os.TransactionTooLargeException
12-12 00:57:17.894  2841  3591 W BroadcastQueue: 	at android.os.BinderProxy.transactNative(Native Method)
12-12 00:57:17.894  2841  3591 W BroadcastQueue: 	at android.os.BinderProxy.transact(Binder.java:496)
12-12 00:57:17.894  2841  3591 W BroadcastQueue: 	at android.app.ApplicationThreadProxy.scheduleReceiver(ApplicationThreadNative.java:1123)
12-12 00:57:17.894  2841  3591 W BroadcastQueue: 	at com.android.server.am.BroadcastQueue.processCurBroadcastLocked(BroadcastQueue.java:406)
12-12 00:57:17.894  2841  3591 W BroadcastQueue: 	at com.android.server.am.BroadcastQueue.processNextBroadcast(BroadcastQueue.java:1524)
12-12 00:57:17.894  2841  3591 W BroadcastQueue: 	at com.android.server.am.ActivityManagerService.finishReceiver(ActivityManagerService.java:22326)
12-12 00:57:17.894  2841  3591 W BroadcastQueue: 	at android.app.ActivityManagerNative.onTransact(ActivityManagerNative.java:475)
12-12 00:57:17.894  2841  3591 W BroadcastQueue: 	at com.android.server.am.ActivityManagerService.onTransact(ActivityManagerService.java:3365)
12-12 00:57:17.894  2841  3591 W BroadcastQueue: 	at android.os.Binder.execTransact(Binder.java:446)
12-12 00:57:17.894  2841  3591 D ActivityManager: startProcessLocked calleePkgName: com.android.bluetooth, hostingType: broadcast-3
