12-12 00:57:06.434  2841  3595 I ActivityManager: Start proc 19271:com.google.android.apps.docs/u0a73 for content provider com.google.android.apps.docs/.storagebackend.StorageBackendContentProvider
12-12 00:57:06.434  2841  2858 D ActivityManager: startService callerProcessName:com.samsung.android.asksmanager, calleePkgName: com.samsung.android.asksmanager
12-12 00:57:06.439  2841  3274 D ActivityManager: startProcessLocked calleePkgName: com.samsung.android.sm, hostingType: broadcast-3
12-12 00:57:06.454 19286 19286 E Zygote  : MountEmulatedStorage()
12-12 00:57:06.454 19286 19286 E Zygote  : v2
12-12 00:57:06.454 19286 19286 I libpersona: KNOX_SDCARD checking this for 1000
12-12 00:57:06.454 19286 19286 I libpersona: KNOX_SDCARD not a persona
12-12 00:57:06.454 19286 19286 I SELinux : Function: selinux_compare_spd_ram , priority [2] , priority version is VE=SEPF_SM-J200G_5.1.1_0071
12-12 00:57:06.454 19271 19271 D TimaKeyStoreProvider: TimaSignature is unavailable
12-12 00:57:06.459 19271 19271 D ActivityThread: Added TimaKeyStore provider
12-12 00:57:06.459  2841  3274 I ActivityManager: Start proc 19286:com.samsung.android.sm/1000 for broadcast-3 com.samsung.android.sm/.ui.security.NotificationReceiver
12-12 00:57:06.459 19286 19286 E Zygote  : accessInfo : 0
12-12 00:57:06.464 19286 19286 E SELinux : [DEBUG] get_category: variable seinfo: platform sensitivity: NULL, cateogry: NULL
12-12 00:57:06.464  2841  3594 I ActivityManager: Killing 19033:com.sec.android.app.popupuireceiver/1000 (adj 15): DHA:empty #13
12-12 00:57:06.469  2841  3601 I ActivityManager: Killing 19076:com.sec.android.app.themechooser/u0a106 (adj 15): DHA:empty #13
12-12 00:57:06.484 19286 19286 D TimaKeyStoreProvider: TimaSignature is unavailable
12-12 00:57:06.484 19286 19286 D ActivityThread: Added TimaKeyStore provider
12-12 00:57:06.489  2841  3266 V BroadcastQueue: [background] Process cur broadcast BroadcastRecord{f8ee585 u0 com.samsung.android.sm.security.service.ACTION_THREAT_PACKAGE_REMOVED} DELIVERED for app ProcessRecord{33a46fda 19286:com.samsung.android.sm/1000}
12-12 00:57:06.504 19286 19286 W ResourcesManager: Asset path '/system/framework/twframework.jar' does not exist or contains no resources.
12-12 00:57:06.504  2841  3591 D ActivityManager: cleanUpApplicationRecord -- 19033
12-12 00:57:06.504  2841  3591 D ActivityManager: isAutoRunBlockedApp:: com.sec.android.app.popupuireceiver, Auto Run ON
12-12 00:57:06.519  2841  3601 D ActivityManager: cleanUpApplicationRecord -- 19076
12-12 00:57:06.519  2841  3601 D ActivityManager: isAutoRunBlockedApp:: com.sec.android.app.themechooser, Auto Run ON
12-12 00:57:06.529  2841  3594 W ActivityManager: getRunningAppProcesses: caller 10073 does not hold REAL_GET_TASKS; limiting output
12-12 00:57:06.534 19286 19286 W ContextImpl: Calling a method in the system process without a qualified user: android.app.ContextImpl.sendBroadcast:1747 android.content.ContextWrapper.sendBroadcast:392 com.samsung.android.sm.database.lowpowercontext.LowpowerContextProvider.onCreate:360 android.content.ContentProvider.attachInfo:1737 android.content.ContentProvider.attachInfo:1712 
12-12 00:57:06.559  2841  2858 W ActivityManager: getRunningAppProcesses: caller 10073 does not hold REAL_GET_TASKS; limiting output
12-12 00:57:06.574  2841  3593 I ActivityManager: Killing 19114:com.sec.enterprise.knox.cloudmdm.smdms/u0a110 (adj 15): DHA:empty #13
12-12 00:57:06.574  2841  3593 V BroadcastQueue: [background] Process cur broadcast BroadcastRecord{33b43c0b u0 android.intent.action.PACKAGE_RESTARTED} DELIVERED for app ProcessRecord{18385abd 2841:system/1000}
12-12 00:57:06.579  2841  2841 D ActivityManager: startProcessLocked calleePkgName: com.sec.android.app.soundalive, hostingType: broadcast-3
12-12 00:57:06.594 19303 19303 E Zygote  : MountEmulatedStorage()
12-12 00:57:06.594 19303 19303 I libpersona: KNOX_SDCARD checking this for 10039
12-12 00:57:06.594 19303 19303 E Zygote  : v2
12-12 00:57:06.594 19303 19303 I libpersona: KNOX_SDCARD not a persona
12-12 00:57:06.594 19303 19303 I SELinux : Function: selinux_compare_spd_ram , priority [2] , priority version is VE=SEPF_SM-J200G_5.1.1_0071
12-12 00:57:06.594 19303 19303 E Zygote  : accessInfo : 0
12-12 00:57:06.599 19303 19303 E SELinux : [DEBUG] get_category: variable seinfo: release sensitivity: NULL, cateogry: NULL
12-12 00:57:06.599  2841  2841 I ActivityManager: Start proc 19303:com.sec.android.app.soundalive/u0a39 for broadcast-3 com.sec.android.app.soundalive/.SAControlPanelReceiver
12-12 00:57:06.619 19303 19303 D TimaKeyStoreProvider: TimaSignature is unavailable
12-12 00:57:06.619 19303 19303 D ActivityThread: Added TimaKeyStore provider
12-12 00:57:06.624  2188  2188 I art     : Explicit concurrent mark sweep GC freed 8756(372KB) AllocSpace objects, 0(0B) LOS objects, 39% free, 3MB/5MB, paused 510us total 24.798ms
12-12 00:57:06.629  2841  2857 V BroadcastQueue: [background] Process cur broadcast BroadcastRecord{33b43c0b u0 android.intent.action.PACKAGE_RESTARTED} DELIVERED for app ProcessRecord{298b1ae8 19303:com.sec.android.app.soundalive/u0a39}
12-12 00:57:06.634  2841  3594 D ActivityManager: cleanUpApplicationRecord -- 19114
12-12 00:57:06.634  2841  3594 D ActivityManager: isAutoRunBlockedApp:: com.sec.enterprise.knox.cloudmdm.smdms, Auto Run ON
12-12 00:57:06.644  2188  2188 I art     : Explicit concurrent mark sweep GC freed 5(160B) AllocSpace objects, 0(0B) LOS objects, 39% free, 3MB/5MB, paused 555us total 18.612ms
12-12 00:57:06.659 19303 19303 D SAControlPanelReceiver: *****onReceive()*****
12-12 00:57:06.659 19303 19303 D SAControlPanelReceiver: Action: android.intent.action.PACKAGE_RESTARTED
12-12 00:57:06.659  2188  2188 I art     : Explicit concurrent mark sweep GC freed 5(160B) AllocSpace objects, 0(0B) LOS objects, 39% free, 3MB/5MB, paused 505us total 17.071ms
12-12 00:57:06.669  2841  3601 I ActivityManager: Killing 17602:com.google.process.gapps/u0a6 (adj 15): DHA:empty #13
12-12 00:57:06.679  2841  3600 W ActivityManager: getRunningAppProcesses: caller 10073 does not hold REAL_GET_TASKS; limiting output
12-12 00:57:06.714  2841  2934 D ActivityManager: cleanUpApplicationRecord -- 17602
12-12 00:57:06.714  2841  2934 D ActivityManager: isAutoRunBlockedApp:: com.google.android.gsf, Auto Run ON
12-12 00:57:06.884 19301 19301 D AndroidRuntime: >>>>>> START com.android.internal.os.RuntimeInit uid 2000 <<<<<<
12-12 00:57:06.889 19301 19301 D AndroidRuntime: CheckJNI is OFF
12-12 00:57:06.894 19301 19301 D AndroidRuntime: readGMSProperty: start
12-12 00:57:06.894 19301 19301 D AndroidRuntime: readGMSProperty: already setted!!
12-12 00:57:06.894 19301 19301 D AndroidRuntime: propertySet: couldn't set property (it is from app)
12-12 00:57:06.894 19301 19301 D AndroidRuntime: readGMSProperty: could not set the property(default)!!
12-12 00:57:06.894 19301 19301 D AndroidRuntime: readGMSProperty: end
12-12 00:57:06.894 19301 19301 D AndroidRuntime: addProductProperty: start
12-12 00:57:06.959 19271 19322 I GAv4    : Google Analytics 11.0.11 is starting up. To enable debug logging on a device run:
12-12 00:57:06.959 19271 19322 I GAv4    :   adb shell setprop log.tag.GAv4 DEBUG
12-12 00:57:06.959 19271 19322 I GAv4    :   adb logcat -s GAv4
12-12 00:57:07.004 19271 19330 W GAv4    : AnalyticsReceiver is not registered or is disabled. Register the receiver for reliable dispatching on non-Google Play devices. See http://goo.gl/8Rd3yj for instructions.
12-12 00:57:07.009 19271 19271 W FieldDefinition: Ignoring isIndexed constraint as field also has uniqueness constraint (on just this field, and therefore SQLite will have to create an index on that. For field: com.google.android.apps.docs.database.common.FieldDefinition$a@2bb19527
12-12 00:57:07.009 19271 19322 W CoreComponentFactoryImpl: RetainedComponent will not be retained if  djl does not inherit FragmentActivity and fulfill jpt contract.
12-12 00:57:07.024 19271 19330 W GAv4    : CampaignTrackingReceiver is not registered, not exported or is disabled. Installation campaign tracking is not possible. See http://goo.gl/8Rd3yj for instructions.
12-12 00:57:07.029 19271 19330 W GAv4    : AnalyticsService not registered in the app manifest. Hits might not be delivered reliably. See http://goo.gl/8Rd3yj for instructions.
12-12 00:57:07.049 19301 19301 E AffinityControl: AffinityControl: registerfunction enter
12-12 00:57:07.084 19301 19301 D AndroidRuntime: Calling main entry com.android.commands.pm.Pm
12-12 00:57:07.089  2841  3418 I ActivityManager: Force stopping com.example.snoopy appid=10209 user=0: clear data
12-12 00:57:07.094  2841  3418 I ActivityManager: Force stopping com.example.snoopy appid=10209 user=0: clear data
12-12 00:57:07.094  2841  3418 D PackageManager: START CLEAR APPLICATION USER DATA: observer{927547453}
12-12 00:57:07.094  2841  3418 D PackageManager: pkg{<packageName>}
12-12 00:57:07.094  2841  3418 D PackageManager: user{0}
12-12 00:57:07.099  2841  2977 D TaskPersister: removeObsoleteFile: deleting file=17_task.xml
12-12 00:57:07.099  2841  2882 D PackageManager: [MSG] CLEAR_APPLICATION_USER_DATA
12-12 00:57:07.134  2841  2870 V BroadcastQueue: [background] Process cur broadcast BroadcastRecord{32262183 u0 android.intent.action.PACKAGE_RESTARTED} DELIVERED for app ProcessRecord{18385abd 2841:system/1000}
12-12 00:57:07.139  2841  2882 D ActivityManager: bindService callerProcessName:android, calleePkgName: com.android.defcontainer, action: null
12-12 00:57:07.154 19336 19336 E Zygote  : MountEmulatedStorage()
12-12 00:57:07.154 19336 19336 E Zygote  : v2
12-12 00:57:07.154 19336 19336 I libpersona: KNOX_SDCARD checking this for 10002
12-12 00:57:07.154 19336 19336 I libpersona: KNOX_SDCARD not a persona
12-12 00:57:07.154 19336 19336 I SELinux : Function: selinux_compare_spd_ram , priority [2] , priority version is VE=SEPF_SM-J200G_5.1.1_0071
12-12 00:57:07.154 19336 19336 E Zygote  : accessInfo : 0
12-12 00:57:07.154 19336 19336 E SELinux : [DEBUG] get_category: variable seinfo: platform sensitivity: NULL, cateogry: NULL
12-12 00:57:07.159  2841  2882 I ActivityManager: Start proc 19336:com.android.defcontainer/u0a2 for service com.android.defcontainer/.DefaultContainerService
12-12 00:57:07.164 14100 14100 I GeofencerStateMachine: removeGeofences: removeRequest=RemoveGeofencingRequest[REMOVE_ALL packageName=com.example.snoopy]
12-12 00:57:07.169  2841  2841 V BroadcastQueue: [background] Process cur broadcast BroadcastRecord{32262183 u0 android.intent.action.PACKAGE_RESTARTED} DELIVERED for app ProcessRecord{298b1ae8 19303:com.sec.android.app.soundalive/u0a39}
12-12 00:57:07.169 19303 19303 D SAControlPanelReceiver: *****onReceive()*****
12-12 00:57:07.169 19303 19303 D SAControlPanelReceiver: Action: android.intent.action.PACKAGE_RESTARTED
12-12 00:57:07.174  2841  3274 V BroadcastQueue: [background] Process cur broadcast BroadcastRecord{398d0d7e u0 android.intent.action.PACKAGE_RESTARTED} DELIVERED for app ProcessRecord{18385abd 2841:system/1000}
12-12 00:57:07.179  2841  2841 V BroadcastQueue: [background] Process cur broadcast BroadcastRecord{398d0d7e u0 android.intent.action.PACKAGE_RESTARTED} DELIVERED for app ProcessRecord{298b1ae8 19303:com.sec.android.app.soundalive/u0a39}
12-12 00:57:07.184 19303 19303 D SAControlPanelReceiver: *****onReceive()*****
12-12 00:57:07.184 19303 19303 D SAControlPanelReceiver: Action: android.intent.action.PACKAGE_RESTARTED
12-12 00:57:07.189 19336 19336 D TimaKeyStoreProvider: TimaSignature is unavailable
12-12 00:57:07.189 19336 19336 D ActivityThread: Added TimaKeyStore provider
12-12 00:57:07.194  2841  3266 V BroadcastQueue: [background] Process cur broadcast BroadcastRecord{289f52df u0 android.intent.action.PACKAGE_DATA_CLEARED} DELIVERED for app ProcessRecord{dd6d2f0 4152:com.android.contacts/u0a14}
12-12 00:57:07.204  2841  3266 V BroadcastQueue: [background] Process cur broadcast BroadcastRecord{289f52df u0 android.intent.action.PACKAGE_DATA_CLEARED} DELIVERED for app ProcessRecord{f256bc5 19052:com.android.mms/u0a34}
12-12 00:57:07.209 19052 19052 D Mms/FreeMessageStatusReceiver: onReceive, action : android.intent.action.PACKAGE_DATA_CLEARED
12-12 00:57:07.214  2841  3594 D ActivityManager: startService callerProcessName:com.android.mms, calleePkgName: com.android.mms
12-12 00:57:07.219  2841  2858 V BroadcastQueue: [background] Process cur broadcast BroadcastRecord{289f52df u0 android.intent.action.PACKAGE_DATA_CLEARED} DELIVERED for app ProcessRecord{1b7f3e16 3392:com.google.android.googlequicksearchbox:search/u0a42}
12-12 00:57:07.224 19052 19353 D Mms/FreeMessageReceiverService: onHandleIntent, action : android.intent.action.PACKAGE_DATA_CLEARED
12-12 00:57:07.224 19052 19353 D Mms/FreeMessageReceiverService: onHandleIntent: ACTION_PACKAGE_DATA_CLEARED
12-12 00:57:07.229  2841  3591 V BroadcastQueue: [background] Process cur broadcast BroadcastRecord{289f52df u0 android.intent.action.PACKAGE_DATA_CLEARED} DELIVERED for app ProcessRecord{3948e591 19223:com.android.documentsui/u0a72}
12-12 00:57:07.234  2841  3596 D ActivityManager: startProcessLocked calleePkgName: com.google.android.apps.photos, hostingType: broadcast-3
12-12 00:57:07.254 19357 19357 E Zygote  : MountEmulatedStorage()
12-12 00:57:07.254 19357 19357 I libpersona: KNOX_SDCARD checking this for 10092
12-12 00:57:07.254 19357 19357 E Zygote  : v2
12-12 00:57:07.254 19357 19357 I libpersona: KNOX_SDCARD not a persona
12-12 00:57:07.254 19357 19357 I SELinux : Function: selinux_compare_spd_ram , priority [2] , priority version is VE=SEPF_SM-J200G_5.1.1_0071
12-12 00:57:07.259 19357 19357 E Zygote  : accessInfo : 0
12-12 00:57:07.259 19357 19357 E SELinux : [DEBUG] get_category: variable seinfo: untrusted sensitivity: NULL, cateogry: NULL
12-12 00:57:07.259  2841  3596 I ActivityManager: Start proc 19357:com.google.android.apps.photos/u0a92 for broadcast-3 com.google.android.apps.photos/com.google.android.libraries.social.mediastoresync.reset.impl.MediaStoreClearedReceiver
12-12 00:57:07.269  2841  2882 D PackageManager: result of install: true{927547453}
12-12 00:57:07.269  2841  2858 I ActivityManager: Killing 19154:com.android.settings/1000 (adj 15): DHA:empty #13
12-12 00:57:07.279 19301 19301 I art     : System.exit called, status: 0
12-12 00:57:07.279 19301 19301 I AndroidRuntime: VM exiting with result code 0.
12-12 00:57:07.284 19357 19357 D TimaKeyStoreProvider: TimaSignature is unavailable
12-12 00:57:07.289 19357 19357 D ActivityThread: Added TimaKeyStore provider
12-12 00:57:07.294  2841  3595 V BroadcastQueue: [background] Process cur broadcast BroadcastRecord{289f52df u0 android.intent.action.PACKAGE_DATA_CLEARED} DELIVERED for app ProcessRecord{1768838a 19357:com.google.android.apps.photos/u0a92}
12-12 00:57:07.314  2841  3600 W ActivityManager: getRunningAppProcesses: caller 10073 does not hold REAL_GET_TASKS; limiting output
12-12 00:57:07.339  2841  3266 D ActivityManager: cleanUpApplicationRecord -- 19154
12-12 00:57:07.339  2841  3266 D ActivityManager: isAutoRunBlockedApp:: com.android.settings, Auto Run ON
12-12 00:57:07.339  2841  3266 D ActivityManager: getContentProviderImpl callerProcessName:com.google.android.apps.docs, calleePkgName: com.google.android.gsf
12-12 00:57:07.354 19376 19376 E Zygote  : MountEmulatedStorage()
12-12 00:57:07.354 19376 19376 E Zygote  : v2
12-12 00:57:07.354 19376 19376 I libpersona: KNOX_SDCARD checking this for 10006
12-12 00:57:07.354 19376 19376 I libpersona: KNOX_SDCARD not a persona
12-12 00:57:07.354 19376 19376 I SELinux : Function: selinux_compare_spd_ram , priority [2] , priority version is VE=SEPF_SM-J200G_5.1.1_0071
12-12 00:57:07.359 19376 19376 E Zygote  : accessInfo : 0
12-12 00:57:07.359 19376 19376 E SELinux : [DEBUG] get_category: variable seinfo: untrusted sensitivity: NULL, cateogry: NULL
12-12 00:57:07.359  2841  3266 I ActivityManager: Start proc 19376:com.google.process.gapps/u0a6 for content provider com.google.android.gsf/.gservices.GservicesProvider
12-12 00:57:07.384 19376 19376 D TimaKeyStoreProvider: TimaSignature is unavailable
12-12 00:57:07.384 19376 19376 D ActivityThread: Added TimaKeyStore provider
12-12 00:57:07.394  2841  3591 I ActivityManager: Killing 19176:com.samsung.android.SettingsReceiver/1000 (adj 15): DHA:empty #13
12-12 00:57:07.429 19376 19376 I GservicesProvider: Gservices pushing to system: true; secure/global: true
12-12 00:57:07.459  2841  3591 D ActivityManager: cleanUpApplicationRecord -- 19176
12-12 00:57:07.459  2841  3591 D ActivityManager: isAutoRunBlockedApp:: com.samsung.android.SettingsReceiver, Auto Run ON
12-12 00:57:07.519 19223 19238 D Documents: Update found 6 roots in 1253ms
12-12 00:57:07.579 19223 19346 D Documents: Update found 6 roots in 397ms
12-12 00:57:07.584  2841  3589 D ActivityManager: startService callerProcessName:com.google.android.gms, calleePkgName: com.google.android.gms
12-12 00:57:07.584 19223 19392 D Documents: Update found 6 roots in 131ms
12-12 00:57:07.604  2841  3594 D ActivityManager: startService callerProcessName:com.google.android.gms, calleePkgName: com.google.android.gms
12-12 00:57:07.614 19223 19264 D Documents: Update found 6 roots in 1242ms
12-12 00:57:07.624  2841  2857 D ActivityManager: startService callerProcessName:com.google.android.gms, calleePkgName: com.google.android.gms
12-12 00:57:07.679 19376 19376 I GoogleHttpClient: GMS http client unavailable, use old client
12-12 00:57:07.689 19052 19052 I Mms/MmsApp:  start initViewCache mms
12-12 00:57:07.689 19052 19052 D Mms/ComposeMessageFragment: [start]    fillCache consume time = 1841.680423
12-12 00:57:07.689 19052 19052 D Mms/ComposeMessageFragment: fillCache, easy = false
12-12 00:57:07.694 19376 19376 I GoogleHttpClient: GMS http client unavailable, use old client
12-12 00:57:07.734  2841  2868 D SensorService: [SO] -0.176 -0.008 9.963
12-12 00:57:07.819 19052 19052 D AbsListView: Get MotionRecognitionManager
12-12 00:57:07.824 19052 19052 E MotionRecognitionManager: mSContextService = null
12-12 00:57:07.824 19052 19052 E MotionRecognitionManager: motionService = com.samsung.android.motion.IMotionRecognitionService$Stub$Proxy@76e69e9
12-12 00:57:07.824  2841  3523 D MotionRecognitionService:  ssp status : false
12-12 00:57:07.834 19052 19052 D Mms/ComposeMessageFragment: [end]    fillCache consume time = 144.359962
12-12 00:57:07.894 19394 19394 D AndroidRuntime: >>>>>> START com.android.internal.os.RuntimeInit uid 2000 <<<<<<
12-12 00:57:07.899 19394 19394 D AndroidRuntime: CheckJNI is OFF
12-12 00:57:07.904 19394 19394 D AndroidRuntime: readGMSProperty: start
12-12 00:57:07.904 19394 19394 D AndroidRuntime: readGMSProperty: already setted!!
12-12 00:57:07.904 19394 19394 D AndroidRuntime: propertySet: couldn't set property (it is from app)
12-12 00:57:07.904 19394 19394 D AndroidRuntime: readGMSProperty: could not set the property(default)!!
12-12 00:57:07.904 19394 19394 D AndroidRuntime: readGMSProperty: end
12-12 00:57:07.904 19394 19394 D AndroidRuntime: addProductProperty: start
12-12 00:57:08.044 19394 19394 E AffinityControl: AffinityControl: registerfunction enter
12-12 00:57:08.079 19394 19394 D AndroidRuntime: Calling main entry com.android.commands.pm.Pm
12-12 00:57:08.179 19394 19394 I art     : System.exit called, status: 0
12-12 00:57:08.179 19394 19394 I AndroidRuntime: VM exiting with result code 0.
12-12 00:57:08.399  2841  2858 D BatteryService: !@BatteryListener : batteryPropertiesChanged!
12-12 00:57:08.399  2841  2858 D BatteryService: level:100, scale:100, status:5, health:2, present:true, voltage: 4382, temperature: 255, technology: Li-ion, AC powered:false, USB powered:true, POGO powered:false, Wireless powered:false, icon:17303397, invalid charger:0
12-12 00:57:08.399  2841  2858 D BatteryService: online:4, current avg:-54, charge type:2, power sharing:false, high voltage charger:false, capacity:280000, current_now:-54
12-12 00:57:08.399  2841  2841 D BatteryService: Sending ACTION_BATTERY_CHANGED.
12-12 00:57:08.404  2841  2841 I MotionRecognitionService: Plugged
12-12 00:57:08.404  2841  2841 D MotionRecognitionService:   cableConnection= 1
12-12 00:57:08.404  2841  2841 D MotionRecognitionService: setPowerConnected | current backoffstate  = 0 , state =0
12-12 00:57:08.404  2841  2841 D MotionRecognitionService: skip setTransmitPower. 
12-12 00:57:08.409  2993  2993 D KeyguardUpdateMonitor: received broadcast android.intent.action.BATTERY_CHANGED
12-12 00:57:08.409  2993  2993 I PERF    : received broadcast android.intent.action.BATTERY_CHANGED
12-12 00:57:08.409  2993  2993 D KeyguardUpdateMonitor: handleBatteryUpdate
12-12 00:57:08.419  3377  3377 D CommonServiceConfiguration: getStringValueSetting
12-12 00:57:08.424  2993  2993 D BatteryMeterView: ACTION_BATTERY_CHANGED : level:100 status:5 health:2
12-12 00:57:08.424  3377  3377 D BatteryMonitor: new battery level: 100
12-12 00:57:08.429  2993  2993 D BatteryMeterView: ACTION_BATTERY_CHANGED : level:100 status:5 health:2
12-12 00:57:08.429  2993  2993 D BatteryMeterView: ACTION_BATTERY_CHANGED : level:100 status:5 health:2
12-12 00:57:08.429  2993  2993 D QSTile.TorchLightTile: ACTION_BATTERY_CHANGED - Level :: 100, Status :: 5
12-12 00:57:08.439 14648 14648 V HeadsetService: HeadsetService - Received Intent.ACTION_BATTERY_CHANGED
12-12 00:57:08.439 14648 14713 D HeadsetStateMachine: Disconnected process message: 10
12-12 00:57:08.759  2172  2322 D WVMDrmPlugIn: WVMDrmPlugin::onInitialize : 3558
12-12 00:57:08.759  2172  2322 D WVMDrmPlugIn: WVMDrmPlugin::onSetOnInfoListener : add 3558
12-12 00:57:08.804 19357 19357 W Primes  : Memory instrumentations are turned off.
12-12 00:57:08.809 19357 19357 W Primes  : Timer instrumentations are turned off.
12-12 00:57:08.814 19357 19357 W Primes  : Network monitoring is turned off.
12-12 00:57:08.814 19357 19357 W Primes  : Package metrics are turned off by default
12-12 00:57:08.844  2841  3104 I ActivityManager: Killing 19191:com.facebook.system/u0a50 (adj 15): DHA:empty #13
12-12 00:57:08.844  2841  3104 V BroadcastQueue: [background] Process cur broadcast BroadcastRecord{289f52df u0 android.intent.action.PACKAGE_DATA_CLEARED} DELIVERED for app ProcessRecord{314b7521 14100:com.google.android.gms.persistent/u0a6}
12-12 00:57:08.849  2841  3593 D ActivityManager: startService callerProcessName:com.google.android.gms, calleePkgName: com.google.android.gms
12-12 00:57:08.854  2841  3601 D ActivityManager: startService callerProcessName:com.google.android.gms, calleePkgName: com.google.android.gms
12-12 00:57:08.854  2841  3595 D ActivityManager: startService callerProcessName:com.google.android.gms, calleePkgName: com.google.android.gms
12-12 00:57:08.859 14141 18865 D Wear_Controller: Received broadcast action=android.intent.action.PACKAGE_DATA_CLEARED and uri=com.example.snoopy
12-12 00:57:08.859  2841  3274 D ActivityManager: startService callerProcessName:com.google.android.gms, calleePkgName: com.google.android.gms
12-12 00:57:08.864 14141 18867 I LocationSettingsChecker: Removing dialog suppression flag for package com.example.snoopy
12-12 00:57:08.869  2841  3523 D ActivityManager: startService callerProcessName:com.google.android.gms, calleePkgName: com.google.android.gms
12-12 00:57:08.869  2841  2934 D ActivityManager: startService callerProcessName:com.google.android.gms, calleePkgName: com.google.android.gms
12-12 00:57:08.874  2841  3600 D ActivityManager: startService callerProcessName:com.google.android.gms, calleePkgName: com.google.android.gms
12-12 00:57:08.884  2841  2858 D ActivityManager: startService callerProcessName:com.google.android.gms, calleePkgName: com.google.android.gms
12-12 00:57:08.884  2841  2857 D ActivityManager: startService callerProcessName:com.google.android.gms, calleePkgName: com.google.android.gms
12-12 00:57:08.894 14141 14247 I Icing   : doRemovePackageData com.example.snoopy
12-12 00:57:08.899  2841  3274 D ActivityManager: cleanUpApplicationRecord -- 19191
12-12 00:57:08.899  2841  3274 D ActivityManager: isAutoRunBlockedApp:: com.facebook.system, Auto Run ON
12-12 00:57:09.079 19419 19419 D AndroidRuntime: >>>>>> START com.android.internal.os.RuntimeInit uid 2000 <<<<<<
12-12 00:57:09.079 19419 19419 D AndroidRuntime: CheckJNI is OFF
12-12 00:57:09.084 19419 19419 D AndroidRuntime: readGMSProperty: start
12-12 00:57:09.084 19419 19419 D AndroidRuntime: readGMSProperty: already setted!!
12-12 00:57:09.084 19419 19419 D AndroidRuntime: propertySet: couldn't set property (it is from app)
12-12 00:57:09.084 19419 19419 D AndroidRuntime: readGMSProperty: could not set the property(default)!!
12-12 00:57:09.084 19419 19419 D AndroidRuntime: readGMSProperty: end
12-12 00:57:09.084 19419 19419 D AndroidRuntime: addProductProperty: start
12-12 00:57:09.214 19419 19419 E AffinityControl: AffinityControl: registerfunction enter
12-12 00:57:09.244 19419 19419 D AndroidRuntime: Calling main entry com.android.commands.pm.Pm
12-12 00:57:09.254  2841  3594 D PackageManager: START PACKAGE DELETE: observer{245828433}
12-12 00:57:09.254  2841  3594 D PackageManager: pkg{<packageName>}
12-12 00:57:09.254  2841  3594 D PackageManager: user{0}
12-12 00:57:09.254  2841  3594 D PackageManager: caller{2000}
12-12 00:57:09.254  2841  3594 D PackageManager: flags{2}
12-12 00:57:09.254  2841  3594 D PersonaManagerService: isFromApprovedUnInstaller: uid, userId, appid : 2000 0 2000
12-12 00:57:09.254  2841  3594 D PersonaManagerService: isFromApprovedUnInstaller: isApproved : true
12-12 00:57:09.254  2841  3594 D PersonaManagerService: isFromApprovedUnInstaller: isApproved before exit: true
12-12 00:57:09.254  2841  3594 D PackageManager: deletePackageAsUser- pkg:com.example.snoopy, userId:0, flag2
12-12 00:57:09.254  2841  2882 D PackageManager: [MSG] DELETE_PACKAGE_AS_USER
12-12 00:57:09.254  2841  3594 D PackageManager: deletePackageAsUser- pkg:com.example.snoopy, userId:0, flag2
12-12 00:57:09.254  2841  2882 D PackageManagerService: deletePackage- pkg:com.example.snoopy, edmuserId:0
12-12 00:57:09.254  2841  2882 D PackageManagerService: deletePackage- pkg:com.example.snoopy, edmuserId:-1
12-12 00:57:09.254  2841  2882 D ApplicationPolicy: getApplicationUninstallationEnabled
12-12 00:57:09.254  2841  2882 D ApplicationPolicy: getApplicationUninstallationEnabled :  enabled true
12-12 00:57:09.254  2841  2882 I PackageManager: !@  calling am.removeDeletedPkgsFromLru from PMS
12-12 00:57:09.254  2841  2882 D ActivityManager: removeDeletedPkgsFromLruStats called in AMS...com.example.snoopy
12-12 00:57:09.254  2841  2882 D PackageManager: !@killApplicatoin: 10209, uninstall pkg
12-12 00:57:09.254  2841  2882 I PackageManager: !@  calling am.removeDeletedPkgsFromLru from PMS
12-12 00:57:09.254  2841  2870 I ActivityManager: Force stopping com.example.snoopy appid=10209 user=-1: uninstall pkg
12-12 00:57:09.254  2841  2882 D ActivityManager: removeDeletedPkgsFromLruStats called in AMS...com.example.snoopy
12-12 00:57:09.259  2841  2882 I PackageManager: Removing old permission: com.example.snoopy.permission.C2D_MESSAGE from package com.example.snoopy
12-12 00:57:09.264  2841  2882 D AASAinstall: there is not AASApackages.xml file
12-12 00:57:09.279  2841  2882 D EnterpriseDeviceManagerService: updateAdminPermissions
12-12 00:57:09.339  2841  2882 W System.err: remove failed: ENOENT (No such file or directory) : /data/system/packages.xml.bak
12-12 00:57:09.369  2841  2882 W System.err: remove failed: ENOENT (No such file or directory) : /data/system/users/0/package-restrictions.xml.bak
12-12 00:57:09.369  2841  2882 I ActivityManager: Force stopping com.example.snoopy appid=10209 user=0: pkg removed
12-12 00:57:09.419 13507 13507 I art     : Explicit marksweep + semispace GC freed 29893(1572KB) AllocSpace objects, 1(16KB) LOS objects, 33% free, 3MB/5MB, paused 24.437ms total 25.012ms
12-12 00:57:09.424  3258  3258 I art     : Explicit concurrent mark sweep GC freed 1443(97KB) AllocSpace objects, 3(200KB) LOS objects, 25% free, 10MB/13MB, paused 903us total 49.604ms
12-12 00:57:09.434  3377  3509 D PresenceModule: onReceive: package removed
12-12 00:57:09.434  3377  3509 D PresenceModule: handleMessage: msg 50, Last Publish Info: null
12-12 00:57:09.434  3377  3509 D PresenceModule: Application package removed
12-12 00:57:09.434  3377  3509 D PresenceModule: onAppPkgRemoved: com.example.snoopy
12-12 00:57:09.434  3377  3509 D PresenceModule: onApplicationPackageRemoved: invalid package
12-12 00:57:09.439  3423  3423 E SamsungIME: mOCRHelper is null
12-12 00:57:09.444 14100 14100 I GeofencerStateMachine: removeGeofences: removeRequest=RemoveGeofencingRequest[REMOVE_ALL packageName=com.example.snoopy]
12-12 00:57:09.454  2841  2908 I InputReader: Reconfiguring input devices.  changes=0x00000010
12-12 00:57:09.454  2841  2841 D RCPManagerService: PackageReceiver onReceive()
12-12 00:57:09.454  2841  2870 V BroadcastQueue: [background] Process cur broadcast BroadcastRecord{2a4343af u0 android.intent.action.PACKAGE_REMOVED} DELIVERED for app ProcessRecord{37710ae0 5160:com.samsung.klmsagent/u0a13}
12-12 00:57:09.454  2841  2841 I HarmonyEASService: onReceive : android.intent.action.PACKAGE_REMOVED for 0
12-12 00:57:09.454  5160  5160 I KLMS-2.5.332: : KLMSAbstractReciever(): onReceive(): Intent { act=android.intent.action.PACKAGE_REMOVED dat=package:com.example.snoopy flg=0x4000010 cmp=com.samsung.klmsagent/.listner.MainReciver (has extras) } | timestamp: Tue Dec 12 00:57:09 GMT+00:00 2017
12-12 00:57:09.454  2841  2841 D KnoxMUMContainerPolicy: mPackageReceiver : action - android.intent.action.PACKAGE_REMOVED
12-12 00:57:09.454  2841  2841 I OTPFW   : PackageRemovalReceiver::onReceive Enter
12-12 00:57:09.454  2841  2841 D OTPFW   : PackageRemovalReceiver::onReceive deleting token for Pkg = com.example.snoopy uid = 10209 container id = 0
12-12 00:57:09.454  2841  2841 I OTPFW   : ProvisionData::getAllEntries Enter
12-12 00:57:09.459  2841  2841 E OTPFW   : ProvisionData::getAllEntries Table is empty
12-12 00:57:09.459  2841  3591 D ActivityManager: startService callerProcessName:com.samsung.klmsagent, calleePkgName: com.samsung.klmsagent
12-12 00:57:09.464  5160  5160 I KLMS-2.5.332: : KLMSAbstractReciever(): onReceive().END.
12-12 00:57:09.469  2841  3523 I splitIntent: Split this intent : android.intent.action.PACKAGE_REMOVED, mSplitNum[0]=10, mSplitNum[1]=18, mSplitNum[2]=25, mBgSplitQueueNum=3 divideNum= 8 r.nextReceiver= 1 receivers.size=34
12-12 00:57:09.469  2841  3523 I splitIntent: finish to split intent : android.intent.action.PACKAGE_REMOVED !! Enqueue -> schedule it!!
12-12 00:57:09.469  2841  3523 V BroadcastQueue: [background] Process cur broadcast BroadcastRecord{2a4343af u0 android.intent.action.PACKAGE_REMOVED} DELIVERED for app ProcessRecord{18385abd 2841:system/1000}
12-12 00:57:09.479  5160  5160 I KLMS-2.5.332: : KLMSIntentService(): onCreate()
12-12 00:57:09.479  5160  5160 I KLMS-2.5.332: : KLMSSystemProperties(): getBoolean(): ro.product_ship = true
12-12 00:57:09.479  2841  2870 V BroadcastQueue: [backgroundsplit_0] Process cur broadcast BroadcastRecord{39d7f1fd u0 android.intent.action.PACKAGE_REMOVED} DELIVERED for app ProcessRecord{33a46fda 19286:com.samsung.android.sm/1000}
12-12 00:57:09.484  2841  2870 D ActivityManager: startProcessLocked calleePkgName: com.samsung.android.fmm, hostingType: broadcast-4
12-12 00:57:09.484  5160  5160 I KLMS-2.5.332: : KLMSUtility(): isTestMode(): product_ship: true | testApk: false
12-12 00:57:09.489 14886 14886 I art     : Explicit concurrent mark sweep GC freed 706(57KB) AllocSpace objects, 0(0B) LOS objects, 29% free, 4MB/6MB, paused 763us total 106.144ms
12-12 00:57:09.494  5160 19441 I KLMS-2.5.332: : KLMSIntentService(): onHandleIntent().START: Intent { act=android.intent.action.PACKAGE_REMOVED dat=package:com.example.snoopy flg=0x4000010 cmp=com.samsung.klmsagent/.service.KLMSIntentService (has extras) }
12-12 00:57:09.494  5160 19441 D KLMS-2.5.332: : KLMSIntentService(): PACKAGE_REMOVED
12-12 00:57:09.494  5160 19441 I KLMS-2.5.332: : Systemprocess(): listeningToPackageRemoved().START
12-12 00:57:09.494  5160 19441 I KLMS-2.5.332: : Systemprocess(): listeningToPackageRemoved().packageName: com.example.snoopy
12-12 00:57:09.499  5160 19441 I KLMS-2.5.332: : listeningToPackageRemovedforELM().START
12-12 00:57:09.499  5160 19441 I KLMS-2.5.332: : MDMBridge.getInstance()
12-12 00:57:09.499  5160 19441 I KLMS-2.5.332: : MDMBridge.getAllLicenseInfoFromSDK()
12-12 00:57:09.499  3392  3392 I art     : Explicit concurrent mark sweep GC freed 8693(531KB) AllocSpace objects, 1(64KB) LOS objects, 25% free, 9MB/12MB, paused 1.169ms total 127.524ms
12-12 00:57:09.504 19445 19445 E Zygote  : MountEmulatedStorage()
12-12 00:57:09.504 19445 19445 E Zygote  : v2
12-12 00:57:09.504 19445 19445 I libpersona: KNOX_SDCARD checking this for 1000
12-12 00:57:09.509 19445 19445 I libpersona: KNOX_SDCARD not a persona
12-12 00:57:09.509 19445 19445 I SELinux : Function: selinux_compare_spd_ram , priority [2] , priority version is VE=SEPF_SM-J200G_5.1.1_0071
12-12 00:57:09.514 19445 19445 E Zygote  : accessInfo : 0
12-12 00:57:09.514  5160 19441 I KLMS-2.5.332: : KLMSSystemProperties(): getBoolean(): ro.product_ship = true
12-12 00:57:09.514 19445 19445 E SELinux : [DEBUG] get_category: variable seinfo: platform sensitivity: NULL, cateogry: NULL
12-12 00:57:09.519  2841  2870 I ActivityManager: Start proc 19445:com.samsung.android.fmm/1000 for broadcast-4 com.samsung.android.fmm/com.sec.pcw.device.receiver.SYSTEMReceiver
12-12 00:57:09.519  5160 19441 I KLMS-2.5.332: : KLMSUtility(): isTestMode(): product_ship: true | testApk: false
12-12 00:57:09.524  2841  2870 V BroadcastQueue: [backgroundsplit_2] Process cur broadcast BroadcastRecord{142c92d8 u0 android.intent.action.PACKAGE_REMOVED} DELIVERED for app ProcessRecord{1668ea3c 13507:com.opera.max.oem/u0a122}
12-12 00:57:09.534  5160 19441 I KLMS-2.5.332: : MDMBridge.getAllLicenseInfoFromSDK()
12-12 00:57:09.534  5160 19441 E KLMS-2.5.332: : arr is null
12-12 00:57:09.539  2841  2841 W ResourcesManager: Asset path '/system/framework/com.google.widevine.software.drm.jar' does not exist or contains no resources.
12-12 00:57:09.549 19445 19445 D TimaKeyStoreProvider: TimaSignature is unavailable
12-12 00:57:09.549 19445 19445 D ActivityThread: Added TimaKeyStore provider
12-12 00:57:09.559  5160 19441 D KLMS-2.5.332: : DataSource(): Fetched Data from data base count : 0
12-12 00:57:09.569  2841  3523 D SettingsProvider: isChangeAllowed() : name = klm_eula_shown
12-12 00:57:09.569  2841  3523 D SettingsProvider: edmUri: content://com.sec.knox.provider/RestrictionPolicy3
12-12 00:57:09.569  2841  3523 D SettingsProvider: projectionArgs: isSettingsChangesAllowed
12-12 00:57:09.569  2841  3523 D SettingsProvider: selectionArgs: false
12-12 00:57:09.569  2841  3523 D SettingsProvider: selectionArgs: 10013
12-12 00:57:09.569  2841  3523 D SecContentProvider: query(), uri = 17 selection = isSettingsChangesAllowed
12-12 00:57:09.569  2841  3523 D SettingsProvider: ret = -1
12-12 00:57:09.569  5160 19441 I KLMS-2.5.332: : listeningToPackageRemovedforELM().END
12-12 00:57:09.569  2841  2934 V BroadcastQueue: [backgroundsplit_1] Process cur broadcast BroadcastRecord{204de523 u0 android.intent.action.PACKAGE_REMOVED} DELIVERED for app ProcessRecord{190d6a20 19445:com.samsung.android.fmm/1000}
12-12 00:57:09.569  5160 19441 I KLMS-2.5.332: : Systemprocess(): listeningToPackageRemovedforKLM().START
12-12 00:57:09.569  5160 19441 I KLMS-2.5.332: : Systemprocess(): .pkgName: com.example.snoopy
12-12 00:57:09.614  2841  2841 D JobSchedulerService: Receieved: android.intent.action.PACKAGE_REMOVED
12-12 00:57:09.614  2841  2841 D BackupManagerService: Received broadcast Intent { act=android.intent.action.PACKAGE_REMOVED dat=package:com.example.snoopy flg=0x4000010 (has extras) }
12-12 00:57:09.619  2841  3418 V BroadcastQueue: [backgroundsplit_0] Process cur broadcast BroadcastRecord{39d7f1fd u0 android.intent.action.PACKAGE_REMOVED} DELIVERED for app ProcessRecord{33a46fda 19286:com.samsung.android.sm/1000}
12-12 00:57:09.619  2841  2841 V EnterpriseBillingPolicy: packageModificationReceiver - onreceive - start - android.intent.action.PACKAGE_REMOVED
12-12 00:57:09.619  2841  2841 V EnterpriseBillingPolicy: uID is 10209
12-12 00:57:09.619  2841  2841 V EnterpriseBillingPolicy: Removed Packageuid is0
12-12 00:57:09.619  2841  2841 V EnterpriseBillingPolicyStorage: getProfileForApplication - enter
12-12 00:57:09.624  2841  2841 V EnterpriseBillingPolicyStorage: getProfileForApplication - exit null : containerId = 0
12-12 00:57:09.624  2841  2841 V EnterpriseBillingPolicy: packageModificationReceiver - onreceive - personal application - profile null
12-12 00:57:09.624  2841  2841 V EnterpriseBillingPolicy: packageModificationReceiver - onreceive - might be a vpn vendor package 
12-12 00:57:09.624  2841  2841 V EnterpriseBillingPolicyStorage: getBillingProfileForVpnEngine - start - com.example.snoopy
12-12 00:57:09.624  2841  2841 V EnterpriseBillingPolicyStorage: getBillingProfileForVpnEngine - end - null
12-12 00:57:09.624 19223 19443 D Documents: Update found 6 roots in 120ms
12-12 00:57:09.629  2841  2841 V AlarmManagerEXT: com.example.snoopy(10209) is removed.
12-12 00:57:09.629  2841  4317 D SSRM:aT : MSG_TYPE_APP_REMOVED::
12-12 00:57:09.629  2841  2938 D NtpTrustedTime: currentTimeMillis() cache hit
12-12 00:57:09.629  2841  2938 V NetworkStats: removeUidsLocked() for UIDs [10209]
12-12 00:57:09.629  2841  2938 V NetworkStats: performPollLocked(flags=0x3)
12-12 00:57:09.629 19286 19286 W ContextImpl: Calling a method in the system process without a qualified user: android.app.ContextImpl.sendBroadcast:1747 android.content.ContextWrapper.sendBroadcast:392 android.content.ContextWrapper.sendBroadcast:392 com.samsung.android.sm.common.security.PackageReceiver.a:44 com.samsung.android.sm.common.security.PackageReceiver.onReceive:59 
12-12 00:57:09.644  2841  2938 V NetworkStats: performPollLocked() took 12ms
12-12 00:57:09.644  2841  2938 D NtpTrustedTime: currentTimeMillis() cache hit
12-12 00:57:09.649  5160 19441 D KLMS-2.5.332: : KLMSUtility(): IsPackageExistInDevice().mAppInfoList: 223
12-12 00:57:09.649  5160 19441 D KLMS-2.5.332: : KLMSSharedPreferences(): deleteNotificationAppList().pkgName: com.example.snoopy
12-12 00:57:09.649  5160 19441 I KLMS-2.5.332: : KLMSSharedPreferences(): getNotificationAppList(): null
12-12 00:57:09.649  5160 19441 I KLMS-2.5.332: : Systemprocess(): Notification App List is Null. Remove Notification.
12-12 00:57:09.659  2841  2841 V EnterpriseBillingPolicy: packageModificationReceiver - onreceive - start - android.intent.action.PACKAGE_FULLY_REMOVED
12-12 00:57:09.659  2841  2841 V BroadcastQueue: [background] Process cur broadcast BroadcastRecord{2a4343af u0 android.intent.action.PACKAGE_REMOVED} DELIVERED for app ProcessRecord{8048fef 19254:com.samsung.android.asksmanager/u0a4}
12-12 00:57:09.659  2841  2841 V EnterpriseBillingPolicy: uID is 10209
12-12 00:57:09.659  2841  2841 V EnterpriseBillingPolicy: Removed Packageuid is0
12-12 00:57:09.659  2841  2841 V EnterpriseBillingPolicyStorage: getProfileForApplication - enter
12-12 00:57:09.659  2841  2841 V EnterpriseBillingPolicyStorage: getProfileForApplication - exit null : containerId = 0
12-12 00:57:09.659  2841  2841 V EnterpriseBillingPolicy: packageModificationReceiver - onreceive - personal application - profile null
12-12 00:57:09.659  2841  2841 V EnterpriseBillingPolicy: packageModificationReceiver - onreceive - might be a vpn vendor package 
12-12 00:57:09.659  2841  2841 V EnterpriseBillingPolicyStorage: getBillingProfileForVpnEngine - start - com.example.snoopy
12-12 00:57:09.659  2841  2841 V EnterpriseBillingPolicyStorage: getBillingProfileForVpnEngine - end - null
12-12 00:57:09.664  5160 19441 D KLMS-2.5.332: : DataSource(): Fetched Data from data base count : 0
12-12 00:57:09.664  5160 19441 I KLMS-2.5.332: : Systemprocess(): IsPackageExistInDevice().Not Exsit: com.example.snoopy
12-12 00:57:09.664  5160 19441 I KLMS-2.5.332: : Systemprocess(): listeningToPackageRemovedforKLM().END
12-12 00:57:09.664  5160 19441 I KLMS-2.5.332: : Systemprocess(): listeningToPackageRemoved().END
12-12 00:57:09.664  5160  5160 I KLMS-2.5.332: : KLMSIntentService(): onDestroy()
12-12 00:57:09.669 14141 14141 I art     : Explicit marksweep + semispace GC freed 44856(2MB) AllocSpace objects, 8(128KB) LOS objects, 25% free, 12MB/16MB, paused 273.590ms total 275.234ms
12-12 00:57:09.679  2841  3601 V BroadcastQueue: [backgroundsplit_2] Process cur broadcast BroadcastRecord{142c92d8 u0 android.intent.action.PACKAGE_REMOVED} DELIVERED for app ProcessRecord{1668ea3c 13507:com.opera.max.oem/u0a122}
12-12 00:57:09.684 19286 19444 E SQLiteLog: (284) automatic index on crash_info_summary(package_name_touched)
12-12 00:57:09.689  2841  2858 V BroadcastQueue: [backgroundsplit_0] Process cur broadcast BroadcastRecord{39d7f1fd u0 android.intent.action.PACKAGE_REMOVED} DELIVERED for app ProcessRecord{33a46fda 19286:com.samsung.android.sm/1000}
12-12 00:57:09.689  2841  2939 D NtpTrustedTime: currentTimeMillis() cache hit
12-12 00:57:09.689  2841  2939 D NtpTrustedTime: currentTimeMillis() cache hit
12-12 00:57:09.714 19445 19445 I PCWCLIENTTRACE_LOG: DEFAULT_LOGON : true
12-12 00:57:09.714 19445 19445 I PCWCLIENTTRACE_LOG: DEFAULT_LOGLEVEL : 3
12-12 00:57:09.714 19445 19445 I PCWCLIENTTRACE_DMDBOpenHelper: new DMDBOpenHelper instance
12-12 00:57:09.829  2841  2882 I art     : Explicit concurrent mark sweep GC freed 35426(2MB) AllocSpace objects, 8(128KB) LOS objects, 19% free, 24MB/30MB, paused 2.800ms total 256.394ms
12-12 00:57:09.829  2841  3595 I art     : WaitForGcToComplete blocked for 140.539ms for cause Explicit
12-12 00:57:09.839  2841  2882 D PackageManager: delete codoeFile: 
12-12 00:57:09.839  2841  2882 D PackageManager: Resopt: Clean up res: /data/app/com.example.snoopy-1/base.apk
12-12 00:57:09.844  2841  2882 D AASAuninstall: userId = 0, info.removedAppID = 10209, info.uid = 10209, packageName = com.example.snoopy
12-12 00:57:09.844  2841  2882 D AASAinstall: there is not AASApackages.xml file
12-12 00:57:09.844  2841  2882 I AASA_removePackage: UID=10209 Target=com.example.snoopy
12-12 00:57:09.844  2841  2882 D PackageManager: result of delete: 1{245828433}
12-12 00:57:09.849 19419 19419 I art     : System.exit called, status: 0
12-12 00:57:09.849 19419 19419 I AndroidRuntime: VM exiting with result code 0.
12-12 00:57:09.864  2841  2882 W ResourcesManager: Asset path '/system/framework/com.google.android.media.effects.jar' does not exist or contains no resources.
12-12 00:57:09.864  2841  2882 D PackageManager: [MSG] START_CLEANING_PACKAGE packageName{com.example.snoopy}
12-12 00:57:09.864  2841  2882 D PackageManager: userId{-1}
12-12 00:57:09.864  2841  2882 D PackageManager: andCode{true}
12-12 00:57:09.874 19336 19465 W System.err: remove failed: ENOENT (No such file or directory) : /storage/emulated/0/Android/data/com.example.snoopy
12-12 00:57:09.874 19336 19465 W System.err: remove failed: EACCES (Permission denied) : /storage/extSdCard/Android/data/com.example.snoopy
12-12 00:57:09.874 19336 19465 W System.err: remove failed: ENOENT (No such file or directory) : /storage/emulated/0/Android/media/com.example.snoopy
12-12 00:57:09.874 19336 19465 W System.err: remove failed: EACCES (Permission denied) : /storage/extSdCard/Android/media/com.example.snoopy
12-12 00:57:09.874 19336 19465 W System.err: remove failed: ENOENT (No such file or directory) : /storage/emulated/0/Android/obb/com.example.snoopy
12-12 00:57:09.874 19336 19465 W System.err: remove failed: EACCES (Permission denied) : /storage/extSdCard/Android/obb/com.example.snoopy
12-12 00:57:09.959  2841  3595 I art     : Explicit concurrent mark sweep GC freed 5407(383KB) AllocSpace objects, 0(0B) LOS objects, 19% free, 23MB/29MB, paused 2.796ms total 130.668ms
12-12 00:57:09.969  2841  3589 D ActivityManager: startProcessLocked calleePkgName: com.android.vending, hostingType: broadcast-3
12-12 00:57:09.969  2841  2869 D EnterpriseDeviceManagerService: Package has changed for user 0
12-12 00:57:09.984 19466 19466 E Zygote  : MountEmulatedStorage()
12-12 00:57:09.989 19466 19466 E Zygote  : v2
12-12 00:57:09.989 19466 19466 I libpersona: KNOX_SDCARD checking this for 10017
12-12 00:57:09.989  2841  3589 I ActivityManager: Start proc 19466:com.android.vending/u0a17 for broadcast-3 com.android.vending/com.google.android.finsky.receivers.PackageMonitorReceiver$RegisteredReceiver
12-12 00:57:09.989 19466 19466 I libpersona: KNOX_SDCARD not a persona
12-12 00:57:09.989  2841  3600 D ActivityManager: getContentProviderImpl callerProcessName:com.samsung.android.sm, calleePkgName: com.sec.android.provider.badge
12-12 00:57:09.994 19466 19466 I SELinux : Function: selinux_compare_spd_ram , priority [2] , priority version is VE=SEPF_SM-J200G_5.1.1_0071
12-12 00:57:09.999 19466 19466 E Zygote  : accessInfo : 0
12-12 00:57:09.999 19466 19466 E SELinux : [DEBUG] get_category: variable seinfo: untrusted sensitivity: NULL, cateogry: NULL
12-12 00:57:10.009 19477 19477 E Zygote  : MountEmulatedStorage()
12-12 00:57:10.009 19477 19477 E Zygote  : v2
12-12 00:57:10.009 19477 19477 I libpersona: KNOX_SDCARD checking this for 10058
12-12 00:57:10.009 19477 19477 I libpersona: KNOX_SDCARD not a persona
12-12 00:57:10.014 19477 19477 I SELinux : Function: selinux_compare_spd_ram , priority [2] , priority version is VE=SEPF_SM-J200G_5.1.1_0071
12-12 00:57:10.014  2841  3600 I ActivityManager: Start proc 19477:com.sec.android.provider.badge/u0a58 for content provider com.sec.android.provider.badge/.BadgeProvider
12-12 00:57:10.014 19477 19477 E Zygote  : accessInfo : 0
12-12 00:57:10.019 19477 19477 E SELinux : [DEBUG] get_category: variable seinfo: platform sensitivity: NULL, cateogry: NULL
12-12 00:57:10.019  2841  3589 V BroadcastQueue: [backgroundsplit_2] Process cur broadcast BroadcastRecord{142c92d8 u0 android.intent.action.PACKAGE_REMOVED} DELIVERED for app ProcessRecord{1668ea3c 13507:com.opera.max.oem/u0a122}
12-12 00:57:10.029  2841  3594 V BroadcastQueue: [backgroundsplit_0] Process cur broadcast BroadcastRecord{39d7f1fd u0 android.intent.action.PACKAGE_REMOVED} DELIVERED for app ProcessRecord{298b1ae8 19303:com.sec.android.app.soundalive/u0a39}
12-12 00:57:10.029 19466 19466 D TimaKeyStoreProvider: TimaSignature is unavailable
12-12 00:57:10.029 19466 19466 D ActivityThread: Added TimaKeyStore provider
12-12 00:57:10.039 19303 19303 D Compatibility: onReceive() it will make start service
12-12 00:57:10.044 19271 19329 W System.err: remove failed: ENOENT (No such file or directory) : /data/user/0/com.google.android.apps.docs/databases/ClientFlag.db
12-12 00:57:10.044  2841  3601 V BroadcastQueue: [background] Process cur broadcast BroadcastRecord{2a4343af u0 android.intent.action.PACKAGE_REMOVED} DELIVERED for app ProcessRecord{38125d13 19466:com.android.vending/u0a17}
12-12 00:57:10.044 19271 19329 W System.err: remove failed: ENOENT (No such file or directory) : /data/user/0/com.google.android.apps.docs/databases/ClientFlag.db-journal
12-12 00:57:10.044 19271 19329 W System.err: remove failed: ENOENT (No such file or directory) : /data/user/0/com.google.android.apps.docs/databases/ClientFlag.db-shm
12-12 00:57:10.049  2841  3594 V BroadcastQueue: [backgroundsplit_2] Process cur broadcast BroadcastRecord{142c92d8 u0 android.intent.action.PACKAGE_REMOVED} DELIVERED for app ProcessRecord{2fc0fe0c 18922:com.facebook.appmanager/u0a124}
12-12 00:57:10.049 19271 19329 W System.err: remove failed: ENOENT (No such file or directory) : /data/user/0/com.google.android.apps.docs/databases/ClientFlag.db-wal
12-12 00:57:10.049  2841  3266 D ActivityManager: startService callerProcessName:com.sec.android.app.soundalive, calleePkgName: com.sec.android.app.soundalive
12-12 00:57:10.054  2841  3595 D ActivityManager: startService callerProcessName:com.facebook.appmanager, calleePkgName: com.facebook.appmanager
12-12 00:57:10.054 19477 19477 D TimaKeyStoreProvider: TimaSignature is unavailable
12-12 00:57:10.054 19477 19477 D ActivityThread: Added TimaKeyStore provider
12-12 00:57:10.059 19445 19445 I DBG_FMMDM: [51.25.150819][Line:416][xdmGetCheckWifiOnlyModel] isWifiOnly : false
12-12 00:57:10.064  2841  3523 V BroadcastQueue: [backgroundsplit_0] Process cur broadcast BroadcastRecord{39d7f1fd u0 android.intent.action.PACKAGE_REMOVED} DELIVERED for app ProcessRecord{1b7f3e16 3392:com.google.android.googlequicksearchbox:search/u0a42}
12-12 00:57:10.069  2841  3589 D ActivityManager: startService callerProcessName:com.google.android.googlequicksearchbox, calleePkgName: com.google.android.googlequicksearchbox
12-12 00:57:10.069 19303 19497 D Compatibility: onHandleIntent()
12-12 00:57:10.069 19303 19497 D Compatibility: intentservice saw: Intent { act=android.intent.action.PACKAGE_REMOVED dat=package:com.example.snoopy flg=0x4000010 cmp=com.sec.android.app.soundalive/.compatibility.Compatibility$Receiver (has extras) } Bundle[{android.intent.extra.REMOVED_FOR_ALL_USERS=true, android.intent.extra.UID=10209, android.intent.extra.DATA_REMOVED=true, android.intent.extra.user_handle=0}]
12-12 00:57:10.074 19271 19329 E SQLiteLog: (284) automatic index on sqlite_sq_AF934B00(entryId)
12-12 00:57:10.079  2841  3523 V BroadcastQueue: [backgroundsplit_2] Process cur broadcast BroadcastRecord{142c92d8 u0 android.intent.action.PACKAGE_REMOVED} DELIVERED for app ProcessRecord{33079c48 14141:com.google.android.gms/u0a6}
12-12 00:57:10.084 19303 19497 D Compatibility: found: 2
12-12 00:57:10.084 19303 19497 D Compatibility: saved default: com.sec.android.app.soundalive.SAControlPanelActivity
