12-12 00:57:04.039  2841  3523 D ActivityManager: startService callerProcessName:com.google.android.gms, calleePkgName: com.google.android.gms
12-12 00:57:04.069  2841  3601 D ActivityManager: startService callerProcessName:com.google.android.gms, calleePkgName: com.google.android.gms
12-12 00:57:04.084 19052 19052 W ResourcesManager: Asset path '/system/framework/msgwrapper.jar' does not exist or contains no resources.
12-12 00:57:04.084 19052 19052 W ResourcesManager: Asset path '/system/framework/com.google.android.maps.jar' does not exist or contains no resources.
12-12 00:57:04.089 19052 19052 W ResourcesManager: Asset path '/system/framework/twframework.jar' does not exist or contains no resources.
12-12 00:57:04.089 19052 19052 W ResourcesManager: Asset path '/system/framework/secvision.jar' does not exist or contains no resources.
12-12 00:57:04.089 19052 19052 W ResourcesManager: Asset path '/system/framework/imsmanager.jar' does not exist or contains no resources.
12-12 00:57:04.139  2841  2934 D ActivityManager: startService callerProcessName:com.google.android.gms, calleePkgName: com.google.android.gms
12-12 00:57:04.144 18920 18920 I art     : System.exit called, status: 0
12-12 00:57:04.144 18920 18920 I AndroidRuntime: VM exiting with result code 0.
12-12 00:57:04.174 17844 17844 E Finsky  : [1] com.google.android.finsky.wear.bh.a(742): onConnectionFailed: ConnectionResult{statusCode=API_UNAVAILABLE, resolution=null, message=null}
12-12 00:57:04.179 17844 17844 I Finsky  : [1] com.google.android.finsky.wear.WearSupportService.a(6349): Dropping command=auto_uninstall due to Gms not connected
12-12 00:57:04.194 14100 14114 W ConfigurationChimeraPro: Got null configs for com.google.android.gms.drive
12-12 00:57:04.194  2841  3418 I ActivityManager: Killing 18791:com.google.android.apps.docs/u0a73 (adj 15): DHA:empty #13
12-12 00:57:04.199 19033 19033 D PopupuiReceiver: onReceive() getAction : android.intent.action.PACKAGE_REMOVED
12-12 00:57:04.199 18922 18937 W art     : Suspending all threads took: 8.169ms
12-12 00:57:04.219  2841  3274 D ActivityManager: cleanUpApplicationRecord -- 18791
12-12 00:57:04.219  2841  3274 D ActivityManager: isAutoRunBlockedApp:: com.google.android.apps.docs, Auto Run ON
12-12 00:57:04.234  2841  2858 D SecContentProvider2: query(), uri = -1 selection = getSealedState
12-12 00:57:04.234  2841  3589 D SecContentProvider2: query(), uri = 15 selection = getSealedHideNotificationMessages
12-12 00:57:04.239 19033 19033 I PopupuiReceiver_KNOX: getSealedHideNotificationMessages : 0
12-12 00:57:04.239  2841  3593 D SecContentProvider2: query(), uri = 15 selection = getCheckCoverPopupState
12-12 00:57:04.244 19033 19033 I PopupuiReceiver_KNOX: getCheckCoverPopupState : true
12-12 00:57:04.244 19033 19033 D PopupuiReceiver: Action package removed
12-12 00:57:04.244  2841  3595 D ActivityManager: startProcessLocked calleePkgName: com.sec.android.app.themechooser, hostingType: broadcast-4
12-12 00:57:04.259 19076 19076 E Zygote  : MountEmulatedStorage()
12-12 00:57:04.259 19076 19076 E Zygote  : v2
12-12 00:57:04.259 19076 19076 I libpersona: KNOX_SDCARD checking this for 10106
12-12 00:57:04.259 19076 19076 I libpersona: KNOX_SDCARD not a persona
12-12 00:57:04.259 19076 19076 I SELinux : Function: selinux_compare_spd_ram , priority [2] , priority version is VE=SEPF_SM-J200G_5.1.1_0071
12-12 00:57:04.259 19076 19076 E Zygote  : accessInfo : 0
12-12 00:57:04.264 19076 19076 E SELinux : [DEBUG] get_category: variable seinfo: platform sensitivity: NULL, cateogry: NULL
12-12 00:57:04.264  2841  3595 I ActivityManager: Start proc 19076:com.sec.android.app.themechooser/u0a106 for broadcast-4 com.sec.android.app.themechooser/.CustomBroadCastReceiver
12-12 00:57:04.274 19052 19052 D Mms/MmsApp: [start]    onCreate() consume time = 0.0
12-12 00:57:04.279  2841  3594 I ActivityManager: Killing 18887:com.samsung.android.fmm/1000 (adj 15): DHA:empty #13
12-12 00:57:04.279 19052 19088 D Mms/ArtClassLoader: init before art
12-12 00:57:04.289  2841  3104 D ActivityManager: startService callerProcessName:com.facebook.appmanager, calleePkgName: com.facebook.appmanager
12-12 00:57:04.299  2188  2188 I art     : Explicit concurrent mark sweep GC freed 8766(373KB) AllocSpace objects, 0(0B) LOS objects, 39% free, 3MB/5MB, paused 578us total 30.186ms
12-12 00:57:04.299 19052 19052 D Mms/MmsApp: onCreate() com.android.mms
12-12 00:57:04.299 19076 19076 D TimaKeyStoreProvider: TimaSignature is unavailable
12-12 00:57:04.299 19076 19076 D ActivityThread: Added TimaKeyStore provider
12-12 00:57:04.319  2188  2188 I art     : Explicit concurrent mark sweep GC freed 5(160B) AllocSpace objects, 0(0B) LOS objects, 39% free, 3MB/5MB, paused 610us total 18.680ms
12-12 00:57:04.319 14141 18868 W System.err: remove failed: ENOENT (No such file or directory) : /data/data/com.google.android.gms/databases/metrics.db
12-12 00:57:04.319 14141 18868 W System.err: remove failed: ENOENT (No such file or directory) : /data/data/com.google.android.gms/databases/metrics.db-journal
12-12 00:57:04.324  2841  3595 V BroadcastQueue: [backgroundsplit_1] Process cur broadcast BroadcastRecord{194d4de3 u0 android.intent.action.PACKAGE_REMOVED} DELIVERED for app ProcessRecord{1cb27240 19076:com.sec.android.app.themechooser/u0a106}
12-12 00:57:04.324 14141 18868 W System.err: remove failed: ENOENT (No such file or directory) : /data/data/com.google.android.gms/databases/metrics.db-shm
12-12 00:57:04.324 14141 18868 W System.err: remove failed: ENOENT (No such file or directory) : /data/data/com.google.android.gms/databases/metrics.db-wal
12-12 00:57:04.324  2841  3601 D ActivityManager: startService callerProcessName:com.google.android.gms, calleePkgName: com.google.android.gms
12-12 00:57:04.324 14141 18868 W System.err: remove failed: ENOENT (No such file or directory) : /data/data/com.google.android.gms/databases/metrics.db.15
12-12 00:57:04.324 14141 18868 W System.err: remove failed: ENOENT (No such file or directory) : /data/data/com.google.android.gms/databases/metrics.db.15-journal
12-12 00:57:04.324 14141 18868 W System.err: remove failed: ENOENT (No such file or directory) : /data/data/com.google.android.gms/databases/metrics.db.15-shm
12-12 00:57:04.329 14141 18868 W System.err: remove failed: ENOENT (No such file or directory) : /data/data/com.google.android.gms/databases/metrics.db.15-wal
12-12 00:57:04.329  2841  3600 D ActivityManager: startService callerProcessName:com.google.android.gms, calleePkgName: com.google.android.gms
12-12 00:57:04.334  2188  2188 I art     : Explicit concurrent mark sweep GC freed 5(160B) AllocSpace objects, 0(0B) LOS objects, 39% free, 3MB/5MB, paused 507us total 17.478ms
12-12 00:57:04.339  2841  2858 D ActivityManager: startService callerProcessName:com.google.android.gms, calleePkgName: com.google.android.gms
12-12 00:57:04.339  2841  3593 D ActivityManager: startService callerProcessName:com.google.android.gms, calleePkgName: com.google.android.gms
12-12 00:57:04.349  2841  3594 D ActivityManager: startService callerProcessName:com.google.android.gms, calleePkgName: com.google.android.gms
12-12 00:57:04.349 14141 18868 W System.err: remove failed: ENOENT (No such file or directory) : /data/data/com.google.android.gms/databases/help_responses.db
12-12 00:57:04.349 14141 18868 W System.err: remove failed: ENOENT (No such file or directory) : /data/data/com.google.android.gms/databases/help_responses.db-journal
12-12 00:57:04.349 14141 18868 W System.err: remove failed: ENOENT (No such file or directory) : /data/data/com.google.android.gms/databases/help_responses.db-shm
12-12 00:57:04.354 14141 18868 W System.err: remove failed: ENOENT (No such file or directory) : /data/data/com.google.android.gms/databases/help_responses.db-wal
12-12 00:57:04.354 14141 18868 W System.err: remove failed: ENOENT (No such file or directory) : /data/data/com.google.android.gms/databases/help_responses.db.18
12-12 00:57:04.359  2841  3600 D ActivityManager: cleanUpApplicationRecord -- 18887
12-12 00:57:04.359 14141 18868 W System.err: remove failed: ENOENT (No such file or directory) : /data/data/com.google.android.gms/databases/help_responses.db.18-journal
12-12 00:57:04.359  2841  3600 D ActivityManager: isAutoRunBlockedApp:: com.samsung.android.fmm, Auto Run ON
12-12 00:57:04.359 14141 18868 W System.err: remove failed: ENOENT (No such file or directory) : /data/data/com.google.android.gms/databases/help_responses.db.18-shm
12-12 00:57:04.359 14141 18868 W System.err: remove failed: ENOENT (No such file or directory) : /data/data/com.google.android.gms/databases/help_responses.db.18-wal
12-12 00:57:04.364 14141 18868 W System.err: remove failed: ENOENT (No such file or directory) : /data/data/com.google.android.gms/databases/help_responses.db.19
12-12 00:57:04.364 14141 18868 W System.err: remove failed: ENOENT (No such file or directory) : /data/data/com.google.android.gms/databases/help_responses.db.19-journal
12-12 00:57:04.364 14141 18868 W System.err: remove failed: ENOENT (No such file or directory) : /data/data/com.google.android.gms/databases/help_responses.db.19-shm
12-12 00:57:04.379  2841  2858 D ActivityManager: startService callerProcessName:com.google.android.gms, calleePkgName: com.google.android.gms
12-12 00:57:04.379 14141 18868 W System.err: remove failed: ENOENT (No such file or directory) : /data/data/com.google.android.gms/databases/help_responses.db.19-wal
12-12 00:57:04.409 14141 18868 W System.err: remove failed: ENOENT (No such file or directory) : /data/data/com.google.android.gms/databases/help_responses.db.20
12-12 00:57:04.414 14141 18868 W System.err: remove failed: ENOENT (No such file or directory) : /data/data/com.google.android.gms/databases/help_responses.db.20-journal
12-12 00:57:04.414 14141 18868 W System.err: remove failed: ENOENT (No such file or directory) : /data/data/com.google.android.gms/databases/help_responses.db.20-shm
12-12 00:57:04.414 14141 18868 W System.err: remove failed: ENOENT (No such file or directory) : /data/data/com.google.android.gms/databases/help_responses.db.20-wal
12-12 00:57:04.429 14141 18866 I PeopleContactsSync: triggerPendingContactsCleanup: no accounts
12-12 00:57:04.434 19076 19076 D ThemeInfoUtil: getCurrentFestivalName is [null]
12-12 00:57:04.434 19076 19076 D ThemeInfoUtil: isCurrentFestival = false
12-12 00:57:04.434  2841  2857 I ActivityManager: Delay finish: com.sec.android.app.themechooser/.CustomBroadCastReceiver
12-12 00:57:04.439 14141 18866 D Wear_Controller: Received broadcast action=android.intent.action.PACKAGE_REMOVED and uri=com.trellis
12-12 00:57:04.459  2841  3594 D ActivityManager: startService callerProcessName:com.google.android.gms, calleePkgName: com.google.android.gms
12-12 00:57:04.469 14141 18866 I LocationSettingsChecker: Removing dialog suppression flag for package com.trellis
12-12 00:57:04.469 14141 18865 I GrowthService: Package com.trellis uninstalled. Removing from storage.
12-12 00:57:04.479 14141 14560 I Icing   : doRemovePackageData com.trellis
12-12 00:57:04.494  2841  3418 I ActivityManager: Killing 18902:com.samsung.android.asksmanager/u0a4 (adj 15): DHA:empty #13
12-12 00:57:04.499 14141 14460 I Icing   : IndexChimeraService.getServiceInterface callingPackage=com.google.android.gms componentName=AppsCorpus serviceId=32
12-12 00:57:04.504 14141 14257 I Icing   : IndexChimeraService.getServiceInterface callingPackage=com.google.android.gms componentName=AppsCorpus serviceId=36
12-12 00:57:04.514 19052 19052 D Mms/MmsApp: [start]    initCountryIso consume time = 241.149654
12-12 00:57:04.534  2841  3418 D CountryDetector: The first listener is added
12-12 00:57:04.539 19052 19052 D Mms/MmsApp: [end]    initCountryIso consume time = 24.922192
12-12 00:57:04.549  2841  2858 D ActivityManager: cleanUpApplicationRecord -- 18902
12-12 00:57:04.549  2841  2858 D ActivityManager: isAutoRunBlockedApp:: com.samsung.android.asksmanager, Auto Run ON
12-12 00:57:04.564 14141 19106 I DatabaseHelper: Creating a new database at version 172 for /data/data/com.google.android.gms/databases/DocList.db
12-12 00:57:04.579 14141 14141 E ConnectivityChangeRecei: Ignoring connectivity change
12-12 00:57:04.594 18922 19093 E ActivityThread: Failed to find provider info for com.facebook.appmanager.oxygen.nekodirect.progress
12-12 00:57:04.629 14141 18867 D ConnectivityManager: CallingUid : 10006, CallingPid : 14141
12-12 00:57:04.639  2841  2869 D LocationManagerService: getProviders()=[passive, gps, network]
12-12 00:57:04.639  2841  2869 D LocationManagerService: request 6d830a5 passive Request[POWER_NONE passive fastest=0] from android(1000)
12-12 00:57:04.654  2841  3596 D ConnectivityService: listenForNetwork for NetworkRequest [ id=7, legacyType=-1, [ Capabilities: INTERNET&NOT_RESTRICTED&TRUSTED&NOT_VPN] ]
12-12 00:57:04.654  2841  2945 D ConnectivityService: handleRegisterNetworkRequest checking NetworkAgentInfo [WIFI () - 502]
12-12 00:57:04.654  2841  2945 D ConnectivityService: apparently satisfied.  currentScore=60
12-12 00:57:04.659  2841  2945 D ConnectivityService: handleRegisterNetworkRequest checking NetworkAgentInfo [WIFI_P2P () - 501]
12-12 00:57:04.659 14141 19110 D ConnectivityManager.CallbackHandler: CM callback handler got msg 524290
12-12 00:57:04.739  2841  3523 I ActivityManager: Resuming delayed broadcast
12-12 00:57:04.739  2841  3523 D ActivityManager: startProcessLocked calleePkgName: com.sec.enterprise.knox.cloudmdm.smdms, hostingType: broadcast-4
12-12 00:57:04.739  2841  2869 D LocationManagerService: provider request: passive ProviderRequest[ON interval=0]
12-12 00:57:04.754 19114 19114 E Zygote  : MountEmulatedStorage()
12-12 00:57:04.754 19114 19114 I libpersona: KNOX_SDCARD checking this for 10110
12-12 00:57:04.754 19114 19114 E Zygote  : v2
12-12 00:57:04.754 19114 19114 I libpersona: KNOX_SDCARD not a persona
12-12 00:57:04.754 19114 19114 I SELinux : Function: selinux_compare_spd_ram , priority [2] , priority version is VE=SEPF_SM-J200G_5.1.1_0071
12-12 00:57:04.754  2841  3523 I ActivityManager: Start proc 19114:com.sec.enterprise.knox.cloudmdm.smdms/u0a110 for broadcast-4 com.sec.enterprise.knox.cloudmdm.smdms/.core.CoreReceiver
12-12 00:57:04.754 19114 19114 E Zygote  : accessInfo : 0
12-12 00:57:04.759  2841  2858 D ActivityManager: startService callerProcessName:com.google.android.gms, calleePkgName: com.google.android.gms
12-12 00:57:04.754 19114 19114 E SELinux : [DEBUG] get_category: variable seinfo: platform sensitivity: NULL, cateogry: NULL
12-12 00:57:04.784 19114 19114 D TimaKeyStoreProvider: TimaSignature is unavailable
12-12 00:57:04.784 19114 19114 D ActivityThread: Added TimaKeyStore provider
12-12 00:57:04.794  2841  3600 V BroadcastQueue: [backgroundsplit_1] Process cur broadcast BroadcastRecord{194d4de3 u0 android.intent.action.PACKAGE_REMOVED} DELIVERED for app ProcessRecord{d7d2c7a 19114:com.sec.enterprise.knox.cloudmdm.smdms/u0a110}
12-12 00:57:04.794  2841  3594 I ActivityManager: Killing 17280:com.android.defcontainer/u0a2 (adj 15): DHA:empty #13
12-12 00:57:04.844 19095 19095 D AndroidRuntime: >>>>>> START com.android.internal.os.RuntimeInit uid 2000 <<<<<<
12-12 00:57:04.844 19052 19088 W art     : Verification of void com.android.mms.ui.eq.<init>(android.content.Intent) took 149.285ms
12-12 00:57:04.849 19114 19114 W ResourcesManager: Asset path '/system/framework/secsmartcard.jar' does not exist or contains no resources.
12-12 00:57:04.849 19095 19095 D AndroidRuntime: CheckJNI is OFF
12-12 00:57:04.854 19095 19095 D AndroidRuntime: readGMSProperty: start
12-12 00:57:04.854 19095 19095 D AndroidRuntime: readGMSProperty: already setted!!
12-12 00:57:04.854 19095 19095 D AndroidRuntime: propertySet: couldn't set property (it is from app)
12-12 00:57:04.854 19095 19095 D AndroidRuntime: readGMSProperty: could not set the property(default)!!
12-12 00:57:04.854 19095 19095 D AndroidRuntime: readGMSProperty: end
12-12 00:57:04.854 19095 19095 D AndroidRuntime: addProductProperty: start
12-12 00:57:04.884  2841  2857 D ActivityManager: cleanUpApplicationRecord -- 17280
12-12 00:57:04.884  2841  2857 D ActivityManager: isAutoRunBlockedApp:: com.android.defcontainer, Auto Run ON
12-12 00:57:04.949 19114 19114 D [0]UMC:UMCContentProvider: @onCreate
12-12 00:57:04.964 19114 19114 D [0]UMC:Core: onCreate(): 
12-12 00:57:04.964 19114 19114 D [0]UMC:Core: @isManagedProfileUser
12-12 00:57:04.964 19114 19114 D [0]UMC:Core: userInfo.isManagedProfile() : false
12-12 00:57:05.019 19114 19114 D [0]UMC:DeviceInfo: USA==US==
12-12 00:57:05.024 14141 18867 W DriveInitializer: Awaiting to be initialized
12-12 00:57:05.029 14141 19135 W DriveInitializer: Background init thread started
12-12 00:57:05.029 19095 19095 E AffinityControl: AffinityControl: registerfunction enter
12-12 00:57:05.069 19095 19095 D AndroidRuntime: Calling main entry com.android.commands.am.Am
12-12 00:57:05.074  2841  3600 I ActivityManager: Force stopping com.example.snoopy appid=10209 user=0: from pid 19095
12-12 00:57:05.074 19095 19095 D AndroidRuntime: Shutting down VM
12-12 00:57:05.134 19114 19114 D USER_AGENT: UMC/1.6.3 (SM-J200G) SAFE-5.4.1 KNOX-2.4.1 en_US
12-12 00:57:05.144 19114 19114 D [0]UMC:AdminManager: init - start
12-12 00:57:05.169  2841  2858 D ActivityManager: startService callerProcessName:com.google.android.gms, calleePkgName: com.google.android.gms
12-12 00:57:05.169 14141 19106 W System.err: remove failed: ENOENT (No such file or directory) : /data/data/com.google.android.gms/shared_prefs/drive.shared_prefs.xml.bak
12-12 00:57:05.169 19052 19052 D Mms/MmsConfig: [start]    MmsConfig.init() consume time = 631.480039
12-12 00:57:05.174 14141 14560 I Icing   : Usage reports ok 0, Failed Usage reports 0, indexed 0, rejected 0, imm upload false
12-12 00:57:05.179  2841  3595 D ActivityManager: startService callerProcessName:com.google.android.gms, calleePkgName: com.google.android.gms
12-12 00:57:05.184 14141 14560 I Icing   : Usage reports ok 0, Failed Usage reports 0, indexed 0, rejected 0, imm upload false
12-12 00:57:05.184 19052 19052 D EasySignUpManager_1.15.0305: isAuth is false
12-12 00:57:05.194 19114 19114 D [0]UMC:AdminManager: loadAdmins
12-12 00:57:05.199 19052 19052 D Mms/MmsConfig: getEasySignUpStatus sIsAuthEasySignUp=false, TelephonyUtils.getSimState(0)= 1
12-12 00:57:05.204 19052 19052 D EasySignUpManager_1.15.0305: serviceId : 1, features : -1
12-12 00:57:05.204 19052 19052 D EasySignUpManager_1.15.0305: isAuth is false
12-12 00:57:05.204 19052 19052 D EasySignUpManager_1.15.0305: getServiceStatus : serviceId (1) is OFF
12-12 00:57:05.204 19052 19052 D Mms/MmsConfig: setFreeMessageEnabled, getSupportedFeatures = -1 sIsAuthEasySignUp = false sIsFreeMessageServiceStatus = false
12-12 00:57:05.204 19052 19052 D Mms/MmsConfig: Load Resize quality : 80
12-12 00:57:05.209 19052 19052 E CscParser: mps_code.dat does not exist
12-12 00:57:05.209 19052 19052 E CscParser: customer_path =/system/csc/customer.xml
12-12 00:57:05.214 19052 19052 E CscParser: fileName + /system/csc/customer.xml
12-12 00:57:05.214  3241  3350 D TP/MmsSmsProvider: query,matched:2117, calling pid = 19052
12-12 00:57:05.214  3241  3350 D TP/MmsSmsProvider: match 2117:Elapsed time : 1.716 ms
12-12 00:57:05.219 19114 19114 D [0]UMC:AdminManager: init - end
12-12 00:57:05.219 19114 19114 D GSLBManager: migrateStoredUrlFromOldPref
12-12 00:57:05.244  2154  2390 E Vold    : Failed to find mounted volume for /storage/extSdCard/Android/data/com.google.android.gms/files/
12-12 00:57:05.244  2154  2390 W Vold    : Returning OperationFailed - no handler for errno 0
12-12 00:57:05.244 14141 19135 W ContextImpl: Failed to ensure directory: /storage/extSdCard/Android/data/com.google.android.gms/files
12-12 00:57:05.249 19114 19114 D GSLBManager: migrateStoredUrlFromOldPref : Migration Not Needed
12-12 00:57:05.254 19114 19114 D [0]UMC:CoreReceiver: Intent : android.intent.action.PACKAGE_REMOVED
12-12 00:57:05.254 19114 19114 D [0]UMC:CoreReceiver: PackageName : com.trellis
12-12 00:57:05.254 19114 19114 D [0]UMC:CoreReceiver: Intent Replacing : false
12-12 00:57:05.264 19114 19114 D [0]UMC:CoreReceiver: bulk enrolled package: null
12-12 00:57:05.264 19114 19114 V [0]UMC:ProfileStorage: Enter loadList
12-12 00:57:05.269 19114 19114 D [0]UMC:CoreReceiver: handleAutoEnrollmentAndUMCAdminDeactivation
12-12 00:57:05.274 14141 14247 I ContentMaintenance: Pruning caches...
12-12 00:57:05.279  2841  2858 I ActivityManager: Killing 17844:com.android.vending/u0a17 (adj 15): DHA:empty #13
12-12 00:57:05.284 19052 19052 E CscParser: mps_code.dat does not exist
12-12 00:57:05.284 19052 19052 E CscParser: customer_path =/system/csc/customer.xml
12-12 00:57:05.284 19052 19052 E CscParser: fileName + /system/csc/customer.xml
12-12 00:57:05.344 19052 19052 D CscParser: getInstance fileName =/system/csc/customer.xml
12-12 00:57:05.344 19052 19052 D Mms/MmsConfig:  enable multiwindow = false
12-12 00:57:05.344  2841  3418 D ActivityManager: cleanUpApplicationRecord -- 17844
12-12 00:57:05.344 19052 19052 D Mms/MmsConfig: [end]    init() consume time = 174.637
12-12 00:57:05.344 14100 14100 I WearableService: Wearable Services stopping
12-12 00:57:05.344  2841  3418 D ActivityManager: isAutoRunBlockedApp:: com.android.vending, Auto Run ON
12-12 00:57:05.349 14141 14247 I ContentMaintenance: Internal cache bytes used: 0; limit: 100000000; download size: 0
12-12 00:57:05.349 19052 19052 D Mms/TelephonyUtils: hasIccCard simSlot = 0, returnValue = false
12-12 00:57:05.349 14141 14247 I ContentMaintenance: Cache pruning complete.
12-12 00:57:05.354 19052 19052 D Mms/TelephonyUtils: hasIccCard simSlot = 1, returnValue = false
12-12 00:57:05.354 19052 19052 D Mms/TelephonyUtils: initInsertedSimNum = 0 and Sim1 false and Sim2 false
12-12 00:57:05.354 14141 14247 I ContentMaintenance: Beginning garbage collection.
12-12 00:57:05.369 14141 14247 I RealtimeCacheCleanup: Beginning Realtime garbage collection.
12-12 00:57:05.374 19052 19052 D Mms/Contact: [start]    init() consume time = 29.890961
12-12 00:57:05.379 14141 14247 I RealtimeCacheCleanup: Finished Realtime garbage collection.
12-12 00:57:05.379 14141 19135 W DriveInitializer: Background init thread ended
12-12 00:57:05.379 14141 14560 I PinnedContentDownloader: Started downloading pinned content.
12-12 00:57:05.379 14141 14247 I ContentMaintenance: Finished garbage collection.
12-12 00:57:05.389  2841  2857 D ActivityManager: startService callerProcessName:com.google.android.gms, calleePkgName: com.google.android.gms
12-12 00:57:05.389 19052 19052 D Mms/Contact: [end]    init consume time = 15.76627
12-12 00:57:05.404 14141 14560 I PinnedContentDownloader: Finished downloading pinned content.
12-12 00:57:05.404  3241  3256 D TP/MmsSmsProvider: query,matched:13, calling pid = 19052
12-12 00:57:05.409  3241  3256 D TP/MmsSmsProvider: match 13:Elapsed time : 1.464 ms
12-12 00:57:05.424 19052 19052 D Mms:transaction: roaming -> false (slotId = 0)
12-12 00:57:05.424 19052 19052 D Mms:transaction: [NotificationTransaction] getAutoDownloadState simSlot : 0
12-12 00:57:05.424 19052 19052 D Mms:transaction: auto download without roaming -> false
12-12 00:57:05.429 19052 19052 D Mms:transaction: roaming -> false (slotId = 1)
12-12 00:57:05.429 19052 19052 D Mms:transaction: [NotificationTransaction] getAutoDownloadState simSlot : 1
12-12 00:57:05.429 19052 19052 D Mms:transaction: auto download without roaming slot2 -> false
12-12 00:57:05.429 19052 19052 D Mms:transaction: mAutoDownload ------> false
12-12 00:57:05.429 19052 19052 D Mms:transaction: mAutoDownloadSlot2 ------> false
12-12 00:57:05.439 19052 19151 D Mms/PackageInfo: isEnabledComponent compomentName=com.android.mms.ui.RcsTransferContent
12-12 00:57:05.439 19052 19151 D Mms/PackageInfo: isEnabledComponent compomentName=com.android.mms.ui.TmoTransferContent
12-12 00:57:05.439 19052 19151 D Mms/PackageInfo: isEnabledComponent compomentName=com.android.mms.ui.TransferContent
12-12 00:57:05.439 19052 19151 D Mms/PackageInfo: isEnabledComponent compomentName=com.android.mms.ui.ComposeMessageMms
12-12 00:57:05.444 19052 19151 D Mms/DraftCache: [start]    rebuildCache consume time = 50.901576
12-12 00:57:05.444 19052 19052 D CII     : IMSInterfaceForBaseService: handleServiceStart
12-12 00:57:05.444  3241  3256 D TP/MmsSmsProvider: query,matched:12, calling pid = 19052
12-12 00:57:05.449 19052 19052 D CII     : IMSInterfaceForBaseService: getIMSService [WAIT_FOR_READY] : Service Ready!
12-12 00:57:05.449 19052 19052 D CII     : IMSInterfaceForBaseService: addServiceConnectionListener [com.samsung.commonimsinterface.imsinterface.IMSInterfaceForGeneralService$1@13fb783f]
12-12 00:57:05.449  3241  3256 D TP/MmsSmsProvider: match 12:Elapsed time : 6.044 ms
12-12 00:57:05.449 19052 19052 D CII     : IMSInterfaceForBaseService: notifyServiceState : forceNotify [true] serviceState [NOT_INITIALIZED] stateUpdated [false] newListener [com.samsung.commonimsinterface.imsinterface.IMSInterfaceForGeneralService$1@13fb783f] 
12-12 00:57:05.454 19052 19052 D CII     : IMSInterfaceForBaseService: notifyServiceState : listener [com.samsung.commonimsinterface.imsinterface.IMSInterfaceForGeneralService$1@13fb783f]
12-12 00:57:05.454 19052 19052 D CII     : IMSInterfaceForGeneralService: onDisconnected
12-12 00:57:05.454 19052 19052 D CII     : IMSInterfaceForGeneralService: notifyServiceState : ready [false] listener [null] 
12-12 00:57:05.454 19052 19052 D CII     : IMSInterfaceForBaseService: isServiceRemoved [false]
12-12 00:57:05.454 19052 19052 D CII     : IMSRemoteListenerStub: notifyLastRegistrationState : networkType [0] listener [null] 
12-12 00:57:05.454 19052 19052 D CII     : IMSRemoteListenerStub: notifyLastRegistrationState : networkType [1] listener [null] 
12-12 00:57:05.454 19052 19052 D CII     : CommonIMSInterface: Interface for TOKEN_SERVICE_GENERAL has been Created!
12-12 00:57:05.459 19052 19052 I Mms/ReservationManager: ReservationManager()
12-12 00:57:05.459 19052 19052 I Mms/ReservationManager: resetAfterConnected()
12-12 00:57:05.469  3241  3822 D TP/MmsSmsProvider: query,matched:7, calling pid = 19052
12-12 00:57:05.469  3241  3822 D TP/MmsSmsProvider: match 7:Elapsed time : 2.089 ms
12-12 00:57:05.524 19052 19066 W art     : Suspending all threads took: 51.484ms
12-12 00:57:05.549 19052 19151 D Mms/DraftCache: [end]    rebuildCache consume time = 104.792616
12-12 00:57:05.554 19052 19052 I Mms/ReservationManager: getReservedSendMessageCount(): retMessageCount=0
12-12 00:57:05.609 19052 19151 D Mms/Conversation: [start]    init() consume time = 61.212731
12-12 00:57:05.614  2841  2857 I art     : Explicit concurrent mark sweep GC freed 23799(1376KB) AllocSpace objects, 0(0B) LOS objects, 19% free, 23MB/29MB, paused 2.723ms total 143.100ms
12-12 00:57:05.679  3241  3256 D TP/MmsSmsProvider: deleteConversation threadId: 9223372036854775807
12-12 00:57:05.679  3241  3256 D TP/MmsSmsProvider: delete URI_CONVERSATIONS_MESSAGES affectedRows=0 isIntegrated=false
12-12 00:57:05.679  3241  3256 V TP/MmsSmsDatabaseHelper: updateThread(), thread_id = 9223372036854775807
12-12 00:57:05.684  3241  3256 V TP/MmsSmsDatabaseHelper: sUpgradeVersion = 0, db.getVersion() = 86
12-12 00:57:05.689 19052 19052 D Mms/MmsApp: [end]    onCreate() consume time = 79.346384
12-12 00:57:05.699  3241  3256 V TP/MmsSmsDatabaseHelper: updateThread() end, affectedRows = 0
12-12 00:57:05.699  3241  3256 D TP/MmsSmsProvider: delete URI_CONVERSATIONS_MESSAGES affectedRows=0
12-12 00:57:05.699  3241  3256 D TP/MmsSmsProvider: delete threadId: 9223372036854775807
12-12 00:57:05.699  3241  3256 D TP/MmsSmsProvider: need read changed broadcast:false
12-12 00:57:05.744 19052 19066 W art     : Suspending all threads took: 39.978ms
12-12 00:57:05.754 19052 19151 D Mms/Conversation: [end]    init consume time = 65.189577
12-12 00:57:05.754 19052 19088 D Mms/TelephonyPermission: start operation mode monitor
12-12 00:57:05.754 19052 19052 D Mms/FreeMessageStatusReceiver: onReceive, action : android.intent.action.PACKAGE_REMOVED
12-12 00:57:05.759 19052 19088 D Mms/TelephonyPermission: User ID is null set current User Id
12-12 00:57:05.759  2841  3589 D ActivityManager: startService callerProcessName:com.android.mms, calleePkgName: com.android.mms
12-12 00:57:05.759 19052 19151 D Mms/MessagingNotificationLight: [start]    init() consume time = 7.446923
12-12 00:57:05.764 19052 19052 D Mms:transaction: Service state changed: Bundle[mParcelledData.dataSize=1184]
12-12 00:57:05.764  2841  3593 D ActivityManager: startProcessLocked calleePkgName: com.android.settings, hostingType: broadcast-3
12-12 00:57:05.769 19052 19052 D Mms/MethodReflector: newFromBundle is called
12-12 00:57:05.769 19052 19052 D Mms:transaction: roaming ------> false, mSimSlot = 0
12-12 00:57:05.769 19052 19052 D Mms:transaction: roaming -> false (slotId = 0)
12-12 00:57:05.769 19052 19052 D Mms:transaction: [NotificationTransaction] getAutoDownloadState simSlot : 0
12-12 00:57:05.774 19052 19052 D Mms:transaction: auto download without roaming -> false
12-12 00:57:05.774 19052 19052 D Mms:transaction: mAutoDownload ------> false
12-12 00:57:05.774 19052 19052 D CII     : IMSRemoteListenerStub: onReceive : token [7] action [1021] owner [com.android.mms.MmsApp] listener [com.samsung.commonimsinterface.imsinterface.IMSInterfaceForBaseService$1@22344e55] 
12-12 00:57:05.774 19052 19052 D CII     : IMSInterfaceForBaseService: Received IMS Service Ready State [1021]
12-12 00:57:05.774 19052 19052 D CII     : IMSInterfaceForBaseService: isServiceRemoved [false]
12-12 00:57:05.779 19052 19052 D CII     : IMSInterfaceForBaseService: getIMSService [WAIT_FOR_READY] : Service Ready!
12-12 00:57:05.779 19052 19052 D CII     : IMSInterfaceForBaseService: notifyServiceState : forceNotify [false] serviceState [STARTED] stateUpdated [true] newListener [null] 
12-12 00:57:05.779 19052 19052 D CII     : IMSInterfaceForBaseService: notifyServiceState : listener [com.samsung.commonimsinterface.imsinterface.IMSInterfaceForGeneralService$1@13fb783f]
12-12 00:57:05.779 19052 19052 D CII     : IMSInterfaceForGeneralService: onConnected
12-12 00:57:05.779 19052 19052 D CII     : IMSInterfaceForBaseService: getIMSService [WAIT_FOR_READY] : Service Ready!
12-12 00:57:05.779 19154 19154 E Zygote  : MountEmulatedStorage()
12-12 00:57:05.779 19154 19154 E Zygote  : v2
12-12 00:57:05.779 19154 19154 I libpersona: KNOX_SDCARD checking this for 1000
12-12 00:57:05.779 19154 19154 I libpersona: KNOX_SDCARD not a persona
12-12 00:57:05.784 19154 19154 I SELinux : Function: selinux_compare_spd_ram , priority [2] , priority version is VE=SEPF_SM-J200G_5.1.1_0071
12-12 00:57:05.784 19052 19052 D CII     : IMSInterfaceForBaseService: getIMSService [WAIT_FOR_READY] : Service Ready!
12-12 00:57:05.784 19154 19154 E Zygote  : accessInfo : 0
12-12 00:57:05.784 19154 19154 E SELinux : [DEBUG] get_category: variable seinfo: platform sensitivity: NULL, cateogry: NULL
12-12 00:57:05.789  2841  3593 I ActivityManager: Start proc 19154:com.android.settings/1000 for broadcast-3 com.android.settings/.safetycare.GeoLookoutRemoveReceiver
12-12 00:57:05.789 19052 19052 D CII     : IMSInterfaceForBaseService: getIMSService [WAIT_FOR_READY] : Service Ready!
12-12 00:57:05.794 19052 19151 D Mms/MessagingNotificationLight: [end]    init consume time = 32.579923
12-12 00:57:05.794 19052 19052 D CII     : IMSInterfaceForBaseService: getIMSService [WAIT_FOR_READY] : Service Ready!
12-12 00:57:05.799 19052 19052 D CII     : IMSInterfaceForGeneralService: notifyServiceState : ready [true] listener [null] 
12-12 00:57:05.799 19052 19088 W ResourcesManager: Asset path '/system/framework/com.google.android.media.effects.jar' does not exist or contains no resources.
12-12 00:57:05.814 19052 19169 D Mms/FreeMessageReceiverService: onHandleIntent, action : android.intent.action.PACKAGE_REMOVED
12-12 00:57:05.814 19052 19169 D Mms/FreeMessageReceiverService: onHandleIntent: ACTION_PACKAGE_REMOVED
12-12 00:57:05.814 19154 19154 D TimaKeyStoreProvider: TimaSignature is unavailable
12-12 00:57:05.819 19154 19154 D ActivityThread: Added TimaKeyStore provider
12-12 00:57:05.824 19052 19088 D Mms/TelephonyPermission: DefaultSmsApp is com.android.mms
12-12 00:57:05.824 19052 19088 D Mms/TelephonyPermission: isDefault true
12-12 00:57:05.824 19052 19151 D Mms/SpamFilter: [start]    SpamFilter fill() begin consume time = 32.1785
12-12 00:57:05.829  2841  3266 V BroadcastQueue: [background] Process cur broadcast BroadcastRecord{fd7a8d6 u0 android.intent.action.PACKAGE_REMOVED} DELIVERED for app ProcessRecord{392996cc 19154:com.android.settings/1000}
12-12 00:57:05.829 19052 19088 D Mms/ArtClassLoader: init [DONE] art
12-12 00:57:05.829  2841  3591 I ActivityManager: Killing 18941:com.sec.knox.bridge/1000 (adj 15): DHA:empty #13
12-12 00:57:05.839  3241  3822 D TP/MmsSmsProvider: query,matched:400, calling pid = 19052
12-12 00:57:05.844 19052 19151 D Mms/SpamFilter: [end]    SpamFilter fill() finished consume time = 21.559808
12-12 00:57:05.849 19154 19154 W ResourcesManager: Asset path '/system/framework/sec_platform_library.jar' does not exist or contains no resources.
12-12 00:57:05.849 19154 19154 W ResourcesManager: Asset path '/system/framework/smatlib.jar' does not exist or contains no resources.
12-12 00:57:05.849 19154 19154 W ResourcesManager: Asset path '/system/framework/secvisualeffect.jar' does not exist or contains no resources.
12-12 00:57:05.849  3241  3350 D TP/MmsSmsProvider: query,matched:0, calling pid = 19052
12-12 00:57:05.854  3241  3350 V TP/MmsSmsProvider: getSimpleConversations entered.
12-12 00:57:05.854 19154 19154 W ResourcesManager: Asset path '/system/framework/sechardware.jar' does not exist or contains no resources.
12-12 00:57:05.854  3241  3350 D TP/MmsSmsProvider: match 0:Elapsed time : 1.253 ms
12-12 00:57:05.854 19154 19154 W ResourcesManager: Asset path '/system/framework/com.google.android.maps.jar' does not exist or contains no resources.
12-12 00:57:05.854 19154 19154 W ResourcesManager: Asset path '/system/framework/twframework.jar' does not exist or contains no resources.
12-12 00:57:05.854 19154 19154 W ResourcesManager: Asset path '/system/framework/com.broadcom.bt.jar' does not exist or contains no resources.
12-12 00:57:05.864 18990 18999 D BadgeProvider: query, [selection] : package=?
12-12 00:57:05.869 19052 19151 D Mms/MessagingNotificationLight: checkBadgeCount unreadCount=0 badgeCount=0
12-12 00:57:05.874  3241  3822 D TP/SmsProvider: query,matched:26, calling pid = 19052
12-12 00:57:05.874  3241  3822 D TP/SmsProvider: match 26:Elapsed time : 1.357 ms
12-12 00:57:05.879  2841  3274 D ActivityManager: cleanUpApplicationRecord -- 18941
12-12 00:57:05.879  2841  3274 D ActivityManager: isAutoRunBlockedApp:: com.sec.knox.bridge, Auto Run ON
12-12 00:57:05.889  3241  3256 D TP/MmsSmsProvider: query,matched:6, calling pid = 19052
12-12 00:57:05.889  3241  3256 D TP/MmsSmsProvider: match 6:Elapsed time : 1.060 ms
12-12 00:57:05.899 19152 19152 D AndroidRuntime: >>>>>> START com.android.internal.os.RuntimeInit uid 2000 <<<<<<
12-12 00:57:05.904 19152 19152 D AndroidRuntime: CheckJNI is OFF
12-12 00:57:05.904 19152 19152 D AndroidRuntime: readGMSProperty: start
12-12 00:57:05.904 19152 19152 D AndroidRuntime: readGMSProperty: already setted!!
12-12 00:57:05.904 19152 19152 D AndroidRuntime: propertySet: couldn't set property (it is from app)
12-12 00:57:05.904 19152 19152 D AndroidRuntime: readGMSProperty: could not set the property(default)!!
12-12 00:57:05.904 19152 19152 D AndroidRuntime: readGMSProperty: end
12-12 00:57:05.904 19152 19152 D AndroidRuntime: addProductProperty: start
12-12 00:57:05.939 19154 19154 D SFinderConnectProvider: onCreate
12-12 00:57:05.949 19154 19154 E SQLiteLog: (283) recovered 9 frames from WAL file /data/data/com.android.settings/databases/mysettings.db-wal
12-12 00:57:05.959  2841  3601 D ActivityManager: startProcessLocked calleePkgName: com.samsung.android.SettingsReceiver, hostingType: broadcast-3
12-12 00:57:05.974 19176 19176 E Zygote  : MountEmulatedStorage()
12-12 00:57:05.974 19176 19176 E Zygote  : v2
12-12 00:57:05.974 19176 19176 I libpersona: KNOX_SDCARD checking this for 1000
12-12 00:57:05.974 19176 19176 I libpersona: KNOX_SDCARD not a persona
12-12 00:57:05.974 19176 19176 I SELinux : Function: selinux_compare_spd_ram , priority [2] , priority version is VE=SEPF_SM-J200G_5.1.1_0071
12-12 00:57:05.974 19176 19176 E Zygote  : accessInfo : 0
12-12 00:57:05.974 19176 19176 E SELinux : [DEBUG] get_category: variable seinfo: platform sensitivity: NULL, cateogry: NULL
12-12 00:57:05.979  2841  3601 I ActivityManager: Start proc 19176:com.samsung.android.SettingsReceiver/1000 for broadcast-3 com.samsung.android.SettingsReceiver/.SettingsIntentReceiver
12-12 00:57:05.979  2841  3601 I ActivityManager: Killing 18871:com.samsung.android.sm/1000 (adj 15): DHA:empty #13
12-12 00:57:05.999 19176 19176 D TimaKeyStoreProvider: TimaSignature is unavailable
12-12 00:57:06.004 19176 19176 D ActivityThread: Added TimaKeyStore provider
12-12 00:57:06.009  2841  3266 V BroadcastQueue: [background] Process cur broadcast BroadcastRecord{fd7a8d6 u0 android.intent.action.PACKAGE_REMOVED} DELIVERED for app ProcessRecord{306f8d15 19176:com.samsung.android.SettingsReceiver/1000}
12-12 00:57:06.029  2841  2934 D ActivityManager: cleanUpApplicationRecord -- 18871
12-12 00:57:06.029  2841  2934 D ActivityManager: isAutoRunBlockedApp:: com.samsung.android.sm, Auto Run ON
12-12 00:57:06.034 19176 19176 W ResourcesManager: Asset path '/system/framework/sec_platform_library.jar' does not exist or contains no resources.
12-12 00:57:06.034 19176 19176 W ResourcesManager: Asset path '/system/framework/smatlib.jar' does not exist or contains no resources.
12-12 00:57:06.034 19176 19176 W ResourcesManager: Asset path '/system/framework/secvisualeffect.jar' does not exist or contains no resources.
12-12 00:57:06.034 19176 19176 W ResourcesManager: Asset path '/system/framework/sechardware.jar' does not exist or contains no resources.
12-12 00:57:06.039 19176 19176 W ResourcesManager: Asset path '/system/framework/com.google.android.maps.jar' does not exist or contains no resources.
12-12 00:57:06.039 19176 19176 W ResourcesManager: Asset path '/system/framework/twframework.jar' does not exist or contains no resources.
12-12 00:57:06.039 19176 19176 W ResourcesManager: Asset path '/system/framework/com.broadcom.bt.jar' does not exist or contains no resources.
12-12 00:57:06.044  2841  3266 I splitIntent: Queue : background intent android.intent.action.PACKAGE_REMOVED is finished at BG and BG split queue. set mSplitStart  false.
12-12 00:57:06.044  2841  3266 I ActivityManager: Killing 18951:com.sec.spp.push/u0a21 (adj 15): DHA:empty #13
12-12 00:57:06.049  2841  3266 V BroadcastQueue: [background] Process cur broadcast BroadcastRecord{fb9a82a u0 android.intent.action.PACKAGE_FULLY_REMOVED} DELIVERED for app ProcessRecord{18385abd 2841:system/1000}
12-12 00:57:06.054 19152 19152 E AffinityControl: AffinityControl: registerfunction enter
12-12 00:57:06.059  2841  2841 D ActivityManager: startProcessLocked calleePkgName: com.facebook.system, hostingType: broadcast-3
12-12 00:57:06.069 19191 19191 E Zygote  : MountEmulatedStorage()
12-12 00:57:06.069 19191 19191 E Zygote  : v2
12-12 00:57:06.069 19191 19191 I libpersona: KNOX_SDCARD checking this for 10050
12-12 00:57:06.069 19191 19191 I libpersona: KNOX_SDCARD not a persona
12-12 00:57:06.069 19191 19191 I SELinux : Function: selinux_compare_spd_ram , priority [2] , priority version is VE=SEPF_SM-J200G_5.1.1_0071
12-12 00:57:06.074 19191 19191 E Zygote  : accessInfo : 0
12-12 00:57:06.074 19191 19191 E SELinux : [DEBUG] get_category: variable seinfo: default sensitivity: NULL, cateogry: NULL
12-12 00:57:06.074  2841  2841 I ActivityManager: Start proc 19191:com.facebook.system/u0a50 for broadcast-3 com.facebook.system/com.facebook.oxygen.installer.service.PackageReceiver
12-12 00:57:06.089 19152 19152 D AndroidRuntime: Calling main entry com.android.commands.am.Am
12-12 00:57:06.089 19191 19191 D TimaKeyStoreProvider: TimaSignature is unavailable
12-12 00:57:06.089 19191 19191 D ActivityThread: Added TimaKeyStore provider
12-12 00:57:06.089  2841  3591 I ActivityManager: sanitizing user id to all except knox due to call from shell
12-12 00:57:06.094 19152 19152 D AndroidRuntime: Shutting down VM
12-12 00:57:06.094  2841  3596 D ActivityManager: cleanUpApplicationRecord -- 18951
12-12 00:57:06.094  2841  3596 D ActivityManager: isAutoRunBlockedApp:: com.sec.spp.push, Auto Run ON
12-12 00:57:06.099  2841  3595 V BroadcastQueue: [background] Process cur broadcast BroadcastRecord{fb9a82a u0 android.intent.action.PACKAGE_FULLY_REMOVED} DELIVERED for app ProcessRecord{3dc5961b 19191:com.facebook.system/u0a50}
12-12 00:57:06.124  2841  2857 D ActivityManager: startProcessLocked calleePkgName: com.samsung.android.bbc.bbcagent, hostingType: broadcast-3
12-12 00:57:06.134 19208 19208 E Zygote  : MountEmulatedStorage()
12-12 00:57:06.134 19208 19208 E Zygote  : v2
12-12 00:57:06.139 19208 19208 I libpersona: KNOX_SDCARD checking this for 1000
12-12 00:57:06.139 19208 19208 I libpersona: KNOX_SDCARD not a persona
12-12 00:57:06.139 19208 19208 I SELinux : Function: selinux_compare_spd_ram , priority [2] , priority version is VE=SEPF_SM-J200G_5.1.1_0071
12-12 00:57:06.139 19208 19208 E Zygote  : accessInfo : 0
12-12 00:57:06.139 19208 19208 E SELinux : [DEBUG] get_category: variable seinfo: platform sensitivity: NULL, cateogry: NULL
12-12 00:57:06.139  2841  2857 I ActivityManager: Start proc 19208:com.samsung.android.bbc.bbcagent/1000 for broadcast-3 com.samsung.android.bbc.bbcagent/.bbccontroller.receiver.PackageEventReceiver
12-12 00:57:06.144  2841  2857 I ActivityManager: Killing 18701:com.sec.android.app.soundalive/u0a39 (adj 15): DHA:empty #13
12-12 00:57:06.159 19208 19208 D TimaKeyStoreProvider: TimaSignature is unavailable
12-12 00:57:06.159 19208 19208 D ActivityThread: Added TimaKeyStore provider
12-12 00:57:06.164  2841  3596 V BroadcastQueue: [background] Process cur broadcast BroadcastRecord{fb9a82a u0 android.intent.action.PACKAGE_FULLY_REMOVED} DELIVERED for app ProcessRecord{34bf53b8 19208:com.samsung.android.bbc.bbcagent/1000}
12-12 00:57:06.169 19208 19208 W ResourcesManager: Asset path '/system/framework/com.samsung.bbccommon.jar' does not exist or contains no resources.
12-12 00:57:06.184  2841  3266 D ActivityManager: cleanUpApplicationRecord -- 18701
12-12 00:57:06.184  2841  3266 D ActivityManager: isAutoRunBlockedApp:: com.sec.android.app.soundalive, Auto Run ON
12-12 00:57:06.189 14141 14247 I Icing   : Indexing 61B2FBC5A8ED435E0ED7AE1D8C36F869F3F78847 from com.google.android.gms
12-12 00:57:06.194 14141 14247 I Icing   : Indexing done 61B2FBC5A8ED435E0ED7AE1D8C36F869F3F78847
12-12 00:57:06.204  2841  3601 D ActivityManager: startProcessLocked calleePkgName: com.android.documentsui, hostingType: broadcast-3
12-12 00:57:06.214 19223 19223 E Zygote  : MountEmulatedStorage()
12-12 00:57:06.214 19223 19223 E Zygote  : v2
12-12 00:57:06.214 19223 19223 I libpersona: KNOX_SDCARD checking this for 10072
12-12 00:57:06.214 19223 19223 I libpersona: KNOX_SDCARD not a persona
12-12 00:57:06.214 19223 19223 I SELinux : Function: selinux_compare_spd_ram , priority [2] , priority version is VE=SEPF_SM-J200G_5.1.1_0071
12-12 00:57:06.214 19223 19223 E Zygote  : accessInfo : 0
12-12 00:57:06.219 19223 19223 E SELinux : [DEBUG] get_category: variable seinfo: platform sensitivity: NULL, cateogry: NULL
12-12 00:57:06.219  2841  3601 I ActivityManager: Start proc 19223:com.android.documentsui/u0a72 for broadcast-3 com.android.documentsui/.PackageReceiver
12-12 00:57:06.219  2841  3601 I ActivityManager: Killing 18975:com.android.keychain/1000 (adj 15): DHA:empty #13
12-12 00:57:06.234 19223 19223 D TimaKeyStoreProvider: TimaSignature is unavailable
12-12 00:57:06.234 19223 19223 D ActivityThread: Added TimaKeyStore provider
12-12 00:57:06.239  2841  2934 V BroadcastQueue: [background] Process cur broadcast BroadcastRecord{fb9a82a u0 android.intent.action.PACKAGE_FULLY_REMOVED} DELIVERED for app ProcessRecord{3948e591 19223:com.android.documentsui/u0a72}
12-12 00:57:06.274  2841  3104 D ActivityManager: cleanUpApplicationRecord -- 18975
12-12 00:57:06.274  2841  3104 D ActivityManager: isAutoRunBlockedApp:: com.android.keychain, Auto Run ON
12-12 00:57:06.274  2841  3589 D ActivityManager: getContentProviderImpl callerProcessName:com.android.documentsui, calleePkgName: com.android.externalstorage
12-12 00:57:06.289 19239 19239 E Zygote  : MountEmulatedStorage()
12-12 00:57:06.289 19239 19239 E Zygote  : v2
12-12 00:57:06.289 19239 19239 I libpersona: KNOX_SDCARD checking this for 10003
12-12 00:57:06.289 19239 19239 I libpersona: KNOX_SDCARD not a persona
12-12 00:57:06.289 19239 19239 I SELinux : Function: selinux_compare_spd_ram , priority [2] , priority version is VE=SEPF_SM-J200G_5.1.1_0071
12-12 00:57:06.289 19239 19239 E Zygote  : accessInfo : 0
12-12 00:57:06.294 19239 19239 E SELinux : [DEBUG] get_category: variable seinfo: platform sensitivity: NULL, cateogry: NULL
12-12 00:57:06.294  2841  3589 I ActivityManager: Start proc 19239:com.android.externalstorage/u0a3 for content provider com.android.externalstorage/.ExternalStorageProvider
12-12 00:57:06.299  2841  3274 V BroadcastQueue: [background] Process cur broadcast BroadcastRecord{fb9a82a u0 android.intent.action.PACKAGE_FULLY_REMOVED} DELIVERED for app ProcessRecord{2fc0fe0c 18922:com.facebook.appmanager/u0a124}
12-12 00:57:06.304  2841  3596 I ActivityManager: Killing 19008:com.samsung.emergencyreporthelper/1000 (adj 15): DHA:empty #13
12-12 00:57:06.309  2841  3596 V BroadcastQueue: [background] Process cur broadcast BroadcastRecord{fb9a82a u0 android.intent.action.PACKAGE_FULLY_REMOVED} DELIVERED for app ProcessRecord{314b7521 14100:com.google.android.gms.persistent/u0a6}
12-12 00:57:06.314  2841  3601 D ActivityManager: startService callerProcessName:com.google.android.gms, calleePkgName: com.google.android.gms
12-12 00:57:06.314 19239 19239 D TimaKeyStoreProvider: TimaSignature is unavailable
12-12 00:57:06.314 19239 19239 D ActivityThread: Added TimaKeyStore provider
12-12 00:57:06.314  2841  3593 D ActivityManager: startService callerProcessName:com.google.android.gms, calleePkgName: com.google.android.gms
12-12 00:57:06.324  2841  2934 I ActivityManager: Killing 18990:com.sec.android.provider.badge/u0a58 (adj 15): DHA:empty #13
12-12 00:57:06.329  2841  3600 V BroadcastQueue: [background] Process cur broadcast BroadcastRecord{2fcb1282 u0 android.intent.action.UID_REMOVED} DELIVERED for app ProcessRecord{2360b2e2 3956:android.process.media/u0a26}
12-12 00:57:06.329  3956  3956 V DownloadManager: onReceive intent + android.intent.action.UID_REMOVED
12-12 00:57:06.339  2841  3595 D ActivityManager: startService callerProcessName:com.google.android.gms, calleePkgName: com.google.android.gms
12-12 00:57:06.344  2841  3591 D ActivityManager: startProcessLocked calleePkgName: com.samsung.android.asksmanager, hostingType: broadcast-3
12-12 00:57:06.354 19254 19254 E Zygote  : MountEmulatedStorage()
12-12 00:57:06.354 19254 19254 E Zygote  : v2
12-12 00:57:06.354 19254 19254 I libpersona: KNOX_SDCARD checking this for 10004
12-12 00:57:06.354 19254 19254 I libpersona: KNOX_SDCARD not a persona
12-12 00:57:06.359 19254 19254 I SELinux : Function: selinux_compare_spd_ram , priority [2] , priority version is VE=SEPF_SM-J200G_5.1.1_0071
12-12 00:57:06.359 19254 19254 E Zygote  : accessInfo : 0
12-12 00:57:06.359 19254 19254 E SELinux : [DEBUG] get_category: variable seinfo: platform sensitivity: NULL, cateogry: NULL
12-12 00:57:06.359 19239 19239 D ExternalStorage: After updating volumes, found 1 active roots
12-12 00:57:06.359  2841  3591 I ActivityManager: Start proc 19254:com.samsung.android.asksmanager/u0a4 for broadcast-3 com.samsung.android.asksmanager/.NotificationReceiver
12-12 00:57:06.364  2841  2857 D ActivityManager: cleanUpApplicationRecord -- 19008
12-12 00:57:06.364  2841  2857 D ActivityManager: isAutoRunBlockedApp:: com.samsung.emergencyreporthelper, Auto Run ON
12-12 00:57:06.374  2841  2858 D ActivityManager: startService callerProcessName:com.google.android.gms, calleePkgName: com.google.android.gms
12-12 00:57:06.379  2841  2857 D ActivityManager: cleanUpApplicationRecord -- 18990
12-12 00:57:06.379  2841  2857 D ActivityManager: isAutoRunBlockedApp:: com.sec.android.provider.badge, Auto Run ON
12-12 00:57:06.384 19254 19254 D TimaKeyStoreProvider: TimaSignature is unavailable
12-12 00:57:06.384 19254 19254 D ActivityThread: Added TimaKeyStore provider
12-12 00:57:06.389  2841  3104 V BroadcastQueue: [background] Process cur broadcast BroadcastRecord{c1bd4ce u0 com.samsung.android.asksmanager.ACTION_THREAT_PACKAGE_REMOVED} DELIVERED for app ProcessRecord{8048fef 19254:com.samsung.android.asksmanager/u0a4}
12-12 00:57:06.399 19254 19254 W ResourcesManager: Asset path '/system/framework/twframework.jar' does not exist or contains no resources.
12-12 00:57:06.414  2841  3595 D ActivityManager: getContentProviderImpl callerProcessName:com.android.documentsui, calleePkgName: com.google.android.apps.docs
12-12 00:57:06.429 19271 19271 E Zygote  : MountEmulatedStorage()
12-12 00:57:06.429 19271 19271 E Zygote  : v2
12-12 00:57:06.429 19271 19271 I libpersona: KNOX_SDCARD checking this for 10073
12-12 00:57:06.429 19271 19271 I libpersona: KNOX_SDCARD not a persona
12-12 00:57:06.429 19271 19271 I SELinux : Function: selinux_compare_spd_ram , priority [2] , priority version is VE=SEPF_SM-J200G_5.1.1_0071
12-12 00:57:06.429 19271 19271 E Zygote  : accessInfo : 0
12-12 00:57:06.434 19271 19271 E SELinux : [DEBUG] get_category: variable seinfo: untrusted sensitivity: NULL, cateogry: NULL
