--------- beginning of main
12-12 00:56:56.174 18648 18648 D AndroidRuntime: >>>>>> START com.android.internal.os.RuntimeInit uid 2000 <<<<<<
12-12 00:56:56.179 18648 18648 D AndroidRuntime: CheckJNI is OFF
12-12 00:56:56.179 18648 18648 D AndroidRuntime: readGMSProperty: start
12-12 00:56:56.179 18648 18648 D AndroidRuntime: readGMSProperty: already setted!!
12-12 00:56:56.179 18648 18648 D AndroidRuntime: propertySet: couldn't set property (it is from app)
12-12 00:56:56.179 18648 18648 D AndroidRuntime: readGMSProperty: could not set the property(default)!!
12-12 00:56:56.179 18648 18648 D AndroidRuntime: readGMSProperty: end
12-12 00:56:56.179 18648 18648 D AndroidRuntime: addProductProperty: start
12-12 00:56:56.319 18648 18648 E AffinityControl: AffinityControl: registerfunction enter
12-12 00:56:56.349 18648 18648 D AndroidRuntime: Calling main entry com.android.commands.am.Am
12-12 00:56:56.364  2841  2875 D SettingsProvider: isChangeAllowed() : name = window_animation_scale
--------- beginning of system
12-12 00:56:56.369  2841  2858 I ActivityManager: Force stopping com.example.snoopy appid=10209 user=0: start instr
12-12 00:56:56.369  2841  2858 I ActivityManager: Killing 17695:com.example.snoopy/u0a209 (adj 0): stop com.example.snoopy cause start instr
12-12 00:56:56.369  2841  2858 D ActivityManager: cleanUpApplicationRecord -- 17695
12-12 00:56:56.374  2841  2875 D SettingsProvider: isChangeAllowed() : name = transition_animation_scale
12-12 00:56:56.374  2841  2858 D ActivityManager: isAutoRunBlockedApp:: com.example.snoopy, Auto Run ON
12-12 00:56:56.379  2841  2858 W ActivityManager: Force removing ActivityRecord{2b49c349 u0 com.example.snoopy/.CameraInputFrames t17}: app died, no saved state
12-12 00:56:56.379  2841  2875 D SettingsProvider: isChangeAllowed() : name = animator_duration_scale
12-12 00:56:56.379  2841  2875 D SettingsProvider: isChangeAllowed() : name = window_animation_scale
12-12 00:56:56.379  2841  2875 D SettingsProvider: isChangeAllowed() : name = transition_animation_scale
12-12 00:56:56.379  2841  2875 D SettingsProvider: isChangeAllowed() : name = animator_duration_scale
12-12 00:56:56.384  2841  2858 D InputDispatcher: Focused application set to: xxxx
12-12 00:56:56.389  2841  2858 D InputDispatcher: Focus left window: 17695
12-12 00:56:56.389  2841  2875 E JavaBinder: !!! FAILED BINDER TRANSACTION !!!
12-12 00:56:56.389  2841  2858 E JavaBinder: !!! FAILED BINDER TRANSACTION !!!
12-12 00:56:56.389  2841  2875 D PointerIcon: setMouseIconStyle1 pointerType: 1001 iconType:101 flag:0 pid:2841 uid:1000
12-12 00:56:56.389  2841  2875 D PointerIcon: setMouseCustomIcon IconType is same.101
12-12 00:56:56.394  2156  2888 I SurfaceFlinger: id=15 Removed DameraInput (4/7)
12-12 00:56:56.394  2156 13604 I SurfaceFlinger: id=15 Removed DameraInput (-2/7)
12-12 00:56:56.404  2841  2858 D CustomFrequencyManagerService: acquireDVFSLockLocked : type : DVFS_MIN_LIMIT  frequency : 1105000  uid : 1000  pid : 2841  pkgName : ACTIVITY_RESUME_BOOSTER@6
12-12 00:56:56.404  2841  2858 D ActivityManager: mDVFSHelper.acquire()
12-12 00:56:56.404  2156  2156 D libEGL  : eglTerminate EGLDisplay = 0xbe82eb94
12-12 00:56:56.409  2841  2858 V WindowOrientationListener: setCurrentAppOrientation :1
12-12 00:56:56.409  2841  2858 V WindowOrientationListener: ScreenOrientationEventListenerImpl.getProposedRotationLocked, Rotation: -1
12-12 00:56:56.409  2841  2858 V WindowManager: rotationForOrientationLw(orient=1, last=0); user=0  sensorRotation=-1 mLidState=-1 mDockMode=0 mHdmiPlugged=false mMobileKeyboardEnabled=false
12-12 00:56:56.409  2841  2858 V WindowOrientationListener: ScreenOrientationEventListenerImpl.getProposedRotationLocked, Rotation: -1
12-12 00:56:56.409  2841  2858 D PowerManagerService: setKeyboardVisibility: false
12-12 00:56:56.439 18659 18659 E Zygote  : MountEmulatedStorage()
12-12 00:56:56.439 18659 18659 E Zygote  : v2
12-12 00:56:56.439 18659 18659 I libpersona: KNOX_SDCARD checking this for 10209
12-12 00:56:56.439 18659 18659 I libpersona: KNOX_SDCARD not a persona
12-12 00:56:56.439  2841  2858 I ActivityManager: Start proc 18659:com.example.snoopy/u0a209 for added application com.example.snoopy
12-12 00:56:56.444 18659 18659 I SELinux : Function: selinux_compare_spd_ram , priority [2] , priority version is VE=SEPF_SM-J200G_5.1.1_0071
12-12 00:56:56.444 18659 18659 E Zygote  : accessInfo : 0
12-12 00:56:56.449 18659 18659 E SELinux : [DEBUG] get_category: variable seinfo: default sensitivity: NULL, cateogry: NULL
12-12 00:56:56.449  2156  2262 E         : BitTube(): close sendFd (30)
12-12 00:56:56.449  2156  2262 E         : BitTube(): close sendFd (53)
12-12 00:56:56.459 18659 18659 I art     : Late-enabling -Xcheck:jni
12-12 00:56:56.479  3258  3258 D Launcher: onRestart, Launcher: 573853269
12-12 00:56:56.479  3258  3258 D Launcher: onStart, Launcher: 573853269
12-12 00:56:56.479  3258  3258 D Launcher.HomeView: onStart
12-12 00:56:56.479  3258  3258 D Launcher: onResume, Launcher: 573853269
12-12 00:56:56.484  3258  3258 D Launcher: setSystemUiTransparency.SettingNotFoundException : set as TRUE
12-12 00:56:56.489  3258  3258 D Launcher.HomeView: onResume
12-12 00:56:56.489 18659 18659 D TimaKeyStoreProvider: TimaSignature is unavailable
12-12 00:56:56.489 18659 18659 D ActivityThread: Added TimaKeyStore provider
12-12 00:56:56.509  2154  2390 E Vold    : Failed to find mounted volume for /storage/extSdCard/Android/data/com.sec.android.app.launcher/cache/
12-12 00:56:56.509  2154  2390 W Vold    : Returning OperationFailed - no handler for errno 0
12-12 00:56:56.509  3258  3258 W ContextImpl: Failed to ensure directory: /storage/extSdCard/Android/data/com.sec.android.app.launcher/cache
12-12 00:56:56.514  2154  2390 E Vold    : Failed to find mounted volume for /storage/extSdCard/Android/data/com.sec.android.app.launcher/cache/
12-12 00:56:56.514  2154  2390 W Vold    : Returning OperationFailed - no handler for errno 0
12-12 00:56:56.514  3258  3258 W ContextImpl: Failed to ensure directory: /storage/extSdCard/Android/data/com.sec.android.app.launcher/cache
12-12 00:56:56.514  2154  2390 E Vold    : Failed to find mounted volume for /storage/extSdCard/Android/data/com.sec.android.app.launcher/cache/
12-12 00:56:56.514  2154  2390 W Vold    : Returning OperationFailed - no handler for errno 0
12-12 00:56:56.514  3258  3258 W ContextImpl: Failed to ensure directory: /storage/extSdCard/Android/data/com.sec.android.app.launcher/cache
12-12 00:56:56.514  3258  3258 D capture : ---------checkFileExist 
12-12 00:56:56.514  3258  3258 D capture : currentOrientation: 1 mMainHomeScreenshot: true mMainHomeScreenshotLand: true
12-12 00:56:56.519  3258  3258 D MenuAppsGridFragment: onResume
12-12 00:56:56.519  3258  3258 D Launcher.MenuTitleBarManager: setTitleBarVisibility
12-12 00:56:56.519  3258  3258 D Launcher.MenuTitleBarManager: getActiveTitleBarForState NORMAL 8
12-12 00:56:56.519  3258  3258 D Launcher.MenuTitleBarManager: changeTitleBar
12-12 00:56:56.519  2841  2870 V BroadcastQueue: [background] Process cur broadcast BroadcastRecord{1553ec39 u0 com.sec.android.intent.action.HOME_RESUME} DELIVERED for app ProcessRecord{dd6d2f0 4152:com.android.contacts/u0a14}
12-12 00:56:56.519  3258  3258 D Launcher.MenuTitleBarManager: getActiveTitleBarForState NORMAL 8
12-12 00:56:56.524  2841  3593 D ActivityManager: post active user change for 0 fullscreen true isFloatingActivity() false isHomeActivity() true
12-12 00:56:56.524  2841  3593 I WallpaperManagerService: switchPersonaWallpaper is called for personaId-0
12-12 00:56:56.524  2841  3593 D KnoxTimeoutHandler: post home show event for user 0
12-12 00:56:56.524  2841  3593 D KnoxTimeoutHandler: postActiveUserChange for user 0
12-12 00:56:56.524  2841  3593 I KnoxTimeoutHandler: postActiveUserChange, showWhenLocked: false
12-12 00:56:56.529  2841  2841 D WallpaperManagerService:  force update = false; persona id = 0; current user =0; current persona = 0
12-12 00:56:56.529  2841  2841 D KnoxTimeoutHandler: handleHomeShow for 0 and current 0
12-12 00:56:56.529  2841  2841 D KnoxTimeoutHandler: handleActiveUserChange for user 0
12-12 00:56:56.529  2841  2841 I KnoxTimeoutHandler: Shared devices show user statefalse
12-12 00:56:56.529  2841  2841 D PersonaManagerService: getPersonasForUser(): returning null!
12-12 00:56:56.529  2841  3591 V BroadcastQueue: [background] Process cur broadcast BroadcastRecord{1553ec39 u0 com.sec.android.intent.action.HOME_RESUME} DELIVERED for app ProcessRecord{21beb791 17419:com.android.mms/u0a34}
12-12 00:56:56.529  2156  2156 I SurfaceFlinger: id=16 createSurf (540x960),1 flag=4, Mauncher
12-12 00:56:56.534 17419 17419 D Mms/UIEventReceiver: ui event
12-12 00:56:56.534  2841  2873 D StatusBarManagerService: manageDisableList userId=0 what=0x0 pkg=Window{80f6685 u0 d0 com.sec.android.app.launcher/com.android.launcher2.Launcher}
12-12 00:56:56.534  2841  3596 V BroadcastQueue: [background] Process cur broadcast BroadcastRecord{1553ec39 u0 com.sec.android.intent.action.HOME_RESUME} DELIVERED for app ProcessRecord{1d0c409 13456:com.sec.android.widgetapp.ap.hero.accuweather/u0a54}
12-12 00:56:56.534 13456 13456 D         : getInstance
12-12 00:56:56.534 13456 13456 D         : actionWC : com.sec.android.intent.action.HOME_RESUME rebootFlag = 0
12-12 00:56:56.539 13456 13456 D         : UIManager : action:com.sec.android.intent.action.HOME_RESUME
12-12 00:56:56.539 13456 13456 I         : cp query  pt : 1
12-12 00:56:56.539  2841  3595 D InputDispatcher: Focus entered window: 3258
12-12 00:56:56.539  2841  2875 D PointerIcon: setMouseIconStyle1 pointerType: 1001 iconType:101 flag:0 pid:2841 uid:1000
12-12 00:56:56.539  2841  2875 D PointerIcon: setMouseCustomIcon IconType is same.101
12-12 00:56:56.544  2841  2858 D ActivityManager: startService callerProcessName:com.sec.android.widgetapp.ap.hero.accuweather, calleePkgName: com.sec.android.widgetapp.ap.hero.accuweather
12-12 00:56:56.544  2156  2156 I display : [PrimaryDisplay] [DYNAMIC_RECOMP] GLES_2_HWC by BW check
12-12 00:56:56.544  3258  3374 D mali_winsys: new_window_surface returns 0x3000,  [540x960]-format:1
12-12 00:56:56.549 13456 13456 I         : cp query  pt : 1
12-12 00:56:56.549 13456 13456 I         : cp query  pt : 0
12-12 00:56:56.554 13456 13456 D         : AR_S_T : 3
12-12 00:56:56.559 13456 13456 D         : direct update clock
12-12 00:56:56.559 13456 13456 D MAR     : Locale format : MMM d, y
12-12 00:56:56.559 13456 13456 D MAR     : Locale format: MM-dd-yyyy
12-12 00:56:56.559 13456 13456 D MAR     : Locale: en
12-12 00:56:56.564 13456 13456 D         : dark mode set = 0
12-12 00:56:56.569  2841  3601 V BroadcastQueue: [background] Process cur broadcast BroadcastRecord{1553ec39 u0 com.sec.android.intent.action.HOME_RESUME} DELIVERED for app ProcessRecord{371b1f7 3241:com.android.phone/1001}
12-12 00:56:56.569 13456 13456 I         : cp query  pt : 1
12-12 00:56:56.579 13456 13456 I         : cp query  pt : 0
12-12 00:56:56.579  3258  3258 D Launcher: setSystemUiTransparency.SettingNotFoundException : set as TRUE
12-12 00:56:56.584  2841  3593 D InputMethodManagerService: windowGainedFocus mCurrentFocusedUserId - 0 and mSecureKeypadEnabled-false
12-12 00:56:56.589 13456 13456 I         : cp query  pt : 0
12-12 00:56:56.589  2841  3418 V BroadcastQueue: [background] Process cur broadcast BroadcastRecord{1553ec39 u0 com.sec.android.intent.action.HOME_RESUME} DELIVERED for app ProcessRecord{371b1f7 3241:com.android.phone/1001}
12-12 00:56:56.589  2156  2156 D libEGL  : eglInitialize EGLDisplay = 0xbe82e2b4
12-12 00:56:56.594 13456 13456 D @@@     : widget 1513061816601
12-12 00:56:56.599 13456 13456 D         : NT(1513061816601) - NOW(1513040216573) = 21600028
12-12 00:56:56.599 13456 13456 D         : set UT pref:1513040216604
12-12 00:56:56.604 13456 13456 D         : get UT pref:0
12-12 00:56:56.604 13456 13456 D         :  retryTime [ 0 ] 
12-12 00:56:56.604 13456 13456 D         : need RF = true
12-12 00:56:56.604 13456 13456 D         : updateCityList
12-12 00:56:56.604  2841  3593 W InputMethodManagerService: Got RemoteException sending setActive(false) notification to pid 17695 uid 10209
12-12 00:56:56.604  2993  2993 I StatusBar: Icon Only
12-12 00:56:56.614  2993  2993 D StatusBar: getNumberOfActiveSim: 1
12-12 00:56:56.619  3423  3423 D SamsungIME: onStartInput: No inputType, No imeOption, isInputViewShown = false, isExtractViewShown = false, isShowInputRequested = false, isConfigChanged = true
12-12 00:56:56.619 13456 13456 I         : cp query  pt : 17
12-12 00:56:56.624  3392  3392 I MicroDetectionWorker: Micro detection mode: [mDetectionMode: [1]].
12-12 00:56:56.624 13456 13456 D         : gADWI : count = 0
12-12 00:56:56.629 13456 13456 D         : Set Interval Time: 256
12-12 00:56:56.629 13456 13456 D         : [RM]Init R cnt = 0
12-12 00:56:56.634  3258  3258 I Timeline: Timeline: Activity_idle id: android.os.BinderProxy@21e32f25 time:3911122
12-12 00:56:56.634  2841  2875 D CustomFrequencyManagerService: releaseDVFSLockLocked : Getting Lock type frm List : DVFS_MIN_LIMIT  frequency : 1105000  uid : 1000  pid : 2841  tag : ACTIVITY_RESUME_BOOSTER@6
12-12 00:56:56.639  2841  2875 I Timeline: Timeline: Activity_windows_visible id: ActivityRecord{2302eeae u0 com.sec.android.app.launcher/com.android.launcher2.Launcher t14} time:3911125
12-12 00:56:56.639  2841  2875 D ActivityManager: mDVFSHelper.release()
12-12 00:56:56.639  2841  2870 D CustomFrequencyManagerService: acquireDVFSLockLocked : type : DVFS_MIN_LIMIT  frequency : 1105000  uid : 1000  pid : 2841  pkgName : ACTIVITY_RESUME_BOOSTER@12
12-12 00:56:56.659  2841  2870 V BroadcastQueue: [background] Process cur broadcast BroadcastRecord{34a9082c u0 update-hint} DELIVERED for app ProcessRecord{1b7f3e16 3392:com.google.android.googlequicksearchbox:search/u0a42}
12-12 00:56:56.674  3392 18677 I MicroRecognitionRunner: Starting detection.
12-12 00:56:56.679  3392 18678 I MicrophoneInputStream: mic_starting com.google.android.apps.gsa.speech.audio.ae@10277539
12-12 00:56:56.689  2173  2519 I AudioPolicyManager: getInputForAttr() source 1999, samplingRate 16000, format 8, channelMask 1,session 0, flags 0x10
12-12 00:56:56.689  2173  2519 I AudioPolicyManager: getDeviceForInputSource()input source 1999, device 80000004
12-12 00:56:56.689  2173  2519 V audio_hw_primary: adev_open_input_stream: request sample_rate:16000
12-12 00:56:56.689  2173  2519 V audio_hw_primary: in->requested_rate:16000, pcm_config_in.rate:48000 in->config.channels=2
12-12 00:56:56.689  2173  2519 D audio_hw_primary: adev_open_input_stream: call echoReference_init(12)
12-12 00:56:56.689  2173  2519 V echo_reference_processing: echoReference_init +
12-12 00:56:56.689  2156  2156 D libEGL  : eglInitialize EGLDisplay = 0xbe82e2b4
12-12 00:56:56.694  2173 18680 I AudioFlinger: AudioFlinger's thread 0xb20dd000 ready to run
12-12 00:56:56.709  2173  2173 I AudioPolicyManager: startInput() input 19
12-12 00:56:56.709  2173  2173 I AudioPolicyManager: getDeviceForInputSource()input source 1999, device 80000004
12-12 00:56:56.709 18659 18659 I System.out: EMMA: collecting runtime coverage data ...
12-12 00:56:56.709  2173 18680 D audio_hw_primary: in_set_parameters: enter: kvpairs: input_source=6;keyIsHotword=true;routing=-2147483644
12-12 00:56:56.709  2173 18680 V audio_hw_primary: set_processing_type: input_source(6), processing_type(0)
12-12 00:56:56.709  2173 18680 I audio_hw_primary: do_in_standby : in->standby 1
12-12 00:56:56.709  2173 18680 I samsungRecord: [samsungrecord] MicCalonoff 1
12-12 00:56:56.714  3392 18678 I MicrophoneInputStream: mic_started com.google.android.apps.gsa.speech.audio.ae@10277539
12-12 00:56:56.724  2173 18680 W audio_hw_primary: start_input_stream echoReference effect is not supported.
12-12 00:56:56.759 18659 18659 D FirebaseApp: com.google.firebase.crash.FirebaseCrash is not linked. Skipping initialization.
12-12 00:56:56.759 18659 18681 W DynamiteModule: Local module descriptor class for com.google.firebase.auth not found.
12-12 00:56:56.769  2173 18680 D audio_hw_primary: start_input_stream (0xb2c77280) in->config.rate:48000 in->config.format:0
12-12 00:56:56.769  2173 18680 D PreProcess: new SamsungRecord
12-12 00:56:56.769  2173 18680 D PreProcess: new NS
12-12 00:56:56.769  2173 18680 I samsungRecord: [samsungrecord] SamsungRecInit 
12-12 00:56:56.769  2173 18680 I samsungRecord: [samsungrecordMIC]Use HardCoding Values
12-12 00:56:56.769  2173 18680 E samsungRecord: miccalib file can't created. (/data/snd/miccalib.txt)
12-12 00:56:56.769  2173 18680 I samsungRecord: 1
12-12 00:56:56.769  2173 18680 D SamsungRecord_NS: [SamsungRecord_NS] Init SR 16000
12-12 00:56:56.769  2173 18680 D SamsungRecord_NS: [SamsungRecord_NS] getLevel inputsource 6, ret_level 3
12-12 00:56:56.774  2173 18680 I samsungRecord: [samsungrecord] MicCalonoff 1
12-12 00:56:56.774  2173 18680 I audio_hw_primary: is_voice_wakeup : ret =  0  , wakeup_baby_cry_enabled = 0  ,  wakeup_mic_enabled = 0 
12-12 00:56:56.774  2173 18680 I audio_hw_primary: get_input_snd_device_id device:0xa
12-12 00:56:56.774  2173 18680 V audio_hw_primary: select_devices output_scenario:-1 input_scenario:27 out_snd_device 0x0 in_snd_device:0xa
12-12 00:56:56.774  2173 18680 I audio_route: 
12-12 00:56:56.774  2173 18680 I audio_route: > audio_route_reset :
12-12 00:56:56.774 18659 18659 I FA      : App measurement is starting up, version: 11400
12-12 00:56:56.774 18659 18659 I FA      : To enable debug logging run: adb shell setprop log.tag.FA VERBOSE
12-12 00:56:56.774  2173 18680 I audio_route: 
12-12 00:56:56.774  2173 18680 I audio_route: > audio_route_apply_path : "recognition-mic"
12-12 00:56:56.774  2173 18680 V audio_hw_primary: select_devices() input_route "recognition-mic" 
12-12 00:56:56.774  2173 18680 I audio_route: 
12-12 00:56:56.774  2173 18680 I audio_route: > audio_route_apply_path : "gain-recognition-mic"
12-12 00:56:56.774  2173 18680 V audio_hw_primary: select_devices() input_gain "gain-recognition-mic" 
12-12 00:56:56.774  2173 18680 I audio_route: 
12-12 00:56:56.774  2173 18680 I audio_route: > audio_route_update_mixer : +
12-12 00:56:56.774  2173 18680 I audio_route: > audio_route_update_mixer : changed(0) -
12-12 00:56:56.774  2173 18680 I audio_hw_primary: select_devices - 
12-12 00:56:56.774  2173 18680 V audio_hw_primary: start_input_stream -
12-12 00:56:56.779 18659 18681 W DynamiteModule: Local module descriptor class for com.google.firebase.auth not found.
12-12 00:56:56.789 18659 18659 I FA      : To enable faster debug mode event logging run:
12-12 00:56:56.789 18659 18659 I FA      :   adb shell setprop debug.firebase.analytics.app com.example.snoopy
12-12 00:56:56.804 18659 18659 I FirebaseInitProvider: FirebaseApp initialization successful
12-12 00:56:56.824 18659 18686 I TestRunner: started: rmInternalFiles(com.trellis.AUTUtils)
12-12 00:56:56.869 18659 18686 I art     : Explicit concurrent mark sweep GC freed 2739(247KB) AllocSpace objects, 3(48KB) LOS objects, 32% free, 4MB/6MB, paused 713us total 30.624ms
12-12 00:56:56.894 18659 18686 I art     : Explicit concurrent mark sweep GC freed 145(13KB) AllocSpace objects, 0(0B) LOS objects, 32% free, 4MB/6MB, paused 602us total 21.625ms
12-12 00:56:56.894 18659 18686 I TestRunner: finished: rmInternalFiles(com.trellis.AUTUtils)
12-12 00:56:56.894 18659 18686 I TestRunner: passed: rmInternalFiles(com.trellis.AUTUtils)
12-12 00:56:56.904  2841  3596 I ActivityManager: Force stopping com.example.snoopy appid=10209 user=0: finished inst
12-12 00:56:56.904 18648 18648 D AndroidRuntime: Shutting down VM
12-12 00:56:56.904  2841  3596 I ActivityManager: Killing 18659:com.example.snoopy/u0a209 (adj 0): stop com.example.snoopy cause finished inst
12-12 00:56:56.904  2841  2875 D SettingsProvider: isChangeAllowed() : name = window_animation_scale
12-12 00:56:56.904  2841  3596 D ActivityManager: cleanUpApplicationRecord -- 18659
12-12 00:56:56.909  2841  3596 D ActivityManager: isAutoRunBlockedApp:: com.example.snoopy, Auto Run ON
12-12 00:56:56.909  2841  2875 D SettingsProvider: isChangeAllowed() : name = transition_animation_scale
12-12 00:56:56.914  2841  2875 D SettingsProvider: isChangeAllowed() : name = animator_duration_scale
12-12 00:56:56.944  3392  3392 I MicroDetectionWorker: onReady
12-12 00:56:57.009  2156  2292 I display : [PrimaryDisplay] [DYNAMIC_RECOMP] HWC_2_GLES by low FPS(0)
12-12 00:56:57.639  2841  2841 D CustomFrequencyManagerService: releaseDVFSLockLocked : Getting Lock type frm List : DVFS_MIN_LIMIT  frequency : 1105000  uid : 1000  pid : 2841  tag : ACTIVITY_RESUME_BOOSTER@12
12-12 00:56:57.694 18691 18691 D AndroidRuntime: >>>>>> START com.android.internal.os.RuntimeInit uid 2000 <<<<<<
12-12 00:56:57.699 18691 18691 D AndroidRuntime: CheckJNI is OFF
12-12 00:56:57.704 18691 18691 D AndroidRuntime: readGMSProperty: start
12-12 00:56:57.704 18691 18691 D AndroidRuntime: readGMSProperty: already setted!!
12-12 00:56:57.704 18691 18691 D AndroidRuntime: propertySet: couldn't set property (it is from app)
12-12 00:56:57.704 18691 18691 D AndroidRuntime: readGMSProperty: could not set the property(default)!!
12-12 00:56:57.704 18691 18691 D AndroidRuntime: readGMSProperty: end
12-12 00:56:57.704 18691 18691 D AndroidRuntime: addProductProperty: start
12-12 00:56:57.819  2841  2902 D TimaService: TIMA: TimaService scheduler is intialized. 
12-12 00:56:57.819  2841  2901 D TimaService: TimaServiceHandler.handleMessage what =1
12-12 00:56:57.819  2841  2902 D TimaService: TIMA: checkEvent, operation: 50000 subject: 10000
12-12 00:56:57.834  2841  2868 D SensorService: [SO] -0.174 -0.008 9.977
12-12 00:56:57.834 18691 18691 E AffinityControl: AffinityControl: registerfunction enter
12-12 00:56:57.864 18691 18691 D AndroidRuntime: Calling main entry com.android.commands.am.Am
12-12 00:56:57.869  2841  3591 I ActivityManager: Force stopping com.trellis appid=10210 user=0: from pid 18691
12-12 00:56:57.874 18691 18691 D AndroidRuntime: Shutting down VM
12-12 00:56:57.884  2841  2870 V BroadcastQueue: [background] Process cur broadcast BroadcastRecord{30539530 u0 android.intent.action.PACKAGE_RESTARTED} DELIVERED for app ProcessRecord{18385abd 2841:system/1000}
12-12 00:56:57.884  2841  2841 D ActivityManager: startProcessLocked calleePkgName: com.sec.android.app.soundalive, hostingType: broadcast-3
12-12 00:56:57.894 18701 18701 E Zygote  : MountEmulatedStorage()
12-12 00:56:57.894 18701 18701 E Zygote  : v2
12-12 00:56:57.894 18701 18701 I libpersona: KNOX_SDCARD checking this for 10039
12-12 00:56:57.894 18701 18701 I libpersona: KNOX_SDCARD not a persona
12-12 00:56:57.899 18701 18701 I SELinux : Function: selinux_compare_spd_ram , priority [2] , priority version is VE=SEPF_SM-J200G_5.1.1_0071
12-12 00:56:57.899  2841  2841 I ActivityManager: Start proc 18701:com.sec.android.app.soundalive/u0a39 for broadcast-3 com.sec.android.app.soundalive/.SAControlPanelReceiver
12-12 00:56:57.899 18701 18701 E Zygote  : accessInfo : 0
12-12 00:56:57.904 18701 18701 E SELinux : [DEBUG] get_category: variable seinfo: release sensitivity: NULL, cateogry: NULL
12-12 00:56:57.924 18701 18701 D TimaKeyStoreProvider: TimaSignature is unavailable
12-12 00:56:57.924 18701 18701 D ActivityThread: Added TimaKeyStore provider
12-12 00:56:57.929  2841  3104 V BroadcastQueue: [background] Process cur broadcast BroadcastRecord{30539530 u0 android.intent.action.PACKAGE_RESTARTED} DELIVERED for app ProcessRecord{1e2b55a9 18701:com.sec.android.app.soundalive/u0a39}
12-12 00:56:57.954 18701 18701 D SAControlPanelReceiver: *****onReceive()*****
12-12 00:56:57.954 18701 18701 D SAControlPanelReceiver: Action: android.intent.action.PACKAGE_RESTARTED
12-12 00:56:58.329  2841  3589 D BatteryService: !@BatteryListener : batteryPropertiesChanged!
12-12 00:56:58.329  2841  3589 D BatteryService: level:100, scale:100, status:5, health:2, present:true, voltage: 4406, temperature: 250, technology: Li-ion, AC powered:false, USB powered:true, POGO powered:false, Wireless powered:false, icon:17303397, invalid charger:0
12-12 00:56:58.329  2841  3589 D BatteryService: online:4, current avg:66, charge type:2, power sharing:false, high voltage charger:false, capacity:280000, current_now:66
12-12 00:56:58.329  2841  2841 D BatteryService: Sending ACTION_BATTERY_CHANGED.
12-12 00:56:58.334  2841  2841 I MotionRecognitionService: Plugged
12-12 00:56:58.334  2841  2841 D MotionRecognitionService:   cableConnection= 1
12-12 00:56:58.334  2841  2841 D MotionRecognitionService: setPowerConnected | current backoffstate  = 0 , state =0
12-12 00:56:58.334  2841  2841 D MotionRecognitionService: skip setTransmitPower. 
12-12 00:56:58.339  2993  2993 D KeyguardUpdateMonitor: received broadcast android.intent.action.BATTERY_CHANGED
12-12 00:56:58.339  2993  2993 I PERF    : received broadcast android.intent.action.BATTERY_CHANGED
12-12 00:56:58.339  2993  2993 D KeyguardUpdateMonitor: handleBatteryUpdate
12-12 00:56:58.349  3377  3377 D CommonServiceConfiguration: getStringValueSetting
12-12 00:56:58.354  3377  3377 D BatteryMonitor: new battery level: 100
12-12 00:56:58.359 14648 14648 V HeadsetService: HeadsetService - Received Intent.ACTION_BATTERY_CHANGED
12-12 00:56:58.359 14648 14713 D HeadsetStateMachine: Disconnected process message: 10
12-12 00:56:58.359  2993  2993 D BatteryMeterView: ACTION_BATTERY_CHANGED : level:100 status:5 health:2
12-12 00:56:58.364  2993  2993 D BatteryMeterView: ACTION_BATTERY_CHANGED : level:100 status:5 health:2
12-12 00:56:58.364  2993  2993 D BatteryMeterView: ACTION_BATTERY_CHANGED : level:100 status:5 health:2
12-12 00:56:58.364  2993  2993 D QSTile.TorchLightTile: ACTION_BATTERY_CHANGED - Level :: 100, Status :: 5
12-12 00:56:58.689 18718 18718 D AndroidRuntime: >>>>>> START com.android.internal.os.RuntimeInit uid 2000 <<<<<<
12-12 00:56:58.694 18718 18718 D AndroidRuntime: CheckJNI is OFF
12-12 00:56:58.694 18718 18718 D AndroidRuntime: readGMSProperty: start
12-12 00:56:58.694 18718 18718 D AndroidRuntime: readGMSProperty: already setted!!
12-12 00:56:58.694 18718 18718 D AndroidRuntime: propertySet: couldn't set property (it is from app)
12-12 00:56:58.694 18718 18718 D AndroidRuntime: readGMSProperty: could not set the property(default)!!
12-12 00:56:58.694 18718 18718 D AndroidRuntime: readGMSProperty: end
12-12 00:56:58.694 18718 18718 D AndroidRuntime: addProductProperty: start
12-12 00:56:58.829 18718 18718 E AffinityControl: AffinityControl: registerfunction enter
12-12 00:56:58.859 18718 18718 D AndroidRuntime: Calling main entry com.android.commands.am.Am
12-12 00:56:58.864  2841  2857 I ActivityManager: sanitizing user id to all except knox due to call from shell
12-12 00:56:58.864 18718 18718 D AndroidRuntime: Shutting down VM
12-12 00:56:59.519  3258  3258 D capture : canCapture isWorkspaceLocked() = false isVisible : true
12-12 00:56:59.519  3258  3258 D capture : canCapture mWorkspace.getState()() = 0 isTouchActive : false
12-12 00:56:59.519  3258  3258 D capture : canCapture getCurrentPage()() = 0 getHomeScreenIndex() : 0
12-12 00:56:59.519  3258  3258 D capture : SurfaceWidget is ready for capture
12-12 00:56:59.519  3258  3258 D capture : captureMainHomeScreen land : false
12-12 00:56:59.519  3258  3258 D capture : getCaptureBitmap getWidth : 540 getHeight : 922
12-12 00:56:59.544  3258  3258 D capture : captureMainHomeScreen scale : 
12-12 00:56:59.549  3258  3258 D capture : canCapture isWorkspaceLocked() = false isVisible : true
12-12 00:56:59.549  3258  3258 D capture : canCapture mWorkspace.getState()() = 0 isTouchActive : false
12-12 00:56:59.549  3258  3258 D capture : canCapture getCurrentPage()() = 0 getHomeScreenIndex() : 0
12-12 00:56:59.549  3258  3258 D capture : SurfaceWidget is ready for capture
12-12 00:56:59.549  3258  3258 D capture : saveMainHomeScreen start canCapture : true
12-12 00:56:59.709 18728 18728 D AndroidRuntime: >>>>>> START com.android.internal.os.RuntimeInit uid 2000 <<<<<<
12-12 00:56:59.714 18728 18728 D AndroidRuntime: CheckJNI is OFF
12-12 00:56:59.714 18728 18728 D AndroidRuntime: readGMSProperty: start
12-12 00:56:59.714 18728 18728 D AndroidRuntime: readGMSProperty: already setted!!
12-12 00:56:59.714 18728 18728 D AndroidRuntime: propertySet: couldn't set property (it is from app)
12-12 00:56:59.714 18728 18728 D AndroidRuntime: readGMSProperty: could not set the property(default)!!
12-12 00:56:59.714 18728 18728 D AndroidRuntime: readGMSProperty: end
12-12 00:56:59.714 18728 18728 D AndroidRuntime: addProductProperty: start
12-12 00:56:59.854 18728 18728 E AffinityControl: AffinityControl: registerfunction enter
12-12 00:56:59.889 18728 18728 D AndroidRuntime: Calling main entry com.android.commands.pm.Pm
12-12 00:56:59.894  2841  3523 I ActivityManager: Force stopping com.trellis appid=10210 user=0: clear data
12-12 00:56:59.894  2841  3523 I ActivityManager: Force stopping com.trellis appid=10210 user=0: clear data
12-12 00:56:59.899  2841  3523 D PackageManager: START CLEAR APPLICATION USER DATA: observer{910370606}
12-12 00:56:59.899  2841  3523 D PackageManager: pkg{<packageName>}
12-12 00:56:59.899  2841  3523 D PackageManager: user{0}
12-12 00:56:59.904  2841  2882 D PackageManager: [MSG] CLEAR_APPLICATION_USER_DATA
12-12 00:56:59.919  3258  3258 D capture : saveMainHomeScreen compress : 111591
12-12 00:56:59.924  2154  2390 E Vold    : Failed to find mounted volume for /storage/extSdCard/Android/data/com.sec.android.app.launcher/cache/
12-12 00:56:59.924  2154  2390 W Vold    : Returning OperationFailed - no handler for errno 0
12-12 00:56:59.924  3258  3258 W ContextImpl: Failed to ensure directory: /storage/extSdCard/Android/data/com.sec.android.app.launcher/cache
12-12 00:56:59.929  2154  2390 E Vold    : Failed to find mounted volume for /storage/extSdCard/Android/data/com.sec.android.app.launcher/cache/
12-12 00:56:59.929  2154  2390 W Vold    : Returning OperationFailed - no handler for errno 0
12-12 00:56:59.929  3258  3258 W ContextImpl: Failed to ensure directory: /storage/extSdCard/Android/data/com.sec.android.app.launcher/cache
12-12 00:56:59.929  3258  3258 D capture : saveToFileCaptureScreen ret : false SCREENSHOT_FILE_PATH : /storage/emulated/0/Android/data/com.sec.android.app.launcher/cache/homescreenPreview.png
12-12 00:56:59.929  2841  3274 D SettingsProvider: isChangeAllowed() : name = homescreenPreview_capturetime
12-12 00:56:59.929  2841  3274 D SettingsProvider: edmUri: content://com.sec.knox.provider/RestrictionPolicy3
12-12 00:56:59.929  2841  3274 D SettingsProvider: projectionArgs: isSettingsChangesAllowed
12-12 00:56:59.929  2841  3274 D SettingsProvider: selectionArgs: false
12-12 00:56:59.929  2841  3274 D SettingsProvider: selectionArgs: 10041
12-12 00:56:59.929  2841  3274 D SecContentProvider: query(), uri = 17 selection = isSettingsChangesAllowed
12-12 00:56:59.934  2841  3274 D SettingsProvider: ret = -1
12-12 00:56:59.934  2841  3274 W BackupManagerService: dataChanged but no participant pkg='com.android.providers.settings' uid=10041
12-12 00:56:59.939  2841  2870 V BroadcastQueue: [background] Process cur broadcast BroadcastRecord{2214d45c u0 android.intent.action.PACKAGE_RESTARTED} DELIVERED for app ProcessRecord{18385abd 2841:system/1000}
12-12 00:56:59.939  2841  2882 D ActivityManager: bindService callerProcessName:android, calleePkgName: com.android.defcontainer, action: null
12-12 00:56:59.949 14100 14100 I GeofencerStateMachine: removeGeofences: removeRequest=RemoveGeofencingRequest[REMOVE_ALL packageName=com.trellis]
12-12 00:56:59.949  2841  2841 V BroadcastQueue: [background] Process cur broadcast BroadcastRecord{2214d45c u0 android.intent.action.PACKAGE_RESTARTED} DELIVERED for app ProcessRecord{1e2b55a9 18701:com.sec.android.app.soundalive/u0a39}
12-12 00:56:59.954 18701 18701 D SAControlPanelReceiver: *****onReceive()*****
12-12 00:56:59.954 18701 18701 D SAControlPanelReceiver: Action: android.intent.action.PACKAGE_RESTARTED
12-12 00:56:59.959  2841  3591 V BroadcastQueue: [background] Process cur broadcast BroadcastRecord{3148da48 u0 android.intent.action.PACKAGE_RESTARTED} DELIVERED for app ProcessRecord{18385abd 2841:system/1000}
12-12 00:56:59.959  2993  2993 I SecKeyguardClockSingleView: Ignore. Because it is same clock text
12-12 00:56:59.964  2841  2841 V BroadcastQueue: [background] Process cur broadcast BroadcastRecord{3148da48 u0 android.intent.action.PACKAGE_RESTARTED} DELIVERED for app ProcessRecord{1e2b55a9 18701:com.sec.android.app.soundalive/u0a39}
12-12 00:56:59.964 18701 18701 D SAControlPanelReceiver: *****onReceive()*****
12-12 00:56:59.964 18701 18701 D SAControlPanelReceiver: Action: android.intent.action.PACKAGE_RESTARTED
12-12 00:56:59.969  2841  3266 V BroadcastQueue: [background] Process cur broadcast BroadcastRecord{a3710e1 u0 android.intent.action.PACKAGE_DATA_CLEARED} DELIVERED for app ProcessRecord{dd6d2f0 4152:com.android.contacts/u0a14}
12-12 00:56:59.974  2841  2882 D PackageManager: result of install: true{910370606}
12-12 00:56:59.979 18728 18728 I art     : System.exit called, status: 0
12-12 00:56:59.979 18728 18728 I AndroidRuntime: VM exiting with result code 0.
12-12 00:56:59.984  2841  3594 V BroadcastQueue: [background] Process cur broadcast BroadcastRecord{a3710e1 u0 android.intent.action.PACKAGE_DATA_CLEARED} DELIVERED for app ProcessRecord{21beb791 17419:com.android.mms/u0a34}
12-12 00:56:59.984 17419 17419 D Mms/FreeMessageStatusReceiver: onReceive, action : android.intent.action.PACKAGE_DATA_CLEARED
12-12 00:56:59.984  2841  3593 D ActivityManager: startService callerProcessName:com.android.mms, calleePkgName: com.android.mms
12-12 00:56:59.989  2841  3274 V BroadcastQueue: [background] Process cur broadcast BroadcastRecord{a3710e1 u0 android.intent.action.PACKAGE_DATA_CLEARED} DELIVERED for app ProcessRecord{1b7f3e16 3392:com.google.android.googlequicksearchbox:search/u0a42}
12-12 00:56:59.994 17419 18740 D Mms/FreeMessageReceiverService: onHandleIntent, action : android.intent.action.PACKAGE_DATA_CLEARED
12-12 00:56:59.994 17419 18740 D Mms/FreeMessageReceiverService: onHandleIntent: ACTION_PACKAGE_DATA_CLEARED
12-12 00:56:59.994  2841  3274 D ActivityManager: startProcessLocked calleePkgName: com.android.documentsui, hostingType: broadcast-3
12-12 00:56:59.994  2841  2906 V AlarmManager: waitForAlarm result :8
12-12 00:57:00.004 18741 18741 E Zygote  : MountEmulatedStorage()
12-12 00:57:00.004 18741 18741 E Zygote  : v2
12-12 00:57:00.004 18741 18741 I libpersona: KNOX_SDCARD checking this for 10072
12-12 00:57:00.004 18741 18741 I libpersona: KNOX_SDCARD not a persona
12-12 00:57:00.009 18741 18741 I SELinux : Function: selinux_compare_spd_ram , priority [2] , priority version is VE=SEPF_SM-J200G_5.1.1_0071
12-12 00:57:00.009 18741 18741 E Zygote  : accessInfo : 0
12-12 00:57:00.009  2841  3274 I ActivityManager: Start proc 18741:com.android.documentsui/u0a72 for broadcast-3 com.android.documentsui/.PackageReceiver
12-12 00:57:00.009 18741 18741 E SELinux : [DEBUG] get_category: variable seinfo: platform sensitivity: NULL, cateogry: NULL
12-12 00:57:00.019  2993  2993 D KeyguardUpdateMonitor: received broadcast android.intent.action.TIME_TICK
12-12 00:57:00.019  2993  2993 I PERF    : received broadcast android.intent.action.TIME_TICK
12-12 00:57:00.019  2993  2993 D KeyguardUpdateMonitor: handleTimeUpdate
12-12 00:57:00.029  2993  2993 D SecKeyguardClockView: onTimeChanged() : mShouldShowDualClock - false, isDualClockSet() -false
12-12 00:57:00.034  2993  2993 D SecKeyguardClockView: HomeTimezone(): 0
12-12 00:57:00.034 18741 18741 D TimaKeyStoreProvider: TimaSignature is unavailable
12-12 00:57:00.034 18741 18741 D ActivityThread: Added TimaKeyStore provider
12-12 00:57:00.044  2841  3418 V BroadcastQueue: [background] Process cur broadcast BroadcastRecord{a3710e1 u0 android.intent.action.PACKAGE_DATA_CLEARED} DELIVERED for app ProcessRecord{e3552f4 18741:com.android.documentsui/u0a72}
12-12 00:57:00.044  2993  2993 D SecKeyguardClockView: mTimeZone:null, hour:0,   is4DigitClock:true
12-12 00:57:00.054  2993  2993 D DateView: regionalDateFormat = 11/22/3333 isRTLlanguage = false returnDateFormat = E, MMMM d
12-12 00:57:00.054  2993  2993 D DateView: regionalDateFormat = 11/22/3333 isRTLlanguage = false returnDateFormat = E, MMMM d
12-12 00:57:00.059  2993  2993 D DateView: regionalDateFormat = 11/22/3333 isRTLlanguage = false returnDateFormat = E, MMMM d
12-12 00:57:00.064  2993  2993 D DateView: regionalDateFormat = 11/22/3333 isRTLlanguage = false returnDateFormat = E, MMMM d
12-12 00:57:00.064  2993  2993 D DateView: regionalDateFormat = 11/22/3333 isRTLlanguage = false returnDateFormat = E, MMMM d
12-12 00:57:00.069  2993  2993 D DateView: regionalDateFormat = 11/22/3333 isRTLlanguage = false returnDateFormat = E, MMMM d
12-12 00:57:00.069  2993  2993 D SecKeyguardStatusUtils: regionalDateFormat = 11/22/3333 isRTLlanguage = false returnDateFormat = E, MMMM d
12-12 00:57:00.084  2993  2993 D SecKeyguardStatusUtils: regionalDateFormat = 11/22/3333 isRTLlanguage = false returnDateFormat = E, MMMM d
12-12 00:57:00.099 13456 13456 D         : action : android.intent.action.TIME_TICK
12-12 00:57:00.099 13456 13456 D         : getInstance
12-12 00:57:00.099 13456 13456 D         : direct update clock
12-12 00:57:00.104 13456 13456 D MAR     : Locale format : MMM d, y
12-12 00:57:00.104 13456 13456 D MAR     : Locale format: MM-dd-yyyy
12-12 00:57:00.104 13456 13456 D MAR     : Locale: en
12-12 00:57:00.104 13456 13456 D         : dark mode set = 0
12-12 00:57:00.119  2841  2934 D ActivityManager: startProcessLocked calleePkgName: com.google.android.apps.photos, hostingType: broadcast-3
12-12 00:57:00.129 18758 18758 E Zygote  : MountEmulatedStorage()
12-12 00:57:00.129 18758 18758 E Zygote  : v2
12-12 00:57:00.129 18758 18758 I libpersona: KNOX_SDCARD checking this for 10092
12-12 00:57:00.129 18758 18758 I libpersona: KNOX_SDCARD not a persona
12-12 00:57:00.134 18758 18758 I SELinux : Function: selinux_compare_spd_ram , priority [2] , priority version is VE=SEPF_SM-J200G_5.1.1_0071
12-12 00:57:00.134 18758 18758 E Zygote  : accessInfo : 0
12-12 00:57:00.134 18758 18758 E SELinux : [DEBUG] get_category: variable seinfo: untrusted sensitivity: NULL, cateogry: NULL
12-12 00:57:00.134  2841  2934 I ActivityManager: Start proc 18758:com.google.android.apps.photos/u0a92 for broadcast-3 com.google.android.apps.photos/com.google.android.libraries.social.mediastoresync.reset.impl.MediaStoreClearedReceiver
12-12 00:57:00.139  2841  2934 I ActivityManager: Killing 17058:com.sec.android.app.samsungapps/u0a5 (adj 15): DHA:empty #13
12-12 00:57:00.139  2156  2156 D libEGL  : eglInitialize EGLDisplay = 0xbe82e2b4
12-12 00:57:00.139  2841  2857 D ActivityManager: getContentProviderImpl callerProcessName:com.android.documentsui, calleePkgName: com.android.externalstorage
12-12 00:57:00.159 18768 18768 E Zygote  : MountEmulatedStorage()
12-12 00:57:00.164 18768 18768 E Zygote  : v2
12-12 00:57:00.164 18768 18768 I libpersona: KNOX_SDCARD checking this for 10003
12-12 00:57:00.164 18768 18768 I libpersona: KNOX_SDCARD not a persona
12-12 00:57:00.164  2841  2857 I ActivityManager: Start proc 18768:com.android.externalstorage/u0a3 for content provider com.android.externalstorage/.ExternalStorageProvider
12-12 00:57:00.164 18768 18768 I SELinux : Function: selinux_compare_spd_ram , priority [2] , priority version is VE=SEPF_SM-J200G_5.1.1_0071
12-12 00:57:00.169 18768 18768 E Zygote  : accessInfo : 0
12-12 00:57:00.169 18758 18758 D TimaKeyStoreProvider: TimaSignature is unavailable
12-12 00:57:00.169 18768 18768 E SELinux : [DEBUG] get_category: variable seinfo: platform sensitivity: NULL, cateogry: NULL
12-12 00:57:00.169 18758 18758 D ActivityThread: Added TimaKeyStore provider
12-12 00:57:00.179  2841  3591 V BroadcastQueue: [background] Process cur broadcast BroadcastRecord{a3710e1 u0 android.intent.action.PACKAGE_DATA_CLEARED} DELIVERED for app ProcessRecord{1727fb19 18758:com.google.android.apps.photos/u0a92}
12-12 00:57:00.189 18768 18768 D TimaKeyStoreProvider: TimaSignature is unavailable
12-12 00:57:00.194 18768 18768 D ActivityThread: Added TimaKeyStore provider
12-12 00:57:00.199  2841  3418 I ActivityManager: Killing 17386:com.facebook.appmanager/u0a124 (adj 15): DHA:empty #13
12-12 00:57:00.214  2841  3601 D ActivityManager: cleanUpApplicationRecord -- 17058
12-12 00:57:00.214  2841  3601 D ActivityManager: isAutoRunBlockedApp:: com.sec.android.app.samsungapps, Auto Run ON
12-12 00:57:00.244 18768 18768 D ExternalStorage: After updating volumes, found 1 active roots
12-12 00:57:00.244  2841  3591 D ActivityManager: cleanUpApplicationRecord -- 17386
12-12 00:57:00.244  2841  3591 D ActivityManager: isAutoRunBlockedApp:: com.facebook.appmanager, Auto Run ON
12-12 00:57:00.294  2841  3589 D ActivityManager: getContentProviderImpl callerProcessName:com.android.documentsui, calleePkgName: com.google.android.apps.docs
12-12 00:57:00.309 18791 18791 E Zygote  : MountEmulatedStorage()
12-12 00:57:00.309 18791 18791 E Zygote  : v2
12-12 00:57:00.309 18791 18791 I libpersona: KNOX_SDCARD checking this for 10073
12-12 00:57:00.309 18791 18791 I libpersona: KNOX_SDCARD not a persona
12-12 00:57:00.309 18791 18791 I SELinux : Function: selinux_compare_spd_ram , priority [2] , priority version is VE=SEPF_SM-J200G_5.1.1_0071
12-12 00:57:00.309 18791 18791 E Zygote  : accessInfo : 0
12-12 00:57:00.314 18791 18791 E SELinux : [DEBUG] get_category: variable seinfo: untrusted sensitivity: NULL, cateogry: NULL
12-12 00:57:00.314  2841  3589 I ActivityManager: Start proc 18791:com.google.android.apps.docs/u0a73 for content provider com.google.android.apps.docs/.storagebackend.StorageBackendContentProvider
12-12 00:57:00.334 18791 18791 D TimaKeyStoreProvider: TimaSignature is unavailable
12-12 00:57:00.339 18791 18791 D ActivityThread: Added TimaKeyStore provider
12-12 00:57:00.344  2841  3418 I ActivityManager: Killing 17553:com.samsung.android.SettingsReceiver/1000 (adj 15): DHA:empty #13
12-12 00:57:00.404  2841  3266 D ActivityManager: cleanUpApplicationRecord -- 17553
12-12 00:57:00.404  2841  3266 D ActivityManager: isAutoRunBlockedApp:: com.samsung.android.SettingsReceiver, Auto Run ON
12-12 00:57:00.524  2841  3418 W ActivityManager: getRunningAppProcesses: caller 10073 does not hold REAL_GET_TASKS; limiting output
12-12 00:57:00.564 18788 18788 D AndroidRuntime: >>>>>> START com.android.internal.os.RuntimeInit uid 2000 <<<<<<
12-12 00:57:00.569  2841  3274 W ActivityManager: getRunningAppProcesses: caller 10073 does not hold REAL_GET_TASKS; limiting output
12-12 00:57:00.569 18788 18788 D AndroidRuntime: CheckJNI is OFF
12-12 00:57:00.569 18788 18788 D AndroidRuntime: readGMSProperty: start
12-12 00:57:00.569 18788 18788 D AndroidRuntime: readGMSProperty: already setted!!
12-12 00:57:00.569 18788 18788 D AndroidRuntime: propertySet: couldn't set property (it is from app)
12-12 00:57:00.569 18788 18788 D AndroidRuntime: readGMSProperty: could not set the property(default)!!
12-12 00:57:00.569 18788 18788 D AndroidRuntime: readGMSProperty: end
12-12 00:57:00.569 18788 18788 D AndroidRuntime: addProductProperty: start
12-12 00:57:00.674  2993  2993 D StatusBar.MSimNetworkController: refreshViews connected={ wifi } phoneId = 0 level=0 mMSimcombinedSignalIconId=0x7f020626/com.android.systemui:drawable/stat_sys_wifi_signal_4 mMSimcombinedActivityIconId=0x7f0205da mAirplaneMode=false mMSimDataActivity=0 mMSimPhoneSignalIconId=0x7f020781/com.android.systemui:drawable/tw_stat_sys_signal_null mMSimDataDirectionIconId=0x0 mMSimDataSignalIconId=0x7f020781 mMSimDataTypeIconId=0x0/(null) mNoMSimIconId=0x7f02016f/com.android.systemui:drawable/ic_qs_no_sim mMSimMobileActivityIconId=0x0/(null) mWifiIconId=0x7f020626 mBluetoothTetherIconId=0x7f020603 mRoamingIconId=0x 0/(null)
12-12 00:57:00.674  2993  2993 D StatusBar.MSimNetworkController: refreshSignalCluster : called
12-12 00:57:00.759 18788 18788 E AffinityControl: AffinityControl: registerfunction enter
12-12 00:57:00.794 18788 18788 D AndroidRuntime: Calling main entry com.android.commands.pm.Pm
12-12 00:57:00.924 18788 18788 I art     : System.exit called, status: 0
12-12 00:57:00.924 18788 18788 I AndroidRuntime: VM exiting with result code 0.
12-12 00:57:00.934  2841  2858 I art     : Explicit concurrent mark sweep GC freed 84694(4MB) AllocSpace objects, 45(720KB) LOS objects, 19% free, 24MB/30MB, paused 2.904ms total 176.803ms
12-12 00:57:00.944  2841  3594 W ActivityManager: getRunningAppProcesses: caller 10073 does not hold REAL_GET_TASKS; limiting output
12-12 00:57:01.369 18791 18820 I GAv4    : Google Analytics 11.0.11 is starting up. To enable debug logging on a device run:
12-12 00:57:01.369 18791 18820 I GAv4    :   adb shell setprop log.tag.GAv4 DEBUG
12-12 00:57:01.369 18791 18820 I GAv4    :   adb logcat -s GAv4
12-12 00:57:01.444 18791 18823 W GAv4    : AnalyticsReceiver is not registered or is disabled. Register the receiver for reliable dispatching on non-Google Play devices. See http://goo.gl/8Rd3yj for instructions.
12-12 00:57:01.444  2841  4317 D SSRM:n  : SIOP:: AP = 300, CUR = 66, LCD = 18
12-12 00:57:01.474 18791 18791 W FieldDefinition: Ignoring isIndexed constraint as field also has uniqueness constraint (on just this field, and therefore SQLite will have to create an index on that. For field: com.google.android.apps.docs.database.common.FieldDefinition$a@9264072
12-12 00:57:01.474 18791 18823 W GAv4    : CampaignTrackingReceiver is not registered, not exported or is disabled. Installation campaign tracking is not possible. See http://goo.gl/8Rd3yj for instructions.
12-12 00:57:01.479 18791 18823 W GAv4    : AnalyticsService not registered in the app manifest. Hits might not be delivered reliably. See http://goo.gl/8Rd3yj for instructions.
12-12 00:57:01.484 18791 18820 W CoreComponentFactoryImpl: RetainedComponent will not be retained if  djl does not inherit FragmentActivity and fulfill jpt contract.
12-12 00:57:01.679  2993  2993 D StatusBar.MSimNetworkController: refreshViews connected={ wifi } phoneId = 0 level=0 mMSimcombinedSignalIconId=0x7f020626/com.android.systemui:drawable/stat_sys_wifi_signal_4 mMSimcombinedActivityIconId=0x7f0205dd mAirplaneMode=false mMSimDataActivity=0 mMSimPhoneSignalIconId=0x7f020781/com.android.systemui:drawable/tw_stat_sys_signal_null mMSimDataDirectionIconId=0x0 mMSimDataSignalIconId=0x7f020781 mMSimDataTypeIconId=0x0/(null) mNoMSimIconId=0x7f02016f/com.android.systemui:drawable/ic_qs_no_sim mMSimMobileActivityIconId=0x0/(null) mWifiIconId=0x7f020626 mBluetoothTetherIconId=0x7f020603 mRoamingIconId=0x 0/(null)
12-12 00:57:01.679  2993  2993 D StatusBar.MSimNetworkController: refreshSignalCluster : called
12-12 00:57:01.894 18824 18824 D AndroidRuntime: >>>>>> START com.android.internal.os.RuntimeInit uid 2000 <<<<<<
12-12 00:57:01.899  2841  2857 W ActivityManager: getRunningAppProcesses: caller 10073 does not hold REAL_GET_TASKS; limiting output
12-12 00:57:01.899 18824 18824 D AndroidRuntime: CheckJNI is OFF
12-12 00:57:01.899 18824 18824 D AndroidRuntime: readGMSProperty: start
12-12 00:57:01.899 18824 18824 D AndroidRuntime: readGMSProperty: already setted!!
12-12 00:57:01.899 18824 18824 D AndroidRuntime: propertySet: couldn't set property (it is from app)
12-12 00:57:01.899 18824 18824 D AndroidRuntime: readGMSProperty: could not set the property(default)!!
12-12 00:57:01.899 18824 18824 D AndroidRuntime: readGMSProperty: end
12-12 00:57:01.899 18824 18824 D AndroidRuntime: addProductProperty: start
12-12 00:57:02.104 18824 18824 E AffinityControl: AffinityControl: registerfunction enter
12-12 00:57:02.149 18824 18824 D AndroidRuntime: Calling main entry com.android.commands.pm.Pm
12-12 00:57:02.159  2841  3142 E Watchdog: !@Sync 130 [12-12 00:57:02.165]
12-12 00:57:02.169  2841  3601 D PackageManager: START PACKAGE DELETE: observer{304280751}
12-12 00:57:02.169  2841  3601 D PackageManager: pkg{<packageName>}
12-12 00:57:02.169  2841  3601 D PackageManager: user{0}
12-12 00:57:02.169  2841  3601 D PackageManager: caller{2000}
12-12 00:57:02.169  2841  3601 D PackageManager: flags{2}
12-12 00:57:02.169  2841  3601 D PersonaManagerService: isFromApprovedUnInstaller: uid, userId, appid : 2000 0 2000
12-12 00:57:02.169  2841  3601 D PersonaManagerService: isFromApprovedUnInstaller: isApproved : true
12-12 00:57:02.169  2841  3601 D PersonaManagerService: isFromApprovedUnInstaller: isApproved before exit: true
12-12 00:57:02.169  2841  3601 D PackageManager: deletePackageAsUser- pkg:com.trellis, userId:0, flag2
12-12 00:57:02.169  2841  3601 D PackageManager: deletePackageAsUser- pkg:com.trellis, userId:0, flag2
12-12 00:57:02.169  2841  2882 D PackageManager: [MSG] DELETE_PACKAGE_AS_USER
12-12 00:57:02.169  2841  2882 D PackageManagerService: deletePackage- pkg:com.trellis, edmuserId:0
12-12 00:57:02.169  2841  2882 D PackageManagerService: deletePackage- pkg:com.trellis, edmuserId:-1
12-12 00:57:02.174  2841  2882 D ApplicationPolicy: getApplicationUninstallationEnabled
12-12 00:57:02.174  2841  2882 D ApplicationPolicy: getApplicationUninstallationEnabled :  enabled true
12-12 00:57:02.189  2841  2882 I PackageManager: !@  calling am.removeDeletedPkgsFromLru from PMS
12-12 00:57:02.189  2841  2882 D ActivityManager: removeDeletedPkgsFromLruStats called in AMS...com.trellis
12-12 00:57:02.189  2841  2882 D PackageManager: !@killApplicatoin: 10210, uninstall pkg
12-12 00:57:02.189  2841  2870 I ActivityManager: Force stopping com.trellis appid=10210 user=-1: uninstall pkg
12-12 00:57:02.189  2841  2882 I PackageManager: !@  calling am.removeDeletedPkgsFromLru from PMS
12-12 00:57:02.189  2841  2882 D ActivityManager: removeDeletedPkgsFromLruStats called in AMS...com.trellis
12-12 00:57:02.204  2841  2882 D AASAinstall: there is not AASApackages.xml file
