12-12 20:48:02.724   787   887 W PackageManager: Not granting permission android.permission.READ_DREAM_STATE to package com.google.android.gsf (protectionLevel=2 flags=0x40883e45)
12-12 20:48:02.724   787   887 W PackageManager: Unknown permission android.intent.action.USER_PRESENT in package com.android.keyguard
12-12 20:48:02.724   787   887 W PackageManager: Unknown permission com.sec.android.signaturelock.permission.ACCESS_SIGNATURE in package com.android.keyguard
12-12 20:48:02.724   787   887 W PackageManager: Unknown permission com.samsung.android.permission.LAUNCH_FINGERPRINT_SERVICE in package com.android.keyguard
12-12 20:48:02.724   787   887 W PackageManager: Unknown permission com.threelm.permission.DEVICE_INIT in package com.android.shell
12-12 20:48:02.734   787   887 W PackageManager: Unknown permission com.sec.android.app.factorytest.permission.KEYSTRING in package com.sec.phone
12-12 20:48:02.734   787   887 W PackageManager: Unknown permission com.android.samsung.rmt_exercise.permission.KEYSTRING in package com.sec.phone
12-12 20:48:02.734   787   887 W PackageManager: Unknown permission com.samsungtest.SlateTest.SLATE_DM_CMD in package com.sec.phone
12-12 20:48:02.734   787   887 W PackageManager: Unknown permission com.samsung.InputEventApp.permission.UTS_DM_CMD in package com.sec.phone
12-12 20:48:02.734   787   887 W PackageManager: Unknown permission com.sec.android.app.InputEventApp.permission.KEYSTRING in package com.sec.phone
12-12 20:48:02.734   787   887 W PackageManager: Not granting permission android.permission.INTERACT_ACROSS_USERS_FULL to package com.android.contacts (protectionLevel=2 flags=0x4098be45)
12-12 20:48:02.734   787   887 W PackageManager: Unknown permission com.sec.android.app.twdvfs.DVFS_BOOSTER_PERMISSION in package com.android.contacts
12-12 20:48:02.734   787   887 W PackageManager: Unknown permission com.samsung.rcs.settings.READ_PERMISSION in package com.android.contacts
12-12 20:48:02.734   787   887 W PackageManager: Unknown permission com.samsung.rcs.settings.WRITE_PERMISSION in package com.android.contacts
12-12 20:48:02.734   787   887 W PackageManager: Unknown permission com.samsung.rcs.presence.READ_PERMISSION in package com.android.contacts
12-12 20:48:02.734   787   887 W PackageManager: Unknown permission com.samsung.rcs.presence.WRITE_PERMISSION in package com.android.contacts
12-12 20:48:02.734   787   887 W PackageManager: Unknown permission com.samsung.rcs.serviceprovider.READ_PERMISSION in package com.android.contacts
12-12 20:48:02.734   787   887 W PackageManager: Unknown permission com.samsung.rcs.serviceprovider.WRITE_PERMISSION in package com.android.contacts
12-12 20:48:02.734   787   887 W PackageManager: Unknown permission com.samsung.rcs.permission.RCS_APP_PERMISSION in package com.android.contacts
12-12 20:48:02.734   787   887 W PackageManager: Unknown permission com.sec.ims.android.rcs.READ_PERMISSION in package com.android.contacts
12-12 20:48:02.734   787   887 W PackageManager: Unknown permission com.samsung.commonimsinterface.PERMISSION in package com.android.contacts
12-12 20:48:02.734   787   887 W PackageManager: Unknown permission com.sec.ims.android.volteenabled.READ_PERMISSION in package com.android.contacts
12-12 20:48:02.734   787   887 W PackageManager: Unknown permission com.sec.ims.android.volteenabled.WRITE_PERMISSION in package com.android.contacts
12-12 20:48:02.734   787   887 W PackageManager: Unknown permission com.sec.android.util.HiddenMenuContent.READ_PERMISSION in package com.android.contacts
12-12 20:48:02.734   787   887 W PackageManager: Unknown permission com.sec.android.util.HiddenMenuContent.WRITE_PERMISSION in package com.android.contacts
12-12 20:48:02.734   787   887 W PackageManager: Unknown permission com.samsung.rmt_exercise.permission.KEYSTRING in package com.sec.android.app.parser
12-12 20:48:02.734   787   887 W PackageManager: Unknown permission com.customermobile.demo.intent.action.DEMO_CONTROL in package com.sec.android.app.parser
12-12 20:48:02.734   787   887 W PackageManager: Unknown permission com.sec.android.app.hiddenmenu.permission.KEYSTRING in package com.sec.android.app.parser
12-12 20:48:02.734   787   887 W PackageManager: Unknown permission com.sec.android.voltesettings.permission.KEYSTRING in package com.sec.android.app.parser
12-12 20:48:02.734   787   887 W PackageManager: Unknown permission com.samsung.syncservice.permission.OMADM.KEYSTRING in package com.sec.android.app.parser
12-12 20:48:02.734   787   887 W PackageManager: Unknown permission com.samsung.difactorycamera.permission.ACCESS in package com.sec.android.app.parser
12-12 20:48:02.734   787   887 W PackageManager: Unknown permission com.samsung.dizoom.permission.ACCESS in package com.sec.android.app.parser
12-12 20:48:02.744   787   887 W PackageManager: Unknown permission com.android.vending.billing.IBillingAccountService.BIND2 in package com.google.android.gsf.login
12-12 20:48:02.744   787   887 W PackageManager: Unknown permission com.sec.android.app.twdvfs.DVFS_BOOSTER_PERMISSION in package com.sec.android.inputmethod
12-12 20:48:02.744   787   887 W PackageManager: Unknown permission com.sec.android.app.sns3.permission.READ_SNSDB in package com.android.calendar
12-12 20:48:02.744   787   887 W PackageManager: Unknown permission com.sec.android.app.sns3.sp.facebook.permission.READ_DB in package com.android.calendar
12-12 20:48:02.744   787   887 W PackageManager: Unknown permission com.sec.android.widgetapp.q1_penmemo.permission.READ in package com.android.calendar
12-12 20:48:02.744   787   887 W PackageManager: Unknown permission samsung.android.snoteprovider.permission.READ in package com.android.calendar
12-12 20:48:02.744   787   887 W PackageManager: Unknown permission samsung.android.snoteprovider.permission.WRITE in package com.android.calendar
12-12 20:48:02.744   787   887 W PackageManager: Unknown permission com.sec.sCloudBackupApp.messages in package com.samsung.android.scloud.backup
12-12 20:48:02.744   787   887 W PackageManager: Unknown permission com.samsung.android.hostmanager.SCloudProvider.access in package com.samsung.android.scloud.backup
12-12 20:48:02.744   787   887 W PackageManager: Unknown permission com.sec.android.app.twdvfs.DVFS_BOOSTER_PERMISSION in package com.sec.android.app.sbrowser
12-12 20:48:02.744   787   887 W PackageManager: Unknown permission com.sprint.internal.permission.SYSTEMPROPERTIES in package com.sec.android.app.sbrowser
12-12 20:48:02.744   787   887 W PackageManager: Unknown permission com.sec.android.stk.permission.EVENT in package com.sec.android.app.sbrowser
12-12 20:48:02.744   787   887 W PackageManager: Unknown permission com.sec.android.permission.SIDESYNC_URL in package com.sec.android.app.sbrowser
12-12 20:48:02.744   787   887 W PackageManager: Unknown permission nof.permission.RECEIVE_USER_MODE in package com.sec.android.app.sbrowser
12-12 20:48:02.754   787   887 W PackageManager: Unknown permission android.permission.WRITE_INTERNAL_STORAGE in package com.sec.knox.containeragent
12-12 20:48:02.754   787   887 W PackageManager: Unknown permission com.sec.android.permission.READ_MEMO in package com.sec.knox.containeragent
12-12 20:48:02.754   787   887 W PackageManager: Unknown permission com.sec.android.permission.WRITE_MEMO in package com.sec.knox.containeragent
12-12 20:48:02.754   787   887 W PackageManager: Unknown permission com.sec.android.widgetapp.q1_penmemo.permission.READ in package com.sec.knox.containeragent
12-12 20:48:02.754   787   887 W PackageManager: Unknown permission com.sec.android.widgetapp.q1_penmemo.permission.WRITE in package com.sec.knox.containeragent
12-12 20:48:02.754   787   887 W PackageManager: Unknown permission com.sec.knox.app.container.USE_B2CCONTAINER in package com.sec.knox.containeragent
12-12 20:48:02.754   787   887 W PackageManager: Not granting permission android.permission.BROADCAST_PACKAGE_REMOVED to package com.google.android.marvin.talkback (protectionLevel=2 flags=0xc9be45)
12-12 20:48:02.754   787   887 W PackageManager: Unknown permission com.sec.android.gallery3d.permission.GALLERY_PROVIDER in package com.samsung.android.app.memo
12-12 20:48:02.754   787   887 W PackageManager: Unknown permission android.permission.ACCESS_USB in package com.siso.app.genericprintservice
12-12 20:48:02.754   787   887 W PackageManager: Unknown permission android.permission.OBSERVE_GRANT_REVOKE_PERMISSIONS in package com.google.android.gms
12-12 20:48:02.754   787   887 W PackageManager: Unknown permission android.permission.MANAGE_SOUND_TRIGGER in package com.google.android.gms
12-12 20:48:02.754   787   887 W PackageManager: Unknown permission android.permission.RECOVERY in package com.google.android.gms
12-12 20:48:02.754   787   887 W PackageManager: Not granting permission android.permission.READ_DREAM_STATE to package com.google.android.gms (protectionLevel=2 flags=0x40c83ec5)
12-12 20:48:02.764   787   887 W PackageManager: Unknown permission android.permission.PROVIDE_TRUST_AGENT in package com.google.android.gms
12-12 20:48:02.764   787   887 W PackageManager: Unknown permission android.permission.DISPATCH_PROVISIONING_MESSAGE in package com.google.android.gms
12-12 20:48:02.764   787   887 W PackageManager: Unknown permission com.google.android.apps.enterprise.dmagent.permission.AutoSyncPermission in package com.google.android.gms
12-12 20:48:02.764   787   887 W PackageManager: Not granting permission android.permission.READ_PRIVILEGED_PHONE_STATE to package com.google.android.gms (protectionLevel=18 flags=0x40c83ec5)
12-12 20:48:02.764   787   887 W PackageManager: Unknown permission android.permission.CONNECTIVITY_USE_RESTRICTED_NETWORKS in package com.google.android.gms
12-12 20:48:02.764   787   887 W PackageManager: Unknown permission android.permission.USE_FINGERPRINT in package com.google.android.gms
12-12 20:48:02.764   787   887 W PackageManager: Not granting permission android.permission.SEND_SMS_NO_CONFIRMATION to package com.google.android.gms (protectionLevel=18 flags=0x40c83ec5)
12-12 20:48:02.764   787   887 W PackageManager: Not granting permission android.permission.PACKAGE_USAGE_STATS to package com.google.android.gms (protectionLevel=18 flags=0x40c83ec5)
12-12 20:48:02.764   787   887 W PackageManager: Not granting permission android.permission.BIND_NOTIFICATION_LISTENER_SERVICE to package com.google.android.gms (protectionLevel=2 flags=0x40c83ec5)
12-12 20:48:02.764   787   887 W PackageManager: Unknown permission com.google.android.finsky.permission.INSTANT_APP_STATE in package com.google.android.gms
12-12 20:48:02.774   787   887 W PackageManager: Unknown permission android.permission.MANAGE_VOICE_KEYPHRASES in package com.google.android.gms
12-12 20:48:02.774   787   887 W PackageManager: Unknown permission android.permission.TETHER_PRIVILEGED in package com.google.android.gms
12-12 20:48:02.774   787   887 W PackageManager: Unknown permission android.permission.REAL_GET_TASKS in package com.google.android.gms
12-12 20:48:02.774   787   887 W PackageManager: Unknown permission android.permission.READ_OEM_UNLOCK_STATE in package com.google.android.gms
12-12 20:48:02.774   787   887 W PackageManager: Unknown permission android.permission.SCORE_NETWORKS in package com.google.android.gms
12-12 20:48:02.774   787   887 W PackageManager: Unknown permission android.permission.OVERRIDE_WIFI_CONFIG in package com.google.android.gms
12-12 20:48:02.774   787   887 W PackageManager: Unknown permission android.permission.CONTROL_INCALL_EXPERIENCE in package com.google.android.gms
12-12 20:48:02.774   787   887 W PackageManager: Unknown permission android.permission.USER_ACTIVITY in package com.google.android.gms
12-12 20:48:02.774   787   887 W PackageManager: Unknown permission android.permission.MODIFY_AUDIO_ROUTING in package com.google.android.gms
12-12 20:48:02.774   787   887 W PackageManager: Unknown permission com.google.android.finsky.permission.GEARHEAD_SERVICE in package com.google.android.gms
12-12 20:48:02.774   787   887 W PackageManager: Unknown permission com.google.android.permission.ACCESSIBILITY_SCAN_SERVICE in package com.google.android.gms
12-12 20:48:02.774   787   887 W PackageManager: Unknown permission android.permission.START_TASKS_FROM_RECENTS in package com.google.android.gms
12-12 20:48:02.774   787   887 W PackageManager: Not granting permission android.permission.MANAGE_ACTIVITY_STACKS to package com.google.android.gms (protectionLevel=2 flags=0x40c83ec5)
12-12 20:48:02.774   787   887 W PackageManager: Unknown permission android.permission.ACTIVITY_EMBEDDING in package com.google.android.gms
12-12 20:48:02.774   787   887 W PackageManager: Unknown permission android.permission.PROVIDE_RESOLVER_RANKER_SERVICE in package com.google.android.gms
12-12 20:48:02.774   787   887 W PackageManager: Unknown permission com.google.android.wearable.READ_SETTINGS in package com.google.android.gms
12-12 20:48:02.774   787   887 W PackageManager: Unknown permission android.permission.INTENT_FILTER_VERIFICATION_AGENT in package com.google.android.gms
12-12 20:48:02.774   787   887 W PackageManager: Unknown permission android.permission.LOCAL_MAC_ADDRESS in package com.google.android.gms
12-12 20:48:02.774   787   887 W PackageManager: Unknown permission android.permission.CHANGE_DEVICE_IDLE_TEMP_WHITELIST in package com.google.android.gms
12-12 20:48:02.774   787   887 W PackageManager: Unknown permission android.permission.READ_WIFI_CREDENTIAL in package com.google.android.gms
12-12 20:48:02.774   787   887 W PackageManager: Unknown permission android.permission.SUBSTITUTE_NOTIFICATION_APP_NAME in package com.google.android.gms
12-12 20:48:02.774   787   887 W PackageManager: Unknown permission android.permission.MANAGE_SUBSCRIPTION_PLANS in package com.google.android.gms
12-12 20:48:02.774   787   887 W PackageManager: Unknown permission android.permission.NOTIFY_PENDING_SYSTEM_UPDATE in package com.google.android.gms
12-12 20:48:02.774   787   887 W PackageManager: Unknown permission android.permission.BODY_SENSORS in package com.google.android.gms
12-12 20:48:02.784   787   887 W PackageManager: Unknown permission com.google.android.launcher.permission.RECEIVE_LAUNCH_BROADCASTS in package com.google.android.gms
12-12 20:48:02.784   787   887 W PackageManager: Unknown permission com.google.android.vending.verifier.ACCESS_VERIFIER in package com.google.android.gms
12-12 20:48:02.784   787   887 W PackageManager: Unknown permission com.android.voicemail.permission.READ_VOICEMAIL in package com.google.android.gms
12-12 20:48:02.784   787   887 W PackageManager: Unknown permission com.dashwire.config.launcher.SEND_HOMESCREEN_RESULT in package com.sec.android.app.launcher
12-12 20:48:02.784   787   887 W PackageManager: Unknown permission com.samsung.android.providers.context.permission.READ_APP_USAGE_DB in package com.sec.android.app.launcher
12-12 20:48:02.784   787   887 W PackageManager: Unknown permission com.samsung.android.widgetapp.briefing4x2.permission.READ_APP_USAGE in package com.sec.android.app.launcher
12-12 20:48:02.784   787   887 W PackageManager: Unknown permission com.samsung.android.app.storyalbumwidget.permission.ACCESS_STORYALBUM_WIDGET in package com.sec.android.app.launcher
12-12 20:48:02.784   787   887 W PackageManager: Unknown permission com.samsung.android.tripwidget.permission.TRAVEL_WIDGET in package com.sec.android.app.launcher
12-12 20:48:02.784   787   887 W PackageManager: Unknown permission com.sec.android.app.twdvfs.DVFS_BOOSTER_PERMISSION in package com.sec.android.app.launcher
12-12 20:48:02.784   787   887 W PackageManager: Unknown permission com.sec.android.providers.insight.permission.READ_INSIGHT_DB in package com.sec.android.app.launcher
12-12 20:48:02.784   787   887 W PackageManager: Unknown permission com.sec.android.widgetapp.ap.hero.accuweather.permission.READ_ACCU_DATA in package com.sec.android.app.launcher
12-12 20:48:02.784   787   887 W PackageManager: Unknown permission com.sec.android.widgetapp.ap.hero.accuweather.permission.WRITE_ACCU_DATA in package com.sec.android.app.launcher
12-12 20:48:02.784   787   887 W PackageManager: Unknown permission com.sec.android.stk.permission.EVENT in package com.sec.android.app.launcher
12-12 20:48:02.784   787   887 W PackageManager: Unknown permission com.sec.spp.permission.TOKEN_a1a30b694300dac6f59ae7b791d9eef52f677d5a5fe53412b7608126d463248f21f62f60c9bc92da81138bf6f292302d960c7273f648e5596bc9fea9ca594701e696c0917204658ac9f0e74745807472e9d3e9977f667274ee768334b7f9004f9a0046decafe7e068ad420d39e629d727f6b28195b118d7f7a4230be62243bd1 in package com.sec.spp.push
12-12 20:48:02.784   787   887 W PackageManager: Unknown permission com.sec.spp.permission.TOKEN_93826e86cec89c5a525ae83ddf9ebd98ecc233c92e8756bc704afa2d0778c64fdb5fef0d4cf09b8d73963b6df482827430806db3a69e587adc1c167cc50e7207453c58ea58cad7caaef5646b8deb9556378af5867696aa51fbca0e2f918d7d12a6f0b7acd5bba2d48c6688ee2089b816ad6fb0bc395f6986b71129090f423d3d in package com.sec.spp.push
12-12 20:48:02.784   787   887 W PackageManager: Unknown permission com.google.android.gallery3d.permission.PICASA_STORE in package com.android.dreams.phototable
12-12 20:48:02.794   787   887 W PackageManager: Not granting permission android.permission.HARDWARE_TEST to package com.sec.android.app.worldclock (protectionLevel=2 flags=0x98be45)
12-12 20:48:02.794   787   887 W PackageManager: Not granting permission android.permission.DEVICE_POWER to package com.sec.android.app.worldclock (protectionLevel=2 flags=0x98be45)
12-12 20:48:02.794   787   887 W PackageManager: Not granting permission android.permission.READ_INPUT_STATE to package com.sec.android.app.worldclock (protectionLevel=2 flags=0x98be45)
12-12 20:48:02.794   787   887 W PackageManager: Unknown permission android.permission.RECEIVE_SHUTDOWN in package com.sec.android.app.worldclock
12-12 20:48:02.794   787   887 W PackageManager: Not granting permission android.permission.GLOBAL_SEARCH to package com.sec.android.app.worldclock (protectionLevel=18 flags=0x98be45)
12-12 20:48:02.794   787   887 W PackageManager: Not granting permission android.permission.INTERNAL_SYSTEM_WINDOW to package com.sec.android.app.worldclock (protectionLevel=2 flags=0x98be45)
12-12 20:48:02.794   787   887 W PackageManager: Not granting permission com.google.android.gm.permission.WRITE_GMAIL to package com.sec.android.app.worldclock (protectionLevel=2 flags=0x98be45)
12-12 20:48:02.794   787   887 W PackageManager: Not granting permission com.google.android.gm.permission.READ_GMAIL to package com.sec.android.app.worldclock (protectionLevel=2 flags=0x98be45)
12-12 20:48:02.794   787   887 W PackageManager: Not granting permission android.permission.UPDATE_APP_OPS_STATS to package com.sec.android.app.worldclock (protectionLevel=18 flags=0x98be45)
12-12 20:48:02.794   787   887 W PackageManager: Unknown permission com.android.nfc.permission.NFCEE_ADMIN in package org.simalliance.openmobileapi.service
12-12 20:48:02.794   787   887 W PackageManager: Unknown permission android.permission.READ_OWNER_DATA in package com.sec.android.app.SecSetupWizard
12-12 20:48:02.794   787   887 W PackageManager: Unknown permission android.permission.WRITE_OWNER_DATA in package com.sec.android.app.SecSetupWizard
12-12 20:48:02.794   787   887 W PackageManager: Unknown permission com.twitter.android.permission.AUTH_APP in package com.sec.android.app.sns3
12-12 20:48:02.794   787   887 W PackageManager: Unknown permission com.samsung.difactorycamera.permission.ACCESS in package com.sec.android.app.hwmoduletest
12-12 20:48:02.794   787   887 W PackageManager: Unknown permission android.permission.sec.BARCODE_READ in package com.sec.android.app.hwmoduletest
12-12 20:48:02.794   787   887 W PackageManager: Unknown permission android.permission.WRITE_OWNER_DATA in package com.sec.android.app.hwmoduletest
12-12 20:48:02.794   787   887 W PackageManager: Unknown permission android.permission.sec.BARCODE_READ in package com.sec.android.app.factorykeystring
12-12 20:48:02.794   787   887 W PackageManager: Unknown permission android.permission.WRITE_OWNER_DATA in package com.sec.android.app.factorykeystring
12-12 20:48:02.794   787   887 W PackageManager: Unknown permission com.samsung.android.snote.permission.HELP in package com.samsung.helphub
12-12 20:48:02.794   787   887 W PackageManager: Unknown permission com.samsung.android.chartbuilder.permission.HELP in package com.samsung.helphub
12-12 20:48:02.794   787   887 W PackageManager: Unknown permission com.sec.android.systemui.PICKUP_TUTORIAL_PERMISSION in package com.samsung.helphub
12-12 20:48:02.804   787   887 W PackageManager: Unknown permission android.permission.READ_OWNER_DATA in package com.android.email
12-12 20:48:02.804   787   887 W PackageManager: Unknown permission com.sec.android.app.twdvfs.DVFS_BOOSTER_PERMISSION in package com.android.email
12-12 20:48:02.804   787   887 W PackageManager: Unknown permission com.samsung.android.app.episodes.permission.IMPORT_STORYALBUM in package com.android.email
12-12 20:48:02.804   787   887 W PackageManager: Unknown permission com.seven.Z7.permission.ACCESS_PROVIDER in package com.android.email
12-12 20:48:02.804   787   887 W PackageManager: Unknown permission com.seven.Z7.permission.ACCESS_EVENTS in package com.android.email
12-12 20:48:02.804   787   887 W PackageManager: Unknown permission android.permission.ACCESS_DEV_STORAGE in package com.android.email
12-12 20:48:02.804   787   887 W PackageManager: Unknown permission com.samsung.android.provider.smartclip.permission.WRITE in package com.sec.android.app.FlashBarService
12-12 20:48:02.804   787   887 W PackageManager: Unknown permission com.samsung.android.provider.smartclip.permission.READ in package com.sec.android.app.FlashBarService
12-12 20:48:02.804   787   887 W PackageManager: Unknown permission com.sec.android.permission.READ_MEMO in package com.wssnps
12-12 20:48:02.804   787   887 W PackageManager: Unknown permission com.sec.android.permission.WRITE_MEMO in package com.wssnps
12-12 20:48:02.804   787   887 W PackageManager: Unknown permission com.sec.android.widgetapp.q1_penmemo.permission.READ in package com.wssnps
12-12 20:48:02.804   787   887 W PackageManager: Unknown permission com.sec.android.widgetapp.q1_penmemo.permission.WRITE in package com.wssnps
12-12 20:48:02.804   787   887 W PackageManager: Unknown permission android.permission.READ_MMS in package com.wssnps
12-12 20:48:02.804   787   887 W PackageManager: Unknown permission android.permission.WRITE_MMS in package com.wssnps
12-12 20:48:02.804   787   887 W PackageManager: Unknown permission android.permission.READ_TASKS in package com.wssnps
12-12 20:48:02.804   787   887 W PackageManager: Unknown permission android.permission.WRITE_TASKS in package com.wssnps
12-12 20:48:02.804   787   887 W PackageManager: Unknown permission com.sec.android.app.fm.BROADCAST_DETECT in package com.wssnps
12-12 20:48:02.804   787   887 W PackageManager: Unknown permission com.sec.mms.action.MMS_BNR in package com.wssnps
12-12 20:48:02.804   787   887 W PackageManager: Unknown permission com.sec.android.app.minidiary.service.BROADCAST_DETECT in package com.wssnps
12-12 20:48:02.804   787   887 W PackageManager: Unknown permission com.infraware.provider.SNoteProvider.permission.READ in package com.wssnps
12-12 20:48:02.804   787   887 W PackageManager: Unknown permission com.infraware.provider.SNoteProvider.permission.WRITE in package com.wssnps
12-12 20:48:02.804   787   887 W PackageManager: Unknown permission com.sec.permission.BACKUP_RESTORE_HOMESCREEN in package com.wssnps
12-12 20:48:02.804   787   887 W PackageManager: Unknown permission com.sec.permission.VZW_KIES_LOCATION_PERMISSION in package com.wssnps
12-12 20:48:02.804   787   887 W PackageManager: Unknown permission com.wss.android.spdagent.permission.C2D_MESSAGE in package com.policydm
12-12 20:48:02.804   787   887 W PackageManager: Unknown permission com.sec.android.permission.KNOX in package com.policydm
12-12 20:48:02.804   787   887 W PackageManager: Unknown permission com.samsung.spd.SBA_RELOAD in package com.policydm
12-12 20:48:02.804   787   887 W PackageManager: Unknown permission com.samsung.permission.wearable.CONNECT_ACCESS in package com.samsung.android.app.watchmanagerstub
12-12 20:48:02.804   787   887 W PackageManager: Unknown permission android.permission.ACCESS_DEV_STORAGE in package com.sec.android.app.camera
12-12 20:48:02.814   787   887 W PackageManager: Unknown permission com.sec.android.app.twdvfs.DVFS_BOOSTER_PERMISSION in package com.sec.android.app.camera
12-12 20:48:02.814   787   887 W PackageManager: Unknown permission com.sec.chaton.TOKEN_74e548bcd7dc013c8f8b585ba11ad16b271ceebb0acbe6c001c0aecdae65f37b366963990139710b4b5c3238053d25b7940d90c9f30e04a119c6c3dd94c276d32ec19cc4a4906ccbae88b80158ce08440ba5b1d7e14b864a076e31fa3e478f51ff186b2e995cc4d9503987cc3b80efdc331d7626ae145ce1810604514abd5fd9 in package com.sec.android.app.camera
12-12 20:48:02.814   787   887 W PackageManager: Unknown permission com.samsung.android.provider.filterprovider.permission.READ_FILTER in package com.sec.android.app.camera
12-12 20:48:02.814   787   887 W PackageManager: Unknown permission com.samsung.android.provider.filterprovider.permission.WRITE_FILTER in package com.sec.android.app.camera
12-12 20:48:02.814   787   887 W PackageManager: Unknown permission android.permission.ACCESS_DEV_STORAGE in package com.sec.android.app.myfiles
12-12 20:48:02.814   787   887 W PackageManager: Unknown permission com.sec.android.app.twdvfs.DVFS_BOOSTER_PERMISSION in package com.sec.android.app.myfiles
12-12 20:48:02.814   787   887 W PackageManager: Unknown permission samsung.android.snoteprovider.permission.READ in package com.sec.android.app.myfiles
12-12 20:48:02.814   787   887 W PackageManager: Unknown permission com.samsung.index.SEARCH.READ in package com.sec.android.app.myfiles
12-12 20:48:02.814   787   887 W PackageManager: Unknown permission com.samsung.index.SEARCH.WRITE in package com.sec.android.app.myfiles
12-12 20:48:02.814   787   887 W PackageManager: Unknown permission sidesync.app.action.permission.KMS_FILETRANSFER_DRAG_FILEINFO in package com.sec.android.app.myfiles
12-12 20:48:02.814   787   887 W PackageManager: Unknown permission com.sec.android.homesync.EXCLUSIVE_APP in package com.osp.app.signin
12-12 20:48:02.814   787   887 W PackageManager: Not granting permission android.permission.INTERACT_ACROSS_USERS_FULL to package com.osp.app.signin (protectionLevel=2 flags=0x4098be05)
12-12 20:48:02.814   787   887 W PackageManager: Unknown permission android.permission.READ_SETTINGS in package com.osp.app.signin
12-12 20:48:02.814   787   887 W PackageManager: Unknown permission com.sec.spp.permission.TOKEN_629e52d85fa91d200413707985ff2b21bb923206e41b8543e55c1d440a5edeb2e28d48d440dc7c7fb7f60eb39577517265b780609c8556eddbc673d21db4d7db6f17fe1b322387178eb0dc77b180f6154e4ad60bf64418c03ee0990b8783734fde37e5f82e089a04273b4650527a6b1335e2e99e94450386fd1c692106b58553 in package com.osp.app.signin
12-12 20:48:02.814   787   887 W PackageManager: Unknown permission com.sec.android.app.calendar.permission.CHANGE_CALENDAR_PREFERENCE in package com.sec.android.app.deskhomescreen
12-12 20:48:02.814   787   887 W PackageManager: Unknown permission com.samsung.android.providers.context.permission.READ_APP_USAGE_DB in package com.sec.android.app.controlpanel
12-12 20:48:02.814   787   887 W PackageManager: Unknown permission com.samsung.android.providers.context.permission.WRITE_APP_USAGE_DB in package com.sec.android.app.controlpanel
12-12 20:48:02.814   787   887 W PackageManager: Unknown permission com.qualcomm.permission.ACCESS_LOCATION_API in package com.qualcomm.location
12-12 20:48:02.814   787   887 W PackageManager: Unknown permission android.permission.ACCESS_DRM in package com.samsung.android.MtpApplication
12-12 20:48:02.824   787   887 W PackageManager: Unknown permission com.sec.android.app.twdvfs.DVFS_BOOSTER_PERMISSION in package com.samsung.android.MtpApplication
12-12 20:48:02.824   787   887 W PackageManager: Not granting permission android.permission.INTERACT_ACROSS_USERS to package com.android.dreams.basic (protectionLevel=50 flags=0x88be45)
12-12 20:48:02.824   787   887 W PackageManager: Unknown permission android.permission.RECEIVE_SHUTDOWN in package com.sec.android.app.clockpackage
12-12 20:48:02.824   787   887 W PackageManager: Unknown permission android.permission.SCREEN in package com.sec.android.app.clockpackage
12-12 20:48:02.824   787   887 W PackageManager: Unknown permission com.sec.android.daemonapp.ap.accuweather.permission.ACCU_DAEMON_ACCESS_INTENT in package com.sec.android.app.clockpackage
12-12 20:48:02.824   787   887 W PackageManager: Unknown permission com.sec.android.daemonapp.ap.kweather.permission.KW_DAEMON_ACCESS_INTENT in package com.sec.android.app.clockpackage
12-12 20:48:02.824   787   887 W PackageManager: Unknown permission com.sec.android.daemonapp.ap.sinaweather.permission.SINA_DAEMON_ACCESS_INTENT in package com.sec.android.app.clockpackage
12-12 20:48:02.824   787   887 W PackageManager: Unknown permission com.samsung.wmanager.ENABLE_NOTIFICATION in package com.sec.android.app.clockpackage
12-12 20:48:02.824   787   887 W PackageManager: Unknown permission com.sec.android.app.clockpackage.permission.READ_ALARM in package com.sec.android.app.clockpackage
12-12 20:48:02.824   787   887 W PackageManager: Unknown permission com.sec.android.app.calendar.permission.CHANGE_CALENDAR_PREFERENCE in package com.sec.android.app.clockpackage
12-12 20:48:02.824   787   887 W PackageManager: Unknown permission com.sec.android.permission.LAUNCH_PERSONAL_PAGE_SERVICE in package com.android.systemui
12-12 20:48:02.824   787   887 W PackageManager: Unknown permission com.samsung.tmowfc.wfcprovider.permission.READ_WFCPROVIDER in package com.android.systemui
12-12 20:48:02.824   787   887 W PackageManager: Unknown permission com.sec.android.emergencymode.permission.LAUNCH_EMERGENCYMODE_SERVICE in package com.android.systemui
12-12 20:48:02.824   787   887 W PackageManager: Unknown permission com.sec.android.app.sbrowser.operatorbookmarks.permission.READ_OPERATOR_BOOKMARKS in package com.samsung.sec.android.application.csc
12-12 20:48:02.824   787   887 W PackageManager: Unknown permission com.sec.android.app.sbrowser.operatorbookmarks.permission.WRITE_OPERATOR_BOOKMARKS in package com.samsung.sec.android.application.csc
12-12 20:48:02.824   787   887 W PackageManager: Unknown permission com.sec.android.app.sbrowser.permission.QUICKACCESS in package com.samsung.sec.android.application.csc
12-12 20:48:02.824   787   887 W PackageManager: Unknown permission com.sec.android.permission.READ_MEMO in package com.samsung.sec.android.application.csc
12-12 20:48:02.824   787   887 W PackageManager: Unknown permission com.sec.android.permission.WRITE_MEMO in package com.samsung.sec.android.application.csc
12-12 20:48:02.824   787   887 W PackageManager: Unknown permission com.sec.android.widgetapp.q1_penmemo.permission.READ in package com.samsung.sec.android.application.csc
12-12 20:48:02.824   787   887 W PackageManager: Unknown permission com.sec.android.widgetapp.q1_penmemo.permission.WRITE in package com.samsung.sec.android.application.csc
12-12 20:48:02.824   787   887 W PackageManager: Unknown permission com.sec.android.app.clockpackage.permission.READ_ALARM in package com.samsung.sec.android.application.csc
12-12 20:48:02.824   787   887 W PackageManager: Unknown permission com.sec.android.app.clockpackage.permission.WRITE_ALARM in package com.samsung.sec.android.application.csc
12-12 20:48:02.824   787   887 W PackageManager: Unknown permission sec.android.permission.READ_MSG_PREF in package com.samsung.sec.android.application.csc
12-12 20:48:02.824   787   887 W PackageManager: Unknown permission sec.android.permission.WRITE_MSG_PREF in package com.samsung.sec.android.application.csc
12-12 20:48:02.824   787   887 W PackageManager: Unknown permission android.permission.ACCESS_DRM in package com.sec.android.app.videoplayer
12-12 20:48:02.824   787   887 W PackageManager: Unknown permission com.sec.android.app.twdvfs.DVFS_BOOSTER_PERMISSION in package com.sec.android.app.videoplayer
12-12 20:48:02.824   787   887 W PackageManager: Unknown permission android.permission.SYSTEM_ALERT in package com.sec.android.app.videoplayer
12-12 20:48:02.824   787   887 W PackageManager: Unknown permission com.sec.pcw.provider.PCloudContentProvider.READ_CONTENT in package com.sec.android.app.videoplayer
12-12 20:48:02.834   787   887 W PackageManager: Unknown permission com.samsung.android.sdk.samsunglink.permission.PUBLIC_ACCESS in package com.sec.android.app.videoplayer
12-12 20:48:02.834   787   887 W PackageManager: Unknown permission com.samsung.videohub.permission.CONTENT_READ in package com.sec.android.app.videoplayer
12-12 20:48:02.834   787   887 W PackageManager: Unknown permission com.samsung.videohub.permission.CONTENT_WRITE in package com.sec.android.app.videoplayer
12-12 20:48:02.834   787   887 W PackageManager: Unknown permission com.sec.android.permission.READ_MEMO in package com.sec.android.app.DataCreate
12-12 20:48:02.834   787   887 W PackageManager: Unknown permission com.sec.android.permission.WRITE_MEMO in package com.sec.android.app.DataCreate
12-12 20:48:02.834   787   887 W PackageManager: Unknown permission com.sec.android.widgetapp.q1_penmemo.permission.READ in package com.sec.android.app.DataCreate
12-12 20:48:02.834   787   887 W PackageManager: Unknown permission com.sec.android.widgetapp.q1_penmemo.permission.WRITE in package com.sec.android.app.DataCreate
12-12 20:48:02.834   787   887 W PackageManager: Unknown permission com.sec.android.app.clockpackage.permission.READ_WCCONTENT in package com.sec.android.app.DataCreate
12-12 20:48:02.834   787   887 W PackageManager: Unknown permission com.infraware.provider.SNoteProvider.permission.READ in package com.sec.android.app.DataCreate
12-12 20:48:02.834   787   887 W PackageManager: Unknown permission com.infraware.provider.SNoteProvider.permission.WRITE in package com.sec.android.app.DataCreate
12-12 20:48:02.834   787   887 W PackageManager: Unknown permission com.sec.android.app.clockpackage.permission.WRITE_WCCONTENT in package com.sec.android.app.DataCreate
12-12 20:48:02.834   787   887 W PackageManager: Not granting permission android.permission.WRITE_SECURE_SETTINGS to package com.sec.android.widgetapp.dualclockdigital (protectionLevel=50 flags=0x88be45)
12-12 20:48:02.834   787   887 W PackageManager: Not granting permission android.permission.CHANGE_CONFIGURATION to package com.blurb.checkout (protectionLevel=50 flags=0x88be45)
12-12 20:48:02.834   787   887 W PackageManager: Not granting permission android.permission.MOUNT_UNMOUNT_FILESYSTEMS to package com.blurb.checkout (protectionLevel=18 flags=0x88be45)
12-12 20:48:02.834   787   887 W PackageManager: Unknown permission com.samsung.android.app.episodes.permission.PUBLISH_IMAGES_COMPLETE in package com.blurb.checkout
12-12 20:48:02.834   787   887 W PackageManager: Not granting permission android.permission.MANAGE_DOCUMENTS to package com.google.android.youtube (protectionLevel=18 flags=0xdbbec5)
12-12 20:48:02.834   787   887 W PackageManager: Unknown permission com.chrome.permission.DEVICE_EXTRAS in package com.android.chrome
12-12 20:48:02.834   787   887 W PackageManager: Unknown permission com.infraware.provider.SNoteProvider.permission.READ in package com.sec.android.Kies
12-12 20:48:02.834   787   887 W PackageManager: Unknown permission com.infraware.provider.SNoteProvider.permission.WRITE in package com.sec.android.Kies
12-12 20:48:02.834   787   887 W PackageManager: Unknown permission com.sec.android.permission.KNOX in package com.sec.knox.seandroid
12-12 20:48:02.834   787   887 W PackageManager: Unknown permission com.sec.android.email.EMAIL_ACCOUNT_SETUP in package com.sec.knox.seandroid
12-12 20:48:02.834   787   887 W PackageManager: Unknown permission com.sec.enterprise.knox.permission.MDM_ENTERPRISE_TIMA_NOTIFICATION in package com.sec.knox.seandroid
12-12 20:48:02.834   787   887 W PackageManager: Unknown permission tv.yosemite.samsung.app.REMOTE_CONTROL in package com.sec.yosemite.tab
12-12 20:48:02.834   787   887 D EnterpriseDeviceManagerService: updateAdminPermissions
12-12 20:48:02.834   787   887 W PackageManager: Unknown permission com.sec.spp.permission.TOKEN_9daaafb3cf71917d75e50d144f08bd39d93a91116ba2a4b7c2124f94703965a87adb5de5fb71ab1d1ae15198209494b323ef8fdaa301f49b325b6b4fcc5a0193a4025c07c498c5eb870510856a294ec26ba07b8380cdd5f9434017aac2e49c4f25cff58601e624d4daaca5784e94a78c58a85aa7402247f1551696f5b287d767 in package com.sec.yosemite.tab
12-12 20:48:03.014   787  1784 D SSRMv2:SIOP: SIOP:: AP = 300, Delta = 0
12-12 20:48:03.394   787   887 D dalvikvm: GC_FOR_ALLOC freed 3278K, 54% free 25191K/53936K, paused 166ms, total 166ms
12-12 20:48:03.394   787   887 I System.out: AndroidManifest.xml getFileSize : 507108
12-12 20:48:03.584   787   887 I System.out: classes.dex getFileSize : 2792508
12-12 20:48:03.704   787   863 D SensorService:   0.1 -0.0 9.7
12-12 20:48:03.904   787   791 D dalvikvm: GC_CONCURRENT freed 2884K, 50% free 27411K/53936K, paused 5ms+16ms, total 179ms
12-12 20:48:03.904   787   887 D dalvikvm: WAIT_FOR_CONCURRENT_GC blocked 169ms
12-12 20:48:03.924   787   887 I System.out: resources.arsc getFileSize : 2469408
12-12 20:48:04.274   787   887 D dalvikvm: GC_FOR_ALLOC freed 4383K, 49% free 27778K/53936K, paused 175ms, total 175ms
12-12 20:48:04.294   787  1094 E Watchdog: !@Sync 265
12-12 20:48:04.464   787   791 D dalvikvm: GC_CONCURRENT freed 4207K, 46% free 29322K/53936K, paused 5ms+15ms, total 180ms
12-12 20:48:04.464   787   887 D dalvikvm: WAIT_FOR_CONCURRENT_GC blocked 163ms
12-12 20:48:04.624   787   887 I System.out: AndroidManifest.xml : 507108
12-12 20:48:04.884   787   791 D dalvikvm: GC_CONCURRENT freed 3855K, 42% free 31606K/53936K, paused 5ms+14ms, total 172ms
12-12 20:48:04.884   787   887 D dalvikvm: WAIT_FOR_CONCURRENT_GC blocked 156ms
12-12 20:48:05.424   787   887 I System.out: Total read size 5769024
12-12 20:48:05.694   787   791 D dalvikvm: GC_CONCURRENT freed 3945K, 37% free 34370K/53936K, paused 6ms+13ms, total 214ms
12-12 20:48:05.694   787   887 D dalvikvm: WAIT_FOR_CONCURRENT_GC blocked 195ms
12-12 20:48:05.804   787   887 I System.out: classes.dex : 2792508
12-12 20:48:06.214   787   791 D dalvikvm: GC_CONCURRENT freed 4232K, 31% free 37540K/53936K, paused 6ms+41ms, total 209ms
12-12 20:48:06.214   787   887 D dalvikvm: WAIT_FOR_CONCURRENT_GC blocked 192ms
12-12 20:48:06.714   787   887 I System.out: Total read size 5769024
12-12 20:48:06.884   787   887 I System.out: resources.arsc : 2469408
12-12 20:48:07.004   787   863 D SensorService:   0.1 -0.1 9.8
12-12 20:48:07.104   787   887 D dalvikvm: GC_FOR_ALLOC freed 9886K, 35% free 35592K/53936K, paused 211ms, total 211ms
12-12 20:48:07.804   787   791 D dalvikvm: GC_CONCURRENT freed 9057K, 37% free 34242K/53936K, paused 6ms+13ms, total 217ms
12-12 20:48:07.804   787   917 D dalvikvm: WAIT_FOR_CONCURRENT_GC blocked 175ms
12-12 20:48:07.804   787   887 D dalvikvm: WAIT_FOR_CONCURRENT_GC blocked 200ms
12-12 20:48:07.954   787   887 I System.out: Total read size 5769024
12-12 20:48:08.124   787   887 I EnterpriseDeviceManagerService: Payload Verified : false
12-12 20:48:08.344   787   899 V AlarmManager: waitForAlarm result :4
12-12 20:48:08.374   787   951 D PackageManager: checkUidPermission - Execution time: 4938 ms
12-12 20:48:08.374   248   248 D keystore: calling clear_uid in state: 3
12-12 20:48:08.374   787  1231 D PackageManager: getApplicationInfo - Execution time: 4282 ms
12-12 20:48:08.374   787   887 D PackageManager: Sending to user 0: act=android.intent.action.PACKAGE_REMOVED dat=package:com.example.snoopy flg=0x4000000 Bundle[{android.intent.extra.REMOVED_FOR_ALL_USERS=true, android.intent.extra.UID=13112, android.intent.extra.DATA_REMOVED=true, android.intent.extra.user_handle=0}]
12-12 20:48:08.384   787   899 V AlarmManager: trigger ELAPSED_REALTIME_WAKEUP or RTC_WAKEUP
12-12 20:48:08.424   787  3279 D BatteryService: level:100, scale:100, status:3, health:2, present:true, voltage: 4293, temperature: 234, technology: Li-ion, AC powered:false, USB powered:true, Wireless powered:false, icon:17303545, invalid charger:0, online:4, current avg:-137, charge type:2, power sharing:false
12-12 20:48:08.424   787   787 D BatteryService: Sending ACTION_BATTERY_CHANGED.
12-12 20:48:08.444  2128  2128 D dalvikvm: GC_EXPLICIT freed 449K, 54% free 6586K/14092K, paused 4ms+4ms, total 44ms
12-12 20:48:08.464 11387 11387 I WearableService: Wearable Services stopping
12-12 20:48:08.464   787   887 D PackageManager: Sending to user 0: act=android.intent.action.PACKAGE_FULLY_REMOVED dat=package:com.example.snoopy flg=0x4000000 Bundle[{android.intent.extra.REMOVED_FOR_ALL_USERS=true, android.intent.extra.UID=13112, android.intent.extra.DATA_REMOVED=true, android.intent.extra.user_handle=0}]
12-12 20:48:08.464   787  1246 I ActivityManager: Killing 12820:com.hancom.office.hshow.viewer.hshow_viewer_apk/u0a50 (adj 15): empty #31
12-12 20:48:08.474  1140  1140 D ContainerEventsRelayManager: <<< Intent action is >>> : android.intent.action.PACKAGE_REMOVED
12-12 20:48:08.474  1140  1140 D ContainerEventsRelayManager: <<< Intent data is   >>> : package:com.example.snoopy
12-12 20:48:08.474  1275  1275 D dalvikvm: GC_EXPLICIT freed 1290K, 62% free 5374K/14092K, paused 3ms+5ms, total 53ms
12-12 20:48:08.474  1435  1435 I MultiWindowTrayService: mPkgManagerReceiver : onReceive
12-12 20:48:08.474  1435  1435 I MultiWindowTrayInfo: android.intent.action.PACKAGE_REMOVE
12-12 20:48:08.484  1435  1435 I MultiWindowTrayInfo: android.intent.action.PACKAGE_REMOVE
12-12 20:48:08.484 11387 11387 I GeofencerStateMachine: removeGeofences: removeRequest=RemoveGeofencingRequest[REMOVE_ALL packageName=com.example.snoopy]
12-12 20:48:08.484   787   902 I InputReader: Reconfiguring input devices.  changes=0x00000010
12-12 20:48:08.494   991   991 D KeyguardUpdateMonitor: received broadcast android.intent.action.BATTERY_CHANGED
12-12 20:48:08.494   991   991 D KeyguardUpdateMonitor: handleBatteryUpdate
12-12 20:48:08.494  1167  1167 D WallpaperManager: SEC_PRODUCT_FEATURE_COMMON_ENABLE_TEXTURE_COMPRESSION is false
12-12 20:48:08.494 11590 11610 D HeadsetStateMachine: Disconnected process message: 10
12-12 20:48:08.494   991   991 D STATUSBAR-PhoneStatusBar:  mBrightnessEnablebySettings = true mBrightnessEnablebyBattery = true mBrightnessEnablebyDisableFlag = true mPmsBrightnessEnablebySettings = true
12-12 20:48:08.504  1167  1167 D WallpaperManager: SEC_PRODUCT_FEATURE_COMMON_ENABLE_TEXTURE_COMPRESSION is false
12-12 20:48:08.504  2610  2610 I elm:14111: MainReceiver.onReceive() : Intent { act=android.intent.action.PACKAGE_REMOVED dat=package:com.example.snoopy flg=0x4000010 cmp=com.sec.esdk.elm/.receiver.MainReceiver (has extras) }
12-12 20:48:08.504   991   991 D STATUSBAR-IconMerger: checkOverflow(1036), More:false, Req:false Child:4
12-12 20:48:08.514  1812  1812 D DeviceManagerBroadcastReceiver: Updated Battery Level: 100
12-12 20:48:08.514  1812  1812 D DeviceManagerBroadcastReceiver: Action: android.intent.action.BATTERY_CHANGED
12-12 20:48:08.514  1812  1812 D DeviceManagerBroadcastReceiver: Set Alarm: false
12-12 20:48:08.514   787   887 D PackageManager: Sending to user 0: act=android.intent.action.UID_REMOVED flg=0x4000000 Bundle[{android.intent.extra.REMOVED_FOR_ALL_USERS=true, android.intent.extra.UID=13112, android.intent.extra.DATA_REMOVED=true, android.intent.extra.user_handle=0}]
12-12 20:48:08.524  1140  1140 D ContainerEventsRelayManager: <<< Intent action is >>> : android.intent.action.PACKAGE_FULLY_REMOVED
12-12 20:48:08.524  1140  1140 D ContainerEventsRelayManager: <<< Intent data is   >>> : package:com.example.snoopy
12-12 20:48:08.524   991   991 D BatteryMeterView: ACTION_BATTERY_CHANGED : level:100 status:3 health:2
12-12 20:48:08.534   787   787 I HarmonyEASService: onReceive : android.intent.action.PACKAGE_REMOVED for 0
12-12 20:48:08.554 13728 13740 D Documents: Used cached roots for com.android.externalstorage.documents
12-12 20:48:08.554 13728 13740 D Documents: Used cached roots for com.android.providers.downloads.documents
12-12 20:48:08.554 13728 13740 D Documents: Used cached roots for com.android.providers.media.documents
12-12 20:48:08.554 13728 13740 D Documents: Loading roots for com.google.android.apps.docs.storage
12-12 20:48:08.564  2610  2610 I elm:14111: MainReceiver : Receive Intent { act=android.intent.action.PACKAGE_REMOVED dat=package:com.example.snoopy flg=0x4000010 cmp=com.sec.esdk.elm/.service.ElmAgentService (has extras) } END.
12-12 20:48:08.564  2610  2610 D elm:14111: ElmAgentService : onStartCommand() Intent { act=android.intent.action.PACKAGE_REMOVED dat=package:com.example.snoopy flg=0x4000010 cmp=com.sec.esdk.elm/.service.ElmAgentService (has extras) }
12-12 20:48:08.564  2610  2610 D elm:14111: MainReceiver.listeningToPackageRemoved()
12-12 20:48:08.564  2610  2610 D elm:14111: MDMBridge.getInstance()
12-12 20:48:08.564  2610  2610 D elm:14111: MDMBridge.getAllLicenseInfoFromSDK()
12-12 20:48:08.574  2610  2610 D elm:14111: MDMBridge.getAllLicenseInfoFromSDK()
12-12 20:48:08.594   787   912 V NetworkStats: removeUidsLocked() for UIDs [13112]
12-12 20:48:08.594  2610  2610 D elm:14111: MainReceiver.listeningToPackageRemoved(). SEND to KLMS. Remove All KNOX/ONS License
12-12 20:48:08.594 13728 13740 D Documents: Update found 6 roots in 106ms
12-12 20:48:08.594   787   912 V NetworkStats: performPollLocked(flags=0x3)
12-12 20:48:08.594   787  1246 I ActivityManager: Killing 12834:com.hancom.office.hword.viewer.hword_apk/u0a51 (adj 15): empty #31
12-12 20:48:08.604  1454  1454 I knox    : MainReceiver.onReceive() : Intent { act=android.intent.action.PACKAGE_REMOVED dat=package:com.example.snoopy flg=0x4000010 cmp=com.sec.knox.seandroid/.receiver.MainReceiver (has extras) }
12-12 20:48:08.604  1454  1454 D knox    : MainReceiver.listeningToPackageRemoved()
12-12 20:48:08.604  1454  1454 I knox    : MainReceiver.onReceive() END - - - - - : Intent { act=android.intent.action.PACKAGE_REMOVED dat=package:com.example.snoopy flg=0x4000010 cmp=com.sec.knox.seandroid/.receiver.MainReceiver (has extras) }
12-12 20:48:08.604  1454  1454 W ContextImpl: Calling a method in the system process without a qualified user: android.app.ContextImpl.startService:1865 android.content.ContextWrapper.startService:506 android.content.ContextWrapper.startService:506 com.sec.knox.seandroid.receiver.MainReceiver.onReceive:85 android.app.ActivityThread.handleReceiver:2578 
12-12 20:48:08.624 11931 11931 I PCWCLIENTTRACE_PushUtil: SPPPushClient is installed : true
12-12 20:48:08.624 11931 11931 I PCWCLIENTTRACE_PushUtil: sales region : global
12-12 20:48:08.624   787   912 V NetworkStats: performPollLocked() took 37ms
12-12 20:48:08.634 11931 11931 I PCWCLIENTTRACE_PushUtil: getPushTypeList : [SPP, GCM]
12-12 20:48:08.634 11931 11931 I PCWCLIENTTRACE_SYSTEMReceiver: [onReceive] - android.intent.action.PACKAGE_REMOVED
12-12 20:48:08.694 12134 12134 I SA      : [SUR] onReceive log=[SA = 1.5.0422 V = 19 HWD = 800X1280 1.0 dpi = 160  SIZE = 4 LOCALE = en_US CSC = BNN MCC = 0 MNC 0 T = user DEVICE = matissewifiopenbnn P = matissewifiopenbnn I = KOT49H M = SM-T530NU OKLEFT false DIS KOT49H.T530NUOVU1ANI3 PSS = 10.58540920614425  ]
12-12 20:48:08.694 12134 12134 I SA      : [SUR] onReceive Intent=[ action_PACKAGE_REMOVED package extra.REMOVED_FOR_ALL_USERS.:true extra.UID.:13112 extra.DATA_REMOVED.:true extra.user_handle.:0 ]
12-12 20:48:08.734   787   787 D BackupManagerService: Received broadcast Intent { act=android.intent.action.PACKAGE_REMOVED dat=package:com.example.snoopy flg=0x4000010 (has extras) }
12-12 20:48:08.734   787   787 V BackupManagerService: removePackageParticipantsLocked: uid=13112 #1
12-12 20:48:08.794  2128 14159 I IcingCorporaProvider: Updating corpora: APPS=com.example.snoopy, CONTACTS=MAYBE
12-12 20:48:08.824 11728 11728 D dalvikvm: GC_EXPLICIT freed 1077K, 58% free 10405K/24428K, paused 18ms+18ms, total 191ms
12-12 20:48:08.834 13911 13911 D UserAnalysis.UserAnalysisBroadcastReceiver: Create SecureDbHelper
12-12 20:48:08.864   787   876 D EnterpriseDeviceManagerService: Package has changed for user 0
12-12 20:48:08.864   787   876 D EnterpriseDeviceManagerService: Admin package name: com.google.android.gms
12-12 20:48:08.874 12848 12848 D CapabilityManagerService New: Receiver Broadcast:android.intent.action.PACKAGE_REMOVED
12-12 20:48:08.874 12848 12848 D CapabilityManagerService New: The package(com.example.snoopy) removed
12-12 20:48:08.914   787   876 W Resources: Converting to string: TypedValue{t=0x12/d=0xffffffff a=-1}
12-12 20:48:08.914 13926 13926 W ContextImpl: Calling a method in the system process without a qualified user: android.app.ContextImpl.startService:1865 android.content.ContextWrapper.startService:506 android.content.ContextWrapper.startService:506 com.android.keychain.KeyChainBroadcastReceiver.onReceive:12 android.app.ActivityThread.handleReceiver:2578 
12-12 20:48:08.924   787   876 W Resources: Converting to string: TypedValue{t=0x12/d=0xffffffff a=-1}
12-12 20:48:08.934 11728 12147 I Icing   : IndexChimeraService.getServiceInterface callingPackage=com.google.android.googlequicksearchbox componentName=null serviceId=21
12-12 20:48:08.934   787   876 W Resources: Converting to string: TypedValue{t=0x12/d=0xffffffff a=-1}
12-12 20:48:08.954   787   876 W Resources: Converting to string: TypedValue{t=0x12/d=0xffffffff a=-1}
12-12 20:48:08.954 11387 11787 E NetworkScheduler: Unrecognised action provided: android.intent.action.PACKAGE_REMOVED
