12-12 20:48:14.824 14365 14365 I SELinux :  
12-12 20:48:14.824 14365 14365 I SELinux : selinux_android_seapp_context_reload: seapp_contexts file is loaded from /seapp_contexts
12-12 20:48:14.824   787  1246 I ActivityManager: Killing 13629:com.sec.android.app.clockpackage/u0a142 (adj 15): empty #31
12-12 20:48:14.864 14365 14365 W ActivityThread: Application com.android.chrome can be debugged on port 8100...
12-12 20:48:14.934   787  1246 W ActivityManager: Permission Denial: getCurrentUser() from pid=14365, uid=10075 requires android.permission.INTERACT_ACROSS_USERS
12-12 20:48:14.944 12278 12278 E WOOKTEST: MagazineWidgetProviderHereAndNow
12-12 20:48:14.944 12278 12278 E WOOKTEST: MagazineWidgetProviderHereAndNow - onReceive
12-12 20:48:14.944 12278 12278 E WOOKTEST: intent = android.net.conn.CONNECTIVITY_CHANGE
12-12 20:48:14.944 12278 12278 E WOOKTEST: checkNetworkAvailable - return false
12-12 20:48:14.954 14379 14379 I SELinux : Function: selinux_android_load_priority [0], There is no sepolicy file.
12-12 20:48:14.954 14379 14379 I SELinux :  
12-12 20:48:14.954 14379 14379 I SELinux : Function: selinux_android_load_priority [1], There is no sepolicy version file.
12-12 20:48:14.954 14379 14379 I SELinux :  
12-12 20:48:14.954 14379 14379 I SELinux : Function: selinux_android_load_priority , priority version is VE=SEPF_SM-T530NU_4.4.2_0028
12-12 20:48:14.954 14379 14379 I SELinux :  
12-12 20:48:14.954 14379 14379 I SELinux :  
12-12 20:48:14.954 14379 14379 I SELinux : selinux_android_seapp_context_reload: seapp_contexts file is loaded from /seapp_contexts
12-12 20:48:14.954   787  3280 I ActivityManager: Killing 13741:com.android.externalstorage/u0a5 (adj 15): empty #31
12-12 20:48:15.044 10807 14394 D Aatp    : /task/b7758428c7fd44164104a8ccde50d5414e3e4ad2/status
12-12 20:48:15.134 10807 14395 D Aatp    : /bluetooth
12-12 20:48:15.154 10807 14395 D Aatp    : sha1: 08c3dc794aeff23540421576bfde0e4212b37f11
12-12 20:48:15.154 10807 14395 D AatpDeviceManager: k: enabled v: False
12-12 20:48:15.154 10807 14395 D AatpDeviceManager: k: NanoHttpd.QUERY_STRING v: enabled=False
12-12 20:48:15.174   787   787 W ContextImpl: Calling a method in the system process without a qualified user: android.app.ContextImpl.sendBroadcast:1523 com.android.server.StatusBarManagerService.sendNotification:981 com.android.server.StatusBarManagerService.addNotification:670 com.android.server.NotificationManagerService$7.run:2142 android.os.Handler.handleCallback:733 
12-12 20:48:15.184 10807 14395 D Aatp    : /task/08c3dc794aeff23540421576bfde0e4212b37f11
12-12 20:48:15.184 10807 10807 D AatpDeviceManager: taskStatus update (08c3dc794aeff23540421576bfde0e4212b37f11: {"state":1})
12-12 20:48:15.184 10807 14402 D AWSDeviceFarmAndroidLib: setEnabled: enabled: false
12-12 20:48:15.184   787   787 D STATUSBAR-StatusBarManagerService: sendNotification(1) - 1096041563
12-12 20:48:15.194 10807 14402 D AWSDeviceFarmAndroidLib: setEnabled: setting bluetooth to: false
12-12 20:48:15.194   991   991 D ProgressBar: setProgressDrawable drawableHeight = 0
12-12 20:48:15.204 11590 12600 D BluetoothAdapterService(1107598760): unRegister RemoteMessageListener
12-12 20:48:15.204 11590 12600 D HeadsetService: registerMessageListener
12-12 20:48:15.204 11590 11610 D HeadsetStateMachine: Disconnected process message: 80
12-12 20:48:15.204 11590 11604 D BluetoothAdapterState: CURRENT_STATE=ON, MSG = USER_TURN_OFF
12-12 20:48:15.204 11590 11604 I BluetoothAdapterState: Bluetooth adapter state changed: 12-> 13
12-12 20:48:15.204 11590 11604 D BluetoothAdapterService: Bluetooth PBAP supproted is false
12-12 20:48:15.204 11590 11604 D BluetoothAdapterService: Broadcasting updateAdapterState() to 1 receivers.
12-12 20:48:15.204 11590 11604 D BluetoothAdapterService: Autoconnection is available 
12-12 20:48:15.204 11590 11604 D BluetoothAdapterService: updateAdapterState prevState = 12newState = 13
12-12 20:48:15.204 11590 11604 D BluetoothAdapterService: terminating service from this receiver
12-12 20:48:15.204 11590 11610 D HeadsetStateMachine: processUnRegisterMessageListener : 2
12-12 20:48:15.204 11590 11604 W ContextImpl: Implicit intents with startService are not safe: Intent { act=com.samsung.ble.ACTION_SERVICE_BLE_AUTO_CONNECT } android.content.ContextWrapper.stopService:511 com.android.bluetooth.btservice.AdapterService.updateAdapterState:657 com.android.bluetooth.btservice.AdapterState.notifyAdapterStateChange:586 
12-12 20:48:15.204   991   991 D PhoneStatusBar: tick(): knoxCustomManager = android.app.enterprise.knoxcustom.KnoxCustomManager@41d4da00
12-12 20:48:15.214 11590 11646 D GKI_LINUX: acquire_my_wake_lock(), g_wake_lock_fd:90, g_wake_unlock_fd:91, wake_lock_acquired:0
12-12 20:48:15.214 11590 11604 I BluetoothAdapterState: Entering PendingCommandState State: isTurningOn()=false, isTurningOff()=true
12-12 20:48:15.214 10807 14402 D AWSDeviceFarmAndroidLib: setEnabled: bt is: false
12-12 20:48:15.214 10807 10807 D AatpDeviceManager: taskStatus update (08c3dc794aeff23540421576bfde0e4212b37f11: {"result":"Bluetooth enabled: false","state":2})
12-12 20:48:15.214 11590 11604 D BluetoothAdapterState: CURRENT_STATE=PENDING, MESSAGE = BEGIN_DISABLE, isTurningOn=false, isTurningOff=true
12-12 20:48:15.214 11590 11604 E bt-btif : btif_vhci_sock_cleanup, sock_thread_handle:6, rfc_init:1, vhci_init:1
12-12 20:48:15.214 11590 11604 E bt-btif : btif_sock_cleanup, sock_thread_handle:6, rfc_init:1, vhci_init:0
12-12 20:48:15.214   787   787 W ContextImpl: Calling a method in the system process without a qualified user: android.app.ContextImpl.sendBroadcast:1523 com.android.server.StatusBarManagerService.sendNotification:981 com.android.server.StatusBarManagerService.removeNotification:706 com.android.server.NotificationManagerService.cancelNotificationLocked:2455 com.android.server.NotificationManagerService.access$5100:160 
12-12 20:48:15.214   787   787 D STATUSBAR-StatusBarManagerService: sendNotification(3) - 1096041563
12-12 20:48:15.224 11590 11604 E bt-btif : cmd socket is not created
12-12 20:48:15.224 11590 11646 E bt-btif : bta_jv_rfcomm_stop_server
12-12 20:48:15.224   787   787 D NotificationService: cancelNotificationLocked
12-12 20:48:15.224   787   787 D NotificationService:  hasClearableItems
12-12 20:48:15.224 11590 12626 E BtOppRfcommListener: Error accept connection java.io.IOException: read failed, socket might closed or timeout, read ret: -1
12-12 20:48:15.224   787   787 D NotificationService:  has clearable items no 
12-12 20:48:15.224 11590 11604 D btif_config_util: btif_config_save_file(L153): in file name:/data/misc/bluedroid/bt_config.new
12-12 20:48:15.224   787   787 D NotificationService: cancelNotificationLocked: cancel alarm
12-12 20:48:15.224   787   787 D NotificationService: cancelNotificationLocked: cancel alarm
12-12 20:48:15.224   787   787 D LightsService: [api] [SvcLED] turnOff:: id = 4 (uid: 1000 pid: 787) 
12-12 20:48:15.224   787   787 D LightsService: [SvcLED] setSvcLedStateLocked:: SvcLEDState : 0x0 -> 0x0 | SvcLED(id=4) set Off
12-12 20:48:15.224   787   894 D LightsService: [SvcLED] Lux failed to be updated in 700ms. -> handleForcedSvcLEDTasK
12-12 20:48:15.224   787   894 D LightsService: [SvcLED]  setSvcLedLightLocked :: Current SvcLED(id=3) maintains its priority right
12-12 20:48:15.234   991   991 D STATUSBAR-IconMerger: checkOverflow(1064), More:false, Req:false Child:5
12-12 20:48:15.234 10807 10812 D dalvikvm: GC_CONCURRENT freed 2011K, 60% free 5643K/14092K, paused 2ms+4ms, total 92ms
12-12 20:48:15.244   991   991 D STATUSBAR-IconMerger: checkOverflow(1064), More:false, Req:false Child:4
12-12 20:48:15.254  1140  1140 D ContainerEventsRelayManager: <<< Intent action is >>> : android.bluetooth.adapter.action.STATE_CHANGED
12-12 20:48:15.254  1140  1140 D ContainerEventsRelayManager: <<< Intent data is   >>> : null
12-12 20:48:15.264   787  3281 D ECS_EnterpriseContainerService: getContainers   --  Called + uid1000
12-12 20:48:15.264   787  3281 D ECS_EnterpriseContainerService: getContainers   --  Called passing security
12-12 20:48:15.264   787  3281 D ECS_EnterpriseContainerCacheData: Container cache getContainers 
12-12 20:48:15.264   787  3281 D ECS_EnterpriseContainerCacheData: Container cache getContainers not null
12-12 20:48:15.264  1300  1300 I SamsungIME: STATE_CHANGED = 13, KEYBOARD_BT(0), mBTKeyboardCount =0
12-12 20:48:15.264 11590 11590 I BtOppRfcommListener: stopping Accept Thread
12-12 20:48:15.264 11590 12626 I BtOppRfcommListener: BluetoothSocket listen thread finished
12-12 20:48:15.264 11824 11824 V BluetoothEventManager: Received android.bluetooth.adapter.action.STATE_CHANGED
12-12 20:48:15.264  1153  1153 D PhoneApp: mReceiver: BluetoothAdapter.ACTION_STATE_CHANGED: 13
12-12 20:48:15.274   991   991 D STATUSBAR-IconMerger: checkOverflow(1092), More:false, Req:false Child:4
12-12 20:48:15.284 11590 11604 D IOP_DB_BT: db_close: nbr users 0
12-12 20:48:15.284 11590 11604 D IOP_DB_BT: db_close: free database
12-12 20:48:15.294 14414 14414 I SELinux : Function: selinux_android_load_priority [0], There is no sepolicy file.
12-12 20:48:15.294 14414 14414 I SELinux :  
12-12 20:48:15.294 14414 14414 I SELinux : Function: selinux_android_load_priority [1], There is no sepolicy version file.
12-12 20:48:15.294 14414 14414 I SELinux :  
12-12 20:48:15.294 14414 14414 I SELinux : Function: selinux_android_load_priority , priority version is VE=SEPF_SM-T530NU_4.4.2_0028
12-12 20:48:15.294 14414 14414 I SELinux :  
12-12 20:48:15.294 14414 14414 I SELinux :  
12-12 20:48:15.294 14414 14414 I SELinux : selinux_android_seapp_context_reload: seapp_contexts file is loaded from /seapp_contexts
12-12 20:48:15.314 14425 14425 I SELinux : Function: selinux_android_load_priority [0], There is no sepolicy file.
12-12 20:48:15.314 14425 14425 I SELinux :  
12-12 20:48:15.314 14425 14425 I SELinux : Function: selinux_android_load_priority [1], There is no sepolicy version file.
12-12 20:48:15.314 14425 14425 I SELinux :  
12-12 20:48:15.314 14425 14425 I SELinux : Function: selinux_android_load_priority , priority version is VE=SEPF_SM-T530NU_4.4.2_0028
12-12 20:48:15.314 14425 14425 I SELinux :  
12-12 20:48:15.314 14425 14425 I SELinux :  
12-12 20:48:15.314 14425 14425 I SELinux : selinux_android_seapp_context_reload: seapp_contexts file is loaded from /seapp_contexts
12-12 20:48:15.314   787   951 I ActivityManager: Killing 13782:com.google.android.apps.docs/u0a79 (adj 15): empty #31
12-12 20:48:15.324   787  1215 I ActivityManager: Killing 13841:com.google.android.gms.ui/u0a8 (adj 15): empty #31
12-12 20:48:15.334   787  3281 W ActivityManager: Unable to start service Intent { cmp=com.android.email/.service.AttachmentDownloadService } U=0: not found
12-12 20:48:15.374 14414 14414 D BadgeProvider: onCreate
12-12 20:48:15.374 14414 14414 D BadgeProvider: DatabaseHelper
12-12 20:48:15.374   787  1246 W ActivityManager: Permission Denial: getCurrentUser() from pid=14414, uid=10067 requires android.permission.INTERACT_ACROSS_USERS
12-12 20:48:15.384 10807 14436 D Aatp    : /task/08c3dc794aeff23540421576bfde0e4212b37f11/status
12-12 20:48:15.394 14414 14430 D BadgeProvider: query, [selection] : package='com.android.email' AND class='com.android.email.activity.Welcome' AND extraData='base_extra_badge'
12-12 20:48:15.394   787  3279 W ActivityManager: Permission Denial: getCurrentUser() from pid=14425, uid=10154 requires android.permission.INTERACT_ACROSS_USERS
12-12 20:48:15.404 14414 14430 D BadgeProvider: sendNotify entered. [uri] : content://com.sec.badge/apps/1
12-12 20:48:15.404 14414 14430 D BadgeProvider: sendNotify, [notify] : null
12-12 20:48:15.404 14414 14430 D BadgeProvider: update, [uri] : content://com.sec.badge/apps/1
12-12 20:48:15.404 14414 14430 D BadgeProvider: update, [BadgeCount] : badgecount=0
12-12 20:48:15.404 14414 14430 D BadgeProvider: update, [UpdateCount] : 1
12-12 20:48:15.404  1167  1167 D Launcher.Model: reloadBadges entered.
12-12 20:48:15.424 11590 11646 E bt-btif : BTA AG is already disabled, ignoring ...
12-12 20:48:15.424 14441 14441 I SELinux : Function: selinux_android_load_priority [0], There is no sepolicy file.
12-12 20:48:15.424 14441 14441 I SELinux :  
12-12 20:48:15.424 14441 14441 I SELinux : Function: selinux_android_load_priority [1], There is no sepolicy version file.
12-12 20:48:15.424 14441 14441 I SELinux :  
12-12 20:48:15.424 14441 14441 I SELinux : Function: selinux_android_load_priority , priority version is VE=SEPF_SM-T530NU_4.4.2_0028
12-12 20:48:15.424 14441 14441 I SELinux :  
12-12 20:48:15.424 14441 14441 I SELinux :  
12-12 20:48:15.424 14441 14441 I SELinux : selinux_android_seapp_context_reload: seapp_contexts file is loaded from /seapp_contexts
12-12 20:48:15.424 11590 11618 I bt_vendor: hw_epilog_process
12-12 20:48:15.424   787  1165 I ActivityManager: Killing 12762:com.android.musicfx/u0a18 (adj 15): empty #31
12-12 20:48:15.454 11590 11650 I bt_vendor: hw_epilog_cback Opcode:0x0C03 Status: 0
12-12 20:48:15.454 11590 11618 I bt_hci_bdroid: bt_hc_worker_thread exiting
12-12 20:48:15.454 11590 11606 D bt_userial_mct: userial_close
12-12 20:48:15.454 11590 11650 I bt_userial_mct: exiting userial_read_thread
12-12 20:48:15.454 11590 11650 D bt_userial_mct: Leaving userial_evt_read_thread()
12-12 20:48:15.454 11590 11606 I bt_vendor: bt-vendor : BT_VND_OP_USERIAL_CLOSE btSocType: 0
12-12 20:48:15.484 10807 14446 D Aatp    : /gps
12-12 20:48:15.484 14441 14441 E dalvikvm: Could not find class 'android.app.job.JobScheduler', referenced from method com.sec.android.app.samsungapps.SamsungApps.a
12-12 20:48:15.484 14441 14441 W dalvikvm: VFY: unable to resolve check-cast 69 (Landroid/app/job/JobScheduler;) in Lcom/sec/android/app/samsungapps/SamsungApps;
12-12 20:48:15.484 14441 14441 D dalvikvm: VFY: replacing opcode 0x1f at 0x0008
12-12 20:48:15.494 10807 14446 D Aatp    : sha1: 8e9e829e93ba43c0359b2d8ace32a61c047242a8
12-12 20:48:15.494 10807 14446 D AatpDeviceManager: k: enabled v: False
12-12 20:48:15.494 10807 14446 D AatpDeviceManager: k: NanoHttpd.QUERY_STRING v: enabled=False
12-12 20:48:15.504 10807 10807 D AatpDeviceManager: taskStatus update (8e9e829e93ba43c0359b2d8ace32a61c047242a8: {"state":1})
12-12 20:48:15.504 10807 14455 D AWSDeviceFarmAndroidLib: setEnabled: disabling GPS
12-12 20:48:15.504 10807 14455 D AWSDeviceFarmAndroidLib: disableGPS()
12-12 20:48:15.504 10807 14455 D AWSDeviceFarmAndroidLib: disableGPS(): gps
12-12 20:48:15.504 10807 14455 D AWSDeviceFarmAndroidLib: disableGPS(): gpsDisabled: 
12-12 20:48:15.504   787   787 W ContextImpl: Calling a method in the system process without a qualified user: android.app.ContextImpl.sendBroadcast:1523 com.android.server.StatusBarManagerService.sendNotification:981 com.android.server.StatusBarManagerService.addNotification:670 com.android.server.NotificationManagerService$7.run:2142 android.os.Handler.handleCallback:733 
12-12 20:48:15.514 10807 14446 D Aatp    : /task/8e9e829e93ba43c0359b2d8ace32a61c047242a8
12-12 20:48:15.514   991   991 D ProgressBar: setProgressDrawable drawableHeight = 0
12-12 20:48:15.514   787  3278 W BackupManagerService: dataChanged but no participant pkg='com.android.providers.settings' uid=13111
12-12 20:48:15.524 11387 11387 I GeofencerStateMachine: sendQueryLocationOptIn
12-12 20:48:15.524 10807 14455 D AWSDeviceFarmAndroidLib: setEnabled: GPS is: false
12-12 20:48:15.524 11590 11647 D GKI_LINUX: release_my_wake_lock(), g_wake_lock_fd:90, g_wake_unlock_fd:91, wake_lock_acquired:1
12-12 20:48:15.524 10807 10807 D AatpDeviceManager: taskStatus update (8e9e829e93ba43c0359b2d8ace32a61c047242a8: {"result":"GPS enabled: false","state":2})
12-12 20:48:15.524   787   787 D STATUSBAR-StatusBarManagerService: sendNotification(1) - 1096041564
12-12 20:48:15.524   991   991 D PhoneStatusBar: tick(): knoxCustomManager = android.app.enterprise.knoxcustom.KnoxCustomManager@41d4da00
12-12 20:48:15.524   787   787 W ContextImpl: Calling a method in the system process without a qualified user: android.app.ContextImpl.sendBroadcast:1523 com.android.server.StatusBarManagerService.sendNotification:981 com.android.server.StatusBarManagerService.removeNotification:706 com.android.server.NotificationManagerService.cancelNotificationLocked:2455 com.android.server.NotificationManagerService.access$5100:160 
12-12 20:48:15.534   787   787 D NotificationService: cancelNotificationLocked
12-12 20:48:15.534   787   787 D NotificationService:  hasClearableItems
12-12 20:48:15.534   787   787 D NotificationService:  has clearable items no 
12-12 20:48:15.534   787   787 D NotificationService: cancelNotificationLocked: cancel alarm
12-12 20:48:15.534   787   787 D NotificationService: cancelNotificationLocked: cancel alarm
12-12 20:48:15.534   787   787 D STATUSBAR-StatusBarManagerService: sendNotification(3) - 1096041564
12-12 20:48:15.534   787   787 D LightsService: [api] [SvcLED] turnOff:: id = 4 (uid: 1000 pid: 787) 
12-12 20:48:15.534   787   787 D LightsService: [SvcLED] setSvcLedStateLocked:: SvcLEDState : 0x0 -> 0x0 | SvcLED(id=4) set Off
12-12 20:48:15.534   787   894 D LightsService: [SvcLED] Lux failed to be updated in 700ms. -> handleForcedSvcLEDTasK
12-12 20:48:15.534   787   894 D LightsService: [SvcLED]  setSvcLedLightLocked :: Current SvcLED(id=3) maintains its priority right
12-12 20:48:15.534   991   991 D STATUSBAR-IconMerger: checkOverflow(1092), More:false, Req:false Child:4
12-12 20:48:15.544   787   876 D GpsLocationProvider: handleDisable
12-12 20:48:15.544   787   797 D LocationManagerService: getProviders()=[passive]
12-12 20:48:15.544   787   876 D GpsLocationProvider: stopNavigating
12-12 20:48:15.544   787   876 E LocSvc_eng: I/===> void loc_eng_cleanup(loc_eng_data_s_type&) line 1907 
12-12 20:48:15.554 14441 14441 D SamsungApps: GalaxyApps Application onCreate calling...
12-12 20:48:15.554   787   798 W ActivityManager: Permission Denial: getCurrentUser() from pid=14441, uid=10029 requires android.permission.INTERACT_ACROSS_USERS
12-12 20:48:15.574 11590 11606 D BTSNOOP-DISP: btsnoop_close
12-12 20:48:15.574 11590 11606 I bt_vendor: cleanup
12-12 20:48:15.574 11590 11606 I bt_vendor: bt-vendor : BT_VND_OP_POWER_CTRL: Off
12-12 20:48:15.574 11590 11606 I bt_vendor: Starting hciattach daemon
12-12 20:48:15.574 11590 11606 I bt_vendor: try to set false
12-12 20:48:15.574 11590 11646 I GKI_LINUX: gki_task_entry: gki_task task_id=0 [BTU] terminating
12-12 20:48:15.574 11590 11606 I GKI_LINUX: GKI_exit_task: GKI_exit_task 0 done
12-12 20:48:15.574 11590 11606 I GKI_LINUX: GKI_destroy_task: GKI_shutdown(): task [BTU] terminated
12-12 20:48:15.574 14441 14441 E dalvikvm: Could not find class 'com.samsung.android.desktopmode.SemDesktopModeManager', referenced from method com.sec.android.app.samsungapps.vlibrary3.webimage.IImageRequestManager.disableLoading
12-12 20:48:15.574 14441 14441 W dalvikvm: VFY: unable to resolve check-cast 3501 (Lcom/samsung/android/desktopmode/SemDesktopModeManager;) in Lcom/sec/android/app/samsungapps/vlibrary3/webimage/IImageRequestManager;
12-12 20:48:15.574 14441 14441 D dalvikvm: VFY: replacing opcode 0x1f at 0x000f
12-12 20:48:15.584 14441 14441 I dalvikvm: Could not find method android.telephony.TelephonyManager.getPhoneCount, referenced from method com.sec.android.app.samsungapps.vlibrary.concreteloader.ConcreteDeviceInfoLoader.IfOnlyWifiDevice
12-12 20:48:15.584 14441 14441 W dalvikvm: VFY: unable to resolve virtual method 19494: Landroid/telephony/TelephonyManager;.getPhoneCount ()I
12-12 20:48:15.584 14441 14441 D dalvikvm: VFY: replacing opcode 0x6e at 0x0011
12-12 20:48:15.584 11590 11604 D BluetoothAdapterState: CURRENT_STATE=PENDING, MESSAGE = DISABLED, isTurningOn=false, isTurningOff=true
12-12 20:48:15.584 11590 11604 D BtConfig.SecureMode: isSecureModeOn:false
12-12 20:48:15.584 11590 11604 W BluetoothAdapterService: check For Quiet mode profile 10 RadioCount =0 srv name=com.android.bluetooth.gatt.GattService
12-12 20:48:15.584 11590 11604 D BtSettings.ProfileConfig: getProfileSaveSetting: com.android.bluetooth.gatt.GattService
12-12 20:48:15.584 11590 11604 W BluetoothAdapterService: Not skipping com.android.bluetooth.gatt.GattService
12-12 20:48:15.584 11590 11604 W BluetoothAdapterService: check For Quiet mode profile 10 RadioCount =0 srv name=com.android.bluetooth.hfp.HeadsetService
12-12 20:48:15.584 11590 11604 D BtSettings.ProfileConfig: getProfileSaveSetting: com.android.bluetooth.hfp.HeadsetService
12-12 20:48:15.584 11590 11604 W BluetoothAdapterService: Not skipping com.android.bluetooth.hfp.HeadsetService
12-12 20:48:15.584 11590 11590 D BtGatt.GattService: Received stop request...Stopping profile...
12-12 20:48:15.584 11590 11590 D BtGatt.GattService: stop()
12-12 20:48:15.584 11590 11604 W BluetoothAdapterService: check For Quiet mode profile 10 RadioCount =0 srv name=com.android.bluetooth.a2dp.A2dpService
12-12 20:48:15.584 11590 11604 D BtSettings.ProfileConfig: getProfileSaveSetting: com.android.bluetooth.a2dp.A2dpService
12-12 20:48:15.584 11590 11604 W BluetoothAdapterService: Not skipping com.android.bluetooth.a2dp.A2dpService
12-12 20:48:15.584 11590 11604 W BluetoothAdapterService: check For Quiet mode profile 10 RadioCount =0 srv name=com.android.bluetooth.hid.HidService
12-12 20:48:15.584 11590 11604 D BtSettings.ProfileConfig: getProfileSaveSetting: com.android.bluetooth.hid.HidService
12-12 20:48:15.594 11590 11604 W BluetoothAdapterService: Not skipping com.android.bluetooth.hid.HidService
12-12 20:48:15.594 11590 11604 W BluetoothAdapterService: check For Quiet mode profile 10 RadioCount =0 srv name=com.android.bluetooth.hdp.HealthService
12-12 20:48:15.594 11590 11604 D BtSettings.ProfileConfig: getProfileSaveSetting: com.android.bluetooth.hdp.HealthService
12-12 20:48:15.594 11590 11604 W BluetoothAdapterService: Not skipping com.android.bluetooth.hdp.HealthService
12-12 20:48:15.594 11590 11604 W BluetoothAdapterService: check For Quiet mode profile 10 RadioCount =0 srv name=com.android.bluetooth.pan.PanService
12-12 20:48:15.594 11590 11604 D BtSettings.ProfileConfig: getProfileSaveSetting: com.android.bluetooth.pan.PanService
12-12 20:48:15.594 11590 11604 W BluetoothAdapterService: Not skipping com.android.bluetooth.pan.PanService
12-12 20:48:15.594 11590 11604 D BluetoothAdapterState: Stopping profile services that were post enabled
12-12 20:48:15.594 14441 14441 W ContextImpl: Implicit intents with startService are not safe: Intent { act=com.sec.knox.containeragent.service.containermanager.ContainerManagerService } android.content.ContextWrapper.bindService:529 com.sec.knox.containeragent.ContainerManager.<init>:49 com.sec.android.app.samsungapps.vlibrary2.knoxmode.KNOXAPI.<init>:22 
12-12 20:48:15.604 10942 10942 I ContainerAgent: ContainerManagerService: ContainerManagerService onCreate()
12-12 20:48:15.604 10942 10942 I ContainerAgent: ContainerManagerService: ContainerManagerService onBind()
12-12 20:48:15.604 11590 11590 D HeadsetService: Received stop request...Stopping profile...
12-12 20:48:15.604 11824 11824 D HeadsetProfile: Bluetooth service disconnected
12-12 20:48:15.604 11590 11590 D A2dpService: Received stop request...Stopping profile...
12-12 20:48:15.604 11590 11612 D A2dpStateMachine: Exit Disconnected: -1
12-12 20:48:15.604 11590 11590 D Avrcp   : Unregistering previous receiver
12-12 20:48:15.604   787  1060 D MediaFocusControl: <<< unregisterRemoteControlDisplay
12-12 20:48:15.604   787   787 D BluetoothA2dp: Proxy object disconnected
12-12 20:48:15.604 11824 11824 D BluetoothA2dp: Proxy object disconnected
12-12 20:48:15.604 11824 11824 D A2dpProfile: Bluetooth service disconnected
12-12 20:48:15.604 11590 11590 D HidService: Received stop request...Stopping profile...
12-12 20:48:15.604 11590 11590 D HidService: Stopping Bluetooth HidService
12-12 20:48:15.614 11824 11824 D BluetoothInputDevice: Proxy object disconnected
12-12 20:48:15.614 11824 11824 D HidProfile: Bluetooth service disconnected
12-12 20:48:15.614 11590 11590 D HealthService: Received stop request...Stopping profile...
12-12 20:48:15.614 14441 14441 V ConcreteDeviceInfoLoader: SimState is not Ready
12-12 20:48:15.614 14441 14441 V ConcreteDeviceInfoLoader: deviceInfo MCC value is not correct
12-12 20:48:15.614 11590 11590 D PanService: Received stop request...Stopping profile...
12-12 20:48:15.614   787   939 D BluetoothTethering: got CMD_CHANNEL_DISCONNECTED
12-12 20:48:15.614   787   939 E BluetoothTethering: attempted to stop reverse tether with nothing tethered
12-12 20:48:15.614   787   787 D BluetoothPan: BluetoothPAN Proxy object disconnected
12-12 20:48:15.614 11590 11590 D BtSettings.ProfileConfig: getProfileSaveSetting: com.android.bluetooth.hdp.HealthService
12-12 20:48:15.614 11590 11590 D BluetoothAdapterService: Profile still running: com.android.bluetooth.hdp.HealthService
12-12 20:48:15.614 11824 11824 D BluetoothPan: BluetoothPAN Proxy object disconnected
12-12 20:48:15.614 11824 11824 D PanProfile: Bluetooth service disconnected
12-12 20:48:15.614 11590 11590 W BluetoothHeadsetServiceJni: Cleaning up Bluetooth Handsfree Interface...
12-12 20:48:15.614 11590 11590 W BluetoothHeadsetServiceJni: Cleaning up Bluetooth Handsfree callback object
12-12 20:48:15.614 11590 11590 D BtSettings.ProfileConfig: getProfileSaveSetting: com.android.bluetooth.hdp.HealthService
12-12 20:48:15.614 11590 11590 D BluetoothAdapterService: Profile still running: com.android.bluetooth.hdp.HealthService
12-12 20:48:15.614 11590 11613 I GKI_LINUX: gki_task_entry: gki_task task_id=2 [A2DP-MEDIA] terminating
12-12 20:48:15.614 11590 11590 I GKI_LINUX: GKI_exit_task: GKI_exit_task 2 done
12-12 20:48:15.614 11590 11590 I GKI_LINUX: GKI_destroy_task: GKI_shutdown(): task [A2DP-MEDIA] terminated
12-12 20:48:15.614 11590 11590 D BtSettings.ProfileConfig: getProfileSaveSetting: com.android.bluetooth.hdp.HealthService
12-12 20:48:15.614 11590 11590 D BluetoothAdapterService: Profile still running: com.android.bluetooth.hdp.HealthService
12-12 20:48:15.614 11590 11590 W BluetoothHidServiceJni: Cleaning up Bluetooth HID Interface...
12-12 20:48:15.614 11590 11590 W BluetoothHidServiceJni: Cleaning up Bluetooth GID callback object
12-12 20:48:15.624 11590 11590 D BtSettings.ProfileConfig: getProfileSaveSetting: com.android.bluetooth.pan.PanService
12-12 20:48:15.624 11590 11590 D BluetoothAdapterService: Profile still running: com.android.bluetooth.pan.PanService
12-12 20:48:15.624 11590 11590 W BluetoothHealthServiceJni: Cleaning up Bluetooth Health Interface...
12-12 20:48:15.624 11590 11590 W BluetoothHealthServiceJni: Cleaning up Bluetooth Health object
12-12 20:48:15.624 11590 11590 W BluetoothPanServiceJni: Cleaning up Bluetooth PAN Interface...
12-12 20:48:15.624 11590 11590 W BluetoothPanServiceJni: Cleaning up Bluetooth PAN callback object
12-12 20:48:15.624 11590 11604 D BluetoothAdapterState: CURRENT_STATE=PENDING,MSG = STOPPED, isTurningOn=false, isTurningOff=true
12-12 20:48:15.624 11590 11604 I BluetoothAdapterState: Bluetooth adapter state changed: 13-> 10
12-12 20:48:15.624 11590 11604 D BluetoothAdapterService: Bluetooth PBAP supproted is false
12-12 20:48:15.624 11590 11604 D BluetoothAdapterService: Broadcasting updateAdapterState() to 1 receivers.
12-12 20:48:15.624 11590 11604 D BluetoothAdapterService: Autoconnection is available 
12-12 20:48:15.624 11590 11604 D BluetoothAdapterService: updateAdapterState prevState = 13newState = 10
12-12 20:48:15.624 11590 11604 I BluetoothAdapterState: Entering OffState
12-12 20:48:15.624 11824 11838 D BluetoothMap: onBluetoothStateChange: up=false
12-12 20:48:15.634 11824 11838 E BluetoothMap: 
12-12 20:48:15.634 11824 11838 E BluetoothMap: java.lang.IllegalArgumentException: Service not registered: android.bluetooth.BluetoothMap$2@420afb38
12-12 20:48:15.634 11824 11838 E BluetoothMap: 	at android.app.LoadedApk.forgetServiceDispatcher(LoadedApk.java:935)
12-12 20:48:15.634 11824 11838 E BluetoothMap: 	at android.app.ContextImpl.unbindService(ContextImpl.java:1990)
12-12 20:48:15.634 11824 11838 E BluetoothMap: 	at android.content.ContextWrapper.unbindService(ContextWrapper.java:541)
12-12 20:48:15.634 11824 11838 E BluetoothMap: 	at android.bluetooth.BluetoothMap$1.onBluetoothStateChange(BluetoothMap.java:66)
12-12 20:48:15.634 11824 11838 E BluetoothMap: 	at android.bluetooth.IBluetoothStateChangeCallback$Stub.onTransact(IBluetoothStateChangeCallback.java:55)
12-12 20:48:15.634 11824 11838 E BluetoothMap: 	at android.os.Binder.execTransact(Binder.java:404)
12-12 20:48:15.634 11824 11838 E BluetoothMap: 	at dalvik.system.NativeStart.run(Native Method)
12-12 20:48:15.634 11824 11837 D BluetoothPbap: onBluetoothStateChange: up=false
12-12 20:48:15.634 11824 11837 E BluetoothPbap: 
12-12 20:48:15.634 11824 11837 E BluetoothPbap: java.lang.IllegalArgumentException: Service not registered: android.bluetooth.BluetoothPbap$2@420b1130
12-12 20:48:15.634 11824 11837 E BluetoothPbap: 	at android.app.LoadedApk.forgetServiceDispatcher(LoadedApk.java:935)
12-12 20:48:15.634 11824 11837 E BluetoothPbap: 	at android.app.ContextImpl.unbindService(ContextImpl.java:1990)
12-12 20:48:15.634 11824 11837 E BluetoothPbap: 	at android.content.ContextWrapper.unbindService(ContextWrapper.java:541)
12-12 20:48:15.634 11824 11837 E BluetoothPbap: 	at android.bluetooth.BluetoothPbap$1.onBluetoothStateChange(BluetoothPbap.java:122)
12-12 20:48:15.634 11824 11837 E BluetoothPbap: 	at android.bluetooth.IBluetoothStateChangeCallback$Stub.onTransact(IBluetoothStateChangeCallback.java:55)
12-12 20:48:15.634 11824 11837 E BluetoothPbap: 	at android.os.Binder.execTransact(Binder.java:404)
12-12 20:48:15.634 11824 11837 E BluetoothPbap: 	at dalvik.system.NativeStart.run(Native Method)
12-12 20:48:15.634 11824 11838 D Bluetoothsap: onBluetoothStateChange: up=false
12-12 20:48:15.634 11824 11838 D Bluetoothsap: Unbinding service...
12-12 20:48:15.634 11824 11838 E Bluetoothsap: 
12-12 20:48:15.634 11824 11838 E Bluetoothsap: java.lang.IllegalArgumentException: Service not registered: com.broadcom.bt.service.sap.BluetoothSap$2@420b3420
12-12 20:48:15.634 11824 11838 E Bluetoothsap: 	at android.app.LoadedApk.forgetServiceDispatcher(LoadedApk.java:935)
12-12 20:48:15.634 11824 11838 E Bluetoothsap: 	at android.app.ContextImpl.unbindService(ContextImpl.java:1990)
12-12 20:48:15.634 11824 11838 E Bluetoothsap: 	at android.content.ContextWrapper.unbindService(ContextWrapper.java:541)
12-12 20:48:15.634 11824 11838 E Bluetoothsap: 	at com.broadcom.bt.service.sap.BluetoothSap$1.onBluetoothStateChange(BluetoothSap.java:146)
12-12 20:48:15.634 11824 11838 E Bluetoothsap: 	at android.bluetooth.IBluetoothStateChangeCallback$Stub.onTransact(IBluetoothStateChangeCallback.java:55)
12-12 20:48:15.634 11824 11838 E Bluetoothsap: 	at android.os.Binder.execTransact(Binder.java:404)
12-12 20:48:15.634 11824 11838 E Bluetoothsap: 	at dalvik.system.NativeStart.run(Native Method)
12-12 20:48:15.634   787   880 D BluetoothA2dp: onBluetoothStateChange: up=false
12-12 20:48:15.634 11824 11837 D BluetoothInputDevice: onBluetoothStateChange: up=false
12-12 20:48:15.634 11824 11837 D BluetoothA2dp: onBluetoothStateChange: up=false
12-12 20:48:15.634   787   880 D BluetoothManagerService: Broadcasting onBluetoothServiceDown() to 9 receivers.
12-12 20:48:15.644   787   880 D BluetoothManagerService: Broadcasting onBluetoothServiceUp() to 0 receivers.
12-12 20:48:15.644   787   787 I WifiTrafficPoller: mBoosterFLAG : 0
12-12 20:48:15.644   991   991 D BluetoothAdapter: 1105317776: getState() :  mService = null. Returning STATE_OFF
12-12 20:48:15.644   787   787 I WifiTrafficPoller: current booster mode : FullMode
12-12 20:48:15.644 11590 11590 D BluetoothAdapterService: Cleaning up adapter native....
12-12 20:48:15.644 11590 11606 I GKI_LINUX: gki_task_entry: gki_task task_id=1 [BTIF] terminating
12-12 20:48:15.644 11590 11590 I GKI_LINUX: GKI_exit_task: GKI_exit_task 1 done
12-12 20:48:15.644 11590 11590 I GKI_LINUX: GKI_destroy_task: GKI_shutdown(): task [BTIF] terminated
12-12 20:48:15.644  1140  1140 D ContainerEventsRelayManager: <<< Intent action is >>> : android.bluetooth.adapter.action.STATE_CHANGED
12-12 20:48:15.644  1140  1140 D ContainerEventsRelayManager: <<< Intent data is   >>> : null
12-12 20:48:15.644 11590 11590 D GKI_LINUX: release_my_wake_lock(), g_wake_lock_fd:90, g_wake_unlock_fd:91, wake_lock_acquired:0
12-12 20:48:15.644 11590 11590 I BluetoothServiceJni: cleanupNative: return from cleanup
12-12 20:48:15.644 11590 11590 D BluetoothAdapterService: Done cleaning up adapter native....
12-12 20:48:15.644   787  1215 D ECS_EnterpriseContainerService: getContainers   --  Called + uid1000
12-12 20:48:15.644   787  1215 D ECS_EnterpriseContainerService: getContainers   --  Called passing security
12-12 20:48:15.644   787  1215 D ECS_EnterpriseContainerCacheData: Container cache getContainers 
12-12 20:48:15.644   787  1215 D ECS_EnterpriseContainerCacheData: Container cache getContainers not null
12-12 20:48:15.644  1300  1300 I SamsungIME: STATE_CHANGED = 10, KEYBOARD_BT(0), mBTKeyboardCount =0
12-12 20:48:15.644  1153  1153 D PhoneApp: mReceiver: BluetoothAdapter.ACTION_STATE_CHANGED: 10
12-12 20:48:15.644 11590 11590 D BluetoothAdapterService(1107598760): ****onDestroy()********
12-12 20:48:15.644 11387 11387 D BluetoothAdapter: 1109128720: getState() :  mService = null. Returning STATE_OFF
12-12 20:48:15.644 11590 11590 D BtGatt.GattService: cleanup()
12-12 20:48:15.644 11824 11824 V BluetoothEventManager: Received android.bluetooth.adapter.action.STATE_CHANGED
12-12 20:48:15.654 11387 11387 I BeaconBle: Nearby requested to stop scan
12-12 20:48:15.654 11387 11387 I BeaconBle: Scan : No clients left, canceling alarm.
12-12 20:48:15.654 11387 11798 D BluetoothAdapter: 1109128720: getState() :  mService = null. Returning STATE_OFF
12-12 20:48:15.654 11387 11798 D BluetoothAdapter: 1109128720: getState() :  mService = null. Returning STATE_OFF
12-12 20:48:15.654 14441 14441 V ConcreteDeviceInfoLoader: SimState is not Ready
12-12 20:48:15.654 14441 14441 V ConcreteDeviceInfoLoader: deviceInfo MCC value is not correct
12-12 20:48:15.654 14441 14441 V ConcreteDeviceInfoLoader: SimState is not Ready
12-12 20:48:15.654 11387 12497 D BluetoothAdapter: 1109128720: getState() :  mService = null. Returning STATE_OFF
12-12 20:48:15.654 11387 12497 I BeaconBle: Scan : No clients left, canceling alarm.
12-12 20:48:15.664 11387 12497 I BeaconBle: Scan canceled successfully.
12-12 20:48:15.664 14441 14441 D [SAUI]  : StickerCenterInfo::::StickerCenterInfo
12-12 20:48:15.664 10807 14460 D Aatp    : /task/8e9e829e93ba43c0359b2d8ace32a61c047242a8/status
12-12 20:48:15.774 10807 14461 D Aatp    : /nfc
12-12 20:48:15.784 10807 14461 D Aatp    : sha1: 7b70424205a59b6b75e021605c74f88e2691b4a0
12-12 20:48:15.784 10807 14461 D AatpDeviceManager: k: enabled v: False
12-12 20:48:15.784 10807 14461 D AatpDeviceManager: k: NanoHttpd.QUERY_STRING v: enabled=False
12-12 20:48:15.794 10807 10807 D AatpDeviceManager: taskStatus update (7b70424205a59b6b75e021605c74f88e2691b4a0: {"state":1})
12-12 20:48:15.794 10807 10807 D AatpDeviceManager: taskStatus update (7b70424205a59b6b75e021605c74f88e2691b4a0: {"result":"NFC not supported on platform. Skipping","state":2})
12-12 20:48:15.794   787   787 W ContextImpl: Calling a method in the system process without a qualified user: android.app.ContextImpl.sendBroadcast:1523 com.android.server.StatusBarManagerService.sendNotification:981 com.android.server.StatusBarManagerService.addNotification:670 com.android.server.NotificationManagerService$7.run:2142 android.os.Handler.handleCallback:733 
12-12 20:48:15.794   787   787 D STATUSBAR-StatusBarManagerService: sendNotification(1) - 1096041565
12-12 20:48:15.804   787   787 D NotificationService: cancelNotificationLocked
12-12 20:48:15.804   787   787 D NotificationService:  hasClearableItems
12-12 20:48:15.804   787   787 D NotificationService:  has clearable items no 
12-12 20:48:15.804   787   787 D NotificationService: cancelNotificationLocked: cancel alarm
12-12 20:48:15.804   787   787 D NotificationService: cancelNotificationLocked: cancel alarm
12-12 20:48:15.804 10807 14461 D Aatp    : /task/7b70424205a59b6b75e021605c74f88e2691b4a0
12-12 20:48:15.804   991   991 D ProgressBar: setProgressDrawable drawableHeight = 0
12-12 20:48:15.804   787   787 W ContextImpl: Calling a method in the system process without a qualified user: android.app.ContextImpl.sendBroadcast:1523 com.android.server.StatusBarManagerService.sendNotification:981 com.android.server.StatusBarManagerService.removeNotification:706 com.android.server.NotificationManagerService.cancelNotificationLocked:2455 com.android.server.NotificationManagerService.access$5100:160 
12-12 20:48:15.804   787   787 D STATUSBAR-StatusBarManagerService: sendNotification(3) - 1096041565
12-12 20:48:15.804   787   787 D LightsService: [api] [SvcLED] turnOff:: id = 4 (uid: 1000 pid: 787) 
12-12 20:48:15.804   787   787 D LightsService: [SvcLED] setSvcLedStateLocked:: SvcLEDState : 0x0 -> 0x0 | SvcLED(id=4) set Off
12-12 20:48:15.804   787   894 D LightsService: [SvcLED] Lux failed to be updated in 700ms. -> handleForcedSvcLEDTasK
12-12 20:48:15.804   787   894 D LightsService: [SvcLED]  setSvcLedLightLocked :: Current SvcLED(id=3) maintains its priority right
12-12 20:48:15.814   991   991 D PhoneStatusBar: tick(): knoxCustomManager = android.app.enterprise.knoxcustom.KnoxCustomManager@41d4da00
12-12 20:48:15.824   991   991 D STATUSBAR-IconMerger: checkOverflow(1092), More:false, Req:false Child:4
12-12 20:48:15.934 10807 14465 D Aatp    : /task/7b70424205a59b6b75e021605c74f88e2691b4a0/status
12-12 20:48:15.984 14441 14441 W System.err: [DEBUG] GbaRequest - GbaRequest: Constructor Called 222 userAgent null
12-12 20:48:15.984 14441 14441 W System.err: [DEBUG] NafRequest - NafRequest: NafRequest constructor===useragent null
12-12 20:48:15.994 14441 14441 D dalvikvm: DexOpt: couldn't find field Landroid/content/pm/ApplicationInfo;.minSdkVersion
12-12 20:48:15.994 14441 14441 W dalvikvm: VFY: unable to resolve instance field 46
12-12 20:48:15.994 14441 14441 D dalvikvm: VFY: replacing opcode 0x52 at 0x0017
12-12 20:48:16.004 14441 14441 D [SAUI]  : StickerCenterAsyncQueryHandler::::startAllStickerItemInfoQuery content://null/noBlob/sticker/*
12-12 20:48:16.004 14441 14470 E ActivityThread: Failed to find provider info for null
12-12 20:48:16.014 14441 14441 D Sppmt   : Test mode:false, cfgFileExist:false, canWrite:false
12-12 20:48:16.024 14441 14441 D ReflectUtils: Cannot load field: SEM_INT
12-12 20:48:16.024 10807 14469 D Aatp    : /stop-location
12-12 20:48:16.034 14441 14441 D SamsungApps: GalaxyApps Application onCreate called...
12-12 20:48:16.034 14441 14441 I ContainerManager: onServiceConnected() name=ComponentInfo{com.sec.knox.containeragent/com.sec.knox.containeragent.service.containermanager.ContainerManagerService}, conn=com.sec.knox.containeragent.a@42090fa0
12-12 20:48:16.034 14441 14441 D [SAUI]  : Global::recovered::false
12-12 20:48:16.034 14441 14441 D [SAUI]  : StickerCenterAsyncQueryHandler::::cursor is empty
12-12 20:48:16.054 10807 14469 D AatpDeviceManager: stopTask
12-12 20:48:16.054 10807 14469 D AatpDeviceManager: got taskClass
12-12 20:48:16.054 10807 14469 D AatpDeviceManager: sending stop intent
12-12 20:48:16.054 11728 11728 I iu.Environment: update connectivity state; isNetworkMetered? false, isRoaming? false, isBackgroundDataAllowed? false*
12-12 20:48:16.064 10807 14469 D AatpDeviceManager: intent sent
12-12 20:48:16.064 10807 10807 D AatpDeviceManager: taskStatus update (beb0c5cf0968a976b590902ad3bfb083e95236ec: {"result":"","state":3})
12-12 20:48:16.074 11728 12527 I iu.UploadsManager: num queued entries: 0
12-12 20:48:16.074 11728 12527 I iu.UploadsManager: num updated entries: 0
12-12 20:48:16.074 11728 12527 I iu.SyncManager: NEXT; no task
12-12 20:48:16.074  1812  1812 D ShopWidgetController: intent received: com.nook.home.widget.ACTION_CONNECTIVITY
12-12 20:48:16.074 10807 14469 D Aatp    : /task/beb0c5cf0968a976b590902ad3bfb083e95236ec
12-12 20:48:16.084   787  1216 I ActivityManager: Killing 12779:com.hancom.androidpc.viewer.launcher/u0a47 (adj 15): empty #31
12-12 20:48:16.084   787  1216 I ActivityManager: Killing 12720:com.sec.android.gallery3d/u0a33 (adj 15): empty #32
12-12 20:48:16.104 10942 10942 I ContainerAgent: ContainerInstallerManagerService: ContainerInstallerManagerService onUnbind()
12-12 20:48:16.104 10942 10942 I ContainerAgent: ContainerInstallerManagerService: ContainerInstallerManagerService onDestroy()
12-12 20:48:16.204 10807 14482 D Aatp    : /task/beb0c5cf0968a976b590902ad3bfb083e95236ec/status
12-12 20:48:16.304   787  3278 D dalvikvm: GC_EXPLICIT freed 8331K, 56% free 23920K/53936K, paused 7ms+18ms, total 219ms
12-12 20:48:16.314 10823 10823 D com.samsung.app: [AccuTab_Magagine]>>> WC:42 [0:0] action : comandroidserverNotificationManagerServiceNotificationArrived
12-12 20:48:16.314 10823 10823 D com.samsung.app: [AccuTab_Magagine]>>> WC:55 [0:0] settings CT : androidappReceiverRestrictedContext@42049bf0
12-12 20:48:16.314 10823 10823 D com.samsung.app: [AccuTab_Magagine]>>> UIM:146 [0:0] setContext
12-12 20:48:16.314 10823 10823 D com.samsung.app: [AccuTab_Magagine]>>> UIM:227 [0:0] The widget does not exist in idle!!
12-12 20:48:16.324 11824 11824 W ContextImpl: Calling a method in the system process without a qualified user: android.app.ContextImpl.startService:1865 android.content.ContextWrapper.startService:506 android.content.ContextWrapper.startService:506 com.android.settings.bluetooth.DockEventReceiver.beginStartingService:134 com.android.settings.bluetooth.DockEventReceiver.onReceive:115 
12-12 20:48:16.334 11824 11824 D DockEventReceiver: finishStartingService: stopping service
12-12 20:48:16.334   787   939 D ConnectivityService: handleInetConditionChange: no active default network - ignore
12-12 20:48:16.344 11824 11824 D BluetoothNotiBroadcastReceiver: onReceive
12-12 20:48:16.374 10823 10823 D com.samsung.app: [AccuTab_Magagine]>>> WC:42 [0:0] action : comandroidserverNotificationManagerServiceNotificationArrived
12-12 20:48:16.374 10823 10823 D com.samsung.app: [AccuTab_Magagine]>>> WC:55 [0:0] settings CT : androidappReceiverRestrictedContext@42049bf0
12-12 20:48:16.374 10823 10823 D com.samsung.app: [AccuTab_Magagine]>>> UIM:146 [0:0] setContext
12-12 20:48:16.374 10823 10823 D com.samsung.app: [AccuTab_Magagine]>>> UIM:227 [0:0] The widget does not exist in idle!!
12-12 20:48:16.384 11387 11387 I GCoreNlp: shouldConfirmNlp, NLP off. Ensuring opt-in disabled
12-12 20:48:16.394 11387 11387 I GeofencerStateMachine: sendQueryLocationOptIn
12-12 20:48:16.414 10807 10807 D AatpDeviceManager: taskStatus update (beb0c5cf0968a976b590902ad3bfb083e95236ec: {"result":"","state":1})
12-12 20:48:16.414 11387 14491 I GCoreUlr: Starting service, intent=Intent { act=com.google.android.location.reporting.ACTION_UPDATE_WORLD cmp=com.google.android.gms/com.google.android.location.reporting.service.DispatchingService (has extras) }, extras=Bundle[{receiverAction=android.location.PROVIDERS_CHANGED}]
12-12 20:48:16.424 11824 11824 W ContextImpl: Calling a method in the system process without a qualified user: android.app.ContextImpl.startService:1865 android.content.ContextWrapper.startService:506 android.content.ContextWrapper.startService:506 com.android.settings.bluetooth.DockEventReceiver.beginStartingService:134 com.android.settings.bluetooth.DockEventReceiver.onReceive:115 
12-12 20:48:16.434 11387 11784 W GCoreFlp: No location to return for getLastLocation()
12-12 20:48:16.444 11824 11824 D DockEventReceiver: finishStartingService: stopping service
12-12 20:48:16.444 11824 11824 D BluetoothNotiBroadcastReceiver: onReceive
12-12 20:48:16.454   787   951 D LocationManagerService: request 43e244f0 passive Request[POWER_NONE passive fastest=0] from com.google.android.gms(10008)
12-12 20:48:16.454   787   951 D LocationManagerService: provider request: passive ProviderRequest[ON interval=0]
12-12 20:48:16.504 11387 14496 I GCoreUlr: WorldUpdater received intent Intent { act=com.google.android.location.reporting.ACTION_UPDATE_WORLD cmp=com.google.android.gms/com.google.android.location.reporting.service.DispatchingService (has extras) } with receiverAction android.location.PROVIDERS_CHANGED
12-12 20:48:16.504 11387 14496 I GCoreUlr: WorldUpdater:android.location.PROVIDERS_CHANGED: Ensuring that reporting is stopped because of reasons: (no Google accounts)
12-12 20:48:16.524 11387 14496 I GCoreUlr: Unbound from all location providers
12-12 20:48:16.524 11387 14496 I GCoreUlr: Place inference reporting - stop
12-12 20:48:16.534 11728 11853 I Authzen : [PermitStore] Getting all permits...
12-12 20:48:16.564 10823 10823 D com.samsung.app: [AccuTab_Magagine]>>> WC:42 [0:0] action : comandroidserverNotificationManagerServiceNotificationArrived
12-12 20:48:16.564 10823 10823 D com.samsung.app: [AccuTab_Magagine]>>> WC:55 [0:0] settings CT : androidappReceiverRestrictedContext@42049bf0
12-12 20:48:16.564 10823 10823 D com.samsung.app: [AccuTab_Magagine]>>> UIM:146 [0:0] setContext
12-12 20:48:16.564 10823 10823 D com.samsung.app: [AccuTab_Magagine]>>> UIM:227 [0:0] The widget does not exist in idle!!
12-12 20:48:16.574 11387 11787 I GCoreUlr: DispatchingService ignoring Intent { act=android.net.wifi.WIFI_STATE_CHANGED flg=0x4000010 (has extras) } because ULR inactive
12-12 20:48:16.574 14505 14505 I SELinux : Function: selinux_android_load_priority [0], There is no sepolicy file.
12-12 20:48:16.574 14505 14505 I SELinux :  
12-12 20:48:16.574 14505 14505 I SELinux : Function: selinux_android_load_priority [1], There is no sepolicy version file.
12-12 20:48:16.574 14505 14505 I SELinux :  
12-12 20:48:16.574 14505 14505 I SELinux : Function: selinux_android_load_priority , priority version is VE=SEPF_SM-T530NU_4.4.2_0028
12-12 20:48:16.574 14505 14505 I SELinux :  
12-12 20:48:16.574 14505 14505 I SELinux :  
12-12 20:48:16.574 14505 14505 I SELinux : selinux_android_seapp_context_reload: seapp_contexts file is loaded from /seapp_contexts
12-12 20:48:16.584 11387 12497 D BluetoothAdapter: 1109128720: getState() :  mService = null. Returning STATE_OFF
12-12 20:48:16.594   787   797 V ApplicationPolicy: isApplicationStateBlocked userId 0 pkgname com.google.android.gms
12-12 20:48:16.604   241   241 I SurfaceFlinger: id=40 createSurf (16x16),-1 flag=20004, EimLayer
12-12 20:48:16.604   241   241 I SurfaceFlinger: id=41 createSurf (16x16),-1 flag=20004, EimLayer
12-12 20:48:16.604   787   797 W ActivityManager: mDVFSHelper.acquire()
12-12 20:48:16.614   242   242 D dalvikvm: GC_EXPLICIT freed 44K, 66% free 4881K/14092K, paused 3ms+3ms, total 31ms
12-12 20:48:16.614  1167  1167 D Launcher.HomeView: onPause
12-12 20:48:16.624   787   867 D PointerIcon: setMouseIconStyle1 pointerType: 1001iconType:101 flag:0
12-12 20:48:16.624   787   867 D PointerIcon: setMouseCustomIcon IconType is same.101
12-12 20:48:16.634   242   242 D dalvikvm: GC_EXPLICIT freed <1K, 66% free 4881K/14092K, paused 2ms+4ms, total 24ms
12-12 20:48:16.654   242   242 D dalvikvm: GC_EXPLICIT freed <1K, 66% free 4881K/14092K, paused 2ms+3ms, total 23ms
12-12 20:48:16.664 14519 14519 I SELinux : Function: selinux_android_load_priority [0], There is no sepolicy file.
12-12 20:48:16.664 14519 14519 I SELinux :  
12-12 20:48:16.664 14519 14519 I SELinux : Function: selinux_android_load_priority [1], There is no sepolicy version file.
12-12 20:48:16.664 14519 14519 I SELinux :  
12-12 20:48:16.664 14519 14519 I SELinux : Function: selinux_android_load_priority , priority version is VE=SEPF_SM-T530NU_4.4.2_0028
12-12 20:48:16.664 14519 14519 I SELinux :  
12-12 20:48:16.664 14519 14519 I SELinux :  
12-12 20:48:16.664 14519 14519 I SELinux : selinux_android_seapp_context_reload: seapp_contexts file is loaded from /seapp_contexts
12-12 20:48:16.674 11387 11387 I GCoreUlr: Stopping handler for UlrDispSvcFast
12-12 20:48:16.674  1167  1167 D Launcher.Workspace: exitWidgetResizeMode State: NORMAL, newDragStarted: false
12-12 20:48:16.674   991   991 D PhoneStatusBar: setTransGradationMode=false, mTransparentMode=false, mSemiTransparentMode=false, mMultiWindowMode=false
12-12 20:48:16.674   787   798 D StatusBarManagerService: tr p:1167,o:f
12-12 20:48:16.684 11387 11387 I GCoreUlr: Unbound from all location providers
12-12 20:48:16.684 11387 11387 I GCoreUlr: Place inference reporting - stop
12-12 20:48:16.734 14505 14505 E SPPClientService: ============PushLog. commonIsShipBuild. stop!
12-12 20:48:16.734 14505 14505 E SPPClientService: [PushClientApplication] Push log off : This is Ship build version
12-12 20:48:16.744 14505 14505 D SPPClientService: PushLog.txt file is not deleted.
12-12 20:48:16.744 14505 14505 D SPPClientService: PushLog.txt file is not deleted.
12-12 20:48:16.744 14505 14505 D SPPClientService: ============PushLog. stop!
12-12 20:48:16.754 14519 14519 W dalvikvm: VFY: unable to resolve static field 937 (PR_SET_DUMPABLE) in Landroid/system/OsConstants;
12-12 20:48:16.754 14519 14519 D dalvikvm: VFY: replacing opcode 0x60 at 0x0009
12-12 20:48:16.764 14519 14519 W dalvikvm: VFY: unable to find class referenced in signature (Laqvj;)
12-12 20:48:16.764 14519 14519 W dalvikvm: VFY: unable to find class referenced in signature (Laqvj;)
12-12 20:48:16.764 14519 14519 W dalvikvm: VFY: unable to find class referenced in signature (Laqvj;)
12-12 20:48:16.764 14519 14519 W dalvikvm: VFY: unable to find class referenced in signature (Laqvj;)
12-12 20:48:16.774  1812  1812 D Profile : getProfileForUser Failed. Profile: No profile with userid 0 exists
12-12 20:48:16.774 14519 14519 I dalvikvm: Could not find method android.content.Context.getSystemService, referenced from method ro.a
