12-12 20:47:55.984 11728 11841 I Icing   : Indexing done 62B9888469143F82517F90AF39AF85E10BF845EF
12-12 20:47:56.014 11387 12312 E NetworkScheduler: ignoring stale queue check message
12-12 20:47:56.124 13995 13995 D AndroidRuntime: 
12-12 20:47:56.124 13995 13995 D AndroidRuntime: >>>>>> AndroidRuntime START com.android.internal.os.RuntimeInit <<<<<<
12-12 20:47:56.124 13995 13995 D AndroidRuntime: CheckJNI is OFF
12-12 20:47:56.124 13995 13995 D AndroidRuntime: setted country_code = USA
12-12 20:47:56.124 13995 13995 D AndroidRuntime: setted countryiso_code = US
12-12 20:47:56.124 13995 13995 D AndroidRuntime: setted sales_code = BNN
12-12 20:47:56.124 13995 13995 D AndroidRuntime: readGMSProperty: start
12-12 20:47:56.124 13995 13995 D AndroidRuntime: readGMSProperty: already setted!!
12-12 20:47:56.124 13995 13995 D AndroidRuntime: readGMSProperty: end
12-12 20:47:56.124 13995 13995 D AndroidRuntime: addProductProperty: start
12-12 20:47:56.144 13995 13995 D dalvikvm: Trying to load lib libjavacore.so 0x0
12-12 20:47:56.144 13995 13995 D dalvikvm: Added shared lib libjavacore.so 0x0
12-12 20:47:56.154 13995 13995 D dalvikvm: Trying to load lib libnativehelper.so 0x0
12-12 20:47:56.154 13995 13995 D dalvikvm: Added shared lib libnativehelper.so 0x0
12-12 20:47:56.154 13995 13995 D dalvikvm: No JNI_OnLoad found in libnativehelper.so 0x0, skipping init
12-12 20:47:56.374 13995 13995 E memtrack: Couldn't load memtrack module (No such file or directory)
12-12 20:47:56.374 13995 13995 E android.os.Debug: failed to load memtrack module: -2
12-12 20:47:56.414 13995 13995 D dalvikvm: Note: class Landroid/app/ActivityManagerNative; has 192 unimplemented (abstract) methods
12-12 20:47:56.494 13995 13995 D AndroidRuntime: Calling main entry com.android.commands.am.Am
12-12 20:47:56.494   991   991 D STATUSBAR-NetworkController: refreshSignalCluster - setNWBoosterIndicators(false)
12-12 20:47:56.494   991   991 D STATUSBAR-NetworkController: refreshSignalCluster: data=-1 bt=false
12-12 20:47:56.504   991   991 D STATUSBAR-IconMerger: checkOverflow(1036), More:false, Req:false Child:4
12-12 20:47:56.564   787  1215 V ApplicationPolicy: isApplicationStateBlocked userId 0 pkgname com.example.snoopy
12-12 20:47:56.574 13995 13995 D AndroidRuntime: Shutting down VM
12-12 20:47:56.574 13995 14006 D dalvikvm: GC_CONCURRENT freed 95K, 13% free 666K/764K, paused 0ms+0ms, total 3ms
12-12 20:47:56.584  1140  1140 D ContainerEventsRelayManager: <<< Intent action is >>> : android.intent.action.PACKAGE_RESTARTED
12-12 20:47:56.584  1140  1140 D ContainerEventsRelayManager: <<< Intent data is   >>> : package:com.example.snoopy
12-12 20:47:56.584  3086  3086 D daemonapp: [MSC_Daemon]>>> AWDCDS:27 [0:0] AWD CD Act : androidintentactionPACKAGE_RESTARTED
12-12 20:47:57.104   787   863 D SensorService:   0.1 -0.1 9.8
12-12 20:47:57.494 14022 14022 D AndroidRuntime: 
12-12 20:47:57.494 14022 14022 D AndroidRuntime: >>>>>> AndroidRuntime START com.android.internal.os.RuntimeInit <<<<<<
12-12 20:47:57.494 14022 14022 D AndroidRuntime: CheckJNI is OFF
12-12 20:47:57.494 14022 14022 D AndroidRuntime: setted country_code = USA
12-12 20:47:57.494 14022 14022 D AndroidRuntime: setted countryiso_code = US
12-12 20:47:57.494 14022 14022 D AndroidRuntime: setted sales_code = BNN
12-12 20:47:57.494 14022 14022 D AndroidRuntime: readGMSProperty: start
12-12 20:47:57.494 14022 14022 D AndroidRuntime: readGMSProperty: already setted!!
12-12 20:47:57.494 14022 14022 D AndroidRuntime: readGMSProperty: end
12-12 20:47:57.494 14022 14022 D AndroidRuntime: addProductProperty: start
12-12 20:47:57.494   991   991 D STATUSBAR-NetworkController: refreshSignalCluster - setNWBoosterIndicators(false)
12-12 20:47:57.494   991   991 D STATUSBAR-NetworkController: refreshSignalCluster: data=-1 bt=false
12-12 20:47:57.514 14022 14022 D dalvikvm: Trying to load lib libjavacore.so 0x0
12-12 20:47:57.514 14022 14022 D dalvikvm: Added shared lib libjavacore.so 0x0
12-12 20:47:57.514   991   991 D STATUSBAR-IconMerger: checkOverflow(1036), More:false, Req:false Child:4
12-12 20:47:57.524 14022 14022 D dalvikvm: Trying to load lib libnativehelper.so 0x0
12-12 20:47:57.524 14022 14022 D dalvikvm: Added shared lib libnativehelper.so 0x0
12-12 20:47:57.524 14022 14022 D dalvikvm: No JNI_OnLoad found in libnativehelper.so 0x0, skipping init
12-12 20:47:57.754 14022 14022 E memtrack: Couldn't load memtrack module (No such file or directory)
12-12 20:47:57.754 14022 14022 E android.os.Debug: failed to load memtrack module: -2
12-12 20:47:57.794 14022 14022 D dalvikvm: Note: class Landroid/app/ActivityManagerNative; has 192 unimplemented (abstract) methods
12-12 20:47:57.864 14022 14022 D AndroidRuntime: Calling main entry com.android.commands.am.Am
12-12 20:47:57.904   787   899 V AlarmManager: waitForAlarm result :4
12-12 20:47:57.914   787   899 V AlarmManager: trigger ELAPSED_REALTIME_WAKEUP or RTC_WAKEUP
12-12 20:47:57.934   787  1166 V ApplicationPolicy: isApplicationStateBlocked userId -1 pkgname com.example.snoopy
12-12 20:47:57.934 14022 14022 D AndroidRuntime: Shutting down VM
12-12 20:47:57.944 14022 14033 D dalvikvm: GC_CONCURRENT freed 95K, 13% free 666K/764K, paused 0ms+1ms, total 3ms
12-12 20:47:58.074 11387 11391 D dalvikvm: GC_CONCURRENT freed 2975K, 35% free 9258K/14092K, paused 5ms+7ms, total 56ms
12-12 20:47:58.074 11387 14039 D dalvikvm: WAIT_FOR_CONCURRENT_GC blocked 31ms
12-12 20:47:58.404 11387 14039 W Conscrypt: Could not set socket write timeout:
12-12 20:47:58.414 11387 14039 W Conscrypt:    java.lang.reflect.Method.invokeNative(Native Method)
12-12 20:47:58.414 11387 14039 W Conscrypt:    java.lang.reflect.Method.invoke(Method.java:515)
12-12 20:47:58.454 11387 14039 W Conscrypt: Could not set socket write timeout:
12-12 20:47:58.504   991   991 D STATUSBAR-NetworkController: refreshSignalCluster - setNWBoosterIndicators(false)
12-12 20:47:58.504   991   991 D STATUSBAR-NetworkController: refreshSignalCluster: data=-1 bt=false
12-12 20:47:58.514 11387 11391 D dalvikvm: GC_CONCURRENT freed 1588K, 32% free 9647K/14092K, paused 7ms+10ms, total 113ms
12-12 20:47:58.514   991   991 D STATUSBAR-IconMerger: checkOverflow(1036), More:false, Req:false Child:4
12-12 20:47:58.524 11387 14039 W Conscrypt:    java.lang.reflect.Method.invokeNative(Native Method)
12-12 20:47:58.534 11387 14039 W Conscrypt:    java.lang.reflect.Method.invoke(Method.java:515)
12-12 20:47:58.884 14048 14048 D AndroidRuntime: 
12-12 20:47:58.884 14048 14048 D AndroidRuntime: >>>>>> AndroidRuntime START com.android.internal.os.RuntimeInit <<<<<<
12-12 20:47:58.884 14048 14048 D AndroidRuntime: CheckJNI is OFF
12-12 20:47:58.884 14048 14048 D AndroidRuntime: setted country_code = USA
12-12 20:47:58.884 14048 14048 D AndroidRuntime: setted countryiso_code = US
12-12 20:47:58.884 14048 14048 D AndroidRuntime: setted sales_code = BNN
12-12 20:47:58.884 14048 14048 D AndroidRuntime: readGMSProperty: start
12-12 20:47:58.884 14048 14048 D AndroidRuntime: readGMSProperty: already setted!!
12-12 20:47:58.884 14048 14048 D AndroidRuntime: readGMSProperty: end
12-12 20:47:58.884 14048 14048 D AndroidRuntime: addProductProperty: start
12-12 20:47:58.904 14048 14048 D dalvikvm: Trying to load lib libjavacore.so 0x0
12-12 20:47:58.914 14048 14048 D dalvikvm: Added shared lib libjavacore.so 0x0
12-12 20:47:58.914 14048 14048 D dalvikvm: Trying to load lib libnativehelper.so 0x0
12-12 20:47:58.914 14048 14048 D dalvikvm: Added shared lib libnativehelper.so 0x0
12-12 20:47:58.914 14048 14048 D dalvikvm: No JNI_OnLoad found in libnativehelper.so 0x0, skipping init
12-12 20:47:59.014 11728 13761 I SettingsChangedIntentOp: SettingsChangedIntentOperation.run: Got intent Intent { act=com.google.android.gms.phenotype.COMMITTED flg=0x10 pkg=com.google.android.gms cmp=com.google.android.gms/.chimera.GmsIntentOperationService (has extras) }
12-12 20:47:59.024 11728 13761 I SettingsChangedIntentOp: SettingsChangedIntentOperation.run Intent extra com.google.android.gms.phenotype.PACKAGE_NAME: com.google.android.gms.ocr
12-12 20:47:59.024 11728 13761 I SettingsChangedIntentOp: Action: com.google.android.gms.phenotype.COMMITTED
12-12 20:47:59.024 11728 13761 I SettingsChangedIntentOp: EXTRA_PACKAGE_NAME: com.google.android.gms.ocr
12-12 20:47:59.024 11387 14070 W NetRec  : [784] ConfigChangedIntentOperation.onHandleIntent: Device does not support scoring, exiting
12-12 20:47:59.024 11387 14071 W NetRec  : [785] ConfigChangedIntentOperation.onHandleIntent: Device does not support scoring, exiting
12-12 20:47:59.024 11387 14072 I PTCommittedOperation: Receive new configuration for com.google.android.gms.ocr
12-12 20:47:59.034 11387 14039 I zgp     : Scheduling adaptive one off task with window [14400, 604800] in seconds
12-12 20:47:59.064   244   656 W QCamera2Factory: getCameraInfo: E, camera_id = 0
12-12 20:47:59.064   244   656 W QCamera2HWI: __dbg: info->orientation : 0 rc = 0
12-12 20:47:59.064   244   656 W QCamera2HWI: __dbg: info->orientation : 0 rc = 0
12-12 20:47:59.064   244   656 W QCamera2Factory: getCameraInfo: X
12-12 20:47:59.064 11728 13759 I OcrModelUpStIntentOp: Updating ocr activity enabled=false (phenotypeFlag=false, lowRamDevice=false, prereqCheck=true)
12-12 20:47:59.094 11728 11728 D dalvikvm: newInstance failed: no <init>()
12-12 20:47:59.094 11728 13759 E File    : fail readDirectory() errno=2
12-12 20:47:59.114 11387 12312 E NetworkScheduler: ignoring stale queue check message
12-12 20:47:59.144 14048 14048 E memtrack: Couldn't load memtrack module (No such file or directory)
12-12 20:47:59.144 14048 14048 E android.os.Debug: failed to load memtrack module: -2
12-12 20:47:59.184 14048 14048 D dalvikvm: Note: class Landroid/app/ActivityManagerNative; has 192 unimplemented (abstract) methods
12-12 20:47:59.254 14048 14048 D AndroidRuntime: Calling main entry com.android.commands.pm.Pm
12-12 20:47:59.264 11387 11391 D dalvikvm: GC_CONCURRENT freed 2572K, 36% free 9094K/14092K, paused 4ms+10ms, total 54ms
12-12 20:47:59.354   787  1060 V ApplicationPolicy: isApplicationStateBlocked userId 0 pkgname com.example.snoopy
12-12 20:47:59.364   787  1060 V ApplicationPolicy: isApplicationStateBlocked userId 0 pkgname com.example.snoopy
12-12 20:47:59.364  1140  1140 D ContainerEventsRelayManager: <<< Intent action is >>> : android.intent.action.PACKAGE_RESTARTED
12-12 20:47:59.364  1140  1140 D ContainerEventsRelayManager: <<< Intent data is   >>> : package:com.example.snoopy
12-12 20:47:59.364   248   248 D keystore: calling clear_uid in state: 3
12-12 20:47:59.364   787  1060 D PackageManager: START CLEAR APPLICATION USER DATA: observer{1139237224}
12-12 20:47:59.364   787  1060 D PackageManager: pkg{<packageName>}
12-12 20:47:59.364   787  1060 D PackageManager: user{0}
12-12 20:47:59.364   787   887 D PackageManager: [MSG] CLEAR_APPLICATION_USER_DATA
12-12 20:47:59.374   787   797 D LocationManagerService: getLastLocation: Request[POWER_NONE passive fastest=0 num=1]
12-12 20:47:59.374  3086  3086 D daemonapp: [MSC_Daemon]>>> AWDCDS:27 [0:0] AWD CD Act : androidintentactionPACKAGE_RESTARTED
12-12 20:47:59.384  1140  1140 D ContainerEventsRelayManager: <<< Intent action is >>> : android.intent.action.PACKAGE_DATA_CLEARED
12-12 20:47:59.384 11387 11387 I GeofencerStateMachine: removeGeofences: removeRequest=RemoveGeofencingRequest[REMOVE_ALL packageName=com.example.snoopy]
12-12 20:47:59.384  1140  1140 D ContainerEventsRelayManager: <<< Intent data is   >>> : package:com.example.snoopy
12-12 20:47:59.384 13728 14080 D Documents: Used cached roots for com.android.externalstorage.documents
12-12 20:47:59.384 13728 14080 D Documents: Used cached roots for com.android.providers.downloads.documents
12-12 20:47:59.384 13728 14080 D Documents: Used cached roots for com.android.providers.media.documents
12-12 20:47:59.384 13728 14080 D Documents: Loading roots for com.google.android.apps.docs.storage
12-12 20:47:59.394 13728 14080 D Documents: Update found 6 roots in 11ms
12-12 20:47:59.394   787   887 D PackageManager: return delete result to caller: 1139237224
12-12 20:47:59.394 14048 14048 D AndroidRuntime: Shutting down VM
12-12 20:47:59.394   787   887 D PackageManager: returnCode: true
12-12 20:47:59.404 14048 14064 D dalvikvm: GC_CONCURRENT freed 97K, 13% free 677K/776K, paused 0ms+0ms, total 3ms
12-12 20:47:59.404  3086  3086 D daemonapp: [MSC_Daemon]>>> AWDCDS:27 [0:0] AWD CD Act : androidintentactionPACKAGE_DATA_CLEARED
12-12 20:47:59.424 11728 14082 D Wear_Controller: Received broadcast action=android.intent.action.PACKAGE_DATA_CLEARED and uri=com.example.snoopy
12-12 20:47:59.434   787  3279 D LocationManagerService: getLastLocation: Request[POWER_NONE passive fastest=0 num=1]
12-12 20:47:59.434 11728 13762 I LocationSettingsChecker: Removing dialog suppression flag for package com.example.snoopy
12-12 20:47:59.444 11728 11946 I Icing   : doRemovePackageData com.example.snoopy
12-12 20:47:59.464   787  1231 D LocationManagerService: getLastLocation: Request[POWER_NONE passive fastest=0 num=1]
12-12 20:47:59.484   787  3280 D LocationManagerService: getLastLocation: Request[POWER_NONE passive fastest=0 num=1]
12-12 20:47:59.504   787  3279 D LocationManagerService: getLastLocation: Request[POWER_NONE passive fastest=0 num=1]
12-12 20:47:59.524   787  1231 D LocationManagerService: getLastLocation: Request[POWER_NONE passive fastest=0 num=1]
12-12 20:47:59.544   787   798 D LocationManagerService: getLastLocation: Request[POWER_NONE passive fastest=0 num=1]
12-12 20:47:59.584 11710 11721 D dalvikvm: GC_EXPLICIT freed 124K, 55% free 6346K/14092K, paused 3ms+5ms, total 33ms
12-12 20:47:59.664 11387 14060 W Conscrypt: Could not set socket write timeout:
12-12 20:47:59.664 11387 14060 W Conscrypt:    java.lang.reflect.Method.invokeNative(Native Method)
12-12 20:47:59.664 11387 14060 W Conscrypt:    java.lang.reflect.Method.invoke(Method.java:515)
12-12 20:47:59.834 11387 14060 W Conscrypt: Could not set socket write timeout:
12-12 20:47:59.834 11387 14060 W Conscrypt:    java.lang.reflect.Method.invokeNative(Native Method)
12-12 20:47:59.834 11387 14060 W Conscrypt:    java.lang.reflect.Method.invoke(Method.java:515)
12-12 20:47:59.994   787   899 V AlarmManager: waitForAlarm result :8
12-12 20:47:59.994   991   991 D KeyguardUpdateMonitor: received broadcast android.intent.action.TIME_TICK
12-12 20:47:59.994   991   991 D KeyguardUpdateMonitor: handleTimeUpdate
12-12 20:47:59.994   787   787 V AlarmManager: ClockReceiver onReceive() ACTION_TIME_TICK
12-12 20:48:00.004   991   991 D STATUSBAR-IconMerger: checkOverflow(1036), More:false, Req:false Child:4
12-12 20:48:00.084 11387 11391 D dalvikvm: GC_CONCURRENT freed 2055K, 36% free 9064K/14092K, paused 6ms+7ms, total 75ms
12-12 20:48:00.104   787  3278 D LocationManagerService: getLastLocation: Request[POWER_NONE passive fastest=0 num=1]
12-12 20:48:00.144   787  1215 D LocationManagerService: getLastLocation: Request[POWER_NONE passive fastest=0 num=1]
12-12 20:48:00.154 11387 11387 I WearableService: Wearable Services not starting - Wear is not available on this device.
12-12 20:48:00.164   787  1166 D LocationManagerService: getLastLocation: Request[POWER_NONE passive fastest=0 num=1]
12-12 20:48:00.174 11387 11397 D WearableService: onGetService - Wear is not available on this device.
12-12 20:48:00.194   787  3281 D LocationManagerService: getLastLocation: Request[POWER_NONE passive fastest=0 num=1]
12-12 20:48:00.224   787  3281 D LocationManagerService: getLastLocation: Request[POWER_NONE passive fastest=0 num=1]
12-12 20:48:00.304 14091 14091 D AndroidRuntime: 
12-12 20:48:00.304 14091 14091 D AndroidRuntime: >>>>>> AndroidRuntime START com.android.internal.os.RuntimeInit <<<<<<
12-12 20:48:00.304 14091 14091 D AndroidRuntime: CheckJNI is OFF
12-12 20:48:00.304 14091 14091 D AndroidRuntime: setted country_code = USA
12-12 20:48:00.304 14091 14091 D AndroidRuntime: setted countryiso_code = US
12-12 20:48:00.304 14091 14091 D AndroidRuntime: setted sales_code = BNN
12-12 20:48:00.304 14091 14091 D AndroidRuntime: readGMSProperty: start
12-12 20:48:00.304 14091 14091 D AndroidRuntime: readGMSProperty: already setted!!
12-12 20:48:00.304 14091 14091 D AndroidRuntime: readGMSProperty: end
12-12 20:48:00.304 14091 14091 D AndroidRuntime: addProductProperty: start
12-12 20:48:00.314 11728 14099 E ZappConnFactory: Unable to bind to PlayStore
12-12 20:48:00.314   787  3281 W ActivityManager: Unable to start service Intent { act=com.google.android.finsky.BIND_PLAY_MODULE_SERVICE pkg=com.android.vending } U=0: not found
12-12 20:48:00.314   787  1165 W ActivityManager: Unbind failed: could not find connection for android.os.BinderProxy@42cf9080
12-12 20:48:00.324 14091 14091 D dalvikvm: Trying to load lib libjavacore.so 0x0
12-12 20:48:00.334 14091 14091 D dalvikvm: Added shared lib libjavacore.so 0x0
12-12 20:48:00.334 11728 14099 I ChimeraConfigService: Scheduling checkin every 43200 seconds, with flex of 1800 seconds
12-12 20:48:00.334 14091 14091 D dalvikvm: Trying to load lib libnativehelper.so 0x0
12-12 20:48:00.334 14091 14091 D dalvikvm: Added shared lib libnativehelper.so 0x0
12-12 20:48:00.334 14091 14091 D dalvikvm: No JNI_OnLoad found in libnativehelper.so 0x0, skipping init
12-12 20:48:00.404   787   863 D SensorService:   0.1 -0.1 9.8
12-12 20:48:00.464 11728 14110 I dalvikvm: Could not find method java.util.Locale.toLanguageTag, referenced from method jxh.<init>
12-12 20:48:00.464 11728 14110 W dalvikvm: VFY: unable to resolve virtual method 42389: Ljava/util/Locale;.toLanguageTag ()Ljava/lang/String;
12-12 20:48:00.464 11728 14110 D dalvikvm: VFY: replacing opcode 0x6e at 0x002d
12-12 20:48:00.464 11728 14110 I dalvikvm: Could not find method android.content.res.Configuration.getLocales, referenced from method jxh.<init>
12-12 20:48:00.464 11728 14110 W dalvikvm: VFY: unable to resolve virtual method 3729: Landroid/content/res/Configuration;.getLocales ()Landroid/os/LocaleList;
12-12 20:48:00.464 11728 14110 D dalvikvm: VFY: replacing opcode 0x6e at 0x0032
12-12 20:48:00.464 11728 14110 I dalvikvm: Could not find method java.util.Locale.toLanguageTag, referenced from method jxh.<init>
12-12 20:48:00.464 11728 14110 W dalvikvm: VFY: unable to resolve virtual method 42389: Ljava/util/Locale;.toLanguageTag ()Ljava/lang/String;
12-12 20:48:00.464 11728 14110 D dalvikvm: VFY: replacing opcode 0x6e at 0x005e
12-12 20:48:00.474 11387 12312 E NetworkScheduler: ignoring stale queue check message
12-12 20:48:00.474 11728 14110 I SpamListSync: Spam list syncing is disabled.
12-12 20:48:00.504   787  1231 D LocationManagerService: getLastLocation: Request[POWER_NONE passive fastest=0 num=1]
12-12 20:48:00.524   787   797 D LocationManagerService: getLastLocation: Request[POWER_NONE passive fastest=0 num=1]
12-12 20:48:00.544   787  1060 D LocationManagerService: getLastLocation: Request[POWER_NONE passive fastest=0 num=1]
12-12 20:48:00.564 14091 14091 E memtrack: Couldn't load memtrack module (No such file or directory)
12-12 20:48:00.564 14091 14091 E android.os.Debug: failed to load memtrack module: -2
12-12 20:48:00.604 11387 11391 D dalvikvm: GC_CONCURRENT freed 2101K, 37% free 8944K/14092K, paused 5ms+5ms, total 51ms
12-12 20:48:00.604 14091 14091 D dalvikvm: Note: class Landroid/app/ActivityManagerNative; has 192 unimplemented (abstract) methods
12-12 20:48:00.614 11387 14060 W Conscrypt: Could not set socket write timeout:
12-12 20:48:00.614 11387 14060 W Conscrypt:    java.lang.reflect.Method.invokeNative(Native Method)
12-12 20:48:00.614 11387 14060 W Conscrypt:    java.lang.reflect.Method.invoke(Method.java:515)
12-12 20:48:00.644 11387 14060 W Conscrypt: Could not set socket write timeout:
12-12 20:48:00.644 11387 14060 W Conscrypt:    java.lang.reflect.Method.invokeNative(Native Method)
12-12 20:48:00.644 11387 14060 W Conscrypt:    java.lang.reflect.Method.invoke(Method.java:515)
12-12 20:48:00.664 14091 14091 D AndroidRuntime: Calling main entry com.android.commands.pm.Pm
12-12 20:48:00.864 14091 14091 D AndroidRuntime: Shutting down VM
12-12 20:48:00.864 14091 14105 D dalvikvm: GC_CONCURRENT freed 571K, 46% free 683K/1256K, paused 0ms+0ms, total 5ms
12-12 20:48:00.994   787  1231 D dalvikvm: GC_EXPLICIT freed 1702K, 56% free 24007K/53936K, paused 8ms+15ms, total 220ms
12-12 20:48:01.044   787  1166 D LocationManagerService: getLastLocation: Request[POWER_NONE passive fastest=0 num=1]
12-12 20:48:01.044   787   899 V AlarmManager: waitForAlarm result :8
12-12 20:48:01.084   787  1245 D LocationManagerService: getLastLocation: Request[POWER_NONE passive fastest=0 num=1]
12-12 20:48:02.004 11728 11946 I IcingInternalCorpora: EventIndexer: starting incremental update
12-12 20:48:02.014 11728 11946 I IcingInternalCorpora: EventIndexer: 0 added, 0 removed, 0 changed, 0 unchanged, 0 errors.
12-12 20:48:02.014 11728 11946 I IcingInternalCorpora: EventIndexer: finished after 1 ms.
12-12 20:48:02.154 14125 14125 D AndroidRuntime: 
12-12 20:48:02.154 14125 14125 D AndroidRuntime: >>>>>> AndroidRuntime START com.android.internal.os.RuntimeInit <<<<<<
12-12 20:48:02.164 14125 14125 D AndroidRuntime: CheckJNI is OFF
12-12 20:48:02.164 14125 14125 D AndroidRuntime: setted country_code = USA
12-12 20:48:02.164 14125 14125 D AndroidRuntime: setted countryiso_code = US
12-12 20:48:02.164 14125 14125 D AndroidRuntime: setted sales_code = BNN
12-12 20:48:02.164 14125 14125 D AndroidRuntime: readGMSProperty: start
12-12 20:48:02.164 14125 14125 D AndroidRuntime: readGMSProperty: already setted!!
12-12 20:48:02.164 14125 14125 D AndroidRuntime: readGMSProperty: end
12-12 20:48:02.164 14125 14125 D AndroidRuntime: addProductProperty: start
12-12 20:48:02.184 14125 14125 D dalvikvm: Trying to load lib libjavacore.so 0x0
12-12 20:48:02.184 14125 14125 D dalvikvm: Added shared lib libjavacore.so 0x0
12-12 20:48:02.184 14125 14125 D dalvikvm: Trying to load lib libnativehelper.so 0x0
12-12 20:48:02.184 14125 14125 D dalvikvm: Added shared lib libnativehelper.so 0x0
12-12 20:48:02.184 14125 14125 D dalvikvm: No JNI_OnLoad found in libnativehelper.so 0x0, skipping init
12-12 20:48:02.404 14125 14125 E memtrack: Couldn't load memtrack module (No such file or directory)
12-12 20:48:02.404 14125 14125 E android.os.Debug: failed to load memtrack module: -2
12-12 20:48:02.444 14125 14125 D dalvikvm: Note: class Landroid/app/ActivityManagerNative; has 192 unimplemented (abstract) methods
12-12 20:48:02.514 14125 14125 D AndroidRuntime: Calling main entry com.android.commands.pm.Pm
12-12 20:48:02.514   991   991 D STATUSBAR-NetworkController: refreshSignalCluster - setNWBoosterIndicators(false)
12-12 20:48:02.514   991   991 D STATUSBAR-NetworkController: refreshSignalCluster: data=-1 bt=false
12-12 20:48:02.524   991   991 D STATUSBAR-IconMerger: checkOverflow(1036), More:false, Req:false Child:4
12-12 20:48:02.564   787   798 D PackageManager: START PACKAGE DELETE: observer{1134427928}
12-12 20:48:02.564   787   798 D PackageManager: pkg{<packageName>}
12-12 20:48:02.564   787   798 D PackageManager: user{0}
12-12 20:48:02.564   787   798 D PackageManager: deletePackageAsUser : uid = 2000 userId = 0
12-12 20:48:02.564   787   887 D ApplicationPolicy: getApplicationUninstallationEnabled
12-12 20:48:02.564   787   887 D ApplicationPolicy: getApplicationUninstallationEnabled :  enabled true
12-12 20:48:02.564   787   887 D PackageManager: [MSG] DELETE_PACKAGE_AS_USER
12-12 20:48:02.614   787   887 D PackageManager: !@killApplicatoin: 13112, uninstall pkg
12-12 20:48:02.614   787   887 W PackageManager: Couldn't delete native library directory /data/app-lib/com.example.snoopy
12-12 20:48:02.624   787   887 I PackageManager: Removing old permission: com.example.snoopy.permission.C2D_MESSAGE from package com.example.snoopy
12-12 20:48:02.624   787   887 W PackageManager: Unknown permission android.intent.action.MEDIA_MOUNTED in package com.sec.android.gallery3d
12-12 20:48:02.624   787   887 W PackageManager: Unknown permission com.sec.android.app.sns3.sp.facebook.permission.READ_DB in package com.sec.android.gallery3d
12-12 20:48:02.624   787   887 W PackageManager: Unknown permission com.sec.android.email.permission.BACKGROUNDSENDER in package com.sec.android.gallery3d
12-12 20:48:02.634   787   887 W PackageManager: Unknown permission com.sec.android.app.twdvfs.DVFS_BOOSTER_PERMISSION in package com.sec.android.gallery3d
12-12 20:48:02.634   787   887 W PackageManager: Unknown permission com.sec.chaton.TOKEN_28e9e5f8058dc2fc70dea61856a21d58ed9c7edc1c5d9a9b15c7dc5cd78e317999676ad8618d2d2d9e600ebb75e8aee96abd57bdc06c6fe733898c5657971f32cffed5885a2efef4d9fd10ff675339558c04ab9e8c3dbc90c0d6b5b2f1f4f4e2d6f3c3658fae505e42224b61c140e442cd2c9faebf23df274bb173c5876a6912 in package com.sec.android.gallery3d
12-12 20:48:02.634   787   887 W PackageManager: Unknown permission com.sec.chaton.TOKEN_085376204d115cdd465b103094225633cb5e9707b4c76225285750054db230f38e719dd583e31939a616bac2e957cfb50beee4ff163f8c7903b2fdc7b6ef6f421570e4f459f9ebc0ac8c6cdd91cddf5c5945ddb36713571a55d279a9a711c785ec83dbe633884bbb80117461a05777408a335c9baa94f83d5da7b2acfb161fa1 in package com.sec.android.gallery3d
12-12 20:48:02.634   787   887 W PackageManager: Unknown permission com.samsung.android.app.episodes.permission.SEND_MULTIPLE_TO_STORYALBUM in package com.sec.android.gallery3d
12-12 20:48:02.634   787   887 W PackageManager: Unknown permission com.sec.android.spc.playerdb.READ_PLAYER_INFO in package com.sec.android.gallery3d
12-12 20:48:02.634   787   887 W PackageManager: Unknown permission sidesync.app.action.permission.KMS_FILETRANSFER_DRAG_FILEINFO in package com.sec.android.gallery3d
12-12 20:48:02.634   787   887 W PackageManager: Unknown permission com.android.QualcommSettings.permission.UTS_DM_CMD in package com.android.phone
12-12 20:48:02.634   787   887 W PackageManager: Unknown permission android.permission.ADD_SYSTEM_SERVICE in package com.android.phone
12-12 20:48:02.634   787   887 W PackageManager: Unknown permission com.android.smspush.WAPPUSH_MANAGER_BIND in package com.android.phone
12-12 20:48:02.634   787   887 W PackageManager: Unknown permission com.sprint.internal.permission.SYSTEMPROPERTIES_WRITE in package com.android.phone
12-12 20:48:02.634   787   887 W PackageManager: Unknown permission com.cequint.ecid.CALLER_ID_LOOKUP in package com.android.phone
12-12 20:48:02.634   787   887 W PackageManager: Unknown permission com.samsung.InputEventApp.permission.UTS_DM_CMD in package com.android.phone
12-12 20:48:02.634   787   887 W PackageManager: Unknown permission com.samsungtest.SlateTest.SLATE_DM_CMD in package com.android.phone
12-12 20:48:02.644   787   887 W PackageManager: Unknown permission com.samsung.tmowfc.wfcprovider.permission.READ_WFCPROVIDER in package com.android.phone
12-12 20:48:02.644   787   887 W PackageManager: Unknown permission com.samsung.tmowfc.wfcprovider.permission.WRITE_REGISTER in package com.android.phone
12-12 20:48:02.644   787   887 W PackageManager: Unknown permission com.samsung.tmowfc.wfcprovider.permission.WRITE_SET_EMERGENCY in package com.android.phone
12-12 20:48:02.644   787   887 W PackageManager: Unknown permission com.samsung.tmowfc.wfcprovider.permission.WRITE_EMERGENCY_CALL_STATE in package com.android.phone
12-12 20:48:02.644   787   887 W PackageManager: Unknown permission com.samsung.rcs.cs.READ_PERMISSION in package com.android.phone
12-12 20:48:02.644   787   887 W PackageManager: Unknown permission com.samsung.rcs.cs.WRITE_PERMISSION in package com.android.phone
12-12 20:48:02.644   787   887 W PackageManager: Unknown permission com.samsung.rcs.serviceprovider.READ_PERMISSION in package com.android.phone
12-12 20:48:02.644   787   887 W PackageManager: Unknown permission com.samsung.rcs.serviceprovider.WRITE_PERMISSION in package com.android.phone
12-12 20:48:02.644   787   887 W PackageManager: Unknown permission com.samsung.rcs.permission.RCS_APP_PERMISSION in package com.android.phone
12-12 20:48:02.644   787   887 W PackageManager: Unknown permission com.sec.ims.android.PERMISSION in package com.android.phone
12-12 20:48:02.644   787   887 W PackageManager: Unknown permission com.samsung.commonimsinterface.PERMISSION in package com.android.phone
12-12 20:48:02.644   787   887 W PackageManager: Unknown permission com.sec.android.app.hiddenmenu.permission.KEYSTRING in package com.android.phone
12-12 20:48:02.644   787   887 W PackageManager: Unknown permission com.samsung.wmanager.ENABLE_NOTIFICATION in package com.android.phone
12-12 20:48:02.644   787   887 W PackageManager: Unknown permission com.skt.prod.permission.PHONE_SERVICE in package com.android.phone
12-12 20:48:02.644   787   887 W PackageManager: Unknown permission com.itsoninc.android.permission.USE_ITSON_SERVICE in package com.android.phone
12-12 20:48:02.644   787   887 W PackageManager: Unknown permission com.verizon.vzwavs.permission.READ in package com.android.phone
12-12 20:48:02.644   787   887 W PackageManager: Unknown permission com.sec.android.emergencymode.permission.LAUNCH_EMERGENCYMODE_SERVICE in package com.fmm.dm
12-12 20:48:02.654   787   887 W PackageManager: Unknown permission com.android.gallery3d.permission.GALLERY_PROVIDER in package com.android.bluetooth
12-12 20:48:02.654   787   887 W PackageManager: Unknown permission android.permission.MMS_SEND_OUTBOX_MSG in package com.android.bluetooth
12-12 20:48:02.654   787   887 W PackageManager: Unknown permission com.samsung.android.app.episodes.permission.IMPORT_STORYALBUM in package com.android.bluetooth
12-12 20:48:02.654   787   887 W PackageManager: Unknown permission android.permission.READ_TASKS in package com.android.providers.calendar
12-12 20:48:02.654   787   887 W PackageManager: Unknown permission com.sec.dcm.provider.DCMProvider.START in package com.android.providers.calendar
12-12 20:48:02.654   787   887 W PackageManager: Unknown permission com.sec.android.widgetapp.q1_penmemo.permission.READ in package com.vlingo.midas
12-12 20:48:02.654   787   887 W PackageManager: Unknown permission com.sec.android.widgetapp.q1_penmemo.permission.WRITE in package com.vlingo.midas
12-12 20:48:02.654   787   887 W PackageManager: Unknown permission com.sec.android.permission.READ_MEMO in package com.vlingo.midas
12-12 20:48:02.654   787   887 W PackageManager: Unknown permission com.sec.android.permission.WRITE_MEMO in package com.vlingo.midas
12-12 20:48:02.654   787   887 W PackageManager: Unknown permission com.sec.android.app.clockpackage.permission.READ_ALARM in package com.vlingo.midas
12-12 20:48:02.654   787   887 W PackageManager: Unknown permission com.sec.android.app.clockpackage.permission.WRITE_ALARM in package com.vlingo.midas
12-12 20:48:02.654   787   887 W PackageManager: Unknown permission com.sec.android.app.twdvfs.DVFS_BOOSTER_PERMISSION in package com.vlingo.midas
12-12 20:48:02.654   787   887 W PackageManager: Unknown permission android.Manifest.permission.DISABLE_KEYGUARD in package com.vlingo.midas
12-12 20:48:02.654   787   887 W PackageManager: Unknown permission com.infraware.provider.SNoteProvider.permission.READ in package com.vlingo.midas
12-12 20:48:02.654   787   887 W PackageManager: Unknown permission com.infraware.provider.SNoteProvider.permission.WRITE in package com.vlingo.midas
12-12 20:48:02.654   787   887 W PackageManager: Unknown permission com.samsung.music.permission.READ_MUSIC_STORAGE in package com.vlingo.midas
12-12 20:48:02.654   787   887 W PackageManager: Unknown permission com.sec.android.daemonapp.ap.yonhapnews.permission.YONHAP_DAEMON_ACCESS_PROVIDER in package com.vlingo.midas
12-12 20:48:02.654   787   887 W PackageManager: Unknown permission com.sec.android.app.music.permission.READ_MUSICPROVIDER in package com.vlingo.midas
12-12 20:48:02.654   787   887 W PackageManager: Unknown permission samsung.android.snoteprovider.permission.READ in package com.vlingo.midas
12-12 20:48:02.664   787   887 W PackageManager: Unknown permission com.android.mms.permission.RECEIVE_MESSAGES_INFORMATION in package com.vlingo.midas
12-12 20:48:02.664   787   887 W PackageManager: Unknown permission com.sec.android.provider.emergencymode.READ_DATABASE in package com.vlingo.midas
12-12 20:48:02.664   787   887 W PackageManager: Unknown permission com.sec.android.app.hiddenmenu.permission.KEYSTRING in package com.sec.factory
12-12 20:48:02.664   787   887 W PackageManager: Unknown permission com.sec.android.app.twdvfs.DVFS_BOOSTER_PERMISSION in package com.sec.factory
12-12 20:48:02.664   787   887 W PackageManager: Unknown permission android.permission.sec.BARCODE_READ in package com.sec.factory
12-12 20:48:02.664   787   887 W PackageManager: Unknown permission com.sec.android.widgetapp.q1_penmemo.permission.WRITE in package com.samsung.android.scloud.sync
12-12 20:48:02.664   787   887 W PackageManager: Unknown permission com.sec.android.widgetapp.q1_penmemo.permission.READ in package com.samsung.android.scloud.sync
12-12 20:48:02.664   787   887 W PackageManager: Unknown permission com.infraware.provider.SNoteProvider.permission.READ in package com.samsung.android.scloud.sync
12-12 20:48:02.664   787   887 W PackageManager: Unknown permission com.infraware.provider.SNoteProvider.permission.WRITE in package com.samsung.android.scloud.sync
12-12 20:48:02.664   787   887 W PackageManager: Unknown permission samsung.android.provider.snote2.permission.read in package com.samsung.android.scloud.sync
12-12 20:48:02.664   787   887 W PackageManager: Unknown permission samsung.android.provider.snote2.permission.write in package com.samsung.android.scloud.sync
12-12 20:48:02.664   787   887 W PackageManager: Unknown permission samsung.android.snoteprovider.permission.READ in package com.samsung.android.scloud.sync
12-12 20:48:02.664   787   887 W PackageManager: Unknown permission samsung.android.snoteprovider.permission.WRITE in package com.samsung.android.scloud.sync
12-12 20:48:02.674   787   887 W PackageManager: Unknown permission com.sec.android.app.twdvfs.DVFS_BOOSTER_PERMISSION in package com.sec.factory.camera
12-12 20:48:02.674   787   887 W PackageManager: Unknown permission com.samsung.android.app.episodes.permission.IMPORT_STORYALBUM in package com.android.providers.downloads.ui
12-12 20:48:02.674   787   887 W PackageManager: Unknown permission com.sec.dcm.provider.DCMProvider.START in package com.android.providers.media
12-12 20:48:02.674   787   887 W PackageManager: Unknown permission com.sec.dcm.provider.DCMProvider.data.READ in package com.android.providers.media
12-12 20:48:02.674   787   887 W PackageManager: Unknown permission com.sec.dcm.provider.DCMProvider.data.WRITE in package com.android.providers.media
12-12 20:48:02.674   787   887 W PackageManager: Unknown permission com.android.setting.permission.NEARBY_SERVER in package com.sec.android.nearby.mediaserver
12-12 20:48:02.674   787   887 W PackageManager: Unknown permission android.permission.ACCESS_USB in package com.siso.app.generic
12-12 20:48:02.674   787   887 W PackageManager: Unknown permission com.samsung.android.app.colorblind.permission.READ_WRITE in package com.samsung.android.app.shareaccessibilitysettings
12-12 20:48:02.674   787   887 W PackageManager: Unknown permission android.permission.READ_OWNER_DATA in package com.google.android.setupwizard
12-12 20:48:02.674   787   887 W PackageManager: Unknown permission android.permission.WRITE_OWNER_DATA in package com.google.android.setupwizard
12-12 20:48:02.684   787   887 W PackageManager: Unknown permission android.permission.WRITE_INTERNAL_STORAGE in package com.android.settings
12-12 20:48:02.684   787   887 W PackageManager: Unknown permission com.sec.android.app.twdvfs.DVFS_BOOSTER_PERMISSION in package com.android.settings
12-12 20:48:02.684   787   887 W PackageManager: Unknown permission com.sec.android.spc.account.READ_ACCOUNT_INFO in package com.android.settings
12-12 20:48:02.684   787   887 W PackageManager: Unknown permission com.sec.android.spc.account.WRITE_ACCOUNT_INFO in package com.android.settings
12-12 20:48:02.684   787   887 W PackageManager: Unknown permission com.samsung.rcs.settings.READ_PERMISSION in package com.android.settings
12-12 20:48:02.684   787   887 W PackageManager: Unknown permission com.samsung.rcs.settings.WRITE_PERMISSION in package com.android.settings
12-12 20:48:02.684   787   887 W PackageManager: Unknown permission com.samsung.tmowfc.wfcprovider.permission.READ_WFCPROVIDER in package com.android.settings
12-12 20:48:02.684   787   887 W PackageManager: Unknown permission com.samsung.tmowfc.wfcprovider.permission.WRITE_REGISTER in package com.android.settings
12-12 20:48:02.684   787   887 W PackageManager: Unknown permission com.sec.android.spc.MEMBER_MANAGEMENT in package com.android.settings
12-12 20:48:02.684   787   887 W PackageManager: Unknown permission com.sec.android.spc.service.BACKUP in package com.android.settings
12-12 20:48:02.684   787   887 W PackageManager: Unknown permission provider.settingsearch.permission.READ in package com.android.settings
12-12 20:48:02.684   787   887 W PackageManager: Unknown permission com.sec.android.permission.KNOX in package com.android.settings
12-12 20:48:02.684   787   887 W PackageManager: Unknown permission com.samsung.commonimsinterface.PERMISSION in package com.android.settings
12-12 20:48:02.684   787   887 W PackageManager: Unknown permission com.samsung.android.permission.GET_SECRET_PACKAGE_LIST in package com.android.settings
12-12 20:48:02.684   787   887 W PackageManager: Unknown permission com.samsung.android.app.assistantmenu.permission.ADVERTISE_ASSISTANTMENU in package com.android.settings
12-12 20:48:02.684   787   887 W PackageManager: Unknown permission com.samsung.android.sconnect.permission.ACCESS_QUICKCONNECT_WEARABLE in package com.android.settings
12-12 20:48:02.684   787   887 W PackageManager: Unknown permission com.google.android.voicesearch.SHORTCUTS_ACCESS in package com.google.android.googlequicksearchbox
12-12 20:48:02.684   787   887 W PackageManager: Unknown permission com.google.android.voicesearch.ACCESS_SETTINGS in package com.google.android.googlequicksearchbox
12-12 20:48:02.684   787   887 W PackageManager: Unknown permission com.android.browser.permission.PRELOAD in package com.google.android.googlequicksearchbox
12-12 20:48:02.694   787   887 W PackageManager: Unknown permission com.google.android.ears.permission.WRITE in package com.google.android.googlequicksearchbox
12-12 20:48:02.694   787   887 W PackageManager: Unknown permission com.google.googlenav.friend.permission.OPT_IN in package com.google.android.googlequicksearchbox
12-12 20:48:02.694   787   887 W PackageManager: Unknown permission com.google.android.apps.googlevoice.permission.AUTO_SEND in package com.google.android.googlequicksearchbox
12-12 20:48:02.694   787   887 W PackageManager: Unknown permission com.google.android.launcher.permission.CONTENT_REDIRECT in package com.google.android.googlequicksearchbox
12-12 20:48:02.694   787   887 W PackageManager: Unknown permission com.android.email.ACCOUNT_INTENT in package com.android.exchange
12-12 20:48:02.694   787   887 W PackageManager: Unknown permission android.permission.READ_OWNER_DATA in package com.android.exchange
12-12 20:48:02.694   787   887 W PackageManager: Unknown permission com.sec.knox.ssoagent.USE_KNOX in package com.android.exchange
12-12 20:48:02.694   787   887 W PackageManager: Unknown permission android.permission.READ_TASKS in package com.sec.android.providers.tasks
12-12 20:48:02.694   787   887 W PackageManager: Unknown permission android.permission.WRITE_TASKS in package com.sec.android.providers.tasks
12-12 20:48:02.694   787   887 W PackageManager: Unknown permission com.google.android.gms.permission.CAR_SPEED in package com.google.android.apps.maps
12-12 20:48:02.694   787   887 W PackageManager: Unknown permission android.permission.READ_SETTINGS in package com.nook.app
12-12 20:48:02.694   787   887 W PackageManager: Not granting permission android.permission.INTERACT_ACROSS_USERS_FULL to package com.nook.app (protectionLevel=2 flags=0x4098b845)
12-12 20:48:02.694   787   887 W PackageManager: Not granting permission android.permission.SEND_DOWNLOAD_COMPLETED_INTENTS to package com.nook.app (protectionLevel=2 flags=0x4098b845)
12-12 20:48:02.694   787   887 W PackageManager: Not granting permission android.permission.ACCESS_ALL_DOWNLOADS to package com.nook.app (protectionLevel=2 flags=0x4098b845)
12-12 20:48:02.694   787   887 W PackageManager: Unknown permission com.bn.authentication.READ_USER_ACCOUNT in package com.nook.app
12-12 20:48:02.694   787   887 W PackageManager: Unknown permission com.bn.permission.INSTALL_THIRD_PARTY in package com.nook.app
12-12 20:48:02.694   787   887 W PackageManager: Unknown permission com.nook.video.DRMPermission.DELETE_RIGHTS in package com.nook.app
12-12 20:48:02.704   787   887 W PackageManager: Not granting permission android.permission.DEVICE_POWER to package com.nook.app (protectionLevel=2 flags=0x4098b845)
12-12 20:48:02.704   787   887 W PackageManager: Unknown permission com.sec.android.app.hiddenmenu.permission.KEYSTRING in package com.sec.android.RilServiceModeApp
12-12 20:48:02.704   787   887 W PackageManager: Unknown permission com.samsung.android.app.episodes.permission.IMPORT_STORYALBUM in package com.sec.android.app.FileShareClient
12-12 20:48:02.704   787   887 W PackageManager: Unknown permission com.samsung.android.sdk.samsunglink.permission.PUBLIC_ACCESS in package com.sec.android.app.FileShareClient
12-12 20:48:02.704   787   887 W PackageManager: Unknown permission android.permission.ACCESS_USB in package com.sec.android.app.mobileprint
12-12 20:48:02.704   787   887 W PackageManager: Unknown permission android.permission.WRITE_SYNC_STATS in package com.google.android.apps.docs
12-12 20:48:02.704   787   887 W PackageManager: Unknown permission com.samsung.android.app.episodes.permission.IMPORT_STORYALBUM in package com.android.providers.downloads
12-12 20:48:02.704   787   887 W PackageManager: Unknown permission android.permission.ACCESS_DRM in package com.android.providers.downloads
12-12 20:48:02.704   787   887 W PackageManager: Unknown permission android.permission.INSTALL_DRM in package com.android.providers.downloads
12-12 20:48:02.704   787   887 W PackageManager: Not granting permission com.sec.enterprise.mdm.permission.BROWSER_PROXY to package com.android.providers.downloads (protectionLevel=2 flags=0x4088be45)
12-12 20:48:02.704   787   887 W PackageManager: Unknown permission android.permission.WRITE_INTERNAL_STORAGE in package com.sec.android.app.wallpaperchooser
12-12 20:48:02.704   787   887 W PackageManager: Unknown permission sec.android.permission.READ_MSG_PREF in package com.sec.android.widgetapp.at.hero.accuweather
12-12 20:48:02.704   787   887 W PackageManager: Unknown permission android.permission.READ_MSG_PREF in package com.sec.android.widgetapp.at.hero.accuweather
12-12 20:48:02.704   787   887 W PackageManager: Unknown permission android.permission.sec.MDM_ENTERPRISE_VPN_SOLUTION in package com.sec.enterprise.app.knoxvpn
12-12 20:48:02.704   787   887 W PackageManager: Unknown permission com.sec.android.app.shealth.permission.WALKMATE in package sstream.app
12-12 20:48:02.704   787   887 W PackageManager: Unknown permission com.infraware.provider.SNoteProvider.permission.READ in package com.sec.bcservice
12-12 20:48:02.704   787   887 W PackageManager: Unknown permission com.infraware.provider.SNoteProvider.permission.WRITE in package com.sec.bcservice
12-12 20:48:02.704   787   887 W PackageManager: Not granting permission android.permission.SET_ORIENTATION to package com.amazon.aatp.aatpdevicemanager (protectionLevel=2 flags=0x80be44)
12-12 20:48:02.704   787   887 W PackageManager: Not granting permission android.permission.ACCESS_ALL_EXTERNAL_STORAGE to package com.amazon.aatp.aatpdevicemanager (protectionLevel=2 flags=0x80be44)
12-12 20:48:02.704   787   887 W PackageManager: Unknown permission com.samsung.android.provider.smartclip.permission.WRITE in package com.sec.android.app.SmartClipService
12-12 20:48:02.704   787   887 W PackageManager: Unknown permission com.samsung.android.provider.smartclip.permission.READ in package com.sec.android.app.SmartClipService
12-12 20:48:02.714   787   887 W PackageManager: Unknown permission com.sec.android.app.hiddenmenu.permission.KEYSTRING in package com.sec.android.app.popupcalculator
12-12 20:48:02.714   787   887 W PackageManager: Unknown permission com.samsung.android.app.episodes.permission.IMPORT_STORYALBUM in package com.sec.android.app.FileShareServer
12-12 20:48:02.714   787   887 W PackageManager: Unknown permission android.permission.WRITE_INTERNAL_STORAGE in package com.sec.android.app.samsungapps
12-12 20:48:02.714   787   887 W PackageManager: Unknown permission android.permission.WIFI_LOCK in package com.sec.android.app.samsungapps
12-12 20:48:02.714   787   887 W PackageManager: Unknown permission com.sec.android.provider.una.astore.permission.WRITE in package com.sec.android.app.samsungapps
12-12 20:48:02.714   787   887 W PackageManager: Unknown permission com.sec.android.provider.una.astore.permission.READ in package com.sec.android.app.samsungapps
12-12 20:48:02.714   787   887 W PackageManager: Unknown permission com.sec.spp.push.permission.ACCESS_SPP_SERVER in package com.sec.android.app.samsungapps
12-12 20:48:02.714   787   887 W PackageManager: Not granting permission com.sec.android.fota.permission.PUSH to package com.sec.android.app.samsungapps (protectionLevel=18 flags=0x40d83ec5)
12-12 20:48:02.714   787   887 W PackageManager: Not granting permission android.permission.INTERACT_ACROSS_USERS to package com.sec.android.app.samsungapps (protectionLevel=50 flags=0x40d83ec5)
12-12 20:48:02.714   787   887 W PackageManager: Unknown permission com.samsung.android.gearplugin.permission.ACCESS_GEAR_PLUGIN in package com.sec.android.app.samsungapps
12-12 20:48:02.714   787   887 W PackageManager: Unknown permission com.sec.android.wallet.permission in package com.sec.android.app.samsungapps
12-12 20:48:02.714   787   887 W PackageManager: Unknown permission com.samsung.android.permission.installApp in package com.sec.android.app.samsungapps
12-12 20:48:02.714   787   887 W PackageManager: Unknown permission com.sec.spp.permission.TOKEN_2e584d01f317fdee32cc8e855153d01df2a62f8194c5c4e621bf45bcc3807f066f637c5329f12f95158279f36aae6250df4a72e8d51fc6e578e248fcf11e8339654d20216c79a9d36fed33741d7190e77939da234b8157e48c3cdde7bc93bffdba1de18b6415d62b81b8d2dd41756f099ecb13fc4d975077a6d8cde99df4405b in package com.sec.android.app.samsungapps
12-12 20:48:02.714   787   887 W PackageManager: Unknown permission com.samsung.android.app.cocktailbarservice.permission.ENABLE_EDGE_PANEL in package com.sec.android.app.samsungapps
12-12 20:48:02.714   787   887 W PackageManager: Not granting permission android.permission.CHANGE_COMPONENT_ENABLED_STATE to package com.sec.android.app.samsungapps (protectionLevel=18 flags=0x40d83ec5)
12-12 20:48:02.714   787   887 W PackageManager: Unknown permission com.samsung.android.stickercenter.permission.sticker.READ in package com.sec.android.app.samsungapps
12-12 20:48:02.714   787   887 W PackageManager: Unknown permission com.samsung.android.stickercenter.service.ACCESS in package com.sec.android.app.samsungapps
12-12 20:48:02.714   787   887 W PackageManager: Unknown permission com.sec.knox.migrationagent.permission.RECEIVE_MIGRATION in package android
12-12 20:48:02.714   787   887 W PackageManager: Unknown permission com.samsung.android.permission.NETWORK_WAKELOCK_MONITORING in package com.sec.android.app.servicemodeapp
12-12 20:48:02.714   787   887 W PackageManager: Unknown permission android.permission.ACCESS_USB in package com.epson.mobilephone.samsungprintservice
12-12 20:48:02.714   787   887 W PackageManager: Not granting permission android.permission.PACKAGE_USAGE_STATS to package com.android.providers.applications (protectionLevel=18 flags=0x88be45)
12-12 20:48:02.714   787   887 W PackageManager: Unknown permission com.sec.android.widgetapp.ap.hero.accuweather.permission.READ_ACCU_DATA in package com.sec.android.daemonapp
12-12 20:48:02.724   787   887 W PackageManager: Unknown permission com.sec.android.widgetapp.ap.hero.accuweather.permission.WRITE_ACCU_DATA in package com.sec.android.daemonapp
12-12 20:48:02.724   787   887 W PackageManager: Unknown permission com.ubivelox.mc.activity.permission.STOCK_PROVIDER in package com.sec.android.daemonapp
12-12 20:48:02.724   787   887 W PackageManager: Unknown permission com.google.googlenav.friend.permission.OPT_IN in package com.google.android.apps.plus
12-12 20:48:02.724   787   887 W PackageManager: Not granting permission android.permission.SEND_DOWNLOAD_COMPLETED_INTENTS to package com.android.vending (protectionLevel=2 flags=0x408abe45)
12-12 20:48:02.724   787   887 W PackageManager: Not granting permission android.permission.FORCE_STOP_PACKAGES to package com.android.vending (protectionLevel=2 flags=0x408abe45)
12-12 20:48:02.724   787   887 W PackageManager: Unknown permission android.permission.ACCESS_GPS in package com.sec.android.app.mt
12-12 20:48:02.724   787   887 W PackageManager: Unknown permission android.permission.ACCESS_LOCATION in package com.sec.android.app.mt
12-12 20:48:02.724   787   887 W PackageManager: Unknown permission android.permission.ACCESS_DRM in package com.sec.android.app.music
12-12 20:48:02.724   787   887 W PackageManager: Unknown permission com.sec.pcw.provider.PCloudContentProvider.READ_CONTENT in package com.sec.android.app.music
12-12 20:48:02.724   787   887 W PackageManager: Unknown permission com.samsung.musicplus.service.permission.ACCESSS_MUSIC_SERVICE in package com.sec.android.app.music
