--------- beginning of /dev/log/main
12-12 20:47:43.904   787   863 D SensorService:   0.1 -0.1 9.7
12-12 20:47:44.374 13564 13564 D AndroidRuntime: 
12-12 20:47:44.374 13564 13564 D AndroidRuntime: >>>>>> AndroidRuntime START com.android.internal.os.RuntimeInit <<<<<<
12-12 20:47:44.374 13564 13564 D AndroidRuntime: CheckJNI is OFF
12-12 20:47:44.374 13564 13564 D AndroidRuntime: setted country_code = USA
12-12 20:47:44.374 13564 13564 D AndroidRuntime: setted countryiso_code = US
12-12 20:47:44.374 13564 13564 D AndroidRuntime: setted sales_code = BNN
12-12 20:47:44.374 13564 13564 D AndroidRuntime: readGMSProperty: start
12-12 20:47:44.374 13564 13564 D AndroidRuntime: readGMSProperty: already setted!!
12-12 20:47:44.374 13564 13564 D AndroidRuntime: readGMSProperty: end
12-12 20:47:44.374 13564 13564 D AndroidRuntime: addProductProperty: start
12-12 20:47:44.394 13564 13564 D dalvikvm: Trying to load lib libjavacore.so 0x0
12-12 20:47:44.404 13564 13564 D dalvikvm: Added shared lib libjavacore.so 0x0
12-12 20:47:44.404 13564 13564 D dalvikvm: Trying to load lib libnativehelper.so 0x0
12-12 20:47:44.404 13564 13564 D dalvikvm: Added shared lib libnativehelper.so 0x0
12-12 20:47:44.404 13564 13564 D dalvikvm: No JNI_OnLoad found in libnativehelper.so 0x0, skipping init
12-12 20:47:44.644 13564 13564 E memtrack: Couldn't load memtrack module (No such file or directory)
12-12 20:47:44.644 13564 13564 E android.os.Debug: failed to load memtrack module: -2
12-12 20:47:44.684 13564 13564 D dalvikvm: Note: class Landroid/app/ActivityManagerNative; has 192 unimplemented (abstract) methods
12-12 20:47:44.764 13564 13564 D AndroidRuntime: Calling main entry com.android.commands.am.Am
--------- beginning of /dev/log/system
12-12 20:47:44.844   787  1060 I ActivityManager: Killing 13215:com.example.snoopy/u0a3112 (adj 0): stop com.example.snoopy
12-12 20:47:44.874   787   901 W InputDispatcher: channel ~ Consumer closed input channel or an error occurred.  events=0x9
12-12 20:47:44.874   787   901 E InputDispatcher: channel ~ Channel is unrecoverably broken and will be disposed!
12-12 20:47:44.874   787   901 W InputDispatcher: channel ~ Consumer closed input channel or an error occurred.  events=0xd
12-12 20:47:44.874   787   901 E InputDispatcher: channel ~ Channel is unrecoverably broken and will be disposed!
12-12 20:47:44.874   787   901 W InputDispatcher: channel ~ Consumer closed input channel or an error occurred.  events=0x9
12-12 20:47:44.874   787   901 E InputDispatcher: channel ~ Channel is unrecoverably broken and will be disposed!
12-12 20:47:44.874   787  3281 W InputDispatcher: Attempted to unregister already unregistered input channel
12-12 20:47:44.874   787  3281 I WindowState: WIN DEATH: Window{425b2958 u0 com.example.snoopy/com.example.snoopy.LoginActivity}
12-12 20:47:44.884   241   462 I SurfaceFlinger: id=36 Removed MoginActivi (7/13)
12-12 20:47:44.884   241   883 I SurfaceFlinger: id=36 Removed MoginActivi (-2/13)
12-12 20:47:44.894   787  3278 W InputDispatcher: Attempted to unregister already unregistered input channel
12-12 20:47:44.894   787  1165 W InputDispatcher: Attempted to unregister already unregistered input channel
12-12 20:47:44.894   241   883 I SurfaceFlinger: id=36 Removed MoginActivi (-2/13)
12-12 20:47:44.894   787   875 E ViewRootImpl: sendUserActionEvent() mView == null
12-12 20:47:44.894   787   867 D PointerIcon: setMouseIconStyle1 pointerType: 1001iconType:101 flag:0
12-12 20:47:44.894   787   867 D PointerIcon: setMouseCustomIcon IconType is same.101
12-12 20:47:44.894   787  3278 I WindowState: WIN DEATH: Window{4285c440 u0 com.example.snoopy/com.example.snoopy.MainActivity}
12-12 20:47:44.894   787  1165 I WindowState: WIN DEATH: Window{42860df0 u0 com.example.snoopy/com.example.snoopy.LoginActivity}
12-12 20:47:44.894   787  1060 W ActivityManager: mDVFSHelper.acquire()
12-12 20:47:44.924   241   883 I SurfaceFlinger: id=38 Removed tnoopy (10/12)
12-12 20:47:44.924   241  1177 I SurfaceFlinger: id=38 Removed tnoopy (-2/12)
12-12 20:47:44.954 13604 13604 I SELinux : Function: selinux_android_load_priority [0], There is no sepolicy file.
12-12 20:47:44.954 13604 13604 I SELinux :  
12-12 20:47:44.954 13604 13604 I SELinux : Function: selinux_android_load_priority [1], There is no sepolicy version file.
12-12 20:47:44.954 13604 13604 I SELinux :  
12-12 20:47:44.954 13604 13604 I SELinux : Function: selinux_android_load_priority , priority version is VE=SEPF_SM-T530NU_4.4.2_0028
12-12 20:47:44.954 13604 13604 I SELinux :  
12-12 20:47:44.954 13604 13604 I SELinux :  
12-12 20:47:44.954 13604 13604 I SELinux : selinux_android_seapp_context_reload: seapp_contexts file is loaded from /seapp_contexts
12-12 20:47:44.954 13604 13604 D dalvikvm: Late-enabling CheckJNI
12-12 20:47:44.964   241 13243 I SurfaceFlinger: id=22 Removed EimLayer (5/11)
12-12 20:47:44.964   241   883 I SurfaceFlinger: id=21 Removed EimLayer (6/10)
12-12 20:47:44.964   241   883 I SurfaceFlinger: id=22 Removed EimLayer (-2/10)
12-12 20:47:44.964   241   466 I SurfaceFlinger: id=21 Removed EimLayer (-2/10)
12-12 20:47:44.974  1167  1167 D Launcher: onRestart, Launcher: 1107867784
12-12 20:47:44.974  1167  1167 D Launcher: onStart, Launcher: 1107867784
12-12 20:47:44.974  1167  1167 D Launcher.HomeView: onStart
12-12 20:47:44.984  1167  1167 D Launcher: onResume, Launcher: 1107867784
12-12 20:47:44.984   991   991 D PhoneStatusBar: setSemiTransparentMode=false, mTransparentMode=false, mSemiTransparentMode=false, mMultiWindowMode=false
12-12 20:47:44.984   991   991 D PhoneStatusBar: setSemiTransparentMode=false, mTransparentMode=false, mSemiTransparentMode=false, mMultiWindowMode=false
12-12 20:47:44.984   787  1215 D StatusBarManagerService: semi p:1167,o:f
12-12 20:47:44.984   787   798 D StatusBarManagerService: semi p:1167,o:f
12-12 20:47:45.014  1167  1167 D Launcher.HomeView: onResume
12-12 20:47:45.024   991   991 D PhoneStatusBar: setTransGradationMode=false, mTransparentMode=false, mSemiTransparentMode=false, mMultiWindowMode=false
12-12 20:47:45.024   787  1215 D StatusBarManagerService: tr p:1167,o:f
12-12 20:47:45.044  1167  1167 D MenuAppsGridFragment: onResume
12-12 20:47:45.044  1435  1435 I MultiWindowTrayService: mHomeResumeReceiver : onReceive
12-12 20:47:45.044  1435  1435 I Sally Service: removeWindow window
12-12 20:47:45.054 13205 13205 V TaskCloserActivity: TaskCloserActivity onReceive() - com.sec.android.intent.action.HOME_RESUME
12-12 20:47:45.064 13629 13629 I SELinux : Function: selinux_android_load_priority [0], There is no sepolicy file.
12-12 20:47:45.064 13629 13629 I SELinux :  
12-12 20:47:45.064 13629 13629 I SELinux : Function: selinux_android_load_priority [1], There is no sepolicy version file.
12-12 20:47:45.064 13629 13629 I SELinux :  
12-12 20:47:45.064 13629 13629 I SELinux : Function: selinux_android_load_priority , priority version is VE=SEPF_SM-T530NU_4.4.2_0028
12-12 20:47:45.064 13629 13629 I SELinux :  
12-12 20:47:45.064 13629 13629 I SELinux :  
12-12 20:47:45.064 13629 13629 I SELinux : selinux_android_seapp_context_reload: seapp_contexts file is loaded from /seapp_contexts
12-12 20:47:45.074   241   241 I SurfaceFlinger: id=39 createSurf (1280x800),1 flag=4, Mauncher
12-12 20:47:45.074   787  1231 I SpenGestureManager: setFocusWindow21005
12-12 20:47:45.074   787   879 D STATUSBAR-StatusBarManagerService: manageDisableList what=0x0 pkg=WindowManager.LayoutParams
12-12 20:47:45.084   787   867 D PointerIcon: setMouseIconStyle1 pointerType: 1001iconType:101 flag:0
12-12 20:47:45.084   787   867 D PointerIcon: setMouseCustomIcon IconType is same.101
12-12 20:47:45.164   991   991 D PhoneStatusBar: setTransGradationMode=false, mTransparentMode=false, mSemiTransparentMode=false, mMultiWindowMode=false
12-12 20:47:45.164   787  1246 D StatusBarManagerService: tr p:1167,o:f
12-12 20:47:45.174   787  3279 W LicenseLogService: log() failed
12-12 20:47:45.174   787   879 D STATUSBAR-StatusBarManagerService: manageDisableList what=0x0 pkg=WindowManager.LayoutParams
12-12 20:47:45.184   787 13645 W ContextImpl: Calling a method in the system process without a qualified user: android.app.ContextImpl.sendBroadcast:1509 com.android.server.InputMethodManagerService$4.run:2683 java.lang.Thread.run:841 <bottom of call stack> <bottom of call stack> 
12-12 20:47:45.184   787  3279 W InputMethodManagerService: Got RemoteException sending setActive(false) notification to pid 13215 uid 13112
12-12 20:47:45.204  1300  1300 D SamsungIME: onWindowHidden
12-12 20:47:45.204   787   787 W ContextImpl: Calling a method in the system process without a qualified user: android.app.ContextImpl.sendBroadcast:1523 com.android.server.StatusBarManagerService.sendNotification:981 com.android.server.StatusBarManagerService.removeNotification:706 com.android.server.NotificationManagerService.cancelNotificationLocked:2455 com.android.server.NotificationManagerService.access$5100:160 
12-12 20:47:45.204  1300  1300 W ContextImpl: Calling a method in the system process without a qualified user: android.app.ContextImpl.sendBroadcast:1509 android.content.ContextWrapper.sendBroadcast:377 android.inputmethodservice.InputMethodService.sendInputViewShownState:539 android.inputmethodservice.InputMethodService.hideWindow:2300 android.inputmethodservice.InputMethodService.doHideWindow:2278 
12-12 20:47:45.214   787   787 D NotificationService: cancelNotificationLocked
12-12 20:47:45.214   787   787 D NotificationService:  hasClearableItems
12-12 20:47:45.214   787   787 D NotificationService:  has clearable items no 
12-12 20:47:45.214   787   787 D NotificationService: cancelNotificationLocked: cancel alarm
12-12 20:47:45.214   787   787 D NotificationService: cancelNotificationLocked: cancel alarm
12-12 20:47:45.214   787   787 D STATUSBAR-StatusBarManagerService: sendNotification(3) - 17041255
12-12 20:47:45.214   787   867 W ActivityManager: mDVFSHelper.release()
12-12 20:47:45.214   787   787 D LightsService: [api] [SvcLED] turnOff:: id = 4 (uid: 1000 pid: 787) 
12-12 20:47:45.214   787   787 D LightsService: [SvcLED] setSvcLedStateLocked:: SvcLEDState : 0x0 -> 0x0 | SvcLED(id=4) set Off
12-12 20:47:45.224   787   894 D LightsService: [SvcLED] Lux failed to be updated in 700ms. -> handleForcedSvcLEDTasK
12-12 20:47:45.224   787   894 D LightsService: [SvcLED]  setSvcLedLightLocked :: Current SvcLED(id=3) maintains its priority right
12-12 20:47:45.224   991   991 D STATUSBAR-IconMerger: checkOverflow(1036), More:false, Req:false Child:4
12-12 20:47:45.224   787  1784 D SSRMv2:TSP:AirViewOnOff: DeviceInfo:: 00000000000
12-12 20:47:45.224   787  1784 D SSRMv2:TSP:AirViewOnOff: SettingsAirViewInfo:: 000000000
12-12 20:47:45.284   241   462 I SurfaceFlinger: id=37 Removed JnputMethod (7/10)
12-12 20:47:45.284   241   883 I SurfaceFlinger: id=37 Removed JnputMethod (-2/10)
12-12 20:47:45.364   787   951 I ActivityManager: Killing 12545:com.google.android.gms.ui/u0a8 (adj 15): empty #31
12-12 20:47:45.424   991   991 D STATUSBAR-NetworkController: refreshSignalCluster - setNWBoosterIndicators(false)
12-12 20:47:45.424   991   991 D STATUSBAR-NetworkController: refreshSignalCluster: data=-1 bt=false
12-12 20:47:45.434   991   991 D STATUSBAR-IconMerger: checkOverflow(1036), More:false, Req:false Child:4
12-12 20:47:45.514 13604 13604 I System.out: EMMA: collecting runtime coverage data ...
12-12 20:47:45.534 13604 13604 I dalvikvm: Could not find method android.content.pm.PackageManager.getPackageInstaller, referenced from method com.google.android.gms.common.zzo.zzx
12-12 20:47:45.534 13604 13604 W dalvikvm: VFY: unable to resolve virtual method 525: Landroid/content/pm/PackageManager;.getPackageInstaller ()Landroid/content/pm/PackageInstaller;
12-12 20:47:45.534 13604 13604 D dalvikvm: VFY: replacing opcode 0x6e at 0x0013
12-12 20:47:45.534 13604 13604 I dalvikvm: Could not find method android.content.Context.getNoBackupFilesDir, referenced from method com.google.android.gms.common.util.zzu.getNoBackupFilesDir
12-12 20:47:45.534 13604 13604 W dalvikvm: VFY: unable to resolve virtual method 391: Landroid/content/Context;.getNoBackupFilesDir ()Ljava/io/File;
12-12 20:47:45.534 13604 13604 D dalvikvm: VFY: replacing opcode 0x6e at 0x0006
12-12 20:47:45.544 13604 13648 W DynamiteModule: Local module descriptor class for com.google.firebase.auth not found.
12-12 20:47:45.544 13604 13648 I dalvikvm: Could not find method android.content.pm.PackageManager.isInstantApp, referenced from method com.google.android.gms.internal.zzbec.zzalq
12-12 20:47:45.544 13604 13648 W dalvikvm: VFY: unable to resolve virtual method 532: Landroid/content/pm/PackageManager;.isInstantApp (Ljava/lang/String;)Z
12-12 20:47:45.544 13604 13648 D dalvikvm: VFY: replacing opcode 0x6e at 0x002d
12-12 20:47:45.544 13604 13604 D FirebaseApp: com.google.firebase.crash.FirebaseCrash is not linked. Skipping initialization.
12-12 20:47:45.544 13604 13648 W DynamiteModule: Local module descriptor class for com.google.firebase.auth not found.
12-12 20:47:45.554 13604 13604 I FA      : App measurement is starting up, version: 11400
12-12 20:47:45.554 13604 13604 I FA      : To enable debug logging run: adb shell setprop log.tag.FA VERBOSE
12-12 20:47:45.564 13604 13604 I dalvikvm: Could not find method android.content.pm.PackageManager.isInstantApp, referenced from method com.google.android.gms.internal.zzbeb.zzcp
12-12 20:47:45.564 13604 13604 W dalvikvm: VFY: unable to resolve virtual method 531: Landroid/content/pm/PackageManager;.isInstantApp ()Z
12-12 20:47:45.564 13604 13604 D dalvikvm: VFY: replacing opcode 0x6e at 0x0028
12-12 20:47:45.574 13604 13604 I FA      : To enable faster debug mode event logging run:
12-12 20:47:45.574 13604 13604 I FA      :   adb shell setprop debug.firebase.analytics.app com.example.snoopy
12-12 20:47:45.574 13604 13604 E dalvikvm: Could not find class 'android.app.job.JobScheduler', referenced from method com.google.android.gms.internal.zzcfr.zzazv
12-12 20:47:45.574 13604 13604 W dalvikvm: VFY: unable to resolve check-cast 64 (Landroid/app/job/JobScheduler;) in Lcom/google/android/gms/internal/zzcfr;
12-12 20:47:45.574 13604 13604 D dalvikvm: VFY: replacing opcode 0x1f at 0x000b
12-12 20:47:45.574 13604 13604 E dalvikvm: Could not find class 'android.app.job.JobScheduler', referenced from method com.google.android.gms.internal.zzcfr.zzs
12-12 20:47:45.574 13604 13604 W dalvikvm: VFY: unable to resolve check-cast 64 (Landroid/app/job/JobScheduler;) in Lcom/google/android/gms/internal/zzcfr;
12-12 20:47:45.574 13604 13604 D dalvikvm: VFY: replacing opcode 0x1f at 0x0098
12-12 20:47:45.574 13604 13604 D dalvikvm: DexOpt: unable to opt direct call 0x0142 at 0xa0 in Lcom/google/android/gms/internal/zzcfr;.zzs
12-12 20:47:45.574 13604 13604 D dalvikvm: DexOpt: unable to opt direct call 0x0597 at 0xae in Lcom/google/android/gms/internal/zzcfr;.zzs
12-12 20:47:45.584 13604 13604 I FirebaseInitProvider: FirebaseApp initialization successful
12-12 20:47:45.584 13604 13652 W dalvikvm: VFY: unable to find class referenced in signature (Landroid/app/job/JobParameters;)
12-12 20:47:45.584 13604 13652 W dalvikvm: VFY: unable to find class referenced in signature (Landroid/app/job/JobParameters;)
12-12 20:47:45.584 13604 13652 W dalvikvm: VFY: unable to find class referenced in signature (Landroid/app/job/JobParameters;)
12-12 20:47:45.584 13604 13652 W dalvikvm: VFY: unable to find class referenced in signature (Landroid/app/job/JobParameters;)
12-12 20:47:45.584 13604 13652 I dalvikvm: Could not find method android.app.job.JobParameters.getExtras, referenced from method com.google.android.gms.internal.zzcfh.onStartJob
12-12 20:47:45.584 13604 13652 W dalvikvm: VFY: unable to resolve virtual method 327: Landroid/app/job/JobParameters;.getExtras ()Landroid/os/PersistableBundle;
12-12 20:47:45.584 13604 13652 D dalvikvm: VFY: replacing opcode 0x6e at 0x000a
12-12 20:47:45.584   787  1216 W ActivityManager: Permission Denial: getCurrentUser() from pid=13604, uid=13112 requires android.permission.INTERACT_ACROSS_USERS
12-12 20:47:45.594 13604 13653 I TestRunner: started: rmInternalFiles(com.trellis.AUTUtils)
12-12 20:47:45.634 13604 13653 D dalvikvm: GC_EXPLICIT freed 4595K, 63% free 5317K/14092K, paused 3ms+4ms, total 38ms
12-12 20:47:45.664 13604 13653 D dalvikvm: GC_EXPLICIT freed 12K, 63% free 5305K/14092K, paused 2ms+7ms, total 29ms
12-12 20:47:45.664 13604 13653 I TestRunner: finished: rmInternalFiles(com.trellis.AUTUtils)
12-12 20:47:45.664 13604 13653 I TestRunner: passed: rmInternalFiles(com.trellis.AUTUtils)
12-12 20:47:45.674 13564 13564 D AndroidRuntime: Shutting down VM
12-12 20:47:45.674   787  1245 I ActivityManager: Killing 13604:com.example.snoopy/u0a3112 (adj 0): stop com.example.snoopy
12-12 20:47:45.684 13564 13583 D dalvikvm: GC_CONCURRENT freed 108K, 15% free 677K/788K, paused 1ms+0ms, total 4ms
12-12 20:47:46.624 13656 13656 D AndroidRuntime: 
12-12 20:47:46.624 13656 13656 D AndroidRuntime: >>>>>> AndroidRuntime START com.android.internal.os.RuntimeInit <<<<<<
12-12 20:47:46.624 13656 13656 D AndroidRuntime: CheckJNI is OFF
12-12 20:47:46.624 13656 13656 D AndroidRuntime: setted country_code = USA
12-12 20:47:46.624 13656 13656 D AndroidRuntime: setted countryiso_code = US
12-12 20:47:46.624 13656 13656 D AndroidRuntime: setted sales_code = BNN
12-12 20:47:46.624 13656 13656 D AndroidRuntime: readGMSProperty: start
12-12 20:47:46.624 13656 13656 D AndroidRuntime: readGMSProperty: already setted!!
12-12 20:47:46.624 13656 13656 D AndroidRuntime: readGMSProperty: end
12-12 20:47:46.624 13656 13656 D AndroidRuntime: addProductProperty: start
12-12 20:47:46.644 13656 13656 D dalvikvm: Trying to load lib libjavacore.so 0x0
12-12 20:47:46.654 13656 13656 D dalvikvm: Added shared lib libjavacore.so 0x0
12-12 20:47:46.654 13656 13656 D dalvikvm: Trying to load lib libnativehelper.so 0x0
12-12 20:47:46.654 13656 13656 D dalvikvm: Added shared lib libnativehelper.so 0x0
12-12 20:47:46.654 13656 13656 D dalvikvm: No JNI_OnLoad found in libnativehelper.so 0x0, skipping init
12-12 20:47:46.874 13656 13656 E memtrack: Couldn't load memtrack module (No such file or directory)
12-12 20:47:46.874 13656 13656 E android.os.Debug: failed to load memtrack module: -2
12-12 20:47:46.914 13656 13656 D dalvikvm: Note: class Landroid/app/ActivityManagerNative; has 192 unimplemented (abstract) methods
12-12 20:47:46.994 13656 13656 D AndroidRuntime: Calling main entry com.android.commands.am.Am
12-12 20:47:47.054   787  1216 V ApplicationPolicy: isApplicationStateBlocked userId 0 pkgname com.trellis
12-12 20:47:47.064 13656 13656 D AndroidRuntime: Shutting down VM
12-12 20:47:47.064 13656 13668 D dalvikvm: GC_CONCURRENT freed 95K, 13% free 666K/764K, paused 0ms+1ms, total 3ms
12-12 20:47:47.074  1140  1140 D ContainerEventsRelayManager: <<< Intent action is >>> : android.intent.action.PACKAGE_RESTARTED
12-12 20:47:47.074  1140  1140 D ContainerEventsRelayManager: <<< Intent data is   >>> : package:com.trellis
12-12 20:47:47.084  3086  3086 D daemonapp: [MSC_Daemon]>>> AWDCDS:27 [0:0] AWD CD Act : androidintentactionPACKAGE_RESTARTED
12-12 20:47:47.204   787   863 D SensorService:   0.1 -0.1 9.8
12-12 20:47:47.994 13675 13675 D AndroidRuntime: 
12-12 20:47:47.994 13675 13675 D AndroidRuntime: >>>>>> AndroidRuntime START com.android.internal.os.RuntimeInit <<<<<<
12-12 20:47:47.994 13675 13675 D AndroidRuntime: CheckJNI is OFF
12-12 20:47:47.994 13675 13675 D AndroidRuntime: setted country_code = USA
12-12 20:47:47.994 13675 13675 D AndroidRuntime: setted countryiso_code = US
12-12 20:47:47.994 13675 13675 D AndroidRuntime: setted sales_code = BNN
12-12 20:47:47.994 13675 13675 D AndroidRuntime: readGMSProperty: start
12-12 20:47:47.994 13675 13675 D AndroidRuntime: readGMSProperty: already setted!!
12-12 20:47:47.994 13675 13675 D AndroidRuntime: readGMSProperty: end
12-12 20:47:47.994 13675 13675 D AndroidRuntime: addProductProperty: start
12-12 20:47:48.014 13675 13675 D dalvikvm: Trying to load lib libjavacore.so 0x0
12-12 20:47:48.014 13675 13675 D dalvikvm: Added shared lib libjavacore.so 0x0
12-12 20:47:48.024 13675 13675 D dalvikvm: Trying to load lib libnativehelper.so 0x0
12-12 20:47:48.024 13675 13675 D dalvikvm: Added shared lib libnativehelper.so 0x0
12-12 20:47:48.024 13675 13675 D dalvikvm: No JNI_OnLoad found in libnativehelper.so 0x0, skipping init
12-12 20:47:48.304 13675 13675 E memtrack: Couldn't load memtrack module (No such file or directory)
12-12 20:47:48.304 13675 13675 E android.os.Debug: failed to load memtrack module: -2
12-12 20:47:48.334 13675 13675 D dalvikvm: Note: class Landroid/app/ActivityManagerNative; has 192 unimplemented (abstract) methods
12-12 20:47:48.364 13497 13497 I dumpstate: waiting for zip started
12-12 20:47:48.364 13497 13497 I dumpstate: waiting for zip end
12-12 20:47:48.364 13497 13497 I dumpstate: done
12-12 20:47:48.414 13675 13675 D AndroidRuntime: Calling main entry com.android.commands.am.Am
12-12 20:47:48.434   991   991 D STATUSBAR-NetworkController: refreshSignalCluster - setNWBoosterIndicators(false)
12-12 20:47:48.434   991   991 D STATUSBAR-NetworkController: refreshSignalCluster: data=-1 bt=false
12-12 20:47:48.444   991   991 D STATUSBAR-IconMerger: checkOverflow(1036), More:false, Req:false Child:4
12-12 20:47:48.484   787  1215 V ApplicationPolicy: isApplicationStateBlocked userId -1 pkgname com.trellis
12-12 20:47:48.484 13675 13675 D AndroidRuntime: Shutting down VM
12-12 20:47:48.484 13675 13684 D dalvikvm: GC_CONCURRENT freed 95K, 13% free 666K/764K, paused 0ms+0ms, total 3ms
12-12 20:47:49.464 13711 13711 D AndroidRuntime: 
12-12 20:47:49.464 13711 13711 D AndroidRuntime: >>>>>> AndroidRuntime START com.android.internal.os.RuntimeInit <<<<<<
12-12 20:47:49.464 13711 13711 D AndroidRuntime: CheckJNI is OFF
12-12 20:47:49.464 13711 13711 D AndroidRuntime: setted country_code = USA
12-12 20:47:49.464 13711 13711 D AndroidRuntime: setted countryiso_code = US
12-12 20:47:49.474 13711 13711 D AndroidRuntime: setted sales_code = BNN
12-12 20:47:49.474 13711 13711 D AndroidRuntime: readGMSProperty: start
12-12 20:47:49.474 13711 13711 D AndroidRuntime: readGMSProperty: already setted!!
12-12 20:47:49.474 13711 13711 D AndroidRuntime: readGMSProperty: end
12-12 20:47:49.474 13711 13711 D AndroidRuntime: addProductProperty: start
12-12 20:47:49.484 13711 13711 D dalvikvm: Trying to load lib libjavacore.so 0x0
12-12 20:47:49.494 13711 13711 D dalvikvm: Added shared lib libjavacore.so 0x0
12-12 20:47:49.494 13711 13711 D dalvikvm: Trying to load lib libnativehelper.so 0x0
12-12 20:47:49.494 13711 13711 D dalvikvm: Added shared lib libnativehelper.so 0x0
12-12 20:47:49.494 13711 13711 D dalvikvm: No JNI_OnLoad found in libnativehelper.so 0x0, skipping init
12-12 20:47:49.714 13711 13711 E memtrack: Couldn't load memtrack module (No such file or directory)
12-12 20:47:49.714 13711 13711 E android.os.Debug: failed to load memtrack module: -2
12-12 20:47:49.754 13711 13711 D dalvikvm: Note: class Landroid/app/ActivityManagerNative; has 192 unimplemented (abstract) methods
12-12 20:47:49.834 13711 13711 D AndroidRuntime: Calling main entry com.android.commands.pm.Pm
12-12 20:47:49.934   787   951 V ApplicationPolicy: isApplicationStateBlocked userId 0 pkgname com.trellis
12-12 20:47:49.934   787   951 V ApplicationPolicy: isApplicationStateBlocked userId 0 pkgname com.trellis
12-12 20:47:49.934   787   951 D PackageManager: START CLEAR APPLICATION USER DATA: observer{1138826584}
12-12 20:47:49.934   787   951 D PackageManager: pkg{<packageName>}
12-12 20:47:49.934   787   951 D PackageManager: user{0}
12-12 20:47:49.934   787   887 D PackageManager: [MSG] CLEAR_APPLICATION_USER_DATA
12-12 20:47:49.944   248   248 D keystore: calling clear_uid in state: 3
12-12 20:47:49.944  1140  1140 D ContainerEventsRelayManager: <<< Intent action is >>> : android.intent.action.PACKAGE_RESTARTED
12-12 20:47:49.944  1140  1140 D ContainerEventsRelayManager: <<< Intent data is   >>> : package:com.trellis
12-12 20:47:49.944 11387 11387 I GeofencerStateMachine: removeGeofences: removeRequest=RemoveGeofencingRequest[REMOVE_ALL packageName=com.trellis]
12-12 20:47:49.944  1140  1140 D ContainerEventsRelayManager: <<< Intent action is >>> : android.intent.action.PACKAGE_DATA_CLEARED
12-12 20:47:49.944  1140  1140 D ContainerEventsRelayManager: <<< Intent data is   >>> : package:com.trellis
12-12 20:47:49.944  3086  3086 D daemonapp: [MSC_Daemon]>>> AWDCDS:27 [0:0] AWD CD Act : androidintentactionPACKAGE_RESTARTED
12-12 20:47:49.974 13728 13728 I SELinux : Function: selinux_android_load_priority [0], There is no sepolicy file.
12-12 20:47:49.974 13728 13728 I SELinux :  
12-12 20:47:49.974 13728 13728 I SELinux : Function: selinux_android_load_priority [1], There is no sepolicy version file.
12-12 20:47:49.974 13728 13728 I SELinux :  
12-12 20:47:49.974 13728 13728 I SELinux : Function: selinux_android_load_priority , priority version is VE=SEPF_SM-T530NU_4.4.2_0028
12-12 20:47:49.974 13728 13728 I SELinux :  
12-12 20:47:49.974 13728 13728 I SELinux :  
12-12 20:47:49.974 13728 13728 I SELinux : selinux_android_seapp_context_reload: seapp_contexts file is loaded from /seapp_contexts
12-12 20:47:49.984   787   887 D PackageManager: return delete result to caller: 1138826584
12-12 20:47:49.984 13711 13711 D AndroidRuntime: Shutting down VM
12-12 20:47:49.984 13711 13720 D dalvikvm: GC_CONCURRENT freed 97K, 13% free 677K/776K, paused 0ms+1ms, total 3ms
12-12 20:47:49.984   787   887 D PackageManager: returnCode: true
12-12 20:47:50.044 13728 13740 D Documents: Loading roots for com.android.externalstorage.documents
12-12 20:47:50.054 13741 13741 I SELinux : Function: selinux_android_load_priority [0], There is no sepolicy file.
12-12 20:47:50.054 13741 13741 I SELinux :  
12-12 20:47:50.054 13741 13741 I SELinux : Function: selinux_android_load_priority [1], There is no sepolicy version file.
12-12 20:47:50.054 13741 13741 I SELinux :  
12-12 20:47:50.054 13741 13741 I SELinux : Function: selinux_android_load_priority , priority version is VE=SEPF_SM-T530NU_4.4.2_0028
12-12 20:47:50.054 13741 13741 I SELinux :  
12-12 20:47:50.054 13741 13741 I SELinux :  
12-12 20:47:50.054 13741 13741 I SELinux : selinux_android_seapp_context_reload: seapp_contexts file is loaded from /seapp_contexts
12-12 20:47:50.054  3086  3086 D daemonapp: [MSC_Daemon]>>> AWDCDS:27 [0:0] AWD CD Act : androidintentactionPACKAGE_DATA_CLEARED
12-12 20:47:50.054   787   798 I ActivityManager: Killing 12943:com.google.android.play.games.ui/u0a117 (adj 15): empty #31
12-12 20:47:50.084   787  1231 I ActivityManager: Killing 12069:com.google.android.gms.unstable/u0a8 (adj 15): empty #31
12-12 20:47:50.134 11728 13759 D Wear_Controller: Received broadcast action=android.intent.action.PACKAGE_DATA_CLEARED and uri=com.trellis
12-12 20:47:50.144 11728 13758 I LocationSettingsChecker: Removing dialog suppression flag for package com.trellis
12-12 20:47:50.164 11728 12421 I Icing   : doRemovePackageData com.trellis
12-12 20:47:50.184 13741 13741 D ExternalStorage: After updating volumes, found 1 active roots
12-12 20:47:50.184 13728 13728 D Documents: Updating roots due to change at content://com.android.externalstorage.documents/root
12-12 20:47:50.194   787   951 W ActivityManager: Permission Denial: getCurrentUser() from pid=13741, uid=10005 requires android.permission.INTERACT_ACROSS_USERS
12-12 20:47:50.204 13728 13740 D Documents: Loading roots for com.android.providers.downloads.documents
12-12 20:47:50.394   787  1246 D dalvikvm: GC_EXPLICIT freed 2672K, 56% free 23887K/53936K, paused 8ms+17ms, total 195ms
12-12 20:47:50.404 13728 13740 D Documents: Loading roots for com.android.providers.media.documents
12-12 20:47:50.434   991   991 D STATUSBAR-NetworkController: refreshSignalCluster - setNWBoosterIndicators(false)
12-12 20:47:50.434   991   991 D STATUSBAR-NetworkController: refreshSignalCluster: data=-1 bt=false
12-12 20:47:50.444  1107  1118 D dalvikvm: GC_EXPLICIT freed 420K, 62% free 5381K/14092K, paused 3ms+8ms, total 40ms
12-12 20:47:50.444   991   991 D STATUSBAR-IconMerger: checkOverflow(1036), More:false, Req:false Child:4
12-12 20:47:50.464 13728 13740 D Documents: Loading roots for com.google.android.apps.docs.storage
12-12 20:47:50.474 13782 13782 I SELinux : Function: selinux_android_load_priority [0], There is no sepolicy file.
12-12 20:47:50.474 13782 13782 I SELinux :  
12-12 20:47:50.474 13782 13782 I SELinux : Function: selinux_android_load_priority [1], There is no sepolicy version file.
12-12 20:47:50.474 13782 13782 I SELinux :  
12-12 20:47:50.474 13782 13782 I SELinux : Function: selinux_android_load_priority , priority version is VE=SEPF_SM-T530NU_4.4.2_0028
12-12 20:47:50.474 13782 13782 I SELinux :  
12-12 20:47:50.474 13782 13782 I SELinux :  
12-12 20:47:50.474 13782 13782 I SELinux : selinux_android_seapp_context_reload: seapp_contexts file is loaded from /seapp_contexts
12-12 20:47:50.504   787   863 D SensorService:   0.1 -0.1 9.7
12-12 20:47:50.504   787  3281 I ActivityManager: Killing 12746:com.google.android.partnersetup/u0a11 (adj 15): empty #31
12-12 20:47:50.634 13782 13782 E dalvikvm: Could not find class 'android.provider.DocumentsContract$Path', referenced from method com.google.android.apps.docs.storagebackend.StorageBackendContentProvider.a
12-12 20:47:50.634 13782 13782 W dalvikvm: VFY: unable to resolve new-instance 936 (Landroid/provider/DocumentsContract$Path;) in Lcom/google/android/apps/docs/storagebackend/StorageBackendContentProvider;
12-12 20:47:50.634 13782 13782 D dalvikvm: VFY: replacing opcode 0x22 at 0x0089
12-12 20:47:50.634 13782 13782 I dalvikvm: Could not find method frh.refresh, referenced from method com.google.android.apps.docs.storagebackend.StorageBackendContentProvider.refresh
12-12 20:47:50.634 13782 13782 W dalvikvm: VFY: unable to resolve virtual method 38100: Lfrh;.refresh (Landroid/net/Uri;Landroid/os/Bundle;Landroid/os/CancellationSignal;)Z
12-12 20:47:50.634 13782 13782 D dalvikvm: VFY: replacing opcode 0x6f at 0x0007
12-12 20:47:50.644 13782 13782 D dalvikvm: DexOpt: unable to opt direct call 0x1053 at 0x8b in Lcom/google/android/apps/docs/storagebackend/StorageBackendContentProvider;.a
12-12 20:47:50.674 13782 13782 I dalvikvm: Could not find method android.content.Context.getDrawable, referenced from method in.a
12-12 20:47:50.674 13782 13782 W dalvikvm: VFY: unable to resolve virtual method 2767: Landroid/content/Context;.getDrawable (I)Landroid/graphics/drawable/Drawable;
12-12 20:47:50.674 13782 13782 D dalvikvm: VFY: replacing opcode 0x6e at 0x0006
12-12 20:47:50.674 13782 13782 I dalvikvm: Could not find method android.content.Context.isDeviceProtectedStorage, referenced from method in.a
12-12 20:47:50.674 13782 13782 W dalvikvm: VFY: unable to resolve virtual method 2783: Landroid/content/Context;.isDeviceProtectedStorage ()Z
12-12 20:47:50.674 13782 13782 D dalvikvm: VFY: replacing opcode 0x6e at 0x0006
12-12 20:47:50.674 13782 13782 I dalvikvm: Could not find method android.content.Context.getColorStateList, referenced from method in.b
12-12 20:47:50.674 13782 13782 W dalvikvm: VFY: unable to resolve virtual method 2762: Landroid/content/Context;.getColorStateList (I)Landroid/content/res/ColorStateList;
12-12 20:47:50.674 13782 13782 D dalvikvm: VFY: replacing opcode 0x6e at 0x0006
12-12 20:47:50.674 13782 13782 I dalvikvm: Could not find method android.content.Context.getColor, referenced from method in.c
12-12 20:47:50.674 13782 13782 W dalvikvm: VFY: unable to resolve virtual method 2761: Landroid/content/Context;.getColor (I)I
12-12 20:47:50.674 13782 13782 D dalvikvm: VFY: replacing opcode 0x6e at 0x0006
12-12 20:47:50.714   787  1165 W ActivityManager: Permission Denial: getCurrentUser() from pid=13782, uid=10079 requires android.permission.INTERACT_ACROSS_USERS
12-12 20:47:50.814 13782 13782 W dalvikvm: Unable to resolve superclass of Lcom/google/android/apps/docs/notification/guns/GcmJobService; (592)
12-12 20:47:50.814 13782 13782 W dalvikvm: Link of class 'Lcom/google/android/apps/docs/notification/guns/GcmJobService;' failed
12-12 20:47:50.814 13782 13782 W dalvikvm: VFY: unable to find class referenced in signature (Lcom/google/android/apps/docs/notification/guns/GcmJobService;)
12-12 20:47:50.814 13782 13782 W dalvikvm: Unable to resolve superclass of Lcom/google/android/apps/docs/notification/guns/GcmJobService; (592)
12-12 20:47:50.814 13782 13782 W dalvikvm: Link of class 'Lcom/google/android/apps/docs/notification/guns/GcmJobService;' failed
12-12 20:47:50.814 13782 13782 W dalvikvm: VFY: unable to resolve instance field 11971
12-12 20:47:50.814 13782 13782 D dalvikvm: VFY: replacing opcode 0x5b at 0x0008
12-12 20:47:50.814 13782 13782 I dalvikvm: Could not find method java.util.Locale.toLanguageTag, referenced from method drz.a
12-12 20:47:50.814 13782 13782 W dalvikvm: VFY: unable to resolve virtual method 49887: Ljava/util/Locale;.toLanguageTag ()Ljava/lang/String;
12-12 20:47:50.814 13782 13782 D dalvikvm: VFY: replacing opcode 0x6e at 0x00ca
12-12 20:47:50.834 13782 13782 W dalvikvm: Unable to resolve superclass of Lcom/google/android/apps/docs/notification/guns/GcmJobService; (592)
12-12 20:47:50.834 13782 13782 W dalvikvm: Link of class 'Lcom/google/android/apps/docs/notification/guns/GcmJobService;' failed
12-12 20:47:50.834 13782 13782 I dalvikvm: DexOpt: unable to optimize instance field ref 0x2ec4 at 0x12 in Ldrz;.a
12-12 20:47:50.864 13779 13779 D AndroidRuntime: 
12-12 20:47:50.864 13779 13779 D AndroidRuntime: >>>>>> AndroidRuntime START com.android.internal.os.RuntimeInit <<<<<<
12-12 20:47:50.874 13779 13779 D AndroidRuntime: CheckJNI is OFF
12-12 20:47:50.874 13779 13779 D AndroidRuntime: setted country_code = USA
12-12 20:47:50.874 13779 13779 D AndroidRuntime: setted countryiso_code = US
12-12 20:47:50.874 13779 13779 D AndroidRuntime: setted sales_code = BNN
12-12 20:47:50.874 13779 13779 D AndroidRuntime: readGMSProperty: start
12-12 20:47:50.874 13779 13779 D AndroidRuntime: readGMSProperty: already setted!!
12-12 20:47:50.874 13779 13779 D AndroidRuntime: readGMSProperty: end
12-12 20:47:50.874 13779 13779 D AndroidRuntime: addProductProperty: start
12-12 20:47:50.894 13779 13779 D dalvikvm: Trying to load lib libjavacore.so 0x0
12-12 20:47:50.894 13779 13779 D dalvikvm: Added shared lib libjavacore.so 0x0
12-12 20:47:50.894 13782 13782 I dalvikvm: Could not find method java.util.Locale.toLanguageTag, referenced from method azc.a
12-12 20:47:50.894 13782 13782 W dalvikvm: VFY: unable to resolve virtual method 49887: Ljava/util/Locale;.toLanguageTag ()Ljava/lang/String;
12-12 20:47:50.894 13782 13782 D dalvikvm: VFY: replacing opcode 0x6e at 0x000e
12-12 20:47:50.904 13779 13779 D dalvikvm: Trying to load lib libnativehelper.so 0x0
12-12 20:47:50.904 13779 13779 D dalvikvm: Added shared lib libnativehelper.so 0x0
12-12 20:47:50.904 13779 13779 D dalvikvm: No JNI_OnLoad found in libnativehelper.so 0x0, skipping init
12-12 20:47:50.994 13782 13804 I dalvikvm: Could not find method android.content.pm.PackageManager.getPackageInstaller, referenced from method ijj.a
12-12 20:47:50.994 13782 13804 W dalvikvm: VFY: unable to resolve virtual method 2942: Landroid/content/pm/PackageManager;.getPackageInstaller ()Landroid/content/pm/PackageInstaller;
12-12 20:47:50.994 13782 13804 D dalvikvm: VFY: replacing opcode 0x6e at 0x0012
12-12 20:47:51.004 13782 13804 I GAv4    : Google Analytics 11.0.11 is starting up. To enable debug logging on a device run:
12-12 20:47:51.004 13782 13804 I GAv4    :   adb shell setprop log.tag.GAv4 DEBUG
12-12 20:47:51.004 13782 13804 I GAv4    :   adb logcat -s GAv4
12-12 20:47:51.034 13782 13804 W CoreComponentFactoryImpl: RetainedComponent will not be retained if  djl does not inherit FragmentActivity and fulfill jpt contract.
12-12 20:47:51.034 13782 13807 W GAv4    : AnalyticsReceiver is not registered or is disabled. Register the receiver for reliable dispatching on non-Google Play devices. See http://goo.gl/8Rd3yj for instructions.
12-12 20:47:51.054 13782 13782 W FieldDefinition: Ignoring isIndexed constraint as field also has uniqueness constraint (on just this field, and therefore SQLite will have to create an index on that. For field: com.google.android.apps.docs.database.common.FieldDefinition$a@42225c88
12-12 20:47:51.124 13779 13779 E memtrack: Couldn't load memtrack module (No such file or directory)
12-12 20:47:51.124 13779 13779 E android.os.Debug: failed to load memtrack module: -2
12-12 20:47:51.164 13779 13779 D dalvikvm: Note: class Landroid/app/ActivityManagerNative; has 192 unimplemented (abstract) methods
12-12 20:47:51.194 13782 13807 W GAv4    : CampaignTrackingReceiver is not registered, not exported or is disabled. Installation campaign tracking is not possible. See http://goo.gl/8Rd3yj for instructions.
12-12 20:47:51.224 13782 13807 W GAv4    : AnalyticsService not registered in the app manifest. Hits might not be delivered reliably. See http://goo.gl/8Rd3yj for instructions.
12-12 20:47:51.234 13779 13779 D AndroidRuntime: Calling main entry com.android.commands.pm.Pm
12-12 20:47:51.254 13782 13804 I dalvikvm: Could not find method java.util.Locale.toLanguageTag, referenced from method drx.a
12-12 20:47:51.254 13782 13804 W dalvikvm: VFY: unable to resolve virtual method 49887: Ljava/util/Locale;.toLanguageTag ()Ljava/lang/String;
12-12 20:47:51.254 13782 13804 D dalvikvm: VFY: replacing opcode 0x6e at 0x02d6
12-12 20:47:51.274 13782 13804 I dalvikvm: Could not find method java.util.Locale.toLanguageTag, referenced from method drx.a
12-12 20:47:51.274 13782 13804 W dalvikvm: VFY: unable to resolve virtual method 49887: Ljava/util/Locale;.toLanguageTag ()Ljava/lang/String;
12-12 20:47:51.274 13782 13804 D dalvikvm: VFY: replacing opcode 0x6e at 0x00e2
12-12 20:47:51.294 13782 13782 W dalvikvm: Unable to resolve superclass of Lcom/google/android/apps/docs/sync/content/ContentSyncJobService; (592)
12-12 20:47:51.294 13782 13782 W dalvikvm: Link of class 'Lcom/google/android/apps/docs/sync/content/ContentSyncJobService;' failed
12-12 20:47:51.294 13782 13782 I dalvikvm: Could not find method com.google.android.apps.docs.sync.content.ContentSyncJobService.a, referenced from method fur.a
12-12 20:47:51.294 13782 13782 W dalvikvm: VFY: unable to resolve static method 20602: Lcom/google/android/apps/docs/sync/content/ContentSyncJobService;.a (Landroid/content/Context;Lfui;)V
12-12 20:47:51.294 13782 13782 D dalvikvm: VFY: replacing opcode 0x71 at 0x0010
12-12 20:47:51.334 13782 13782 W dalvikvm: Unable to resolve superclass of Lcom/google/android/apps/docs/appindexing/AppIndexingJobService; (592)
12-12 20:47:51.334 13782 13782 W dalvikvm: Link of class 'Lcom/google/android/apps/docs/appindexing/AppIndexingJobService;' failed
12-12 20:47:51.334 13782 13782 I dalvikvm: Could not find method com.google.android.apps.docs.appindexing.AppIndexingJobService.a, referenced from method aub.a
12-12 20:47:51.334 13782 13782 W dalvikvm: VFY: unable to resolve static method 16136: Lcom/google/android/apps/docs/appindexing/AppIndexingJobService;.a (Landroid/content/Context;ZJZ)V
12-12 20:47:51.334 13782 13782 D dalvikvm: VFY: replacing opcode 0x71 at 0x001d
12-12 20:47:51.334 13782 13782 W dalvikvm: Unable to resolve superclass of Lcom/google/android/apps/docs/appindexing/AppIndexingJobService; (592)
12-12 20:47:51.334 13782 13782 W dalvikvm: Link of class 'Lcom/google/android/apps/docs/appindexing/AppIndexingJobService;' failed
12-12 20:47:51.334 13782 13782 I dalvikvm: Could not find method com.google.android.apps.docs.appindexing.AppIndexingJobService.a, referenced from method aub.b
12-12 20:47:51.334 13782 13782 W dalvikvm: VFY: unable to resolve static method 16136: Lcom/google/android/apps/docs/appindexing/AppIndexingJobService;.a (Landroid/content/Context;ZJZ)V
12-12 20:47:51.344 13782 13782 D dalvikvm: VFY: replacing opcode 0x71 at 0x000d
12-12 20:47:51.344 13782 13782 E dalvikvm: Could not find class 'android.app.NotificationChannel', referenced from method ewv.a
12-12 20:47:51.344 13782 13782 W dalvikvm: VFY: unable to resolve new-instance 572 (Landroid/app/NotificationChannel;) in Lewv;
12-12 20:47:51.344 13782 13782 D dalvikvm: VFY: replacing opcode 0x22 at 0x001a
12-12 20:47:51.344 13782 13782 E dalvikvm: Could not find class 'android.app.NotificationChannel', referenced from method ewv.a
12-12 20:47:51.344 13782 13782 W dalvikvm: VFY: unable to resolve new-instance 572 (Landroid/app/NotificationChannel;) in Lewv;
12-12 20:47:51.344 13782 13782 D dalvikvm: VFY: replacing opcode 0x22 at 0x002b
12-12 20:47:51.344 13782 13782 I dalvikvm: Could not find method android.app.NotificationManager.createNotificationChannels, referenced from method ewv.a
12-12 20:47:51.344 13782 13782 W dalvikvm: VFY: unable to resolve virtual method 2311: Landroid/app/NotificationManager;.createNotificationChannels (Ljava/util/List;)V
12-12 20:47:51.344 13782 13782 D dalvikvm: VFY: replacing opcode 0x6e at 0x0055
12-12 20:47:51.354 13782 13782 D dalvikvm: DexOpt: unable to opt direct call 0x0902 at 0x26 in Lewv;.a
12-12 20:47:51.354 13782 13782 D dalvikvm: DexOpt: unable to opt direct call 0x0902 at 0x37 in Lewv;.a
12-12 20:47:51.434   991   991 D STATUSBAR-NetworkController: refreshSignalCluster - setNWBoosterIndicators(false)
12-12 20:47:51.434   991   991 D STATUSBAR-NetworkController: refreshSignalCluster: data=-1 bt=false
12-12 20:47:51.444 13779 13779 D AndroidRuntime: Shutting down VM
12-12 20:47:51.444 13779 13798 D dalvikvm: GC_CONCURRENT freed 573K, 46% free 683K/1260K, paused 0ms+1ms, total 4ms
12-12 20:47:51.454   991   991 D STATUSBAR-IconMerger: checkOverflow(1036), More:false, Req:false Child:4
12-12 20:47:51.454 13728 13740 D Documents: Update found 6 roots in 1416ms
12-12 20:47:51.464 13728 13826 D Documents: Loading roots for com.android.externalstorage.documents
12-12 20:47:51.464 13728 13728 D Documents: Updating roots due to change at content://com.google.android.apps.docs.storage/root
12-12 20:47:51.474 13728 13826 D Documents: Used cached roots for com.android.providers.downloads.documents
12-12 20:47:51.474 13728 13826 D Documents: Used cached roots for com.android.providers.media.documents
12-12 20:47:51.474 13728 13826 D Documents: Loading roots for com.google.android.apps.docs.storage
12-12 20:47:51.474 13728 13828 D Documents: Used cached roots for com.android.externalstorage.documents
12-12 20:47:51.474 13728 13828 D Documents: Used cached roots for com.android.providers.downloads.documents
12-12 20:47:51.474 13728 13828 D Documents: Used cached roots for com.android.providers.media.documents
12-12 20:47:51.474 13728 13828 D Documents: Loading roots for com.google.android.apps.docs.storage
12-12 20:47:51.494 13728 13828 D Documents: Update found 6 roots in 28ms
12-12 20:47:51.504 13728 13826 D Documents: Update found 6 roots in 42ms
12-12 20:47:51.674 11387 12155 W Conscrypt: Could not set socket write timeout:
12-12 20:47:51.684 11387 12155 W Conscrypt:    java.lang.reflect.Method.invokeNative(Native Method)
12-12 20:47:51.684 11387 12155 W Conscrypt:    java.lang.reflect.Method.invoke(Method.java:515)
12-12 20:47:51.714 11387 12155 W Conscrypt: Could not set socket write timeout:
12-12 20:47:51.714 11387 12155 W Conscrypt:    java.lang.reflect.Method.invokeNative(Native Method)
12-12 20:47:51.714 11387 12155 W Conscrypt:    java.lang.reflect.Method.invoke(Method.java:515)
12-12 20:47:52.034 13841 13841 I SELinux : Function: selinux_android_load_priority [0], There is no sepolicy file.
12-12 20:47:52.034 13841 13841 I SELinux :  
12-12 20:47:52.034 13841 13841 I SELinux : Function: selinux_android_load_priority [1], There is no sepolicy version file.
12-12 20:47:52.034 13841 13841 I SELinux :  
12-12 20:47:52.034 13841 13841 I SELinux : Function: selinux_android_load_priority , priority version is VE=SEPF_SM-T530NU_4.4.2_0028
12-12 20:47:52.034 13841 13841 I SELinux :  
12-12 20:47:52.034 13841 13841 I SELinux :  
12-12 20:47:52.034 13841 13841 I SELinux : selinux_android_seapp_context_reload: seapp_contexts file is loaded from /seapp_contexts
12-12 20:47:52.044 11387 12155 I zgp     : Scheduling Phenotype for a PhenotypeSyncImmediately(13, com.google.apps.drive.android) one off with window [1, 2] in seconds
12-12 20:47:52.114 11387 13855 W NetRec  : [773] ConfigChangedIntentOperation.onHandleIntent: Device does not support scoring, exiting
12-12 20:47:52.124 13841 13841 W dalvikvm: VFY: unable to resolve static field 937 (PR_SET_DUMPABLE) in Landroid/system/OsConstants;
12-12 20:47:52.124 13841 13841 D dalvikvm: VFY: replacing opcode 0x60 at 0x0009
12-12 20:47:52.134 13841 13841 W dalvikvm: VFY: unable to find class referenced in signature (Laqvj;)
12-12 20:47:52.134 13841 13841 W dalvikvm: VFY: unable to find class referenced in signature (Laqvj;)
12-12 20:47:52.134 13841 13841 W dalvikvm: VFY: unable to find class referenced in signature (Laqvj;)
12-12 20:47:52.134 13841 13841 W dalvikvm: VFY: unable to find class referenced in signature (Laqvj;)
12-12 20:47:52.134 13841 13841 I dalvikvm: Could not find method android.content.Context.getSystemService, referenced from method ro.a
12-12 20:47:52.134 13841 13841 W dalvikvm: VFY: unable to resolve virtual method 1684: Landroid/content/Context;.getSystemService (Ljava/lang/Class;)Ljava/lang/Object;
12-12 20:47:52.134 13841 13841 D dalvikvm: VFY: replacing opcode 0x6e at 0x0008
12-12 20:47:52.134 13841 13841 I dalvikvm: Could not find method android.content.Context.createDeviceProtectedStorageContext, referenced from method jkx.a
12-12 20:47:52.134 13841 13841 W dalvikvm: VFY: unable to resolve virtual method 1659: Landroid/content/Context;.createDeviceProtectedStorageContext ()Landroid/content/Context;
12-12 20:47:52.134 13841 13841 D dalvikvm: VFY: replacing opcode 0x6e at 0x0029
12-12 20:47:52.134 13841 13841 I dalvikvm: Could not find method android.content.Context.getSystemService, referenced from method jkx.b
12-12 20:47:52.134 13841 13841 W dalvikvm: VFY: unable to resolve virtual method 1684: Landroid/content/Context;.getSystemService (Ljava/lang/Class;)Ljava/lang/Object;
12-12 20:47:52.134 13841 13841 D dalvikvm: VFY: replacing opcode 0x6e at 0x000b
12-12 20:47:52.144 13841 13841 I dalvikvm: Could not find method android.content.Context.isDeviceProtectedStorage, referenced from method zcx.a
12-12 20:47:52.144 13841 13841 W dalvikvm: VFY: unable to resolve virtual method 1689: Landroid/content/Context;.isDeviceProtectedStorage ()Z
12-12 20:47:52.144 13841 13841 D dalvikvm: VFY: replacing opcode 0x6e at 0x0009
12-12 20:47:52.144 13841 13841 I dalvikvm: Could not find method android.content.Context.isDeviceProtectedStorage, referenced from method zcx.c
12-12 20:47:52.144 13841 13841 W dalvikvm: VFY: unable to resolve virtual method 1689: Landroid/content/Context;.isDeviceProtectedStorage ()Z
12-12 20:47:52.144 13841 13841 D dalvikvm: VFY: replacing opcode 0x6e at 0x005d
12-12 20:47:52.144 13841 13841 I dalvikvm: Could not find method android.os.PowerManager.isInteractive, referenced from method jih.a
12-12 20:47:52.144 13841 13841 W dalvikvm: VFY: unable to resolve virtual method 2258: Landroid/os/PowerManager;.isInteractive ()Z
12-12 20:47:52.144 13841 13841 D dalvikvm: VFY: replacing opcode 0x6e at 0x0012
12-12 20:47:52.154 13841 13841 I dalvikvm: Could not find method android.content.ContextWrapper.createCredentialProtectedStorageContext, referenced from method com.google.android.chimera.ModuleContext.createCredentialProtectedStorageContext
12-12 20:47:52.154 13841 13841 W dalvikvm: VFY: unable to resolve virtual method 1708: Landroid/content/ContextWrapper;.createCredentialProtectedStorageContext ()Landroid/content/Context;
12-12 20:47:52.154 13841 13841 D dalvikvm: VFY: replacing opcode 0x6f at 0x0002
12-12 20:47:52.154 13841 13841 I dalvikvm: Could not find method android.content.ContextWrapper.createDeviceProtectedStorageContext, referenced from method com.google.android.chimera.ModuleContext.createDeviceProtectedStorageContext
12-12 20:47:52.154 13841 13841 W dalvikvm: VFY: unable to resolve virtual method 1709: Landroid/content/ContextWrapper;.createDeviceProtectedStorageContext ()Landroid/content/Context;
12-12 20:47:52.154 13841 13841 D dalvikvm: VFY: replacing opcode 0x6f at 0x0002
12-12 20:47:52.154 13841 13841 I dalvikvm: Could not find method android.content.Context.isCredentialProtectedStorage, referenced from method cqq.a
12-12 20:47:52.154 13841 13841 W dalvikvm: VFY: unable to resolve virtual method 1688: Landroid/content/Context;.isCredentialProtectedStorage ()Z
12-12 20:47:52.154 13841 13841 D dalvikvm: VFY: replacing opcode 0x6e at 0x0000
12-12 20:47:52.154 13841 13841 I dalvikvm: Could not find method android.os.UserManager.isUserUnlocked, referenced from method cqq.a
12-12 20:47:52.154 13841 13841 W dalvikvm: VFY: unable to resolve virtual method 2311: Landroid/os/UserManager;.isUserUnlocked ()Z
12-12 20:47:52.154 13841 13841 D dalvikvm: VFY: replacing opcode 0x6e at 0x001a
12-12 20:47:52.154 13841 13841 I dalvikvm: Could not find method android.content.Context.isDeviceProtectedStorage, referenced from method cqq.b
12-12 20:47:52.154 13841 13841 W dalvikvm: VFY: unable to resolve virtual method 1689: Landroid/content/Context;.isDeviceProtectedStorage ()Z
12-12 20:47:52.154 13841 13841 D dalvikvm: VFY: replacing opcode 0x6e at 0x0000
12-12 20:47:52.154 13841 13841 I dalvikvm: Could not find method android.content.Context.isDeviceProtectedStorage, referenced from method cqq.c
12-12 20:47:52.154 13841 13841 W dalvikvm: VFY: unable to resolve virtual method 1689: Landroid/content/Context;.isDeviceProtectedStorage ()Z
12-12 20:47:52.154 13841 13841 D dalvikvm: VFY: replacing opcode 0x6e at 0x0000
12-12 20:47:52.164 13841 13841 I MultiDex: VM with version 1.6.0 does not have multidex support
