12-12 12:49:37.103 10678 10678 D dalvikvm: dalvik-aux-structure mapped at 0x599cf000 with sizes 864 112 12 8
12-12 12:49:37.103 10678 10678 D dalvikvm: Good opt header, DEX offset is 64, flags=0x00
12-12 12:49:37.103 10678 10678 D dalvikvm: dalvik-aux-structure mapped at 0x599d1000 with sizes 144 424 416 84
12-12 12:49:37.103 10678 10678 D dalvikvm: Good opt header, DEX offset is 64, flags=0x00
12-12 12:49:37.103 10678 10678 D dalvikvm: dalvik-aux-structure mapped at 0x5a063000 with sizes 8 84 20 52
12-12 12:49:37.113 10678 10678 D dalvikvm: Good opt header, DEX offset is 64, flags=0x00
12-12 12:49:37.113 10678 10678 D dalvikvm: dalvik-aux-structure mapped at 0x5a064000 with sizes 2300 1284 1900 732
12-12 12:49:37.113 10678 10678 D dalvikvm: Good opt header, DEX offset is 64, flags=0x00
12-12 12:49:37.113 10678 10678 D dalvikvm: dalvik-aux-structure mapped at 0x5a068000 with sizes 3068 1548 4364 1460
12-12 12:49:37.113 10678 10678 D dalvikvm: Good opt header, DEX offset is 64, flags=0x00
12-12 12:49:37.113 10678 10678 D dalvikvm: dalvik-aux-structure mapped at 0x5a06c000 with sizes 2512 2028 2656 348
12-12 12:49:37.113 10678 10678 D dalvikvm: Good opt header, DEX offset is 64, flags=0x00
12-12 12:49:37.113 10678 10678 D dalvikvm: dalvik-aux-structure mapped at 0x5a06f000 with sizes 244 632 480 120
12-12 12:49:37.113 10678 10678 D dalvikvm: Good opt header, DEX offset is 64, flags=0x00
12-12 12:49:37.113 10678 10678 D dalvikvm: dalvik-aux-structure mapped at 0x5a072000 with sizes 44 16 4 16
12-12 12:49:37.113 10678 10678 D dalvikvm: Good opt header, DEX offset is 64, flags=0x00
12-12 12:49:37.113 10678 10678 D dalvikvm: dalvik-aux-structure mapped at 0x5a3c1000 with sizes 17456 5180 15016 5508
12-12 12:49:37.113 10678 10678 D dalvikvm: Good opt header, DEX offset is 64, flags=0x00
12-12 12:49:37.113 10678 10678 D dalvikvm: dalvik-aux-structure mapped at 0x5a158000 with sizes 17648 1196 1848 1084
12-12 12:49:37.113 10678 10678 D dalvikvm: Good opt header, DEX offset is 64, flags=0x00
12-12 12:49:37.113 10678 10678 D dalvikvm: dalvik-aux-structure mapped at 0x5a5f1000 with sizes 5448 6248 17376 5152
12-12 12:49:37.113 10678 10678 D dalvikvm: Good opt header, DEX offset is 64, flags=0x00
12-12 12:49:37.113 10678 10678 D dalvikvm: dalvik-aux-structure mapped at 0x5a15f000 with sizes 92 272 204 12
12-12 12:49:37.113 10678 10678 D dalvikvm: Good opt header, DEX offset is 64, flags=0x00
12-12 12:49:37.113 10678 10678 D dalvikvm: dalvik-aux-structure mapped at 0x5a603000 with sizes 368 52 8 52
12-12 12:49:37.113 10678 10678 D dalvikvm: Good opt header, DEX offset is 64, flags=0x00
12-12 12:49:37.113 10678 10678 D dalvikvm: dalvik-aux-structure mapped at 0x5a620000 with sizes 848 488 512 692
12-12 12:49:37.113 10678 10678 D dalvikvm: Good opt header, DEX offset is 64, flags=0x00
12-12 12:49:37.113 10678 10678 D dalvikvm: dalvik-aux-structure mapped at 0x5a623000 with sizes 20 36 20 8
12-12 12:49:37.113 10678 10678 D dalvikvm: Good opt header, DEX offset is 64, flags=0x00
12-12 12:49:37.113 10678 10678 D dalvikvm: dalvik-aux-structure mapped at 0x5a62c000 with sizes 360 232 320 68
12-12 12:49:37.113 10678 10678 D dalvikvm: Good opt header, DEX offset is 64, flags=0x00
12-12 12:49:37.113 10678 10678 D dalvikvm: dalvik-aux-structure mapped at 0x5a63c000 with sizes 864 272 320 208
12-12 12:49:37.123 10678 10678 D dalvikvm: Trying to load lib libjavacore.so 0x0
12-12 12:49:37.123 10678 10678 D dalvikvm: Added shared lib libjavacore.so 0x0
12-12 12:49:37.123 10678 10678 D dalvikvm: Trying to load lib libnativehelper.so 0x0
12-12 12:49:37.123 10678 10678 D dalvikvm: Added shared lib libnativehelper.so 0x0
12-12 12:49:37.123 10678 10678 D dalvikvm: No JNI_OnLoad found in libnativehelper.so 0x0, skipping init
12-12 12:49:37.133 10678 10678 D dalvikvm: Good opt header, DEX offset is 64, flags=0x00
12-12 12:49:37.133 10678 10678 D dalvikvm: dalvik-aux-structure mapped at 0x5b8a1000 with sizes 936 360 416 20
12-12 12:49:37.153 10678 10678 D dalvikvm: Note: class Landroid/app/ActivityManagerNative; has 179 unimplemented (abstract) methods
12-12 12:49:37.283 10678 10678 D AndroidRuntime: Calling main entry com.android.commands.pm.Pm
12-12 12:49:37.373 10678 10678 D AndroidRuntime: Shutting down VM
12-12 12:49:39.243   258   258 W libEGL  : EGLNativeWindowType 0xb7e98a48 disconnect failed
12-12 12:49:39.853  6244 10706 D Aatp    : /ping
12-12 12:49:40.023  6244 10707 D Aatp    : /wifi
12-12 12:49:40.113  6244 10707 D Aatp    : sha1: 27c34efa00768982a1173b0f2f957516c996b836
12-12 12:49:40.113  6244 10707 D AatpDeviceManager: k: enabled v: False
12-12 12:49:40.113  6244 10707 D AatpDeviceManager: k: NanoHttpd.QUERY_STRING v: enabled=False
12-12 12:49:40.123  6244 10707 D Aatp    : /task/27c34efa00768982a1173b0f2f957516c996b836
12-12 12:49:40.123  6244  6244 D AatpDeviceManager: taskStatus update (27c34efa00768982a1173b0f2f957516c996b836: {"state":1})
12-12 12:49:40.133  6244 10709 D AWSDeviceFarmAndroidLib: WifiLock: release
12-12 12:49:40.133  6244 10709 D AWSDeviceFarmAndroidLib: setWifiEnabled: setting wifi to: true
12-12 12:49:40.133  6244 10709 E WifiManager: Wifi enable=true called by com.amazon.aatp.aatpdevicemanager
12-12 12:49:40.133  6244 10709 D AWSDeviceFarmAndroidLib: setWifiEnabled: wifi is: true
12-12 12:49:40.133  6244 10709 E WifiManager: Wifi disconnect called by com.amazon.aatp.aatpdevicemanager
12-12 12:49:40.133   925  1425 I WifiService: [DISCONNECT REQUESTED] 
12-12 12:49:40.133   925  1596 D WifiService: setWifiEnabled: true pid=6244, uid=10000
12-12 12:49:40.243  6919  6919 I wpa_supplicant: wlan0: CTRL-EVENT-DISCONNECTED bssid=ca715ae38bc565cca reason=3 locally_generated=1
12-12 12:49:40.243  6919  6919 I wpa_supplicant: wlan0: CTRL-EVENT-STATE-CHANGE id=0 state=0 BSSID=ca715ae38bc565cca SSID=475fd97a23
12-12 12:49:40.243   925  6929 I WifiMonitor: [Supplicant event:DISCONNECTED]  DATA: [ xxxx]
12-12 12:49:40.243  7195  7198 D abtfilt : WirelessCustomEvent ifIndex=4, eventid=1003
12-12 12:49:40.243  7195  7198 D abtfilt : WMI DISCONNECT: 14
12-12 12:49:40.243  7195  7198 D abtfilt : abfDelConnection : ifId:4 status=0
12-12 12:49:40.243  7195  7198 D abtfilt : <---------Dumping 10 Bytes : AFH Channel Classification Map ------>
12-12 12:49:40.243  7195  7198 D abtfilt : [H]: FF FF FF FF FF FF FF FF FF 7F 
12-12 12:49:40.243  7195  7198 D abtfilt : <------------------------------------------------->
12-12 12:49:40.243  7195  7198 I abtfilt : Waiting for HCI CMD Complete Event, Opcode: 0x0C3F (2000 MS) 
12-12 12:49:40.253  7119  7165 E BTC_COMMON: btc_process_client_command 
12-12 12:49:40.253  7119  7158 D bt_hci_bdroid: signal_event :0x8
12-12 12:49:40.253  7119  7154 D bt_hci_bdroid: bt_hc_worker_thread events : 0x8
12-12 12:49:40.253  7119  7154 D bt_hci_bdroid: bt_hc_worker_thread recvd HC_EVENT_TX
12-12 12:49:40.253  7119  7154 D bt_h4   : hci_h4_send_msg  
12-12 12:49:40.253  7119  7154 D bt_h4   : hci_h4_set_lpm : state : 1, lpm_Ind : 0 
12-12 12:49:40.253  7119  7154 E bt_vendor: lpm mode: 0  action: 2
12-12 12:49:40.253  7119  7154 I bt_vendor: UPIO_BT_WAKE
12-12 12:49:40.273   925   961 D Tethering: InitialState.processMessage what=4
12-12 12:49:40.273   925   961 D Tethering: sendTetherStateChangedBroadcast 0, 0, 0
12-12 12:49:40.283   256   911 D CommandListener: Clearing all IP addresses on wlan0
12-12 12:49:40.293  7119  7154 I bt_vendor: BT_WAKE is set to asserted
12-12 12:49:40.293  7119  7154 I bt_vendor: proc btwrite assertion
12-12 12:49:40.293  7119  7154 D bt_h4   : lpm_start_timer  ,  timer_index : 0
12-12 12:49:40.293  7119  7154 D bt_h4   : lpm_state_machine.lpm_ack_lock :  Aquired
12-12 12:49:40.293  7119  7164 I bt_h4   : Command complete recvd for wake/sleep command
12-12 12:49:40.293  7119  7164 I bt_h4   : Stopped the timer: 0
12-12 12:49:40.293  7119  7164 I bt_h4   : Indicating Rx/Tx path to proceed with data transfer
12-12 12:49:40.293  7119  7164 D bt_hci_bdroid: signal_event :0x4
12-12 12:49:40.293  7119  7154 I bt_h4   : hci_h4_set_lpm: Received wake-ack from SOC: 1
12-12 12:49:40.293  7119  7154 I bt_h4   : Stopped the timer: 0
12-12 12:49:40.293  7119  7154 D bt_h4   : lpm_state_machine.lpm_ack_lock :  released
12-12 12:49:40.293  7119  7154 D bt_h4   : lpm_state_machine.lpm_state_lock :  released
12-12 12:49:40.293  7119  7154 D bt_hci_bdroid: bt_hc_worker_thread events : 0x4
12-12 12:49:40.293  7119  7154 D bt_h4   : hci_h4_receive_msg  
12-12 12:49:40.293  7119  7164 D bt_hci_bdroid: signal_event :0x4
12-12 12:49:40.293  7119  7154 D bt_hci_bdroid: bt_hc_worker_thread events : 0x4
12-12 12:49:40.293  7119  7154 D bt_h4   : hci_h4_receive_msg  
12-12 12:49:40.293  7195  7198 I abtfilt :  AFH Command successfully issued 
12-12 12:49:40.293  7119  7158 D bt_hci_bdroid: signal_event :0x80
12-12 12:49:40.293  7119  7158 D bt_hci_bdroid: signal_event :0x80
12-12 12:49:40.293  7119  7154 D bt_hci_bdroid: bt_hc_worker_thread events : 0x80
12-12 12:49:40.293  6244 10710 D Aatp    : /task/27c34efa00768982a1173b0f2f957516c996b836/status
12-12 12:49:40.293   925   994 I WifiStateMachine: [DHCP INFO UPDATED (LinkProperties cleared)]  DATA: [ xxxx]
12-12 12:49:40.303   925   992 D RadioPowerPolicy: Wifi disconnected
12-12 12:49:40.303   925   992 I RadioPowerPolicy: Enabling mobile radio only if user preference is enabled(enabled) and airplane mode state is off(off)
12-12 12:49:40.303   925   992 I RadioPowerPolicy: Attempting to turn on Mobile Radio
12-12 12:49:40.303   925   992 I RadioPowerPolicy: Attempt 1: Unable to turn on radio. Trying again in 1000 milliseconds.
12-12 12:49:40.303   925   955 W SharedAssetStorage: Launching com.amazon.securitysyncclient (32033) with AMZ_APP_GID
12-12 12:49:40.303   925   997 D ConnectivityService: ConnectivityChange for WIFI: DISCONNECTED/DISCONNECTED
12-12 12:49:40.303   925   997 D ConnectivityService: tryFailover: set mActiveDefaultNetwork=-1, prevNetType=1
12-12 12:49:40.303   925   997 D ConnectivityService: Attempting to switch to BLUETOOTH_TETHER
12-12 12:49:40.303   925   997 D ConnectivityService: Attempting to switch to ETHERNET
12-12 12:49:40.323   925   955 I ActivityManager: Start proc com.amazon.securitysyncclient for broadcast com.amazon.securitysyncclient/.CRLSetNetworkChangeReceiver: pid=10712 uid=32033 gids={72033, 3003, 9001}
12-12 12:49:40.323   925   997 D NetUtils: android_net_utils_resetConnections in env=0x6243e620 clazz=0x42500001 iface=wlan0 mask=0x3
12-12 12:49:40.323   925   997 D ConnectivityService: resetConnections(wlan0, 3)
12-12 12:49:40.343   925  1416 I WifiStateMachine: [SUPPLICANT PING STATUS : true] 
12-12 12:49:40.373   256   911 D CommandListener: Clearing all IP addresses on wlan0
12-12 12:49:40.373   925   994 I WifiStateMachine: [DHCP INFO UPDATED (LinkProperties cleared)]  DATA: [ xxxx]
12-12 12:49:40.383  6244 10709 E WifiManager: Wifi removeNetwork called by com.amazon.aatp.aatpdevicemanager
12-12 12:49:40.383   925  1425 I WifiService: [REMOVE NETWORK Net id:0] 
12-12 12:49:40.383   925   994 I WifiConfigStore: [CONFIGURED NETWORKS LIST CHANGED (NETWORK REMOVED) Remaining number of networks:0]  DATA: [ xxxx]
12-12 12:49:40.383   925  1388 I WifiService: [SAVE CONFIGURATION command sent] 
12-12 12:49:40.383  6244 10709 D AWSDeviceFarmAndroidLib: setWifiEnabled: setting wifi to: false
12-12 12:49:40.383  6244 10709 E WifiManager: Wifi enable=false called by com.amazon.aatp.aatpdevicemanager
12-12 12:49:40.393   925  1505 D WifiService: setWifiEnabled: false pid=6244, uid=10000
12-12 12:49:40.413   925   997 D Nat464Xlat: requiresClat: netType=1, hasIPv4Address=false
12-12 12:49:40.423   925  1004 W SharedAssetStorage: Launching com.amazon.kindleautomatictimezone (32081) with AMZ_APP_GID
12-12 12:49:40.423   925  1016 I SmartSuspendNetworkModule: WifiSettingsObserver: OnChange() self=false
12-12 12:49:40.423   925  1016 I SmartSuspendNetworkModule: handleWifiSettingsChanged()
12-12 12:49:40.423   925  1016 I SmartSuspendNetworkModule: getWifiToggleState = 0
12-12 12:49:40.423   925  1016 I SmartSuspendNetworkModule: getWifiToggleState = 0
12-12 12:49:40.423   925  1016 I SmartSuspendNetworkModule: storeOriginalWifiToggleStateLocked() state=0
12-12 12:49:40.433   925   994 E WifiStateMachine: Unexpected BatchedScanResults :null
12-12 12:49:40.433   925   993 I WifiMonitor: [Disconnected from supplicant] 
12-12 12:49:40.433   256   911 D CommandListener: Clearing all IP addresses on wlan0
12-12 12:49:40.433   925  1004 I ActivityManager: Start proc com.amazon.kindleautomatictimezone for broadcast com.amazon.kindleautomatictimezone/.WifiStateChangeBroadcastReciever: pid=10743 uid=32081 gids={72081, 3003, 9001}
12-12 12:49:40.433   925  1004 I ActivityManager: Killing 7337:com.audible.application.kindle/u0a22103 (adj 12): empty #17
12-12 12:49:40.443   925   994 I WifiStateMachine: [DHCP INFO UPDATED (LinkProperties cleared)]  DATA: [ xxxx]
12-12 12:49:40.443   925   994 I WifiStateMachine: [WIFI STATE CHANGED]  DATA: [ New State:disabling]
12-12 12:49:40.493   925  1389 W SharedAssetStorage: Launching com.amazon.devicecontrol (1000) with AMZ_APP_GID
12-12 12:49:40.493  7195  7198 D abtfilt : WirelessCustomEvent ifIndex=118, eventid=4800
12-12 12:49:40.493  6919  6919 I wpa_supplicant: wlan0: CTRL-EVENT-TERMINATING 
12-12 12:49:40.493   925  6929 I WifiMonitor: [Supplicant event:TERMINATING]  DATA: [ xxxx]
12-12 12:49:40.493   925  6929 I WifiMonitor: [Disconnected from supplicant] 
12-12 12:49:40.503   925  1389 I ActivityManager: Start proc com.amazon.devicecontrol for broadcast com.amazon.devicecontrol/com.amazon.robocop.rules.wifi.WifiStateChangeReceiver: pid=10761 uid=1000 gids={41000, 1028, 1015, 3002, 3001, 3003, 2001, 1021, 3004, 3005, 1000, 3009, 1023, 1010, 9001}
12-12 12:49:40.503   925  1389 I ActivityManager: Killing 7433:com.qualcomm.timeservice/1000 (adj 12): empty #17
12-12 12:49:40.533 10761 10761 D dalvikvm: Good opt header, DEX offset is 64, flags=0x00
12-12 12:49:40.533 10761 10761 D dalvikvm: dalvik-aux-structure mapped at 0x603f5000 with sizes 16 716 216 108
12-12 12:49:40.533 10761 10761 D dalvikvm: Good opt header, DEX offset is 64, flags=0x00
12-12 12:49:40.533 10761 10761 D dalvikvm: dalvik-aux-structure mapped at 0x603f6000 with sizes 1808 1032 1236 300
12-12 12:49:40.533 10761 10761 D dalvikvm: Good opt header, DEX offset is 64, flags=0x00
12-12 12:49:40.533 10761 10761 D dalvikvm: dalvik-aux-structure mapped at 0x60402000 with sizes 752 564 744 248
12-12 12:49:40.533 10761 10761 D ProfileManager: Create ProfileManager instance
12-12 12:49:40.533 10761 10761 W ResourceType: No package identifier when getting value for resource number 0x00000000
12-12 12:49:40.533 10761 10761 I Dispatch: No dispatch information file found
12-12 12:49:40.543 10761 10775 I Enterprise.RuleHandlerService: onReceive
12-12 12:49:40.543 10761 10761 W ContextImpl: Calling a method in the system process without a qualified user: android.app.ContextImpl.startService:1818 android.content.ContextWrapper.startService:529 android.content.ContextWrapper.startService:529 com.amazon.robocop.rules.wifi.WifiStateChangeReceiver.onReceive:34 android.app.ActivityThread.handleReceiver:2512 
12-12 12:49:40.553 10761 10775 I Enterprise.RuleHandlerService: onReceive
12-12 12:49:40.553 10761 10761 W ContextImpl: Calling a method in the system process without a qualified user: android.app.ContextImpl.startService:1818 android.content.ContextWrapper.startService:529 android.content.ContextWrapper.startService:529 com.amazon.robocop.rules.wifi.WifiStateChangeReceiver.onReceive:34 android.app.ActivityThread.handleReceiver:2512 
12-12 12:49:40.583 10761 10776 I Enterprise.RuleHandlerService: onReceive
12-12 12:49:40.583 10761 10761 W ContextImpl: Calling a method in the system process without a qualified user: android.app.ContextImpl.startService:1818 android.content.ContextWrapper.startService:529 android.content.ContextWrapper.startService:529 com.amazon.robocop.rules.wifi.WifiStateChangeReceiver.onReceive:34 android.app.ActivityThread.handleReceiver:2512 
12-12 12:49:40.583   925  1505 I ActivityManager: Killing 7377:com.android.calendar/u0a22099 (adj 12): empty #17
12-12 12:49:40.603   925   994 I WifiStateMachine: [WIFI STATE CHANGED]  DATA: [ New State:disabled]
12-12 12:49:40.823  7195  7198 I abtfilt : BT Filter Core : WLAN removed 
12-12 12:49:40.823  7195  7198 I abtfilt : WLAN Adapter Removed
12-12 12:49:40.823   256   906 W Netd    : No subsystem found in netlink event
12-12 12:49:40.823   256   906 D NetlinkEvent: Unexpected netlink message. type=0x11
12-12 12:49:40.843  7195  7198 D abtfilt : WLAN Adapter Interface: p2p0, Len: 5
12-12 12:49:40.853   256   906 W Netd    : No subsystem found in netlink event
12-12 12:49:40.853   256   906 D NetlinkEvent: Unexpected netlink message. type=0x11
12-12 12:49:41.303  7119  7168 D bt_hci_bdroid: signal_event :0x100
12-12 12:49:41.303  7119  7154 D bt_hci_bdroid: bt_hc_worker_thread events : 0x100
12-12 12:49:41.303  7119  7154 I bt_hci_bdroid: ro.qualcomm.bt.hci_transport not set, so using default.
12-12 12:49:41.303  7119  7154 D bt_h4   : hci_h4_set_lpm : state : 0, lpm_Ind : 1 
12-12 12:49:41.303  7119  7154 D bt_h4   : lpm_start_timer  ,  timer_index : 1
12-12 12:49:41.303  7119  7154 D bt_h4   : lpm_state_machine.lpm_ack_lock :  Aquired
12-12 12:49:41.303  7119  7164 I bt_h4   : Command complete recvd for wake/sleep command
12-12 12:49:41.303  7119  7164 I bt_h4   : Stopped the timer: 1
12-12 12:49:41.303  7119  7164 I bt_h4   : Indicating Rx/Tx path to proceed with data transfer
12-12 12:49:41.303  7119  7164 D bt_hci_bdroid: signal_event :0x4
12-12 12:49:41.303  7119  7154 I bt_h4   : hci_h4_set_lpm: Received wake-ack from SOC : 1
12-12 12:49:41.303  7119  7154 I bt_h4   : Stopped the timer: 1
12-12 12:49:41.303  7119  7154 E bt_vendor: lpm mode: 0  action: 1
12-12 12:49:41.303  7119  7154 I bt_vendor: UPIO_BT_WAKE
12-12 12:49:41.303  7119  7154 I bt_vendor: BT_WAKE is set to de-asserted
12-12 12:49:41.303  7119  7154 I bt_vendor: proc btwrite assertion
12-12 12:49:41.303  7119  7154 D bt_h4   : lpm_state_machine.lpm_ack_lock :  released
12-12 12:49:41.303  7119  7154 D bt_h4   : lpm_state_machine.lpm_state_lock :  released
12-12 12:49:41.303  7119  7154 D bt_hci_bdroid: bt_hc_worker_thread events : 0x4
12-12 12:49:41.303  7119  7154 D bt_h4   : hci_h4_receive_msg  
12-12 12:49:41.303  7119  7158 D bt_hci_bdroid: signal_event :0x80
12-12 12:49:41.303  7119  7158 D bt_hci_bdroid: signal_event :0x80
12-12 12:49:41.303  7119  7154 D bt_hci_bdroid: bt_hc_worker_thread events : 0x80
12-12 12:49:41.303   925   992 I RadioPowerPolicy: Attempt 2: Unable to turn on radio. Trying again in 1000 milliseconds.
12-12 12:49:41.373  6244 10786 D Aatp    : /task/27c34efa00768982a1173b0f2f957516c996b836/status
12-12 12:49:41.433  6244 10709 D AWSDeviceFarmAndroidLib: setWifiEnabled: wifi is: false
12-12 12:49:41.433  6244  6244 D AatpDeviceManager: taskStatus update (27c34efa00768982a1173b0f2f957516c996b836: {"result":"Wifi enabled: false","state":2})
12-12 12:49:42.303  7119  7154 D bt_hci_bdroid: bt_hc_worker_thread events : 0x100
12-12 12:49:42.303  7119  7154 I bt_hci_bdroid: ro.qualcomm.bt.hci_transport not set, so using default.
12-12 12:49:42.303  7119  7154 D bt_h4   : hci_h4_set_lpm : state : 1, lpm_Ind : 1 
12-12 12:49:42.303  7119  7154 D bt_h4   : hci_h4_set_lpm : ** SAME **Current state and the Requested states are same   
12-12 12:49:42.303   925   992 I RadioPowerPolicy: Attempt 3: Unable to turn on radio. Trying again in 1000 milliseconds.
12-12 12:49:42.303  7119  7168 D bt_hci_bdroid: signal_event :0x100
12-12 12:49:42.403  6244 10787 D Aatp    : /task/27c34efa00768982a1173b0f2f957516c996b836/status
12-12 12:49:42.563  6244 10788 D Aatp    : /bluetooth
12-12 12:49:42.613  6244 10788 D Aatp    : sha1: 41ecfb980e36f091b86aa098afc5cbd88b8c80ba
12-12 12:49:42.613  6244 10788 D AatpDeviceManager: k: enabled v: False
12-12 12:49:42.613  6244 10788 D AatpDeviceManager: k: NanoHttpd.QUERY_STRING v: enabled=False
12-12 12:49:42.623  6244 10788 D Aatp    : /task/41ecfb980e36f091b86aa098afc5cbd88b8c80ba
12-12 12:49:42.633  6244  6244 D AatpDeviceManager: taskStatus update (41ecfb980e36f091b86aa098afc5cbd88b8c80ba: {"state":1})
12-12 12:49:42.633  6244 10789 D AWSDeviceFarmAndroidLib: setEnabled: enabled: false
12-12 12:49:42.633  6244 10789 D AWSDeviceFarmAndroidLib: setEnabled: setting bluetooth to: false
12-12 12:49:42.633   925  1420 D BluetoothManagerService: disable()
12-12 12:49:42.633   925  1420 D BluetoothManagerService: checkIfCallerIsForegroundUser: valid=true callingUser=0 foregroundUser=0
12-12 12:49:42.633   925  1420 D BluetoothManagerService: enterpriseAwareDisable(): mBluetooth = android.bluetooth.IBluetooth$Stub$Proxy@42cf6700 mBinding = false
12-12 12:49:42.643   925   961 D BluetoothManagerService: Message: 2
12-12 12:49:42.653  7119  7129 D BluetoothAdapterService(1109556376): getState(): mAdapterProperties: com.android.bluetooth.btservice.AdapterProperties@42229d78
12-12 12:49:42.653   925   961 D BluetoothManagerService: Sending off request.
12-12 12:49:42.653  7119  7148 D BluetoothAdapterService(1109556376): disable() called...
12-12 12:49:42.653  7119  7133 D BluetoothAdapterState: CURRENT_STATE=ON, MESSAGE = USER_TURN_OFF
12-12 12:49:42.653  7119  7133 D BluetoothAdapterProperties: Setting state to 13
12-12 12:49:42.653  7119  7133 I BluetoothAdapterState: Bluetooth adapter state changed: 12-> 13
12-12 12:49:42.653  7119  7133 D BluetoothAdapterService: Broadcasting updateAdapterState() to 1 receivers.
12-12 12:49:42.653  7119  7133 D BluetoothAdapterProperties: onBluetoothDisable()
12-12 12:49:42.653  7119  7158 D bt_hci_bdroid: signal_event :0x8
12-12 12:49:42.653  7119  7154 D bt_hci_bdroid: bt_hc_worker_thread events : 0x8
12-12 12:49:42.653  7119  7154 D bt_hci_bdroid: bt_hc_worker_thread recvd HC_EVENT_TX
12-12 12:49:42.653  7119  7154 D bt_h4   : hci_h4_send_msg  
12-12 12:49:42.653  7119  7154 D bt_h4   : hci_h4_set_lpm : state : 1, lpm_Ind : 0 
12-12 12:49:42.653  7119  7154 E bt_vendor: lpm mode: 0  action: 2
12-12 12:49:42.653  7119  7154 I bt_vendor: UPIO_BT_WAKE
12-12 12:49:42.653  7119  7135 I BluetoothAdapterProperties: adapterPropertyChangedCallback with type:7 len:4
12-12 12:49:42.663  7119  7135 D BluetoothAdapterProperties: Scan Mode:20
12-12 12:49:42.663  7119  7133 I BluetoothAdapterState: Entering PendingCommandState State: isTurningOn()=false, isTurningOff()=true
12-12 12:49:42.663  7119  7133 D BluetoothAdapterState: CURRENT_STATE=PENDING, MESSAGE = BEGIN_DISABLE, isTurningOn=false, isTurningOff=true
12-12 12:49:42.663  7119  7130 D BluetoothAdapterService(1109556376): getState(): mAdapterProperties: com.android.bluetooth.btservice.AdapterProperties@42229d78
12-12 12:49:42.663   925   961 D BluetoothManagerService: Message: 60
12-12 12:49:42.663  7119  7158 W bt-btif : bta_dm_disable BTA_DISABLE_DELAY set to 200 ms
12-12 12:49:42.663  7119  7158 D bt-btif : AV Sevent(0x41)=0x120a(API_CLOSE) state=0(INIT)
12-12 12:49:42.663  7119  7158 W bt-l2cap: L2CAP - L2CA_Deregister() called for PSM: 0x0019
12-12 12:49:42.663  7119  7158 W bt-l2cap: L2CAP - L2CA_Deregister() called for PSM: 0x0017
12-12 12:49:42.663  7119  7158 W bt-l2cap: L2CAP - L2CA_Deregister() called for PSM: 0x0019
12-12 12:49:42.663  7119  7158 W bt-l2cap: L2CAP - PSM: 0x0019 not found for deregistration
12-12 12:49:42.663  7119  7158 W bt-l2cap: L2CAP - L2CA_Deregister() called for PSM: 0x0017
12-12 12:49:42.663  7119  7158 W bt-l2cap: L2CAP - PSM: 0x0017 not found for deregistration
12-12 12:49:42.663  7119  7158 W bt-l2cap: L2CAP - L2CA_Deregister() called for PSM: 0x0011
12-12 12:49:42.663  7119  7158 W bt-l2cap: L2CAP - L2CA_Deregister() called for PSM: 0x0013
12-12 12:49:42.673  7119  7158 E bt-btif : bta_gattc_deregister Deregister Failedm unknown client cif
12-12 12:49:42.673  7119  7133 D btif_config_util: btif_config_save_file(L188): in file name:/data/misc/bluedroid/bt_config.new
12-12 12:49:42.673   925   961 D BluetoothManagerService: MESSAGE_BLUETOOTH_STATE_CHANGE: prevState = 12, newState=13
12-12 12:49:42.673   925   961 D BluetoothManagerService: Bluetooth State Change Intent: 12 -> 13
12-12 12:49:42.673   925   955 W SharedAssetStorage: Launching com.android.settings (1000) with AMZ_APP_GID
12-12 12:49:42.673   925   955 W BroadcastQueue: Permission Denial: receiving Intent { act=android.bluetooth.adapter.action.STATE_CHANGED flg=0x14000010 (has extras) } to ProcessRecord{42a692f0 2797:com.amazon.whisperplay.cds:cds_services/u0a22006} (pid=2797, uid=32006) requires android.permission.BLUETOOTH due to sender android (uid 1000)
12-12 12:49:42.673  6244 10789 D AWSDeviceFarmAndroidLib: setEnabled: bt is: false
12-12 12:49:42.683  6244  6244 D AatpDeviceManager: taskStatus update (41ecfb980e36f091b86aa098afc5cbd88b8c80ba: {"result":"Bluetooth enabled: false","state":2})
12-12 12:49:42.683   925   955 I ActivityManager: Start proc com.android.settings for broadcast com.android.settings/.bluetooth.DockEventReceiver: pid=10791 uid=1000 gids={41000, 1028, 1015, 3002, 3001, 3003, 2001, 1021, 3004, 3005, 1000, 3009, 1023, 1010, 9001}
12-12 12:49:42.693  7119  7154 I bt_vendor: BT_WAKE is set to asserted
12-12 12:49:42.693  7119  7154 I bt_vendor: proc btwrite assertion
12-12 12:49:42.693  7119  7154 D bt_h4   : lpm_start_timer  ,  timer_index : 0
12-12 12:49:42.693  7119  7154 D bt_h4   : lpm_state_machine.lpm_ack_lock :  Aquired
12-12 12:49:42.693  7119  7164 I bt_h4   : Command complete recvd for wake/sleep command
12-12 12:49:42.693  7119  7164 I bt_h4   : Stopped the timer: 0
12-12 12:49:42.693  7119  7164 I bt_h4   : Indicating Rx/Tx path to proceed with data transfer
12-12 12:49:42.693  7119  7164 D bt_hci_bdroid: signal_event :0x4
12-12 12:49:42.693  7119  7154 I bt_h4   : hci_h4_set_lpm: Received wake-ack from SOC: 1
12-12 12:49:42.693  7119  7154 I bt_h4   : Stopped the timer: 0
12-12 12:49:42.693  7119  7154 D bt_h4   : lpm_state_machine.lpm_ack_lock :  released
12-12 12:49:42.693  7119  7154 D bt_h4   : lpm_state_machine.lpm_state_lock :  released
12-12 12:49:42.693  7119  7154 D bt_hci_bdroid: bt_hc_worker_thread events : 0x4
12-12 12:49:42.693  7119  7154 D bt_h4   : hci_h4_receive_msg  
12-12 12:49:42.693  7119  7158 D bt_hci_bdroid: signal_event :0x8
12-12 12:49:42.693  7119  7154 D bt_hci_bdroid: bt_hc_worker_thread events : 0x8
12-12 12:49:42.693  7119  7154 D bt_hci_bdroid: bt_hc_worker_thread recvd HC_EVENT_TX
12-12 12:49:42.693  7119  7154 D bt_h4   : hci_h4_send_msg  
12-12 12:49:42.693  7119  7154 D bt_h4   : hci_h4_set_lpm : state : 0, lpm_Ind : 0 
12-12 12:49:42.693  7119  7154 D bt_h4   : hci_h4_set_lpm : ** SAME **Current state and the Requested states are same   
12-12 12:49:42.693  7119  7164 D bt_hci_bdroid: signal_event :0x4
12-12 12:49:42.693  7119  7154 D bt_hci_bdroid: bt_hc_worker_thread events : 0x4
12-12 12:49:42.693  7119  7154 D bt_h4   : hci_h4_receive_msg  
12-12 12:49:42.693  7119  7158 D bt_hci_bdroid: signal_event :0x8
12-12 12:49:42.693  7119  7154 D bt_hci_bdroid: bt_hc_worker_thread events : 0x8
12-12 12:49:42.693  7119  7154 D bt_hci_bdroid: bt_hc_worker_thread recvd HC_EVENT_TX
12-12 12:49:42.693  7119  7154 D bt_h4   : hci_h4_send_msg  
12-12 12:49:42.693  7119  7164 D bt_hci_bdroid: signal_event :0x4
12-12 12:49:42.693  7119  7154 D bt_h4   : hci_h4_set_lpm : state : 0, lpm_Ind : 0 
12-12 12:49:42.693  7119  7154 D bt_h4   : hci_h4_set_lpm : ** SAME **Current state and the Requested states are same   
12-12 12:49:42.693  7119  7154 D bt_hci_bdroid: bt_hc_worker_thread events : 0x4
12-12 12:49:42.693  7119  7154 D bt_h4   : hci_h4_receive_msg  
12-12 12:49:42.693  7119  7158 D bt_hci_bdroid: signal_event :0x8
12-12 12:49:42.693  7119  7154 D bt_hci_bdroid: bt_hc_worker_thread events : 0x8
12-12 12:49:42.693  7119  7154 D bt_hci_bdroid: bt_hc_worker_thread recvd HC_EVENT_TX
12-12 12:49:42.693  7119  7154 D bt_h4   : hci_h4_send_msg  
12-12 12:49:42.693  7119  7154 D bt_h4   : hci_h4_set_lpm : state : 0, lpm_Ind : 0 
12-12 12:49:42.693  7119  7154 D bt_h4   : hci_h4_set_lpm : ** SAME **Current state and the Requested states are same   
12-12 12:49:42.693  7119  7164 D bt_hci_bdroid: signal_event :0x4
12-12 12:49:42.693  7119  7154 D bt_hci_bdroid: bt_hc_worker_thread events : 0x4
12-12 12:49:42.693  7119  7154 D bt_h4   : hci_h4_receive_msg  
12-12 12:49:42.693  7119  7158 D bt_hci_bdroid: signal_event :0x8
12-12 12:49:42.693  7119  7154 D bt_hci_bdroid: bt_hc_worker_thread events : 0x8
12-12 12:49:42.693  7119  7154 D bt_hci_bdroid: bt_hc_worker_thread recvd HC_EVENT_TX
12-12 12:49:42.693  7119  7154 D bt_h4   : hci_h4_send_msg  
12-12 12:49:42.693  7119  7154 D bt_h4   : hci_h4_set_lpm : state : 0, lpm_Ind : 0 
12-12 12:49:42.693  7119  7164 D bt_hci_bdroid: signal_event :0x4
12-12 12:49:42.693  7119  7154 D bt_h4   : hci_h4_set_lpm : ** SAME **Current state and the Requested states are same   
12-12 12:49:42.693  7119  7154 D bt_hci_bdroid: bt_hc_worker_thread events : 0x4
12-12 12:49:42.693  7119  7154 D bt_h4   : hci_h4_receive_msg  
12-12 12:49:42.693  7119  7158 D bt_hci_bdroid: signal_event :0x8
12-12 12:49:42.693  7119  7154 D bt_hci_bdroid: bt_hc_worker_thread events : 0x8
12-12 12:49:42.693  7119  7154 D bt_hci_bdroid: bt_hc_worker_thread recvd HC_EVENT_TX
12-12 12:49:42.693  7119  7154 D bt_h4   : hci_h4_send_msg  
12-12 12:49:42.693  7119  7164 D bt_hci_bdroid: signal_event :0x4
12-12 12:49:42.693  7119  7154 D bt_h4   : hci_h4_set_lpm : state : 0, lpm_Ind : 0 
12-12 12:49:42.693  7119  7154 D bt_h4   : hci_h4_set_lpm : ** SAME **Current state and the Requested states are same   
12-12 12:49:42.693  7119  7154 D bt_hci_bdroid: bt_hc_worker_thread events : 0x4
12-12 12:49:42.693  7119  7154 D bt_h4   : hci_h4_receive_msg  
12-12 12:49:42.693  7119  7158 D bt_hci_bdroid: signal_event :0x8
12-12 12:49:42.693  7119  7154 D bt_hci_bdroid: bt_hc_worker_thread events : 0x8
12-12 12:49:42.693  7119  7154 D bt_hci_bdroid: bt_hc_worker_thread recvd HC_EVENT_TX
12-12 12:49:42.693  7119  7154 D bt_h4   : hci_h4_send_msg  
12-12 12:49:42.693  7119  7154 D bt_h4   : hci_h4_set_lpm : state : 0, lpm_Ind : 0 
12-12 12:49:42.693  7119  7154 D bt_h4   : hci_h4_set_lpm : ** SAME **Current state and the Requested states are same   
12-12 12:49:42.693  7119  7164 D bt_hci_bdroid: signal_event :0x4
12-12 12:49:42.693  7119  7154 D bt_hci_bdroid: bt_hc_worker_thread events : 0x4
12-12 12:49:42.693  7119  7154 D bt_h4   : hci_h4_receive_msg  
12-12 12:49:42.693  7119  7158 D bt_hci_bdroid: signal_event :0x8
12-12 12:49:42.693  7119  7154 D bt_hci_bdroid: bt_hc_worker_thread events : 0x8
12-12 12:49:42.693  7119  7154 D bt_hci_bdroid: bt_hc_worker_thread recvd HC_EVENT_TX
12-12 12:49:42.693  7119  7154 D bt_h4   : hci_h4_send_msg  
12-12 12:49:42.693  7119  7154 D bt_h4   : hci_h4_set_lpm : state : 0, lpm_Ind : 0 
12-12 12:49:42.693  7119  7154 D bt_h4   : hci_h4_set_lpm : ** SAME **Current state and the Requested states are same   
12-12 12:49:42.693  7119  7164 D bt_hci_bdroid: signal_event :0x4
12-12 12:49:42.693  7119  7154 D bt_hci_bdroid: bt_hc_worker_thread events : 0x4
12-12 12:49:42.693  7119  7154 D bt_h4   : hci_h4_receive_msg  
12-12 12:49:42.693  7119  7164 D bt_hci_bdroid: signal_event :0x4
12-12 12:49:42.693  7119  7154 D bt_hci_bdroid: bt_hc_worker_thread events : 0x4
12-12 12:49:42.693  7119  7154 D bt_h4   : hci_h4_receive_msg  
12-12 12:49:42.693  7119  7158 D bt_hci_bdroid: signal_event :0x80
12-12 12:49:42.693  7119  7158 D bt_hci_bdroid: signal_event :0x80
12-12 12:49:42.693  7119  7154 D bt_hci_bdroid: bt_hc_worker_thread events : 0x80
12-12 12:49:42.693  7119  7130 D BluetoothAdapterService(1109556376): getState(): mAdapterProperties: com.android.bluetooth.btservice.AdapterProperties@42229d78
12-12 12:49:42.733 10791 10791 W dalvikvm: Refusing to reopen boot DEX '/system/framework/eaclibrary.jar'
12-12 12:49:42.733 10791 10791 D dalvikvm: Good opt header, DEX offset is 64, flags=0x00
12-12 12:49:42.733 10791 10791 D dalvikvm: dalvik-aux-structure mapped at 0x60d6a000 with sizes 1992 2188 3416 1324
12-12 12:49:42.733 10791 10791 D dalvikvm: Good opt header, DEX offset is 64, flags=0x00
12-12 12:49:42.733 10791 10791 D dalvikvm: dalvik-aux-structure mapped at 0x60d6e000 with sizes 13436 5304 11424 3896
12-12 12:49:42.733 10791 10791 D dalvikvm: Good opt header, DEX offset is 64, flags=0x00
12-12 12:49:42.733 10791 10791 D dalvikvm: dalvik-aux-structure mapped at 0x615ef000 with sizes 40520 26084 53968 12536
12-12 12:49:42.733 10791 10791 D dalvikvm: Good opt header, DEX offset is 64, flags=0x00
12-12 12:49:42.733 10791 10791 D dalvikvm: dalvik-aux-structure mapped at 0x60d79000 with sizes 696 840 960 188
12-12 12:49:42.733 10791 10791 D dalvikvm: Good opt header, DEX offset is 64, flags=0x00
12-12 12:49:42.733 10791 10791 D dalvikvm: dalvik-aux-structure mapped at 0x60f12000 with sizes 1452 716 1504 908
12-12 12:49:42.733 10791 10791 D dalvikvm: Good opt header, DEX offset is 64, flags=0x00
12-12 12:49:42.733 10791 10791 D dalvikvm: dalvik-aux-structure mapped at 0x60f15000 with sizes 752 564 744 248
12-12 12:49:42.733 10791 10791 D dalvikvm: Good opt header, DEX offset is 64, flags=0x00
12-12 12:49:42.733 10791 10791 D dalvikvm: dalvik-aux-structure mapped at 0x60f17000 with sizes 164 364 528 88
12-12 12:49:42.743 10791 10791 D ProfileManager: Create ProfileManager instance
12-12 12:49:42.743 10791 10791 W ActivityThread: ClassLoader.loadClass: The class loader returned by Thread.getContextClassLoader() may fail for processes that host multiple applications. You should explicitly specify a context class loader. For example: Thread.setContextClassLoader(getClass().getClassLoader());
12-12 12:49:42.753 10791 10791 W ResourceType: No package identifier when getting value for resource number 0x00000000
12-12 12:49:42.753 10791 10791 I Dispatch: No dispatch information file found
12-12 12:49:42.773   925   961 D BluetoothManagerService: Message: 20
12-12 12:49:42.773   925   961 D BluetoothManagerService: Added callback: android.bluetooth.IBluetoothManagerCallback$Stub$Proxy@42e154a8:true
12-12 12:49:42.773  7119  7148 D BluetoothAdapterService(1109556376): getState(): mAdapterProperties: com.android.bluetooth.btservice.AdapterProperties@42229d78
12-12 12:49:42.773 10791 10791 W ContextImpl: Calling a method in the system process without a qualified user: android.app.ContextImpl.startService:1818 android.content.ContextWrapper.startService:529 android.content.ContextWrapper.startService:529 com.android.settings.bluetooth.DockEventReceiver.beginStartingService:134 com.android.settings.bluetooth.DockEventReceiver.onReceive:115 
12-12 12:49:42.783   925   961 D BluetoothManagerService: Message: 30
12-12 12:49:42.783   925   961 D BluetoothManagerService: Message: 30
12-12 12:49:42.783 10791 10791 E BluetoothPan: Could not bind to Bluetooth Pan Service with Intent { act=android.bluetooth.IBluetoothPan }
12-12 12:49:42.783 10791 10791 D LocalBluetoothProfileManager: Adding local MAP profile
12-12 12:49:42.783 10791 10791 D BluetoothMap: Create BluetoothMap proxy object
12-12 12:49:42.783   925   961 D BluetoothManagerService: Message: 30
12-12 12:49:42.783 10791 10791 E BluetoothMap: Could not bind to Bluetooth MAP Service with Intent { act=android.bluetooth.IBluetoothMap }
12-12 12:49:42.783   925   961 D BluetoothManagerService: Message: 30
12-12 12:49:42.783 10791 10791 E BluetoothPbap: Could not bind to Bluetooth Pbap Service with Intent { act=android.bluetooth.IBluetoothPbap }
12-12 12:49:42.783 10791 10791 D LocalBluetoothProfileManager: LocalBluetoothProfileManager construction complete
12-12 12:49:42.783 10791 10791 W ContextImpl: Calling a method in the system process without a qualified user: android.app.ContextImpl.bindService:1882 android.content.ContextWrapper.bindService:552 android.bluetooth.BluetoothInputDevice.doBind:308 android.bluetooth.BluetoothInputDevice.<init>:301 android.bluetooth.BluetoothAdapter.getProfileProxy:1424 
12-12 12:49:42.793 10791 10791 D DockEventReceiver: finishStartingService: stopping service
12-12 12:49:42.793 10791 10791 D BluetoothInputDevice: Proxy object connected
12-12 12:49:42.793 10791 10791 D HidProfile: Bluetooth service connected
12-12 12:49:42.793  7119  7130 D BluetoothAdapterService(1109556376): getState(): mAdapterProperties: com.android.bluetooth.btservice.AdapterProperties@42229d78
12-12 12:49:42.803   925  1505 I ActivityManager: Killing 7406:com.android.providers.calendar/u0a22102 (adj 12): empty #17
12-12 12:49:42.833  6244 10816 D Aatp    : /task/41ecfb980e36f091b86aa098afc5cbd88b8c80ba/status
12-12 12:49:42.863  7119  7135 D bt_hci_bdroid: signal_event :0x20
12-12 12:49:42.863  7119  7158 W bt-l2cap: L2CAP - L2CA_Deregister() called for PSM: 0x0019
12-12 12:49:42.863  7119  7158 W bt-l2cap: L2CAP - PSM: 0x0019 not found for deregistration
12-12 12:49:42.863  7119  7158 W bt-l2cap: L2CAP - L2CA_Deregister() called for PSM: 0x0017
12-12 12:49:42.863  7119  7135 D bt_hci_bdroid: cleanup
12-12 12:49:42.863  7119  7135 D bt_hci_bdroid: signal_event :0x400
12-12 12:49:42.863  7119  7154 D bt_hci_bdroid: bt_hc_worker_thread events : 0x420
12-12 12:49:42.863  7119  7158 W bt-l2cap: L2CAP - PSM: 0x0017 not found for deregistration
12-12 12:49:42.863  7119  7154 E bt_vendor: lpm mode: 2  action: 1
12-12 12:49:42.863  7119  7154 I bt_vendor: UPIO_LPM_MODE
12-12 12:49:42.863  7119  7158 W bt-l2cap: L2CAP - L2CA_Deregister() called for PSM: 0x0019
12-12 12:49:42.863  7119  7158 W bt-l2cap: L2CAP - PSM: 0x0019 not found for deregistration
12-12 12:49:42.863  7119  7158 W bt-l2cap: L2CAP - L2CA_Deregister() called for PSM: 0x0017
12-12 12:49:42.863  7119  7158 W bt-l2cap: L2CAP - PSM: 0x0017 not found for deregistration
12-12 12:49:42.863  7119  7158 W bt-l2cap: L2CAP - L2CA_Deregister() called for PSM: 0x0019
12-12 12:49:42.863  7119  7158 W bt-l2cap: L2CAP - PSM: 0x0019 not found for deregistration
12-12 12:49:42.863  7119  7158 W bt-l2cap: L2CAP - L2CA_Deregister() called for PSM: 0x0017
12-12 12:49:42.863  7119  7158 W bt-l2cap: L2CAP - PSM: 0x0017 not found for deregistration
12-12 12:49:42.863  7119  7158 E bt-btif : bta_gattc_deregister Deregister Failedm unknown client cif
12-12 12:49:42.863  7119  7154 E bt_vendor: LPM is set to disabled
12-12 12:49:42.863  7119  7154 E bt_hci_bdroid: bt_hc_worker_thread HC_EVENT_EPILOG
12-12 12:49:42.863  7119  7154 D bt_hci_bdroid: signal_event :0x200
12-12 12:49:42.863  7119  7154 D bt_hci_bdroid: bt_hc_worker_thread events : 0x200
12-12 12:49:42.863  7119  7154 I bt_hci_bdroid: bt_hc_worker_thread exiting
12-12 12:49:42.863  7119  7166 I bt_h4   : Received message payload: hostisdown, ret: 44
12-12 12:49:42.863  7119  7166 I bt_h4   : 
12-12 12:49:42.863  7119  7166 I bt_h4   : host_wake_read_thread exited
12-12 12:49:42.873  7119  7164 W bt_userial: select_read return size <=0:-1, exiting userial_read_thread
12-12 12:49:42.873  7119  7135 I bt_vendor: bt-vendor : BT_VND_OP_USERIAL_CLOSE btSocType: 2
12-12 12:49:42.873  7119  7135 I bt_vendor: device fd = 84 close
12-12 12:49:42.873  7119  7135 D bt_h4   : hci_h4_cleanup
12-12 12:49:42.873  7119  7135 I bt_h4   :  Closing fd_athlpm before exiting 92 ==>
12-12 12:49:42.873  7119  7135 I bt_h4   :  Closing fd_athlpm  ==>
12-12 12:49:42.873  7119  7135 D BTSNOOP-DISP: btsnoop_close
12-12 12:49:42.873  7119  7135 I bt_vendor: cleanup
12-12 12:49:42.873  7119  7135 D bt_hci_bdroid: set_power 0
12-12 12:49:42.873  7119  7135 I bt_vendor: bt-vendor : BT_VND_OP_POWER_CTRL: Off
12-12 12:49:42.873  7119  7135 I bt_vendor: bt_powerup: 0
12-12 12:49:42.943  6244 10822 D Aatp    : /gps
12-12 12:49:42.953  6244 10822 D Aatp    : sha1: 2c0315dc2b204e7710e7d495276c39f467e458c0
12-12 12:49:42.953  6244 10822 D AatpDeviceManager: k: enabled v: False
12-12 12:49:42.953  6244 10822 D AatpDeviceManager: k: NanoHttpd.QUERY_STRING v: enabled=False
12-12 12:49:42.963  6244  6244 D AatpDeviceManager: taskStatus update (2c0315dc2b204e7710e7d495276c39f467e458c0: {"state":1})
12-12 12:49:42.963  6244  6244 D AatpDeviceManager: taskStatus update (2c0315dc2b204e7710e7d495276c39f467e458c0: {"result":"GPS not supported on this platform","state":2})
12-12 12:49:42.963  6244 10823 D AWSDeviceFarmAndroidLib: setEnabled: disabling GPS
12-12 12:49:42.963  6244 10823 D AWSDeviceFarmAndroidLib: disableGPS()
12-12 12:49:42.963  6244 10823 D AWSDeviceFarmAndroidLib: disableGPS(): network,gps
12-12 12:49:42.963  6244 10823 D AWSDeviceFarmAndroidLib: disableGPS(): gpsDisabled: network
12-12 12:49:42.973  6244 10822 D Aatp    : /task/2c0315dc2b204e7710e7d495276c39f467e458c0
12-12 12:49:42.983   925   956 E LocSvc_eng: I/===> void loc_eng_delete_aiding_data(loc_eng_data_s_type&, GpsAidingData) line 1909 
12-12 12:49:42.983   925  1305 E LocSvc_api_v02: I/---> locClientSendReq line 2305 QMI_LOC_DELETE_ASSIST_DATA_REQ_V02
12-12 12:49:42.983   925  1331 E LocSvc_ApiV02: I/<--- void globalRespCb(locClientHandleType, uint32_t, locClientRespIndUnionType, void*) line 106 QMI_LOC_DELETE_ASSIST_DATA_REQ_V02
12-12 12:49:42.983   925  1093 W BackupManagerService: dataChanged but no participant pkg='com.android.providers.settings' uid=10000
12-12 12:49:42.993   925   956 E LocSvc_eng: I/===> void loc_eng_cleanup(loc_eng_data_s_type&) line 1620 
12-12 12:49:42.993  6244 10823 D AWSDeviceFarmAndroidLib: setEnabled: GPS is: false
12-12 12:49:42.993  6244  6244 D AatpDeviceManager: taskStatus update (2c0315dc2b204e7710e7d495276c39f467e458c0: {"result":"GPS enabled: false","state":2})
12-12 12:49:42.993 10791 10791 I LbsExpiryBroadcastReceiver: Lbs expiry broadcast Receiver triggered
12-12 12:49:42.993 10791 10791 I LbsExpiryBroadcastReceiver: Received Mode changed action
12-12 12:49:43.003 10791 10791 D LbsExpiryBroadcastReceiver: Lbs Enabled: true
12-12 12:49:43.013 10791 10791 D FmkBroadcastReceiver: FMK broadcast Receiver triggered
12-12 12:49:43.093   408   408 I rmt_storage: rmt_storage_connect_cb: clnt_h=0x6 conn_h=0xb778a178
12-12 12:49:43.093   408   408 I rmt_storage: rmt_storage_rw_iovec_cb: /boot/modem_fs1: clnt_h=0x1: req_h=0xa msg_id=3: R/W request received
12-12 12:49:43.093   408   408 I rmt_storage: wakelock acquired: 1, error no: 42
12-12 12:49:43.093   408   586 I rmt_storage: rmt_storage_client_thread: /boot/modem_fs1: clnt_h=0x1 Unblock worker thread (th_id: -1216831768)
12-12 12:49:43.093  6244 10826 D Aatp    : /task/2c0315dc2b204e7710e7d495276c39f467e458c0/status
12-12 12:49:43.163   408   586 I rmt_storage: rmt_storage_client_thread: /boot/modem_fs1: clnt_h=0x1: req_h=0xa msg_id=3: Bytes written = 1572864
12-12 12:49:43.163   408   586 I rmt_storage: rmt_storage_client_thread: /boot/modem_fs1: clnt_h=0x1: req_h=0xa msg_id=3: Send response: res=0 err=0
12-12 12:49:43.163   408   586 I rmt_storage: rmt_storage_client_thread: /boot/modem_fs1: clnt_h=0x1 About to block rmt_storage client thread (th_id: -1216831768) wakelock released: 1, error no: 22
12-12 12:49:43.163   408   586 I rmt_storage: 
12-12 12:49:43.173   408   408 I rmt_storage: rmt_storage_disconnect_cb: clnt_h=0x0x6 conn_h=0x0xb778a178
12-12 12:49:43.233  6244 10827 D Aatp    : /nfc
12-12 12:49:43.243  6244 10827 D Aatp    : sha1: b9eb96d0674a68180159c87b3f9d328085d2ce09
12-12 12:49:43.243  6244 10827 D AatpDeviceManager: k: enabled v: False
12-12 12:49:43.243  6244 10827 D AatpDeviceManager: k: NanoHttpd.QUERY_STRING v: enabled=False
12-12 12:49:43.243  6244  6244 D AatpDeviceManager: taskStatus update (b9eb96d0674a68180159c87b3f9d328085d2ce09: {"state":1})
12-12 12:49:43.243  6244  6244 D AatpDeviceManager: taskStatus update (b9eb96d0674a68180159c87b3f9d328085d2ce09: {"result":"NFC not supported on platform. Skipping","state":2})
12-12 12:49:43.253  6244 10827 D Aatp    : /task/b9eb96d0674a68180159c87b3f9d328085d2ce09
12-12 12:49:43.303   925   992 I RadioPowerPolicy: Attempt 4: Unable to turn on radio. Trying again in 1000 milliseconds.
12-12 12:49:43.373  7119  7135 E bt_vendor: bt_wait_for_service_done: check
12-12 12:49:43.373  6244 10829 D Aatp    : /task/b9eb96d0674a68180159c87b3f9d328085d2ce09/status
12-12 12:49:43.373  7119  7135 E bt_vendor: Write 0 to rfkill
12-12 12:49:43.423   925   961 D Tethering: MasterInitialState.processMessage what=3
12-12 12:49:43.423   925  1130 D ConnectivityService: setProvNotificationVisible: E visible=false networkType=1 extraInfo= url=null
12-12 12:49:43.423   925   955 W SharedAssetStorage: Launching com.amazon.webapp (32096) with AMZ_APP_GID
12-12 12:49:43.433   925   955 I ActivityManager: Start proc com.amazon.webapp for broadcast com.amazon.webapp/.deviceevents.ConnectivityChangeReceiver: pid=10836 uid=32096 gids={72096, 3003, 1028, 1015, 9001}
12-12 12:49:43.463  6244 10833 D Aatp    : /stop-location
12-12 12:49:43.483  7119  7135 E bt_vendor: Stopping HCI filter as part of CTRL:OFF
12-12 12:49:43.483  7119  7135 E bt_vendor: bt get wifi status: unloaded, isInit: 0
12-12 12:49:43.483  7119  7135 I bt_vendor: bt_powerup: BT_VND_PWR_OFF
12-12 12:49:43.483  6244 10833 D AatpDeviceManager: stopTask
12-12 12:49:43.483  6244 10833 D AatpDeviceManager: got taskClass
12-12 12:49:43.483  6244 10833 D AatpDeviceManager: sending stop intent
12-12 12:49:43.493  6244 10833 D AatpDeviceManager: intent sent
12-12 12:49:43.503  6244 10833 D Aatp    : /task/1df4c6aa3036ec6e8c6cfa0071ed47a0266f93a3
12-12 12:49:43.583 10870 10870 I log     : Unbinding HSIC before BT turns off 
12-12 12:49:43.623  6244 10868 D Aatp    : /task/1df4c6aa3036ec6e8c6cfa0071ed47a0266f93a3/status
12-12 12:49:43.643   925  1193 W SharedAssetStorage: Launching com.amazon.device.messaging (32013) with AMZ_APP_GID
12-12 12:49:43.653 10895 10895 I dalvikvm: Marking process com.amazon.device.messaging skinny
12-12 12:49:43.653   925  1193 I ActivityManager: Start proc com.amazon.device.messaging for broadcast com.amazon.device.messaging/.OdotService$ScheduleFlushReceiver: pid=10895 uid=32013 gids={72013, 3003, 9001}
12-12 12:49:43.653   925  1193 I ActivityManager: Killing 7719:com.svox.pico/u0a22114 (adj 12): empty #17
12-12 12:49:43.683  7119  7158 I GKI_LINUX: gki_task_entry: gki_task task_id=0 [BTU] terminating
12-12 12:49:43.683  7119  7135 I GKI_LINUX: GKI_exit_task: GKI_exit_task 0 done
12-12 12:49:43.683  7119  7135 I GKI_LINUX: GKI_destroy_task: GKI_shutdown(): task [BTU] terminated
12-12 12:49:43.693  7119  7133 D BluetoothAdapterState: CURRENT_STATE=PENDING, MESSAGE = DISABLED, isTurningOn=false, isTurningOff=true
12-12 12:49:43.693  7119  7133 D BluetoothAdapterService: mProfilesStarted : true supportedProfileServices.length : 3
12-12 12:49:43.693  7119  7133 W BluetoothAdapterService: Stopping service com.android.bluetooth.a2dp.A2dpService
12-12 12:49:43.693  7119  7133 W BluetoothAdapterService: Stopping service com.android.bluetooth.hid.HidService
12-12 12:49:43.693  7119  7119 D A2dpService: Received stop request...Stopping profile...
12-12 12:49:43.693  7119  7151 D A2dpStateMachine: Exit Disconnected: -1
12-12 12:49:43.693  7119  7119 D BluetoothAdapterService: getAdapterService(): returning com.android.bluetooth.btservice.AdapterService@42227c98
12-12 12:49:43.693   925   925 D BluetoothA2dp: Proxy object disconnected
12-12 12:49:43.693  7119  7133 W BluetoothAdapterService: Stopping service com.android.bluetooth.gatt.GattService
12-12 12:49:43.703  7119  7133 D BluetoothAdapterState: Stopping profile services that were post enabled
12-12 12:49:43.703  7119  7119 D HidService: Received stop request...Stopping profile...
12-12 12:49:43.703  7119  7119 D BluetoothAdapterService: getAdapterService(): returning com.android.bluetooth.btservice.AdapterService@42227c98
12-12 12:49:43.703 10791 10791 D BluetoothInputDevice: Proxy object disconnected
12-12 12:49:43.703 10791 10791 D HidProfile: Bluetooth service disconnected
12-12 12:49:43.703  7119  7119 D BluetoothAdapterService(1109556376): Message: 1
12-12 12:49:43.703  7119  7119 D BluetoothAdapterService(1109556376): MESSAGE_PROFILE_SERVICE_STATE_CHANGED
12-12 12:49:43.703  7119  7119 D BluetoothAdapterService: onProfileServiceStateChange: serviceName=com.android.bluetooth.a2dp.A2dpService, state = 10, doUpdate = true
12-12 12:49:43.703  7119  7119 D BluetoothAdapterService: Profile still running: com.android.bluetooth.hid.HidService
12-12 12:49:43.703  7119  7152 I GKI_LINUX: gki_task_entry: gki_task task_id=2 [A2DP-MEDIA] terminating
12-12 12:49:43.703  7119  7119 I GKI_LINUX: GKI_exit_task: GKI_exit_task 2 done
12-12 12:49:43.703  7119  7119 I GKI_LINUX: GKI_destroy_task: GKI_shutdown(): task [A2DP-MEDIA] terminated
12-12 12:49:43.703  7119  7119 D BtGatt.DebugUtils: handleDebugAction() action=null
12-12 12:49:43.703  7119  7119 D BtGatt.GattService: Received stop request...Stopping profile...
12-12 12:49:43.703  7119  7119 D BtGatt.GattService: stop()
12-12 12:49:43.703  7119  7119 D BluetoothAdapterService: getAdapterService(): returning com.android.bluetooth.btservice.AdapterService@42227c98
12-12 12:49:43.703  7119  7119 D BluetoothAdapterService(1109556376): Message: 1
12-12 12:49:43.703  7119  7119 D BluetoothAdapterService(1109556376): MESSAGE_PROFILE_SERVICE_STATE_CHANGED
12-12 12:49:43.703  7119  7119 D BluetoothAdapterService: onProfileServiceStateChange: serviceName=com.android.bluetooth.hid.HidService, state = 10, doUpdate = true
12-12 12:49:43.703  7119  7119 D BluetoothAdapterService: Profile still running: com.android.bluetooth.gatt.GattService
12-12 12:49:43.703  7119  7119 W BluetoothHidServiceJni: Cleaning up Bluetooth HID Interface...
12-12 12:49:43.703  7119  7119 W BluetoothHidServiceJni: Cleaning up Bluetooth GID callback object
12-12 12:49:43.703  7119  7119 D BluetoothAdapterService(1109556376): Message: 1
12-12 12:49:43.703  7119  7119 D BluetoothAdapterService(1109556376): MESSAGE_PROFILE_SERVICE_STATE_CHANGED
