12-12 12:49:43.703  7119  7119 D BluetoothAdapterService: onProfileServiceStateChange: serviceName=com.android.bluetooth.gatt.GattService, state = 10, doUpdate = true
12-12 12:49:43.703  7119  7119 D BluetoothAdapterService: All profile services stopped...
12-12 12:49:43.703  7119  7133 D BluetoothAdapterState: CURRENT_STATE=PENDING, MESSAGE = STOPPED, isTurningOn=false, isTurningOff=true
12-12 12:49:43.703  7119  7133 D BluetoothAdapterProperties: Setting state to 10
12-12 12:49:43.703  7119  7133 I BluetoothAdapterState: Bluetooth adapter state changed: 13-> 10
12-12 12:49:43.703  7119  7133 D BluetoothAdapterService: Broadcasting updateAdapterState() to 1 receivers.
12-12 12:49:43.703   925   961 D BluetoothManagerService: Message: 60
12-12 12:49:43.703   925   961 D BluetoothManagerService: MESSAGE_BLUETOOTH_STATE_CHANGE: prevState = 13, newState=10
12-12 12:49:43.703   925   961 D BluetoothManagerService: Broadcasting onBluetoothStateChange(false) to 10 receivers.
12-12 12:49:43.703   925   961 E BluetoothPan: 
12-12 12:49:43.703   925   961 E BluetoothPan: java.lang.IllegalArgumentException: Service not registered: android.bluetooth.BluetoothPan$2@427701a0
12-12 12:49:43.703   925   961 E BluetoothPan: 	at android.app.LoadedApk.forgetServiceDispatcher(LoadedApk.java:987)
12-12 12:49:43.703   925   961 E BluetoothPan: 	at android.app.ContextImpl.unbindService(ContextImpl.java:1934)
12-12 12:49:43.703   925   961 E BluetoothPan: 	at android.bluetooth.BluetoothPan$1.onBluetoothStateChange(BluetoothPan.java:201)
12-12 12:49:43.703   925   961 E BluetoothPan: 	at com.android.server.BluetoothManagerService.sendBluetoothStateCallback(BluetoothManagerService.java:591)
12-12 12:49:43.703   925   961 E BluetoothPan: 	at com.android.server.BluetoothManagerService.bluetoothStateChangeHandler(BluetoothManagerService.java:1236)
12-12 12:49:43.703   925   961 E BluetoothPan: 	at com.android.server.BluetoothManagerService.access$2800(BluetoothManagerService.java:70)
12-12 12:49:43.703   925   961 E BluetoothPan: 	at com.android.server.BluetoothManagerService$BluetoothHandler.handleMessage(BluetoothManagerService.java:971)
12-12 12:49:43.703   925   961 E BluetoothPan: 	at android.os.Handler.dispatchMessage(Handler.java:102)
12-12 12:49:43.703   925   961 E BluetoothPan: 	at android.os.Looper.loop(Looper.java:145)
12-12 12:49:43.703   925   961 E BluetoothPan: 	at android.os.HandlerThread.run(HandlerThread.java:61)
12-12 12:49:43.703  1286  1297 D BluetoothHeadset: onBluetoothStateChange: up=false
12-12 12:49:43.703  7119  7133 I BluetoothAdapterState: Entering OffState
12-12 12:49:43.703  1286  1297 E BluetoothHeadset: 
12-12 12:49:43.703  1286  1297 E BluetoothHeadset: java.lang.IllegalArgumentException: Service not registered: android.bluetooth.BluetoothHeadset$2@422d01a8
12-12 12:49:43.703  1286  1297 E BluetoothHeadset: 	at android.app.LoadedApk.forgetServiceDispatcher(LoadedApk.java:987)
12-12 12:49:43.703  1286  1297 E BluetoothHeadset: 	at android.app.ContextImpl.unbindService(ContextImpl.java:1934)
12-12 12:49:43.703  1286  1297 E BluetoothHeadset: 	at android.content.ContextWrapper.unbindService(ContextWrapper.java:564)
12-12 12:49:43.703  1286  1297 E BluetoothHeadset: 	at android.bluetooth.BluetoothHeadset$1.onBluetoothStateChange(BluetoothHeadset.java:241)
12-12 12:49:43.703  1286  1297 E BluetoothHeadset: 	at android.bluetooth.IBluetoothStateChangeCallback$Stub.onTransact(IBluetoothStateChangeCallback.java:55)
12-12 12:49:43.703  1286  1297 E BluetoothHeadset: 	at android.os.Binder.execTransact(Binder.java:404)
12-12 12:49:43.703  1286  1297 E BluetoothHeadset: 	at dalvik.system.NativeStart.run(Native Method)
12-12 12:49:43.703   925   961 D BluetoothHeadset: onBluetoothStateChange: up=false
12-12 12:49:43.703   925   961 E BluetoothHeadset: 
12-12 12:49:43.703   925   961 E BluetoothHeadset: java.lang.IllegalArgumentException: Service not registered: android.bluetooth.BluetoothHeadset$2@42adf0e0
12-12 12:49:43.703   925   961 E BluetoothHeadset: 	at android.app.LoadedApk.forgetServiceDispatcher(LoadedApk.java:987)
12-12 12:49:43.703   925   961 E BluetoothHeadset: 	at android.app.ContextImpl.unbindService(ContextImpl.java:1934)
12-12 12:49:43.703   925   961 E BluetoothHeadset: 	at android.bluetooth.BluetoothHeadset$1.onBluetoothStateChange(BluetoothHeadset.java:241)
12-12 12:49:43.703   925   961 E BluetoothHeadset: 	at com.android.server.BluetoothManagerService.sendBluetoothStateCallback(BluetoothManagerService.java:591)
12-12 12:49:43.703   925   961 E BluetoothHeadset: 	at com.android.server.BluetoothManagerService.bluetoothStateChangeHandler(BluetoothManagerService.java:1236)
12-12 12:49:43.703   925   961 E BluetoothHeadset: 	at com.android.server.BluetoothManagerService.access$2800(BluetoothManagerService.java:70)
12-12 12:49:43.703   925   961 E BluetoothHeadset: 	at com.android.server.BluetoothManagerService$BluetoothHandler.handleMessage(BluetoothManagerService.java:971)
12-12 12:49:43.703   925   961 E BluetoothHeadset: 	at android.os.Handler.dispatchMessage(Handler.java:102)
12-12 12:49:43.703   925   961 E BluetoothHeadset: 	at android.os.Looper.loop(Looper.java:145)
12-12 12:49:43.703   925   961 E BluetoothHeadset: 	at android.os.HandlerThread.run(HandlerThread.java:61)
12-12 12:49:43.703  1286  1320 D BluetoothHeadset: onBluetoothStateChange: up=false
12-12 12:49:43.703  1286  1320 E BluetoothHeadset: 
12-12 12:49:43.703  1286  1320 E BluetoothHeadset: java.lang.IllegalArgumentException: Service not registered: android.bluetooth.BluetoothHeadset$2@42311820
12-12 12:49:43.703  1286  1320 E BluetoothHeadset: 	at android.app.LoadedApk.forgetServiceDispatcher(LoadedApk.java:987)
12-12 12:49:43.703  1286  1320 E BluetoothHeadset: 	at android.app.ContextImpl.unbindService(ContextImpl.java:1934)
12-12 12:49:43.703  1286  1320 E BluetoothHeadset: 	at android.content.ContextWrapper.unbindService(ContextWrapper.java:564)
12-12 12:49:43.703  1286  1320 E BluetoothHeadset: 	at android.bluetooth.BluetoothHeadset$1.onBluetoothStateChange(BluetoothHeadset.java:241)
12-12 12:49:43.703  1286  1320 E BluetoothHeadset: 	at android.bluetooth.IBluetoothStateChangeCallback$Stub.onTransact(IBluetoothStateChangeCallback.java:55)
12-12 12:49:43.703  1286  1320 E BluetoothHeadset: 	at android.os.Binder.execTransact(Binder.java:404)
12-12 12:49:43.703  1286  1320 E BluetoothHeadset: 	at dalvik.system.NativeStart.run(Native Method)
12-12 12:49:43.703  1286  1296 D BluetoothHeadset: onBluetoothStateChange: up=false
12-12 12:49:43.703  1286  1296 E BluetoothHeadset: 
12-12 12:49:43.703  1286  1296 E BluetoothHeadset: java.lang.IllegalArgumentException: Service not registered: android.bluetooth.BluetoothHeadset$2@422c9ed0
12-12 12:49:43.703  1286  1296 E BluetoothHeadset: 	at android.app.LoadedApk.forgetServiceDispatcher(LoadedApk.java:987)
12-12 12:49:43.703  1286  1296 E BluetoothHeadset: 	at android.app.ContextImpl.unbindService(ContextImpl.java:1934)
12-12 12:49:43.703  1286  1296 E BluetoothHeadset: 	at android.content.ContextWrapper.unbindService(ContextWrapper.java:564)
12-12 12:49:43.703  1286  1296 E BluetoothHeadset: 	at android.content.ContextWrapper.unbindService(ContextWrapper.java:564)
12-12 12:49:43.703  1286  1296 E BluetoothHeadset: 	at android.bluetooth.BluetoothHeadset$1.onBluetoothStateChange(BluetoothHeadset.java:241)
12-12 12:49:43.703  1286  1296 E BluetoothHeadset: 	at android.bluetooth.IBluetoothStateChangeCallback$Stub.onTransact(IBluetoothStateChangeCallback.java:55)
12-12 12:49:43.703  1286  1296 E BluetoothHeadset: 	at android.os.Binder.execTransact(Binder.java:404)
12-12 12:49:43.703  1286  1296 E BluetoothHeadset: 	at dalvik.system.NativeStart.run(Native Method)
12-12 12:49:43.703   925   961 D BluetoothA2dp: onBluetoothStateChange: up=false
12-12 12:49:43.703 10791 10801 D BluetoothPbap: onBluetoothStateChange: up=false
12-12 12:49:43.703 10791 10801 E BluetoothPbap: 
12-12 12:49:43.703 10791 10801 E BluetoothPbap: java.lang.IllegalArgumentException: Service not registered: android.bluetooth.BluetoothPbap$2@422b61b8
12-12 12:49:43.703 10791 10801 E BluetoothPbap: 	at android.app.LoadedApk.forgetServiceDispatcher(LoadedApk.java:987)
12-12 12:49:43.703 10791 10801 E BluetoothPbap: 	at android.app.ContextImpl.unbindService(ContextImpl.java:1934)
12-12 12:49:43.703 10791 10801 E BluetoothPbap: 	at android.content.ContextWrapper.unbindService(ContextWrapper.java:564)
12-12 12:49:43.703 10791 10801 E BluetoothPbap: 	at android.bluetooth.BluetoothPbap$1.onBluetoothStateChange(BluetoothPbap.java:122)
12-12 12:49:43.703 10791 10801 E BluetoothPbap: 	at android.bluetooth.IBluetoothStateChangeCallback$Stub.onTransact(IBluetoothStateChangeCallback.java:55)
12-12 12:49:43.703 10791 10801 E BluetoothPbap: 	at android.os.Binder.execTransact(Binder.java:404)
12-12 12:49:43.703 10791 10801 E BluetoothPbap: 	at dalvik.system.NativeStart.run(Native Method)
12-12 12:49:43.703 10791 10810 D BluetoothMap: onBluetoothStateChange: up=false
12-12 12:49:43.713 10791 10810 E BluetoothMap: 
12-12 12:49:43.713 10791 10810 E BluetoothMap: java.lang.IllegalArgumentException: Service not registered: android.bluetooth.BluetoothMap$2@422b4b50
12-12 12:49:43.713 10791 10810 E BluetoothMap: 	at android.app.LoadedApk.forgetServiceDispatcher(LoadedApk.java:987)
12-12 12:49:43.713 10791 10810 E BluetoothMap: 	at android.app.ContextImpl.unbindService(ContextImpl.java:1934)
12-12 12:49:43.713 10791 10810 E BluetoothMap: 	at android.content.ContextWrapper.unbindService(ContextWrapper.java:564)
12-12 12:49:43.713 10791 10810 E BluetoothMap: 	at android.bluetooth.BluetoothMap$1.onBluetoothStateChange(BluetoothMap.java:68)
12-12 12:49:43.713 10791 10810 E BluetoothMap: 	at android.bluetooth.IBluetoothStateChangeCallback$Stub.onTransact(IBluetoothStateChangeCallback.java:55)
12-12 12:49:43.713 10791 10810 E BluetoothMap: 	at android.os.Binder.execTransact(Binder.java:404)
12-12 12:49:43.713 10791 10810 E BluetoothMap: 	at dalvik.system.NativeStart.run(Native Method)
12-12 12:49:43.713 10791 10801 E BluetoothPan: 
12-12 12:49:43.713 10791 10801 E BluetoothPan: java.lang.IllegalArgumentException: Service not registered: android.bluetooth.BluetoothPan$2@422b3148
12-12 12:49:43.713 10791 10801 E BluetoothPan: 	at android.app.LoadedApk.forgetServiceDispatcher(LoadedApk.java:987)
12-12 12:49:43.713 10791 10801 E BluetoothPan: 	at android.app.ContextImpl.unbindService(ContextImpl.java:1934)
12-12 12:49:43.713 10791 10801 E BluetoothPan: 	at android.content.ContextWrapper.unbindService(ContextWrapper.java:564)
12-12 12:49:43.713 10791 10801 E BluetoothPan: 	at android.bluetooth.BluetoothPan$1.onBluetoothStateChange(BluetoothPan.java:201)
12-12 12:49:43.713 10791 10801 E BluetoothPan: 	at android.bluetooth.IBluetoothStateChangeCallback$Stub.onTransact(IBluetoothStateChangeCallback.java:55)
12-12 12:49:43.713 10791 10801 E BluetoothPan: 	at android.os.Binder.execTransact(Binder.java:404)
12-12 12:49:43.713 10791 10801 E BluetoothPan: 	at dalvik.system.NativeStart.run(Native Method)
12-12 12:49:43.713 10791 10810 D BluetoothInputDevice: onBluetoothStateChange: up=false
12-12 12:49:43.713  7119  7148 D BluetoothAdapterService(1109556376): getState(): mAdapterProperties: com.android.bluetooth.btservice.AdapterProperties@42229d78
12-12 12:49:43.713   925   961 D BluetoothManagerService: Calling onBluetoothServiceDown callbacks
12-12 12:49:43.713   925   961 D BluetoothManagerService: Broadcasting onBluetoothServiceDown() to 6 receivers.
12-12 12:49:43.713   925   961 D BluetoothManagerService: unbindAndFinish(): android.bluetooth.IBluetooth$Stub$Proxy@42cf6700 mBinding = false
12-12 12:49:43.713   925   961 D BluetoothManagerService: Sending unbind request.
12-12 12:49:43.713   925   961 D BluetoothManagerService: Bluetooth State Change Intent: 13 -> 10
12-12 12:49:43.713  7119  7119 D BluetoothAdapterService(1109556376): getState(): mAdapterProperties: com.android.bluetooth.btservice.AdapterProperties@42229d78
12-12 12:49:43.713  7119  7119 D BluetoothAdapterService(1109556376): onUnbind, calling cleanup
12-12 12:49:43.713  7119  7119 D BluetoothAdapterService(1109556376): cleanup()
12-12 12:49:43.713  7119  7119 D BluetoothAdapterService: Cleaning up adapter native....
12-12 12:49:43.713  7119  7135 I GKI_LINUX: gki_task_entry: gki_task task_id=1 [BTIF] terminating
12-12 12:49:43.713  7119  7119 I GKI_LINUX: GKI_exit_task: GKI_exit_task 1 done
12-12 12:49:43.713  7119  7119 I GKI_LINUX: GKI_destroy_task: GKI_shutdown(): task [BTIF] terminated
12-12 12:49:43.713  7119  7119 I BluetoothServiceJni: cleanupNative: return from cleanup
12-12 12:49:43.713  7119  7119 D BluetoothAdapterService: Done cleaning up adapter native....
12-12 12:49:43.713  7119  7119 D BluetoothAdapterService(1109556376): cleanup() done
12-12 12:49:43.713  7119  7119 D BluetoothAdapterService(1109556376): ****onDestroy()********
12-12 12:49:43.713  7119  7119 D BtGatt.GattService: cleanup()
12-12 12:49:43.713  7119  7119 W bt-btif : GATTC Module not enabled/already disabled
12-12 12:49:43.713  7119  7119 W bt-btif : GATTS Module not enabled/already disabled
12-12 12:49:43.713   925   955 W BroadcastQueue: Permission Denial: receiving Intent { act=android.bluetooth.adapter.action.STATE_CHANGED flg=0x14000010 (has extras) } to ProcessRecord{42a692f0 2797:com.amazon.whisperplay.cds:cds_services/u0a22006} (pid=2797, uid=32006) requires android.permission.BLUETOOTH due to sender android (uid 1000)
12-12 12:49:43.723  7195  7238 I abtfilt : Bluedroid_stack_event_thread: receved event: 0x21
12-12 12:49:43.723  7195  7238 I abtfilt : BtAdapterRemoved:276
12-12 12:49:43.723  7195  7238 I abtfilt : BT turned off
12-12 12:49:43.723  7195  7238 I abtfilt : BT OFF
12-12 12:49:43.723  7195  7238 E abtfilt : [Abf_WlanIssueBtOnOff] Failed to Abf_WlanIssueBtOnOff(OFF)
12-12 12:49:43.723  7195  7238 E abtfilt : Last Error: Success
12-12 12:49:43.723  7195  7238 I abtfilt : Terminate abtfilt
12-12 12:49:43.723 10791 10791 D DockEventReceiver: finishStartingService: stopping service
12-12 12:49:43.723  7119  7119 V BTCService: onDestroy
12-12 12:49:43.723 10791 10791 W ContextImpl: Calling a method in the system process without a qualified user: android.app.ContextImpl.startService:1818 android.content.ContextWrapper.startService:529 android.content.ContextWrapper.startService:529 com.android.settings.bluetooth.DockEventReceiver.beginStartingService:134 com.android.settings.bluetooth.DockEventReceiver.onReceive:115 
12-12 12:49:43.723   925  1093 I ActivityManager: Killing 10384:com.android.externalstorage/u0a22020 (adj 12): empty #17
12-12 12:49:43.753  6244 10908 D Aatp    : /locale
12-12 12:49:43.763  6244 10908 D Aatp    : sha1: 895e2d6ca824a57c876c212e2f58befe37cbb31d
12-12 12:49:43.763  6244 10908 D AatpDeviceManager: k: NanoHttpd.QUERY_STRING v: locale=en_US
12-12 12:49:43.763  6244 10908 D AatpDeviceManager: k: locale v: en_US
12-12 12:49:43.773  6244 10912 D AatpDeviceManager: Setting locale to: en_US
12-12 12:49:43.773  6244 10912 D AWSDeviceFarmAndroidLib: Setting locale to: en_US
12-12 12:49:43.773  6244  6244 D AatpDeviceManager: taskStatus update (895e2d6ca824a57c876c212e2f58befe37cbb31d: {"state":1})
12-12 12:49:43.783  7195  7195 I abtfilt : Shutting Down
12-12 12:49:43.783  7195  7195 I abtfilt : BT Stack Notification de-init complete
12-12 12:49:43.783  6244 10908 D Aatp    : /task/895e2d6ca824a57c876c212e2f58befe37cbb31d
12-12 12:49:43.853  7195  7198 I abtfilt : Terminating the WLAN Event Handler task
12-12 12:49:43.853  7195  7195 I abtfilt : BT Filter Core : WLAN removed 
12-12 12:49:43.853  7195  7195 I abtfilt : WLAN Stack Notification de-init complete
12-12 12:49:43.853  7195  7197 I abtfilt : Terminating the BT Filter task
12-12 12:49:43.853  7195  7195 I abtfilt : BT Filter Core de-init complete
12-12 12:49:43.853  7195  7195 I abtfilt : Shutting Down Complete
12-12 12:49:43.853  7195  7195 D abtfilt : Service terminated 
12-12 12:49:43.853 10914 10914 I qcom-bt-wlan-coex: /system/etc/init.qcom.coex.sh: Coex stopped 
12-12 12:49:43.893  6244 10913 D Aatp    : /task/895e2d6ca824a57c876c212e2f58befe37cbb31d/status
12-12 12:49:44.303   925   992 I RadioPowerPolicy: Unable to turn on Mobile Radio. Aborting.
12-12 12:49:44.383   925  1580 D ActivityManager: single user service: com.amazon.dcp:OTAService
12-12 12:49:44.383   925  1580 D ActivityManager: app = com.amazon.dcp:OTAService, has single user service, setting process record.
12-12 12:49:44.393   925  1193 D ActivityManager: single user service: com.amazon.dcp:OTAService
12-12 12:49:44.393   925  1193 D ActivityManager: app = com.amazon.dcp:OTAService, has single user service, setting process record.
12-12 12:49:44.393   925  1596 D ActivityManager: single user service: com.amazon.device.settings:Settings
12-12 12:49:44.393   925  1596 D ActivityManager: app = com.amazon.device.settings:Settings, has single user service, setting process record.
12-12 12:49:44.423   925  1004 W SharedAssetStorage: Launching com.amazon.digital.asset.ownership.app (32059) with AMZ_APP_GID
12-12 12:49:44.443   925  1004 I ActivityManager: Start proc com.amazon.digital.asset.ownership.app for broadcast com.amazon.digital.asset.ownership.app/.notification.reciever.NetworkStateChangeBroadcastReciever: pid=10931 uid=32059 gids={72059, 3003, 9001}
12-12 12:49:44.483   925  1420 I ActivityManager: Killing 6601:com.amazon.dcp/u0a22016 (adj 12): empty #17
12-12 12:49:44.493   925  1388 W SharedAssetStorage: Launching com.audible.application.kindle (32103) with AMZ_APP_GID
12-12 12:49:44.503   925  1388 I ActivityManager: Start proc com.audible.application.kindle for broadcast com.audible.application.kindle/com.amazon.kindle.GlobalSyncBroadcastEventTracker: pid=10954 uid=32103 gids={72103, 3003, 1028, 1015, 3002, 9001}
12-12 12:49:44.663 10954 10954 W linker  : libAAX_SDK.so has text relocations. This is wasting memory and is a security risk. Please fix.
12-12 12:49:44.723   925   935 I ActivityManager: Killing 7669:com.amazon.identity.auth.device.authorization/u0a22032 (adj 12): empty #17
12-12 12:49:44.963  6244 10999 D Aatp    : /task/895e2d6ca824a57c876c212e2f58befe37cbb31d/status
12-12 12:49:44.963   925   955 I ActivityManager: Waited long enough for: ServiceRecord{42c025a0 u0 com.amazon.venezia/com.amazon.mas.client.locker.service.appmgr.AppManagerService}
12-12 12:49:45.453   925  1093 I ActivityManager: Killing 7688:com.amazon.kindle.unifiedSearch/u0a22080 (adj 12): empty #17
12-12 12:49:45.893  6244  6244 D AatpDeviceManager: taskStatus update (895e2d6ca824a57c876c212e2f58befe37cbb31d: {"result":"en_US","state":2})
12-12 12:49:46.043  6244 11000 D Aatp    : /task/895e2d6ca824a57c876c212e2f58befe37cbb31d/status
12-12 12:49:46.723  6244 11005 D Aatp    : /ping
12-12 12:49:46.893  6244 11006 D Aatp    : /apps-to-uninstall
12-12 12:49:46.913  6244 11006 D Aatp    : sha1: aaecc1633d4ff2a523f892551b986b7150977ab3
12-12 12:49:46.963  6244 11006 D Aatp    : /task/aaecc1633d4ff2a523f892551b986b7150977ab3
12-12 12:49:46.963  6244  6244 D AatpDeviceManager: taskStatus update (aaecc1633d4ff2a523f892551b986b7150977ab3: {"state":1})
12-12 12:49:47.053  6244  6244 D AatpDeviceManager: taskStatus update (aaecc1633d4ff2a523f892551b986b7150977ab3: {"result":[],"state":2})
12-12 12:49:47.053   925  1193 W SchedPolicy: Failed to set io priority for tid 11007 (No such process)
12-12 12:49:47.103  6244 11018 D Aatp    : /task/aaecc1633d4ff2a523f892551b986b7150977ab3/status
12-12 12:49:47.183  6244 11021 D Aatp    : /ping
12-12 12:49:47.303  6244 11025 D Aatp    : /clean-accounts
12-12 12:49:47.333  6244 11025 D Aatp    : sha1: 916e13b471bccd55ec765e571c02b037c6bb533f
12-12 12:49:47.353  6244 11025 D Aatp    : /task/916e13b471bccd55ec765e571c02b037c6bb533f
12-12 12:49:47.363  6244  6244 D AatpDeviceManager: taskStatus update (916e13b471bccd55ec765e571c02b037c6bb533f: {"state":1})
12-12 12:49:47.363  6244  6244 D AatpDeviceManager: taskStatus update (916e13b471bccd55ec765e571c02b037c6bb533f: {"result":"Cleaned Accounts PASS","state":2})
12-12 12:49:47.503  6244 11030 D Aatp    : /task/916e13b471bccd55ec765e571c02b037c6bb533f/status
12-12 12:49:47.633  6244 11031 D Aatp    : /rm-external-files
12-12 12:49:47.703  6244 11031 D Aatp    : sha1: 6bdb1beb46ca017319368b121c7443b5852e7bf6
12-12 12:49:47.713  6244  6244 D AatpDeviceManager: taskStatus update (6bdb1beb46ca017319368b121c7443b5852e7bf6: {"state":1})
12-12 12:49:47.713  6244 11031 D Aatp    : /task/6bdb1beb46ca017319368b121c7443b5852e7bf6
12-12 12:49:47.743  6244 11032 D AatpDeviceManager: Wiping files from: /sdcard
12-12 12:49:47.753  6244 11032 D AatpDeviceManager: Wiping files from: /mnt/sdcard
12-12 12:49:47.753  6244 11032 D AatpDeviceManager: Wiping files from: /storage/sdcard1
12-12 12:49:47.753  6244 11032 D AatpDeviceManager: 0 files left!
12-12 12:49:47.753  6244  6244 D AatpDeviceManager: taskStatus update (6bdb1beb46ca017319368b121c7443b5852e7bf6: {"result":[],"state":2})
12-12 12:49:47.853  6244 11042 D Aatp    : /task/6bdb1beb46ca017319368b121c7443b5852e7bf6/status
12-12 12:49:48.333 11060 11060 D AndroidRuntime: 
12-12 12:49:48.333 11060 11060 D AndroidRuntime: >>>>>> AndroidRuntime START com.android.internal.os.RuntimeInit <<<<<<
12-12 12:49:48.333 11060 11060 D AndroidRuntime: CheckJNI is OFF
12-12 12:49:48.333 11060 11060 D dalvikvm: Good opt header, DEX offset is 64, flags=0x00
12-12 12:49:48.333 11060 11060 D dalvikvm: dalvik-aux-structure mapped at 0x41c7e000 with sizes 17456 9068 22916 7820
12-12 12:49:48.333 11060 11060 D dalvikvm: Good opt header, DEX offset is 64, flags=0x00
12-12 12:49:48.333 11060 11060 D dalvikvm: dalvik-aux-structure mapped at 0x41c8c000 with sizes 3488 1968 3700 1000
12-12 12:49:48.333 11060 11060 D dalvikvm: Good opt header, DEX offset is 64, flags=0x00
12-12 12:49:48.333 11060 11060 D dalvikvm: dalvik-aux-structure mapped at 0x41c90000 with sizes 1212 1216 2416 256
12-12 12:49:48.333 11060 11060 D dalvikvm: Good opt header, DEX offset is 64, flags=0x00
12-12 12:49:48.333 11060 11060 D dalvikvm: dalvik-aux-structure mapped at 0x41c97000 with sizes 132 296 392 8
12-12 12:49:48.333 11060 11060 D dalvikvm: Good opt header, DEX offset is 64, flags=0x00
12-12 12:49:48.333 11060 11060 D dalvikvm: dalvik-aux-structure mapped at 0x41ca5000 with sizes 8748 4364 7932 3996
12-12 12:49:48.333 11060 11060 D dalvikvm: Good opt header, DEX offset is 64, flags=0x00
12-12 12:49:48.343 11060 11060 D dalvikvm: dalvik-aux-structure mapped at 0x58ae7000 with sizes 22496 5180 8540 1804
12-12 12:49:48.343 11060 11060 D dalvikvm: Good opt header, DEX offset is 64, flags=0x00
12-12 12:49:48.343 11060 11060 D dalvikvm: dalvik-aux-structure mapped at 0x5965b000 with sizes 56980 26392 103936 34400
12-12 12:49:48.343 11060 11060 D dalvikvm: Good opt header, DEX offset is 64, flags=0x00
12-12 12:49:48.343 11060 11060 D dalvikvm: dalvik-aux-structure mapped at 0x59876000 with sizes 9456 6512 11508 3328
12-12 12:49:48.343 11060 11060 D dalvikvm: Good opt header, DEX offset is 64, flags=0x00
12-12 12:49:48.343 11060 11060 D dalvikvm: dalvik-aux-structure mapped at 0x599ea000 with sizes 20772 3532 10520 3092
12-12 12:49:48.343 11060 11060 D dalvikvm: Good opt header, DEX offset is 64, flags=0x00
12-12 12:49:48.343 11060 11060 D dalvikvm: dalvik-aux-structure mapped at 0x58af6000 with sizes 1660 956 2388 56
12-12 12:49:48.343 11060 11060 D dalvikvm: Good opt header, DEX offset is 64, flags=0x00
12-12 12:49:48.343 11060 11060 D dalvikvm: dalvik-aux-structure mapped at 0x59a52000 with sizes 1312 504 800 184
12-12 12:49:48.343 11060 11060 D dalvikvm: Good opt header, DEX offset is 64, flags=0x00
12-12 12:49:48.343 11060 11060 D dalvikvm: dalvik-aux-structure mapped at 0x59a53000 with sizes 1704 1896 3404 216
12-12 12:49:48.343 11060 11060 D dalvikvm: Good opt header, DEX offset is 64, flags=0x00
12-12 12:49:48.343 11060 11060 D dalvikvm: dalvik-aux-structure mapped at 0x59e96000 with sizes 41656 10740 31732 2024
12-12 12:49:48.343 11060 11060 D dalvikvm: Good opt header, DEX offset is 64, flags=0x00
12-12 12:49:48.343 11060 11060 D dalvikvm: dalvik-aux-structure mapped at 0x59a58000 with sizes 13340 3572 6468 560
12-12 12:49:48.343 11060 11060 D dalvikvm: Good opt header, DEX offset is 64, flags=0x00
12-12 12:49:48.343 11060 11060 D dalvikvm: dalvik-aux-structure mapped at 0x5a0db000 with sizes 3752 5072 11996 2620
12-12 12:49:48.343 11060 11060 D dalvikvm: Good opt header, DEX offset is 64, flags=0x00
12-12 12:49:48.343 11060 11060 D dalvikvm: dalvik-aux-structure mapped at 0x59a60000 with sizes 864 112 12 8
12-12 12:49:48.343 11060 11060 D dalvikvm: Good opt header, DEX offset is 64, flags=0x00
12-12 12:49:48.343 11060 11060 D dalvikvm: dalvik-aux-structure mapped at 0x59a62000 with sizes 144 424 416 84
12-12 12:49:48.343 11060 11060 D dalvikvm: Good opt header, DEX offset is 64, flags=0x00
12-12 12:49:48.343 11060 11060 D dalvikvm: dalvik-aux-structure mapped at 0x5a0f4000 with sizes 8 84 20 52
12-12 12:49:48.343 11060 11060 D dalvikvm: Good opt header, DEX offset is 64, flags=0x00
12-12 12:49:48.343 11060 11060 D dalvikvm: dalvik-aux-structure mapped at 0x5a0f5000 with sizes 2300 1284 1900 732
12-12 12:49:48.343 11060 11060 D dalvikvm: Good opt header, DEX offset is 64, flags=0x00
12-12 12:49:48.343 11060 11060 D dalvikvm: dalvik-aux-structure mapped at 0x5a0f9000 with sizes 3068 1548 4364 1460
12-12 12:49:48.343 11060 11060 D dalvikvm: Good opt header, DEX offset is 64, flags=0x00
12-12 12:49:48.343 11060 11060 D dalvikvm: dalvik-aux-structure mapped at 0x5a0fd000 with sizes 2512 2028 2656 348
12-12 12:49:48.343 11060 11060 D dalvikvm: Good opt header, DEX offset is 64, flags=0x00
12-12 12:49:48.343 11060 11060 D dalvikvm: dalvik-aux-structure mapped at 0x5a100000 with sizes 244 632 480 120
12-12 12:49:48.343 11060 11060 D dalvikvm: Good opt header, DEX offset is 64, flags=0x00
12-12 12:49:48.353 11060 11060 D dalvikvm: dalvik-aux-structure mapped at 0x5a103000 with sizes 44 16 4 16
12-12 12:49:48.353 11060 11060 D dalvikvm: Good opt header, DEX offset is 64, flags=0x00
12-12 12:49:48.353 11060 11060 D dalvikvm: dalvik-aux-structure mapped at 0x5a452000 with sizes 17456 5180 15016 5508
12-12 12:49:48.353 11060 11060 D dalvikvm: Good opt header, DEX offset is 64, flags=0x00
12-12 12:49:48.353 11060 11060 D dalvikvm: dalvik-aux-structure mapped at 0x5a1e9000 with sizes 17648 1196 1848 1084
12-12 12:49:48.353 11060 11060 D dalvikvm: Good opt header, DEX offset is 64, flags=0x00
12-12 12:49:48.353 11060 11060 D dalvikvm: dalvik-aux-structure mapped at 0x5a682000 with sizes 5448 6248 17376 5152
12-12 12:49:48.353 11060 11060 D dalvikvm: Good opt header, DEX offset is 64, flags=0x00
12-12 12:49:48.353 11060 11060 D dalvikvm: dalvik-aux-structure mapped at 0x5a1f0000 with sizes 92 272 204 12
12-12 12:49:48.353 11060 11060 D dalvikvm: Good opt header, DEX offset is 64, flags=0x00
12-12 12:49:48.353 11060 11060 D dalvikvm: dalvik-aux-structure mapped at 0x5a694000 with sizes 368 52 8 52
12-12 12:49:48.353 11060 11060 D dalvikvm: Good opt header, DEX offset is 64, flags=0x00
12-12 12:49:48.353 11060 11060 D dalvikvm: dalvik-aux-structure mapped at 0x5a6b1000 with sizes 848 488 512 692
12-12 12:49:48.353 11060 11060 D dalvikvm: Good opt header, DEX offset is 64, flags=0x00
12-12 12:49:48.353 11060 11060 D dalvikvm: dalvik-aux-structure mapped at 0x5a6b4000 with sizes 20 36 20 8
12-12 12:49:48.353 11060 11060 D dalvikvm: Good opt header, DEX offset is 64, flags=0x00
12-12 12:49:48.353 11060 11060 D dalvikvm: dalvik-aux-structure mapped at 0x5a6bd000 with sizes 360 232 320 68
12-12 12:49:48.353 11060 11060 D dalvikvm: Good opt header, DEX offset is 64, flags=0x00
12-12 12:49:48.353 11060 11060 D dalvikvm: dalvik-aux-structure mapped at 0x5a6cd000 with sizes 864 272 320 208
12-12 12:49:48.353 11060 11060 D dalvikvm: Trying to load lib libjavacore.so 0x0
12-12 12:49:48.363 11060 11060 D dalvikvm: Added shared lib libjavacore.so 0x0
12-12 12:49:48.363 11060 11060 D dalvikvm: Trying to load lib libnativehelper.so 0x0
12-12 12:49:48.363 11060 11060 D dalvikvm: Added shared lib libnativehelper.so 0x0
12-12 12:49:48.363 11060 11060 D dalvikvm: No JNI_OnLoad found in libnativehelper.so 0x0, skipping init
12-12 12:49:48.373 11060 11060 D dalvikvm: Good opt header, DEX offset is 64, flags=0x00
12-12 12:49:48.373 11060 11060 D dalvikvm: dalvik-aux-structure mapped at 0x5b932000 with sizes 936 360 416 20
12-12 12:49:48.393 11060 11060 D dalvikvm: Note: class Landroid/app/ActivityManagerNative; has 179 unimplemented (abstract) methods
12-12 12:49:48.523 11060 11060 D AndroidRuntime: Calling main entry com.android.commands.pm.Pm
12-12 12:49:48.523 11060 11060 D AndroidRuntime: Shutting down VM
12-12 12:49:48.523   925  1004 W ActivityManager: Invalid packageName: com.google.android.browser
12-12 12:49:49.213 11081 11081 D AndroidRuntime: 
12-12 12:49:49.213 11081 11081 D AndroidRuntime: >>>>>> AndroidRuntime START com.android.internal.os.RuntimeInit <<<<<<
12-12 12:49:49.213 11081 11081 D AndroidRuntime: CheckJNI is OFF
12-12 12:49:49.213 11081 11081 D dalvikvm: Good opt header, DEX offset is 64, flags=0x00
12-12 12:49:49.213 11081 11081 D dalvikvm: dalvik-aux-structure mapped at 0x58872000 with sizes 17456 9068 22916 7820
12-12 12:49:49.213 11081 11081 D dalvikvm: Good opt header, DEX offset is 64, flags=0x00
12-12 12:49:49.213 11081 11081 D dalvikvm: dalvik-aux-structure mapped at 0x58880000 with sizes 3488 1968 3700 1000
12-12 12:49:49.213 11081 11081 D dalvikvm: Good opt header, DEX offset is 64, flags=0x00
12-12 12:49:49.213 11081 11081 D dalvikvm: dalvik-aux-structure mapped at 0x58884000 with sizes 1212 1216 2416 256
12-12 12:49:49.213 11081 11081 D dalvikvm: Good opt header, DEX offset is 64, flags=0x00
12-12 12:49:49.213 11081 11081 D dalvikvm: dalvik-aux-structure mapped at 0x5888b000 with sizes 132 296 392 8
12-12 12:49:49.213 11081 11081 D dalvikvm: Good opt header, DEX offset is 64, flags=0x00
12-12 12:49:49.213 11081 11081 D dalvikvm: dalvik-aux-structure mapped at 0x58a4a000 with sizes 8748 4364 7932 3996
12-12 12:49:49.213 11081 11081 D dalvikvm: Good opt header, DEX offset is 64, flags=0x00
12-12 12:49:49.213 11081 11081 D dalvikvm: dalvik-aux-structure mapped at 0x58a51000 with sizes 22496 5180 8540 1804
12-12 12:49:49.213 11081 11081 D dalvikvm: Good opt header, DEX offset is 64, flags=0x00
12-12 12:49:49.213 11081 11081 D dalvikvm: dalvik-aux-structure mapped at 0x595c5000 with sizes 56980 26392 103936 34400
12-12 12:49:49.213 11081 11081 D dalvikvm: Good opt header, DEX offset is 64, flags=0x00
12-12 12:49:49.213 11081 11081 D dalvikvm: dalvik-aux-structure mapped at 0x597e0000 with sizes 9456 6512 11508 3328
12-12 12:49:49.213 11081 11081 D dalvikvm: Good opt header, DEX offset is 64, flags=0x00
12-12 12:49:49.213 11081 11081 D dalvikvm: dalvik-aux-structure mapped at 0x59954000 with sizes 20772 3532 10520 3092
12-12 12:49:49.223 11081 11081 D dalvikvm: Good opt header, DEX offset is 64, flags=0x00
12-12 12:49:49.223 11081 11081 D dalvikvm: dalvik-aux-structure mapped at 0x58a60000 with sizes 1660 956 2388 56
12-12 12:49:49.223 11081 11081 D dalvikvm: Good opt header, DEX offset is 64, flags=0x00
12-12 12:49:49.223 11081 11081 D dalvikvm: dalvik-aux-structure mapped at 0x599bc000 with sizes 1312 504 800 184
12-12 12:49:49.223 11081 11081 D dalvikvm: Good opt header, DEX offset is 64, flags=0x00
12-12 12:49:49.223 11081 11081 D dalvikvm: dalvik-aux-structure mapped at 0x599bd000 with sizes 1704 1896 3404 216
12-12 12:49:49.223 11081 11081 D dalvikvm: Good opt header, DEX offset is 64, flags=0x00
12-12 12:49:49.223 11081 11081 D dalvikvm: dalvik-aux-structure mapped at 0x59e00000 with sizes 41656 10740 31732 2024
12-12 12:49:49.223 11081 11081 D dalvikvm: Good opt header, DEX offset is 64, flags=0x00
12-12 12:49:49.223 11081 11081 D dalvikvm: dalvik-aux-structure mapped at 0x599c2000 with sizes 13340 3572 6468 560
12-12 12:49:49.223 11081 11081 D dalvikvm: Good opt header, DEX offset is 64, flags=0x00
12-12 12:49:49.223 11081 11081 D dalvikvm: dalvik-aux-structure mapped at 0x5a045000 with sizes 3752 5072 11996 2620
12-12 12:49:49.223 11081 11081 D dalvikvm: Good opt header, DEX offset is 64, flags=0x00
12-12 12:49:49.223 11081 11081 D dalvikvm: dalvik-aux-structure mapped at 0x599ca000 with sizes 864 112 12 8
12-12 12:49:49.223 11081 11081 D dalvikvm: Good opt header, DEX offset is 64, flags=0x00
12-12 12:49:49.223 11081 11081 D dalvikvm: dalvik-aux-structure mapped at 0x599cc000 with sizes 144 424 416 84
12-12 12:49:49.223 11081 11081 D dalvikvm: Good opt header, DEX offset is 64, flags=0x00
12-12 12:49:49.223 11081 11081 D dalvikvm: dalvik-aux-structure mapped at 0x5a05e000 with sizes 8 84 20 52
12-12 12:49:49.223 11081 11081 D dalvikvm: Good opt header, DEX offset is 64, flags=0x00
12-12 12:49:49.223 11081 11081 D dalvikvm: dalvik-aux-structure mapped at 0x5a05f000 with sizes 2300 1284 1900 732
12-12 12:49:49.223 11081 11081 D dalvikvm: Good opt header, DEX offset is 64, flags=0x00
12-12 12:49:49.223 11081 11081 D dalvikvm: dalvik-aux-structure mapped at 0x5a063000 with sizes 3068 1548 4364 1460
12-12 12:49:49.223 11081 11081 D dalvikvm: Good opt header, DEX offset is 64, flags=0x00
12-12 12:49:49.223 11081 11081 D dalvikvm: dalvik-aux-structure mapped at 0x5a067000 with sizes 2512 2028 2656 348
12-12 12:49:49.223 11081 11081 D dalvikvm: Good opt header, DEX offset is 64, flags=0x00
12-12 12:49:49.223 11081 11081 D dalvikvm: dalvik-aux-structure mapped at 0x5a06a000 with sizes 244 632 480 120
12-12 12:49:49.223 11081 11081 D dalvikvm: Good opt header, DEX offset is 64, flags=0x00
12-12 12:49:49.223 11081 11081 D dalvikvm: dalvik-aux-structure mapped at 0x5a06d000 with sizes 44 16 4 16
12-12 12:49:49.223 11081 11081 D dalvikvm: Good opt header, DEX offset is 64, flags=0x00
12-12 12:49:49.223 11081 11081 D dalvikvm: dalvik-aux-structure mapped at 0x5a3bc000 with sizes 17456 5180 15016 5508
12-12 12:49:49.233 11081 11081 D dalvikvm: Good opt header, DEX offset is 64, flags=0x00
12-12 12:49:49.233 11081 11081 D dalvikvm: dalvik-aux-structure mapped at 0x5a153000 with sizes 17648 1196 1848 1084
12-12 12:49:49.233 11081 11081 D dalvikvm: Good opt header, DEX offset is 64, flags=0x00
12-12 12:49:49.233 11081 11081 D dalvikvm: dalvik-aux-structure mapped at 0x5a5ec000 with sizes 5448 6248 17376 5152
12-12 12:49:49.233 11081 11081 D dalvikvm: Good opt header, DEX offset is 64, flags=0x00
12-12 12:49:49.233 11081 11081 D dalvikvm: dalvik-aux-structure mapped at 0x5a15a000 with sizes 92 272 204 12
12-12 12:49:49.233 11081 11081 D dalvikvm: Good opt header, DEX offset is 64, flags=0x00
12-12 12:49:49.233 11081 11081 D dalvikvm: dalvik-aux-structure mapped at 0x5a5fe000 with sizes 368 52 8 52
12-12 12:49:49.233 11081 11081 D dalvikvm: Good opt header, DEX offset is 64, flags=0x00
12-12 12:49:49.233 11081 11081 D dalvikvm: dalvik-aux-structure mapped at 0x5a61b000 with sizes 848 488 512 692
12-12 12:49:49.233 11081 11081 D dalvikvm: Good opt header, DEX offset is 64, flags=0x00
12-12 12:49:49.233 11081 11081 D dalvikvm: dalvik-aux-structure mapped at 0x5a61e000 with sizes 20 36 20 8
12-12 12:49:49.233 11081 11081 D dalvikvm: Good opt header, DEX offset is 64, flags=0x00
12-12 12:49:49.233 11081 11081 D dalvikvm: dalvik-aux-structure mapped at 0x5a627000 with sizes 360 232 320 68
12-12 12:49:49.233 11081 11081 D dalvikvm: Good opt header, DEX offset is 64, flags=0x00
12-12 12:49:49.233 11081 11081 D dalvikvm: dalvik-aux-structure mapped at 0x5a637000 with sizes 864 272 320 208
12-12 12:49:49.233 11081 11081 D dalvikvm: Trying to load lib libjavacore.so 0x0
12-12 12:49:49.243 11081 11081 D dalvikvm: Added shared lib libjavacore.so 0x0
12-12 12:49:49.243 11081 11081 D dalvikvm: Trying to load lib libnativehelper.so 0x0
12-12 12:49:49.243 11081 11081 D dalvikvm: Added shared lib libnativehelper.so 0x0
12-12 12:49:49.243 11081 11081 D dalvikvm: No JNI_OnLoad found in libnativehelper.so 0x0, skipping init
12-12 12:49:49.253 11081 11081 D dalvikvm: Good opt header, DEX offset is 64, flags=0x00
12-12 12:49:49.253 11081 11081 D dalvikvm: dalvik-aux-structure mapped at 0x5b89c000 with sizes 936 360 416 20
12-12 12:49:49.273 11081 11081 D dalvikvm: Note: class Landroid/app/ActivityManagerNative; has 179 unimplemented (abstract) methods
12-12 12:49:49.393 11081 11081 D AndroidRuntime: Calling main entry com.android.commands.pm.Pm
12-12 12:49:49.393 11081 11081 D AndroidRuntime: Shutting down VM
12-12 12:49:49.393   925  1100 W ActivityManager: Invalid packageName: com.android.chrome
12-12 12:49:50.103 11103 11103 D AndroidRuntime: 
12-12 12:49:50.103 11103 11103 D AndroidRuntime: >>>>>> AndroidRuntime START com.android.internal.os.RuntimeInit <<<<<<
12-12 12:49:50.103 11103 11103 D AndroidRuntime: CheckJNI is OFF
12-12 12:49:50.103 11103 11103 D dalvikvm: Good opt header, DEX offset is 64, flags=0x00
12-12 12:49:50.113 11103 11103 D dalvikvm: dalvik-aux-structure mapped at 0x58951000 with sizes 17456 9068 22916 7820
12-12 12:49:50.113 11103 11103 D dalvikvm: Good opt header, DEX offset is 64, flags=0x00
12-12 12:49:50.113 11103 11103 D dalvikvm: dalvik-aux-structure mapped at 0x5895f000 with sizes 3488 1968 3700 1000
12-12 12:49:50.113 11103 11103 D dalvikvm: Good opt header, DEX offset is 64, flags=0x00
12-12 12:49:50.113 11103 11103 D dalvikvm: dalvik-aux-structure mapped at 0x58963000 with sizes 1212 1216 2416 256
12-12 12:49:50.113 11103 11103 D dalvikvm: Good opt header, DEX offset is 64, flags=0x00
12-12 12:49:50.113 11103 11103 D dalvikvm: dalvik-aux-structure mapped at 0x5896a000 with sizes 132 296 392 8
12-12 12:49:50.113 11103 11103 D dalvikvm: Good opt header, DEX offset is 64, flags=0x00
12-12 12:49:50.113 11103 11103 D dalvikvm: dalvik-aux-structure mapped at 0x58b29000 with sizes 8748 4364 7932 3996
12-12 12:49:50.113 11103 11103 D dalvikvm: Good opt header, DEX offset is 64, flags=0x00
12-12 12:49:50.113 11103 11103 D dalvikvm: dalvik-aux-structure mapped at 0x58b30000 with sizes 22496 5180 8540 1804
12-12 12:49:50.113 11103 11103 D dalvikvm: Good opt header, DEX offset is 64, flags=0x00
12-12 12:49:50.113 11103 11103 D dalvikvm: dalvik-aux-structure mapped at 0x596a4000 with sizes 56980 26392 103936 34400
12-12 12:49:50.113 11103 11103 D dalvikvm: Good opt header, DEX offset is 64, flags=0x00
12-12 12:49:50.113 11103 11103 D dalvikvm: dalvik-aux-structure mapped at 0x598bf000 with sizes 9456 6512 11508 3328
12-12 12:49:50.113 11103 11103 D dalvikvm: Good opt header, DEX offset is 64, flags=0x00
12-12 12:49:50.113 11103 11103 D dalvikvm: dalvik-aux-structure mapped at 0x59a33000 with sizes 20772 3532 10520 3092
12-12 12:49:50.113 11103 11103 D dalvikvm: Good opt header, DEX offset is 64, flags=0x00
12-12 12:49:50.113 11103 11103 D dalvikvm: dalvik-aux-structure mapped at 0x58b3f000 with sizes 1660 956 2388 56
12-12 12:49:50.113 11103 11103 D dalvikvm: Good opt header, DEX offset is 64, flags=0x00
12-12 12:49:50.113 11103 11103 D dalvikvm: dalvik-aux-structure mapped at 0x59a9b000 with sizes 1312 504 800 184
12-12 12:49:50.113 11103 11103 D dalvikvm: Good opt header, DEX offset is 64, flags=0x00
12-12 12:49:50.113 11103 11103 D dalvikvm: dalvik-aux-structure mapped at 0x59a9c000 with sizes 1704 1896 3404 216
12-12 12:49:50.113 11103 11103 D dalvikvm: Good opt header, DEX offset is 64, flags=0x00
12-12 12:49:50.113 11103 11103 D dalvikvm: dalvik-aux-structure mapped at 0x59edf000 with sizes 41656 10740 31732 2024
12-12 12:49:50.113 11103 11103 D dalvikvm: Good opt header, DEX offset is 64, flags=0x00
12-12 12:49:50.113 11103 11103 D dalvikvm: dalvik-aux-structure mapped at 0x59aa1000 with sizes 13340 3572 6468 560
12-12 12:49:50.123 11103 11103 D dalvikvm: Good opt header, DEX offset is 64, flags=0x00
12-12 12:49:50.123 11103 11103 D dalvikvm: dalvik-aux-structure mapped at 0x5a124000 with sizes 3752 5072 11996 2620
12-12 12:49:50.123 11103 11103 D dalvikvm: Good opt header, DEX offset is 64, flags=0x00
12-12 12:49:50.123 11103 11103 D dalvikvm: dalvik-aux-structure mapped at 0x59aa9000 with sizes 864 112 12 8
12-12 12:49:50.123 11103 11103 D dalvikvm: Good opt header, DEX offset is 64, flags=0x00
12-12 12:49:50.123 11103 11103 D dalvikvm: dalvik-aux-structure mapped at 0x59aab000 with sizes 144 424 416 84
12-12 12:49:50.123 11103 11103 D dalvikvm: Good opt header, DEX offset is 64, flags=0x00
12-12 12:49:50.123 11103 11103 D dalvikvm: dalvik-aux-structure mapped at 0x5a13d000 with sizes 8 84 20 52
12-12 12:49:50.123 11103 11103 D dalvikvm: Good opt header, DEX offset is 64, flags=0x00
12-12 12:49:50.123 11103 11103 D dalvikvm: dalvik-aux-structure mapped at 0x5a13e000 with sizes 2300 1284 1900 732
12-12 12:49:50.123 11103 11103 D dalvikvm: Good opt header, DEX offset is 64, flags=0x00
12-12 12:49:50.123 11103 11103 D dalvikvm: dalvik-aux-structure mapped at 0x5a142000 with sizes 3068 1548 4364 1460
12-12 12:49:50.123 11103 11103 D dalvikvm: Good opt header, DEX offset is 64, flags=0x00
12-12 12:49:50.123 11103 11103 D dalvikvm: dalvik-aux-structure mapped at 0x5a146000 with sizes 2512 2028 2656 348
12-12 12:49:50.123 11103 11103 D dalvikvm: Good opt header, DEX offset is 64, flags=0x00
12-12 12:49:50.123 11103 11103 D dalvikvm: dalvik-aux-structure mapped at 0x5a149000 with sizes 244 632 480 120
12-12 12:49:50.123 11103 11103 D dalvikvm: Good opt header, DEX offset is 64, flags=0x00
12-12 12:49:50.123 11103 11103 D dalvikvm: dalvik-aux-structure mapped at 0x5a14c000 with sizes 44 16 4 16
12-12 12:49:50.123 11103 11103 D dalvikvm: Good opt header, DEX offset is 64, flags=0x00
12-12 12:49:50.123 11103 11103 D dalvikvm: dalvik-aux-structure mapped at 0x5a49b000 with sizes 17456 5180 15016 5508
12-12 12:49:50.123 11103 11103 D dalvikvm: Good opt header, DEX offset is 64, flags=0x00
12-12 12:49:50.123 11103 11103 D dalvikvm: dalvik-aux-structure mapped at 0x5a232000 with sizes 17648 1196 1848 1084
12-12 12:49:50.123 11103 11103 D dalvikvm: Good opt header, DEX offset is 64, flags=0x00
12-12 12:49:50.123 11103 11103 D dalvikvm: dalvik-aux-structure mapped at 0x5a6cb000 with sizes 5448 6248 17376 5152
12-12 12:49:50.123 11103 11103 D dalvikvm: Good opt header, DEX offset is 64, flags=0x00
12-12 12:49:50.123 11103 11103 D dalvikvm: dalvik-aux-structure mapped at 0x5a239000 with sizes 92 272 204 12
12-12 12:49:50.123 11103 11103 D dalvikvm: Good opt header, DEX offset is 64, flags=0x00
12-12 12:49:50.123 11103 11103 D dalvikvm: dalvik-aux-structure mapped at 0x5a6dd000 with sizes 368 52 8 52
12-12 12:49:50.123 11103 11103 D dalvikvm: Good opt header, DEX offset is 64, flags=0x00
12-12 12:49:50.123 11103 11103 D dalvikvm: dalvik-aux-structure mapped at 0x5a6fa000 with sizes 848 488 512 692
12-12 12:49:50.123 11103 11103 D dalvikvm: Good opt header, DEX offset is 64, flags=0x00
12-12 12:49:50.123 11103 11103 D dalvikvm: dalvik-aux-structure mapped at 0x5a6fd000 with sizes 20 36 20 8
12-12 12:49:50.133 11103 11103 D dalvikvm: Good opt header, DEX offset is 64, flags=0x00
12-12 12:49:50.133 11103 11103 D dalvikvm: dalvik-aux-structure mapped at 0x5a706000 with sizes 360 232 320 68
12-12 12:49:50.133 11103 11103 D dalvikvm: Good opt header, DEX offset is 64, flags=0x00
12-12 12:49:50.133 11103 11103 D dalvikvm: dalvik-aux-structure mapped at 0x5a716000 with sizes 864 272 320 208
12-12 12:49:50.133 11103 11103 D dalvikvm: Trying to load lib libjavacore.so 0x0
12-12 12:49:50.133 11103 11103 D dalvikvm: Added shared lib libjavacore.so 0x0
12-12 12:49:50.133 11103 11103 D dalvikvm: Trying to load lib libnativehelper.so 0x0
12-12 12:49:50.143 11103 11103 D dalvikvm: Added shared lib libnativehelper.so 0x0
12-12 12:49:50.143 11103 11103 D dalvikvm: No JNI_OnLoad found in libnativehelper.so 0x0, skipping init
12-12 12:49:50.143 11103 11103 D dalvikvm: Good opt header, DEX offset is 64, flags=0x00
12-12 12:49:50.143 11103 11103 D dalvikvm: dalvik-aux-structure mapped at 0x5b97b000 with sizes 936 360 416 20
12-12 12:49:50.173 11103 11103 D dalvikvm: Note: class Landroid/app/ActivityManagerNative; has 179 unimplemented (abstract) methods
12-12 12:49:50.283 11103 11103 D AndroidRuntime: Calling main entry com.android.commands.pm.Pm
12-12 12:49:50.293   925  1596 W SharedAssetStorage: Launching com.amazon.dcp (32016) with AMZ_APP_GID
12-12 12:49:50.293   925  1423 I ActivityManager: Force stopping com.android.systemui appid=32039 user=0: clear data
12-12 12:49:50.303 11122 11122 I dalvikvm: Marking process com.amazon.dcp skinny
12-12 12:49:50.303   261   261 E installd: Couldn't opendir data/securedStorageLocation/com.android.systemui: No such file or directory
12-12 12:49:50.303   261   261 I installd: no data under secured storage for com.android.systemui
12-12 12:49:50.303   366   366 D keystore: calling clear_uid in state: 3
12-12 12:49:50.313   925  1596 I ActivityManager: Start proc com.amazon.dcp for broadcast com.amazon.dcp/.framework.ServicePersistenceHelper: pid=11122 uid=32016 gids={72016, 2001, 3003, 1028, 1015, 3002, 9001}
12-12 12:49:50.323   925   956 W Settings: Setting default_input_method has moved from android.provider.Settings.Secure to android.provider.Settings.Global.
12-12 12:49:50.333 11103 11103 D AndroidRuntime: Shutting down VM
12-12 12:49:50.773   925  1389 I ActivityManager: Killing 10464:com.android.providers.contacts:voicemailcleanup/u0a22041 (adj 12): empty #17
12-12 12:49:50.983 11141 11141 D AndroidRuntime: 
12-12 12:49:50.983 11141 11141 D AndroidRuntime: >>>>>> AndroidRuntime START com.android.internal.os.RuntimeInit <<<<<<
12-12 12:49:50.983 11141 11141 D AndroidRuntime: CheckJNI is OFF
12-12 12:49:50.983 11141 11141 D dalvikvm: Good opt header, DEX offset is 64, flags=0x00
12-12 12:49:50.983 11141 11141 D dalvikvm: dalvik-aux-structure mapped at 0x588e3000 with sizes 17456 9068 22916 7820
12-12 12:49:50.983 11141 11141 D dalvikvm: Good opt header, DEX offset is 64, flags=0x00
12-12 12:49:50.983 11141 11141 D dalvikvm: dalvik-aux-structure mapped at 0x588f1000 with sizes 3488 1968 3700 1000
12-12 12:49:50.983 11141 11141 D dalvikvm: Good opt header, DEX offset is 64, flags=0x00
12-12 12:49:50.983 11141 11141 D dalvikvm: dalvik-aux-structure mapped at 0x588f5000 with sizes 1212 1216 2416 256
12-12 12:49:50.983 11141 11141 D dalvikvm: Good opt header, DEX offset is 64, flags=0x00
12-12 12:49:50.983 11141 11141 D dalvikvm: dalvik-aux-structure mapped at 0x588fc000 with sizes 132 296 392 8
12-12 12:49:50.983 11141 11141 D dalvikvm: Good opt header, DEX offset is 64, flags=0x00
12-12 12:49:50.983 11141 11141 D dalvikvm: dalvik-aux-structure mapped at 0x58abb000 with sizes 8748 4364 7932 3996
12-12 12:49:50.983 11141 11141 D dalvikvm: Good opt header, DEX offset is 64, flags=0x00
12-12 12:49:50.983 11141 11141 D dalvikvm: dalvik-aux-structure mapped at 0x58ac2000 with sizes 22496 5180 8540 1804
12-12 12:49:50.983 11141 11141 D dalvikvm: Good opt header, DEX offset is 64, flags=0x00
12-12 12:49:50.983 11141 11141 D dalvikvm: dalvik-aux-structure mapped at 0x59636000 with sizes 56980 26392 103936 34400
12-12 12:49:50.983 11141 11141 D dalvikvm: Good opt header, DEX offset is 64, flags=0x00
12-12 12:49:50.983 11141 11141 D dalvikvm: dalvik-aux-structure mapped at 0x59851000 with sizes 9456 6512 11508 3328
12-12 12:49:50.983 11141 11141 D dalvikvm: Good opt header, DEX offset is 64, flags=0x00
12-12 12:49:50.983 11141 11141 D dalvikvm: dalvik-aux-structure mapped at 0x599c5000 with sizes 20772 3532 10520 3092
12-12 12:49:50.983 11141 11141 D dalvikvm: Good opt header, DEX offset is 64, flags=0x00
12-12 12:49:50.983 11141 11141 D dalvikvm: dalvik-aux-structure mapped at 0x58ad1000 with sizes 1660 956 2388 56
12-12 12:49:50.983 11141 11141 D dalvikvm: Good opt header, DEX offset is 64, flags=0x00
12-12 12:49:50.983 11141 11141 D dalvikvm: dalvik-aux-structure mapped at 0x59a2d000 with sizes 1312 504 800 184
12-12 12:49:50.993 11141 11141 D dalvikvm: Good opt header, DEX offset is 64, flags=0x00
12-12 12:49:50.993 11141 11141 D dalvikvm: dalvik-aux-structure mapped at 0x59a2e000 with sizes 1704 1896 3404 216
12-12 12:49:50.993 11141 11141 D dalvikvm: Good opt header, DEX offset is 64, flags=0x00
12-12 12:49:50.993 11141 11141 D dalvikvm: dalvik-aux-structure mapped at 0x59e71000 with sizes 41656 10740 31732 2024
12-12 12:49:50.993 11141 11141 D dalvikvm: Good opt header, DEX offset is 64, flags=0x00
12-12 12:49:50.993 11141 11141 D dalvikvm: dalvik-aux-structure mapped at 0x59a33000 with sizes 13340 3572 6468 560
12-12 12:49:50.993 11141 11141 D dalvikvm: Good opt header, DEX offset is 64, flags=0x00
12-12 12:49:50.993 11141 11141 D dalvikvm: dalvik-aux-structure mapped at 0x5a0b6000 with sizes 3752 5072 11996 2620
12-12 12:49:50.993 11141 11141 D dalvikvm: Good opt header, DEX offset is 64, flags=0x00
12-12 12:49:50.993 11141 11141 D dalvikvm: dalvik-aux-structure mapped at 0x59a3b000 with sizes 864 112 12 8
12-12 12:49:50.993 11141 11141 D dalvikvm: Good opt header, DEX offset is 64, flags=0x00
12-12 12:49:50.993 11141 11141 D dalvikvm: dalvik-aux-structure mapped at 0x59a3d000 with sizes 144 424 416 84
12-12 12:49:50.993 11141 11141 D dalvikvm: Good opt header, DEX offset is 64, flags=0x00
12-12 12:49:50.993 11141 11141 D dalvikvm: dalvik-aux-structure mapped at 0x5a0cf000 with sizes 8 84 20 52
12-12 12:49:50.993 11141 11141 D dalvikvm: Good opt header, DEX offset is 64, flags=0x00
12-12 12:49:50.993 11141 11141 D dalvikvm: dalvik-aux-structure mapped at 0x5a0d0000 with sizes 2300 1284 1900 732
12-12 12:49:50.993 11141 11141 D dalvikvm: Good opt header, DEX offset is 64, flags=0x00
12-12 12:49:50.993 11141 11141 D dalvikvm: dalvik-aux-structure mapped at 0x5a0d4000 with sizes 3068 1548 4364 1460
12-12 12:49:50.993 11141 11141 D dalvikvm: Good opt header, DEX offset is 64, flags=0x00
12-12 12:49:50.993 11141 11141 D dalvikvm: dalvik-aux-structure mapped at 0x5a0d8000 with sizes 2512 2028 2656 348
12-12 12:49:50.993 11141 11141 D dalvikvm: Good opt header, DEX offset is 64, flags=0x00
