--------- beginning of /dev/log/main
12-12 12:49:24.393 10249 10249 D AndroidRuntime: 
12-12 12:49:24.393 10249 10249 D AndroidRuntime: >>>>>> AndroidRuntime START com.android.internal.os.RuntimeInit <<<<<<
12-12 12:49:24.403 10249 10249 D AndroidRuntime: CheckJNI is OFF
12-12 12:49:24.403 10249 10249 D dalvikvm: Good opt header, DEX offset is 64, flags=0x00
12-12 12:49:24.403 10249 10249 D dalvikvm: dalvik-aux-structure mapped at 0x58863000 with sizes 17456 9068 22916 7820
12-12 12:49:24.403 10249 10249 D dalvikvm: Good opt header, DEX offset is 64, flags=0x00
12-12 12:49:24.403 10249 10249 D dalvikvm: dalvik-aux-structure mapped at 0x58871000 with sizes 3488 1968 3700 1000
12-12 12:49:24.403 10249 10249 D dalvikvm: Good opt header, DEX offset is 64, flags=0x00
12-12 12:49:24.403 10249 10249 D dalvikvm: dalvik-aux-structure mapped at 0x58875000 with sizes 1212 1216 2416 256
12-12 12:49:24.403 10249 10249 D dalvikvm: Good opt header, DEX offset is 64, flags=0x00
12-12 12:49:24.403 10249 10249 D dalvikvm: dalvik-aux-structure mapped at 0x5887c000 with sizes 132 296 392 8
12-12 12:49:24.403 10249 10249 D dalvikvm: Good opt header, DEX offset is 64, flags=0x00
12-12 12:49:24.403 10249 10249 D dalvikvm: dalvik-aux-structure mapped at 0x58a3b000 with sizes 8748 4364 7932 3996
12-12 12:49:24.403 10249 10249 D dalvikvm: Good opt header, DEX offset is 64, flags=0x00
12-12 12:49:24.403 10249 10249 D dalvikvm: dalvik-aux-structure mapped at 0x58a42000 with sizes 22496 5180 8540 1804
12-12 12:49:24.403 10249 10249 D dalvikvm: Good opt header, DEX offset is 64, flags=0x00
12-12 12:49:24.403 10249 10249 D dalvikvm: dalvik-aux-structure mapped at 0x595b6000 with sizes 56980 26392 103936 34400
12-12 12:49:24.403 10249 10249 D dalvikvm: Good opt header, DEX offset is 64, flags=0x00
12-12 12:49:24.403 10249 10249 D dalvikvm: dalvik-aux-structure mapped at 0x597d1000 with sizes 9456 6512 11508 3328
12-12 12:49:24.403 10249 10249 D dalvikvm: Good opt header, DEX offset is 64, flags=0x00
12-12 12:49:24.403 10249 10249 D dalvikvm: dalvik-aux-structure mapped at 0x59945000 with sizes 20772 3532 10520 3092
12-12 12:49:24.403 10249 10249 D dalvikvm: Good opt header, DEX offset is 64, flags=0x00
12-12 12:49:24.403 10249 10249 D dalvikvm: dalvik-aux-structure mapped at 0x58a51000 with sizes 1660 956 2388 56
12-12 12:49:24.403 10249 10249 D dalvikvm: Good opt header, DEX offset is 64, flags=0x00
12-12 12:49:24.413 10249 10249 D dalvikvm: dalvik-aux-structure mapped at 0x599ad000 with sizes 1312 504 800 184
12-12 12:49:24.413 10249 10249 D dalvikvm: Good opt header, DEX offset is 64, flags=0x00
12-12 12:49:24.413 10249 10249 D dalvikvm: dalvik-aux-structure mapped at 0x599ae000 with sizes 1704 1896 3404 216
12-12 12:49:24.413 10249 10249 D dalvikvm: Good opt header, DEX offset is 64, flags=0x00
12-12 12:49:24.413 10249 10249 D dalvikvm: dalvik-aux-structure mapped at 0x59df1000 with sizes 41656 10740 31732 2024
12-12 12:49:24.413 10249 10249 D dalvikvm: Good opt header, DEX offset is 64, flags=0x00
12-12 12:49:24.413 10249 10249 D dalvikvm: dalvik-aux-structure mapped at 0x599b3000 with sizes 13340 3572 6468 560
12-12 12:49:24.413 10249 10249 D dalvikvm: Good opt header, DEX offset is 64, flags=0x00
12-12 12:49:24.413 10249 10249 D dalvikvm: dalvik-aux-structure mapped at 0x5a036000 with sizes 3752 5072 11996 2620
12-12 12:49:24.413 10249 10249 D dalvikvm: Good opt header, DEX offset is 64, flags=0x00
12-12 12:49:24.413 10249 10249 D dalvikvm: dalvik-aux-structure mapped at 0x599bb000 with sizes 864 112 12 8
12-12 12:49:24.413 10249 10249 D dalvikvm: Good opt header, DEX offset is 64, flags=0x00
12-12 12:49:24.413 10249 10249 D dalvikvm: dalvik-aux-structure mapped at 0x599bd000 with sizes 144 424 416 84
12-12 12:49:24.413 10249 10249 D dalvikvm: Good opt header, DEX offset is 64, flags=0x00
12-12 12:49:24.413 10249 10249 D dalvikvm: dalvik-aux-structure mapped at 0x5a04f000 with sizes 8 84 20 52
12-12 12:49:24.413 10249 10249 D dalvikvm: Good opt header, DEX offset is 64, flags=0x00
12-12 12:49:24.413 10249 10249 D dalvikvm: dalvik-aux-structure mapped at 0x5a050000 with sizes 2300 1284 1900 732
12-12 12:49:24.413 10249 10249 D dalvikvm: Good opt header, DEX offset is 64, flags=0x00
12-12 12:49:24.413 10249 10249 D dalvikvm: dalvik-aux-structure mapped at 0x5a054000 with sizes 3068 1548 4364 1460
12-12 12:49:24.413 10249 10249 D dalvikvm: Good opt header, DEX offset is 64, flags=0x00
12-12 12:49:24.413 10249 10249 D dalvikvm: dalvik-aux-structure mapped at 0x5a058000 with sizes 2512 2028 2656 348
12-12 12:49:24.413 10249 10249 D dalvikvm: Good opt header, DEX offset is 64, flags=0x00
12-12 12:49:24.413 10249 10249 D dalvikvm: dalvik-aux-structure mapped at 0x5a05b000 with sizes 244 632 480 120
12-12 12:49:24.413 10249 10249 D dalvikvm: Good opt header, DEX offset is 64, flags=0x00
12-12 12:49:24.413 10249 10249 D dalvikvm: dalvik-aux-structure mapped at 0x5a05e000 with sizes 44 16 4 16
12-12 12:49:24.413 10249 10249 D dalvikvm: Good opt header, DEX offset is 64, flags=0x00
12-12 12:49:24.413 10249 10249 D dalvikvm: dalvik-aux-structure mapped at 0x5a3ad000 with sizes 17456 5180 15016 5508
12-12 12:49:24.413 10249 10249 D dalvikvm: Good opt header, DEX offset is 64, flags=0x00
12-12 12:49:24.413 10249 10249 D dalvikvm: dalvik-aux-structure mapped at 0x5a144000 with sizes 17648 1196 1848 1084
12-12 12:49:24.423 10249 10249 D dalvikvm: Good opt header, DEX offset is 64, flags=0x00
12-12 12:49:24.423 10249 10249 D dalvikvm: dalvik-aux-structure mapped at 0x5a5dd000 with sizes 5448 6248 17376 5152
12-12 12:49:24.423 10249 10249 D dalvikvm: Good opt header, DEX offset is 64, flags=0x00
12-12 12:49:24.423 10249 10249 D dalvikvm: dalvik-aux-structure mapped at 0x5a14b000 with sizes 92 272 204 12
12-12 12:49:24.423 10249 10249 D dalvikvm: Good opt header, DEX offset is 64, flags=0x00
12-12 12:49:24.423 10249 10249 D dalvikvm: dalvik-aux-structure mapped at 0x5a5ef000 with sizes 368 52 8 52
12-12 12:49:24.423 10249 10249 D dalvikvm: Good opt header, DEX offset is 64, flags=0x00
12-12 12:49:24.423 10249 10249 D dalvikvm: dalvik-aux-structure mapped at 0x5a60c000 with sizes 848 488 512 692
12-12 12:49:24.423 10249 10249 D dalvikvm: Good opt header, DEX offset is 64, flags=0x00
12-12 12:49:24.423 10249 10249 D dalvikvm: dalvik-aux-structure mapped at 0x5a60f000 with sizes 20 36 20 8
12-12 12:49:24.423 10249 10249 D dalvikvm: Good opt header, DEX offset is 64, flags=0x00
12-12 12:49:24.423 10249 10249 D dalvikvm: dalvik-aux-structure mapped at 0x5a618000 with sizes 360 232 320 68
12-12 12:49:24.423 10249 10249 D dalvikvm: Good opt header, DEX offset is 64, flags=0x00
12-12 12:49:24.423 10249 10249 D dalvikvm: dalvik-aux-structure mapped at 0x5a628000 with sizes 864 272 320 208
12-12 12:49:24.423 10249 10249 D dalvikvm: Trying to load lib libjavacore.so 0x0
12-12 12:49:24.423 10249 10249 D dalvikvm: Added shared lib libjavacore.so 0x0
12-12 12:49:24.433 10249 10249 D dalvikvm: Trying to load lib libnativehelper.so 0x0
12-12 12:49:24.433 10249 10249 D dalvikvm: Added shared lib libnativehelper.so 0x0
12-12 12:49:24.433 10249 10249 D dalvikvm: No JNI_OnLoad found in libnativehelper.so 0x0, skipping init
12-12 12:49:24.443 10249 10249 D dalvikvm: Good opt header, DEX offset is 64, flags=0x00
12-12 12:49:24.443 10249 10249 D dalvikvm: dalvik-aux-structure mapped at 0x5b88f000 with sizes 912 344 448 12
12-12 12:49:24.463 10249 10249 D dalvikvm: Note: class Landroid/app/ActivityManagerNative; has 179 unimplemented (abstract) methods
12-12 12:49:24.583 10249 10249 D AndroidRuntime: Calling main entry com.android.commands.am.Am
--------- beginning of /dev/log/system
12-12 12:49:24.593   925  1505 I ActivityManager: Force stopping com.example.snoopy appid=10002 user=0: start instr
12-12 12:49:24.593   925  1505 I ActivityManager: Killing 7948:com.example.snoopy/u0a2 (adj 0): stop com.example.snoopy
12-12 12:49:24.593   925  1505 W ActivityManager: Force removing ActivityRecord{42281438 u0 com.example.snoopy/.CameraInputFrames t4}: app died, no saved state
12-12 12:49:24.603   925   977 W InputDispatcher: channel '42b051a0 com.example.snoopy/com.example.snoopy.CameraInputFrames (server)' ~ Consumer closed input channel or an error occurred.  events=0x9
12-12 12:49:24.603   925   977 E InputDispatcher: channel '42b051a0 com.example.snoopy/com.example.snoopy.CameraInputFrames (server)' ~ Channel is unrecoverably broken and will be disposed!
12-12 12:49:24.613   925  1505 W WindowManager: Rebuild removed 3 windows but added 2
12-12 12:49:24.613   925  1505 W WindowManager: java.lang.RuntimeException: here
12-12 12:49:24.613   925  1505 W WindowManager: 	at com.android.server.wm.WindowManagerService.rebuildAppWindowListLocked(WindowManagerService.java:8899)
12-12 12:49:24.613   925  1505 W WindowManager: 	at com.android.server.wm.WindowManagerService.rebuildAppWindowListLocked(WindowManagerService.java:8835)
12-12 12:49:24.613   925  1505 W WindowManager: 	at com.android.server.wm.WindowManagerService.handleAppTransitionReadyLocked(WindowManagerService.java:9330)
12-12 12:49:24.613   925  1505 W WindowManager: 	at com.android.server.wm.WindowManagerService.performLayoutAndPlaceSurfacesLockedInner(WindowManagerService.java:10138)
12-12 12:49:24.613   925  1505 W WindowManager: 	at com.android.server.wm.WindowManagerService.performLayoutAndPlaceSurfacesLockedLoop(WindowManagerService.java:9051)
12-12 12:49:24.613   925  1505 W WindowManager: 	at com.android.server.wm.WindowManagerService.performLayoutAndPlaceSurfacesLocked(WindowManagerService.java:8993)
12-12 12:49:24.613   925  1505 W WindowManager: 	at com.android.server.wm.WindowManagerService.executeAppTransition(WindowManagerService.java:4583)
12-12 12:49:24.613   925  1505 W WindowManager: 	at com.android.server.am.ActivityStackSupervisor.reportResumedActivityLocked(ActivityStackSupervisor.java:2421)
12-12 12:49:24.613   925  1505 W WindowManager: 	at com.android.server.am.ActivityStack.completeResumeLocked(ActivityStack.java:1115)
12-12 12:49:24.613   925  1505 W WindowManager: 	at com.android.server.am.ActivityStack.resumeTopActivityLocked(ActivityStack.java:1827)
12-12 12:49:24.613   925  1505 W WindowManager: 	at com.android.server.am.ActivityStackSupervisor.resumeTopActivitiesLocked(ActivityStackSupervisor.java:2186)
12-12 12:49:24.613   925  1505 W WindowManager: 	at com.android.server.am.ActivityStackSupervisor.resumeTopActivitiesLocked(ActivityStackSupervisor.java:2173)
12-12 12:49:24.613   925  1505 W WindowManager: 	at com.android.server.am.ActivityManagerService.forceStopPackageLocked(ActivityManagerService.java:5336)
12-12 12:49:24.613   925  1505 W WindowManager: 	at com.android.server.am.ActivityManagerService.startInstrumentation(ActivityManagerService.java:15097)
12-12 12:49:24.613   925  1505 W WindowManager: 	at android.app.ActivityManagerNative.onTransact(ActivityManagerNative.java:916)
12-12 12:49:24.613   925  1505 W WindowManager: 	at com.android.server.am.ActivityManagerService.onTransact(ActivityManagerService.java:2293)
12-12 12:49:24.613   925  1505 W WindowManager: 	at android.os.Binder.execTransact(Binder.java:404)
12-12 12:49:24.613   925  1505 W WindowManager: 	at dalvik.system.NativeStart.run(Native Method)
12-12 12:49:24.613   925  1505 W WindowManager: This window was lost: Window{42b051a0 u0 com.example.snoopy/com.example.snoopy.CameraInputFrames}
12-12 12:49:24.613   925  1505 W WindowManager: mAttrs.type=1
12-12 12:49:24.613   925  1505 W WindowManager: attachedWindow=nullmTouchableRegion=SkRegion((0,0,1200,1803))mDisplayId=0 mSession=Session{42c05928 7948:u0a10002} mClient=android.os.BinderProxy@42349500
12-12 12:49:24.613   925  1505 W WindowManager: mOwnerUid=10002 mShowToOwnerOnly=true package=com.example.snoopy appop=NONE
12-12 12:49:24.613   925  1505 W WindowManager: mAttrs=WM.LayoutParams{(0,0)(fillxfill) sim=#120 ty=1 fl=#1810100 pfl=0x8 wanim=0x10302a1}
12-12 12:49:24.613   925  1505 W WindowManager: Requested w=1200 h=1920 mLayoutSeq=94
12-12 12:49:24.613   925  1505 W WindowManager: mBaseLayer=21000 mSubLayer=0 mAnimLayer=21010+0=21010 mLastLayer=21010
12-12 12:49:24.613   925  1505 W WindowManager: mToken=AppWindowToken{42f2ac18 token=Token{429e8960 ActivityRecord{42281438 u0 com.example.snoopy/.CameraInputFrames t4}}}
12-12 12:49:24.613   925  1505 W WindowManager: mRootToken=AppWindowToken{42f2ac18 token=Token{429e8960 ActivityRecord{42281438 u0 com.example.snoopy/.CameraInputFrames t4}}}
12-12 12:49:24.613   925  1505 W WindowManager: mAppToken=AppWindowToken{42f2ac18 token=Token{429e8960 ActivityRecord{42281438 u0 com.example.snoopy/.CameraInputFrames t4}}}
12-12 12:49:24.613   925  1505 W WindowManager: mViewVisibility=0x0 mHaveFrame=true mObscured=false
12-12 12:49:24.613   925  1505 W WindowManager: mSeq=0 mSystemUiVisibility=0x0
12-12 12:49:24.613   925  1505 W WindowManager: mGivenContentInsets=[0,0][0,0] mGivenVisibleInsets=[0,0][0,0]
12-12 12:49:24.613   925  1505 W WindowManager: mConfiguration={1.0 ?mcc?mnc en_US ldltr sw600dp w600dp h934dp 320dpi lrg port rot_0 finger -keyb/v/h -nav/h s.5}
12-12 12:49:24.613   925  1505 W WindowManager: mHasSurface=true mShownFrame=[0.0,0.0][1200.0,1803.0] isReadyForDisplay()=false
12-12 12:49:24.613   925  1505 W WindowManager: mFrame=[0,0][1200,1803] last=[0,0][1200,1803]
12-12 12:49:24.613   925  1505 W WindowManager: mSystemDecorRect=[0,51][1200,1803] last=[0,51][1200,1803]
12-12 12:49:24.613   925  1505 W WindowManager: Frames: containing=[0,0][1200,1803] parent=[0,0][1200,1803]
12-12 12:49:24.613   925  1505 W WindowManager:     display=[0,0][1200,1803] overscan=[0,0][1200,1920]
12-12 12:49:24.613   925  1505 W WindowManager:     content=[0,51][1200,1803] visible=[0,51][1200,1803]
12-12 12:49:24.613   925  1505 W WindowManager:     decor=[0,51][1200,1803]
12-12 12:49:24.613   925  1505 W WindowManager: Cur insets: overscan=[0,0][0,0] content=[0,51][0,0] visible=[0,51][0,0]
12-12 12:49:24.613   925  1505 W WindowManager: Lst insets: overscan=[0,0][0,0] content=[0,51][0,0] visible=[0,51][0,0]
12-12 12:49:24.613   925  1505 W WindowManager: WindowStateAnimator{42ed8dc0 com.example.snoopy/com.example.snoopy.CameraInputFrames}:
12-12 12:49:24.613   925  1505 W WindowManager:   mSurface=Surface(name=com.example.snoopy/com.example.snoopy.CameraInputFrames)
12-12 12:49:24.613   925  1505 W WindowManager:   mDrawState=HAS_DRAWN mLastHidden=false
12-12 12:49:24.613   925  1505 W WindowManager:   Surface: shown=true layer=21010 alpha=1.0 rect=(0.0,0.0) 1200.0 x 1803.0
12-12 12:49:24.613   925  1505 W WindowManager: Current app token list:
12-12 12:49:24.613   925  1505 V WindowManager:   Display 0
12-12 12:49:24.613   925  1505 V WindowManager:   #1: Token{42aab618 ActivityRecord{42aab268 u0 com.amazon.kindle.otter/.Launcher t1}}
12-12 12:49:24.613   925  1505 V WindowManager:   #0: Token{42cb2d58 ActivityRecord{42cb2bf0 u0 com.android.systemui/.usb.UsbMtpMissingActivity t2}}
12-12 12:49:24.613   925  1505 W WindowManager: Final window list:
12-12 12:49:24.613   925  1505 V WindowManager:   #0: Window{42b42970 u0 NavigationBar}
12-12 12:49:24.613   925  1505 V WindowManager:   #1: Window{42b415c8 u0 StatusBar}
12-12 12:49:24.613   925  1505 V WindowManager:   #2: Window{42b1a108 u0 Keyguard}
12-12 12:49:24.623   925  1505 V WindowManager:   #3: Window{42a17960 u0 KeyguardScrim}
12-12 12:49:24.623   925  1505 V WindowManager:   #4: Window{429b8838 u0 com.amazon.kindle.otter/com.amazon.kindle.otter.Launcher}
12-12 12:49:24.623   925  1505 V WindowManager:   #5: Window{42cb9108 u0 com.android.systemui/com.android.systemui.usb.UsbMtpMissingActivity}
12-12 12:49:24.623   925  1425 W InputDispatcher: Attempted to unregister already unregistered input channel '42b051a0 com.example.snoopy/com.example.snoopy.CameraInputFrames (server)'
12-12 12:49:24.623   925  1505 D AmazonTransitionManager: openingActivityName = com.amazon.kindle.otter.Launcher, animationType = HOME
12-12 12:49:24.623   925  1425 I WindowState: WIN DEATH: Window{42b051a0 u0 com.example.snoopy/com.example.snoopy.CameraInputFrames}
12-12 12:49:24.643 10268 10268 D dalvikvm: Late-enabling CheckJNI
12-12 12:49:24.643   925  1505 I ActivityManager: Start proc com.example.snoopy for added application com.example.snoopy: pid=10268 uid=10002 gids={50002, 3003, 1028, 1015}
12-12 12:49:24.713   925   935 W InputMethodManagerService: Got RemoteException sending setActive(false) notification to pid 7948 uid 10002
12-12 12:49:24.723 10268 10268 D dalvikvm: Good opt header, DEX offset is 64, flags=0x00
12-12 12:49:24.723 10268 10268 D dalvikvm: dalvik-aux-structure mapped at 0x60544000 with sizes 1044 1456 1664 116
12-12 12:49:24.753 10268 10268 D dalvikvm: Good opt header, DEX offset is 64, flags=0x00
12-12 12:49:24.753 10268 10268 D dalvikvm: dalvik-aux-structure mapped at 0x60547000 with sizes 5164 2636 5256 1292
12-12 12:49:24.753 10268 10268 D dalvikvm: Good opt header, DEX offset is 64, flags=0x00
12-12 12:49:24.753 10268 10268 D dalvikvm: dalvik-aux-structure mapped at 0x60a7c000 with sizes 17256 15772 38280 8156
12-12 12:49:24.753 10268 10268 D dalvikvm: Good opt header, DEX offset is 64, flags=0x00
12-12 12:49:24.753 10268 10268 D dalvikvm: dalvik-aux-structure mapped at 0x6054f000 with sizes 752 564 744 248
12-12 12:49:24.753 10268 10268 D dalvikvm: Good opt header, DEX offset is 64, flags=0x00
12-12 12:49:24.753 10268 10268 D dalvikvm: dalvik-aux-structure mapped at 0x60614000 with sizes 80 112 108 44
12-12 12:49:24.813 10268 10268 I System.out: EMMA: collecting runtime coverage data ...
12-12 12:49:24.813 10268 10268 D ProfileManager: Create ProfileManager instance
12-12 12:49:24.823 10268 10268 I dalvikvm: Could not find method android.content.pm.PackageManager.getPackageInstaller, referenced from method com.google.android.gms.common.zzo.zzx
12-12 12:49:24.823 10268 10268 W dalvikvm: VFY: unable to resolve virtual method 4346: Landroid/content/pm/PackageManager;.getPackageInstaller ()Landroid/content/pm/PackageInstaller;
12-12 12:49:24.823 10268 10268 D dalvikvm: VFY: replacing opcode 0x6e at 0x0013
12-12 12:49:24.833 10268 10298 W DynamiteModule: Local module descriptor class for com.google.firebase.auth not found.
12-12 12:49:24.833 10268 10298 I dalvikvm: Could not find method android.content.pm.PackageManager.isInstantApp, referenced from method com.google.android.gms.internal.zzbec.zzalq
12-12 12:49:24.833 10268 10298 W dalvikvm: VFY: unable to resolve virtual method 4531: Landroid/content/pm/PackageManager;.isInstantApp (Ljava/lang/String;)Z
12-12 12:49:24.833 10268 10298 D dalvikvm: VFY: replacing opcode 0x6e at 0x002d
12-12 12:49:24.833 10268 10268 I dalvikvm: Could not find method android.content.Context.getNoBackupFilesDir, referenced from method com.google.android.gms.common.util.zzu.getNoBackupFilesDir
12-12 12:49:24.833 10268 10268 W dalvikvm: VFY: unable to resolve virtual method 863: Landroid/content/Context;.getNoBackupFilesDir ()Ljava/io/File;
12-12 12:49:24.833 10268 10268 D dalvikvm: VFY: replacing opcode 0x6e at 0x0006
12-12 12:49:24.833 10268 10298 W GooglePlayServicesUtil: Google Play Store is missing.
12-12 12:49:24.843 10268 10268 W InstanceID/Rpc: Failed to resolve IID implementation package, falling back
12-12 12:49:24.843   925  1193 W PackageManager: com.google.android.gms is not installed for user 0
12-12 12:49:24.843   925  1416 W PackageManager: com.google.android.gsf is not installed for user 0
12-12 12:49:24.843 10268 10268 W InstanceID/Rpc: Google Play services is missing, unable to get tokens
12-12 12:49:24.843 10268 10268 D FirebaseApp: com.google.firebase.crash.FirebaseCrash is not linked. Skipping initialization.
12-12 12:49:24.843 10268 10268 I FA      : App measurement is starting up, version: 11400
12-12 12:49:24.853 10268 10268 I FA      : To enable debug logging run: adb shell setprop log.tag.FA VERBOSE
12-12 12:49:24.853 10268 10268 I dalvikvm: Could not find method android.content.pm.PackageManager.isInstantApp, referenced from method com.google.android.gms.internal.zzbeb.zzcp
12-12 12:49:24.853 10268 10268 W dalvikvm: VFY: unable to resolve virtual method 4523: Landroid/content/pm/PackageManager;.isInstantApp ()Z
12-12 12:49:24.853 10268 10268 D dalvikvm: VFY: replacing opcode 0x6e at 0x0028
12-12 12:49:24.853 10268 10268 I FA      : To enable faster debug mode event logging run:
12-12 12:49:24.853 10268 10268 I FA      :   adb shell setprop debug.firebase.analytics.app com.example.snoopy
12-12 12:49:24.853 10268 10268 E dalvikvm: Could not find class 'android.app.job.JobScheduler', referenced from method com.google.android.gms.internal.zzcfr.zzazv
12-12 12:49:24.853 10268 10268 W dalvikvm: VFY: unable to resolve check-cast 64 (Landroid/app/job/JobScheduler;) in Lcom/google/android/gms/internal/zzcfr;
12-12 12:49:24.853 10268 10268 D dalvikvm: VFY: replacing opcode 0x1f at 0x000b
12-12 12:49:24.853 10268 10268 E dalvikvm: Could not find class 'android.app.job.JobScheduler', referenced from method com.google.android.gms.internal.zzcfr.zzs
12-12 12:49:24.853 10268 10268 W dalvikvm: VFY: unable to resolve check-cast 64 (Landroid/app/job/JobScheduler;) in Lcom/google/android/gms/internal/zzcfr;
12-12 12:49:24.853 10268 10268 D dalvikvm: VFY: replacing opcode 0x1f at 0x0098
12-12 12:49:24.863 10268 10268 D dalvikvm: DexOpt: unable to opt direct call 0x2262 at 0xa0 in Lcom/google/android/gms/internal/zzcfr;.zzs
12-12 12:49:24.863 10268 10268 D dalvikvm: DexOpt: unable to opt direct call 0x2265 at 0xae in Lcom/google/android/gms/internal/zzcfr;.zzs
12-12 12:49:24.863 10268 10268 I FirebaseInitProvider: FirebaseApp initialization successful
12-12 12:49:24.863 10268 10303 W dalvikvm: VFY: unable to find class referenced in signature (Landroid/app/job/JobParameters;)
12-12 12:49:24.863 10268 10303 W dalvikvm: VFY: unable to find class referenced in signature (Landroid/app/job/JobParameters;)
12-12 12:49:24.863 10268 10303 W dalvikvm: VFY: unable to find class referenced in signature (Landroid/app/job/JobParameters;)
12-12 12:49:24.863 10268 10303 W dalvikvm: VFY: unable to find class referenced in signature (Landroid/app/job/JobParameters;)
12-12 12:49:24.873 10268 10303 I dalvikvm: Could not find method android.app.job.JobParameters.getExtras, referenced from method com.google.android.gms.internal.zzcfh.onStartJob
12-12 12:49:24.873 10268 10303 W dalvikvm: VFY: unable to resolve virtual method 4778: Landroid/app/job/JobParameters;.getExtras ()Landroid/os/PersistableBundle;
12-12 12:49:24.873 10268 10303 D dalvikvm: VFY: replacing opcode 0x6e at 0x000a
12-12 12:49:24.873 10268 10304 I TestRunner: started: rmInternalFiles(com.trellis.AUTUtils)
12-12 12:49:24.873 10268 10268 W ResourceType: No package identifier when getting value for resource number 0x00000000
12-12 12:49:24.873 10268 10268 I Dispatch: No dispatch information file found
12-12 12:49:24.913 10268 10303 I FA      : This instance being marked as an uploader
12-12 12:49:24.933 10268 10304 I TestRunner: finished: rmInternalFiles(com.trellis.AUTUtils)
12-12 12:49:24.933 10268 10304 I TestRunner: passed: rmInternalFiles(com.trellis.AUTUtils)
12-12 12:49:24.933 10249 10249 D AndroidRuntime: Shutting down VM
12-12 12:49:25.153   925  1596 I ActivityManager: Force stopping com.example.snoopy appid=10002 user=0: finished inst
12-12 12:49:25.153   925  1596 I ActivityManager: Killing 10268:com.example.snoopy/u0a2 (adj 0): stop com.example.snoopy
12-12 12:49:25.163   925  1596 W ActivityManager: Service ServiceRecord{42ddf988 u0 com.example.snoopy/com.google.android.gms.measurement.AppMeasurementService} in process ProcessRecord{42a20360 10268:com.example.snoopy/u0a2} not same as in map: null
12-12 12:49:25.643 10309 10309 D AndroidRuntime: 
12-12 12:49:25.643 10309 10309 D AndroidRuntime: >>>>>> AndroidRuntime START com.android.internal.os.RuntimeInit <<<<<<
12-12 12:49:25.643 10309 10309 D AndroidRuntime: CheckJNI is OFF
12-12 12:49:25.643 10309 10309 D dalvikvm: Good opt header, DEX offset is 64, flags=0x00
12-12 12:49:25.643 10309 10309 D dalvikvm: dalvik-aux-structure mapped at 0x58938000 with sizes 17456 9068 22916 7820
12-12 12:49:25.643 10309 10309 D dalvikvm: Good opt header, DEX offset is 64, flags=0x00
12-12 12:49:25.643 10309 10309 D dalvikvm: dalvik-aux-structure mapped at 0x58946000 with sizes 3488 1968 3700 1000
12-12 12:49:25.643 10309 10309 D dalvikvm: Good opt header, DEX offset is 64, flags=0x00
12-12 12:49:25.643 10309 10309 D dalvikvm: dalvik-aux-structure mapped at 0x5894a000 with sizes 1212 1216 2416 256
12-12 12:49:25.643 10309 10309 D dalvikvm: Good opt header, DEX offset is 64, flags=0x00
12-12 12:49:25.643 10309 10309 D dalvikvm: dalvik-aux-structure mapped at 0x58951000 with sizes 132 296 392 8
12-12 12:49:25.643 10309 10309 D dalvikvm: Good opt header, DEX offset is 64, flags=0x00
12-12 12:49:25.643 10309 10309 D dalvikvm: dalvik-aux-structure mapped at 0x58b10000 with sizes 8748 4364 7932 3996
12-12 12:49:25.643 10309 10309 D dalvikvm: Good opt header, DEX offset is 64, flags=0x00
12-12 12:49:25.643 10309 10309 D dalvikvm: dalvik-aux-structure mapped at 0x58b17000 with sizes 22496 5180 8540 1804
12-12 12:49:25.643 10309 10309 D dalvikvm: Good opt header, DEX offset is 64, flags=0x00
12-12 12:49:25.643 10309 10309 D dalvikvm: dalvik-aux-structure mapped at 0x5968b000 with sizes 56980 26392 103936 34400
12-12 12:49:25.643 10309 10309 D dalvikvm: Good opt header, DEX offset is 64, flags=0x00
12-12 12:49:25.643 10309 10309 D dalvikvm: dalvik-aux-structure mapped at 0x598a6000 with sizes 9456 6512 11508 3328
12-12 12:49:25.653 10309 10309 D dalvikvm: Good opt header, DEX offset is 64, flags=0x00
12-12 12:49:25.653 10309 10309 D dalvikvm: dalvik-aux-structure mapped at 0x59a1a000 with sizes 20772 3532 10520 3092
12-12 12:49:25.653 10309 10309 D dalvikvm: Good opt header, DEX offset is 64, flags=0x00
12-12 12:49:25.653 10309 10309 D dalvikvm: dalvik-aux-structure mapped at 0x58b26000 with sizes 1660 956 2388 56
12-12 12:49:25.653 10309 10309 D dalvikvm: Good opt header, DEX offset is 64, flags=0x00
12-12 12:49:25.653 10309 10309 D dalvikvm: dalvik-aux-structure mapped at 0x59a82000 with sizes 1312 504 800 184
12-12 12:49:25.653 10309 10309 D dalvikvm: Good opt header, DEX offset is 64, flags=0x00
12-12 12:49:25.653 10309 10309 D dalvikvm: dalvik-aux-structure mapped at 0x59a83000 with sizes 1704 1896 3404 216
12-12 12:49:25.653 10309 10309 D dalvikvm: Good opt header, DEX offset is 64, flags=0x00
12-12 12:49:25.653 10309 10309 D dalvikvm: dalvik-aux-structure mapped at 0x59ec6000 with sizes 41656 10740 31732 2024
12-12 12:49:25.653 10309 10309 D dalvikvm: Good opt header, DEX offset is 64, flags=0x00
12-12 12:49:25.653 10309 10309 D dalvikvm: dalvik-aux-structure mapped at 0x59a88000 with sizes 13340 3572 6468 560
12-12 12:49:25.653 10309 10309 D dalvikvm: Good opt header, DEX offset is 64, flags=0x00
12-12 12:49:25.653 10309 10309 D dalvikvm: dalvik-aux-structure mapped at 0x5a10b000 with sizes 3752 5072 11996 2620
12-12 12:49:25.653 10309 10309 D dalvikvm: Good opt header, DEX offset is 64, flags=0x00
12-12 12:49:25.653 10309 10309 D dalvikvm: dalvik-aux-structure mapped at 0x59a90000 with sizes 864 112 12 8
12-12 12:49:25.653 10309 10309 D dalvikvm: Good opt header, DEX offset is 64, flags=0x00
12-12 12:49:25.653 10309 10309 D dalvikvm: dalvik-aux-structure mapped at 0x59a92000 with sizes 144 424 416 84
12-12 12:49:25.653 10309 10309 D dalvikvm: Good opt header, DEX offset is 64, flags=0x00
12-12 12:49:25.653 10309 10309 D dalvikvm: dalvik-aux-structure mapped at 0x5a124000 with sizes 8 84 20 52
12-12 12:49:25.653 10309 10309 D dalvikvm: Good opt header, DEX offset is 64, flags=0x00
12-12 12:49:25.653 10309 10309 D dalvikvm: dalvik-aux-structure mapped at 0x5a125000 with sizes 2300 1284 1900 732
12-12 12:49:25.653 10309 10309 D dalvikvm: Good opt header, DEX offset is 64, flags=0x00
12-12 12:49:25.653 10309 10309 D dalvikvm: dalvik-aux-structure mapped at 0x5a129000 with sizes 3068 1548 4364 1460
12-12 12:49:25.653 10309 10309 D dalvikvm: Good opt header, DEX offset is 64, flags=0x00
12-12 12:49:25.653 10309 10309 D dalvikvm: dalvik-aux-structure mapped at 0x5a12d000 with sizes 2512 2028 2656 348
12-12 12:49:25.653 10309 10309 D dalvikvm: Good opt header, DEX offset is 64, flags=0x00
12-12 12:49:25.653 10309 10309 D dalvikvm: dalvik-aux-structure mapped at 0x5a130000 with sizes 244 632 480 120
12-12 12:49:25.653 10309 10309 D dalvikvm: Good opt header, DEX offset is 64, flags=0x00
12-12 12:49:25.653 10309 10309 D dalvikvm: dalvik-aux-structure mapped at 0x5a133000 with sizes 44 16 4 16
12-12 12:49:25.653 10309 10309 D dalvikvm: Good opt header, DEX offset is 64, flags=0x00
12-12 12:49:25.653 10309 10309 D dalvikvm: dalvik-aux-structure mapped at 0x5a482000 with sizes 17456 5180 15016 5508
12-12 12:49:25.653 10309 10309 D dalvikvm: Good opt header, DEX offset is 64, flags=0x00
12-12 12:49:25.653 10309 10309 D dalvikvm: dalvik-aux-structure mapped at 0x5a219000 with sizes 17648 1196 1848 1084
12-12 12:49:25.653 10309 10309 D dalvikvm: Good opt header, DEX offset is 64, flags=0x00
12-12 12:49:25.653 10309 10309 D dalvikvm: dalvik-aux-structure mapped at 0x5a6b2000 with sizes 5448 6248 17376 5152
12-12 12:49:25.653 10309 10309 D dalvikvm: Good opt header, DEX offset is 64, flags=0x00
12-12 12:49:25.653 10309 10309 D dalvikvm: dalvik-aux-structure mapped at 0x5a220000 with sizes 92 272 204 12
12-12 12:49:25.653 10309 10309 D dalvikvm: Good opt header, DEX offset is 64, flags=0x00
12-12 12:49:25.653 10309 10309 D dalvikvm: dalvik-aux-structure mapped at 0x5a6c4000 with sizes 368 52 8 52
12-12 12:49:25.663 10309 10309 D dalvikvm: Good opt header, DEX offset is 64, flags=0x00
12-12 12:49:25.663 10309 10309 D dalvikvm: dalvik-aux-structure mapped at 0x5a6e1000 with sizes 848 488 512 692
12-12 12:49:25.663 10309 10309 D dalvikvm: Good opt header, DEX offset is 64, flags=0x00
12-12 12:49:25.663 10309 10309 D dalvikvm: dalvik-aux-structure mapped at 0x5a6e4000 with sizes 20 36 20 8
12-12 12:49:25.663 10309 10309 D dalvikvm: Good opt header, DEX offset is 64, flags=0x00
12-12 12:49:25.663 10309 10309 D dalvikvm: dalvik-aux-structure mapped at 0x5a6ed000 with sizes 360 232 320 68
12-12 12:49:25.663 10309 10309 D dalvikvm: Good opt header, DEX offset is 64, flags=0x00
12-12 12:49:25.663 10309 10309 D dalvikvm: dalvik-aux-structure mapped at 0x5a6fd000 with sizes 864 272 320 208
12-12 12:49:25.663 10309 10309 D dalvikvm: Trying to load lib libjavacore.so 0x0
12-12 12:49:25.663 10309 10309 D dalvikvm: Added shared lib libjavacore.so 0x0
12-12 12:49:25.673 10309 10309 D dalvikvm: Trying to load lib libnativehelper.so 0x0
12-12 12:49:25.673 10309 10309 D dalvikvm: Added shared lib libnativehelper.so 0x0
12-12 12:49:25.673 10309 10309 D dalvikvm: No JNI_OnLoad found in libnativehelper.so 0x0, skipping init
12-12 12:49:25.673 10309 10309 D dalvikvm: Good opt header, DEX offset is 64, flags=0x00
12-12 12:49:25.673 10309 10309 D dalvikvm: dalvik-aux-structure mapped at 0x5b964000 with sizes 912 344 448 12
12-12 12:49:25.703 10309 10309 D dalvikvm: Note: class Landroid/app/ActivityManagerNative; has 179 unimplemented (abstract) methods
12-12 12:49:25.833 10309 10309 D AndroidRuntime: Calling main entry com.android.commands.am.Am
12-12 12:49:25.833 10309 10309 D AndroidRuntime: Shutting down VM
12-12 12:49:25.833   925  1420 I ActivityManager: Force stopping com.trellis appid=10003 user=0: from pid 10309
12-12 12:49:25.843   925   956 W Settings: Setting default_input_method has moved from android.provider.Settings.Secure to android.provider.Settings.Global.
12-12 12:49:26.543 10330 10330 D AndroidRuntime: 
12-12 12:49:26.543 10330 10330 D AndroidRuntime: >>>>>> AndroidRuntime START com.android.internal.os.RuntimeInit <<<<<<
12-12 12:49:26.543 10330 10330 D AndroidRuntime: CheckJNI is OFF
12-12 12:49:26.543 10330 10330 D dalvikvm: Good opt header, DEX offset is 64, flags=0x00
12-12 12:49:26.543 10330 10330 D dalvikvm: dalvik-aux-structure mapped at 0x58881000 with sizes 17456 9068 22916 7820
12-12 12:49:26.543 10330 10330 D dalvikvm: Good opt header, DEX offset is 64, flags=0x00
12-12 12:49:26.543 10330 10330 D dalvikvm: dalvik-aux-structure mapped at 0x5888f000 with sizes 3488 1968 3700 1000
12-12 12:49:26.543 10330 10330 D dalvikvm: Good opt header, DEX offset is 64, flags=0x00
12-12 12:49:26.543 10330 10330 D dalvikvm: dalvik-aux-structure mapped at 0x58893000 with sizes 1212 1216 2416 256
12-12 12:49:26.543 10330 10330 D dalvikvm: Good opt header, DEX offset is 64, flags=0x00
12-12 12:49:26.543 10330 10330 D dalvikvm: dalvik-aux-structure mapped at 0x5889a000 with sizes 132 296 392 8
12-12 12:49:26.543 10330 10330 D dalvikvm: Good opt header, DEX offset is 64, flags=0x00
12-12 12:49:26.543 10330 10330 D dalvikvm: dalvik-aux-structure mapped at 0x58a59000 with sizes 8748 4364 7932 3996
12-12 12:49:26.543 10330 10330 D dalvikvm: Good opt header, DEX offset is 64, flags=0x00
12-12 12:49:26.543 10330 10330 D dalvikvm: dalvik-aux-structure mapped at 0x58a60000 with sizes 22496 5180 8540 1804
12-12 12:49:26.543 10330 10330 D dalvikvm: Good opt header, DEX offset is 64, flags=0x00
12-12 12:49:26.543 10330 10330 D dalvikvm: dalvik-aux-structure mapped at 0x595d4000 with sizes 56980 26392 103936 34400
12-12 12:49:26.543 10330 10330 D dalvikvm: Good opt header, DEX offset is 64, flags=0x00
12-12 12:49:26.543 10330 10330 D dalvikvm: dalvik-aux-structure mapped at 0x597ef000 with sizes 9456 6512 11508 3328
12-12 12:49:26.543 10330 10330 D dalvikvm: Good opt header, DEX offset is 64, flags=0x00
12-12 12:49:26.543 10330 10330 D dalvikvm: dalvik-aux-structure mapped at 0x59963000 with sizes 20772 3532 10520 3092
12-12 12:49:26.543 10330 10330 D dalvikvm: Good opt header, DEX offset is 64, flags=0x00
12-12 12:49:26.543 10330 10330 D dalvikvm: dalvik-aux-structure mapped at 0x58a6f000 with sizes 1660 956 2388 56
12-12 12:49:26.553 10330 10330 D dalvikvm: Good opt header, DEX offset is 64, flags=0x00
12-12 12:49:26.553 10330 10330 D dalvikvm: dalvik-aux-structure mapped at 0x599cb000 with sizes 1312 504 800 184
12-12 12:49:26.553 10330 10330 D dalvikvm: Good opt header, DEX offset is 64, flags=0x00
12-12 12:49:26.553 10330 10330 D dalvikvm: dalvik-aux-structure mapped at 0x599cc000 with sizes 1704 1896 3404 216
12-12 12:49:26.553 10330 10330 D dalvikvm: Good opt header, DEX offset is 64, flags=0x00
12-12 12:49:26.553 10330 10330 D dalvikvm: dalvik-aux-structure mapped at 0x59e0f000 with sizes 41656 10740 31732 2024
12-12 12:49:26.553 10330 10330 D dalvikvm: Good opt header, DEX offset is 64, flags=0x00
12-12 12:49:26.553 10330 10330 D dalvikvm: dalvik-aux-structure mapped at 0x599d1000 with sizes 13340 3572 6468 560
12-12 12:49:26.553 10330 10330 D dalvikvm: Good opt header, DEX offset is 64, flags=0x00
12-12 12:49:26.553 10330 10330 D dalvikvm: dalvik-aux-structure mapped at 0x5a054000 with sizes 3752 5072 11996 2620
12-12 12:49:26.553 10330 10330 D dalvikvm: Good opt header, DEX offset is 64, flags=0x00
12-12 12:49:26.553 10330 10330 D dalvikvm: dalvik-aux-structure mapped at 0x599d9000 with sizes 864 112 12 8
12-12 12:49:26.553 10330 10330 D dalvikvm: Good opt header, DEX offset is 64, flags=0x00
12-12 12:49:26.553 10330 10330 D dalvikvm: dalvik-aux-structure mapped at 0x599db000 with sizes 144 424 416 84
12-12 12:49:26.553 10330 10330 D dalvikvm: Good opt header, DEX offset is 64, flags=0x00
12-12 12:49:26.553 10330 10330 D dalvikvm: dalvik-aux-structure mapped at 0x5a06d000 with sizes 8 84 20 52
12-12 12:49:26.553 10330 10330 D dalvikvm: Good opt header, DEX offset is 64, flags=0x00
12-12 12:49:26.553 10330 10330 D dalvikvm: dalvik-aux-structure mapped at 0x5a06e000 with sizes 2300 1284 1900 732
12-12 12:49:26.553 10330 10330 D dalvikvm: Good opt header, DEX offset is 64, flags=0x00
12-12 12:49:26.553 10330 10330 D dalvikvm: dalvik-aux-structure mapped at 0x5a072000 with sizes 3068 1548 4364 1460
12-12 12:49:26.553 10330 10330 D dalvikvm: Good opt header, DEX offset is 64, flags=0x00
12-12 12:49:26.553 10330 10330 D dalvikvm: dalvik-aux-structure mapped at 0x5a076000 with sizes 2512 2028 2656 348
12-12 12:49:26.553 10330 10330 D dalvikvm: Good opt header, DEX offset is 64, flags=0x00
12-12 12:49:26.553 10330 10330 D dalvikvm: dalvik-aux-structure mapped at 0x5a079000 with sizes 244 632 480 120
12-12 12:49:26.553 10330 10330 D dalvikvm: Good opt header, DEX offset is 64, flags=0x00
12-12 12:49:26.553 10330 10330 D dalvikvm: dalvik-aux-structure mapped at 0x5a07c000 with sizes 44 16 4 16
12-12 12:49:26.553 10330 10330 D dalvikvm: Good opt header, DEX offset is 64, flags=0x00
12-12 12:49:26.553 10330 10330 D dalvikvm: dalvik-aux-structure mapped at 0x5a3cb000 with sizes 17456 5180 15016 5508
12-12 12:49:26.553 10330 10330 D dalvikvm: Good opt header, DEX offset is 64, flags=0x00
12-12 12:49:26.563 10330 10330 D dalvikvm: dalvik-aux-structure mapped at 0x5a162000 with sizes 17648 1196 1848 1084
12-12 12:49:26.563 10330 10330 D dalvikvm: Good opt header, DEX offset is 64, flags=0x00
12-12 12:49:26.563 10330 10330 D dalvikvm: dalvik-aux-structure mapped at 0x5a5fb000 with sizes 5448 6248 17376 5152
12-12 12:49:26.563 10330 10330 D dalvikvm: Good opt header, DEX offset is 64, flags=0x00
12-12 12:49:26.563 10330 10330 D dalvikvm: dalvik-aux-structure mapped at 0x5a169000 with sizes 92 272 204 12
12-12 12:49:26.563 10330 10330 D dalvikvm: Good opt header, DEX offset is 64, flags=0x00
12-12 12:49:26.563 10330 10330 D dalvikvm: dalvik-aux-structure mapped at 0x5a60d000 with sizes 368 52 8 52
12-12 12:49:26.563 10330 10330 D dalvikvm: Good opt header, DEX offset is 64, flags=0x00
12-12 12:49:26.563 10330 10330 D dalvikvm: dalvik-aux-structure mapped at 0x5a62a000 with sizes 848 488 512 692
12-12 12:49:26.563 10330 10330 D dalvikvm: Good opt header, DEX offset is 64, flags=0x00
12-12 12:49:26.563 10330 10330 D dalvikvm: dalvik-aux-structure mapped at 0x5a62d000 with sizes 20 36 20 8
12-12 12:49:26.563 10330 10330 D dalvikvm: Good opt header, DEX offset is 64, flags=0x00
12-12 12:49:26.563 10330 10330 D dalvikvm: dalvik-aux-structure mapped at 0x5a636000 with sizes 360 232 320 68
12-12 12:49:26.563 10330 10330 D dalvikvm: Good opt header, DEX offset is 64, flags=0x00
12-12 12:49:26.563 10330 10330 D dalvikvm: dalvik-aux-structure mapped at 0x5a646000 with sizes 864 272 320 208
12-12 12:49:26.563 10330 10330 D dalvikvm: Trying to load lib libjavacore.so 0x0
12-12 12:49:26.563 10330 10330 D dalvikvm: Added shared lib libjavacore.so 0x0
12-12 12:49:26.573 10330 10330 D dalvikvm: Trying to load lib libnativehelper.so 0x0
12-12 12:49:26.573 10330 10330 D dalvikvm: Added shared lib libnativehelper.so 0x0
12-12 12:49:26.573 10330 10330 D dalvikvm: No JNI_OnLoad found in libnativehelper.so 0x0, skipping init
12-12 12:49:26.583 10330 10330 D dalvikvm: Good opt header, DEX offset is 64, flags=0x00
12-12 12:49:26.583 10330 10330 D dalvikvm: dalvik-aux-structure mapped at 0x5b8ad000 with sizes 912 344 448 12
12-12 12:49:26.603 10330 10330 D dalvikvm: Note: class Landroid/app/ActivityManagerNative; has 179 unimplemented (abstract) methods
12-12 12:49:26.723 10330 10330 D AndroidRuntime: Calling main entry com.android.commands.am.Am
12-12 12:49:26.723 10330 10330 D AndroidRuntime: Shutting down VM
12-12 12:49:27.443 10351 10351 D AndroidRuntime: 
12-12 12:49:27.443 10351 10351 D AndroidRuntime: >>>>>> AndroidRuntime START com.android.internal.os.RuntimeInit <<<<<<
12-12 12:49:27.443 10351 10351 D AndroidRuntime: CheckJNI is OFF
12-12 12:49:27.453 10351 10351 D dalvikvm: Good opt header, DEX offset is 64, flags=0x00
12-12 12:49:27.453 10351 10351 D dalvikvm: dalvik-aux-structure mapped at 0x588af000 with sizes 17456 9068 22916 7820
12-12 12:49:27.453 10351 10351 D dalvikvm: Good opt header, DEX offset is 64, flags=0x00
12-12 12:49:27.453 10351 10351 D dalvikvm: dalvik-aux-structure mapped at 0x41e1a000 with sizes 3488 1968 3700 1000
12-12 12:49:27.453 10351 10351 D dalvikvm: Good opt header, DEX offset is 64, flags=0x00
12-12 12:49:27.453 10351 10351 D dalvikvm: dalvik-aux-structure mapped at 0x41e1e000 with sizes 1212 1216 2416 256
12-12 12:49:27.453 10351 10351 D dalvikvm: Good opt header, DEX offset is 64, flags=0x00
12-12 12:49:27.453 10351 10351 D dalvikvm: dalvik-aux-structure mapped at 0x5895c000 with sizes 132 296 392 8
12-12 12:49:27.453 10351 10351 D dalvikvm: Good opt header, DEX offset is 64, flags=0x00
12-12 12:49:27.453 10351 10351 D dalvikvm: dalvik-aux-structure mapped at 0x5895d000 with sizes 8748 4364 7932 3996
12-12 12:49:27.453 10351 10351 D dalvikvm: Good opt header, DEX offset is 64, flags=0x00
12-12 12:49:27.453 10351 10351 D dalvikvm: dalvik-aux-structure mapped at 0x58964000 with sizes 22496 5180 8540 1804
12-12 12:49:27.453 10351 10351 D dalvikvm: Good opt header, DEX offset is 64, flags=0x00
12-12 12:49:27.453 10351 10351 D dalvikvm: dalvik-aux-structure mapped at 0x595fd000 with sizes 56980 26392 103936 34400
12-12 12:49:27.453 10351 10351 D dalvikvm: Good opt header, DEX offset is 64, flags=0x00
12-12 12:49:27.453 10351 10351 D dalvikvm: dalvik-aux-structure mapped at 0x58a8e000 with sizes 9456 6512 11508 3328
12-12 12:49:27.453 10351 10351 D dalvikvm: Good opt header, DEX offset is 64, flags=0x00
12-12 12:49:27.453 10351 10351 D dalvikvm: dalvik-aux-structure mapped at 0x59984000 with sizes 20772 3532 10520 3092
12-12 12:49:27.453 10351 10351 D dalvikvm: Good opt header, DEX offset is 64, flags=0x00
12-12 12:49:27.453 10351 10351 D dalvikvm: dalvik-aux-structure mapped at 0x599ba000 with sizes 1660 956 2388 56
12-12 12:49:27.453 10351 10351 D dalvikvm: Good opt header, DEX offset is 64, flags=0x00
12-12 12:49:27.453 10351 10351 D dalvikvm: dalvik-aux-structure mapped at 0x599ee000 with sizes 1312 504 800 184
12-12 12:49:27.453 10351 10351 D dalvikvm: Good opt header, DEX offset is 64, flags=0x00
12-12 12:49:27.453 10351 10351 D dalvikvm: dalvik-aux-structure mapped at 0x599ef000 with sizes 1704 1896 3404 216
12-12 12:49:27.453 10351 10351 D dalvikvm: Good opt header, DEX offset is 64, flags=0x00
12-12 12:49:27.453 10351 10351 D dalvikvm: dalvik-aux-structure mapped at 0x59e32000 with sizes 41656 10740 31732 2024
12-12 12:49:27.453 10351 10351 D dalvikvm: Good opt header, DEX offset is 64, flags=0x00
12-12 12:49:27.453 10351 10351 D dalvikvm: dalvik-aux-structure mapped at 0x599f4000 with sizes 13340 3572 6468 560
12-12 12:49:27.453 10351 10351 D dalvikvm: Good opt header, DEX offset is 64, flags=0x00
12-12 12:49:27.453 10351 10351 D dalvikvm: dalvik-aux-structure mapped at 0x5a077000 with sizes 3752 5072 11996 2620
12-12 12:49:27.453 10351 10351 D dalvikvm: Good opt header, DEX offset is 64, flags=0x00
12-12 12:49:27.453 10351 10351 D dalvikvm: dalvik-aux-structure mapped at 0x599fc000 with sizes 864 112 12 8
12-12 12:49:27.463 10351 10351 D dalvikvm: Good opt header, DEX offset is 64, flags=0x00
12-12 12:49:27.463 10351 10351 D dalvikvm: dalvik-aux-structure mapped at 0x599fe000 with sizes 144 424 416 84
12-12 12:49:27.463 10351 10351 D dalvikvm: Good opt header, DEX offset is 64, flags=0x00
12-12 12:49:27.463 10351 10351 D dalvikvm: dalvik-aux-structure mapped at 0x5a090000 with sizes 8 84 20 52
12-12 12:49:27.463 10351 10351 D dalvikvm: Good opt header, DEX offset is 64, flags=0x00
12-12 12:49:27.463 10351 10351 D dalvikvm: dalvik-aux-structure mapped at 0x5a091000 with sizes 2300 1284 1900 732
12-12 12:49:27.463 10351 10351 D dalvikvm: Good opt header, DEX offset is 64, flags=0x00
12-12 12:49:27.463 10351 10351 D dalvikvm: dalvik-aux-structure mapped at 0x5a095000 with sizes 3068 1548 4364 1460
12-12 12:49:27.463 10351 10351 D dalvikvm: Good opt header, DEX offset is 64, flags=0x00
12-12 12:49:27.463 10351 10351 D dalvikvm: dalvik-aux-structure mapped at 0x5a099000 with sizes 2512 2028 2656 348
12-12 12:49:27.463 10351 10351 D dalvikvm: Good opt header, DEX offset is 64, flags=0x00
12-12 12:49:27.463 10351 10351 D dalvikvm: dalvik-aux-structure mapped at 0x5a09c000 with sizes 244 632 480 120
12-12 12:49:27.463 10351 10351 D dalvikvm: Good opt header, DEX offset is 64, flags=0x00
12-12 12:49:27.463 10351 10351 D dalvikvm: dalvik-aux-structure mapped at 0x5a09f000 with sizes 44 16 4 16
12-12 12:49:27.463 10351 10351 D dalvikvm: Good opt header, DEX offset is 64, flags=0x00
12-12 12:49:27.463 10351 10351 D dalvikvm: dalvik-aux-structure mapped at 0x5a3ee000 with sizes 17456 5180 15016 5508
12-12 12:49:27.463 10351 10351 D dalvikvm: Good opt header, DEX offset is 64, flags=0x00
12-12 12:49:27.463 10351 10351 D dalvikvm: dalvik-aux-structure mapped at 0x5a185000 with sizes 17648 1196 1848 1084
12-12 12:49:27.463 10351 10351 D dalvikvm: Good opt header, DEX offset is 64, flags=0x00
12-12 12:49:27.463 10351 10351 D dalvikvm: dalvik-aux-structure mapped at 0x5a61e000 with sizes 5448 6248 17376 5152
12-12 12:49:27.463 10351 10351 D dalvikvm: Good opt header, DEX offset is 64, flags=0x00
12-12 12:49:27.463 10351 10351 D dalvikvm: dalvik-aux-structure mapped at 0x5a18c000 with sizes 92 272 204 12
12-12 12:49:27.463 10351 10351 D dalvikvm: Good opt header, DEX offset is 64, flags=0x00
12-12 12:49:27.463 10351 10351 D dalvikvm: dalvik-aux-structure mapped at 0x5a630000 with sizes 368 52 8 52
12-12 12:49:27.463 10351 10351 D dalvikvm: Good opt header, DEX offset is 64, flags=0x00
12-12 12:49:27.463 10351 10351 D dalvikvm: dalvik-aux-structure mapped at 0x5a64d000 with sizes 848 488 512 692
12-12 12:49:27.463 10351 10351 D dalvikvm: Good opt header, DEX offset is 64, flags=0x00
12-12 12:49:27.463 10351 10351 D dalvikvm: dalvik-aux-structure mapped at 0x5a650000 with sizes 20 36 20 8
12-12 12:49:27.463 10351 10351 D dalvikvm: Good opt header, DEX offset is 64, flags=0x00
12-12 12:49:27.463 10351 10351 D dalvikvm: dalvik-aux-structure mapped at 0x5a659000 with sizes 360 232 320 68
12-12 12:49:27.463 10351 10351 D dalvikvm: Good opt header, DEX offset is 64, flags=0x00
12-12 12:49:27.463 10351 10351 D dalvikvm: dalvik-aux-structure mapped at 0x5a669000 with sizes 864 272 320 208
12-12 12:49:27.473 10351 10351 D dalvikvm: Trying to load lib libjavacore.so 0x0
12-12 12:49:27.473 10351 10351 D dalvikvm: Added shared lib libjavacore.so 0x0
12-12 12:49:27.473 10351 10351 D dalvikvm: Trying to load lib libnativehelper.so 0x0
12-12 12:49:27.473 10351 10351 D dalvikvm: Added shared lib libnativehelper.so 0x0
12-12 12:49:27.473 10351 10351 D dalvikvm: No JNI_OnLoad found in libnativehelper.so 0x0, skipping init
12-12 12:49:27.483 10351 10351 D dalvikvm: Good opt header, DEX offset is 64, flags=0x00
12-12 12:49:27.483 10351 10351 D dalvikvm: dalvik-aux-structure mapped at 0x5b8ce000 with sizes 936 360 416 20
12-12 12:49:27.503 10351 10351 D dalvikvm: Note: class Landroid/app/ActivityManagerNative; has 179 unimplemented (abstract) methods
12-12 12:49:27.623 10351 10351 D AndroidRuntime: Calling main entry com.android.commands.pm.Pm
12-12 12:49:27.633   261   261 E installd: Couldn't opendir data/securedStorageLocation/com.trellis: No such file or directory
12-12 12:49:27.633   261   261 I installd: no data under secured storage for com.trellis
12-12 12:49:27.633   925   956 W Settings: Setting default_input_method has moved from android.provider.Settings.Secure to android.provider.Settings.Global.
12-12 12:49:27.633   366   366 D keystore: calling clear_uid in state: 3
12-12 12:49:27.633   925  1580 I ActivityManager: Force stopping com.trellis appid=10003 user=0: clear data
12-12 12:49:27.643   925  1193 W SharedAssetStorage: Launching com.android.documentsui (32110) with AMZ_APP_GID
12-12 12:49:27.653   925  1193 I ActivityManager: Start proc com.android.documentsui for broadcast com.android.documentsui/.PackageReceiver: pid=10370 uid=32110 gids={72110, 9001}
12-12 12:49:27.663 10351 10351 D AndroidRuntime: Shutting down VM
12-12 12:49:27.713   925  1425 I ActivityManager: Killing 7316:com.amazon.digital.asset.ownership.app/u0a22059 (adj 12): empty #17
12-12 12:49:27.723   925  1580 W SharedAssetStorage: Launching com.android.externalstorage (32020) with AMZ_APP_GID
12-12 12:49:27.723   925  1580 I ActivityManager: Start proc com.android.externalstorage for content provider com.android.externalstorage/.ExternalStorageProvider: pid=10384 uid=32020 gids={72020, 1028, 1015, 1023, 9001}
12-12 12:49:27.723   925  1580 I ActivityManager: CPR:ContentProviderRecord{42cbfdf8 u0 com.android.externalstorage/.ExternalStorageProvider}, wait begins for proc10370 nCountWaiting=1
12-12 12:49:27.723   925  1580 I ActivityManager: CPR: ContentProviderRecord{42cbfdf8 u0 com.android.externalstorage/.ExternalStorageProvider} long wait begins for proc10370
12-12 12:49:27.743   925   935 I ActivityManager: Killing 7137:com.android.settings/1000 (adj 12): empty #17
12-12 12:49:27.773   925  1580 I ActivityManager: CPR: ContentProviderRecord{42cbfdf8 u0 com.android.externalstorage/.ExternalStorageProvider} continue to wait after long wait
12-12 12:49:28.353 10400 10400 D AndroidRuntime: 
12-12 12:49:28.353 10400 10400 D AndroidRuntime: >>>>>> AndroidRuntime START com.android.internal.os.RuntimeInit <<<<<<
12-12 12:49:28.353 10400 10400 D AndroidRuntime: CheckJNI is OFF
12-12 12:49:28.353 10400 10400 D dalvikvm: Good opt header, DEX offset is 64, flags=0x00
12-12 12:49:28.353 10400 10400 D dalvikvm: dalvik-aux-structure mapped at 0x58862000 with sizes 17456 9068 22916 7820
12-12 12:49:28.353 10400 10400 D dalvikvm: Good opt header, DEX offset is 64, flags=0x00
12-12 12:49:28.353 10400 10400 D dalvikvm: dalvik-aux-structure mapped at 0x58870000 with sizes 3488 1968 3700 1000
12-12 12:49:28.353 10400 10400 D dalvikvm: Good opt header, DEX offset is 64, flags=0x00
12-12 12:49:28.353 10400 10400 D dalvikvm: dalvik-aux-structure mapped at 0x58874000 with sizes 1212 1216 2416 256
12-12 12:49:28.353 10400 10400 D dalvikvm: Good opt header, DEX offset is 64, flags=0x00
12-12 12:49:28.353 10400 10400 D dalvikvm: dalvik-aux-structure mapped at 0x5887b000 with sizes 132 296 392 8
