12-12 12:49:33.633 10580 10580 D dalvikvm: Good opt header, DEX offset is 64, flags=0x00
12-12 12:49:33.633 10580 10580 D dalvikvm: dalvik-aux-structure mapped at 0x5a101000 with sizes 8 84 20 52
12-12 12:49:33.633 10580 10580 D dalvikvm: Good opt header, DEX offset is 64, flags=0x00
12-12 12:49:33.633 10580 10580 D dalvikvm: dalvik-aux-structure mapped at 0x5a102000 with sizes 2300 1284 1900 732
12-12 12:49:33.633 10580 10580 D dalvikvm: Good opt header, DEX offset is 64, flags=0x00
12-12 12:49:33.633 10580 10580 D dalvikvm: dalvik-aux-structure mapped at 0x5a106000 with sizes 3068 1548 4364 1460
12-12 12:49:33.633 10580 10580 D dalvikvm: Good opt header, DEX offset is 64, flags=0x00
12-12 12:49:33.633 10580 10580 D dalvikvm: dalvik-aux-structure mapped at 0x5a10a000 with sizes 2512 2028 2656 348
12-12 12:49:33.633 10580 10580 D dalvikvm: Good opt header, DEX offset is 64, flags=0x00
12-12 12:49:33.633 10580 10580 D dalvikvm: dalvik-aux-structure mapped at 0x5a10d000 with sizes 244 632 480 120
12-12 12:49:33.633 10580 10580 D dalvikvm: Good opt header, DEX offset is 64, flags=0x00
12-12 12:49:33.633 10580 10580 D dalvikvm: dalvik-aux-structure mapped at 0x5a110000 with sizes 44 16 4 16
12-12 12:49:33.633 10580 10580 D dalvikvm: Good opt header, DEX offset is 64, flags=0x00
12-12 12:49:33.633 10580 10580 D dalvikvm: dalvik-aux-structure mapped at 0x5a45f000 with sizes 17456 5180 15016 5508
12-12 12:49:33.633 10580 10580 D dalvikvm: Good opt header, DEX offset is 64, flags=0x00
12-12 12:49:33.633 10580 10580 D dalvikvm: dalvik-aux-structure mapped at 0x5a1f6000 with sizes 17648 1196 1848 1084
12-12 12:49:33.643 10580 10580 D dalvikvm: Good opt header, DEX offset is 64, flags=0x00
12-12 12:49:33.643 10580 10580 D dalvikvm: dalvik-aux-structure mapped at 0x5a68f000 with sizes 5448 6248 17376 5152
12-12 12:49:33.643 10580 10580 D dalvikvm: Good opt header, DEX offset is 64, flags=0x00
12-12 12:49:33.643 10580 10580 D dalvikvm: dalvik-aux-structure mapped at 0x5a1fd000 with sizes 92 272 204 12
12-12 12:49:33.643 10580 10580 D dalvikvm: Good opt header, DEX offset is 64, flags=0x00
12-12 12:49:33.643 10580 10580 D dalvikvm: dalvik-aux-structure mapped at 0x5a6a1000 with sizes 368 52 8 52
12-12 12:49:33.643 10580 10580 D dalvikvm: Good opt header, DEX offset is 64, flags=0x00
12-12 12:49:33.643 10580 10580 D dalvikvm: dalvik-aux-structure mapped at 0x5a6be000 with sizes 848 488 512 692
12-12 12:49:33.643 10580 10580 D dalvikvm: Good opt header, DEX offset is 64, flags=0x00
12-12 12:49:33.643 10580 10580 D dalvikvm: dalvik-aux-structure mapped at 0x5a6c1000 with sizes 20 36 20 8
12-12 12:49:33.643 10580 10580 D dalvikvm: Good opt header, DEX offset is 64, flags=0x00
12-12 12:49:33.643 10580 10580 D dalvikvm: dalvik-aux-structure mapped at 0x5a6ca000 with sizes 360 232 320 68
12-12 12:49:33.643 10580 10580 D dalvikvm: Good opt header, DEX offset is 64, flags=0x00
12-12 12:49:33.643 10580 10580 D dalvikvm: dalvik-aux-structure mapped at 0x5a6da000 with sizes 864 272 320 208
12-12 12:49:33.643 10580 10580 D dalvikvm: Trying to load lib libjavacore.so 0x0
12-12 12:49:33.643 10580 10580 D dalvikvm: Added shared lib libjavacore.so 0x0
12-12 12:49:33.653 10580 10580 D dalvikvm: Trying to load lib libnativehelper.so 0x0
12-12 12:49:33.653 10580 10580 D dalvikvm: Added shared lib libnativehelper.so 0x0
12-12 12:49:33.653 10580 10580 D dalvikvm: No JNI_OnLoad found in libnativehelper.so 0x0, skipping init
12-12 12:49:33.663 10580 10580 D dalvikvm: Good opt header, DEX offset is 64, flags=0x00
12-12 12:49:33.663 10580 10580 D dalvikvm: dalvik-aux-structure mapped at 0x5b93f000 with sizes 936 360 416 20
12-12 12:49:33.683 10580 10580 D dalvikvm: Note: class Landroid/app/ActivityManagerNative; has 179 unimplemented (abstract) methods
12-12 12:49:33.803 10580 10580 D AndroidRuntime: Calling main entry com.android.commands.pm.Pm
12-12 12:49:33.803   261   261 E installd: Couldn't opendir data/securedStorageLocation/com.example.snoopy: No such file or directory
12-12 12:49:33.803   261   261 I installd: no data under secured storage for com.example.snoopy
12-12 12:49:33.803   366   366 D keystore: calling clear_uid in state: 3
12-12 12:49:33.803   925   956 W Settings: Setting default_input_method has moved from android.provider.Settings.Secure to android.provider.Settings.Global.
12-12 12:49:33.803   925  1388 I ActivityManager: Force stopping com.example.snoopy appid=10002 user=0: clear data
12-12 12:49:33.823 10580 10580 D AndroidRuntime: Shutting down VM
12-12 12:49:34.513 10603 10603 D AndroidRuntime: 
12-12 12:49:34.513 10603 10603 D AndroidRuntime: >>>>>> AndroidRuntime START com.android.internal.os.RuntimeInit <<<<<<
12-12 12:49:34.513 10603 10603 D AndroidRuntime: CheckJNI is OFF
12-12 12:49:34.513 10603 10603 D dalvikvm: Good opt header, DEX offset is 64, flags=0x00
12-12 12:49:34.513 10603 10603 D dalvikvm: dalvik-aux-structure mapped at 0x41e87000 with sizes 17456 9068 22916 7820
12-12 12:49:34.513 10603 10603 D dalvikvm: Good opt header, DEX offset is 64, flags=0x00
12-12 12:49:34.513 10603 10603 D dalvikvm: dalvik-aux-structure mapped at 0x41e95000 with sizes 3488 1968 3700 1000
12-12 12:49:34.513 10603 10603 D dalvikvm: Good opt header, DEX offset is 64, flags=0x00
12-12 12:49:34.513 10603 10603 D dalvikvm: dalvik-aux-structure mapped at 0x41e99000 with sizes 1212 1216 2416 256
12-12 12:49:34.513 10603 10603 D dalvikvm: Good opt header, DEX offset is 64, flags=0x00
12-12 12:49:34.513 10603 10603 D dalvikvm: dalvik-aux-structure mapped at 0x41ea0000 with sizes 132 296 392 8
12-12 12:49:34.513 10603 10603 D dalvikvm: Good opt header, DEX offset is 64, flags=0x00
12-12 12:49:34.513 10603 10603 D dalvikvm: dalvik-aux-structure mapped at 0x41f45000 with sizes 8748 4364 7932 3996
12-12 12:49:34.513 10603 10603 D dalvikvm: Good opt header, DEX offset is 64, flags=0x00
12-12 12:49:34.513 10603 10603 D dalvikvm: dalvik-aux-structure mapped at 0x41f4c000 with sizes 22496 5180 8540 1804
12-12 12:49:34.513 10603 10603 D dalvikvm: Good opt header, DEX offset is 64, flags=0x00
12-12 12:49:34.513 10603 10603 D dalvikvm: dalvik-aux-structure mapped at 0x41f70000 with sizes 56980 26392 103936 34400
12-12 12:49:34.513 10603 10603 D dalvikvm: Good opt header, DEX offset is 64, flags=0x00
12-12 12:49:34.513 10603 10603 D dalvikvm: dalvik-aux-structure mapped at 0x41fa7000 with sizes 9456 6512 11508 3328
12-12 12:49:34.513 10603 10603 D dalvikvm: Good opt header, DEX offset is 64, flags=0x00
12-12 12:49:34.513 10603 10603 D dalvikvm: dalvik-aux-structure mapped at 0x41faf000 with sizes 20772 3532 10520 3092
12-12 12:49:34.523 10603 10603 D dalvikvm: Good opt header, DEX offset is 64, flags=0x00
12-12 12:49:34.523 10603 10603 D dalvikvm: dalvik-aux-structure mapped at 0x41f5b000 with sizes 1660 956 2388 56
12-12 12:49:34.523 10603 10603 D dalvikvm: Good opt header, DEX offset is 64, flags=0x00
12-12 12:49:34.523 10603 10603 D dalvikvm: dalvik-aux-structure mapped at 0x42017000 with sizes 1312 504 800 184
12-12 12:49:34.523 10603 10603 D dalvikvm: Good opt header, DEX offset is 64, flags=0x00
12-12 12:49:34.523 10603 10603 D dalvikvm: dalvik-aux-structure mapped at 0x42018000 with sizes 1704 1896 3404 216
12-12 12:49:34.523 10603 10603 D dalvikvm: Good opt header, DEX offset is 64, flags=0x00
12-12 12:49:34.523 10603 10603 D dalvikvm: dalvik-aux-structure mapped at 0x4202a000 with sizes 41656 10740 31732 2024
12-12 12:49:34.523 10603 10603 D dalvikvm: Good opt header, DEX offset is 64, flags=0x00
12-12 12:49:34.523 10603 10603 D dalvikvm: dalvik-aux-structure mapped at 0x4201d000 with sizes 13340 3572 6468 560
12-12 12:49:34.523 10603 10603 D dalvikvm: Good opt header, DEX offset is 64, flags=0x00
12-12 12:49:34.523 10603 10603 D dalvikvm: dalvik-aux-structure mapped at 0x5a0e9000 with sizes 3752 5072 11996 2620
12-12 12:49:34.523 10603 10603 D dalvikvm: Good opt header, DEX offset is 64, flags=0x00
12-12 12:49:34.523 10603 10603 D dalvikvm: dalvik-aux-structure mapped at 0x42025000 with sizes 864 112 12 8
12-12 12:49:34.523 10603 10603 D dalvikvm: Good opt header, DEX offset is 64, flags=0x00
12-12 12:49:34.523 10603 10603 D dalvikvm: dalvik-aux-structure mapped at 0x42027000 with sizes 144 424 416 84
12-12 12:49:34.523 10603 10603 D dalvikvm: Good opt header, DEX offset is 64, flags=0x00
12-12 12:49:34.523 10603 10603 D dalvikvm: dalvik-aux-structure mapped at 0x42042000 with sizes 8 84 20 52
12-12 12:49:34.523 10603 10603 D dalvikvm: Good opt header, DEX offset is 64, flags=0x00
12-12 12:49:34.523 10603 10603 D dalvikvm: dalvik-aux-structure mapped at 0x5a135000 with sizes 2300 1284 1900 732
12-12 12:49:34.523 10603 10603 D dalvikvm: Good opt header, DEX offset is 64, flags=0x00
12-12 12:49:34.523 10603 10603 D dalvikvm: dalvik-aux-structure mapped at 0x5a137000 with sizes 3068 1548 4364 1460
12-12 12:49:34.523 10603 10603 D dalvikvm: Good opt header, DEX offset is 64, flags=0x00
12-12 12:49:34.523 10603 10603 D dalvikvm: dalvik-aux-structure mapped at 0x5a13b000 with sizes 2512 2028 2656 348
12-12 12:49:34.523 10603 10603 D dalvikvm: Good opt header, DEX offset is 64, flags=0x00
12-12 12:49:34.523 10603 10603 D dalvikvm: dalvik-aux-structure mapped at 0x5a13e000 with sizes 244 632 480 120
12-12 12:49:34.523 10603 10603 D dalvikvm: Good opt header, DEX offset is 64, flags=0x00
12-12 12:49:34.523 10603 10603 D dalvikvm: dalvik-aux-structure mapped at 0x5a141000 with sizes 44 16 4 16
12-12 12:49:34.523 10603 10603 D dalvikvm: Good opt header, DEX offset is 64, flags=0x00
12-12 12:49:34.523 10603 10603 D dalvikvm: dalvik-aux-structure mapped at 0x5a460000 with sizes 17456 5180 15016 5508
12-12 12:49:34.523 10603 10603 D dalvikvm: Good opt header, DEX offset is 64, flags=0x00
12-12 12:49:34.523 10603 10603 D dalvikvm: dalvik-aux-structure mapped at 0x5a1f7000 with sizes 17648 1196 1848 1084
12-12 12:49:34.523 10603 10603 D dalvikvm: Good opt header, DEX offset is 64, flags=0x00
12-12 12:49:34.523 10603 10603 D dalvikvm: dalvik-aux-structure mapped at 0x5a690000 with sizes 5448 6248 17376 5152
12-12 12:49:34.523 10603 10603 D dalvikvm: Good opt header, DEX offset is 64, flags=0x00
12-12 12:49:34.523 10603 10603 D dalvikvm: dalvik-aux-structure mapped at 0x5a145000 with sizes 92 272 204 12
12-12 12:49:34.523 10603 10603 D dalvikvm: Good opt header, DEX offset is 64, flags=0x00
12-12 12:49:34.523 10603 10603 D dalvikvm: dalvik-aux-structure mapped at 0x5a147000 with sizes 368 52 8 52
12-12 12:49:34.523 10603 10603 D dalvikvm: Good opt header, DEX offset is 64, flags=0x00
12-12 12:49:34.523 10603 10603 D dalvikvm: dalvik-aux-structure mapped at 0x5a6bb000 with sizes 848 488 512 692
12-12 12:49:34.523 10603 10603 D dalvikvm: Good opt header, DEX offset is 64, flags=0x00
12-12 12:49:34.523 10603 10603 D dalvikvm: dalvik-aux-structure mapped at 0x5a6be000 with sizes 20 36 20 8
12-12 12:49:34.523 10603 10603 D dalvikvm: Good opt header, DEX offset is 64, flags=0x00
12-12 12:49:34.523 10603 10603 D dalvikvm: dalvik-aux-structure mapped at 0x5a6c7000 with sizes 360 232 320 68
12-12 12:49:34.523 10603 10603 D dalvikvm: Good opt header, DEX offset is 64, flags=0x00
12-12 12:49:34.533 10603 10603 D dalvikvm: dalvik-aux-structure mapped at 0x5a6d7000 with sizes 864 272 320 208
12-12 12:49:34.533 10603 10603 D dalvikvm: Trying to load lib libjavacore.so 0x0
12-12 12:49:34.533 10603 10603 D dalvikvm: Added shared lib libjavacore.so 0x0
12-12 12:49:34.543 10603 10603 D dalvikvm: Trying to load lib libnativehelper.so 0x0
12-12 12:49:34.543 10603 10603 D dalvikvm: Added shared lib libnativehelper.so 0x0
12-12 12:49:34.543 10603 10603 D dalvikvm: No JNI_OnLoad found in libnativehelper.so 0x0, skipping init
12-12 12:49:34.553 10603 10603 D dalvikvm: Good opt header, DEX offset is 64, flags=0x00
12-12 12:49:34.553 10603 10603 D dalvikvm: dalvik-aux-structure mapped at 0x5b93c000 with sizes 936 360 416 20
12-12 12:49:34.573 10603 10603 D dalvikvm: Note: class Landroid/app/ActivityManagerNative; has 179 unimplemented (abstract) methods
12-12 12:49:34.693 10603 10603 D AndroidRuntime: Calling main entry com.android.commands.pm.Pm
12-12 12:49:34.763 10603 10603 D AndroidRuntime: Shutting down VM
12-12 12:49:35.033   925   955 W ProcessCpuTracker: Skipping unknown process pid 10603
12-12 12:49:35.813 10627 10627 D AndroidRuntime: 
12-12 12:49:35.813 10627 10627 D AndroidRuntime: >>>>>> AndroidRuntime START com.android.internal.os.RuntimeInit <<<<<<
12-12 12:49:35.813 10627 10627 D AndroidRuntime: CheckJNI is OFF
12-12 12:49:35.813 10627 10627 D dalvikvm: Good opt header, DEX offset is 64, flags=0x00
12-12 12:49:35.813 10627 10627 D dalvikvm: dalvik-aux-structure mapped at 0x58932000 with sizes 17456 9068 22916 7820
12-12 12:49:35.813 10627 10627 D dalvikvm: Good opt header, DEX offset is 64, flags=0x00
12-12 12:49:35.813 10627 10627 D dalvikvm: dalvik-aux-structure mapped at 0x58940000 with sizes 3488 1968 3700 1000
12-12 12:49:35.813 10627 10627 D dalvikvm: Good opt header, DEX offset is 64, flags=0x00
12-12 12:49:35.813 10627 10627 D dalvikvm: dalvik-aux-structure mapped at 0x58944000 with sizes 1212 1216 2416 256
12-12 12:49:35.813 10627 10627 D dalvikvm: Good opt header, DEX offset is 64, flags=0x00
12-12 12:49:35.813 10627 10627 D dalvikvm: dalvik-aux-structure mapped at 0x5894b000 with sizes 132 296 392 8
12-12 12:49:35.813 10627 10627 D dalvikvm: Good opt header, DEX offset is 64, flags=0x00
12-12 12:49:35.813 10627 10627 D dalvikvm: dalvik-aux-structure mapped at 0x58b0a000 with sizes 8748 4364 7932 3996
12-12 12:49:35.813 10627 10627 D dalvikvm: Good opt header, DEX offset is 64, flags=0x00
12-12 12:49:35.813 10627 10627 D dalvikvm: dalvik-aux-structure mapped at 0x58b11000 with sizes 22496 5180 8540 1804
12-12 12:49:35.813 10627 10627 D dalvikvm: Good opt header, DEX offset is 64, flags=0x00
12-12 12:49:35.813 10627 10627 D dalvikvm: dalvik-aux-structure mapped at 0x59685000 with sizes 56980 26392 103936 34400
12-12 12:49:35.813 10627 10627 D dalvikvm: Good opt header, DEX offset is 64, flags=0x00
12-12 12:49:35.813 10627 10627 D dalvikvm: dalvik-aux-structure mapped at 0x598a0000 with sizes 9456 6512 11508 3328
12-12 12:49:35.813 10627 10627 D dalvikvm: Good opt header, DEX offset is 64, flags=0x00
12-12 12:49:35.813 10627 10627 D dalvikvm: dalvik-aux-structure mapped at 0x59a14000 with sizes 20772 3532 10520 3092
12-12 12:49:35.813 10627 10627 D dalvikvm: Good opt header, DEX offset is 64, flags=0x00
12-12 12:49:35.813 10627 10627 D dalvikvm: dalvik-aux-structure mapped at 0x58b20000 with sizes 1660 956 2388 56
12-12 12:49:35.813 10627 10627 D dalvikvm: Good opt header, DEX offset is 64, flags=0x00
12-12 12:49:35.813 10627 10627 D dalvikvm: dalvik-aux-structure mapped at 0x59a7c000 with sizes 1312 504 800 184
12-12 12:49:35.823 10627 10627 D dalvikvm: Good opt header, DEX offset is 64, flags=0x00
12-12 12:49:35.823 10627 10627 D dalvikvm: dalvik-aux-structure mapped at 0x59a7d000 with sizes 1704 1896 3404 216
12-12 12:49:35.823 10627 10627 D dalvikvm: Good opt header, DEX offset is 64, flags=0x00
12-12 12:49:35.823 10627 10627 D dalvikvm: dalvik-aux-structure mapped at 0x59ec0000 with sizes 41656 10740 31732 2024
12-12 12:49:35.823 10627 10627 D dalvikvm: Good opt header, DEX offset is 64, flags=0x00
12-12 12:49:35.823 10627 10627 D dalvikvm: dalvik-aux-structure mapped at 0x59a82000 with sizes 13340 3572 6468 560
12-12 12:49:35.823 10627 10627 D dalvikvm: Good opt header, DEX offset is 64, flags=0x00
12-12 12:49:35.823 10627 10627 D dalvikvm: dalvik-aux-structure mapped at 0x5a105000 with sizes 3752 5072 11996 2620
12-12 12:49:35.823 10627 10627 D dalvikvm: Good opt header, DEX offset is 64, flags=0x00
12-12 12:49:35.823 10627 10627 D dalvikvm: dalvik-aux-structure mapped at 0x59a8a000 with sizes 864 112 12 8
12-12 12:49:35.823 10627 10627 D dalvikvm: Good opt header, DEX offset is 64, flags=0x00
12-12 12:49:35.823 10627 10627 D dalvikvm: dalvik-aux-structure mapped at 0x59a8c000 with sizes 144 424 416 84
12-12 12:49:35.823 10627 10627 D dalvikvm: Good opt header, DEX offset is 64, flags=0x00
12-12 12:49:35.823 10627 10627 D dalvikvm: dalvik-aux-structure mapped at 0x5a11e000 with sizes 8 84 20 52
12-12 12:49:35.823 10627 10627 D dalvikvm: Good opt header, DEX offset is 64, flags=0x00
12-12 12:49:35.823 10627 10627 D dalvikvm: dalvik-aux-structure mapped at 0x5a11f000 with sizes 2300 1284 1900 732
12-12 12:49:35.823 10627 10627 D dalvikvm: Good opt header, DEX offset is 64, flags=0x00
12-12 12:49:35.823 10627 10627 D dalvikvm: dalvik-aux-structure mapped at 0x5a123000 with sizes 3068 1548 4364 1460
12-12 12:49:35.823 10627 10627 D dalvikvm: Good opt header, DEX offset is 64, flags=0x00
12-12 12:49:35.823 10627 10627 D dalvikvm: dalvik-aux-structure mapped at 0x5a127000 with sizes 2512 2028 2656 348
12-12 12:49:35.823 10627 10627 D dalvikvm: Good opt header, DEX offset is 64, flags=0x00
12-12 12:49:35.823 10627 10627 D dalvikvm: dalvik-aux-structure mapped at 0x5a12a000 with sizes 244 632 480 120
12-12 12:49:35.823 10627 10627 D dalvikvm: Good opt header, DEX offset is 64, flags=0x00
12-12 12:49:35.823 10627 10627 D dalvikvm: dalvik-aux-structure mapped at 0x5a12d000 with sizes 44 16 4 16
12-12 12:49:35.823 10627 10627 D dalvikvm: Good opt header, DEX offset is 64, flags=0x00
12-12 12:49:35.823 10627 10627 D dalvikvm: dalvik-aux-structure mapped at 0x5a47c000 with sizes 17456 5180 15016 5508
12-12 12:49:35.823 10627 10627 D dalvikvm: Good opt header, DEX offset is 64, flags=0x00
12-12 12:49:35.823 10627 10627 D dalvikvm: dalvik-aux-structure mapped at 0x5a213000 with sizes 17648 1196 1848 1084
12-12 12:49:35.823 10627 10627 D dalvikvm: Good opt header, DEX offset is 64, flags=0x00
12-12 12:49:35.823 10627 10627 D dalvikvm: dalvik-aux-structure mapped at 0x5a6ac000 with sizes 5448 6248 17376 5152
12-12 12:49:35.823 10627 10627 D dalvikvm: Good opt header, DEX offset is 64, flags=0x00
12-12 12:49:35.823 10627 10627 D dalvikvm: dalvik-aux-structure mapped at 0x5a21a000 with sizes 92 272 204 12
12-12 12:49:35.823 10627 10627 D dalvikvm: Good opt header, DEX offset is 64, flags=0x00
12-12 12:49:35.833 10627 10627 D dalvikvm: dalvik-aux-structure mapped at 0x5a6be000 with sizes 368 52 8 52
12-12 12:49:35.833 10627 10627 D dalvikvm: Good opt header, DEX offset is 64, flags=0x00
12-12 12:49:35.833 10627 10627 D dalvikvm: dalvik-aux-structure mapped at 0x5a6db000 with sizes 848 488 512 692
12-12 12:49:35.833 10627 10627 D dalvikvm: Good opt header, DEX offset is 64, flags=0x00
12-12 12:49:35.833 10627 10627 D dalvikvm: dalvik-aux-structure mapped at 0x5a6de000 with sizes 20 36 20 8
12-12 12:49:35.833 10627 10627 D dalvikvm: Good opt header, DEX offset is 64, flags=0x00
12-12 12:49:35.833 10627 10627 D dalvikvm: dalvik-aux-structure mapped at 0x5a6e7000 with sizes 360 232 320 68
12-12 12:49:35.833 10627 10627 D dalvikvm: Good opt header, DEX offset is 64, flags=0x00
12-12 12:49:35.833 10627 10627 D dalvikvm: dalvik-aux-structure mapped at 0x5a6f7000 with sizes 864 272 320 208
12-12 12:49:35.833 10627 10627 D dalvikvm: Trying to load lib libjavacore.so 0x0
12-12 12:49:35.833 10627 10627 D dalvikvm: Added shared lib libjavacore.so 0x0
12-12 12:49:35.843 10627 10627 D dalvikvm: Trying to load lib libnativehelper.so 0x0
12-12 12:49:35.843 10627 10627 D dalvikvm: Added shared lib libnativehelper.so 0x0
12-12 12:49:35.843 10627 10627 D dalvikvm: No JNI_OnLoad found in libnativehelper.so 0x0, skipping init
12-12 12:49:35.843 10627 10627 D dalvikvm: Good opt header, DEX offset is 64, flags=0x00
12-12 12:49:35.843 10627 10627 D dalvikvm: dalvik-aux-structure mapped at 0x5b95c000 with sizes 936 360 416 20
12-12 12:49:35.883 10627 10627 D dalvikvm: Note: class Landroid/app/ActivityManagerNative; has 179 unimplemented (abstract) methods
12-12 12:49:36.023 10627 10627 D AndroidRuntime: Calling main entry com.android.commands.pm.Pm
12-12 12:49:36.023   925   955 I ActivityManager: Force stopping com.example.snoopy appid=10002 user=-1: uninstall pkg
12-12 12:49:36.023   925   964 W PackageManager: Couldn't delete native library directory /data/app-lib/com.example.snoopy
12-12 12:49:36.023   925   964 I PackageManager: Removing old permission: com.example.snoopy.permission.C2D_MESSAGE from package com.example.snoopy
12-12 12:49:36.033   925   964 W PackageManager: Unknown permission com.amazon.dcp.metrics.permission.METRICS_PERMISSION in package com.amazon.communication.discovery
12-12 12:49:36.033   925   964 W PackageManager: Unknown permission android.permission.ACCESS_SUPERUSER in package com.amazon.ods.kindleconnect
12-12 12:49:36.033   925   964 W PackageManager: Unknown permission android.permission.NEW_OUTGOING_CALL in package com.amazon.ods.kindleconnect
12-12 12:49:36.033   925   964 W PackageManager: Unknown permission com.amazon.dcp.metrics.permission.METRICS_PERMISSION in package com.amazon.ods.kindleconnect
12-12 12:49:36.033   925   964 W PackageManager: Unknown permission com.amazon.dcp.metrics.permission.METRICS_PERMISSION in package com.amazon.platform
12-12 12:49:36.033   925   964 W PackageManager: Unknown permission com.google.android.googleapps.permission.GOOGLE_AUTH.mail in package com.android.contacts
12-12 12:49:36.033   925   964 W PackageManager: Unknown permission com.amazon.dcp.metrics.permission.METRICS_PERMISSION in package com.android.contacts
12-12 12:49:36.033   925   964 W PackageManager: Unknown permission com.amazon.dcp.metrics.permission.METRICS_PERMISSION in package com.audible.application.kindle
12-12 12:49:36.033   925   964 W PackageManager: Unknown permission com.amazon.permission.CONFIG_SOFTKEYS in package com.audible.application.kindle
12-12 12:49:36.033   925   964 W PackageManager: Unknown permission com.amazon.setupwizard.permission.AMAZON_FIRST_RUN_STATUS in package com.android.phone
12-12 12:49:36.033   925   964 W PackageManager: Unknown permission amazon.permission.settings.ACCESS_TASK_STATES in package com.android.phone
12-12 12:49:36.033   925   964 W PackageManager: Unknown permission com.amazon.nyota.VVM_PERMISSION in package com.android.phone
12-12 12:49:36.033   925   964 W PackageManager: Unknown permission com.amazon.dcp.metrics.permission.METRICS_PERMISSION in package com.amazon.dcp
12-12 12:49:36.033   925   964 W PackageManager: Unknown permission com.amazon.dcp.metrics.permission.METRICS_PERMISSION in package com.amazon.whisperplay.cds.settings
12-12 12:49:36.033   925   964 W PackageManager: Unknown permission com.amazon.dcp.metrics.permission.METRICS_PERMISSION in package com.amazon.zico
12-12 12:49:36.033   925   964 W PackageManager: Unknown permission com.amazon.docs.NEW_DOCUMENT in package com.amazon.zico
12-12 12:49:36.033   925   964 W PackageManager: Unknown permission com.amazon.nds.permission.NDS_CLIENT_ACCESS in package com.amazon.zico
12-12 12:49:36.033   925   964 W PackageManager: Unknown permission com.amazon.device.speech.USE_VOICE_ASSISTANT in package com.android.bluetooth
12-12 12:49:36.033   925   964 W PackageManager: Unknown permission com.google.android.gallery3d.permission.GALLERY_PROVIDER in package com.android.bluetooth
12-12 12:49:36.033   925   964 W PackageManager: Unknown permission com.android.gallery3d.permission.GALLERY_PROVIDER in package com.android.bluetooth
12-12 12:49:36.033   925   964 W PackageManager: Unknown permission android.permission.MMS_SEND_OUTBOX_MSG in package com.android.bluetooth
12-12 12:49:36.033   925   964 W PackageManager: Unknown permission com.google.android.googleapps.permission.GOOGLE_AUTH in package com.android.providers.calendar
12-12 12:49:36.033   925   964 W PackageManager: Unknown permission com.google.android.googleapps.permission.GOOGLE_AUTH.cl in package com.android.providers.calendar
12-12 12:49:36.033   925   964 W PackageManager: Unknown permission com.amazon.dcp.metrics.permission.METRICS_PERMISSION in package com.android.providers.calendar
12-12 12:49:36.033   925   964 W PackageManager: Unknown permission com.amazon.pinochle.client.PINOCHLE_ACCESS in package com.android.providers.calendar
12-12 12:49:36.033   925   964 W PackageManager: Unknown permission amazon.permission.settings.ACCESS_TASK_STATES in package com.amazon.kor.demo
12-12 12:49:36.033   925   964 W PackageManager: Unknown permission com.amazon.dcp.metrics.permission.METRICS_PERMISSION in package com.amazon.kor.demo
12-12 12:49:36.033   925   964 W PackageManager: Unknown permission com.amazon.setupwizard.permission.AMAZON_FIRST_RUN_STATUS in package com.amazon.kor.demo
12-12 12:49:36.043   925   964 W PackageManager: Unknown permission com.amazon.dcp.metrics.permission.METRICS_PERMISSION in package com.amazon.windowshop
12-12 12:49:36.043   925   964 W PackageManager: Unknown permission com.google.android.googleapps.permission.GOOGLE_AUTH.mail in package com.android.calendar
12-12 12:49:36.043   925   964 W PackageManager: Unknown permission com.amazon.dcp.metrics.permission.METRICS_PERMISSION in package com.android.calendar
12-12 12:49:36.043   925   964 W PackageManager: Unknown permission com.amazon.pinochle.client.PINOCHLE_ACCESS in package com.android.calendar
12-12 12:49:36.043   925   964 W PackageManager: Unknown permission com.amazon.dcp.metrics.permission.METRICS_PERMISSION in package com.amazon.h2sharingsettings
12-12 12:49:36.043   925   964 W PackageManager: Unknown permission com.amazon.permission.SET_FLAG_EXPANDED_SOFTKEYS in package com.amazon.avod
12-12 12:49:36.043   925   964 W PackageManager: Unknown permission com.amazon.permission.CONFIG_SOFTKEYS in package com.amazon.avod
12-12 12:49:36.043   925   964 W PackageManager: Unknown permission com.amazon.dcp.metrics.permission.METRICS_PERMISSION in package com.amazon.avod
12-12 12:49:36.043   925   964 W PackageManager: Unknown permission com.amazon.dcp.metrics.permission.METRICS_PERMISSION in package com.amazon.kindle.devicecontrols
12-12 12:49:36.043   925   964 W PackageManager: Unknown permission com.amazon.dcp.metrics.permission.METRICS_PERMISSION in package com.amazon.device.crashmanager
12-12 12:49:36.043   925   964 W PackageManager: Unknown permission com.google.android.googleapps.permission.GOOGLE_AUTH in package com.android.settings
12-12 12:49:36.043   925   964 W PackageManager: Unknown permission com.android.launcher.permission.READ_SETTINGS in package com.android.settings
12-12 12:49:36.043   925   964 W PackageManager: Unknown permission com.android.launcher.permission.WRITE_SETTINGS in package com.android.settings
12-12 12:49:36.043   925   964 W PackageManager: Unknown permission com.amazon.dcp.metrics.permission.METRICS_PERMISSION in package com.android.settings
12-12 12:49:36.043   925   964 W PackageManager: Unknown permission com.amazon.gardemanger.OFFICEDOC_RECEIVER_ACCESS in package com.amazon.kindle
12-12 12:49:36.043   925   964 W PackageManager: Unknown permission android.Manifest.permission.INTERNAL_SYSTEM_WINDOW in package com.amazon.kindle
12-12 12:49:36.043   925   964 W PackageManager: Unknown permission com.amazon.dcp.config.permission.READ_SETTINGS in package com.amazon.kindle
12-12 12:49:36.043   925   964 W PackageManager: Unknown permission com.amazon.dcp.metrics.permission.METRICS_PERMISSION in package com.amazon.kindle
12-12 12:49:36.043   925   964 W PackageManager: Unknown permission com.amazon.dcp.metrics.permission.METRICS_PERMISSION in package com.amazon.kindle.otter.settings
12-12 12:49:36.043   925   964 W PackageManager: Unknown permission com.amazon.permission.CONFIG_SOFTKEYS in package com.amazon.kindle.otter.settings
12-12 12:49:36.043   925   964 W PackageManager: Unknown permission amazon.permission.VANADIUM in package com.amazon.kindle.otter.settings
12-12 12:49:36.043   925   964 W PackageManager: Unknown permission com.amazon.primeupsell.permission.LAUNCH_PRIME_UPSELL in package com.amazon.kindle.otter.settings
12-12 12:49:36.053   925   964 W PackageManager: Unknown permission com.amazon.dcp.metrics.permission.METRICS_PERMISSION in package com.amazon.identity.auth.device.authorization
12-12 12:49:36.053   925   964 W PackageManager: Not granting permission android.permission.DELETE_PACKAGES to package com.svox.pico (protectionLevel=18 flags=0x88be45)
12-12 12:49:36.053   925   964 W PackageManager: Not granting permission com.amazon.permission.FORCE_AUTH_ACCT to package com.amazon.kindle.unifiedSearch (protectionLevel=2 flags=0x4088be45)
12-12 12:49:36.053   925   964 W PackageManager: Unknown permission com.amazon.cloud9.permission.SEARCH in package com.amazon.kindle.unifiedSearch
12-12 12:49:36.053   925   964 W PackageManager: Unknown permission tyto.permission.READ_IDENTIFIES_HISTORY in package com.amazon.kindle.unifiedSearch
12-12 12:49:36.053   925   964 W PackageManager: Unknown permission com.amazon.dcp.metrics.permission.METRICS_PERMISSION in package com.amazon.kindle.unifiedSearch
12-12 12:49:36.053   925   964 W PackageManager: Unknown permission com.amazon.dcp.metrics.permission.METRICS_PERMISSION in package com.amazon.kindleautomatictimezone
12-12 12:49:36.053   925   964 W PackageManager: Unknown permission  android.permission.INTERACT_ACROSS_USERS in package com.amazon.kindle.kso
12-12 12:49:36.053   925   964 W PackageManager: Unknown permission com.amazon.dcp.metrics.permission.METRICS_PERMISSION in package com.amazon.kindle.kso
12-12 12:49:36.053   925   964 W PackageManager: Unknown permission com.amazon.dcp.metrics.permission.METRICS_PERMISSION in package com.android.email
12-12 12:49:36.053   925   964 W PackageManager: Unknown permission com.amazon.pinochle.client.PINOCHLE_ACCESS in package com.android.email
12-12 12:49:36.053   925   964 W PackageManager: Unknown permission com.amazon.dcp.metrics.permission.METRICS_PERMISSION in package com.amazon.device.sync.sdk.internal
12-12 12:49:36.053   925   964 W PackageManager: Unknown permission com.amazon.dcp.metrics.permission.METRICS_PERMISSION in package com.amazon.device.sync
12-12 12:49:36.053   925   964 W PackageManager: Unknown permission com.amazon.dcp.metrics.permission.METRICS_PERMISSION in package com.amazon.whisperlink.core.android
12-12 12:49:36.053   925   964 W PackageManager: Unknown permission com.amazon.dcp.metrics.permission.METRICS_PERMISSION in package com.android.providers.downloads
12-12 12:49:36.053   925   964 W PackageManager: Unknown permission com.amazon.dcp.metrics.permission.METRICS_PERMISSION in package com.amazon.mp3
12-12 12:49:36.053   925   964 W PackageManager: Unknown permission com.amazon.dcp.metrics.permission.METRICS_PERMISSION in package com.amazon.imp
12-12 12:49:36.053   925   964 W PackageManager: Unknown permission com.amazon.dcp.metrics.permission.METRICS_PERMISSION in package com.amazon.h2settingsfortablet
12-12 12:49:36.053   925   964 W PackageManager: Unknown permission com.amazon.dcp.metrics.permission.METRICS_PERMISSION in package com.amazon.photos
12-12 12:49:36.063   925   964 W PackageManager: Unknown permission com.amazon.nds.permission.NDS_CLIENT_ACCESS in package com.amazon.geo.client.maps
12-12 12:49:36.063   925   964 W PackageManager: Unknown permission com.amazon.dcp.metrics.permission.METRICS_PERMISSION in package com.amazon.geo.client.maps
12-12 12:49:36.063   925   964 W PackageManager: Not granting permission android.permission.DISABLE_KEYGUARD to package com.amazon.aatp.aatpdevicemanager (protectionLevel=82 flags=0x80be44)
12-12 12:49:36.063   925   964 W PackageManager: Not granting permission android.permission.SET_ORIENTATION to package com.amazon.aatp.aatpdevicemanager (protectionLevel=2 flags=0x80be44)
12-12 12:49:36.063   925   964 W PackageManager: Not granting permission android.permission.ACCESS_ALL_EXTERNAL_STORAGE to package com.amazon.aatp.aatpdevicemanager (protectionLevel=2 flags=0x80be44)
12-12 12:49:36.063   925   964 W PackageManager: Unknown permission com.amazon.dcp.metrics.permission.METRICS_PERMISSION in package com.amazon.sharingservice.android.client.proxy
12-12 12:49:36.063   925   964 W PackageManager: Unknown permission com.amazon.identity.auth.device.api.permission.CUSTOMER_ATTRIBUTE_SERVICE in package com.amazon.dp.fbcontacts
12-12 12:49:36.063   925   964 W PackageManager: Unknown permission com.amazon.dcp.metrics.permission.METRICS_PERMISSION in package com.amazon.parentalcontrols
12-12 12:49:36.063   925   964 W PackageManager: Unknown permission com.amazon.dcp.metrics.permission.METRICS_PERMISSION in package com.amazon.unifiedshare.actionchooser
12-12 12:49:36.063   925   964 W PackageManager: Unknown permission com.amazon.permission.CONFIG_SOFTKEYS in package com.amazon.csapp
12-12 12:49:36.063   925   964 W PackageManager: Unknown permission com.amazon.dcp.metrics.permission.METRICS_PERMISSION in package com.amazon.csapp
12-12 12:49:36.063   925   964 W PackageManager: Unknown permission com.amazon.dcp.metrics.permission.METRICS_PERMISSION in package com.audible.application.store
12-12 12:49:36.063   925   964 W PackageManager: Unknown permission com.amazon.permission.CONFIG_SOFTKEYS in package com.audible.application.store
12-12 12:49:36.063   925   964 W PackageManager: Unknown permission com.amazon.dcp.sso.action.GET_DEVICE_CREDENTIALS in package com.audible.application.store
12-12 12:49:36.063   925   964 W PackageManager: Unknown permission com.amazon.dcp.metrics.permission.METRICS_PERMISSION in package com.amazon.device.messaging
12-12 12:49:36.063   925   964 W PackageManager: Unknown permission com.amazon.dcp.messaging.permission.SERVICE_BROADCASTS in package com.amazon.socialplatform
12-12 12:49:36.063   925   964 W PackageManager: Unknown permission com.amazon.dcp.metrics.permission.METRICS_PERMISSION in package com.amazon.socialplatform
12-12 12:49:36.063   925   964 W PackageManager: Unknown permission com.amazon.dcp.metrics.permission.METRICS_PERMISSION in package com.amazon.device.logmanager
12-12 12:49:36.063   925   964 W PackageManager: Unknown permission com.alphonso.pulse.amazon.permission.LAUNCHER in package com.amazon.kindle.otter
12-12 12:49:36.063   925   964 W PackageManager: Unknown permission com.amazon.permission.CONFIG_SOFTKEYS in package com.amazon.kindle.otter
12-12 12:49:36.063   925   964 W PackageManager: Unknown permission com.amazon.dcp.metrics.permission.METRICS_PERMISSION in package com.amazon.kindle.otter
12-12 12:49:36.063   925   964 W PackageManager: Unknown permission tyto.permission.COLLECT_METRICS in package com.amazon.kindle.otter
12-12 12:49:36.063   925   964 W PackageManager: Unknown permission com.amazon.dcp.metrics.permission.METRICS_PERMISSION in package com.amazon.securitysyncclient
12-12 12:49:36.063   925   964 W PackageManager: Unknown permission com.amazon.dcp.metrics.permission.METRICS_PERMISSION in package com.goodreads.kindle
12-12 12:49:36.063   925   964 W PackageManager: Unknown permission android.permission.MMS_PUSH in package org.codeaurora.bluetooth
12-12 12:49:36.063   925   964 W PackageManager: Unknown permission com.amazon.dcp.metrics.permission.METRICS_PERMISSION in package com.amazon.ags.app
12-12 12:49:36.063   925   964 W PackageManager: Unknown permission com.amazon.dcp.metrics.permission.METRICS_PERMISSION in package com.amazon.webapp
12-12 12:49:36.063   925   964 W PackageManager: Unknown permission com.amazon.gardemanger.OFFICEDOC_RECEIVER_ACCESS in package com.amazon.webapp
12-12 12:49:36.073   925   964 W PackageManager: Unknown permission com.amazon.permission.CONFIG_SOFTKEYS in package com.amazon.webapp
12-12 12:49:36.073   925   964 W PackageManager: Unknown permission com.qualcomm.permission.READ_DHCP_INFO in package com.amazon.whisperplay.cds
12-12 12:49:36.073   925   964 W PackageManager: Unknown permission android.intent.action.PHONE_STATE in package com.amazon.whisperplay.cds
12-12 12:49:36.073   925   964 W PackageManager: Unknown permission com.amazon.dcp.metrics.permission.METRICS_PERMISSION in package com.android.providers.contacts
12-12 12:49:36.073   925   964 W PackageManager: Unknown permission com.amazon.dcp.metrics.permission.METRICS_PERMISSION in package com.amazon.geo.mapsv2.services
12-12 12:49:36.073   925   964 W PackageManager: Unknown permission com.qualcomm.permission.ACCESS_LOCATION_API in package com.qualcomm.location
12-12 12:49:36.073   925   964 W PackageManager: Unknown permission com.amazon.dcp.metrics.permission.METRICS_PERMISSION in package com.amazon.dataplanmanager
12-12 12:49:36.073   925   964 W PackageManager: Unknown permission com.amazon.dcp.metrics.permission.METRICS_PERMISSION in package com.amazon.device.backup
12-12 12:49:36.073   925   964 W PackageManager: Unknown permission amazon.permission.settings.ACCESS_TASK_STATES in package com.amazon.device.backup
12-12 12:49:36.073   925   964 W PackageManager: Unknown permission com.amazon.setupwizard.permission.AMAZON_FIRST_RUN_STATUS in package com.amazon.device.backup
12-12 12:49:36.073   925   964 W PackageManager: Unknown permission com.amazon.dcp.metrics.permission.METRICS_PERMISSION in package com.amazon.cloud9
12-12 12:49:36.073   925   964 W PackageManager: Unknown permission com.amazon.permission.CONFIG_SOFTKEYS in package com.amazon.cloud9
12-12 12:49:36.073   925   964 W PackageManager: Unknown permission com.amazon.dcp.metrics.permission.METRICS_PERMISSION in package com.amazon.kindle.otter.oobe
12-12 12:49:36.073   925   964 W PackageManager: Unknown permission com.amazon.dcp.messaging.permission.SERVICE_BROADCASTS in package com.amazon.kindle.otter.oobe
12-12 12:49:36.073   925   964 W PackageManager: Unknown permission com.amazon.permission.CONFIG_SOFTKEYS in package com.amazon.kindle.otter.oobe
12-12 12:49:36.073   925   964 W PackageManager: Unknown permission com.amazon.kindle.otter.settings.START_AUDIBLE_SERVICE in package com.amazon.kindle.otter.oobe
12-12 12:49:36.073   925   964 W PackageManager: Unknown permission com.amazon.dcp.metrics.permission.METRICS_PERMISSION in package com.android.systemui
12-12 12:49:36.073   925   964 W PackageManager: Unknown permission com.amazon.setupwizard.permission.AMAZON_FIRST_RUN_STATUS in package com.amazon.kindle.cms
12-12 12:49:36.073   925   964 W PackageManager: Unknown permission com.amazon.dcp.metrics.permission.METRICS_PERMISSION in package com.amazon.kindle.cms
12-12 12:49:36.073   925   964 W PackageManager: Unknown permission com.amazon.dcp.metrics.permission.METRICS_PERMISSION in package com.amazon.device.settings
12-12 12:49:36.073   925   964 W PackageManager: Unknown permission com.amazon.dcp.metrics.permission.METRICS_PERMISSION in package com.amazon.tcomm
12-12 12:49:36.073   925   964 W PackageManager: Unknown permission com.amazon.dcp.metrics.permission.METRICS_PERMISSION in package com.amazon.tahoe
12-12 12:49:36.073   925   964 W PackageManager: Unknown permission com.amazon.mas.client.CONTENT_PROVIDER_READ in package com.amazon.tahoe
12-12 12:49:36.073   925   964 W PackageManager: Unknown permission com.amazon.alta.h2settings.permission.USE_DIALOGS in package com.amazon.tahoe
12-12 12:49:36.073   925   964 W PackageManager: Unknown permission com.amazon.dcp.metrics.permission.METRICS_PERMISSION in package com.android.keyguard
12-12 12:49:36.073   925   964 W PackageManager: Unknown permission com.hp.pps.htmlprintservice.PRINT in package com.kingsoft.office.amz
12-12 12:49:36.083   925   964 W PackageManager: Unknown permission com.amazon.dcp.metrics.permission.METRICS_PERMISSION in package com.amazon.kindle.rdmdeviceadmin
12-12 12:49:36.083   925   964 W PackageManager: Unknown permission com.amazon.dcp.metrics.permission.METRICS_PERMISSION in package com.amazon.alta.h2clientservice
12-12 12:49:36.083   925   964 W PackageManager: Unknown permission android.net.conn.CONNECTIVITY_CHANGE in package com.amazon.digital.asset.ownership.app
12-12 12:49:36.083   925   964 W PackageManager: Unknown permission com.amazon.dcp.metrics.permission.METRICS_PERMISSION in package com.amazon.digital.asset.ownership.app
12-12 12:49:36.133   366   366 D keystore: calling clear_uid in state: 3
12-12 12:49:36.133   925   964 I ActivityManager: Force stopping com.example.snoopy appid=10002 user=0: pkg removed
12-12 12:49:36.143   925   925 D BinderInternal: GC called due to : bg
12-12 12:49:36.163   925   989 I RegisteredPolicyManager: user/package action=android.intent.action.PACKAGE_REMOVED	userHandle0
12-12 12:49:36.163   925   989 W PackageManager: com.example.snoopy is not installed for user 0
12-12 12:49:36.163   925   989 W RegisteredPolicyManager: Metadata not available in package:com.example.snoopy
12-12 12:49:36.163   925   989 I RegisteredPolicyManager: Package removed:com.example.snoopy
12-12 12:49:36.163   925   989 I DevicePolicyManagerService: Notified isValidMDM=true
12-12 12:49:36.173   925   989 I DevicePolicyManagerService: Notified isValidMDM=true
12-12 12:49:36.173   925   989 I DevicePolicyManagerService: Notified isValidMDM=true
12-12 12:49:36.173   925   989 I DevicePolicyManagerService: Notified isValidMDM=true
12-12 12:49:36.173   925   989 I DevicePolicyManagerService: Notified isValidMDM=true
12-12 12:49:36.173   925   989 I DevicePolicyManagerService: Notified isValidMDM=true
12-12 12:49:36.173   925   978 I InputReader: Reconfiguring input devices.  changes=0x00000010
12-12 12:49:36.173   925   989 I DevicePolicyManagerService: isAdmin ComponentInfo{com.android.email/com.android.email.SecurityPolicy$PolicyAdmin} whiteListed true
12-12 12:49:36.173   925   989 I DevicePolicyManagerService: isAdmin ComponentInfo{com.amazon.kor.demo/com.amazon.kor.demo.receiver.BindDeviceAdminReceiver} whiteListed true
12-12 12:49:36.173   925   989 I DevicePolicyManagerService: isAdmin ComponentInfo{com.amazon.parentalcontrols/com.amazon.parentalcontrols.receivers.ParentalAdminReceiver} whiteListed true
12-12 12:49:36.173   925   989 I DevicePolicyManagerService: isAdmin ComponentInfo{com.amazon.kindle.rdmdeviceadmin/com.amazon.rdmdeviceadmin.DeviceControlsAdminReceiver} whiteListed true
12-12 12:49:36.173   925   989 I DevicePolicyManagerService: isAdmin ComponentInfo{com.amazon.tahoe/com.amazon.tahoe.deviceadmin.FreeTimeDeviceAdminReceiver} whiteListed true
12-12 12:49:36.173   925   989 I DevicePolicyManagerService: isAdmin ComponentInfo{com.amazon.kindle.devicecontrols/com.amazon.kindle.devicecontrols.receivers.DeviceControlsAdminReceiver} whiteListed true
12-12 12:49:36.183   925  1388 D ActivityManager: single user service: com.amazon.dcp:OTAService
12-12 12:49:36.183   925  1388 D ActivityManager: app = com.amazon.dcp:OTAService, has single user service, setting process record.
12-12 12:49:36.193   925  1196 I ActivityManager: Delay finish: com.amazon.identity.auth.device.authorization/.appsync.PackageChangedReceiver
12-12 12:49:36.203   925   956 W Settings: Setting default_input_method has moved from android.provider.Settings.Secure to android.provider.Settings.Global.
12-12 12:49:36.203   925  1093 W PackageManager: com.example.snoopy is not installed for user 0
12-12 12:49:36.203   925  1423 V IntentResolver: Resolving type=null scheme=null defaultOnly=false userId=0 of Intent { act=com.amazon.whisperlink.actview.ui.SELECTION flg=0x8 }
12-12 12:49:36.203   925  1423 V IntentResolver: Action list: [ServiceIntentInfo{428e0e00 com.amazon.avod/com.amazon.messaging.common.whisperplay.internal.service.WhisperPlayPlaybackControlLocalService}, ServiceIntentInfo{4289ff60 com.amazon.photos/com.amazon.gallery.thor.whisperplay.ThorWhisperService}]
12-12 12:49:36.203   925  1423 V IntentResolver: Matching against filter ServiceIntentInfo{428e0e00 com.amazon.avod/com.amazon.messaging.common.whisperplay.internal.service.WhisperPlayPlaybackControlLocalService}
12-12 12:49:36.203   925  1423 V IntentResolver:   Filter matched!  match=0x108000 hasDefault=false
12-12 12:49:36.203   925  1423 V IntentResolver:     428e0a28 com.amazon.avod/com.amazon.messaging.common.whisperplay.internal.service.WhisperPlayPlaybackControlLocalService filter 428e0e00
12-12 12:49:36.203   925  1423 V IntentResolver:     Action: "com.amazon.whisperlink.actview.ui.SELECTION"
12-12 12:49:36.203   925  1423 V IntentResolver:     Category: "com.amazon.whisperlink.actview.ui.DEFAULT_UX"
12-12 12:49:36.203   925  1423 V IntentResolver: Matching against filter ServiceIntentInfo{4289ff60 com.amazon.photos/com.amazon.gallery.thor.whisperplay.ThorWhisperService}
12-12 12:49:36.203   925  1423 V IntentResolver:   Filter matched!  match=0x108000 hasDefault=false
12-12 12:49:36.203   925  1423 V IntentResolver:     4280e710 com.amazon.photos/com.amazon.gallery.thor.whisperplay.ThorWhisperService filter 4289ff60
12-12 12:49:36.203   925  1423 V IntentResolver:     Action: "com.amazon.whisperlink.actview.ui.SELECTION"
12-12 12:49:36.203   925  1423 V IntentResolver:     Action: "com.amazon.whisperlink.actview.ui.DEFAULT_UX"
12-12 12:49:36.203   925  1423 V IntentResolver: Final result list:
12-12 12:49:36.203   925  1423 V IntentResolver:   ResolveInfo{42b32880 com.amazon.avod/com.amazon.messaging.common.whisperplay.internal.service.WhisperPlayPlaybackControlLocalService m=0x108000}
12-12 12:49:36.203   925  1423 V IntentResolver:   ResolveInfo{42a0cfb8 com.amazon.photos/com.amazon.gallery.thor.whisperplay.ThorWhisperService m=0x108000}
12-12 12:49:36.213   925   935 W PackageManager: com.example.snoopy is not installed for user 0
12-12 12:49:36.213   925  1196 W PackageManager: com.example.snoopy is not installed for user 0
12-12 12:49:36.213   925   956 W Settings: Setting default_input_method has moved from android.provider.Settings.Secure to android.provider.Settings.Global.
12-12 12:49:36.223   925  1389 I ActivityManager: Resuming delayed broadcast
12-12 12:49:36.283   925   925 D BackupManagerService: Received broadcast Intent { act=android.intent.action.PACKAGE_REMOVED dat=xxxx flg=0x4000010 (has extras) }
12-12 12:49:36.283   925   925 V BackupManagerService: removePackageParticipantsLocked: uid=10002 #1
12-12 12:49:36.343 10471 10471 W ContextImpl: Calling a method in the system process without a qualified user: android.app.ContextImpl.startService:1818 android.content.ContextWrapper.startService:529 android.content.ContextWrapper.startService:529 com.android.keychain.KeyChainBroadcastReceiver.onReceive:12 android.app.ActivityThread.handleReceiver:2512 
12-12 12:49:36.353   925  1389 I ActivityManager: Delay finish: com.android.keychain/.KeyChainBroadcastReceiver
12-12 12:49:36.363   925  1193 I ActivityManager: Resuming delayed broadcast
12-12 12:49:36.373   925   956 W Searchables: No web search activity found
12-12 12:49:36.443 10627 10627 D AndroidRuntime: Shutting down VM
12-12 12:49:37.093 10678 10678 D AndroidRuntime: 
12-12 12:49:37.093 10678 10678 D AndroidRuntime: >>>>>> AndroidRuntime START com.android.internal.os.RuntimeInit <<<<<<
12-12 12:49:37.093 10678 10678 D AndroidRuntime: CheckJNI is OFF
12-12 12:49:37.103 10678 10678 D dalvikvm: Good opt header, DEX offset is 64, flags=0x00
12-12 12:49:37.103 10678 10678 D dalvikvm: dalvik-aux-structure mapped at 0x58878000 with sizes 17456 9068 22916 7820
12-12 12:49:37.103 10678 10678 D dalvikvm: Good opt header, DEX offset is 64, flags=0x00
12-12 12:49:37.103 10678 10678 D dalvikvm: dalvik-aux-structure mapped at 0x588e6000 with sizes 3488 1968 3700 1000
12-12 12:49:37.103 10678 10678 D dalvikvm: Good opt header, DEX offset is 64, flags=0x00
12-12 12:49:37.103 10678 10678 D dalvikvm: dalvik-aux-structure mapped at 0x588e9000 with sizes 1212 1216 2416 256
12-12 12:49:37.103 10678 10678 D dalvikvm: Good opt header, DEX offset is 64, flags=0x00
12-12 12:49:37.103 10678 10678 D dalvikvm: dalvik-aux-structure mapped at 0x588f7000 with sizes 132 296 392 8
12-12 12:49:37.103 10678 10678 D dalvikvm: Good opt header, DEX offset is 64, flags=0x00
12-12 12:49:37.103 10678 10678 D dalvikvm: dalvik-aux-structure mapped at 0x58a4c000 with sizes 8748 4364 7932 3996
12-12 12:49:37.103 10678 10678 D dalvikvm: Good opt header, DEX offset is 64, flags=0x00
12-12 12:49:37.103 10678 10678 D dalvikvm: dalvik-aux-structure mapped at 0x58a53000 with sizes 22496 5180 8540 1804
12-12 12:49:37.103 10678 10678 D dalvikvm: Good opt header, DEX offset is 64, flags=0x00
12-12 12:49:37.103 10678 10678 D dalvikvm: dalvik-aux-structure mapped at 0x595c7000 with sizes 56980 26392 103936 34400
12-12 12:49:37.103 10678 10678 D dalvikvm: Good opt header, DEX offset is 64, flags=0x00
12-12 12:49:37.103 10678 10678 D dalvikvm: dalvik-aux-structure mapped at 0x597e2000 with sizes 9456 6512 11508 3328
12-12 12:49:37.103 10678 10678 D dalvikvm: Good opt header, DEX offset is 64, flags=0x00
12-12 12:49:37.103 10678 10678 D dalvikvm: dalvik-aux-structure mapped at 0x59956000 with sizes 20772 3532 10520 3092
12-12 12:49:37.103 10678 10678 D dalvikvm: Good opt header, DEX offset is 64, flags=0x00
12-12 12:49:37.103 10678 10678 D dalvikvm: dalvik-aux-structure mapped at 0x59960000 with sizes 1660 956 2388 56
12-12 12:49:37.103 10678 10678 D dalvikvm: Good opt header, DEX offset is 64, flags=0x00
12-12 12:49:37.103 10678 10678 D dalvikvm: dalvik-aux-structure mapped at 0x599c1000 with sizes 1312 504 800 184
12-12 12:49:37.103 10678 10678 D dalvikvm: Good opt header, DEX offset is 64, flags=0x00
12-12 12:49:37.103 10678 10678 D dalvikvm: dalvik-aux-structure mapped at 0x599c2000 with sizes 1704 1896 3404 216
12-12 12:49:37.103 10678 10678 D dalvikvm: Good opt header, DEX offset is 64, flags=0x00
12-12 12:49:37.103 10678 10678 D dalvikvm: dalvik-aux-structure mapped at 0x59e05000 with sizes 41656 10740 31732 2024
12-12 12:49:37.103 10678 10678 D dalvikvm: Good opt header, DEX offset is 64, flags=0x00
12-12 12:49:37.103 10678 10678 D dalvikvm: dalvik-aux-structure mapped at 0x599c7000 with sizes 13340 3572 6468 560
12-12 12:49:37.103 10678 10678 D dalvikvm: Good opt header, DEX offset is 64, flags=0x00
12-12 12:49:37.103 10678 10678 D dalvikvm: dalvik-aux-structure mapped at 0x5a04a000 with sizes 3752 5072 11996 2620
12-12 12:49:37.103 10678 10678 D dalvikvm: Good opt header, DEX offset is 64, flags=0x00
