12-12 12:46:17.521   751   969 I ServiceKeeper: In getseinfo pid = 751 uid = 1000 seinfo= system
12-12 12:46:17.521   751   969 I ServiceKeeper: In getappinfo pid = 751 pkgName = android appinfo = null
12-12 12:46:17.521   751   969 I ServiceKeeper: In getseinfo pid = 751 uid = 1000 seinfo= system
12-12 12:46:17.521   751   969 I ServiceKeeper: In getappinfo pid = 751 pkgName = android appinfo = null
12-12 12:46:17.521   751   969 I ServiceKeeper: In getseinfo pid = 751 uid = 1000 seinfo= system
12-12 12:46:17.521   751   969 I ServiceKeeper: In getappinfo pid = 751 pkgName = android appinfo = null
12-12 12:46:17.521  8695  8773 I Icing   : doRemovePackageData com.android.systemui
12-12 12:46:17.521   751   969 I ServiceKeeper: In getseinfo pid = 751 uid = 1000 seinfo= system
12-12 12:46:17.541  1067  1067 D dalvikvm: GC_FOR_ALLOC freed 17687K, 21% free 45974K/57496K, paused 63ms, total 63ms
12-12 12:46:17.561  1067  1067 I dalvikvm-heap: Grow heap (frag case) to 63.063MB for 14745616-byte allocation
12-12 12:46:17.571   751   969 I ServiceKeeper: In getappinfo pid = 751 pkgName = android appinfo = null
12-12 12:46:17.571   751   969 I ServiceKeeper: In getseinfo pid = 751 uid = 1000 seinfo= system
12-12 12:46:17.571   751   969 I ServiceKeeper: In getappinfo pid = 751 pkgName = android appinfo = null
12-12 12:46:17.571   751   969 I ServiceKeeper: In getseinfo pid = 751 uid = 1000 seinfo= system
12-12 12:46:17.571   751   969 I ServiceKeeper: In getappinfo pid = 751 pkgName = android appinfo = null
12-12 12:46:17.581   751   969 I ServiceKeeper: In getseinfo pid = 751 uid = 1000 seinfo= system
12-12 12:46:17.581   751   969 I ServiceKeeper: In getappinfo pid = 751 pkgName = android appinfo = null
12-12 12:46:17.581   751   969 I ServiceKeeper: In getseinfo pid = 751 uid = 1000 seinfo= system
12-12 12:46:17.581   751   969 I ServiceKeeper: In getappinfo pid = 751 pkgName = android appinfo = null
12-12 12:46:17.581   751   969 I ServiceKeeper: In getseinfo pid = 751 uid = 1000 seinfo= system
12-12 12:46:17.601  1067  1074 D dalvikvm: GC_CONCURRENT freed 433K, 17% free 59940K/71900K, paused 3ms+10ms, total 35ms
12-12 12:46:17.621   751  2586 D SSRMv2:SIOP: SIOP:: AP = 320, PST = 287, Delta = 4
12-12 12:46:17.621   751  2586 D AmoledAdjustTimer: prevTemp = 252, currTemp = 252, prevStep = 4, currStep = 4
12-12 12:46:17.651  1067  1067 D skia    : GFXPNG PNG bitmap created width:1920 height:1920 bitmap id is 441 
12-12 12:46:17.711  1067  1131 D KeyguardUpdateMonitor: sendKeyguardVisibilityChanged(true)
12-12 12:46:17.711  1067  1702 D KeyguardUpdateMonitor: sendKeyguardVisibilityChanged(true)
12-12 12:46:17.721  1067  1703 D KeyguardUpdateMonitor: sendKeyguardVisibilityChanged(true)
12-12 12:46:17.721  1067  1067 D KeyguardUpdateMonitor: handleKeyguardVisibilityChanged(1)
12-12 12:46:17.721  1067  1082 D KeyguardUpdateMonitor: sendKeyguardVisibilityChanged(true)
12-12 12:46:17.721  1067  1067 D STATUSBAR-IconMerger: checkOverflow(504), More:false, Req:false Child:4
12-12 12:46:17.731  1067  1067 D KeyguardUpdateMonitor: handleKeyguardVisibilityChanged(1)
12-12 12:46:17.731  1067  1067 D KeyguardUpdateMonitor: handleKeyguardVisibilityChanged(1)
12-12 12:46:17.731  1067  1067 D KeyguardUpdateMonitor: handleKeyguardVisibilityChanged(1)
12-12 12:46:17.731  1067  1067 D KeyguardUpdateMonitor: handleKeyguardVisibilityChanged(1)
12-12 12:46:17.731  1067  1067 D KeyguardUpdateMonitor: handleKeyguardVisibilityChanged(1)
12-12 12:46:18.011  1067  1081 D KeyguardUpdateMonitor: sendKeyguardVisibilityChanged(true)
12-12 12:46:18.011  1067  1067 D KeyguardUpdateMonitor: handleKeyguardVisibilityChanged(1)
12-12 12:46:18.011   261   488 I SurfaceFlinger: id=9 Removed JmageWallpa (5/11)
12-12 12:46:18.011   261   486 I SurfaceFlinger: id=9 Removed JmageWallpa (-2/11)
12-12 12:46:18.011  1067  5218 D KeyguardUpdateMonitor: sendKeyguardVisibilityChanged(true)
12-12 12:46:18.011  1067  1067 D KeyguardUpdateMonitor: handleKeyguardVisibilityChanged(1)
12-12 12:46:18.251  1067  1702 D KeyguardUpdateMonitor: sendKeyguardVisibilityChanged(true)
12-12 12:46:18.251  1067  1067 D KeyguardUpdateMonitor: handleKeyguardVisibilityChanged(1)
12-12 12:46:18.311 13120 13120 D AndroidRuntime: 
12-12 12:46:18.311 13120 13120 D AndroidRuntime: >>>>>> AndroidRuntime START com.android.internal.os.RuntimeInit <<<<<<
12-12 12:46:18.311 13120 13120 D AndroidRuntime: CheckJNI is OFF
12-12 12:46:18.311 13120 13120 D AndroidRuntime: setted country_code = USA
12-12 12:46:18.321 13120 13120 D AndroidRuntime: setted countryiso_code = US
12-12 12:46:18.321 13120 13120 D AndroidRuntime: setted sales_code = TMB
12-12 12:46:18.321 13120 13120 D AndroidRuntime: readGMSProperty: start
12-12 12:46:18.321 13120 13120 D AndroidRuntime: readGMSProperty: already setted!!
12-12 12:46:18.321 13120 13120 D AndroidRuntime: readGMSProperty: end
12-12 12:46:18.321 13120 13120 D AndroidRuntime: addProductProperty: start
12-12 12:46:18.331 13120 13120 D dalvikvm: Trying to load lib libjavacore.so 0x0
12-12 12:46:18.331 13120 13120 D dalvikvm: Added shared lib libjavacore.so 0x0
12-12 12:46:18.341 13120 13120 D dalvikvm: Trying to load lib libnativehelper.so 0x0
12-12 12:46:18.341 13120 13120 D dalvikvm: Added shared lib libnativehelper.so 0x0
12-12 12:46:18.341 13120 13120 D dalvikvm: No JNI_OnLoad found in libnativehelper.so 0x0, skipping init
12-12 12:46:18.441 13120 13120 E memtrack: Couldn't load memtrack module (No such file or directory)
12-12 12:46:18.441 13120 13120 E android.os.Debug: failed to load memtrack module: -2
12-12 12:46:18.471 13120 13120 D dalvikvm: Note: class Landroid/app/ActivityManagerNative; has 192 unimplemented (abstract) methods
12-12 12:46:18.521 13120 13120 D AndroidRuntime: Calling main entry com.android.commands.pm.Pm
12-12 12:46:18.571   751  1444 V ApplicationPolicy: isApplicationStateBlocked userId 0 pkgname com.android.phone
12-12 12:46:18.581   751  1444 D EnterpriseDeviceManager: ContainerId: 0
12-12 12:46:18.581   751  1444 V ApplicationPolicy: isApplicationStateBlocked userId 0 pkgname com.android.phone
12-12 12:46:18.581   751  1444 D PackageManager: START CLEAR APPLICATION USER DATA: observer{1130011576}
12-12 12:46:18.581   751  1444 D PackageManager: pkg{<packageName>}
12-12 12:46:18.581   751  1444 D PackageManager: user{0}
12-12 12:46:18.581   751   982 V AlarmManager: waitForAlarm result :8
12-12 12:46:18.581   751   958 D PackageManager: [MSG] CLEAR_APPLICATION_USER_DATA
12-12 12:46:18.591   272   272 D keystore: calling clear_uid in state: 3
12-12 12:46:18.591   751   982 W PersonaManager: getPersonaIds()
12-12 12:46:18.601  1898  1898 D daemonapp: [MSC_Daemon]>>> AWDCDS:27 [0:0] AWD CD Act : androidintentactionPACKAGE_RESTARTED
12-12 12:46:18.611   751   969 I ServiceKeeper: In getappinfo pid = 751 pkgName = android appinfo = null
12-12 12:46:18.611   751   969 I ServiceKeeper: In getseinfo pid = 751 uid = 1000 seinfo= system
12-12 12:46:18.611  1308  1308 I PersonaManager: getPersonaService() name persona_policy
12-12 12:46:18.611  6840  6840 I GeofencerStateMachine: removeGeofences: removeRequest=RemoveGeofencingRequest[REMOVE_ALL packageName=com.android.phone]
12-12 12:46:18.621   751   969 I ServiceKeeper: In getappinfo pid = 751 pkgName = android appinfo = null
12-12 12:46:18.621   751   969 I ServiceKeeper: In getseinfo pid = 751 uid = 1000 seinfo= system
12-12 12:46:18.621   751   969 I ServiceKeeper: In getappinfo pid = 751 pkgName = android appinfo = null
12-12 12:46:18.621   751   969 I ServiceKeeper: In getseinfo pid = 751 uid = 1000 seinfo= system
12-12 12:46:18.621 13020 13132 D Documents: Used cached roots for com.android.externalstorage.documents
12-12 12:46:18.621 13020 13132 D Documents: Used cached roots for com.android.providers.downloads.documents
12-12 12:46:18.621 13020 13132 D Documents: Used cached roots for com.android.providers.media.documents
12-12 12:46:18.621 13020 13132 D Documents: Loading roots for com.google.android.apps.docs.storage
12-12 12:46:18.631 13020 13132 D Documents: Update found 6 roots in 19ms
12-12 12:46:18.631   751   958 D PackageManager: return delete result to caller: 1130011576
12-12 12:46:18.641  1898  1898 D daemonapp: [MSC_Daemon]>>> AWDCDS:27 [0:0] AWD CD Act : androidintentactionPACKAGE_DATA_CLEARED
12-12 12:46:18.641 13120 13120 D AndroidRuntime: Shutting down VM
12-12 12:46:18.641 13120 13125 D dalvikvm: GC_CONCURRENT freed 97K, 13% free 677K/776K, paused 0ms+0ms, total 2ms
12-12 12:46:18.641   751   958 D PackageManager: returnCode: true
12-12 12:46:18.651   751   969 I ServiceKeeper: In getappinfo pid = 751 pkgName = android appinfo = null
12-12 12:46:18.651   751   969 I ServiceKeeper: In getseinfo pid = 751 uid = 1000 seinfo= system
12-12 12:46:18.651   751  1014 D ConnectivityService: Sampling interval elapsed, updating statistics ..
12-12 12:46:18.661  8695 13062 D Wear_Controller: Received broadcast action=android.intent.action.PACKAGE_DATA_CLEARED and uri=com.android.phone
12-12 12:46:18.671  8695 13065 I LocationSettingsChecker: Removing dialog suppression flag for package com.android.phone
12-12 12:46:18.671   751  1014 D ConnectivityService: Done.
12-12 12:46:18.671   751  1014 D ConnectivityService: Setting timer for 720seconds
12-12 12:46:18.671   751   969 I ServiceKeeper: In getappinfo pid = 751 pkgName = android appinfo = null
12-12 12:46:18.671   751   969 I ServiceKeeper: In getseinfo pid = 751 uid = 1000 seinfo= system
12-12 12:46:18.681   751   969 I ServiceKeeper: In getappinfo pid = 751 pkgName = android appinfo = null
12-12 12:46:18.681   751   969 I ServiceKeeper: In getseinfo pid = 751 uid = 1000 seinfo= system
12-12 12:46:18.681   751   969 I ServiceKeeper: In getappinfo pid = 751 pkgName = android appinfo = null
12-12 12:46:18.681   751   969 I ServiceKeeper: In getseinfo pid = 751 uid = 1000 seinfo= system
12-12 12:46:18.681   751   969 I ServiceKeeper: In getappinfo pid = 751 pkgName = android appinfo = null
12-12 12:46:18.681   751   969 I ServiceKeeper: In getseinfo pid = 751 uid = 1000 seinfo= system
12-12 12:46:18.681   751   969 I ServiceKeeper: In getappinfo pid = 751 pkgName = android appinfo = null
12-12 12:46:18.681   751   969 I ServiceKeeper: In getseinfo pid = 751 uid = 1000 seinfo= system
12-12 12:46:18.681  8695  8773 I Icing   : doRemovePackageData com.android.phone
12-12 12:46:18.731   751   969 I ServiceKeeper: In getappinfo pid = 751 pkgName = android appinfo = null
12-12 12:46:18.731   751   969 I ServiceKeeper: In getseinfo pid = 751 uid = 1000 seinfo= system
12-12 12:46:18.731   751   969 I ServiceKeeper: In getappinfo pid = 751 pkgName = android appinfo = null
12-12 12:46:18.731   751   969 I ServiceKeeper: In getseinfo pid = 751 uid = 1000 seinfo= system
12-12 12:46:18.731   751   969 I ServiceKeeper: In getappinfo pid = 751 pkgName = android appinfo = null
12-12 12:46:18.731   751   969 I ServiceKeeper: In getseinfo pid = 751 uid = 1000 seinfo= system
12-12 12:46:18.731   751   969 I ServiceKeeper: In getappinfo pid = 751 pkgName = android appinfo = null
12-12 12:46:18.731   751   969 I ServiceKeeper: In getseinfo pid = 751 uid = 1000 seinfo= system
12-12 12:46:18.731   751   969 I ServiceKeeper: In getappinfo pid = 751 pkgName = android appinfo = null
12-12 12:46:18.731   751   969 I ServiceKeeper: In getseinfo pid = 751 uid = 1000 seinfo= system
12-12 12:46:19.571 13146 13146 D AndroidRuntime: 
12-12 12:46:19.571 13146 13146 D AndroidRuntime: >>>>>> AndroidRuntime START com.android.internal.os.RuntimeInit <<<<<<
12-12 12:46:19.571 13146 13146 D AndroidRuntime: CheckJNI is OFF
12-12 12:46:19.571 13146 13146 D AndroidRuntime: setted country_code = USA
12-12 12:46:19.571 13146 13146 D AndroidRuntime: setted countryiso_code = US
12-12 12:46:19.571 13146 13146 D AndroidRuntime: setted sales_code = TMB
12-12 12:46:19.571 13146 13146 D AndroidRuntime: readGMSProperty: start
12-12 12:46:19.571 13146 13146 D AndroidRuntime: readGMSProperty: already setted!!
12-12 12:46:19.571 13146 13146 D AndroidRuntime: readGMSProperty: end
12-12 12:46:19.571 13146 13146 D AndroidRuntime: addProductProperty: start
12-12 12:46:19.591 13146 13146 D dalvikvm: Trying to load lib libjavacore.so 0x0
12-12 12:46:19.591 13146 13146 D dalvikvm: Added shared lib libjavacore.so 0x0
12-12 12:46:19.601 13146 13146 D dalvikvm: Trying to load lib libnativehelper.so 0x0
12-12 12:46:19.601 13146 13146 D dalvikvm: Added shared lib libnativehelper.so 0x0
12-12 12:46:19.601 13146 13146 D dalvikvm: No JNI_OnLoad found in libnativehelper.so 0x0, skipping init
12-12 12:46:19.691 13146 13146 E memtrack: Couldn't load memtrack module (No such file or directory)
12-12 12:46:19.691 13146 13146 E android.os.Debug: failed to load memtrack module: -2
12-12 12:46:19.721 13146 13146 D dalvikvm: Note: class Landroid/app/ActivityManagerNative; has 192 unimplemented (abstract) methods
12-12 12:46:19.751 13146 13146 D AndroidRuntime: Calling main entry com.android.commands.pm.Pm
12-12 12:46:19.801   751  7228 V ApplicationPolicy: isApplicationStateBlocked userId 0 pkgname com.google.android.apps.maps
12-12 12:46:19.801   751  7228 I ActivityManager: Killing 12149:com.google.android.apps.maps/u0a116 (adj 15): stop com.google.android.apps.maps
12-12 12:46:19.811   751   940 W ContextImpl: Calling a method in the system process without a qualified user: android.app.ContextImpl.sendBroadcast:1505 com.android.server.am.AppStateBroadcaster.BroadcastAppState:128 com.android.server.am.AppStateBroadcaster.SendApplicationStop:53 com.android.server.am.ActivityManagerService$2.handleMessage:2141 android.os.Handler.dispatchMessage:102 
12-12 12:46:19.821   751  7228 D EnterpriseDeviceManager: ContainerId: 0
12-12 12:46:19.821   751  7228 V ApplicationPolicy: isApplicationStateBlocked userId 0 pkgname com.google.android.apps.maps
12-12 12:46:19.821   751  7228 D PackageManager: START CLEAR APPLICATION USER DATA: observer{1134575184}
12-12 12:46:19.821   751  7228 D PackageManager: pkg{<packageName>}
12-12 12:46:19.821   751  7228 D PackageManager: user{0}
12-12 12:46:19.821   751   958 D PackageManager: [MSG] CLEAR_APPLICATION_USER_DATA
12-12 12:46:19.831   272   272 D keystore: calling clear_uid in state: 3
12-12 12:46:19.841  1898  1898 D daemonapp: [MSC_Daemon]>>> AWDCDS:27 [0:0] AWD CD Act : androidintentactionPACKAGE_RESTARTED
12-12 12:46:19.851  6840  6840 I GeofencerStateMachine: removeGeofences: removeRequest=RemoveGeofencingRequest[REMOVE_ALL packageName=com.google.android.apps.maps]
12-12 12:46:19.851  1308  1308 I PersonaManager: getPersonaService() name persona_policy
12-12 12:46:19.851   751   969 I ServiceKeeper: In getappinfo pid = 751 pkgName = android appinfo = null
12-12 12:46:19.851   751   969 I ServiceKeeper: In getseinfo pid = 751 uid = 1000 seinfo= system
12-12 12:46:19.851   751   969 I ServiceKeeper: In getappinfo pid = 751 pkgName = android appinfo = null
12-12 12:46:19.851   751   969 I ServiceKeeper: In getseinfo pid = 751 uid = 1000 seinfo= system
12-12 12:46:19.861 13020 13157 D Documents: Used cached roots for com.android.externalstorage.documents
12-12 12:46:19.861 13020 13157 D Documents: Used cached roots for com.android.providers.downloads.documents
12-12 12:46:19.861 13020 13157 D Documents: Used cached roots for com.android.providers.media.documents
12-12 12:46:19.861 13020 13157 D Documents: Loading roots for com.google.android.apps.docs.storage
12-12 12:46:19.891 13020 13157 D Documents: Update found 6 roots in 35ms
12-12 12:46:19.901   751   958 D PackageManager: return delete result to caller: 1134575184
12-12 12:46:19.901 13146 13146 D AndroidRuntime: Shutting down VM
12-12 12:46:19.901 13146 13151 D dalvikvm: GC_CONCURRENT freed 97K, 13% free 677K/776K, paused 0ms+0ms, total 2ms
12-12 12:46:19.901   751   958 D PackageManager: returnCode: true
12-12 12:46:19.911  1898  1898 D daemonapp: [MSC_Daemon]>>> AWDCDS:27 [0:0] AWD CD Act : androidintentactionPACKAGE_DATA_CLEARED
12-12 12:46:19.921  8695 13062 D Wear_Controller: Received broadcast action=android.intent.action.PACKAGE_DATA_CLEARED and uri=com.google.android.apps.maps
12-12 12:46:19.921  8695 13063 I LocationSettingsChecker: Removing dialog suppression flag for package com.google.android.apps.maps
12-12 12:46:19.931   751   969 I ServiceKeeper: In getappinfo pid = 751 pkgName = android appinfo = null
12-12 12:46:19.931   751   969 I ServiceKeeper: In getseinfo pid = 751 uid = 1000 seinfo= system
12-12 12:46:19.941   751   969 I ServiceKeeper: In getappinfo pid = 751 pkgName = android appinfo = null
12-12 12:46:19.941   751   969 I ServiceKeeper: In getseinfo pid = 751 uid = 1000 seinfo= system
12-12 12:46:19.941   751   969 I ServiceKeeper: In getappinfo pid = 751 pkgName = android appinfo = null
12-12 12:46:19.941   751   969 I ServiceKeeper: In getseinfo pid = 751 uid = 1000 seinfo= system
12-12 12:46:19.941   751   969 I ServiceKeeper: In getappinfo pid = 751 pkgName = android appinfo = null
12-12 12:46:19.941   751   969 I ServiceKeeper: In getseinfo pid = 751 uid = 1000 seinfo= system
12-12 12:46:19.941   751   969 I ServiceKeeper: In getappinfo pid = 751 pkgName = android appinfo = null
12-12 12:46:19.941  8695  8773 I Icing   : doRemovePackageData com.google.android.apps.maps
12-12 12:46:19.941   751   969 I ServiceKeeper: In getseinfo pid = 751 uid = 1000 seinfo= system
12-12 12:46:20.171   751   969 I ServiceKeeper: In getappinfo pid = 751 pkgName = android appinfo = null
12-12 12:46:20.171   751   969 I ServiceKeeper: In getseinfo pid = 751 uid = 1000 seinfo= system
12-12 12:46:20.171   751   969 I ServiceKeeper: In getappinfo pid = 751 pkgName = android appinfo = null
12-12 12:46:20.171   751   969 I ServiceKeeper: In getseinfo pid = 751 uid = 1000 seinfo= system
12-12 12:46:20.171   751   969 I ServiceKeeper: In getappinfo pid = 751 pkgName = android appinfo = null
12-12 12:46:20.171   751   969 I ServiceKeeper: In getseinfo pid = 751 uid = 1000 seinfo= system
12-12 12:46:20.171   751   969 I ServiceKeeper: In getappinfo pid = 751 pkgName = android appinfo = null
12-12 12:46:20.171   751   969 I ServiceKeeper: In getseinfo pid = 751 uid = 1000 seinfo= system
12-12 12:46:20.171   751   969 I ServiceKeeper: In getappinfo pid = 751 pkgName = android appinfo = null
12-12 12:46:20.171   751   969 I ServiceKeeper: In getseinfo pid = 751 uid = 1000 seinfo= system
12-12 12:46:20.281   255   255 E SMD     : DCD ON
12-12 12:46:20.771 13171 13171 D AndroidRuntime: 
12-12 12:46:20.771 13171 13171 D AndroidRuntime: >>>>>> AndroidRuntime START com.android.internal.os.RuntimeInit <<<<<<
12-12 12:46:20.781 13171 13171 D AndroidRuntime: CheckJNI is OFF
12-12 12:46:20.781 13171 13171 D AndroidRuntime: setted country_code = USA
12-12 12:46:20.781 13171 13171 D AndroidRuntime: setted countryiso_code = US
12-12 12:46:20.781 13171 13171 D AndroidRuntime: setted sales_code = TMB
12-12 12:46:20.781 13171 13171 D AndroidRuntime: readGMSProperty: start
12-12 12:46:20.781 13171 13171 D AndroidRuntime: readGMSProperty: already setted!!
12-12 12:46:20.781 13171 13171 D AndroidRuntime: readGMSProperty: end
12-12 12:46:20.781 13171 13171 D AndroidRuntime: addProductProperty: start
12-12 12:46:20.801 13171 13171 D dalvikvm: Trying to load lib libjavacore.so 0x0
12-12 12:46:20.801 13171 13171 D dalvikvm: Added shared lib libjavacore.so 0x0
12-12 12:46:20.801 13171 13171 D dalvikvm: Trying to load lib libnativehelper.so 0x0
12-12 12:46:20.801 13171 13171 D dalvikvm: Added shared lib libnativehelper.so 0x0
12-12 12:46:20.801 13171 13171 D dalvikvm: No JNI_OnLoad found in libnativehelper.so 0x0, skipping init
12-12 12:46:20.901 13171 13171 E memtrack: Couldn't load memtrack module (No such file or directory)
12-12 12:46:20.901 13171 13171 E android.os.Debug: failed to load memtrack module: -2
12-12 12:46:20.921 13171 13171 D dalvikvm: Note: class Landroid/app/ActivityManagerNative; has 192 unimplemented (abstract) methods
12-12 12:46:20.971 13171 13171 D AndroidRuntime: Calling main entry com.android.commands.pm.Pm
12-12 12:46:21.021   751  1341 V ApplicationPolicy: isApplicationStateBlocked userId 0 pkgname com.android.settings
12-12 12:46:21.021   751  1341 I ActivityManager: Killing 6754:com.android.settings/1000 (adj 15): stop com.android.settings
12-12 12:46:21.031   751   940 W ContextImpl: Calling a method in the system process without a qualified user: android.app.ContextImpl.sendBroadcast:1505 com.android.server.am.AppStateBroadcaster.BroadcastAppState:128 com.android.server.am.AppStateBroadcaster.SendApplicationStop:53 com.android.server.am.ActivityManagerService$2.handleMessage:2141 android.os.Handler.dispatchMessage:102 
12-12 12:46:21.041   751   751 W ContextImpl: Calling a method in the system process without a qualified user: android.app.ContextImpl.sendBroadcast:1505 com.android.server.StatusBarManagerService.sendNotification:985 com.android.server.StatusBarManagerService.removeNotification:710 com.android.server.NotificationManagerService.cancelNotificationLocked:2454 com.android.server.NotificationManagerService.cancelAllNotificationsInt:2669 
12-12 12:46:21.041   751  1341 D PackageManager: START CLEAR APPLICATION USER DATA: observer{1150245056}
12-12 12:46:21.041   751  1341 D PackageManager: pkg{<packageName>}
12-12 12:46:21.041   751  1341 D PackageManager: user{0}
12-12 12:46:21.051  1308  1308 I PersonaManager: getPersonaService() name persona_policy
12-12 12:46:21.051   751   751 D NotificationService: cancelNotificationLocked
12-12 12:46:21.051   751   751 D NotificationService:  hasClearableItems
12-12 12:46:21.051   751   751 D NotificationService: Num of hasClearableItems : 2
12-12 12:46:21.051   751   751 D NotificationService: cancelNotificationLocked
12-12 12:46:21.051   751   751 D NotificationService:  hasClearableItems
12-12 12:46:21.051   751   751 D NotificationService: Num of hasClearableItems : 1
12-12 12:46:21.051  1067  1067 D STATUSBAR-IconMerger: checkOverflow(504), More:false, Req:false Child:3
12-12 12:46:21.051   751   751 D STATUSBAR-StatusBarManagerService: sendNotification(3) - 2130838824
12-12 12:46:21.051   751   751 D NotificationService:  Sending broadcast for cancel notification = StatusBarNotification(pkg=com.android.settings user=UserHandle{0} id=2130838824 tag=null score=0: Notification(pri=0 icon=7f020528 contentView=com.android.settings/0x109007f vibrate=null sound=null defaults=0x0 flags=0x2 when=0 ledARGB=0x0 contentIntent=Y deleteIntent=N contentTitle=16 contentText=28 tickerText=16 kind=[null]))
12-12 12:46:21.051   751   751 W ContextImpl: Calling a method in the system process without a qualified user: android.app.ContextImpl.sendBroadcast:1491 com.android.server.NotificationManagerService.cancelNotificationLocked:2532 com.android.server.NotificationManagerService.cancelAllNotificationsInt:2669 com.android.server.NotificationManagerService$6.onReceive:1316 android.app.LoadedApk$ReceiverDispatcher$Args.run:772 
12-12 12:46:21.051   751   751 W ContextImpl: Calling a method in the system process without a qualified user: android.app.ContextImpl.sendBroadcast:1505 com.android.server.StatusBarManagerService.sendNotification:985 com.android.server.StatusBarManagerService.removeNotification:710 com.android.server.NotificationManagerService.cancelNotificationLocked:2454 com.android.server.NotificationManagerService.cancelAllNotificationsInt:2669 
12-12 12:46:21.051   751   751 D STATUSBAR-StatusBarManagerService: sendNotification(3) - 2130838827
12-12 12:46:21.051   751   751 D NotificationService:  Sending broadcast for cancel notification = StatusBarNotification(pkg=com.android.settings user=UserHandle{0} id=2130838827 tag=null score=0: Notification(pri=0 icon=7f02052b contentView=com.android.settings/0x109007f vibrate=null sound=null defaults=0x0 flags=0x10 when=0 ledARGB=0x0 contentIntent=Y deleteIntent=Y contentTitle=17 contentText=36 tickerText=36 kind=[null]))
12-12 12:46:21.061  1898  1898 D daemonapp: [MSC_Daemon]>>> AWDCDS:27 [0:0] AWD CD Act : androidintentactionPACKAGE_RESTARTED
12-12 12:46:21.061   751  1341 D EnterpriseDeviceManager: ContainerId: 0
12-12 12:46:21.061   751  1341 V ApplicationPolicy: isApplicationStateBlocked userId 0 pkgname com.android.settings
12-12 12:46:21.061   751   751 W ContextImpl: Calling a method in the system process without a qualified user: android.app.ContextImpl.sendBroadcast:1491 com.android.server.NotificationManagerService.cancelNotificationLocked:2532 com.android.server.NotificationManagerService.cancelAllNotificationsInt:2669 com.android.server.NotificationManagerService$6.onReceive:1316 android.app.LoadedApk$ReceiverDispatcher$Args.run:772 
12-12 12:46:21.061   751   751 D LightsService: [api] [SvcLED] turnOff:: id = 4 (uid: 1000 pid: 751) 
12-12 12:46:21.061  1067  1067 D STATUSBAR-IconMerger: checkOverflow(504), More:false, Req:false Child:2
12-12 12:46:21.061   751   751 D LightsService: [SvcLED] setSvcLedStateLocked:: SvcLEDState : 0x0 -> 0x0 | SvcLED(id=4) set Off
12-12 12:46:21.061   751   976 D LightsService: [SvcLED] Lux failed to be updated in 700ms. -> handleForcedSvcLEDTasK
12-12 12:46:21.071   751   751 D RCPManagerService: NotificationReceiver onReceive()
12-12 12:46:21.071   751   751 D RCPManagerService:  NotificationReceiver sbn.getPackageName() com.android.settings sbn.getUser().getIdentifier() 0
12-12 12:46:21.071   751   751 I ServiceKeeper: In getappinfo pid = 751 pkgName = android appinfo = null
12-12 12:46:21.071   751   751 I ServiceKeeper: In getseinfo pid = 751 uid = 1000 seinfo= system
12-12 12:46:21.071   751   751 D RCPManagerService: getPolicy: Policy checking block entered for Notifications; for user/persona = 0 ; Policy = knox-sanitize-data ; token = 4294967296751
12-12 12:46:21.071   751   751 I ServiceKeeper: In getappinfo pid = 751 pkgName = android appinfo = null
12-12 12:46:21.071   751   751 I ServiceKeeper: In getseinfo pid = 751 uid = 1000 seinfo= system
12-12 12:46:21.071   751   751 D RCPManagerService: getPolicy: policy value returned = false
12-12 12:46:21.071   751   751 D RCPManagerService: going to get the app label for pkg == com.android.settings
12-12 12:46:21.071   751   751 D RCPManagerService: app label == Settings
12-12 12:46:21.071   751   751 D RCPManagerService:  NotificationReceiver ACTION_CANCEL_NOTIFICATION 
12-12 12:46:21.071   751   751 D RCPManagerService: NotificationReceiver onReceive()
12-12 12:46:21.071   751   751 D RCPManagerService:  NotificationReceiver sbn.getPackageName() com.android.settings sbn.getUser().getIdentifier() 0
12-12 12:46:21.071   751   751 I ServiceKeeper: In getappinfo pid = 751 pkgName = android appinfo = null
12-12 12:46:21.071   751   751 I ServiceKeeper: In getseinfo pid = 751 uid = 1000 seinfo= system
12-12 12:46:21.071   751   751 D RCPManagerService: getPolicy: Policy checking block entered for Notifications; for user/persona = 0 ; Policy = knox-sanitize-data ; token = 4294967296751
12-12 12:46:21.071   751   751 I ServiceKeeper: In getappinfo pid = 751 pkgName = android appinfo = null
12-12 12:46:21.071   751   751 I ServiceKeeper: In getseinfo pid = 751 uid = 1000 seinfo= system
12-12 12:46:21.071   751   751 D RCPManagerService: getPolicy: policy value returned = false
12-12 12:46:21.071   751   751 D RCPManagerService: going to get the app label for pkg == com.android.settings
12-12 12:46:21.071   751   751 D RCPManagerService: app label == Settings
12-12 12:46:21.071   751   751 D RCPManagerService:  NotificationReceiver ACTION_CANCEL_NOTIFICATION 
12-12 12:46:21.071   751   976 D LightsService: [SvcLED]  setSvcLedLightLocked :: Current SvcLED(id=3) maintains its priority right
12-12 12:46:21.081   751   958 D PackageManager: [MSG] CLEAR_APPLICATION_USER_DATA
12-12 12:46:21.081  6840  6840 I GeofencerStateMachine: removeGeofences: removeRequest=RemoveGeofencingRequest[REMOVE_ALL packageName=com.android.settings]
12-12 12:46:21.091   751   969 I ServiceKeeper: In getappinfo pid = 751 pkgName = android appinfo = null
12-12 12:46:21.091   751   969 I ServiceKeeper: In getseinfo pid = 751 uid = 1000 seinfo= system
12-12 12:46:21.091   751   969 I ServiceKeeper: In getappinfo pid = 751 pkgName = android appinfo = null
12-12 12:46:21.101   751   969 I ServiceKeeper: In getseinfo pid = 751 uid = 1000 seinfo= system
12-12 12:46:21.101   272   272 D keystore: calling clear_uid in state: 3
12-12 12:46:21.101 13020 13047 D Documents: Used cached roots for com.android.externalstorage.documents
12-12 12:46:21.101 13020 13047 D Documents: Used cached roots for com.android.providers.downloads.documents
12-12 12:46:21.101 13020 13047 D Documents: Used cached roots for com.android.providers.media.documents
12-12 12:46:21.101 13020 13047 D Documents: Loading roots for com.google.android.apps.docs.storage
12-12 12:46:21.111 13020 13047 D Documents: Update found 6 roots in 22ms
12-12 12:46:21.121  1898  1898 D daemonapp: [MSC_Daemon]>>> AWDCDS:27 [0:0] AWD CD Act : androidintentactionPACKAGE_DATA_CLEARED
12-12 12:46:21.131   751   958 D PackageManager: return delete result to caller: 1150245056
12-12 12:46:21.131 13171 13171 D AndroidRuntime: Shutting down VM
12-12 12:46:21.131 13171 13177 D dalvikvm: GC_CONCURRENT freed 97K, 13% free 677K/776K, paused 0ms+0ms, total 1ms
12-12 12:46:21.131   751   958 D PackageManager: returnCode: true
12-12 12:46:21.151  8695 13063 D Wear_Controller: Received broadcast action=android.intent.action.PACKAGE_DATA_CLEARED and uri=com.android.settings
12-12 12:46:21.151  8695 13062 I LocationSettingsChecker: Removing dialog suppression flag for package com.android.settings
12-12 12:46:21.161   751   969 I ServiceKeeper: In getappinfo pid = 751 pkgName = android appinfo = null
12-12 12:46:21.161   751   969 I ServiceKeeper: In getseinfo pid = 751 uid = 1000 seinfo= system
12-12 12:46:21.161   751   969 I ServiceKeeper: In getappinfo pid = 751 pkgName = android appinfo = null
12-12 12:46:21.161   751   969 I ServiceKeeper: In getseinfo pid = 751 uid = 1000 seinfo= system
12-12 12:46:21.161   751   969 I ServiceKeeper: In getappinfo pid = 751 pkgName = android appinfo = null
12-12 12:46:21.161   751   969 I ServiceKeeper: In getseinfo pid = 751 uid = 1000 seinfo= system
12-12 12:46:21.161   751   969 I ServiceKeeper: In getappinfo pid = 751 pkgName = android appinfo = null
12-12 12:46:21.161   751   969 I ServiceKeeper: In getseinfo pid = 751 uid = 1000 seinfo= system
12-12 12:46:21.161   751   969 I ServiceKeeper: In getappinfo pid = 751 pkgName = android appinfo = null
12-12 12:46:21.161   751   969 I ServiceKeeper: In getseinfo pid = 751 uid = 1000 seinfo= system
12-12 12:46:21.161  8695  8773 I Icing   : doRemovePackageData com.android.settings
12-12 12:46:21.221  6840  6844 D dalvikvm: GC_CONCURRENT freed 1964K, 24% free 20653K/27140K, paused 4ms+3ms, total 32ms
12-12 12:46:21.231   751   969 I ServiceKeeper: In getappinfo pid = 751 pkgName = android appinfo = null
12-12 12:46:21.231   751   969 I ServiceKeeper: In getseinfo pid = 751 uid = 1000 seinfo= system
12-12 12:46:21.231   751   969 I ServiceKeeper: In getappinfo pid = 751 pkgName = android appinfo = null
12-12 12:46:21.231   751   969 I ServiceKeeper: In getseinfo pid = 751 uid = 1000 seinfo= system
12-12 12:46:21.231   751   969 I ServiceKeeper: In getappinfo pid = 751 pkgName = android appinfo = null
12-12 12:46:21.231   751   969 I ServiceKeeper: In getseinfo pid = 751 uid = 1000 seinfo= system
12-12 12:46:21.231   751   969 I ServiceKeeper: In getappinfo pid = 751 pkgName = android appinfo = null
12-12 12:46:21.231   751   969 I ServiceKeeper: In getseinfo pid = 751 uid = 1000 seinfo= system
12-12 12:46:21.231   751   969 I ServiceKeeper: In getappinfo pid = 751 pkgName = android appinfo = null
12-12 12:46:21.231   751   969 I ServiceKeeper: In getseinfo pid = 751 uid = 1000 seinfo= system
12-12 12:46:22.011 13204 13204 D AndroidRuntime: 
12-12 12:46:22.011 13204 13204 D AndroidRuntime: >>>>>> AndroidRuntime START com.android.internal.os.RuntimeInit <<<<<<
12-12 12:46:22.011 13204 13204 D AndroidRuntime: CheckJNI is OFF
12-12 12:46:22.011 13204 13204 D AndroidRuntime: setted country_code = USA
12-12 12:46:22.011 13204 13204 D AndroidRuntime: setted countryiso_code = US
12-12 12:46:22.011 13204 13204 D AndroidRuntime: setted sales_code = TMB
12-12 12:46:22.011 13204 13204 D AndroidRuntime: readGMSProperty: start
12-12 12:46:22.021 13204 13204 D AndroidRuntime: readGMSProperty: already setted!!
12-12 12:46:22.021 13204 13204 D AndroidRuntime: readGMSProperty: end
12-12 12:46:22.021 13204 13204 D AndroidRuntime: addProductProperty: start
12-12 12:46:22.031 13204 13204 D dalvikvm: Trying to load lib libjavacore.so 0x0
12-12 12:46:22.031 13204 13204 D dalvikvm: Added shared lib libjavacore.so 0x0
12-12 12:46:22.041 13204 13204 D dalvikvm: Trying to load lib libnativehelper.so 0x0
12-12 12:46:22.041 13204 13204 D dalvikvm: Added shared lib libnativehelper.so 0x0
12-12 12:46:22.041 13204 13204 D dalvikvm: No JNI_OnLoad found in libnativehelper.so 0x0, skipping init
12-12 12:46:22.131 13204 13204 E memtrack: Couldn't load memtrack module (No such file or directory)
12-12 12:46:22.131 13204 13204 E android.os.Debug: failed to load memtrack module: -2
12-12 12:46:22.161 13204 13204 D dalvikvm: Note: class Landroid/app/ActivityManagerNative; has 192 unimplemented (abstract) methods
12-12 12:46:22.201 13204 13204 D AndroidRuntime: Calling main entry com.android.commands.pm.Pm
12-12 12:46:22.251   751  1030 V ApplicationPolicy: isApplicationStateBlocked userId 0 pkgname com.google.android.gms
12-12 12:46:22.261   751  1030 I ActivityManager: Killing 6840:com.google.android.gms.persistent/u0a15 (adj 1): stop com.google.android.gms
12-12 12:46:22.261   751  1030 I ActivityManager: Killing 8695:com.google.android.gms/u0a15 (adj 5): stop com.google.android.gms
12-12 12:46:22.271   751  1030 I ActivityManager: Killing 6653:com.google.process.gapps/u0a15 (adj 5): stop com.google.android.gms
12-12 12:46:22.271   751   940 W ContextImpl: Calling a method in the system process without a qualified user: android.app.ContextImpl.sendBroadcast:1505 com.android.server.am.AppStateBroadcaster.BroadcastAppState:128 com.android.server.am.AppStateBroadcaster.SendApplicationStop:53 com.android.server.am.ActivityManagerService$2.handleMessage:2141 android.os.Handler.dispatchMessage:102 
12-12 12:46:22.281   751  1030 D EnterpriseDeviceManager: ContainerId: 0
12-12 12:46:22.281   751  1030 V ApplicationPolicy: isApplicationStateBlocked userId 0 pkgname com.google.android.gms
12-12 12:46:22.281   751  1030 D PackageManager: START CLEAR APPLICATION USER DATA: observer{1136499184}
12-12 12:46:22.281   751  1030 D PackageManager: pkg{<packageName>}
12-12 12:46:22.281   751  1030 D PackageManager: user{0}
12-12 12:46:22.281   751   958 D PackageManager: [MSG] CLEAR_APPLICATION_USER_DATA
12-12 12:46:22.291  1898  1898 D daemonapp: [MSC_Daemon]>>> AWDCDS:27 [0:0] AWD CD Act : androidintentactionPACKAGE_RESTARTED
12-12 12:46:22.291 12272 12272 W RocketImpressions: ClearcutLogger connection suspended: 1
12-12 12:46:22.311  1308  1308 I PersonaManager: getPersonaService() name persona_policy
12-12 12:46:22.321 13020 13077 D Documents: Used cached roots for com.android.externalstorage.documents
12-12 12:46:22.331 13020 13077 D Documents: Used cached roots for com.android.providers.downloads.documents
12-12 12:46:22.331 13020 13077 D Documents: Used cached roots for com.android.providers.media.documents
12-12 12:46:22.331 13020 13077 D Documents: Loading roots for com.google.android.apps.docs.storage
12-12 12:46:22.361   272   272 D keystore: calling clear_uid in state: 3
12-12 12:46:22.361 13020 13077 D Documents: Update found 6 roots in 46ms
12-12 12:46:22.381  1898  1898 D daemonapp: [MSC_Daemon]>>> AWDCDS:27 [0:0] AWD CD Act : androidintentactionPACKAGE_DATA_CLEARED
12-12 12:46:22.391   751   958 D PackageManager: return delete result to caller: 1136499184
12-12 12:46:22.391 13204 13204 D AndroidRuntime: Shutting down VM
12-12 12:46:22.391 13204 13209 D dalvikvm: GC_CONCURRENT freed 97K, 13% free 677K/776K, paused 0ms+1ms, total 2ms
12-12 12:46:22.391   751   958 D PackageManager: returnCode: true
12-12 12:46:22.431   751  1444 D LocationManagerService: Location listener died
12-12 12:46:22.431   751  1444 I LocationManagerService: remove 448cb1d8 by com.google.android.gms
12-12 12:46:22.431   751  1444 D LocationManagerService: provider request: passive ProviderRequest[ON interval=0]
12-12 12:46:22.431   751  1452 D LocationManagerService: Location listener died
12-12 12:46:22.431   751  1452 I LocationManagerService: remove 444ab048 by com.google.android.gms
12-12 12:46:22.431   751  1452 D LocationManagerService: provider request: passive ProviderRequest[ON interval=0]
12-12 12:46:22.441   751  1030 D GpsLocationProvider: GPS status listener died
12-12 12:46:23.281   255   255 E SMD     : DCD ON
12-12 12:46:23.291 13236 13236 D AndroidRuntime: 
12-12 12:46:23.291 13236 13236 D AndroidRuntime: >>>>>> AndroidRuntime START com.android.internal.os.RuntimeInit <<<<<<
12-12 12:46:23.291 13236 13236 D AndroidRuntime: CheckJNI is OFF
12-12 12:46:23.291 13236 13236 D AndroidRuntime: setted country_code = USA
12-12 12:46:23.291 13236 13236 D AndroidRuntime: setted countryiso_code = US
12-12 12:46:23.301 13236 13236 D AndroidRuntime: setted sales_code = TMB
12-12 12:46:23.301 13236 13236 D AndroidRuntime: readGMSProperty: start
12-12 12:46:23.301 13236 13236 D AndroidRuntime: readGMSProperty: already setted!!
12-12 12:46:23.301 13236 13236 D AndroidRuntime: readGMSProperty: end
12-12 12:46:23.301 13236 13236 D AndroidRuntime: addProductProperty: start
12-12 12:46:23.311 13236 13236 D dalvikvm: Trying to load lib libjavacore.so 0x0
12-12 12:46:23.321 13236 13236 D dalvikvm: Added shared lib libjavacore.so 0x0
12-12 12:46:23.321 13236 13236 D dalvikvm: Trying to load lib libnativehelper.so 0x0
12-12 12:46:23.321 13236 13236 D dalvikvm: Added shared lib libnativehelper.so 0x0
12-12 12:46:23.321 13236 13236 D dalvikvm: No JNI_OnLoad found in libnativehelper.so 0x0, skipping init
12-12 12:46:23.421 13236 13236 E memtrack: Couldn't load memtrack module (No such file or directory)
12-12 12:46:23.421 13236 13236 E android.os.Debug: failed to load memtrack module: -2
12-12 12:46:23.441 13236 13236 D dalvikvm: Note: class Landroid/app/ActivityManagerNative; has 192 unimplemented (abstract) methods
12-12 12:46:23.491 13236 13236 D AndroidRuntime: Calling main entry com.android.commands.pm.Pm
12-12 12:46:23.551   751  1462 V ApplicationPolicy: isApplicationStateBlocked userId 0 pkgname com.google.android.gm
12-12 12:46:23.551   751  1462 D EnterpriseDeviceManager: ContainerId: 0
12-12 12:46:23.551   751  1462 D PackageManager: START CLEAR APPLICATION USER DATA: observer{1139759656}
12-12 12:46:23.551   751  1462 D PackageManager: pkg{<packageName>}
12-12 12:46:23.551   751  1462 D PackageManager: user{0}
12-12 12:46:23.561   751  1462 V ApplicationPolicy: isApplicationStateBlocked userId 0 pkgname com.google.android.gm
12-12 12:46:23.561  1898  1898 D daemonapp: [MSC_Daemon]>>> AWDCDS:27 [0:0] AWD CD Act : androidintentactionPACKAGE_RESTARTED
12-12 12:46:23.561  1308  1308 I PersonaManager: getPersonaService() name persona_policy
12-12 12:46:23.561   751   958 D PackageManager: [MSG] CLEAR_APPLICATION_USER_DATA
12-12 12:46:23.571 13020 13095 D Documents: Used cached roots for com.android.externalstorage.documents
12-12 12:46:23.571 13020 13095 D Documents: Used cached roots for com.android.providers.downloads.documents
12-12 12:46:23.571 13020 13095 D Documents: Used cached roots for com.android.providers.media.documents
12-12 12:46:23.571 13020 13095 D Documents: Loading roots for com.google.android.apps.docs.storage
12-12 12:46:23.581   272   272 D keystore: calling clear_uid in state: 3
12-12 12:46:23.581 13020 13095 D Documents: Update found 6 roots in 16ms
12-12 12:46:23.591   751   958 D PackageManager: return delete result to caller: 1139759656
12-12 12:46:23.591 13236 13236 D AndroidRuntime: Shutting down VM
12-12 12:46:23.591   751   958 D PackageManager: returnCode: true
12-12 12:46:23.601 13236 13241 D dalvikvm: GC_CONCURRENT freed 97K, 13% free 677K/776K, paused 0ms+0ms, total 3ms
12-12 12:46:23.601  1898  1898 D daemonapp: [MSC_Daemon]>>> AWDCDS:27 [0:0] AWD CD Act : androidintentactionPACKAGE_DATA_CLEARED
12-12 12:46:23.631 13252 13252 I SELinux : Function: selinux_android_load_priority [0], There is no sepolicy file.
12-12 12:46:23.631 13252 13252 I SELinux :  
12-12 12:46:23.691 13252 13252 I SELinux : Function: selinux_android_load_priority , spota verifySig and checkHash pass. priority version is VE=SEPF_SM-G900T_4.4.2_0055
12-12 12:46:23.691 13252 13252 I SELinux :  
12-12 12:46:23.691 13252 13252 I SELinux :  
12-12 12:46:23.691 13252 13252 I SELinux : selinux_android_seapp_context_reload: seapp_contexts file is loaded from /data/security/spota/seapp_contexts
12-12 12:46:23.691 13252 13252 E dalvikvm: >>>>> Normal User
12-12 12:46:23.691 13252 13252 E dalvikvm: >>>>> com.google.android.gms.persistent [ userId:0 | appId:10015 ]
12-12 12:46:23.851   751  7404 D dalvikvm: GC_EXPLICIT freed 2926K, 40% free 40991K/67908K, paused 3ms+10ms, total 137ms
12-12 12:46:23.881 13252 13252 W dalvikvm: VFY: unable to resolve static field 937 (PR_SET_DUMPABLE) in Landroid/system/OsConstants;
12-12 12:46:23.881 13252 13252 D dalvikvm: VFY: replacing opcode 0x60 at 0x0009
12-12 12:46:23.891 13252 13252 W dalvikvm: VFY: unable to find class referenced in signature (Laqvj;)
12-12 12:46:23.891 13252 13252 W dalvikvm: VFY: unable to find class referenced in signature (Laqvj;)
12-12 12:46:23.891 13252 13252 W dalvikvm: VFY: unable to find class referenced in signature (Laqvj;)
12-12 12:46:23.891 13252 13252 W dalvikvm: VFY: unable to find class referenced in signature (Laqvj;)
12-12 12:46:23.891 13252 13252 I dalvikvm: Could not find method android.content.Context.getSystemService, referenced from method ro.a
12-12 12:46:23.891 13252 13252 W dalvikvm: VFY: unable to resolve virtual method 1684: Landroid/content/Context;.getSystemService (Ljava/lang/Class;)Ljava/lang/Object;
12-12 12:46:23.891 13252 13252 D dalvikvm: VFY: replacing opcode 0x6e at 0x0008
12-12 12:46:23.891 13252 13252 I dalvikvm: Could not find method android.content.Context.createDeviceProtectedStorageContext, referenced from method jkx.a
12-12 12:46:23.891 13252 13252 W dalvikvm: VFY: unable to resolve virtual method 1659: Landroid/content/Context;.createDeviceProtectedStorageContext ()Landroid/content/Context;
12-12 12:46:23.891 13252 13252 D dalvikvm: VFY: replacing opcode 0x6e at 0x0029
12-12 12:46:23.891 13252 13252 I dalvikvm: Could not find method android.content.Context.getSystemService, referenced from method jkx.b
12-12 12:46:23.891 13252 13252 W dalvikvm: VFY: unable to resolve virtual method 1684: Landroid/content/Context;.getSystemService (Ljava/lang/Class;)Ljava/lang/Object;
12-12 12:46:23.891 13252 13252 D dalvikvm: VFY: replacing opcode 0x6e at 0x000b
12-12 12:46:23.891 13252 13252 I dalvikvm: Could not find method android.content.Context.isDeviceProtectedStorage, referenced from method zcx.a
12-12 12:46:23.891 13252 13252 W dalvikvm: VFY: unable to resolve virtual method 1689: Landroid/content/Context;.isDeviceProtectedStorage ()Z
12-12 12:46:23.891 13252 13252 D dalvikvm: VFY: replacing opcode 0x6e at 0x0009
12-12 12:46:23.891 13252 13252 I dalvikvm: Could not find method android.content.Context.isDeviceProtectedStorage, referenced from method zcx.c
12-12 12:46:23.891 13252 13252 W dalvikvm: VFY: unable to resolve virtual method 1689: Landroid/content/Context;.isDeviceProtectedStorage ()Z
12-12 12:46:23.891 13252 13252 D dalvikvm: VFY: replacing opcode 0x6e at 0x005d
12-12 12:46:23.891 13252 13252 I dalvikvm: Could not find method android.os.PowerManager.isInteractive, referenced from method jih.a
12-12 12:46:23.891 13252 13252 W dalvikvm: VFY: unable to resolve virtual method 2258: Landroid/os/PowerManager;.isInteractive ()Z
12-12 12:46:23.891 13252 13252 D dalvikvm: VFY: replacing opcode 0x6e at 0x0012
12-12 12:46:23.901 13252 13252 I dalvikvm: Could not find method android.content.ContextWrapper.createCredentialProtectedStorageContext, referenced from method com.google.android.chimera.ModuleContext.createCredentialProtectedStorageContext
12-12 12:46:23.901 13252 13252 W dalvikvm: VFY: unable to resolve virtual method 1708: Landroid/content/ContextWrapper;.createCredentialProtectedStorageContext ()Landroid/content/Context;
12-12 12:46:23.901 13252 13252 D dalvikvm: VFY: replacing opcode 0x6f at 0x0002
12-12 12:46:23.901 13252 13252 I dalvikvm: Could not find method android.content.ContextWrapper.createDeviceProtectedStorageContext, referenced from method com.google.android.chimera.ModuleContext.createDeviceProtectedStorageContext
12-12 12:46:23.901 13252 13252 W dalvikvm: VFY: unable to resolve virtual method 1709: Landroid/content/ContextWrapper;.createDeviceProtectedStorageContext ()Landroid/content/Context;
12-12 12:46:23.901 13252 13252 D dalvikvm: VFY: replacing opcode 0x6f at 0x0002
12-12 12:46:23.901 13252 13252 I dalvikvm: Could not find method android.content.Context.isCredentialProtectedStorage, referenced from method cqq.a
12-12 12:46:23.901 13252 13252 W dalvikvm: VFY: unable to resolve virtual method 1688: Landroid/content/Context;.isCredentialProtectedStorage ()Z
12-12 12:46:23.901 13252 13252 D dalvikvm: VFY: replacing opcode 0x6e at 0x0000
12-12 12:46:23.901 13252 13252 I dalvikvm: Could not find method android.os.UserManager.isUserUnlocked, referenced from method cqq.a
12-12 12:46:23.901 13252 13252 W dalvikvm: VFY: unable to resolve virtual method 2311: Landroid/os/UserManager;.isUserUnlocked ()Z
12-12 12:46:23.901 13252 13252 D dalvikvm: VFY: replacing opcode 0x6e at 0x001a
12-12 12:46:23.901 13252 13252 I dalvikvm: Could not find method android.content.Context.isDeviceProtectedStorage, referenced from method cqq.b
12-12 12:46:23.901 13252 13252 W dalvikvm: VFY: unable to resolve virtual method 1689: Landroid/content/Context;.isDeviceProtectedStorage ()Z
12-12 12:46:23.901 13252 13252 D dalvikvm: VFY: replacing opcode 0x6e at 0x0000
12-12 12:46:23.901 13252 13252 I dalvikvm: Could not find method android.content.Context.isDeviceProtectedStorage, referenced from method cqq.c
12-12 12:46:23.901 13252 13252 W dalvikvm: VFY: unable to resolve virtual method 1689: Landroid/content/Context;.isDeviceProtectedStorage ()Z
12-12 12:46:23.901 13252 13252 D dalvikvm: VFY: replacing opcode 0x6e at 0x0000
12-12 12:46:23.901 13252 13252 I MultiDex: VM with version 1.6.0 does not have multidex support
12-12 12:46:23.901 13252 13252 I MultiDex: install
12-12 12:46:23.911 13252 13252 I MultiDex: MultiDexExtractor.load(/data/app/com.google.android.gms-3496.apk, false)
12-12 12:46:23.911 13252 13252 I MultiDex: Blocking on lock /data/data/com.google.android.gms/code_cache/secondary-dexes/MultiDex.lock
12-12 12:46:23.911 13252 13252 I MultiDex: /data/data/com.google.android.gms/code_cache/secondary-dexes/MultiDex.lock locked
12-12 12:46:23.911 13252 13252 I MultiDex: Detected that extraction must be performed.
12-12 12:46:23.991 13252 13252 I MultiDex: Extraction is needed for file /data/data/com.google.android.gms/code_cache/secondary-dexes/com.google.android.gms-3496.apk.classes2.zip
12-12 12:46:23.991 13252 13252 I MultiDex: Extracting /data/data/com.google.android.gms/code_cache/secondary-dexes/tmp-com.google.android.gms-3496.apk.classes-1541403456.zip
12-12 12:46:24.231  2375  2375 W Settings: Setting airplane_mode_on has moved from android.provider.Settings.System to android.provider.Settings.Global, returning read-only value.
12-12 12:46:24.271 13270 13270 D AndroidRuntime: 
12-12 12:46:24.271 13270 13270 D AndroidRuntime: >>>>>> AndroidRuntime START com.android.internal.os.RuntimeInit <<<<<<
12-12 12:46:24.271 13270 13270 D AndroidRuntime: CheckJNI is OFF
12-12 12:46:24.271 13270 13270 D AndroidRuntime: setted country_code = USA
12-12 12:46:24.271 13270 13270 D AndroidRuntime: setted countryiso_code = US
12-12 12:46:24.271 13270 13270 D AndroidRuntime: setted sales_code = TMB
12-12 12:46:24.271 13270 13270 D AndroidRuntime: readGMSProperty: start
12-12 12:46:24.271 13270 13270 D AndroidRuntime: readGMSProperty: already setted!!
12-12 12:46:24.271 13270 13270 D AndroidRuntime: readGMSProperty: end
12-12 12:46:24.271 13270 13270 D AndroidRuntime: addProductProperty: start
12-12 12:46:24.291 13270 13270 D dalvikvm: Trying to load lib libjavacore.so 0x0
12-12 12:46:24.291 13270 13270 D dalvikvm: Added shared lib libjavacore.so 0x0
12-12 12:46:24.291 13270 13270 D dalvikvm: Trying to load lib libnativehelper.so 0x0
12-12 12:46:24.291 13270 13270 D dalvikvm: Added shared lib libnativehelper.so 0x0
12-12 12:46:24.291 13270 13270 D dalvikvm: No JNI_OnLoad found in libnativehelper.so 0x0, skipping init
12-12 12:46:24.321   751   982 V AlarmManager: waitForAlarm result :4
12-12 12:46:24.331   751   982 W PersonaManager: getPersonaIds()
12-12 12:46:24.331   751   969 I ServiceKeeper: In getappinfo pid = 751 pkgName = android appinfo = null
12-12 12:46:24.331   751   969 I ServiceKeeper: In getseinfo pid = 751 uid = 1000 seinfo= system
12-12 12:46:24.331   751   982 V AlarmManager: trigger ELAPSED_REALTIME_WAKEUP or RTC_WAKEUP
12-12 12:46:24.341   751   969 I ServiceKeeper: In getappinfo pid = 751 pkgName = android appinfo = null
12-12 12:46:24.341   751   969 I ServiceKeeper: In getseinfo pid = 751 uid = 1000 seinfo= system
12-12 12:46:24.381   751   956 D BatteryService: level:100, scale:100, status:5, health:2, present:true, voltage: 4336, temperature: 253, technology: Li-ion, AC powered:false, USB powered:true, Wireless powered:false, icon:17303678, invalid charger:0, online:4, current avg:450, charge type:1, power sharing:false
12-12 12:46:24.381  1067  1067 D KeyguardUpdateMonitor: received broadcast android.intent.action.BATTERY_CHANGED
12-12 12:46:24.381  1067  1067 D KeyguardUpdateMonitor: handleBatteryUpdate
