12-12 12:46:02.301   264   790 V AwesomePlayer: notifyListner_l() msg (8-MEDIA_STOPPED), ext1 (0), ext2 (0)
12-12 12:46:02.301   264   790 V AudioCache: notify(0xb7465188, 8, 0, 0)
12-12 12:46:02.301   264   790 V AudioCache: ignored
12-12 12:46:02.301   264   790 V AwesomePlayer: cancelPlayerEvents (keepNotifications=0)
12-12 12:46:02.301   264   790 V AwesomePlayer: mAudioTrackVector clear
12-12 12:46:02.301   264   790 V AwesomePlayer: reset_l() mAudioPlayer successfully deleted
12-12 12:46:02.301   264   790 V AwesomePlayer: mSecMediaClock clear
12-12 12:46:02.301   264   790 V AwesomePlayer: track of type 'audio/vorbis' does not publish bitrate
12-12 12:46:02.301   264   790 V AwesomePlayer: mBitrate = -1 bits/sec
12-12 12:46:02.301   264   790 V AwesomePlayer: current audio track index (0) is added to vector
12-12 12:46:02.301   264   790 V AwesomePlayer: setDataSource_l: Audio(1), Video(0)
12-12 12:46:02.301   264   790 I AwesomePlayer: AwesomePlayer::setDataSource_l():: This is not a DRM content
12-12 12:46:02.301   264   790 V MediaPlayerService: prepare
12-12 12:46:02.301   264   790 V AwesomePlayer: prepareAsync
12-12 12:46:02.301   264   790 V MediaPlayerService: wait for prepare
12-12 12:46:02.301   264 12733 V AwesomePlayer: onPrepareAsyncEvent
12-12 12:46:02.301   264 12733 I SecMediaClock: SecMediaClock constructor
12-12 12:46:02.301   264 12733 I SecMediaClock: reset
12-12 12:46:02.301   264 12733 V AwesomePlayer: initAudioDecoder
12-12 12:46:02.301   264 12733 V AwesomePlayer: checkOffloadExceptions is true
12-12 12:46:02.301   264 12733 I OMXCodec: OMXCodec::Create mime (audio/vorbis), flags (0), matchComponentName ((null)), createEncoder (0)
12-12 12:46:02.301   264 12733 I OMXCodec: Attempting to allocate OMX node 'OMX.google.vorbis.decoder'
12-12 12:46:02.301   264 12733 I OMX     : mDispatchers.add
12-12 12:46:02.301   264 12733 I OMXCodec: Successfully allocated OMX node 'OMX.google.vorbis.decoder'
12-12 12:46:02.301   264 12733 I OMXCodec: >>>UHQA initOutputFormat 16
12-12 12:46:02.301   264 12733 I OMXCodec: [OMX.google.vorbis.decoder] OMXCodec::start mState=1
12-12 12:46:02.301   264 12733 I OMXCodec: [OMX.google.vorbis.decoder] allocating 4 buffers of size 8192 on input port
12-12 12:46:02.301   264 12733 I OMXCodec: [OMX.google.vorbis.decoder] allocating 4 buffers of size 32768 on output port
12-12 12:46:02.301   264 12735 I OMXCodec: [OMX.google.vorbis.decoder] Now Idle. Component sends idle done Event 
12-12 12:46:02.301   264 12733 V AwesomePlayer: finishAsyncPrepare_l
12-12 12:46:02.301   264 12733 V AwesomePlayer: notifyListner_l() msg (200-MEDIA_INFO), ext1 (973), ext2 (0)
12-12 12:46:02.301   264 12733 V AudioCache: notify(0xb7465188, 200, 973, 0)
12-12 12:46:02.301   264 12733 V AudioCache: ignored
12-12 12:46:02.301   264 12733 V AwesomePlayer: notifyListner_l() msg (5-MEDIA_SET_VIDEO_SIZE), ext1 (0), ext2 (0)
12-12 12:46:02.301   264 12733 V AudioCache: notify(0xb7465188, 5, 0, 0)
12-12 12:46:02.301   264 12733 V AudioCache: ignored
12-12 12:46:02.301   264 12733 V AwesomePlayer: notifyListner_l() msg (1-MEDIA_PREPARED), ext1 (0), ext2 (0)
12-12 12:46:02.301   264 12733 V AudioCache: notify(0xb7465188, 1, 0, 0)
12-12 12:46:02.301   264 12733 V AudioCache: prepared
12-12 12:46:02.301   264   790 V AudioCache: wait - success
12-12 12:46:02.301   264   790 V MediaPlayerService: start
12-12 12:46:02.301   264   790 V StagefrightPlayer: start
12-12 12:46:02.301   264   790 V AwesomePlayer: play
12-12 12:46:02.311   264   790 V AwesomePlayer: AwesomePlayer::play_l():: This is not a DRM content
12-12 12:46:02.311   264   790 V AwesomePlayer: startAudioPlayer_l, sendErrorNotification (0)
12-12 12:46:02.311  1067  1067 D KeyguardUpdateMonitor: handleKeyguardVisibilityChanged(1)
12-12 12:46:02.311   264 12735 I OMXCodec: [OMX.google.vorbis.decoder] 0onCmdComplete  mState =  7
12-12 12:46:02.311   264 12735 I OMXCodec: [OMX.google.vorbis.decoder] PORT_DISABLED(1)
12-12 12:46:02.311   264 12735 I OMXCodec: >>>UHQA initOutputFormat 16
12-12 12:46:02.311   264 12735 I OMXCodec: [OMX.google.vorbis.decoder] allocating 4 buffers of size 32768 on output port
12-12 12:46:02.311   264 12735 I OMXCodec: [OMX.google.vorbis.decoder] End Of Stream
12-12 12:46:02.311   264   790 I AudioPlayer: Audio channels(2)
12-12 12:46:02.311   264   790 I AudioPlayer:  Audioplayer kKeyAudioPCMFormat:1, 2, 0
12-12 12:46:02.311   264   790 I AudioPlayer:  Audioplayer kKeyAudioPCMFormat read fail(2, 1)
12-12 12:46:02.311   264   790 V AudioCache: open(44100, 2, 0x0, 1, 4)
12-12 12:46:02.311   751   948 D OpenGLRenderer: Enabling debug mode 0
12-12 12:46:02.311   264   790 V AwesomePlayer: notifyListner_l() msg (6-MEDIA_STARTED), ext1 (0), ext2 (0)
12-12 12:46:02.311   264   790 V AudioCache: notify(0xb7465188, 6, 0, 0)
12-12 12:46:02.311   264   790 V AudioCache: ignored
12-12 12:46:02.311   264   790 V AwesomePlayer: addBatteryData
12-12 12:46:02.311   264   790 V MediaPlayerService: wait for playback complete
12-12 12:46:02.311   264 12737 V AwesomePlayer: postAudioEOS delayUs (0)
12-12 12:46:02.311   264 12733 V AwesomePlayer: onCheckAudioStatus
12-12 12:46:02.311   264 12733 V AwesomePlayer: onCheckAudioStatus() set AUDIO_AT_EOS flag
12-12 12:46:02.311   264 12733 V AwesomePlayer: onStreamDone
12-12 12:46:02.311   264 12733 V AwesomePlayer: MEDIA_PLAYBACK_COMPLETE
12-12 12:46:02.311   264 12733 V AwesomePlayer: notifyListner_l() msg (2-MEDIA_PLAYBACK_COMPLETE), ext1 (0), ext2 (0)
12-12 12:46:02.311   264 12733 V AudioCache: notify(0xb7465188, 2, 0, 0)
12-12 12:46:02.311   264 12733 V AudioCache: playback complete - thread will wake up later
12-12 12:46:02.311   264 12733 V AwesomePlayer: notifyListner_l() msg (7-MEDIA_PAUSED), ext1 (0), ext2 (0)
12-12 12:46:02.311   264 12733 V AudioCache: notify(0xb7465188, 7, 0, 0)
12-12 12:46:02.311   264 12733 V AudioCache: ignored
12-12 12:46:02.311   264 12733 V AwesomePlayer: cancelPlayerEvents (keepNotifications=1)
12-12 12:46:02.311   264 12733 V AwesomePlayer: addBatteryData
12-12 12:46:02.311   264   790 V AudioCache: wait - success
12-12 12:46:02.311   264   790 V StagefrightPlayer: reset
12-12 12:46:02.311   264   790 V AwesomePlayer: reset_l()
12-12 12:46:02.311   264   790 V AwesomePlayer: notifyListner_l() msg (8-MEDIA_STOPPED), ext1 (0), ext2 (0)
12-12 12:46:02.311   264   790 V AudioCache: notify(0xb7465188, 8, 0, 0)
12-12 12:46:02.311   264   790 V AudioCache: ignored
12-12 12:46:02.311   264   790 V AwesomePlayer: cancelPlayerEvents (keepNotifications=0)
12-12 12:46:02.321   264   790 V AwesomePlayer: mAudioTrackVector clear
12-12 12:46:02.321   264   790 I OMXCodec: [OMX.google.vorbis.decoder] stop mState=4
12-12 12:46:02.321   264   790 I OMXCodec: [OMX.google.vorbis.decoder] stop() sendCommand(0x13, OMX_CommandStateSet, OMX_StateIdle)
12-12 12:46:02.321   264 12735 I OMXCodec: [OMX.google.vorbis.decoder] Now Idle. Component sends idle done Event 
12-12 12:46:02.321   264   790 I OMXCodec: [OMX.google.vorbis.decoder] stopOmxComponent_l() mstate = 1
12-12 12:46:02.321   264   790 I OMX     : instance freeNode
12-12 12:46:02.321   264   790 I AudioPlayer: reset out
12-12 12:46:02.321   264   790 V AwesomePlayer: reset_l() mAudioPlayer successfully deleted
12-12 12:46:02.321   264   790 I SecMediaClock: SecMediaClock destructor
12-12 12:46:02.321   264   790 V AwesomePlayer: mSecMediaClock clear
12-12 12:46:02.321   264   790 V StagefrightPlayer: ~StagefrightPlayer
12-12 12:46:02.321   264   790 V StagefrightPlayer: reset
12-12 12:46:02.321   264   790 V AwesomePlayer: reset_l()
12-12 12:46:02.321   264   790 V AwesomePlayer: notifyListner_l() msg (8-MEDIA_STOPPED), ext1 (0), ext2 (0)
12-12 12:46:02.321   264   790 V AwesomePlayer: cancelPlayerEvents (keepNotifications=0)
12-12 12:46:02.321   264   790 V AwesomePlayer: mAudioTrackVector clear
12-12 12:46:02.321   264   790 V AwesomePlayer: reset_l() mAudioPlayer successfully deleted
12-12 12:46:02.321   264   790 V AwesomePlayer: mSecMediaClock clear
12-12 12:46:02.321   264   790 V AwesomePlayer: destructor
12-12 12:46:02.321   264   790 V AwesomePlayer: reset_l()
12-12 12:46:02.321   264   790 V AwesomePlayer: notifyListner_l() msg (8-MEDIA_STOPPED), ext1 (0), ext2 (0)
12-12 12:46:02.321   264   790 V AwesomePlayer: cancelPlayerEvents (keepNotifications=0)
12-12 12:46:02.321   264   790 V AwesomePlayer: mAudioTrackVector clear
12-12 12:46:02.321   264   790 V AwesomePlayer: reset_l() mAudioPlayer successfully deleted
12-12 12:46:02.321   264   790 V AwesomePlayer: mSecMediaClock clear
12-12 12:46:02.321 11973 12721 V MediaPlayer: decode(57, 5270548, 4789)
12-12 12:46:02.321   264   264 V MediaPlayerService: decode(28, 5270548, 4789)
12-12 12:46:02.321   264   264 V MediaPlayerService: player type = 3
12-12 12:46:02.321   264   264 V AwesomePlayer: setDefault
12-12 12:46:02.321   264   264 V AwesomePlayer: constructor
12-12 12:46:02.321   264   264 V AwesomePlayer: setDefault
12-12 12:46:02.321   264   264 V AwesomePlayer: reset_l()
12-12 12:46:02.321   264   264 V AwesomePlayer: notifyListner_l() msg (8-MEDIA_STOPPED), ext1 (0), ext2 (0)
12-12 12:46:02.321   264   264 V AwesomePlayer: cancelPlayerEvents (keepNotifications=0)
12-12 12:46:02.321   264   264 V AwesomePlayer: mAudioTrackVector clear
12-12 12:46:02.321   264   264 V AwesomePlayer: reset_l() mAudioPlayer successfully deleted
12-12 12:46:02.321   264   264 V AwesomePlayer: mSecMediaClock clear
12-12 12:46:02.321   264   264 V StagefrightPlayer: StagefrightPlayer
12-12 12:46:02.321   264   264 V AwesomePlayer: setListener
12-12 12:46:02.321   264   264 V StagefrightPlayer: initCheck
12-12 12:46:02.321   264   264 V AwesomePlayer: setAudioSink
12-12 12:46:02.321   264   264 V StagefrightPlayer: setDataSource(28, 5270548, 4789)
12-12 12:46:02.321   264   264 V AwesomePlayer: reset_l()
12-12 12:46:02.321   264   264 V AwesomePlayer: notifyListner_l() msg (8-MEDIA_STOPPED), ext1 (0), ext2 (0)
12-12 12:46:02.321   264   264 V AudioCache: notify(0xb745fda0, 8, 0, 0)
12-12 12:46:02.321   264   264 V AudioCache: ignored
12-12 12:46:02.321   264   264 V AwesomePlayer: cancelPlayerEvents (keepNotifications=0)
12-12 12:46:02.321   264   264 V AwesomePlayer: mAudioTrackVector clear
12-12 12:46:02.321   264   264 V AwesomePlayer: reset_l() mAudioPlayer successfully deleted
12-12 12:46:02.321   264   264 V AwesomePlayer: mSecMediaClock clear
12-12 12:46:02.321   264   264 V AwesomePlayer: track of type 'audio/vorbis' does not publish bitrate
12-12 12:46:02.321   264   264 V AwesomePlayer: mBitrate = -1 bits/sec
12-12 12:46:02.321   264   264 V AwesomePlayer: current audio track index (0) is added to vector
12-12 12:46:02.321   264   264 V AwesomePlayer: setDataSource_l: Audio(1), Video(0)
12-12 12:46:02.321   264   264 I AwesomePlayer: AwesomePlayer::setDataSource_l():: This is not a DRM content
12-12 12:46:02.321   264   264 V MediaPlayerService: prepare
12-12 12:46:02.321   264   264 V AwesomePlayer: prepareAsync
12-12 12:46:02.321   264   264 V MediaPlayerService: wait for prepare
12-12 12:46:02.321   264 12738 V AwesomePlayer: onPrepareAsyncEvent
12-12 12:46:02.321   264 12738 I SecMediaClock: SecMediaClock constructor
12-12 12:46:02.321   264 12738 I SecMediaClock: reset
12-12 12:46:02.321   264 12738 V AwesomePlayer: initAudioDecoder
12-12 12:46:02.321   264 12738 V AwesomePlayer: checkOffloadExceptions is true
12-12 12:46:02.321   264 12738 I OMXCodec: OMXCodec::Create mime (audio/vorbis), flags (0), matchComponentName ((null)), createEncoder (0)
12-12 12:46:02.321   264 12738 I OMXCodec: Attempting to allocate OMX node 'OMX.google.vorbis.decoder'
12-12 12:46:02.331   264 12738 I OMX     : mDispatchers.add
12-12 12:46:02.331   264 12738 I OMXCodec: Successfully allocated OMX node 'OMX.google.vorbis.decoder'
12-12 12:46:02.331   264 12738 I OMXCodec: >>>UHQA initOutputFormat 16
12-12 12:46:02.331   264 12738 I OMXCodec: [OMX.google.vorbis.decoder] OMXCodec::start mState=1
12-12 12:46:02.331   264 12738 I OMXCodec: [OMX.google.vorbis.decoder] allocating 4 buffers of size 8192 on input port
12-12 12:46:02.331   264 12738 I OMXCodec: [OMX.google.vorbis.decoder] allocating 4 buffers of size 32768 on output port
12-12 12:46:02.331   264 12740 I OMXCodec: [OMX.google.vorbis.decoder] Now Idle. Component sends idle done Event 
12-12 12:46:02.331   264 12738 V AwesomePlayer: finishAsyncPrepare_l
12-12 12:46:02.331   264 12738 V AwesomePlayer: notifyListner_l() msg (200-MEDIA_INFO), ext1 (973), ext2 (0)
12-12 12:46:02.331   264 12738 V AudioCache: notify(0xb745fda0, 200, 973, 0)
12-12 12:46:02.331   264 12738 V AudioCache: ignored
12-12 12:46:02.331   264 12738 V AwesomePlayer: notifyListner_l() msg (5-MEDIA_SET_VIDEO_SIZE), ext1 (0), ext2 (0)
12-12 12:46:02.331   264 12738 V AudioCache: notify(0xb745fda0, 5, 0, 0)
12-12 12:46:02.331   264 12738 V AudioCache: ignored
12-12 12:46:02.331   264 12738 V AwesomePlayer: notifyListner_l() msg (1-MEDIA_PREPARED), ext1 (0), ext2 (0)
12-12 12:46:02.331   264 12738 V AudioCache: notify(0xb745fda0, 1, 0, 0)
12-12 12:46:02.331   264 12738 V AudioCache: prepared
12-12 12:46:02.331   264   264 V AudioCache: wait - success
12-12 12:46:02.331   264   264 V MediaPlayerService: start
12-12 12:46:02.331   264   264 V StagefrightPlayer: start
12-12 12:46:02.331   264   264 V AwesomePlayer: play
12-12 12:46:02.331   264   264 V AwesomePlayer: AwesomePlayer::play_l():: This is not a DRM content
12-12 12:46:02.331   264   264 V AwesomePlayer: startAudioPlayer_l, sendErrorNotification (0)
12-12 12:46:02.331   264 12740 I OMXCodec: [OMX.google.vorbis.decoder] 0onCmdComplete  mState =  7
12-12 12:46:02.331   264 12740 I OMXCodec: [OMX.google.vorbis.decoder] PORT_DISABLED(1)
12-12 12:46:02.331   264 12740 I OMXCodec: >>>UHQA initOutputFormat 16
12-12 12:46:02.331   264 12740 I OMXCodec: [OMX.google.vorbis.decoder] allocating 4 buffers of size 32768 on output port
12-12 12:46:02.331   264   264 I AudioPlayer: Audio channels(2)
12-12 12:46:02.331   264   264 I AudioPlayer:  Audioplayer kKeyAudioPCMFormat:1, 2, 0
12-12 12:46:02.331   264   264 I AudioPlayer:  Audioplayer kKeyAudioPCMFormat read fail(2, 1)
12-12 12:46:02.331   264   264 V AudioCache: open(44100, 2, 0x0, 1, 4)
12-12 12:46:02.331   264   264 V AwesomePlayer: notifyListner_l() msg (6-MEDIA_STARTED), ext1 (0), ext2 (0)
12-12 12:46:02.331   264   264 V AudioCache: notify(0xb745fda0, 6, 0, 0)
12-12 12:46:02.331   264   264 V AudioCache: ignored
12-12 12:46:02.331   264   264 V AwesomePlayer: addBatteryData
12-12 12:46:02.331   264   264 V MediaPlayerService: wait for playback complete
12-12 12:46:02.331   264 12740 I OMXCodec: [OMX.google.vorbis.decoder] End Of Stream
12-12 12:46:02.331   264 12741 V AwesomePlayer: postAudioEOS delayUs (0)
12-12 12:46:02.331   264 12738 V AwesomePlayer: onCheckAudioStatus
12-12 12:46:02.331   264 12738 V AwesomePlayer: onCheckAudioStatus() set AUDIO_AT_EOS flag
12-12 12:46:02.331   264 12738 V AwesomePlayer: onStreamDone
12-12 12:46:02.331   264 12738 V AwesomePlayer: MEDIA_PLAYBACK_COMPLETE
12-12 12:46:02.331   264 12738 V AwesomePlayer: notifyListner_l() msg (2-MEDIA_PLAYBACK_COMPLETE), ext1 (0), ext2 (0)
12-12 12:46:02.331   264 12738 V AudioCache: notify(0xb745fda0, 2, 0, 0)
12-12 12:46:02.331   264 12738 V AudioCache: playback complete - thread will wake up later
12-12 12:46:02.331   264 12738 V AwesomePlayer: notifyListner_l() msg (7-MEDIA_PAUSED), ext1 (0), ext2 (0)
12-12 12:46:02.331   264 12738 V AudioCache: notify(0xb745fda0, 7, 0, 0)
12-12 12:46:02.331   264 12738 V AudioCache: ignored
12-12 12:46:02.331   264 12738 V AwesomePlayer: cancelPlayerEvents (keepNotifications=1)
12-12 12:46:02.331   264 12738 V AwesomePlayer: addBatteryData
12-12 12:46:02.341   264   264 V AudioCache: wait - success
12-12 12:46:02.341   264   264 V StagefrightPlayer: reset
12-12 12:46:02.341   264   264 V AwesomePlayer: reset_l()
12-12 12:46:02.341   264   264 V AwesomePlayer: notifyListner_l() msg (8-MEDIA_STOPPED), ext1 (0), ext2 (0)
12-12 12:46:02.341   264   264 V AudioCache: notify(0xb745fda0, 8, 0, 0)
12-12 12:46:02.341   264   264 V AudioCache: ignored
12-12 12:46:02.341   264   264 V AwesomePlayer: cancelPlayerEvents (keepNotifications=0)
12-12 12:46:02.341   264   264 V AwesomePlayer: mAudioTrackVector clear
12-12 12:46:02.341   264   264 I OMXCodec: [OMX.google.vorbis.decoder] stop mState=4
12-12 12:46:02.341   264   264 I OMXCodec: [OMX.google.vorbis.decoder] stop() sendCommand(0x14, OMX_CommandStateSet, OMX_StateIdle)
12-12 12:46:02.341   264 12740 I OMXCodec: [OMX.google.vorbis.decoder] Now Idle. Component sends idle done Event 
12-12 12:46:02.341   264   264 I OMXCodec: [OMX.google.vorbis.decoder] stopOmxComponent_l() mstate = 1
12-12 12:46:02.341   264   264 I OMX     : instance freeNode
12-12 12:46:02.341   264   264 I AudioPlayer: reset out
12-12 12:46:02.341   264   264 V AwesomePlayer: reset_l() mAudioPlayer successfully deleted
12-12 12:46:02.341   264   264 I SecMediaClock: SecMediaClock destructor
12-12 12:46:02.341   264   264 V AwesomePlayer: mSecMediaClock clear
12-12 12:46:02.341   264   264 V StagefrightPlayer: ~StagefrightPlayer
12-12 12:46:02.341   264   264 V StagefrightPlayer: reset
12-12 12:46:02.341   264   264 V AwesomePlayer: reset_l()
12-12 12:46:02.341   264   264 V AwesomePlayer: notifyListner_l() msg (8-MEDIA_STOPPED), ext1 (0), ext2 (0)
12-12 12:46:02.341   264   264 V AwesomePlayer: cancelPlayerEvents (keepNotifications=0)
12-12 12:46:02.341   264   264 V AwesomePlayer: mAudioTrackVector clear
12-12 12:46:02.341   264   264 V AwesomePlayer: reset_l() mAudioPlayer successfully deleted
12-12 12:46:02.341   264   264 V AwesomePlayer: mSecMediaClock clear
12-12 12:46:02.341   264   264 V AwesomePlayer: destructor
12-12 12:46:02.341   264   264 V AwesomePlayer: reset_l()
12-12 12:46:02.341   264   264 V AwesomePlayer: notifyListner_l() msg (8-MEDIA_STOPPED), ext1 (0), ext2 (0)
12-12 12:46:02.341   264   264 V AwesomePlayer: cancelPlayerEvents (keepNotifications=0)
12-12 12:46:02.341   264   264 V AwesomePlayer: mAudioTrackVector clear
12-12 12:46:02.341   264   264 V AwesomePlayer: reset_l() mAudioPlayer successfully deleted
12-12 12:46:02.341   264   264 V AwesomePlayer: mSecMediaClock clear
12-12 12:46:02.341  1067  1081 D KeyguardUpdateMonitor: sendKeyguardVisibilityChanged(true)
12-12 12:46:02.341  1067  1067 D KeyguardUpdateMonitor: handleKeyguardVisibilityChanged(1)
12-12 12:46:02.351   261   488 I SurfaceFlinger: id=7 Removed Leyguard (13/15)
12-12 12:46:02.351   261  1176 I SurfaceFlinger: id=7 Removed Leyguard (-2/15)
12-12 12:46:02.351  1067  1703 D KeyguardUpdateMonitor: sendKeyguardVisibilityChanged(true)
12-12 12:46:02.361  1067  1067 D KeyguardUpdateMonitor: handleKeyguardVisibilityChanged(1)
12-12 12:46:02.371  1067  1702 D KeyguardUpdateMonitor: sendKeyguardVisibilityChanged(true)
12-12 12:46:02.371  1067  1067 D KeyguardUpdateMonitor: handleKeyguardVisibilityChanged(1)
12-12 12:46:02.381  1067  1081 D KeyguardUpdateMonitor: sendKeyguardVisibilityChanged(true)
12-12 12:46:02.381  1067  1067 D KeyguardUpdateMonitor: handleKeyguardVisibilityChanged(1)
12-12 12:46:02.381  1067  1703 D KeyguardUpdateMonitor: sendKeyguardVisibilityChanged(true)
12-12 12:46:02.381  1067  1067 D KeyguardUpdateMonitor: handleKeyguardVisibilityChanged(1)
12-12 12:46:02.441   751   751 D CustomFrequencyManagerService: releaseDVFSLockLocked : Getting Lock type frm List : DVFS_MIN_LIMIT  frequency : 1958400  uid : 1000  pid : 751  tag : ACTIVITY_RESUME_BOOSTER@9
12-12 12:46:02.441   751   751 D CustomFrequencyManagerService: FrequencyrequestList.getNextMaxCPUCoreRequest, index: 0
12-12 12:46:02.491   751   770 D dalvikvm: GC_CONCURRENT freed 5160K, 45% free 37912K/67908K, paused 4ms+6ms, total 125ms
12-12 12:46:02.511 12743 12743 I SELinux : Function: selinux_android_load_priority [0], There is no sepolicy file.
12-12 12:46:02.511 12743 12743 I SELinux :  
12-12 12:46:02.531 12743 12743 I SELinux : Function: selinux_android_load_priority , spota verifySig and checkHash pass. priority version is VE=SEPF_SM-G900T_4.4.2_0055
12-12 12:46:02.531 12743 12743 I SELinux :  
12-12 12:46:02.531 12743 12743 I SELinux :  
12-12 12:46:02.531 12743 12743 I SELinux : selinux_android_seapp_context_reload: seapp_contexts file is loaded from /data/security/spota/seapp_contexts
12-12 12:46:02.531 12743 12743 E dalvikvm: >>>>> Normal User
12-12 12:46:02.531 12743 12743 E dalvikvm: >>>>> com.visionobjects.resourcemanager [ userId:0 | appId:10154 ]
12-12 12:46:02.541  1067  1067 D KeyguardGuestSelectorView: onDetachedFromWindow()
12-12 12:46:02.541   751  1452 E Sensors : Acc old sensor_state 1, new sensor_state : 0 en : 0
12-12 12:46:02.551  1067  1067 D SensorManager: unregisterListener ::   
12-12 12:46:02.551  1067  1067 V KeyguardUpdateMonitor: *** unregister callback for com.android.keyguard.CarrierText$1@43640b18
12-12 12:46:02.551  1067  1067 V KeyguardUpdateMonitor: *** unregister callback for com.android.keyguard.EmergencyButton$1@43642420
12-12 12:46:02.551  1067  1067 V KeyguardUpdateMonitor: *** unregister callback for com.android.keyguard.sec.KeyguardSecurityViewOverlay$1@436288b0
12-12 12:46:02.561  1067  1067 D SecKeyguardClock: onDetachedFromWindow()
12-12 12:46:02.561  1067  1067 V KeyguardUpdateMonitor: *** unregister callback for com.android.keyguard.KeyguardHostView$2@4361e468
12-12 12:46:02.561  1067  1067 V KeyguardDisplayManager: hide
12-12 12:46:02.571  1067  1131 D KeyguardUpdateMonitor: sendKeyguardVisibilityChanged(true)
12-12 12:46:02.571  1067  1067 D KeyguardUpdateMonitor: handleKeyguardVisibilityChanged(1)
12-12 12:46:02.611 11973 11973 E =====VO test =====: path : /system/VODB/lib
12-12 12:46:02.611 11973 11973 W linker  : libloadStylusCore.so has text relocations. This is wasting memory and is a security risk. Please fix.
12-12 12:46:02.611 11973 11973 V loadLib : find java class com/visionobjects/stylus/core/styluscoreJNI 2013265953
12-12 12:46:02.611 11973 11973 V loadLib : location of the lib: /system/VODB/lib/libStylusCore.so
12-12 12:46:02.651 12743 12759 I System.out: Thread-1365(HTTPLog):isShipBuild true
12-12 12:46:02.661 12743 12759 I System.out: Thread-1365(HTTPLog):SmartBonding Enabling is true, SHIP_BUILD is true, log to file is false, DBG is false
12-12 12:46:02.661 12743 12759 E DownloadFileAsyncTask: No connection right now or file not found
12-12 12:46:02.661 12743 12762 E DownloadFileAsyncTask: No connection right now or file not found
12-12 12:46:02.681 11973 11973 V loadLib : fonction pointer on getMethods 2012862628 
12-12 12:46:02.681 11973 11973 V loadLib : number of methods to be registered 
12-12 12:46:02.701 11973 11973 V loadLib : Register Native successfull
12-12 12:46:02.701 11973 12763 E File    : fail readDirectory() errno=2
12-12 12:46:02.741   751  7404 D BatteryService: level:100, scale:100, status:5, health:2, present:true, voltage: 4343, temperature: 252, technology: Li-ion, AC powered:false, USB powered:true, Wireless powered:false, icon:17303678, invalid charger:0, online:4, current avg:450, charge type:1, power sharing:false
12-12 12:46:02.741   751   751 I Tethering: BATTERY_CHANGED, level = 100lowBatteryThreshold = 15
12-12 12:46:02.741   751   751 D BatteryService: Sending ACTION_BATTERY_CHANGED.
12-12 12:46:02.751  1067  1067 D KeyguardUpdateMonitor: received broadcast android.intent.action.BATTERY_CHANGED
12-12 12:46:02.751  1067  1067 D KeyguardUpdateMonitor: handleBatteryUpdate
12-12 12:46:02.751  1067  1067 D CMASMessage: [update] mShowingCMASText is false
12-12 12:46:02.751  1067  1067 D CMASMessage: CMASIcon was GONE : 
12-12 12:46:02.751   751   751 D UiModeManager: mCoverManager.getCoverState() : true
12-12 12:46:02.751  1067  1067 D STATUSBAR-PhoneStatusBar:  mBrightnessEnablebySettings = true mBrightnessEnablebyBattery = true mBrightnessEnablebyDisableFlag = true mPmsBrightnessEnablebySettings = true
12-12 12:46:02.761  1067  1067 D STATUSBAR-IconMerger: checkOverflow(504), More:false, Req:false Child:6
12-12 12:46:02.771  1067  1067 D BatteryMeterView: ACTION_BATTERY_CHANGED : level:100 status:5 health:2
12-12 12:46:02.831 11973 11973 W ContextImpl: Calling a method in the system process without a qualified user: android.app.ContextImpl.sendBroadcast:1491 android.content.ContextWrapper.sendBroadcast:377 com.diotek.ime.framework.common.InputManagerImpl.sendInputLanguage:9297 com.diotek.ime.framework.common.InputManagerImpl.initDefaultLanguage:4874 com.diotek.ime.framework.common.InputManagerImpl.initSelectedLanguage:5116 
12-12 12:46:02.851 11973 11973 W ContextImpl: Calling a method in the system process without a qualified user: android.app.ContextImpl.sendBroadcast:1491 android.content.ContextWrapper.sendBroadcast:377 com.diotek.ime.framework.common.InputManagerImpl.sendInputLanguage:9297 com.diotek.ime.framework.common.InputManagerImpl.initDefaultLanguage:4874 com.diotek.ime.framework.common.InputManagerImpl.initSelectedLanguage:5116 
12-12 12:46:02.861   751  1452 D CustomFrequencyManagerService: releaseDVFSLockLocked : Getting Lock type frm List : DVFS_MIN_LIMIT  frequency : 1958400  uid : 1000  pid : 11973  tag : com.sec.android.inputmethod@1
12-12 12:46:02.881 11973 11973 E SamsungIME: [InputManagerImpl-newInstance] mIsNeedToRemoveKPMEx : false
12-12 12:46:02.931  1067  1702 D LockPatternUtils: isPcwEnable = null
12-12 12:46:02.931   261   486 D PermissionCache: checking android.permission.READ_FRAME_BUFFER for uid=1000 => granted (368 us)
12-12 12:46:02.951   751   969 I ServiceKeeper: In getappinfo pid = 751 pkgName = android appinfo = null
12-12 12:46:02.951   751   969 I ServiceKeeper: In getseinfo pid = 751 uid = 1000 seinfo= system
12-12 12:46:02.951  1259  1259 D WfcActivityStateReceiver: onReceive(): packageName=com.amazon.aatp.aatpdevicemanager, activityState=pause
12-12 12:46:02.951 11973 11973 D InputMethodService: mBR.registerReceiver()
12-12 12:46:02.951  2825  2825 I SQLiteSecureOpenHelper: getWritableDatabase(pwd)
12-12 12:46:02.951  2825  2825 I SQLiteSecureOpenHelper: getDatabaseLocked(b,b,pwd)...
12-12 12:46:02.951   751  1046 V SmartFaceService - 3rd party pause: onReceive [android.intent.action.ACTIVITY_STATE/com.amazon.aatp.aatpdevicemanager/pause]
12-12 12:46:02.951   751  1443 D CustomFrequencyManagerService: acquireDVFSLockLocked : type : DVFS_MIN_LIMIT  frequency : 1958400  uid : 1000  pid : 751  pkgName : ACTIVITY_RESUME_BOOSTER@6
12-12 12:46:02.951   751  1443 W ActivityManager: mDVFSHelper.acquire()
12-12 12:46:02.961  1067  1067 D PhoneStatusBar: setSemiTransparentMode=false, mTransparentMode=false, mSemiTransparentMode=false, mMultiWindowMode=false
12-12 12:46:02.961  1067  1703 D LockPatternUtils: isPcwEnable = null
12-12 12:46:02.961  1067  1702 D KeyguardUpdateMonitor: sendKeyguardVisibilityChanged(true)
12-12 12:46:02.961   751   948 D EnterpriseDeviceManager: ContainerId: 0
12-12 12:46:02.961  1067  1067 D KeyguardUpdateMonitor: handleKeyguardVisibilityChanged(1)
12-12 12:46:02.961   751  1452 D StatusBarManagerService: semi p:2202,o:f
12-12 12:46:02.961   751   948 D STATUSBAR-StatusBarManagerService: manageDisableList what=0x0 pkg=WindowManager.LayoutParams
12-12 12:46:02.971  1067  1703 D KeyguardUpdateMonitor: sendKeyguardVisibilityChanged(true)
12-12 12:46:02.971   751  1443 I SpenGestureManager: setFocusWindow21015
12-12 12:46:02.971   751   948 D EnterpriseDeviceManager: ContainerId: 0
12-12 12:46:02.971  1067  1082 D KeyguardUpdateMonitor: sendKeyguardVisibilityChanged(true)
12-12 12:46:02.971   751   939 D PointerIcon: setMouseIconStyle1 pointerType: 1001iconType:101 flag:0
12-12 12:46:02.971   751   939 D PointerIcon: setMouseCustomIcon IconType is same.101
12-12 12:46:02.971   751   939 D PointerIcon: setHoveringSpenIconStyle1 pointerType: 10001iconType:1 flag:0
12-12 12:46:02.971   751   939 D PointerIcon: setHoveringSpenCustomIcon IconType is same.1
12-12 12:46:02.971   751   948 D STATUSBAR-StatusBarManagerService: manageDisableList what=0x0 pkg=WindowManager.LayoutParams
12-12 12:46:02.971   751  1443 W ContextImpl: Calling a method in the system process without a qualified user: android.app.ContextImpl.sendBroadcast:1505 com.android.server.am.AppStateBroadcaster.BroadcastAppState:128 com.android.server.am.AppStateBroadcaster.SendApplicationFocusLoss:40 com.android.server.am.ActivityStack.resumeTopActivityLocked:2361 com.android.server.am.ActivityStackSupervisor.resumeTopActivitiesLocked:3313 
12-12 12:46:02.981   751  1443 W ContextImpl: Calling a method in the system process without a qualified user: android.app.ContextImpl.sendBroadcast:1505 com.android.server.am.AppStateBroadcaster.BroadcastAppState:128 com.android.server.am.AppStateBroadcaster.SendApplicationFocusGain:34 com.android.server.am.ActivityStack.resumeTopActivityLocked:2362 com.android.server.am.ActivityStackSupervisor.resumeTopActivitiesLocked:3313 
12-12 12:46:02.981  1067  1067 D KeyguardUpdateMonitor: handleKeyguardVisibilityChanged(1)
12-12 12:46:02.981  1067  1067 D KeyguardUpdateMonitor: handleKeyguardVisibilityChanged(1)
12-12 12:46:02.991  1259  1259 D WfcActivityStateReceiver: onReceive(): packageName=com.sec.android.app.popupuireceiver, activityState=resume
12-12 12:46:02.991  1067  1081 D KeyguardUpdateMonitor: sendKeyguardVisibilityChanged(true)
12-12 12:46:02.991  1067  1702 D LockPatternUtils: isPcwEnable = null
12-12 12:46:02.991   751  1046 V SmartFaceService - 3rd party pause: onReceive [android.intent.action.ACTIVITY_STATE/com.sec.android.app.popupuireceiver/resume]
12-12 12:46:03.001  2202  2202 D skia    : GFXPNG PNG bitmap created width:150 height:150 bitmap id is 270 
12-12 12:46:03.001  1067  1703 D LockPatternUtils: isPcwEnable = null
12-12 12:46:03.001  2202  2202 I PersonaManager: getPersonaService() name persona_policy
12-12 12:46:03.001   261   486 I SurfaceFlinger: id=17 Removed EeviceManag (11/14)
12-12 12:46:03.011   261   488 I SurfaceFlinger: id=17 Removed EeviceManag (-2/14)
12-12 12:46:03.011  1067  1067 D KeyguardUpdateMonitor: handleKeyguardVisibilityChanged(1)
12-12 12:46:03.011  1067  5218 D KeyguardUpdateMonitor: sendKeyguardVisibilityChanged(true)
12-12 12:46:03.011 11973 11973 I SamsungIME: getCurrentCandidateView
12-12 12:46:03.011 11973 11973 D skia    : GFXPNG PNG bitmap created width:18 height:104 bitmap id is 270 
12-12 12:46:03.031  1067  1067 D KeyguardUpdateMonitor: handleKeyguardVisibilityChanged(1)
12-12 12:46:03.031  2202  2202 D skia    : GFXPNG PNG bitmap created width:900 height:519 bitmap id is 271 
12-12 12:46:03.041  2202  2202 D skia    : GFXPNG PNG bitmap created width:900 height:519 bitmap id is 272 
12-12 12:46:03.041 11973 11973 D skia    : GFXPNG PNG bitmap created width:1 height:1 bitmap id is 271 
12-12 12:46:03.061  2202  2202 D skia    : GFXPNG PNG bitmap created width:900 height:519 bitmap id is 273 
12-12 12:46:03.071  2202  2202 D skia    : GFXPNG PNG bitmap created width:900 height:519 bitmap id is 274 
12-12 12:46:03.091  2202  2202 D dalvikvm: GC_FOR_ALLOC freed 230K, 11% free 24307K/27140K, paused 18ms, total 19ms
12-12 12:46:03.091  2202  2202 I dalvikvm-heap: Grow heap (frag case) to 29.617MB for 1868416-byte allocation
12-12 12:46:03.101 11973 11973 D skia    : GFXPNG PNG bitmap created width:96 height:93 bitmap id is 272 
12-12 12:46:03.101  2202  2202 D skia    : GFXPNG PNG bitmap created width:900 height:519 bitmap id is 275 
12-12 12:46:03.101 11973 11973 D skia    : GFXPNG PNG bitmap created width:96 height:93 bitmap id is 273 
12-12 12:46:03.111  2202  2202 D dalvikvm: GC_FOR_ALLOC freed 1K, 10% free 26131K/28968K, paused 9ms, total 9ms
12-12 12:46:03.121  2202  2202 D skia    : GFXPNG PNG bitmap created width:900 height:519 bitmap id is 276 
12-12 12:46:03.121  1067  1703 D KeyguardUpdateMonitor: sendKeyguardVisibilityChanged(true)
12-12 12:46:03.131  2202  2202 D dalvikvm: GC_FOR_ALLOC freed <1K, 10% free 27956K/30796K, paused 9ms, total 9ms
12-12 12:46:03.141  2202  2202 D skia    : GFXPNG PNG bitmap created width:900 height:519 bitmap id is 277 
12-12 12:46:03.151  1067  1067 D KeyguardUpdateMonitor: handleKeyguardVisibilityChanged(1)
12-12 12:46:03.151  2202  2202 D skia    : GFXPNG PNG bitmap created width:900 height:519 bitmap id is 278 
12-12 12:46:03.161  2202  2202 D skia    : GFXPNG PNG bitmap created width:900 height:519 bitmap id is 279 
12-12 12:46:03.171  2202  2202 D skia    : GFXPNG PNG bitmap created width:900 height:519 bitmap id is 280 
12-12 12:46:03.191 11973 11973 D skia    : GFXPNG PNG bitmap created width:31 height:27 bitmap id is 274 
12-12 12:46:03.191 11973 11973 I SamsungIME: getDebugLevel  : 0x4f4c
12-12 12:46:03.231 11973 11973 D skia    : GFXPNG PNG bitmap created width:60 height:75 bitmap id is 275 
12-12 12:46:03.231 11973 11973 D skia    : GFXPNG PNG bitmap created width:60 height:75 bitmap id is 276 
12-12 12:46:03.231 11973 11973 D skia    : GFXPNG PNG bitmap created width:75 height:75 bitmap id is 277 
12-12 12:46:03.231  2202  2202 D skia    : GFXPNG PNG bitmap created width:30 height:30 bitmap id is 281 
12-12 12:46:03.231 11973 11973 D skia    : GFXPNG PNG bitmap created width:60 height:75 bitmap id is 278 
12-12 12:46:03.231 11973 11973 D skia    : GFXPNG PNG bitmap created width:60 height:75 bitmap id is 279 
12-12 12:46:03.241 11973 11973 D skia    : GFXPNG PNG bitmap created width:60 height:75 bitmap id is 280 
12-12 12:46:03.241  2202  2202 D skia    : GFXPNG PNG bitmap created width:3 height:3 bitmap id is 282 
12-12 12:46:03.241 11973 11973 D skia    : GFXPNG PNG bitmap created width:75 height:75 bitmap id is 281 
12-12 12:46:03.241 11973 11973 D skia    : GFXPNG PNG bitmap created width:1 height:1 bitmap id is 282 
12-12 12:46:03.241 11973 11973 D skia    : GFXPNG PNG bitmap created width:60 height:75 bitmap id is 283 
12-12 12:46:03.241 11973 11973 D skia    : GFXPNG PNG bitmap created width:60 height:75 bitmap id is 284 
12-12 12:46:03.241  2202  2202 D skia    : GFXPNG PNG bitmap created width:75 height:75 bitmap id is 283 
12-12 12:46:03.241  2202  2202 D skia    : GFXPNG PNG bitmap created width:75 height:75 bitmap id is 284 
12-12 12:46:03.241  2202  2202 D skia    : GFXPNG PNG bitmap created width:75 height:75 bitmap id is 285 
12-12 12:46:03.241  2202  2202 D skia    : GFXPNG PNG bitmap created width:75 height:75 bitmap id is 286 
12-12 12:46:03.241  2202  2202 D skia    : GFXPNG PNG bitmap created width:75 height:75 bitmap id is 287 
12-12 12:46:03.241  2202  2202 D skia    : GFXPNG PNG bitmap created width:75 height:75 bitmap id is 288 
12-12 12:46:03.251 11973 11973 D skia    : GFXPNG PNG bitmap created width:104 height:74 bitmap id is 285 
12-12 12:46:03.261   751   956 I SpenGestureManager: setFocusWindow0
12-12 12:46:03.261 11973 11973 D skia    : GFXPNG PNG bitmap created width:92 height:92 bitmap id is 286 
12-12 12:46:03.261   751   939 D PointerIcon: setMouseIconStyle1 pointerType: 1001iconType:101 flag:0
12-12 12:46:03.261   751   939 D PointerIcon: setMouseCustomIcon IconType is same.101
12-12 12:46:03.261   751   939 D PointerIcon: setHoveringSpenIconStyle1 pointerType: 10001iconType:1 flag:0
12-12 12:46:03.261   751   939 D PointerIcon: setHoveringSpenCustomIcon IconType is same.1
12-12 12:46:03.261 11973 11973 I SamsungIME: getDebugLevel  : 0x4f4c
12-12 12:46:03.261 11973 11973 I SamsungIME: KeybaordView init() : load resources
12-12 12:46:03.261   751 12771 W ContextImpl: Calling a method in the system process without a qualified user: android.app.ContextImpl.sendBroadcast:1491 com.android.server.InputMethodManagerService$4.run:2827 java.lang.Thread.run:841 <bottom of call stack> <bottom of call stack> 
12-12 12:46:03.271 11973 11973 D skia    : GFXPNG PNG bitmap created width:9 height:759 bitmap id is 287 
12-12 12:46:03.271   261   261 I SurfaceFlinger: id=19 createSurf (1x1),1 flag=4, CatteryCove
12-12 12:46:03.271  1067  1081 D KeyguardUpdateMonitor: sendKeyguardVisibilityChanged(true)
12-12 12:46:03.281  1067  1067 D KeyguardUpdateMonitor: handleKeyguardVisibilityChanged(1)
12-12 12:46:03.281  1067  1703 D KeyguardUpdateMonitor: sendKeyguardVisibilityChanged(true)
12-12 12:46:03.281  1067  1067 D KeyguardUpdateMonitor: handleKeyguardVisibilityChanged(1)
12-12 12:46:03.291  1067  1082 D LockPatternUtils: isPcwEnable = null
12-12 12:46:03.321  1067  1081 D KeyguardUpdateMonitor: sendKeyguardVisibilityChanged(true)
12-12 12:46:03.321  1067  1067 D KeyguardUpdateMonitor: handleKeyguardVisibilityChanged(1)
12-12 12:46:03.321   751   969 I ServiceKeeper: In getappinfo pid = 751 pkgName = android appinfo = null
12-12 12:46:03.321   751   969 I ServiceKeeper: In getseinfo pid = 751 uid = 1000 seinfo= system
12-12 12:46:03.331 11973 11973 D skia    : GFXPNG PNG bitmap created width:118 height:174 bitmap id is 288 
12-12 12:46:03.331  1067  1703 D LockPatternUtils: isPcwEnable = null
12-12 12:46:03.331  1067  1131 D KeyguardUpdateMonitor: sendKeyguardVisibilityChanged(true)
12-12 12:46:03.331  1067  1067 D KeyguardUpdateMonitor: handleKeyguardVisibilityChanged(1)
12-12 12:46:03.331 11973 11973 D skia    : GFXPNG PNG bitmap created width:1 height:1 bitmap id is 289 
12-12 12:46:03.331 11973 11973 D skia    : GFXPNG PNG bitmap created width:118 height:174 bitmap id is 290 
12-12 12:46:03.331  1067  5218 D KeyguardUpdateMonitor: sendKeyguardVisibilityChanged(true)
12-12 12:46:03.331 11973 11973 D skia    : GFXPNG PNG bitmap created width:180 height:216 bitmap id is 291 
12-12 12:46:03.331  1067  1067 D KeyguardUpdateMonitor: handleKeyguardVisibilityChanged(1)
12-12 12:46:03.341 11973 11973 D skia    : GFXPNG PNG bitmap created width:180 height:216 bitmap id is 292 
12-12 12:46:03.341 11973 11973 D skia    : GFXPNG PNG bitmap created width:34 height:51 bitmap id is 293 
12-12 12:46:03.341 11973 11973 D skia    : GFXPNG PNG bitmap created width:34 height:51 bitmap id is 294 
12-12 12:46:03.341 11973 11973 I SamsungIME: getCurrentKeyboard
12-12 12:46:03.341 11973 11973 I SamsungIME: getTextKeyboard
12-12 12:46:03.351 11973 11973 D skia    : GFXPNG PNG bitmap created width:128 height:112 bitmap id is 295 
12-12 12:46:03.351 11973 11973 D skia    : GFXPNG PNG bitmap created width:128 height:112 bitmap id is 296 
12-12 12:46:03.351 11973 11973 D SamsungIME: [SwiftkeyWrapper] currentLangauge : 1701729619
12-12 12:46:03.451  1067  1082 D KeyguardUpdateMonitor: sendKeyguardVisibilityChanged(true)
12-12 12:46:03.451  1067  1067 D KeyguardUpdateMonitor: handleKeyguardVisibilityChanged(1)
12-12 12:46:03.601   751  1071 D lights  : button : 0 +
12-12 12:46:03.641   751  1071 D lights  : button : 0 -
12-12 12:46:03.701  1067  1081 D KeyguardUpdateMonitor: sendKeyguardVisibilityChanged(true)
12-12 12:46:03.701  1067  1067 D KeyguardUpdateMonitor: handleKeyguardVisibilityChanged(1)
12-12 12:46:03.781 11973 12776 D SamsungIME: [SwiftkeyWrapper] currentLangauge : 1701729619
12-12 12:46:04.051 12782 12782 D AndroidRuntime: 
12-12 12:46:04.051 12782 12782 D AndroidRuntime: >>>>>> AndroidRuntime START com.android.internal.os.RuntimeInit <<<<<<
12-12 12:46:04.051 12782 12782 D AndroidRuntime: CheckJNI is OFF
12-12 12:46:04.051 12782 12782 D AndroidRuntime: setted country_code = USA
12-12 12:46:04.051 12782 12782 D AndroidRuntime: setted countryiso_code = US
12-12 12:46:04.051 12782 12782 D AndroidRuntime: setted sales_code = TMB
12-12 12:46:04.051 12782 12782 D AndroidRuntime: readGMSProperty: start
12-12 12:46:04.051 12782 12782 D AndroidRuntime: readGMSProperty: already setted!!
12-12 12:46:04.051 12782 12782 D AndroidRuntime: readGMSProperty: end
12-12 12:46:04.051 12782 12782 D AndroidRuntime: addProductProperty: start
12-12 12:46:04.071 12782 12782 D dalvikvm: Trying to load lib libjavacore.so 0x0
12-12 12:46:04.071 12782 12782 D dalvikvm: Added shared lib libjavacore.so 0x0
12-12 12:46:04.081 12782 12782 D dalvikvm: Trying to load lib libnativehelper.so 0x0
12-12 12:46:04.081 12782 12782 D dalvikvm: Added shared lib libnativehelper.so 0x0
12-12 12:46:04.081 12782 12782 D dalvikvm: No JNI_OnLoad found in libnativehelper.so 0x0, skipping init
12-12 12:46:04.181 12782 12782 E memtrack: Couldn't load memtrack module (No such file or directory)
12-12 12:46:04.181 12782 12782 E android.os.Debug: failed to load memtrack module: -2
12-12 12:46:04.201 12782 12782 D dalvikvm: Note: class Landroid/app/ActivityManagerNative; has 192 unimplemented (abstract) methods
12-12 12:46:04.231 12782 12782 D AndroidRuntime: Calling main entry com.android.commands.wm.Wm
12-12 12:46:04.231 12782 12782 D AndroidRuntime: Shutting down VM
12-12 12:46:04.231 12782 12787 D dalvikvm: GC_CONCURRENT freed 96K, 14% free 655K/756K, paused 0ms+0ms, total 2ms
12-12 12:46:04.431   751   940 D CustomFrequencyManagerService: releaseDVFSLockLocked : Getting Lock type frm List : DVFS_MIN_LIMIT  frequency : 1958400  uid : 1000  pid : 751  tag : ACTIVITY_RESUME_BOOSTER@6
12-12 12:46:04.441   751   940 W ActivityManager: mDVFSHelper.release()
12-12 12:46:04.441   751   940 D CustomFrequencyManagerService: acquireDVFSLockLocked : type : DVFS_MIN_LIMIT  frequency : 1958400  uid : 1000  pid : 751  pkgName : ACTIVITY_RESUME_BOOSTER@9
12-12 12:46:04.741   751   751 D CustomFrequencyManagerService: releaseDVFSLockLocked : Getting Lock type frm List : DVFS_MIN_LIMIT  frequency : 1958400  uid : 1000  pid : 751  tag : ACTIVITY_RESUME_BOOSTER@9
12-12 12:46:05.271   255   255 E SMD     : DCD ON
12-12 12:46:06.271 12699 12800 D Aatp    : /ping
12-12 12:46:06.451 12699 12801 D Aatp    : /wake
12-12 12:46:06.481  1067  1082 D KeyguardUpdateMonitor: sendKeyguardVisibilityChanged(true)
12-12 12:46:06.481  1067  1067 D KeyguardUpdateMonitor: handleKeyguardVisibilityChanged(1)
12-12 12:46:06.511  1067  1702 D KeyguardUpdateMonitor: sendKeyguardVisibilityChanged(true)
12-12 12:46:06.511  1067  1067 D KeyguardUpdateMonitor: handleKeyguardVisibilityChanged(1)
12-12 12:46:06.521  1067  5218 D KeyguardUpdateMonitor: sendKeyguardVisibilityChanged(true)
12-12 12:46:06.521  1067  1067 D KeyguardUpdateMonitor: handleKeyguardVisibilityChanged(1)
12-12 12:46:06.531  1067  1131 D KeyguardUpdateMonitor: sendKeyguardVisibilityChanged(true)
12-12 12:46:06.531  1067  1067 D KeyguardUpdateMonitor: handleKeyguardVisibilityChanged(1)
12-12 12:46:06.551  1067  1702 D KeyguardUpdateMonitor: sendKeyguardVisibilityChanged(true)
12-12 12:46:06.551  1067  1067 D KeyguardUpdateMonitor: handleKeyguardVisibilityChanged(1)
12-12 12:46:06.571  1067  5218 D KeyguardUpdateMonitor: sendKeyguardVisibilityChanged(true)
12-12 12:46:06.571  1067  1067 D KeyguardUpdateMonitor: handleKeyguardVisibilityChanged(1)
12-12 12:46:06.581  1067  1703 D KeyguardUpdateMonitor: sendKeyguardVisibilityChanged(true)
12-12 12:46:06.581  1067  1067 D KeyguardUpdateMonitor: handleKeyguardVisibilityChanged(1)
12-12 12:46:06.601  1067  1131 D KeyguardUpdateMonitor: sendKeyguardVisibilityChanged(true)
12-12 12:46:06.601  1067  1067 D KeyguardUpdateMonitor: handleKeyguardVisibilityChanged(1)
12-12 12:46:06.621  1067  1081 D KeyguardUpdateMonitor: sendKeyguardVisibilityChanged(true)
12-12 12:46:06.621  1067  1067 D KeyguardUpdateMonitor: handleKeyguardVisibilityChanged(1)
12-12 12:46:06.621 12699 12801 D Aatp    : sha1: 13afac22d4c35ac6ba71d29ce90b194050c0bbb3
12-12 12:46:06.631  1067  1702 D KeyguardUpdateMonitor: sendKeyguardVisibilityChanged(true)
12-12 12:46:06.631  1067  1067 D KeyguardUpdateMonitor: handleKeyguardVisibilityChanged(1)
12-12 12:46:06.651  1067  5218 D KeyguardUpdateMonitor: sendKeyguardVisibilityChanged(true)
12-12 12:46:06.651  1067  1067 D KeyguardUpdateMonitor: handleKeyguardVisibilityChanged(1)
12-12 12:46:06.671 12699 12801 D Aatp    : /task/13afac22d4c35ac6ba71d29ce90b194050c0bbb3
12-12 12:46:06.671  1067  1702 D KeyguardUpdateMonitor: sendKeyguardVisibilityChanged(true)
12-12 12:46:06.671 12699 12699 D AatpDeviceManager: taskStatus update (13afac22d4c35ac6ba71d29ce90b194050c0bbb3: {"state":1})
12-12 12:46:06.671 12699 12802 D AWSDeviceFarmAndroidLib: WakeLock: acquire
12-12 12:46:06.671   751   751 W ContextImpl: Calling a method in the system process without a qualified user: android.app.ContextImpl.sendBroadcast:1505 com.android.server.StatusBarManagerService.sendNotification:985 com.android.server.StatusBarManagerService.addNotification:674 com.android.server.NotificationManagerService$7.run:2142 android.os.Handler.handleCallback:733 
12-12 12:46:06.671   751   751 D STATUSBAR-StatusBarManagerService: sendNotification(1) - 1096041550
12-12 12:46:06.681   751   969 I ServiceKeeper: In getappinfo pid = 751 pkgName = android appinfo = null
12-12 12:46:06.681 12699 12802 I AWSDeviceFarmAndroidLib: ET phone home
12-12 12:46:06.681   751   969 I ServiceKeeper: In getseinfo pid = 751 uid = 1000 seinfo= system
12-12 12:46:06.681   751  7409 D PowerManagerService: [api] acquire WakeLock flags=0x30000006 tag=AWSDeviceFarmAndroidLib uid=10812 pid=12699
12-12 12:46:06.691  1067  1067 D ProgressBar: setProgressDrawable drawableHeight = 0
12-12 12:46:06.701  1067  1081 D KeyguardUpdateMonitor: sendKeyguardVisibilityChanged(true)
12-12 12:46:06.701  1067  1067 D PhoneStatusBar: tick(): knoxCustomManager = android.app.enterprise.knoxcustom.KnoxCustomManager@44ef2f00
12-12 12:46:06.711  1067  1067 D KeyguardUpdateMonitor: handleKeyguardVisibilityChanged(1)
12-12 12:46:06.711  1067  1067 D KeyguardUpdateMonitor: handleKeyguardVisibilityChanged(1)
12-12 12:46:06.721  1067  5218 D KeyguardUpdateMonitor: sendKeyguardVisibilityChanged(true)
12-12 12:46:06.721  1067  1067 D STATUSBAR-IconMerger: checkOverflow(504), More:false, Req:false Child:7
12-12 12:46:06.731   751  7404 D CustomFrequencyManagerService: acquireDVFSLockLocked : type : DVFS_MIN_LIMIT  frequency : 1958400  uid : 1000  pid : 751  pkgName : ACTIVITY_RESUME_BOOSTER@6
12-12 12:46:06.731  1067  1067 D KeyguardUpdateMonitor: handleKeyguardVisibilityChanged(1)
12-12 12:46:06.731   751   939 D PointerIcon: setMouseIconStyle1 pointerType: 1001iconType:101 flag:0
12-12 12:46:06.731   751   939 D PointerIcon: setMouseCustomIcon IconType is same.101
12-12 12:46:06.731   751   939 D PointerIcon: setHoveringSpenIconStyle1 pointerType: 10001iconType:1 flag:0
12-12 12:46:06.731   751   939 D PointerIcon: setHoveringSpenCustomIcon IconType is same.1
12-12 12:46:06.731   751  7404 W ActivityManager: mDVFSHelper.acquire()
12-12 12:46:06.741  1067  1703 D KeyguardUpdateMonitor: sendKeyguardVisibilityChanged(true)
12-12 12:46:06.741  1067  1067 D KeyguardUpdateMonitor: handleKeyguardVisibilityChanged(1)
12-12 12:46:06.741  1067  1081 D LockPatternUtils: isPcwEnable = null
12-12 12:46:06.741   751   948 D EnterpriseDeviceManager: ContainerId: 0
12-12 12:46:06.741   751   948 D STATUSBAR-StatusBarManagerService: manageDisableList what=0x0 pkg=WindowManager.LayoutParams
12-12 12:46:06.751  1067  1082 D LockPatternUtils: isPcwEnable = null
12-12 12:46:06.761  1067  5218 D KeyguardUpdateMonitor: sendKeyguardVisibilityChanged(true)
12-12 12:46:06.761  1067  1067 D KeyguardUpdateMonitor: handleKeyguardVisibilityChanged(1)
12-12 12:46:06.771   751   969 I ServiceKeeper: In getappinfo pid = 751 pkgName = android appinfo = null
12-12 12:46:06.771   751   969 I ServiceKeeper: In getseinfo pid = 751 uid = 1000 seinfo= system
12-12 12:46:06.771  2825  2825 I SQLiteSecureOpenHelper: getWritableDatabase(pwd)
12-12 12:46:06.771  2825  2825 I SQLiteSecureOpenHelper: getDatabaseLocked(b,b,pwd)...
12-12 12:46:06.771  1067  1702 D KeyguardUpdateMonitor: sendKeyguardVisibilityChanged(true)
12-12 12:46:06.771  1067  1067 D KeyguardUpdateMonitor: handleKeyguardVisibilityChanged(1)
12-12 12:46:06.771 12699 12802 I AWSDeviceFarmAndroidLib: Muting audio streams
12-12 12:46:06.771   751  1046 V SmartFaceService - 3rd party pause: onReceive [android.intent.action.ACTIVITY_STATE/com.sec.android.app.popupuireceiver/pause]
12-12 12:46:06.781  1259  1259 D WfcActivityStateReceiver: onReceive(): packageName=com.sec.android.app.popupuireceiver, activityState=pause
12-12 12:46:06.781   751  7228 I AudioService: setRingerMode is called by pid: 12699, uid=10812
12-12 12:46:06.781   751  7228 I AudioService: Ringer mode : silent & set driving mode off
12-12 12:46:06.781  1067  5218 D KeyguardUpdateMonitor: sendKeyguardVisibilityChanged(true)
12-12 12:46:06.781  1067  1067 D KeyguardUpdateMonitor: handleKeyguardVisibilityChanged(1)
12-12 12:46:06.781  1067  1081 D LockPatternUtils: isPcwEnable = null
12-12 12:46:06.791  1067  1702 D KeyguardUpdateMonitor: sendKeyguardVisibilityChanged(true)
12-12 12:46:06.791  1067  1067 D KeyguardUpdateMonitor: handleKeyguardVisibilityChanged(1)
12-12 12:46:06.801   751   956 I SpenGestureManager: setFocusWindow21015
12-12 12:46:06.801  1067  5218 D KeyguardUpdateMonitor: sendKeyguardVisibilityChanged(true)
12-12 12:46:06.801  1067  1067 D KeyguardUpdateMonitor: handleKeyguardVisibilityChanged(1)
12-12 12:46:06.801   751   939 D PointerIcon: setMouseIconStyle1 pointerType: 1001iconType:101 flag:0
12-12 12:46:06.801   751   939 D PointerIcon: setMouseCustomIcon IconType is same.101
12-12 12:46:06.801   751   939 D PointerIcon: setHoveringSpenIconStyle1 pointerType: 10001iconType:1 flag:0
12-12 12:46:06.801   751   939 D PointerIcon: setHoveringSpenCustomIcon IconType is same.1
12-12 12:46:06.801  1067  1082 D KeyguardUpdateMonitor: sendKeyguardVisibilityChanged(true)
12-12 12:46:06.801  1067  1067 D KeyguardUpdateMonitor: handleKeyguardVisibilityChanged(1)
12-12 12:46:06.801  1067  1081 D KeyguardUpdateMonitor: sendKeyguardVisibilityChanged(true)
12-12 12:46:06.801  1067  1067 D KeyguardUpdateMonitor: handleKeyguardVisibilityChanged(1)
12-12 12:46:06.801   751   956 W ContextImpl: Calling a method in the system process without a qualified user: android.app.ContextImpl.sendBroadcast:1505 com.android.server.am.AppStateBroadcaster.BroadcastAppState:128 com.android.server.am.AppStateBroadcaster.SendApplicationFocusLoss:40 com.android.server.am.ActivityStack.resumeTopActivityLocked:2361 com.android.server.am.ActivityStackSupervisor.resumeTopActivitiesLocked:3313 
