12-12 12:46:10.691  1328  1328 W ResourceType: No known package when getting name for resource number 0x9c020200
12-12 12:46:10.691  1328  1328 W ResourceType: No known package when getting name for resource number 0x9c020300
12-12 12:46:10.691  1328  1328 W ResourceType: No known package when getting name for resource number 0x9c000000
12-12 12:46:10.691  1328  1328 W ResourceType: No known package when getting name for resource number 0x9c000002
12-12 12:46:10.691  1328  1328 W ResourceType: No known package when getting name for resource number 0x9c000003
12-12 12:46:10.691  1328  1328 W ResourceType: No known package when getting name for resource number 0x9c000103
12-12 12:46:10.691  1328  1328 W ResourceType: No known package when getting name for resource number 0x9c000203
12-12 12:46:10.691  1328  1328 W ResourceType: No known package when getting name for resource number 0x9c000303
12-12 12:46:10.721  1328  1328 W ResourceType: No known package when getting name for resource number 0x9c020000
12-12 12:46:10.721  1328  1328 W ResourceType: No known package when getting name for resource number 0x9c020100
12-12 12:46:10.721  1328  1328 W ResourceType: No known package when getting name for resource number 0x9c020200
12-12 12:46:10.721  1328  1328 W ResourceType: No known package when getting name for resource number 0x9c020300
12-12 12:46:10.721  1328  1328 W ResourceType: No known package when getting name for resource number 0x9c000000
12-12 12:46:10.721  1328  1328 W ResourceType: No known package when getting name for resource number 0x9c000002
12-12 12:46:10.721  1328  1328 W ResourceType: No known package when getting name for resource number 0x9c000003
12-12 12:46:10.721  1328  1328 W ResourceType: No known package when getting name for resource number 0x9c000103
12-12 12:46:10.721  1328  1328 W ResourceType: No known package when getting name for resource number 0x9c000203
12-12 12:46:10.731  1328  1328 W ResourceType: No known package when getting name for resource number 0x9c000303
12-12 12:46:10.751  1328  1328 W ResourceType: No known package when getting name for resource number 0x9c020000
12-12 12:46:10.751  1328  1328 W ResourceType: No known package when getting name for resource number 0x9c020100
12-12 12:46:10.751  1328  1328 W ResourceType: No known package when getting name for resource number 0x9c020200
12-12 12:46:10.751  1328  1328 W ResourceType: No known package when getting name for resource number 0x9c020300
12-12 12:46:10.751  1328  1328 W ResourceType: No known package when getting name for resource number 0x9c000000
12-12 12:46:10.751  1328  1328 W ResourceType: No known package when getting name for resource number 0x9c000002
12-12 12:46:10.751  1328  1328 W ResourceType: No known package when getting name for resource number 0x9c000003
12-12 12:46:10.751  1328  1328 W ResourceType: No known package when getting name for resource number 0x9c000103
12-12 12:46:10.751  1328  1328 W ResourceType: No known package when getting name for resource number 0x9c000203
12-12 12:46:10.751  1328  1328 W ResourceType: No known package when getting name for resource number 0x9c000303
12-12 12:46:10.771  1328  1328 W ResourceType: No known package when getting name for resource number 0x9c020000
12-12 12:46:10.771  1328  1328 W ResourceType: No known package when getting name for resource number 0x9c020100
12-12 12:46:10.771  1328  1328 W ResourceType: No known package when getting name for resource number 0x9c020200
12-12 12:46:10.781  1328  1328 W ResourceType: No known package when getting name for resource number 0x9c020300
12-12 12:46:10.781  1328  1328 W ResourceType: No known package when getting name for resource number 0x9c000000
12-12 12:46:10.781  1328  1328 W ResourceType: No known package when getting name for resource number 0x9c000002
12-12 12:46:10.781  1328  1328 W ResourceType: No known package when getting name for resource number 0x9c000003
12-12 12:46:10.781  1328  1328 W ResourceType: No known package when getting name for resource number 0x9c000103
12-12 12:46:10.781  1328  1328 W ResourceType: No known package when getting name for resource number 0x9c000203
12-12 12:46:10.781  1328  1328 W ResourceType: No known package when getting name for resource number 0x9c000303
12-12 12:46:10.811  1328  1328 W ResourceType: No known package when getting name for resource number 0x9c020000
12-12 12:46:10.811  1328  1328 W ResourceType: No known package when getting name for resource number 0x9c020100
12-12 12:46:10.811  1328  1328 W ResourceType: No known package when getting name for resource number 0x9c020200
12-12 12:46:10.811  1328  1328 W ResourceType: No known package when getting name for resource number 0x9c020300
12-12 12:46:10.811  1328  1328 W ResourceType: No known package when getting name for resource number 0x9c000000
12-12 12:46:10.821  1328  1328 W ResourceType: No known package when getting name for resource number 0x9c000002
12-12 12:46:10.821  1328  1328 W ResourceType: No known package when getting name for resource number 0x9c000003
12-12 12:46:10.821  1328  1328 W ResourceType: No known package when getting name for resource number 0x9c000103
12-12 12:46:10.821  1328  1328 W ResourceType: No known package when getting name for resource number 0x9c000203
12-12 12:46:10.821  1328  1328 W ResourceType: No known package when getting name for resource number 0x9c000303
12-12 12:46:10.841  1328  1328 W ResourceType: No known package when getting name for resource number 0x9c020000
12-12 12:46:10.841  1328  1328 W ResourceType: No known package when getting name for resource number 0x9c020100
12-12 12:46:10.841  1328  1328 W ResourceType: No known package when getting name for resource number 0x9c020200
12-12 12:46:10.841  1328  1328 W ResourceType: No known package when getting name for resource number 0x9c020300
12-12 12:46:10.841  1328  1328 W ResourceType: No known package when getting name for resource number 0x9c000000
12-12 12:46:10.841  1328  1328 W ResourceType: No known package when getting name for resource number 0x9c000002
12-12 12:46:10.841  1328  1328 W ResourceType: No known package when getting name for resource number 0x9c000003
12-12 12:46:10.841  1328  1328 W ResourceType: No known package when getting name for resource number 0x9c000103
12-12 12:46:10.841  1328  1328 W ResourceType: No known package when getting name for resource number 0x9c000203
12-12 12:46:10.841  1328  1328 W ResourceType: No known package when getting name for resource number 0x9c000303
12-12 12:46:10.861  1328  1328 W ResourceType: No known package when getting name for resource number 0x9c020000
12-12 12:46:10.861  1328  1328 W ResourceType: No known package when getting name for resource number 0x9c020100
12-12 12:46:10.861  1328  1328 W ResourceType: No known package when getting name for resource number 0x9c020200
12-12 12:46:10.861  1328  1328 W ResourceType: No known package when getting name for resource number 0x9c020300
12-12 12:46:10.871  1328  1328 W ResourceType: No known package when getting name for resource number 0x9c000000
12-12 12:46:10.871  1328  1328 W ResourceType: No known package when getting name for resource number 0x9c000002
12-12 12:46:10.871  1328  1328 W ResourceType: No known package when getting name for resource number 0x9c000003
12-12 12:46:10.871  1328  1328 W ResourceType: No known package when getting name for resource number 0x9c000103
12-12 12:46:10.871  1328  1328 W ResourceType: No known package when getting name for resource number 0x9c000203
12-12 12:46:10.871  1328  1328 W ResourceType: No known package when getting name for resource number 0x9c000303
12-12 12:46:10.891   751  1341 W PersonaManager: getPersonaIds()
12-12 12:46:10.891   751  1341 V WindowOrientationListener: mSContextAutoRotationListener.getProposedRotation, mbResultFaceDectection: false
12-12 12:46:10.891   751  1341 V WindowOrientationListener: mSContextAutoRotationListener.getProposedRotation, Rotation: 0
12-12 12:46:10.891   751  1341 V WindowOrientationListener: mSContextAutoRotationListener.getProposedRotation, mbResultFaceDectection: false
12-12 12:46:10.891   751  1341 V WindowManager: rotationForOrientationLw(orient=1, last=0); user=0  sensorRotation=0 mLidState=-1 mDockMode=0 mHdmiPlugged=false mAccelerometerDefault=false gripRotationLock=false
12-12 12:46:10.901   751  1341 V WindowOrientationListener: mSContextAutoRotationListener.getProposedRotation, Rotation: 0
12-12 12:46:10.901  1067  1081 D KeyguardUpdateMonitor: sendKeyguardVisibilityChanged(true)
12-12 12:46:10.901  1067  1067 D KeyguardUpdateMonitor: handleKeyguardVisibilityChanged(1)
12-12 12:46:10.901 12908 12908 I AndroidRuntime: VM exiting with result code 0.
12-12 12:46:11.271   255   255 E SMD     : DCD ON
12-12 12:46:11.661 12941 12941 D AndroidRuntime: 
12-12 12:46:11.661 12941 12941 D AndroidRuntime: >>>>>> AndroidRuntime START com.android.internal.os.RuntimeInit <<<<<<
12-12 12:46:11.671 12941 12941 D AndroidRuntime: CheckJNI is OFF
12-12 12:46:11.671 12941 12941 D AndroidRuntime: setted country_code = USA
12-12 12:46:11.671 12941 12941 D AndroidRuntime: setted countryiso_code = US
12-12 12:46:11.671 12941 12941 D AndroidRuntime: setted sales_code = TMB
12-12 12:46:11.671 12941 12941 D AndroidRuntime: readGMSProperty: start
12-12 12:46:11.671 12941 12941 D AndroidRuntime: readGMSProperty: already setted!!
12-12 12:46:11.671 12941 12941 D AndroidRuntime: readGMSProperty: end
12-12 12:46:11.671 12941 12941 D AndroidRuntime: addProductProperty: start
12-12 12:46:11.691 12941 12941 D dalvikvm: Trying to load lib libjavacore.so 0x0
12-12 12:46:11.691 12941 12941 D dalvikvm: Added shared lib libjavacore.so 0x0
12-12 12:46:11.701 12941 12941 D dalvikvm: Trying to load lib libnativehelper.so 0x0
12-12 12:46:11.701 12941 12941 D dalvikvm: Added shared lib libnativehelper.so 0x0
12-12 12:46:11.701 12941 12941 D dalvikvm: No JNI_OnLoad found in libnativehelper.so 0x0, skipping init
12-12 12:46:11.791 12941 12941 E memtrack: Couldn't load memtrack module (No such file or directory)
12-12 12:46:11.791 12941 12941 E android.os.Debug: failed to load memtrack module: -2
12-12 12:46:11.801   751   958 D PackageManager: [MSG] WRITE_PACKAGE_RESTRICTIONS
12-12 12:46:11.821 12941 12941 D dalvikvm: Note: class Landroid/app/ActivityManagerNative; has 192 unimplemented (abstract) methods
12-12 12:46:11.861 12941 12941 D AndroidRuntime: Calling main entry com.android.commands.uiautomator.Launcher
12-12 12:46:12.501  1328  1328 W ResourceType: No known package when getting name for resource number 0x9c020000
12-12 12:46:12.501  1328  1328 W ResourceType: No known package when getting name for resource number 0x9c020100
12-12 12:46:12.511  1328  1328 W ResourceType: No known package when getting name for resource number 0x9c020200
12-12 12:46:12.511  1328  1328 W ResourceType: No known package when getting name for resource number 0x9c020300
12-12 12:46:12.521  1328  1328 W ResourceType: No known package when getting name for resource number 0x9c000000
12-12 12:46:12.521  1328  1328 W ResourceType: No known package when getting name for resource number 0x9c000002
12-12 12:46:12.521  1328  1328 W ResourceType: No known package when getting name for resource number 0x9c000003
12-12 12:46:12.531  1328  1328 W ResourceType: No known package when getting name for resource number 0x9c000103
12-12 12:46:12.531  1328  1328 W ResourceType: No known package when getting name for resource number 0x9c000203
12-12 12:46:12.531  1328  1328 W ResourceType: No known package when getting name for resource number 0x9c000303
12-12 12:46:12.551  1328  1328 W ResourceType: No known package when getting name for resource number 0x9c020000
12-12 12:46:12.551  1328  1328 W ResourceType: No known package when getting name for resource number 0x9c020100
12-12 12:46:12.551  1328  1328 W ResourceType: No known package when getting name for resource number 0x9c020200
12-12 12:46:12.551  1328  1328 W ResourceType: No known package when getting name for resource number 0x9c020300
12-12 12:46:12.561  1328  1328 W ResourceType: No known package when getting name for resource number 0x9c000000
12-12 12:46:12.561  1328  1328 W ResourceType: No known package when getting name for resource number 0x9c000002
12-12 12:46:12.561  1328  1328 W ResourceType: No known package when getting name for resource number 0x9c000003
12-12 12:46:12.561  1328  1328 W ResourceType: No known package when getting name for resource number 0x9c000103
12-12 12:46:12.561  1328  1328 W ResourceType: No known package when getting name for resource number 0x9c000203
12-12 12:46:12.561  1328  1328 W ResourceType: No known package when getting name for resource number 0x9c000303
12-12 12:46:12.581  1328  1328 W ResourceType: No known package when getting name for resource number 0x9c020000
12-12 12:46:12.581  1328  1328 W ResourceType: No known package when getting name for resource number 0x9c020100
12-12 12:46:12.581  1328  1328 W ResourceType: No known package when getting name for resource number 0x9c020200
12-12 12:46:12.581  1328  1328 W ResourceType: No known package when getting name for resource number 0x9c020300
12-12 12:46:12.581  1328  1328 W ResourceType: No known package when getting name for resource number 0x9c000000
12-12 12:46:12.591  1328  1328 W ResourceType: No known package when getting name for resource number 0x9c000002
12-12 12:46:12.591  1328  1328 W ResourceType: No known package when getting name for resource number 0x9c000003
12-12 12:46:12.591  1328  1328 W ResourceType: No known package when getting name for resource number 0x9c000103
12-12 12:46:12.591  1328  1328 W ResourceType: No known package when getting name for resource number 0x9c000203
12-12 12:46:12.591  1328  1328 W ResourceType: No known package when getting name for resource number 0x9c000303
12-12 12:46:12.611   751  1462 W PersonaManager: getPersonaIds()
12-12 12:46:12.611   751  1462 V WindowOrientationListener: mSContextAutoRotationListener.getProposedRotation, mbResultFaceDectection: false
12-12 12:46:12.611   751  1462 V WindowOrientationListener: mSContextAutoRotationListener.getProposedRotation, Rotation: 0
12-12 12:46:12.611   751  1462 V WindowOrientationListener: mSContextAutoRotationListener.getProposedRotation, mbResultFaceDectection: false
12-12 12:46:12.611   751  1462 V WindowOrientationListener: mSContextAutoRotationListener.getProposedRotation, Rotation: 0
12-12 12:46:12.611   751  1462 V WindowManager: rotationForOrientationLw(orient=1, last=0); user=0  sensorRotation=0 mLidState=-1 mDockMode=0 mHdmiPlugged=false mAccelerometerDefault=false gripRotationLock=false
12-12 12:46:12.621  1067  1702 D KeyguardUpdateMonitor: sendKeyguardVisibilityChanged(true)
12-12 12:46:12.621  1067  1067 D KeyguardUpdateMonitor: handleKeyguardVisibilityChanged(1)
12-12 12:46:12.621 12941 12941 I AndroidRuntime: VM exiting with result code 0.
12-12 12:46:12.691 12699 12954 D Aatp    : /ping
12-12 12:46:12.841   751  1704 D BatteryService: level:100, scale:100, status:5, health:2, present:true, voltage: 4380, temperature: 252, technology: Li-ion, AC powered:false, USB powered:true, Wireless powered:false, icon:17303678, invalid charger:0, online:4, current avg:450, charge type:1, power sharing:false
12-12 12:46:12.841   751   751 D BatteryService: Sending ACTION_BATTERY_CHANGED.
12-12 12:46:12.841 12699 12955 D Aatp    : /apps-to-uninstall
12-12 12:46:12.841   751   751 I Tethering: BATTERY_CHANGED, level = 100lowBatteryThreshold = 15
12-12 12:46:12.851  1067  1067 D KeyguardUpdateMonitor: received broadcast android.intent.action.BATTERY_CHANGED
12-12 12:46:12.851  1067  1067 D KeyguardUpdateMonitor: handleBatteryUpdate
12-12 12:46:12.851  1067  1067 D CMASMessage: [update] mShowingCMASText is false
12-12 12:46:12.851  1067  1067 D CMASMessage: CMASIcon was GONE : 
12-12 12:46:12.851   751   751 D UiModeManager: mCoverManager.getCoverState() : true
12-12 12:46:12.851   751  1258 E Watchdog: !@Sync 28
12-12 12:46:12.871 12699 12955 D Aatp    : sha1: 2f9530d76c1cd5e428cbfbca1bed758ca5996ab4
12-12 12:46:12.871  1067  1067 D STATUSBAR-PhoneStatusBar:  mBrightnessEnablebySettings = true mBrightnessEnablebyBattery = true mBrightnessEnablebyDisableFlag = true mPmsBrightnessEnablebySettings = true
12-12 12:46:12.881  1067  1067 D STATUSBAR-IconMerger: checkOverflow(504), More:false, Req:false Child:6
12-12 12:46:12.881  1067  1067 D BatteryMeterView: ACTION_BATTERY_CHANGED : level:100 status:5 health:2
12-12 12:46:12.891 12699 12699 D AatpDeviceManager: taskStatus update (2f9530d76c1cd5e428cbfbca1bed758ca5996ab4: {"state":1})
12-12 12:46:12.901 12699 12955 D Aatp    : /task/2f9530d76c1cd5e428cbfbca1bed758ca5996ab4
12-12 12:46:12.911   751   751 W ContextImpl: Calling a method in the system process without a qualified user: android.app.ContextImpl.sendBroadcast:1505 com.android.server.StatusBarManagerService.sendNotification:985 com.android.server.StatusBarManagerService.addNotification:674 com.android.server.NotificationManagerService$7.run:2142 android.os.Handler.handleCallback:733 
12-12 12:46:12.911   751   751 D STATUSBAR-StatusBarManagerService: sendNotification(1) - 1096041552
12-12 12:46:12.921  1067  1067 D ProgressBar: setProgressDrawable drawableHeight = 0
12-12 12:46:12.941  1067  1067 D PhoneStatusBar: tick(): knoxCustomManager = android.app.enterprise.knoxcustom.KnoxCustomManager@44ef2f00
12-12 12:46:12.971  1067  1067 D STATUSBAR-IconMerger: checkOverflow(504), More:false, Req:false Child:7
12-12 12:46:13.041 12699 12966 D Aatp    : /task/2f9530d76c1cd5e428cbfbca1bed758ca5996ab4/status
12-12 12:46:13.051 12699 12699 D AatpDeviceManager: taskStatus update (2f9530d76c1cd5e428cbfbca1bed758ca5996ab4: {"result":[],"state":2})
12-12 12:46:13.061   751   751 W ContextImpl: Calling a method in the system process without a qualified user: android.app.ContextImpl.sendBroadcast:1505 com.android.server.StatusBarManagerService.sendNotification:985 com.android.server.StatusBarManagerService.removeNotification:710 com.android.server.NotificationManagerService.cancelNotificationLocked:2454 com.android.server.NotificationManagerService.access$5100:160 
12-12 12:46:13.061   751   751 D NotificationService: cancelNotificationLocked
12-12 12:46:13.061   751   751 D NotificationService:  hasClearableItems
12-12 12:46:13.061   751   751 D NotificationService: Num of hasClearableItems : 2
12-12 12:46:13.061   751   751 D STATUSBAR-StatusBarManagerService: sendNotification(3) - 1096041552
12-12 12:46:13.061   751   751 D LightsService: [api] [SvcLED] turnOff:: id = 4 (uid: 1000 pid: 751) 
12-12 12:46:13.061   751   751 D LightsService: [SvcLED] setSvcLedStateLocked:: SvcLEDState : 0x0 -> 0x0 | SvcLED(id=4) set Off
12-12 12:46:13.061   751   976 D LightsService: [SvcLED] Lux failed to be updated in 700ms. -> handleForcedSvcLEDTasK
12-12 12:46:13.061   751   976 D LightsService: [SvcLED]  setSvcLedLightLocked :: Current SvcLED(id=3) maintains its priority right
12-12 12:46:13.081  1067  1067 D STATUSBAR-IconMerger: checkOverflow(504), More:false, Req:false Child:6
12-12 12:46:13.151 12699 12971 D Aatp    : /ping
12-12 12:46:13.341 12699 12978 D Aatp    : /clean-accounts
12-12 12:46:13.361 12699 12978 D Aatp    : sha1: 048e46df1dbd3f12520cc157d4ec640434145038
12-12 12:46:13.381 12699 12699 D AatpDeviceManager: taskStatus update (048e46df1dbd3f12520cc157d4ec640434145038: {"state":1})
12-12 12:46:13.391 12699 12978 D Aatp    : /task/048e46df1dbd3f12520cc157d4ec640434145038
12-12 12:46:13.391   751   751 W ContextImpl: Calling a method in the system process without a qualified user: android.app.ContextImpl.sendBroadcast:1505 com.android.server.StatusBarManagerService.sendNotification:985 com.android.server.StatusBarManagerService.addNotification:674 com.android.server.NotificationManagerService$7.run:2142 android.os.Handler.handleCallback:733 
12-12 12:46:13.391   751   751 D STATUSBAR-StatusBarManagerService: sendNotification(1) - 1096041553
12-12 12:46:13.411  1067  1067 D ProgressBar: setProgressDrawable drawableHeight = 0
12-12 12:46:13.421 12699 12699 D AatpDeviceManager: taskStatus update (048e46df1dbd3f12520cc157d4ec640434145038: {"result":"Cleaned Accounts PASS","state":2})
12-12 12:46:13.421  1067  1067 D PhoneStatusBar: tick(): knoxCustomManager = android.app.enterprise.knoxcustom.KnoxCustomManager@44ef2f00
12-12 12:46:13.431   751   751 W ContextImpl: Calling a method in the system process without a qualified user: android.app.ContextImpl.sendBroadcast:1505 com.android.server.StatusBarManagerService.sendNotification:985 com.android.server.StatusBarManagerService.removeNotification:710 com.android.server.NotificationManagerService.cancelNotificationLocked:2454 com.android.server.NotificationManagerService.access$5100:160 
12-12 12:46:13.431   751   751 D STATUSBAR-StatusBarManagerService: sendNotification(3) - 1096041553
12-12 12:46:13.441   751   751 D NotificationService: cancelNotificationLocked
12-12 12:46:13.441   751   751 D NotificationService:  hasClearableItems
12-12 12:46:13.441   751   751 D NotificationService: Num of hasClearableItems : 2
12-12 12:46:13.441   751   751 D LightsService: [api] [SvcLED] turnOff:: id = 4 (uid: 1000 pid: 751) 
12-12 12:46:13.441   751   751 D LightsService: [SvcLED] setSvcLedStateLocked:: SvcLEDState : 0x0 -> 0x0 | SvcLED(id=4) set Off
12-12 12:46:13.441   751   976 D LightsService: [SvcLED] Lux failed to be updated in 700ms. -> handleForcedSvcLEDTasK
12-12 12:46:13.441   751   976 D LightsService: [SvcLED]  setSvcLedLightLocked :: Current SvcLED(id=3) maintains its priority right
12-12 12:46:13.441  1067  1067 D STATUSBAR-IconMerger: checkOverflow(504), More:false, Req:false Child:7
12-12 12:46:13.461  1067  1067 D STATUSBAR-IconMerger: checkOverflow(504), More:false, Req:false Child:6
12-12 12:46:13.521 12699 12982 D Aatp    : /task/048e46df1dbd3f12520cc157d4ec640434145038/status
12-12 12:46:13.681 12699 12983 D Aatp    : /rm-external-files
12-12 12:46:13.711 12699 12983 D Aatp    : sha1: 9dd161deee90e1bbe2bc6123b53eb89de73fc7c8
12-12 12:46:13.731 12699 12699 D AatpDeviceManager: taskStatus update (9dd161deee90e1bbe2bc6123b53eb89de73fc7c8: {"state":1})
12-12 12:46:13.741   751   751 W ContextImpl: Calling a method in the system process without a qualified user: android.app.ContextImpl.sendBroadcast:1505 com.android.server.StatusBarManagerService.sendNotification:985 com.android.server.StatusBarManagerService.addNotification:674 com.android.server.NotificationManagerService$7.run:2142 android.os.Handler.handleCallback:733 
12-12 12:46:13.751 12699 12983 D Aatp    : /task/9dd161deee90e1bbe2bc6123b53eb89de73fc7c8
12-12 12:46:13.751   751   751 D STATUSBAR-StatusBarManagerService: sendNotification(1) - 1096041554
12-12 12:46:13.761  1067  1067 D ProgressBar: setProgressDrawable drawableHeight = 0
12-12 12:46:13.771 12699 12984 D AatpDeviceManager: Wiping files from: /sdcard
12-12 12:46:13.771  1067  1067 D PhoneStatusBar: tick(): knoxCustomManager = android.app.enterprise.knoxcustom.KnoxCustomManager@44ef2f00
12-12 12:46:13.791  1067  1067 D STATUSBAR-IconMerger: checkOverflow(504), More:false, Req:false Child:7
12-12 12:46:13.841 12699 12984 D AatpDeviceManager: Wiping files from: /mnt/sdcard
12-12 12:46:13.841 12699 12984 D AatpDeviceManager: 0 files left!
12-12 12:46:13.841 12699 12699 D AatpDeviceManager: taskStatus update (9dd161deee90e1bbe2bc6123b53eb89de73fc7c8: {"result":[],"state":2})
12-12 12:46:13.841   751   751 D NotificationService: cancelNotificationLocked
12-12 12:46:13.841   751   751 D NotificationService:  hasClearableItems
12-12 12:46:13.841   751   751 D NotificationService: Num of hasClearableItems : 2
12-12 12:46:13.841   751   751 W ContextImpl: Calling a method in the system process without a qualified user: android.app.ContextImpl.sendBroadcast:1505 com.android.server.StatusBarManagerService.sendNotification:985 com.android.server.StatusBarManagerService.removeNotification:710 com.android.server.NotificationManagerService.cancelNotificationLocked:2454 com.android.server.NotificationManagerService.access$5100:160 
12-12 12:46:13.841   751   751 D STATUSBAR-StatusBarManagerService: sendNotification(3) - 1096041554
12-12 12:46:13.851   751   751 D LightsService: [api] [SvcLED] turnOff:: id = 4 (uid: 1000 pid: 751) 
12-12 12:46:13.851   751   751 D LightsService: [SvcLED] setSvcLedStateLocked:: SvcLEDState : 0x0 -> 0x0 | SvcLED(id=4) set Off
12-12 12:46:13.851   751   976 D LightsService: [SvcLED] Lux failed to be updated in 700ms. -> handleForcedSvcLEDTasK
12-12 12:46:13.851   751   976 D LightsService: [SvcLED]  setSvcLedLightLocked :: Current SvcLED(id=3) maintains its priority right
12-12 12:46:13.851  1067  1067 D STATUSBAR-IconMerger: checkOverflow(504), More:false, Req:false Child:6
12-12 12:46:13.901 12699 12985 D Aatp    : /task/9dd161deee90e1bbe2bc6123b53eb89de73fc7c8/status
12-12 12:46:14.281   255   255 E SMD     : DCD ON
12-12 12:46:14.641 12986 12986 D AndroidRuntime: 
12-12 12:46:14.641 12986 12986 D AndroidRuntime: >>>>>> AndroidRuntime START com.android.internal.os.RuntimeInit <<<<<<
12-12 12:46:14.651 12986 12986 D AndroidRuntime: CheckJNI is OFF
12-12 12:46:14.651 12986 12986 D AndroidRuntime: setted country_code = USA
12-12 12:46:14.651 12986 12986 D AndroidRuntime: setted countryiso_code = US
12-12 12:46:14.651 12986 12986 D AndroidRuntime: setted sales_code = TMB
12-12 12:46:14.651 12986 12986 D AndroidRuntime: readGMSProperty: start
12-12 12:46:14.651 12986 12986 D AndroidRuntime: readGMSProperty: already setted!!
12-12 12:46:14.651 12986 12986 D AndroidRuntime: readGMSProperty: end
12-12 12:46:14.651 12986 12986 D AndroidRuntime: addProductProperty: start
12-12 12:46:14.661 12986 12986 D dalvikvm: Trying to load lib libjavacore.so 0x0
12-12 12:46:14.671 12986 12986 D dalvikvm: Added shared lib libjavacore.so 0x0
12-12 12:46:14.671 12986 12986 D dalvikvm: Trying to load lib libnativehelper.so 0x0
12-12 12:46:14.671 12986 12986 D dalvikvm: Added shared lib libnativehelper.so 0x0
12-12 12:46:14.671 12986 12986 D dalvikvm: No JNI_OnLoad found in libnativehelper.so 0x0, skipping init
12-12 12:46:14.771 12986 12986 E memtrack: Couldn't load memtrack module (No such file or directory)
12-12 12:46:14.771 12986 12986 E android.os.Debug: failed to load memtrack module: -2
12-12 12:46:14.791 12986 12986 D dalvikvm: Note: class Landroid/app/ActivityManagerNative; has 192 unimplemented (abstract) methods
12-12 12:46:14.831 12986 12986 D AndroidRuntime: Calling main entry com.android.commands.pm.Pm
12-12 12:46:14.881   751  7404 V ApplicationPolicy: isApplicationStateBlocked userId 0 pkgname com.google.android.browser
12-12 12:46:14.881   751  7404 W ActivityManager: Invalid packageName: com.google.android.browser
12-12 12:46:14.891 12986 12986 D AndroidRuntime: Shutting down VM
12-12 12:46:14.901 12986 12991 D dalvikvm: GC_CONCURRENT freed 97K, 13% free 677K/776K, paused 1ms+1ms, total 11ms
12-12 12:46:15.761 12997 12997 D AndroidRuntime: 
12-12 12:46:15.761 12997 12997 D AndroidRuntime: >>>>>> AndroidRuntime START com.android.internal.os.RuntimeInit <<<<<<
12-12 12:46:15.771 12997 12997 D AndroidRuntime: CheckJNI is OFF
12-12 12:46:15.771 12997 12997 D AndroidRuntime: setted country_code = USA
12-12 12:46:15.771 12997 12997 D AndroidRuntime: setted countryiso_code = US
12-12 12:46:15.771 12997 12997 D AndroidRuntime: setted sales_code = TMB
12-12 12:46:15.771 12997 12997 D AndroidRuntime: readGMSProperty: start
12-12 12:46:15.771 12997 12997 D AndroidRuntime: readGMSProperty: already setted!!
12-12 12:46:15.771 12997 12997 D AndroidRuntime: readGMSProperty: end
12-12 12:46:15.771 12997 12997 D AndroidRuntime: addProductProperty: start
12-12 12:46:15.791 12997 12997 D dalvikvm: Trying to load lib libjavacore.so 0x0
12-12 12:46:15.791 12997 12997 D dalvikvm: Added shared lib libjavacore.so 0x0
12-12 12:46:15.791 12997 12997 D dalvikvm: Trying to load lib libnativehelper.so 0x0
12-12 12:46:15.791 12997 12997 D dalvikvm: Added shared lib libnativehelper.so 0x0
12-12 12:46:15.791 12997 12997 D dalvikvm: No JNI_OnLoad found in libnativehelper.so 0x0, skipping init
12-12 12:46:15.901 12997 12997 E memtrack: Couldn't load memtrack module (No such file or directory)
12-12 12:46:15.901 12997 12997 E android.os.Debug: failed to load memtrack module: -2
12-12 12:46:15.931 12997 12997 D dalvikvm: Note: class Landroid/app/ActivityManagerNative; has 192 unimplemented (abstract) methods
12-12 12:46:15.981 12997 12997 D AndroidRuntime: Calling main entry com.android.commands.pm.Pm
12-12 12:46:16.031   751  1160 V ApplicationPolicy: isApplicationStateBlocked userId 0 pkgname com.android.chrome
12-12 12:46:16.051   751  1160 D EnterpriseDeviceManager: ContainerId: 0
12-12 12:46:16.051   751  1160 V ApplicationPolicy: isApplicationStateBlocked userId 0 pkgname com.android.chrome
12-12 12:46:16.051   272   272 D keystore: calling clear_uid in state: 3
12-12 12:46:16.051   751  1160 D PackageManager: START CLEAR APPLICATION USER DATA: observer{1129646680}
12-12 12:46:16.051   751  1160 D PackageManager: pkg{<packageName>}
12-12 12:46:16.051   751  1160 D PackageManager: user{0}
12-12 12:46:16.051   751   958 D PackageManager: [MSG] CLEAR_APPLICATION_USER_DATA
12-12 12:46:16.071  1898  1898 D daemonapp: [MSC_Daemon]>>> AWDCDS:27 [0:0] AWD CD Act : androidintentactionPACKAGE_RESTARTED
12-12 12:46:16.111 13009 13009 I SELinux : Function: selinux_android_load_priority [0], There is no sepolicy file.
12-12 12:46:16.111 13009 13009 I SELinux :  
12-12 12:46:16.111  1308  1308 I PersonaManager: getPersonaService() name persona_policy
12-12 12:46:16.121  6840  6840 I GeofencerStateMachine: removeGeofences: removeRequest=RemoveGeofencingRequest[REMOVE_ALL packageName=com.android.chrome]
12-12 12:46:16.121   751   969 I ServiceKeeper: In getappinfo pid = 751 pkgName = android appinfo = null
12-12 12:46:16.131 13009 13009 I SELinux : Function: selinux_android_load_priority , spota verifySig and checkHash pass. priority version is VE=SEPF_SM-G900T_4.4.2_0055
12-12 12:46:16.131 13009 13009 I SELinux :  
12-12 12:46:16.131 13009 13009 I SELinux :  
12-12 12:46:16.131 13009 13009 I SELinux : selinux_android_seapp_context_reload: seapp_contexts file is loaded from /data/security/spota/seapp_contexts
12-12 12:46:16.141 13009 13009 E dalvikvm: >>>>> Normal User
12-12 12:46:16.141 13009 13009 E dalvikvm: >>>>> com.android.defcontainer [ userId:0 | appId:10008 ]
12-12 12:46:16.141   751   969 I ServiceKeeper: In getseinfo pid = 751 uid = 1000 seinfo= system
12-12 12:46:16.141   751   969 I ServiceKeeper: In getappinfo pid = 751 pkgName = android appinfo = null
12-12 12:46:16.151 13020 13020 I SELinux : Function: selinux_android_load_priority [0], There is no sepolicy file.
12-12 12:46:16.151 13020 13020 I SELinux :  
12-12 12:46:16.161   751   969 I ServiceKeeper: In getseinfo pid = 751 uid = 1000 seinfo= system
12-12 12:46:16.181 13020 13020 I SELinux : Function: selinux_android_load_priority , spota verifySig and checkHash pass. priority version is VE=SEPF_SM-G900T_4.4.2_0055
12-12 12:46:16.181 13020 13020 I SELinux :  
12-12 12:46:16.181 13020 13020 I SELinux :  
12-12 12:46:16.181 13020 13020 I SELinux : selinux_android_seapp_context_reload: seapp_contexts file is loaded from /data/security/spota/seapp_contexts
12-12 12:46:16.181 13020 13020 E dalvikvm: >>>>> Normal User
12-12 12:46:16.181 13020 13020 E dalvikvm: >>>>> com.android.documentsui [ userId:0 | appId:10101 ]
12-12 12:46:16.181   751  1444 I ActivityManager: Killing 11385:com.samsung.android.app.watchmanagerstub/u0a117 (adj 15): empty #31
12-12 12:46:16.181   751   958 D PackageManager: return delete result to caller: 1129646680
12-12 12:46:16.191 12997 12997 D AndroidRuntime: Shutting down VM
12-12 12:46:16.191 12997 13003 D dalvikvm: GC_CONCURRENT freed 97K, 13% free 677K/776K, paused 0ms+0ms, total 2ms
12-12 12:46:16.191   751   958 D PackageManager: returnCode: true
12-12 12:46:16.231 13020 13047 D Documents: Loading roots for com.android.externalstorage.documents
12-12 12:46:16.231   751  7404 I ActivityManager: Killing 5804:com.samsung.android.magazine.service/u0a124 (adj 15): empty #31
12-12 12:46:16.271 13048 13048 I SELinux : Function: selinux_android_load_priority [0], There is no sepolicy file.
12-12 12:46:16.271 13048 13048 I SELinux :  
12-12 12:46:16.291  1898  1898 D daemonapp: [MSC_Daemon]>>> AWDCDS:27 [0:0] AWD CD Act : androidintentactionPACKAGE_DATA_CLEARED
12-12 12:46:16.301 13048 13048 I SELinux : Function: selinux_android_load_priority , spota verifySig and checkHash pass. priority version is VE=SEPF_SM-G900T_4.4.2_0055
12-12 12:46:16.301 13048 13048 I SELinux :  
12-12 12:46:16.301 13048 13048 I SELinux :  
12-12 12:46:16.301 13048 13048 I SELinux : selinux_android_seapp_context_reload: seapp_contexts file is loaded from /data/security/spota/seapp_contexts
12-12 12:46:16.301 13048 13048 E dalvikvm: >>>>> Normal User
12-12 12:46:16.301 13048 13048 E dalvikvm: >>>>> com.android.externalstorage [ userId:0 | appId:10013 ]
12-12 12:46:16.331  8695 13062 D Wear_Controller: Received broadcast action=android.intent.action.PACKAGE_DATA_CLEARED and uri=com.android.chrome
12-12 12:46:16.331  8695 13063 I LocationSettingsChecker: Removing dialog suppression flag for package com.android.chrome
12-12 12:46:16.341   751   969 I ServiceKeeper: In getappinfo pid = 751 pkgName = android appinfo = null
12-12 12:46:16.341   751   969 I ServiceKeeper: In getseinfo pid = 751 uid = 1000 seinfo= system
12-12 12:46:16.341   751   969 I ServiceKeeper: In getappinfo pid = 751 pkgName = android appinfo = null
12-12 12:46:16.341   751   969 I ServiceKeeper: In getseinfo pid = 751 uid = 1000 seinfo= system
12-12 12:46:16.341   751   969 I ServiceKeeper: In getappinfo pid = 751 pkgName = android appinfo = null
12-12 12:46:16.341   751   969 I ServiceKeeper: In getseinfo pid = 751 uid = 1000 seinfo= system
12-12 12:46:16.351   751   969 I ServiceKeeper: In getappinfo pid = 751 pkgName = android appinfo = null
12-12 12:46:16.351   751   969 I ServiceKeeper: In getseinfo pid = 751 uid = 1000 seinfo= system
12-12 12:46:16.351   751   969 I ServiceKeeper: In getappinfo pid = 751 pkgName = android appinfo = null
12-12 12:46:16.351   751   969 I ServiceKeeper: In getseinfo pid = 751 uid = 1000 seinfo= system
12-12 12:46:16.351  8695  8773 I Icing   : doRemovePackageData com.android.chrome
12-12 12:46:16.351 13048 13048 D ExternalStorage: After updating volumes, found 1 active roots
12-12 12:46:16.361 13020 13020 D Documents: Updating roots due to change at content://com.android.externalstorage.documents/root
12-12 12:46:16.361 13020 13047 D Documents: Loading roots for com.android.providers.downloads.documents
12-12 12:46:16.371 13020 13047 D Documents: Loading roots for com.android.providers.media.documents
12-12 12:46:16.381 13020 13047 D Documents: Loading roots for com.google.android.apps.docs.storage
12-12 12:46:16.401 13020 13047 D Documents: Update found 6 roots in 175ms
12-12 12:46:16.411 13020 13077 D Documents: Loading roots for com.android.externalstorage.documents
12-12 12:46:16.411 13020 13077 D Documents: Used cached roots for com.android.providers.downloads.documents
12-12 12:46:16.411 13020 13077 D Documents: Used cached roots for com.android.providers.media.documents
12-12 12:46:16.411 13020 13077 D Documents: Loading roots for com.google.android.apps.docs.storage
12-12 12:46:16.421 13020 13077 D Documents: Update found 6 roots in 12ms
12-12 12:46:16.431   751   969 I ServiceKeeper: In getappinfo pid = 751 pkgName = android appinfo = null
12-12 12:46:16.431   751   969 I ServiceKeeper: In getseinfo pid = 751 uid = 1000 seinfo= system
12-12 12:46:16.431   751   969 I ServiceKeeper: In getappinfo pid = 751 pkgName = android appinfo = null
12-12 12:46:16.431   751   969 I ServiceKeeper: In getseinfo pid = 751 uid = 1000 seinfo= system
12-12 12:46:16.431   751   969 I ServiceKeeper: In getappinfo pid = 751 pkgName = android appinfo = null
12-12 12:46:16.431   751   969 I ServiceKeeper: In getseinfo pid = 751 uid = 1000 seinfo= system
12-12 12:46:16.431   751   969 I ServiceKeeper: In getappinfo pid = 751 pkgName = android appinfo = null
12-12 12:46:16.431   751   969 I ServiceKeeper: In getseinfo pid = 751 uid = 1000 seinfo= system
12-12 12:46:16.431   751   969 I ServiceKeeper: In getappinfo pid = 751 pkgName = android appinfo = null
12-12 12:46:16.431   751   969 I ServiceKeeper: In getseinfo pid = 751 uid = 1000 seinfo= system
12-12 12:46:17.101 13081 13081 D AndroidRuntime: 
12-12 12:46:17.101 13081 13081 D AndroidRuntime: >>>>>> AndroidRuntime START com.android.internal.os.RuntimeInit <<<<<<
12-12 12:46:17.101 13081 13081 D AndroidRuntime: CheckJNI is OFF
12-12 12:46:17.101 13081 13081 D AndroidRuntime: setted country_code = USA
12-12 12:46:17.101 13081 13081 D AndroidRuntime: setted countryiso_code = US
12-12 12:46:17.101 13081 13081 D AndroidRuntime: setted sales_code = TMB
12-12 12:46:17.111 13081 13081 D AndroidRuntime: readGMSProperty: start
12-12 12:46:17.111 13081 13081 D AndroidRuntime: readGMSProperty: already setted!!
12-12 12:46:17.111 13081 13081 D AndroidRuntime: readGMSProperty: end
12-12 12:46:17.111 13081 13081 D AndroidRuntime: addProductProperty: start
12-12 12:46:17.131 13081 13081 D dalvikvm: Trying to load lib libjavacore.so 0x0
12-12 12:46:17.131 13081 13081 D dalvikvm: Added shared lib libjavacore.so 0x0
12-12 12:46:17.131 13081 13081 D dalvikvm: Trying to load lib libnativehelper.so 0x0
12-12 12:46:17.131 13081 13081 D dalvikvm: Added shared lib libnativehelper.so 0x0
12-12 12:46:17.131 13081 13081 D dalvikvm: No JNI_OnLoad found in libnativehelper.so 0x0, skipping init
12-12 12:46:17.241 13081 13081 E memtrack: Couldn't load memtrack module (No such file or directory)
12-12 12:46:17.241 13081 13081 E android.os.Debug: failed to load memtrack module: -2
12-12 12:46:17.261 13081 13081 D dalvikvm: Note: class Landroid/app/ActivityManagerNative; has 192 unimplemented (abstract) methods
12-12 12:46:17.281   255   255 E SMD     : DCD ON
12-12 12:46:17.311 13081 13081 D AndroidRuntime: Calling main entry com.android.commands.pm.Pm
12-12 12:46:17.361   751  7404 V ApplicationPolicy: isApplicationStateBlocked userId 0 pkgname com.android.systemui
12-12 12:46:17.371   751  7404 D EnterpriseDeviceManager: ContainerId: 0
12-12 12:46:17.371   751  7404 V ApplicationPolicy: isApplicationStateBlocked userId 0 pkgname com.android.systemui
12-12 12:46:17.371   751  7404 D PackageManager: START CLEAR APPLICATION USER DATA: observer{1131608856}
12-12 12:46:17.371   751  7404 D PackageManager: pkg{<packageName>}
12-12 12:46:17.371   751  7404 D PackageManager: user{0}
12-12 12:46:17.371   751   958 D PackageManager: [MSG] CLEAR_APPLICATION_USER_DATA
12-12 12:46:17.381   272   272 D keystore: calling clear_uid in state: 3
12-12 12:46:17.381   751   941 W WallpaperService: SimStatusVerifyandroid
12-12 12:46:17.381   751   941 D WallpaperService: WallpaperManagerService->SimStatusVerify slot  currSimId 0
12-12 12:46:17.381   751   751 W ContextImpl: Calling a method in the system process without a qualified user: android.app.ContextImpl.sendBroadcast:1505 com.android.server.StatusBarManagerService.sendNotification:985 com.android.server.StatusBarManagerService.removeNotification:710 com.android.server.NotificationManagerService.cancelNotificationLocked:2454 com.android.server.NotificationManagerService.cancelAllNotificationsInt:2669 
12-12 12:46:17.381   751   941 W WallpaperService: Wallpaper uninstalled, removing: ComponentInfo{com.android.systemui/com.android.systemui.ImageWallpaper}
12-12 12:46:17.381   751   941 V WallpaperService: deleteWallpaperFile. simSlot : 0
12-12 12:46:17.381   751   941 V WallpaperService: bindWallpaperComponentLocked: componentName=null
12-12 12:46:17.381  1067  1067 D STATUSBAR-IconMerger: checkOverflow(504), More:false, Req:false Child:5
12-12 12:46:17.381   751   941 V WallpaperService: Use default component wallpaper:null
12-12 12:46:17.381   751   941 V WallpaperService: Using image wallpaper
12-12 12:46:17.391   751   941 V WallpaperService: Binding to:ComponentInfo{com.android.systemui/com.android.systemui.ImageWallpaper}
12-12 12:46:17.401  1898  1898 D daemonapp: [MSC_Daemon]>>> AWDCDS:27 [0:0] AWD CD Act : androidintentactionPACKAGE_RESTARTED
12-12 12:46:17.401  6840  6840 I GeofencerStateMachine: removeGeofences: removeRequest=RemoveGeofencingRequest[REMOVE_ALL packageName=com.android.systemui]
12-12 12:46:17.401  1308  1308 I PersonaManager: getPersonaService() name persona_policy
12-12 12:46:17.411   751   969 I ServiceKeeper: In getappinfo pid = 751 pkgName = android appinfo = null
12-12 12:46:17.411   751   969 I ServiceKeeper: In getseinfo pid = 751 uid = 1000 seinfo= system
12-12 12:46:17.411   751   969 I ServiceKeeper: In getappinfo pid = 751 pkgName = android appinfo = null
12-12 12:46:17.411   751   969 I ServiceKeeper: In getseinfo pid = 751 uid = 1000 seinfo= system
12-12 12:46:17.411 13020 13095 D Documents: Used cached roots for com.android.externalstorage.documents
12-12 12:46:17.411 13020 13095 D Documents: Used cached roots for com.android.providers.downloads.documents
12-12 12:46:17.411 13020 13095 D Documents: Used cached roots for com.android.providers.media.documents
12-12 12:46:17.411 13020 13095 D Documents: Loading roots for com.google.android.apps.docs.storage
12-12 12:46:17.411   751   751 D NotificationService: cancelNotificationLocked
12-12 12:46:17.411   751   751 D NotificationService:  hasClearableItems
12-12 12:46:17.411   751   751 D NotificationService: Num of hasClearableItems : 2
12-12 12:46:17.411   751   751 D STATUSBAR-StatusBarManagerService: sendNotification(3) - 5
12-12 12:46:17.421   751   751 D NotificationService:  Sending broadcast for cancel notification = StatusBarNotification(pkg=com.android.systemui user=UserHandle{-1} id=5 tag=null score=0: Notification(pri=0 icon=7f02009e contentView=com.android.systemui/0x109007f vibrate=null sound=null defaults=0x0 flags=0x2 when=0 ledARGB=0x0 contentIntent=Y deleteIntent=N contentTitle=4 contentText=38 tickerText=38 kind=[null]))
12-12 12:46:17.421   751   751 W ContextImpl: Calling a method in the system process without a qualified user: android.app.ContextImpl.sendBroadcast:1491 com.android.server.NotificationManagerService.cancelNotificationLocked:2532 com.android.server.NotificationManagerService.cancelAllNotificationsInt:2669 com.android.server.NotificationManagerService$6.onReceive:1316 android.app.LoadedApk$ReceiverDispatcher$Args.run:772 
12-12 12:46:17.431   751   941 V WallpaperService: Removing window token: android.os.Binder@44d208b0
12-12 12:46:17.431 13020 13095 D Documents: Update found 6 roots in 33ms
12-12 12:46:17.431  1067  1703 D KeyguardUpdateMonitor: sendKeyguardVisibilityChanged(true)
12-12 12:46:17.431   751   751 D NotificationService: cancelNotificationLocked
12-12 12:46:17.431   751   751 D NotificationService:  hasClearableItems
12-12 12:46:17.431   751   751 D NotificationService: Num of hasClearableItems : 2
12-12 12:46:17.431  1067  1067 D KeyguardUpdateMonitor: handleKeyguardVisibilityChanged(1)
12-12 12:46:17.431   751   751 W ContextImpl: Calling a method in the system process without a qualified user: android.app.ContextImpl.sendBroadcast:1505 com.android.server.StatusBarManagerService.sendNotification:985 com.android.server.StatusBarManagerService.removeNotification:710 com.android.server.NotificationManagerService.cancelNotificationLocked:2454 com.android.server.NotificationManagerService.cancelAllNotificationsInt:2669 
12-12 12:46:17.431   751   751 D STATUSBAR-StatusBarManagerService: sendNotification(3) - 273
12-12 12:46:17.431   751   941 V WallpaperService: Adding window token: android.os.Binder@44c0a260
12-12 12:46:17.441   751   751 D RCPManagerService: NotificationReceiver onReceive()
12-12 12:46:17.441   751   751 D RCPManagerService:  NotificationReceiver sbn.getPackageName() com.android.systemui sbn.getUser().getIdentifier() -1
12-12 12:46:17.441   751   751 I ServiceKeeper: In getappinfo pid = 751 pkgName = android appinfo = null
12-12 12:46:17.441   751   751 I ServiceKeeper: In getseinfo pid = 751 uid = 1000 seinfo= system
12-12 12:46:17.441   751   751 D RCPManagerService: getPolicy: Policy checking block entered for Notifications; for user/persona = -1 ; Policy = knox-sanitize-data ; token = 4294967296751
12-12 12:46:17.441   751   751 I ServiceKeeper: In getappinfo pid = 751 pkgName = android appinfo = null
12-12 12:46:17.441   751   751 D NotificationService:  Sending broadcast for cancel notification = StatusBarNotification(pkg=com.android.systemui user=UserHandle{0} id=273 tag=null score=0: Notification(pri=0 icon=7f020112 contentView=com.android.systemui/0x109007f vibrate=null sound=null defaults=0x0 flags=0x2 when=0 ledARGB=0x0 contentIntent=N deleteIntent=N contentTitle=16 contentText=16 tickerText=16 kind=[null]))
12-12 12:46:17.441   751   751 W ContextImpl: Calling a method in the system process without a qualified user: android.app.ContextImpl.sendBroadcast:1491 com.android.server.NotificationManagerService.cancelNotificationLocked:2532 com.android.server.NotificationManagerService.cancelAllNotificationsInt:2669 com.android.server.NotificationManagerService$6.onReceive:1316 android.app.LoadedApk$ReceiverDispatcher$Args.run:772 
12-12 12:46:17.441   751   751 D LightsService: [api] [SvcLED] turnOff:: id = 4 (uid: 1000 pid: 751) 
12-12 12:46:17.441   751   751 D LightsService: [SvcLED] setSvcLedStateLocked:: SvcLEDState : 0x0 -> 0x0 | SvcLED(id=4) set Off
12-12 12:46:17.441   751   976 D LightsService: [SvcLED] Lux failed to be updated in 700ms. -> handleForcedSvcLEDTasK
12-12 12:46:17.441   751   976 D LightsService: [SvcLED]  setSvcLedLightLocked :: Current SvcLED(id=3) maintains its priority right
12-12 12:46:17.441   751   751 V WallpaperService: saveSettingsLocked(true)
12-12 12:46:17.451   751   751 I ServiceKeeper: In getseinfo pid = 751 uid = 1000 seinfo= system
12-12 12:46:17.451   751   751 D RCPManagerService: getPolicy: policy value returned = false
12-12 12:46:17.451   751   751 D RCPManagerService: going to get the app label for pkg == com.android.systemui
12-12 12:46:17.451   751   751 D RCPManagerService: app label == com.android.systemui
12-12 12:46:17.451   751   751 D RCPManagerService:  NotificationReceiver ACTION_CANCEL_NOTIFICATION 
12-12 12:46:17.451   751   751 D RCPManagerService: NotificationReceiver onReceive()
12-12 12:46:17.451   261   261 I SurfaceFlinger: id=20 createSurf (1x1),2 flag=404, JmageWallpa
12-12 12:46:17.451   751   751 D RCPManagerService:  NotificationReceiver sbn.getPackageName() com.android.systemui sbn.getUser().getIdentifier() 0
12-12 12:46:17.451   751   751 I ServiceKeeper: In getappinfo pid = 751 pkgName = android appinfo = null
12-12 12:46:17.451   751   751 I ServiceKeeper: In getseinfo pid = 751 uid = 1000 seinfo= system
12-12 12:46:17.451   751   751 D RCPManagerService: getPolicy: Policy checking block entered for Notifications; for user/persona = 0 ; Policy = knox-sanitize-data ; token = 4294967296751
12-12 12:46:17.451   751   751 I ServiceKeeper: In getappinfo pid = 751 pkgName = android appinfo = null
12-12 12:46:17.451   751   751 I ServiceKeeper: In getseinfo pid = 751 uid = 1000 seinfo= system
12-12 12:46:17.451   751   751 D RCPManagerService: getPolicy: policy value returned = false
12-12 12:46:17.451   751   751 D RCPManagerService: going to get the app label for pkg == com.android.systemui
12-12 12:46:17.451  1067  1702 D KeyguardUpdateMonitor: sendKeyguardVisibilityChanged(true)
12-12 12:46:17.451   751   751 D UserManagerService: User -1does not exists!!
12-12 12:46:17.461   751   751 D RCPManagerService: app label == System UI
12-12 12:46:17.461   751   751 D RCPManagerService:  NotificationReceiver ACTION_CANCEL_NOTIFICATION 
12-12 12:46:17.461  1898  1898 D daemonapp: [MSC_Daemon]>>> AWDCDS:27 [0:0] AWD CD Act : androidintentactionPACKAGE_DATA_CLEARED
12-12 12:46:17.471  1067  5218 D KeyguardUpdateMonitor: sendKeyguardVisibilityChanged(true)
12-12 12:46:17.471  1067  1067 W WallpaperManager: peekWallpaperBitmapcom.android.systemui
12-12 12:46:17.471  1067  1067 W WallpaperManager: peekWallpaperBitmap: single sim
12-12 12:46:17.471  1067  1067 W WallpaperManager: peekWallpaperBitmap:mWallpaper is null
12-12 12:46:17.471   751   778 W WallpaperService: SimStatusVerifyandroid
12-12 12:46:17.471   751   778 D WallpaperService: WallpaperManagerService->SimStatusVerify slot  currSimId 0
12-12 12:46:17.471   751   778 V WallpaperService: callback register : android.app.IWallpaperManagerCallback$Stub$Proxy@439f1770
12-12 12:46:17.471   751   778 V WallpaperService: WallpaperManagerService  SimStatusFlag : 0 WALLPAPER_FILE:wallpaper is not existed
12-12 12:46:17.481  1067  1067 E File    : fail readDirectory() errno=2
12-12 12:46:17.481  1067  1067 E File    : fail readDirectory() errno=2
12-12 12:46:17.481   751   958 D PackageManager: return delete result to caller: 1131608856
12-12 12:46:17.481 13081 13081 D AndroidRuntime: Shutting down VM
12-12 12:46:17.481   751   958 D PackageManager: returnCode: true
12-12 12:46:17.491 13081 13089 D dalvikvm: GC_CONCURRENT freed 97K, 13% free 677K/776K, paused 1ms+0ms, total 2ms
12-12 12:46:17.501  8695 13065 D Wear_Controller: Received broadcast action=android.intent.action.PACKAGE_DATA_CLEARED and uri=com.android.systemui
12-12 12:46:17.501  8695 13063 I LocationSettingsChecker: Removing dialog suppression flag for package com.android.systemui
12-12 12:46:17.511   751   969 I ServiceKeeper: In getappinfo pid = 751 pkgName = android appinfo = null
12-12 12:46:17.511   751   969 I ServiceKeeper: In getseinfo pid = 751 uid = 1000 seinfo= system
12-12 12:46:17.521   751   969 I ServiceKeeper: In getappinfo pid = 751 pkgName = android appinfo = null
