12-12 12:46:06.801   751   956 W ContextImpl: Calling a method in the system process without a qualified user: android.app.ContextImpl.sendBroadcast:1505 com.android.server.am.AppStateBroadcaster.BroadcastAppState:128 com.android.server.am.AppStateBroadcaster.SendApplicationFocusGain:34 com.android.server.am.ActivityStack.resumeTopActivityLocked:2362 com.android.server.am.ActivityStackSupervisor.resumeTopActivitiesLocked:3313 
12-12 12:46:06.821 12699 12813 D Aatp    : /task/13afac22d4c35ac6ba71d29ce90b194050c0bbb3/status
12-12 12:46:06.821  1067  1703 D KeyguardUpdateMonitor: sendKeyguardVisibilityChanged(true)
12-12 12:46:06.821  1067  1067 D KeyguardUpdateMonitor: handleKeyguardVisibilityChanged(1)
12-12 12:46:06.821  1067  5218 D KeyguardUpdateMonitor: sendKeyguardVisibilityChanged(true)
12-12 12:46:06.821  1067  1067 D KeyguardUpdateMonitor: handleKeyguardVisibilityChanged(1)
12-12 12:46:06.821  1067  1702 D KeyguardUpdateMonitor: sendKeyguardVisibilityChanged(true)
12-12 12:46:06.821  1067  1067 D KeyguardUpdateMonitor: handleKeyguardVisibilityChanged(1)
12-12 12:46:06.821  1067  1082 D KeyguardUpdateMonitor: sendKeyguardVisibilityChanged(true)
12-12 12:46:06.821  1067  1067 D KeyguardUpdateMonitor: handleKeyguardVisibilityChanged(1)
12-12 12:46:06.831  1259  1259 D WfcActivityStateReceiver: onReceive(): packageName=com.sec.android.app.launcher, activityState=resume
12-12 12:46:06.831  1067  1131 D KeyguardUpdateMonitor: sendKeyguardVisibilityChanged(true)
12-12 12:46:06.831  1067  1067 D KeyguardUpdateMonitor: handleKeyguardVisibilityChanged(1)
12-12 12:46:06.831  1067  1067 D KeyguardUpdateMonitor: received broadcast android.media.RINGER_MODE_CHANGED
12-12 12:46:06.831  1067  1067 D KeyguardUpdateMonitor: handleRingerModeChange(0)
12-12 12:46:06.831   751  1046 V SmartFaceService - 3rd party pause: onReceive [android.intent.action.ACTIVITY_STATE/com.sec.android.app.launcher/resume]
12-12 12:46:06.841   751  1451 W PersonaManager: getPersonaIds()
12-12 12:46:06.851   751   751 D VolumePanel: change mode by MSG_RINGER_MODE_CHANGED
12-12 12:46:06.871  1067  1067 D skia    : GFXPNG PNG bitmap created width:168 height:168 bitmap id is 439 
12-12 12:46:06.871  1067  1082 D KeyguardUpdateMonitor: sendKeyguardVisibilityChanged(true)
12-12 12:46:06.881  1067  1703 D KeyguardUpdateMonitor: sendKeyguardVisibilityChanged(true)
12-12 12:46:06.881   751  7404 D skia    : GFXPNG PNG bitmap created width:18 height:18 bitmap id is 316 
12-12 12:46:06.881  1067  1067 D skia    : GFXPNG PNG bitmap created width:72 height:54 bitmap id is 440 
12-12 12:46:06.881   751  7404 D skia    : GFXPNG PNG bitmap created width:18 height:18 bitmap id is 317 
12-12 12:46:06.881   751  7404 D skia    : GFXPNG PNG bitmap created width:18 height:18 bitmap id is 318 
12-12 12:46:06.881   751  7404 D ProgressBar: setProgressDrawable drawableHeight = 18
12-12 12:46:06.881   751  7404 D ExtSeekBar: setProgress = 0
12-12 12:46:06.881   751  7404 D ExtSeekBar: setProgress = 0, fromUser = false, isEnableChangeColor() = false
12-12 12:46:06.881   751  7404 D ExtSeekBar: updateDrawable this.mThumb = null, msetDrawable = null, mOffsetThumb = 0
12-12 12:46:06.881   751  7404 D ExtSeekBar: updateDrawable getProgress() = 0, getMax() = 100GeneralUtil.isTablet() = false
12-12 12:46:06.881   751  7404 D ProgressBar: setProgressDrawable drawableHeight = 18
12-12 12:46:06.891  1328  1328 D Launcher: onResume, Launcher: 1119229832
12-12 12:46:06.891  1067  1067 D KeyguardUpdateMonitor: handleKeyguardVisibilityChanged(1)
12-12 12:46:06.891  1067  1067 D KeyguardUpdateMonitor: handleKeyguardVisibilityChanged(1)
12-12 12:46:06.891  1067  1067 D PhoneStatusBar: setSemiTransparentMode=false, mTransparentMode=false, mSemiTransparentMode=false, mMultiWindowMode=false
12-12 12:46:06.891  1328  1328 D Launcher.HomeView: onResume
12-12 12:46:06.891   751   777 D StatusBarManagerService: semi p:1328,o:f
12-12 12:46:06.901   751  7404 D skia    : GFXPNG PNG bitmap created width:90 height:90 bitmap id is 319 
12-12 12:46:06.901   751  7404 D skia    : GFXPNG PNG bitmap created width:90 height:90 bitmap id is 320 
12-12 12:46:06.901   751  7404 D skia    : GFXPNG PNG bitmap created width:90 height:90 bitmap id is 321 
12-12 12:46:06.901   751  7404 D skia    : GFXPNG PNG bitmap created width:90 height:90 bitmap id is 322 
12-12 12:46:06.931   751  7404 D AbsSeekBar: AbsSeekBar Constructor: misSeebarAnimationAvailable = true
12-12 12:46:06.931   751  7404 I ProgressBar: setExtSeekBar isExtSeekBar = true
12-12 12:46:06.931  1328  1328 D Launcher: setSystemUiTransparency.SettingNotFoundException : set as TRUE
12-12 12:46:06.931  1067  1067 D PhoneStatusBar: setTransGradationMode=true, mTransparentMode=true, mSemiTransparentMode=false, mMultiWindowMode=false
12-12 12:46:06.931  1067  1702 D KeyguardUpdateMonitor: sendKeyguardVisibilityChanged(true)
12-12 12:46:06.931   751  1462 D StatusBarManagerService: tr p:1328,o:t
12-12 12:46:06.941  1328  1328 D MenuAppsGridFragment: onResume
12-12 12:46:06.941  1744  1744 I MultiWindowTrayService: mHomeResumeReceiver : onReceive
12-12 12:46:06.941   751  7404 D skia    : GFXPNG PNG bitmap created width:3 height:2 bitmap id is 323 
12-12 12:46:06.941   751  7404 D skia    : GFXPNG PNG bitmap created width:96 height:96 bitmap id is 324 
12-12 12:46:06.951 12022 12022 D Mms/UIEventReceiver: ui event
12-12 12:46:06.951  1744  1744 I Sally Service: removeWindow window
12-12 12:46:06.951  1067  1131 D KeyguardUpdateMonitor: sendKeyguardVisibilityChanged(true)
12-12 12:46:06.951  1328  1328 D WallpaperManager: SEC_PRODUCT_FEATURE_COMMON_ENABLE_TEXTURE_COMPRESSION is true
12-12 12:46:06.951  1067  1067 D KeyguardUpdateMonitor: handleKeyguardVisibilityChanged(1)
12-12 12:46:06.951  1328  1328 D WallpaperManager: SEC_PRODUCT_FEATURE_COMMON_ENABLE_TEXTURE_COMPRESSION is true
12-12 12:46:06.961  1304  1304 D CallNotifier: stopRing()... (silenceRinger)
12-12 12:46:06.961  1304  1304 D Ringer  : stopRing()...
12-12 12:46:06.961  1328  1328 D WallpaperManager: SEC_PRODUCT_FEATURE_COMMON_ENABLE_TEXTURE_COMPRESSION is true
12-12 12:46:06.961   751  7404 D ProgressBar: setProgressDrawable drawableHeight = 18
12-12 12:46:06.961   751  7404 D ExtSeekBar: setProgress = 0
12-12 12:46:06.961   751  7404 D ExtSeekBar: setProgress = 0, fromUser = false, isEnableChangeColor() = false
12-12 12:46:06.961   751  7404 D ExtSeekBar: updateDrawable this.mThumb = null, msetDrawable = null, mOffsetThumb = 0
12-12 12:46:06.961   751  7404 D ExtSeekBar: updateDrawable getProgress() = 0, getMax() = 100GeneralUtil.isTablet() = false
12-12 12:46:06.961   751  7404 D ProgressBar: setProgressDrawable drawableHeight = 18
12-12 12:46:06.961  1304  1304 D Ringer  : - stopRing: null mRingHandler!
12-12 12:46:06.961  1304  1304 V Vibrator: Called cancel() API - PUID: 1001, PackageName: com.android.phone
12-12 12:46:06.961   751  7404 D AbsSeekBar: AbsSeekBar Constructor: misSeebarAnimationAvailable = true
12-12 12:46:06.961   751  7404 I ProgressBar: setExtSeekBar isExtSeekBar = true
12-12 12:46:06.961   751   777 D PowerManagerService: [api] setAttentionLight: on: false color: 0 (uid: 1001 pid: 1304)
12-12 12:46:06.971   751  7404 D skia    : GFXPNG PNG bitmap created width:96 height:96 bitmap id is 325 
12-12 12:46:06.971  1304  1304 W Vibrator: Vibrator.cancel()
12-12 12:46:06.971  1067  1067 D KeyguardUpdateMonitor: handleKeyguardVisibilityChanged(1)
12-12 12:46:06.971   751  7404 D ProgressBar: setProgressDrawable drawableHeight = 18
12-12 12:46:06.971   751  7404 D ExtSeekBar: setProgress = 0
12-12 12:46:06.971   751  7404 D ExtSeekBar: setProgress = 0, fromUser = false, isEnableChangeColor() = false
12-12 12:46:06.971   751  7404 D ExtSeekBar: updateDrawable this.mThumb = null, msetDrawable = null, mOffsetThumb = 0
12-12 12:46:06.971   751  7404 D ExtSeekBar: updateDrawable getProgress() = 0, getMax() = 100GeneralUtil.isTablet() = false
12-12 12:46:06.971   751  7404 D ProgressBar: setProgressDrawable drawableHeight = 18
12-12 12:46:06.971   751  7404 D AbsSeekBar: AbsSeekBar Constructor: misSeebarAnimationAvailable = true
12-12 12:46:06.971   751  7404 I ProgressBar: setExtSeekBar isExtSeekBar = true
12-12 12:46:06.971   751  7404 D skia    : GFXPNG PNG bitmap created width:96 height:96 bitmap id is 326 
12-12 12:46:06.971   751  1030 D VibratorService: ImmVibe vibratorOff()
12-12 12:46:06.981   751  7404 D ProgressBar: setProgressDrawable drawableHeight = 18
12-12 12:46:06.981   751  7404 D ExtSeekBar: setProgress = 0
12-12 12:46:06.981   751  7404 D ExtSeekBar: setProgress = 0, fromUser = false, isEnableChangeColor() = false
12-12 12:46:06.981   751  7404 D ExtSeekBar: updateDrawable this.mThumb = null, msetDrawable = null, mOffsetThumb = 0
12-12 12:46:06.981   751  7404 D ExtSeekBar: updateDrawable getProgress() = 0, getMax() = 100GeneralUtil.isTablet() = false
12-12 12:46:06.981   751  7404 D ProgressBar: setProgressDrawable drawableHeight = 18
12-12 12:46:06.981   751  7404 D AbsSeekBar: AbsSeekBar Constructor: misSeebarAnimationAvailable = true
12-12 12:46:06.981 12818 12818 I SELinux : Function: selinux_android_load_priority [0], There is no sepolicy file.
12-12 12:46:06.981 12818 12818 I SELinux :  
12-12 12:46:06.981   751  7404 I ProgressBar: setExtSeekBar isExtSeekBar = true
12-12 12:46:06.981   751  7404 D skia    : GFXPNG PNG bitmap created width:96 height:96 bitmap id is 327 
12-12 12:46:06.991   751  1160 D ActivityManager: resume name com.sec.android.app.launcher/com.android.launcher2.Launcher
12-12 12:46:06.991   751  1160 I ServiceKeeper: In getappinfo pid = 751 pkgName = android appinfo = null
12-12 12:46:06.991   751  1160 I ServiceKeeper: In getseinfo pid = 751 uid = 1000 seinfo= system
12-12 12:46:07.001  1328  1328 D Launcher: setSystemUiTransparency.SettingNotFoundException : set as TRUE
12-12 12:46:07.001  1328  1328 D AbsListView: unregisterIRListener() is called 
12-12 12:46:07.001   751  4314 D StatusBarManagerService: tr p:1328,o:t
12-12 12:46:07.001   751  7404 D ProgressBar: setProgressDrawable drawableHeight = 18
12-12 12:46:07.001   751  7404 D ExtSeekBar: setProgress = 0
12-12 12:46:07.001   751  7404 D ExtSeekBar: setProgress = 0, fromUser = false, isEnableChangeColor() = false
12-12 12:46:07.001   751  7404 D ExtSeekBar: updateDrawable this.mThumb = null, msetDrawable = null, mOffsetThumb = 0
12-12 12:46:07.001   751  7404 D ExtSeekBar: updateDrawable getProgress() = 0, getMax() = 100GeneralUtil.isTablet() = false
12-12 12:46:07.001   751  7404 D ProgressBar: setProgressDrawable drawableHeight = 18
12-12 12:46:07.011   262   262 D dalvikvm: GC_EXPLICIT freed 44K, 39% free 16810K/27140K, paused 1ms+1ms, total 23ms
12-12 12:46:07.011  1067  1067 D PhoneStatusBar: setTransGradationMode=true, mTransparentMode=true, mSemiTransparentMode=false, mMultiWindowMode=false
12-12 12:46:07.011 12818 12818 I SELinux : Function: selinux_android_load_priority , spota verifySig and checkHash pass. priority version is VE=SEPF_SM-G900T_4.4.2_0055
12-12 12:46:07.011 12818 12818 I SELinux :  
12-12 12:46:07.011 12818 12818 I SELinux :  
12-12 12:46:07.011 12818 12818 I SELinux : selinux_android_seapp_context_reload: seapp_contexts file is loaded from /data/security/spota/seapp_contexts
12-12 12:46:07.021 12818 12818 E dalvikvm: >>>>> Normal User
12-12 12:46:07.021 12818 12818 E dalvikvm: >>>>> com.sec.android.app.clockpackage [ userId:0 | appId:10096 ]
12-12 12:46:07.021  1067  1082 D KeyguardUpdateMonitor: sendKeyguardVisibilityChanged(true)
12-12 12:46:07.021   262   262 D dalvikvm: GC_EXPLICIT freed <1K, 39% free 16810K/27140K, paused 1ms+1ms, total 18ms
12-12 12:46:07.041   262   262 D dalvikvm: GC_EXPLICIT freed <1K, 39% free 16810K/27140K, paused 2ms+1ms, total 17ms
12-12 12:46:07.041  1067  1067 D KeyguardUpdateMonitor: handleKeyguardVisibilityChanged(1)
12-12 12:46:07.041   751  7404 D AbsSeekBar: AbsSeekBar Constructor: misSeebarAnimationAvailable = true
12-12 12:46:07.041   751  7404 I ProgressBar: setExtSeekBar isExtSeekBar = true
12-12 12:46:07.041  1067  1081 D KeyguardUpdateMonitor: sendKeyguardVisibilityChanged(true)
12-12 12:46:07.041   751 12829 W ContextImpl: Calling a method in the system process without a qualified user: android.app.ContextImpl.sendBroadcast:1491 com.android.server.InputMethodManagerService$4.run:2827 java.lang.Thread.run:841 <bottom of call stack> <bottom of call stack> 
12-12 12:46:07.051  1067  1067 D KeyguardUpdateMonitor: handleKeyguardVisibilityChanged(1)
12-12 12:46:07.061  1067  1702 D KeyguardUpdateMonitor: sendKeyguardVisibilityChanged(true)
12-12 12:46:07.061   751  7404 D ProgressBar: setProgressDrawable drawableHeight = 18
12-12 12:46:07.061   751  7404 D ExtSeekBar: setProgress = 0
12-12 12:46:07.061   751  7404 D ExtSeekBar: setProgress = 0, fromUser = false, isEnableChangeColor() = false
12-12 12:46:07.061   751  7404 D ExtSeekBar: updateDrawable this.mThumb = null, msetDrawable = null, mOffsetThumb = 0
12-12 12:46:07.061   751  7404 D ExtSeekBar: updateDrawable getProgress() = 0, getMax() = 100GeneralUtil.isTablet() = false
12-12 12:46:07.061   751  7404 D ProgressBar: setProgressDrawable drawableHeight = 18
12-12 12:46:07.061   751  7404 D AbsSeekBar: AbsSeekBar Constructor: misSeebarAnimationAvailable = true
12-12 12:46:07.061   751  7404 I ProgressBar: setExtSeekBar isExtSeekBar = true
12-12 12:46:07.071   751  7404 D skia    : GFXPNG PNG bitmap created width:96 height:96 bitmap id is 328 
12-12 12:46:07.071  1067  1067 D KeyguardUpdateMonitor: handleKeyguardVisibilityChanged(1)
12-12 12:46:07.071   751  7404 D ProgressBar: setProgressDrawable drawableHeight = 18
12-12 12:46:07.071   751  7404 D ExtSeekBar: setProgress = 0
12-12 12:46:07.071   751  7404 D ExtSeekBar: setProgress = 0, fromUser = false, isEnableChangeColor() = false
12-12 12:46:07.071   751  7404 D ExtSeekBar: updateDrawable this.mThumb = null, msetDrawable = null, mOffsetThumb = 0
12-12 12:46:07.071   751  7404 D ExtSeekBar: updateDrawable getProgress() = 0, getMax() = 100GeneralUtil.isTablet() = false
12-12 12:46:07.071   751  7404 D ProgressBar: setProgressDrawable drawableHeight = 18
12-12 12:46:07.071   751   969 I ServiceKeeper: In getappinfo pid = 751 pkgName = android appinfo = null
12-12 12:46:07.071   751   969 I ServiceKeeper: In getseinfo pid = 751 uid = 1000 seinfo= system
12-12 12:46:07.081   751  7404 D AbsSeekBar: AbsSeekBar Constructor: misSeebarAnimationAvailable = true
12-12 12:46:07.081   751  7404 I ProgressBar: setExtSeekBar isExtSeekBar = true
12-12 12:46:07.081  1067  1703 D LockPatternUtils: isPcwEnable = null
12-12 12:46:07.091  1067  5218 D KeyguardUpdateMonitor: sendKeyguardVisibilityChanged(true)
12-12 12:46:07.091   751  7404 D ProgressBar: setProgressDrawable drawableHeight = 18
12-12 12:46:07.091   261   488 I SurfaceFlinger: id=19 Removed CatteryCove (11/14)
12-12 12:46:07.091   261   486 I SurfaceFlinger: id=19 Removed CatteryCove (-2/14)
12-12 12:46:07.091   751  7404 D ExtSeekBar: setProgress = 0
12-12 12:46:07.091   751  7404 D ExtSeekBar: setProgress = 0, fromUser = false, isEnableChangeColor() = false
12-12 12:46:07.091   751  7404 D ExtSeekBar: updateDrawable this.mThumb = null, msetDrawable = null, mOffsetThumb = 0
12-12 12:46:07.091   751  7404 D ExtSeekBar: updateDrawable getProgress() = 0, getMax() = 100GeneralUtil.isTablet() = false
12-12 12:46:07.091   751  7404 D ProgressBar: setProgressDrawable drawableHeight = 18
12-12 12:46:07.091   751  7404 D AbsSeekBar: AbsSeekBar Constructor: misSeebarAnimationAvailable = true
12-12 12:46:07.091  1067  1702 D KeyguardUpdateMonitor: sendKeyguardVisibilityChanged(true)
12-12 12:46:07.091   751  7404 I ProgressBar: setExtSeekBar isExtSeekBar = true
12-12 12:46:07.091   751  7404 D skia    : GFXPNG PNG bitmap created width:96 height:96 bitmap id is 329 
12-12 12:46:07.101   751  7404 D ProgressBar: setProgressDrawable drawableHeight = 18
12-12 12:46:07.101   751  7404 D ExtSeekBar: setProgress = 0
12-12 12:46:07.101   751  7404 D ExtSeekBar: setProgress = 0, fromUser = false, isEnableChangeColor() = false
12-12 12:46:07.101   751  7404 D ExtSeekBar: updateDrawable this.mThumb = null, msetDrawable = null, mOffsetThumb = 0
12-12 12:46:07.101   751  7404 D ExtSeekBar: updateDrawable getProgress() = 0, getMax() = 100GeneralUtil.isTablet() = false
12-12 12:46:07.101   751  7404 D ProgressBar: setProgressDrawable drawableHeight = 18
12-12 12:46:07.101   751  7404 D AbsSeekBar: AbsSeekBar Constructor: misSeebarAnimationAvailable = true
12-12 12:46:07.101   751  7404 I ProgressBar: setExtSeekBar isExtSeekBar = true
12-12 12:46:07.111   751  7228 I AudioService: getStreamVolume 3 index 0
12-12 12:46:07.111  1067  1067 D KeyguardUpdateMonitor: handleKeyguardVisibilityChanged(1)
12-12 12:46:07.111  1067  1067 D KeyguardUpdateMonitor: handleKeyguardVisibilityChanged(1)
12-12 12:46:07.111  1067  1081 D KeyguardUpdateMonitor: sendKeyguardVisibilityChanged(true)
12-12 12:46:07.111   751  7404 D ProgressBar: setProgressDrawable drawableHeight = 18
12-12 12:46:07.111   751  7404 D ExtSeekBar: setProgress = 0
12-12 12:46:07.111   751  7404 D ExtSeekBar: setProgress = 0, fromUser = false, isEnableChangeColor() = false
12-12 12:46:07.111   751  7404 D ExtSeekBar: updateDrawable this.mThumb = null, msetDrawable = null, mOffsetThumb = 0
12-12 12:46:07.111   751  7404 D ExtSeekBar: updateDrawable getProgress() = 0, getMax() = 100GeneralUtil.isTablet() = false
12-12 12:46:07.111   751  7404 D ProgressBar: setProgressDrawable drawableHeight = 18
12-12 12:46:07.111   751  1443 I AudioService: getStreamVolume 3 index 0
12-12 12:46:07.111   751  7404 D AbsSeekBar: AbsSeekBar Constructor: misSeebarAnimationAvailable = true
12-12 12:46:07.111   751  7404 I ProgressBar: setExtSeekBar isExtSeekBar = true
12-12 12:46:07.121  1519  1519 I VS.Container: create_recognizer
12-12 12:46:07.121  1067  1067 D KeyguardUpdateMonitor: handleKeyguardVisibilityChanged(1)
12-12 12:46:07.121   751  7404 D ProgressBar: setProgressDrawable drawableHeight = 18
12-12 12:46:07.121   751  7404 D ExtSeekBar: setProgress = 0
12-12 12:46:07.121   751  7404 D ExtSeekBar: setProgress = 0, fromUser = false, isEnableChangeColor() = false
12-12 12:46:07.121   751  7404 D ExtSeekBar: updateDrawable this.mThumb = null, msetDrawable = null, mOffsetThumb = 0
12-12 12:46:07.121  1067  1703 D KeyguardUpdateMonitor: sendKeyguardVisibilityChanged(true)
12-12 12:46:07.121   751  7404 D ExtSeekBar: updateDrawable getProgress() = 0, getMax() = 100GeneralUtil.isTablet() = false
12-12 12:46:07.121   751  7404 D ProgressBar: setProgressDrawable drawableHeight = 18
12-12 12:46:07.121   751  7404 D AbsSeekBar: AbsSeekBar Constructor: misSeebarAnimationAvailable = true
12-12 12:46:07.131   751  7404 I ProgressBar: setExtSeekBar isExtSeekBar = true
12-12 12:46:07.131   751  7404 D skia    : GFXPNG PNG bitmap created width:96 height:96 bitmap id is 330 
12-12 12:46:07.131   751   751 D VolumePanel: change volume by MSG_VOLUME_CHANGED
12-12 12:46:07.131   751   751 D VolumePanel: onVolumeChanged(streamType: 1, flags: 0)
12-12 12:46:07.141  1067  1067 D KeyguardUpdateMonitor: handleKeyguardVisibilityChanged(1)
12-12 12:46:07.141   751   751 D VolumePanel: change volume by MSG_VOLUME_CHANGED
12-12 12:46:07.141   751   751 D VolumePanel: onVolumeChanged(streamType: 5, flags: 0)
12-12 12:46:07.141  1067  1081 D KeyguardUpdateMonitor: sendKeyguardVisibilityChanged(true)
12-12 12:46:07.141   751   751 D VolumePanel: change volume by MSG_VOLUME_CHANGED
12-12 12:46:07.141   751   751 D VolumePanel: onVolumeChanged(streamType: 4, flags: 0)
12-12 12:46:07.141   751   778 I AudioService: setRingerMode is called by pid: 12699, uid=10812
12-12 12:46:07.141   751   778 I AudioService: Ringer mode : vibrate
12-12 12:46:07.141   751  1023 V Vibrator: Called vibrateCall() API - PUID: 1000, PackageName: android, type: 12
12-12 12:46:07.141   751   751 D VolumePanel: change volume by MSG_VOLUME_CHANGED
12-12 12:46:07.141   751   751 D VolumePanel: onVolumeChanged(streamType: 2, flags: 0)
12-12 12:46:07.141   751   751 D VolumePanel: change mode by MSG_RINGER_MODE_CHANGED
12-12 12:46:07.151   751   751 D VolumePanel: change volume by MSG_VOLUME_CHANGED
12-12 12:46:07.151   751   751 D VolumePanel: onVolumeChanged(streamType: 3, flags: 0)
12-12 12:46:07.151  1067  1067 D KeyguardUpdateMonitor: handleKeyguardVisibilityChanged(1)
12-12 12:46:07.151  1067  1067 D KeyguardUpdateMonitor: received broadcast android.media.RINGER_MODE_CHANGED
12-12 12:46:07.151 12699 12802 I AWSDeviceFarmAndroidLib: Creating /data/data/com.amazon.aatp.aatpdevicemanager/app_logs
12-12 12:46:07.151 12699 12699 D AatpDeviceManager: taskStatus update (13afac22d4c35ac6ba71d29ce90b194050c0bbb3: {"result":"Device woken.","state":2})
12-12 12:46:07.151  1067  1067 D KeyguardUpdateMonitor: handleRingerModeChange(1)
12-12 12:46:07.151   751  1023 V VibratorService: Called vibrateCall()!
12-12 12:46:07.151   751  1023 D VibratorService: ImmVibe vibratorOff()
12-12 12:46:07.151   751  1023 V VibratorService: vibrateImmVibe - package: android, type: 12, magnitude: 10000
12-12 12:46:07.181  1067  1082 D KeyguardUpdateMonitor: sendKeyguardVisibilityChanged(true)
12-12 12:46:07.181  1067  1067 D KeyguardUpdateMonitor: handleKeyguardVisibilityChanged(1)
12-12 12:46:07.181  1067  5218 D KeyguardUpdateMonitor: sendKeyguardVisibilityChanged(true)
12-12 12:46:07.181  1067  1067 D KeyguardUpdateMonitor: handleKeyguardVisibilityChanged(1)
12-12 12:46:07.181   261  1176 I SurfaceFlinger: id=15 Removed EimLayer (5/13)
12-12 12:46:07.181   261   486 I SurfaceFlinger: id=14 Removed EimLayer (4/12)
12-12 12:46:07.181   261   486 I SurfaceFlinger: id=15 Removed EimLayer (-2/12)
12-12 12:46:07.181   261   486 I SurfaceFlinger: id=14 Removed EimLayer (-2/12)
12-12 12:46:07.181  1067  1703 D KeyguardUpdateMonitor: sendKeyguardVisibilityChanged(true)
12-12 12:46:07.181  1067  1067 D KeyguardUpdateMonitor: handleKeyguardVisibilityChanged(1)
12-12 12:46:07.201   751   751 W ContextImpl: Calling a method in the system process without a qualified user: android.app.ContextImpl.sendBroadcast:1505 com.android.server.StatusBarManagerService.sendNotification:985 com.android.server.StatusBarManagerService.removeNotification:710 com.android.server.NotificationManagerService.cancelNotificationLocked:2454 com.android.server.NotificationManagerService.access$5100:160 
12-12 12:46:07.201  1067  5218 D KeyguardUpdateMonitor: sendKeyguardVisibilityChanged(true)
12-12 12:46:07.201   751   751 D NotificationService: cancelNotificationLocked
12-12 12:46:07.201   751   751 D NotificationService:  hasClearableItems
12-12 12:46:07.201   751   751 D NotificationService: Num of hasClearableItems : 2
12-12 12:46:07.201   261  1175 I SurfaceFlinger: id=16 Removed CatteryCove (8/11)
12-12 12:46:07.201   261   486 I SurfaceFlinger: id=16 Removed CatteryCove (-2/11)
12-12 12:46:07.201  1067  1067 D KeyguardUpdateMonitor: handleKeyguardVisibilityChanged(1)
12-12 12:46:07.201  1067  1702 D KeyguardUpdateMonitor: sendKeyguardVisibilityChanged(true)
12-12 12:46:07.201   751   751 D STATUSBAR-StatusBarManagerService: sendNotification(3) - 1096041550
12-12 12:46:07.201   751   751 D LightsService: [api] [SvcLED] turnOff:: id = 4 (uid: 1000 pid: 751) 
12-12 12:46:07.201   751   751 D LightsService: [SvcLED] setSvcLedStateLocked:: SvcLEDState : 0x0 -> 0x0 | SvcLED(id=4) set Off
12-12 12:46:07.201   751   976 D LightsService: [SvcLED] Lux failed to be updated in 700ms. -> handleForcedSvcLEDTasK
12-12 12:46:07.201   751   976 D LightsService: [SvcLED]  setSvcLedLightLocked :: Current SvcLED(id=3) maintains its priority right
12-12 12:46:07.211  1519  1519 W ErrorReporter: reportError [type: 29, code: 917507]: null
12-12 12:46:07.221  1067  1067 D KeyguardUpdateMonitor: handleKeyguardVisibilityChanged(1)
12-12 12:46:07.221  1067  1067 D STATUSBAR-IconMerger: checkOverflow(504), More:false, Req:false Child:6
12-12 12:46:07.231   751   940 D CustomFrequencyManagerService: releaseDVFSLockLocked : Getting Lock type frm List : DVFS_MIN_LIMIT  frequency : 1958400  uid : 1000  pid : 751  tag : ACTIVITY_RESUME_BOOSTER@6
12-12 12:46:07.231   751   940 W ActivityManager: mDVFSHelper.release()
12-12 12:46:07.231 12834 12834 I SELinux : Function: selinux_android_load_priority [0], There is no sepolicy file.
12-12 12:46:07.231 12834 12834 I SELinux :  
12-12 12:46:07.231   751   940 D CustomFrequencyManagerService: acquireDVFSLockLocked : type : DVFS_MIN_LIMIT  frequency : 1958400  uid : 1000  pid : 751  pkgName : ACTIVITY_RESUME_BOOSTER@9
12-12 12:46:07.231   751  1451 I ActivityManager: Killing 11939:com.android.keychain/1000 (adj 15): empty #31
12-12 12:46:07.241  1519  1527 D dalvikvm: GC_CONCURRENT freed 2457K, 31% free 18885K/27140K, paused 3ms+2ms, total 34ms
12-12 12:46:07.241  1519 12833 D dalvikvm: WAIT_FOR_CONCURRENT_GC blocked 15ms
12-12 12:46:07.261  1328  1328 D skia    : GFXPNG PNG bitmap created width:72 height:72 bitmap id is 545 
12-12 12:46:07.261 12834 12834 I SELinux : Function: selinux_android_load_priority , spota verifySig and checkHash pass. priority version is VE=SEPF_SM-G900T_4.4.2_0055
12-12 12:46:07.261 12834 12834 I SELinux :  
12-12 12:46:07.261 12834 12834 I SELinux :  
12-12 12:46:07.261 12834 12834 I SELinux : selinux_android_seapp_context_reload: seapp_contexts file is loaded from /data/security/spota/seapp_contexts
12-12 12:46:07.261 12834 12834 E dalvikvm: >>>>> Normal User
12-12 12:46:07.261 12834 12834 E dalvikvm: >>>>> com.sec.android.widgetapp.digitalclock [ userId:0 | appId:10098 ]
12-12 12:46:07.271  1519 12846 D dalvikvm: Trying to load lib /data/app-lib/com.google.android.googlequicksearchbox-1/libgoogle_speech_micro_jni.so 0x42a73230
12-12 12:46:07.281  1519 12846 D dalvikvm: Added shared lib /data/app-lib/com.google.android.googlequicksearchbox-1/libgoogle_speech_micro_jni.so 0x42a73230
12-12 12:46:07.281  1519 12846 D dalvikvm: No JNI_OnLoad found in /data/app-lib/com.google.android.googlequicksearchbox-1/libgoogle_speech_micro_jni.so 0x42a73230, skipping init
12-12 12:46:07.291  1519 12848 I HotwordRecognitionRnr: Starting hotword detection.
12-12 12:46:07.301  1519 12849 I MicrophoneInputStream: mic_starting com.google.android.apps.gsa.speech.audio.t@42a75198
12-12 12:46:07.301   264  1028 V AudioPolicyManagerBase: getDeviceForInputSource()input source 1999, device 80000004
12-12 12:46:07.301   264  1028 V AudioPolicyManagerBase: getInput() inputSource 1999, samplingRate 16000, format 1, channelMask 10, acoustics 0
12-12 12:46:07.301   264  1028 V audio_hw_primary: adev_open_input_stream: enter
12-12 12:46:07.301   264  1028 E audio_hw_primary: can not make /data/snd/hal_input.pcm 
12-12 12:46:07.301   264  1028 E audio_hw_primary: can not make /data/snd/hal_input_before_ns.pcm 
12-12 12:46:07.301   264  1028 E audio_hw_primary: can not make /data/snd/hal_input_after_ns.pcm 
12-12 12:46:07.301   264  1028 V audio_hw_primary: adev_open_input_stream: exit
12-12 12:46:07.301   264 12850 V audio_hw_primary: in_standby: enter
12-12 12:46:07.301   264 12850 V audio_hw_primary: in_standby: exit:  status(0)
12-12 12:46:07.301   751   969 I ServiceKeeper: In getappinfo pid = 751 pkgName = android appinfo = null
12-12 12:46:07.301   751   969 I ServiceKeeper: In getseinfo pid = 751 uid = 1000 seinfo= system
12-12 12:46:07.301   264 12850 V audio_hw_primary: in_standby: enter
12-12 12:46:07.301   264 12850 V audio_hw_primary: in_standby: exit:  status(0)
12-12 12:46:07.301   751  1462 I EDMNativeHelperService: isMicrophoneEnabled
12-12 12:46:07.301   751  1462 W EDMNativeHelper: isMicrophoneEnabled : get policy
12-12 12:46:07.301   751   969 I ServiceKeeper: In getappinfo pid = 751 pkgName = android appinfo = null
12-12 12:46:07.301   751   969 I ServiceKeeper: In getseinfo pid = 751 uid = 1000 seinfo= system
12-12 12:46:07.311   264   885 V AudioPolicyManagerBase: startInput() input 19
12-12 12:46:07.311   264   885 V AudioPolicyManagerBase: getDeviceForInputSource()input source 1999, device 80000004
12-12 12:46:07.311   264   885 V AudioPolicyManagerBase: AudioPolicyManager::startInput() input source = 1999
12-12 12:46:07.311   751   969 I ServiceKeeper: In getappinfo pid = 751 pkgName = android appinfo = null
12-12 12:46:07.311   751   969 I ServiceKeeper: In getseinfo pid = 751 uid = 1000 seinfo= system
12-12 12:46:07.311   264 12850 V audio_hw_primary: in_set_parameters: enter: kvpairs=input_source=6;keyIsHotword=true;routing=-2147483644
12-12 12:46:07.311   264 12850 V audio_hw_primary: in_set_parameters: exit: status(11)
12-12 12:46:07.311   264 12850 V msm8974_platform: platform_update_usecase_from_source: input source :6
12-12 12:46:07.311   264 12850 V audio_hw_primary: start_input_stream: enter: usecase(7)
12-12 12:46:07.311   264 12850 V voice   : voice_check_and_set_incall_rec_usecase: voice call not active
12-12 12:46:07.311   264 12850 V audio_hw_primary: start_input_stream: usecase(7)
12-12 12:46:07.311   264 12850 D PreProcess: new SamsungRecord
12-12 12:46:07.311   264 12850 D PreProcess: new NS
12-12 12:46:07.311   264 12850 I samsungRecord: [samsungrecord] SamsungRecInit 
12-12 12:46:07.311   264 12850 I samsungRecord: [samsungrecordMIC]Use HardCoding Values
12-12 12:46:07.311   264 12850 E samsungRecord: miccalib file can't created. (/data/snd/miccalib.txt)
12-12 12:46:07.311   264 12850 I samsungRecord: 1
12-12 12:46:07.311   264 12850 D SamsungRecord_NS: [SamsungRecord_NS] Init SR 16000
12-12 12:46:07.311   264 12850 D SamsungRecord_NS: [SamsungRecord_NS] getLevel inputsource 6, ret_level 3
12-12 12:46:07.311   264 12850 V audio_hw_primary: select_devices: ENTER
12-12 12:46:07.311   264 12850 V audio_hw_primary: select_devices: usecase(normal)
12-12 12:46:07.311   264 12850 V audio_hw_primary: select_devices: usecase(PCM_CAPTURE)
12-12 12:46:07.311   264 12850 V msm8974_platform: platform_get_input_snd_device: enter: out_device(0) in_device(0x4)
12-12 12:46:07.311   264 12850 V msm8974_platform: get_INPUT_snd_device: check by Input_source(6)
12-12 12:46:07.311   264 12850 V msm8974_platform: platform_get_input_snd_device_by_source: enter: out_device(0) in_device(0x4)
12-12 12:46:07.311   264 12850 V msm8974_platform: get_INPUT_snd_device: AUDIO_SOURCE_VOICE_RECOGNITION
12-12 12:46:07.311   264 12850 V msm8974_platform: platform_get_input_snd_device: exit: in_snd_device(vr-main-mic)
12-12 12:46:07.311   264 12850 D audio_hw_primary: select_devices: out_snd_device(0: dummy)
12-12 12:46:07.311   264 12850 D audio_hw_primary: select_devices: in_snd_device(121: vr-main-mic)
12-12 12:46:07.311   264 12850 D ACDB-LOADER: ACDB -> send_audio_cal, acdb_id = 53, path =  1
12-12 12:46:07.311   264 12850 D ACDB-LOADER: ACDB -> send_adm_topology
12-12 12:46:07.311   264 12850 D ACDB-LOADER: ACDB -> ACDB_CMD_GET_AUDPROC_COMMON_TOPOLOGY_ID
12-12 12:46:07.311   264 12850 D ACDB-LOADER: ACDB -> send_audtable
12-12 12:46:07.311   264 12850 D ACDB-LOADER: ACDB -> ACDB_CMD_GET_AUDPROC_COMMON_TABLE
12-12 12:46:07.311   264 12850 D         : ACDBFILE_MGR:Read the devices count as zero, please check the acdb file
12-12 12:46:07.311   264 12850 D ACDB-LOADER: ACDB -> AUDIO_SET_AUDPROC_CAL
12-12 12:46:07.311   264 12850 D ACDB-LOADER: ACDB -> send_audvoltable
12-12 12:46:07.311   264 12850 D ACDB-LOADER: ACDB -> ACDB_CMD_GET_AUDPROC_GAIN_DEP_STEP_TABLE
12-12 12:46:07.311   264 12850 D         : ACDBFILE_MGR:Read the devices count as zero, please check the acdb file
12-12 12:46:07.311   264 12850 D         : Failed to fetch the lookup information of the device 00000035 
12-12 12:46:07.311   264 12850 E ACDB-LOADER: Error: ACDB AudProc vol returned = -19
12-12 12:46:07.311   264 12850 D ACDB-LOADER: ACDB -> AUDIO_SET_AUDPROC_VOL_CAL
12-12 12:46:07.311   264 12850 D ACDB-LOADER: ACDB -> AUDIO_SET_AFE_CAL
12-12 12:46:07.311   264 12850 V audio_hw_primary: enable_snd_device: snd_device(121: vr-main-mic, vr-main-mic)
12-12 12:46:07.311   264 12850 D audio_route: ++++ audio_route_update_mixer ==============
12-12 12:46:07.311   264 12850 D audio_route: Setting mixer control: DEC2 Volume, value: 106
12-12 12:46:07.311   264 12850 D audio_route: Setting mixer control: SLIM TX7 MUX, value: 9
12-12 12:46:07.321   264 12850 D audio_route: Setting mixer control: AIF1_CAP Mixer SLIM TX7, value: 1
12-12 12:46:07.321   264 12850 D audio_route: Setting mixer control: DEC2 MUX, value: 1
12-12 12:46:07.321   264 12850 D audio_route: ------ audio_route_update_mixer ==============
12-12 12:46:07.321   264 12850 V audio_hw_primary: enable_audio_route: enter: usecase(7)
12-12 12:46:07.321   264 12850 V audio_hw_primary: enable_audio_route: apply mixer path: audio-record
12-12 12:46:07.321   264 12850 D audio_route: ++++ audio_route_update_mixer ==============
12-12 12:46:07.321   264 12850 D audio_route: Setting mixer control: MultiMedia1 Mixer SLIM_0_TX, value: 1
12-12 12:46:07.321   264 12850 D audio_route: ------ audio_route_update_mixer ==============
12-12 12:46:07.321   264 12850 V audio_hw_primary: enable_audio_route: exit
12-12 12:46:07.321   264 12850 V audio_hw_primary: start_input_stream: Opening PCM device card_id(0) device_id(0), channels 1
12-12 12:46:07.321   264 12850 V audio_hw_primary: start_input_stream: exit
12-12 12:46:07.321   751  7409 I ActivityManager: Killing 11989:com.google.android.partnersetup/u0a17 (adj 15): empty #31
12-12 12:46:07.341   751   778 D CustomFrequencyManagerService: acquireDVFSLockLocked : type : DVFS_MIN_LIMIT  frequency : 2457600  uid : 10099  pid : 2284  pkgName : LAUNCHER_APP_BOOSTER_CPU@53
12-12 12:46:07.381  1519 12849 I MicrophoneInputStream: mic_started com.google.android.apps.gsa.speech.audio.t@42a75198
12-12 12:46:07.381  1519  1519 I HotwordWorker: onReady
12-12 12:46:07.381   751  7404 I AudioService: getStreamVolume 3 index 0
12-12 12:46:07.391 12854 12854 I SELinux : Function: selinux_android_load_priority [0], There is no sepolicy file.
12-12 12:46:07.391 12854 12854 I SELinux :  
12-12 12:46:07.421 12854 12854 I SELinux : Function: selinux_android_load_priority , spota verifySig and checkHash pass. priority version is VE=SEPF_SM-G900T_4.4.2_0055
12-12 12:46:07.421 12854 12854 I SELinux :  
12-12 12:46:07.421 12854 12854 I SELinux :  
12-12 12:46:07.421 12854 12854 I SELinux : selinux_android_seapp_context_reload: seapp_contexts file is loaded from /data/security/spota/seapp_contexts
12-12 12:46:07.421 12854 12854 E dalvikvm: >>>>> Normal User
12-12 12:46:07.421 12854 12854 E dalvikvm: >>>>> com.sec.android.widgetapp.easymodecontactswidget [ userId:0 | appId:10012 ]
12-12 12:46:07.461   751  7228 I ActivityManager: Killing 12005:com.samsung.groupcast/u0a18 (adj 15): empty #31
12-12 12:46:07.491 12868 12868 I SELinux : Function: selinux_android_load_priority [0], There is no sepolicy file.
12-12 12:46:07.491 12868 12868 I SELinux :  
12-12 12:46:07.521 12868 12868 I SELinux : Function: selinux_android_load_priority , spota verifySig and checkHash pass. priority version is VE=SEPF_SM-G900T_4.4.2_0055
12-12 12:46:07.521 12868 12868 I SELinux :  
12-12 12:46:07.521 12868 12868 I SELinux :  
12-12 12:46:07.521 12868 12868 I SELinux : selinux_android_seapp_context_reload: seapp_contexts file is loaded from /data/security/spota/seapp_contexts
12-12 12:46:07.521 12868 12868 E dalvikvm: >>>>> Normal User
12-12 12:46:07.521 12868 12868 E dalvikvm: >>>>> com.sec.android.widgetapp.activeapplicationwidget [ userId:0 | appId:10174 ]
12-12 12:46:07.531   751   751 D CustomFrequencyManagerService: releaseDVFSLockLocked : Getting Lock type frm List : DVFS_MIN_LIMIT  frequency : 1958400  uid : 1000  pid : 751  tag : ACTIVITY_RESUME_BOOSTER@9
12-12 12:46:07.531   751   751 D CustomFrequencyManagerService: FrequencyrequestList.getNextMaxCPUCoreRequest, index: 0
12-12 12:46:07.551 12868 12868 V TaskCloserActivity: TaskCloserActivity enter()
12-12 12:46:07.561 12868 12868 V TaskCloserActivity: TaskCloserActivity onReceive() - com.sec.android.intent.action.HOME_RESUME
12-12 12:46:07.571   751  2586 D SSRMv2:SIOP: SIOP:: AP = 310, PST = 283, Delta = 3
12-12 12:46:07.571   751  2586 D AmoledAdjustTimer: prevTemp = 252, currTemp = 252, prevStep = 4, currStep = 4
12-12 12:46:07.581 12882 12882 I SELinux : Function: selinux_android_load_priority [0], There is no sepolicy file.
12-12 12:46:07.581 12882 12882 I SELinux :  
12-12 12:46:07.581   751  7409 I ActivityManager: Killing 12046:com.sec.android.app.FileShareServer/u0a80 (adj 15): empty #31
12-12 12:46:07.611 12882 12882 I SELinux : Function: selinux_android_load_priority , spota verifySig and checkHash pass. priority version is VE=SEPF_SM-G900T_4.4.2_0055
12-12 12:46:07.611 12882 12882 I SELinux :  
12-12 12:46:07.611 12882 12882 I SELinux :  
12-12 12:46:07.611 12882 12882 I SELinux : selinux_android_seapp_context_reload: seapp_contexts file is loaded from /data/security/spota/seapp_contexts
12-12 12:46:07.611 12882 12882 E dalvikvm: >>>>> Normal User
12-12 12:46:07.611 12882 12882 E dalvikvm: >>>>> com.android.email [ userId:0 | appId:10178 ]
12-12 12:46:07.801   751  1704 D RCPManagerService: exchangeData() failure , invalid userId
12-12 12:46:07.831   751  1444 D RCPManagerService: exchangeData() failure , invalid userId
12-12 12:46:07.831   751  1452 D RCPManagerService: exchangeData() failure , invalid userId
12-12 12:46:07.861 12699 12898 D Aatp    : /task/13afac22d4c35ac6ba71d29ce90b194050c0bbb3/status
12-12 12:46:07.871   751   778 D EnterpriseDeviceManager: ContainerId: 0
12-12 12:46:07.871   751   778 W LicenseLogService: log() failed
12-12 12:46:07.881   751  4314 D EnterpriseDeviceManager: ContainerId: 0
12-12 12:46:07.891   751  4314 W LicenseLogService: log() failed
12-12 12:46:07.891   751  7228 D EnterpriseDeviceManager: ContainerId: 0
12-12 12:46:07.891   751  7228 W LicenseLogService: log() failed
12-12 12:46:07.891   751   956 D EnterpriseDeviceManager: ContainerId: 0
12-12 12:46:07.891   751   956 W LicenseLogService: log() failed
12-12 12:46:07.891   751  1704 D EnterpriseDeviceManager: ContainerId: 0
12-12 12:46:07.891   751  1704 W LicenseLogService: log() failed
12-12 12:46:07.891   751  7409 D RCPManagerService: exchangeData() failure , invalid userId
12-12 12:46:07.901 12179 12189 D BadgeProvider: query, [selection] : package='com.android.email' AND class='com.android.email.activity.Welcome' AND extraData='base_extra_badge'
12-12 12:46:07.901   751  1443 D EnterpriseDeviceManager: ContainerId: 0
12-12 12:46:07.901   751  1462 W PersonaManager: getPersonaIds()
12-12 12:46:07.901   751  1443 W LicenseLogService: log() failed
12-12 12:46:07.911   751  4314 D EnterpriseDeviceManager: ContainerId: 0
12-12 12:46:07.911   751  4314 W LicenseLogService: log() failed
12-12 12:46:07.911   751  1030 D EnterpriseDeviceManager: ContainerId: 0
12-12 12:46:07.911   751  1030 W LicenseLogService: log() failed
12-12 12:46:07.911   751  1444 D EnterpriseDeviceManager: ContainerId: 0
12-12 12:46:07.911   751  1444 W LicenseLogService: log() failed
12-12 12:46:07.911   751   777 I ActivityManager: Killing 5749:com.sec.android.service.cm/u0a90 (adj 15): empty #31
12-12 12:46:07.911   751  1704 W ActivityManager: Unable to start service Intent { cmp=com.android.email/.service.AttachmentDownloadService } U=0: not found
12-12 12:46:07.921 12179 12190 D BadgeProvider: sendNotify entered. [uri] : content://com.sec.badge/apps/1
12-12 12:46:07.921 12179 12190 D BadgeProvider: sendNotify, [notify] : null
12-12 12:46:07.921 12179 12190 D BadgeProvider: update, [uri] : content://com.sec.badge/apps/1
12-12 12:46:07.921 12179 12190 D BadgeProvider: update, [BadgeCount] : badgecount=0
12-12 12:46:07.921 12179 12190 D BadgeProvider: update, [UpdateCount] : 1
12-12 12:46:07.921  1328  1328 D Launcher.Model: reloadBadges entered.
12-12 12:46:08.011   751   770 D dalvikvm: GC_CONCURRENT freed 2140K, 40% free 41066K/67908K, paused 6ms+9ms, total 132ms
12-12 12:46:08.271   255   255 E SMD     : DCD ON
12-12 12:46:08.291 12699 12903 D Aatp    : /keyguard
12-12 12:46:08.301 12699 12903 D Aatp    : sha1: a20d8acab7167292a43f82ae8b89e0358ea41892
12-12 12:46:08.311 12699 12699 D AatpDeviceManager: taskStatus update (a20d8acab7167292a43f82ae8b89e0358ea41892: {"state":1})
12-12 12:46:08.311 12699 12904 D AatpDeviceManager: Keyguard enabled: true
12-12 12:46:08.311   751   751 W ContextImpl: Calling a method in the system process without a qualified user: android.app.ContextImpl.sendBroadcast:1505 com.android.server.StatusBarManagerService.sendNotification:985 com.android.server.StatusBarManagerService.addNotification:674 com.android.server.NotificationManagerService$7.run:2142 android.os.Handler.handleCallback:733 
12-12 12:46:08.311   751   751 D STATUSBAR-StatusBarManagerService: sendNotification(1) - 1096041551
12-12 12:46:08.321 12699 12903 D Aatp    : /task/a20d8acab7167292a43f82ae8b89e0358ea41892
12-12 12:46:08.321  1067  1067 D ProgressBar: setProgressDrawable drawableHeight = 0
12-12 12:46:08.331  1067  1067 D PhoneStatusBar: tick(): knoxCustomManager = android.app.enterprise.knoxcustom.KnoxCustomManager@44ef2f00
12-12 12:46:08.331 12699 12699 D AatpDeviceManager: taskStatus update (a20d8acab7167292a43f82ae8b89e0358ea41892: {"result":{"enabled":true},"state":2})
12-12 12:46:08.331   751   751 W ContextImpl: Calling a method in the system process without a qualified user: android.app.ContextImpl.sendBroadcast:1505 com.android.server.StatusBarManagerService.sendNotification:985 com.android.server.StatusBarManagerService.removeNotification:710 com.android.server.NotificationManagerService.cancelNotificationLocked:2454 com.android.server.NotificationManagerService.access$5100:160 
12-12 12:46:08.331   751   751 D STATUSBAR-StatusBarManagerService: sendNotification(3) - 1096041551
12-12 12:46:08.341   751   751 D NotificationService: cancelNotificationLocked
12-12 12:46:08.341   751   751 D NotificationService:  hasClearableItems
12-12 12:46:08.341   751   751 D NotificationService: Num of hasClearableItems : 2
12-12 12:46:08.341   751   751 D LightsService: [api] [SvcLED] turnOff:: id = 4 (uid: 1000 pid: 751) 
12-12 12:46:08.341   751   751 D LightsService: [SvcLED] setSvcLedStateLocked:: SvcLEDState : 0x0 -> 0x0 | SvcLED(id=4) set Off
12-12 12:46:08.341   751   976 D LightsService: [SvcLED] Lux failed to be updated in 700ms. -> handleForcedSvcLEDTasK
12-12 12:46:08.341   751   976 D LightsService: [SvcLED]  setSvcLedLightLocked :: Current SvcLED(id=3) maintains its priority right
12-12 12:46:08.341  1067  1067 D STATUSBAR-IconMerger: checkOverflow(504), More:false, Req:false Child:7
12-12 12:46:08.341   751  7228 D CustomFrequencyManagerService: releaseDVFSLockLocked : Getting Lock type frm List : DVFS_MIN_LIMIT  frequency : 2457600  uid : 10099  pid : 2284  tag : LAUNCHER_APP_BOOSTER_CPU@53
12-12 12:46:08.351  1067  1067 D STATUSBAR-IconMerger: checkOverflow(504), More:false, Req:false Child:6
12-12 12:46:08.441 12699 12905 D Aatp    : /task/a20d8acab7167292a43f82ae8b89e0358ea41892/status
12-12 12:46:09.131 12908 12908 D AndroidRuntime: 
12-12 12:46:09.131 12908 12908 D AndroidRuntime: >>>>>> AndroidRuntime START com.android.internal.os.RuntimeInit <<<<<<
12-12 12:46:09.131 12908 12908 D AndroidRuntime: CheckJNI is OFF
12-12 12:46:09.141 12908 12908 D AndroidRuntime: setted country_code = USA
12-12 12:46:09.141 12908 12908 D AndroidRuntime: setted countryiso_code = US
12-12 12:46:09.141 12908 12908 D AndroidRuntime: setted sales_code = TMB
12-12 12:46:09.141 12908 12908 D AndroidRuntime: readGMSProperty: start
12-12 12:46:09.141 12908 12908 D AndroidRuntime: readGMSProperty: already setted!!
12-12 12:46:09.141 12908 12908 D AndroidRuntime: readGMSProperty: end
12-12 12:46:09.141 12908 12908 D AndroidRuntime: addProductProperty: start
12-12 12:46:09.161 12908 12908 D dalvikvm: Trying to load lib libjavacore.so 0x0
12-12 12:46:09.161 12908 12908 D dalvikvm: Added shared lib libjavacore.so 0x0
12-12 12:46:09.161 12908 12908 D dalvikvm: Trying to load lib libnativehelper.so 0x0
12-12 12:46:09.161 12908 12908 D dalvikvm: Added shared lib libnativehelper.so 0x0
12-12 12:46:09.161 12908 12908 D dalvikvm: No JNI_OnLoad found in libnativehelper.so 0x0, skipping init
12-12 12:46:09.181 12908 12908 D dalvikvm: DexOpt: --- BEGIN 'SUTUtils.jar' (bootstrap=0) ---
12-12 12:46:09.211  2375  2375 W Settings: Setting airplane_mode_on has moved from android.provider.Settings.System to android.provider.Settings.Global, returning read-only value.
12-12 12:46:09.251 12910 12910 D dalvikvm: DexOpt: load 3ms, verify+opt 0ms, 94148 bytes
12-12 12:46:09.271 12908 12908 D dalvikvm: DexOpt: --- END 'SUTUtils.jar' (success) ---
12-12 12:46:09.271 12908 12908 D dalvikvm: DEX prep '/mnt/shell/emulated/0/SUTUtils.jar': unzip in 0ms, rewrite 90ms
12-12 12:46:09.381 12908 12908 E memtrack: Couldn't load memtrack module (No such file or directory)
12-12 12:46:09.381 12908 12908 E android.os.Debug: failed to load memtrack module: -2
12-12 12:46:09.401 12908 12908 D dalvikvm: Note: class Landroid/app/ActivityManagerNative; has 192 unimplemented (abstract) methods
12-12 12:46:09.451 12908 12908 D AndroidRuntime: Calling main entry com.android.commands.uiautomator.Launcher
12-12 12:46:10.061  1328  1328 W ResourceType: No known package when getting name for resource number 0x9c020000
12-12 12:46:10.071  1328  1328 W ResourceType: No known package when getting name for resource number 0x9c020100
12-12 12:46:10.071  1328  1328 W ResourceType: No known package when getting name for resource number 0x9c020200
12-12 12:46:10.071  1328  1328 W ResourceType: No known package when getting name for resource number 0x9c020300
12-12 12:46:10.081  1328  1328 W ResourceType: No known package when getting name for resource number 0x9c000000
12-12 12:46:10.081  1328  1328 W ResourceType: No known package when getting name for resource number 0x9c000002
12-12 12:46:10.081  1328  1328 W ResourceType: No known package when getting name for resource number 0x9c000003
12-12 12:46:10.081  1328  1328 W ResourceType: No known package when getting name for resource number 0x9c000103
12-12 12:46:10.081  1328  1328 W ResourceType: No known package when getting name for resource number 0x9c000203
12-12 12:46:10.081  1328  1328 W ResourceType: No known package when getting name for resource number 0x9c000303
12-12 12:46:10.111  1328  1328 D skia    : GFXPNG PNG bitmap created width:186 height:186 bitmap id is 546 
12-12 12:46:10.111  1328  1328 D skia    : GFXPNG PNG bitmap created width:186 height:186 bitmap id is 547 
12-12 12:46:10.181  1328  1328 D dalvikvm: GC_FOR_ALLOC freed 7641K, 20% free 44461K/55484K, paused 66ms, total 68ms
12-12 12:46:10.181  1328  1328 D skia    : GFXPNG PNG bitmap created width:186 height:186 bitmap id is 548 
12-12 12:46:10.201  1328  1328 W ResourceType: No known package when getting name for resource number 0x9c020100
12-12 12:46:10.211  1328  1328 W ResourceType: No known package when getting name for resource number 0x9c020200
12-12 12:46:10.211  1328  1328 W ResourceType: No known package when getting name for resource number 0x9c020300
12-12 12:46:10.211  1328  1328 W ResourceType: No known package when getting name for resource number 0x9c000003
12-12 12:46:10.221  1328  1328 W ResourceType: No known package when getting name for resource number 0x9c000103
12-12 12:46:10.221  1328  1328 W ResourceType: No known package when getting name for resource number 0x9c000203
12-12 12:46:10.221  1328  1328 W ResourceType: No known package when getting name for resource number 0x9c000303
12-12 12:46:10.621  1328  1328 W ResourceType: No known package when getting name for resource number 0x9c020000
12-12 12:46:10.621  1328  1328 W ResourceType: No known package when getting name for resource number 0x9c020100
12-12 12:46:10.621  1328  1328 W ResourceType: No known package when getting name for resource number 0x9c020200
12-12 12:46:10.621  1328  1328 W ResourceType: No known package when getting name for resource number 0x9c020300
12-12 12:46:10.631  1328  1328 W ResourceType: No known package when getting name for resource number 0x9c000000
12-12 12:46:10.631  1328  1328 W ResourceType: No known package when getting name for resource number 0x9c000002
12-12 12:46:10.631  1328  1328 W ResourceType: No known package when getting name for resource number 0x9c000003
12-12 12:46:10.631  1328  1328 W ResourceType: No known package when getting name for resource number 0x9c000103
12-12 12:46:10.631  1328  1328 W ResourceType: No known package when getting name for resource number 0x9c000203
12-12 12:46:10.631  1328  1328 W ResourceType: No known package when getting name for resource number 0x9c000303
12-12 12:46:10.661  1328  1328 W ResourceType: No known package when getting name for resource number 0x9c020000
12-12 12:46:10.661  1328  1328 W ResourceType: No known package when getting name for resource number 0x9c020100
12-12 12:46:10.661  1328  1328 W ResourceType: No known package when getting name for resource number 0x9c020200
12-12 12:46:10.661  1328  1328 W ResourceType: No known package when getting name for resource number 0x9c020300
12-12 12:46:10.661  1328  1328 W ResourceType: No known package when getting name for resource number 0x9c000000
12-12 12:46:10.661  1328  1328 W ResourceType: No known package when getting name for resource number 0x9c000002
12-12 12:46:10.671  1328  1328 W ResourceType: No known package when getting name for resource number 0x9c000003
12-12 12:46:10.671  1328  1328 W ResourceType: No known package when getting name for resource number 0x9c000103
12-12 12:46:10.671  1328  1328 W ResourceType: No known package when getting name for resource number 0x9c000203
12-12 12:46:10.671  1328  1328 W ResourceType: No known package when getting name for resource number 0x9c000303
12-12 12:46:10.691  1328  1328 W ResourceType: No known package when getting name for resource number 0x9c020000
12-12 12:46:10.691  1328  1328 W ResourceType: No known package when getting name for resource number 0x9c020100
