12-12 20:46:21.294   787  1133 E LocSvc_eng: I/===> int loc_eng_sec_set_ssl(loc_eng_data_s_type&, int) line 3290 
12-12 20:46:21.294   787  1133 E LocSvc_eng: D/loc_eng_sec_set_ssl, 1
12-12 20:46:21.294   787  1133 E LocSvc_utils_q: D/msg_q_snd: Sending message with handle = 0x7350F9E8
12-12 20:46:21.294   787  1133 E LocSvc_utils_ll: D/linked_list_add: Adding to list data_obj = 0x7350F9E8
12-12 20:46:21.294   787  1133 E LocSvc_utils_q: D/msg_q_snd: Finished Sending message with handle = 0x7350F9E8
12-12 20:46:21.294   787  1133 E LocSvc_eng: I/===> int loc_eng_sec_set_supl_version(loc_eng_data_s_type&, int) line 3362 
12-12 20:46:21.294   787  1133 E LocSvc_eng: D/loc_eng_sec_set_supl_version, 1
12-12 20:46:21.294   787  1133 E LocSvc_utils_q: D/msg_q_snd: Sending message with handle = 0x79E847C8
12-12 20:46:21.294   787  1133 E LocSvc_utils_ll: D/linked_list_add: Adding to list data_obj = 0x79E847C8
12-12 20:46:21.294   787  1133 E LocSvc_utils_q: D/msg_q_snd: Finished Sending message with handle = 0x79E847C8
12-12 20:46:21.294   787  1133 E LocSvc_eng: I/===> int loc_eng_sec_set_a_glonass_protocol(loc_eng_data_s_type&, long unsigned int) line 3393 
12-12 20:46:21.294   787  1133 E LocSvc_eng: D/loc_eng_sec_set_a_glonass_protocol, 0x0
12-12 20:46:21.294   787  1133 E LocSvc_utils_q: D/msg_q_snd: Sending message with handle = 0x7E4DCFD0
12-12 20:46:21.294   787  1133 E LocSvc_utils_ll: D/linked_list_add: Adding to list data_obj = 0x7E4DCFD0
12-12 20:46:21.294   787  1133 E LocSvc_utils_q: D/msg_q_snd: Finished Sending message with handle = 0x7E4DCFD0
12-12 20:46:21.294   787  1133 E LocSvc_eng: I/===> int loc_eng_sec_set_xtra_enable(loc_eng_data_s_type&, int) line 3347 
12-12 20:46:21.294   787  1133 E LocSvc_eng: D/loc_eng_sec_set_xtra_enable, 1
12-12 20:46:21.294   787  1133 E LocSvc_utils_q: D/msg_q_snd: Sending message with handle = 0x791635D0
12-12 20:46:21.294   787  1133 E LocSvc_utils_ll: D/linked_list_add: Adding to list data_obj = 0x791635D0
12-12 20:46:21.294   787  1133 E LocSvc_utils_q: D/msg_q_snd: Finished Sending message with handle = 0x791635D0
12-12 20:46:21.294   787  1133 E LocSvc_eng: I/===> int loc_eng_sec_set_gnss_rf_config(loc_eng_data_s_type&, int) line 3380 
12-12 20:46:21.294   787  1133 E LocSvc_eng: D/loc_eng_sec_set_gnss_rf_config, 1
12-12 20:46:21.294   787  1133 E LocSvc_utils_q: D/msg_q_snd: Sending message with handle = 0x7EB45F08
12-12 20:46:21.294   787  1133 E LocSvc_utils_ll: D/linked_list_add: Adding to list data_obj = 0x7EB45F08
12-12 20:46:21.294   787  1133 E LocSvc_utils_q: D/msg_q_snd: Finished Sending message with handle = 0x7EB45F08
12-12 20:46:21.294   787  1133 E LocSvc_eng: I/===> int loc_eng_sec_set_cert_type(loc_eng_data_s_type&, int) line 3406 
12-12 20:46:21.294   787  1133 E LocSvc_eng: D/loc_eng_sec_set_cert_type, 15
12-12 20:46:21.294   787  1133 E LocSvc_utils_q: D/msg_q_snd: Sending message with handle = 0x7E3A63C8
12-12 20:46:21.294   787  1133 E LocSvc_utils_ll: D/linked_list_add: Adding to list data_obj = 0x7E3A63C8
12-12 20:46:21.294   787  1133 E LocSvc_utils_q: D/msg_q_snd: Finished Sending message with handle = 0x7E3A63C8
12-12 20:46:21.294   787  1133 E LocSvc_eng: I/===> int loc_eng_sec_set_lpp_profile(loc_eng_data_s_type&, int) line 3419 
12-12 20:46:21.294   787  1133 E LocSvc_eng: D/loc_eng_sec_set_lpp_profile, 0
12-12 20:46:21.294   787  1133 E LocSvc_utils_q: D/msg_q_snd: Sending message with handle = 0x7CCEC8E8
12-12 20:46:21.294   787  1133 E LocSvc_utils_ll: D/linked_list_add: Adding to list data_obj = 0x7CCEC8E8
12-12 20:46:21.294   787  1133 E LocSvc_utils_q: D/msg_q_snd: Finished Sending message with handle = 0x7CCEC8E8
12-12 20:46:21.294   787  1133 E LocSvc_utils_q: D/msg_q_snd: Sending message with handle = 0x813289E0
12-12 20:46:21.294   787  1133 E LocSvc_utils_ll: D/linked_list_add: Adding to list data_obj = 0x813289E0
12-12 20:46:21.294   787  1133 E LocSvc_utils_q: D/msg_q_snd: Finished Sending message with handle = 0x813289E0
12-12 20:46:21.294   787  1133 E LocSvc_utils_q: D/msg_q_snd: Sending message with handle = 0x7355D200
12-12 20:46:21.294   787  1133 E LocSvc_utils_ll: D/linked_list_add: Adding to list data_obj = 0x7355D200
12-12 20:46:21.294   787  1133 E LocSvc_utils_q: D/msg_q_snd: Finished Sending message with handle = 0x7355D200
12-12 20:46:21.294   787  1133 E LocSvc_utils_q: D/msg_q_snd: Sending message with handle = 0x7B24D760
12-12 20:46:21.294   787  1133 E LocSvc_utils_ll: D/linked_list_add: Adding to list data_obj = 0x7B24D760
12-12 20:46:21.294   787  1133 E LocSvc_utils_q: D/msg_q_snd: Finished Sending message with handle = 0x7B24D760
12-12 20:46:21.294   787  1133 E LocSvc_utils_q: D/msg_q_snd: Sending message with handle = 0x79591020
12-12 20:46:21.294   787  1133 E LocSvc_utils_ll: D/linked_list_add: Adding to list data_obj = 0x79591020
12-12 20:46:21.294   787  1133 E LocSvc_utils_q: D/msg_q_snd: Finished Sending message with handle = 0x79591020
12-12 20:46:21.294   787  1133 E LocSvc_utils_q: D/msg_q_rcv: Received message 0x725A8508 rv = 0
12-12 20:46:21.294   787  1133 E LocSvc_ApiV02: D/virtual loc_api_adapter_err LocApiV02::setServer(const char*, int):1099]:, url = supl.google.com:7275, len = 20
12-12 20:46:21.294   787  1133 E LocSvc_api_v02: I/---> locClientSendReq line 2332 QMI_LOC_SET_SERVER_REQ_V02
12-12 20:46:21.304   787  1935 E LocSvc_ApiV02: I/<--- void globalRespCb(locClientHandleType, uint32_t, locClientRespIndUnionType, void*) line 113 QMI_LOC_SET_SERVER_REQ_V02
12-12 20:46:21.304   787  1133 E LocSvc_api_v02: D/loc_free_slot:299]: freeing slot 0
12-12 20:46:21.304   787  1133 E LocSvc_utils_q: D/msg_q_rcv: Received message 0x819B9C68 rv = 0
12-12 20:46:21.304   787  1133 D qmi_secgps_clnt: SECGPS: Set AGPS Mode SECGPS 
12-12 20:46:21.304   787  1133 D qmi_secgps_clnt: SECGPS: send a qmi message to secgps_server OK
12-12 20:46:21.304   787  1133 E LocSvc_utils_q: D/msg_q_rcv: Received message 0x7350F9E8 rv = 0
12-12 20:46:21.304   787  1133 E LocSvc_ApiV02: D/virtual loc_api_adapter_err LocApiV02::setSuplSecurity(int):1846]: supl security = 1
12-12 20:46:21.304   787  1133 E LocSvc_api_v02: I/---> locClientSendReq line 2332 QMI_LOC_SET_PROTOCOL_CONFIG_PARAMETERS_REQ_V02
12-12 20:46:21.304   787  1935 E LocSvc_ApiV02: I/<--- void globalRespCb(locClientHandleType, uint32_t, locClientRespIndUnionType, void*) line 113 QMI_LOC_SET_PROTOCOL_CONFIG_PARAMETERS_REQ_V02
12-12 20:46:21.304   787  1133 E LocSvc_api_v02: D/loc_free_slot:299]: freeing slot 0
12-12 20:46:21.304   787  1133 E LocSvc_utils_q: D/msg_q_rcv: Received message 0x79E847C8 rv = 0
12-12 20:46:21.304   787  1133 E LocSvc_ApiV02: D/virtual loc_api_adapter_err LocApiV02::setSUPLVersion(uint32_t):1462]: supl version = 65536
12-12 20:46:21.304   787  1133 E LocSvc_api_v02: I/---> locClientSendReq line 2332 QMI_LOC_SET_PROTOCOL_CONFIG_PARAMETERS_REQ_V02
12-12 20:46:21.304   338   502 I rmt_storage: rmt_storage_client_thread: /boot/modem_fs1: clnt_h=0x1: req_h=0xc msg_id=3: Bytes written = 1572864
12-12 20:46:21.304   338   502 I rmt_storage: rmt_storage_client_thread: /boot/modem_fs1: clnt_h=0x1: req_h=0xc msg_id=3: Send response: res=0 err=0
12-12 20:46:21.304   787  1935 E LocSvc_ApiV02: I/<--- void globalRespCb(locClientHandleType, uint32_t, locClientRespIndUnionType, void*) line 113 QMI_LOC_SET_PROTOCOL_CONFIG_PARAMETERS_REQ_V02
12-12 20:46:21.304   787  1133 E LocSvc_api_v02: D/loc_free_slot:299]: freeing slot 0
12-12 20:46:21.304   338   502 I rmt_storage: rmt_storage_client_thread: /boot/modem_fs1: clnt_h=0x1 About to block rmt_storage client thread (th_id: -1221808408) wakelock released: 1, error no: 0
12-12 20:46:21.304   338   502 I rmt_storage: 
12-12 20:46:21.304   787  1133 E LocSvc_utils_q: D/msg_q_rcv: Received message 0x7E4DCFD0 rv = 0
12-12 20:46:21.304   787  1133 E LocSvc_ApiV02: D/virtual loc_api_adapter_err LocApiV02::setAGLONASSProtocol(long unsigned int):1784]: aGlonassProtocolMask = 0x0
12-12 20:46:21.304   787  1133 E LocSvc_api_v02: I/---> locClientSendReq line 2332 QMI_LOC_SET_PROTOCOL_CONFIG_PARAMETERS_REQ_V02
12-12 20:46:21.304 10807 11680 D Aatp    : /nfc
12-12 20:46:21.304   338   338 I rmt_storage: rmt_storage_disconnect_cb: clnt_h=0x0x6 conn_h=0x0xb72cb178
12-12 20:46:21.304   991   991 D STATUSBAR-NetworkController: refreshSignalCluster - setNWBoosterIndicators(false)
12-12 20:46:21.304   991   991 D STATUSBAR-NetworkController: refreshSignalCluster: data=-1 bt=false
12-12 20:46:21.314   787  1935 E LocSvc_ApiV02: I/<--- void globalRespCb(locClientHandleType, uint32_t, locClientRespIndUnionType, void*) line 113 QMI_LOC_SET_PROTOCOL_CONFIG_PARAMETERS_REQ_V02
12-12 20:46:21.314   787  1133 E LocSvc_api_v02: D/loc_free_slot:299]: freeing slot 0
12-12 20:46:21.314   787  1133 E LocSvc_utils_q: D/msg_q_rcv: Received message 0x791635D0 rv = 0
12-12 20:46:21.314   787  1133 D qmi_secgps_clnt: SECGPS: Set XTRA enable SECGPS
12-12 20:46:21.314   787  1133 D qmi_secgps_clnt: SECGPS: send a qmi message to secgps_server OK
12-12 20:46:21.314   787  1133 E LocSvc_utils_q: D/msg_q_rcv: Received message 0x7EB45F08 rv = 0
12-12 20:46:21.314   787  1133 D qmi_secgps_clnt: SECGPS: Set GNSS RF CONFIG
12-12 20:46:21.314   787  1133 D qmi_secgps_clnt: SECGPS: send a qmi message to secgps_server OK
12-12 20:46:21.314   787  1133 E LocSvc_utils_q: D/msg_q_rcv: Received message 0x7E3A63C8 rv = 0
12-12 20:46:21.314   787  1133 D qmi_secgps_clnt: SECGPS: Set CERT TYPE SECGPS
12-12 20:46:21.314   787  1133 D qmi_secgps_clnt: SECGPS: send a qmi message to secgps_server OK
12-12 20:46:21.314   787  1133 E LocSvc_utils_q: D/msg_q_rcv: Received message 0x7CCEC8E8 rv = 0
12-12 20:46:21.314   787  1133 E LocSvc_ApiV02: D/virtual loc_api_adapter_err LocApiV02::setLPPConfig(uint32_t):1505]: lpp profile = 0
12-12 20:46:21.314   787  1133 E LocSvc_api_v02: I/---> locClientSendReq line 2332 QMI_LOC_SET_PROTOCOL_CONFIG_PARAMETERS_REQ_V02
12-12 20:46:21.314   787  1935 E LocSvc_ApiV02: I/<--- void globalRespCb(locClientHandleType, uint32_t, locClientRespIndUnionType, void*) line 113 QMI_LOC_SET_PROTOCOL_CONFIG_PARAMETERS_REQ_V02
12-12 20:46:21.314   787  1133 E LocSvc_api_v02: D/loc_free_slot:299]: freeing slot 0
12-12 20:46:21.314   787  1133 E LocSvc_utils_q: D/msg_q_rcv: Received message 0x813289E0 rv = 0
12-12 20:46:21.314   787  1133 E LocSvc_ApiV02: D/virtual loc_api_adapter_err LocApiV02::setSensorControlConfig(int):1544]: sensors disabled = 0
12-12 20:46:21.314   787  1133 E LocSvc_api_v02: I/---> locClientSendReq line 2332 QMI_LOC_SET_SENSOR_CONTROL_CONFIG_REQ_V02
12-12 20:46:21.314   787  1935 E LocSvc_ApiV02: I/<--- void globalRespCb(locClientHandleType, uint32_t, locClientRespIndUnionType, void*) line 113 QMI_LOC_SET_SENSOR_CONTROL_CONFIG_REQ_V02
12-12 20:46:21.314   787  1133 E LocSvc_api_v02: D/loc_free_slot:299]: freeing slot 0
12-12 20:46:21.314   787  1133 E LocSvc_utils_q: D/msg_q_rcv: Received message 0x7355D200 rv = 0
12-12 20:46:21.314   787  1133 E LocSvc_ApiV02: D/virtual loc_api_adapter_err LocApiV02::setAGLONASSProtocol(long unsigned int):1784]: aGlonassProtocolMask = 0x0
12-12 20:46:21.314   787  1133 E LocSvc_api_v02: I/---> locClientSendReq line 2332 QMI_LOC_SET_PROTOCOL_CONFIG_PARAMETERS_REQ_V02
12-12 20:46:21.314   991   991 D STATUSBAR-IconMerger: checkOverflow(1036), More:false, Req:false Child:3
12-12 20:46:21.324   787  1935 E LocSvc_ApiV02: I/<--- void globalRespCb(locClientHandleType, uint32_t, locClientRespIndUnionType, void*) line 113 QMI_LOC_SET_PROTOCOL_CONFIG_PARAMETERS_REQ_V02
12-12 20:46:21.324   787  1133 E LocSvc_api_v02: D/loc_free_slot:299]: freeing slot 0
12-12 20:46:21.324   787  1133 E LocSvc_utils_q: D/msg_q_rcv: Received message 0x7B24D760 rv = 0
12-12 20:46:21.324   787  1133 E LocSvc_ApiV02: D/setSensorPerfControlConfig:1664]: Sensor Perf Control Config (performanceControlMode)(0) accel(#smp,#batches) (5,2) gyro(#smp,#batches) (5,2) accel_high(#smp,#batches) (25,4) gyro_high(#smp,#batches) (25,4) algorithmConfig(0)
12-12 20:46:21.324   787  1133 E LocSvc_api_v02: I/---> locClientSendReq line 2332 QMI_LOC_SET_SENSOR_PERFORMANCE_CONTROL_CONFIGURATION_REQ_V02
12-12 20:46:21.324   787  1935 E LocSvc_ApiV02: I/<--- void globalRespCb(locClientHandleType, uint32_t, locClientRespIndUnionType, void*) line 113 QMI_LOC_SET_SENSOR_PERFORMANCE_CONTROL_CONFIGURATION_REQ_V02
12-12 20:46:21.324   787  1133 E LocSvc_api_v02: D/loc_free_slot:299]: freeing slot 0
12-12 20:46:21.324   787  1133 E LocSvc_utils_q: D/msg_q_rcv: Received message 0x79591020 rv = 0
12-12 20:46:21.324 10807 11680 D Aatp    : sha1: 47452a1a09a6466043642809bcb10adb0002aec1
12-12 20:46:21.324 10807 11680 D AatpDeviceManager: k: enabled v: True
12-12 20:46:21.324 10807 11680 D AatpDeviceManager: k: NanoHttpd.QUERY_STRING v: enabled=True
12-12 20:46:21.334 10807 10807 D AatpDeviceManager: taskStatus update (47452a1a09a6466043642809bcb10adb0002aec1: {"state":1})
12-12 20:46:21.334 10807 10807 D AatpDeviceManager: taskStatus update (47452a1a09a6466043642809bcb10adb0002aec1: {"result":"NFC not supported on platform. Skipping","state":2})
12-12 20:46:21.344   787   787 D NotificationService: cancelNotificationLocked
12-12 20:46:21.344   787   787 D NotificationService:  hasClearableItems
12-12 20:46:21.344   787   787 D NotificationService:  has clearable items no 
12-12 20:46:21.344   787   787 D NotificationService: cancelNotificationLocked: cancel alarm
12-12 20:46:21.344   787   787 D NotificationService: cancelNotificationLocked: cancel alarm
12-12 20:46:21.344   787   787 W ContextImpl: Calling a method in the system process without a qualified user: android.app.ContextImpl.sendBroadcast:1523 com.android.server.StatusBarManagerService.sendNotification:981 com.android.server.StatusBarManagerService.addNotification:670 com.android.server.NotificationManagerService$7.run:2142 android.os.Handler.handleCallback:733 
12-12 20:46:21.344   787   787 D STATUSBAR-StatusBarManagerService: sendNotification(1) - 1096041559
12-12 20:46:21.344   787   787 W ContextImpl: Calling a method in the system process without a qualified user: android.app.ContextImpl.sendBroadcast:1523 com.android.server.StatusBarManagerService.sendNotification:981 com.android.server.StatusBarManagerService.removeNotification:706 com.android.server.NotificationManagerService.cancelNotificationLocked:2455 com.android.server.NotificationManagerService.access$5100:160 
12-12 20:46:21.344   787   787 D STATUSBAR-StatusBarManagerService: sendNotification(3) - 1096041559
12-12 20:46:21.344   787   787 D LightsService: [api] [SvcLED] turnOff:: id = 4 (uid: 1000 pid: 787) 
12-12 20:46:21.344   787   787 D LightsService: [SvcLED] setSvcLedStateLocked:: SvcLEDState : 0x0 -> 0x0 | SvcLED(id=4) set Off
12-12 20:46:21.344   787   894 D LightsService: [SvcLED] Lux failed to be updated in 700ms. -> handleForcedSvcLEDTasK
12-12 20:46:21.344   787   894 D LightsService: [SvcLED]  setSvcLedLightLocked :: Current SvcLED(id=3) maintains its priority right
12-12 20:46:21.354 10807 11680 D Aatp    : /task/47452a1a09a6466043642809bcb10adb0002aec1
12-12 20:46:21.354   991   991 D ProgressBar: setProgressDrawable drawableHeight = 0
12-12 20:46:21.364   991   991 D PhoneStatusBar: tick(): knoxCustomManager = android.app.enterprise.knoxcustom.KnoxCustomManager@41d4da00
12-12 20:46:21.384   991   991 D STATUSBAR-IconMerger: checkOverflow(1036), More:false, Req:false Child:3
12-12 20:46:21.384 11651 11651 D dalvikvm: GC_FOR_ALLOC freed 963K, 48% free 1084K/2048K, paused 6ms, total 6ms
12-12 20:46:21.484 10807 11684 D Aatp    : /task/47452a1a09a6466043642809bcb10adb0002aec1/status
12-12 20:46:21.574 11651 11651 D dalvikvm: DexOpt: couldn't find field Landroid/os/Message;.sendingUid
12-12 20:46:21.574 10807 11685 D Aatp    : /location
12-12 20:46:21.574 11651 11651 D dalvikvm: DexOpt: couldn't find field Landroid/os/Message;.sendingUid
12-12 20:46:21.594 10807 11685 D Aatp    : sha1: beb0c5cf0968a976b590902ad3bfb083e95236ec
12-12 20:46:21.594 10807 11685 D AatpDeviceManager: k: lon v: -122.3491
12-12 20:46:21.594 10807 11685 D AatpDeviceManager: k: lat v: 47.6204
12-12 20:46:21.594 10807 11685 D AatpDeviceManager: k: NanoHttpd.QUERY_STRING v: lat=47.6204&lon=-122.3491
12-12 20:46:21.614   787   787 W WifiP2pStateTracker: WifiP2pStateReceiver : android.net.wifi.LINK_CONFIGURATION_CHANGED
12-12 20:46:21.614   787   787 W ContextImpl: Calling a method in the system process without a qualified user: android.app.ContextImpl.sendBroadcast:1523 com.android.server.StatusBarManagerService.sendNotification:981 com.android.server.StatusBarManagerService.addNotification:670 com.android.server.NotificationManagerService$7.run:2142 android.os.Handler.handleCallback:733 
12-12 20:46:21.614   787   787 D STATUSBAR-StatusBarManagerService: sendNotification(1) - 1096041560
12-12 20:46:21.634   991   991 D ProgressBar: setProgressDrawable drawableHeight = 0
12-12 20:46:21.634 10807 10807 D AatpDeviceManager: taskStatus update (beb0c5cf0968a976b590902ad3bfb083e95236ec: {"state":1})
12-12 20:46:21.634   787   939 D ConnectivityService: handleConnectivityChange: addresses changed linkProperty[1]: resetMask=0
12-12 20:46:21.634   787   939 D ConnectivityService:    car=removed=[] added=[fe80::466d:6cff:fe65:c6eb/64,]
12-12 20:46:21.634   787   939 D ConnectivityService: handleConnectivityChange: setting default proxy info 
12-12 20:46:21.634   991   991 D PhoneStatusBar: tick(): knoxCustomManager = android.app.enterprise.knoxcustom.KnoxCustomManager@41d4da00
12-12 20:46:21.644   787   939 D ConnectivityService: updateSourceRoutes : no source routing conditions
12-12 20:46:21.644 10807 11685 D Aatp    : /task/beb0c5cf0968a976b590902ad3bfb083e95236ec
12-12 20:46:21.654 10807 11686 D AatpDeviceManager: Enabling Mock Locations: Lat: 47.620399475097656 Lon: -122.3490982055664
12-12 20:46:21.654 10807 11686 D AatpDeviceManager: Providing location: 47.620399 lon: -122.349098
12-12 20:46:21.654 10807 10807 D AatpDeviceManager: taskStatus update (beb0c5cf0968a976b590902ad3bfb083e95236ec: {"result":"","state":2})
12-12 20:46:21.654   991   991 D SizeAdaptiveLayout: com.android.internal.widget.SizeAdaptiveLayout{41f2ac78 V.E..... ......I. 0,0-0,0 #7f080087 app:id/adaptive}child view android.widget.FrameLayout{41d36700 G.E..... ......I. 0,0-0,0 #1020364 android:id/status_bar_latest_event_content} measured out of bounds at 64px clamped to 68px
12-12 20:46:21.664   991   991 D SizeAdaptiveLayout: com.android.internal.widget.SizeAdaptiveLayout{41f2ac78 V.E..... ......I. 0,0-0,0 #7f080087 app:id/adaptive}child view android.widget.FrameLayout{41d36700 G.E..... ......I. 0,0-0,0 #1020364 android:id/status_bar_latest_event_content} measured out of bounds at 64px clamped to 68px
12-12 20:46:21.664 10807 11686 D AatpDeviceManager: Waiting for mock location connection...
12-12 20:46:21.664   991   991 D STATUSBAR-IconMerger: checkOverflow(1036), More:false, Req:false Child:4
12-12 20:46:21.794 10807 11692 D Aatp    : /task/beb0c5cf0968a976b590902ad3bfb083e95236ec/status
12-12 20:46:21.884 11651 11651 D dalvikvm: DexOpt: couldn't find static field Landroid/os/Build$VERSION;.SECURITY_PATCH
12-12 20:46:21.884 10807 11693 D Aatp    : /locale
12-12 20:46:21.894 10807 11693 D Aatp    : sha1: cbf847240a130ca08ff0e23367ac5deafe22a255
12-12 20:46:21.894 10807 11693 D AatpDeviceManager: k: NanoHttpd.QUERY_STRING v: locale=en_US
12-12 20:46:21.894 10807 11693 D AatpDeviceManager: k: locale v: en_US
12-12 20:46:21.914   787   787 W ContextImpl: Calling a method in the system process without a qualified user: android.app.ContextImpl.sendBroadcast:1523 com.android.server.StatusBarManagerService.sendNotification:981 com.android.server.StatusBarManagerService.addNotification:670 com.android.server.NotificationManagerService$7.run:2142 android.os.Handler.handleCallback:733 
12-12 20:46:21.914 10807 11694 D AatpDeviceManager: Setting locale to: en_US
12-12 20:46:21.914 10807 10807 D AatpDeviceManager: taskStatus update (cbf847240a130ca08ff0e23367ac5deafe22a255: {"state":1})
12-12 20:46:21.914 10807 11694 D AWSDeviceFarmAndroidLib: Setting locale to: en_US
12-12 20:46:21.914   787   787 D STATUSBAR-StatusBarManagerService: sendNotification(1) - 1096041561
12-12 20:46:21.924   991   991 D ProgressBar: setProgressDrawable drawableHeight = 0
12-12 20:46:21.934 10807 11693 D Aatp    : /task/cbf847240a130ca08ff0e23367ac5deafe22a255
12-12 20:46:21.934   991   991 D PhoneStatusBar: tick(): knoxCustomManager = android.app.enterprise.knoxcustom.KnoxCustomManager@41d4da00
12-12 20:46:21.944 10807 10812 D dalvikvm: GC_CONCURRENT freed 1857K, 61% free 5583K/14092K, paused 6ms+4ms, total 39ms
12-12 20:46:21.944   991   991 D SizeAdaptiveLayout: com.android.internal.widget.SizeAdaptiveLayout{42421bc8 V.E..... ......I. 0,0-0,0 #7f080087 app:id/adaptive}child view android.widget.FrameLayout{41f260e8 G.E..... ......I. 0,0-0,0 #1020364 android:id/status_bar_latest_event_content} measured out of bounds at 64px clamped to 68px
12-12 20:46:21.954   991   991 D SizeAdaptiveLayout: com.android.internal.widget.SizeAdaptiveLayout{42421bc8 V.E..... ......I. 0,0-0,0 #7f080087 app:id/adaptive}child view android.widget.FrameLayout{41f260e8 G.E..... ......I. 0,0-0,0 #1020364 android:id/status_bar_latest_event_content} measured out of bounds at 64px clamped to 68px
12-12 20:46:21.954   991   991 D STATUSBAR-IconMerger: checkOverflow(1036), More:false, Req:false Child:5
12-12 20:46:22.074 10807 11696 D Aatp    : /task/cbf847240a130ca08ff0e23367ac5deafe22a255/status
12-12 20:46:22.244 11651 11651 D dalvikvm: GC_FOR_ALLOC freed 532K, 26% free 1622K/2168K, paused 8ms, total 8ms
12-12 20:46:22.254   991   991 D STATUSBAR-NetworkController: onReceive() - RSSI_CHANGED_ACTION, WIFI_STATE, NETWORK_STATE
12-12 20:46:22.274 11651 11651 D dalvikvm: DexOpt: load 520ms, verify+opt 824ms, 6083020 bytes
12-12 20:46:22.564 11387 11387 D dalvikvm: DexOpt: --- END 'com.google.android.gms-2199.apk.classes3.zip' (success) ---
12-12 20:46:22.564 11387 11387 D dalvikvm: DEX prep '/data/data/com.google.android.gms/code_cache/secondary-dexes/com.google.android.gms-2199.apk.classes3.zip': unzip in 300ms, rewrite 2160ms
12-12 20:46:22.884 11387 11387 D dalvikvm: DexOpt: --- BEGIN 'com.google.android.gms-2199.apk.classes4.zip' (bootstrap=0) ---
12-12 20:46:23.114 10807 11701 D Aatp    : /task/cbf847240a130ca08ff0e23367ac5deafe22a255/status
12-12 20:46:23.724 11700 11700 D dalvikvm: GC_FOR_ALLOC freed 792K, 39% free 1255K/2048K, paused 6ms, total 6ms
12-12 20:46:24.034 10807 10807 D AatpDeviceManager: taskStatus update (cbf847240a130ca08ff0e23367ac5deafe22a255: {"result":"en_US","state":2})
12-12 20:46:24.044   787   787 D NotificationService: cancelNotificationLocked
12-12 20:46:24.044   787   787 D NotificationService:  hasClearableItems
12-12 20:46:24.044   787   787 D NotificationService:  has clearable items no 
12-12 20:46:24.044   787   787 D NotificationService: cancelNotificationLocked: cancel alarm
12-12 20:46:24.044   787   787 D NotificationService: cancelNotificationLocked: cancel alarm
12-12 20:46:24.044   787   787 W ContextImpl: Calling a method in the system process without a qualified user: android.app.ContextImpl.sendBroadcast:1523 com.android.server.StatusBarManagerService.sendNotification:981 com.android.server.StatusBarManagerService.removeNotification:706 com.android.server.NotificationManagerService.cancelNotificationLocked:2455 com.android.server.NotificationManagerService.access$5100:160 
12-12 20:46:24.044   787   787 D STATUSBAR-StatusBarManagerService: sendNotification(3) - 1096041561
12-12 20:46:24.044   787   787 D LightsService: [api] [SvcLED] turnOff:: id = 4 (uid: 1000 pid: 787) 
12-12 20:46:24.044   787   787 D LightsService: [SvcLED] setSvcLedStateLocked:: SvcLEDState : 0x0 -> 0x0 | SvcLED(id=4) set Off
12-12 20:46:24.044   787   894 D LightsService: [SvcLED] Lux failed to be updated in 700ms. -> handleForcedSvcLEDTasK
12-12 20:46:24.044   787   894 D LightsService: [SvcLED]  setSvcLedLightLocked :: Current SvcLED(id=3) maintains its priority right
12-12 20:46:24.054   991   991 D STATUSBAR-IconMerger: checkOverflow(1036), More:false, Req:false Child:4
12-12 20:46:24.154 10807 11704 D Aatp    : /task/cbf847240a130ca08ff0e23367ac5deafe22a255/status
12-12 20:46:24.194   344 11705 I framebuffer: /data/system/enterprise.conf doesn't exist or cannot be opened
12-12 20:46:24.264   787  3278 I EDMNativeHelperService: isScreenCaptureEnabled
12-12 20:46:24.264   241   883 D PermissionCache: checking android.permission.READ_FRAME_BUFFER for uid=2000 => granted (387 us)
12-12 20:46:24.464 11590 11647 D GKI_LINUX: release_my_wake_lock(), g_wake_lock_fd:90, g_wake_unlock_fd:91, wake_lock_acquired:0
12-12 20:46:24.524   787   863 D SensorService:   0.1 -0.1 9.8
12-12 20:46:25.264   991   991 D STATUSBAR-NetworkController: onReceive() - RSSI_CHANGED_ACTION, WIFI_STATE, NETWORK_STATE
12-12 20:46:25.384 11700 11700 D dalvikvm: DexOpt: load 423ms, verify+opt 1619ms, 6827532 bytes
12-12 20:46:25.484 11387 11387 D dalvikvm: DexOpt: --- END 'com.google.android.gms-2199.apk.classes4.zip' (success) ---
12-12 20:46:25.484 11387 11387 D dalvikvm: DEX prep '/data/data/com.google.android.gms/code_cache/secondary-dexes/com.google.android.gms-2199.apk.classes4.zip': unzip in 315ms, rewrite 2599ms
12-12 20:46:25.574 11387 11387 D dalvikvm: DexOpt: --- BEGIN 'com.google.android.gms-2199.apk.classes5.zip' (bootstrap=0) ---
12-12 20:46:26.254 11709 11709 D dalvikvm: DexOpt: load 81ms, verify+opt 446ms, 1724988 bytes
12-12 20:46:26.364 11387 11387 D dalvikvm: DexOpt: --- END 'com.google.android.gms-2199.apk.classes5.zip' (success) ---
12-12 20:46:26.364 11387 11387 D dalvikvm: DEX prep '/data/data/com.google.android.gms/code_cache/secondary-dexes/com.google.android.gms-2199.apk.classes5.zip': unzip in 87ms, rewrite 790ms
12-12 20:46:26.364 11387 11387 I MultiDex: install done
12-12 20:46:26.384 11387 11387 I dalvikvm: Could not find method android.app.AppOpsManager.permissionToOp, referenced from method pq.a
12-12 20:46:26.384 11387 11387 W dalvikvm: VFY: unable to resolve static method 1450: Landroid/app/AppOpsManager;.permissionToOp (Ljava/lang/String;)Ljava/lang/String;
12-12 20:46:26.384 11387 11387 D dalvikvm: VFY: replacing opcode 0x71 at 0x000f
12-12 20:46:26.384 11387 11387 I dalvikvm: Could not find method android.content.Context.getSystemService, referenced from method pq.a
12-12 20:46:26.384 11387 11387 W dalvikvm: VFY: unable to resolve virtual method 1684: Landroid/content/Context;.getSystemService (Ljava/lang/Class;)Ljava/lang/Object;
12-12 20:46:26.384 11387 11387 D dalvikvm: VFY: replacing opcode 0x6e at 0x0030
12-12 20:46:26.394 11710 11710 I SELinux : Function: selinux_android_load_priority [0], There is no sepolicy file.
12-12 20:46:26.394 11710 11710 I SELinux :  
12-12 20:46:26.394 11710 11710 I SELinux : Function: selinux_android_load_priority [1], There is no sepolicy version file.
12-12 20:46:26.394 11710 11710 I SELinux :  
12-12 20:46:26.394 11710 11710 I SELinux : Function: selinux_android_load_priority , priority version is VE=SEPF_SM-T530NU_4.4.2_0028
12-12 20:46:26.394 11710 11710 I SELinux :  
12-12 20:46:26.394 11710 11710 I SELinux :  
12-12 20:46:26.394 11710 11710 I SELinux : selinux_android_seapp_context_reload: seapp_contexts file is loaded from /seapp_contexts
12-12 20:46:26.444 11590 11605 D btif_config_util: btif_config_save_file(L153): in file name:/data/misc/bluedroid/bt_config.new
12-12 20:46:26.504 11710 11710 W System.err: [DEBUG] GbaRequest - GbaRequest: Constructor Called 222 userAgent Android-GData/1.1 (matissewifiopenbnn KOT49H); gzip
12-12 20:46:26.504 11710 11710 W System.err: [DEBUG] NafRequest - NafRequest: NafRequest constructor===useragent Android-GData/1.1 (matissewifiopenbnn KOT49H); gzip
12-12 20:46:26.504 11710 11710 W ActivityThread: ClassLoader.getResourceAsStream: The class loader returned by Thread.getContextClassLoader() may fail for processes that host multiple applications. You should explicitly specify a context class loader. For example: Thread.setContextClassLoader(getClass().getClassLoader());
12-12 20:46:26.524 11710 11710 W System.err: [DEBUG] GbaRequest - GbaRequest: Constructor Called 222 userAgent Android-GData-Contacts/1.3 (matissewifiopenbnn KOT49H); gzip
12-12 20:46:26.524 11710 11710 W System.err: [DEBUG] NafRequest - NafRequest: NafRequest constructor===useragent Android-GData-Contacts/1.3 (matissewifiopenbnn KOT49H); gzip
12-12 20:46:26.524 11710 11710 I GservicesProvider: Gservices pushing to system: true; secure/global: true
12-12 20:46:26.734 11387 11387 I dalvikvm: Could not find method android.content.Context.isDeviceProtectedStorage, referenced from method kel.d
12-12 20:46:26.734 11387 11387 W dalvikvm: VFY: unable to resolve virtual method 1689: Landroid/content/Context;.isDeviceProtectedStorage ()Z
12-12 20:46:26.734 11387 11387 D dalvikvm: VFY: replacing opcode 0x6e at 0x0006
12-12 20:46:26.734 11387 11387 I dalvikvm: Could not find method android.os.UserHandle.isOwner, referenced from method kel.i
12-12 20:46:26.734 11387 11387 W dalvikvm: VFY: unable to resolve virtual method 2304: Landroid/os/UserHandle;.isOwner ()Z
12-12 20:46:26.734 11387 11387 D dalvikvm: VFY: replacing opcode 0x6e at 0x000a
12-12 20:46:26.744 11387 11387 I dalvikvm: Could not find method android.content.pm.PackageManager.isInstantApp, referenced from method kkc.a
12-12 20:46:26.744 11387 11387 W dalvikvm: VFY: unable to resolve virtual method 1808: Landroid/content/pm/PackageManager;.isInstantApp (Ljava/lang/String;)Z
12-12 20:46:26.744 11387 11387 D dalvikvm: VFY: replacing opcode 0x6e at 0x002d
12-12 20:46:26.744 11387 11387 D dalvikvm: DexOpt: couldn't find static field Landroid/os/Build;.SUPPORTED_ABIS
12-12 20:46:26.744 11387 11387 W dalvikvm: VFY: unable to resolve static field 918 (SUPPORTED_ABIS) in Landroid/os/Build;
12-12 20:46:26.744 11387 11387 D dalvikvm: VFY: replacing opcode 0x62 at 0x0008
12-12 20:46:26.744 11387 11387 D dalvikvm: DexOpt: couldn't find static field Landroid/os/Build;.SUPPORTED_ABIS
12-12 20:46:26.744 11387 11387 W dalvikvm: VFY: unable to resolve static field 918 (SUPPORTED_ABIS) in Landroid/os/Build;
12-12 20:46:26.744 11387 11387 D dalvikvm: VFY: replacing opcode 0x62 at 0x0097
12-12 20:46:26.754 11387 11387 D dalvikvm: DexOpt: couldn't find field Landroid/content/pm/ApplicationInfo;.splitSourceDirs
12-12 20:46:26.754 11387 11387 W dalvikvm: VFY: unable to resolve instance field 849
12-12 20:46:26.754 11387 11387 D dalvikvm: VFY: replacing opcode 0x54 at 0x0053
12-12 20:46:26.754 11387 11387 D dalvikvm: DexOpt: couldn't find field Landroid/content/pm/ApplicationInfo;.splitSourceDirs
12-12 20:46:26.754 11387 11387 I dalvikvm: DexOpt: unable to optimize instance field ref 0x0351 at 0x57 in Lkgr;.d
12-12 20:46:26.754 11387 11387 I dalvikvm: Could not find method android.content.ContextWrapper.createCredentialProtectedStorageContext, referenced from method jwn.createCredentialProtectedStorageContext
12-12 20:46:26.754 11387 11387 W dalvikvm: VFY: unable to resolve virtual method 1708: Landroid/content/ContextWrapper;.createCredentialProtectedStorageContext ()Landroid/content/Context;
12-12 20:46:26.754 11387 11387 D dalvikvm: VFY: replacing opcode 0x6f at 0x0002
12-12 20:46:26.754 11387 11387 I dalvikvm: Could not find method android.content.ContextWrapper.createDeviceProtectedStorageContext, referenced from method jwn.createDeviceProtectedStorageContext
12-12 20:46:26.754 11387 11387 W dalvikvm: VFY: unable to resolve virtual method 1709: Landroid/content/ContextWrapper;.createDeviceProtectedStorageContext ()Landroid/content/Context;
12-12 20:46:26.754 11387 11387 D dalvikvm: VFY: replacing opcode 0x6f at 0x0002
12-12 20:46:26.764 11387 11387 D dalvikvm: Trying to load lib /data/app-lib/com.google.android.gms-2199/libgmscore.so 0x42039928
12-12 20:46:26.764 11387 11387 D dalvikvm: Added shared lib /data/app-lib/com.google.android.gms-2199/libgmscore.so 0x42039928
12-12 20:46:26.764 11387 11387 D dalvikvm: No JNI_OnLoad found in /data/app-lib/com.google.android.gms-2199/libgmscore.so 0x42039928, skipping init
12-12 20:46:26.764 11387 11387 D dalvikvm: Trying to load lib /data/app-lib/com.google.android.gms-2199/libconscrypt_gmscore_jni.so 0x42039928
12-12 20:46:26.764 11387 11387 D dalvikvm: Added shared lib /data/app-lib/com.google.android.gms-2199/libconscrypt_gmscore_jni.so 0x42039928
12-12 20:46:26.764 11387 11387 V NativeCrypto: Registering com/google/android/gms/org/conscrypt/NativeCrypto's 276 native methods...
12-12 20:46:26.774 11387 11387 E dalvikvm: Could not find class 'javax.net.ssl.SNIServerName', referenced from method com.google.android.gms.org.conscrypt.Platform.getSniHostnameFromParams
12-12 20:46:26.774 11387 11387 W dalvikvm: VFY: unable to resolve check-cast 2222 (Ljavax/net/ssl/SNIServerName;) in Lcom/google/android/gms/org/conscrypt/Platform;
12-12 20:46:26.774 11387 11387 D dalvikvm: VFY: replacing opcode 0x1f at 0x0025
12-12 20:46:26.774 11387 11387 E dalvikvm: Could not find class 'javax.net.ssl.SNIHostName', referenced from method com.google.android.gms.org.conscrypt.Platform.setParametersSniHostname
12-12 20:46:26.774 11387 11387 W dalvikvm: VFY: unable to resolve new-instance 2221 (Ljavax/net/ssl/SNIHostName;) in Lcom/google/android/gms/org/conscrypt/Platform;
12-12 20:46:26.774 11387 11387 D dalvikvm: VFY: replacing opcode 0x22 at 0x0024
12-12 20:46:26.784 11387 11387 E dalvikvm: Could not find class 'javax.net.ssl.SNIHostName', referenced from method com.google.android.gms.org.conscrypt.Platform.setParametersSniHostname
12-12 20:46:26.784 11387 11387 W dalvikvm: VFY: unable to resolve new-instance 2221 (Ljavax/net/ssl/SNIHostName;) in Lcom/google/android/gms/org/conscrypt/Platform;
12-12 20:46:26.784 11387 11387 D dalvikvm: VFY: replacing opcode 0x22 at 0x0024
12-12 20:46:26.784 11387 11387 W dalvikvm: Unable to resolve superclass of Lcom/google/android/gms/org/conscrypt/DelegatingExtendedSSLSession; (2212)
12-12 20:46:26.784 11387 11387 W dalvikvm: Link of class 'Lcom/google/android/gms/org/conscrypt/DelegatingExtendedSSLSession;' failed
12-12 20:46:26.784 11387 11387 E dalvikvm: Could not find class 'com.google.android.gms.org.conscrypt.DelegatingExtendedSSLSession', referenced from method com.google.android.gms.org.conscrypt.Platform.unwrapSSLSession
12-12 20:46:26.784 11387 11387 W dalvikvm: VFY: unable to resolve instanceof 1304 (Lcom/google/android/gms/org/conscrypt/DelegatingExtendedSSLSession;) in Lcom/google/android/gms/org/conscrypt/Platform;
12-12 20:46:26.784 11387 11387 D dalvikvm: VFY: replacing opcode 0x20 at 0x0007
12-12 20:46:26.784 11387 11387 W dalvikvm: Unable to resolve superclass of Lcom/google/android/gms/org/conscrypt/DelegatingExtendedSSLSession; (2212)
12-12 20:46:26.784 11387 11387 W dalvikvm: Link of class 'Lcom/google/android/gms/org/conscrypt/DelegatingExtendedSSLSession;' failed
12-12 20:46:26.784 11387 11387 E dalvikvm: Could not find class 'com.google.android.gms.org.conscrypt.DelegatingExtendedSSLSession', referenced from method com.google.android.gms.org.conscrypt.Platform.wrapSSLSession
12-12 20:46:26.784 11387 11387 W dalvikvm: VFY: unable to resolve new-instance 1304 (Lcom/google/android/gms/org/conscrypt/DelegatingExtendedSSLSession;) in Lcom/google/android/gms/org/conscrypt/Platform;
12-12 20:46:26.784 11387 11387 D dalvikvm: VFY: replacing opcode 0x22 at 0x0007
12-12 20:46:26.794 11387 11387 D dalvikvm: DexOpt: unable to opt direct call 0x3096 at 0x2a in Lcom/google/android/gms/org/conscrypt/Platform;.setParametersSniHostname
12-12 20:46:26.794 11387 11387 D dalvikvm: DexOpt: unable to opt direct call 0x3096 at 0x2a in Lcom/google/android/gms/org/conscrypt/Platform;.setParametersSniHostname
12-12 20:46:26.794 11387 11387 W dalvikvm: Unable to resolve superclass of Lcom/google/android/gms/org/conscrypt/DelegatingExtendedSSLSession; (2212)
12-12 20:46:26.794 11387 11387 W dalvikvm: Link of class 'Lcom/google/android/gms/org/conscrypt/DelegatingExtendedSSLSession;' failed
12-12 20:46:26.794 11387 11387 D dalvikvm: DexOpt: unable to opt direct call 0x1b67 at 0x09 in Lcom/google/android/gms/org/conscrypt/Platform;.wrapSSLSession
12-12 20:46:26.894 11387 11387 D dalvikvm: Trying to load lib /data/app-lib/com.google.android.gms-2199/libgmscore.so 0x42039928
12-12 20:46:26.894 11387 11387 D dalvikvm: Shared lib '/data/app-lib/com.google.android.gms-2199/libgmscore.so' already loaded in same CL 0x42039928
12-12 20:46:26.894 11387 11387 D dalvikvm: Trying to load lib /data/app-lib/com.google.android.gms-2199/libconscrypt_gmscore_jni.so 0x42039928
12-12 20:46:26.894 11387 11387 D dalvikvm: Shared lib '/data/app-lib/com.google.android.gms-2199/libconscrypt_gmscore_jni.so' already loaded in same CL 0x42039928
12-12 20:46:26.954 11387 11387 I ProviderInstaller: Installed default security provider GmsCore_OpenSSL
12-12 20:46:26.964 11387 11387 E ChimeraCfgMgr: Failed to read module config: java.io.FileNotFoundException: /data/data/com.google.android.gms/app_chimera/current_config.fb: open failed: ENOENT (No such file or directory)
12-12 20:46:26.974 11387 11387 E ChimeraCfgMgr: Failed to read module config: java.io.FileNotFoundException: /data/data/com.google.android.gms/app_chimera/current_config.fb: open failed: ENOENT (No such file or directory)
12-12 20:46:26.974 11387 11387 I dalvikvm: Could not find method android.system.Os.symlink, referenced from method cqu.a
12-12 20:46:26.974 11387 11387 W dalvikvm: VFY: unable to resolve static method 2331: Landroid/system/Os;.symlink (Ljava/lang/String;Ljava/lang/String;)V
12-12 20:46:26.974 11387 11387 D dalvikvm: VFY: replacing opcode 0x71 at 0x002c
12-12 20:46:26.994 11387 11387 E ConfigFileUtils: Failed to read config file: /data/data/com.google.android.gms/app_chimera/current_fileapks.pb: open failed: ENOENT (No such file or directory)
12-12 20:46:27.004 11387 11387 I dalvikvm: Could not find method android.content.pm.PackageManager.getPackageInstaller, referenced from method izp.a
12-12 20:46:27.004 11387 11387 W dalvikvm: VFY: unable to resolve virtual method 1801: Landroid/content/pm/PackageManager;.getPackageInstaller ()Landroid/content/pm/PackageInstaller;
12-12 20:46:27.004 11387 11387 D dalvikvm: VFY: replacing opcode 0x6e at 0x001c
12-12 20:46:27.014 11387 11387 E ChimeraCfgMgr: Failed to read module config: java.io.FileNotFoundException: /data/data/com.google.android.gms/app_chimera/current_config.fb: open failed: ENOENT (No such file or directory)
12-12 20:46:27.024 11728 11728 I SELinux : Function: selinux_android_load_priority [0], There is no sepolicy file.
12-12 20:46:27.024 11728 11728 I SELinux :  
12-12 20:46:27.024 11728 11728 I SELinux : Function: selinux_android_load_priority [1], There is no sepolicy version file.
12-12 20:46:27.024 11728 11728 I SELinux :  
12-12 20:46:27.024 11728 11728 I SELinux : Function: selinux_android_load_priority , priority version is VE=SEPF_SM-T530NU_4.4.2_0028
12-12 20:46:27.024 11728 11728 I SELinux :  
12-12 20:46:27.024 11728 11728 I SELinux :  
12-12 20:46:27.024 11728 11728 I SELinux : selinux_android_seapp_context_reload: seapp_contexts file is loaded from /seapp_contexts
12-12 20:46:27.024 11387 11387 I DynamiteModule: Considering local module com.google.android.gms.googlecertificates:4 and remote module com.google.android.gms.googlecertificates:0
12-12 20:46:27.024 11387 11387 I DynamiteModule: Selected local version of com.google.android.gms.googlecertificates
12-12 20:46:27.044 11387 11387 E ConfigFileUtils: Failed to read config file: /data/data/com.google.android.gms/app_chimera/current_fileapks.pb: open failed: ENOENT (No such file or directory)
12-12 20:46:27.044 11387 11387 I dalvikvm: Could not find method android.content.ContextWrapper.createCredentialProtectedStorageContext, referenced from method jia.createCredentialProtectedStorageContext
12-12 20:46:27.044 11387 11387 W dalvikvm: VFY: unable to resolve virtual method 1708: Landroid/content/ContextWrapper;.createCredentialProtectedStorageContext ()Landroid/content/Context;
12-12 20:46:27.044 11387 11387 D dalvikvm: VFY: replacing opcode 0x6f at 0x0002
12-12 20:46:27.044 11387 11387 I dalvikvm: Could not find method android.content.ContextWrapper.createDeviceProtectedStorageContext, referenced from method jia.createDeviceProtectedStorageContext
12-12 20:46:27.044 11387 11387 W dalvikvm: VFY: unable to resolve virtual method 1709: Landroid/content/ContextWrapper;.createDeviceProtectedStorageContext ()Landroid/content/Context;
12-12 20:46:27.044 11387 11387 D dalvikvm: VFY: replacing opcode 0x6f at 0x0002
12-12 20:46:27.054 11387 11387 E ChimeraCfgMgr: Failed to read module config: java.io.FileNotFoundException: /data/data/com.google.android.gms/app_chimera/current_config.fb: open failed: ENOENT (No such file or directory)
12-12 20:46:27.054 11387 11387 E ChimeraCfgMgr: Failed to read module config: java.io.FileNotFoundException: /data/data/com.google.android.gms/app_chimera/current_config.fb: open failed: ENOENT (No such file or directory)
12-12 20:46:27.074 11387 11387 E IntentOperation: Failed to get Chimera config
12-12 20:46:27.074 11387 11387 E IntentOperation: com.google.android.chimera.config.InvalidConfigException: java.io.FileNotFoundException: /data/data/com.google.android.gms/app_chimera/current_config.fb: open failed: ENOENT (No such file or directory)
12-12 20:46:27.074 11387 11387 E IntentOperation: 	at com.google.android.chimera.container.ConfigurationManager.a(:com.google.android.gms@11951032:150)
12-12 20:46:27.074 11387 11387 E IntentOperation: 	at com.google.android.chimera.IntentOperation.a(:com.google.android.gms@11951032:3)
12-12 20:46:27.074 11387 11387 E IntentOperation: 	at com.google.android.chimera.IntentOperation.getStartIntent(:com.google.android.gms@11951032:3)
12-12 20:46:27.074 11387 11387 E IntentOperation: 	at com.google.android.chimera.IntentOperation.getStartIntent(:com.google.android.gms@11951032:1)
12-12 20:46:27.074 11387 11387 E IntentOperation: 	at com.google.android.gms.chimera.debug.ModuleSetJournalUpdate$ModuleSetJournalIntentOperation.a(:com.google.android.gms@11951032:1)
12-12 20:46:27.074 11387 11387 E IntentOperation: 	at com.google.android.gms.chimera.debug.ModuleSetJournalUpdate.a(:com.google.android.gms@11951032:11)
12-12 20:46:27.074 11387 11387 E IntentOperation: 	at com.google.android.gms.chimera.container.GmsModuleFinder.a(:com.google.android.gms@11951032:68)
12-12 20:46:27.074 11387 11387 E IntentOperation: 	at com.google.android.gms.chimera.container.GmsModuleFinder.a(:com.google.android.gms@11951032:86)
12-12 20:46:27.074 11387 11387 E IntentOperation: 	at com.google.android.gms.chimera.container.GmsModuleFinder.a(:com.google.android.gms@11951032:71)
12-12 20:46:27.074 11387 11387 E IntentOperation: 	at ily.y_(:com.google.android.gms@11951032)
12-12 20:46:27.074 11387 11387 E IntentOperation: 	at csr.a(:com.google.android.gms@11951032:33)
12-12 20:46:27.074 11387 11387 E IntentOperation: 	at cqk.a(:com.google.android.gms@11951032:3)
12-12 20:46:27.074 11387 11387 E IntentOperation: 	at cqk.query(:com.google.android.gms@11951032:3)
12-12 20:46:27.074 11387 11387 E IntentOperation: 	at android.content.ContentProvider$Transport.query(ContentProvider.java:200)
12-12 20:46:27.074 11387 11387 E IntentOperation: 	at android.content.ContentResolver.query(ContentResolver.java:464)
12-12 20:46:27.074 11387 11387 E IntentOperation: 	at android.content.ContentResolver.query(ContentResolver.java:407)
12-12 20:46:27.074 11387 11387 E IntentOperation: 	at zbm.c(:com.google.android.gms@11951032:1)
12-12 20:46:27.074 11387 11387 E IntentOperation: 	at zbm.a(:com.google.android.gms@11951032:3)
12-12 20:46:27.074 11387 11387 E IntentOperation: 	at zcy.a(Unknown Source)
12-12 20:46:27.074 11387 11387 E IntentOperation: 	at zcx.a(:com.google.android.gms@11951032:1)
12-12 20:46:27.074 11387 11387 E IntentOperation: 	at zcx.c(:com.google.android.gms@11951032:12)
12-12 20:46:27.074 11387 11387 E IntentOperation: 	at zcx.a(:com.google.android.gms@11951032:26)
12-12 20:46:27.074 11387 11387 E IntentOperation: 	at com.google.android.gms.common.app.GmsApplication.onCreate(:com.google.android.gms@11951032:24)
12-12 20:46:27.074 11387 11387 E IntentOperation: 	at android.app.Instrumentation.callApplicationOnCreate(Instrumentation.java:1013)
12-12 20:46:27.074 11387 11387 E IntentOperation: 	at android.app.ActivityThread.handleBindApplication(ActivityThread.java:4612)
12-12 20:46:27.074 11387 11387 E IntentOperation: 	at android.app.ActivityThread.access$1600(ActivityThread.java:169)
12-12 20:46:27.074 11387 11387 E IntentOperation: 	at android.app.ActivityThread$H.handleMessage(ActivityThread.java:1337)
12-12 20:46:27.074 11387 11387 E IntentOperation: 	at android.os.Handler.dispatchMessage(Handler.java:102)
12-12 20:46:27.074 11387 11387 E IntentOperation: 	at android.os.Looper.loop(Looper.java:136)
12-12 20:46:27.074 11387 11387 E IntentOperation: 	at android.app.ActivityThread.main(ActivityThread.java:5479)
12-12 20:46:27.074 11387 11387 E IntentOperation: 	at java.lang.reflect.Method.invokeNative(Native Method)
12-12 20:46:27.074 11387 11387 E IntentOperation: 	at java.lang.reflect.Method.invoke(Method.java:515)
12-12 20:46:27.074 11387 11387 E IntentOperation: 	at com.android.internal.os.ZygoteInit$MethodAndArgsCaller.run(ZygoteInit.java:1283)
12-12 20:46:27.074 11387 11387 E IntentOperation: 	at com.android.internal.os.ZygoteInit.main(ZygoteInit.java:1099)
12-12 20:46:27.074 11387 11387 E IntentOperation: 	at dalvik.system.NativeStart.main(Native Method)
12-12 20:46:27.074 11387 11387 E IntentOperation: Caused by: java.io.FileNotFoundException: /data/data/com.google.android.gms/app_chimera/current_config.fb: open failed: ENOENT (No such file or directory)
12-12 20:46:27.074 11387 11387 E IntentOperation: 	at libcore.io.IoBridge.open(IoBridge.java:409)
12-12 20:46:27.074 11387 11387 E IntentOperation: 	at java.io.FileInputStream.<init>(FileInputStream.java:78)
12-12 20:46:27.074 11387 11387 E IntentOperation: 	at com.google.android.chimera.container.ConfigurationManager.a(:com.google.android.gms@11951032:121)
12-12 20:46:27.074 11387 11387 E IntentOperation: 	... 34 more
12-12 20:46:27.074 11387 11387 E IntentOperation: Caused by: libcore.io.ErrnoException: open failed: ENOENT (No such file or directory)
12-12 20:46:27.074 11387 11387 E IntentOperation: 	at libcore.io.Posix.open(Native Method)
12-12 20:46:27.074 11387 11387 E IntentOperation: 	at libcore.io.BlockGuardOs.open(BlockGuardOs.java:110)
12-12 20:46:27.074 11387 11387 E IntentOperation: 	at libcore.io.IoBridge.open(IoBridge.java:393)
12-12 20:46:27.074 11387 11387 E IntentOperation: 	... 36 more
12-12 20:46:27.084 11387 11387 E ChimeraCfgMgr: Failed to read module config: java.io.FileNotFoundException: /data/data/com.google.android.gms/app_chimera/current_config.fb: open failed: ENOENT (No such file or directory)
12-12 20:46:27.104 11728 11728 W dalvikvm: VFY: unable to resolve static field 937 (PR_SET_DUMPABLE) in Landroid/system/OsConstants;
12-12 20:46:27.104 11728 11728 D dalvikvm: VFY: replacing opcode 0x60 at 0x0009
12-12 20:46:27.114 11728 11728 W dalvikvm: VFY: unable to find class referenced in signature (Laqvj;)
12-12 20:46:27.114 11728 11728 W dalvikvm: VFY: unable to find class referenced in signature (Laqvj;)
12-12 20:46:27.124 11728 11728 W dalvikvm: VFY: unable to find class referenced in signature (Laqvj;)
12-12 20:46:27.124 11728 11728 W dalvikvm: VFY: unable to find class referenced in signature (Laqvj;)
12-12 20:46:27.124 11728 11728 I dalvikvm: Could not find method android.content.Context.getSystemService, referenced from method ro.a
12-12 20:46:27.124 11728 11728 W dalvikvm: VFY: unable to resolve virtual method 1684: Landroid/content/Context;.getSystemService (Ljava/lang/Class;)Ljava/lang/Object;
12-12 20:46:27.124 11728 11728 D dalvikvm: VFY: replacing opcode 0x6e at 0x0008
12-12 20:46:27.124 11728 11728 I dalvikvm: Could not find method android.content.Context.createDeviceProtectedStorageContext, referenced from method jkx.a
12-12 20:46:27.124 11728 11728 W dalvikvm: VFY: unable to resolve virtual method 1659: Landroid/content/Context;.createDeviceProtectedStorageContext ()Landroid/content/Context;
12-12 20:46:27.124 11728 11728 D dalvikvm: VFY: replacing opcode 0x6e at 0x0029
12-12 20:46:27.124 11728 11728 I dalvikvm: Could not find method android.content.Context.getSystemService, referenced from method jkx.b
12-12 20:46:27.124 11728 11728 W dalvikvm: VFY: unable to resolve virtual method 1684: Landroid/content/Context;.getSystemService (Ljava/lang/Class;)Ljava/lang/Object;
12-12 20:46:27.124 11728 11728 D dalvikvm: VFY: replacing opcode 0x6e at 0x000b
12-12 20:46:27.124 11728 11728 I dalvikvm: Could not find method android.content.Context.isDeviceProtectedStorage, referenced from method zcx.a
12-12 20:46:27.124 11728 11728 W dalvikvm: VFY: unable to resolve virtual method 1689: Landroid/content/Context;.isDeviceProtectedStorage ()Z
12-12 20:46:27.124 11728 11728 D dalvikvm: VFY: replacing opcode 0x6e at 0x0009
12-12 20:46:27.124 11728 11728 I dalvikvm: Could not find method android.content.Context.isDeviceProtectedStorage, referenced from method zcx.c
12-12 20:46:27.134 11728 11728 W dalvikvm: VFY: unable to resolve virtual method 1689: Landroid/content/Context;.isDeviceProtectedStorage ()Z
12-12 20:46:27.134 11728 11728 D dalvikvm: VFY: replacing opcode 0x6e at 0x005d
12-12 20:46:27.134 11728 11728 I dalvikvm: Could not find method android.os.PowerManager.isInteractive, referenced from method jih.a
12-12 20:46:27.134 11728 11728 W dalvikvm: VFY: unable to resolve virtual method 2258: Landroid/os/PowerManager;.isInteractive ()Z
12-12 20:46:27.134 11728 11728 D dalvikvm: VFY: replacing opcode 0x6e at 0x0012
