12-12 20:46:04.604   787  1166 D PackageManager: user{0}
12-12 20:46:04.604   787   887 D PackageManager: [MSG] CLEAR_APPLICATION_USER_DATA
12-12 20:46:04.614 11097 11221 D Documents: Used cached roots for com.android.externalstorage.documents
12-12 20:46:04.614 11097 11221 D Documents: Used cached roots for com.android.providers.downloads.documents
12-12 20:46:04.614 11097 11221 D Documents: Used cached roots for com.android.providers.media.documents
12-12 20:46:04.614 11097 11221 D Documents: Loading roots for com.google.android.apps.docs.storage
12-12 20:46:04.614   248   248 D keystore: calling clear_uid in state: 3
12-12 20:46:04.634 11097 11221 D Documents: Update found 6 roots in 20ms
12-12 20:46:04.644   787   887 D PackageManager: return delete result to caller: 1120332904
12-12 20:46:04.644 11411 11411 D AndroidRuntime: Shutting down VM
12-12 20:46:04.644 11411 11417 D dalvikvm: GC_CONCURRENT freed 97K, 13% free 677K/776K, paused 1ms+0ms, total 4ms
12-12 20:46:04.644   787   887 D PackageManager: returnCode: true
12-12 20:46:04.724   787   863 D SensorService:   0.1 -0.1 9.7
12-12 20:46:05.504 11424 11424 D AndroidRuntime: 
12-12 20:46:05.504 11424 11424 D AndroidRuntime: >>>>>> AndroidRuntime START com.android.internal.os.RuntimeInit <<<<<<
12-12 20:46:05.504 11424 11424 D AndroidRuntime: CheckJNI is OFF
12-12 20:46:05.504 11424 11424 D AndroidRuntime: setted country_code = USA
12-12 20:46:05.514 11424 11424 D AndroidRuntime: setted countryiso_code = US
12-12 20:46:05.514 11424 11424 D AndroidRuntime: setted sales_code = BNN
12-12 20:46:05.514 11424 11424 D AndroidRuntime: readGMSProperty: start
12-12 20:46:05.514 11424 11424 D AndroidRuntime: readGMSProperty: already setted!!
12-12 20:46:05.514 11424 11424 D AndroidRuntime: readGMSProperty: end
12-12 20:46:05.514 11424 11424 D AndroidRuntime: addProductProperty: start
12-12 20:46:05.524 11424 11424 D dalvikvm: Trying to load lib libjavacore.so 0x0
12-12 20:46:05.534 11424 11424 D dalvikvm: Added shared lib libjavacore.so 0x0
12-12 20:46:05.534 11424 11424 D dalvikvm: Trying to load lib libnativehelper.so 0x0
12-12 20:46:05.534 11424 11424 D dalvikvm: Added shared lib libnativehelper.so 0x0
12-12 20:46:05.534 11424 11424 D dalvikvm: No JNI_OnLoad found in libnativehelper.so 0x0, skipping init
12-12 20:46:05.764 11424 11424 E memtrack: Couldn't load memtrack module (No such file or directory)
12-12 20:46:05.764 11424 11424 E android.os.Debug: failed to load memtrack module: -2
12-12 20:46:05.804 11424 11424 D dalvikvm: Note: class Landroid/app/ActivityManagerNative; has 192 unimplemented (abstract) methods
12-12 20:46:05.884 11424 11424 D AndroidRuntime: Calling main entry com.android.commands.pm.Pm
12-12 20:46:05.984   787  1216 V ApplicationPolicy: isApplicationStateBlocked userId 0 pkgname com.samsung.android.scloud.proxy.sbrowser
12-12 20:46:05.984   787  1216 V ApplicationPolicy: isApplicationStateBlocked userId 0 pkgname com.samsung.android.scloud.proxy.sbrowser
12-12 20:46:05.984   787  1216 D PackageManager: START CLEAR APPLICATION USER DATA: observer{1136124040}
12-12 20:46:05.984   787  1216 D PackageManager: pkg{<packageName>}
12-12 20:46:05.984   787  1216 D PackageManager: user{0}
12-12 20:46:05.984   787   887 D PackageManager: [MSG] CLEAR_APPLICATION_USER_DATA
12-12 20:46:05.994  1140  1140 D ContainerEventsRelayManager: <<< Intent action is >>> : android.intent.action.PACKAGE_RESTARTED
12-12 20:46:05.994  1140  1140 D ContainerEventsRelayManager: <<< Intent data is   >>> : package:com.samsung.android.scloud.proxy.sbrowser
12-12 20:46:05.994  1140  1140 D ContainerEventsRelayManager: <<< Intent action is >>> : android.intent.action.PACKAGE_DATA_CLEARED
12-12 20:46:05.994  1140  1140 D ContainerEventsRelayManager: <<< Intent data is   >>> : package:com.samsung.android.scloud.proxy.sbrowser
12-12 20:46:05.994 11097 11116 D Documents: Used cached roots for com.android.externalstorage.documents
12-12 20:46:05.994 11097 11116 D Documents: Used cached roots for com.android.providers.downloads.documents
12-12 20:46:05.994 11097 11116 D Documents: Used cached roots for com.android.providers.media.documents
12-12 20:46:05.994 11097 11116 D Documents: Loading roots for com.google.android.apps.docs.storage
12-12 20:46:06.004   248   248 D keystore: calling clear_uid in state: 3
12-12 20:46:06.004 11097 11116 D Documents: Update found 6 roots in 16ms
12-12 20:46:06.024   787   887 D PackageManager: return delete result to caller: 1136124040
12-12 20:46:06.024 11424 11424 D AndroidRuntime: Shutting down VM
12-12 20:46:06.024   787   887 D PackageManager: returnCode: true
12-12 20:46:06.034 11424 11429 D dalvikvm: GC_CONCURRENT freed 97K, 13% free 677K/776K, paused 0ms+1ms, total 3ms
12-12 20:46:06.534 11387 11387 I MultiDex: Renaming to /data/data/com.google.android.gms/code_cache/secondary-dexes/com.google.android.gms-2199.apk.classes2.zip
12-12 20:46:06.534 11387 11387 I MultiDex: Extraction succeeded - length /data/data/com.google.android.gms/code_cache/secondary-dexes/com.google.android.gms-2199.apk.classes2.zip: 3787696 - crc: 3049240479
12-12 20:46:06.544 11387 11387 I MultiDex: Extraction is needed for file /data/data/com.google.android.gms/code_cache/secondary-dexes/com.google.android.gms-2199.apk.classes3.zip
12-12 20:46:06.544 11387 11387 I MultiDex: Extracting /data/data/com.google.android.gms/code_cache/secondary-dexes/tmp-com.google.android.gms-2199.apk.classes1343014288.zip
12-12 20:46:06.914 11436 11436 D AndroidRuntime: 
12-12 20:46:06.914 11436 11436 D AndroidRuntime: >>>>>> AndroidRuntime START com.android.internal.os.RuntimeInit <<<<<<
12-12 20:46:06.914 11436 11436 D AndroidRuntime: CheckJNI is OFF
12-12 20:46:06.914 11436 11436 D AndroidRuntime: setted country_code = USA
12-12 20:46:06.914 11436 11436 D AndroidRuntime: setted countryiso_code = US
12-12 20:46:06.914 11436 11436 D AndroidRuntime: setted sales_code = BNN
12-12 20:46:06.914 11436 11436 D AndroidRuntime: readGMSProperty: start
12-12 20:46:06.914 11436 11436 D AndroidRuntime: readGMSProperty: already setted!!
12-12 20:46:06.914 11436 11436 D AndroidRuntime: readGMSProperty: end
12-12 20:46:06.914 11436 11436 D AndroidRuntime: addProductProperty: start
12-12 20:46:06.934 11436 11436 D dalvikvm: Trying to load lib libjavacore.so 0x0
12-12 20:46:06.934 11436 11436 D dalvikvm: Added shared lib libjavacore.so 0x0
12-12 20:46:06.944 11436 11436 D dalvikvm: Trying to load lib libnativehelper.so 0x0
12-12 20:46:06.944 11436 11436 D dalvikvm: Added shared lib libnativehelper.so 0x0
12-12 20:46:06.944 11436 11436 D dalvikvm: No JNI_OnLoad found in libnativehelper.so 0x0, skipping init
12-12 20:46:07.174 11436 11436 E memtrack: Couldn't load memtrack module (No such file or directory)
12-12 20:46:07.174 11436 11436 E android.os.Debug: failed to load memtrack module: -2
12-12 20:46:07.214 11436 11436 D dalvikvm: Note: class Landroid/app/ActivityManagerNative; has 192 unimplemented (abstract) methods
12-12 20:46:07.294 11436 11436 D AndroidRuntime: Calling main entry com.android.commands.pm.Pm
12-12 20:46:07.394   787  3281 V ApplicationPolicy: isApplicationStateBlocked userId 0 pkgname com.sec.android.app.sbrowser
12-12 20:46:07.404  1140  1140 D ContainerEventsRelayManager: <<< Intent action is >>> : android.intent.action.PACKAGE_RESTARTED
12-12 20:46:07.404  1140  1140 D ContainerEventsRelayManager: <<< Intent data is   >>> : package:com.sec.android.app.sbrowser
12-12 20:46:07.404   787  3281 V ApplicationPolicy: isApplicationStateBlocked userId 0 pkgname com.sec.android.app.sbrowser
12-12 20:46:07.404  1140  1140 D ContainerEventsRelayManager: <<< Intent action is >>> : android.intent.action.PACKAGE_DATA_CLEARED
12-12 20:46:07.404  1140  1140 D ContainerEventsRelayManager: <<< Intent data is   >>> : package:com.sec.android.app.sbrowser
12-12 20:46:07.404   787  3281 D PackageManager: START CLEAR APPLICATION USER DATA: observer{1127804824}
12-12 20:46:07.404   787  3281 D PackageManager: pkg{<packageName>}
12-12 20:46:07.404   787  3281 D PackageManager: user{0}
12-12 20:46:07.404   787   887 D PackageManager: [MSG] CLEAR_APPLICATION_USER_DATA
12-12 20:46:07.414 11097 11190 D Documents: Used cached roots for com.android.externalstorage.documents
12-12 20:46:07.414 11097 11190 D Documents: Used cached roots for com.android.providers.downloads.documents
12-12 20:46:07.414 11097 11190 D Documents: Used cached roots for com.android.providers.media.documents
12-12 20:46:07.414 11097 11190 D Documents: Loading roots for com.google.android.apps.docs.storage
12-12 20:46:07.414   248   248 D keystore: calling clear_uid in state: 3
12-12 20:46:07.414 11097 11190 D Documents: Update found 6 roots in 11ms
12-12 20:46:07.444   787   887 D PackageManager: return delete result to caller: 1127804824
12-12 20:46:07.444 11436 11436 D AndroidRuntime: Shutting down VM
12-12 20:46:07.444 11436 11442 D dalvikvm: GC_CONCURRENT freed 97K, 13% free 677K/776K, paused 0ms+0ms, total 3ms
12-12 20:46:07.444   787   887 D PackageManager: returnCode: true
12-12 20:46:08.024   787   863 D SensorService:   0.1 -0.1 9.7
12-12 20:46:08.324 11449 11449 D AndroidRuntime: 
12-12 20:46:08.324 11449 11449 D AndroidRuntime: >>>>>> AndroidRuntime START com.android.internal.os.RuntimeInit <<<<<<
12-12 20:46:08.324 11449 11449 D AndroidRuntime: CheckJNI is OFF
12-12 20:46:08.324 11449 11449 D AndroidRuntime: setted country_code = USA
12-12 20:46:08.324 11449 11449 D AndroidRuntime: setted countryiso_code = US
12-12 20:46:08.334 11449 11449 D AndroidRuntime: setted sales_code = BNN
12-12 20:46:08.334 11449 11449 D AndroidRuntime: readGMSProperty: start
12-12 20:46:08.334 11449 11449 D AndroidRuntime: readGMSProperty: already setted!!
12-12 20:46:08.334 11449 11449 D AndroidRuntime: readGMSProperty: end
12-12 20:46:08.334 11449 11449 D AndroidRuntime: addProductProperty: start
12-12 20:46:08.344 11449 11449 D dalvikvm: Trying to load lib libjavacore.so 0x0
12-12 20:46:08.354 11449 11449 D dalvikvm: Added shared lib libjavacore.so 0x0
12-12 20:46:08.364 11449 11449 D dalvikvm: Trying to load lib libnativehelper.so 0x0
12-12 20:46:08.364 11449 11449 D dalvikvm: Added shared lib libnativehelper.so 0x0
12-12 20:46:08.364 11449 11449 D dalvikvm: No JNI_OnLoad found in libnativehelper.so 0x0, skipping init
12-12 20:46:08.594 11449 11449 E memtrack: Couldn't load memtrack module (No such file or directory)
12-12 20:46:08.594 11449 11449 E android.os.Debug: failed to load memtrack module: -2
12-12 20:46:08.634 11449 11449 D dalvikvm: Note: class Landroid/app/ActivityManagerNative; has 192 unimplemented (abstract) methods
12-12 20:46:08.714 11449 11449 D AndroidRuntime: Calling main entry com.android.commands.pm.Pm
12-12 20:46:08.814   787  3280 V ApplicationPolicy: isApplicationStateBlocked userId 0 pkgname com.sec.android.app.sbrowsertry
12-12 20:46:08.824  1140  1140 D ContainerEventsRelayManager: <<< Intent action is >>> : android.intent.action.PACKAGE_RESTARTED
12-12 20:46:08.824  1140  1140 D ContainerEventsRelayManager: <<< Intent data is   >>> : package:com.sec.android.app.sbrowsertry
12-12 20:46:08.824   787  3280 V ApplicationPolicy: isApplicationStateBlocked userId 0 pkgname com.sec.android.app.sbrowsertry
12-12 20:46:08.824  1140  1140 D ContainerEventsRelayManager: <<< Intent action is >>> : android.intent.action.PACKAGE_DATA_CLEARED
12-12 20:46:08.824   787  3280 D PackageManager: START CLEAR APPLICATION USER DATA: observer{1122621744}
12-12 20:46:08.824   787  3280 D PackageManager: pkg{<packageName>}
12-12 20:46:08.824   787  3280 D PackageManager: user{0}
12-12 20:46:08.824   787   887 D PackageManager: [MSG] CLEAR_APPLICATION_USER_DATA
12-12 20:46:08.834  1140  1140 D ContainerEventsRelayManager: <<< Intent data is   >>> : package:com.sec.android.app.sbrowsertry
12-12 20:46:08.834 11097 11191 D Documents: Used cached roots for com.android.externalstorage.documents
12-12 20:46:08.834 11097 11191 D Documents: Used cached roots for com.android.providers.downloads.documents
12-12 20:46:08.834 11097 11191 D Documents: Used cached roots for com.android.providers.media.documents
12-12 20:46:08.834   248   248 D keystore: calling clear_uid in state: 3
12-12 20:46:08.834 11097 11191 D Documents: Loading roots for com.google.android.apps.docs.storage
12-12 20:46:08.854 11097 11191 D Documents: Update found 6 roots in 24ms
12-12 20:46:08.864   787   887 D PackageManager: return delete result to caller: 1122621744
12-12 20:46:08.864 11449 11449 D AndroidRuntime: Shutting down VM
12-12 20:46:08.864 11449 11455 D dalvikvm: GC_CONCURRENT freed 97K, 13% free 677K/776K, paused 1ms+0ms, total 3ms
12-12 20:46:08.864   787   887 D PackageManager: returnCode: true
12-12 20:46:09.704 10807 11466 D Aatp    : /keyguard
12-12 20:46:09.714 10807 11466 D Aatp    : sha1: 854f799c4b6f24f69e76d653a7651f8bd379fa03
12-12 20:46:09.734 10807 11466 D Aatp    : /task/854f799c4b6f24f69e76d653a7651f8bd379fa03
12-12 20:46:09.734   991   991 D ProgressBar: setProgressDrawable drawableHeight = 0
12-12 20:46:09.744 10807 10807 D AatpDeviceManager: taskStatus update (854f799c4b6f24f69e76d653a7651f8bd379fa03: {"state":1})
12-12 20:46:09.744 10807 11467 D AatpDeviceManager: Keyguard enabled: false
12-12 20:46:09.744 10807 10807 D AatpDeviceManager: taskStatus update (854f799c4b6f24f69e76d653a7651f8bd379fa03: {"result":{"enabled":false},"state":2})
12-12 20:46:09.744   787   787 W ContextImpl: Calling a method in the system process without a qualified user: android.app.ContextImpl.sendBroadcast:1523 com.android.server.StatusBarManagerService.sendNotification:981 com.android.server.StatusBarManagerService.addNotification:670 com.android.server.NotificationManagerService$7.run:2142 android.os.Handler.handleCallback:733 
12-12 20:46:09.744   787   787 D STATUSBAR-StatusBarManagerService: sendNotification(1) - 1096041555
12-12 20:46:09.744   991   991 D PhoneStatusBar: tick(): knoxCustomManager = android.app.enterprise.knoxcustom.KnoxCustomManager@41d4da00
12-12 20:46:09.744   787   787 W ContextImpl: Calling a method in the system process without a qualified user: android.app.ContextImpl.sendBroadcast:1523 com.android.server.StatusBarManagerService.sendNotification:981 com.android.server.StatusBarManagerService.removeNotification:706 com.android.server.NotificationManagerService.cancelNotificationLocked:2455 com.android.server.NotificationManagerService.access$5100:160 
12-12 20:46:09.754   787   787 D NotificationService: cancelNotificationLocked
12-12 20:46:09.754   787   787 D NotificationService:  hasClearableItems
12-12 20:46:09.754   787   787 D NotificationService:  has clearable items no 
12-12 20:46:09.754   787   787 D NotificationService: cancelNotificationLocked: cancel alarm
12-12 20:46:09.754   787   787 D NotificationService: cancelNotificationLocked: cancel alarm
12-12 20:46:09.754   787   787 D STATUSBAR-StatusBarManagerService: sendNotification(3) - 1096041555
12-12 20:46:09.754   787   787 D LightsService: [api] [SvcLED] turnOff:: id = 4 (uid: 1000 pid: 787) 
12-12 20:46:09.754   787   787 D LightsService: [SvcLED] setSvcLedStateLocked:: SvcLEDState : 0x0 -> 0x0 | SvcLED(id=4) set Off
12-12 20:46:09.754   787   894 D LightsService: [SvcLED] Lux failed to be updated in 700ms. -> handleForcedSvcLEDTasK
12-12 20:46:09.754   787   894 D LightsService: [SvcLED]  setSvcLedLightLocked :: Current SvcLED(id=3) maintains its priority right
12-12 20:46:09.754   991   991 D SizeAdaptiveLayout: com.android.internal.widget.SizeAdaptiveLayout{41d49690 V.E..... ......I. 0,0-0,0 #7f080087 app:id/adaptive}child view android.widget.FrameLayout{41dcdd10 G.E..... ......I. 0,0-0,0 #1020364 android:id/status_bar_latest_event_content} measured out of bounds at 64px clamped to 68px
12-12 20:46:09.764   991   991 D SizeAdaptiveLayout: com.android.internal.widget.SizeAdaptiveLayout{41d49690 V.E..... ......I. 0,0-0,0 #7f080087 app:id/adaptive}child view android.widget.FrameLayout{41dcdd10 G.E..... ......I. 0,0-0,0 #1020364 android:id/status_bar_latest_event_content} measured out of bounds at 64px clamped to 68px
12-12 20:46:09.764   991   991 D STATUSBAR-IconMerger: checkOverflow(1092), More:false, Req:false Child:3
12-12 20:46:09.774   991   991 D STATUSBAR-IconMerger: checkOverflow(1092), More:false, Req:false Child:2
12-12 20:46:09.894 10807 11473 D Aatp    : /task/854f799c4b6f24f69e76d653a7651f8bd379fa03/status
12-12 20:46:09.954   787  1784 D SSRMv2:SIOP: SIOP:: AP = 300, Delta = 0
12-12 20:46:09.994 10807 11474 D Aatp    : /wifi
12-12 20:46:10.034 10807 10812 D dalvikvm: GC_CONCURRENT freed 7490K, 61% free 5541K/14092K, paused 2ms+5ms, total 50ms
12-12 20:46:10.044 10807 11474 D Aatp    : sha1: 5d8f29d3ed9b6ab976bca44f00108924ec6779ff
12-12 20:46:10.044 10807 11474 D AatpDeviceManager: k: enabled v: True
12-12 20:46:10.044 10807 11474 D AatpDeviceManager: k: NanoHttpd.QUERY_STRING v: enabled=True
12-12 20:46:10.054 10807 10807 D AatpDeviceManager: taskStatus update (5d8f29d3ed9b6ab976bca44f00108924ec6779ff: {"state":1})
12-12 20:46:10.054   787   787 W ContextImpl: Calling a method in the system process without a qualified user: android.app.ContextImpl.sendBroadcast:1523 com.android.server.StatusBarManagerService.sendNotification:981 com.android.server.StatusBarManagerService.addNotification:670 com.android.server.NotificationManagerService$7.run:2142 android.os.Handler.handleCallback:733 
12-12 20:46:10.054   787   787 D STATUSBAR-StatusBarManagerService: sendNotification(1) - 1096041556
12-12 20:46:10.064 10807 11474 D Aatp    : /task/5d8f29d3ed9b6ab976bca44f00108924ec6779ff
12-12 20:46:10.064   991   991 D ProgressBar: setProgressDrawable drawableHeight = 0
12-12 20:46:10.074   991   991 D PhoneStatusBar: tick(): knoxCustomManager = android.app.enterprise.knoxcustom.KnoxCustomManager@41d4da00
12-12 20:46:10.084   991   991 D SizeAdaptiveLayout: com.android.internal.widget.SizeAdaptiveLayout{41f30bb8 V.E..... ......I. 0,0-0,0 #7f080087 app:id/adaptive}child view android.widget.FrameLayout{41d3f850 G.E..... ......I. 0,0-0,0 #1020364 android:id/status_bar_latest_event_content} measured out of bounds at 64px clamped to 68px
12-12 20:46:10.084   991   991 D SizeAdaptiveLayout: com.android.internal.widget.SizeAdaptiveLayout{41f30bb8 V.E..... ......I. 0,0-0,0 #7f080087 app:id/adaptive}child view android.widget.FrameLayout{41d3f850 G.E..... ......I. 0,0-0,0 #1020364 android:id/status_bar_latest_event_content} measured out of bounds at 64px clamped to 68px
12-12 20:46:10.094 10807 11475 D AWSDeviceFarmAndroidLib: setWifiEnabled: setting wifi to: true
12-12 20:46:10.094 10807 11475 I WifiManager: setWifiEnabled : true
12-12 20:46:10.094   787   798 I WifiService: setWifiEnabled: true pid=10807, uid=13111
12-12 20:46:10.094   991   991 D STATUSBAR-IconMerger: checkOverflow(1092), More:false, Req:false Child:3
12-12 20:46:10.094   787   798 W ActivityManager: Permission Denial: getCurrentUser() from pid=10807, uid=13111 requires android.permission.INTERACT_ACROSS_USERS
12-12 20:46:10.104   787   798 W WifiService: Failed getting userId using ActivityManagerNative
12-12 20:46:10.104   787   798 W WifiService: java.lang.SecurityException: Permission Denial: getCurrentUser() from pid=10807, uid=13111 requires android.permission.INTERACT_ACROSS_USERS
12-12 20:46:10.104   787   798 W WifiService: 	at com.android.server.am.ActivityManagerService.getCurrentUser(ActivityManagerService.java:20047)
12-12 20:46:10.104   787   798 W WifiService: 	at com.android.server.wifi.WifiService.setWifiEnabled(WifiService.java:2106)
12-12 20:46:10.104   787   798 W WifiService: 	at com.android.server.wifi.WifiService.setWifiEnabled(WifiService.java:2094)
12-12 20:46:10.104   787   798 W WifiService: 	at android.net.wifi.IWifiManager$Stub.onTransact(IWifiManager.java:178)
12-12 20:46:10.104   787   798 W WifiService: 	at android.os.Binder.execTransact(Binder.java:404)
12-12 20:46:10.104   787   798 W WifiService: 	at dalvik.system.NativeStart.run(Native Method)
12-12 20:46:10.194   787   917 D WifiNative: callSECApiBoolean - ID [11]
12-12 20:46:10.194   964   964 I wpa_supplicant: STOP_PERIODIC_SCAN command
12-12 20:46:10.194   964   964 I wpa_supplicant: wlan0: Setting scan request: 0 sec 0 usec
12-12 20:46:10.194   787   917 D WifiStateMachine: skipWifiStateBroadcast:false, LastBroadcastedWifiState:1
12-12 20:46:10.194   964   964 I wpa_supplicant: Scan requested (ret=0) - scan timeout 30 seconds
12-12 20:46:10.194   787   917 D WifiNative: callSECApiInt - ID [53]
12-12 20:46:10.194   232   786 D CommandListener: Setting iface cfg
12-12 20:46:10.194   787   916 D WifiP2pService: P2pDisabledState{ what=131203 }
12-12 20:46:10.194   991   991 D STATUSBAR-NetworkController: onReceive() - RSSI_CHANGED_ACTION, WIFI_STATE, NETWORK_STATE
12-12 20:46:10.194   991   991 D STATUSBAR-NetworkController: NoService, mRoamingIconId = 0
12-12 20:46:10.194   991   991 D STATUSBAR-NetworkController: refreshSignalCluster - setNWBoosterIndicators(false)
12-12 20:46:10.194   991   991 D STATUSBAR-NetworkController: refreshSignalCluster: data=-1 bt=false
12-12 20:46:10.204   232   786 D CommandListener: Trying to bring up p2p0
12-12 20:46:10.204   787   916 D WifiMonitor: startMonitoring(p2p0) with mConnected = true
12-12 20:46:10.204   787   917 D WifiStateMachine: skipWifiStateBroadcast:false, LastBroadcastedWifiState:3
12-12 20:46:10.204   787   787 E WifiStateMachine: BroadcastReceiver : WIFI_P2P_STATE_CHANGED_ACTION is : android.net.wifi.p2p.STATE_CHANGED
12-12 20:46:10.204 10807 11486 D Aatp    : /task/5d8f29d3ed9b6ab976bca44f00108924ec6779ff/status
12-12 20:46:10.204   787   916 D WifiP2pService: P2pEnablingState
12-12 20:46:10.204   787   916 D WifiP2pService: P2pEnablingState{ what=147457 }
12-12 20:46:10.204   787   916 D WifiP2pService: P2p socket connection successful
12-12 20:46:10.204   787   916 D WifiP2pService: P2pEnabledState
12-12 20:46:10.204   787   916 D WifiP2pService: sending p2p connection changed broadcast: IDLE
12-12 20:46:10.204   787   867 D WifiDisplayController: Received WIFI_P2P_STATE_CHANGED_ACTION: enabled=true
12-12 20:46:10.204   787   867 D WifiDisplayController: updateScanState() mScanRequested = false, mWfdEnabled = false, mDiscoverPeersInProgress = false
12-12 20:46:10.204   787   867 D WifiDisplayController: disconnect
12-12 20:46:10.214   787   867 D WifiDisplayController: updateConnection
12-12 20:46:10.214   787   867 D WifiDisplayController: updateScanState() mScanRequested = false, mWfdEnabled = false, mDiscoverPeersInProgress = false
12-12 20:46:10.214   787   867 D WifiDisplayAdapter: getWifiDisplayStatusLocked: result=WifiDisplayStatus{featureState=2, scanState=0, activeDisplayState=0, activeDisplay=null, displays=[], sessionInfo=WifiDisplaySessionInfo: Client/Owner: Client GroupId:  Passphrase:  SessionId: 0 IP Address: , connectedState=-1, networkQoS=0}
12-12 20:46:10.214   787  3278 D WifiDisplayAdapter: getWifiDisplayStatusLocked: result=WifiDisplayStatus{featureState=2, scanState=0, activeDisplayState=0, activeDisplay=null, displays=[], sessionInfo=WifiDisplaySessionInfo: Client/Owner: Client GroupId:  Passphrase:  SessionId: 0 IP Address: , connectedState=-1, networkQoS=0}
12-12 20:46:10.214   787   787 W WifiP2pStateTracker: WifiP2pStateReceiver : android.net.wifi.p2p.CONNECTION_STATE_CHANGE
12-12 20:46:10.224   964   964 I wpa_supplicant: wlan0: Setting scan request: 0 sec 0 usec
12-12 20:46:10.224   964   964 I wpa_supplicant: Skip scan - already scanning
12-12 20:46:10.224   787   867 D WifiDisplayController: Received WIFI_P2P_CONNECTION_CHANGED_ACTION: networkInfo=NetworkInfo: type: WIFI_P2P[], state: UNKNOWN/IDLE, reason: (unspecified), extra: (none), roaming: false, failover: false, isAvailable: true, isConnectedToProvisioningNetwork: false
12-12 20:46:10.224   787 11487 W ContextImpl: Calling a method in the system process without a qualified user: android.app.ContextImpl.sendBroadcast:1509 com.android.server.enterprise.wifi.WifiPolicy.asyncEnableNetwork:2943 com.android.server.enterprise.wifi.WifiPolicy.edmUpdateConfiguredNetworks:2446 com.android.server.enterprise.wifi.WifiPolicy$2$2.run:2911 java.lang.Thread.run:841 
12-12 20:46:10.224   787   916 D WifiP2pService: DeviceAddress: 46:c6:eb
12-12 20:46:10.224   787   867 D WifiDisplayController: Received WIFI_P2P_THIS_DEVICE_CHANGED_ACTION: mThisDevice= Device: SM-T530NU
12-12 20:46:10.224   787   867 D WifiDisplayController:  deviceAddress: 46:6d:6c:65:c6:eb
12-12 20:46:10.224   787   867 D WifiDisplayController:  primary type: 10-0050F204-5
12-12 20:46:10.224   787   867 D WifiDisplayController:  secondary type: null
12-12 20:46:10.224   787   867 D WifiDisplayController:  wps: 0
12-12 20:46:10.224   787   867 D WifiDisplayController:  grpcapab: 0
12-12 20:46:10.224   787   867 D WifiDisplayController:  devcapab: 0
12-12 20:46:10.224   787   867 D WifiDisplayController:  status: 3
12-12 20:46:10.224   787   867 D WifiDisplayController:  wfdInfo: null
12-12 20:46:10.224   787   867 D WifiDisplayController:  groupownerAddress: null
12-12 20:46:10.224   787   867 D WifiDisplayController:  GOdeviceName: null
12-12 20:46:10.224   787   867 D WifiDisplayController:  interfaceAddress: 
12-12 20:46:10.224   787   867 D WifiDisplayController:  SConnectInfo : null
12-12 20:46:10.254   787   916 D WifiP2pService: sending p2p persistent groups changed broadcast
12-12 20:46:10.254   787   916 D WifiP2pService: InactiveState
12-12 20:46:10.254   787   916 D WifiP2pService: InactiveState{ what=143376 }
12-12 20:46:10.254   964   964 I wpa_supplicant: P2P: updated channels: 81:1,2,3,4,5,6,7,8,9,10,11 115:36,40,44,48 124:149,153,157,161 116:36,44 117:40,48 126:149,157 127:153,161
12-12 20:46:10.254   964   964 I wpa_supplicant: P2P: updated channels: 81:1,2,3,4,5,6,7,8,9,10,11 115:36,40,44,48 124:149,153,157,161 116:36,44 117:40,48 126:149,157 127:153,161
12-12 20:46:10.254   964   964 I wpa_supplicant: P2P: updated channels: 81:1,2,3,4,5,6,7,8,9,10,11 115:36,40,44,48 124:149,153,157,161 116:36,44 117:40,48 126:149,157 127:153,161
12-12 20:46:10.254   787   916 D WifiP2pService: P2pEnabledState{ what=143376 }
12-12 20:46:10.554   964   964 I wpa_supplicant: P2P: updated channels: 81:1,2,3,4,5,6,7,8,9,10,11 115:36,40,44,48 124:149,153,157,161 116:36,44 117:40,48 126:149,157 127:153,161
12-12 20:46:10.654   787   899 V AlarmManager: waitForAlarm result :12
12-12 20:46:10.654   787   899 V AlarmManager: trigger ELAPSED_REALTIME_WAKEUP or RTC_WAKEUP
12-12 20:46:10.724   964   964 I wpa_supplicant: P2P: updated channels: 81:1,2,3,4,5,6,7,8,9,10,11 115:36,40,44,48 124:149,153,157,161 116:36,44 117:40,48 126:149,157 127:153,161
12-12 20:46:10.724   991   991 D KeyguardUpdateMonitor: received broadcast android.intent.action.BATTERY_CHANGED
12-12 20:46:10.724   991   991 D KeyguardUpdateMonitor: handleBatteryUpdate
12-12 20:46:10.724   787   797 D BatteryService: level:100, scale:100, status:3, health:2, present:true, voltage: 4351, temperature: 214, technology: Li-ion, AC powered:false, USB powered:true, Wireless powered:false, icon:17303545, invalid charger:0, online:4, current avg:-22, charge type:2, power sharing:false
12-12 20:46:10.724   787   787 D BatteryService: Sending ACTION_BATTERY_CHANGED.
12-12 20:46:10.734  1812  1812 D DeviceManagerBroadcastReceiver: Updated Battery Level: 100
12-12 20:46:10.734  1812  1812 D DeviceManagerBroadcastReceiver: Action: android.intent.action.BATTERY_CHANGED
12-12 20:46:10.734  1812  1812 D DeviceManagerBroadcastReceiver: Set Alarm: false
12-12 20:46:10.734   991   991 D STATUSBAR-PhoneStatusBar:  mBrightnessEnablebySettings = true mBrightnessEnablebyBattery = true mBrightnessEnablebyDisableFlag = true mPmsBrightnessEnablebySettings = true
12-12 20:46:10.744   991   991 D STATUSBAR-IconMerger: checkOverflow(1092), More:false, Req:false Child:3
12-12 20:46:10.754   991   991 D BatteryMeterView: ACTION_BATTERY_CHANGED : level:100 status:3 health:2
12-12 20:46:10.974 11387 11387 I MultiDex: Renaming to /data/data/com.google.android.gms/code_cache/secondary-dexes/com.google.android.gms-2199.apk.classes3.zip
12-12 20:46:10.974 11387 11387 I MultiDex: Extraction succeeded - length /data/data/com.google.android.gms/code_cache/secondary-dexes/com.google.android.gms-2199.apk.classes3.zip: 3889587 - crc: 2878268367
12-12 20:46:10.974 11387 11387 I MultiDex: Extraction is needed for file /data/data/com.google.android.gms/code_cache/secondary-dexes/com.google.android.gms-2199.apk.classes4.zip
12-12 20:46:10.974 11387 11387 I MultiDex: Extracting /data/data/com.google.android.gms/code_cache/secondary-dexes/tmp-com.google.android.gms-2199.apk.classes-1378394793.zip
12-12 20:46:11.114 10807 11475 D AWSDeviceFarmAndroidLib: setWifiEnabled: wifi is: true
12-12 20:46:11.134   964   964 W wpa_supplicant: Can not remove vendor ap.
12-12 20:46:11.144 10807 11475 D AWSDeviceFarmAndroidLib: Getting AWS Device Farm Network SSID: 9901291200
12-12 20:46:11.254 10807 11498 D Aatp    : /task/5d8f29d3ed9b6ab976bca44f00108924ec6779ff/status
12-12 20:46:11.314 10807 11475 I AWSDeviceFarmAndroidLib: Attempting Wi-Fi connection: attempt 1 out of 2.
12-12 20:46:11.314 10807 11475 D AWSDeviceFarmAndroidLib: connectToNetwork: ssid: 9901291200
12-12 20:46:11.314 10807 11475 D AWSDeviceFarmAndroidLib: getWifiConfigBySsid: ssid: 9901291200
12-12 20:46:11.324 10807 11475 D AWSDeviceFarmAndroidLib: networks: 2
12-12 20:46:11.324 10807 11475 D AWSDeviceFarmAndroidLib: getWifiConfigBySsid: checking: "attwifibn" against "9901291200"
12-12 20:46:11.324 10807 11475 D AWSDeviceFarmAndroidLib: getWifiConfigBySsid: checking: "9901291200" against "9901291200"
12-12 20:46:11.324 10807 11475 D AWSDeviceFarmAndroidLib: Network profile found!
12-12 20:46:11.324   787   951 I WifiService: disconnect: pid=10807, uid=13111
12-12 20:46:11.324   964   964 I wpa_supplicant: [wpa_supplicant_ctrl_iface_process] : DISCONNECT
12-12 20:46:11.324   964   964 I wpa_supplicant: CTRL-EVENT-STATE-CHANGE id=-1 state=0 BSSID=00.00.00 SSID=
12-12 20:46:11.324   964   964 I wpa_supplicant: wlan0: Setting scan request: 0 sec 0 usec
12-12 20:46:11.324   964   964 I wpa_supplicant: CTRL-EVENT-STATE-CHANGE id=1 state=3 BSSID=00.00.00 SSID=39393031323931323030
12-12 20:46:11.324   964   964 I wpa_supplicant: First Scan Start
12-12 20:46:11.324   964   964 I wpa_supplicant: Scan requested (ret=-16) - scan timeout 30 seconds
12-12 20:46:11.324   964   964 W wpa_supplicant: Failed to initiate AP scan
12-12 20:46:11.324   964   964 I wpa_supplicant: CTRL-EVENT-STATE-CHANGE id=1 state=0 BSSID=00.00.00 SSID=39393031323931323030
12-12 20:46:11.324   964   964 I wpa_supplicant: wlan0: Setting scan request: 10 sec 0 usec
12-12 20:46:11.324   787   863 D SensorService:   0.1 -0.1 9.9
12-12 20:46:12.334 10807 11499 D Aatp    : /task/5d8f29d3ed9b6ab976bca44f00108924ec6779ff/status
12-12 20:46:13.014   964   964 I wpa_supplicant: nl80211: Received scan results (14 BSSes)
12-12 20:46:13.024   964   964 I wpa_supplicant: wlan0: Setting scan request: 8 sec 0 usec
12-12 20:46:13.024   964   964 I wpa_supplicant: Trying to associate with SSID '39393031323931323030'
12-12 20:46:13.024   964   964 I wpa_supplicant: Trying to associate with  '1200'
12-12 20:46:13.024   964   964 I wpa_supplicant: Re-associate with 74.0C.70
12-12 20:46:13.024   964   964 I wpa_supplicant: CTRL-EVENT-STATE-CHANGE id=1 state=5 BSSID=00.00.00 SSID=39393031323931323030
12-12 20:46:13.024   787   878 D Tethering: interfaceLinkStateChanged wlan0, false
12-12 20:46:13.024   787   878 D Tethering: interfaceStatusChanged wlan0, false
12-12 20:46:13.134   964   964 I wpa_supplicant: CTRL-EVENT-STATE-CHANGE id=1 state=6 BSSID=00.00.00 SSID=39393031323931323030
12-12 20:46:13.134   964   964 I wpa_supplicant: Associated with 74.0C.70
12-12 20:46:13.134   964   964 I wpa_supplicant: CTRL-EVENT-STATE-CHANGE id=1 state=7 BSSID=74.0C.70 SSID=39393031323931323030
12-12 20:46:13.134   787   878 D Tethering: interfaceLinkStateChanged wlan0, false
12-12 20:46:13.134   787   878 D Tethering: interfaceStatusChanged wlan0, false
12-12 20:46:13.134   787   878 D Tethering: interfaceLinkStateChanged wlan0, false
12-12 20:46:13.134   787   878 D Tethering: interfaceStatusChanged wlan0, false
12-12 20:46:13.144   787   878 D Tethering: interfaceLinkStateChanged wlan0, true
12-12 20:46:13.144   787   878 D Tethering: interfaceStatusChanged wlan0, true
12-12 20:46:13.144   787   878 D Tethering: interfaceLinkStateChanged wlan0, true
12-12 20:46:13.144   787   941 E Tethering: No numeric data
12-12 20:46:13.144   787   941 D Tethering: sendTetherStateChangedBroadcast 1, 0, 0
12-12 20:46:13.144   787   878 D Tethering: interfaceStatusChanged wlan0, true
12-12 20:46:13.144   964   964 I wpa_supplicant: CTRL-EVENT-STATE-CHANGE id=1 state=8 BSSID=74.0C.70 SSID=39393031323931323030
12-12 20:46:13.144   964   964 I wpa_supplicant: WPA: Key negotiation completed with 74.0C.70 [PTK=CCMP GTK=TKIP]
12-12 20:46:13.144   964   964 I wpa_supplicant: CTRL-EVENT-CONNECTED - Connection to 74.0C.70 completed (auth) [id=1 id_str=]
12-12 20:46:13.144   787   941 I ConnectivityService: defaultVal : 1, tetherEnabledInSettings : true
12-12 20:46:13.154   964   964 I wpa_supplicant: CTRL-EVENT-STATE-CHANGE id=1 state=9 BSSID=74.0C.70 SSID=39393031323931323030
12-12 20:46:13.154   787   878 D Tethering: interfaceLinkStateChanged wlan0, true
12-12 20:46:13.154   787   878 D Tethering: interfaceStatusChanged wlan0, true
12-12 20:46:13.154   787   878 D Tethering: interfaceLinkStateChanged wlan0, true
12-12 20:46:13.154   787   878 D Tethering: interfaceStatusChanged wlan0, true
12-12 20:46:13.154   787   878 D Tethering: interfaceLinkStateChanged wlan0, true
12-12 20:46:13.154   787   878 D Tethering: interfaceStatusChanged wlan0, true
12-12 20:46:13.154   787   912 V NetworkStats: performPollLocked(flags=0x1)
12-12 20:46:13.164   787   917 D WifiNative: callSECApiVoid - ID [50]
12-12 20:46:13.164  1140  1140 D ContainerEventsRelayManager: <<< Intent action is >>> : android.net.wifi.STATE_CHANGE
12-12 20:46:13.164  1140  1140 D ContainerEventsRelayManager: <<< Intent data is   >>> : null
12-12 20:46:13.174   991   991 D STATUSBAR-NetworkController: onReceive() - RSSI_CHANGED_ACTION, WIFI_STATE, NETWORK_STATE
12-12 20:46:13.174   787  1060 D ECS_EnterpriseContainerService: getContainers   --  Called + uid1000
12-12 20:46:13.174   787  1060 D ECS_EnterpriseContainerService: getContainers   --  Called passing security
12-12 20:46:13.174   787  1060 D ECS_EnterpriseContainerCacheData: Container cache getContainers 
12-12 20:46:13.174   787  1060 D ECS_EnterpriseContainerCacheData: Container cache getContainers not null
12-12 20:46:13.174   991   991 D STATUSBAR-NetworkController: NoService, mRoamingIconId = 0
12-12 20:46:13.174   787   912 V NetworkStats: performPollLocked() took 24ms
12-12 20:46:13.204   991   991 D STATUSBAR-NetworkController: onReceive() - RSSI_CHANGED_ACTION, WIFI_STATE, NETWORK_STATE
12-12 20:46:13.204   991   991 D STATUSBAR-NetworkController: NoService, mRoamingIconId = 0
12-12 20:46:13.214   787   916 D WifiP2pService: InactiveState{ what=143375 }
12-12 20:46:13.214   787   916 D WifiP2pService: P2pEnabledState{ what=143375 }
12-12 20:46:13.374 10807 11508 D Aatp    : /task/5d8f29d3ed9b6ab976bca44f00108924ec6779ff/status
12-12 20:46:13.484 11509 11509 I dhcpcd  : if(wlan0) info get Success. (MAC : 74.0C.70)
12-12 20:46:13.494 11509 11509 I dhcpcd  : bssid match
12-12 20:46:14.414 10807 11525 D Aatp    : /task/5d8f29d3ed9b6ab976bca44f00108924ec6779ff/status
12-12 20:46:14.624   787   863 D SensorService:   0.1 -0.1 9.8
12-12 20:46:15.444 10807 11526 D Aatp    : /task/5d8f29d3ed9b6ab976bca44f00108924ec6779ff/status
12-12 20:46:15.494 11387 11387 I MultiDex: Renaming to /data/data/com.google.android.gms/code_cache/secondary-dexes/com.google.android.gms-2199.apk.classes4.zip
12-12 20:46:15.494 11387 11387 I MultiDex: Extraction succeeded - length /data/data/com.google.android.gms/code_cache/secondary-dexes/com.google.android.gms-2199.apk.classes4.zip: 4069330 - crc: 4223749925
12-12 20:46:15.494 11387 11387 I MultiDex: Extraction is needed for file /data/data/com.google.android.gms/code_cache/secondary-dexes/com.google.android.gms-2199.apk.classes5.zip
12-12 20:46:15.494 11387 11387 I MultiDex: Extracting /data/data/com.google.android.gms/code_cache/secondary-dexes/tmp-com.google.android.gms-2199.apk.classes-1353900679.zip
12-12 20:46:16.214   991   991 D STATUSBAR-NetworkController: onReceive() - RSSI_CHANGED_ACTION, WIFI_STATE, NETWORK_STATE
12-12 20:46:16.214   991   991 D STATUSBAR-NetworkController: NoService, mRoamingIconId = 0
12-12 20:46:16.484 10807 11527 D Aatp    : /task/5d8f29d3ed9b6ab976bca44f00108924ec6779ff/status
12-12 20:46:16.714 11387 11387 I MultiDex: Renaming to /data/data/com.google.android.gms/code_cache/secondary-dexes/com.google.android.gms-2199.apk.classes5.zip
12-12 20:46:16.714 11387 11387 I MultiDex: Extraction succeeded - length /data/data/com.google.android.gms/code_cache/secondary-dexes/com.google.android.gms-2199.apk.classes5.zip: 1098863 - crc: 936637965
12-12 20:46:16.724 11387 11387 I MultiDex: load found 4 secondary dex files
12-12 20:46:17.034 11387 11387 D dalvikvm: DexOpt: --- BEGIN 'com.google.android.gms-2199.apk.classes2.zip' (bootstrap=0) ---
12-12 20:46:17.234   787   916 D WifiP2pService: InactiveState{ what=143375 }
12-12 20:46:17.234   787   916 D WifiP2pService: P2pEnabledState{ what=143375 }
12-12 20:46:17.234   991   991 D STATUSBAR-NetworkController: onReceive() - RSSI_CHANGED_ACTION, WIFI_STATE, NETWORK_STATE
12-12 20:46:17.234   787   917 D WifiStateMachine: VerifyingLinkState enter
12-12 20:46:17.234   991   991 D STATUSBAR-NetworkController: NoService, mRoamingIconId = 0
12-12 20:46:17.234   991   991 D STATUSBAR-NetworkController: onReceive() - RSSI_CHANGED_ACTION, WIFI_STATE, NETWORK_STATE
12-12 20:46:17.244  1140  1140 D ContainerEventsRelayManager: <<< Intent action is >>> : android.net.wifi.STATE_CHANGE
12-12 20:46:17.244  1140  1140 D ContainerEventsRelayManager: <<< Intent data is   >>> : null
12-12 20:46:17.244   787  1215 D ECS_EnterpriseContainerService: getContainers   --  Called + uid1000
12-12 20:46:17.244   991   991 D STATUSBAR-NetworkController: NoService, mRoamingIconId = 0
12-12 20:46:17.254   787  1215 D ECS_EnterpriseContainerService: getContainers   --  Called passing security
12-12 20:46:17.254   787  1215 D ECS_EnterpriseContainerCacheData: Container cache getContainers 
12-12 20:46:17.254   787  1215 D ECS_EnterpriseContainerCacheData: Container cache getContainers not null
12-12 20:46:17.274   787   917 D WifiStateMachine: VerifyingLinkState GOOD_LINK_DETECTED: transition to captive portal check
12-12 20:46:17.274   787   917 D WifiStateMachine: CaptivePortalCheckState enter
12-12 20:46:17.274  1140  1140 D ContainerEventsRelayManager: <<< Intent action is >>> : android.net.wifi.STATE_CHANGE
12-12 20:46:17.274   787   787 I WifiTrafficPoller: evaluateTrafficStatsPolling
12-12 20:46:17.274   991   991 D STATUSBAR-NetworkController: onReceive() - RSSI_CHANGED_ACTION, WIFI_STATE, NETWORK_STATE
12-12 20:46:17.284  1140  1140 D ContainerEventsRelayManager: <<< Intent data is   >>> : null
12-12 20:46:17.284   787   798 D ECS_EnterpriseContainerService: getContainers   --  Called + uid1000
12-12 20:46:17.284   787   798 D ECS_EnterpriseContainerService: getContainers   --  Called passing security
12-12 20:46:17.284   787   798 D ECS_EnterpriseContainerCacheData: Container cache getContainers 
12-12 20:46:17.284   787   798 D ECS_EnterpriseContainerCacheData: Container cache getContainers not null
12-12 20:46:17.284   787   917 D WifiStateMachine: CaptivePortalCheckState CMD_CAPTIVE_CHECK_COMPLETE
12-12 20:46:17.284   787   939 D ConnectivityService: Captive portal check NetworkInfo: type: WIFI[], state: CONNECTING/CAPTIVE_PORTAL_CHECK, reason: (unspecified), extra: "9901291200", roaming: false, failover: false, isAvailable: true, isConnectedToProvisioningNetwork: false
12-12 20:46:17.284   991   991 D STATUSBAR-NetworkController: NoService, mRoamingIconId = 0
12-12 20:46:17.284   787   939 D ConnectivityService: handleCaptivePortalTrackerCheck: call captivePortalCheckComplete ni=NetworkInfo: type: WIFI[], state: CONNECTING/CAPTIVE_PORTAL_CHECK, reason: (unspecified), extra: "9901291200", roaming: false, failover: false, isAvailable: true, isConnectedToProvisioningNetwork: false
12-12 20:46:17.294  1140  1140 D ContainerEventsRelayManager: <<< Intent action is >>> : android.net.wifi.STATE_CHANGE
12-12 20:46:17.294  1140  1140 D ContainerEventsRelayManager: <<< Intent data is   >>> : null
12-12 20:46:17.294   787   787 I WifiTrafficPoller: evaluateTrafficStatsPolling
12-12 20:46:17.294   787   787 I WifiTrafficPoller: mBoosterFLAG : 0
12-12 20:46:17.294   787   787 I WifiTrafficPoller: current booster mode : FullMode
12-12 20:46:17.294   787  1231 D ECS_EnterpriseContainerService: getContainers   --  Called + uid1000
12-12 20:46:17.294   787  1231 D ECS_EnterpriseContainerService: getContainers   --  Called passing security
12-12 20:46:17.294   787  1231 D ECS_EnterpriseContainerCacheData: Container cache getContainers 
12-12 20:46:17.294   787  1231 D ECS_EnterpriseContainerCacheData: Container cache getContainers not null
12-12 20:46:17.294   787   939 D ConnectivityService: ConnectivityChange for WIFI: CONNECTED/CONNECTED
12-12 20:46:17.294   991   991 D STATUSBAR-NetworkController: onReceive() - RSSI_CHANGED_ACTION, WIFI_STATE, NETWORK_STATE
12-12 20:46:17.304   991   991 D STATUSBAR-NetworkController: refreshSignalCluster - setNWBoosterIndicators(false)
12-12 20:46:17.304   991   991 D STATUSBAR-NetworkController: refreshSignalCluster: data=-1 bt=false
12-12 20:46:17.324  1812  1812 D NookConnectivityService: Start Instore Service by action android.net.wifi.STATE_CHANGE
12-12 20:46:17.324   787   939 D ConnectivityService: handleConnectivityChange: setting default proxy info 
12-12 20:46:17.324   991   991 D STATUSBAR-IconMerger: checkOverflow(1064), More:false, Req:false Child:3
12-12 20:46:17.334   232   786 V RouteController: /system/bin/ip -4 route replace default via 192.168.1.1 dev wlan0 scope global table 2 2>&1
12-12 20:46:17.344 10807 11475 D AWSDeviceFarmAndroidLib: connected: true
12-12 20:46:17.344 10807 11475 D AWSDeviceFarmAndroidLib: WiFiLock: acquire
12-12 20:46:17.354   232   786 V RouteController: /system/bin/ip -4 rule del table 2 2>&1
12-12 20:46:17.354 10807 10807 D AatpDeviceManager: taskStatus update (5d8f29d3ed9b6ab976bca44f00108924ec6779ff: {"result":"Wifi enabled: true","state":2})
12-12 20:46:17.354   787   787 D NotificationService: cancelNotificationLocked
12-12 20:46:17.354   787   787 D NotificationService:  hasClearableItems
12-12 20:46:17.354   787   787 D NotificationService:  has clearable items no 
12-12 20:46:17.354   787   787 D NotificationService: cancelNotificationLocked: cancel alarm
12-12 20:46:17.354   787   787 D NotificationService: cancelNotificationLocked: cancel alarm
12-12 20:46:17.354   787   787 W ContextImpl: Calling a method in the system process without a qualified user: android.app.ContextImpl.sendBroadcast:1523 com.android.server.StatusBarManagerService.sendNotification:981 com.android.server.StatusBarManagerService.removeNotification:706 com.android.server.NotificationManagerService.cancelNotificationLocked:2455 com.android.server.NotificationManagerService.access$5100:160 
12-12 20:46:17.354   787   787 D STATUSBAR-StatusBarManagerService: sendNotification(3) - 1096041556
12-12 20:46:17.354   787   787 D LightsService: [api] [SvcLED] turnOff:: id = 4 (uid: 1000 pid: 787) 
12-12 20:46:17.354   787   787 D LightsService: [SvcLED] setSvcLedStateLocked:: SvcLEDState : 0x0 -> 0x0 | SvcLED(id=4) set Off
12-12 20:46:17.354   787   894 D LightsService: [SvcLED] Lux failed to be updated in 700ms. -> handleForcedSvcLEDTasK
12-12 20:46:17.354   787   894 D LightsService: [SvcLED]  setSvcLedLightLocked :: Current SvcLED(id=3) maintains its priority right
12-12 20:46:17.364  1812  1812 D U       : log ConnectivityService/wifi_connected
12-12 20:46:17.364   232   786 V RouteController: RTNETLINK answers: No such file or directory
12-12 20:46:17.364   232   786 V RouteController: /system/bin/ip -4 rule add from 192.168.1.10 lookup 2 prio 200 2>&1
12-12 20:46:17.364  1812  1812 W ContextImpl: Implicit intents with startService are not safe: Intent { act=com.nook.intent.action.ACTION_BN_INSTORE_SERVICE_START } android.content.ContextWrapper.startService:506 com.nook.connectivity.service.NookConnectivityService.startInstoreService:150 com.nook.connectivity.service.NookConnectivityService.access$600:25 
12-12 20:46:17.364   991   991 D STATUSBAR-IconMerger: checkOverflow(1064), More:false, Req:false Child:2
12-12 20:46:17.374   232   786 V RouteController: /system/bin/ip route flush cached 2>&1
12-12 20:46:17.384   232   786 V RouteController: /system/bin/ip route del 192.168.1.0/24 table 2 2>&1
12-12 20:46:17.394   232   786 V RouteController: RTNETLINK answers: No such process
12-12 20:46:17.394   232   786 V RouteController: /system/bin/ip route add 192.168.1.0/24 dev wlan0 table 2 metric 0 2>&1
12-12 20:46:17.404   232   786 V RouteController: /system/bin/ip route flush cached 2>&1
12-12 20:46:17.404  1812  1812 D InstoreService: onStartCommand
12-12 20:46:17.414  1812  1812 W ContextImpl: Implicit intents with startService are not safe: Intent { act=com.bn.cloud.IRequestHandler } android.content.ContextWrapper.startService:506 com.bn.cloud.RequestManagerImpl$BnCloudServiceConnection.<init>:259 com.bn.cloud.RequestManagerImpl.<init>:230 
12-12 20:46:17.414  1812  1812 W ContextImpl: Implicit intents with startService are not safe: Intent { act=com.bn.cloud.IRequestHandler } android.content.ContextWrapper.bindService:529 com.bn.cloud.RequestManagerImpl$BnCloudServiceConnection.<init>:262 com.bn.cloud.RequestManagerImpl.<init>:230 
12-12 20:46:17.424  1812 11582 D InstoreAgent: [1] RUNNING
12-12 20:46:17.424  1812 11582 D InstoreAgent: Status changed from IDLE to RUNNING
12-12 20:46:17.424  1812 11582 D InstoreAgent: Status changed from RUNNING to UNPROVISIONED
12-12 20:46:17.424   787   912 V NetworkStats: updateIfacesLocked()
12-12 20:46:17.424   787   912 V NetworkStats: performPollLocked(flags=0x1)
12-12 20:46:17.434   787   912 V NetworkStats: performPollLocked() took 14ms
12-12 20:46:17.504   787   915 V NetworkStats: advisePersistThreshold() given 9223372036854775, clamped to 2097152
12-12 20:46:17.524 10807 11586 D Aatp    : /task/5d8f29d3ed9b6ab976bca44f00108924ec6779ff/status
12-12 20:46:17.614 10807 11587 D Aatp    : /bluetooth
12-12 20:46:17.624 10807 11587 D Aatp    : sha1: 3f6067185f19092eb1d2c1ec2b04b97271787f6d
12-12 20:46:17.624 10807 11587 D AatpDeviceManager: k: enabled v: True
12-12 20:46:17.624 10807 11587 D AatpDeviceManager: k: NanoHttpd.QUERY_STRING v: enabled=True
12-12 20:46:17.634 10807 10807 D AatpDeviceManager: taskStatus update (3f6067185f19092eb1d2c1ec2b04b97271787f6d: {"state":1})
12-12 20:46:17.634 10807 11588 D AWSDeviceFarmAndroidLib: setEnabled: enabled: true
12-12 20:46:17.644   787   787 W ContextImpl: Calling a method in the system process without a qualified user: android.app.ContextImpl.sendBroadcast:1523 com.android.server.StatusBarManagerService.sendNotification:981 com.android.server.StatusBarManagerService.addNotification:670 com.android.server.NotificationManagerService$7.run:2142 android.os.Handler.handleCallback:733 
12-12 20:46:17.644   787   787 D STATUSBAR-StatusBarManagerService: sendNotification(1) - 1096041557
12-12 20:46:17.644 10807 11587 D Aatp    : /task/3f6067185f19092eb1d2c1ec2b04b97271787f6d
12-12 20:46:17.654   991   991 D ProgressBar: setProgressDrawable drawableHeight = 0
12-12 20:46:17.664 10807 11588 D AWSDeviceFarmAndroidLib: setEnabled: setting bluetooth to: true
12-12 20:46:17.664   787  1245 W BluetoothManagerService: Failed getting userId using ActivityManagerNative
12-12 20:46:17.664   787  1245 W BluetoothManagerService: java.lang.SecurityException: Permission Denial: getCurrentUser() from pid=10807, uid=13111 requires android.permission.INTERACT_ACROSS_USERS
12-12 20:46:17.664   787  1245 W BluetoothManagerService: 	at com.android.server.am.ActivityManagerService.getCurrentUser(ActivityManagerService.java:20047)
12-12 20:46:17.664   787  1245 W BluetoothManagerService: 	at com.android.server.BluetoothManagerService.enable(BluetoothManagerService.java:620)
12-12 20:46:17.664   787  1245 W BluetoothManagerService: 	at android.bluetooth.IBluetoothManager$Stub.onTransact(IBluetoothManager.java:98)
12-12 20:46:17.664   787  1245 W BluetoothManagerService: 	at android.os.Binder.execTransact(Binder.java:404)
12-12 20:46:17.664   787  1245 W BluetoothManagerService: 	at dalvik.system.NativeStart.run(Native Method)
12-12 20:46:17.664   787  1245 W ActivityManager: Permission Denial: getCurrentUser() from pid=10807, uid=13111 requires android.permission.INTERACT_ACROSS_USERS
12-12 20:46:17.664   991   991 D PhoneStatusBar: tick(): knoxCustomManager = android.app.enterprise.knoxcustom.KnoxCustomManager@41d4da00
12-12 20:46:17.664   787  1245 E DevicePolicyManagerService: getAllowBluetoothMode - value retunrs : 2
12-12 20:46:17.674   787   880 D BluetoothManagerService: foregroundUser: 0
12-12 20:46:17.674   991   991 D SizeAdaptiveLayout: com.android.internal.widget.SizeAdaptiveLayout{41ddd458 V.E..... ......I. 0,0-0,0 #7f080087 app:id/adaptive}child view android.widget.FrameLayout{41e5c128 G.E..... ......I. 0,0-0,0 #1020364 android:id/status_bar_latest_event_content} measured out of bounds at 64px clamped to 68px
12-12 20:46:17.674   991   991 D SizeAdaptiveLayout: com.android.internal.widget.SizeAdaptiveLayout{41ddd458 V.E..... ......I. 0,0-0,0 #7f080087 app:id/adaptive}child view android.widget.FrameLayout{41e5c128 G.E..... ......I. 0,0-0,0 #1020364 android:id/status_bar_latest_event_content} measured out of bounds at 64px clamped to 68px
