12-12 20:45:46.544  4956  4956 I ContainerManager: onServiceConnected() name=ComponentInfo{com.sec.knox.containeragent/com.sec.knox.containeragent.service.containermanager.ContainerManagerService}, conn=com.sec.knox.containeragent.a@4208bca0
12-12 20:45:46.544   787  3279 I ActivityManager: Killing 4956:com.sec.android.app.samsungapps/u0a29 (adj 15): empty for 7225s
12-12 20:45:46.554 10807 10973 D Aatp    : /task/8e554306a89bb330065ef673437c10860612245b/status
12-12 20:45:46.554 10942 10942 I ContainerAgent: ContainerManagerService: ContainerManagerService onUnbind()
12-12 20:45:46.554 10942 10942 I ContainerAgent: ContainerManagerService: ContainerManagerService onDestroy()
12-12 20:45:47.294 10979 10979 D AndroidRuntime: 
12-12 20:45:47.294 10979 10979 D AndroidRuntime: >>>>>> AndroidRuntime START com.android.internal.os.RuntimeInit <<<<<<
12-12 20:45:47.294 10979 10979 D AndroidRuntime: CheckJNI is OFF
12-12 20:45:47.294 10979 10979 D AndroidRuntime: setted country_code = USA
12-12 20:45:47.294 10979 10979 D AndroidRuntime: setted countryiso_code = US
12-12 20:45:47.304 10979 10979 D AndroidRuntime: setted sales_code = BNN
12-12 20:45:47.304 10979 10979 D AndroidRuntime: readGMSProperty: start
12-12 20:45:47.304 10979 10979 D AndroidRuntime: readGMSProperty: already setted!!
12-12 20:45:47.304 10979 10979 D AndroidRuntime: readGMSProperty: end
12-12 20:45:47.304 10979 10979 D AndroidRuntime: addProductProperty: start
12-12 20:45:47.314 10979 10979 D dalvikvm: Trying to load lib libjavacore.so 0x0
12-12 20:45:47.324 10979 10979 D dalvikvm: Added shared lib libjavacore.so 0x0
12-12 20:45:47.324 10979 10979 D dalvikvm: Trying to load lib libnativehelper.so 0x0
12-12 20:45:47.324 10979 10979 D dalvikvm: Added shared lib libnativehelper.so 0x0
12-12 20:45:47.324 10979 10979 D dalvikvm: No JNI_OnLoad found in libnativehelper.so 0x0, skipping init
12-12 20:45:47.354 10979 10979 D dalvikvm: DexOpt: --- BEGIN 'SUTUtils.jar' (bootstrap=0) ---
12-12 20:45:47.414 10984 10984 D dalvikvm: DexOpt: load 4ms, verify+opt 0ms, 94148 bytes
12-12 20:45:47.424 10979 10979 D dalvikvm: DexOpt: --- END 'SUTUtils.jar' (success) ---
12-12 20:45:47.424 10979 10979 D dalvikvm: DEX prep '/mnt/shell/emulated/0/SUTUtils.jar': unzip in 1ms, rewrite 73ms
12-12 20:45:47.514  6609  7620 I IcingInternalCorpora: EventIndexer: starting incremental update
12-12 20:45:47.514  6609  7620 I IcingInternalCorpora: EventIndexer: 0 added, 0 removed, 0 changed, 0 unchanged, 0 errors.
12-12 20:45:47.514  6609  7620 I IcingInternalCorpora: EventIndexer: finished after 1 ms.
12-12 20:45:47.574  6609  6609 D dalvikvm: GC_EXPLICIT freed 1118K, 46% free 7649K/14096K, paused 6ms+8ms, total 57ms
12-12 20:45:47.644 10979 10979 E memtrack: Couldn't load memtrack module (No such file or directory)
12-12 20:45:47.644 10979 10979 E android.os.Debug: failed to load memtrack module: -2
12-12 20:45:47.684 10979 10979 D dalvikvm: Note: class Landroid/app/ActivityManagerNative; has 192 unimplemented (abstract) methods
12-12 20:45:47.744 10979 10979 D AndroidRuntime: Calling main entry com.android.commands.uiautomator.Launcher
12-12 20:45:48.224   787   863 D SensorService:   0.1 -0.0 9.7
12-12 20:45:48.364  1167  1167 W ResourceType: No known package when getting name for resource number 0x9c000000
12-12 20:45:48.364  1167  1167 W ResourceType: No known package when getting name for resource number 0x9c000001
12-12 20:45:48.364  1167  1167 W ResourceType: No known package when getting name for resource number 0x9c000401
12-12 20:45:48.364  1167  1167 W ResourceType: No known package when getting name for resource number 0x9c000005
12-12 20:45:48.374  1167  1167 W ResourceType: No known package when getting name for resource number 0x9c000105
12-12 20:45:48.374  1167  1167 W ResourceType: No known package when getting name for resource number 0x9c000205
12-12 20:45:48.384  1167  1167 W ResourceType: No known package when getting name for resource number 0x9c000305
12-12 20:45:48.384  1167  1167 W ResourceType: No known package when getting name for resource number 0x9c000405
12-12 20:45:48.394  1167  1167 W ResourceType: No known package when getting name for resource number 0x9c000505
12-12 20:45:48.394  1167  1167 W ResourceType: No known package when getting name for resource number 0x9c000605
12-12 20:45:48.394  1167  1167 W ResourceType: No known package when getting name for resource number 0x9c000705
12-12 20:45:48.474  1167  1167 W ResourceType: No known package when getting name for resource number 0x9c000105
12-12 20:45:48.484  1167  1167 W ResourceType: No known package when getting name for resource number 0x9c000205
12-12 20:45:48.484  1167  1167 W ResourceType: No known package when getting name for resource number 0x9c000305
12-12 20:45:48.494  1167  1167 W ResourceType: No known package when getting name for resource number 0x9c000405
12-12 20:45:48.494  1167  1167 W ResourceType: No known package when getting name for resource number 0x9c000505
12-12 20:45:48.494  1167  1167 W ResourceType: No known package when getting name for resource number 0x9c000605
12-12 20:45:48.504  1167  1167 W ResourceType: No known package when getting name for resource number 0x9c000705
12-12 20:45:48.924  1167  1167 W ResourceType: No known package when getting name for resource number 0x9c000000
12-12 20:45:48.934  1167  1167 W ResourceType: No known package when getting name for resource number 0x9c000001
12-12 20:45:48.934  1167  1167 W ResourceType: No known package when getting name for resource number 0x9c000401
12-12 20:45:48.934  1167  1167 W ResourceType: No known package when getting name for resource number 0x9c000005
12-12 20:45:48.944  1167  1167 W ResourceType: No known package when getting name for resource number 0x9c000105
12-12 20:45:48.944  1167  1167 W ResourceType: No known package when getting name for resource number 0x9c000205
12-12 20:45:48.944  1167  1167 W ResourceType: No known package when getting name for resource number 0x9c000305
12-12 20:45:48.954  1167  1167 W ResourceType: No known package when getting name for resource number 0x9c000405
12-12 20:45:48.954  1167  1167 W ResourceType: No known package when getting name for resource number 0x9c000505
12-12 20:45:48.954  1167  1167 W ResourceType: No known package when getting name for resource number 0x9c000605
12-12 20:45:48.954  1167  1167 W ResourceType: No known package when getting name for resource number 0x9c000705
12-12 20:45:49.004  1167  1167 W ResourceType: No known package when getting name for resource number 0x9c000000
12-12 20:45:49.004  1167  1167 W ResourceType: No known package when getting name for resource number 0x9c000001
12-12 20:45:49.014  1167  1167 W ResourceType: No known package when getting name for resource number 0x9c000401
12-12 20:45:49.014  1167  1167 W ResourceType: No known package when getting name for resource number 0x9c000005
12-12 20:45:49.014  1167  1167 W ResourceType: No known package when getting name for resource number 0x9c000105
12-12 20:45:49.014  1167  1167 W ResourceType: No known package when getting name for resource number 0x9c000205
12-12 20:45:49.014  1167  1167 W ResourceType: No known package when getting name for resource number 0x9c000305
12-12 20:45:49.014  1167  1167 W ResourceType: No known package when getting name for resource number 0x9c000405
12-12 20:45:49.014  1167  1167 W ResourceType: No known package when getting name for resource number 0x9c000505
12-12 20:45:49.014  1167  1167 W ResourceType: No known package when getting name for resource number 0x9c000605
12-12 20:45:49.014  1167  1167 W ResourceType: No known package when getting name for resource number 0x9c000705
12-12 20:45:49.054   787  3278 V WindowManager: rotationForOrientationLw(orient=-1, last=0); user=0  sensorRotation=-1 mLidState=-1 mDockMode=0 mHdmiPlugged=false mAccelerometerDefault=false gripRotationLock=false
12-12 20:45:49.064 10979 10979 I AndroidRuntime: VM exiting with result code 0.
12-12 20:45:49.134 10807 11013 D Aatp    : /ping
12-12 20:45:49.274 10807 11014 D Aatp    : /apps-to-uninstall
12-12 20:45:49.284 10807 11014 D Aatp    : sha1: 43c9b16a3594623c9de1dae9b8c644388715c16e
12-12 20:45:49.294 10807 10807 D AatpDeviceManager: taskStatus update (43c9b16a3594623c9de1dae9b8c644388715c16e: {"state":1})
12-12 20:45:49.304 10807 11014 D Aatp    : /task/43c9b16a3594623c9de1dae9b8c644388715c16e
12-12 20:45:49.314   787   787 W ContextImpl: Calling a method in the system process without a qualified user: android.app.ContextImpl.sendBroadcast:1523 com.android.server.StatusBarManagerService.sendNotification:981 com.android.server.StatusBarManagerService.addNotification:670 com.android.server.NotificationManagerService$7.run:2142 android.os.Handler.handleCallback:733 
12-12 20:45:49.314   991   991 D ProgressBar: setProgressDrawable drawableHeight = 0
12-12 20:45:49.314   787   787 D STATUSBAR-StatusBarManagerService: sendNotification(1) - 1096041552
12-12 20:45:49.324   991   991 D PhoneStatusBar: tick(): knoxCustomManager = android.app.enterprise.knoxcustom.KnoxCustomManager@41d4da00
12-12 20:45:49.334   991   991 D SizeAdaptiveLayout: com.android.internal.widget.SizeAdaptiveLayout{42222840 V.E..... ......I. 0,0-0,0 #7f080087 app:id/adaptive}child view android.widget.FrameLayout{42224d60 G.E..... ......I. 0,0-0,0 #1020364 android:id/status_bar_latest_event_content} measured out of bounds at 64px clamped to 68px
12-12 20:45:49.334   991   991 D SizeAdaptiveLayout: com.android.internal.widget.SizeAdaptiveLayout{42222840 V.E..... ......I. 0,0-0,0 #7f080087 app:id/adaptive}child view android.widget.FrameLayout{42224d60 G.E..... ......I. 0,0-0,0 #1020364 android:id/status_bar_latest_event_content} measured out of bounds at 64px clamped to 68px
12-12 20:45:49.344   991   991 D STATUSBAR-IconMerger: checkOverflow(1092), More:false, Req:false Child:3
12-12 20:45:49.354 10823 10823 D com.samsung.app: [AccuTab_Magagine]>>> WC:42 [0:0] action : comandroidserverNotificationManagerServiceNotificationArrived
12-12 20:45:49.354 10823 10823 D com.samsung.app: [AccuTab_Magagine]>>> WC:55 [0:0] settings CT : androidappReceiverRestrictedContext@42049bf0
12-12 20:45:49.354 10823 10823 D com.samsung.app: [AccuTab_Magagine]>>> UIM:146 [0:0] setContext
12-12 20:45:49.354 10823 10823 D com.samsung.app: [AccuTab_Magagine]>>> UIM:227 [0:0] The widget does not exist in idle!!
12-12 20:45:49.414 10807 10807 D AatpDeviceManager: taskStatus update (43c9b16a3594623c9de1dae9b8c644388715c16e: {"result":[],"state":2})
12-12 20:45:49.414   787   787 D NotificationService: cancelNotificationLocked
12-12 20:45:49.414   787   787 D NotificationService:  hasClearableItems
12-12 20:45:49.414   787   787 D NotificationService:  has clearable items no 
12-12 20:45:49.414   787   787 D NotificationService: cancelNotificationLocked: cancel alarm
12-12 20:45:49.414   787   787 D NotificationService: cancelNotificationLocked: cancel alarm
12-12 20:45:49.414   787   787 W ContextImpl: Calling a method in the system process without a qualified user: android.app.ContextImpl.sendBroadcast:1523 com.android.server.StatusBarManagerService.sendNotification:981 com.android.server.StatusBarManagerService.removeNotification:706 com.android.server.NotificationManagerService.cancelNotificationLocked:2455 com.android.server.NotificationManagerService.access$5100:160 
12-12 20:45:49.414   787   787 D STATUSBAR-StatusBarManagerService: sendNotification(3) - 1096041552
12-12 20:45:49.414   787   787 D LightsService: [api] [SvcLED] turnOff:: id = 4 (uid: 1000 pid: 787) 
12-12 20:45:49.414   787   787 D LightsService: [SvcLED] setSvcLedStateLocked:: SvcLEDState : 0x0 -> 0x0 | SvcLED(id=4) set Off
12-12 20:45:49.414   787   894 D LightsService: [SvcLED] Lux failed to be updated in 700ms. -> handleForcedSvcLEDTasK
12-12 20:45:49.414   787   894 D LightsService: [SvcLED]  setSvcLedLightLocked :: Current SvcLED(id=3) maintains its priority right
12-12 20:45:49.424   991   991 D STATUSBAR-IconMerger: checkOverflow(1092), More:false, Req:false Child:2
12-12 20:45:49.454 10807 11019 D Aatp    : /task/43c9b16a3594623c9de1dae9b8c644388715c16e/status
12-12 20:45:49.504   787   887 D PackageManager: [MSG] WRITE_PACKAGE_RESTRICTIONS
12-12 20:45:49.544 10807 11020 D Aatp    : /ping
12-12 20:45:49.704 10807 11021 D Aatp    : /clean-accounts
12-12 20:45:49.704   787   875 W ProcessCpuTracker: Skipping unknown process pid 11009
12-12 20:45:49.714   787   875 W ProcessCpuTracker: Skipping unknown process pid 11012
12-12 20:45:49.714 10807 11021 D Aatp    : sha1: bb38f2670720c6fbd3b82167e74584697a683909
12-12 20:45:49.734   787   787 W ContextImpl: Calling a method in the system process without a qualified user: android.app.ContextImpl.sendBroadcast:1523 com.android.server.StatusBarManagerService.sendNotification:981 com.android.server.StatusBarManagerService.addNotification:670 com.android.server.NotificationManagerService$7.run:2142 android.os.Handler.handleCallback:733 
12-12 20:45:49.744   991   991 D ProgressBar: setProgressDrawable drawableHeight = 0
12-12 20:45:49.754   991   991 D PhoneStatusBar: tick(): knoxCustomManager = android.app.enterprise.knoxcustom.KnoxCustomManager@41d4da00
12-12 20:45:49.764   787   787 D STATUSBAR-StatusBarManagerService: sendNotification(1) - 1096041553
12-12 20:45:49.774   991   991 D SizeAdaptiveLayout: com.android.internal.widget.SizeAdaptiveLayout{422373a0 V.E..... ......I. 0,0-0,0 #7f080087 app:id/adaptive}child view android.widget.FrameLayout{41fd7bc0 G.E..... ......I. 0,0-0,0 #1020364 android:id/status_bar_latest_event_content} measured out of bounds at 64px clamped to 68px
12-12 20:45:49.774   991   991 D SizeAdaptiveLayout: com.android.internal.widget.SizeAdaptiveLayout{422373a0 V.E..... ......I. 0,0-0,0 #7f080087 app:id/adaptive}child view android.widget.FrameLayout{41fd7bc0 G.E..... ......I. 0,0-0,0 #1020364 android:id/status_bar_latest_event_content} measured out of bounds at 64px clamped to 68px
12-12 20:45:49.774   991   991 D STATUSBAR-IconMerger: checkOverflow(1092), More:false, Req:false Child:3
12-12 20:45:49.794 10807 11021 D Aatp    : /task/bb38f2670720c6fbd3b82167e74584697a683909
12-12 20:45:49.804 10807 10807 D AatpDeviceManager: taskStatus update (bb38f2670720c6fbd3b82167e74584697a683909: {"state":1})
12-12 20:45:49.814 10823 10823 D com.samsung.app: [AccuTab_Magagine]>>> WC:42 [0:0] action : comandroidserverNotificationManagerServiceNotificationArrived
12-12 20:45:49.814 10823 10823 D com.samsung.app: [AccuTab_Magagine]>>> WC:55 [0:0] settings CT : androidappReceiverRestrictedContext@42049bf0
12-12 20:45:49.814   787  1784 D SSRMv2:SIOP: SIOP:: AP = 300, Delta = 0
12-12 20:45:49.824 10807 10807 D AatpDeviceManager: taskStatus update (bb38f2670720c6fbd3b82167e74584697a683909: {"result":"Cleaned Accounts PASS","state":2})
12-12 20:45:49.824   787   787 W ContextImpl: Calling a method in the system process without a qualified user: android.app.ContextImpl.sendBroadcast:1523 com.android.server.StatusBarManagerService.sendNotification:981 com.android.server.StatusBarManagerService.removeNotification:706 com.android.server.NotificationManagerService.cancelNotificationLocked:2455 com.android.server.NotificationManagerService.access$5100:160 
12-12 20:45:49.824   787   787 D NotificationService: cancelNotificationLocked
12-12 20:45:49.824   787   787 D STATUSBAR-StatusBarManagerService: sendNotification(3) - 1096041553
12-12 20:45:49.834   787   787 D NotificationService:  hasClearableItems
12-12 20:45:49.834   787   787 D NotificationService:  has clearable items no 
12-12 20:45:49.834   787   787 D NotificationService: cancelNotificationLocked: cancel alarm
12-12 20:45:49.834   787   787 D NotificationService: cancelNotificationLocked: cancel alarm
12-12 20:45:49.834   991   991 D STATUSBAR-IconMerger: checkOverflow(1092), More:false, Req:false Child:2
12-12 20:45:49.834   787   787 D LightsService: [api] [SvcLED] turnOff:: id = 4 (uid: 1000 pid: 787) 
12-12 20:45:49.834   787   787 D LightsService: [SvcLED] setSvcLedStateLocked:: SvcLEDState : 0x0 -> 0x0 | SvcLED(id=4) set Off
12-12 20:45:49.834   787   894 D LightsService: [SvcLED] Lux failed to be updated in 700ms. -> handleForcedSvcLEDTasK
12-12 20:45:49.834   787   894 D LightsService: [SvcLED]  setSvcLedLightLocked :: Current SvcLED(id=3) maintains its priority right
12-12 20:45:49.844 10823 10823 D com.samsung.app: [AccuTab_Magagine]>>> UIM:146 [0:0] setContext
12-12 20:45:49.844 10823 10823 D com.samsung.app: [AccuTab_Magagine]>>> UIM:227 [0:0] The widget does not exist in idle!!
12-12 20:45:49.934 10807 11032 D Aatp    : /task/bb38f2670720c6fbd3b82167e74584697a683909/status
12-12 20:45:50.024 10807 11033 D Aatp    : /rm-external-files
12-12 20:45:50.084 10807 11033 D Aatp    : sha1: 9d90ebad96a969fea5b17957df48fef8174ea2b8
12-12 20:45:50.124 10807 11033 D Aatp    : /task/9d90ebad96a969fea5b17957df48fef8174ea2b8
12-12 20:45:50.134   787   787 W ContextImpl: Calling a method in the system process without a qualified user: android.app.ContextImpl.sendBroadcast:1523 com.android.server.StatusBarManagerService.sendNotification:981 com.android.server.StatusBarManagerService.addNotification:670 com.android.server.NotificationManagerService$7.run:2142 android.os.Handler.handleCallback:733 
12-12 20:45:50.154   991   991 D ProgressBar: setProgressDrawable drawableHeight = 0
12-12 20:45:50.154   991   991 D PhoneStatusBar: tick(): knoxCustomManager = android.app.enterprise.knoxcustom.KnoxCustomManager@41d4da00
12-12 20:45:50.164   787   787 D STATUSBAR-StatusBarManagerService: sendNotification(1) - 1096041554
12-12 20:45:50.184   991   991 D SizeAdaptiveLayout: com.android.internal.widget.SizeAdaptiveLayout{42397120 V.E..... ......I. 0,0-0,0 #7f080087 app:id/adaptive}child view android.widget.FrameLayout{41fb7e48 G.E..... ......I. 0,0-0,0 #1020364 android:id/status_bar_latest_event_content} measured out of bounds at 64px clamped to 68px
12-12 20:45:50.184   991   991 D SizeAdaptiveLayout: com.android.internal.widget.SizeAdaptiveLayout{42397120 V.E..... ......I. 0,0-0,0 #7f080087 app:id/adaptive}child view android.widget.FrameLayout{41fb7e48 G.E..... ......I. 0,0-0,0 #1020364 android:id/status_bar_latest_event_content} measured out of bounds at 64px clamped to 68px
12-12 20:45:50.184 10807 10807 D AatpDeviceManager: taskStatus update (9d90ebad96a969fea5b17957df48fef8174ea2b8: {"state":1})
12-12 20:45:50.184   991   991 D STATUSBAR-IconMerger: checkOverflow(1092), More:false, Req:false Child:3
12-12 20:45:50.214 10823 10823 D com.samsung.app: [AccuTab_Magagine]>>> WC:42 [0:0] action : comandroidserverNotificationManagerServiceNotificationArrived
12-12 20:45:50.234 10823 10823 D com.samsung.app: [AccuTab_Magagine]>>> WC:55 [0:0] settings CT : androidappReceiverRestrictedContext@42049bf0
12-12 20:45:50.244 10807 11037 D AatpDeviceManager: Wiping files from: /sdcard
12-12 20:45:50.264 10823 10823 D com.samsung.app: [AccuTab_Magagine]>>> UIM:146 [0:0] setContext
12-12 20:45:50.264 10823 10823 D com.samsung.app: [AccuTab_Magagine]>>> UIM:227 [0:0] The widget does not exist in idle!!
12-12 20:45:50.314 10807 11037 D AatpDeviceManager: Wiping files from: /mnt/sdcard
12-12 20:45:50.324 10807 11037 D AatpDeviceManager: 0 files left!
12-12 20:45:50.324 10807 10807 D AatpDeviceManager: taskStatus update (9d90ebad96a969fea5b17957df48fef8174ea2b8: {"result":[],"state":2})
12-12 20:45:50.324   787   787 D NotificationService: cancelNotificationLocked
12-12 20:45:50.324   787   787 D NotificationService:  hasClearableItems
12-12 20:45:50.324   787   787 D NotificationService:  has clearable items no 
12-12 20:45:50.324   787   787 D NotificationService: cancelNotificationLocked: cancel alarm
12-12 20:45:50.324   787   787 D NotificationService: cancelNotificationLocked: cancel alarm
12-12 20:45:50.324   787   787 W ContextImpl: Calling a method in the system process without a qualified user: android.app.ContextImpl.sendBroadcast:1523 com.android.server.StatusBarManagerService.sendNotification:981 com.android.server.StatusBarManagerService.removeNotification:706 com.android.server.NotificationManagerService.cancelNotificationLocked:2455 com.android.server.NotificationManagerService.access$5100:160 
12-12 20:45:50.324   787   787 D STATUSBAR-StatusBarManagerService: sendNotification(3) - 1096041554
12-12 20:45:50.324   787   787 D LightsService: [api] [SvcLED] turnOff:: id = 4 (uid: 1000 pid: 787) 
12-12 20:45:50.324   787   787 D LightsService: [SvcLED] setSvcLedStateLocked:: SvcLEDState : 0x0 -> 0x0 | SvcLED(id=4) set Off
12-12 20:45:50.324   787   894 D LightsService: [SvcLED] Lux failed to be updated in 700ms. -> handleForcedSvcLEDTasK
12-12 20:45:50.324   787   894 D LightsService: [SvcLED]  setSvcLedLightLocked :: Current SvcLED(id=3) maintains its priority right
12-12 20:45:50.334   991   991 D STATUSBAR-IconMerger: checkOverflow(1092), More:false, Req:false Child:2
12-12 20:45:50.344 10807 11044 D Aatp    : /task/9d90ebad96a969fea5b17957df48fef8174ea2b8/status
12-12 20:45:50.544   787  1060 D BatteryService: level:100, scale:100, status:3, health:2, present:true, voltage: 4361, temperature: 213, technology: Li-ion, AC powered:false, USB powered:true, Wireless powered:false, icon:17303545, invalid charger:0, online:4, current avg:17, charge type:2, power sharing:false
12-12 20:45:50.544   787   787 D BatteryService: Sending ACTION_BATTERY_CHANGED.
12-12 20:45:50.554   991   991 D KeyguardUpdateMonitor: received broadcast android.intent.action.BATTERY_CHANGED
12-12 20:45:50.554   991   991 D KeyguardUpdateMonitor: handleBatteryUpdate
12-12 20:45:50.554  1812  1812 D DeviceManagerBroadcastReceiver: Updated Battery Level: 100
12-12 20:45:50.554  1812  1812 D DeviceManagerBroadcastReceiver: Action: android.intent.action.BATTERY_CHANGED
12-12 20:45:50.564  1812  1812 D DeviceManagerBroadcastReceiver: Set Alarm: false
12-12 20:45:50.574   991   991 D STATUSBAR-PhoneStatusBar:  mBrightnessEnablebySettings = true mBrightnessEnablebyBattery = true mBrightnessEnablebyDisableFlag = true mPmsBrightnessEnablebySettings = true
12-12 20:45:50.574   991   991 D BatteryMeterView: ACTION_BATTERY_CHANGED : level:100 status:3 health:2
12-12 20:45:50.584   991   991 D STATUSBAR-IconMerger: checkOverflow(1092), More:false, Req:false Child:2
12-12 20:45:51.104 11050 11050 D AndroidRuntime: 
12-12 20:45:51.104 11050 11050 D AndroidRuntime: >>>>>> AndroidRuntime START com.android.internal.os.RuntimeInit <<<<<<
12-12 20:45:51.104 11050 11050 D AndroidRuntime: CheckJNI is OFF
12-12 20:45:51.104 11050 11050 D AndroidRuntime: setted country_code = USA
12-12 20:45:51.104 11050 11050 D AndroidRuntime: setted countryiso_code = US
12-12 20:45:51.104 11050 11050 D AndroidRuntime: setted sales_code = BNN
12-12 20:45:51.104 11050 11050 D AndroidRuntime: readGMSProperty: start
12-12 20:45:51.104 11050 11050 D AndroidRuntime: readGMSProperty: already setted!!
12-12 20:45:51.104 11050 11050 D AndroidRuntime: readGMSProperty: end
12-12 20:45:51.104 11050 11050 D AndroidRuntime: addProductProperty: start
12-12 20:45:51.124 11050 11050 D dalvikvm: Trying to load lib libjavacore.so 0x0
12-12 20:45:51.134 11050 11050 D dalvikvm: Added shared lib libjavacore.so 0x0
12-12 20:45:51.134 11050 11050 D dalvikvm: Trying to load lib libnativehelper.so 0x0
12-12 20:45:51.134 11050 11050 D dalvikvm: Added shared lib libnativehelper.so 0x0
12-12 20:45:51.134 11050 11050 D dalvikvm: No JNI_OnLoad found in libnativehelper.so 0x0, skipping init
12-12 20:45:51.354 11050 11050 E memtrack: Couldn't load memtrack module (No such file or directory)
12-12 20:45:51.354 11050 11050 E android.os.Debug: failed to load memtrack module: -2
12-12 20:45:51.394 11050 11050 D dalvikvm: Note: class Landroid/app/ActivityManagerNative; has 192 unimplemented (abstract) methods
12-12 20:45:51.454 11050 11050 D AndroidRuntime: Calling main entry com.android.commands.pm.Pm
12-12 20:45:51.524   787   863 D SensorService:   0.1 -0.1 9.8
12-12 20:45:51.554   787  3280 V ApplicationPolicy: isApplicationStateBlocked userId 0 pkgname com.google.android.browser
12-12 20:45:51.554 11050 11050 D AndroidRuntime: Shutting down VM
12-12 20:45:51.554 11050 11060 D dalvikvm: GC_CONCURRENT freed 97K, 13% free 677K/776K, paused 0ms+0ms, total 2ms
12-12 20:45:51.554   787  3280 W ActivityManager: Invalid packageName: com.google.android.browser
12-12 20:45:52.494 11069 11069 D AndroidRuntime: 
12-12 20:45:52.494 11069 11069 D AndroidRuntime: >>>>>> AndroidRuntime START com.android.internal.os.RuntimeInit <<<<<<
12-12 20:45:52.494 11069 11069 D AndroidRuntime: CheckJNI is OFF
12-12 20:45:52.494 11069 11069 D AndroidRuntime: setted country_code = USA
12-12 20:45:52.494 11069 11069 D AndroidRuntime: setted countryiso_code = US
12-12 20:45:52.494 11069 11069 D AndroidRuntime: setted sales_code = BNN
12-12 20:45:52.494 11069 11069 D AndroidRuntime: readGMSProperty: start
12-12 20:45:52.494 11069 11069 D AndroidRuntime: readGMSProperty: already setted!!
12-12 20:45:52.494 11069 11069 D AndroidRuntime: readGMSProperty: end
12-12 20:45:52.494 11069 11069 D AndroidRuntime: addProductProperty: start
12-12 20:45:52.514 11069 11069 D dalvikvm: Trying to load lib libjavacore.so 0x0
12-12 20:45:52.514 11069 11069 D dalvikvm: Added shared lib libjavacore.so 0x0
12-12 20:45:52.524 11069 11069 D dalvikvm: Trying to load lib libnativehelper.so 0x0
12-12 20:45:52.524 11069 11069 D dalvikvm: Added shared lib libnativehelper.so 0x0
12-12 20:45:52.524 11069 11069 D dalvikvm: No JNI_OnLoad found in libnativehelper.so 0x0, skipping init
12-12 20:45:52.744 11069 11069 E memtrack: Couldn't load memtrack module (No such file or directory)
12-12 20:45:52.744 11069 11069 E android.os.Debug: failed to load memtrack module: -2
12-12 20:45:52.784 11069 11069 D dalvikvm: Note: class Landroid/app/ActivityManagerNative; has 192 unimplemented (abstract) methods
12-12 20:45:52.854 11069 11069 D AndroidRuntime: Calling main entry com.android.commands.pm.Pm
12-12 20:45:52.954   787  6082 V ApplicationPolicy: isApplicationStateBlocked userId 0 pkgname com.android.chrome
12-12 20:45:52.954   787  6082 V ApplicationPolicy: isApplicationStateBlocked userId 0 pkgname com.android.chrome
12-12 20:45:52.954   787  6082 D PackageManager: START CLEAR APPLICATION USER DATA: observer{1126370384}
12-12 20:45:52.954   787  6082 D PackageManager: pkg{<packageName>}
12-12 20:45:52.954   787  6082 D PackageManager: user{0}
12-12 20:45:52.954   787   887 D PackageManager: [MSG] CLEAR_APPLICATION_USER_DATA
12-12 20:45:52.964  1140  1140 D ContainerEventsRelayManager: <<< Intent action is >>> : android.intent.action.PACKAGE_RESTARTED
12-12 20:45:52.964  1140  1140 D ContainerEventsRelayManager: <<< Intent data is   >>> : package:com.android.chrome
12-12 20:45:52.974   248   248 D keystore: calling clear_uid in state: 3
12-12 20:45:52.974  5426  5426 I GeofencerStateMachine: removeGeofences: removeRequest=RemoveGeofencingRequest[REMOVE_ALL packageName=com.android.chrome]
12-12 20:45:52.974  1140  1140 D ContainerEventsRelayManager: <<< Intent action is >>> : android.intent.action.PACKAGE_DATA_CLEARED
12-12 20:45:52.974  1140  1140 D ContainerEventsRelayManager: <<< Intent data is   >>> : package:com.android.chrome
12-12 20:45:52.974  3086  3086 D daemonapp: [MSC_Daemon]>>> AWDCDS:27 [0:0] AWD CD Act : androidintentactionPACKAGE_RESTARTED
12-12 20:45:52.984 11085 11085 I SELinux : Function: selinux_android_load_priority [0], There is no sepolicy file.
12-12 20:45:52.984 11085 11085 I SELinux :  
12-12 20:45:52.984 11085 11085 I SELinux : Function: selinux_android_load_priority [1], There is no sepolicy version file.
12-12 20:45:52.984 11085 11085 I SELinux :  
12-12 20:45:52.984 11085 11085 I SELinux : Function: selinux_android_load_priority , priority version is VE=SEPF_SM-T530NU_4.4.2_0028
12-12 20:45:52.984 11085 11085 I SELinux :  
12-12 20:45:52.984 11085 11085 I SELinux :  
12-12 20:45:52.984 11085 11085 I SELinux : selinux_android_seapp_context_reload: seapp_contexts file is loaded from /seapp_contexts
12-12 20:45:53.014 11097 11097 I SELinux : Function: selinux_android_load_priority [0], There is no sepolicy file.
12-12 20:45:53.014 11097 11097 I SELinux :  
12-12 20:45:53.014 11097 11097 I SELinux : Function: selinux_android_load_priority [1], There is no sepolicy version file.
12-12 20:45:53.014 11097 11097 I SELinux :  
12-12 20:45:53.014 11097 11097 I SELinux : Function: selinux_android_load_priority , priority version is VE=SEPF_SM-T530NU_4.4.2_0028
12-12 20:45:53.014 11097 11097 I SELinux :  
12-12 20:45:53.014 11097 11097 I SELinux :  
12-12 20:45:53.014 11097 11097 I SELinux : selinux_android_seapp_context_reload: seapp_contexts file is loaded from /seapp_contexts
12-12 20:45:53.044   787  1060 W ActivityManager: Permission Denial: getCurrentUser() from pid=11085, uid=10004 requires android.permission.INTERACT_ACROSS_USERS
12-12 20:45:53.074   787   887 D PackageManager: return delete result to caller: 1126370384
12-12 20:45:53.074 11069 11069 D AndroidRuntime: Shutting down VM
12-12 20:45:53.074 11069 11079 D dalvikvm: GC_CONCURRENT freed 97K, 13% free 677K/776K, paused 1ms+0ms, total 4ms
12-12 20:45:53.074   787   887 D PackageManager: returnCode: true
12-12 20:45:53.074   787  1166 I ActivityManager: Killing 7741:com.google.android.music:main/u0a108 (adj 15): empty for 7207s
12-12 20:45:53.094 11097 11116 D Documents: Loading roots for com.android.externalstorage.documents
12-12 20:45:53.094   787  1216 I ActivityManager: Killing 8160:com.google.android.apps.docs/u0a79 (adj 15): empty for 7147s
12-12 20:45:53.104  3086  3086 D daemonapp: [MSC_Daemon]>>> AWDCDS:27 [0:0] AWD CD Act : androidintentactionPACKAGE_DATA_CLEARED
12-12 20:45:53.124 11117 11117 I SELinux : Function: selinux_android_load_priority [0], There is no sepolicy file.
12-12 20:45:53.124 11117 11117 I SELinux :  
12-12 20:45:53.124 11117 11117 I SELinux : Function: selinux_android_load_priority [1], There is no sepolicy version file.
12-12 20:45:53.124 11117 11117 I SELinux :  
12-12 20:45:53.124 11117 11117 I SELinux : Function: selinux_android_load_priority , priority version is VE=SEPF_SM-T530NU_4.4.2_0028
12-12 20:45:53.124 11117 11117 I SELinux :  
12-12 20:45:53.124 11117 11117 I SELinux :  
12-12 20:45:53.124 11117 11117 I SELinux : selinux_android_seapp_context_reload: seapp_contexts file is loaded from /seapp_contexts
12-12 20:45:53.154   787  1231 I ActivityManager: Killing 7910:com.google.android.apps.maps/u0a86 (adj 15): empty for 7146s
12-12 20:45:53.164  6609 11134 D Wear_Controller: Received broadcast action=android.intent.action.PACKAGE_DATA_CLEARED and uri=com.android.chrome
12-12 20:45:53.164  6609 11131 I LocationSettingsChecker: Removing dialog suppression flag for package com.android.chrome
12-12 20:45:53.214  5426  5430 D dalvikvm: GC_CONCURRENT freed 2121K, 37% free 8881K/14092K, paused 5ms+10ms, total 74ms
12-12 20:45:53.214 11117 11117 D ExternalStorage: After updating volumes, found 1 active roots
12-12 20:45:53.224 11097 11097 D Documents: Updating roots due to change at content://com.android.externalstorage.documents/root
12-12 20:45:53.374   787  3281 D dalvikvm: GC_EXPLICIT freed 4516K, 57% free 23647K/53936K, paused 6ms+16ms, total 195ms
12-12 20:45:53.374   787  1166 W ActivityManager: Permission Denial: getCurrentUser() from pid=11117, uid=10005 requires android.permission.INTERACT_ACROSS_USERS
12-12 20:45:53.394  6609  7620 I Icing   : doRemovePackageData com.android.chrome
12-12 20:45:53.394 11097 11116 D Documents: Loading roots for com.android.providers.downloads.documents
12-12 20:45:53.394 11097 11116 D Documents: Loading roots for com.android.providers.media.documents
12-12 20:45:53.414 11097 11116 D Documents: Loading roots for com.google.android.apps.docs.storage
12-12 20:45:53.434 11142 11142 I SELinux : Function: selinux_android_load_priority [0], There is no sepolicy file.
12-12 20:45:53.434 11142 11142 I SELinux :  
12-12 20:45:53.434 11142 11142 I SELinux : Function: selinux_android_load_priority [1], There is no sepolicy version file.
12-12 20:45:53.434 11142 11142 I SELinux :  
12-12 20:45:53.434 11142 11142 I SELinux : Function: selinux_android_load_priority , priority version is VE=SEPF_SM-T530NU_4.4.2_0028
12-12 20:45:53.434 11142 11142 I SELinux :  
12-12 20:45:53.434 11142 11142 I SELinux :  
12-12 20:45:53.434 11142 11142 I SELinux : selinux_android_seapp_context_reload: seapp_contexts file is loaded from /seapp_contexts
12-12 20:45:53.524 11142 11142 E dalvikvm: Could not find class 'android.provider.DocumentsContract$Path', referenced from method com.google.android.apps.docs.storagebackend.StorageBackendContentProvider.a
12-12 20:45:53.524 11142 11142 W dalvikvm: VFY: unable to resolve new-instance 936 (Landroid/provider/DocumentsContract$Path;) in Lcom/google/android/apps/docs/storagebackend/StorageBackendContentProvider;
12-12 20:45:53.524 11142 11142 D dalvikvm: VFY: replacing opcode 0x22 at 0x0089
12-12 20:45:53.534 11142 11142 I dalvikvm: Could not find method frh.refresh, referenced from method com.google.android.apps.docs.storagebackend.StorageBackendContentProvider.refresh
12-12 20:45:53.534 11142 11142 W dalvikvm: VFY: unable to resolve virtual method 38100: Lfrh;.refresh (Landroid/net/Uri;Landroid/os/Bundle;Landroid/os/CancellationSignal;)Z
12-12 20:45:53.534 11142 11142 D dalvikvm: VFY: replacing opcode 0x6f at 0x0007
12-12 20:45:53.534 11142 11142 D dalvikvm: DexOpt: unable to opt direct call 0x1053 at 0x8b in Lcom/google/android/apps/docs/storagebackend/StorageBackendContentProvider;.a
12-12 20:45:53.554 11142 11142 I dalvikvm: Could not find method android.content.Context.getDrawable, referenced from method in.a
12-12 20:45:53.554 11142 11142 W dalvikvm: VFY: unable to resolve virtual method 2767: Landroid/content/Context;.getDrawable (I)Landroid/graphics/drawable/Drawable;
12-12 20:45:53.554 11142 11142 D dalvikvm: VFY: replacing opcode 0x6e at 0x0006
12-12 20:45:53.554 11142 11142 I dalvikvm: Could not find method android.content.Context.isDeviceProtectedStorage, referenced from method in.a
12-12 20:45:53.554 11142 11142 W dalvikvm: VFY: unable to resolve virtual method 2783: Landroid/content/Context;.isDeviceProtectedStorage ()Z
12-12 20:45:53.554 11142 11142 D dalvikvm: VFY: replacing opcode 0x6e at 0x0006
12-12 20:45:53.554 11142 11142 I dalvikvm: Could not find method android.content.Context.getColorStateList, referenced from method in.b
12-12 20:45:53.554 11142 11142 W dalvikvm: VFY: unable to resolve virtual method 2762: Landroid/content/Context;.getColorStateList (I)Landroid/content/res/ColorStateList;
12-12 20:45:53.554 11142 11142 D dalvikvm: VFY: replacing opcode 0x6e at 0x0006
12-12 20:45:53.554 11142 11142 I dalvikvm: Could not find method android.content.Context.getColor, referenced from method in.c
12-12 20:45:53.554 11142 11142 W dalvikvm: VFY: unable to resolve virtual method 2761: Landroid/content/Context;.getColor (I)I
12-12 20:45:53.554 11142 11142 D dalvikvm: VFY: replacing opcode 0x6e at 0x0006
12-12 20:45:53.574   787  3278 W ActivityManager: Permission Denial: getCurrentUser() from pid=11142, uid=10079 requires android.permission.INTERACT_ACROSS_USERS
12-12 20:45:53.684 11142 11142 W dalvikvm: Unable to resolve superclass of Lcom/google/android/apps/docs/notification/guns/GcmJobService; (592)
12-12 20:45:53.684 11142 11142 W dalvikvm: Link of class 'Lcom/google/android/apps/docs/notification/guns/GcmJobService;' failed
12-12 20:45:53.684 11142 11142 W dalvikvm: VFY: unable to find class referenced in signature (Lcom/google/android/apps/docs/notification/guns/GcmJobService;)
12-12 20:45:53.684 11142 11142 W dalvikvm: Unable to resolve superclass of Lcom/google/android/apps/docs/notification/guns/GcmJobService; (592)
12-12 20:45:53.684 11142 11142 W dalvikvm: Link of class 'Lcom/google/android/apps/docs/notification/guns/GcmJobService;' failed
12-12 20:45:53.684 11142 11142 W dalvikvm: VFY: unable to resolve instance field 11971
12-12 20:45:53.684 11142 11142 D dalvikvm: VFY: replacing opcode 0x5b at 0x0008
12-12 20:45:53.684 11142 11142 I dalvikvm: Could not find method java.util.Locale.toLanguageTag, referenced from method drz.a
12-12 20:45:53.684 11142 11142 W dalvikvm: VFY: unable to resolve virtual method 49887: Ljava/util/Locale;.toLanguageTag ()Ljava/lang/String;
12-12 20:45:53.684 11142 11142 D dalvikvm: VFY: replacing opcode 0x6e at 0x00ca
12-12 20:45:53.704 11142 11142 W dalvikvm: Unable to resolve superclass of Lcom/google/android/apps/docs/notification/guns/GcmJobService; (592)
12-12 20:45:53.704 11142 11142 W dalvikvm: Link of class 'Lcom/google/android/apps/docs/notification/guns/GcmJobService;' failed
12-12 20:45:53.704 11142 11142 I dalvikvm: DexOpt: unable to optimize instance field ref 0x2ec4 at 0x12 in Ldrz;.a
12-12 20:45:53.764 11142 11142 I dalvikvm: Could not find method java.util.Locale.toLanguageTag, referenced from method azc.a
12-12 20:45:53.764 11142 11142 W dalvikvm: VFY: unable to resolve virtual method 49887: Ljava/util/Locale;.toLanguageTag ()Ljava/lang/String;
12-12 20:45:53.764 11142 11142 D dalvikvm: VFY: replacing opcode 0x6e at 0x000e
12-12 20:45:53.854 11142 11164 I dalvikvm: Could not find method android.content.pm.PackageManager.getPackageInstaller, referenced from method ijj.a
12-12 20:45:53.854 11142 11164 W dalvikvm: VFY: unable to resolve virtual method 2942: Landroid/content/pm/PackageManager;.getPackageInstaller ()Landroid/content/pm/PackageInstaller;
12-12 20:45:53.854 11142 11164 D dalvikvm: VFY: replacing opcode 0x6e at 0x0012
12-12 20:45:53.864 11142 11164 I GAv4    : Google Analytics 11.0.11 is starting up. To enable debug logging on a device run:
12-12 20:45:53.864 11142 11164 I GAv4    :   adb shell setprop log.tag.GAv4 DEBUG
12-12 20:45:53.864 11142 11164 I GAv4    :   adb logcat -s GAv4
12-12 20:45:53.894 11142 11167 W GAv4    : AnalyticsReceiver is not registered or is disabled. Register the receiver for reliable dispatching on non-Google Play devices. See http://goo.gl/8Rd3yj for instructions.
12-12 20:45:53.894 11142 11164 W CoreComponentFactoryImpl: RetainedComponent will not be retained if  djl does not inherit FragmentActivity and fulfill jpt contract.
12-12 20:45:53.904 11142 11142 W FieldDefinition: Ignoring isIndexed constraint as field also has uniqueness constraint (on just this field, and therefore SQLite will have to create an index on that. For field: com.google.android.apps.docs.database.common.FieldDefinition$a@4221cbc0
12-12 20:45:53.954 11157 11157 D AndroidRuntime: 
12-12 20:45:53.954 11157 11157 D AndroidRuntime: >>>>>> AndroidRuntime START com.android.internal.os.RuntimeInit <<<<<<
12-12 20:45:53.954 11157 11157 D AndroidRuntime: CheckJNI is OFF
12-12 20:45:53.954 11157 11157 D AndroidRuntime: setted country_code = USA
12-12 20:45:53.954 11157 11157 D AndroidRuntime: setted countryiso_code = US
12-12 20:45:53.954 11157 11157 D AndroidRuntime: setted sales_code = BNN
12-12 20:45:53.954 11157 11157 D AndroidRuntime: readGMSProperty: start
12-12 20:45:53.954 11157 11157 D AndroidRuntime: readGMSProperty: already setted!!
12-12 20:45:53.954 11157 11157 D AndroidRuntime: readGMSProperty: end
12-12 20:45:53.954 11157 11157 D AndroidRuntime: addProductProperty: start
12-12 20:45:53.974 11157 11157 D dalvikvm: Trying to load lib libjavacore.so 0x0
12-12 20:45:53.984 11157 11157 D dalvikvm: Added shared lib libjavacore.so 0x0
12-12 20:45:53.984 11157 11157 D dalvikvm: Trying to load lib libnativehelper.so 0x0
12-12 20:45:53.984 11157 11157 D dalvikvm: Added shared lib libnativehelper.so 0x0
12-12 20:45:53.984 11157 11157 D dalvikvm: No JNI_OnLoad found in libnativehelper.so 0x0, skipping init
12-12 20:45:54.014 11142 11167 W GAv4    : CampaignTrackingReceiver is not registered, not exported or is disabled. Installation campaign tracking is not possible. See http://goo.gl/8Rd3yj for instructions.
12-12 20:45:54.014 11142 11167 W GAv4    : AnalyticsService not registered in the app manifest. Hits might not be delivered reliably. See http://goo.gl/8Rd3yj for instructions.
12-12 20:45:54.144 11142 11164 I dalvikvm: Could not find method java.util.Locale.toLanguageTag, referenced from method drx.a
12-12 20:45:54.144 11142 11164 W dalvikvm: VFY: unable to resolve virtual method 49887: Ljava/util/Locale;.toLanguageTag ()Ljava/lang/String;
12-12 20:45:54.144 11142 11164 D dalvikvm: VFY: replacing opcode 0x6e at 0x02d6
12-12 20:45:54.144 11142 11142 W dalvikvm: Unable to resolve superclass of Lcom/google/android/apps/docs/sync/content/ContentSyncJobService; (592)
12-12 20:45:54.144 11142 11142 W dalvikvm: Link of class 'Lcom/google/android/apps/docs/sync/content/ContentSyncJobService;' failed
12-12 20:45:54.144 11142 11142 I dalvikvm: Could not find method com.google.android.apps.docs.sync.content.ContentSyncJobService.a, referenced from method fur.a
12-12 20:45:54.144 11142 11142 W dalvikvm: VFY: unable to resolve static method 20602: Lcom/google/android/apps/docs/sync/content/ContentSyncJobService;.a (Landroid/content/Context;Lfui;)V
12-12 20:45:54.144 11142 11142 D dalvikvm: VFY: replacing opcode 0x71 at 0x0010
12-12 20:45:54.164 11142 11164 I dalvikvm: Could not find method java.util.Locale.toLanguageTag, referenced from method drx.a
12-12 20:45:54.164 11142 11164 W dalvikvm: VFY: unable to resolve virtual method 49887: Ljava/util/Locale;.toLanguageTag ()Ljava/lang/String;
12-12 20:45:54.164 11142 11164 D dalvikvm: VFY: replacing opcode 0x6e at 0x00e2
12-12 20:45:54.174 11142 11142 W dalvikvm: Unable to resolve superclass of Lcom/google/android/apps/docs/appindexing/AppIndexingJobService; (592)
12-12 20:45:54.174 11142 11142 W dalvikvm: Link of class 'Lcom/google/android/apps/docs/appindexing/AppIndexingJobService;' failed
12-12 20:45:54.174 11142 11142 I dalvikvm: Could not find method com.google.android.apps.docs.appindexing.AppIndexingJobService.a, referenced from method aub.a
12-12 20:45:54.174 11142 11142 W dalvikvm: VFY: unable to resolve static method 16136: Lcom/google/android/apps/docs/appindexing/AppIndexingJobService;.a (Landroid/content/Context;ZJZ)V
12-12 20:45:54.174 11142 11142 D dalvikvm: VFY: replacing opcode 0x71 at 0x001d
12-12 20:45:54.174 11142 11142 W dalvikvm: Unable to resolve superclass of Lcom/google/android/apps/docs/appindexing/AppIndexingJobService; (592)
12-12 20:45:54.174 11142 11142 W dalvikvm: Link of class 'Lcom/google/android/apps/docs/appindexing/AppIndexingJobService;' failed
12-12 20:45:54.174 11142 11142 I dalvikvm: Could not find method com.google.android.apps.docs.appindexing.AppIndexingJobService.a, referenced from method aub.b
12-12 20:45:54.174 11142 11142 W dalvikvm: VFY: unable to resolve static method 16136: Lcom/google/android/apps/docs/appindexing/AppIndexingJobService;.a (Landroid/content/Context;ZJZ)V
12-12 20:45:54.174 11142 11142 D dalvikvm: VFY: replacing opcode 0x71 at 0x000d
12-12 20:45:54.184 11142 11142 E dalvikvm: Could not find class 'android.app.NotificationChannel', referenced from method ewv.a
12-12 20:45:54.184 11142 11142 W dalvikvm: VFY: unable to resolve new-instance 572 (Landroid/app/NotificationChannel;) in Lewv;
12-12 20:45:54.184 11142 11142 D dalvikvm: VFY: replacing opcode 0x22 at 0x001a
12-12 20:45:54.184 11142 11142 E dalvikvm: Could not find class 'android.app.NotificationChannel', referenced from method ewv.a
12-12 20:45:54.184 11142 11142 W dalvikvm: VFY: unable to resolve new-instance 572 (Landroid/app/NotificationChannel;) in Lewv;
12-12 20:45:54.184 11142 11142 D dalvikvm: VFY: replacing opcode 0x22 at 0x002b
12-12 20:45:54.184 11142 11142 I dalvikvm: Could not find method android.app.NotificationManager.createNotificationChannels, referenced from method ewv.a
12-12 20:45:54.184 11142 11142 W dalvikvm: VFY: unable to resolve virtual method 2311: Landroid/app/NotificationManager;.createNotificationChannels (Ljava/util/List;)V
12-12 20:45:54.184 11142 11142 D dalvikvm: VFY: replacing opcode 0x6e at 0x0055
12-12 20:45:54.184 11142 11142 D dalvikvm: DexOpt: unable to opt direct call 0x0902 at 0x26 in Lewv;.a
12-12 20:45:54.184 11142 11142 D dalvikvm: DexOpt: unable to opt direct call 0x0902 at 0x37 in Lewv;.a
12-12 20:45:54.204  5325  5689 D dalvikvm: GC_EXPLICIT freed 98K, 57% free 6175K/14092K, paused 3ms+5ms, total 38ms
12-12 20:45:54.214 11157 11157 E memtrack: Couldn't load memtrack module (No such file or directory)
12-12 20:45:54.214 11157 11157 E android.os.Debug: failed to load memtrack module: -2
12-12 20:45:54.244 11157 11157 D dalvikvm: Note: class Landroid/app/ActivityManagerNative; has 192 unimplemented (abstract) methods
12-12 20:45:54.254 11097 11116 D Documents: Update found 6 roots in 1162ms
12-12 20:45:54.264 11097 11190 D Documents: Loading roots for com.android.externalstorage.documents
12-12 20:45:54.264 11097 11097 D Documents: Updating roots due to change at content://com.google.android.apps.docs.storage/root
12-12 20:45:54.274 11097 11190 D Documents: Used cached roots for com.android.providers.downloads.documents
12-12 20:45:54.274 11097 11190 D Documents: Used cached roots for com.android.providers.media.documents
12-12 20:45:54.274 11097 11190 D Documents: Loading roots for com.google.android.apps.docs.storage
12-12 20:45:54.284 11097 11191 D Documents: Used cached roots for com.android.externalstorage.documents
12-12 20:45:54.284 11097 11191 D Documents: Used cached roots for com.android.providers.downloads.documents
12-12 20:45:54.284 11097 11191 D Documents: Used cached roots for com.android.providers.media.documents
12-12 20:45:54.284 11097 11191 D Documents: Loading roots for com.google.android.apps.docs.storage
12-12 20:45:54.284 11097 11190 D Documents: Update found 6 roots in 25ms
12-12 20:45:54.294 11097 11191 D Documents: Update found 6 roots in 16ms
12-12 20:45:54.314 11157 11157 D AndroidRuntime: Calling main entry com.android.commands.pm.Pm
12-12 20:45:54.414   787  3279 V ApplicationPolicy: isApplicationStateBlocked userId 0 pkgname com.android.systemui
12-12 20:45:54.424   787  3279 V ApplicationPolicy: isApplicationStateBlocked userId 0 pkgname com.android.systemui
12-12 20:45:54.424  1140  1140 D ContainerEventsRelayManager: <<< Intent action is >>> : android.intent.action.PACKAGE_RESTARTED
12-12 20:45:54.424  1140  1140 D ContainerEventsRelayManager: <<< Intent data is   >>> : package:com.android.systemui
12-12 20:45:54.424  5426  5426 I GeofencerStateMachine: removeGeofences: removeRequest=RemoveGeofencingRequest[REMOVE_ALL packageName=com.android.systemui]
12-12 20:45:54.424  1140  1140 D ContainerEventsRelayManager: <<< Intent action is >>> : android.intent.action.PACKAGE_DATA_CLEARED
12-12 20:45:54.424  1140  1140 D ContainerEventsRelayManager: <<< Intent data is   >>> : package:com.android.systemui
12-12 20:45:54.424   787  3279 D PackageManager: START CLEAR APPLICATION USER DATA: observer{1127420416}
12-12 20:45:54.424   787  3279 D PackageManager: pkg{<packageName>}
12-12 20:45:54.424   787  3279 D PackageManager: user{0}
12-12 20:45:54.424   787   887 D PackageManager: [MSG] CLEAR_APPLICATION_USER_DATA
12-12 20:45:54.434   787   876 W WallpaperService: SimStatusVerifyandroid
12-12 20:45:54.434   787   876 D WallpaperService: WallpaperManagerService->SimStatusVerify slot  currSimId 0
12-12 20:45:54.434   248   248 D keystore: calling clear_uid in state: 3
12-12 20:45:54.434 11097 11195 D Documents: Used cached roots for com.android.externalstorage.documents
12-12 20:45:54.434 11097 11195 D Documents: Used cached roots for com.android.providers.downloads.documents
12-12 20:45:54.434 11097 11195 D Documents: Used cached roots for com.android.providers.media.documents
12-12 20:45:54.434 11097 11195 D Documents: Loading roots for com.google.android.apps.docs.storage
12-12 20:45:54.434  3086  3086 D daemonapp: [MSC_Daemon]>>> AWDCDS:27 [0:0] AWD CD Act : androidintentactionPACKAGE_RESTARTED
12-12 20:45:54.434   787   876 W WallpaperService: Wallpaper uninstalled, removing: ComponentInfo{com.android.systemui/com.android.systemui.ImageWallpaper}
12-12 20:45:54.434   787   876 V WallpaperService: deleteWallpaperFile. simSlot : 0
12-12 20:45:54.434   787   876 V WallpaperService: bindWallpaperComponentLocked: componentName=null
12-12 20:45:54.434   787   876 V WallpaperService: Use default component wallpaper:null
12-12 20:45:54.434   787   876 V WallpaperService: Using image wallpaper
12-12 20:45:54.434   787   876 V WallpaperService: Binding to:ComponentInfo{com.android.systemui/com.android.systemui.ImageWallpaper}
12-12 20:45:54.444 11097 11195 D Documents: Update found 6 roots in 8ms
12-12 20:45:54.444   787   876 V WallpaperService: Removing window token: android.os.Binder@430adf58
12-12 20:45:54.444   787   876 V WallpaperService: Adding window token: android.os.Binder@428ca2f8
12-12 20:45:54.444   787   787 V WallpaperService: saveSettingsLocked(true)
12-12 20:45:54.454   241   241 I SurfaceFlinger: id=19 createSurf (1x1),2 flag=404, JmageWallpa
12-12 20:45:54.464   787   887 D PackageManager: return delete result to caller: 1127420416
12-12 20:45:54.464 11157 11157 D AndroidRuntime: Shutting down VM
12-12 20:45:54.464  3086  3086 D daemonapp: [MSC_Daemon]>>> AWDCDS:27 [0:0] AWD CD Act : androidintentactionPACKAGE_DATA_CLEARED
12-12 20:45:54.464 11157 11175 D dalvikvm: GC_CONCURRENT freed 97K, 13% free 677K/776K, paused 1ms+0ms, total 3ms
12-12 20:45:54.464   787   887 D PackageManager: returnCode: true
12-12 20:45:54.474   991   991 W WallpaperManager: peekWallpaperBitmapcom.android.systemui
12-12 20:45:54.474   991   991 W WallpaperManager: peekWallpaperBitmap: single sim
12-12 20:45:54.474   991   991 W WallpaperManager: peekWallpaperBitmap:mWallpaper is null
12-12 20:45:54.474   787  3279 W WallpaperService: SimStatusVerifyandroid
12-12 20:45:54.474   787  3279 D WallpaperService: WallpaperManagerService->SimStatusVerify slot  currSimId 0
