12-12 20:46:32.244 11710 11710 W dalvikvm: VFY: unable to resolve virtual method 3163: Landroid/app/NotificationManager;.getNotificationChannel (Ljava/lang/String;)Landroid/app/NotificationChannel;
12-12 20:46:32.244 11710 11710 D dalvikvm: VFY: replacing opcode 0x6e at 0x0008
12-12 20:46:32.244 11962 11962 D AndroidRuntime: readGMSProperty: start
12-12 20:46:32.244 11962 11962 D AndroidRuntime: readGMSProperty: already setted!!
12-12 20:46:32.244 11962 11962 D AndroidRuntime: readGMSProperty: end
12-12 20:46:32.244 11962 11962 D AndroidRuntime: addProductProperty: start
12-12 20:46:32.244 11710 11710 W dalvikvm: VFY: unable to find class referenced in signature (Landroid/app/NotificationChannel;)
12-12 20:46:32.244 11710 11710 I dalvikvm: Could not find method android.app.NotificationManager.getNotificationChannels, referenced from method jvh.a
12-12 20:46:32.244 11710 11710 W dalvikvm: VFY: unable to resolve virtual method 3164: Landroid/app/NotificationManager;.getNotificationChannels ()Ljava/util/List;
12-12 20:46:32.244 11710 11710 D dalvikvm: VFY: replacing opcode 0x6e at 0x0008
12-12 20:46:32.244 11710 11710 W dalvikvm: VFY: unable to find class referenced in signature (Landroid/app/NotificationChannel;)
12-12 20:46:32.244 11710 11710 I dalvikvm: Could not find method android.app.NotificationManager.createNotificationChannel, referenced from method jvh.a
12-12 20:46:32.244 11710 11710 W dalvikvm: VFY: unable to resolve virtual method 3160: Landroid/app/NotificationManager;.createNotificationChannel (Landroid/app/NotificationChannel;)V
12-12 20:46:32.244 11710 11710 D dalvikvm: VFY: replacing opcode 0x6e at 0x0008
12-12 20:46:32.244 11710 11710 W dalvikvm: VFY: unable to find class referenced in signature (Landroid/app/NotificationChannelGroup;)
12-12 20:46:32.244 11710 11710 I dalvikvm: Could not find method android.app.NotificationManager.createNotificationChannelGroup, referenced from method jvh.a
12-12 20:46:32.244 11710 11710 W dalvikvm: VFY: unable to resolve virtual method 3161: Landroid/app/NotificationManager;.createNotificationChannelGroup (Landroid/app/NotificationChannelGroup;)V
12-12 20:46:32.244 11710 11710 D dalvikvm: VFY: replacing opcode 0x6e at 0x0008
12-12 20:46:32.244 11710 11710 I dalvikvm: Could not find method android.app.NotificationManager.deleteNotificationChannel, referenced from method jvh.b
12-12 20:46:32.244 11710 11710 W dalvikvm: VFY: unable to resolve virtual method 3162: Landroid/app/NotificationManager;.deleteNotificationChannel (Ljava/lang/String;)V
12-12 20:46:32.244 11710 11710 D dalvikvm: VFY: replacing opcode 0x6e at 0x0008
12-12 20:46:32.244 11710 11710 D dalvikvm: DexOpt: unable to opt direct call 0x0c4e at 0x21 in Ljvh;.a
12-12 20:46:32.254 11710 11710 I dalvikvm: Could not find method android.content.pm.PackageManager.getPackageInstaller, referenced from method izp.a
12-12 20:46:32.254 11710 11710 W dalvikvm: VFY: unable to resolve virtual method 1801: Landroid/content/pm/PackageManager;.getPackageInstaller ()Landroid/content/pm/PackageInstaller;
12-12 20:46:32.254 11710 11710 D dalvikvm: VFY: replacing opcode 0x6e at 0x001c
12-12 20:46:32.254 11964 11964 I DBG_DIAGMONDM: [1.140521.0521][Line:70][onCreate] nStatus : 0
12-12 20:46:32.264 11962 11962 D dalvikvm: Trying to load lib libjavacore.so 0x0
12-12 20:46:32.264 11962 11962 D dalvikvm: Added shared lib libjavacore.so 0x0
12-12 20:46:32.264 11962 11962 D dalvikvm: Trying to load lib libnativehelper.so 0x0
12-12 20:46:32.264 11962 11962 D dalvikvm: Added shared lib libnativehelper.so 0x0
12-12 20:46:32.264 11962 11962 D dalvikvm: No JNI_OnLoad found in libnativehelper.so 0x0, skipping init
12-12 20:46:32.284 11387 11397 W ConfigurationChimeraPro: Got null configs for com.google.android.gms.herrevad
12-12 20:46:32.304 11387 11652 W ConfigurationChimeraPro: Got null configs for com.google.android.gms.auth_authzen
12-12 20:46:32.314 11728 11807 W ChimeraUtils: Non Chimera context
12-12 20:46:32.334 11728 11976 W dalvikvm: VFY: unable to find class referenced in signature (Landroid/net/Network;)
12-12 20:46:32.334 11710 11981 I Auth    : [Change,AccountsChange] First snapshot
12-12 20:46:32.334 11728 11976 I dalvikvm: Could not find method android.net.Network.openConnection, referenced from method rsp.a
12-12 20:46:32.334 11728 11976 W dalvikvm: VFY: unable to resolve virtual method 16338: Landroid/net/Network;.openConnection (Ljava/net/URL;)Ljava/net/URLConnection;
12-12 20:46:32.334 11728 11976 D dalvikvm: VFY: replacing opcode 0x6e at 0x00ab
12-12 20:46:32.344 11710 11710 I dalvikvm: Could not find method android.accounts.AccountManager.removeAccount, referenced from method exi.a
12-12 20:46:32.344 11710 11710 W dalvikvm: VFY: unable to resolve virtual method 2865: Landroid/accounts/AccountManager;.removeAccount (Landroid/accounts/Account;Landroid/app/Activity;Landroid/accounts/AccountManagerCallback;Landroid/os/Handler;)Landroid/accounts/AccountManagerFuture;
12-12 20:46:32.344 11710 11710 D dalvikvm: VFY: replacing opcode 0x6e at 0x0004
12-12 20:46:32.344 11710 11710 I dalvikvm: Could not find method android.os.UserManager.isManagedProfile, referenced from method exi.a
12-12 20:46:32.344 11710 11710 W dalvikvm: VFY: unable to resolve virtual method 5003: Landroid/os/UserManager;.isManagedProfile ()Z
12-12 20:46:32.344 11710 11710 D dalvikvm: VFY: replacing opcode 0x6e at 0x0028
12-12 20:46:32.344 11728 11805 E dalvikvm: Could not find class 'android.telephony.SubscriptionManager', referenced from method com.google.android.gms.checkin.CheckinChimeraService.c
12-12 20:46:32.344 11728 11805 W dalvikvm: VFY: unable to resolve check-cast 1182 (Landroid/telephony/SubscriptionManager;) in Lcom/google/android/gms/checkin/CheckinChimeraService;
12-12 20:46:32.344 11728 11805 D dalvikvm: VFY: replacing opcode 0x1f at 0x000e
12-12 20:46:32.354 11710 11981 W WakefulBroadcastReceiv.: No active wake lock id #1
12-12 20:46:32.364   787   875 I ActivityManager: Waited long enough for: ServiceRecord{42bdf980 u0 com.nook.app/com.nook.connectivity.instore.InstoreService}
12-12 20:46:32.394 11728 11982 I dalvikvm: Could not find method android.telephony.CellIdentityLte.getEarfcn, referenced from method rrq.a
12-12 20:46:32.394 11728 11982 W dalvikvm: VFY: unable to resolve virtual method 16950: Landroid/telephony/CellIdentityLte;.getEarfcn ()I
12-12 20:46:32.394 11728 11982 D dalvikvm: VFY: replacing opcode 0x6e at 0x0031
12-12 20:46:32.414 12000 12000 I SELinux : Function: selinux_android_load_priority [0], There is no sepolicy file.
12-12 20:46:32.414 12000 12000 I SELinux :  
12-12 20:46:32.414 12000 12000 I SELinux : Function: selinux_android_load_priority [1], There is no sepolicy version file.
12-12 20:46:32.414 12000 12000 I SELinux :  
12-12 20:46:32.414 12000 12000 I SELinux : Function: selinux_android_load_priority , priority version is VE=SEPF_SM-T530NU_4.4.2_0028
12-12 20:46:32.414 12000 12000 I SELinux :  
12-12 20:46:32.414 12000 12000 I SELinux :  
12-12 20:46:32.414 12000 12000 I SELinux : selinux_android_seapp_context_reload: seapp_contexts file is loaded from /seapp_contexts
12-12 20:46:32.414 11728 11982 I dalvikvm: Could not find method android.telephony.TelephonyManager.getImei, referenced from method rrq.b
12-12 20:46:32.414 11728 11982 W dalvikvm: VFY: unable to resolve virtual method 17010: Landroid/telephony/TelephonyManager;.getImei ()Ljava/lang/String;
12-12 20:46:32.414 11728 11982 D dalvikvm: VFY: replacing opcode 0x6e at 0x0018
12-12 20:46:32.434 11728 11982 I dalvikvm: Could not find method android.net.ConnectivityManager.getAllNetworks, referenced from method rrq.d
12-12 20:46:32.434 11728 11982 W dalvikvm: VFY: unable to resolve virtual method 16325: Landroid/net/ConnectivityManager;.getAllNetworks ()[Landroid/net/Network;
12-12 20:46:32.434 11728 11982 D dalvikvm: VFY: replacing opcode 0x6e at 0x0059
12-12 20:46:32.434 11728 11728 D dalvikvm: DexOpt: couldn't find field Landroid/os/Message;.sendingUid
12-12 20:46:32.434 11728 11728 W dalvikvm: VFY: unable to resolve instance field 8902
12-12 20:46:32.434 11728 11728 D dalvikvm: VFY: replacing opcode 0x52 at 0x0002
12-12 20:46:32.444 11728 11976 E BaseAppContext: Tried to stop global GMSCore RequestQueue. This is likely unintended, so ignoring.
12-12 20:46:32.484 11728 11946 I CheckinCompat: Disabling old GoogleServicesFramework version
12-12 20:46:32.504 11387 11398 W ConfigurationChimeraPro: Got null configs for com.google.android.gms.auth.account.base
12-12 20:46:32.514 11962 11962 E memtrack: Couldn't load memtrack module (No such file or directory)
12-12 20:46:32.514 11962 11962 E android.os.Debug: failed to load memtrack module: -2
12-12 20:46:32.524 11710 11710 I dalvikvm: Could not find method android.os.UserManager.isManagedProfile, referenced from method gjk.run
12-12 20:46:32.534 11710 11710 W dalvikvm: VFY: unable to resolve virtual method 5003: Landroid/os/UserManager;.isManagedProfile ()Z
12-12 20:46:32.534 11710 11710 D dalvikvm: VFY: replacing opcode 0x6e at 0x0100
12-12 20:46:32.564 11962 11962 D dalvikvm: Note: class Landroid/app/ActivityManagerNative; has 192 unimplemented (abstract) methods
12-12 20:46:32.584 11728 11976 I Authzen : [AuthZenEventHandler] Handling event: com.google.android.chimera.IntentOperation.NEW_MODULE
12-12 20:46:32.594 11710 11710 I dalvikvm: Could not find method android.app.AlarmManager.cancel, referenced from method kah.a
12-12 20:46:32.594 11710 11710 W dalvikvm: VFY: unable to resolve virtual method 3008: Landroid/app/AlarmManager;.cancel (Landroid/app/AlarmManager$OnAlarmListener;)V
12-12 20:46:32.594 11710 11710 D dalvikvm: VFY: replacing opcode 0x6e at 0x0002
12-12 20:46:32.594 11710 11710 I dalvikvm: Could not find method android.app.AlarmManager.set, referenced from method kah.a
12-12 20:46:32.594 11710 11710 W dalvikvm: VFY: unable to resolve virtual method 3010: Landroid/app/AlarmManager;.set (IJJJLandroid/app/AlarmManager$OnAlarmListener;Landroid/os/Handler;Landroid/os/WorkSource;)V
12-12 20:46:32.594 11710 11710 D dalvikvm: VFY: replacing opcode 0x74 at 0x0018
12-12 20:46:32.594 11710 11710 I dalvikvm: Could not find method android.app.AlarmManager.setExactAndAllowWhileIdle, referenced from method kah.a
12-12 20:46:32.594 11710 11710 W dalvikvm: VFY: unable to resolve virtual method 3014: Landroid/app/AlarmManager;.setExactAndAllowWhileIdle (IJLandroid/app/PendingIntent;)V
12-12 20:46:32.594 11710 11710 D dalvikvm: VFY: replacing opcode 0x6e at 0x0011
12-12 20:46:32.604 11710 11710 I dalvikvm: Could not find method android.app.AlarmManager.setAndAllowWhileIdle, referenced from method kah.a
12-12 20:46:32.604 11710 11710 W dalvikvm: VFY: unable to resolve virtual method 3013: Landroid/app/AlarmManager;.setAndAllowWhileIdle (IJLandroid/app/PendingIntent;)V
12-12 20:46:32.604 11710 11710 D dalvikvm: VFY: replacing opcode 0x6e at 0x0010
12-12 20:46:32.654 11962 11962 D AndroidRuntime: Calling main entry com.android.commands.pm.Pm
12-12 20:46:32.754   787  3280 D dalvikvm: GC_EXPLICIT freed 1996K, 57% free 23657K/53936K, paused 6ms+17ms, total 210ms
12-12 20:46:32.774   787  3278 W ActivityManager: Permission Denial: getCurrentUser() from pid=12000, uid=10007 requires android.permission.INTERACT_ACROSS_USERS
12-12 20:46:32.784 11387 11398 W ConfigurationChimeraPro: Got null configs for com.google.android.gms.auth_authzen
12-12 20:46:32.854 11728 12029 I dalvikvm: Could not find method android.app.KeyguardManager.isDeviceSecure, referenced from method kfn.a
12-12 20:46:32.854 11728 12029 W dalvikvm: VFY: unable to resolve virtual method 3105: Landroid/app/KeyguardManager;.isDeviceSecure ()Z
12-12 20:46:32.854 11728 12029 D dalvikvm: VFY: replacing opcode 0x6e at 0x02c0
12-12 20:46:32.854 11728 12029 D dalvikvm: DexOpt: couldn't find static field Landroid/os/Build$VERSION;.SECURITY_PATCH
12-12 20:46:32.854 11728 12029 W dalvikvm: VFY: unable to resolve static field 1994 (SECURITY_PATCH) in Landroid/os/Build$VERSION;
12-12 20:46:32.874 11728 12029 D dalvikvm: VFY: replacing opcode 0x62 at 0x021f
12-12 20:46:32.874 11728 12029 D dalvikvm: DexOpt: couldn't find static field Landroid/os/Build;.SUPPORTED_ABIS
12-12 20:46:32.874 11728 12029 W dalvikvm: VFY: unable to resolve static field 2011 (SUPPORTED_ABIS) in Landroid/os/Build;
12-12 20:46:32.874 11728 12029 D dalvikvm: VFY: replacing opcode 0x62 at 0x0011
12-12 20:46:32.894 11728 12029 D dalvikvm: DexOpt: couldn't find static field Landroid/os/Build;.SUPPORTED_ABIS
12-12 20:46:32.894 11728 12029 I dalvikvm: DexOpt: unable to optimize static field ref 0x07db at 0x15 in Lkfn;.a
12-12 20:46:32.904 11728 12029 I DeviceConfigUtils: android.os.VintfObject class not found : android.os.VintfObject
12-12 20:46:32.914 11728 11801 E ConfigFileUtils: Failed to read config file: /data/data/com.google.android.gms/app_chimera/current_fileapks.pb: open failed: ENOENT (No such file or directory)
12-12 20:46:32.924 11387 11652 W ConfigurationChimeraPro: Got null configs for com.google.android.gms.clearcut.public
12-12 20:46:32.924 11728 11808 E ConfigFileUtils: Failed to read config file: /data/data/com.google.android.gms/app_chimera/current_fileapks.pb: open failed: ENOENT (No such file or directory)
12-12 20:46:32.944 11962 11962 D AndroidRuntime: Shutting down VM
12-12 20:46:32.944 11387 11387 W ConfigurationChimeraPro: Got null configs for com.google.android.gms.contextmanager
12-12 20:46:32.954 11962 11992 D dalvikvm: GC_CONCURRENT freed 570K, 46% free 683K/1256K, paused 3ms+0ms, total 7ms
12-12 20:46:32.974 11728 11808 E ConfigFileUtils: Failed to read config file: /data/data/com.google.android.gms/app_chimera/current_fileapks.pb: open failed: ENOENT (No such file or directory)
12-12 20:46:32.974 11728 12029 I EventLogChimeraService: Accumulating logs since 0
12-12 20:46:33.004 11728 11801 D Wear_Controller: Received broadcast action=android.intent.action.PACKAGE_DATA_CLEARED and uri=com.samsung.android.scloud.proxy.sbrowser
12-12 20:46:33.004 11728 11808 I LocationSettingsChecker: Removing dialog suppression flag for package com.samsung.android.scloud.proxy.sbrowser
12-12 20:46:33.054 11728 11732 D dalvikvm: GC_CONCURRENT freed 1852K, 51% free 6965K/14092K, paused 8ms+12ms, total 87ms
12-12 20:46:33.064 12040 12040 I SELinux : Function: selinux_android_load_priority [0], There is no sepolicy file.
12-12 20:46:33.064 12040 12040 I SELinux :  
12-12 20:46:33.064 12040 12040 I SELinux : Function: selinux_android_load_priority [1], There is no sepolicy version file.
12-12 20:46:33.064 12040 12040 I SELinux :  
12-12 20:46:33.064 12040 12040 I SELinux : Function: selinux_android_load_priority , priority version is VE=SEPF_SM-T530NU_4.4.2_0028
12-12 20:46:33.064 12040 12040 I SELinux :  
12-12 20:46:33.064 12040 12040 I SELinux :  
12-12 20:46:33.064 12040 12040 I SELinux : selinux_android_seapp_context_reload: seapp_contexts file is loaded from /seapp_contexts
12-12 20:46:33.094 11728 11801 I ChimeraConfigService: Scheduling checkin every 120 seconds, with flex of 60 seconds
12-12 20:46:33.104 11728 12037 E ConfigFileUtils: Failed to read config file: /data/data/com.google.android.gms/app_chimera/current_fileapks.pb: open failed: ENOENT (No such file or directory)
12-12 20:46:33.114 11710 11714 D dalvikvm: GC_CONCURRENT freed 1009K, 50% free 7160K/14092K, paused 8ms+11ms, total 66ms
12-12 20:46:33.154 11387 11387 E dalvikvm: Could not find class 'android.app.usage.UsageStatsManager', referenced from method dhl.j
12-12 20:46:33.154 11387 11387 W dalvikvm: VFY: unable to resolve check-cast 702 (Landroid/app/usage/UsageStatsManager;) in Ldhl;
12-12 20:46:33.154 11387 11387 D dalvikvm: VFY: replacing opcode 0x1f at 0x0020
12-12 20:46:33.154 11387 11387 D dalvikvm: DexOpt: unable to opt direct call 0x0cb8 at 0x30 in Ldhl;.j
12-12 20:46:33.154 11728 11808 I dalvikvm: Could not find method android.security.NetworkSecurityPolicy.getInstance, referenced from method com.google.android.gms.ads.internal.util.v.a
12-12 20:46:33.154 11728 11808 W dalvikvm: VFY: unable to resolve static method 5039: Landroid/security/NetworkSecurityPolicy;.getInstance ()Landroid/security/NetworkSecurityPolicy;
12-12 20:46:33.154 11728 11808 D dalvikvm: VFY: replacing opcode 0x71 at 0x00b1
12-12 20:46:33.164 11387 11387 I dalvikvm: Could not find method android.os.PowerManager.isInteractive, referenced from method dhn.a
12-12 20:46:33.164 11387 11387 W dalvikvm: VFY: unable to resolve virtual method 4964: Landroid/os/PowerManager;.isInteractive ()Z
12-12 20:46:33.164 11387 11387 D dalvikvm: VFY: replacing opcode 0x6e at 0x0010
12-12 20:46:33.174 11728 12059 I Authzen : [PermitStore] Getting all permits...
12-12 20:46:33.214 11728 12059 I Authzen : [gal] Creating database auth.proximity.permit_store...
12-12 20:46:33.224   787   951 W ActivityManager: Permission Denial: getCurrentUser() from pid=12040, uid=10015 requires android.permission.INTERACT_ACROSS_USERS
12-12 20:46:33.234 11728 12059 I Authzen : [gal] Opening database auth.proximity.permit_store...
12-12 20:46:33.244 11728 12058 I System.out: Thread-674(HTTPLog):isShipBuild true
12-12 20:46:33.244 12040 12040 D KLMS-2.3.164 : : KLMSValidator() : checkQATesting()
12-12 20:46:33.244 11728 12058 I System.out: Thread-674(HTTPLog):SmartBonding Enabling is false, SHIP_BUILD is true, log to file is false, DBG is false
12-12 20:46:33.294 11728 12053 D Wear_Controller: Received broadcast action=android.intent.action.PACKAGE_DATA_CLEARED and uri=com.sec.android.app.sbrowser
12-12 20:46:33.294 11728 12039 I LocationSettingsChecker: Removing dialog suppression flag for package com.sec.android.app.sbrowser
12-12 20:46:33.324 11728 12053 E ConfigFileUtils: Failed to read config file: /data/data/com.google.android.gms/app_chimera/current_fileapks.pb: open failed: ENOENT (No such file or directory)
12-12 20:46:33.334 11387 11398 W ConfigurationChimeraPro: Got null configs for com.google.android.gms.constellation
12-12 20:46:33.344 11728 12039 D Wear_Controller: Received broadcast action=android.intent.action.PACKAGE_DATA_CLEARED and uri=com.sec.android.app.sbrowsertry
12-12 20:46:33.344 11728 11803 I LocationSettingsChecker: Removing dialog suppression flag for package com.sec.android.app.sbrowsertry
12-12 20:46:33.344 11728 11800 I dalvikvm: Could not find method android.app.admin.DevicePolicyManager.isProfileOwnerApp, referenced from method gdu.b
12-12 20:46:33.344 11728 11800 W dalvikvm: VFY: unable to resolve virtual method 3247: Landroid/app/admin/DevicePolicyManager;.isProfileOwnerApp (Ljava/lang/String;)Z
12-12 20:46:33.344 11728 11800 D dalvikvm: VFY: replacing opcode 0x6e at 0x0011
12-12 20:46:33.344 11728 11800 I dalvikvm: Could not find method android.app.admin.DevicePolicyManager.getProfileOwner, referenced from method gdu.a
12-12 20:46:33.344 11728 11800 W dalvikvm: VFY: unable to resolve virtual method 3245: Landroid/app/admin/DevicePolicyManager;.getProfileOwner ()Landroid/content/ComponentName;
12-12 20:46:33.344 11728 11800 D dalvikvm: VFY: replacing opcode 0x6e at 0x0012
12-12 20:46:33.344 12040 12040 I KLMS-2.3.164 : : MainReciver() : EventNotificationReciver- method called: AppActivityListner onReceive for Intent Action : android.net.conn.CONNECTIVITY_CHANGE , timestamp: 1513111593350
12-12 20:46:33.354 11728 11800 I dalvikvm: Could not find method android.accounts.AccountManager.removeAccountExplicitly, referenced from method fbn.a
12-12 20:46:33.354 11728 11800 W dalvikvm: VFY: unable to resolve virtual method 2866: Landroid/accounts/AccountManager;.removeAccountExplicitly (Landroid/accounts/Account;)Z
12-12 20:46:33.354 11728 11800 D dalvikvm: VFY: replacing opcode 0x6e at 0x000c
12-12 20:46:33.354 12040 12040 I KLMS-2.3.164 : : KLMSUtility() : isNetworkAvailable() - WIFI : true| MOBILE : false
12-12 20:46:33.354 11728 11800 I dalvikvm: Could not find method android.accounts.AccountManager.addAccountExplicitly, referenced from method fbn.a
12-12 20:46:33.354 11728 11800 W dalvikvm: VFY: unable to resolve virtual method 2846: Landroid/accounts/AccountManager;.addAccountExplicitly (Landroid/accounts/Account;Ljava/lang/String;Landroid/os/Bundle;Ljava/util/Map;)Z
12-12 20:46:33.354 11728 11800 D dalvikvm: VFY: replacing opcode 0x6e at 0x0075
12-12 20:46:33.354 11728 11800 W ChimeraUtils: Non Chimera context
12-12 20:46:33.384 12069 12069 I SELinux : Function: selinux_android_load_priority [0], There is no sepolicy file.
12-12 20:46:33.384 12069 12069 I SELinux :  
12-12 20:46:33.384 12069 12069 I SELinux : Function: selinux_android_load_priority [1], There is no sepolicy version file.
12-12 20:46:33.384 12069 12069 I SELinux :  
12-12 20:46:33.384 12069 12069 I SELinux : Function: selinux_android_load_priority , priority version is VE=SEPF_SM-T530NU_4.4.2_0028
12-12 20:46:33.384 12069 12069 I SELinux :  
12-12 20:46:33.384 12069 12069 I SELinux :  
12-12 20:46:33.384 12069 12069 I SELinux : selinux_android_seapp_context_reload: seapp_contexts file is loaded from /seapp_contexts
12-12 20:46:33.424  1812  1812 D ShopWidgetController: intent received: android.net.conn.CONNECTIVITY_CHANGE
12-12 20:46:33.444 12000 12057 W System.err: [DEBUG] GbaRequest - GbaRequest: Constructor Called 222 userAgent null
12-12 20:46:33.444 12000 12057 W System.err: [DEBUG] NafRequest - NafRequest: NafRequest constructor===useragent null
12-12 20:46:33.454 12084 12084 I SELinux : Function: selinux_android_load_priority [0], There is no sepolicy file.
12-12 20:46:33.454 12084 12084 I SELinux :  
12-12 20:46:33.454 12084 12084 I SELinux : Function: selinux_android_load_priority [1], There is no sepolicy version file.
12-12 20:46:33.454 12084 12084 I SELinux :  
12-12 20:46:33.454 12084 12084 I SELinux : Function: selinux_android_load_priority , priority version is VE=SEPF_SM-T530NU_4.4.2_0028
12-12 20:46:33.454 12084 12084 I SELinux :  
12-12 20:46:33.454 12084 12084 I SELinux :  
12-12 20:46:33.454 12084 12084 I SELinux : selinux_android_seapp_context_reload: seapp_contexts file is loaded from /seapp_contexts
12-12 20:46:33.504 12069 12069 W dalvikvm: VFY: unable to resolve static field 937 (PR_SET_DUMPABLE) in Landroid/system/OsConstants;
12-12 20:46:33.504 12069 12069 D dalvikvm: VFY: replacing opcode 0x60 at 0x0009
12-12 20:46:33.514 12069 12069 W dalvikvm: VFY: unable to find class referenced in signature (Laqvj;)
12-12 20:46:33.514 12069 12069 W dalvikvm: VFY: unable to find class referenced in signature (Laqvj;)
12-12 20:46:33.524 12069 12069 W dalvikvm: VFY: unable to find class referenced in signature (Laqvj;)
12-12 20:46:33.524 12069 12069 W dalvikvm: VFY: unable to find class referenced in signature (Laqvj;)
12-12 20:46:33.524 12069 12069 I dalvikvm: Could not find method android.content.Context.getSystemService, referenced from method ro.a
12-12 20:46:33.524 12069 12069 W dalvikvm: VFY: unable to resolve virtual method 1684: Landroid/content/Context;.getSystemService (Ljava/lang/Class;)Ljava/lang/Object;
12-12 20:46:33.524 12069 12069 D dalvikvm: VFY: replacing opcode 0x6e at 0x0008
12-12 20:46:33.534 12069 12069 I dalvikvm: Could not find method android.content.Context.createDeviceProtectedStorageContext, referenced from method jkx.a
12-12 20:46:33.534 12069 12069 W dalvikvm: VFY: unable to resolve virtual method 1659: Landroid/content/Context;.createDeviceProtectedStorageContext ()Landroid/content/Context;
12-12 20:46:33.534 12069 12069 D dalvikvm: VFY: replacing opcode 0x6e at 0x0029
12-12 20:46:33.534 12069 12069 I dalvikvm: Could not find method android.content.Context.getSystemService, referenced from method jkx.b
12-12 20:46:33.534 12069 12069 W dalvikvm: VFY: unable to resolve virtual method 1684: Landroid/content/Context;.getSystemService (Ljava/lang/Class;)Ljava/lang/Object;
12-12 20:46:33.534 12069 12069 D dalvikvm: VFY: replacing opcode 0x6e at 0x000b
12-12 20:46:33.534 12069 12069 I dalvikvm: Could not find method android.content.Context.isDeviceProtectedStorage, referenced from method zcx.a
12-12 20:46:33.534 12069 12069 W dalvikvm: VFY: unable to resolve virtual method 1689: Landroid/content/Context;.isDeviceProtectedStorage ()Z
12-12 20:46:33.534 12069 12069 D dalvikvm: VFY: replacing opcode 0x6e at 0x0009
12-12 20:46:33.544 12069 12069 I dalvikvm: Could not find method android.content.Context.isDeviceProtectedStorage, referenced from method zcx.c
12-12 20:46:33.544 12069 12069 W dalvikvm: VFY: unable to resolve virtual method 1689: Landroid/content/Context;.isDeviceProtectedStorage ()Z
12-12 20:46:33.544 12069 12069 D dalvikvm: VFY: replacing opcode 0x6e at 0x005d
12-12 20:46:33.544 12069 12069 I dalvikvm: Could not find method android.os.PowerManager.isInteractive, referenced from method jih.a
12-12 20:46:33.544 12069 12069 W dalvikvm: VFY: unable to resolve virtual method 2258: Landroid/os/PowerManager;.isInteractive ()Z
12-12 20:46:33.544 12069 12069 D dalvikvm: VFY: replacing opcode 0x6e at 0x0012
12-12 20:46:33.554 12069 12069 I dalvikvm: Could not find method android.content.ContextWrapper.createCredentialProtectedStorageContext, referenced from method com.google.android.chimera.ModuleContext.createCredentialProtectedStorageContext
12-12 20:46:33.554 12069 12069 W dalvikvm: VFY: unable to resolve virtual method 1708: Landroid/content/ContextWrapper;.createCredentialProtectedStorageContext ()Landroid/content/Context;
12-12 20:46:33.554 12069 12069 D dalvikvm: VFY: replacing opcode 0x6f at 0x0002
12-12 20:46:33.554 12069 12069 I dalvikvm: Could not find method android.content.ContextWrapper.createDeviceProtectedStorageContext, referenced from method com.google.android.chimera.ModuleContext.createDeviceProtectedStorageContext
12-12 20:46:33.554 12069 12069 W dalvikvm: VFY: unable to resolve virtual method 1709: Landroid/content/ContextWrapper;.createDeviceProtectedStorageContext ()Landroid/content/Context;
12-12 20:46:33.554 12069 12069 D dalvikvm: VFY: replacing opcode 0x6f at 0x0002
12-12 20:46:33.554 12069 12069 I dalvikvm: Could not find method android.content.Context.isCredentialProtectedStorage, referenced from method cqq.a
12-12 20:46:33.554 12069 12069 W dalvikvm: VFY: unable to resolve virtual method 1688: Landroid/content/Context;.isCredentialProtectedStorage ()Z
12-12 20:46:33.554 12069 12069 D dalvikvm: VFY: replacing opcode 0x6e at 0x0000
12-12 20:46:33.554 12069 12069 I dalvikvm: Could not find method android.os.UserManager.isUserUnlocked, referenced from method cqq.a
12-12 20:46:33.554 12069 12069 W dalvikvm: VFY: unable to resolve virtual method 2311: Landroid/os/UserManager;.isUserUnlocked ()Z
12-12 20:46:33.554 12069 12069 D dalvikvm: VFY: replacing opcode 0x6e at 0x001a
12-12 20:46:33.554 12069 12069 I dalvikvm: Could not find method android.content.Context.isDeviceProtectedStorage, referenced from method cqq.b
12-12 20:46:33.554 12069 12069 W dalvikvm: VFY: unable to resolve virtual method 1689: Landroid/content/Context;.isDeviceProtectedStorage ()Z
12-12 20:46:33.554 12069 12069 D dalvikvm: VFY: replacing opcode 0x6e at 0x0000
12-12 20:46:33.554 12069 12069 I dalvikvm: Could not find method android.content.Context.isDeviceProtectedStorage, referenced from method cqq.c
12-12 20:46:33.554 12069 12069 W dalvikvm: VFY: unable to resolve virtual method 1689: Landroid/content/Context;.isDeviceProtectedStorage ()Z
12-12 20:46:33.554 12069 12069 D dalvikvm: VFY: replacing opcode 0x6e at 0x0000
12-12 20:46:33.554 12069 12069 I MultiDex: VM with version 1.6.0 does not have multidex support
12-12 20:46:33.554 12069 12069 I MultiDex: install
12-12 20:46:33.554 12069 12069 I MultiDex: MultiDexExtractor.load(/data/app/com.google.android.gms-2199.apk, false)
12-12 20:46:33.564 12069 12069 I MultiDex: Blocking on lock /data/data/com.google.android.gms/code_cache/secondary-dexes/MultiDex.lock
12-12 20:46:33.564 12069 12069 I MultiDex: /data/data/com.google.android.gms/code_cache/secondary-dexes/MultiDex.lock locked
12-12 20:46:33.574 12069 12069 I MultiDex: loading existing secondary dex files
12-12 20:46:33.574 12069 12069 I MultiDex: load found 4 secondary dex files
12-12 20:46:33.584 12069 12069 I MultiDex: install done
12-12 20:46:33.594 11387 11753 I GeofencerStateMachine: removeGeofences: removeRequest=RemoveGeofencingRequest[REMOVE_BY_PENDING_INTENT pendingIntent=PendingIntent[creatorPackage=com.google.android.gms], packageName=null]
12-12 20:46:33.604 12069 12069 I dalvikvm: Could not find method android.content.Context.isDeviceProtectedStorage, referenced from method kel.d
12-12 20:46:33.604 12069 12069 W dalvikvm: VFY: unable to resolve virtual method 1689: Landroid/content/Context;.isDeviceProtectedStorage ()Z
12-12 20:46:33.604 12069 12069 D dalvikvm: VFY: replacing opcode 0x6e at 0x0006
12-12 20:46:33.614 12069 12069 I dalvikvm: Could not find method android.os.UserHandle.isOwner, referenced from method kel.i
12-12 20:46:33.614 12069 12069 W dalvikvm: VFY: unable to resolve virtual method 2304: Landroid/os/UserHandle;.isOwner ()Z
12-12 20:46:33.614 12069 12069 D dalvikvm: VFY: replacing opcode 0x6e at 0x000a
12-12 20:46:33.624 12069 12069 I dalvikvm: Could not find method android.content.pm.PackageManager.isInstantApp, referenced from method kkc.a
12-12 20:46:33.624 12069 12069 W dalvikvm: VFY: unable to resolve virtual method 1808: Landroid/content/pm/PackageManager;.isInstantApp (Ljava/lang/String;)Z
12-12 20:46:33.624 12069 12069 D dalvikvm: VFY: replacing opcode 0x6e at 0x002d
12-12 20:46:33.634 12069 12069 I dalvikvm: Could not find method android.content.ContextWrapper.createCredentialProtectedStorageContext, referenced from method jwn.createCredentialProtectedStorageContext
12-12 20:46:33.634 12069 12069 W dalvikvm: VFY: unable to resolve virtual method 1708: Landroid/content/ContextWrapper;.createCredentialProtectedStorageContext ()Landroid/content/Context;
12-12 20:46:33.634 12069 12069 D dalvikvm: VFY: replacing opcode 0x6f at 0x0002
12-12 20:46:33.634 12069 12069 I dalvikvm: Could not find method android.content.ContextWrapper.createDeviceProtectedStorageContext, referenced from method jwn.createDeviceProtectedStorageContext
12-12 20:46:33.634 12069 12069 W dalvikvm: VFY: unable to resolve virtual method 1709: Landroid/content/ContextWrapper;.createDeviceProtectedStorageContext ()Landroid/content/Context;
12-12 20:46:33.634 12069 12069 D dalvikvm: VFY: replacing opcode 0x6f at 0x0002
12-12 20:46:33.634 12069 12069 D dalvikvm: DexOpt: couldn't find static field Landroid/os/Build;.SUPPORTED_ABIS
12-12 20:46:33.634 12069 12069 W dalvikvm: VFY: unable to resolve static field 918 (SUPPORTED_ABIS) in Landroid/os/Build;
12-12 20:46:33.634 12069 12069 D dalvikvm: VFY: replacing opcode 0x62 at 0x0008
12-12 20:46:33.634 12069 12069 D dalvikvm: DexOpt: couldn't find static field Landroid/os/Build;.SUPPORTED_ABIS
12-12 20:46:33.634 12069 12069 W dalvikvm: VFY: unable to resolve static field 918 (SUPPORTED_ABIS) in Landroid/os/Build;
12-12 20:46:33.634 12069 12069 D dalvikvm: VFY: replacing opcode 0x62 at 0x0097
12-12 20:46:33.644 12069 12069 D dalvikvm: DexOpt: couldn't find field Landroid/content/pm/ApplicationInfo;.splitSourceDirs
12-12 20:46:33.644 12069 12069 W dalvikvm: VFY: unable to resolve instance field 849
12-12 20:46:33.644 12069 12069 D dalvikvm: VFY: replacing opcode 0x54 at 0x0053
12-12 20:46:33.644 12069 12069 D dalvikvm: DexOpt: couldn't find field Landroid/content/pm/ApplicationInfo;.splitSourceDirs
12-12 20:46:33.644 12069 12069 I dalvikvm: DexOpt: unable to optimize instance field ref 0x0351 at 0x57 in Lkgr;.d
12-12 20:46:33.644 12069 12069 D dalvikvm: Trying to load lib /data/app-lib/com.google.android.gms-2199/libgmscore.so 0x42036fd0
12-12 20:46:33.644 12069 12069 D dalvikvm: Added shared lib /data/app-lib/com.google.android.gms-2199/libgmscore.so 0x42036fd0
12-12 20:46:33.644 12069 12069 D dalvikvm: No JNI_OnLoad found in /data/app-lib/com.google.android.gms-2199/libgmscore.so 0x42036fd0, skipping init
12-12 20:46:33.654 12069 12069 D dalvikvm: Trying to load lib /data/app-lib/com.google.android.gms-2199/libconscrypt_gmscore_jni.so 0x42036fd0
12-12 20:46:33.654 12069 12069 D dalvikvm: Added shared lib /data/app-lib/com.google.android.gms-2199/libconscrypt_gmscore_jni.so 0x42036fd0
12-12 20:46:33.654 12069 12069 V NativeCrypto: Registering com/google/android/gms/org/conscrypt/NativeCrypto's 276 native methods...
12-12 20:46:33.664 12069 12069 E dalvikvm: Could not find class 'javax.net.ssl.SNIServerName', referenced from method com.google.android.gms.org.conscrypt.Platform.getSniHostnameFromParams
12-12 20:46:33.664 12069 12069 W dalvikvm: VFY: unable to resolve check-cast 2222 (Ljavax/net/ssl/SNIServerName;) in Lcom/google/android/gms/org/conscrypt/Platform;
12-12 20:46:33.664 12069 12069 D dalvikvm: VFY: replacing opcode 0x1f at 0x0025
12-12 20:46:33.664 12069 12069 E dalvikvm: Could not find class 'javax.net.ssl.SNIHostName', referenced from method com.google.android.gms.org.conscrypt.Platform.setParametersSniHostname
12-12 20:46:33.664 12069 12069 W dalvikvm: VFY: unable to resolve new-instance 2221 (Ljavax/net/ssl/SNIHostName;) in Lcom/google/android/gms/org/conscrypt/Platform;
12-12 20:46:33.664 12069 12069 D dalvikvm: VFY: replacing opcode 0x22 at 0x0024
12-12 20:46:33.664 12069 12069 E dalvikvm: Could not find class 'javax.net.ssl.SNIHostName', referenced from method com.google.android.gms.org.conscrypt.Platform.setParametersSniHostname
12-12 20:46:33.664 12069 12069 W dalvikvm: VFY: unable to resolve new-instance 2221 (Ljavax/net/ssl/SNIHostName;) in Lcom/google/android/gms/org/conscrypt/Platform;
12-12 20:46:33.664 12069 12069 D dalvikvm: VFY: replacing opcode 0x22 at 0x0024
12-12 20:46:33.664 12069 12069 W dalvikvm: Unable to resolve superclass of Lcom/google/android/gms/org/conscrypt/DelegatingExtendedSSLSession; (2212)
12-12 20:46:33.664 12069 12069 W dalvikvm: Link of class 'Lcom/google/android/gms/org/conscrypt/DelegatingExtendedSSLSession;' failed
12-12 20:46:33.664 12069 12069 E dalvikvm: Could not find class 'com.google.android.gms.org.conscrypt.DelegatingExtendedSSLSession', referenced from method com.google.android.gms.org.conscrypt.Platform.unwrapSSLSession
12-12 20:46:33.664 12069 12069 W dalvikvm: VFY: unable to resolve instanceof 1304 (Lcom/google/android/gms/org/conscrypt/DelegatingExtendedSSLSession;) in Lcom/google/android/gms/org/conscrypt/Platform;
12-12 20:46:33.664 12069 12069 D dalvikvm: VFY: replacing opcode 0x20 at 0x0007
12-12 20:46:33.664 12069 12069 W dalvikvm: Unable to resolve superclass of Lcom/google/android/gms/org/conscrypt/DelegatingExtendedSSLSession; (2212)
12-12 20:46:33.664 12069 12069 W dalvikvm: Link of class 'Lcom/google/android/gms/org/conscrypt/DelegatingExtendedSSLSession;' failed
12-12 20:46:33.674 12069 12069 E dalvikvm: Could not find class 'com.google.android.gms.org.conscrypt.DelegatingExtendedSSLSession', referenced from method com.google.android.gms.org.conscrypt.Platform.wrapSSLSession
12-12 20:46:33.674 12069 12069 W dalvikvm: VFY: unable to resolve new-instance 1304 (Lcom/google/android/gms/org/conscrypt/DelegatingExtendedSSLSession;) in Lcom/google/android/gms/org/conscrypt/Platform;
12-12 20:46:33.674 12069 12069 D dalvikvm: VFY: replacing opcode 0x22 at 0x0007
12-12 20:46:33.674 12069 12069 D dalvikvm: DexOpt: unable to opt direct call 0x3096 at 0x2a in Lcom/google/android/gms/org/conscrypt/Platform;.setParametersSniHostname
12-12 20:46:33.674 12069 12069 D dalvikvm: DexOpt: unable to opt direct call 0x3096 at 0x2a in Lcom/google/android/gms/org/conscrypt/Platform;.setParametersSniHostname
12-12 20:46:33.674 12069 12069 W dalvikvm: Unable to resolve superclass of Lcom/google/android/gms/org/conscrypt/DelegatingExtendedSSLSession; (2212)
12-12 20:46:33.674 12069 12069 W dalvikvm: Link of class 'Lcom/google/android/gms/org/conscrypt/DelegatingExtendedSSLSession;' failed
12-12 20:46:33.674 12069 12069 D dalvikvm: DexOpt: unable to opt direct call 0x1b67 at 0x09 in Lcom/google/android/gms/org/conscrypt/Platform;.wrapSSLSession
12-12 20:46:33.754 12102 12102 I SELinux : Function: selinux_android_load_priority [0], There is no sepolicy file.
12-12 20:46:33.754 12102 12102 I SELinux :  
12-12 20:46:33.754 12102 12102 I SELinux : Function: selinux_android_load_priority [1], There is no sepolicy version file.
12-12 20:46:33.754 12102 12102 I SELinux :  
12-12 20:46:33.754 12102 12102 I SELinux : Function: selinux_android_load_priority , priority version is VE=SEPF_SM-T530NU_4.4.2_0028
12-12 20:46:33.754 12102 12102 I SELinux :  
12-12 20:46:33.754 12102 12102 I SELinux :  
12-12 20:46:33.754 12102 12102 I SELinux : selinux_android_seapp_context_reload: seapp_contexts file is loaded from /seapp_contexts
12-12 20:46:33.774 12069 12069 D dalvikvm: Trying to load lib /data/app-lib/com.google.android.gms-2199/libgmscore.so 0x42036fd0
12-12 20:46:33.774 12069 12069 D dalvikvm: Shared lib '/data/app-lib/com.google.android.gms-2199/libgmscore.so' already loaded in same CL 0x42036fd0
12-12 20:46:33.774 12069 12069 D dalvikvm: Trying to load lib /data/app-lib/com.google.android.gms-2199/libconscrypt_gmscore_jni.so 0x42036fd0
12-12 20:46:33.774 12069 12069 D dalvikvm: Shared lib '/data/app-lib/com.google.android.gms-2199/libconscrypt_gmscore_jni.so' already loaded in same CL 0x42036fd0
12-12 20:46:33.784   242   242 D dalvikvm: GC_EXPLICIT freed 45K, 66% free 4881K/14092K, paused 2ms+3ms, total 28ms
12-12 20:46:33.814   242   242 D dalvikvm: GC_EXPLICIT freed <1K, 66% free 4881K/14092K, paused 2ms+3ms, total 23ms
12-12 20:46:33.834   242   242 D dalvikvm: GC_EXPLICIT freed <1K, 66% free 4881K/14092K, paused 2ms+3ms, total 23ms
12-12 20:46:33.884 12069 12069 I ProviderInstaller: Installed default security provider GmsCore_OpenSSL
12-12 20:46:33.894 11728 11728 I dalvikvm: Could not find method android.content.Context.isDeviceProtectedStorage, referenced from method jsg.a
12-12 20:46:33.894 11728 11728 W dalvikvm: VFY: unable to resolve virtual method 3495: Landroid/content/Context;.isDeviceProtectedStorage ()Z
12-12 20:46:33.894 11728 11728 D dalvikvm: VFY: replacing opcode 0x6e at 0x02ca
12-12 20:46:33.904 12069 12069 I dalvikvm: Could not find method android.app.AppOpsManager.permissionToOp, referenced from method pq.a
12-12 20:46:33.904 12069 12069 W dalvikvm: VFY: unable to resolve static method 1450: Landroid/app/AppOpsManager;.permissionToOp (Ljava/lang/String;)Ljava/lang/String;
12-12 20:46:33.904 12069 12069 D dalvikvm: VFY: replacing opcode 0x71 at 0x000f
12-12 20:46:33.904 12069 12069 I dalvikvm: Could not find method android.content.Context.getSystemService, referenced from method pq.a
12-12 20:46:33.904 12069 12069 W dalvikvm: VFY: unable to resolve virtual method 1684: Landroid/content/Context;.getSystemService (Ljava/lang/Class;)Ljava/lang/Object;
12-12 20:46:33.904 12069 12069 D dalvikvm: VFY: replacing opcode 0x6e at 0x0030
12-12 20:46:33.934 11728 12037 I Fido    : [FidoInitIntentOperation] Initializing Fido module, InitRuntimeState=12
12-12 20:46:33.944 11387 11778 W ConfigurationChimeraPro: Got null configs for com.google.android.gms
12-12 20:46:33.984 11728 12053 I dalvikvm: Could not find method android.system.Os.readlink, referenced from method cre.a
12-12 20:46:33.984 11728 12053 W dalvikvm: VFY: unable to resolve static method 2329: Landroid/system/Os;.readlink (Ljava/lang/String;)Ljava/lang/String;
12-12 20:46:33.984 11728 12053 D dalvikvm: VFY: replacing opcode 0x71 at 0x0000
12-12 20:46:33.994 11728 12053 I dalvikvm: Could not find method android.system.Os.stat, referenced from method cre.a
12-12 20:46:33.994 11728 12053 W dalvikvm: VFY: unable to resolve static method 2330: Landroid/system/Os;.stat (Ljava/lang/String;)Landroid/system/StructStat;
12-12 20:46:33.994 11728 12053 D dalvikvm: VFY: replacing opcode 0x71 at 0x0042
12-12 20:46:33.994 11728 12053 I dalvikvm: Could not find method android.system.Os.symlink, referenced from method cre.a
12-12 20:46:33.994 11728 12053 W dalvikvm: VFY: unable to resolve static method 2331: Landroid/system/Os;.symlink (Ljava/lang/String;Ljava/lang/String;)V
12-12 20:46:33.994 11728 12053 D dalvikvm: VFY: replacing opcode 0x71 at 0x013b
12-12 20:46:33.994 11728 12053 I dalvikvm: DexOpt: unable to optimize instance field ref 0x03b1 at 0x46 in Lcre;.a
12-12 20:46:33.994 11728 12053 I dalvikvm: DexOpt: unable to optimize static field ref 0x03ac at 0x48 in Lcre;.a
12-12 20:46:33.994 11728 12053 I dalvikvm: DexOpt: unable to optimize static field ref 0x03aa at 0x4a in Lcre;.a
12-12 20:46:33.994 11728 12053 I dalvikvm: DexOpt: unable to optimize static field ref 0x03ab at 0x4d in Lcre;.a
12-12 20:46:33.994 11728 12053 I dalvikvm: DexOpt: unable to optimize static field ref 0x03ad at 0x57 in Lcre;.a
12-12 20:46:33.994 11728 12053 I dalvikvm: DexOpt: unable to optimize static field ref 0x03b0 at 0x5f in Lcre;.a
12-12 20:46:33.994 11728 12053 I dalvikvm: DexOpt: unable to optimize static field ref 0x03ae at 0x61 in Lcre;.a
12-12 20:46:33.994 11728 12053 I dalvikvm: DexOpt: unable to optimize static field ref 0x03af at 0x64 in Lcre;.a
12-12 20:46:33.994 12119 12119 I SELinux : Function: selinux_android_load_priority [0], There is no sepolicy file.
12-12 20:46:33.994 12119 12119 I SELinux :  
12-12 20:46:33.994 12119 12119 I SELinux : Function: selinux_android_load_priority [1], There is no sepolicy version file.
12-12 20:46:33.994 12119 12119 I SELinux :  
12-12 20:46:33.994 12119 12119 I SELinux : Function: selinux_android_load_priority , priority version is VE=SEPF_SM-T530NU_4.4.2_0028
12-12 20:46:33.994 12119 12119 I SELinux :  
12-12 20:46:33.994 12119 12119 I SELinux :  
12-12 20:46:34.004 12119 12119 I SELinux : selinux_android_seapp_context_reload: seapp_contexts file is loaded from /seapp_contexts
12-12 20:46:34.004 11728 12053 I dalvikvm: DexOpt: unable to optimize static field ref 0x03ac at 0x7f in Lcre;.a
12-12 20:46:34.004 11728 12053 I dalvikvm: DexOpt: unable to optimize static field ref 0x03b0 at 0x90 in Lcre;.a
12-12 20:46:34.054 12102 12102 E SPPClientService: ============PushLog. commonIsShipBuild. stop!
12-12 20:46:34.054 12102 12102 E SPPClientService: [PushClientApplication] Push log off : This is Ship build version
12-12 20:46:34.064 12102 12102 D SPPClientService: PushLog.txt file is not deleted.
12-12 20:46:34.064 12102 12102 D SPPClientService: PushLog.txt file is not deleted.
12-12 20:46:34.064 12102 12102 D SPPClientService: ============PushLog. stop!
12-12 20:46:34.094 12134 12134 I SELinux : Function: selinux_android_load_priority [0], There is no sepolicy file.
12-12 20:46:34.094 12134 12134 I SELinux :  
12-12 20:46:34.094 12134 12134 I SELinux : Function: selinux_android_load_priority [1], There is no sepolicy version file.
12-12 20:46:34.094 12134 12134 I SELinux :  
12-12 20:46:34.094 12134 12134 I SELinux : Function: selinux_android_load_priority , priority version is VE=SEPF_SM-T530NU_4.4.2_0028
12-12 20:46:34.094 12134 12134 I SELinux :  
12-12 20:46:34.094 12134 12134 I SELinux :  
12-12 20:46:34.094 12134 12134 I SELinux : selinux_android_seapp_context_reload: seapp_contexts file is loaded from /seapp_contexts
12-12 20:46:34.104 12069 12069 I dalvikvm: Could not find method android.content.ContextWrapper.createCredentialProtectedStorageContext, referenced from method jia.createCredentialProtectedStorageContext
12-12 20:46:34.104 12069 12069 W dalvikvm: VFY: unable to resolve virtual method 1708: Landroid/content/ContextWrapper;.createCredentialProtectedStorageContext ()Landroid/content/Context;
12-12 20:46:34.104 12069 12069 D dalvikvm: VFY: replacing opcode 0x6f at 0x0002
12-12 20:46:34.104 12069 12069 I dalvikvm: Could not find method android.content.ContextWrapper.createDeviceProtectedStorageContext, referenced from method jia.createDeviceProtectedStorageContext
12-12 20:46:34.104 12069 12069 W dalvikvm: VFY: unable to resolve virtual method 1709: Landroid/content/ContextWrapper;.createDeviceProtectedStorageContext ()Landroid/content/Context;
12-12 20:46:34.104 12069 12069 D dalvikvm: VFY: replacing opcode 0x6f at 0x0002
12-12 20:46:34.104 11728 12037 I Fitness : Module updated. Enabling [com.google.android.gms.fitness.service.wearable.WearableSyncMessageService, com.google.android.gms.fitness.service.wearable.WearableSyncAccountService, com.google.android.gms.fitness.service.wearable.WearableSyncConnectionService, com.google.android.gms.fitness.service.wearable.WearableSyncConfigService, com.google.android.gms.fitness.service.goals.FitGoalsBroker]
12-12 20:46:34.134 11728 11732 D dalvikvm: GC_CONCURRENT freed 1831K, 50% free 7160K/14092K, paused 5ms+58ms, total 132ms
12-12 20:46:34.144 12069 12069 I dalvikvm: Could not find method android.content.pm.PackageManager.getPackageInstaller, referenced from method izp.a
12-12 20:46:34.144 12069 12069 W dalvikvm: VFY: unable to resolve virtual method 1801: Landroid/content/pm/PackageManager;.getPackageInstaller ()Landroid/content/pm/PackageInstaller;
12-12 20:46:34.144 12069 12069 D dalvikvm: VFY: replacing opcode 0x6e at 0x001c
12-12 20:46:34.154 12069 12069 E dalvikvm: Could not find class 'android.net.Network', referenced from method ncp.a
12-12 20:46:34.154 12069 12069 W dalvikvm: VFY: unable to resolve check-cast 970 (Landroid/net/Network;) in Lncp;
12-12 20:46:34.154 12069 12069 D dalvikvm: VFY: replacing opcode 0x1f at 0x0039
12-12 20:46:34.174 11387 11652 W ConfigurationChimeraPro: Got null configs for com.google.android.gms.droidguard
12-12 20:46:34.194 11728 11802 W ProviderHelper: Unknown dynamite feature flags
12-12 20:46:34.194 11728 11802 I DynamiteModule: Considering local module com.google.android.gms.flags:2 and remote module com.google.android.gms.flags:0
12-12 20:46:34.194 11728 11802 I DynamiteModule: Selected local version of com.google.android.gms.flags
12-12 20:46:34.214 11387 11387 W ConfigurationChimeraPro: Got null configs for com.google.android.gms.fitness
12-12 20:46:34.224 12119 12119 I dalvikvm: Could not find method android.app.NotificationManager.deleteNotificationChannel, referenced from method com.google.android.apps.youtube.app.YouTubeApplication.onCreate
12-12 20:46:34.224 12119 12119 W dalvikvm: VFY: unable to resolve virtual method 30086: Landroid/app/NotificationManager;.deleteNotificationChannel (Ljava/lang/String;)V
12-12 20:46:34.224 12119 12119 D dalvikvm: VFY: replacing opcode 0x6e at 0x0552
12-12 20:46:34.244 11728 12039 W DownloadServiceState: No pending download found for id 4715
12-12 20:46:34.284   787  1094 E Watchdog: !@Sync 262
12-12 20:46:34.314   787  1216 W ActivityManager: Permission Denial: getCurrentUser() from pid=12119, uid=10157 requires android.permission.INTERACT_ACROSS_USERS
12-12 20:46:34.324   991   991 D STATUSBAR-NetworkController: refreshSignalCluster - setNWBoosterIndicators(false)
12-12 20:46:34.324   991   991 D STATUSBAR-NetworkController: refreshSignalCluster: data=-1 bt=false
12-12 20:46:34.334   991   991 D STATUSBAR-IconMerger: checkOverflow(1036), More:false, Req:false Child:4
12-12 20:46:34.354 11710 11716 D dalvikvm: null clazz in OP_INSTANCE_OF, single-stepping
12-12 20:46:34.394 11728 12039 W DownloadServiceState: No pending download found for id 4715
12-12 20:46:34.434   787   863 D SensorService:   0.1 -0.1 9.7
12-12 20:46:34.484 12000 12057 I System.out: Thread-628(ApacheHTTPLog):Reading from variable values from setDefaultValuesToVariables
12-12 20:46:34.494 12119 12165 W YouTube : Fetching the Gservices key 'failsafe_clear_cache_release' before the end of the bulk initialization
12-12 20:46:34.514 12119 12166 I dalvikvm: Could not find method android.content.pm.PackageManager.getPackageInstaller, referenced from method luk.a
12-12 20:46:34.514 12119 12166 W dalvikvm: VFY: unable to resolve virtual method 30345: Landroid/content/pm/PackageManager;.getPackageInstaller ()Landroid/content/pm/PackageInstaller;
12-12 20:46:34.514 12119 12166 D dalvikvm: VFY: replacing opcode 0x6e at 0x0012
12-12 20:46:34.534 12134 12134 I SA      : [SSP] onCreated
12-12 20:46:34.554 12119 12164 I dalvikvm: Could not find method com.google.android.apps.youtube.app.WatchWhileActivity.isInMultiWindowMode, referenced from method com.google.android.apps.youtube.app.WatchWhileActivity.v
12-12 20:46:34.554 12119 12164 W dalvikvm: VFY: unable to resolve virtual method 25900: Lcom/google/android/apps/youtube/app/WatchWhileActivity;.isInMultiWindowMode ()Z
12-12 20:46:34.554 12119 12164 D dalvikvm: VFY: replacing opcode 0x6e at 0x0018
12-12 20:46:34.564 12069 12154 I dalvikvm: Could not find method android.app.admin.DevicePolicyManager.getAccountTypesWithManagementDisabled, referenced from method kdz.g
12-12 20:46:34.564 12069 12154 W dalvikvm: VFY: unable to resolve virtual method 3242: Landroid/app/admin/DevicePolicyManager;.getAccountTypesWithManagementDisabled ()[Ljava/lang/String;
12-12 20:46:34.564 12069 12154 D dalvikvm: VFY: replacing opcode 0x6e at 0x002b
12-12 20:46:34.594 12134 12134 I SA      : [TPM] There is no property file
12-12 20:46:34.624 12134 12134 I SA      : [SCU] isHaveSA() - false
12-12 20:46:34.634 12134 12134 I SA      : [TPM] getModelProperty : null
12-12 20:46:34.634 12134 12134 I SA      : [TPM] getCSCProperty : null
12-12 20:46:34.634 12134 12134 I SA      : [DM] init START
12-12 20:46:34.634 12119 12164 I dalvikvm: Could not find method cmg.isInPictureInPictureMode, referenced from method com.google.android.apps.youtube.app.WatchWhileActivity.isInPictureInPictureMode
12-12 20:46:34.644 12119 12164 W dalvikvm: VFY: unable to resolve virtual method 25418: Lcmg;.isInPictureInPictureMode ()Z
12-12 20:46:34.644 12119 12164 D dalvikvm: VFY: replacing opcode 0x6f at 0x0013
12-12 20:46:34.664 12134 12134 I SA      : [DM] This device is not a Vodafone
12-12 20:46:34.674 12134 12134 I SA      : [DM] getCountryCodeFromCSC : US
12-12 20:46:34.674 12134 12134 I SA      : support phone number id : false
12-12 20:46:34.674 12134 12134 I SA      : [DM] init END
