12-12 12:47:43.757  1259  1259 D WfcActivityStateReceiver: onReceive(): packageName=com.example.snoopy, activityState=create
12-12 12:47:43.757   751  1046 V SmartFaceService - 3rd party pause: onReceive [android.intent.action.ACTIVITY_STATE/com.example.snoopy/create]
12-12 12:47:43.767   751   987 I InputDispatcher: Delivering touch to: action: 0x4, toolType: 0
12-12 12:47:43.767   751   987 I InputDispatcher: Delivering touch to: action: 0x4, toolType: 0
12-12 12:47:43.767   751   987 I InputDispatcher: Delivering touch to: action: 0x0, toolType: 0
12-12 12:47:43.767   751   987 I InputDispatcher: Delivering touch to: action: 0x1, toolType: 0
12-12 12:47:43.767   751   969 I ServiceKeeper: In getappinfo pid = 751 pkgName = android appinfo = null
12-12 12:47:43.767  1067  1131 D LockPatternUtils: isPcwEnable = null
12-12 12:47:43.767   751   969 I ServiceKeeper: In getseinfo pid = 751 uid = 1000 seinfo= system
12-12 12:47:43.767  1067  1067 D PhoneStatusBar: setTransGradationMode=false, mTransparentMode=false, mSemiTransparentMode=false, mMultiWindowMode=false
12-12 12:47:43.767   751  1341 D StatusBarManagerService: tr p:15500,o:f
12-12 12:47:43.797  1067  1067 D PhoneStatusBar: setSemiTransparentMode=false, mTransparentMode=false, mSemiTransparentMode=false, mMultiWindowMode=false
12-12 12:47:43.797   751   777 D StatusBarManagerService: semi p:15500,o:f
12-12 12:47:43.807   261   261 I SurfaceFlinger: id=56 createSurf (1x1),1 flag=404, NainActivit
12-12 12:47:43.807   751  1160 I SpenGestureManager: setFocusWindow21030
12-12 12:47:43.807   751   948 D EnterpriseDeviceManager: ContainerId: 0
12-12 12:47:43.807  1067  1703 D KeyguardUpdateMonitor: sendKeyguardVisibilityChanged(true)
12-12 12:47:43.807  1067  1067 D KeyguardUpdateMonitor: handleKeyguardVisibilityChanged(1)
12-12 12:47:43.807   751   948 D STATUSBAR-StatusBarManagerService: manageDisableList what=0x0 pkg=WindowManager.LayoutParams
12-12 12:47:43.817  1067  1131 D KeyguardUpdateMonitor: sendKeyguardVisibilityChanged(true)
12-12 12:47:43.817  1067  1067 D KeyguardUpdateMonitor: handleKeyguardVisibilityChanged(1)
12-12 12:47:43.817   751   987 I InputDispatcher: Delivering touch to: action: 0x0, toolType: 0
12-12 12:47:43.817   751   969 I ServiceKeeper: In getappinfo pid = 751 pkgName = android appinfo = null
12-12 12:47:43.817   751   969 I ServiceKeeper: In getseinfo pid = 751 uid = 1000 seinfo= system
12-12 12:47:43.817   751   939 D PointerIcon: setMouseIconStyle1 pointerType: 1001iconType:101 flag:0
12-12 12:47:43.817   751   939 D PointerIcon: setMouseCustomIcon IconType is same.101
12-12 12:47:43.817   751   939 D PointerIcon: setHoveringSpenIconStyle1 pointerType: 10001iconType:1 flag:0
12-12 12:47:43.827   751   939 D PointerIcon: setHoveringSpenCustomIcon IconType is same.1
12-12 12:47:43.827   751   987 I InputDispatcher: Delivering touch to: action: 0x1, toolType: 0
12-12 12:47:43.827  1067  1067 V PanelView: animationTick called with dtms=0; nothing to do (h=0.0 v=-0.0)
12-12 12:47:43.837 11973 11973 D SamsungIME: [AbstractSwiftkeyManager-getMostLikelyCharacter]
12-12 12:47:43.837  1067  1703 D LockPatternUtils: isPcwEnable = null
12-12 12:47:43.847   751   751 D NotificationService: cancelNotificationLocked
12-12 12:47:43.847   751   751 D NotificationService:  hasClearableItems
12-12 12:47:43.847   751   751 D NotificationService: Num of hasClearableItems : 1
12-12 12:47:43.847 11973 12766 V Vibrator: vibrateImmVibe - PUID: 1000, PackageName: com.sec.android.inputmethod, pattern, magType: TouchMagnitude
12-12 12:47:43.847  1067  1082 D KeyguardUpdateMonitor: sendKeyguardVisibilityChanged(true)
12-12 12:47:43.847   751   751 D RCPManagerService: NotificationReceiver onReceive()
12-12 12:47:43.847   751   751 D RCPManagerService:  NotificationReceiver sbn.getPackageName() android sbn.getUser().getIdentifier() -1
12-12 12:47:43.847   751   751 I ServiceKeeper: In getappinfo pid = 751 pkgName = android appinfo = null
12-12 12:47:43.847   751   751 I ServiceKeeper: In getseinfo pid = 751 uid = 1000 seinfo= system
12-12 12:47:43.847   751   751 D RCPManagerService: getPolicy: Policy checking block entered for Notifications; for user/persona = -1 ; Policy = knox-sanitize-data ; token = 4294967296751
12-12 12:47:43.847   751   751 I ServiceKeeper: In getappinfo pid = 751 pkgName = android appinfo = null
12-12 12:47:43.847   751   751 I ServiceKeeper: In getseinfo pid = 751 uid = 1000 seinfo= system
12-12 12:47:43.847   751   751 D RCPManagerService: getPolicy: policy value returned = false
12-12 12:47:43.847   751   751 D RCPManagerService: going to get the app label for pkg == android
12-12 12:47:43.847   751   751 D RCPManagerService: app label == android
12-12 12:47:43.847   751   751 D RCPManagerService:  NotificationReceiver ACTION_CANCEL_NOTIFICATION 
12-12 12:47:43.847 11973 11973 E SamsungIME: SwiftkeyWrapper-inputKey
12-12 12:47:43.847   751 15638 W ContextImpl: Calling a method in the system process without a qualified user: android.app.ContextImpl.sendBroadcast:1491 com.android.server.InputMethodManagerService$4.run:2827 java.lang.Thread.run:841 <bottom of call stack> <bottom of call stack> 
12-12 12:47:43.847   751   751 W ContextImpl: Calling a method in the system process without a qualified user: android.app.ContextImpl.sendBroadcast:1505 com.android.server.StatusBarManagerService.sendNotification:985 com.android.server.StatusBarManagerService.removeNotification:710 com.android.server.NotificationManagerService.cancelNotificationLocked:2454 com.android.server.NotificationManagerService.access$5100:160 
12-12 12:47:43.847   751   751 D STATUSBAR-StatusBarManagerService: sendNotification(3) - 17041265
12-12 12:47:43.847   751  1030 V VibratorService: vibrateImmVibePatternMagnitudeType - magnitudeType: TouchMagnitude
12-12 12:47:43.847   751  1030 D VibratorService: ImmVibe vibratorOff()
12-12 12:47:43.847   751  1030 V VibratorService: vibrateImmVibePattern - package: com.sec.android.inputmethod, magnitude: 6000
12-12 12:47:43.847   751   751 D NotificationService:  Sending broadcast for cancel notification = StatusBarNotification(pkg=android user=UserHandle{-1} id=17041265 tag=null score=0: Notification(pri=0 icon=108053a contentView=android/0x109007f vibrate=null sound=null defaults=0x0 flags=0x1002 when=0 ledARGB=0x0 contentIntent=Y deleteIntent=N contentTitle=19 contentText=16 tickerText=N kind=[android.system.imeswitcher]))
12-12 12:47:43.847   751   751 W ContextImpl: Calling a method in the system process without a qualified user: android.app.ContextImpl.sendBroadcast:1491 com.android.server.NotificationManagerService.cancelNotificationLocked:2532 com.android.server.NotificationManagerService.access$5100:160 com.android.server.NotificationManagerService$8.run:2578 android.os.Handler.handleCallback:733 
12-12 12:47:43.847   751   751 D LightsService: [api] [SvcLED] turnOff:: id = 4 (uid: 1000 pid: 751) 
12-12 12:47:43.847   751   751 D LightsService: [SvcLED] setSvcLedStateLocked:: SvcLEDState : 0x0 -> 0x0 | SvcLED(id=4) set Off
12-12 12:47:43.847   751   976 D LightsService: [SvcLED] Lux failed to be updated in 700ms. -> handleForcedSvcLEDTasK
12-12 12:47:43.847   751   976 D LightsService: [SvcLED]  setSvcLedLightLocked :: Current SvcLED(id=3) maintains its priority right
12-12 12:47:43.847   751   751 D UserManagerService: User -1does not exists!!
12-12 12:47:43.857 11973 11973 D SamsungIME: onWindowHidden
12-12 12:47:43.857   751   948 V toolbox : playAnimationFadeIn()
12-12 12:47:43.857 11973 11973 W ContextImpl: Calling a method in the system process without a qualified user: android.app.ContextImpl.sendBroadcast:1491 android.content.ContextWrapper.sendBroadcast:377 android.inputmethodservice.InputMethodService.sendInputViewShownState:542 android.inputmethodservice.InputMethodService.hideWindow:2445 android.inputmethodservice.InputMethodService.doHideWindow:2423 
12-12 12:47:43.857  1067  1067 D STATUSBAR-IconMerger: checkOverflow(216), More:true, Req:true Child:5
12-12 12:47:43.867  1067  1067 D KeyguardUpdateMonitor: handleKeyguardVisibilityChanged(1)
12-12 12:47:43.867   751   969 I ServiceKeeper: In getappinfo pid = 751 pkgName = android appinfo = null
12-12 12:47:43.867   751   969 I ServiceKeeper: In getseinfo pid = 751 uid = 1000 seinfo= system
12-12 12:47:43.867  1744  1744 I MultiUserPreferences: commit
12-12 12:47:43.867   751  2586 D SSRMv2:TSP:AirViewOnOff: DeviceInfo:: 00010000000
12-12 12:47:43.867   751  2586 D SSRMv2:TSP:AirViewOnOff: SettingsAirViewInfo:: 000000000
12-12 12:47:43.877   261   261 I SurfaceFlinger: id=57 createSurf (156x987),1 flag=4, UwToolBoxFl
12-12 12:47:43.877   751   969 I ServiceKeeper: In getappinfo pid = 751 pkgName = android appinfo = null
12-12 12:47:43.877   751   987 I InputDispatcher: Delivering touch to: action: 0x4, toolType: 0
12-12 12:47:43.877  1067  1131 D KeyguardUpdateMonitor: sendKeyguardVisibilityChanged(true)
12-12 12:47:43.877  1067  1067 D KeyguardUpdateMonitor: handleKeyguardVisibilityChanged(1)
12-12 12:47:43.877   751   987 I InputDispatcher: Delivering touch to: action: 0x4, toolType: 0
12-12 12:47:43.877   751   987 I InputDispatcher: Delivering touch to: action: 0x0, toolType: 0
12-12 12:47:43.877   751   987 I InputDispatcher: Delivering touch to: action: 0x1, toolType: 0
12-12 12:47:43.877   751   969 I ServiceKeeper: In getseinfo pid = 751 uid = 1000 seinfo= system
12-12 12:47:43.887  1067  1703 D KeyguardUpdateMonitor: sendKeyguardVisibilityChanged(true)
12-12 12:47:43.887  1067  1067 D KeyguardUpdateMonitor: handleKeyguardVisibilityChanged(1)
12-12 12:47:43.887  1067  1081 D KeyguardUpdateMonitor: sendKeyguardVisibilityChanged(true)
12-12 12:47:43.887  1067  1067 D KeyguardUpdateMonitor: handleKeyguardVisibilityChanged(1)
12-12 12:47:43.897  1067  1702 D KeyguardUpdateMonitor: sendKeyguardVisibilityChanged(true)
12-12 12:47:43.897  1067  1067 D KeyguardUpdateMonitor: handleKeyguardVisibilityChanged(1)
12-12 12:47:43.897   751   777 I toolbox : Callback isContain() false
12-12 12:47:43.897 15500 15500 W IInputConnectionWrapper: setComposingText on inactive InputConnection
12-12 12:47:43.907   751   969 I ServiceKeeper: In getappinfo pid = 751 pkgName = android appinfo = null
12-12 12:47:43.907   751   969 I ServiceKeeper: In getseinfo pid = 751 uid = 1000 seinfo= system
12-12 12:47:43.917  1067  1131 D KeyguardUpdateMonitor: sendKeyguardVisibilityChanged(true)
12-12 12:47:43.917  1067  1067 D KeyguardUpdateMonitor: handleKeyguardVisibilityChanged(1)
12-12 12:47:43.927   751   969 I ServiceKeeper: In getappinfo pid = 751 pkgName = android appinfo = null
12-12 12:47:43.927   751   969 I ServiceKeeper: In getseinfo pid = 751 uid = 1000 seinfo= system
12-12 12:47:43.927  1067  1703 D KeyguardUpdateMonitor: sendKeyguardVisibilityChanged(true)
12-12 12:47:43.927  1067  1067 D KeyguardUpdateMonitor: handleKeyguardVisibilityChanged(1)
12-12 12:47:43.927   751   987 I InputDispatcher: Delivering touch to: action: 0x4, toolType: 0
12-12 12:47:43.927   751   987 I InputDispatcher: Delivering touch to: action: 0x4, toolType: 0
12-12 12:47:43.927   751   987 I InputDispatcher: Delivering touch to: action: 0x0, toolType: 0
12-12 12:47:43.927   751   956 I toolbox : Callback isContain() false
12-12 12:47:43.937   751   987 I InputDispatcher: Delivering touch to: action: 0x1, toolType: 0
12-12 12:47:43.937  1067  1702 D KeyguardUpdateMonitor: sendKeyguardVisibilityChanged(true)
12-12 12:47:43.937  1067  1067 D KeyguardUpdateMonitor: handleKeyguardVisibilityChanged(1)
12-12 12:47:43.937   751   969 I ServiceKeeper: In getappinfo pid = 751 pkgName = android appinfo = null
12-12 12:47:43.937   751   969 I ServiceKeeper: In getseinfo pid = 751 uid = 1000 seinfo= system
12-12 12:47:43.947  1067  5218 D KeyguardUpdateMonitor: sendKeyguardVisibilityChanged(true)
12-12 12:47:43.947  1067  1067 D KeyguardUpdateMonitor: handleKeyguardVisibilityChanged(1)
12-12 12:47:43.957   751   969 I ServiceKeeper: In getappinfo pid = 751 pkgName = android appinfo = null
12-12 12:47:43.957   751   969 I ServiceKeeper: In getseinfo pid = 751 uid = 1000 seinfo= system
12-12 12:47:43.957  1067  1703 D KeyguardUpdateMonitor: sendKeyguardVisibilityChanged(true)
12-12 12:47:43.967  1067  1067 D KeyguardUpdateMonitor: handleKeyguardVisibilityChanged(1)
12-12 12:47:43.967   751   969 I ServiceKeeper: In getappinfo pid = 751 pkgName = android appinfo = null
12-12 12:47:43.967   751   969 I ServiceKeeper: In getseinfo pid = 751 uid = 1000 seinfo= system
12-12 12:47:43.977  1067  1082 D KeyguardUpdateMonitor: sendKeyguardVisibilityChanged(true)
12-12 12:47:43.977  1067  1067 D KeyguardUpdateMonitor: handleKeyguardVisibilityChanged(1)
12-12 12:47:43.987   751   969 I ServiceKeeper: In getappinfo pid = 751 pkgName = android appinfo = null
12-12 12:47:43.987   751   969 I ServiceKeeper: In getseinfo pid = 751 uid = 1000 seinfo= system
12-12 12:47:43.987   751   987 I InputDispatcher: Delivering touch to: action: 0x4, toolType: 0
12-12 12:47:43.987   751   987 I InputDispatcher: Delivering touch to: action: 0x4, toolType: 0
12-12 12:47:43.987   751   987 I InputDispatcher: Delivering touch to: action: 0x0, toolType: 0
12-12 12:47:43.987   751  4314 I toolbox : Callback isContain() false
12-12 12:47:43.987   751   987 I InputDispatcher: Delivering touch to: action: 0x1, toolType: 0
12-12 12:47:43.987 11973 11973 D SamsungIME: onStartInputView
12-12 12:47:43.997  1067  1702 D KeyguardUpdateMonitor: sendKeyguardVisibilityChanged(true)
12-12 12:47:43.997  1067  1067 D KeyguardUpdateMonitor: handleKeyguardVisibilityChanged(1)
12-12 12:47:43.997  1067  5218 D KeyguardUpdateMonitor: sendKeyguardVisibilityChanged(true)
12-12 12:47:43.997  1067  1067 D KeyguardUpdateMonitor: handleKeyguardVisibilityChanged(1)
12-12 12:47:44.007 11973 11973 I SamsungIME: Update SetupWizard State usc : 1 pss : false
12-12 12:47:44.007 11973 11973 D SamsungIME: [AbstractKeyboardView] onDetachedFromWindow.
12-12 12:47:44.007 11973 11973 D SamsungIME: Magnification Enabled = false
12-12 12:47:44.007 11973 11973 I SamsungIME: getCurrentCandidateView
12-12 12:47:44.007 11973 11973 W ContextImpl: Calling a method in the system process without a qualified user: android.app.ContextImpl.sendBroadcast:1491 android.content.ContextWrapper.sendBroadcast:377 com.diotek.ime.framework.common.InputManagerImpl.sendInputLanguage:9297 com.diotek.ime.framework.common.InputManagerImpl.initDefaultLanguage:4874 com.diotek.ime.framework.common.InputManagerImpl.initSelectedLanguage:5116 
12-12 12:47:44.017  1067  1703 D KeyguardUpdateMonitor: sendKeyguardVisibilityChanged(true)
12-12 12:47:44.017  1067  1067 D KeyguardUpdateMonitor: handleKeyguardVisibilityChanged(1)
12-12 12:47:44.027  1067  1702 D KeyguardUpdateMonitor: sendKeyguardVisibilityChanged(true)
12-12 12:47:44.037  1067  1067 D KeyguardUpdateMonitor: handleKeyguardVisibilityChanged(1)
12-12 12:47:44.037   751   777 D EnterpriseDeviceManager: ContainerId: 0
12-12 12:47:44.037   751   777 D CustomFrequencyManagerService: releaseDVFSLockLocked : Getting Lock type frm List : DVFS_MIN_LIMIT  frequency : 1958400  uid : 1000  pid : 751  tag : ACTIVITY_RESUME_BOOSTER@6
12-12 12:47:44.037   751   777 D CustomFrequencyManagerService: acquireDVFSLockLocked : type : DVFS_MIN_LIMIT  frequency : 1958400  uid : 1000  pid : 751  pkgName : ACTIVITY_RESUME_BOOSTER@6
12-12 12:47:44.037   751   777 W ActivityManager: mDVFSHelper.acquire()
12-12 12:47:44.047  1067  1131 D KeyguardUpdateMonitor: sendKeyguardVisibilityChanged(true)
12-12 12:47:44.047  1067  1067 D KeyguardUpdateMonitor: handleKeyguardVisibilityChanged(1)
12-12 12:47:44.057 11973 11973 D SamsungIME: [AbstractKeyboardView] onDetachedFromWindow.
12-12 12:47:44.057 11973 11973 D SamsungIME: Magnification Enabled = false
12-12 12:47:44.067  1067  1702 D KeyguardUpdateMonitor: sendKeyguardVisibilityChanged(true)
12-12 12:47:44.067  1067  1067 D KeyguardUpdateMonitor: handleKeyguardVisibilityChanged(1)
12-12 12:47:44.067  1744  1744 I MultiUserPreferences: commit
12-12 12:47:44.067 11973 11973 W ContextImpl: Calling a method in the system process without a qualified user: android.app.ContextImpl.sendBroadcast:1491 android.content.ContextWrapper.sendBroadcast:377 com.diotek.ime.framework.common.InputManagerImpl.sendInputLanguage:9297 com.diotek.ime.framework.common.InputManagerImpl.setLanguage:5447 com.diotek.ime.framework.common.InputManagerImpl.startInputViewContinue:3336 
12-12 12:47:44.077 11973 11973 I SamsungIME: getCurrentKeyboard
12-12 12:47:44.077 11973 11973 I SamsungIME: getTextKeyboard
12-12 12:47:44.077  1067  5218 D KeyguardUpdateMonitor: sendKeyguardVisibilityChanged(true)
12-12 12:47:44.087  1067  1067 D KeyguardUpdateMonitor: handleKeyguardVisibilityChanged(1)
12-12 12:47:44.087 11973 11973 D SamsungIME: [AbstractSwiftkeyManager-getMostLikelyCharacter]
12-12 12:47:44.087  1067  1702 D KeyguardUpdateMonitor: sendKeyguardVisibilityChanged(true)
12-12 12:47:44.087  1067  1067 D KeyguardUpdateMonitor: handleKeyguardVisibilityChanged(1)
12-12 12:47:44.087 11973 11973 D SamsungIME: [SwiftkeyWrapper] currentLangauge : 1701729619
12-12 12:47:44.097   751   987 I InputDispatcher: Delivering touch to: action: 0x4, toolType: 0
12-12 12:47:44.097   751   987 I InputDispatcher: Delivering touch to: action: 0x4, toolType: 0
12-12 12:47:44.097   751   987 I InputDispatcher: Delivering touch to: action: 0x0, toolType: 0
12-12 12:47:44.097   751   956 I toolbox : Callback isContain() false
12-12 12:47:44.097 11973 11973 D SamsungIME: startInputViewContinue : true true
12-12 12:47:44.097 11973 11973 D SamsungIME: conditions for show dialog : true true false false
12-12 12:47:44.097 11973 11973 D SamsungIME: showDlgMsgBox : true true true
12-12 12:47:44.097 11973 11973 D SamsungIME: showDlgMsgBox inner condition : true true
12-12 12:47:44.097 11973 11973 I SamsungIME: [IMI] startInputView - caller pid : 15500, caller uid : 10813
12-12 12:47:44.107 11973 11973 D SamsungIME: onWindowShown
12-12 12:47:44.107   751   987 I InputDispatcher: Delivering touch to: action: 0x1, toolType: 0
12-12 12:47:44.107  1067  1131 D KeyguardUpdateMonitor: sendKeyguardVisibilityChanged(true)
12-12 12:47:44.107  1067  1067 D KeyguardUpdateMonitor: handleKeyguardVisibilityChanged(1)
12-12 12:47:44.107  1744  1744 I MultiUserPreferences: commit
12-12 12:47:44.107 11973 11973 W ContextImpl: Calling a method in the system process without a qualified user: android.app.ContextImpl.sendBroadcast:1491 android.content.ContextWrapper.sendBroadcast:377 android.inputmethodservice.InputMethodService.sendInputViewShownState:542 android.inputmethodservice.InputMethodService.showWindow:2225 android.inputmethodservice.InputMethodService$InputMethodImpl.showSoftInput:719 
12-12 12:47:44.107   751  2586 D SSRMv2:TSP:AirViewOnOff: DeviceInfo:: 00010000000
12-12 12:47:44.107   751  2586 D SSRMv2:TSP:AirViewOnOff: SettingsAirViewInfo:: 000000000
12-12 12:47:44.117  1067  1081 D LockPatternUtils: isPcwEnable = null
12-12 12:47:44.117   751   751 D NotificationService: Sending broadcast with sbn as extra = StatusBarNotification(pkg=android user=UserHandle{-1} id=17041265 tag=null score=0: Notification(pri=0 icon=108053a contentView=android/0x109007f vibrate=null sound=null defaults=0x0 flags=0x1002 when=0 ledARGB=0x0 contentIntent=Y deleteIntent=N contentTitle=19 contentText=16 tickerText=N kind=[android.system.imeswitcher]))
12-12 12:47:44.117   751   751 D RCPManagerService: NotificationReceiver onReceive()
12-12 12:47:44.117   751   751 D RCPManagerService:  NotificationReceiver sbn.getPackageName() android sbn.getUser().getIdentifier() -1
12-12 12:47:44.117   751   751 I ServiceKeeper: In getappinfo pid = 751 pkgName = android appinfo = null
12-12 12:47:44.117   751   751 I ServiceKeeper: In getseinfo pid = 751 uid = 1000 seinfo= system
12-12 12:47:44.117   751   751 D RCPManagerService: getPolicy: Policy checking block entered for Notifications; for user/persona = -1 ; Policy = knox-sanitize-data ; token = 4294967296751
12-12 12:47:44.117   751   948 V toolbox : playAnimationFadeOut()
12-12 12:47:44.117   751   751 I ServiceKeeper: In getappinfo pid = 751 pkgName = android appinfo = null
12-12 12:47:44.117   751   751 I ServiceKeeper: In getseinfo pid = 751 uid = 1000 seinfo= system
12-12 12:47:44.117   751   751 D RCPManagerService: getPolicy: policy value returned = false
12-12 12:47:44.117   751   751 D RCPManagerService: going to get the app label for pkg == android
12-12 12:47:44.117   751   751 D RCPManagerService: app label == android
12-12 12:47:44.117   751   751 I ServiceKeeper: In getappinfo pid = 751 pkgName = android appinfo = null
12-12 12:47:44.117   751   751 I ServiceKeeper: In getseinfo pid = 751 uid = 1000 seinfo= system
12-12 12:47:44.117   751   751 D RCPManagerService: getPolicy: Policy checking block entered for Notifications; for user/persona = -1 ; Policy = knox-export-data ; token = 4294967296751
12-12 12:47:44.117   751   751 I ServiceKeeper: In getappinfo pid = 751 pkgName = android appinfo = null
12-12 12:47:44.117   751   751 I ServiceKeeper: In getseinfo pid = 751 uid = 1000 seinfo= system
12-12 12:47:44.117   751   751 D RCPManagerService: getPolicy: policy value returned = true
12-12 12:47:44.117   751   751 D RCPManagerService: Calling User is -1
12-12 12:47:44.117   751   751 W ContextImpl: Calling a method in the system process without a qualified user: android.app.ContextImpl.sendBroadcast:1505 com.android.server.StatusBarManagerService.sendNotification:985 com.android.server.StatusBarManagerService.addNotification:674 com.android.server.NotificationManagerService$7.run:2142 android.os.Handler.handleCallback:733 
12-12 12:47:44.117   751   751 D STATUSBAR-StatusBarManagerService: sendNotification(1) - 17041265
12-12 12:47:44.117   751   751 W ContextImpl: Calling a method in the system process without a qualified user: android.app.ContextImpl.sendBroadcast:1505 com.android.server.NotificationManagerService$7.run:2172 android.os.Handler.handleCallback:733 android.os.Handler.dispatchMessage:95 android.os.Looper.loop:136 
12-12 12:47:44.117   751   751 D UserManagerService: User -1does not exists!!
12-12 12:47:44.127  1067  5218 D KeyguardUpdateMonitor: sendKeyguardVisibilityChanged(true)
12-12 12:47:44.127 11973 11973 E SamsungIME: AbstractCandidateLayout-setCandidates suggestions count : 9
12-12 12:47:44.127  1067  1067 D ProgressBar: setProgressDrawable drawableHeight = 18
12-12 12:47:44.137  1067  1703 D KeyguardUpdateMonitor: sendKeyguardVisibilityChanged(true)
12-12 12:47:44.137   751   751 D RCPManagerService: userid of SBN ==-1
12-12 12:47:44.137   261  1175 I SurfaceFlinger: id=30 Removed JnputMethod (11/14)
12-12 12:47:44.137   261 15639 I SurfaceFlinger: id=30 Removed JnputMethod (-2/14)
12-12 12:47:44.137  1067  1082 D KeyguardUpdateMonitor: sendKeyguardVisibilityChanged(true)
12-12 12:47:44.137  1067  1067 D KeyguardUpdateMonitor: handleKeyguardVisibilityChanged(1)
12-12 12:47:44.137  1067  1067 D KeyguardUpdateMonitor: handleKeyguardVisibilityChanged(1)
12-12 12:47:44.137   261   261 I SurfaceFlinger: id=58 createSurf (1080x1137),1 flag=4, JnputMethod
12-12 12:47:44.137   751   751 E PersonaManagerService: Unable to read user list
12-12 12:47:44.137   751   751 E PersonaManagerService: returning null in  getPersonasForUser
12-12 12:47:44.137  1067  1067 D PhoneStatusBar: tick(): knoxCustomManager = android.app.enterprise.knoxcustom.KnoxCustomManager@44ef2f00
12-12 12:47:44.147  1067  1702 D KeyguardUpdateMonitor: sendKeyguardVisibilityChanged(true)
12-12 12:47:44.147  1067  1067 D KeyguardUpdateMonitor: handleKeyguardVisibilityChanged(1)
12-12 12:47:44.147  1067  1067 D KeyguardUpdateMonitor: handleKeyguardVisibilityChanged(1)
12-12 12:47:44.147  1067  1081 D KeyguardUpdateMonitor: sendKeyguardVisibilityChanged(true)
12-12 12:47:44.147  1067  1067 D KeyguardUpdateMonitor: handleKeyguardVisibilityChanged(1)
12-12 12:47:44.147  1067  1067 D STATUSBAR-IconMerger: checkOverflow(216), More:true, Req:true Child:6
12-12 12:47:44.157   751   987 I InputDispatcher: Delivering touch to: action: 0x4, toolType: 0
12-12 12:47:44.157   751   987 I InputDispatcher: Delivering touch to: action: 0x4, toolType: 0
12-12 12:47:44.157   751   987 I InputDispatcher: Delivering touch to: action: 0x0, toolType: 0
12-12 12:47:44.157  1067  1703 D KeyguardUpdateMonitor: sendKeyguardVisibilityChanged(true)
12-12 12:47:44.157  1067  1067 D KeyguardUpdateMonitor: handleKeyguardVisibilityChanged(1)
12-12 12:47:44.157   751   987 I InputDispatcher: Delivering touch to: action: 0x1, toolType: 0
12-12 12:47:44.167 11973 11973 E SamsungIME: AbstractCandidateLayout-setCandidates suggestions count : 9
12-12 12:47:44.167  1067  5218 D KeyguardUpdateMonitor: sendKeyguardVisibilityChanged(true)
12-12 12:47:44.167  1067  1067 D KeyguardUpdateMonitor: handleKeyguardVisibilityChanged(1)
12-12 12:47:44.177  1067  1702 D KeyguardUpdateMonitor: sendKeyguardVisibilityChanged(true)
12-12 12:47:44.177  1067  1067 D KeyguardUpdateMonitor: handleKeyguardVisibilityChanged(1)
12-12 12:47:44.197  1067  1131 D KeyguardUpdateMonitor: sendKeyguardVisibilityChanged(true)
12-12 12:47:44.197  1067  1067 D KeyguardUpdateMonitor: handleKeyguardVisibilityChanged(1)
12-12 12:47:44.197   261   261 I SurfaceFlinger: id=59 createSurf (1x1),1 flag=4, Uoast
12-12 12:47:44.207  1067  1082 D KeyguardUpdateMonitor: sendKeyguardVisibilityChanged(true)
12-12 12:47:44.207  1067  1067 D KeyguardUpdateMonitor: handleKeyguardVisibilityChanged(1)
12-12 12:47:44.207   751   987 I InputDispatcher: Delivering touch to: action: 0x4, toolType: 0
12-12 12:47:44.207   751   940 D CustomFrequencyManagerService: releaseDVFSLockLocked : Getting Lock type frm List : DVFS_MIN_LIMIT  frequency : 1958400  uid : 1000  pid : 751  tag : ACTIVITY_RESUME_BOOSTER@6
12-12 12:47:44.207   751   940 W ActivityManager: mDVFSHelper.release()
12-12 12:47:44.207   751   940 D CustomFrequencyManagerService: acquireDVFSLockLocked : type : DVFS_MIN_LIMIT  frequency : 1958400  uid : 1000  pid : 751  pkgName : ACTIVITY_RESUME_BOOSTER@9
12-12 12:47:44.217   751   987 I InputDispatcher: Delivering touch to: action: 0x4, toolType: 0
12-12 12:47:44.217   751   987 I InputDispatcher: Delivering touch to: action: 0x0, toolType: 0
12-12 12:47:44.217   751   969 I ServiceKeeper: In getappinfo pid = 751 pkgName = android appinfo = null
12-12 12:47:44.217   751   987 I InputDispatcher: Delivering touch to: action: 0x1, toolType: 0
12-12 12:47:44.217   751   969 I ServiceKeeper: In getseinfo pid = 751 uid = 1000 seinfo= system
12-12 12:47:44.217 11973 11973 D dalvikvm: GC_FOR_ALLOC freed 4746K, 24% free 20817K/27144K, paused 39ms, total 39ms
12-12 12:47:44.217   751  1704 D PowerManagerService: [api] acquire WakeLock flags=0x2000000a tag=WindowManager uid=1000 pid=751
12-12 12:47:44.227  1067  1703 D KeyguardUpdateMonitor: sendKeyguardVisibilityChanged(true)
12-12 12:47:44.227  1067  1067 D KeyguardUpdateMonitor: handleKeyguardVisibilityChanged(1)
12-12 12:47:44.227  1067  1131 D KeyguardUpdateMonitor: sendKeyguardVisibilityChanged(true)
12-12 12:47:44.227  1067  1067 D KeyguardUpdateMonitor: handleKeyguardVisibilityChanged(1)
12-12 12:47:44.237 11973 11973 I SamsungIME: drawAllKey
12-12 12:47:44.237   261  1175 I SurfaceFlinger: id=50 Removed MoginActivi (7/15)
12-12 12:47:44.237  1067  1082 D KeyguardUpdateMonitor: sendKeyguardVisibilityChanged(true)
12-12 12:47:44.237  1067  1067 D KeyguardUpdateMonitor: handleKeyguardVisibilityChanged(1)
12-12 12:47:44.237   261  1176 I SurfaceFlinger: id=50 Removed MoginActivi (-2/15)
12-12 12:47:44.237  1067  1081 D KeyguardUpdateMonitor: sendKeyguardVisibilityChanged(true)
12-12 12:47:44.237  1067  1067 D KeyguardUpdateMonitor: handleKeyguardVisibilityChanged(1)
12-12 12:47:44.237 11973 11973 D skia    : GFXPNG PNG bitmap created width:60 height:75 bitmap id is 456 
12-12 12:47:44.247  1067  1703 D KeyguardUpdateMonitor: sendKeyguardVisibilityChanged(true)
12-12 12:47:44.247  1067  1067 D KeyguardUpdateMonitor: handleKeyguardVisibilityChanged(1)
12-12 12:47:44.247  1067  5218 D KeyguardUpdateMonitor: sendKeyguardVisibilityChanged(true)
12-12 12:47:44.247  1067  1067 D KeyguardUpdateMonitor: handleKeyguardVisibilityChanged(1)
12-12 12:47:44.257  1067  1081 D KeyguardUpdateMonitor: sendKeyguardVisibilityChanged(true)
12-12 12:47:44.257  1067  1067 D KeyguardUpdateMonitor: handleKeyguardVisibilityChanged(1)
12-12 12:47:44.267  1067  1703 D KeyguardUpdateMonitor: sendKeyguardVisibilityChanged(true)
12-12 12:47:44.267  1067  1067 D KeyguardUpdateMonitor: handleKeyguardVisibilityChanged(1)
12-12 12:47:44.267  1067  5218 D KeyguardUpdateMonitor: sendKeyguardVisibilityChanged(true)
12-12 12:47:44.267  1067  1067 D KeyguardUpdateMonitor: handleKeyguardVisibilityChanged(1)
12-12 12:47:44.267   751   987 I InputDispatcher: Delivering touch to: action: 0x4, toolType: 0
12-12 12:47:44.267   751   987 I InputDispatcher: Delivering touch to: action: 0x4, toolType: 0
12-12 12:47:44.267   751   987 I InputDispatcher: Delivering touch to: action: 0x4, toolType: 0
12-12 12:47:44.267   751   987 I InputDispatcher: Delivering touch to: action: 0x0, toolType: 0
12-12 12:47:44.277   751   987 I InputDispatcher: Delivering touch to: action: 0x1, toolType: 0
12-12 12:47:44.277   751   969 I ServiceKeeper: In getappinfo pid = 751 pkgName = android appinfo = null
12-12 12:47:44.277   751   969 I ServiceKeeper: In getseinfo pid = 751 uid = 1000 seinfo= system
12-12 12:47:44.277 11973 11973 D skia    : GFXPNG PNG bitmap created width:128 height:112 bitmap id is 457 
12-12 12:47:44.277 11973 11973 D skia    : GFXPNG PNG bitmap created width:128 height:112 bitmap id is 458 
12-12 12:47:44.277   751  1341 I NotificationService: cancelToast pkg=com.example.snoopy callback=android.app.ITransientNotification$Stub$Proxy@43768e28
12-12 12:47:44.287  1067  1131 D KeyguardUpdateMonitor: sendKeyguardVisibilityChanged(true)
12-12 12:47:44.287  1067  1067 D KeyguardUpdateMonitor: handleKeyguardVisibilityChanged(1)
12-12 12:47:44.287  1067  1702 D KeyguardUpdateMonitor: sendKeyguardVisibilityChanged(true)
12-12 12:47:44.287  1067  1067 D KeyguardUpdateMonitor: handleKeyguardVisibilityChanged(1)
12-12 12:47:44.287   751   969 I ServiceKeeper: In getappinfo pid = 751 pkgName = android appinfo = null
12-12 12:47:44.287   751   969 I ServiceKeeper: In getseinfo pid = 751 uid = 1000 seinfo= system
12-12 12:47:44.287   751   969 I ServiceKeeper: In getappinfo pid = 751 pkgName = android appinfo = null
12-12 12:47:44.287   751   969 I ServiceKeeper: In getseinfo pid = 751 uid = 1000 seinfo= system
12-12 12:47:44.287   751   969 I ServiceKeeper: In getappinfo pid = 751 pkgName = android appinfo = null
12-12 12:47:44.287   751   969 I ServiceKeeper: In getseinfo pid = 751 uid = 1000 seinfo= system
12-12 12:47:44.287   751  7404 D PowerManagerService: [api] [s] userActivity : event: 0 flags: 0 (uid: 1000 pid: 751)
12-12 12:47:44.287   751  7404 D PowerManagerService: [api] release WakeLock flags=0x2000000a tag=WindowManager uid=1000 pid=751 (0x0)
12-12 12:47:44.287   751  7404 D PowerManagerService: [api] applyWakeLockFlagsOnReleaseLocked : userActivityNoUpdateLocked is called : SCREEN_BRIGHT_WAKE_LOCK        'WindowManager' ON_AFTER_RELEASE (uid=1000, pid=751, ws=WorkSource{10813}) (elapsedTime=68)
12-12 12:47:44.297 11973 11973 D skia    : GFXPNG PNG bitmap created width:89 height:112 bitmap id is 459 
12-12 12:47:44.297 11973 11973 D skia    : GFXPNG PNG bitmap created width:89 height:112 bitmap id is 460 
12-12 12:47:44.297  1067  1082 D KeyguardUpdateMonitor: sendKeyguardVisibilityChanged(true)
12-12 12:47:44.297  1067  1067 D KeyguardUpdateMonitor: handleKeyguardVisibilityChanged(1)
12-12 12:47:44.307  1744  1744 I MultiUserPreferences: commit
12-12 12:47:44.317  1067  1703 D KeyguardUpdateMonitor: sendKeyguardVisibilityChanged(true)
12-12 12:47:44.317  1067  1067 D KeyguardUpdateMonitor: handleKeyguardVisibilityChanged(1)
12-12 12:47:44.317  1067  5218 D KeyguardUpdateMonitor: sendKeyguardVisibilityChanged(true)
12-12 12:47:44.317  1067  1067 D KeyguardUpdateMonitor: handleKeyguardVisibilityChanged(1)
12-12 12:47:44.327   751   987 I InputDispatcher: Delivering touch to: action: 0x4, toolType: 0
12-12 12:47:44.327   751   987 I InputDispatcher: Delivering touch to: action: 0x4, toolType: 0
12-12 12:47:44.327   751   987 I InputDispatcher: Delivering touch to: action: 0x0, toolType: 0
12-12 12:47:44.327   751   987 I InputDispatcher: Delivering touch to: action: 0x1, toolType: 0
12-12 12:47:44.327 11973 11973 D skia    : GFXPNG PNG bitmap created width:495 height:112 bitmap id is 461 
12-12 12:47:44.327 11973 11973 D skia    : GFXPNG PNG bitmap created width:495 height:112 bitmap id is 462 
12-12 12:47:44.327  1067  1702 D KeyguardUpdateMonitor: sendKeyguardVisibilityChanged(true)
12-12 12:47:44.327  1067  1067 D KeyguardUpdateMonitor: handleKeyguardVisibilityChanged(1)
12-12 12:47:44.347  1067  1703 D KeyguardUpdateMonitor: sendKeyguardVisibilityChanged(true)
12-12 12:47:44.347  1067  1067 D KeyguardUpdateMonitor: handleKeyguardVisibilityChanged(1)
12-12 12:47:44.347 11973 11973 D skia    : GFXPNG PNG bitmap created width:96 height:93 bitmap id is 464 
12-12 12:47:44.347 11973 11973 D skia    : GFXPNG PNG bitmap created width:96 height:93 bitmap id is 465 
12-12 12:47:44.347 11973 11973 E SamsungIME: AbstractCandidateLayout-setCandidates suggestions count : 9
12-12 12:47:44.357 11973 11973 D skia    : GFXPNG PNG bitmap created width:80 height:56 bitmap id is 466 
12-12 12:47:44.357 11973 11973 D skia    : GFXPNG PNG bitmap created width:30 height:30 bitmap id is 467 
12-12 12:47:44.357 11973 11973 D skia    : GFXPNG PNG bitmap created width:8 height:2 bitmap id is 468 
12-12 12:47:44.357  1067  1131 D KeyguardUpdateMonitor: sendKeyguardVisibilityChanged(true)
12-12 12:47:44.357  1067  1067 D KeyguardUpdateMonitor: handleKeyguardVisibilityChanged(1)
12-12 12:47:44.357  1067  1082 D KeyguardUpdateMonitor: sendKeyguardVisibilityChanged(true)
12-12 12:47:44.357  1067  1067 D KeyguardUpdateMonitor: handleKeyguardVisibilityChanged(1)
12-12 12:47:44.367  1067  1702 D KeyguardUpdateMonitor: sendKeyguardVisibilityChanged(true)
12-12 12:47:44.367  1067  1067 D KeyguardUpdateMonitor: handleKeyguardVisibilityChanged(1)
12-12 12:47:44.377   751   987 I InputDispatcher: Delivering touch to: action: 0x4, toolType: 0
12-12 12:47:44.377   751   987 I InputDispatcher: Delivering touch to: action: 0x4, toolType: 0
12-12 12:47:44.377   751   987 I InputDispatcher: Delivering touch to: action: 0x0, toolType: 0
12-12 12:47:44.387   751   987 I InputDispatcher: Delivering touch to: action: 0x1, toolType: 0
12-12 12:47:44.387  1067  1703 D KeyguardUpdateMonitor: sendKeyguardVisibilityChanged(true)
12-12 12:47:44.387  1067  1067 D KeyguardUpdateMonitor: handleKeyguardVisibilityChanged(1)
12-12 12:47:44.397  1067  1082 D KeyguardUpdateMonitor: sendKeyguardVisibilityChanged(true)
12-12 12:47:44.397  1067  1067 D KeyguardUpdateMonitor: handleKeyguardVisibilityChanged(1)
12-12 12:47:44.417   261   488 I SurfaceFlinger: id=57 Removed UwToolBoxFl (14/14)
12-12 12:47:44.417   261   486 I SurfaceFlinger: id=57 Removed UwToolBoxFl (-2/14)
12-12 12:47:44.417  1067  1702 D KeyguardUpdateMonitor: sendKeyguardVisibilityChanged(true)
12-12 12:47:44.417  1067  1067 D KeyguardUpdateMonitor: handleKeyguardVisibilityChanged(1)
12-12 12:47:44.427 11973 11973 I SamsungIME: drawAllKey
12-12 12:47:44.437   751   987 I InputDispatcher: Delivering touch to: action: 0x4, toolType: 0
12-12 12:47:44.437   751   987 I InputDispatcher: Delivering touch to: action: 0x4, toolType: 0
12-12 12:47:44.437   751   987 I InputDispatcher: Delivering touch to: action: 0x0, toolType: 0
12-12 12:47:44.437   751   987 I InputDispatcher: Delivering touch to: action: 0x1, toolType: 0
12-12 12:47:44.497   751   987 I InputDispatcher: Delivering touch to: action: 0x4, toolType: 0
12-12 12:47:44.497   751   987 I InputDispatcher: Delivering touch to: action: 0x4, toolType: 0
12-12 12:47:44.497   751   987 I InputDispatcher: Delivering touch to: action: 0x0, toolType: 0
12-12 12:47:44.497   751   987 I InputDispatcher: Delivering touch to: action: 0x1, toolType: 0
12-12 12:47:44.507   751   751 D CustomFrequencyManagerService: releaseDVFSLockLocked : Getting Lock type frm List : DVFS_MIN_LIMIT  frequency : 1958400  uid : 1000  pid : 751  tag : ACTIVITY_RESUME_BOOSTER@9
12-12 12:47:44.517   261   261 I SurfaceFlinger: id=60 createSurf (1x1),1 flag=4, QopupWindow
12-12 12:47:44.517  1067  1702 D KeyguardUpdateMonitor: sendKeyguardVisibilityChanged(true)
12-12 12:47:44.517  1067  1067 D KeyguardUpdateMonitor: handleKeyguardVisibilityChanged(1)
12-12 12:47:44.537  1067  5218 D KeyguardUpdateMonitor: sendKeyguardVisibilityChanged(true)
12-12 12:47:44.537  1067  1067 D KeyguardUpdateMonitor: handleKeyguardVisibilityChanged(1)
12-12 12:47:44.537   751   969 I ServiceKeeper: In getappinfo pid = 751 pkgName = android appinfo = null
12-12 12:47:44.537  1067  1703 D KeyguardUpdateMonitor: sendKeyguardVisibilityChanged(true)
12-12 12:47:44.537  1067  1067 D KeyguardUpdateMonitor: handleKeyguardVisibilityChanged(1)
12-12 12:47:44.547   751   969 I ServiceKeeper: In getseinfo pid = 751 uid = 1000 seinfo= system
12-12 12:47:44.547   751   969 I ServiceKeeper: In getappinfo pid = 751 pkgName = android appinfo = null
12-12 12:47:44.547   751   969 I ServiceKeeper: In getseinfo pid = 751 uid = 1000 seinfo= system
12-12 12:47:44.547 11973 11973 D SamsungIME: SwiftkeyWrapper-checkCurrentSequence : use IC
12-12 12:47:44.547 15500 15500 W IInputConnectionWrapper: getSelectedText on inactive InputConnection
12-12 12:47:44.547 15500 15500 W IInputConnectionWrapper: getTextBeforeCursor on inactive InputConnection
12-12 12:47:44.547 15500 15500 W IInputConnectionWrapper: getTextAfterCursor on inactive InputConnection
12-12 12:47:44.547 11973 11973 E SamsungIME: AbstractCandidateLayout-setCandidates suggestions count : 9
12-12 12:47:44.547   751   987 I InputDispatcher: Delivering touch to: action: 0x0, toolType: 0
12-12 12:47:44.557   255   255 E SMD     : DCD ON
12-12 12:47:44.557   751   987 I InputDispatcher: Delivering touch to: action: 0x1, toolType: 0
12-12 12:47:44.557  1067  1081 D KeyguardUpdateMonitor: sendKeyguardVisibilityChanged(true)
12-12 12:47:44.557  1067  1067 V PanelView: animationTick called with dtms=0; nothing to do (h=0.0 v=-0.0)
12-12 12:47:44.567  1067  1067 D KeyguardUpdateMonitor: handleKeyguardVisibilityChanged(1)
12-12 12:47:44.567  1067  1082 D KeyguardUpdateMonitor: sendKeyguardVisibilityChanged(true)
12-12 12:47:44.567  1067  1067 D KeyguardUpdateMonitor: handleKeyguardVisibilityChanged(1)
12-12 12:47:44.587  1067  1702 D KeyguardUpdateMonitor: sendKeyguardVisibilityChanged(true)
12-12 12:47:44.587  1067  1067 D KeyguardUpdateMonitor: handleKeyguardVisibilityChanged(1)
12-12 12:47:44.587  1067  1703 D KeyguardUpdateMonitor: sendKeyguardVisibilityChanged(true)
12-12 12:47:44.587  1067  1067 D KeyguardUpdateMonitor: handleKeyguardVisibilityChanged(1)
12-12 12:47:44.587   261  1176 I SurfaceFlinger: id=60 Removed QopupWindow (11/14)
12-12 12:47:44.587   261 15639 I SurfaceFlinger: id=60 Removed QopupWindow (-2/14)
12-12 12:47:44.587  1067  5218 D KeyguardUpdateMonitor: sendKeyguardVisibilityChanged(true)
12-12 12:47:44.587  1067  1067 D KeyguardUpdateMonitor: handleKeyguardVisibilityChanged(1)
12-12 12:47:44.587 11973 11973 W ContextImpl: Calling a method in the system process without a qualified user: android.app.ContextImpl.sendBroadcast:1491 android.content.ContextWrapper.sendBroadcast:377 android.inputmethodservice.InputMethodService.sendInputViewShownState:542 android.inputmethodservice.InputMethodService.showWindow:2225 android.inputmethodservice.InputMethodService$InputMethodImpl.showSoftInput:719 
12-12 12:47:44.597  1744  1744 I MultiUserPreferences: commit
12-12 12:47:44.597  1067  5218 D LockPatternUtils: isPcwEnable = null
12-12 12:47:44.597   751   751 D NotificationService: Sending broadcast with sbn as extra = StatusBarNotification(pkg=android user=UserHandle{-1} id=17041265 tag=null score=0: Notification(pri=0 icon=108053a contentView=android/0x109007f vibrate=null sound=null defaults=0x0 flags=0x1002 when=0 ledARGB=0x0 contentIntent=Y deleteIntent=N contentTitle=19 contentText=16 tickerText=N kind=[android.system.imeswitcher]))
12-12 12:47:44.597   751  2586 D SSRMv2:TSP:AirViewOnOff: DeviceInfo:: 00010000000
12-12 12:47:44.597   751  2586 D SSRMv2:TSP:AirViewOnOff: SettingsAirViewInfo:: 000000000
12-12 12:47:44.597   751   751 W ContextImpl: Calling a method in the system process without a qualified user: android.app.ContextImpl.sendBroadcast:1505 com.android.server.StatusBarManagerService.sendNotification:985 com.android.server.StatusBarManagerService.updateNotification:694 com.android.server.NotificationManagerService$7.run:2134 android.os.Handler.handleCallback:733 
12-12 12:47:44.597   751   751 D STATUSBAR-StatusBarManagerService: sendNotification(2) - 17041265
12-12 12:47:44.597   751   751 W ContextImpl: Calling a method in the system process without a qualified user: android.app.ContextImpl.sendBroadcast:1505 com.android.server.NotificationManagerService$7.run:2172 android.os.Handler.handleCallback:733 android.os.Handler.dispatchMessage:95 android.os.Looper.loop:136 
12-12 12:47:44.607   751   751 D RCPManagerService: NotificationReceiver onReceive()
12-12 12:47:44.607   751   751 D RCPManagerService:  NotificationReceiver sbn.getPackageName() android sbn.getUser().getIdentifier() -1
12-12 12:47:44.607   751   751 I ServiceKeeper: In getappinfo pid = 751 pkgName = android appinfo = null
12-12 12:47:44.607   751   987 I InputDispatcher: Delivering touch to: action: 0x4, toolType: 0
12-12 12:47:44.607   751   987 I InputDispatcher: Delivering touch to: action: 0x4, toolType: 0
12-12 12:47:44.607   751   987 I InputDispatcher: Delivering touch to: action: 0x0, toolType: 0
12-12 12:47:44.607   751   751 I ServiceKeeper: In getseinfo pid = 751 uid = 1000 seinfo= system
12-12 12:47:44.607   751   751 D RCPManagerService: getPolicy: Policy checking block entered for Notifications; for user/persona = -1 ; Policy = knox-sanitize-data ; token = 4294967296751
12-12 12:47:44.607   751   987 I InputDispatcher: Delivering touch to: action: 0x1, toolType: 0
12-12 12:47:44.607   751   751 I ServiceKeeper: In getappinfo pid = 751 pkgName = android appinfo = null
12-12 12:47:44.607   751   751 I ServiceKeeper: In getseinfo pid = 751 uid = 1000 seinfo= system
12-12 12:47:44.607  1744  1744 I MultiUserPreferences: commit
12-12 12:47:44.607   751   751 D RCPManagerService: getPolicy: policy value returned = false
12-12 12:47:44.607   751   751 D RCPManagerService: going to get the app label for pkg == android
12-12 12:47:44.607   751   751 D RCPManagerService: app label == android
12-12 12:47:44.607   751   751 I ServiceKeeper: In getappinfo pid = 751 pkgName = android appinfo = null
12-12 12:47:44.607   751   751 I ServiceKeeper: In getseinfo pid = 751 uid = 1000 seinfo= system
12-12 12:47:44.607   751   751 D RCPManagerService: getPolicy: Policy checking block entered for Notifications; for user/persona = -1 ; Policy = knox-export-data ; token = 4294967296751
12-12 12:47:44.607   751   751 I ServiceKeeper: In getappinfo pid = 751 pkgName = android appinfo = null
12-12 12:47:44.607   751   751 I ServiceKeeper: In getseinfo pid = 751 uid = 1000 seinfo= system
12-12 12:47:44.607   751   751 D RCPManagerService: getPolicy: policy value returned = true
12-12 12:47:44.607   751   751 D RCPManagerService: Calling User is -1
12-12 12:47:44.607   751   751 D RCPManagerService: userid of SBN ==-1
12-12 12:47:44.607  1067  5218 D LockPatternUtils: isPcwEnable = null
12-12 12:47:44.607 11973 11973 W ContextImpl: Calling a method in the system process without a qualified user: android.app.ContextImpl.sendBroadcast:1491 android.content.ContextWrapper.sendBroadcast:377 android.inputmethodservice.InputMethodService.sendInputViewShownState:542 android.inputmethodservice.InputMethodService.showWindow:2225 android.inputmethodservice.InputMethodService$InputMethodImpl.showSoftInput:719 
12-12 12:47:44.607   751   751 D UserManagerService: User -1does not exists!!
12-12 12:47:44.607   751   751 E PersonaManagerService: Unable to read user list
12-12 12:47:44.607   751   751 E PersonaManagerService: returning null in  getPersonasForUser
12-12 12:47:44.617 11973 11973 D SamsungIME: [AbstractSwiftkeyManager-getMostLikelyCharacter]
12-12 12:47:44.617   751   751 D NotificationService: Sending broadcast with sbn as extra = StatusBarNotification(pkg=android user=UserHandle{-1} id=17041265 tag=null score=0: Notification(pri=0 icon=108053a contentView=android/0x109007f vibrate=null sound=null defaults=0x0 flags=0x1002 when=0 ledARGB=0x0 contentIntent=Y deleteIntent=N contentTitle=19 contentText=16 tickerText=N kind=[android.system.imeswitcher]))
12-12 12:47:44.617   751   751 D RCPManagerService: NotificationReceiver onReceive()
12-12 12:47:44.617   751   751 D RCPManagerService:  NotificationReceiver sbn.getPackageName() android sbn.getUser().getIdentifier() -1
12-12 12:47:44.617   751   751 I ServiceKeeper: In getappinfo pid = 751 pkgName = android appinfo = null
12-12 12:47:44.617   751   751 I ServiceKeeper: In getseinfo pid = 751 uid = 1000 seinfo= system
12-12 12:47:44.617   751   751 D RCPManagerService: getPolicy: Policy checking block entered for Notifications; for user/persona = -1 ; Policy = knox-sanitize-data ; token = 4294967296751
12-12 12:47:44.617   751  2586 D SSRMv2:TSP:AirViewOnOff: DeviceInfo:: 00010000000
12-12 12:47:44.617   751  2586 D SSRMv2:TSP:AirViewOnOff: SettingsAirViewInfo:: 000000000
12-12 12:47:44.617   751   751 W ContextImpl: Calling a method in the system process without a qualified user: android.app.ContextImpl.sendBroadcast:1505 com.android.server.StatusBarManagerService.sendNotification:985 com.android.server.StatusBarManagerService.updateNotification:694 com.android.server.NotificationManagerService$7.run:2134 android.os.Handler.handleCallback:733 
12-12 12:47:44.617   751   751 D STATUSBAR-StatusBarManagerService: sendNotification(2) - 17041265
12-12 12:47:44.617   751   751 W ContextImpl: Calling a method in the system process without a qualified user: android.app.ContextImpl.sendBroadcast:1505 com.android.server.NotificationManagerService$7.run:2172 android.os.Handler.handleCallback:733 android.os.Handler.dispatchMessage:95 android.os.Looper.loop:136 
12-12 12:47:44.627   751   751 I ServiceKeeper: In getappinfo pid = 751 pkgName = android appinfo = null
12-12 12:47:44.627   751   751 I ServiceKeeper: In getseinfo pid = 751 uid = 1000 seinfo= system
12-12 12:47:44.627   751   751 D RCPManagerService: getPolicy: policy value returned = false
12-12 12:47:44.627   751   751 D RCPManagerService: going to get the app label for pkg == android
12-12 12:47:44.627   751   751 D RCPManagerService: app label == android
12-12 12:47:44.627   751   751 I ServiceKeeper: In getappinfo pid = 751 pkgName = android appinfo = null
12-12 12:47:44.627   751   751 I ServiceKeeper: In getseinfo pid = 751 uid = 1000 seinfo= system
12-12 12:47:44.627   751   751 D RCPManagerService: getPolicy: Policy checking block entered for Notifications; for user/persona = -1 ; Policy = knox-export-data ; token = 4294967296751
12-12 12:47:44.627   751   751 I ServiceKeeper: In getappinfo pid = 751 pkgName = android appinfo = null
12-12 12:47:44.627   751   751 I ServiceKeeper: In getseinfo pid = 751 uid = 1000 seinfo= system
12-12 12:47:44.627   751   751 D RCPManagerService: getPolicy: policy value returned = true
12-12 12:47:44.627   751   751 D RCPManagerService: Calling User is -1
12-12 12:47:44.627   751   751 D RCPManagerService: userid of SBN ==-1
12-12 12:47:44.627 11973 11973 I SamsungIME: drawAllKey
12-12 12:47:44.627   751   751 D UserManagerService: User -1does not exists!!
12-12 12:47:44.627   751   751 E PersonaManagerService: Unable to read user list
12-12 12:47:44.627   751   751 E PersonaManagerService: returning null in  getPersonasForUser
12-12 12:47:44.657   751   987 I InputDispatcher: Delivering touch to: action: 0x4, toolType: 0
12-12 12:47:44.657   751   987 I InputDispatcher: Delivering touch to: action: 0x4, toolType: 0
12-12 12:47:44.657   751   987 I InputDispatcher: Delivering touch to: action: 0x0, toolType: 0
12-12 12:47:44.667   751   987 I InputDispatcher: Delivering touch to: action: 0x1, toolType: 0
12-12 12:47:44.687 11973 12766 V Vibrator: vibrateImmVibe - PUID: 1000, PackageName: com.sec.android.inputmethod, pattern, magType: TouchMagnitude
12-12 12:47:44.687 11973 11973 E SamsungIME: SwiftkeyWrapper-inputKey
12-12 12:47:44.687 15500 15500 W IInputConnectionWrapper: setComposingText on inactive InputConnection
12-12 12:47:44.687   751   956 V VibratorService: vibrateImmVibePatternMagnitudeType - magnitudeType: TouchMagnitude
12-12 12:47:44.687   751   956 D VibratorService: ImmVibe vibratorOff()
12-12 12:47:44.697 11973 11973 D SamsungIME: onStartInputView
12-12 12:47:44.697   751   956 V VibratorService: vibrateImmVibePattern - package: com.sec.android.inputmethod, magnitude: 6000
12-12 12:47:44.697 11973 11973 I SamsungIME: Update SetupWizard State usc : 1 pss : false
12-12 12:47:44.707 11973 11973 D skia    : GFXPNG PNG bitmap created width:31 height:27 bitmap id is 470 
12-12 12:47:44.707 11973 11973 I SamsungIME: getDebugLevel  : 0x4f4c
12-12 12:47:44.707 11973 11973 D skia    : GFXPNG PNG bitmap created width:60 height:75 bitmap id is 471 
12-12 12:47:44.707 11973 11973 D skia    : GFXPNG PNG bitmap created width:60 height:75 bitmap id is 472 
