12-12 12:47:36.127  1067  1081 D KeyguardUpdateMonitor: sendKeyguardVisibilityChanged(true)
12-12 12:47:36.127  1067  1067 D KeyguardUpdateMonitor: handleKeyguardVisibilityChanged(1)
12-12 12:47:36.137   751   987 I InputDispatcher: Delivering touch to: action: 0x4, toolType: 0
12-12 12:47:36.137   751   987 I InputDispatcher: Delivering touch to: action: 0x4, toolType: 0
12-12 12:47:36.137   751   987 I InputDispatcher: Delivering touch to: action: 0x0, toolType: 0
12-12 12:47:36.137   751   987 I InputDispatcher: Delivering touch to: action: 0x1, toolType: 0
12-12 12:47:36.147 11973 11973 W ContextImpl: Calling a method in the system process without a qualified user: android.app.ContextImpl.sendBroadcast:1491 android.content.ContextWrapper.sendBroadcast:377 com.diotek.ime.framework.common.InputManagerImpl.sendInputLanguage:9297 com.diotek.ime.framework.common.InputManagerImpl.setLanguage:5447 com.diotek.ime.framework.common.InputManagerImpl.startInputViewContinue:3336 
12-12 12:47:36.157 11973 11973 I SamsungIME: getDebugLevel  : 0x4f4c
12-12 12:47:36.167 11973 11973 I SamsungIME: getDebugLevel  : 0x4f4c
12-12 12:47:36.177 11973 11973 I SamsungIME: KeybaordView init() : load resources
12-12 12:47:36.177  1067  5218 D KeyguardUpdateMonitor: sendKeyguardVisibilityChanged(true)
12-12 12:47:36.177  1067  1067 D KeyguardUpdateMonitor: handleKeyguardVisibilityChanged(1)
12-12 12:47:36.187   261  1176 I SurfaceFlinger: id=28 Removed Uoast (13/14)
12-12 12:47:36.187   261   486 I SurfaceFlinger: id=28 Removed Uoast (-2/14)
12-12 12:47:36.187   751  7404 D EnterpriseDeviceManager: ContainerId: 0
12-12 12:47:36.187  1067  1703 D KeyguardUpdateMonitor: sendKeyguardVisibilityChanged(true)
12-12 12:47:36.187  1067  1067 D KeyguardUpdateMonitor: handleKeyguardVisibilityChanged(1)
12-12 12:47:36.187   751  7404 D CustomFrequencyManagerService: releaseDVFSLockLocked : Getting Lock type frm List : DVFS_MIN_LIMIT  frequency : 1958400  uid : 1000  pid : 751  tag : ACTIVITY_RESUME_BOOSTER@6
12-12 12:47:36.197  1067  1081 D KeyguardUpdateMonitor: sendKeyguardVisibilityChanged(true)
12-12 12:47:36.197  1067  1067 D KeyguardUpdateMonitor: handleKeyguardVisibilityChanged(1)
12-12 12:47:36.197   751  1452 I toolbox : Callback isContain() false
12-12 12:47:36.197  1067  1082 D KeyguardUpdateMonitor: sendKeyguardVisibilityChanged(true)
12-12 12:47:36.197  1067  1067 D KeyguardUpdateMonitor: handleKeyguardVisibilityChanged(1)
12-12 12:47:36.197 11973 11973 I SamsungIME: getCurrentKeyboard
12-12 12:47:36.197 11973 11973 I SamsungIME: getTextKeyboard
12-12 12:47:36.197   751  7404 D CustomFrequencyManagerService: acquireDVFSLockLocked : type : DVFS_MIN_LIMIT  frequency : 1958400  uid : 1000  pid : 751  pkgName : ACTIVITY_RESUME_BOOSTER@6
12-12 12:47:36.197   751  7404 W ActivityManager: mDVFSHelper.acquire()
12-12 12:47:36.207  1744  1744 D LegacyAppListWindow: App icon clicked :: appIconIndex = 1, mbAnimating = false, mbEditmode = false
12-12 12:47:36.207 11973 11973 D SamsungIME: [SwiftkeyWrapper] currentLangauge : 1701729619
12-12 12:47:36.207  1744  1744 D LegacyAppListWindow: App icon clicked :: name = com.android.email.activity.Welcome
12-12 12:47:36.207 11973 11973 I SamsungIME: getCurrentKeyboard
12-12 12:47:36.207 11973 11973 I SamsungIME: getTextKeyboard
12-12 12:47:36.217 11973 11973 D SamsungIME: [SwiftkeyWrapper] currentLangauge : 1701729619
12-12 12:47:36.217   751  7228 D EnterpriseDeviceManager: ContainerId: 0
12-12 12:47:36.217 11973 11973 D SamsungIME: startInputViewContinue : true true
12-12 12:47:36.217 11973 11973 D SamsungIME: conditions for show dialog : true true false false
12-12 12:47:36.217 11973 11973 D SamsungIME: showDlgMsgBox : true true true
12-12 12:47:36.217   751  7228 V ApplicationPolicy: isApplicationStateBlocked userId 0 pkgname com.android.email
12-12 12:47:36.217 11973 11973 D SamsungIME: showDlgMsgBox inner condition : true true
12-12 12:47:36.217 11973 11973 I SamsungIME: [IMI] startInputView - caller pid : 15500, caller uid : 10813
12-12 12:47:36.217 11973 11973 D SamsungIME: onWindowShown
12-12 12:47:36.227 11973 11973 W ContextImpl: Calling a method in the system process without a qualified user: android.app.ContextImpl.sendBroadcast:1491 android.content.ContextWrapper.sendBroadcast:377 android.inputmethodservice.InputMethodService.sendInputViewShownState:542 android.inputmethodservice.InputMethodService.showWindow:2225 android.inputmethodservice.InputMethodService$InputMethodImpl.showSoftInput:719 
12-12 12:47:36.237   751   948 V toolbox : playAnimationFadeOut()
12-12 12:47:36.237   751  2586 D SSRMv2:TSP:AirViewOnOff: DeviceInfo:: 00010000000
12-12 12:47:36.237   751  2586 D SSRMv2:TSP:AirViewOnOff: SettingsAirViewInfo:: 000000000
12-12 12:47:36.247  1067  5218 D LockPatternUtils: isPcwEnable = null
12-12 12:47:36.247  1744  1744 I MultiUserPreferences: commit
12-12 12:47:36.257   751   987 I InputDispatcher: Delivering touch to: action: 0x4, toolType: 0
12-12 12:47:36.257   751   987 I InputDispatcher: Delivering touch to: action: 0x4, toolType: 0
12-12 12:47:36.257   751   987 I InputDispatcher: Delivering touch to: action: 0x0, toolType: 0
12-12 12:47:36.277   751   987 I InputDispatcher: Delivering touch to: action: 0x1, toolType: 0
12-12 12:47:36.277  1067  1081 D KeyguardUpdateMonitor: sendKeyguardVisibilityChanged(true)
12-12 12:47:36.277  1067  1067 D KeyguardUpdateMonitor: handleKeyguardVisibilityChanged(1)
12-12 12:47:36.287  1067  1082 D KeyguardUpdateMonitor: sendKeyguardVisibilityChanged(true)
12-12 12:47:36.287  1067  1067 D KeyguardUpdateMonitor: handleKeyguardVisibilityChanged(1)
12-12 12:47:36.297   751   751 W ContextImpl: Calling a method in the system process without a qualified user: android.app.ContextImpl.sendBroadcast:1505 com.android.server.StatusBarManagerService.sendNotification:985 com.android.server.StatusBarManagerService.addNotification:674 com.android.server.NotificationManagerService$7.run:2142 android.os.Handler.handleCallback:733 
12-12 12:47:36.297   751   751 D NotificationService: Sending broadcast with sbn as extra = StatusBarNotification(pkg=android user=UserHandle{-1} id=17041265 tag=null score=0: Notification(pri=0 icon=108053a contentView=android/0x109007f vibrate=null sound=null defaults=0x0 flags=0x1002 when=0 ledARGB=0x0 contentIntent=Y deleteIntent=N contentTitle=19 contentText=16 tickerText=N kind=[android.system.imeswitcher]))
12-12 12:47:36.297   751   751 D STATUSBAR-StatusBarManagerService: sendNotification(1) - 17041265
12-12 12:47:36.297   751   751 W ContextImpl: Calling a method in the system process without a qualified user: android.app.ContextImpl.sendBroadcast:1505 com.android.server.NotificationManagerService$7.run:2172 android.os.Handler.handleCallback:733 android.os.Handler.dispatchMessage:95 android.os.Looper.loop:136 
12-12 12:47:36.307  1067  5218 D KeyguardUpdateMonitor: sendKeyguardVisibilityChanged(true)
12-12 12:47:36.307   751   751 D RCPManagerService: NotificationReceiver onReceive()
12-12 12:47:36.307   751   751 D RCPManagerService:  NotificationReceiver sbn.getPackageName() android sbn.getUser().getIdentifier() -1
12-12 12:47:36.307  1067  1067 D skia    : GFXPNG PNG bitmap created width:72 height:72 bitmap id is 490 
12-12 12:47:36.307   751   751 I ServiceKeeper: In getappinfo pid = 751 pkgName = android appinfo = null
12-12 12:47:36.307   751   751 I ServiceKeeper: In getseinfo pid = 751 uid = 1000 seinfo= system
12-12 12:47:36.307   751   751 D RCPManagerService: getPolicy: Policy checking block entered for Notifications; for user/persona = -1 ; Policy = knox-sanitize-data ; token = 4294967296751
12-12 12:47:36.307  1067  1067 I PersonaManager: getPersonaService() name persona_policy
12-12 12:47:36.307   751   751 I ServiceKeeper: In getappinfo pid = 751 pkgName = android appinfo = null
12-12 12:47:36.307   751   751 I ServiceKeeper: In getseinfo pid = 751 uid = 1000 seinfo= system
12-12 12:47:36.307   751   751 D RCPManagerService: getPolicy: policy value returned = false
12-12 12:47:36.307   751   751 D RCPManagerService: going to get the app label for pkg == android
12-12 12:47:36.307   751   751 D RCPManagerService: app label == android
12-12 12:47:36.307   751   751 I ServiceKeeper: In getappinfo pid = 751 pkgName = android appinfo = null
12-12 12:47:36.307   751   751 I ServiceKeeper: In getseinfo pid = 751 uid = 1000 seinfo= system
12-12 12:47:36.307   751   751 D UserManagerService: User -1does not exists!!
12-12 12:47:36.317   751   751 D RCPManagerService: getPolicy: Policy checking block entered for Notifications; for user/persona = -1 ; Policy = knox-export-data ; token = 4294967296751
12-12 12:47:36.317   751   751 I ServiceKeeper: In getappinfo pid = 751 pkgName = android appinfo = null
12-12 12:47:36.317   751   751 I ServiceKeeper: In getseinfo pid = 751 uid = 1000 seinfo= system
12-12 12:47:36.317   751   751 D RCPManagerService: getPolicy: policy value returned = true
12-12 12:47:36.317   751   751 D RCPManagerService: Calling User is -1
12-12 12:47:36.317   751   751 D RCPManagerService: userid of SBN ==-1
12-12 12:47:36.317  1744  1744 I MultiUserPreferences: commit
12-12 12:47:36.317  1067  1081 D KeyguardUpdateMonitor: sendKeyguardVisibilityChanged(true)
12-12 12:47:36.317   751   751 E PersonaManagerService: Unable to read user list
12-12 12:47:36.317   751   751 E PersonaManagerService: returning null in  getPersonasForUser
12-12 12:47:36.327  1067  1067 D ProgressBar: setProgressDrawable drawableHeight = 18
12-12 12:47:36.327  1067  1067 D skia    : GFXPNG PNG bitmap created width:72 height:72 bitmap id is 491 
12-12 12:47:36.327  1067  1067 D KeyguardUpdateMonitor: handleKeyguardVisibilityChanged(1)
12-12 12:47:36.327  1067  1067 D KeyguardUpdateMonitor: handleKeyguardVisibilityChanged(1)
12-12 12:47:36.327   751   987 I InputDispatcher: Delivering touch to: action: 0x4, toolType: 0
12-12 12:47:36.327   751   987 I InputDispatcher: Delivering touch to: action: 0x4, toolType: 0
12-12 12:47:36.327   751   987 I InputDispatcher: Delivering touch to: action: 0x0, toolType: 0
12-12 12:47:36.327  1067  1067 D PhoneStatusBar: tick(): knoxCustomManager = android.app.enterprise.knoxcustom.KnoxCustomManager@44ef2f00
12-12 12:47:36.337  1067  1131 D KeyguardUpdateMonitor: sendKeyguardVisibilityChanged(true)
12-12 12:47:36.337  1067  1067 D KeyguardUpdateMonitor: handleKeyguardVisibilityChanged(1)
12-12 12:47:36.337   751   987 I InputDispatcher: Delivering touch to: action: 0x1, toolType: 0
12-12 12:47:36.347 11973 11973 E SamsungIME: AbstractCandidateLayout-setCandidates suggestions count : 9
12-12 12:47:36.347  1067  1703 D KeyguardUpdateMonitor: sendKeyguardVisibilityChanged(true)
12-12 12:47:36.347  1067  1067 D KeyguardUpdateMonitor: handleKeyguardVisibilityChanged(1)
12-12 12:47:36.357 11973 11973 D skia    : GFXPNG PNG bitmap created width:18 height:104 bitmap id is 297 
12-12 12:47:36.357  1067  1082 D KeyguardUpdateMonitor: sendKeyguardVisibilityChanged(true)
12-12 12:47:36.357  1067  1067 D KeyguardUpdateMonitor: handleKeyguardVisibilityChanged(1)
12-12 12:47:36.367 11973 11973 D SamsungIME: Magnification Enabled = false
12-12 12:47:36.367  1067  1702 D KeyguardUpdateMonitor: sendKeyguardVisibilityChanged(true)
12-12 12:47:36.367  1067  1067 D KeyguardUpdateMonitor: handleKeyguardVisibilityChanged(1)
12-12 12:47:36.387   261   261 I SurfaceFlinger: id=30 createSurf (1080x1),1 flag=4, JnputMethod
12-12 12:47:36.387  1067  1703 D KeyguardUpdateMonitor: sendKeyguardVisibilityChanged(true)
12-12 12:47:36.387  1067  1067 D KeyguardUpdateMonitor: handleKeyguardVisibilityChanged(1)
12-12 12:47:36.397   751  1462 D EnterpriseDeviceManager: ContainerId: 0
12-12 12:47:36.397  1067  1131 D KeyguardUpdateMonitor: sendKeyguardVisibilityChanged(true)
12-12 12:47:36.397   751  1462 D CustomFrequencyManagerService: releaseDVFSLockLocked : Getting Lock type frm List : DVFS_MIN_LIMIT  frequency : 1958400  uid : 1000  pid : 751  tag : ACTIVITY_RESUME_BOOSTER@6
12-12 12:47:36.397  1067  1067 D STATUSBAR-IconMerger: checkOverflow(216), More:true, Req:true Child:6
12-12 12:47:36.397   751  1462 D CustomFrequencyManagerService: acquireDVFSLockLocked : type : DVFS_MIN_LIMIT  frequency : 1958400  uid : 1000  pid : 751  pkgName : ACTIVITY_RESUME_BOOSTER@6
12-12 12:47:36.397   751  1462 W ActivityManager: mDVFSHelper.acquire()
12-12 12:47:36.407  1067  1703 D KeyguardUpdateMonitor: sendKeyguardVisibilityChanged(true)
12-12 12:47:36.417  1067  1067 D KeyguardUpdateMonitor: handleKeyguardVisibilityChanged(1)
12-12 12:47:36.417  1067  1067 D KeyguardUpdateMonitor: handleKeyguardVisibilityChanged(1)
12-12 12:47:36.417 11973 11973 I Adreno-EGL: <qeglDrvAPI_eglInitialize:410>: EGL 1.4 QUALCOMM build:  ()
12-12 12:47:36.417 11973 11973 I Adreno-EGL: OpenGL ES Shader Compiler Version: E031.24.00.08
12-12 12:47:36.417 11973 11973 I Adreno-EGL: Build Date: 02/20/14 Thu
12-12 12:47:36.417 11973 11973 I Adreno-EGL: Local Branch: AU200_patches_ms_memleak_libsc_profiler
12-12 12:47:36.417 11973 11973 I Adreno-EGL: Remote Branch: 
12-12 12:47:36.417 11973 11973 I Adreno-EGL: Local Patches: 
12-12 12:47:36.417 11973 11973 I Adreno-EGL: Reconstruct Branch: 
12-12 12:47:36.417  1067  1081 D KeyguardUpdateMonitor: sendKeyguardVisibilityChanged(true)
12-12 12:47:36.427  1067  1131 D KeyguardUpdateMonitor: sendKeyguardVisibilityChanged(true)
12-12 12:47:36.437  1067  1067 D KeyguardUpdateMonitor: handleKeyguardVisibilityChanged(1)
12-12 12:47:36.437  1067  1067 D KeyguardUpdateMonitor: handleKeyguardVisibilityChanged(1)
12-12 12:47:36.447  1067  5218 D KeyguardUpdateMonitor: sendKeyguardVisibilityChanged(true)
12-12 12:47:36.447  1067  1067 D KeyguardUpdateMonitor: handleKeyguardVisibilityChanged(1)
12-12 12:47:36.467  1067  1081 D KeyguardUpdateMonitor: sendKeyguardVisibilityChanged(true)
12-12 12:47:36.467   751   987 I InputDispatcher: Delivering touch to: action: 0x4, toolType: 0
12-12 12:47:36.467   751   987 I InputDispatcher: Delivering touch to: action: 0x4, toolType: 0
12-12 12:47:36.467   751   987 I InputDispatcher: Delivering touch to: action: 0x0, toolType: 0
12-12 12:47:36.467  1067  1067 D KeyguardUpdateMonitor: handleKeyguardVisibilityChanged(1)
12-12 12:47:36.477   751   987 I InputDispatcher: Delivering touch to: action: 0x1, toolType: 0
12-12 12:47:36.487 11973 11973 D OpenGLRenderer: Enabling debug mode 0
12-12 12:47:36.487  1067  1703 D KeyguardUpdateMonitor: sendKeyguardVisibilityChanged(true)
12-12 12:47:36.507  1067  1067 D KeyguardUpdateMonitor: handleKeyguardVisibilityChanged(1)
12-12 12:47:36.517   751   969 I ServiceKeeper: In getappinfo pid = 751 pkgName = android appinfo = null
12-12 12:47:36.517   751   969 I ServiceKeeper: In getseinfo pid = 751 uid = 1000 seinfo= system
12-12 12:47:36.527   751   969 I ServiceKeeper: In getappinfo pid = 751 pkgName = android appinfo = null
12-12 12:47:36.527   751   969 I ServiceKeeper: In getseinfo pid = 751 uid = 1000 seinfo= system
12-12 12:47:36.527  1067  1131 D KeyguardUpdateMonitor: sendKeyguardVisibilityChanged(true)
12-12 12:47:36.527  1744  1744 I MultiUserPreferences: commit
12-12 12:47:36.527   751   987 I InputDispatcher: Delivering touch to: action: 0x4, toolType: 0
12-12 12:47:36.527   751   987 I InputDispatcher: Delivering touch to: action: 0x4, toolType: 0
12-12 12:47:36.527   751   987 I InputDispatcher: Delivering touch to: action: 0x0, toolType: 0
12-12 12:47:36.537  1067  1082 D KeyguardUpdateMonitor: sendKeyguardVisibilityChanged(true)
12-12 12:47:36.537  1067  1067 D KeyguardUpdateMonitor: handleKeyguardVisibilityChanged(1)
12-12 12:47:36.537 11973 11973 D SamsungIME: SwiftkeyWrapper-checkCurrentSequence : use IC
12-12 12:47:36.547   751   969 I ServiceKeeper: In getappinfo pid = 751 pkgName = android appinfo = null
12-12 12:47:36.547   751   969 I ServiceKeeper: In getseinfo pid = 751 uid = 1000 seinfo= system
12-12 12:47:36.547   751   987 I InputDispatcher: Delivering touch to: action: 0x1, toolType: 0
12-12 12:47:36.557  1067  1067 D KeyguardUpdateMonitor: handleKeyguardVisibilityChanged(1)
12-12 12:47:36.557  1067  1131 D KeyguardUpdateMonitor: sendKeyguardVisibilityChanged(true)
12-12 12:47:36.567  1067  1067 D KeyguardUpdateMonitor: handleKeyguardVisibilityChanged(1)
12-12 12:47:36.567   261  1175 I SurfaceFlinger: id=22 Removed UwToolBoxFl (14/14)
12-12 12:47:36.577   261  1176 I SurfaceFlinger: id=22 Removed UwToolBoxFl (-2/14)
12-12 12:47:36.577  1067  1703 D KeyguardUpdateMonitor: sendKeyguardVisibilityChanged(true)
12-12 12:47:36.577 11973 11973 E SamsungIME: AbstractCandidateLayout-setCandidates suggestions count : 9
12-12 12:47:36.597  1067  1067 D KeyguardUpdateMonitor: handleKeyguardVisibilityChanged(1)
12-12 12:47:36.657 11973 11973 D dalvikvm: GC_FOR_ALLOC freed 3142K, 26% free 20330K/27140K, paused 39ms, total 39ms
12-12 12:47:36.657   751   987 I InputDispatcher: Delivering touch to: action: 0x4, toolType: 0
12-12 12:47:36.657   751   987 I InputDispatcher: Delivering touch to: action: 0x4, toolType: 0
12-12 12:47:36.657   751   987 I InputDispatcher: Delivering touch to: action: 0x0, toolType: 0
12-12 12:47:36.657   751   987 I InputDispatcher: Delivering touch to: action: 0x1, toolType: 0
12-12 12:47:36.667 11973 11973 I SamsungIME: drawAllKey
12-12 12:47:36.667 11973 11973 D skia    : GFXPNG PNG bitmap created width:60 height:75 bitmap id is 298 
12-12 12:47:36.707   751   987 I InputDispatcher: Delivering touch to: action: 0x4, toolType: 0
12-12 12:47:36.707   751   987 I InputDispatcher: Delivering touch to: action: 0x4, toolType: 0
12-12 12:47:36.707   751   987 I InputDispatcher: Delivering touch to: action: 0x0, toolType: 0
12-12 12:47:36.707   751   987 I InputDispatcher: Delivering touch to: action: 0x1, toolType: 0
12-12 12:47:36.707 11973 11973 D skia    : GFXPNG PNG bitmap created width:128 height:112 bitmap id is 299 
12-12 12:47:36.717 11973 11973 D skia    : GFXPNG PNG bitmap created width:128 height:112 bitmap id is 300 
12-12 12:47:36.747 11973 11973 D skia    : GFXPNG PNG bitmap created width:89 height:112 bitmap id is 301 
12-12 12:47:36.747 11973 11973 D skia    : GFXPNG PNG bitmap created width:89 height:112 bitmap id is 302 
12-12 12:47:36.757 11973 11973 D skia    : GFXPNG PNG bitmap created width:76 height:43 bitmap id is 303 
12-12 12:47:36.757 11973 11973 D skia    : GFXPNG PNG bitmap created width:76 height:43 bitmap id is 304 
12-12 12:47:36.757 11973 11973 D skia    : GFXPNG PNG bitmap created width:76 height:43 bitmap id is 305 
12-12 12:47:36.767   751   987 I InputDispatcher: Delivering touch to: action: 0x0, toolType: 0
12-12 12:47:36.767   751   987 I InputDispatcher: Delivering touch to: action: 0x1, toolType: 0
12-12 12:47:36.767 11973 11973 D skia    : GFXPNG PNG bitmap created width:76 height:43 bitmap id is 306 
12-12 12:47:36.767 11973 11973 D skia    : GFXPNG PNG bitmap created width:50 height:28 bitmap id is 307 
12-12 12:47:36.767   261   488 I SurfaceFlinger: id=29 Removed HuideLine 0 (11/13)
12-12 12:47:36.767   261  1175 I SurfaceFlinger: id=29 Removed HuideLine 0 (-2/13)
12-12 12:47:36.767  1067  5218 D KeyguardUpdateMonitor: sendKeyguardVisibilityChanged(true)
12-12 12:47:36.777  1067  1067 V PanelView: animationTick called with dtms=0; nothing to do (h=0.0 v=-0.0)
12-12 12:47:36.777  1067  1067 V PanelView: animationTick called with dtms=-9; nothing to do (h=0.0 v=-0.0)
12-12 12:47:36.777 11973 11973 D skia    : GFXPNG PNG bitmap created width:54 height:36 bitmap id is 308 
12-12 12:47:36.777 11973 11973 D skia    : GFXPNG PNG bitmap created width:54 height:36 bitmap id is 309 
12-12 12:47:36.777 11973 11973 D skia    : GFXPNG PNG bitmap created width:54 height:36 bitmap id is 310 
12-12 12:47:36.777 11973 11973 D skia    : GFXPNG PNG bitmap created width:54 height:36 bitmap id is 311 
12-12 12:47:36.777  1067  1067 D KeyguardUpdateMonitor: handleKeyguardVisibilityChanged(1)
12-12 12:47:36.777 11973 11973 D skia    : GFXPNG PNG bitmap created width:88 height:136 bitmap id is 312 
12-12 12:47:36.777 11973 11973 D skia    : GFXPNG PNG bitmap created width:88 height:136 bitmap id is 313 
12-12 12:47:36.797 11973 11973 D skia    : GFXPNG PNG bitmap created width:495 height:112 bitmap id is 314 
12-12 12:47:36.797 11973 11973 D skia    : GFXPNG PNG bitmap created width:495 height:112 bitmap id is 315 
12-12 12:47:36.817   751   987 I InputDispatcher: Delivering touch to: action: 0x4, toolType: 0
12-12 12:47:36.817   751   987 I InputDispatcher: Delivering touch to: action: 0x4, toolType: 0
12-12 12:47:36.817   751   987 I InputDispatcher: Delivering touch to: action: 0x0, toolType: 0
12-12 12:47:36.817   751   987 I InputDispatcher: Delivering touch to: action: 0x1, toolType: 0
12-12 12:47:36.867  1067  1131 D KeyguardUpdateMonitor: sendKeyguardVisibilityChanged(true)
12-12 12:47:36.867  1067  1703 D KeyguardUpdateMonitor: sendKeyguardVisibilityChanged(true)
12-12 12:47:36.867  1067  1067 D KeyguardUpdateMonitor: handleKeyguardVisibilityChanged(1)
12-12 12:47:36.877   751  1030 D EnterpriseDeviceManager: ContainerId: 0
12-12 12:47:36.877 11973 11973 D SamsungIME: SwiftKey guide popup condition 1 : true true
12-12 12:47:36.877 11973 11973 I SamsungIME: Update SetupWizard State usc : 1 pss : false
12-12 12:47:36.877 11973 11973 E SamsungIME: SwiftKey guide popup condition 2 : true true true true true false true true true true
12-12 12:47:36.877   751  1030 D CustomFrequencyManagerService: releaseDVFSLockLocked : Getting Lock type frm List : DVFS_MIN_LIMIT  frequency : 1958400  uid : 1000  pid : 751  tag : ACTIVITY_RESUME_BOOSTER@6
12-12 12:47:36.877   751  1030 D CustomFrequencyManagerService: acquireDVFSLockLocked : type : DVFS_MIN_LIMIT  frequency : 1958400  uid : 1000  pid : 751  pkgName : ACTIVITY_RESUME_BOOSTER@6
12-12 12:47:36.877   751  1030 W ActivityManager: mDVFSHelper.acquire()
12-12 12:47:36.887  1067  1067 D KeyguardUpdateMonitor: handleKeyguardVisibilityChanged(1)
12-12 12:47:36.927   751   987 I InputDispatcher: Delivering touch to: action: 0x0, toolType: 0
12-12 12:47:36.937  1067  1067 V PanelView: animationTick called with dtms=0; nothing to do (h=0.0 v=0.0)
12-12 12:47:36.937   751   987 I InputDispatcher: Delivering touch to: action: 0x1, toolType: 0
12-12 12:47:36.947  1067  1067 D STATUSBAR-PhoneStatusBar: makeExpandedVisible
12-12 12:47:36.947  1067  1067 D STATUSBAR-QuickSettingPanel: setSingleLine:true
12-12 12:47:36.947  1067  1067 D STATUSBAR-QuickSettingPanel: updateButtonInfo mButtonWidth : 216 mColumnNumber:5 orien: 1
12-12 12:47:36.957  1744  1744 I CenterBarWindow: Remove drag and drop center bar image
12-12 12:47:36.957  1744  1744 I CenterBarWindow: drawCenterBar : positionX = 540, positionY = 960
12-12 12:47:36.957  1744  1744 I CenterBarWindow: setImageToImageView
12-12 12:47:36.957   751  1341 V Vibrator: Called cancel() API - PUID: 1000, PackageName: android
12-12 12:47:36.957   751  1341 W Vibrator: Vibrator.cancel()
12-12 12:47:36.957  1067  1067 D STATUSBAR-PhoneStatusBar: Mini Controller text scroll : ON
12-12 12:47:36.957   751  1046 E SmartFaceService - 3rd party pause: onReceive, ACTION_STATUS_BAR_ANIMATING: true
12-12 12:47:36.957   751  1341 D VibratorService: ImmVibe vibratorOff()
12-12 12:47:36.957   751  1341 D LightsService: [api] [SvcLED] turnOff:: id = 4 (uid: 10023 pid: 1067) 
12-12 12:47:36.957   751  1341 D LightsService: [SvcLED] setSvcLedStateLocked:: SvcLEDState : 0x0 -> 0x0 | SvcLED(id=4) set Off
12-12 12:47:36.957   751   976 D LightsService: [SvcLED] Lux failed to be updated in 700ms. -> handleForcedSvcLEDTasK
12-12 12:47:36.957   751   976 D LightsService: [SvcLED]  setSvcLedLightLocked :: Current SvcLED(id=3) maintains its priority right
12-12 12:47:36.977  1067  1067 D SizeAdaptiveLayout: com.android.internal.widget.SizeAdaptiveLayout{44f808b8 V.E..... ......I. 0,0-0,0 #7f080087 app:id/adaptive}child view android.widget.LinearLayout{435106b8 G.E..... ......ID 0,0-0,0} measured out of bounds at 168px clamped to 192px
12-12 12:47:36.977  1067  1081 D KeyguardUpdateMonitor: sendKeyguardVisibilityChanged(true)
12-12 12:47:36.977  1067  1067 D SizeAdaptiveLayout: com.android.internal.widget.SizeAdaptiveLayout{44f808b8 V.E..... ......I. 0,0-0,0 #7f080087 app:id/adaptive}child view android.widget.LinearLayout{435106b8 G.E..... ......ID 0,0-0,0} measured out of bounds at 168px clamped to 192px
12-12 12:47:36.977   751   777 I SpenGestureManager: setFocusWindow181000
12-12 12:47:36.987   751   948 D EnterpriseDeviceManager: ContainerId: 0
12-12 12:47:36.987  1067  1702 D KeyguardUpdateMonitor: sendKeyguardVisibilityChanged(true)
12-12 12:47:36.987  1067  1082 D KeyguardUpdateMonitor: sendKeyguardVisibilityChanged(true)
12-12 12:47:36.987   751   939 D PointerIcon: setMouseIconStyle1 pointerType: 1001iconType:101 flag:0
12-12 12:47:36.987   751   939 D PointerIcon: setMouseCustomIcon IconType is same.101
12-12 12:47:36.987   751   939 D PointerIcon: setHoveringSpenIconStyle1 pointerType: 10001iconType:1 flag:0
12-12 12:47:36.987   751   939 D PointerIcon: setHoveringSpenCustomIcon IconType is same.1
12-12 12:47:36.987   751   948 D STATUSBAR-StatusBarManagerService: manageDisableList what=0x0 pkg=WindowManager.LayoutParams
12-12 12:47:36.997   751   987 I InputDispatcher: Delivering touch to: action: 0x0, toolType: 0
12-12 12:47:36.997  1067  1703 D LockPatternUtils: isPcwEnable = null
12-12 12:47:36.997   751   987 I InputDispatcher: Delivering touch to: action: 0x1, toolType: 0
12-12 12:47:36.997  1067  1067 D SizeAdaptiveLayout: com.android.internal.widget.SizeAdaptiveLayout{44f808b8 V.E..... ......I. 0,0-0,0 #7f080087 app:id/adaptive}child view android.widget.LinearLayout{435106b8 G.E..... ......ID 0,0-0,0} measured out of bounds at 168px clamped to 192px
12-12 12:47:37.007  1067  1067 D SizeAdaptiveLayout: com.android.internal.widget.SizeAdaptiveLayout{44f808b8 V.E..... ......I. 0,0-0,0 #7f080087 app:id/adaptive}child view android.widget.LinearLayout{435106b8 G.E..... ......ID 0,0-0,0} measured out of bounds at 168px clamped to 192px
12-12 12:47:37.017  1067  1067 V PanelView: animationTick called with dtms=0; nothing to do (h=0.38400006 v=-6000.0)
12-12 12:47:37.017  1067  1067 V PanelView: animationTick called with dtms=0; nothing to do (h=0.38400006 v=-6000.0)
12-12 12:47:37.017  1067  1067 V PanelView: animationTick called with dtms=-15; nothing to do (h=0.38400006 v=-6000.0)
12-12 12:47:37.027  1067  1067 D KeyguardUpdateMonitor: handleKeyguardVisibilityChanged(1)
12-12 12:47:37.027  1067  1067 D KeyguardUpdateMonitor: handleKeyguardVisibilityChanged(1)
12-12 12:47:37.027  1067  1067 D KeyguardUpdateMonitor: handleKeyguardVisibilityChanged(1)
12-12 12:47:37.027  1067  5218 D LockPatternUtils: isPcwEnable = null
12-12 12:47:37.027   751  1046 E SmartFaceService - 3rd party pause: onReceive, ACTION_STATUS_BAR_COLLAPSED: false
12-12 12:47:37.027   751  2586 D SSRMv2:TSP:AirViewOnOff: DeviceInfo:: 00010000000
12-12 12:47:37.027   751  2586 D SSRMv2:TSP:AirViewOnOff: SettingsAirViewInfo:: 000000000
12-12 12:47:37.037  1067  1131 D KeyguardUpdateMonitor: sendKeyguardVisibilityChanged(true)
12-12 12:47:37.047  1067  1067 D KeyguardUpdateMonitor: handleKeyguardVisibilityChanged(1)
12-12 12:47:37.047   751   987 I InputDispatcher: Delivering touch to: action: 0x0, toolType: 0
12-12 12:47:37.047   751   987 I InputDispatcher: Delivering touch to: action: 0x1, toolType: 0
12-12 12:47:37.047   751   969 I ServiceKeeper: In getappinfo pid = 751 pkgName = android appinfo = null
12-12 12:47:37.057   751   969 I ServiceKeeper: In getseinfo pid = 751 uid = 1000 seinfo= system
12-12 12:47:37.067 13607 13607 D NotiRemoteService: action com.peel.widget.notification.HIDE_UI
12-12 12:47:37.077  1067  1067 D STATUSBAR-PhoneStatusBar: makeExpandedInvisible
12-12 12:47:37.077  1067  1067 D STATUSBAR-PhoneStatusBar: Mini Controller text scroll : OFF
12-12 12:47:37.077  1067  1067 D STATUSBAR-QuickSettingPanel: setSingleLine:true
12-12 12:47:37.077  1067  1067 D STATUSBAR-QuickSettingPanel: updateButtonInfo mButtonWidth : 216 mColumnNumber:5 orien: 1
12-12 12:47:37.087   751  1704 V Vibrator: Called cancel() API - PUID: 1000, PackageName: android
12-12 12:47:37.087   751  1704 W Vibrator: Vibrator.cancel()
12-12 12:47:37.087   751  7404 I SpenGestureManager: setFocusWindow21010
12-12 12:47:37.087  1067  1082 D KeyguardUpdateMonitor: sendKeyguardVisibilityChanged(true)
12-12 12:47:37.087   751   948 D EnterpriseDeviceManager: ContainerId: 0
12-12 12:47:37.087   751  1704 D VibratorService: ImmVibe vibratorOff()
12-12 12:47:37.087   751  1704 D LightsService: [api] [SvcLED] turnOff:: id = 4 (uid: 10023 pid: 1067) 
12-12 12:47:37.087   751  1704 D LightsService: [SvcLED] setSvcLedStateLocked:: SvcLEDState : 0x0 -> 0x0 | SvcLED(id=4) set Off
12-12 12:47:37.087   751   976 D LightsService: [SvcLED] Lux failed to be updated in 700ms. -> handleForcedSvcLEDTasK
12-12 12:47:37.087   751   976 D LightsService: [SvcLED]  setSvcLedLightLocked :: Current SvcLED(id=3) maintains its priority right
12-12 12:47:37.087   751   948 D STATUSBAR-StatusBarManagerService: manageDisableList what=0x0 pkg=WindowManager.LayoutParams
12-12 12:47:37.107   751   987 I InputDispatcher: Delivering touch to: action: 0x4, toolType: 0
12-12 12:47:37.107   751   987 I InputDispatcher: Delivering touch to: action: 0x4, toolType: 0
12-12 12:47:37.107  1067  1702 D KeyguardUpdateMonitor: sendKeyguardVisibilityChanged(true)
12-12 12:47:37.107   751   987 I InputDispatcher: Delivering touch to: action: 0x0, toolType: 0
12-12 12:47:37.107   751   987 I InputDispatcher: Delivering touch to: action: 0x1, toolType: 0
12-12 12:47:37.107  1067  1131 D KeyguardUpdateMonitor: sendKeyguardVisibilityChanged(true)
12-12 12:47:37.107   751   939 D PointerIcon: setMouseIconStyle1 pointerType: 1001iconType:101 flag:0
12-12 12:47:37.107   751   939 D PointerIcon: setMouseCustomIcon IconType is same.101
12-12 12:47:37.107   751   939 D PointerIcon: setHoveringSpenIconStyle1 pointerType: 10001iconType:1 flag:0
12-12 12:47:37.107   751   939 D PointerIcon: setHoveringSpenCustomIcon IconType is same.1
12-12 12:47:37.117   751   956 W InputMethodManagerService: Window already focused, ignoring focus gain of: com.android.internal.view.IInputMethodClient$Stub$Proxy@43b59508 attribute=null, token = android.os.BinderProxy@43f01588
12-12 12:47:37.127  1067  1702 D LockPatternUtils: isPcwEnable = null
12-12 12:47:37.127 11973 12766 V Vibrator: vibrateImmVibe - PUID: 1000, PackageName: com.sec.android.inputmethod, pattern, magType: TouchMagnitude
12-12 12:47:37.127 11973 11973 E SamsungIME: SwiftkeyWrapper-inputKey
12-12 12:47:37.127  1067  1067 D KeyguardUpdateMonitor: handleKeyguardVisibilityChanged(1)
12-12 12:47:37.127  1067  1067 D KeyguardUpdateMonitor: handleKeyguardVisibilityChanged(1)
12-12 12:47:37.127  1067  1067 D KeyguardUpdateMonitor: handleKeyguardVisibilityChanged(1)
12-12 12:47:37.127   751  1451 V VibratorService: vibrateImmVibePatternMagnitudeType - magnitudeType: TouchMagnitude
12-12 12:47:37.127   751  1451 D VibratorService: ImmVibe vibratorOff()
12-12 12:47:37.127   751  1451 V VibratorService: vibrateImmVibePattern - package: com.sec.android.inputmethod, magnitude: 6000
12-12 12:47:37.137  1067  1702 D LockPatternUtils: isPcwEnable = null
12-12 12:47:37.157   751   987 I InputDispatcher: Delivering touch to: action: 0x4, toolType: 0
12-12 12:47:37.157   751   987 I InputDispatcher: Delivering touch to: action: 0x4, toolType: 0
12-12 12:47:37.157   751   987 I InputDispatcher: Delivering touch to: action: 0x0, toolType: 0
12-12 12:47:37.157   751   987 I InputDispatcher: Delivering touch to: action: 0x1, toolType: 0
12-12 12:47:37.177 11973 11973 D SamsungIME: onStartInputView
12-12 12:47:37.187 11973 11973 I SamsungIME: Update SetupWizard State usc : 1 pss : false
12-12 12:47:37.187 11973 11973 W ContextImpl: Calling a method in the system process without a qualified user: android.app.ContextImpl.sendBroadcast:1491 android.content.ContextWrapper.sendBroadcast:377 com.diotek.ime.framework.common.InputManagerImpl.sendInputLanguage:9297 com.diotek.ime.framework.common.InputManagerImpl.initDefaultLanguage:4874 com.diotek.ime.framework.common.InputManagerImpl.initSelectedLanguage:5116 
12-12 12:47:37.197 11973 11973 D skia    : GFXPNG PNG bitmap created width:31 height:27 bitmap id is 319 
12-12 12:47:37.197 11973 11973 I SamsungIME: getDebugLevel  : 0x4f4c
12-12 12:47:37.197 11973 11973 D skia    : GFXPNG PNG bitmap created width:60 height:75 bitmap id is 320 
12-12 12:47:37.197 11973 11973 D skia    : GFXPNG PNG bitmap created width:60 height:75 bitmap id is 321 
12-12 12:47:37.197 11973 11973 D skia    : GFXPNG PNG bitmap created width:92 height:92 bitmap id is 322 
12-12 12:47:37.197 11973 11973 I SamsungIME: getDebugLevel  : 0x4f4c
12-12 12:47:37.207 11973 11973 I SamsungIME: KeybaordView init() : load resources
12-12 12:47:37.207   751   987 I InputDispatcher: Delivering touch to: action: 0x4, toolType: 0
12-12 12:47:37.207   751   987 I InputDispatcher: Delivering touch to: action: 0x4, toolType: 0
12-12 12:47:37.207   751   987 I InputDispatcher: Delivering touch to: action: 0x0, toolType: 0
12-12 12:47:37.217   751   987 I InputDispatcher: Delivering touch to: action: 0x1, toolType: 0
12-12 12:47:37.217 11973 11973 I SamsungIME: getCurrentKeyboard
12-12 12:47:37.217 11973 11973 I SamsungIME: getTextKeyboard
12-12 12:47:37.227 11973 11973 D skia    : GFXPNG PNG bitmap created width:128 height:112 bitmap id is 323 
12-12 12:47:37.227 11973 11973 D SamsungIME: [SwiftkeyWrapper] currentLangauge : 1701729619
12-12 12:47:37.227 11973 11973 D SamsungIME: [AbstractKeyboardView] onDetachedFromWindow.
12-12 12:47:37.237 11973 11973 D SamsungIME: Magnification Enabled = false
12-12 12:47:37.237 11973 11973 I SamsungIME: getCurrentCandidateView
12-12 12:47:37.237   261   261 I SurfaceFlinger: id=31 createSurf (156x987),1 flag=4, UwToolBoxFl
12-12 12:47:37.237  1067  1703 D KeyguardUpdateMonitor: sendKeyguardVisibilityChanged(true)
12-12 12:47:37.237  1067  1067 D KeyguardUpdateMonitor: handleKeyguardVisibilityChanged(1)
12-12 12:47:37.267  1067  1131 D KeyguardUpdateMonitor: sendKeyguardVisibilityChanged(true)
12-12 12:47:37.267  1067  1067 D KeyguardUpdateMonitor: handleKeyguardVisibilityChanged(1)
12-12 12:47:37.267   751   987 I InputDispatcher: Delivering touch to: action: 0x4, toolType: 0
12-12 12:47:37.267   751   987 I InputDispatcher: Delivering touch to: action: 0x4, toolType: 0
12-12 12:47:37.267   751   987 I InputDispatcher: Delivering touch to: action: 0x0, toolType: 0
12-12 12:47:37.267   751   987 I InputDispatcher: Delivering touch to: action: 0x1, toolType: 0
12-12 12:47:37.267  1067  1702 D KeyguardUpdateMonitor: sendKeyguardVisibilityChanged(true)
12-12 12:47:37.267  1067  1067 D KeyguardUpdateMonitor: handleKeyguardVisibilityChanged(1)
12-12 12:47:37.277  1067  1703 D KeyguardUpdateMonitor: sendKeyguardVisibilityChanged(true)
12-12 12:47:37.277  1067  1067 D KeyguardUpdateMonitor: handleKeyguardVisibilityChanged(1)
12-12 12:47:37.277 11973 11973 D skia    : GFXPNG PNG bitmap created width:96 height:93 bitmap id is 324 
12-12 12:47:37.277 11973 11973 I SamsungIME: getDebugLevel  : 0x4f4c
12-12 12:47:37.287 11973 11973 I SamsungIME: getDebugLevel  : 0x4f4c
12-12 12:47:37.297 11973 11973 I SamsungIME: KeybaordView init() : load resources
12-12 12:47:37.307 11973 11973 I SamsungIME: getCurrentKeyboard
12-12 12:47:37.317 11973 11973 I SamsungIME: getTextKeyboard
12-12 12:47:37.317 11973 11973 D SamsungIME: [SwiftkeyWrapper] currentLangauge : 1701729619
12-12 12:47:37.317 11973 11973 D SamsungIME: [AbstractKeyboardView] onDetachedFromWindow.
12-12 12:47:37.317   751   987 I InputDispatcher: Delivering touch to: action: 0x4, toolType: 0
12-12 12:47:37.317 11973 11973 D SamsungIME: Magnification Enabled = false
12-12 12:47:37.317   751   987 I InputDispatcher: Delivering touch to: action: 0x4, toolType: 0
12-12 12:47:37.317   751   987 I InputDispatcher: Delivering touch to: action: 0x0, toolType: 0
12-12 12:47:37.317   751   987 I InputDispatcher: Delivering touch to: action: 0x1, toolType: 0
12-12 12:47:37.317 11973 11973 W ContextImpl: Calling a method in the system process without a qualified user: android.app.ContextImpl.sendBroadcast:1491 android.content.ContextWrapper.sendBroadcast:377 com.diotek.ime.framework.common.InputManagerImpl.sendInputLanguage:9297 com.diotek.ime.framework.common.InputManagerImpl.setLanguage:5447 com.diotek.ime.framework.common.InputManagerImpl.startInputViewContinue:3336 
12-12 12:47:37.327 11973 11973 I SamsungIME: getCurrentKeyboard
12-12 12:47:37.327 11973 11973 I SamsungIME: getTextKeyboard
12-12 12:47:37.327 15500 15513 I dalvikvm: Total arena pages for JIT: 11
12-12 12:47:37.327 15500 15513 I dalvikvm: Total arena pages for JIT: 12
12-12 12:47:37.327 15500 15513 I dalvikvm: Total arena pages for JIT: 13
12-12 12:47:37.327 15500 15513 I dalvikvm: Total arena pages for JIT: 14
12-12 12:47:37.327 11973 11973 D SamsungIME: [SwiftkeyWrapper] currentLangauge : 1701729619
12-12 12:47:37.327 11973 11973 D SamsungIME: startInputViewContinue : true true
12-12 12:47:37.327 11973 11973 D SamsungIME: conditions for show dialog : true true false false
12-12 12:47:37.327 11973 11973 D SamsungIME: showDlgMsgBox : true true true
12-12 12:47:37.327 11973 11973 D SamsungIME: showDlgMsgBox inner condition : true true
12-12 12:47:37.327 11973 11973 I SamsungIME: [IMI] startInputView - caller pid : 15500, caller uid : 10813
12-12 12:47:37.327 11973 11973 W ContextImpl: Calling a method in the system process without a qualified user: android.app.ContextImpl.sendBroadcast:1491 android.content.ContextWrapper.sendBroadcast:377 android.inputmethodservice.InputMethodService.sendInputViewShownState:542 android.inputmethodservice.InputMethodService.showWindow:2225 android.inputmethodservice.InputMethodService$InputMethodImpl.showSoftInput:719 
12-12 12:47:37.337  1744  1744 I MultiUserPreferences: commit
12-12 12:47:37.337  1067  1081 D LockPatternUtils: isPcwEnable = null
12-12 12:47:37.337   751  2586 D SSRMv2:TSP:AirViewOnOff: DeviceInfo:: 00010000000
12-12 12:47:37.337   751  2586 D SSRMv2:TSP:AirViewOnOff: SettingsAirViewInfo:: 000000000
12-12 12:47:37.337 11973 11973 W ContextImpl: Calling a method in the system process without a qualified user: android.app.ContextImpl.sendBroadcast:1491 android.content.ContextWrapper.sendBroadcast:377 android.inputmethodservice.InputMethodService.sendInputViewShownState:542 android.inputmethodservice.InputMethodService.showWindow:2225 android.inputmethodservice.InputMethodService$InputMethodImpl.showSoftInput:719 
12-12 12:47:37.337   751   751 W ContextImpl: Calling a method in the system process without a qualified user: android.app.ContextImpl.sendBroadcast:1505 com.android.server.StatusBarManagerService.sendNotification:985 com.android.server.StatusBarManagerService.updateNotification:694 com.android.server.NotificationManagerService$7.run:2134 android.os.Handler.handleCallback:733 
12-12 12:47:37.347  1744  1744 I MultiUserPreferences: commit
12-12 12:47:37.347   751   751 D NotificationService: Sending broadcast with sbn as extra = StatusBarNotification(pkg=android user=UserHandle{-1} id=17041265 tag=null score=0: Notification(pri=0 icon=108053a contentView=android/0x109007f vibrate=null sound=null defaults=0x0 flags=0x1002 when=0 ledARGB=0x0 contentIntent=Y deleteIntent=N contentTitle=19 contentText=16 tickerText=N kind=[android.system.imeswitcher]))
12-12 12:47:37.347  1067  1081 D LockPatternUtils: isPcwEnable = null
12-12 12:47:37.347   751   751 D STATUSBAR-StatusBarManagerService: sendNotification(2) - 17041265
12-12 12:47:37.347   751   751 W ContextImpl: Calling a method in the system process without a qualified user: android.app.ContextImpl.sendBroadcast:1505 com.android.server.NotificationManagerService$7.run:2172 android.os.Handler.handleCallback:733 android.os.Handler.dispatchMessage:95 android.os.Looper.loop:136 
12-12 12:47:37.357   751   751 D RCPManagerService: NotificationReceiver onReceive()
12-12 12:47:37.357   751   751 D RCPManagerService:  NotificationReceiver sbn.getPackageName() android sbn.getUser().getIdentifier() -1
12-12 12:47:37.357   751   751 I ServiceKeeper: In getappinfo pid = 751 pkgName = android appinfo = null
12-12 12:47:37.357   751   751 I ServiceKeeper: In getseinfo pid = 751 uid = 1000 seinfo= system
12-12 12:47:37.357   751   751 D RCPManagerService: getPolicy: Policy checking block entered for Notifications; for user/persona = -1 ; Policy = knox-sanitize-data ; token = 4294967296751
12-12 12:47:37.357   751   751 I ServiceKeeper: In getappinfo pid = 751 pkgName = android appinfo = null
12-12 12:47:37.357   751   751 I ServiceKeeper: In getseinfo pid = 751 uid = 1000 seinfo= system
12-12 12:47:37.357   751   751 D RCPManagerService: getPolicy: policy value returned = false
12-12 12:47:37.357   751   751 D RCPManagerService: going to get the app label for pkg == android
12-12 12:47:37.357   751   751 D RCPManagerService: app label == android
12-12 12:47:37.357   751   751 I ServiceKeeper: In getappinfo pid = 751 pkgName = android appinfo = null
12-12 12:47:37.357   751   751 I ServiceKeeper: In getseinfo pid = 751 uid = 1000 seinfo= system
12-12 12:47:37.357   751   751 D RCPManagerService: getPolicy: Policy checking block entered for Notifications; for user/persona = -1 ; Policy = knox-export-data ; token = 4294967296751
12-12 12:47:37.357  1067  1131 D KeyguardUpdateMonitor: sendKeyguardVisibilityChanged(true)
12-12 12:47:37.357  1067  1067 D KeyguardUpdateMonitor: handleKeyguardVisibilityChanged(1)
12-12 12:47:37.357 15500 15530 I FA      : Tag Manager is not found and thus will not be used
12-12 12:47:37.357   751   751 I ServiceKeeper: In getappinfo pid = 751 pkgName = android appinfo = null
12-12 12:47:37.357   751   751 I ServiceKeeper: In getseinfo pid = 751 uid = 1000 seinfo= system
12-12 12:47:37.357   751  2586 D SSRMv2:TSP:AirViewOnOff: DeviceInfo:: 00010000000
12-12 12:47:37.357   751  2586 D SSRMv2:TSP:AirViewOnOff: SettingsAirViewInfo:: 000000000
12-12 12:47:37.357   751   751 D UserManagerService: User -1does not exists!!
12-12 12:47:37.367   751   751 D RCPManagerService: getPolicy: policy value returned = true
12-12 12:47:37.367   751   751 D RCPManagerService: Calling User is -1
12-12 12:47:37.367   751   751 D RCPManagerService: userid of SBN ==-1
12-12 12:47:37.367   751   751 D NotificationService: Sending broadcast with sbn as extra = StatusBarNotification(pkg=android user=UserHandle{-1} id=17041265 tag=null score=0: Notification(pri=0 icon=108053a contentView=android/0x109007f vibrate=null sound=null defaults=0x0 flags=0x1002 when=0 ledARGB=0x0 contentIntent=Y deleteIntent=N contentTitle=19 contentText=16 tickerText=N kind=[android.system.imeswitcher]))
12-12 12:47:37.367   751   956 D EnterpriseDeviceManager: ContainerId: 0
12-12 12:47:37.367   751   751 E PersonaManagerService: Unable to read user list
12-12 12:47:37.367   751   751 E PersonaManagerService: returning null in  getPersonasForUser
12-12 12:47:37.367   751   751 W ContextImpl: Calling a method in the system process without a qualified user: android.app.ContextImpl.sendBroadcast:1505 com.android.server.StatusBarManagerService.sendNotification:985 com.android.server.StatusBarManagerService.updateNotification:694 com.android.server.NotificationManagerService$7.run:2134 android.os.Handler.handleCallback:733 
12-12 12:47:37.367   751   751 D STATUSBAR-StatusBarManagerService: sendNotification(2) - 17041265
12-12 12:47:37.377   751   751 D RCPManagerService: NotificationReceiver onReceive()
12-12 12:47:37.377   751   751 D RCPManagerService:  NotificationReceiver sbn.getPackageName() android sbn.getUser().getIdentifier() -1
12-12 12:47:37.377   751   751 I ServiceKeeper: In getappinfo pid = 751 pkgName = android appinfo = null
12-12 12:47:37.377   751   751 I ServiceKeeper: In getseinfo pid = 751 uid = 1000 seinfo= system
12-12 12:47:37.377   751   751 D RCPManagerService: getPolicy: Policy checking block entered for Notifications; for user/persona = -1 ; Policy = knox-sanitize-data ; token = 4294967296751
12-12 12:47:37.377   751   751 I ServiceKeeper: In getappinfo pid = 751 pkgName = android appinfo = null
12-12 12:47:37.377   751   751 I ServiceKeeper: In getseinfo pid = 751 uid = 1000 seinfo= system
12-12 12:47:37.377   751   751 D RCPManagerService: getPolicy: policy value returned = false
12-12 12:47:37.377   751   751 D RCPManagerService: going to get the app label for pkg == android
12-12 12:47:37.377   751   751 D RCPManagerService: app label == android
12-12 12:47:37.377   751   751 I ServiceKeeper: In getappinfo pid = 751 pkgName = android appinfo = null
12-12 12:47:37.377   751   751 I ServiceKeeper: In getseinfo pid = 751 uid = 1000 seinfo= system
12-12 12:47:37.377   751   751 D RCPManagerService: getPolicy: Policy checking block entered for Notifications; for user/persona = -1 ; Policy = knox-export-data ; token = 4294967296751
12-12 12:47:37.377   751   751 I ServiceKeeper: In getappinfo pid = 751 pkgName = android appinfo = null
12-12 12:47:37.377   751   751 I ServiceKeeper: In getseinfo pid = 751 uid = 1000 seinfo= system
12-12 12:47:37.377   751   751 D RCPManagerService: getPolicy: policy value returned = true
12-12 12:47:37.377   751   751 D RCPManagerService: Calling User is -1
12-12 12:47:37.377   751   751 D RCPManagerService: userid of SBN ==-1
12-12 12:47:37.377   751   956 D CustomFrequencyManagerService: releaseDVFSLockLocked : Getting Lock type frm List : DVFS_MIN_LIMIT  frequency : 1958400  uid : 1000  pid : 751  tag : ACTIVITY_RESUME_BOOSTER@6
12-12 12:47:37.377   751   751 W ContextImpl: Calling a method in the system process without a qualified user: android.app.ContextImpl.sendBroadcast:1505 com.android.server.NotificationManagerService$7.run:2172 android.os.Handler.handleCallback:733 android.os.Handler.dispatchMessage:95 android.os.Looper.loop:136 
12-12 12:47:37.377   751   956 D CustomFrequencyManagerService: acquireDVFSLockLocked : type : DVFS_MIN_LIMIT  frequency : 1958400  uid : 1000  pid : 751  pkgName : ACTIVITY_RESUME_BOOSTER@6
12-12 12:47:37.377   751   956 W ActivityManager: mDVFSHelper.acquire()
12-12 12:47:37.377   751   751 D UserManagerService: User -1does not exists!!
12-12 12:47:37.377   751   751 E PersonaManagerService: Unable to read user list
12-12 12:47:37.377   751   751 E PersonaManagerService: returning null in  getPersonasForUser
12-12 12:47:37.397 11973 11973 D dalvikvm: GC_FOR_ALLOC freed 4416K, 24% free 20748K/27144K, paused 31ms, total 32ms
12-12 12:47:37.407 11973 11973 I SamsungIME: drawAllKey
12-12 12:47:37.407 11973 11973 D skia    : GFXPNG PNG bitmap created width:60 height:75 bitmap id is 325 
12-12 12:47:37.417 11973 11973 D skia    : GFXPNG PNG bitmap created width:128 height:112 bitmap id is 326 
12-12 12:47:37.417 11973 11973 D skia    : GFXPNG PNG bitmap created width:128 height:112 bitmap id is 327 
12-12 12:47:37.427   331 15558 I framebuffer: /data/system/enterprise.conf doesn't exist or cannot be opened
12-12 12:47:37.427   751   987 I InputDispatcher: Delivering touch to: action: 0x4, toolType: 0
12-12 12:47:37.427   751   987 I InputDispatcher: Delivering touch to: action: 0x4, toolType: 0
12-12 12:47:37.427   751   987 I InputDispatcher: Delivering touch to: action: 0x0, toolType: 0
12-12 12:47:37.427   751   987 I InputDispatcher: Delivering touch to: action: 0x1, toolType: 0
12-12 12:47:37.437 11973 11973 D skia    : GFXPNG PNG bitmap created width:89 height:112 bitmap id is 328 
12-12 12:47:37.437 11973 11973 D skia    : GFXPNG PNG bitmap created width:89 height:112 bitmap id is 329 
12-12 12:47:37.457 11973 11973 D skia    : GFXPNG PNG bitmap created width:495 height:112 bitmap id is 330 
12-12 12:47:37.457 11973 11973 D skia    : GFXPNG PNG bitmap created width:495 height:112 bitmap id is 331 
12-12 12:47:37.467   751  1451 I EDMNativeHelperService: isScreenCaptureEnabled
12-12 12:47:37.487   751   987 I InputDispatcher: Delivering touch to: action: 0x4, toolType: 0
12-12 12:47:37.487   751   987 I InputDispatcher: Delivering touch to: action: 0x4, toolType: 0
12-12 12:47:37.487   751   987 I InputDispatcher: Delivering touch to: action: 0x0, toolType: 0
12-12 12:47:37.497   751   987 I InputDispatcher: Delivering touch to: action: 0x1, toolType: 0
12-12 12:47:37.517   751   969 I ServiceKeeper: In getappinfo pid = 751 pkgName = android appinfo = null
12-12 12:47:37.517   751   969 I ServiceKeeper: In getseinfo pid = 751 uid = 1000 seinfo= system
12-12 12:47:37.517   751   969 I ServiceKeeper: In getappinfo pid = 751 pkgName = android appinfo = null
12-12 12:47:37.517   751   969 I ServiceKeeper: In getseinfo pid = 751 uid = 1000 seinfo= system
12-12 12:47:37.527   751  1071 D lights  : button : 0 +
12-12 12:47:37.547  1744  1744 I MultiUserPreferences: commit
12-12 12:47:37.547   751   987 I InputDispatcher: Delivering touch to: action: 0x4, toolType: 0
12-12 12:47:37.547   751   987 I InputDispatcher: Delivering touch to: action: 0x4, toolType: 0
12-12 12:47:37.547   751   987 I InputDispatcher: Delivering touch to: action: 0x0, toolType: 0
12-12 12:47:37.547   751   987 I InputDispatcher: Delivering touch to: action: 0x1, toolType: 0
12-12 12:47:37.547   751   969 I ServiceKeeper: In getappinfo pid = 751 pkgName = android appinfo = null
12-12 12:47:37.547   751   969 I ServiceKeeper: In getseinfo pid = 751 uid = 1000 seinfo= system
12-12 12:47:37.557  1067  1703 D KeyguardUpdateMonitor: sendKeyguardVisibilityChanged(true)
12-12 12:47:37.557  1067  1067 D KeyguardUpdateMonitor: handleKeyguardVisibilityChanged(1)
12-12 12:47:37.557 11973 12766 V Vibrator: vibrateImmVibe - PUID: 1000, PackageName: com.sec.android.inputmethod, pattern, magType: TouchMagnitude
12-12 12:47:37.557   751   778 V VibratorService: vibrateImmVibePatternMagnitudeType - magnitudeType: TouchMagnitude
12-12 12:47:37.567   751  1071 D lights  : button : 0 -
