12-12 12:47:40.927   751   987 I InputDispatcher: Delivering touch to: action: 0x0, toolType: 0
12-12 12:47:40.937   751   987 I InputDispatcher: Delivering touch to: action: 0x1, toolType: 0
12-12 12:47:40.937 11973 11973 D skia    : GFXPNG PNG bitmap created width:96 height:93 bitmap id is 394 
12-12 12:47:40.947 11973 11973 D SamsungIME: [AbstractKeyboardView] onDetachedFromWindow.
12-12 12:47:40.947 11973 11973 D SamsungIME: Magnification Enabled = false
12-12 12:47:40.947 15500 15500 W IInputConnectionWrapper: getTextBeforeCursor on inactive InputConnection
12-12 12:47:40.947 15500 15500 W IInputConnectionWrapper: getCursorCapsMode on inactive InputConnection
12-12 12:47:40.947 11973 11973 I SamsungIME: getCurrentKeyboard
12-12 12:47:40.947 11973 11973 I SamsungIME: getTextKeyboard
12-12 12:47:40.947 11973 11973 W ContextImpl: Calling a method in the system process without a qualified user: android.app.ContextImpl.sendBroadcast:1491 android.content.ContextWrapper.sendBroadcast:377 com.diotek.ime.framework.common.InputManagerImpl.sendInputLanguage:9297 com.diotek.ime.framework.common.InputManagerImpl.setLanguage:5447 com.diotek.ime.framework.common.InputManagerImpl.startInputViewContinue:3336 
12-12 12:47:40.957 11973 11973 D SamsungIME: [AbstractSwiftkeyManager-getMostLikelyCharacter]
12-12 12:47:40.957 11973 11973 D SamsungIME: [SwiftkeyWrapper] currentLangauge : 1701729619
12-12 12:47:40.957 15500 15500 W IInputConnectionWrapper: getCursorCapsMode on inactive InputConnection
12-12 12:47:40.957 11973 11973 D SamsungIME: startInputViewContinue : true true
12-12 12:47:40.957 11973 11973 D SamsungIME: conditions for show dialog : true true false false
12-12 12:47:40.957 11973 11973 D SamsungIME: showDlgMsgBox : true true true
12-12 12:47:40.957 11973 11973 D SamsungIME: showDlgMsgBox inner condition : true true
12-12 12:47:40.957 11973 11973 I SamsungIME: [IMI] startInputView - caller pid : 15500, caller uid : 10813
12-12 12:47:40.957 11973 11973 D SamsungIME: [AbstractSwiftkeyManager-getMostLikelyCharacter]
12-12 12:47:40.987 11973 11973 D dalvikvm: GC_FOR_ALLOC freed 1148K, 21% free 24160K/30348K, paused 19ms, total 19ms
12-12 12:47:40.987   751   987 I InputDispatcher: Delivering touch to: action: 0x0, toolType: 0
12-12 12:47:40.987   751   987 I InputDispatcher: Delivering touch to: action: 0x1, toolType: 0
12-12 12:47:40.987  1067  1067 V PanelView: animationTick called with dtms=0; nothing to do (h=0.0 v=-0.0)
12-12 12:47:40.997 11973 11973 I SamsungIME: drawAllKey
12-12 12:47:40.997 11973 11973 D skia    : GFXPNG PNG bitmap created width:60 height:75 bitmap id is 395 
12-12 12:47:41.007  1067  1131 D KeyguardUpdateMonitor: sendKeyguardVisibilityChanged(true)
12-12 12:47:41.007  1067  1067 D KeyguardUpdateMonitor: handleKeyguardVisibilityChanged(1)
12-12 12:47:41.007   261  1175 I SurfaceFlinger: id=47 Removed QopupWindow (11/15)
12-12 12:47:41.007   261   488 I SurfaceFlinger: id=47 Removed QopupWindow (-2/15)
12-12 12:47:41.017  1067  1081 D KeyguardUpdateMonitor: sendKeyguardVisibilityChanged(true)
12-12 12:47:41.017  1067  1067 D KeyguardUpdateMonitor: handleKeyguardVisibilityChanged(1)
12-12 12:47:41.017 11973 11973 D skia    : GFXPNG PNG bitmap created width:128 height:112 bitmap id is 396 
12-12 12:47:41.017 11973 11973 D skia    : GFXPNG PNG bitmap created width:128 height:112 bitmap id is 397 
12-12 12:47:41.037 11973 11973 D skia    : GFXPNG PNG bitmap created width:89 height:112 bitmap id is 398 
12-12 12:47:41.037 11973 11973 D skia    : GFXPNG PNG bitmap created width:89 height:112 bitmap id is 399 
12-12 12:47:41.037   751   987 I InputDispatcher: Delivering touch to: action: 0x4, toolType: 0
12-12 12:47:41.037   751   987 I InputDispatcher: Delivering touch to: action: 0x4, toolType: 0
12-12 12:47:41.047   751   987 I InputDispatcher: Delivering touch to: action: 0x0, toolType: 0
12-12 12:47:41.047   751   987 I InputDispatcher: Delivering touch to: action: 0x1, toolType: 0
12-12 12:47:41.057 11973 11973 D skia    : GFXPNG PNG bitmap created width:495 height:112 bitmap id is 400 
12-12 12:47:41.057 11973 11973 D skia    : GFXPNG PNG bitmap created width:495 height:112 bitmap id is 401 
12-12 12:47:41.057 11973 12766 V Vibrator: vibrateImmVibe - PUID: 1000, PackageName: com.sec.android.inputmethod, pattern, magType: TouchMagnitude
12-12 12:47:41.057   751   777 V VibratorService: vibrateImmVibePatternMagnitudeType - magnitudeType: TouchMagnitude
12-12 12:47:41.057   751   777 D VibratorService: ImmVibe vibratorOff()
12-12 12:47:41.057   751   777 V VibratorService: vibrateImmVibePattern - package: com.sec.android.inputmethod, magnitude: 6000
12-12 12:47:41.067 15500 15500 W IInputConnectionWrapper: setComposingText on inactive InputConnection
12-12 12:47:41.067 11973 11973 E SamsungIME: AbstractCandidateLayout-setCandidates suggestions count : 9
12-12 12:47:41.067 11973 11973 D skia    : GFXPNG PNG bitmap created width:18 height:104 bitmap id is 402 
12-12 12:47:41.077 15500 15500 W IInputConnectionWrapper: getExtractedText on inactive InputConnection
12-12 12:47:41.077  1744  1744 I MultiUserPreferences: commit
12-12 12:47:41.077  1067  5218 D LockPatternUtils: isPcwEnable = null
12-12 12:47:41.077 11973 11973 W ContextImpl: Calling a method in the system process without a qualified user: android.app.ContextImpl.sendBroadcast:1491 android.content.ContextWrapper.sendBroadcast:377 android.inputmethodservice.InputMethodService.sendInputViewShownState:542 android.inputmethodservice.InputMethodService.showWindow:2225 android.inputmethodservice.InputMethodService$InputMethodImpl.showSoftInput:719 
12-12 12:47:41.077   751  2586 D SSRMv2:TSP:AirViewOnOff: DeviceInfo:: 00010000000
12-12 12:47:41.077   751  2586 D SSRMv2:TSP:AirViewOnOff: SettingsAirViewInfo:: 000000000
12-12 12:47:41.087   751   751 D NotificationService: Sending broadcast with sbn as extra = StatusBarNotification(pkg=android user=UserHandle{-1} id=17041265 tag=null score=0: Notification(pri=0 icon=108053a contentView=android/0x109007f vibrate=null sound=null defaults=0x0 flags=0x1002 when=0 ledARGB=0x0 contentIntent=Y deleteIntent=N contentTitle=19 contentText=16 tickerText=N kind=[android.system.imeswitcher]))
12-12 12:47:41.087   751   751 D RCPManagerService: NotificationReceiver onReceive()
12-12 12:47:41.087   751   751 D RCPManagerService:  NotificationReceiver sbn.getPackageName() android sbn.getUser().getIdentifier() -1
12-12 12:47:41.087   751   751 W ContextImpl: Calling a method in the system process without a qualified user: android.app.ContextImpl.sendBroadcast:1505 com.android.server.StatusBarManagerService.sendNotification:985 com.android.server.StatusBarManagerService.updateNotification:694 com.android.server.NotificationManagerService$7.run:2134 android.os.Handler.handleCallback:733 
12-12 12:47:41.087   751   751 D STATUSBAR-StatusBarManagerService: sendNotification(2) - 17041265
12-12 12:47:41.087   751   751 W ContextImpl: Calling a method in the system process without a qualified user: android.app.ContextImpl.sendBroadcast:1505 com.android.server.NotificationManagerService$7.run:2172 android.os.Handler.handleCallback:733 android.os.Handler.dispatchMessage:95 android.os.Looper.loop:136 
12-12 12:47:41.087 11973 11973 W ContextImpl: Calling a method in the system process without a qualified user: android.app.ContextImpl.sendBroadcast:1491 android.content.ContextWrapper.sendBroadcast:377 android.inputmethodservice.InputMethodService.sendInputViewShownState:542 android.inputmethodservice.InputMethodService.showWindow:2225 android.inputmethodservice.InputMethodService$InputMethodImpl.showSoftInput:719 
12-12 12:47:41.097   751   751 I ServiceKeeper: In getappinfo pid = 751 pkgName = android appinfo = null
12-12 12:47:41.097   751   751 I ServiceKeeper: In getseinfo pid = 751 uid = 1000 seinfo= system
12-12 12:47:41.097   751   751 D RCPManagerService: getPolicy: Policy checking block entered for Notifications; for user/persona = -1 ; Policy = knox-sanitize-data ; token = 4294967296751
12-12 12:47:41.097   751   751 I ServiceKeeper: In getappinfo pid = 751 pkgName = android appinfo = null
12-12 12:47:41.097   751   751 I ServiceKeeper: In getseinfo pid = 751 uid = 1000 seinfo= system
12-12 12:47:41.097   751   751 D RCPManagerService: getPolicy: policy value returned = false
12-12 12:47:41.097   751   751 D RCPManagerService: going to get the app label for pkg == android
12-12 12:47:41.097   751   751 D RCPManagerService: app label == android
12-12 12:47:41.097   751   751 I ServiceKeeper: In getappinfo pid = 751 pkgName = android appinfo = null
12-12 12:47:41.097   751   751 I ServiceKeeper: In getseinfo pid = 751 uid = 1000 seinfo= system
12-12 12:47:41.097  1744  1744 I MultiUserPreferences: commit
12-12 12:47:41.097   751   751 D RCPManagerService: getPolicy: Policy checking block entered for Notifications; for user/persona = -1 ; Policy = knox-export-data ; token = 4294967296751
12-12 12:47:41.097   751   751 I ServiceKeeper: In getappinfo pid = 751 pkgName = android appinfo = null
12-12 12:47:41.097   751   751 I ServiceKeeper: In getseinfo pid = 751 uid = 1000 seinfo= system
12-12 12:47:41.097   751   751 D RCPManagerService: getPolicy: policy value returned = true
12-12 12:47:41.097   751   987 I InputDispatcher: Delivering touch to: action: 0x4, toolType: 0
12-12 12:47:41.097   751   987 I InputDispatcher: Delivering touch to: action: 0x4, toolType: 0
12-12 12:47:41.097   751   987 I InputDispatcher: Delivering touch to: action: 0x0, toolType: 0
12-12 12:47:41.097   751   751 D RCPManagerService: Calling User is -1
12-12 12:47:41.097   751   751 D RCPManagerService: userid of SBN ==-1
12-12 12:47:41.097   751   987 I InputDispatcher: Delivering touch to: action: 0x1, toolType: 0
12-12 12:47:41.097  1067  5218 D LockPatternUtils: isPcwEnable = null
12-12 12:47:41.097   751   751 D UserManagerService: User -1does not exists!!
12-12 12:47:41.097   751   751 E PersonaManagerService: Unable to read user list
12-12 12:47:41.097   751   751 E PersonaManagerService: returning null in  getPersonasForUser
12-12 12:47:41.097   751  2586 D SSRMv2:TSP:AirViewOnOff: DeviceInfo:: 00010000000
12-12 12:47:41.097   751  2586 D SSRMv2:TSP:AirViewOnOff: SettingsAirViewInfo:: 000000000
12-12 12:47:41.107 11973 11973 D SamsungIME: onStartInputView
12-12 12:47:41.107   751   751 D NotificationService: Sending broadcast with sbn as extra = StatusBarNotification(pkg=android user=UserHandle{-1} id=17041265 tag=null score=0: Notification(pri=0 icon=108053a contentView=android/0x109007f vibrate=null sound=null defaults=0x0 flags=0x1002 when=0 ledARGB=0x0 contentIntent=Y deleteIntent=N contentTitle=19 contentText=16 tickerText=N kind=[android.system.imeswitcher]))
12-12 12:47:41.107   751   751 D RCPManagerService: NotificationReceiver onReceive()
12-12 12:47:41.107   751   751 D RCPManagerService:  NotificationReceiver sbn.getPackageName() android sbn.getUser().getIdentifier() -1
12-12 12:47:41.107   751   751 I ServiceKeeper: In getappinfo pid = 751 pkgName = android appinfo = null
12-12 12:47:41.107   751   751 I ServiceKeeper: In getseinfo pid = 751 uid = 1000 seinfo= system
12-12 12:47:41.107   751   751 D RCPManagerService: getPolicy: Policy checking block entered for Notifications; for user/persona = -1 ; Policy = knox-sanitize-data ; token = 4294967296751
12-12 12:47:41.107   751   751 I ServiceKeeper: In getappinfo pid = 751 pkgName = android appinfo = null
12-12 12:47:41.107   751   751 I ServiceKeeper: In getseinfo pid = 751 uid = 1000 seinfo= system
12-12 12:47:41.107   751   751 D RCPManagerService: getPolicy: policy value returned = false
12-12 12:47:41.107   751   751 D RCPManagerService: going to get the app label for pkg == android
12-12 12:47:41.107   751   751 D RCPManagerService: app label == android
12-12 12:47:41.107   751   751 I ServiceKeeper: In getappinfo pid = 751 pkgName = android appinfo = null
12-12 12:47:41.107   751   751 I ServiceKeeper: In getseinfo pid = 751 uid = 1000 seinfo= system
12-12 12:47:41.107   751   751 D RCPManagerService: getPolicy: Policy checking block entered for Notifications; for user/persona = -1 ; Policy = knox-export-data ; token = 4294967296751
12-12 12:47:41.107   751   751 I ServiceKeeper: In getappinfo pid = 751 pkgName = android appinfo = null
12-12 12:47:41.107   751   751 I ServiceKeeper: In getseinfo pid = 751 uid = 1000 seinfo= system
12-12 12:47:41.107   751   751 D RCPManagerService: getPolicy: policy value returned = true
12-12 12:47:41.107   751   751 D RCPManagerService: Calling User is -1
12-12 12:47:41.107   751   751 D RCPManagerService: userid of SBN ==-1
12-12 12:47:41.107   751   751 W ContextImpl: Calling a method in the system process without a qualified user: android.app.ContextImpl.sendBroadcast:1505 com.android.server.StatusBarManagerService.sendNotification:985 com.android.server.StatusBarManagerService.updateNotification:694 com.android.server.NotificationManagerService$7.run:2134 android.os.Handler.handleCallback:733 
12-12 12:47:41.107   751   751 D STATUSBAR-StatusBarManagerService: sendNotification(2) - 17041265
12-12 12:47:41.107   751   751 W ContextImpl: Calling a method in the system process without a qualified user: android.app.ContextImpl.sendBroadcast:1505 com.android.server.NotificationManagerService$7.run:2172 android.os.Handler.handleCallback:733 android.os.Handler.dispatchMessage:95 android.os.Looper.loop:136 
12-12 12:47:41.107   751   751 D UserManagerService: User -1does not exists!!
12-12 12:47:41.107   751   751 E PersonaManagerService: Unable to read user list
12-12 12:47:41.107   751   751 E PersonaManagerService: returning null in  getPersonasForUser
12-12 12:47:41.117 11973 11973 I SamsungIME: Update SetupWizard State usc : 1 pss : false
12-12 12:47:41.117 11973 11973 D skia    : GFXPNG PNG bitmap created width:31 height:27 bitmap id is 403 
12-12 12:47:41.117 11973 11973 I SamsungIME: getDebugLevel  : 0x4f4c
12-12 12:47:41.117 11973 11973 D skia    : GFXPNG PNG bitmap created width:60 height:75 bitmap id is 404 
12-12 12:47:41.117 11973 11973 D skia    : GFXPNG PNG bitmap created width:60 height:75 bitmap id is 405 
12-12 12:47:41.117 11973 11973 W ContextImpl: Calling a method in the system process without a qualified user: android.app.ContextImpl.sendBroadcast:1491 android.content.ContextWrapper.sendBroadcast:377 com.diotek.ime.framework.common.InputManagerImpl.sendInputLanguage:9297 com.diotek.ime.framework.common.InputManagerImpl.initDefaultLanguage:4874 com.diotek.ime.framework.common.InputManagerImpl.initSelectedLanguage:5116 
12-12 12:47:41.127 11973 11973 D skia    : GFXPNG PNG bitmap created width:92 height:92 bitmap id is 406 
12-12 12:47:41.127 11973 11973 I SamsungIME: getDebugLevel  : 0x4f4c
12-12 12:47:41.127 11973 11973 I SamsungIME: KeybaordView init() : load resources
12-12 12:47:41.137 11973 11973 I SamsungIME: getCurrentKeyboard
12-12 12:47:41.137 11973 11973 I SamsungIME: getTextKeyboard
12-12 12:47:41.137 11973 11973 D skia    : GFXPNG PNG bitmap created width:128 height:112 bitmap id is 407 
12-12 12:47:41.147 11973 11973 D SamsungIME: [SwiftkeyWrapper] currentLangauge : 1701729619
12-12 12:47:41.147 11973 11973 D SamsungIME: [AbstractKeyboardView] onDetachedFromWindow.
12-12 12:47:41.147 11973 11973 D SamsungIME: Magnification Enabled = false
12-12 12:47:41.147 11973 11973 I SamsungIME: getCurrentCandidateView
12-12 12:47:41.147   751   987 I InputDispatcher: Delivering touch to: action: 0x4, toolType: 0
12-12 12:47:41.147   751   987 I InputDispatcher: Delivering touch to: action: 0x4, toolType: 0
12-12 12:47:41.147   751   987 I InputDispatcher: Delivering touch to: action: 0x0, toolType: 0
12-12 12:47:41.147   751   969 I ServiceKeeper: In getappinfo pid = 751 pkgName = android appinfo = null
12-12 12:47:41.147   751   987 I InputDispatcher: Delivering touch to: action: 0x1, toolType: 0
12-12 12:47:41.157   751   969 I ServiceKeeper: In getseinfo pid = 751 uid = 1000 seinfo= system
12-12 12:47:41.167 11973 11973 I SamsungIME: getDebugLevel  : 0x4f4c
12-12 12:47:41.177 11973 11973 I SamsungIME: getDebugLevel  : 0x4f4c
12-12 12:47:41.177 11973 11973 I SamsungIME: KeybaordView init() : load resources
12-12 12:47:41.187 11973 11973 I SamsungIME: getCurrentKeyboard
12-12 12:47:41.187 11973 11973 I SamsungIME: getTextKeyboard
12-12 12:47:41.187 11973 11973 D SamsungIME: [SwiftkeyWrapper] currentLangauge : 1701729619
12-12 12:47:41.187 11973 11973 D SamsungIME: [AbstractKeyboardView] onDetachedFromWindow.
12-12 12:47:41.187 11973 11973 D SamsungIME: Magnification Enabled = false
12-12 12:47:41.207   751   777 D EnterpriseDeviceManager: ContainerId: 0
12-12 12:47:41.207 15500 15500 W IInputConnectionWrapper: getTextBeforeCursor on inactive InputConnection
12-12 12:47:41.207   751   777 D CustomFrequencyManagerService: acquireDVFSLockLocked : type : DVFS_MIN_LIMIT  frequency : 1958400  uid : 1000  pid : 751  pkgName : ACTIVITY_RESUME_BOOSTER@6
12-12 12:47:41.207   751   777 W ActivityManager: mDVFSHelper.acquire()
12-12 12:47:41.207 11973 11973 W ContextImpl: Calling a method in the system process without a qualified user: android.app.ContextImpl.sendBroadcast:1491 android.content.ContextWrapper.sendBroadcast:377 com.diotek.ime.framework.common.InputManagerImpl.sendInputLanguage:9297 com.diotek.ime.framework.common.InputManagerImpl.setLanguage:5447 com.diotek.ime.framework.common.InputManagerImpl.startInputViewContinue:3336 
12-12 12:47:41.217   751  1443 I SpenGestureManager: setFocusWindow0
12-12 12:47:41.217   751   939 D PointerIcon: setMouseIconStyle1 pointerType: 1001iconType:101 flag:0
12-12 12:47:41.217   751   939 D PointerIcon: setMouseCustomIcon IconType is same.101
12-12 12:47:41.217   751   939 D PointerIcon: setHoveringSpenIconStyle1 pointerType: 10001iconType:1 flag:0
12-12 12:47:41.217   751   939 D PointerIcon: setHoveringSpenCustomIcon IconType is same.1
12-12 12:47:41.217 15500 15500 W IInputConnectionWrapper: getCursorCapsMode on inactive InputConnection
12-12 12:47:41.227 11973 11973 I SamsungIME: getCurrentKeyboard
12-12 12:47:41.227 11973 11973 I SamsungIME: getTextKeyboard
12-12 12:47:41.227 11973 11973 D SamsungIME: [SwiftkeyWrapper] currentLangauge : 1701729619
12-12 12:47:41.227   261   261 I SurfaceFlinger: id=49 createSurf (1x1),1 flag=4, NainActivit
12-12 12:47:41.237 13466 13902 I AuthChimeraService: Executing request: ProxyRequest[ url: https://www.googleapis.com/identitytoolkit/v3/relyingparty/signupNewUser?alt=proto&key=AIzaSyAlPR096sOohVB9d0xuRCe1M34wBO-crBA, method: 1 ]
12-12 12:47:41.237  1067  5218 D KeyguardUpdateMonitor: sendKeyguardVisibilityChanged(true)
12-12 12:47:41.237  1067  1067 D KeyguardUpdateMonitor: handleKeyguardVisibilityChanged(1)
12-12 12:47:41.247  1067  1131 D KeyguardUpdateMonitor: sendKeyguardVisibilityChanged(true)
12-12 12:47:41.247  1067  1067 D KeyguardUpdateMonitor: handleKeyguardVisibilityChanged(1)
12-12 12:47:41.257 15500 15500 W IInputConnectionWrapper: getCursorCapsMode on inactive InputConnection
12-12 12:47:41.257 11973 11973 D SamsungIME: startInputViewContinue : true true
12-12 12:47:41.257 11973 11973 D SamsungIME: conditions for show dialog : true true false false
12-12 12:47:41.257 11973 11973 D SamsungIME: showDlgMsgBox : true true true
12-12 12:47:41.257 11973 11973 D SamsungIME: showDlgMsgBox inner condition : true true
12-12 12:47:41.257 11973 11973 I SamsungIME: [IMI] startInputView - caller pid : 15500, caller uid : 10813
12-12 12:47:41.257  1067  1702 D LockPatternUtils: isPcwEnable = null
12-12 12:47:41.257   751  1452 D EnterpriseDeviceManager: ContainerId: 0
12-12 12:47:41.257 11973 11973 W ContextImpl: Calling a method in the system process without a qualified user: android.app.ContextImpl.sendBroadcast:1491 android.content.ContextWrapper.sendBroadcast:377 android.inputmethodservice.InputMethodService.sendInputViewShownState:542 android.inputmethodservice.InputMethodService.showWindow:2225 android.inputmethodservice.InputMethodService$InputMethodImpl.showSoftInput:719 
12-12 12:47:41.267  1744  1744 I MultiUserPreferences: commit
12-12 12:47:41.267  1067  1131 D KeyguardUpdateMonitor: sendKeyguardVisibilityChanged(true)
12-12 12:47:41.267  1067  1067 D KeyguardUpdateMonitor: handleKeyguardVisibilityChanged(1)
12-12 12:47:41.267  1067  5218 D LockPatternUtils: isPcwEnable = null
12-12 12:47:41.267   751   751 D NotificationService: Sending broadcast with sbn as extra = StatusBarNotification(pkg=android user=UserHandle{-1} id=17041265 tag=null score=0: Notification(pri=0 icon=108053a contentView=android/0x109007f vibrate=null sound=null defaults=0x0 flags=0x1002 when=0 ledARGB=0x0 contentIntent=Y deleteIntent=N contentTitle=19 contentText=16 tickerText=N kind=[android.system.imeswitcher]))
12-12 12:47:41.267   751  2586 D SSRMv2:TSP:AirViewOnOff: DeviceInfo:: 00010000000
12-12 12:47:41.267   751  2586 D SSRMv2:TSP:AirViewOnOff: SettingsAirViewInfo:: 000000000
12-12 12:47:41.267   751  1452 D CustomFrequencyManagerService: releaseDVFSLockLocked : Getting Lock type frm List : DVFS_MIN_LIMIT  frequency : 1958400  uid : 1000  pid : 751  tag : ACTIVITY_RESUME_BOOSTER@6
12-12 12:47:41.267   751  1452 D CustomFrequencyManagerService: acquireDVFSLockLocked : type : DVFS_MIN_LIMIT  frequency : 1958400  uid : 1000  pid : 751  pkgName : ACTIVITY_RESUME_BOOSTER@6
12-12 12:47:41.267   751  1452 W ActivityManager: mDVFSHelper.acquire()
12-12 12:47:41.267   751   751 W ContextImpl: Calling a method in the system process without a qualified user: android.app.ContextImpl.sendBroadcast:1505 com.android.server.StatusBarManagerService.sendNotification:985 com.android.server.StatusBarManagerService.updateNotification:694 com.android.server.NotificationManagerService$7.run:2134 android.os.Handler.handleCallback:733 
12-12 12:47:41.267   751   751 D STATUSBAR-StatusBarManagerService: sendNotification(2) - 17041265
12-12 12:47:41.267   751   751 W ContextImpl: Calling a method in the system process without a qualified user: android.app.ContextImpl.sendBroadcast:1505 com.android.server.NotificationManagerService$7.run:2172 android.os.Handler.handleCallback:733 android.os.Handler.dispatchMessage:95 android.os.Looper.loop:136 
12-12 12:47:41.277  1067  1702 D LockPatternUtils: isPcwEnable = null
12-12 12:47:41.277  1744  1744 I MultiUserPreferences: commit
12-12 12:47:41.277   751   751 D RCPManagerService: NotificationReceiver onReceive()
12-12 12:47:41.277   751   751 D RCPManagerService:  NotificationReceiver sbn.getPackageName() android sbn.getUser().getIdentifier() -1
12-12 12:47:41.277  1067  1081 D LockPatternUtils: isPcwEnable = null
12-12 12:47:41.277  1067  1131 D KeyguardUpdateMonitor: sendKeyguardVisibilityChanged(true)
12-12 12:47:41.277  1067  1067 D KeyguardUpdateMonitor: handleKeyguardVisibilityChanged(1)
12-12 12:47:41.277   751   751 I ServiceKeeper: In getappinfo pid = 751 pkgName = android appinfo = null
12-12 12:47:41.277   751   751 I ServiceKeeper: In getseinfo pid = 751 uid = 1000 seinfo= system
12-12 12:47:41.277 11973 11973 W ContextImpl: Calling a method in the system process without a qualified user: android.app.ContextImpl.sendBroadcast:1491 android.content.ContextWrapper.sendBroadcast:377 android.inputmethodservice.InputMethodService.sendInputViewShownState:542 android.inputmethodservice.InputMethodService.showWindow:2225 android.inputmethodservice.InputMethodService$InputMethodImpl.showSoftInput:719 
12-12 12:47:41.287   751   751 D RCPManagerService: getPolicy: Policy checking block entered for Notifications; for user/persona = -1 ; Policy = knox-sanitize-data ; token = 4294967296751
12-12 12:47:41.287   751   751 I ServiceKeeper: In getappinfo pid = 751 pkgName = android appinfo = null
12-12 12:47:41.287   751   751 I ServiceKeeper: In getseinfo pid = 751 uid = 1000 seinfo= system
12-12 12:47:41.287   751   751 D RCPManagerService: getPolicy: policy value returned = false
12-12 12:47:41.287   751   751 D RCPManagerService: going to get the app label for pkg == android
12-12 12:47:41.287   751   751 D RCPManagerService: app label == android
12-12 12:47:41.287   751   751 I ServiceKeeper: In getappinfo pid = 751 pkgName = android appinfo = null
12-12 12:47:41.287   751   751 I ServiceKeeper: In getseinfo pid = 751 uid = 1000 seinfo= system
12-12 12:47:41.287   751   751 D RCPManagerService: getPolicy: Policy checking block entered for Notifications; for user/persona = -1 ; Policy = knox-export-data ; token = 4294967296751
12-12 12:47:41.287   751   751 I ServiceKeeper: In getappinfo pid = 751 pkgName = android appinfo = null
12-12 12:47:41.287   751   751 I ServiceKeeper: In getseinfo pid = 751 uid = 1000 seinfo= system
12-12 12:47:41.287   751   751 D RCPManagerService: getPolicy: policy value returned = true
12-12 12:47:41.287   751   751 D RCPManagerService: Calling User is -1
12-12 12:47:41.287   751   751 D RCPManagerService: userid of SBN ==-1
12-12 12:47:41.287 11973 11973 D SamsungIME: onStartInputView
12-12 12:47:41.287  1067  1081 D KeyguardUpdateMonitor: sendKeyguardVisibilityChanged(true)
12-12 12:47:41.287  1067  1067 D KeyguardUpdateMonitor: handleKeyguardVisibilityChanged(1)
12-12 12:47:41.287   751   751 D UserManagerService: User -1does not exists!!
12-12 12:47:41.287   751   751 E PersonaManagerService: Unable to read user list
12-12 12:47:41.287   751   751 E PersonaManagerService: returning null in  getPersonasForUser
12-12 12:47:41.287   751  2586 D SSRMv2:TSP:AirViewOnOff: DeviceInfo:: 00010000000
12-12 12:47:41.287   751  2586 D SSRMv2:TSP:AirViewOnOff: SettingsAirViewInfo:: 000000000
12-12 12:47:41.297   751   751 D NotificationService: Sending broadcast with sbn as extra = StatusBarNotification(pkg=android user=UserHandle{-1} id=17041265 tag=null score=0: Notification(pri=0 icon=108053a contentView=android/0x109007f vibrate=null sound=null defaults=0x0 flags=0x1002 when=0 ledARGB=0x0 contentIntent=Y deleteIntent=N contentTitle=19 contentText=16 tickerText=N kind=[android.system.imeswitcher]))
12-12 12:47:41.297 11973 11973 I SamsungIME: Update SetupWizard State usc : 1 pss : false
12-12 12:47:41.297   751   751 D RCPManagerService: NotificationReceiver onReceive()
12-12 12:47:41.297   751   751 D RCPManagerService:  NotificationReceiver sbn.getPackageName() android sbn.getUser().getIdentifier() -1
12-12 12:47:41.297   751   751 I ServiceKeeper: In getappinfo pid = 751 pkgName = android appinfo = null
12-12 12:47:41.297   751   751 I ServiceKeeper: In getseinfo pid = 751 uid = 1000 seinfo= system
12-12 12:47:41.297   751   751 D RCPManagerService: getPolicy: Policy checking block entered for Notifications; for user/persona = -1 ; Policy = knox-sanitize-data ; token = 4294967296751
12-12 12:47:41.297 11973 11973 D SamsungIME: [AbstractKeyboardView] onDetachedFromWindow.
12-12 12:47:41.297   751   751 I ServiceKeeper: In getappinfo pid = 751 pkgName = android appinfo = null
12-12 12:47:41.297 11973 11973 D SamsungIME: Magnification Enabled = false
12-12 12:47:41.297 11973 11973 I SamsungIME: getCurrentCandidateView
12-12 12:47:41.297   751   751 I ServiceKeeper: In getseinfo pid = 751 uid = 1000 seinfo= system
12-12 12:47:41.297   751   751 D RCPManagerService: getPolicy: policy value returned = false
12-12 12:47:41.297   751   751 D RCPManagerService: going to get the app label for pkg == android
12-12 12:47:41.297   751   751 D RCPManagerService: app label == android
12-12 12:47:41.297   751   751 I ServiceKeeper: In getappinfo pid = 751 pkgName = android appinfo = null
12-12 12:47:41.297   751   969 I ServiceKeeper: In getappinfo pid = 751 pkgName = android appinfo = null
12-12 12:47:41.297   751   969 I ServiceKeeper: In getseinfo pid = 751 uid = 1000 seinfo= system
12-12 12:47:41.297   751   751 W ContextImpl: Calling a method in the system process without a qualified user: android.app.ContextImpl.sendBroadcast:1505 com.android.server.StatusBarManagerService.sendNotification:985 com.android.server.StatusBarManagerService.updateNotification:694 com.android.server.NotificationManagerService$7.run:2134 android.os.Handler.handleCallback:733 
12-12 12:47:41.297   751   751 D STATUSBAR-StatusBarManagerService: sendNotification(2) - 17041265
12-12 12:47:41.297   751   751 W ContextImpl: Calling a method in the system process without a qualified user: android.app.ContextImpl.sendBroadcast:1505 com.android.server.NotificationManagerService$7.run:2172 android.os.Handler.handleCallback:733 android.os.Handler.dispatchMessage:95 android.os.Looper.loop:136 
12-12 12:47:41.297 11973 11973 W ContextImpl: Calling a method in the system process without a qualified user: android.app.ContextImpl.sendBroadcast:1491 android.content.ContextWrapper.sendBroadcast:377 com.diotek.ime.framework.common.InputManagerImpl.sendInputLanguage:9297 com.diotek.ime.framework.common.InputManagerImpl.initDefaultLanguage:4874 com.diotek.ime.framework.common.InputManagerImpl.initSelectedLanguage:5116 
12-12 12:47:41.297   751   751 D UserManagerService: User -1does not exists!!
12-12 12:47:41.307   751   751 I ServiceKeeper: In getseinfo pid = 751 uid = 1000 seinfo= system
12-12 12:47:41.307   751   751 D RCPManagerService: getPolicy: Policy checking block entered for Notifications; for user/persona = -1 ; Policy = knox-export-data ; token = 4294967296751
12-12 12:47:41.307   751   751 I ServiceKeeper: In getappinfo pid = 751 pkgName = android appinfo = null
12-12 12:47:41.307   751   751 I ServiceKeeper: In getseinfo pid = 751 uid = 1000 seinfo= system
12-12 12:47:41.307   751   751 D RCPManagerService: getPolicy: policy value returned = true
12-12 12:47:41.307   751   751 D RCPManagerService: Calling User is -1
12-12 12:47:41.307   751   751 D RCPManagerService: userid of SBN ==-1
12-12 12:47:41.307   751   751 E PersonaManagerService: Unable to read user list
12-12 12:47:41.307   751   751 E PersonaManagerService: returning null in  getPersonasForUser
12-12 12:47:41.317   751   987 I InputDispatcher: Delivering touch to: action: 0x4, toolType: 0
12-12 12:47:41.317   751   987 I InputDispatcher: Delivering touch to: action: 0x4, toolType: 0
12-12 12:47:41.317   751   987 I InputDispatcher: Delivering touch to: action: 0x0, toolType: 0
12-12 12:47:41.327   751   987 I InputDispatcher: Delivering touch to: action: 0x1, toolType: 0
12-12 12:47:41.327   751  1443 I SpenGestureManager: setFocusWindow21010
12-12 12:47:41.327  1067  5218 D KeyguardUpdateMonitor: sendKeyguardVisibilityChanged(true)
12-12 12:47:41.327  1067  1067 D KeyguardUpdateMonitor: handleKeyguardVisibilityChanged(1)
12-12 12:47:41.327   751   939 D PointerIcon: setMouseIconStyle1 pointerType: 1001iconType:101 flag:0
12-12 12:47:41.327   751   939 D PointerIcon: setMouseCustomIcon IconType is same.101
12-12 12:47:41.327   751   939 D PointerIcon: setHoveringSpenIconStyle1 pointerType: 10001iconType:1 flag:0
12-12 12:47:41.327   751   939 D PointerIcon: setHoveringSpenCustomIcon IconType is same.1
12-12 12:47:41.327 15500 15500 W InputEventReceiver: Attempted to finish an input event but the input event receiver has already been disposed.
12-12 12:47:41.327 15500 15500 W InputEventReceiver: Attempted to finish an input event but the input event receiver has already been disposed.
12-12 12:47:41.327 15500 15500 W ViewRootImpl: Dropping event due to root view being removed: MotionEvent { action=ACTION_UP, id[0]=0, x[0]=64.85076, y[0]=-505.50156, toolType[0]=TOOL_TYPE_UNKNOWN, buttonState=0, metaState=0, flags=0x0, edgeFlags=0x0, pointerCount=1, historySize=0, eventTime=945249, downTime=945247, deviceId=0, source=0x1002 }
12-12 12:47:41.337  1067  1081 D LockPatternUtils: isPcwEnable = null
12-12 12:47:41.337 15500 15500 E ViewRootImpl: sendUserActionEvent() mView == null
12-12 12:47:41.337 11973 11973 D SamsungIME: [AbstractKeyboardView] onDetachedFromWindow.
12-12 12:47:41.337 11973 11973 D SamsungIME: Magnification Enabled = false
12-12 12:47:41.337 15500 15500 W IInputConnectionWrapper: getTextBeforeCursor on inactive InputConnection
12-12 12:47:41.337   751  7228 W InputMethodManagerService: Window already focused, ignoring focus gain of: com.android.internal.view.IInputMethodClient$Stub$Proxy@43c45b98 attribute=null, token = android.os.BinderProxy@43f01588
12-12 12:47:41.337 11973 11973 W ContextImpl: Calling a method in the system process without a qualified user: android.app.ContextImpl.sendBroadcast:1491 android.content.ContextWrapper.sendBroadcast:377 com.diotek.ime.framework.common.InputManagerImpl.sendInputLanguage:9297 com.diotek.ime.framework.common.InputManagerImpl.setLanguage:5447 com.diotek.ime.framework.common.InputManagerImpl.startInputViewContinue:3336 
12-12 12:47:41.347 15500 15500 W IInputConnectionWrapper: getCursorCapsMode on inactive InputConnection
12-12 12:47:41.347 11973 11973 I SamsungIME: getCurrentKeyboard
12-12 12:47:41.347 11973 11973 I SamsungIME: getTextKeyboard
12-12 12:47:41.347 11973 11973 D SamsungIME: [SwiftkeyWrapper] currentLangauge : 1701729619
12-12 12:47:41.347 15500 15500 W IInputConnectionWrapper: getCursorCapsMode on inactive InputConnection
12-12 12:47:41.357 11973 11973 D SamsungIME: startInputViewContinue : true true
12-12 12:47:41.357 11973 11973 D SamsungIME: conditions for show dialog : true true false false
12-12 12:47:41.357 11973 11973 D SamsungIME: showDlgMsgBox : true true true
12-12 12:47:41.357 11973 11973 D SamsungIME: showDlgMsgBox inner condition : true true
12-12 12:47:41.357 11973 11973 I SamsungIME: [IMI] startInputView - caller pid : 15500, caller uid : 10813
12-12 12:47:41.357  1744  1744 I MultiUserPreferences: commit
12-12 12:47:41.357 11973 11973 W ContextImpl: Calling a method in the system process without a qualified user: android.app.ContextImpl.sendBroadcast:1491 android.content.ContextWrapper.sendBroadcast:377 android.inputmethodservice.InputMethodService.sendInputViewShownState:542 android.inputmethodservice.InputMethodService.showWindow:2225 android.inputmethodservice.InputMethodService$InputMethodImpl.showSoftInput:719 
12-12 12:47:41.367  1067  1082 D LockPatternUtils: isPcwEnable = null
12-12 12:47:41.367   751  2586 D SSRMv2:TSP:AirViewOnOff: DeviceInfo:: 00010000000
12-12 12:47:41.367   751  2586 D SSRMv2:TSP:AirViewOnOff: SettingsAirViewInfo:: 000000000
12-12 12:47:41.367   751   751 W ContextImpl: Calling a method in the system process without a qualified user: android.app.ContextImpl.sendBroadcast:1505 com.android.server.StatusBarManagerService.sendNotification:985 com.android.server.StatusBarManagerService.updateNotification:694 com.android.server.NotificationManagerService$7.run:2134 android.os.Handler.handleCallback:733 
12-12 12:47:41.367 11973 11973 W ContextImpl: Calling a method in the system process without a qualified user: android.app.ContextImpl.sendBroadcast:1491 android.content.ContextWrapper.sendBroadcast:377 android.inputmethodservice.InputMethodService.sendInputViewShownState:542 android.inputmethodservice.InputMethodService.showWindow:2225 android.inputmethodservice.InputMethodService$InputMethodImpl.showSoftInput:719 
12-12 12:47:41.367   751   751 D STATUSBAR-StatusBarManagerService: sendNotification(2) - 17041265
12-12 12:47:41.377   751   751 D NotificationService: Sending broadcast with sbn as extra = StatusBarNotification(pkg=android user=UserHandle{-1} id=17041265 tag=null score=0: Notification(pri=0 icon=108053a contentView=android/0x109007f vibrate=null sound=null defaults=0x0 flags=0x1002 when=0 ledARGB=0x0 contentIntent=Y deleteIntent=N contentTitle=19 contentText=16 tickerText=N kind=[android.system.imeswitcher]))
12-12 12:47:41.377   751   987 I InputDispatcher: Delivering touch to: action: 0x4, toolType: 0
12-12 12:47:41.377   751   987 I InputDispatcher: Delivering touch to: action: 0x4, toolType: 0
12-12 12:47:41.377   751   987 I InputDispatcher: Delivering touch to: action: 0x0, toolType: 0
12-12 12:47:41.377   751   987 I InputDispatcher: Delivering touch to: action: 0x1, toolType: 0
12-12 12:47:41.377  1744  1744 I MultiUserPreferences: commit
12-12 12:47:41.377   751   751 D RCPManagerService: NotificationReceiver onReceive()
12-12 12:47:41.377   751   751 D RCPManagerService:  NotificationReceiver sbn.getPackageName() android sbn.getUser().getIdentifier() -1
12-12 12:47:41.377   751   751 W ContextImpl: Calling a method in the system process without a qualified user: android.app.ContextImpl.sendBroadcast:1505 com.android.server.NotificationManagerService$7.run:2172 android.os.Handler.handleCallback:733 android.os.Handler.dispatchMessage:95 android.os.Looper.loop:136 
12-12 12:47:41.377   751  2586 D SSRMv2:TSP:AirViewOnOff: DeviceInfo:: 00010000000
12-12 12:47:41.377   751  2586 D SSRMv2:TSP:AirViewOnOff: SettingsAirViewInfo:: 000000000
12-12 12:47:41.387  1067  1082 D LockPatternUtils: isPcwEnable = null
12-12 12:47:41.387   751   751 I ServiceKeeper: In getappinfo pid = 751 pkgName = android appinfo = null
12-12 12:47:41.387   751   751 I ServiceKeeper: In getseinfo pid = 751 uid = 1000 seinfo= system
12-12 12:47:41.387   751   751 D RCPManagerService: getPolicy: Policy checking block entered for Notifications; for user/persona = -1 ; Policy = knox-sanitize-data ; token = 4294967296751
12-12 12:47:41.387   751   751 I ServiceKeeper: In getappinfo pid = 751 pkgName = android appinfo = null
12-12 12:47:41.387   751   751 I ServiceKeeper: In getseinfo pid = 751 uid = 1000 seinfo= system
12-12 12:47:41.387   751   751 D RCPManagerService: getPolicy: policy value returned = false
12-12 12:47:41.387   751   751 D RCPManagerService: going to get the app label for pkg == android
12-12 12:47:41.387   751   751 D RCPManagerService: app label == android
12-12 12:47:41.387   751   751 I ServiceKeeper: In getappinfo pid = 751 pkgName = android appinfo = null
12-12 12:47:41.387   751   751 I ServiceKeeper: In getseinfo pid = 751 uid = 1000 seinfo= system
12-12 12:47:41.387   751   751 D RCPManagerService: getPolicy: Policy checking block entered for Notifications; for user/persona = -1 ; Policy = knox-export-data ; token = 4294967296751
12-12 12:47:41.387   751  1341 D EnterpriseDeviceManager: ContainerId: 0
12-12 12:47:41.387   751   751 I ServiceKeeper: In getappinfo pid = 751 pkgName = android appinfo = null
12-12 12:47:41.387   751   751 I ServiceKeeper: In getseinfo pid = 751 uid = 1000 seinfo= system
12-12 12:47:41.387   751   751 D RCPManagerService: getPolicy: policy value returned = true
12-12 12:47:41.387   751   751 D RCPManagerService: Calling User is -1
12-12 12:47:41.387 11973 11973 I Choreographer: Skipped 39 frames!  The application may be doing too much work on its main thread.
12-12 12:47:41.387   751   940 D CustomFrequencyManagerService: releaseDVFSLockLocked : Getting Lock type frm List : DVFS_MIN_LIMIT  frequency : 1958400  uid : 1000  pid : 751  tag : ACTIVITY_RESUME_BOOSTER@6
12-12 12:47:41.387   751   940 W ActivityManager: mDVFSHelper.release()
12-12 12:47:41.387   751   940 D CustomFrequencyManagerService: acquireDVFSLockLocked : type : DVFS_MIN_LIMIT  frequency : 1958400  uid : 1000  pid : 751  pkgName : ACTIVITY_RESUME_BOOSTER@9
12-12 12:47:41.387   751   751 D UserManagerService: User -1does not exists!!
12-12 12:47:41.387   751   751 E PersonaManagerService: Unable to read user list
12-12 12:47:41.397   751   751 D RCPManagerService: userid of SBN ==-1
12-12 12:47:41.397  1067  5218 D KeyguardUpdateMonitor: sendKeyguardVisibilityChanged(true)
12-12 12:47:41.397  1067  1067 D KeyguardUpdateMonitor: handleKeyguardVisibilityChanged(1)
12-12 12:47:41.397   751   751 E PersonaManagerService: returning null in  getPersonasForUser
12-12 12:47:41.397   751  1341 D CustomFrequencyManagerService: acquireDVFSLockLocked : type : DVFS_MIN_LIMIT  frequency : 1958400  uid : 1000  pid : 751  pkgName : ACTIVITY_RESUME_BOOSTER@6
12-12 12:47:41.397   751  1341 W ActivityManager: mDVFSHelper.acquire()
12-12 12:47:41.407   751   969 I ServiceKeeper: In getappinfo pid = 751 pkgName = android appinfo = null
12-12 12:47:41.407   751   969 I ServiceKeeper: In getseinfo pid = 751 uid = 1000 seinfo= system
12-12 12:47:41.407   751   969 I ServiceKeeper: In getappinfo pid = 751 pkgName = android appinfo = null
12-12 12:47:41.407   751   969 I ServiceKeeper: In getseinfo pid = 751 uid = 1000 seinfo= system
12-12 12:47:41.407   751   939 D PointerIcon: setMouseIconStyle1 pointerType: 1001iconType:101 flag:0
12-12 12:47:41.407   751   939 D PointerIcon: setMouseCustomIcon IconType is same.101
12-12 12:47:41.407   751   939 D PointerIcon: setHoveringSpenIconStyle1 pointerType: 10001iconType:1 flag:0
12-12 12:47:41.407   751   939 D PointerIcon: setHoveringSpenCustomIcon IconType is same.1
12-12 12:47:41.407 13466 15568 E Volley  : [1603] BasicNetwork.performRequest: Unexpected response code 400 for https://www.googleapis.com/identitytoolkit/v3/relyingparty/signupNewUser?alt=proto&key=AIzaSyAlPR096sOohVB9d0xuRCe1M34wBO-crBA
12-12 12:47:41.407 13466 13902 I AuthChimeraService: Error description received from server: INVALID_EMAIL
12-12 12:47:41.417  1067  1702 D LockPatternUtils: isPcwEnable = null
12-12 12:47:41.417  1259  1259 D WfcActivityStateReceiver: onReceive(): packageName=com.example.snoopy, activityState=pause
12-12 12:47:41.417   751   751 D NotificationService: Sending broadcast with sbn as extra = StatusBarNotification(pkg=android user=UserHandle{-1} id=17041265 tag=null score=0: Notification(pri=0 icon=108053a contentView=android/0x109007f vibrate=null sound=null defaults=0x0 flags=0x1002 when=0 ledARGB=0x0 contentIntent=Y deleteIntent=N contentTitle=19 contentText=16 tickerText=N kind=[android.system.imeswitcher]))
12-12 12:47:41.417  2825  2825 I SQLiteSecureOpenHelper: getWritableDatabase(pwd)
12-12 12:47:41.417  2825  2825 I SQLiteSecureOpenHelper: getDatabaseLocked(b,b,pwd)...
12-12 12:47:41.417   751  1046 V SmartFaceService - 3rd party pause: onReceive [android.intent.action.ACTIVITY_STATE/com.example.snoopy/pause]
12-12 12:47:41.417   751   751 W ContextImpl: Calling a method in the system process without a qualified user: android.app.ContextImpl.sendBroadcast:1505 com.android.server.StatusBarManagerService.sendNotification:985 com.android.server.StatusBarManagerService.updateNotification:694 com.android.server.NotificationManagerService$7.run:2134 android.os.Handler.handleCallback:733 
12-12 12:47:41.417   751   751 D STATUSBAR-StatusBarManagerService: sendNotification(2) - 17041265
12-12 12:47:41.417   751   751 W ContextImpl: Calling a method in the system process without a qualified user: android.app.ContextImpl.sendBroadcast:1505 com.android.server.NotificationManagerService$7.run:2172 android.os.Handler.handleCallback:733 android.os.Handler.dispatchMessage:95 android.os.Looper.loop:136 
12-12 12:47:41.427 13466 13902 W FirebaseAuth: [PhoneNumberAuthPostProcessor] postProcess starts
12-12 12:47:41.427 13466 13902 W FirebaseAuth: [PhoneNumberAuthPostProcessor] postProcess ends
12-12 12:47:41.427   751   987 D InputDispatcher: Waiting for application to become ready for input: xxxx Reason: Waiting because the touched window is paused.
12-12 12:47:41.427 11973 11973 D dalvikvm: GC_FOR_ALLOC freed 7827K, 22% free 21174K/27144K, paused 30ms, total 30ms
12-12 12:47:41.437   751   751 D RCPManagerService: NotificationReceiver onReceive()
12-12 12:47:41.437   751   751 D RCPManagerService:  NotificationReceiver sbn.getPackageName() android sbn.getUser().getIdentifier() -1
12-12 12:47:41.437 11973 11973 I SamsungIME: drawAllKey
12-12 12:47:41.437   751   751 I ServiceKeeper: In getappinfo pid = 751 pkgName = android appinfo = null
12-12 12:47:41.437   751   751 I ServiceKeeper: In getseinfo pid = 751 uid = 1000 seinfo= system
12-12 12:47:41.437   751   751 D RCPManagerService: getPolicy: Policy checking block entered for Notifications; for user/persona = -1 ; Policy = knox-sanitize-data ; token = 4294967296751
12-12 12:47:41.437   751   751 I ServiceKeeper: In getappinfo pid = 751 pkgName = android appinfo = null
12-12 12:47:41.437   751   751 I ServiceKeeper: In getseinfo pid = 751 uid = 1000 seinfo= system
12-12 12:47:41.437 11973 11973 D skia    : GFXPNG PNG bitmap created width:60 height:75 bitmap id is 408 
12-12 12:47:41.437   751   751 D RCPManagerService: getPolicy: policy value returned = false
12-12 12:47:41.437   751   751 D RCPManagerService: going to get the app label for pkg == android
12-12 12:47:41.437   751   751 D RCPManagerService: app label == android
12-12 12:47:41.437   751   751 I ServiceKeeper: In getappinfo pid = 751 pkgName = android appinfo = null
12-12 12:47:41.437   751   751 I ServiceKeeper: In getseinfo pid = 751 uid = 1000 seinfo= system
12-12 12:47:41.437   751   751 D RCPManagerService: getPolicy: Policy checking block entered for Notifications; for user/persona = -1 ; Policy = knox-export-data ; token = 4294967296751
12-12 12:47:41.437   751   751 D UserManagerService: User -1does not exists!!
12-12 12:47:41.447   751   751 I ServiceKeeper: In getappinfo pid = 751 pkgName = android appinfo = null
12-12 12:47:41.447  1067  1703 D KeyguardUpdateMonitor: sendKeyguardVisibilityChanged(true)
12-12 12:47:41.447  1067  1067 D KeyguardUpdateMonitor: handleKeyguardVisibilityChanged(1)
12-12 12:47:41.447   751   751 I ServiceKeeper: In getseinfo pid = 751 uid = 1000 seinfo= system
12-12 12:47:41.447   751   751 D RCPManagerService: getPolicy: policy value returned = true
12-12 12:47:41.447   751   751 D RCPManagerService: Calling User is -1
12-12 12:47:41.447   751   987 I InputDispatcher: Dropping event because there is no touchable window at (888, 884).
12-12 12:47:41.447   751   751 D RCPManagerService: userid of SBN ==-1
12-12 12:47:41.447  1067  1082 D LockPatternUtils: isPcwEnable = null
12-12 12:47:41.447   751  1704 W InputManager: Input event injection from pid 15476 failed.
12-12 12:47:41.447   751   751 E PersonaManagerService: Unable to read user list
12-12 12:47:41.447   751   751 E PersonaManagerService: returning null in  getPersonasForUser
12-12 12:47:41.447   751  1341 W InputManager: Input event injection from pid 15476 failed.
12-12 12:47:41.447   751  7409 W InputManager: Input event injection from pid 15476 failed.
12-12 12:47:41.447   751  1443 W InputManager: Input event injection from pid 15476 failed.
12-12 12:47:41.457  1259  1259 D WfcActivityStateReceiver: onReceive(): packageName=com.example.snoopy, activityState=create
12-12 12:47:41.457  2825  2825 I SQLiteSecureOpenHelper: getWritableDatabase(pwd)
12-12 12:47:41.457  2825  2825 I SQLiteSecureOpenHelper: getDatabaseLocked(b,b,pwd)...
12-12 12:47:41.457   751  1452 W InputManager: Input event injection from pid 15476 failed.
12-12 12:47:41.457   751  7404 W InputManager: Input event injection from pid 15476 failed.
12-12 12:47:41.457   751   956 W InputManager: Input event injection from pid 15476 failed.
12-12 12:47:41.457   751  1030 W InputManager: Input event injection from pid 15476 failed.
12-12 12:47:41.457   751  1046 V SmartFaceService - 3rd party pause: onReceive [android.intent.action.ACTIVITY_STATE/com.example.snoopy/create]
12-12 12:47:41.467  1067  5218 D KeyguardUpdateMonitor: sendKeyguardVisibilityChanged(true)
12-12 12:47:41.467  1067  1067 D KeyguardUpdateMonitor: handleKeyguardVisibilityChanged(1)
12-12 12:47:41.467   261   486 I SurfaceFlinger: id=48 Removed QopupWindow (10/15)
12-12 12:47:41.467   261  1175 I SurfaceFlinger: id=48 Removed QopupWindow (-2/15)
12-12 12:47:41.467  1067  1131 D KeyguardUpdateMonitor: sendKeyguardVisibilityChanged(true)
12-12 12:47:41.467  1067  1067 D KeyguardUpdateMonitor: handleKeyguardVisibilityChanged(1)
12-12 12:47:41.477  1067  1703 D KeyguardUpdateMonitor: sendKeyguardVisibilityChanged(true)
12-12 12:47:41.477  1067  1067 D KeyguardUpdateMonitor: handleKeyguardVisibilityChanged(1)
12-12 12:47:41.477   751   969 I ServiceKeeper: In getappinfo pid = 751 pkgName = android appinfo = null
12-12 12:47:41.477   751   969 I ServiceKeeper: In getseinfo pid = 751 uid = 1000 seinfo= system
12-12 12:47:41.487  1067  1067 D PhoneStatusBar: setTransGradationMode=false, mTransparentMode=false, mSemiTransparentMode=false, mMultiWindowMode=false
12-12 12:47:41.487   751  1704 D StatusBarManagerService: tr p:15500,o:f
12-12 12:47:41.497  1067  1082 D LockPatternUtils: isPcwEnable = null
12-12 12:47:41.497 11973 11973 D skia    : GFXPNG PNG bitmap created width:128 height:112 bitmap id is 409 
12-12 12:47:41.497 11973 11973 D skia    : GFXPNG PNG bitmap created width:128 height:112 bitmap id is 410 
12-12 12:47:41.507   751   987 I InputDispatcher: Delivering touch to: action: 0x4, toolType: 0
12-12 12:47:41.507   751   987 I InputDispatcher: Delivering touch to: action: 0x4, toolType: 0
12-12 12:47:41.507   751   987 I InputDispatcher: Delivering touch to: action: 0x0, toolType: 0
12-12 12:47:41.527  1067  1067 D PhoneStatusBar: setSemiTransparentMode=false, mTransparentMode=false, mSemiTransparentMode=false, mMultiWindowMode=false
12-12 12:47:41.527   751   987 I InputDispatcher: Delivering touch to: action: 0x1, toolType: 0
12-12 12:47:41.527   751   969 I ServiceKeeper: In getappinfo pid = 751 pkgName = android appinfo = null
12-12 12:47:41.527   751   969 I ServiceKeeper: In getseinfo pid = 751 uid = 1000 seinfo= system
12-12 12:47:41.527   751  1160 D StatusBarManagerService: semi p:15500,o:f
12-12 12:47:41.537   751   969 I ServiceKeeper: In getappinfo pid = 751 pkgName = android appinfo = null
12-12 12:47:41.537   751   969 I ServiceKeeper: In getseinfo pid = 751 uid = 1000 seinfo= system
12-12 12:47:41.537   261   261 I SurfaceFlinger: id=50 createSurf (1x1),1 flag=404, MoginActivi
12-12 12:47:41.547   751  1443 I SpenGestureManager: setFocusWindow21030
12-12 12:47:41.547   751   948 D EnterpriseDeviceManager: ContainerId: 0
12-12 12:47:41.547  1067  1082 D KeyguardUpdateMonitor: sendKeyguardVisibilityChanged(true)
12-12 12:47:41.547  1067  1067 D KeyguardUpdateMonitor: handleKeyguardVisibilityChanged(1)
12-12 12:47:41.547 11973 11973 D skia    : GFXPNG PNG bitmap created width:89 height:112 bitmap id is 411 
