12-12 12:47:44.707 11973 11973 W ContextImpl: Calling a method in the system process without a qualified user: android.app.ContextImpl.sendBroadcast:1491 android.content.ContextWrapper.sendBroadcast:377 com.diotek.ime.framework.common.InputManagerImpl.sendInputLanguage:9297 com.diotek.ime.framework.common.InputManagerImpl.initDefaultLanguage:4874 com.diotek.ime.framework.common.InputManagerImpl.initSelectedLanguage:5116 
12-12 12:47:44.717 11973 11973 D skia    : GFXPNG PNG bitmap created width:92 height:92 bitmap id is 473 
12-12 12:47:44.717 11973 11973 I SamsungIME: getDebugLevel  : 0x4f4c
12-12 12:47:44.717   751   987 I InputDispatcher: Delivering touch to: action: 0x4, toolType: 0
12-12 12:47:44.717   751   987 I InputDispatcher: Delivering touch to: action: 0x4, toolType: 0
12-12 12:47:44.717   751   987 I InputDispatcher: Delivering touch to: action: 0x0, toolType: 0
12-12 12:47:44.717   751   987 I InputDispatcher: Delivering touch to: action: 0x1, toolType: 0
12-12 12:47:44.727 11973 11973 I SamsungIME: KeybaordView init() : load resources
12-12 12:47:44.727 11973 11973 I SamsungIME: getCurrentKeyboard
12-12 12:47:44.727 11973 11973 I SamsungIME: getTextKeyboard
12-12 12:47:44.737 11973 11973 D skia    : GFXPNG PNG bitmap created width:128 height:112 bitmap id is 474 
12-12 12:47:44.747 11973 11973 D SamsungIME: [SwiftkeyWrapper] currentLangauge : 1701729619
12-12 12:47:44.747 11973 11973 D SamsungIME: [AbstractKeyboardView] onDetachedFromWindow.
12-12 12:47:44.747 11973 11973 D SamsungIME: Magnification Enabled = false
12-12 12:47:44.747 11973 11973 I SamsungIME: getCurrentCandidateView
12-12 12:47:44.767   751   987 I InputDispatcher: Delivering touch to: action: 0x4, toolType: 0
12-12 12:47:44.767   751   987 I InputDispatcher: Delivering touch to: action: 0x4, toolType: 0
12-12 12:47:44.767   751   987 I InputDispatcher: Delivering touch to: action: 0x0, toolType: 0
12-12 12:47:44.767   751   987 I InputDispatcher: Delivering touch to: action: 0x1, toolType: 0
12-12 12:47:44.787 11973 11973 D skia    : GFXPNG PNG bitmap created width:96 height:93 bitmap id is 475 
12-12 12:47:44.787 11973 11973 I SamsungIME: getDebugLevel  : 0x4f4c
12-12 12:47:44.797 11973 11973 I SamsungIME: getDebugLevel  : 0x4f4c
12-12 12:47:44.807 11973 11973 I SamsungIME: KeybaordView init() : load resources
12-12 12:47:44.807  1744  1744 I MultiUserPreferences: commit
12-12 12:47:44.817  1067  1082 D KeyguardUpdateMonitor: sendKeyguardVisibilityChanged(true)
12-12 12:47:44.817  1067  1067 D KeyguardUpdateMonitor: handleKeyguardVisibilityChanged(1)
12-12 12:47:44.817   261   486 I SurfaceFlinger: id=59 Removed Uoast (13/13)
12-12 12:47:44.817   261  1176 I SurfaceFlinger: id=59 Removed Uoast (-2/13)
12-12 12:47:44.827   751   987 I InputDispatcher: Delivering touch to: action: 0x0, toolType: 0
12-12 12:47:44.827  1067  1131 D KeyguardUpdateMonitor: sendKeyguardVisibilityChanged(true)
12-12 12:47:44.827   751   987 I InputDispatcher: Delivering touch to: action: 0x1, toolType: 0
12-12 12:47:44.827 11973 11973 I SamsungIME: getCurrentKeyboard
12-12 12:47:44.827 11973 11973 I SamsungIME: getTextKeyboard
12-12 12:47:44.827  1067  5218 D KeyguardUpdateMonitor: sendKeyguardVisibilityChanged(true)
12-12 12:47:44.827   751   969 I ServiceKeeper: In getappinfo pid = 751 pkgName = android appinfo = null
12-12 12:47:44.827   751   969 I ServiceKeeper: In getseinfo pid = 751 uid = 1000 seinfo= system
12-12 12:47:44.827 11973 11973 D SamsungIME: [SwiftkeyWrapper] currentLangauge : 1701729619
12-12 12:47:44.827 11973 11973 D SamsungIME: [AbstractKeyboardView] onDetachedFromWindow.
12-12 12:47:44.827  1067  1067 V PanelView: animationTick called with dtms=0; nothing to do (h=0.0 v=0.0)
12-12 12:47:44.827  1067  1067 D KeyguardUpdateMonitor: handleKeyguardVisibilityChanged(1)
12-12 12:47:44.827 11973 11973 D SamsungIME: Magnification Enabled = false
12-12 12:47:44.827   751   987 D PowerManagerService: [api] userActivityFromNative : 20 (event: 2 flags: 0)
12-12 12:47:44.827 11973 11973 W ContextImpl: Calling a method in the system process without a qualified user: android.app.ContextImpl.sendBroadcast:1491 android.content.ContextWrapper.sendBroadcast:377 com.diotek.ime.framework.common.InputManagerImpl.sendInputLanguage:9297 com.diotek.ime.framework.common.InputManagerImpl.setLanguage:5447 com.diotek.ime.framework.common.InputManagerImpl.startInputViewContinue:3336 
12-12 12:47:44.837  1067  1067 D KeyguardUpdateMonitor: handleKeyguardVisibilityChanged(1)
12-12 12:47:44.837 11973 11973 I SamsungIME: getCurrentKeyboard
12-12 12:47:44.837 11973 11973 I SamsungIME: getTextKeyboard
12-12 12:47:44.837 11973 11973 D SamsungIME: [SwiftkeyWrapper] currentLangauge : 1701729619
12-12 12:47:44.837 11973 11973 D SamsungIME: startInputViewContinue : true true
12-12 12:47:44.837 11973 11973 D SamsungIME: conditions for show dialog : true true false false
12-12 12:47:44.837 11973 11973 D SamsungIME: showDlgMsgBox : true true true
12-12 12:47:44.837 11973 11973 D SamsungIME: showDlgMsgBox inner condition : true true
12-12 12:47:44.837 11973 11973 I SamsungIME: [IMI] startInputView - caller pid : 15500, caller uid : 10813
12-12 12:47:44.837 11973 11973 W ContextImpl: Calling a method in the system process without a qualified user: android.app.ContextImpl.sendBroadcast:1491 android.content.ContextWrapper.sendBroadcast:377 android.inputmethodservice.InputMethodService.sendInputViewShownState:542 android.inputmethodservice.InputMethodService.showWindow:2225 android.inputmethodservice.InputMethodService$InputMethodImpl.showSoftInput:719 
12-12 12:47:44.847  1744  1744 I MultiUserPreferences: commit
12-12 12:47:44.847  1067  1081 D LockPatternUtils: isPcwEnable = null
12-12 12:47:44.847   751   751 D NotificationService: Sending broadcast with sbn as extra = StatusBarNotification(pkg=android user=UserHandle{-1} id=17041265 tag=null score=0: Notification(pri=0 icon=108053a contentView=android/0x109007f vibrate=null sound=null defaults=0x0 flags=0x1002 when=0 ledARGB=0x0 contentIntent=Y deleteIntent=N contentTitle=19 contentText=16 tickerText=N kind=[android.system.imeswitcher]))
12-12 12:47:44.847   751  2586 D SSRMv2:TSP:AirViewOnOff: DeviceInfo:: 00010000000
12-12 12:47:44.847   751  2586 D SSRMv2:TSP:AirViewOnOff: SettingsAirViewInfo:: 000000000
12-12 12:47:44.847   751   751 W ContextImpl: Calling a method in the system process without a qualified user: android.app.ContextImpl.sendBroadcast:1505 com.android.server.StatusBarManagerService.sendNotification:985 com.android.server.StatusBarManagerService.updateNotification:694 com.android.server.NotificationManagerService$7.run:2134 android.os.Handler.handleCallback:733 
12-12 12:47:44.847   751   751 D STATUSBAR-StatusBarManagerService: sendNotification(2) - 17041265
12-12 12:47:44.857   751   751 D RCPManagerService: NotificationReceiver onReceive()
12-12 12:47:44.857   751   751 D RCPManagerService:  NotificationReceiver sbn.getPackageName() android sbn.getUser().getIdentifier() -1
12-12 12:47:44.857   751   751 I ServiceKeeper: In getappinfo pid = 751 pkgName = android appinfo = null
12-12 12:47:44.857   751   751 I ServiceKeeper: In getseinfo pid = 751 uid = 1000 seinfo= system
12-12 12:47:44.857   751   751 D RCPManagerService: getPolicy: Policy checking block entered for Notifications; for user/persona = -1 ; Policy = knox-sanitize-data ; token = 4294967296751
12-12 12:47:44.857   751   751 I ServiceKeeper: In getappinfo pid = 751 pkgName = android appinfo = null
12-12 12:47:44.857   751   751 I ServiceKeeper: In getseinfo pid = 751 uid = 1000 seinfo= system
12-12 12:47:44.857   751   751 D RCPManagerService: getPolicy: policy value returned = false
12-12 12:47:44.857   751   751 D RCPManagerService: going to get the app label for pkg == android
12-12 12:47:44.857   751   751 D RCPManagerService: app label == android
12-12 12:47:44.857   751   751 I ServiceKeeper: In getappinfo pid = 751 pkgName = android appinfo = null
12-12 12:47:44.857   751   751 I ServiceKeeper: In getseinfo pid = 751 uid = 1000 seinfo= system
12-12 12:47:44.857   751   751 D RCPManagerService: getPolicy: Policy checking block entered for Notifications; for user/persona = -1 ; Policy = knox-export-data ; token = 4294967296751
12-12 12:47:44.857   751   751 I ServiceKeeper: In getappinfo pid = 751 pkgName = android appinfo = null
12-12 12:47:44.857   751   751 I ServiceKeeper: In getseinfo pid = 751 uid = 1000 seinfo= system
12-12 12:47:44.857   751   751 D RCPManagerService: getPolicy: policy value returned = true
12-12 12:47:44.857   751   751 D RCPManagerService: Calling User is -1
12-12 12:47:44.857   751   751 D RCPManagerService: userid of SBN ==-1
12-12 12:47:44.857  1744  1744 I MultiUserPreferences: commit
12-12 12:47:44.857  1067  1081 D LockPatternUtils: isPcwEnable = null
12-12 12:47:44.857   751   751 D NotificationService: Sending broadcast with sbn as extra = StatusBarNotification(pkg=android user=UserHandle{-1} id=17041265 tag=null score=0: Notification(pri=0 icon=108053a contentView=android/0x109007f vibrate=null sound=null defaults=0x0 flags=0x1002 when=0 ledARGB=0x0 contentIntent=Y deleteIntent=N contentTitle=19 contentText=16 tickerText=N kind=[android.system.imeswitcher]))
12-12 12:47:44.857   751   751 W ContextImpl: Calling a method in the system process without a qualified user: android.app.ContextImpl.sendBroadcast:1505 com.android.server.NotificationManagerService$7.run:2172 android.os.Handler.handleCallback:733 android.os.Handler.dispatchMessage:95 android.os.Looper.loop:136 
12-12 12:47:44.857 11973 11973 W ContextImpl: Calling a method in the system process without a qualified user: android.app.ContextImpl.sendBroadcast:1491 android.content.ContextWrapper.sendBroadcast:377 android.inputmethodservice.InputMethodService.sendInputViewShownState:542 android.inputmethodservice.InputMethodService.showWindow:2225 android.inputmethodservice.InputMethodService$InputMethodImpl.showSoftInput:719 
12-12 12:47:44.857   751   751 D UserManagerService: User -1does not exists!!
12-12 12:47:44.857   751   751 E PersonaManagerService: Unable to read user list
12-12 12:47:44.857   751   751 E PersonaManagerService: returning null in  getPersonasForUser
12-12 12:47:44.857   751  2586 D SSRMv2:TSP:AirViewOnOff: DeviceInfo:: 00010000000
12-12 12:47:44.857   751  2586 D SSRMv2:TSP:AirViewOnOff: SettingsAirViewInfo:: 000000000
12-12 12:47:44.857   751   751 W ContextImpl: Calling a method in the system process without a qualified user: android.app.ContextImpl.sendBroadcast:1505 com.android.server.StatusBarManagerService.sendNotification:985 com.android.server.StatusBarManagerService.updateNotification:694 com.android.server.NotificationManagerService$7.run:2134 android.os.Handler.handleCallback:733 
12-12 12:47:44.857   751   751 D STATUSBAR-StatusBarManagerService: sendNotification(2) - 17041265
12-12 12:47:44.867   751   751 D RCPManagerService: NotificationReceiver onReceive()
12-12 12:47:44.867   751   751 D RCPManagerService:  NotificationReceiver sbn.getPackageName() android sbn.getUser().getIdentifier() -1
12-12 12:47:44.867   751   751 I ServiceKeeper: In getappinfo pid = 751 pkgName = android appinfo = null
12-12 12:47:44.867  1067  5218 D KeyguardUpdateMonitor: sendKeyguardVisibilityChanged(true)
12-12 12:47:44.867   751   751 I ServiceKeeper: In getseinfo pid = 751 uid = 1000 seinfo= system
12-12 12:47:44.867   751   751 D RCPManagerService: getPolicy: Policy checking block entered for Notifications; for user/persona = -1 ; Policy = knox-sanitize-data ; token = 4294967296751
12-12 12:47:44.867   751   751 I ServiceKeeper: In getappinfo pid = 751 pkgName = android appinfo = null
12-12 12:47:44.867   751   751 I ServiceKeeper: In getseinfo pid = 751 uid = 1000 seinfo= system
12-12 12:47:44.867   751   751 D RCPManagerService: getPolicy: policy value returned = false
12-12 12:47:44.867   751   751 D RCPManagerService: going to get the app label for pkg == android
12-12 12:47:44.867   751   751 D RCPManagerService: app label == android
12-12 12:47:44.867   751   751 I ServiceKeeper: In getappinfo pid = 751 pkgName = android appinfo = null
12-12 12:47:44.867   751   751 I ServiceKeeper: In getseinfo pid = 751 uid = 1000 seinfo= system
12-12 12:47:44.867   751   751 D RCPManagerService: getPolicy: Policy checking block entered for Notifications; for user/persona = -1 ; Policy = knox-export-data ; token = 4294967296751
12-12 12:47:44.867   751   751 I ServiceKeeper: In getappinfo pid = 751 pkgName = android appinfo = null
12-12 12:47:44.867   751   751 I ServiceKeeper: In getseinfo pid = 751 uid = 1000 seinfo= system
12-12 12:47:44.867   751   751 D RCPManagerService: getPolicy: policy value returned = true
12-12 12:47:44.867   751   751 D RCPManagerService: Calling User is -1
12-12 12:47:44.867   751   751 D RCPManagerService: userid of SBN ==-1
12-12 12:47:44.867  1067  1067 D KeyguardUpdateMonitor: handleKeyguardVisibilityChanged(1)
12-12 12:47:44.867   751   751 W ContextImpl: Calling a method in the system process without a qualified user: android.app.ContextImpl.sendBroadcast:1505 com.android.server.NotificationManagerService$7.run:2172 android.os.Handler.handleCallback:733 android.os.Handler.dispatchMessage:95 android.os.Looper.loop:136 
12-12 12:47:44.867   751   751 D UserManagerService: User -1does not exists!!
12-12 12:47:44.867   751   751 E PersonaManagerService: Unable to read user list
12-12 12:47:44.867   751   751 E PersonaManagerService: returning null in  getPersonasForUser
12-12 12:47:44.877   751   987 I InputDispatcher: Delivering touch to: action: 0x4, toolType: 0
12-12 12:47:44.877   751   987 I InputDispatcher: Delivering touch to: action: 0x4, toolType: 0
12-12 12:47:44.877   751   987 I InputDispatcher: Delivering touch to: action: 0x0, toolType: 0
12-12 12:47:44.897   751   987 I InputDispatcher: Delivering touch to: action: 0x1, toolType: 0
12-12 12:47:44.897 11973 11973 D dalvikvm: GC_FOR_ALLOC freed 4746K, 23% free 21046K/27144K, paused 28ms, total 28ms
12-12 12:47:44.897 11973 11973 I SamsungIME: drawAllKey
12-12 12:47:44.907 11973 11973 D skia    : GFXPNG PNG bitmap created width:60 height:75 bitmap id is 476 
12-12 12:47:44.917 11973 11973 D skia    : GFXPNG PNG bitmap created width:128 height:112 bitmap id is 477 
12-12 12:47:44.927 11973 11973 D skia    : GFXPNG PNG bitmap created width:128 height:112 bitmap id is 478 
12-12 12:47:44.937 11973 11973 D skia    : GFXPNG PNG bitmap created width:89 height:112 bitmap id is 479 
12-12 12:47:44.937 11973 11973 D skia    : GFXPNG PNG bitmap created width:89 height:112 bitmap id is 480 
12-12 12:47:44.937 11973 11973 D skia    : GFXPNG PNG bitmap created width:76 height:43 bitmap id is 481 
12-12 12:47:44.937 11973 11973 D skia    : GFXPNG PNG bitmap created width:88 height:136 bitmap id is 482 
12-12 12:47:44.947 11973 11973 D skia    : GFXPNG PNG bitmap created width:495 height:112 bitmap id is 483 
12-12 12:47:44.947   751   987 I InputDispatcher: Delivering touch to: action: 0x4, toolType: 0
12-12 12:47:44.947   751   987 I InputDispatcher: Delivering touch to: action: 0x4, toolType: 0
12-12 12:47:44.947   751   987 I InputDispatcher: Delivering touch to: action: 0x0, toolType: 0
12-12 12:47:44.947 11973 11973 D skia    : GFXPNG PNG bitmap created width:495 height:112 bitmap id is 484 
12-12 12:47:44.957   751   987 I InputDispatcher: Delivering touch to: action: 0x1, toolType: 0
12-12 12:47:44.967 11973 12766 V Vibrator: vibrateImmVibe - PUID: 1000, PackageName: com.sec.android.inputmethod, pattern, magType: TouchMagnitude
12-12 12:47:44.967   751  4314 V VibratorService: vibrateImmVibePatternMagnitudeType - magnitudeType: TouchMagnitude
12-12 12:47:44.967   751  4314 D VibratorService: ImmVibe vibratorOff()
12-12 12:47:44.967   751  4314 V VibratorService: vibrateImmVibePattern - package: com.sec.android.inputmethod, magnitude: 6000
12-12 12:47:44.977   751   958 D PackageManager: [MSG] WRITE_PACKAGE_RESTRICTIONS
12-12 12:47:44.997   261   261 I SurfaceFlinger: id=61 createSurf (1x1),1 flag=4, Uoast
12-12 12:47:44.997  1067  1702 D KeyguardUpdateMonitor: sendKeyguardVisibilityChanged(true)
12-12 12:47:44.997  1067  1067 D KeyguardUpdateMonitor: handleKeyguardVisibilityChanged(1)
12-12 12:47:44.997   751   969 I ServiceKeeper: In getappinfo pid = 751 pkgName = android appinfo = null
12-12 12:47:44.997   751   969 I ServiceKeeper: In getseinfo pid = 751 uid = 1000 seinfo= system
12-12 12:47:44.997   751  1443 D PowerManagerService: [api] acquire WakeLock flags=0x2000000a tag=WindowManager uid=1000 pid=751
12-12 12:47:45.007  1067  1131 D KeyguardUpdateMonitor: sendKeyguardVisibilityChanged(true)
12-12 12:47:45.007  1067  1067 D KeyguardUpdateMonitor: handleKeyguardVisibilityChanged(1)
12-12 12:47:45.007   751   987 I InputDispatcher: Delivering touch to: action: 0x4, toolType: 0
12-12 12:47:45.007   751   987 I InputDispatcher: Delivering touch to: action: 0x4, toolType: 0
12-12 12:47:45.007   751   987 I InputDispatcher: Delivering touch to: action: 0x4, toolType: 0
12-12 12:47:45.007   751   987 I InputDispatcher: Delivering touch to: action: 0x0, toolType: 0
12-12 12:47:45.007  1067  1082 D KeyguardUpdateMonitor: sendKeyguardVisibilityChanged(true)
12-12 12:47:45.007  1067  1067 D KeyguardUpdateMonitor: handleKeyguardVisibilityChanged(1)
12-12 12:47:45.007   751   778 I NotificationService: cancelToast pkg=com.example.snoopy callback=android.app.ITransientNotification$Stub$Proxy@43debc28
12-12 12:47:45.017   751   987 I InputDispatcher: Delivering touch to: action: 0x1, toolType: 0
12-12 12:47:45.027  1067  1131 D KeyguardUpdateMonitor: sendKeyguardVisibilityChanged(true)
12-12 12:47:45.027  1067  1067 D KeyguardUpdateMonitor: handleKeyguardVisibilityChanged(1)
12-12 12:47:45.027 11973 12766 V Vibrator: vibrateImmVibe - PUID: 1000, PackageName: com.sec.android.inputmethod, pattern, magType: TouchMagnitude
12-12 12:47:45.027  1067  5218 D KeyguardUpdateMonitor: sendKeyguardVisibilityChanged(true)
12-12 12:47:45.027  1067  1067 D KeyguardUpdateMonitor: handleKeyguardVisibilityChanged(1)
12-12 12:47:45.027   751  1341 V VibratorService: vibrateImmVibePatternMagnitudeType - magnitudeType: TouchMagnitude
12-12 12:47:45.027   751  1341 D VibratorService: ImmVibe vibratorOff()
12-12 12:47:45.027   751  1341 V VibratorService: vibrateImmVibePattern - package: com.sec.android.inputmethod, magnitude: 6000
12-12 12:47:45.037   751   969 I ServiceKeeper: In getappinfo pid = 751 pkgName = android appinfo = null
12-12 12:47:45.037   751   969 I ServiceKeeper: In getseinfo pid = 751 uid = 1000 seinfo= system
12-12 12:47:45.037   751   969 I ServiceKeeper: In getappinfo pid = 751 pkgName = android appinfo = null
12-12 12:47:45.037   751   969 I ServiceKeeper: In getseinfo pid = 751 uid = 1000 seinfo= system
12-12 12:47:45.037   751   969 I ServiceKeeper: In getappinfo pid = 751 pkgName = android appinfo = null
12-12 12:47:45.037   751   969 I ServiceKeeper: In getseinfo pid = 751 uid = 1000 seinfo= system
12-12 12:47:45.037  1067  1703 D KeyguardUpdateMonitor: sendKeyguardVisibilityChanged(true)
12-12 12:47:45.037  1067  1067 D KeyguardUpdateMonitor: handleKeyguardVisibilityChanged(1)
12-12 12:47:45.037 11973 11973 D SamsungIME: SwiftkeyWrapper-checkCurrentSequence : use IC
12-12 12:47:45.037   751   777 D PowerManagerService: [api] [s] userActivity : event: 0 flags: 0 (uid: 1000 pid: 751)
12-12 12:47:45.037   751   777 D PowerManagerService: [api] release WakeLock flags=0x2000000a tag=WindowManager uid=1000 pid=751 (0x0)
12-12 12:47:45.037   751   777 D PowerManagerService: [api] applyWakeLockFlagsOnReleaseLocked : userActivityNoUpdateLocked is called : SCREEN_BRIGHT_WAKE_LOCK        'WindowManager' ON_AFTER_RELEASE (uid=1000, pid=751, ws=WorkSource{10813}) (elapsedTime=32)
12-12 12:47:45.057  1744  1744 I MultiUserPreferences: commit
12-12 12:47:45.067   751   987 I InputDispatcher: Delivering touch to: action: 0x4, toolType: 0
12-12 12:47:45.067   751   987 I InputDispatcher: Delivering touch to: action: 0x4, toolType: 0
12-12 12:47:45.067   751   987 I InputDispatcher: Delivering touch to: action: 0x0, toolType: 0
12-12 12:47:45.067   751   987 I InputDispatcher: Delivering touch to: action: 0x1, toolType: 0
12-12 12:47:45.077  1067  1131 D KeyguardUpdateMonitor: sendKeyguardVisibilityChanged(true)
12-12 12:47:45.077  1067  1067 D KeyguardUpdateMonitor: handleKeyguardVisibilityChanged(1)
12-12 12:47:45.077   751   982 W PersonaManager: getPersonaIds()
12-12 12:47:45.077   751   982 V AlarmManager: waitForAlarm result :8
12-12 12:47:45.087   751   969 I ServiceKeeper: In getappinfo pid = 751 pkgName = android appinfo = null
12-12 12:47:45.087   751   969 I ServiceKeeper: In getseinfo pid = 751 uid = 1000 seinfo= system
12-12 12:47:45.087   751   969 I ServiceKeeper: In getappinfo pid = 751 pkgName = android appinfo = null
12-12 12:47:45.087   751   969 I ServiceKeeper: In getseinfo pid = 751 uid = 1000 seinfo= system
12-12 12:47:45.097 11973 11973 D SamsungIME: SwiftkeyWrapper-checkCurrentSequence : use IC
12-12 12:47:45.107   261   261 I SurfaceFlinger: id=62 createSurf (1x1),1 flag=4, Uoast
12-12 12:47:45.107  1067  1702 D KeyguardUpdateMonitor: sendKeyguardVisibilityChanged(true)
12-12 12:47:45.107  1067  1067 D KeyguardUpdateMonitor: handleKeyguardVisibilityChanged(1)
12-12 12:47:45.117   751   969 I ServiceKeeper: In getappinfo pid = 751 pkgName = android appinfo = null
12-12 12:47:45.117   751   969 I ServiceKeeper: In getseinfo pid = 751 uid = 1000 seinfo= system
12-12 12:47:45.117  1067  1081 D KeyguardUpdateMonitor: sendKeyguardVisibilityChanged(true)
12-12 12:47:45.117  1067  1067 D KeyguardUpdateMonitor: handleKeyguardVisibilityChanged(1)
12-12 12:47:45.117   751   778 D PowerManagerService: [api] acquire WakeLock flags=0x2000000a tag=WindowManager uid=1000 pid=751
12-12 12:47:45.127   751   987 I InputDispatcher: Delivering touch to: action: 0x4, toolType: 0
12-12 12:47:45.127   751   987 I InputDispatcher: Delivering touch to: action: 0x4, toolType: 0
12-12 12:47:45.127   751   987 I InputDispatcher: Delivering touch to: action: 0x4, toolType: 0
12-12 12:47:45.127   751   987 I InputDispatcher: Delivering touch to: action: 0x0, toolType: 0
12-12 12:47:45.127   751   987 I InputDispatcher: Delivering touch to: action: 0x1, toolType: 0
12-12 12:47:45.127   751  1451 I NotificationService: cancelToast pkg=com.example.snoopy callback=android.app.ITransientNotification$Stub$Proxy@44c961a0
12-12 12:47:45.137 15500 15500 W IInputConnectionWrapper: getTextBeforeCursor on inactive InputConnection
12-12 12:47:45.147  1067  1131 D KeyguardUpdateMonitor: sendKeyguardVisibilityChanged(true)
12-12 12:47:45.147  1067  1067 D KeyguardUpdateMonitor: handleKeyguardVisibilityChanged(1)
12-12 12:47:45.147 15500 15500 W IInputConnectionWrapper: getTextAfterCursor on inactive InputConnection
12-12 12:47:45.157  1067  1082 D KeyguardUpdateMonitor: sendKeyguardVisibilityChanged(true)
12-12 12:47:45.157  1067  1067 D KeyguardUpdateMonitor: handleKeyguardVisibilityChanged(1)
12-12 12:47:45.157  1067  1703 D KeyguardUpdateMonitor: sendKeyguardVisibilityChanged(true)
12-12 12:47:45.157  1067  1067 D KeyguardUpdateMonitor: handleKeyguardVisibilityChanged(1)
12-12 12:47:45.157   751   969 I ServiceKeeper: In getappinfo pid = 751 pkgName = android appinfo = null
12-12 12:47:45.157   751  4314 D PowerManagerService: [api] [s] userActivity : event: 0 flags: 0 (uid: 1000 pid: 751)
12-12 12:47:45.157   751  4314 D PowerManagerService: [api] release WakeLock flags=0x2000000a tag=WindowManager uid=1000 pid=751 (0x0)
12-12 12:47:45.157   751  4314 D PowerManagerService: [api] applyWakeLockFlagsOnReleaseLocked : userActivityNoUpdateLocked is called : SCREEN_BRIGHT_WAKE_LOCK        'WindowManager' ON_AFTER_RELEASE (uid=1000, pid=751, ws=WorkSource{10813}) (elapsedTime=43)
12-12 12:47:45.167   751   969 I ServiceKeeper: In getseinfo pid = 751 uid = 1000 seinfo= system
12-12 12:47:45.167   751   969 I ServiceKeeper: In getappinfo pid = 751 pkgName = android appinfo = null
12-12 12:47:45.167   751   969 I ServiceKeeper: In getseinfo pid = 751 uid = 1000 seinfo= system
12-12 12:47:45.167   751   969 I ServiceKeeper: In getappinfo pid = 751 pkgName = android appinfo = null
12-12 12:47:45.167   751   969 I ServiceKeeper: In getseinfo pid = 751 uid = 1000 seinfo= system
12-12 12:47:45.167 11973 11973 D SamsungIME: onStartInputView
12-12 12:47:45.167 11973 11973 I SamsungIME: Update SetupWizard State usc : 1 pss : false
12-12 12:47:45.177 11973 11973 D SamsungIME: [AbstractKeyboardView] onDetachedFromWindow.
12-12 12:47:45.177 11973 11973 D SamsungIME: Magnification Enabled = false
12-12 12:47:45.177 11973 11973 I SamsungIME: getCurrentCandidateView
12-12 12:47:45.177 11973 11973 W ContextImpl: Calling a method in the system process without a qualified user: android.app.ContextImpl.sendBroadcast:1491 android.content.ContextWrapper.sendBroadcast:377 com.diotek.ime.framework.common.InputManagerImpl.sendInputLanguage:9297 com.diotek.ime.framework.common.InputManagerImpl.initDefaultLanguage:4874 com.diotek.ime.framework.common.InputManagerImpl.initSelectedLanguage:5116 
12-12 12:47:45.177   751   987 I InputDispatcher: Delivering touch to: action: 0x4, toolType: 0
12-12 12:47:45.177   751   987 I InputDispatcher: Delivering touch to: action: 0x4, toolType: 0
12-12 12:47:45.187   751   987 I InputDispatcher: Delivering touch to: action: 0x0, toolType: 0
12-12 12:47:45.187   751   987 I InputDispatcher: Delivering touch to: action: 0x1, toolType: 0
12-12 12:47:45.217 11973 11973 D SamsungIME: [AbstractKeyboardView] onDetachedFromWindow.
12-12 12:47:45.217 11973 11973 D SamsungIME: Magnification Enabled = false
12-12 12:47:45.217 11973 11973 W ContextImpl: Calling a method in the system process without a qualified user: android.app.ContextImpl.sendBroadcast:1491 android.content.ContextWrapper.sendBroadcast:377 com.diotek.ime.framework.common.InputManagerImpl.sendInputLanguage:9297 com.diotek.ime.framework.common.InputManagerImpl.setLanguage:5447 com.diotek.ime.framework.common.InputManagerImpl.startInputViewContinue:3336 
12-12 12:47:45.227 11973 11973 I SamsungIME: getCurrentKeyboard
12-12 12:47:45.227 11973 11973 I SamsungIME: getTextKeyboard
12-12 12:47:45.227 11973 11973 D SamsungIME: [AbstractSwiftkeyManager-getMostLikelyCharacter]
12-12 12:47:45.237 11973 11973 D SamsungIME: [SwiftkeyWrapper] currentLangauge : 1701729619
12-12 12:47:45.237 11973 11973 D SamsungIME: startInputViewContinue : true true
12-12 12:47:45.237 11973 11973 D SamsungIME: conditions for show dialog : true true false false
12-12 12:47:45.237 11973 11973 D SamsungIME: showDlgMsgBox : true true true
12-12 12:47:45.237 11973 11973 D SamsungIME: showDlgMsgBox inner condition : true true
12-12 12:47:45.237 11973 11973 I SamsungIME: [IMI] startInputView - caller pid : 15500, caller uid : 10813
12-12 12:47:45.237 11973 11973 W ContextImpl: Calling a method in the system process without a qualified user: android.app.ContextImpl.sendBroadcast:1491 android.content.ContextWrapper.sendBroadcast:377 android.inputmethodservice.InputMethodService.sendInputViewShownState:542 android.inputmethodservice.InputMethodService.showWindow:2225 android.inputmethodservice.InputMethodService$InputMethodImpl.showSoftInput:719 
12-12 12:47:45.247  1744  1744 I MultiUserPreferences: commit
12-12 12:47:45.247  1067  5218 D LockPatternUtils: isPcwEnable = null
12-12 12:47:45.247   751   987 I InputDispatcher: Delivering touch to: action: 0x4, toolType: 0
12-12 12:47:45.247   751   987 I InputDispatcher: Delivering touch to: action: 0x4, toolType: 0
12-12 12:47:45.247   751   987 I InputDispatcher: Delivering touch to: action: 0x0, toolType: 0
12-12 12:47:45.247   751   987 I InputDispatcher: Delivering touch to: action: 0x1, toolType: 0
12-12 12:47:45.247   751  2586 D SSRMv2:TSP:AirViewOnOff: DeviceInfo:: 00010000000
12-12 12:47:45.247   751  2586 D SSRMv2:TSP:AirViewOnOff: SettingsAirViewInfo:: 000000000
12-12 12:47:45.257   751   751 W ContextImpl: Calling a method in the system process without a qualified user: android.app.ContextImpl.sendBroadcast:1505 com.android.server.StatusBarManagerService.sendNotification:985 com.android.server.StatusBarManagerService.updateNotification:694 com.android.server.NotificationManagerService$7.run:2134 android.os.Handler.handleCallback:733 
12-12 12:47:45.257   751   751 D STATUSBAR-StatusBarManagerService: sendNotification(2) - 17041265
12-12 12:47:45.267   751   751 D NotificationService: Sending broadcast with sbn as extra = StatusBarNotification(pkg=android user=UserHandle{-1} id=17041265 tag=null score=0: Notification(pri=0 icon=108053a contentView=android/0x109007f vibrate=null sound=null defaults=0x0 flags=0x1002 when=0 ledARGB=0x0 contentIntent=Y deleteIntent=N contentTitle=19 contentText=16 tickerText=N kind=[android.system.imeswitcher]))
12-12 12:47:45.267   751   751 D RCPManagerService: NotificationReceiver onReceive()
12-12 12:47:45.267   751   751 D RCPManagerService:  NotificationReceiver sbn.getPackageName() android sbn.getUser().getIdentifier() -1
12-12 12:47:45.267   751   751 I ServiceKeeper: In getappinfo pid = 751 pkgName = android appinfo = null
12-12 12:47:45.267   751   751 I ServiceKeeper: In getseinfo pid = 751 uid = 1000 seinfo= system
12-12 12:47:45.267   751   751 D RCPManagerService: getPolicy: Policy checking block entered for Notifications; for user/persona = -1 ; Policy = knox-sanitize-data ; token = 4294967296751
12-12 12:47:45.267   751   751 I ServiceKeeper: In getappinfo pid = 751 pkgName = android appinfo = null
12-12 12:47:45.267   751   751 I ServiceKeeper: In getseinfo pid = 751 uid = 1000 seinfo= system
12-12 12:47:45.267   751   751 D RCPManagerService: getPolicy: policy value returned = false
12-12 12:47:45.267   751   751 D RCPManagerService: going to get the app label for pkg == android
12-12 12:47:45.267   751   751 D RCPManagerService: app label == android
12-12 12:47:45.267   751   751 I ServiceKeeper: In getappinfo pid = 751 pkgName = android appinfo = null
12-12 12:47:45.267   751   751 I ServiceKeeper: In getseinfo pid = 751 uid = 1000 seinfo= system
12-12 12:47:45.267   751   751 D RCPManagerService: getPolicy: Policy checking block entered for Notifications; for user/persona = -1 ; Policy = knox-export-data ; token = 4294967296751
12-12 12:47:45.267   751   751 I ServiceKeeper: In getappinfo pid = 751 pkgName = android appinfo = null
12-12 12:47:45.267   751   751 I ServiceKeeper: In getseinfo pid = 751 uid = 1000 seinfo= system
12-12 12:47:45.267   751   751 D RCPManagerService: getPolicy: policy value returned = true
12-12 12:47:45.267   751   751 D RCPManagerService: Calling User is -1
12-12 12:47:45.267   751   751 D RCPManagerService: userid of SBN ==-1
12-12 12:47:45.267   751   751 W ContextImpl: Calling a method in the system process without a qualified user: android.app.ContextImpl.sendBroadcast:1505 com.android.server.NotificationManagerService$7.run:2172 android.os.Handler.handleCallback:733 android.os.Handler.dispatchMessage:95 android.os.Looper.loop:136 
12-12 12:47:45.267   751   751 D UserManagerService: User -1does not exists!!
12-12 12:47:45.267   751   751 E PersonaManagerService: Unable to read user list
12-12 12:47:45.267   751   751 E PersonaManagerService: returning null in  getPersonasForUser
12-12 12:47:45.297 11973 11973 D dalvikvm: GC_FOR_ALLOC freed 1054K, 20% free 24279K/30348K, paused 31ms, total 31ms
12-12 12:47:45.307   751   987 I InputDispatcher: Delivering touch to: action: 0x4, toolType: 0
12-12 12:47:45.307   751   987 I InputDispatcher: Delivering touch to: action: 0x4, toolType: 0
12-12 12:47:45.307   751   987 I InputDispatcher: Delivering touch to: action: 0x0, toolType: 0
12-12 12:47:45.307 11973 11973 I SamsungIME: drawAllKey
12-12 12:47:45.307 11973 11973 D skia    : GFXPNG PNG bitmap created width:60 height:75 bitmap id is 488 
12-12 12:47:45.307   751   987 I InputDispatcher: Delivering touch to: action: 0x1, toolType: 0
12-12 12:47:45.337 11973 11973 D skia    : GFXPNG PNG bitmap created width:128 height:112 bitmap id is 489 
12-12 12:47:45.337 11973 11973 D skia    : GFXPNG PNG bitmap created width:128 height:112 bitmap id is 490 
12-12 12:47:45.357 11973 11973 D skia    : GFXPNG PNG bitmap created width:89 height:112 bitmap id is 491 
12-12 12:47:45.357 11973 11973 D skia    : GFXPNG PNG bitmap created width:89 height:112 bitmap id is 492 
12-12 12:47:45.367   751   987 I InputDispatcher: Delivering touch to: action: 0x4, toolType: 0
12-12 12:47:45.367   751   987 I InputDispatcher: Delivering touch to: action: 0x4, toolType: 0
12-12 12:47:45.367   751   987 I InputDispatcher: Delivering touch to: action: 0x0, toolType: 0
12-12 12:47:45.367   751   969 I ServiceKeeper: In getappinfo pid = 751 pkgName = android appinfo = null
12-12 12:47:45.367   751   969 I ServiceKeeper: In getseinfo pid = 751 uid = 1000 seinfo= system
12-12 12:47:45.377   751   987 I InputDispatcher: Delivering touch to: action: 0x1, toolType: 0
12-12 12:47:45.377 11973 11973 D skia    : GFXPNG PNG bitmap created width:495 height:112 bitmap id is 493 
12-12 12:47:45.377 11973 11973 D skia    : GFXPNG PNG bitmap created width:495 height:112 bitmap id is 494 
12-12 12:47:45.377 11973 12766 V Vibrator: vibrateImmVibe - PUID: 1000, PackageName: com.sec.android.inputmethod, pattern, magType: TouchMagnitude
12-12 12:47:45.377   751  1341 V VibratorService: vibrateImmVibePatternMagnitudeType - magnitudeType: TouchMagnitude
12-12 12:47:45.377   751  1341 D VibratorService: ImmVibe vibratorOff()
12-12 12:47:45.377   751  1341 V VibratorService: vibrateImmVibePattern - package: com.sec.android.inputmethod, magnitude: 6000
12-12 12:47:45.387 11973 11973 E SamsungIME: SwiftkeyWrapper-inputKey
12-12 12:47:45.387 11973 11973 D SamsungIME: [AbstractSwiftkeyManager-getMostLikelyCharacter]
12-12 12:47:45.397 11973 12766 V Vibrator: vibrateImmVibe - PUID: 1000, PackageName: com.sec.android.inputmethod, pattern, magType: TouchMagnitude
12-12 12:47:45.397 11973 11973 E SamsungIME: SwiftkeyWrapper-inputKey
12-12 12:47:45.397   751   778 V VibratorService: vibrateImmVibePatternMagnitudeType - magnitudeType: TouchMagnitude
12-12 12:47:45.397   751   778 D VibratorService: ImmVibe vibratorOff()
12-12 12:47:45.397   751   778 V VibratorService: vibrateImmVibePattern - package: com.sec.android.inputmethod, magnitude: 6000
12-12 12:47:45.397 11973 11973 W ContextImpl: Calling a method in the system process without a qualified user: android.app.ContextImpl.sendBroadcast:1491 android.content.ContextWrapper.sendBroadcast:377 android.inputmethodservice.InputMethodService.sendInputViewShownState:542 android.inputmethodservice.InputMethodService.showWindow:2225 android.inputmethodservice.InputMethodService$InputMethodImpl.showSoftInput:719 
12-12 12:47:45.407  1744  1744 I MultiUserPreferences: commit
12-12 12:47:45.407  1067  1702 D LockPatternUtils: isPcwEnable = null
12-12 12:47:45.407   751  2586 D SSRMv2:TSP:AirViewOnOff: DeviceInfo:: 00010000000
12-12 12:47:45.407   751  2586 D SSRMv2:TSP:AirViewOnOff: SettingsAirViewInfo:: 000000000
12-12 12:47:45.407   751   751 W ContextImpl: Calling a method in the system process without a qualified user: android.app.ContextImpl.sendBroadcast:1505 com.android.server.StatusBarManagerService.sendNotification:985 com.android.server.StatusBarManagerService.updateNotification:694 com.android.server.NotificationManagerService$7.run:2134 android.os.Handler.handleCallback:733 
12-12 12:47:45.407   751   751 D STATUSBAR-StatusBarManagerService: sendNotification(2) - 17041265
12-12 12:47:45.417   751   751 D NotificationService: Sending broadcast with sbn as extra = StatusBarNotification(pkg=android user=UserHandle{-1} id=17041265 tag=null score=0: Notification(pri=0 icon=108053a contentView=android/0x109007f vibrate=null sound=null defaults=0x0 flags=0x1002 when=0 ledARGB=0x0 contentIntent=Y deleteIntent=N contentTitle=19 contentText=16 tickerText=N kind=[android.system.imeswitcher]))
12-12 12:47:45.417   751   751 D RCPManagerService: NotificationReceiver onReceive()
12-12 12:47:45.417   751   751 D RCPManagerService:  NotificationReceiver sbn.getPackageName() android sbn.getUser().getIdentifier() -1
12-12 12:47:45.417   751   751 I ServiceKeeper: In getappinfo pid = 751 pkgName = android appinfo = null
12-12 12:47:45.417   751   751 I ServiceKeeper: In getseinfo pid = 751 uid = 1000 seinfo= system
12-12 12:47:45.417   751  1452 D EnterpriseDeviceManager: ContainerId: 0
12-12 12:47:45.417   751   751 W ContextImpl: Calling a method in the system process without a qualified user: android.app.ContextImpl.sendBroadcast:1505 com.android.server.NotificationManagerService$7.run:2172 android.os.Handler.handleCallback:733 android.os.Handler.dispatchMessage:95 android.os.Looper.loop:136 
12-12 12:47:45.427   751   751 D RCPManagerService: getPolicy: Policy checking block entered for Notifications; for user/persona = -1 ; Policy = knox-sanitize-data ; token = 4294967296751
12-12 12:47:45.427   751   751 I ServiceKeeper: In getappinfo pid = 751 pkgName = android appinfo = null
12-12 12:47:45.427   751   751 I ServiceKeeper: In getseinfo pid = 751 uid = 1000 seinfo= system
12-12 12:47:45.427   751   751 D RCPManagerService: getPolicy: policy value returned = false
12-12 12:47:45.427   751   751 D RCPManagerService: going to get the app label for pkg == android
12-12 12:47:45.427   751   751 D RCPManagerService: app label == android
12-12 12:47:45.427   751   751 I ServiceKeeper: In getappinfo pid = 751 pkgName = android appinfo = null
12-12 12:47:45.427   751   751 I ServiceKeeper: In getseinfo pid = 751 uid = 1000 seinfo= system
12-12 12:47:45.427   751   751 D RCPManagerService: getPolicy: Policy checking block entered for Notifications; for user/persona = -1 ; Policy = knox-export-data ; token = 4294967296751
12-12 12:47:45.427   751   751 I ServiceKeeper: In getappinfo pid = 751 pkgName = android appinfo = null
12-12 12:47:45.427   751   751 I ServiceKeeper: In getseinfo pid = 751 uid = 1000 seinfo= system
12-12 12:47:45.427   751   751 D RCPManagerService: getPolicy: policy value returned = true
12-12 12:47:45.427   751   751 D RCPManagerService: Calling User is -1
12-12 12:47:45.427  1067  1131 D KeyguardUpdateMonitor: sendKeyguardVisibilityChanged(true)
12-12 12:47:45.427  1067  1067 D KeyguardUpdateMonitor: handleKeyguardVisibilityChanged(1)
12-12 12:47:45.427   751   987 I InputDispatcher: Delivering touch to: action: 0x4, toolType: 0
12-12 12:47:45.427   751   987 I InputDispatcher: Delivering touch to: action: 0x4, toolType: 0
12-12 12:47:45.427   751   987 I InputDispatcher: Delivering touch to: action: 0x0, toolType: 0
12-12 12:47:45.427   751   751 D RCPManagerService: userid of SBN ==-1
12-12 12:47:45.427   751  1452 D CustomFrequencyManagerService: acquireDVFSLockLocked : type : DVFS_MIN_LIMIT  frequency : 1958400  uid : 1000  pid : 751  pkgName : ACTIVITY_RESUME_BOOSTER@6
12-12 12:47:45.427   751  1452 W ActivityManager: mDVFSHelper.acquire()
12-12 12:47:45.427   751   751 D UserManagerService: User -1does not exists!!
12-12 12:47:45.427   751   751 E PersonaManagerService: Unable to read user list
12-12 12:47:45.427   751   751 E PersonaManagerService: returning null in  getPersonasForUser
12-12 12:47:45.437   751   987 I InputDispatcher: Delivering touch to: action: 0x1, toolType: 0
12-12 12:47:45.437   751   969 I ServiceKeeper: In getappinfo pid = 751 pkgName = android appinfo = null
12-12 12:47:45.437   751   969 I ServiceKeeper: In getseinfo pid = 751 uid = 1000 seinfo= system
12-12 12:47:45.447   751   939 D PointerIcon: setMouseIconStyle1 pointerType: 1001iconType:101 flag:0
12-12 12:47:45.447   751   939 D PointerIcon: setMouseCustomIcon IconType is same.101
12-12 12:47:45.447   751   939 D PointerIcon: setHoveringSpenIconStyle1 pointerType: 10001iconType:1 flag:0
12-12 12:47:45.447   751   939 D PointerIcon: setHoveringSpenCustomIcon IconType is same.1
12-12 12:47:45.447  1067  5218 D LockPatternUtils: isPcwEnable = null
12-12 12:47:45.447  2825  2825 I SQLiteSecureOpenHelper: getWritableDatabase(pwd)
12-12 12:47:45.447  2825  2825 I SQLiteSecureOpenHelper: getDatabaseLocked(b,b,pwd)...
12-12 12:47:45.447  1259  1259 D WfcActivityStateReceiver: onReceive(): packageName=com.example.snoopy, activityState=pause
12-12 12:47:45.447   751  1046 V SmartFaceService - 3rd party pause: onReceive [android.intent.action.ACTIVITY_STATE/com.example.snoopy/pause]
12-12 12:47:45.467  1067  1082 D KeyguardUpdateMonitor: sendKeyguardVisibilityChanged(true)
12-12 12:47:45.467  1067  1067 D KeyguardUpdateMonitor: handleKeyguardVisibilityChanged(1)
12-12 12:47:45.467 11973 11973 I SamsungIME: getCurrentKeyboard
12-12 12:47:45.467 11973 11973 I SamsungIME: getSymbolKeyboard
12-12 12:47:45.467  1067  1702 D LockPatternUtils: isPcwEnable = null
12-12 12:47:45.467  1259  1259 D WfcActivityStateReceiver: onReceive(): packageName=com.example.snoopy, activityState=create
12-12 12:47:45.467 11973 11973 D skia    : GFXPNG PNG bitmap created width:128 height:112 bitmap id is 496 
12-12 12:47:45.467 11973 12766 V Vibrator: vibrateImmVibe - PUID: 1000, PackageName: com.sec.android.inputmethod, pattern, magType: TouchMagnitude
12-12 12:47:45.467   751  1046 V SmartFaceService - 3rd party pause: onReceive [android.intent.action.ACTIVITY_STATE/com.example.snoopy/create]
12-12 12:47:45.477  1067  1081 D LockPatternUtils: isPcwEnable = null
12-12 12:47:45.477 11973 11973 D SamsungIME: [SwiftkeyWrapper] currentLangauge : 1701729619
12-12 12:47:45.477   751  1030 V VibratorService: vibrateImmVibePatternMagnitudeType - magnitudeType: TouchMagnitude
12-12 12:47:45.477   751  1030 D VibratorService: ImmVibe vibratorOff()
12-12 12:47:45.477   751  1030 V VibratorService: vibrateImmVibePattern - package: com.sec.android.inputmethod, magnitude: 6000
12-12 12:47:45.487 11973 11973 E SamsungIME: AbstractCandidateLayout-setCandidates suggestions count : 9
12-12 12:47:45.487  1067  1067 D PhoneStatusBar: setTransGradationMode=false, mTransparentMode=false, mSemiTransparentMode=false, mMultiWindowMode=false
12-12 12:47:45.487   751   987 I InputDispatcher: Dropping event because there is no touchable window at (562, 812).
12-12 12:47:45.487 11973 11973 D SamsungIME: SwiftkeyWrapper-checkCurrentSequence : use IC
12-12 12:47:45.487   751  7409 D StatusBarManagerService: tr p:15500,o:f
12-12 12:47:45.487   751  1451 W InputManager: Input event injection from pid 15476 failed.
12-12 12:47:45.487   751   956 W InputManager: Input event injection from pid 15476 failed.
12-12 12:47:45.487   751  1443 W InputManager: Input event injection from pid 15476 failed.
12-12 12:47:45.487   751  1030 W InputManager: Input event injection from pid 15476 failed.
12-12 12:47:45.487   751  1160 W InputManager: Input event injection from pid 15476 failed.
12-12 12:47:45.487   751   778 W InputManager: Input event injection from pid 15476 failed.
12-12 12:47:45.517  1067  1067 D PhoneStatusBar: setSemiTransparentMode=false, mTransparentMode=false, mSemiTransparentMode=false, mMultiWindowMode=false
12-12 12:47:45.517   751   778 D StatusBarManagerService: semi p:15500,o:f
12-12 12:47:45.537   751   969 I ServiceKeeper: In getappinfo pid = 751 pkgName = android appinfo = null
12-12 12:47:45.537   751   969 I ServiceKeeper: In getseinfo pid = 751 uid = 1000 seinfo= system
12-12 12:47:45.537   751   969 I ServiceKeeper: In getappinfo pid = 751 pkgName = android appinfo = null
12-12 12:47:45.537   751   969 I ServiceKeeper: In getseinfo pid = 751 uid = 1000 seinfo= system
12-12 12:47:45.537   751   987 I InputDispatcher: Dropping event because there is no touchable window at (851, 648).
12-12 12:47:45.537   751  1462 W InputManager: Input event injection from pid 15476 failed.
12-12 12:47:45.547   261   261 I SurfaceFlinger: id=63 createSurf (1x1),1 flag=404, MoginActivi
12-12 12:47:45.547   751  7404 I SpenGestureManager: setFocusWindow21030
12-12 12:47:45.547   751   948 D EnterpriseDeviceManager: ContainerId: 0
12-12 12:47:45.547  1067  1703 D KeyguardUpdateMonitor: sendKeyguardVisibilityChanged(true)
12-12 12:47:45.547  1067  1067 D KeyguardUpdateMonitor: handleKeyguardVisibilityChanged(1)
12-12 12:47:45.547   751  1341 W InputManager: Input event injection from pid 15476 failed.
12-12 12:47:45.547   751  7409 W InputManager: Input event injection from pid 15476 failed.
12-12 12:47:45.547   751  1444 W InputManager: Input event injection from pid 15476 failed.
12-12 12:47:45.547   751  1704 W InputManager: Input event injection from pid 15476 failed.
12-12 12:47:45.547   751   948 D STATUSBAR-StatusBarManagerService: manageDisableList what=0x0 pkg=WindowManager.LayoutParams
12-12 12:47:45.557   751   982 W PersonaManager: getPersonaIds()
12-12 12:47:45.557   751   969 I ServiceKeeper: In getappinfo pid = 751 pkgName = android appinfo = null
12-12 12:47:45.557   751   969 I ServiceKeeper: In getseinfo pid = 751 uid = 1000 seinfo= system
12-12 12:47:45.557   751   969 I ServiceKeeper: In getappinfo pid = 751 pkgName = android appinfo = null
12-12 12:47:45.557   751   982 V AlarmManager: waitForAlarm result :4
12-12 12:47:45.557   751   982 V AlarmManager: trigger ELAPSED_REALTIME_WAKEUP or RTC_WAKEUP
12-12 12:47:45.567   751   969 I ServiceKeeper: In getseinfo pid = 751 uid = 1000 seinfo= system
12-12 12:47:45.577  1067  1131 D KeyguardUpdateMonitor: sendKeyguardVisibilityChanged(true)
12-12 12:47:45.577  1067  1067 D KeyguardUpdateMonitor: handleKeyguardVisibilityChanged(1)
12-12 12:47:45.587   751   939 D PointerIcon: setMouseIconStyle1 pointerType: 1001iconType:101 flag:0
12-12 12:47:45.587   751   939 D PointerIcon: setMouseCustomIcon IconType is same.101
12-12 12:47:45.587   751   939 D PointerIcon: setHoveringSpenIconStyle1 pointerType: 10001iconType:1 flag:0
12-12 12:47:45.587   751   939 D PointerIcon: setHoveringSpenCustomIcon IconType is same.1
12-12 12:47:45.587   261   261 I SurfaceFlinger: id=64 createSurf (156x987),1 flag=4, UwToolBoxFl
12-12 12:47:45.587  1067  1703 D KeyguardUpdateMonitor: sendKeyguardVisibilityChanged(true)
12-12 12:47:45.597  1067  1067 D KeyguardUpdateMonitor: handleKeyguardVisibilityChanged(1)
12-12 12:47:45.597   261  1175 I SurfaceFlinger: id=61 Removed Uoast (14/16)
12-12 12:47:45.597   261 15639 I SurfaceFlinger: id=61 Removed Uoast (-2/16)
12-12 12:47:45.597   751   987 I InputDispatcher: Delivering touch to: action: 0x4, toolType: 0
12-12 12:47:45.597   751   987 I InputDispatcher: Delivering touch to: action: 0x4, toolType: 0
12-12 12:47:45.597   751   987 I InputDispatcher: Delivering touch to: action: 0x0, toolType: 0
12-12 12:47:45.597   751   987 I InputDispatcher: Delivering touch to: action: 0x1, toolType: 0
12-12 12:47:45.597  1067  1702 D KeyguardUpdateMonitor: sendKeyguardVisibilityChanged(true)
12-12 12:47:45.597  1067  1067 D KeyguardUpdateMonitor: handleKeyguardVisibilityChanged(1)
12-12 12:47:45.597  1067  1131 D KeyguardUpdateMonitor: sendKeyguardVisibilityChanged(true)
12-12 12:47:45.597  1067  1067 D KeyguardUpdateMonitor: handleKeyguardVisibilityChanged(1)
12-12 12:47:45.617  1744  1744 I MultiUserPreferences: commit
12-12 12:47:45.617   751   969 I ServiceKeeper: In getappinfo pid = 751 pkgName = android appinfo = null
12-12 12:47:45.617   751   969 I ServiceKeeper: In getseinfo pid = 751 uid = 1000 seinfo= system
12-12 12:47:45.617  1067  5218 D KeyguardUpdateMonitor: sendKeyguardVisibilityChanged(true)
12-12 12:47:45.617  1067  1067 D KeyguardUpdateMonitor: handleKeyguardVisibilityChanged(1)
12-12 12:47:45.627  1067  1702 D KeyguardUpdateMonitor: sendKeyguardVisibilityChanged(true)
12-12 12:47:45.627  1067  1067 D KeyguardUpdateMonitor: handleKeyguardVisibilityChanged(1)
12-12 12:47:45.627  1067  1081 D KeyguardUpdateMonitor: sendKeyguardVisibilityChanged(true)
12-12 12:47:45.627  1067  1067 D KeyguardUpdateMonitor: handleKeyguardVisibilityChanged(1)
12-12 12:47:45.637  1067  1082 D KeyguardUpdateMonitor: sendKeyguardVisibilityChanged(true)
12-12 12:47:45.637  1067  1067 D KeyguardUpdateMonitor: handleKeyguardVisibilityChanged(1)
12-12 12:47:45.637  1067  1703 D KeyguardUpdateMonitor: sendKeyguardVisibilityChanged(true)
12-12 12:47:45.637  1067  1067 D KeyguardUpdateMonitor: handleKeyguardVisibilityChanged(1)
12-12 12:47:45.647  1067  1131 D KeyguardUpdateMonitor: sendKeyguardVisibilityChanged(true)
12-12 12:47:45.647  1067  1067 D KeyguardUpdateMonitor: handleKeyguardVisibilityChanged(1)
12-12 12:47:45.647   751   987 I InputDispatcher: Delivering touch to: action: 0x4, toolType: 0
12-12 12:47:45.647   751   987 I InputDispatcher: Delivering touch to: action: 0x4, toolType: 0
12-12 12:47:45.647   751   987 I InputDispatcher: Delivering touch to: action: 0x0, toolType: 0
12-12 12:47:45.647   751   987 I InputDispatcher: Delivering touch to: action: 0x1, toolType: 0
12-12 12:47:45.657  1067  1703 D KeyguardUpdateMonitor: sendKeyguardVisibilityChanged(true)
12-12 12:47:45.657  1067  1067 D KeyguardUpdateMonitor: handleKeyguardVisibilityChanged(1)
12-12 12:47:45.657   751   751 D NotificationService: cancelNotificationLocked
12-12 12:47:45.657   751   751 D NotificationService:  hasClearableItems
12-12 12:47:45.657   751   751 D NotificationService: Num of hasClearableItems : 1
12-12 12:47:45.657   751 15663 W ContextImpl: Calling a method in the system process without a qualified user: android.app.ContextImpl.sendBroadcast:1491 com.android.server.InputMethodManagerService$4.run:2827 java.lang.Thread.run:841 <bottom of call stack> <bottom of call stack> 
