--------- beginning of main
12-11 19:53:30.946   625   625 I cnss-daemon: RTM_NEWNEIGH message received: 28
12-11 19:53:30.946   625   625 E cnss-daemon: Stale or unreachable neighbors, ndm state: 16
12-11 19:53:30.959  8513  8513 E ExtendedServiceUtils: Failed to load libdashplayer.so : dlopen failed: library "libdashplayer.so" not found
12-11 19:53:30.963  8513  8513 D AndroidRuntime: >>>>>> START com.android.internal.os.RuntimeInit uid 2000 <<<<<<
12-11 19:53:30.967  8513  8513 D AndroidRuntime: CheckJNI is OFF
12-11 19:53:31.032  8513  8513 D ICU     : No timezone override file found: /data/misc/zoneinfo/current/icu/icu_tzdata.dat
12-11 19:53:31.075  8513  8513 I Radio-JNI: register_android_hardware_Radio DONE
12-11 19:53:31.092  8513  8513 D AndroidRuntime: Calling main entry com.android.commands.monkey.Monkey
--------- beginning of system
12-11 19:53:31.165  1540  1567 W BroadcastQueue: Skipping deliver [background] BroadcastRecord{ab5f7f2 u-1 android.net.conn.CONNECTIVITY_CHANGE} to ReceiverList{8327e43 8513 (unknown name)/2000/u-1 remote:bd89f54}: process crashing
12-11 19:53:31.192  4484  4488 E ANDR-PERF-MPCTL: Invalid profile no. 0, total profiles 0 only
12-11 19:53:31.193  1540  3993 I ActivityManager: START u0 {act=android.intent.action.MAIN cat=[android.intent.category.LAUNCHER] flg=0x10200000 cmp=com.example.snoopy/.MainActivity} from uid 2000 on display 0
12-11 19:53:31.193   572   677 I ThermalEngine: Thermal-Server: Thermal received msg from  override
12-11 19:53:31.194   572   677 E ThermalEngine: override_notify: SS mode 1 override
12-11 19:53:31.194  4484  8526 I Thermal-Lib: Thermal-Lib-Client: Client request sent
12-11 19:53:31.224  1540  4608 I ActivityManager: Start proc 8527:com.example.snoopy/u0a699 for activity com.example.snoopy/.MainActivity
12-11 19:53:31.230  8527  8527 I art     : Late-enabling -Xcheck:jni
12-11 19:53:31.247  1540  4665 E ActivityManager: Sending non-protected broadcast com.motorola.motocare.INTENT_TRIGGER from system 3965:com.motorola.process.system/1000 pkg com.motorola.motgeofencesvc
12-11 19:53:31.247  1540  4665 E ActivityManager: java.lang.Throwable
12-11 19:53:31.247  1540  4665 E ActivityManager: 	at com.android.server.am.ActivityManagerService.broadcastIntentLocked(ActivityManagerService.java:18226)
12-11 19:53:31.247  1540  4665 E ActivityManager: 	at com.android.server.am.ActivityManagerService.broadcastIntent(ActivityManagerService.java:18826)
12-11 19:53:31.247  1540  4665 E ActivityManager: 	at android.app.ActivityManagerNative.onTransact(ActivityManagerNative.java:512)
12-11 19:53:31.247  1540  4665 E ActivityManager: 	at com.android.server.am.ActivityManagerService.onTransact(ActivityManagerService.java:2906)
12-11 19:53:31.247  1540  4665 E ActivityManager: 	at android.os.Binder.execTransact(Binder.java:565)
12-11 19:53:31.274  1540  3676 I InputDispatcher: Dropping event because there is no touchable window at (264, 607).
12-11 19:53:31.277  1540  4664 W InputManager: Input event injection from pid 8513 failed.
12-11 19:53:31.285  1540  4609 W InputManager: Input event injection from pid 8513 failed.
12-11 19:53:31.292  1540  1554 E ActivityManager: Sending non-protected broadcast com.motorola.motocare.INTENT_TRIGGER from system 3965:com.motorola.process.system/1000 pkg com.motorola.motgeofencesvc
12-11 19:53:31.292  1540  1554 E ActivityManager: java.lang.Throwable
12-11 19:53:31.292  1540  1554 E ActivityManager: 	at com.android.server.am.ActivityManagerService.broadcastIntentLocked(ActivityManagerService.java:18226)
12-11 19:53:31.292  1540  1554 E ActivityManager: 	at com.android.server.am.ActivityManagerService.broadcastIntent(ActivityManagerService.java:18826)
12-11 19:53:31.292  1540  1554 E ActivityManager: 	at android.app.ActivityManagerNative.onTransact(ActivityManagerNative.java:512)
12-11 19:53:31.292  1540  1554 E ActivityManager: 	at com.android.server.am.ActivityManagerService.onTransact(ActivityManagerService.java:2906)
12-11 19:53:31.292  1540  1554 E ActivityManager: 	at android.os.Binder.execTransact(Binder.java:565)
12-11 19:53:31.309  8527  8527 W System  : ClassLoader referenced unknown path: /data/app/com.example.snoopy-1/lib/arm
12-11 19:53:31.339  1540  3676 I InputDispatcher: Dropping event because there is no touchable window at (843, 941).
12-11 19:53:31.339  1540  8167 W InputManager: Input event injection from pid 8513 failed.
12-11 19:53:31.342  1540  1554 W InputManager: Input event injection from pid 8513 failed.
12-11 19:53:31.345  1540  3993 W InputManager: Input event injection from pid 8513 failed.
12-11 19:53:31.348  1540  3994 W InputManager: Input event injection from pid 8513 failed.
12-11 19:53:31.350  1540  4608 W InputManager: Input event injection from pid 8513 failed.
12-11 19:53:31.351  1540  4677 W InputManager: Input event injection from pid 8513 failed.
12-11 19:53:31.366  8527  8543 W DynamiteModule: Local module descriptor class for com.google.firebase.auth not found.
12-11 19:53:31.377  8527  8543 W GooglePlayServicesUtil: Google Play services out of date.  Requires 11400000 but found 9683438
12-11 19:53:31.377  8527  8527 D FirebaseApp: com.google.firebase.crash.FirebaseCrash is not linked. Skipping initialization.
12-11 19:53:31.387  8527  8527 I FA      : App measurement is starting up, version: 11400
12-11 19:53:31.387  8527  8527 I FA      : To enable debug logging run: adb shell setprop log.tag.FA VERBOSE
12-11 19:53:31.399  8527  8527 I FA      : To enable faster debug mode event logging run:
12-11 19:53:31.399  8527  8527 I FA      :   adb shell setprop debug.firebase.analytics.app com.example.snoopy
12-11 19:53:31.403  1540  3676 I InputDispatcher: Dropping event because there is no touchable window at (235, 1126).
12-11 19:53:31.404  1540  4663 W InputManager: Input event injection from pid 8513 failed.
12-11 19:53:31.406  1540  4609 W InputManager: Input event injection from pid 8513 failed.
12-11 19:53:31.407  1540  3994 W InputManager: Input event injection from pid 8513 failed.
12-11 19:53:31.409  8527  8527 I FirebaseInitProvider: FirebaseApp initialization successful
12-11 19:53:31.410  1540  4608 W InputManager: Input event injection from pid 8513 failed.
12-11 19:53:31.413  1540  4665 W InputManager: Input event injection from pid 8513 failed.
12-11 19:53:31.415  1540  4661 W InputManager: Input event injection from pid 8513 failed.
12-11 19:53:31.420  1540  1553 W InputManager: Input event injection from pid 8513 failed.
12-11 19:53:31.424  1540  4663 W InputManager: Input event injection from pid 8513 failed.
12-11 19:53:31.429  1540  3994 W InputManager: Input event injection from pid 8513 failed.
12-11 19:53:31.432  1540  4608 W InputManager: Input event injection from pid 8513 failed.
12-11 19:53:31.440  8527  8527 W art     : Before Android 4.1, method android.graphics.PorterDuffColorFilter android.support.graphics.drawable.VectorDrawableCompat.updateTintFilter(android.graphics.PorterDuffColorFilter, android.content.res.ColorStateList, android.graphics.PorterDuff$Mode) would have incorrectly overridden the package-private method in android.graphics.drawable.Drawable
12-11 19:53:31.485  1540  3676 I InputDispatcher: Dropping event because there is no touchable window at (654, 1405).
12-11 19:53:31.485  1540  8166 W InputManager: Input event injection from pid 8513 failed.
12-11 19:53:31.486  1540  1553 W InputManager: Input event injection from pid 8513 failed.
12-11 19:53:31.487  1540  3753 W InputManager: Input event injection from pid 8513 failed.
12-11 19:53:31.491  1540  4678 W InputManager: Input event injection from pid 8513 failed.
12-11 19:53:31.494  1540  4664 W InputManager: Input event injection from pid 8513 failed.
12-11 19:53:31.496  1540  4663 W InputManager: Input event injection from pid 8513 failed.
12-11 19:53:31.498  1540  1554 W InputManager: Input event injection from pid 8513 failed.
12-11 19:53:31.500  1540  8167 W InputManager: Input event injection from pid 8513 failed.
12-11 19:53:31.501  1540  4609 W InputManager: Input event injection from pid 8513 failed.
12-11 19:53:31.554  1540  3676 I InputDispatcher: Dropping event because there is no touchable window at (954, 769).
12-11 19:53:31.554  1540  1554 W InputManager: Input event injection from pid 8513 failed.
12-11 19:53:31.555  1540  8167 W InputManager: Input event injection from pid 8513 failed.
12-11 19:53:31.607  1540  3676 I InputDispatcher: Dropping event because there is no touchable window at (1034, 201).
12-11 19:53:31.607  1540  4664 W InputManager: Input event injection from pid 8513 failed.
12-11 19:53:31.608  1540  4663 W InputManager: Input event injection from pid 8513 failed.
12-11 19:53:31.611  1540  1554 W InputManager: Input event injection from pid 8513 failed.
12-11 19:53:31.613  8527  8549 I Adreno  : QUALCOMM build                   : 7d18700, I8ee426a9a2
12-11 19:53:31.613  8527  8549 I Adreno  : Build Date                       : 10/07/16
12-11 19:53:31.613  8527  8549 I Adreno  : OpenGL ES Shader Compiler Version: XE031.09.00.03
12-11 19:53:31.613  8527  8549 I Adreno  : Local Branch                     : mybranch22308589
12-11 19:53:31.613  8527  8549 I Adreno  : Remote Branch                    : quic/LA.BR.1.3.6_rb1.6
12-11 19:53:31.613  8527  8549 I Adreno  : Remote Branch                    : NONE
12-11 19:53:31.613  8527  8549 I Adreno  : Reconstruct Branch               : NOTHING
12-11 19:53:31.622  8527  8549 I OpenGLRenderer: Initialized EGL, version 1.4
12-11 19:53:31.622  8527  8549 D OpenGLRenderer: Swap behavior 1
12-11 19:53:31.740  1540  3658 D BatteryService: uevent={POWER_SUPPLY_TEMP=277, POWER_SUPPLY_STATUS=Full, POWER_SUPPLY_CAPACITY=100, ACTION=change, DEVPATH=/devices/soc.0/qpnp-smbcharger-17/power_supply/battery, POWER_SUPPLY_AGE=99, POWER_SUPPLY_VOLTAGE_MAX=4350, SUBSYSTEM=power_supply, POWER_SUPPLY_NUM_SYSTEM_TEMP_LEVELS=8, POWER_SUPPLY_VOLTAGE_MAX_DESIGN=4350000, POWER_SUPPLY_INPUT_CURRENT_MAX=1500000, POWER_SUPPLY_CHARGE_FULL=3029000, POWER_SUPPLY_NAME=battery, POWER_SUPPLY_FLASH_CURRENT_MAX=2484836, POWER_SUPPLY_HEALTH=Good, POWER_SUPPLY_CYCLE_COUNT=0, POWER_SUPPLY_TECHNOLOGY=Li-ion, POWER_SUPPLY_CHARGE_TYPE=N/A, POWER_SUPPLY_PRESENT=1, POWER_SUPPLY_CONSTANT_CHARGE_CURRENT_MAX=2500000, POWER_SUPPLY_TEMP_HOTSPOT=0, POWER_SUPPLY_INPUT_CURRENT_SETTLED=0, POWER_SUPPLY_SAFETY_TIMER_ENABLED=0, POWER_SUPPLY_FLASH_ACTIVE=0, POWER_SUPPLY_VOLTAGE_NOW=4306157, SEQNUM=3709, POWER_SUPPLY_CHARGE_FULL_DESIGN=3059000, POWER_SUPPLY_CURRENT_NOW=152, POWER_SUPPLY_SYSTEM_TEMP_LEVEL=0, POWER_SUPPLY_CHARGE_COUNTER=3057132, POWER_SUPPLY_CHARGE_RATE=Normal, POWER_SUPPLY_CHARGING_ENABLED=1, POWER_SUPPLY_BATTERY_CHARGING_ENABLED=1}
12-11 19:53:31.808  1540  1589 I LaunchCheckinHandler: Displayed com.example.snoopy/.MainActivity,cp,ca,600
12-11 19:53:31.808  1540  1589 I ActivityManager: Displayed com.example.snoopy/.MainActivity: +600ms
12-11 19:53:31.816  4640  4640 W IInputConnectionWrapper: reportFullscreenMode on inexistent InputConnection
12-11 19:53:31.837  4700  4715 W SearchService: Abort, client detached.
12-11 19:53:31.846  4700  4700 V ConnectivityManager: isActiveNetworkMetered() returns:false
12-11 19:53:31.854  4700  4700 V ConnectivityManager: isActiveNetworkMetered() returns:false
12-11 19:53:31.867  4700  4700 I MicroDetector: Keeping mic open: false
12-11 19:53:31.868  4700  7053 I DeviceStateChecker: DeviceStateChecker cancelled
12-11 19:53:31.869  4700  4766 I AudioController: internalShutdown
12-11 19:53:31.869  4700  4766 I MicrophoneInputStream: mic_close com.google.android.apps.gsa.speech.audio.ag@dd71b7d
12-11 19:53:31.869  4700  7028 E AudioRecord-JNI: Error -4 during AudioRecord native read
12-11 19:53:31.870  4700  4869 I MicroRecognitionRunner: Stopping hotword detection.
12-11 19:53:31.890   593  7056 D audio_hw_primary: in_set_parameters: enter: kvpairs=routing=0
12-11 19:53:31.907  1540  4609 I WindowManager: Destroying surface Surface(name=com.google.android.googlequicksearchbox/com.google.android.launcher.GEL) called by com.android.server.wm.WindowStateAnimator.destroySurface:2067 com.android.server.wm.WindowStateAnimator.destroySurfaceLocked:896 com.android.server.wm.WindowState.destroyOrSaveSurface:2094 com.android.server.wm.AppWindowToken.destroySurfaces:363 com.android.server.wm.AppWindowToken.notifyAppStopped:389 com.android.server.wm.WindowManagerService.notifyAppStopped:4517 com.android.server.am.ActivityStack.activityStoppedLocked:1267 com.android.server.am.ActivityManagerService.activityStopped:7172 
12-11 19:53:31.946   593  7056 D audio_hw_primary: disable_audio_route: reset and update mixer path: audio-record
12-11 19:53:31.947   593  7056 D audio_hw_primary: disable_snd_device: snd_device(107: voice-rec-mic)
12-11 19:53:31.956  4700  7054 I MicroRecognitionRunner: Detection finished
12-11 19:53:31.987  1540  1568 D QTI PowerHAL: JDG: 482
12-11 19:53:31.996  1540  1589 I WindowManager: Destroying surface Surface(name=Starting com.example.snoopy) called by com.android.server.wm.WindowStateAnimator.destroySurface:2067 com.android.server.wm.WindowStateAnimator.destroySurfaceLocked:896 com.android.server.wm.WindowState.destroyOrSaveSurface:2094 com.android.server.wm.AppWindowToken.destroySurfaces:363 com.android.server.wm.WindowStateAnimator.finishExit:575 com.android.server.wm.WindowStateAnimator.stepAnimationLocked:501 com.android.server.wm.WindowAnimator.updateWindowsLocked:303 com.android.server.wm.WindowAnimator.animateLocked:704 
12-11 19:53:32.150  3800  3800 D PhoneStatusBar: disable: < expand ICONS* alerts SYSTEM_INFO* back home recent clock search quick_settings >
12-11 19:53:32.264   550   744 I SFPerfTracer:      triggers: (rate: 0:0) (1 sw vsyncs) (0 skipped) (1:1227 vsyncs) (3:1410)
12-11 19:53:32.265   849   849 I MSM-irqbalance: Decided to move IRQ104 from CPU7 to CPU4
12-11 19:53:32.294  3800  3800 D PhoneStatusBar: disable: < expand icons* alerts system_info* back home recent clock search quick_settings >
12-11 19:53:32.680  1540  4677 I ActivityManager: START u0 {cmp=com.example.snoopy/.LoginActivity} from uid 10699 on display 0
12-11 19:53:32.689  1540  4609 E ActivityManager: Sending non-protected broadcast com.motorola.motocare.INTENT_TRIGGER from system 3965:com.motorola.process.system/1000 pkg com.motorola.motgeofencesvc
12-11 19:53:32.689  1540  4609 E ActivityManager: java.lang.Throwable
12-11 19:53:32.689  1540  4609 E ActivityManager: 	at com.android.server.am.ActivityManagerService.broadcastIntentLocked(ActivityManagerService.java:18226)
12-11 19:53:32.689  1540  4609 E ActivityManager: 	at com.android.server.am.ActivityManagerService.broadcastIntent(ActivityManagerService.java:18826)
12-11 19:53:32.689  1540  4609 E ActivityManager: 	at android.app.ActivityManagerNative.onTransact(ActivityManagerNative.java:512)
12-11 19:53:32.689  1540  4609 E ActivityManager: 	at com.android.server.am.ActivityManagerService.onTransact(ActivityManagerService.java:2906)
12-11 19:53:32.689  1540  4609 E ActivityManager: 	at android.os.Binder.execTransact(Binder.java:565)
12-11 19:53:32.708  1540  1553 E ActivityManager: Sending non-protected broadcast com.motorola.motocare.INTENT_TRIGGER from system 3965:com.motorola.process.system/1000 pkg com.motorola.motgeofencesvc
12-11 19:53:32.708  1540  1553 E ActivityManager: java.lang.Throwable
12-11 19:53:32.708  1540  1553 E ActivityManager: 	at com.android.server.am.ActivityManagerService.broadcastIntentLocked(ActivityManagerService.java:18226)
12-11 19:53:32.708  1540  1553 E ActivityManager: 	at com.android.server.am.ActivityManagerService.broadcastIntent(ActivityManagerService.java:18826)
12-11 19:53:32.708  1540  1553 E ActivityManager: 	at android.app.ActivityManagerNative.onTransact(ActivityManagerNative.java:512)
12-11 19:53:32.708  1540  1553 E ActivityManager: 	at com.android.server.am.ActivityManagerService.onTransact(ActivityManagerService.java:2906)
12-11 19:53:32.708  1540  1553 E ActivityManager: 	at android.os.Binder.execTransact(Binder.java:565)
12-11 19:53:32.729  1540  3676 I InputDispatcher: Dropping event because there is no touchable window at (635, 341).
12-11 19:53:32.729  1540  4677 W InputManager: Input event injection from pid 8513 failed.
12-11 19:53:32.730  1540  4609 W InputManager: Input event injection from pid 8513 failed.
12-11 19:53:32.731  1540  3848 W InputManager: Input event injection from pid 8513 failed.
12-11 19:53:32.732  1540  3753 W InputManager: Input event injection from pid 8513 failed.
12-11 19:53:32.734  1540  1553 W InputManager: Input event injection from pid 8513 failed.
12-11 19:53:32.735  1540  3993 W InputManager: Input event injection from pid 8513 failed.
12-11 19:53:32.738  1540  4663 W InputManager: Input event injection from pid 8513 failed.
12-11 19:53:32.741  1540  1554 W InputManager: Input event injection from pid 8513 failed.
12-11 19:53:32.743  1540  8166 W InputManager: Input event injection from pid 8513 failed.
12-11 19:53:32.744  1540  4678 W InputManager: Input event injection from pid 8513 failed.
12-11 19:53:32.826  1540  1568 D QTI PowerHAL: JDG: 408
12-11 19:53:32.833  1540  1589 I LaunchCheckinHandler: Displayed com.example.snoopy/.LoginActivity,wp,ca,141
12-11 19:53:32.833  1540  1589 I ActivityManager: Displayed com.example.snoopy/.LoginActivity: +141ms
12-11 19:53:32.841  8527  8527 W IInputConnectionWrapper: finishComposingText on inactive InputConnection
12-11 19:53:32.991  1540  4664 I ActivityManager: START u0 {act=android.intent.action.MAIN cat=[android.intent.category.LAUNCHER] flg=0x10200000 cmp=com.example.snoopy/.CameraInputFrames} from uid 2000 on display 0
12-11 19:53:33.084   550   550 I SFPerfTracer:      triggers: (rate: 0:165) (compose: 0:1) (post: 0:0) (render: 0:4) (11:839 frames) (12:1101)
12-11 19:53:33.084   550   550 D SFPerfTracer:        layers: (5:8) (StatusBar (0xa7345c00): 12:493) (NavigationBar (0xa7567000): 12:300) (com.google.android.googlequicksearchbox/com.google.android.launcher.GEL (0xa6f8bc00): 0:504)- (com.android.systemui.ImageWallpaper (0xa7342000): 12:149)* (Starting com.example.snoopy (0xa7343400): 0:43)- (animation background stackId=1 (0xa7344800): 1:3) (com.example.snoopy/com.example.snoopy.MainActivity (0xa7568400): 12:54) (com.example.snoopy/com.example.snoopy.LoginActivity (0xa6f8bc00): 12:15) 
12-11 19:53:33.119  3800  3800 D PhoneStatusBar: disable: < expand ICONS* alerts SYSTEM_INFO* back home recent clock search quick_settings >
12-11 19:53:33.201  3800  3800 D PhoneStatusBar: disable: < expand icons* alerts system_info* back home recent clock search quick_settings >
12-11 19:53:33.216  1540  3658 D BatteryService: uevent={POWER_SUPPLY_TEMP=277, POWER_SUPPLY_STATUS=Full, POWER_SUPPLY_CAPACITY=100, ACTION=change, DEVPATH=/devices/soc.0/qpnp-smbcharger-17/power_supply/battery, POWER_SUPPLY_AGE=99, POWER_SUPPLY_VOLTAGE_MAX=4350, SUBSYSTEM=power_supply, POWER_SUPPLY_NUM_SYSTEM_TEMP_LEVELS=8, POWER_SUPPLY_VOLTAGE_MAX_DESIGN=4350000, POWER_SUPPLY_INPUT_CURRENT_MAX=1500000, POWER_SUPPLY_CHARGE_FULL=3029000, POWER_SUPPLY_NAME=battery, POWER_SUPPLY_FLASH_CURRENT_MAX=2370535, POWER_SUPPLY_HEALTH=Good, POWER_SUPPLY_CYCLE_COUNT=0, POWER_SUPPLY_TECHNOLOGY=Li-ion, POWER_SUPPLY_CHARGE_TYPE=N/A, POWER_SUPPLY_PRESENT=1, POWER_SUPPLY_CONSTANT_CHARGE_CURRENT_MAX=2500000, POWER_SUPPLY_TEMP_HOTSPOT=0, POWER_SUPPLY_INPUT_CURRENT_SETTLED=0, POWER_SUPPLY_SAFETY_TIMER_ENABLED=0, POWER_SUPPLY_FLASH_ACTIVE=0, POWER_SUPPLY_VOLTAGE_NOW=4306157, SEQNUM=3711, POWER_SUPPLY_CHARGE_FULL_DESIGN=3059000, POWER_SUPPLY_CURRENT_NOW=152, POWER_SUPPLY_SYSTEM_TEMP_LEVEL=0, POWER_SUPPLY_CHARGE_COUNTER=3057132, POWER_SUPPLY_CHARGE_RATE=Normal, POWER_SUPPLY_CHARGING_ENABLED=1, POWER_SUPPLY_BATTERY_CHARGING_ENABLED=1}
12-11 19:53:33.237  1540  4663 I WindowManager: Destroying surface Surface(name=com.example.snoopy/com.example.snoopy.MainActivity) called by com.android.server.wm.WindowStateAnimator.destroySurface:2067 com.android.server.wm.WindowStateAnimator.destroySurfaceLocked:896 com.android.server.wm.WindowState.destroyOrSaveSurface:2094 com.android.server.wm.AppWindowToken.destroySurfaces:363 com.android.server.wm.AppWindowToken.notifyAppStopped:389 com.android.server.wm.WindowManagerService.notifyAppStopped:4517 com.android.server.am.ActivityStack.activityStoppedLocked:1267 com.android.server.am.ActivityManagerService.activityStopped:7172 
12-11 19:53:33.266  1540  1568 D QTI PowerHAL: JDG: 525
12-11 19:53:33.364  8527  8560 I art     : Starting a blocking GC Explicit
12-11 19:53:33.418  8527  8560 I art     : Explicit concurrent mark sweep GC freed 16392(1112KB) AllocSpace objects, 6(120KB) LOS objects, 39% free, 6MB/10MB, paused 654us total 52.854ms
12-11 19:53:33.482  1540  1568 D QTI PowerHAL: JDG: 89
12-11 19:53:33.618  8527  8548 W GooglePlayServicesUtil: Google Play services out of date.  Requires 11400000 but found 9683438
12-11 19:53:33.625  8527  8548 W GooglePlayServicesUtil: Google Play services out of date.  Requires 11400000 but found 9683438
12-11 19:53:33.634  8527  8527 W FA      : Service connection failed: ConnectionResult{statusCode=SERVICE_VERSION_UPDATE_REQUIRED, resolution=null, message=null}
12-11 19:53:33.643  8527  8548 W GooglePlayServicesUtil: Google Play services out of date.  Requires 11400000 but found 9683438
12-11 19:53:33.643  8527  8527 W FA      : Service connection failed: ConnectionResult{statusCode=SERVICE_VERSION_UPDATE_REQUIRED, resolution=null, message=null}
12-11 19:53:33.649  8527  8548 W GooglePlayServicesUtil: Google Play services out of date.  Requires 11400000 but found 9683438
12-11 19:53:33.650  8527  8527 W FA      : Service connection failed: ConnectionResult{statusCode=SERVICE_VERSION_UPDATE_REQUIRED, resolution=null, message=null}
12-11 19:53:33.660  8527  8548 W GooglePlayServicesUtil: Google Play services out of date.  Requires 11400000 but found 9683438
12-11 19:53:33.663  8527  8548 E FA      : Discarding data. Failed to send app launch
12-11 19:53:33.663  8527  8548 E FA      : Failed to get app instance id
12-11 19:53:33.663  8527  8548 E FA      : Failed to send current screen to service
12-11 19:53:33.663  8527  8548 E FA      : Failed to send current screen to service
12-11 19:53:33.663  8527  8548 E FA      : Failed to send current screen to service
12-11 19:53:33.669  8527  8548 I FA      : Tag Manager is not found and thus will not be used
12-11 19:53:33.683  8527  8527 W FA      : Service connection failed: ConnectionResult{statusCode=SERVICE_VERSION_UPDATE_REQUIRED, resolution=null, message=null}
12-11 19:53:33.716  7295  8589 W GCM     : Missmatched messenger
12-11 19:53:33.728  1540  1568 D QTI PowerHAL: JDG: 70
12-11 19:53:33.734  8527  8548 W GooglePlayServicesUtil: Google Play services out of date.  Requires 11400000 but found 9683438
12-11 19:53:33.734  8527  8527 W FA      : Service connection failed: ConnectionResult{statusCode=SERVICE_VERSION_UPDATE_REQUIRED, resolution=null, message=null}
12-11 19:53:33.735  8527  8548 E FA      : Discarding data. Failed to send event to service
12-11 19:53:33.759  8527  8548 W GooglePlayServicesUtil: Google Play services out of date.  Requires 11400000 but found 9683438
12-11 19:53:33.760  8527  8527 W FA      : Service connection failed: ConnectionResult{statusCode=SERVICE_VERSION_UPDATE_REQUIRED, resolution=null, message=null}
12-11 19:53:33.784  8527  8548 W GooglePlayServicesUtil: Google Play services out of date.  Requires 11400000 but found 9683438
12-11 19:53:33.787  8527  8548 E FA      : Discarding data. Failed to send event to service
12-11 19:53:33.787  8527  8548 E FA      : Discarding data. Failed to send event to service
12-11 19:53:33.791  8527  8527 W FA      : Service connection failed: ConnectionResult{statusCode=SERVICE_VERSION_UPDATE_REQUIRED, resolution=null, message=null}
12-11 19:53:33.859  1540  1568 D QTI PowerHAL: JDG: 880
12-11 19:53:33.912  1540  4665 I ActivityManager: START u0 {act=android.intent.action.MAIN cat=[android.intent.category.LAUNCHER] flg=0x10200000 cmp=com.example.snoopy/.MainActivity} from uid 2000 on display 0
12-11 19:53:34.251  1540  4678 I ActivityManager: START u0 {act=android.intent.action.MAIN cat=[android.intent.category.LAUNCHER] flg=0x10200000 cmp=com.example.snoopy/.MainActivity} from uid 2000 on display 0
12-11 19:53:34.308  1540  8166 I ActivityManager: START u0 {act=android.intent.action.MAIN cat=[android.intent.category.LAUNCHER] flg=0x10200000 cmp=com.example.snoopy/.CameraInputFrames} from uid 2000 on display 0
12-11 19:53:34.383  1540  1568 D QTI PowerHAL: JDG: 482
12-11 19:53:34.495  3800  3800 D PhoneStatusBar: disable: < expand ICONS* alerts SYSTEM_INFO* back home recent clock search quick_settings >
12-11 19:53:34.549  1540  4678 I ActivityManager: START u0 {act=android.intent.action.MAIN cat=[android.intent.category.LAUNCHER] flg=0x10200000 cmp=com.example.snoopy/.MainActivity} from uid 2000 on display 0
12-11 19:53:34.633  1540  1568 D QTI PowerHAL: JDG: 710
12-11 19:53:34.656   550   550 I SFPerfTracer:      triggers: (rate: 0:166) (compose: 0:1) (post: 0:0) (render: 0:6) (75:923 frames) (76:1190)
12-11 19:53:34.656   550   550 D SFPerfTracer:        layers: (4:7) (StatusBar (0xa7345c00): 39:545) (NavigationBar (0xa7567000): 39:352) (com.android.systemui.ImageWallpaper (0xa7342000): 39:201)* (animation background stackId=1 (0xa7344800): 0:4)* (com.example.snoopy/com.example.snoopy.MainActivity (0xa7568400): 0:64)- (com.example.snoopy/com.example.snoopy.LoginActivity (0xa6f8bc00): 76:104) (Toast (0xa7343400): 39:52) 
12-11 19:53:34.661  1540  4664 W InputMethodManagerService: Window already focused, ignoring focus gain of: com.android.internal.view.IInputMethodClient$Stub$Proxy@a6b1d81 attribute=null, token = android.os.BinderProxy@6aadb76
12-11 19:53:34.670  3800  3800 D PhoneStatusBar: disable: < expand icons* alerts system_info* back home recent clock search quick_settings >
12-11 19:53:34.696  1540  1568 D QTI PowerHAL: JDG: 946
12-11 19:53:34.982  1540  1568 D QTI PowerHAL: JDG: 986
12-11 19:53:35.003  3784  3784 I ClearcutLoggerManager: onStartInput()
12-11 19:53:35.018   550   550 I SFPerfTracer:      triggers: (rate: 0:166) (compose: 0:1) (post: 0:0) (render: 0:8) (20:943 frames) (21:1211)
12-11 19:53:35.018   550   550 D SFPerfTracer:        layers: (4:6) (StatusBar (0xa7345c00): 19:564) (NavigationBar (0xa7567000): 5:357) (com.android.systemui.ImageWallpaper (0xa7342000): 5:206)* (animation background stackId=1 (0xa7344800): 0:4)* (com.example.snoopy/com.example.snoopy.LoginActivity (0xa6f8bc00): 21:125) (Toast (0xa7343400): 5:57) 
12-11 19:53:35.022  8527  8527 W IInputConnectionWrapper: finishComposingText on inactive InputConnection
12-11 19:53:35.124  3784  8603 I Adreno  : QUALCOMM build                   : 7d18700, I8ee426a9a2
12-11 19:53:35.124  3784  8603 I Adreno  : Build Date                       : 10/07/16
12-11 19:53:35.124  3784  8603 I Adreno  : OpenGL ES Shader Compiler Version: XE031.09.00.03
12-11 19:53:35.124  3784  8603 I Adreno  : Local Branch                     : mybranch22308589
12-11 19:53:35.124  3784  8603 I Adreno  : Remote Branch                    : quic/LA.BR.1.3.6_rb1.6
12-11 19:53:35.124  3784  8603 I Adreno  : Remote Branch                    : NONE
12-11 19:53:35.124  3784  8603 I Adreno  : Reconstruct Branch               : NOTHING
12-11 19:53:35.139  3784  8603 I OpenGLRenderer: Initialized EGL, version 1.4
12-11 19:53:35.139  3784  8603 D OpenGLRenderer: Swap behavior 1
12-11 19:53:35.184  1540  1568 D QTI PowerHAL: JDG: 705
12-11 19:53:35.329  1540  1568 D QTI PowerHAL: JDG: 217
12-11 19:53:35.481  3784  3784 I ClearcutLoggerManager: onConnected()
12-11 19:53:35.494  8527  8527 W IInputConnectionWrapper: performEditorAction on inactive InputConnection
12-11 19:53:35.498  8527  8527 W IInputConnectionWrapper: finishComposingText on inactive InputConnection
12-11 19:53:35.499  3784  3784 I ClearcutLoggerManager: onFinishInput()
12-11 19:53:35.502  8527  8527 W IInputConnectionWrapper: finishComposingText on inactive InputConnection
12-11 19:53:35.507  3784  3784 I ClearcutLoggerManager: onStartInput()
12-11 19:53:35.516  3784  3784 I LatinIme: initialize() : Language = en-US
12-11 19:53:35.539  1540  1589 I WindowManager: Destroying surface Surface(name=Toast) called by com.android.server.wm.WindowStateAnimator.destroySurface:2067 com.android.server.wm.WindowStateAnimator.destroySurfaceLocked:896 com.android.server.wm.WindowState.destroyOrSaveSurface:2094 com.android.server.wm.WindowSurfacePlacer.performSurfacePlacementInner:433 com.android.server.wm.WindowSurfacePlacer.performSurfacePlacementLoop:234 com.android.server.wm.WindowSurfacePlacer.performSurfacePlacement:182 com.android.server.wm.WindowManagerService$H.handleMessage:8191 android.os.Handler.dispatchMessage:102 
12-11 19:53:35.562  3784  3784 I ShortcutsDataManager: onContentChanged()
12-11 19:53:35.564  3784  3784 I ContactsDataManager: onContentChanged()
12-11 19:53:35.565  3784  8622 I MainLoader: Running LM loader for en_US
12-11 19:53:35.566  3784  8622 I LanguageModelDatabase: reloading DB.
12-11 19:53:35.573  3784  3784 I LatinIme: onActivate() : EditorInfo = Package = com.example.snoopy : Type = Email : Learning = Disable : Suggestion = Hide : AutoCorrection = Disable : Microphone = Hide
12-11 19:53:35.579  3784  3784 W InputConnectionWrapper: Fixing selection indices to 0, 0
12-11 19:53:35.590  1540  1568 D QTI PowerHAL: JDG: 159
12-11 19:53:35.645  3784  8622 I LanguageModelDatabase: populateEntry() : lt = CACHED (20160402)
12-11 19:53:35.657  8527  8539 I art     : Starting a blocking GC Explicit
12-11 19:53:35.663  1540  1568 D QTI PowerHAL: JDG: 619
12-11 19:53:35.669  3784  8622 I LanguageModelDatabase: populateEntry() : pt_BR = STAGED (20160614)
12-11 19:53:35.699  3784  8622 I LanguageModelDatabase: populateEntry() : pt_BR = BUNDLED (19691231)
12-11 19:53:35.701  8527  8539 I art     : Explicit concurrent mark sweep GC freed 7938(690KB) AllocSpace objects, 25(500KB) LOS objects, 39% free, 6MB/10MB, paused 438us total 43.671ms
12-11 19:53:35.719  3784  8622 I LanguageModelDatabase: populateEntry() : it_IT = BUNDLED (19691231)
12-11 19:53:35.738  3784  3784 I LatinMotionHandler: consumeEvent() : GestureTypingEnabled = true
12-11 19:53:35.746  3784  8622 I LanguageModelDatabase: populateEntry() : ru_RU = BUNDLED (19691231)
12-11 19:53:35.774  3784  8622 I LanguageModelDatabase: populateEntry() : es = BUNDLED (20160112)
12-11 19:53:35.777  8527  8527 W IInputConnectionWrapper: beginBatchEdit on inactive InputConnection
12-11 19:53:35.777  8527  8527 W IInputConnectionWrapper: commitText on inactive InputConnection
12-11 19:53:35.777  8527  8527 W IInputConnectionWrapper: endBatchEdit on inactive InputConnection
12-11 19:53:35.793  1540  1568 D QTI PowerHAL: JDG: 583
12-11 19:53:35.800  3784  3784 I LatinIme: abortComposing()
12-11 19:53:35.804   550   744 I SFPerfTracer:      triggers: (rate: 0:0) (1 sw vsyncs) (0 skipped) (119:1424 vsyncs) (121:1615)
12-11 19:53:35.818  8527  8527 W IInputConnectionWrapper: finishComposingText on inactive InputConnection
12-11 19:53:35.818  8527  8527 W IInputConnectionWrapper: beginBatchEdit on inactive InputConnection
12-11 19:53:35.818  8527  8527 W IInputConnectionWrapper: getSelectedText on inactive InputConnection
12-11 19:53:35.819  8527  8527 W IInputConnectionWrapper: endBatchEdit on inactive InputConnection
12-11 19:53:35.819  8527  8527 W IInputConnectionWrapper: getTextBeforeCursor on inactive InputConnection
12-11 19:53:35.820  8527  8527 W IInputConnectionWrapper: getTextAfterCursor on inactive InputConnection
12-11 19:53:35.830  3784  8622 I LanguageModelDatabase: populateEntry() : en_US = CACHED (20160608)
12-11 19:53:35.833  3784  3784 I LatinIme: onDeactivate()
12-11 19:53:35.836  3784  3784 I ClearcutLoggerManager: onFinishInput()
12-11 19:53:35.837  8527  8527 W IInputConnectionWrapper: finishComposingText on inactive InputConnection
12-11 19:53:35.863  3784  8622 I LanguageModelDatabase: populateEntry() : en_US = BUNDLED (20160322)
12-11 19:53:35.864  3784  4849 E ClearcutLoggerApiImpl: MessageNanoProducer iX@cc51b53 threw: java.lang.NullPointerException: Attempt to get length of null array
12-11 19:53:35.864  3784  8608 I AbstractDataManager: doInBackground()
12-11 19:53:35.864  3784  3784 I ClearcutLoggerManager: onStartInput()
12-11 19:53:35.877  3784  8622 I LanguageModelDatabase: populateEntry() : fr_FR = BUNDLED (19691231)
12-11 19:53:35.895  3784  8608 I AbstractDataManager: importContentData() : Ending import process
12-11 19:53:35.901  3784  8608 I PersonalLanguageModel: run() : Added 0 words and 0 shortcuts
12-11 19:53:35.901  3784  8608 I AbstractDataManager: importContentData() : Success : Count = 0
12-11 19:53:35.916  3784  3784 I ClearcutLoggerManager: onFinishInput()
12-11 19:53:35.920  3784  8610 I AbstractDataManager: doInBackground()
12-11 19:53:35.920  3784  3784 I ClearcutLoggerManager: onStartInput()
12-11 19:53:35.922  3784  3784 I LatinIme: initialize() : Language = en-US
12-11 19:53:35.930  3784  3784 I LatinIme: onActivate() : EditorInfo = Package = com.example.snoopy : Type = Email : Learning = Disable : Suggestion = Hide : AutoCorrection = Disable : Microphone = Hide
12-11 19:53:35.935  3784  8622 I LanguageModelDatabase: populateEntry() : de_DE = BUNDLED (19691231)
12-11 19:53:35.937  3784  8610 I AbstractDataManager: importContentData() : Ending import process
12-11 19:53:35.940  8527  8527 W IInputConnectionWrapper: finishComposingText on inactive InputConnection
12-11 19:53:35.940  8527  8527 W IInputConnectionWrapper: finishComposingText on inactive InputConnection
12-11 19:53:35.942  3784  3784 W InputConnectionWrapper: Fixing selection indices to 0, 0
12-11 19:53:35.942  3784  8610 I PersonalLanguageModel: run() : Added 0 words and 0 shortcuts
12-11 19:53:35.942  3784  8610 I AbstractDataManager: importContentData() : Success : Count = 0
12-11 19:53:35.946  3784  8622 I MainLoader: Loading the LM to decoder: filepath = /data/user/0/com.google.android.inputmethod.latin/files/cache/en_US_d3.dict : status = 5
12-11 19:53:35.947  3784  8622 I Delight4Decoder: loadLanguageModel() : MAIN
12-11 19:53:35.964  3784  8622 I Delight4Decoder: loadLanguageModel() : Notify observers
12-11 19:53:35.967  3784  8622 I Delight4Decoder: loadLanguageModel() : BLACKLIST
12-11 19:53:35.970  3784  8622 E native  : android-decoder.cc:170 Cannot deactivate dynamic LM: /data/user/0/com.google.android.inputmethod.latin/files/Contacts.dict
12-11 19:53:35.972  3784  8602 I AbstractDataManager: doInBackground()
12-11 19:53:35.975  3784  8622 I Delight4Decoder: loadLanguageModel() : USER_HISTORY
12-11 19:53:35.978  3784  8622 I MainLoader: Running LM loader for en_US
12-11 19:53:35.979  3784  8622 I MainLoader: Loading the LM to decoder: filepath = /data/user/0/com.google.android.inputmethod.latin/files/cache/en_US_d3.dict : status = 5
12-11 19:53:35.979  3784  8622 I Delight4Decoder: loadLanguageModel() : MAIN
12-11 19:53:35.982  3784  8602 I AbstractDataManager: importContentData() : Ending import process
12-11 19:53:35.985  3784  8602 I PersonalLanguageModel: run() : Added 0 words and 0 shortcuts
12-11 19:53:35.985  3784  8602 I Delight4Decoder: loadLanguageModel() : PERSONAL_DICTIONARY
12-11 19:53:35.994  3784  8622 I Delight4Decoder: loadLanguageModel() : Notify observers
12-11 19:53:35.995  3784  8602 I AbstractDataManager: importContentData() : Success : Count = 0
12-11 19:53:35.999  3784  3784 I LatinMotionHandler: consumeEvent() : GestureTypingEnabled = true
12-11 19:53:36.021  3784  3784 I AbstractDataManager: onPostExecute() : Result = Pair{2 0}
12-11 19:53:36.021  3784  3784 I ShortcutsDataManager: onImportFinished() : Result = 2 : Count = 0
12-11 19:53:36.074  1540  1568 D QTI PowerHAL: JDG: 511
12-11 19:53:36.135  1540  1568 D QTI PowerHAL: JDG: 1158
12-11 19:53:36.198  8527  8527 D AndroidRuntime: Shutting down VM
--------- beginning of crash
12-11 19:53:36.199  8527  8527 E AndroidRuntime: FATAL EXCEPTION: main
12-11 19:53:36.199  8527  8527 E AndroidRuntime: Process: com.example.snoopy, PID: 8527
12-11 19:53:36.199  8527  8527 E AndroidRuntime: java.lang.IllegalArgumentException: Given String is empty or null
12-11 19:53:36.199  8527  8527 E AndroidRuntime: 	at com.google.android.gms.common.internal.zzbp.zzgg(Unknown Source)
12-11 19:53:36.199  8527  8527 E AndroidRuntime: 	at com.google.firebase.auth.FirebaseAuth.signInWithEmailAndPassword(Unknown Source)
12-11 19:53:36.199  8527  8527 E AndroidRuntime: 	at com.example.snoopy.LoginActivity.userLogin(LoginActivity.java:82)
12-11 19:53:36.199  8527  8527 E AndroidRuntime: 	at com.example.snoopy.LoginActivity.onClick(LoginActivity.java:102)
12-11 19:53:36.199  8527  8527 E AndroidRuntime: 	at android.view.View.performClick(View.java:5612)
12-11 19:53:36.199  8527  8527 E AndroidRuntime: 	at android.view.View$PerformClick.run(View.java:22285)
12-11 19:53:36.199  8527  8527 E AndroidRuntime: 	at android.os.Handler.handleCallback(Handler.java:751)
12-11 19:53:36.199  8527  8527 E AndroidRuntime: 	at android.os.Handler.dispatchMessage(Handler.java:95)
12-11 19:53:36.199  8527  8527 E AndroidRuntime: 	at android.os.Looper.loop(Looper.java:154)
12-11 19:53:36.199  8527  8527 E AndroidRuntime: 	at android.app.ActivityThread.main(ActivityThread.java:6123)
12-11 19:53:36.199  8527  8527 E AndroidRuntime: 	at java.lang.reflect.Method.invoke(Native Method)
12-11 19:53:36.199  8527  8527 E AndroidRuntime: 	at com.android.internal.os.ZygoteInit$MethodAndArgsCaller.run(ZygoteInit.java:867)
12-11 19:53:36.199  8527  8527 E AndroidRuntime: 	at com.android.internal.os.ZygoteInit.main(ZygoteInit.java:757)
12-11 19:53:36.204  1540  4664 W ActivityManager:   Force finishing activity com.example.snoopy/.LoginActivity
12-11 19:53:36.218  1540  4609 E ActivityManager: Sending non-protected broadcast com.motorola.motocare.INTENT_TRIGGER from system 3965:com.motorola.process.system/1000 pkg com.motorola.motgeofencesvc
12-11 19:53:36.218  1540  4609 E ActivityManager: java.lang.Throwable
12-11 19:53:36.218  1540  4609 E ActivityManager: 	at com.android.server.am.ActivityManagerService.broadcastIntentLocked(ActivityManagerService.java:18226)
12-11 19:53:36.218  1540  4609 E ActivityManager: 	at com.android.server.am.ActivityManagerService.broadcastIntent(ActivityManagerService.java:18826)
12-11 19:53:36.218  1540  4609 E ActivityManager: 	at android.app.ActivityManagerNative.onTransact(ActivityManagerNative.java:512)
12-11 19:53:36.218  1540  4609 E ActivityManager: 	at com.android.server.am.ActivityManagerService.onTransact(ActivityManagerService.java:2906)
12-11 19:53:36.218  1540  4609 E ActivityManager: 	at android.os.Binder.execTransact(Binder.java:565)
12-11 19:53:36.232  3800  8559 E libEGL  : error creating cache file /data/user_de/0/com.android.systemui/code_cache/com.android.opengl.shaders_cache: No such file or directory (2)
12-11 19:53:36.244  5741  5741 W Settings: Setting data_roaming has moved from android.provider.Settings.Secure to android.provider.Settings.Global.
12-11 19:53:36.244  3965  3965 W Settings: Setting data_roaming has moved from android.provider.Settings.Secure to android.provider.Settings.Global.
12-11 19:53:36.245  5741  5741 W Settings: Setting data_roaming has moved from android.provider.Settings.Secure to android.provider.Settings.Global.
12-11 19:53:36.245  5741  5741 W Settings: Setting data_roaming has moved from android.provider.Settings.Secure to android.provider.Settings.Global.
12-11 19:53:36.249  5741  5741 W Settings: Setting data_roaming has moved from android.provider.Settings.Secure to android.provider.Settings.Global.
12-11 19:53:36.250  5741  5741 W Settings: Setting data_roaming has moved from android.provider.Settings.Secure to android.provider.Settings.Global.
12-11 19:53:36.250  5741  5741 W Settings: Setting data_roaming has moved from android.provider.Settings.Secure to android.provider.Settings.Global.
12-11 19:53:36.253  3965  3965 W ContextImpl: Calling a method in the system process without a qualified user: android.app.ContextImpl.sendBroadcast:905 android.content.ContextWrapper.sendBroadcast:421 com.motorola.motocare.internal.settings.SettingsTrigger$1.onChange:440 android.database.ContentObserver.onChange:130 android.database.ContentObserver.onChange:145 
12-11 19:53:36.255  1540  3848 E ActivityManager: Sending non-protected broadcast com.motorola.motocare.INTENT_TRIGGER from system 3965:com.motorola.process.system/1000 pkg com.motorola.motgeofencesvc
12-11 19:53:36.255  1540  3848 E ActivityManager: java.lang.Throwable
12-11 19:53:36.255  1540  3848 E ActivityManager: 	at com.android.server.am.ActivityManagerService.broadcastIntentLocked(ActivityManagerService.java:18226)
12-11 19:53:36.255  1540  3848 E ActivityManager: 	at com.android.server.am.ActivityManagerService.broadcastIntent(ActivityManagerService.java:18826)
12-11 19:53:36.255  1540  3848 E ActivityManager: 	at android.app.ActivityManagerNative.onTransact(ActivityManagerNative.java:512)
12-11 19:53:36.255  1540  3848 E ActivityManager: 	at com.android.server.am.ActivityManagerService.onTransact(ActivityManagerService.java:2906)
12-11 19:53:36.255  1540  3848 E ActivityManager: 	at android.os.Binder.execTransact(Binder.java:565)
12-11 19:53:36.257  3965  3965 W Settings: Setting data_roaming has moved from android.provider.Settings.Secure to android.provider.Settings.Global.
12-11 19:53:36.260  8513  8513 I art     : System.exit called, status: 348
12-11 19:53:36.260  8513  8513 I AndroidRuntime: VM exiting with result code 348.
12-11 19:53:36.331  1540  8641 I Adreno  : QUALCOMM build                   : 7d18700, I8ee426a9a2
12-11 19:53:36.331  1540  8641 I Adreno  : Build Date                       : 10/07/16
12-11 19:53:36.331  1540  8641 I Adreno  : OpenGL ES Shader Compiler Version: XE031.09.00.03
12-11 19:53:36.331  1540  8641 I Adreno  : Local Branch                     : mybranch22308589
12-11 19:53:36.331  1540  8641 I Adreno  : Remote Branch                    : quic/LA.BR.1.3.6_rb1.6
12-11 19:53:36.331  1540  8641 I Adreno  : Remote Branch                    : NONE
12-11 19:53:36.331  1540  8641 I Adreno  : Reconstruct Branch               : NOTHING
12-11 19:53:36.349  1540  8641 I OpenGLRenderer: Initialized EGL, version 1.4
12-11 19:53:36.349  1540  8641 D OpenGLRenderer: Swap behavior 1
12-11 19:53:36.413  5874  6014 D Checkin : publish the event [tag = MOT_DEVICE_STATS_L1 event name = SettingLogs]
12-11 19:53:36.712  1540  1567 W ActivityManager: Activity pause timeout for ActivityRecord{6b8757f u0 com.example.snoopy/.LoginActivity t56 f}
12-11 19:53:36.750  1540  8167 E ActivityManager: Sending non-protected broadcast com.motorola.motocare.INTENT_TRIGGER from system 3965:com.motorola.process.system/1000 pkg com.motorola.motgeofencesvc
12-11 19:53:36.750  1540  8167 E ActivityManager: java.lang.Throwable
12-11 19:53:36.750  1540  8167 E ActivityManager: 	at com.android.server.am.ActivityManagerService.broadcastIntentLocked(ActivityManagerService.java:18226)
12-11 19:53:36.750  1540  8167 E ActivityManager: 	at com.android.server.am.ActivityManagerService.broadcastIntent(ActivityManagerService.java:18826)
12-11 19:53:36.750  1540  8167 E ActivityManager: 	at android.app.ActivityManagerNative.onTransact(ActivityManagerNative.java:512)
12-11 19:53:36.750  1540  8167 E ActivityManager: 	at com.android.server.am.ActivityManagerService.onTransact(ActivityManagerService.java:2906)
12-11 19:53:36.750  1540  8167 E ActivityManager: 	at android.os.Binder.execTransact(Binder.java:565)
12-11 19:53:37.266   849   849 I MSM-irqbalance: Decided to move IRQ155 from CPU7 to CPU4
12-11 19:53:37.550  4484  8647 I Thermal-Lib: Thermal-Lib-Client: Client request sent
12-11 19:53:37.550   572   677 I ThermalEngine: Thermal-Server: Thermal received msg from  override
12-11 19:53:37.550   572   677 E ThermalEngine: override_notify: SS mode 0 override
12-11 19:53:37.824  8527  8540 I art     : Starting a blocking GC Explicit
12-11 19:53:37.863  8527  8540 I art     : Explicit concurrent mark sweep GC freed 5150(299KB) AllocSpace objects, 1(20KB) LOS objects, 39% free, 6MB/10MB, paused 492us total 38.684ms
12-11 19:53:38.729  7295  7295 V ConnectivityManager: isActiveNetworkMetered() returns:false
12-11 19:53:38.768  7312  8656 W System  : ClassLoader referenced unknown path: /system/priv-app/GmsCore/lib/arm
12-11 19:53:38.930  7295  7295 V ConnectivityManager: isActiveNetworkMetered() returns:false
12-11 19:53:39.064  7295  7295 V ConnectivityManager: isActiveNetworkMetered() returns:false
12-11 19:53:39.189  7295  7295 W GLSUser : [DeviceKeyStore] Cannot load key: Device key file not found.
12-11 19:53:39.277   615  7805 D WVCdm   : Instantiating CDM.
12-11 19:53:39.278   615   615 I WVCdm   : CdmEngine::OpenSession
12-11 19:53:39.278   615   615 I WVCdm   : Level3 Library 4445 Mar 30 2016 13:23:54
12-11 19:53:39.287   615   615 D DrmWidevineDash: OEMCrypto_Initialize: starts! g_qsee_apps_version = 0x34
12-11 19:53:39.287   615   615 D DrmWidevineDash: Service_Initialize: starts!
12-11 19:53:39.287   615   615 D QSEECOMAPI: : QSEECom_get_handle sb_length = 0x19000
12-11 19:53:39.288   615   615 D QSEECOMAPI: : App is not loaded in QSEE
12-11 19:53:39.288   615   615 E QSEECOMAPI: : Error::Cannot open the file /vendor/firmware/widevine.mdt errno = 2
12-11 19:53:39.288   615   615 E QSEECOMAPI: : Error::Loading image failed with ret = -1
12-11 19:53:39.288   615   615 D QSEECOMAPI: : QSEECom_get_handle sb_length = 0x19000
12-11 19:53:39.288   615   615 D QSEECOMAPI: : App is not loaded in QSEE
12-11 19:53:39.289   615   615 E QSEECOMAPI: : Error::Cannot open the file /system/etc/firmware/widevine.mdt errno = 2
12-11 19:53:39.289   615   615 E QSEECOMAPI: : Error::Loading image failed with ret = -1
12-11 19:53:39.289   615   615 D QSEECOMAPI: : QSEECom_get_handle sb_length = 0x19000
12-11 19:53:39.289   615   615 D QSEECOMAPI: : App is not loaded in QSEE
12-11 19:53:39.289   615   615 D QSEECOMAPI: : app_arch = 1, total_files = 5
12-11 19:53:39.317   615   615 D QSEECOMAPI: : Loaded image: APP id = 5
12-11 19:53:39.321   615   615 D DrmWidevineDash: Service_Initialize: ends! returns 0
12-11 19:53:39.321   615   615 D DrmWidevineDash: Service_Initialize: function time: 33ms (0s 33764066ns)
12-11 19:53:39.326   615   615 D QSAPPSVER: qsapps_get_capabilities: Capability from secure side: 0x0
12-11 19:53:39.326   615   615 D QSAPPSVER: qsapps_get_capabilities: returns 0
12-11 19:53:39.326   615   615 D DrmWidevineDash: OEMCrypto_Initialize sion_buffer g_wv_fhandle->ion_sbuffer  0x0xabe86000
12-11 19:53:39.326   615   615 E DrmWidevineDash: sion_buffer g_wv_fhandle->ion_sbuffer  0x0xabe86000
12-11 19:53:39.333   571   580 D DrmLibTime: got the req here! ret=0
12-11 19:53:39.334   571   580 D DrmLibTime: command id, time_cmd_id = 770
12-11 19:53:39.334   571   580 D DrmLibTime: time_getutcsec starts!
12-11 19:53:39.334   571   580 D DrmLibTime: QSEE Time Listener: time_getutcsec
12-11 19:53:39.334   571   580 D DrmLibTime: QSEE Time Listener: get_utc_seconds
12-11 19:53:39.334   571   580 D DrmLibTime: QSEE Time Listener: time_get_modem_time
12-11 19:53:39.334   571   580 D DrmLibTime: QSEE Time Listener: Checking if ATS_MODEM is set or not.
12-11 19:53:39.334   571   580 D QC-time-services: Lib:time_genoff_operation: pargs->base = 13
12-11 19:53:39.334   571   580 D QC-time-services: Lib:time_genoff_operation: pargs->operation = 2
12-11 19:53:39.334   571   580 D QC-time-services: Lib:time_genoff_operation: pargs->ts_val = 0
12-11 19:53:39.334   571   580 D QC-time-services: Lib:time_genoff_operation: Send to server  passed!!
12-11 19:53:39.334   651   720 D QC-time-services: Daemon: Connection accepted:time_genoff
12-11 19:53:39.335   651  8669 D QC-time-services: Daemon:Received base = 13, unit = 1, operation = 2,value = 0
12-11 19:53:39.335   651  8669 D QC-time-services: Daemon:genoff_opr: Base = 13, val = 0, operation = 2
12-11 19:53:39.335   651  8669 D QC-time-services: offset is: 0 for base: 0
12-11 19:53:39.335   571   580 E QC-time-services: Receive Passed == base = 13, unit = 1, operation = 2, result = 0
12-11 19:53:39.335   571   580 D DrmLibTime: QSEE Time Listener: ATS_MODEM is not set. Fallback to Android system time.
12-11 19:53:39.335   571   580 D DrmLibTime: QSEE Time Listener: Retrieved Android system time: 1513040019
12-11 19:53:39.335   571   580 D DrmLibTime: time_getutcsec returns 0, sec = 1513040019; nsec = 0
12-11 19:53:39.335   571   580 D DrmLibTime: time_getutcsec finished! 
12-11 19:53:39.335   571   580 D DrmLibTime: iotcl_continue_command finished! and return 0 
12-11 19:53:39.335   571   580 D DrmLibTime: before calling ioctl to read the next time_cmd
12-11 19:53:39.336   651   720 E QC-time-services: Daemon: Time-services: Waiting to acceptconnection
12-11 19:53:39.348   615   615 D DrmWidevineDash: OEMCrypto_ION_Malloc: function time: 11ms (0s 11990209ns)
12-11 19:53:39.348   615   615 D DrmWidevineDash: OEMCrypto_Initialize: ends! returns 0
12-11 19:53:39.348   615   615 D DrmWidevineDash: _oecc01: function time: 61ms (0s 61348600ns)
12-11 19:53:39.348   615   615 D DrmWidevineDash: OEMCrypto_APIVersion: starts!
12-11 19:53:39.349   615   615 D DrmWidevineDash: hlos api version =  11
12-11 19:53:39.349   615   615 D DrmWidevineDash: tz api version =  11
12-11 19:53:39.349   615   615 D DrmWidevineDash: OEMCrypto_APIVersion: ends! returns version 11
12-11 19:53:39.349   615   615 D DrmWidevineDash: _oecc22: function time: 0ms (0s 716459ns)
12-11 19:53:39.349   615   615 D DrmWidevineDash: OEMCrypto_IsKeyboxValid: starts!
12-11 19:53:39.368   615   615 D DrmWidevineDash: OEMCrypto_IsKeyboxValid: ends! returns 0
12-11 19:53:39.368   615   615 D DrmWidevineDash: _oecc05: function time: 18ms (0s 18803856ns)
12-11 19:53:39.368   615   615 D WVCdm   : OEMCrypto_Initialize Level 1 success. I will use level 1.
