12-12 12:47:02.466   408   587 I rmt_storage: rmt_storage_client_thread: /boot/modem_fs2: clnt_h=0x2: req_h=0x9 msg_id=3: Send response: res=0 err=0
12-12 12:47:02.466   408   587 I rmt_storage: rmt_storage_client_thread: /boot/modem_fs2: clnt_h=0x2 About to block rmt_storage client thread (th_id: -1216830920) wakelock released: 1, error no: 0
12-12 12:47:02.466   408   587 I rmt_storage: 
12-12 12:47:02.466   408   408 I rmt_storage: rmt_storage_disconnect_cb: clnt_h=0x0x5 conn_h=0x0xb778a178
12-12 12:47:02.496  6919  6919 I wpa_supplicant: wlan0: CTRL-EVENT-STATE-CHANGE id=0 state=7 BSSID=ca715ae38bc565cca SSID=475fd97a23
12-12 12:47:02.506  6919  6919 I wpa_supplicant: wlan0: CTRL-EVENT-STATE-CHANGE id=0 state=8 BSSID=ca715ae38bc565cca SSID=475fd97a23
12-12 12:47:02.506  6919  6919 I wpa_supplicant: wlan0: WPA: Key negotiation completed with ca715ae38bc565cca [PTK=CCMP GTK=TKIP]
12-12 12:47:02.506  6919  6919 I wpa_supplicant: wlan0: CTRL-EVENT-CONNECTED - Connection to ca715ae38bc565cca completed (auth) [id=0 id_str=] RSSI: -96
12-12 12:47:02.506   925  6929 I WifiMonitor: [Supplicant event:CONNECTED]  DATA: [ xxxx]
12-12 12:47:02.506  6919  6919 I wpa_supplicant: wlan0: CTRL-EVENT-STATE-CHANGE id=0 state=9 BSSID=ca715ae38bc565cca SSID=475fd97a23
12-12 12:47:02.506  6919  6919 E wpa_supplicant: ath6kl: ath6kl_cfg80211_connect: connect called with authmode 16 dot11 auth 1 PW crypto 8 PW crypto len 0 GRP crypto 4 GRP crypto len 0 channel hint 0
12-12 12:47:02.506  6919  6919 E wpa_supplicant: ath6kl: wmi event connect freq 2462 listen_intvl 10 beacon_intvl 100 type 1281
12-12 12:47:02.516   925   955 W SharedAssetStorage: Launching com.amazon.securitysyncclient (32033) with AMZ_APP_GID
12-12 12:47:02.526   925   994 D WifiStateMachine: RSSI dipped below -75 dB. Current RSSI: -96 dB
12-12 12:47:02.526   925   994 I LoggerMetricsFactoryImpl: record : No valid data points in metrics event. Program: SupplicantStateTracker Soruce: supplicant-end-assoc
12-12 12:47:02.526   925   955 I ActivityManager: Start proc com.amazon.securitysyncclient for broadcast com.amazon.securitysyncclient/.CRLSetNetworkChangeReceiver: pid=6992 uid=32033 gids={72033, 3003, 9001}
12-12 12:47:02.536   925   994 E WifiStateMachine: Unexpected BatchedScanResults :null
12-12 12:47:02.606   925  1389 W SharedAssetStorage: Launching com.amazon.devicecontrol (1000) with AMZ_APP_GID
12-12 12:47:02.606   925  1389 I ActivityManager: Start proc com.amazon.devicecontrol for broadcast com.amazon.devicecontrol/com.amazon.robocop.rules.wifi.WifiStateChangeReceiver: pid=7006 uid=1000 gids={41000, 1028, 1015, 3002, 3001, 3003, 2001, 1021, 3004, 3005, 1000, 3009, 1023, 1010, 9001}
12-12 12:47:02.606   925  1389 I ActivityManager: Killing 3684:com.amazon.identity.auth.device.authorization/u0a22032 (adj 12): empty for 1896s
12-12 12:47:02.646  7006  7006 D dalvikvm: Good opt header, DEX offset is 64, flags=0x00
12-12 12:47:02.646  7006  7006 D dalvikvm: dalvik-aux-structure mapped at 0x603f5000 with sizes 16 716 216 108
12-12 12:47:02.646  7006  7006 D dalvikvm: Good opt header, DEX offset is 64, flags=0x00
12-12 12:47:02.646  7006  7006 D dalvikvm: dalvik-aux-structure mapped at 0x603f6000 with sizes 1808 1032 1236 300
12-12 12:47:02.646  7006  7006 D dalvikvm: Good opt header, DEX offset is 64, flags=0x00
12-12 12:47:02.646  7006  7006 D dalvikvm: dalvik-aux-structure mapped at 0x60402000 with sizes 752 564 744 248
12-12 12:47:02.646  7006  7006 D ProfileManager: Create ProfileManager instance
12-12 12:47:02.646  7006  7006 W ResourceType: No package identifier when getting value for resource number 0x00000000
12-12 12:47:02.646  7006  7006 I Dispatch: No dispatch information file found
12-12 12:47:02.746  7018  7018 I DHCPCD  : version 5.5.6 starting
12-12 12:47:02.756  7018  7018 D DHCPCD  : wlan0: using hwaddr 00:00:00:00:48:25
12-12 12:47:02.756  7018  7018 D DHCPCD  : wlan0: executing `/system/etc/dhcpcd/dhcpcd-run-hooks', reason PREINIT
12-12 12:47:02.796  7018  7018 D DHCPCD  : wlan0: reading lease `/data/misc/dhcp/dhcpcd-wlan0.lease'
12-12 12:47:02.796  7018  7018 I DHCPCD  : wlan0: rebinding lease of ************
12-12 12:47:02.806  7018  7018 D DHCPCD  : wlan0: sending REQUEST (xid 0xc9ff5e35), next in 3.69 seconds
12-12 12:47:02.846  7018  7018 W DHCPCD  : wlan0: NAK: from ***********
12-12 12:47:02.846  7018  7018 D DHCPCD  : wlan0: executing `/system/etc/dhcpcd/dhcpcd-run-hooks', reason NAK
12-12 12:47:03.036  6244  7037 D Aatp    : /task/94d9a7791d9d6329c86be1dbc96e7348873a2a70/status
12-12 12:47:03.916  7018  7018 I DHCPCD  : wlan0: broadcasting for a lease
12-12 12:47:03.916  7018  7018 D DHCPCD  : wlan0: sending DISCOVER (xid 0x13086ec6), next in 3.64 seconds
12-12 12:47:04.146  6244  7038 D Aatp    : /task/94d9a7791d9d6329c86be1dbc96e7348873a2a70/status
12-12 12:47:05.256  6244  7039 D Aatp    : /task/94d9a7791d9d6329c86be1dbc96e7348873a2a70/status
12-12 12:47:05.986  7018  7018 I DHCPCD  : wlan0: offered ************ from ***********
12-12 12:47:05.986  7018  7018 D DHCPCD  : wlan0: sending REQUEST (xid 0x13086ec6), next in 4.57 seconds
12-12 12:47:06.006  7018  7018 I DHCPCD  : wlan0: acknowledged ************ from ***********
12-12 12:47:06.006  7018  7018 I DHCPCD  : wlan0: leased ************ for 864000 seconds
12-12 12:47:06.006  7018  7018 D DHCPCD  : wlan0: adding IP address ************/24
12-12 12:47:06.016   925   994 I WifiStateMachine: [DHCP INFO UPDATED (LinkProperties changed)] 
12-12 12:47:06.016  7018  7018 D DHCPCD  : wlan0: using Classless Static Routes
12-12 12:47:06.016  7018  7018 D DHCPCD  : wlan0: adding route to ***********/24
12-12 12:47:06.016  7018  7018 D DHCPCD  : wlan0: adding route to ********/8 via **********
12-12 12:47:06.016  7018  7018 E DHCPCD  : wlan0: add_route: m
12-12 12:47:06.026  7018  7018 D DHCPCD  : wlan0: adding route to **********/24 via **********
12-12 12:47:06.026  7018  7018 E DHCPCD  : wlan0: add_route: m
12-12 12:47:06.026  7018  7018 D DHCPCD  : wlan0: writing lease `/data/misc/dhcp/dhcpcd-wlan0.lease'
12-12 12:47:06.026  7018  7018 D DHCPCD  : wlan0: executing `/system/etc/dhcpcd/dhcpcd-run-hooks', reason BOUND
12-12 12:47:06.146   925   994 I WifiStateMachine: [DHCP INFO UPDATED (LinkProperties changed)]  DATA: [ xxxx]
12-12 12:47:06.146   925   994 I WifiStateMachine: [DHCP INFO UPDATED]  DATA: [ xxxx]
12-12 12:47:06.146   925   994 D WifiStateMachine: VerifyingLinkState enter
12-12 12:47:06.156   925   994 D WifiStateMachine: VerifyingLinkState GOOD_LINK_DETECTED: transition to captive portal check
12-12 12:47:06.156   925   994 D WifiStateMachine: CaptivePortalCheckState enter
12-12 12:47:06.156   925   994 D WifiStateMachine: CaptivePortalCheckState CMD_CAPTIVE_CHECK_COMPLETE
12-12 12:47:06.156   925   997 D ConnectivityService: Captive portal check xxxx
12-12 12:47:06.156   925   997 D ConnectivityService: handleCaptivePortalTrackerCheck: call captivePortalCheckComplete ni=xxxx
12-12 12:47:06.156   925   997 D ConnectivityService: Setting timer for 720seconds
12-12 12:47:06.166   925   992 D RadioPowerPolicy: Wifi reconnected and mobile data enabled.
12-12 12:47:06.166   925   992 D RadioPowerPolicy: screen=true, wifi_connected=true
12-12 12:47:06.166   925   997 D ConnectivityService: ConnectivityChange for WIFI: CONNECTED/CONNECTED
12-12 12:47:06.166   925   997 D ConnectivityService: Setting TCP values: [0] which comes from [net.tcp.usercfg.wifi]
12-12 12:47:06.166   925   997 D ConnectivityService: Setting TCP values: [1] which comes from [net.tcp.delack.wifi]
12-12 12:47:06.166   925   997 E ConnectivityService: Unexpected mtu value: android.net.wifi.WifiStateTracker@42827de8
12-12 12:47:06.186   925   997 D Nat464Xlat: requiresClat: netType=1, hasIPv4Address=true
12-12 12:47:06.246  7006  7006 W ContextImpl: Calling a method in the system process without a qualified user: android.app.ContextImpl.startService:1818 android.content.ContextWrapper.startService:529 android.content.ContextWrapper.startService:529 com.amazon.robocop.rules.wifi.WifiStateChangeReceiver.onReceive:34 android.app.ActivityThread.handleReceiver:2512 
12-12 12:47:06.246  7006  7074 I Enterprise.RuleHandlerService: onReceive
12-12 12:47:06.356   925  1420 D ActivityManager: single user service: com.amazon.imp
12-12 12:47:06.366  6244  7094 D Aatp    : /task/94d9a7791d9d6329c86be1dbc96e7348873a2a70/status
12-12 12:47:06.366   925  1420 D ActivityManager: app = com.amazon.imp, has single user service, setting process record.
12-12 12:47:06.756  6244  6893 D AWSDeviceFarmAndroidLib: connected: true
12-12 12:47:06.756  6244  6893 D AWSDeviceFarmAndroidLib: WiFiLock: acquire
12-12 12:47:06.756  6244  6244 D AatpDeviceManager: taskStatus update (94d9a7791d9d6329c86be1dbc96e7348873a2a70: {"result":"Wifi enabled: true","state":2})
12-12 12:47:07.436  6244  7115 D Aatp    : /task/94d9a7791d9d6329c86be1dbc96e7348873a2a70/status
12-12 12:47:07.566  6244  7116 D Aatp    : /bluetooth
12-12 12:47:07.576  6244  7116 D Aatp    : sha1: de19d32d4d223d411bc6d00e443822a7293018f2
12-12 12:47:07.576  6244  7116 D AatpDeviceManager: k: enabled v: True
12-12 12:47:07.576  6244  7116 D AatpDeviceManager: k: NanoHttpd.QUERY_STRING v: enabled=True
12-12 12:47:07.586  6244  7116 D Aatp    : /task/de19d32d4d223d411bc6d00e443822a7293018f2
12-12 12:47:07.596  6244  6244 D AatpDeviceManager: taskStatus update (de19d32d4d223d411bc6d00e443822a7293018f2: {"state":1})
12-12 12:47:07.596  6244  7117 D AWSDeviceFarmAndroidLib: setEnabled: enabled: true
12-12 12:47:07.596   925   961 D BluetoothManagerService: Message: 20
12-12 12:47:07.596   925   961 D BluetoothManagerService: Added callback: android.bluetooth.IBluetoothManagerCallback$Stub$Proxy@42a95708:true
12-12 12:47:07.596  6244  7117 D AWSDeviceFarmAndroidLib: setEnabled: setting bluetooth to: true
12-12 12:47:07.596   925   935 D BluetoothManagerService: enable()
12-12 12:47:07.596   925   935 D BluetoothManagerService: checkIfCallerIsForegroundUser: valid=true callingUser=0 foregroundUser=0
12-12 12:47:07.596   925   935 D BluetoothManagerService: enterpriseAwareEnable():  mBluetooth =null mBinding = false
12-12 12:47:07.606   925   961 D BluetoothManagerService: Message: 1
12-12 12:47:07.606   925   961 D BluetoothManagerService: MESSAGE_ENABLE: mBluetooth = null
12-12 12:47:07.616   925   961 W SharedAssetStorage: Launching com.android.bluetooth (1002) with AMZ_APP_GID
12-12 12:47:07.616   925   961 I ActivityManager: Start proc com.android.bluetooth for service com.android.bluetooth/.btservice.AdapterService: pid=7119 uid=1002 gids={41002, 1002, 3003, 3002, 3001, 1028, 1015, 3005, 1016, 3008, 1023, 9001}
12-12 12:47:07.656  7119  7119 D dalvikvm: Good opt header, DEX offset is 64, flags=0x00
12-12 12:47:07.656  7119  7119 D dalvikvm: dalvik-aux-structure mapped at 0x60457000 with sizes 268 288 284 792
12-12 12:47:07.656  7119  7119 D dalvikvm: Good opt header, DEX offset is 64, flags=0x00
12-12 12:47:07.666  7119  7119 D dalvikvm: dalvik-aux-structure mapped at 0x60458000 with sizes 9860 2572 9108 1472
12-12 12:47:07.686  7119  7119 D ProfileManager: Create ProfileManager instance
12-12 12:47:07.696  7119  7119 W ResourceType: No package identifier when getting value for resource number 0x00000000
12-12 12:47:07.696  7119  7119 I Dispatch: No dispatch information file found
12-12 12:47:07.696  7119  7119 D AdapterServiceConfig: Adding A2dpService
12-12 12:47:07.696  7119  7119 D AdapterServiceConfig: Adding HidService
12-12 12:47:07.696  7119  7119 D AdapterServiceConfig: Adding GattService
12-12 12:47:07.706  6244  7132 D Aatp    : /task/de19d32d4d223d411bc6d00e443822a7293018f2/status
12-12 12:47:07.716  7119  7119 D BluetoothAdapterService: REFCOUNT: CREATED. INSTANCE_COUNT1
12-12 12:47:07.716  7119  7119 D BluetoothAdapterService(1109556376): onCreate
12-12 12:47:07.726   925   961 D BluetoothManagerService: Message: 20
12-12 12:47:07.726  7119  7119 D BluetoothAdapterState: make
12-12 12:47:07.726   925   961 D BluetoothManagerService: Added callback: android.bluetooth.IBluetoothManagerCallback$Stub$Proxy@42a6f770:true
12-12 12:47:07.726  7119  7133 I BluetoothAdapterState: Entering OffState
12-12 12:47:07.726  7119  7119 I bluedroid: init
12-12 12:47:07.726  7119  7119 W ActivityThread: ClassLoader.loadClass: The class loader returned by Thread.getContextClassLoader() may fail for processes that host multiple applications. You should explicitly specify a context class loader. For example: Thread.setContextClassLoader(getClass().getClassLoader());
12-12 12:47:07.736  7119  7119 I bte_conf: Attempt to load stack conf from /etc/bluetooth/bt_stack_rel.conf
12-12 12:47:07.736  7119  7119 I bluedroid: get_profile_interface socket
12-12 12:47:07.736  7119  7135 I GKI_LINUX: gki_task_entry: gki_task_entry task_id=1 [BTIF] starting
12-12 12:47:07.736  7119  7135 I BluetoothAdapterProperties: adapterPropertyChangedCallback with type:2 len:6
12-12 12:47:07.736  7119  7119 D BluetoothAdapterService(1109556376): onBind
12-12 12:47:07.736   925   925 D BluetoothManagerService: BluetoothServiceConnection: com.android.bluetooth.btservice.AdapterService
12-12 12:47:07.736   925   961 D BluetoothManagerService: Message: 40
12-12 12:47:07.736   925   961 D BluetoothManagerService: MESSAGE_BLUETOOTH_SERVICE_CONNECTED: 1
12-12 12:47:07.736  7119  7130 I bluedroid: config_hci_snoop_log
12-12 12:47:07.736  7119  7135 D BluetoothAdapterProperties: Address is:xxxx
12-12 12:47:07.736  7119  7135 I BluetoothAdapterProperties: adapterPropertyChangedCallback with type:1 len:7
12-12 12:47:07.736   925   961 D BluetoothManagerService: Calling onBluetoothServiceUp callbacks
12-12 12:47:07.736   925   961 D BluetoothManagerService: Broadcasting onBluetoothServiceUp() to 5 receivers.
12-12 12:47:07.736  7119  7129 D BluetoothAdapterService(1109556376): Enable called with quiet mode status =  false
12-12 12:47:07.736  7119  7133 D BluetoothAdapterState: CURRENT_STATE=OFF, MESSAGE = USER_TURN_ON
12-12 12:47:07.736   925   925 D BluetoothManagerService: Bluetooth Adapter name changed to xxxx
12-12 12:47:07.736  7119  7135 D BluetoothAdapterProperties: Name is: xxxx
12-12 12:47:07.736   925   925 D BluetoothManagerService: Stored Bluetooth name: xxxx
12-12 12:47:07.736  7119  7133 D BluetoothAdapterProperties: Setting state to 11
12-12 12:47:07.736  7119  7133 I BluetoothAdapterState: Bluetooth adapter state changed: 10-> 11
12-12 12:47:07.736  7119  7133 D BluetoothAdapterService: Broadcasting updateAdapterState() to 1 receivers.
12-12 12:47:07.736   925   961 D BluetoothManagerService: Message: 60
12-12 12:47:07.736   925   961 D BluetoothManagerService: MESSAGE_BLUETOOTH_STATE_CHANGE: prevState = 10, newState=11
12-12 12:47:07.736   925   961 D BluetoothManagerService: Bluetooth State Change Intent: 10 -> 11
12-12 12:47:07.746  7119  7133 D BluetoothAdapterService(1109556376): processStart()
12-12 12:47:07.746  7119  7133 D BluetoothAdapterService(1109556376): processStart(): Make Bond State Machine
12-12 12:47:07.746   925   955 W SharedAssetStorage: Launching com.android.settings (1000) with AMZ_APP_GID
12-12 12:47:07.746  7119  7133 D BluetoothBondStateMachine: make
12-12 12:47:07.746  7119  7130 D BluetoothAdapterService(1109556376): getState(): mAdapterProperties: com.android.bluetooth.btservice.AdapterProperties@42229d78
12-12 12:47:07.746  7119  7133 D BluetoothAdapterService: setAdapterService(): set to: null
12-12 12:47:07.746  7119  7133 W BluetoothAdapterService: Starting service com.android.bluetooth.a2dp.A2dpService
12-12 12:47:07.746  7119  7136 I BluetoothBondStateMachine: StableState(): Entering Off State
12-12 12:47:07.746   925   955 W BroadcastQueue: Permission Denial: receiving Intent { act=android.bluetooth.adapter.action.STATE_CHANGED flg=0x14000010 (has extras) } to ProcessRecord{42a692f0 2797:com.amazon.whisperplay.cds:cds_services/u0a22006} (pid=2797, uid=32006) requires android.permission.BLUETOOTH due to sender android (uid 1000)
12-12 12:47:07.756  7119  7133 W BluetoothAdapterService: Starting service com.android.bluetooth.hid.HidService
12-12 12:47:07.756  7119  7133 W BluetoothAdapterService: Starting service com.android.bluetooth.gatt.GattService
12-12 12:47:07.756   925   925 D BluetoothA2dp: Proxy object connected
12-12 12:47:07.756   925   955 I ActivityManager: Start proc com.android.settings for broadcast com.android.settings/.bluetooth.DockEventReceiver: pid=7137 uid=1000 gids={41000, 1028, 1015, 3002, 3001, 3003, 2001, 1021, 3004, 3005, 1000, 3009, 1023, 1010, 9001}
12-12 12:47:07.766  7119  7133 I BluetoothAdapterState: Entering PendingCommandState State: isTurningOn()=true, isTurningOff()=false
12-12 12:47:07.766  7119  7129 D BluetoothAdapterService(1109556376): getState(): mAdapterProperties: com.android.bluetooth.btservice.AdapterProperties@42229d78
12-12 12:47:07.766  7119  7119 D A2dpService: Received start request. Starting profile...
12-12 12:47:07.766  7119  7119 I BluetoothAvrcpServiceJni: classInitNative: succeeds
12-12 12:47:07.766  7119  7119 I bluedroid: get_profile_interface avrcp
12-12 12:47:07.766  7119  7119 I BluetoothA2dpServiceJni: classInitNative: succeeds
12-12 12:47:07.766  7119  7119 D A2dpStateMachine: make
12-12 12:47:07.766  7119  7119 I bluedroid: get_profile_interface a2dp
12-12 12:47:07.766  7119  7152 I GKI_LINUX: gki_task_entry: gki_task_entry task_id=2 [A2DP-MEDIA] starting
12-12 12:47:07.766  7119  7119 D bt-btif : btif_av_state_idle_handler event:BTIF_SM_ENTER_EVT flags 0
12-12 12:47:07.776  7119  7119 D BluetoothAdapterService: getAdapterService(): returning com.android.bluetooth.btservice.AdapterService@42227c98
12-12 12:47:07.776  7119  7152 E bt-btif : warning : no command pending, ignore ack
12-12 12:47:07.776  7119  7119 I BluetoothHidServiceJni: classInitNative: succeeds
12-12 12:47:07.776  7119  7151 D A2dpStateMachine: Enter Disconnected: -2
12-12 12:47:07.776  7119  7119 D HidService: Received start request. Starting profile...
12-12 12:47:07.776  7119  7119 I bluedroid: get_profile_interface hidhost
12-12 12:47:07.776  7119  7119 D BluetoothAdapterService: getAdapterService(): returning com.android.bluetooth.btservice.AdapterService@42227c98
12-12 12:47:07.776  7119  7119 D BtGatt.GattService: classInitNative called
12-12 12:47:07.776  7119  7119 I BtGatt.JNI: classInitNative(L684): classInitNative: Success!
12-12 12:47:07.776  7119  7119 D BtGatt.DebugUtils: handleDebugAction() action=null
12-12 12:47:07.776  7119  7119 D BtGatt.GattService: Received start request. Starting profile...
12-12 12:47:07.776  7119  7119 D BtGatt.GattService: start()
12-12 12:47:07.776  7119  7119 I bluedroid: get_profile_interface gatt
12-12 12:47:07.776  7119  7119 D BluetoothAdapterService: getAdapterService(): returning com.android.bluetooth.btservice.AdapterService@42227c98
12-12 12:47:07.776  7119  7119 D BluetoothAdapterService(1109556376): Message: 1
12-12 12:47:07.776  7119  7119 D BluetoothAdapterService(1109556376): MESSAGE_PROFILE_SERVICE_STATE_CHANGED
12-12 12:47:07.776  7119  7119 D BluetoothAdapterService: onProfileServiceStateChange: serviceName=com.android.bluetooth.a2dp.A2dpService, state = 12, doUpdate = true
12-12 12:47:07.776  7119  7119 D BluetoothAdapterService: Profile still not running:com.android.bluetooth.hid.HidService
12-12 12:47:07.776  7119  7119 D BluetoothAdapterService(1109556376): Message: 1
12-12 12:47:07.776  7119  7119 D BluetoothAdapterService(1109556376): MESSAGE_PROFILE_SERVICE_STATE_CHANGED
12-12 12:47:07.776  7119  7119 D BluetoothAdapterService: onProfileServiceStateChange: serviceName=com.android.bluetooth.hid.HidService, state = 12, doUpdate = true
12-12 12:47:07.776  7119  7119 D BluetoothAdapterService: Profile still not running:com.android.bluetooth.gatt.GattService
12-12 12:47:07.776  7119  7119 D BluetoothAdapterService(1109556376): Message: 1
12-12 12:47:07.776  7119  7119 D BluetoothAdapterService(1109556376): MESSAGE_PROFILE_SERVICE_STATE_CHANGED
12-12 12:47:07.776  7119  7119 D BluetoothAdapterService: onProfileServiceStateChange: serviceName=com.android.bluetooth.gatt.GattService, state = 12, doUpdate = true
12-12 12:47:07.776  7119  7119 D BluetoothAdapterService: All profile services started.
12-12 12:47:07.776  7119  7133 D BluetoothAdapterState: CURRENT_STATE=PENDING, MESSAGE = STARTED, isTurningOn=true, isTurningOff=false
12-12 12:47:07.776  7119  7133 I bluedroid: enable
12-12 12:47:07.776  7119  7133 I bt_hci_bdroid: init
12-12 12:47:07.776  7119  7133 I bt_vendor: bt-vendor : init
12-12 12:47:07.776  7119  7133 I bt_vendor: bt-vendor : get_bt_soc_type
12-12 12:47:07.776  7119  7133 I bt_vendor: qcom.bluetooth.soc set to ath3k
12-12 12:47:07.776  7119  7133 I bt_vendor: bt-vendor : Initializing UART transport layer
12-12 12:47:07.776  7119  7133 I bt_vendor: init: Local BD Address : 39:1f:96:60:ae:10
12-12 12:47:07.776  7119  7133 I bt_hci_bdroid: ro.qualcomm.bt.hci_transport not set, so using default.
12-12 12:47:07.776  7119  7133 D bt_h4   : hci_h4_init
12-12 12:47:07.776  7119  7133 D bt_hci_bdroid: set_power 0
12-12 12:47:07.776  7119  7133 I bt_vendor: bt-vendor : BT_VND_OP_POWER_CTRL: Off
12-12 12:47:07.776  7119  7133 I bt_vendor: bt_powerup: 0
12-12 12:47:07.776  7119  7133 E bt_vendor: bt_wait_for_service_done: check
12-12 12:47:07.776  7119  7133 E bt_vendor: bt_powerup:can't perform action as it is being used by other clients
12-12 12:47:07.786  7119  7154 I bt_hci_bdroid: bt_hc_worker_thread started
12-12 12:47:07.786  7137  7137 W dalvikvm: Refusing to reopen boot DEX '/system/framework/eaclibrary.jar'
12-12 12:47:07.786  7137  7137 D dalvikvm: Good opt header, DEX offset is 64, flags=0x00
12-12 12:47:07.786  7137  7137 D dalvikvm: dalvik-aux-structure mapped at 0x60d6a000 with sizes 1992 2188 3416 1324
12-12 12:47:07.786  7137  7137 D dalvikvm: Good opt header, DEX offset is 64, flags=0x00
12-12 12:47:07.786  7137  7137 D dalvikvm: dalvik-aux-structure mapped at 0x60d6f000 with sizes 13436 5304 11424 3896
12-12 12:47:07.786  7137  7137 D dalvikvm: Good opt header, DEX offset is 64, flags=0x00
12-12 12:47:07.786  7137  7137 D dalvikvm: dalvik-aux-structure mapped at 0x615f0000 with sizes 40520 26084 53968 12536
12-12 12:47:07.796  7137  7137 D dalvikvm: Good opt header, DEX offset is 64, flags=0x00
12-12 12:47:07.796  7137  7137 D dalvikvm: dalvik-aux-structure mapped at 0x60d79000 with sizes 696 840 960 188
12-12 12:47:07.796  7137  7137 D dalvikvm: Good opt header, DEX offset is 64, flags=0x00
12-12 12:47:07.796  7137  7137 D dalvikvm: dalvik-aux-structure mapped at 0x60f13000 with sizes 1452 716 1504 908
12-12 12:47:07.796  7137  7137 D dalvikvm: Good opt header, DEX offset is 64, flags=0x00
12-12 12:47:07.796  7137  7137 D dalvikvm: dalvik-aux-structure mapped at 0x60f15000 with sizes 752 564 744 248
12-12 12:47:07.796  7137  7137 D dalvikvm: Good opt header, DEX offset is 64, flags=0x00
12-12 12:47:07.796  7137  7137 D dalvikvm: dalvik-aux-structure mapped at 0x60f17000 with sizes 164 364 528 88
12-12 12:47:07.796  7137  7137 D ProfileManager: Create ProfileManager instance
12-12 12:47:07.806  7137  7137 W ResourceType: No package identifier when getting value for resource number 0x00000000
12-12 12:47:07.806  7137  7137 I Dispatch: No dispatch information file found
12-12 12:47:07.806  7137  7137 W ActivityThread: ClassLoader.loadClass: The class loader returned by Thread.getContextClassLoader() may fail for processes that host multiple applications. You should explicitly specify a context class loader. For example: Thread.setContextClassLoader(getClass().getClassLoader());
12-12 12:47:07.836  7119  7119 D dalvikvm: Good opt header, DEX offset is 64, flags=0x00
12-12 12:47:07.836  7119  7119 D dalvikvm: dalvik-aux-structure mapped at 0x6133e000 with sizes 216 176 128 100
12-12 12:47:07.866   925   994 I WifiStateMachine: [DHCP INFO UPDATED (LinkProperties changed)]  DATA: [ xxxx]
12-12 12:47:07.866   925   997 D ConnectivityService: handleConnectivityChange: addresses changed linkProperty[1]: resetMask=0
12-12 12:47:07.866   925   997 D ConnectivityService:    car=removed=[] added=[fe80::12ae:60ff:fe96:4825/64,]
12-12 12:47:07.876   925   997 D Nat464Xlat: requiresClat: netType=1, hasIPv4Address=true
12-12 12:47:07.986  7119  7133 D bt_hci_bdroid: set_power 1
12-12 12:47:07.986  7119  7133 I bt_vendor: bt-vendor : BT_VND_OP_POWER_CTRL: On
12-12 12:47:07.986  7119  7133 I bt_vendor: bt_powerup: 1
12-12 12:47:07.986  7119  7133 E bt_vendor: bt_wait_for_service_done: check
12-12 12:47:07.986  7119  7133 E bt_vendor: Write 1 to rfkill
12-12 12:47:08.096  7119  7133 E bt_vendor: bt get wifi status: ok, isInit: 1
12-12 12:47:08.296  7119  7133 D bt_hci_bdroid: preload
12-12 12:47:08.296  7119  7133 D bt_hci_bdroid: signal_event :0x1
12-12 12:47:08.296  7119  7154 D bt_hci_bdroid: bt_hc_worker_thread events : 0x1
12-12 12:47:08.296  7119  7154 I bt_vendor: bt-vendor : BT_VND_OP_USERIAL_OPEN
12-12 12:47:08.296  7119  7154 I bt_vendor:  hw_config_ath3k 
12-12 12:47:08.296  7119  7154 I bt_vendor:  init_uart 
12-12 12:47:08.296  7119  7158 I GKI_LINUX: gki_task_entry: gki_task_entry task_id=0 [BTU] starting
12-12 12:47:08.296  7119  7158 I bt-btu  : btu_task pending for preload complete event
12-12 12:47:08.306  7119  7154 I bt_vendor:  ath3k_init 
12-12 12:47:08.306  7119  7154 I bt_vendor: read_hci_event: Wait for Command Compete Event from SOC
12-12 12:47:08.306  7119  7154 I bt_vendor: read_hci_event: Event Received from SOC
12-12 12:47:08.306  7119  7154 I bt_vendor: read_hci_event: Event Read from SOC
12-12 12:47:08.306  7119  7154 I bt_vendor: set_cntrlr_baud : ret:0 
12-12 12:47:08.306  7119  7154 I bt_vendor: read_hci_event: Wait for Command Compete Event from SOC
12-12 12:47:08.306  7119  7154 I bt_vendor: read_hci_event: Event Received from SOC
12-12 12:47:08.306  7119  7154 I bt_vendor: read_hci_event: Event Read from SOC
12-12 12:47:08.306  7119  7154 I bt_vendor: read_hci_event: Wait for Command Compete Event from SOC
12-12 12:47:08.306  7119  7154 I bt_vendor: read_hci_event: Event Received from SOC
12-12 12:47:08.306  7119  7154 I bt_vendor: read_hci_event: Event Read from SOC
12-12 12:47:08.306  7119  7154 I bt_vendor: read_hci_event: Wait for Command Compete Event from SOC
12-12 12:47:08.306  7119  7154 I bt_vendor: read_hci_event: Event Received from SOC
12-12 12:47:08.306  7119  7154 I bt_vendor: read_hci_event: Event Read from SOC
12-12 12:47:08.316  7119  7154 I bt_vendor: read_hci_event: Wait for Command Compete Event from SOC
12-12 12:47:08.316  7119  7154 I bt_vendor: read_hci_event: Event Received from SOC
12-12 12:47:08.316  7119  7154 I bt_vendor: read_hci_event: Event Read from SOC
12-12 12:47:08.316  7119  7154 I bt_vendor: read_hci_event: Wait for Command Compete Event from SOC
12-12 12:47:08.316  7119  7154 I bt_vendor: read_hci_event: Event Received from SOC
12-12 12:47:08.316  7119  7154 I bt_vendor: read_hci_event: Event Read from SOC
12-12 12:47:08.316  7119  7154 I bt_vendor: read_hci_event: Wait for Command Compete Event from SOC
12-12 12:47:08.316  7119  7154 I bt_vendor: read_hci_event: Event Received from SOC
12-12 12:47:08.316  7119  7154 I bt_vendor: read_hci_event: Event Read from SOC
12-12 12:47:08.316  7119  7154 I bt_vendor: read_hci_event: Wait for Command Compete Event from SOC
12-12 12:47:08.326  7119  7154 I bt_vendor: read_hci_event: Event Received from SOC
12-12 12:47:08.326  7119  7154 I bt_vendor: read_hci_event: Event Read from SOC
12-12 12:47:08.326  7119  7154 I bt_vendor: read_hci_event: Wait for Command Compete Event from SOC
12-12 12:47:08.326  7119  7154 I bt_vendor: read_hci_event: Event Received from SOC
12-12 12:47:08.326  7119  7154 I bt_vendor: read_hci_event: Event Read from SOC
12-12 12:47:08.326  7119  7154 I bt_vendor: read_hci_event: Wait for Command Compete Event from SOC
12-12 12:47:08.326  7119  7154 I bt_vendor: read_hci_event: Event Received from SOC
12-12 12:47:08.326  7119  7154 I bt_vendor: read_hci_event: Event Read from SOC
12-12 12:47:08.326  7119  7154 I bt_vendor: read_hci_event: Wait for Command Compete Event from SOC
12-12 12:47:08.326  7119  7154 I bt_vendor: read_hci_event: Event Received from SOC
12-12 12:47:08.326  7119  7154 I bt_vendor: read_hci_event: Event Read from SOC
12-12 12:47:08.326  7119  7154 I bt_vendor: read_hci_event: Wait for Command Compete Event from SOC
12-12 12:47:08.326  7119  7154 I bt_vendor: read_hci_event: Event Received from SOC
12-12 12:47:08.326  7119  7154 I bt_vendor: read_hci_event: Event Read from SOC
12-12 12:47:08.326  7119  7154 I bt_vendor: read_hci_event: Wait for Command Compete Event from SOC
12-12 12:47:08.336  7119  7154 I bt_vendor: read_hci_event: Event Received from SOC
12-12 12:47:08.336  7119  7154 I bt_vendor: read_hci_event: Event Read from SOC
12-12 12:47:08.336  7119  7154 I bt_vendor: read_hci_event: Wait for Command Compete Event from SOC
12-12 12:47:08.336  7119  7154 I bt_vendor: read_hci_event: Event Received from SOC
12-12 12:47:08.336  7119  7154 I bt_vendor: read_hci_event: Event Read from SOC
12-12 12:47:08.336  7119  7154 I bt_vendor: read_hci_event: Wait for Command Compete Event from SOC
12-12 12:47:08.336  7119  7154 I bt_vendor: read_hci_event: Event Received from SOC
12-12 12:47:08.336  7119  7154 I bt_vendor: read_hci_event: Event Read from SOC
12-12 12:47:08.336  7119  7154 I bt_vendor: read_hci_event: Wait for Command Compete Event from SOC
12-12 12:47:08.336  7119  7154 I bt_vendor: read_hci_event: Event Received from SOC
12-12 12:47:08.336  7119  7154 I bt_vendor: read_hci_event: Event Read from SOC
12-12 12:47:08.336  7119  7154 I bt_vendor: read_hci_event: Wait for Command Compete Event from SOC
12-12 12:47:08.336  7119  7154 I bt_vendor: read_hci_event: Event Received from SOC
12-12 12:47:08.336  7119  7154 I bt_vendor: read_hci_event: Event Read from SOC
12-12 12:47:08.346  7119  7154 I bt_vendor: read_hci_event: Wait for Command Compete Event from SOC
12-12 12:47:08.346  7119  7154 I bt_vendor: read_hci_event: Event Received from SOC
12-12 12:47:08.346  7119  7154 I bt_vendor: read_hci_event: Event Read from SOC
12-12 12:47:08.346  7119  7154 I bt_vendor: read_hci_event: Wait for Command Compete Event from SOC
12-12 12:47:08.346  7119  7154 I bt_vendor: read_hci_event: Event Received from SOC
12-12 12:47:08.346  7119  7154 I bt_vendor: read_hci_event: Event Read from SOC
12-12 12:47:08.346  7119  7154 I bt_vendor: read_hci_event: Wait for Command Compete Event from SOC
12-12 12:47:08.346  7119  7154 I bt_vendor: read_hci_event: Event Received from SOC
12-12 12:47:08.346  7119  7154 I bt_vendor: read_hci_event: Event Read from SOC
12-12 12:47:08.346  7119  7154 I bt_vendor: read_hci_event: Wait for Command Compete Event from SOC
12-12 12:47:08.346  7119  7154 I bt_vendor: read_hci_event: Event Received from SOC
12-12 12:47:08.346  7119  7154 I bt_vendor: read_hci_event: Event Read from SOC
12-12 12:47:08.346  7119  7154 I bt_vendor: read_hci_event: Wait for Command Compete Event from SOC
12-12 12:47:08.356  7119  7154 I bt_vendor: read_hci_event: Event Received from SOC
12-12 12:47:08.356  7119  7154 I bt_vendor: read_hci_event: Event Read from SOC
12-12 12:47:08.356  7119  7154 I bt_vendor: read_hci_event: Wait for Command Compete Event from SOC
12-12 12:47:08.356  7119  7154 I bt_vendor: read_hci_event: Event Received from SOC
12-12 12:47:08.356  7119  7154 I bt_vendor: read_hci_event: Event Read from SOC
12-12 12:47:08.356  7119  7154 I bt_vendor: read_hci_event: Wait for Command Compete Event from SOC
12-12 12:47:08.356  7119  7154 I bt_vendor: read_hci_event: Event Received from SOC
12-12 12:47:08.356  7119  7154 I bt_vendor: read_hci_event: Event Read from SOC
12-12 12:47:08.356  7119  7154 I bt_vendor: read_hci_event: Wait for Command Compete Event from SOC
12-12 12:47:08.356  7119  7154 I bt_vendor: read_hci_event: Event Received from SOC
12-12 12:47:08.356  7119  7154 I bt_vendor: read_hci_event: Event Read from SOC
12-12 12:47:08.366  7119  7154 I bt_vendor: read_hci_event: Wait for Command Compete Event from SOC
12-12 12:47:08.366  7119  7154 I bt_vendor: read_hci_event: Event Received from SOC
12-12 12:47:08.366  7119  7154 I bt_vendor: read_hci_event: Event Read from SOC
12-12 12:47:08.366  7119  7154 I bt_vendor: read_hci_event: Wait for Command Compete Event from SOC
12-12 12:47:08.366  7119  7154 I bt_vendor: read_hci_event: Event Received from SOC
12-12 12:47:08.366  7119  7154 I bt_vendor: read_hci_event: Event Read from SOC
12-12 12:47:08.366  7119  7154 I bt_vendor: read_hci_event: Wait for Command Compete Event from SOC
12-12 12:47:08.366  7119  7154 I bt_vendor: read_hci_event: Event Received from SOC
12-12 12:47:08.366  7119  7154 I bt_vendor: read_hci_event: Event Read from SOC
12-12 12:47:08.366  7119  7154 I bt_vendor: read_hci_event: Wait for Command Compete Event from SOC
12-12 12:47:08.366  7119  7154 I bt_vendor: read_hci_event: Event Received from SOC
12-12 12:47:08.366  7119  7154 I bt_vendor: read_hci_event: Event Read from SOC
12-12 12:47:08.376  7119  7154 I bt_vendor: read_hci_event: Wait for Command Compete Event from SOC
12-12 12:47:08.376  7119  7154 I bt_vendor: read_hci_event: Event Received from SOC
12-12 12:47:08.376  7119  7154 I bt_vendor: read_hci_event: Event Read from SOC
12-12 12:47:08.376  7119  7154 I bt_vendor: read_hci_event: Wait for Command Compete Event from SOC
12-12 12:47:08.376  7119  7154 I bt_vendor: read_hci_event: Event Received from SOC
12-12 12:47:08.376  7119  7154 I bt_vendor: read_hci_event: Event Read from SOC
12-12 12:47:08.376  7119  7154 I bt_vendor: read_hci_event: Wait for Command Compete Event from SOC
12-12 12:47:08.376  7119  7154 I bt_vendor: read_hci_event: Event Received from SOC
12-12 12:47:08.376  7119  7154 I bt_vendor: read_hci_event: Event Read from SOC
12-12 12:47:08.376  7119  7154 I bt_vendor: read_hci_event: Wait for Command Compete Event from SOC
12-12 12:47:08.376  7119  7154 I bt_vendor: read_hci_event: Event Received from SOC
12-12 12:47:08.376  7119  7154 I bt_vendor: read_hci_event: Event Read from SOC
12-12 12:47:08.386  7119  7154 I bt_vendor: read_hci_event: Wait for Command Compete Event from SOC
12-12 12:47:08.386  7119  7154 I bt_vendor: read_hci_event: Event Received from SOC
12-12 12:47:08.386  7119  7154 I bt_vendor: read_hci_event: Event Read from SOC
12-12 12:47:08.386  7119  7154 I bt_vendor: read_hci_event: Wait for Command Compete Event from SOC
12-12 12:47:08.386  7119  7154 I bt_vendor: read_hci_event: Event Received from SOC
12-12 12:47:08.386  7119  7154 I bt_vendor: read_hci_event: Event Read from SOC
12-12 12:47:08.386  7119  7154 I bt_vendor: read_hci_event: Wait for Command Compete Event from SOC
12-12 12:47:08.386  7119  7154 I bt_vendor: read_hci_event: Event Received from SOC
12-12 12:47:08.386  7119  7154 I bt_vendor: read_hci_event: Event Read from SOC
12-12 12:47:08.386  7119  7154 I bt_vendor: read_hci_event: Wait for Command Compete Event from SOC
12-12 12:47:08.386  7119  7154 I bt_vendor: read_hci_event: Event Received from SOC
12-12 12:47:08.396  7119  7154 I bt_vendor: read_hci_event: Event Read from SOC
12-12 12:47:08.396  7119  7154 I bt_vendor: read_hci_event: Wait for Command Compete Event from SOC
12-12 12:47:08.396  7119  7154 I bt_vendor: read_hci_event: Event Received from SOC
12-12 12:47:08.396  7119  7154 I bt_vendor: read_hci_event: Event Read from SOC
12-12 12:47:08.396  7119  7154 I bt_vendor: read_hci_event: Wait for Command Compete Event from SOC
12-12 12:47:08.396  7119  7154 I bt_vendor: read_hci_event: Event Received from SOC
12-12 12:47:08.396  7119  7154 I bt_vendor: read_hci_event: Event Read from SOC
12-12 12:47:08.396  7119  7154 I bt_vendor: read_hci_event: Wait for Command Compete Event from SOC
12-12 12:47:08.396  7119  7154 I bt_vendor: read_hci_event: Event Received from SOC
12-12 12:47:08.396  7119  7154 I bt_vendor: read_hci_event: Event Read from SOC
12-12 12:47:08.396  7119  7154 I bt_vendor: read_hci_event: Wait for Command Compete Event from SOC
12-12 12:47:08.406  7119  7154 I bt_vendor: read_hci_event: Event Received from SOC
12-12 12:47:08.406  7119  7154 I bt_vendor: read_hci_event: Event Read from SOC
12-12 12:47:08.406  7119  7154 I bt_vendor: read_hci_event: Wait for Command Compete Event from SOC
12-12 12:47:08.406  7119  7154 I bt_vendor: read_hci_event: Event Received from SOC
12-12 12:47:08.406  7119  7154 I bt_vendor: read_hci_event: Event Read from SOC
12-12 12:47:08.406  7119  7154 I bt_vendor: read_hci_event: Wait for Command Compete Event from SOC
12-12 12:47:08.406  7119  7154 I bt_vendor: read_hci_event: Event Received from SOC
12-12 12:47:08.406  7119  7154 I bt_vendor: read_hci_event: Event Read from SOC
12-12 12:47:08.406  7119  7154 I bt_vendor: read_hci_event: Wait for Command Compete Event from SOC
12-12 12:47:08.406  7119  7154 I bt_vendor: read_hci_event: Event Received from SOC
12-12 12:47:08.406  7119  7154 I bt_vendor: read_hci_event: Event Read from SOC
12-12 12:47:08.406  7119  7154 I bt_vendor: read_hci_event: Wait for Command Compete Event from SOC
12-12 12:47:08.416  7119  7154 I bt_vendor: read_hci_event: Event Received from SOC
12-12 12:47:08.416  7119  7154 I bt_vendor: read_hci_event: Event Read from SOC
12-12 12:47:08.416  7119  7154 I bt_vendor: read_hci_event: Wait for Command Compete Event from SOC
12-12 12:47:08.416  7119  7154 I bt_vendor: read_hci_event: Event Received from SOC
12-12 12:47:08.416  7119  7154 I bt_vendor: read_hci_event: Event Read from SOC
12-12 12:47:08.416  7119  7154 I bt_vendor: read_hci_event: Wait for Command Compete Event from SOC
12-12 12:47:08.416  7119  7154 I bt_vendor: read_hci_event: Event Received from SOC
12-12 12:47:08.416  7119  7154 I bt_vendor: read_hci_event: Event Read from SOC
12-12 12:47:08.416  7119  7154 I bt_vendor: read_hci_event: Wait for Command Compete Event from SOC
12-12 12:47:08.416  7119  7154 I bt_vendor: read_hci_event: Event Received from SOC
12-12 12:47:08.416  7119  7154 I bt_vendor: read_hci_event: Event Read from SOC
12-12 12:47:08.416  7119  7154 I bt_vendor: read_hci_event: Wait for Command Compete Event from SOC
12-12 12:47:08.426  7119  7154 I bt_vendor: read_hci_event: Event Received from SOC
12-12 12:47:08.426  7119  7154 I bt_vendor: read_hci_event: Event Read from SOC
12-12 12:47:08.426  7119  7154 I bt_vendor: read_hci_event: Wait for Command Compete Event from SOC
12-12 12:47:08.426  7119  7154 I bt_vendor: read_hci_event: Event Received from SOC
12-12 12:47:08.426  7119  7154 I bt_vendor: read_hci_event: Event Read from SOC
12-12 12:47:08.426  7119  7154 I bt_vendor: read_hci_event: Wait for Command Compete Event from SOC
12-12 12:47:08.426  7119  7154 I bt_vendor: read_hci_event: Event Received from SOC
12-12 12:47:08.426  7119  7154 I bt_vendor: read_hci_event: Event Read from SOC
12-12 12:47:08.426  7119  7154 I bt_vendor: read_hci_event: Wait for Command Compete Event from SOC
12-12 12:47:08.426  7119  7154 I bt_vendor: read_hci_event: Event Received from SOC
12-12 12:47:08.426  7119  7154 I bt_vendor: read_hci_event: Event Read from SOC
12-12 12:47:08.426  7119  7154 I bt_vendor: read_hci_event: Wait for Command Compete Event from SOC
12-12 12:47:08.436  7119  7154 I bt_vendor: read_hci_event: Event Received from SOC
12-12 12:47:08.436  7119  7154 I bt_vendor: read_hci_event: Event Read from SOC
12-12 12:47:08.436  7119  7154 I bt_vendor: read_hci_event: Wait for Command Compete Event from SOC
12-12 12:47:08.436  7119  7154 I bt_vendor: read_hci_event: Event Received from SOC
12-12 12:47:08.436  7119  7154 I bt_vendor: read_hci_event: Event Read from SOC
12-12 12:47:08.436  7119  7154 I bt_vendor: read_hci_event: Wait for Command Compete Event from SOC
12-12 12:47:08.436  7119  7154 I bt_vendor: read_hci_event: Event Received from SOC
12-12 12:47:08.436  7119  7154 I bt_vendor: read_hci_event: Event Read from SOC
12-12 12:47:08.436  7119  7154 I bt_vendor: read_hci_event: Wait for Command Compete Event from SOC
12-12 12:47:08.436  7119  7154 I bt_vendor: read_hci_event: Event Received from SOC
12-12 12:47:08.436  7119  7154 I bt_vendor: read_hci_event: Event Read from SOC
12-12 12:47:08.436  7119  7154 I bt_vendor: read_hci_event: Wait for Command Compete Event from SOC
12-12 12:47:08.446  7119  7154 I bt_vendor: read_hci_event: Event Received from SOC
12-12 12:47:08.446  7119  7154 I bt_vendor: read_hci_event: Event Read from SOC
12-12 12:47:08.446  7119  7154 I bt_vendor: read_hci_event: Wait for Command Compete Event from SOC
12-12 12:47:08.446  7119  7154 I bt_vendor: read_hci_event: Event Received from SOC
12-12 12:47:08.446  7119  7154 I bt_vendor: read_hci_event: Event Read from SOC
12-12 12:47:08.446  7119  7154 I bt_vendor: read_hci_event: Wait for Command Compete Event from SOC
12-12 12:47:08.446  7119  7154 I bt_vendor: read_hci_event: Event Received from SOC
12-12 12:47:08.446  7119  7154 I bt_vendor: read_hci_event: Event Read from SOC
12-12 12:47:08.446  7119  7154 I bt_vendor: read_hci_event: Wait for Command Compete Event from SOC
12-12 12:47:08.446  7119  7154 I bt_vendor: read_hci_event: Event Received from SOC
12-12 12:47:08.446  7119  7154 I bt_vendor: read_hci_event: Event Read from SOC
12-12 12:47:08.446  7119  7154 I bt_vendor: read_hci_event: Wait for Command Compete Event from SOC
12-12 12:47:08.456  7119  7154 I bt_vendor: read_hci_event: Event Received from SOC
12-12 12:47:08.456  7119  7154 I bt_vendor: read_hci_event: Event Read from SOC
12-12 12:47:08.456  7119  7154 I bt_vendor: read_hci_event: Wait for Command Compete Event from SOC
12-12 12:47:08.456  7119  7154 I bt_vendor: read_hci_event: Event Received from SOC
12-12 12:47:08.456  7119  7154 I bt_vendor: read_hci_event: Event Read from SOC
12-12 12:47:08.456  7119  7154 I bt_vendor: read_hci_event: Wait for Command Compete Event from SOC
12-12 12:47:08.456  7119  7154 I bt_vendor: read_hci_event: Event Received from SOC
12-12 12:47:08.456  7119  7154 I bt_vendor: read_hci_event: Event Read from SOC
12-12 12:47:08.456  7119  7154 I bt_vendor: read_hci_event: Wait for Command Compete Event from SOC
12-12 12:47:08.456  7119  7154 I bt_vendor: read_hci_event: Event Received from SOC
12-12 12:47:08.456  7119  7154 I bt_vendor: read_hci_event: Event Read from SOC
12-12 12:47:08.456  7119  7154 I bt_vendor: read_hci_event: Wait for Command Compete Event from SOC
12-12 12:47:08.466  7119  7154 I bt_vendor: read_hci_event: Event Received from SOC
12-12 12:47:08.466  7119  7154 I bt_vendor: read_hci_event: Event Read from SOC
12-12 12:47:08.466  7119  7154 I bt_vendor: read_hci_event: Wait for Command Compete Event from SOC
12-12 12:47:08.466  7119  7154 I bt_vendor: read_hci_event: Event Received from SOC
12-12 12:47:08.466  7119  7154 I bt_vendor: read_hci_event: Event Read from SOC
12-12 12:47:08.466  7119  7154 I bt_vendor: read_hci_event: Wait for Command Compete Event from SOC
12-12 12:47:08.466  7119  7154 I bt_vendor: read_hci_event: Event Received from SOC
12-12 12:47:08.466  7119  7154 I bt_vendor: read_hci_event: Event Read from SOC
12-12 12:47:08.466  7119  7154 I bt_vendor: read_hci_event: Wait for Command Compete Event from SOC
12-12 12:47:08.466  7119  7154 I bt_vendor: read_hci_event: Event Received from SOC
12-12 12:47:08.466  7119  7154 I bt_vendor: read_hci_event: Event Read from SOC
12-12 12:47:08.476  7119  7154 I bt_vendor: read_hci_event: Wait for Command Compete Event from SOC
12-12 12:47:08.476  7119  7154 I bt_vendor: read_hci_event: Event Received from SOC
12-12 12:47:08.476  7119  7154 I bt_vendor: read_hci_event: Event Read from SOC
12-12 12:47:08.476  7119  7154 I bt_vendor: read_hci_event: Wait for Command Compete Event from SOC
12-12 12:47:08.476  7119  7154 I bt_vendor: read_hci_event: Event Received from SOC
12-12 12:47:08.476  7119  7154 I bt_vendor: read_hci_event: Event Read from SOC
12-12 12:47:08.476  7119  7154 I bt_vendor: read_hci_event: Wait for Command Compete Event from SOC
12-12 12:47:08.476  7119  7154 I bt_vendor: read_hci_event: Event Received from SOC
12-12 12:47:08.476  7119  7154 I bt_vendor: read_hci_event: Event Read from SOC
12-12 12:47:08.476  7119  7154 I bt_vendor: read_hci_event: Wait for Command Compete Event from SOC
12-12 12:47:08.476  7119  7154 I bt_vendor: read_hci_event: Event Received from SOC
12-12 12:47:08.476  7119  7154 I bt_vendor: read_hci_event: Event Read from SOC
12-12 12:47:08.476  7119  7154 I bt_vendor: read_hci_event: Wait for Command Compete Event from SOC
12-12 12:47:08.486  7119  7154 I bt_vendor: read_hci_event: Event Received from SOC
12-12 12:47:08.486  7119  7154 I bt_vendor: read_hci_event: Event Read from SOC
12-12 12:47:08.486  7119  7154 I bt_vendor: read_hci_event: Wait for Command Compete Event from SOC
12-12 12:47:08.486  7119  7154 I bt_vendor: read_hci_event: Event Received from SOC
12-12 12:47:08.486  7119  7154 I bt_vendor: read_hci_event: Event Read from SOC
12-12 12:47:08.486  7119  7154 I bt_vendor: read_hci_event: Wait for Command Compete Event from SOC
12-12 12:47:08.486  7119  7154 I bt_vendor: read_hci_event: Event Received from SOC
12-12 12:47:08.486  7119  7154 I bt_vendor: read_hci_event: Event Read from SOC
12-12 12:47:08.486  7119  7154 I bt_vendor: read_hci_event: Wait for Command Compete Event from SOC
12-12 12:47:08.486  7119  7154 I bt_vendor: read_hci_event: Event Received from SOC
12-12 12:47:08.486  7119  7154 I bt_vendor: read_hci_event: Event Read from SOC
12-12 12:47:08.486  7119  7154 I bt_vendor: read_hci_event: Wait for Command Compete Event from SOC
12-12 12:47:08.496  7119  7154 I bt_vendor: read_hci_event: Event Received from SOC
12-12 12:47:08.496  7119  7154 I bt_vendor: read_hci_event: Event Read from SOC
12-12 12:47:08.496  7119  7154 I bt_vendor: read_hci_event: Wait for Command Compete Event from SOC
12-12 12:47:08.496  7119  7154 I bt_vendor: read_hci_event: Event Received from SOC
12-12 12:47:08.496  7119  7154 I bt_vendor: read_hci_event: Event Read from SOC
12-12 12:47:08.496  7119  7154 I bt_vendor: read_hci_event: Wait for Command Compete Event from SOC
12-12 12:47:08.496  7119  7154 I bt_vendor: read_hci_event: Event Received from SOC
12-12 12:47:08.496  7119  7154 I bt_vendor: read_hci_event: Event Read from SOC
12-12 12:47:08.496  7119  7154 I bt_vendor: read_hci_event: Wait for Command Compete Event from SOC
12-12 12:47:08.496  7119  7154 I bt_vendor: read_hci_event: Event Received from SOC
12-12 12:47:08.496  7119  7154 I bt_vendor: read_hci_event: Event Read from SOC
12-12 12:47:08.496  7119  7154 I bt_vendor: read_hci_event: Wait for Command Compete Event from SOC
12-12 12:47:08.506  7119  7154 I bt_vendor: read_hci_event: Event Received from SOC
12-12 12:47:08.506  7119  7154 I bt_vendor: read_hci_event: Event Read from SOC
12-12 12:47:08.506  7119  7154 I bt_vendor: read_hci_event: Wait for Command Compete Event from SOC
12-12 12:47:08.506  7119  7154 I bt_vendor: read_hci_event: Event Received from SOC
12-12 12:47:08.506  7119  7154 I bt_vendor: read_hci_event: Event Read from SOC
12-12 12:47:08.506  7119  7154 I bt_vendor: read_hci_event: Wait for Command Compete Event from SOC
12-12 12:47:08.506  7119  7154 I bt_vendor: read_hci_event: Event Received from SOC
12-12 12:47:08.506  7119  7154 I bt_vendor: read_hci_event: Event Read from SOC
12-12 12:47:08.506  7119  7154 I bt_vendor: read_hci_event: Wait for Command Compete Event from SOC
12-12 12:47:08.506  7119  7154 I bt_vendor: read_hci_event: Event Received from SOC
12-12 12:47:08.506  7119  7154 I bt_vendor: read_hci_event: Event Read from SOC
12-12 12:47:08.506  7119  7154 I bt_vendor: read_hci_event: Wait for Command Compete Event from SOC
12-12 12:47:08.516  7119  7154 I bt_vendor: read_hci_event: Event Received from SOC
12-12 12:47:08.516  7119  7154 I bt_vendor: read_hci_event: Event Read from SOC
12-12 12:47:08.516  7119  7154 I bt_vendor: read_hci_event: Wait for Command Compete Event from SOC
12-12 12:47:08.516  7119  7154 I bt_vendor: read_hci_event: Event Received from SOC
12-12 12:47:08.516  7119  7154 I bt_vendor: read_hci_event: Event Read from SOC
12-12 12:47:08.516  7119  7154 I bt_vendor: read_hci_event: Wait for Command Compete Event from SOC
12-12 12:47:08.516  7119  7154 I bt_vendor: read_hci_event: Event Received from SOC
12-12 12:47:08.516  7119  7154 I bt_vendor: read_hci_event: Event Read from SOC
12-12 12:47:08.516  7119  7154 I bt_vendor: read_hci_event: Wait for Command Compete Event from SOC
12-12 12:47:08.516  7119  7154 I bt_vendor: read_hci_event: Event Received from SOC
12-12 12:47:08.516  7119  7154 I bt_vendor: read_hci_event: Event Read from SOC
12-12 12:47:08.516  7119  7154 I bt_vendor: read_hci_event: Wait for Command Compete Event from SOC
12-12 12:47:08.526  7119  7154 I bt_vendor: read_hci_event: Event Received from SOC
12-12 12:47:08.526  7119  7154 I bt_vendor: read_hci_event: Event Read from SOC
12-12 12:47:08.526  7119  7154 I bt_vendor: read_hci_event: Wait for Command Compete Event from SOC
12-12 12:47:08.526  7119  7154 I bt_vendor: read_hci_event: Event Received from SOC
12-12 12:47:08.526  7119  7154 I bt_vendor: read_hci_event: Event Read from SOC
12-12 12:47:08.526  7119  7154 I bt_vendor: read_hci_event: Wait for Command Compete Event from SOC
12-12 12:47:08.526  7119  7154 I bt_vendor: read_hci_event: Event Received from SOC
12-12 12:47:08.526  7119  7154 I bt_vendor: read_hci_event: Event Read from SOC
12-12 12:47:08.526  7119  7154 I bt_vendor: read_hci_event: Wait for Command Compete Event from SOC
12-12 12:47:08.526  7119  7154 I bt_vendor: read_hci_event: Event Received from SOC
12-12 12:47:08.526  7119  7154 I bt_vendor: read_hci_event: Event Read from SOC
12-12 12:47:08.526  7119  7154 I bt_vendor: read_hci_event: Wait for Command Compete Event from SOC
12-12 12:47:08.526  7119  7154 I bt_vendor: read_hci_event: Event Received from SOC
12-12 12:47:08.526  7119  7154 I bt_vendor: read_hci_event: Event Read from SOC
