12-12 12:47:09.186  7119  7154 D bt_h4   : hci_h4_set_lpm : state : 0, lpm_Ind : 0 
12-12 12:47:09.186   925   925 D BluetoothManagerService: Bluetooth Adapter name changed to xxxx
12-12 12:47:09.186   925   925 D BluetoothManagerService: Stored Bluetooth name: xxxx
12-12 12:47:09.186  7119  7135 D BluetoothAdapterProperties: Name is: xxxx
12-12 12:47:09.186  7119  7135 I BluetoothAdapterProperties: adapterPropertyChangedCallback with type:7 len:4
12-12 12:47:09.186  7119  7164 D bt_hci_bdroid: signal_event :0x4
12-12 12:47:09.186  7119  7154 D bt_hci_bdroid: bt_hc_worker_thread events : 0x4
12-12 12:47:09.186  7119  7154 D bt_h4   : hci_h4_receive_msg  
12-12 12:47:09.186  7119  7158 D bt_hci_bdroid: signal_event :0x8
12-12 12:47:09.186  7119  7154 D bt_hci_bdroid: bt_hc_worker_thread events : 0x8
12-12 12:47:09.186  7119  7154 D bt_hci_bdroid: bt_hc_worker_thread recvd HC_EVENT_TX
12-12 12:47:09.186  7119  7154 D bt_h4   : hci_h4_send_msg  
12-12 12:47:09.186  7119  7154 D bt_h4   : hci_h4_set_lpm : state : 0, lpm_Ind : 0 
12-12 12:47:09.186  7119  7135 D BluetoothAdapterProperties: Scan Mode:20
12-12 12:47:09.186  7119  7135 I BluetoothAdapterProperties: adapterPropertyChangedCallback with type:9 len:4
12-12 12:47:09.186  7119  7135 D BluetoothAdapterProperties: Discoverable Timeout:120
12-12 12:47:09.186  7119  7135 I BluetoothAdapterProperties: adapterPropertyChangedCallback with type:8 len:0
12-12 12:47:09.186  7119  7135 I BluetoothAdapterProperties: adapterPropertyChangedCallback with type:3 len:16
12-12 12:47:09.186  7119  7135 D bt_hci_bdroid: postload
12-12 12:47:09.186  7119  7135 D bt_hci_bdroid: signal_event :0x2
12-12 12:47:09.186  7119  7164 D bt_hci_bdroid: signal_event :0x4
12-12 12:47:09.186  7119  7154 D bt_hci_bdroid: bt_hc_worker_thread events : 0x4
12-12 12:47:09.186  7119  7154 D bt_h4   : hci_h4_receive_msg  
12-12 12:47:09.186  7119  7154 D bt_hci_bdroid: bt_hc_worker_thread events : 0x2
12-12 12:47:09.186  7119  7154 D bt_hci_bdroid: signal_event :0x8
12-12 12:47:09.186  7119  7154 D bt_hci_bdroid: bt_hc_worker_thread events : 0x8
12-12 12:47:09.186  7119  7154 D bt_hci_bdroid: bt_hc_worker_thread recvd HC_EVENT_TX
12-12 12:47:09.186  7119  7154 D bt_h4   : hci_h4_send_msg  
12-12 12:47:09.186  7119  7154 D bt_h4   : hci_h4_set_lpm : state : 0, lpm_Ind : 0 
12-12 12:47:09.186  7119  7135 D bt_hci_bdroid: signal_event :0x10
12-12 12:47:09.186  7119  7154 D bt_hci_bdroid: bt_hc_worker_thread events : 0x10
12-12 12:47:09.186  7119  7154 I bt_hci_bdroid: ro.qualcomm.bt.hci_transport not set, so using default.
12-12 12:47:09.186  7119  7154 E bt_vendor: lpm mode: 2  action: 2
12-12 12:47:09.186  7119  7164 D bt_hci_bdroid: signal_event :0x4
12-12 12:47:09.186  7119  7154 I bt_vendor: UPIO_LPM_MODE
12-12 12:47:09.196  7119  7154 E bt_vendor: LPM is set to enabled
12-12 12:47:09.196  7119  7154 D bt_hci_bdroid: bt_hc_worker_thread events : 0x4
12-12 12:47:09.196  7119  7154 D bt_h4   : hci_h4_receive_msg  
12-12 12:47:09.196  7119  7154 D bt_h4   : Intercept CommandCompleteEvent for internal command (0x1005)
12-12 12:47:09.196  7119  7154 D bt_hci_bdroid: signal_event :0x8
12-12 12:47:09.196  7119  7154 D bt_hci_bdroid: bt_hc_worker_thread events : 0x8
12-12 12:47:09.196  7119  7154 D bt_hci_bdroid: bt_hc_worker_thread recvd HC_EVENT_TX
12-12 12:47:09.196  7119  7154 D bt_h4   : hci_h4_send_msg  
12-12 12:47:09.196  7119  7154 D bt_h4   : hci_h4_set_lpm : state : 1, lpm_Ind : 0 
12-12 12:47:09.196  7119  7154 E bt_vendor: lpm mode: 0  action: 2
12-12 12:47:09.196  7119  7154 I bt_vendor: UPIO_BT_WAKE
12-12 12:47:09.196  7119  7154 I bt_vendor: BT_WAKE is set to asserted
12-12 12:47:09.196  7119  7154 I bt_vendor: proc btwrite assertion
12-12 12:47:09.196  7119  7154 D bt_h4   : lpm_start_timer  ,  timer_index : 0
12-12 12:47:09.196  7119  7154 D bt_h4   : lpm_state_machine.lpm_ack_lock :  Aquired
12-12 12:47:09.196  7119  7164 I bt_h4   : Command complete recvd for wake/sleep command
12-12 12:47:09.196  7119  7164 I bt_h4   : Stopped the timer: 0
12-12 12:47:09.196  7119  7164 I bt_h4   : Indicating Rx/Tx path to proceed with data transfer
12-12 12:47:09.196  7119  7164 D bt_hci_bdroid: signal_event :0x4
12-12 12:47:09.196  7119  7154 I bt_h4   : hci_h4_set_lpm: Received wake-ack from SOC: 1
12-12 12:47:09.196  7119  7154 I bt_h4   : Stopped the timer: 0
12-12 12:47:09.196  7119  7154 D bt_h4   : lpm_state_machine.lpm_ack_lock :  released
12-12 12:47:09.196  7119  7154 D bt_h4   : lpm_state_machine.lpm_state_lock :  released
12-12 12:47:09.196  7119  7154 D bt_hci_bdroid: bt_hc_worker_thread events : 0x4
12-12 12:47:09.196  7119  7154 D bt_h4   : hci_h4_receive_msg  
12-12 12:47:09.196  7119  7158 D bt_hci_bdroid: signal_event :0x80
12-12 12:47:09.196  7119  7158 D bt_hci_bdroid: signal_event :0x80
12-12 12:47:09.196  7119  7164 D bt_hci_bdroid: signal_event :0x4
12-12 12:47:09.196  7119  7154 D bt_h4   : Intercept CommandCompleteEvent for internal command (0x2002)
12-12 12:47:09.196  7119  7154 I bt_h4   : vendor lib postload completed
12-12 12:47:09.196  7119  7154 D bt_hci_bdroid: bt_hc_worker_thread events : 0x84
12-12 12:47:09.196  7119  7154 D bt_h4   : hci_h4_receive_msg  
12-12 12:47:09.196   925   925 W Settings: Setting auto_time has moved from android.provider.Settings.System to android.provider.Settings.Global, returning read-only value.
12-12 12:47:09.196   925   961 D Tethering: MasterInitialState.processMessage what=3
12-12 12:47:09.196   925   925 I TimeService: updating system time
12-12 12:47:09.206  7119  7135 I bte_conf: Attempt to load did conf from /etc/bluetooth/bt_did.conf
12-12 12:47:09.206  7119  7166 I bt_h4   : start host_wake_read_thread fd 92
12-12 12:47:09.206  7119  7135 I bte_conf: [1] primary_record=1 vendor_id=0x001D vendor_id_source=0x0001 product_id=0x1200 version=0x1436
12-12 12:47:09.206  7119  7135 D bt_hci_bdroid: signal_event :0x8
12-12 12:47:09.206  7119  7154 D bt_hci_bdroid: bt_hc_worker_thread events : 0x8
12-12 12:47:09.206  7119  7154 D bt_hci_bdroid: bt_hc_worker_thread recvd HC_EVENT_TX
12-12 12:47:09.206  7119  7154 D bt_h4   : hci_h4_send_msg  
12-12 12:47:09.206  7119  7154 D bt_h4   : hci_h4_set_lpm : state : 0, lpm_Ind : 0 
12-12 12:47:09.206  7119  7154 D bt_h4   : hci_h4_set_lpm : ** SAME **Current state and the Requested states are same   
12-12 12:47:09.206  7119  7135 I bte_conf: Attempt to load did conf from /etc/bluetooth/bt_did.conf
12-12 12:47:09.206  7119  7135 I bte_conf: Attempt to load did conf from /etc/bluetooth/bt_did.conf
12-12 12:47:09.206  7119  7133 D BluetoothAdapterState: CURRENT_STATE=PENDING, MESSAGE = ENABLE_READY, isTurningOn=true, isTurningOff=false
12-12 12:47:09.206  7119  7133 D BluetoothAdapterProperties: ScanMode =  20
12-12 12:47:09.206  7119  7164 D bt_hci_bdroid: signal_event :0x4
12-12 12:47:09.216  7119  7154 D bt_hci_bdroid: bt_hc_worker_thread events : 0x4
12-12 12:47:09.216  7119  7154 D bt_h4   : hci_h4_receive_msg  
12-12 12:47:09.216  7119  7158 D bt_hci_bdroid: signal_event :0x80
12-12 12:47:09.216  7119  7133 D BluetoothAdapterProperties: State =  11
12-12 12:47:09.216  7119  7158 D bt_hci_bdroid: signal_event :0x80
12-12 12:47:09.216  7119  7154 D bt_hci_bdroid: bt_hc_worker_thread events : 0x80
12-12 12:47:09.216  7119  7158 D bt_hci_bdroid: signal_event :0x8
12-12 12:47:09.216  7119  7154 D bt_hci_bdroid: bt_hc_worker_thread events : 0x8
12-12 12:47:09.216  7119  7154 D bt_hci_bdroid: bt_hc_worker_thread recvd HC_EVENT_TX
12-12 12:47:09.216  7119  7154 D bt_h4   : hci_h4_send_msg  
12-12 12:47:09.216  7119  7154 D bt_h4   : hci_h4_set_lpm : state : 0, lpm_Ind : 0 
12-12 12:47:09.216  7119  7154 D bt_h4   : hci_h4_set_lpm : ** SAME **Current state and the Requested states are same   
12-12 12:47:09.216  7119  7133 D BluetoothAdapterProperties: Setting state to 12
12-12 12:47:09.216  7119  7164 D bt_hci_bdroid: signal_event :0x4
12-12 12:47:09.216  7119  7154 D bt_hci_bdroid: bt_hc_worker_thread events : 0x4
12-12 12:47:09.216  7119  7154 D bt_h4   : hci_h4_receive_msg  
12-12 12:47:09.216  7119  7158 D bt_hci_bdroid: signal_event :0x8
12-12 12:47:09.216  7119  7154 D bt_hci_bdroid: bt_hc_worker_thread events : 0x8
12-12 12:47:09.216  7119  7154 D bt_hci_bdroid: bt_hc_worker_thread recvd HC_EVENT_TX
12-12 12:47:09.216  7119  7154 D bt_h4   : hci_h4_send_msg  
12-12 12:47:09.216  7119  7154 D bt_h4   : hci_h4_set_lpm : state : 0, lpm_Ind : 0 
12-12 12:47:09.216  7119  7154 D bt_h4   : hci_h4_set_lpm : ** SAME **Current state and the Requested states are same   
12-12 12:47:09.216  7119  7135 D bt-btif : btif_av_state_idle_handler event:BTA_AV_ENABLE_EVT flags 0
12-12 12:47:09.216  7119  7133 I BluetoothAdapterState: Bluetooth adapter state changed: 11-> 12
12-12 12:47:09.216  7119  7164 D bt_hci_bdroid: signal_event :0x4
12-12 12:47:09.216  7119  7154 D bt_hci_bdroid: bt_hc_worker_thread events : 0x4
12-12 12:47:09.216  7119  7154 D bt_h4   : hci_h4_receive_msg  
12-12 12:47:09.216  7119  7158 D bt_hci_bdroid: signal_event :0x8
12-12 12:47:09.216  7119  7154 D bt_hci_bdroid: bt_hc_worker_thread events : 0x8
12-12 12:47:09.216  7119  7154 D bt_hci_bdroid: bt_hc_worker_thread recvd HC_EVENT_TX
12-12 12:47:09.216  7119  7154 D bt_h4   : hci_h4_send_msg  
12-12 12:47:09.216  7119  7154 D bt_h4   : hci_h4_set_lpm : state : 0, lpm_Ind : 0 
12-12 12:47:09.216  7119  7154 D bt_h4   : hci_h4_set_lpm : ** SAME **Current state and the Requested states are same   
12-12 12:47:09.216  7119  7133 D BluetoothAdapterService: Broadcasting updateAdapterState() to 1 receivers.
12-12 12:47:09.216  7119  7164 D bt_hci_bdroid: signal_event :0x4
12-12 12:47:09.216  7119  7154 D bt_hci_bdroid: bt_hc_worker_thread events : 0x4
12-12 12:47:09.216  7119  7154 D bt_h4   : hci_h4_receive_msg  
12-12 12:47:09.216  7119  7158 D bt_hci_bdroid: signal_event :0x80
12-12 12:47:09.216  7119  7158 D bt_hci_bdroid: signal_event :0x80
12-12 12:47:09.216  7119  7154 D bt_hci_bdroid: bt_hc_worker_thread events : 0x80
12-12 12:47:09.216  7119  7135 D bt-btif : btif_av_state_idle_handler event:BTA_AV_REGISTER_EVT flags 0
12-12 12:47:09.216  7119  7135 I BluetoothAdapterProperties: adapterPropertyChangedCallback with type:7 len:4
12-12 12:47:09.216  7119  7133 I BluetoothAdapterState: Entering On State
12-12 12:47:09.216  7119  7133 D BluetoothAdapterService(1109556376): delay auto connect by 500 ms
12-12 12:47:09.216  7119  7133 D BluetoothAdapterService(1109556376): Quiet mode Enabled = false
12-12 12:47:09.216   925   961 D BluetoothManagerService: Message: 60
12-12 12:47:09.216   925   961 D BluetoothManagerService: MESSAGE_BLUETOOTH_STATE_CHANGE: prevState = 11, newState=12
12-12 12:47:09.216   925   961 D BluetoothManagerService: Broadcasting onBluetoothStateChange(true) to 6 receivers.
12-12 12:47:09.216   925   961 D BluetoothPan: onBluetoothStateChange(on) call bindService
12-12 12:47:09.216   925   961 E BluetoothPan: Could not bind to Bluetooth Pan Service with Intent { act=android.bluetooth.IBluetoothPan }
12-12 12:47:09.216  1286  1296 D BluetoothHeadset: onBluetoothStateChange: up=true
12-12 12:47:09.216  7119  7135 D BluetoothAdapterProperties: Scan Mode:21
12-12 12:47:09.216  1286  1296 E BluetoothHeadset: Could not bind to Bluetooth Headset Service with Intent { act=android.bluetooth.IBluetoothHeadset }
12-12 12:47:09.216   925   961 D BluetoothHeadset: onBluetoothStateChange: up=true
12-12 12:47:09.216   925   961 E BluetoothHeadset: Could not bind to Bluetooth Headset Service with Intent { act=android.bluetooth.IBluetoothHeadset }
12-12 12:47:09.216  1286  1320 D BluetoothHeadset: onBluetoothStateChange: up=true
12-12 12:47:09.216  7119  7135 I BluetoothAdapterProperties: adapterPropertyChangedCallback with type:9 len:4
12-12 12:47:09.216  7119  7135 D BluetoothAdapterProperties: Discoverable Timeout:120
12-12 12:47:09.216  1286  1320 E BluetoothHeadset: Could not bind to Bluetooth Headset Service with Intent { act=android.bluetooth.IBluetoothHeadset }
12-12 12:47:09.216  1286  1320 D BluetoothHeadset: onBluetoothStateChange: up=true
12-12 12:47:09.216  1286  1320 E BluetoothHeadset: Could not bind to Bluetooth Headset Service with Intent { act=android.bluetooth.IBluetoothHeadset }
12-12 12:47:09.216   925   961 D BluetoothA2dp: onBluetoothStateChange: up=true
12-12 12:47:09.226   925   961 D BluetoothManagerService: Bluetooth State Change Intent: 11 -> 12
12-12 12:47:09.226  7119  7129 D BluetoothAdapterService(1109556376): getState(): mAdapterProperties: com.android.bluetooth.btservice.AdapterProperties@42229d78
12-12 12:47:09.226  7119  7148 D BluetoothAdapterService(1109556376): Get Bonded Devices being called
12-12 12:47:09.226   925   925 D BluetoothManagerService: BluetoothServiceConnection: com.android.bluetooth.gatt.GattService
12-12 12:47:09.226   925   961 D BluetoothManagerService: Message: 40
12-12 12:47:09.226   925   961 D BluetoothManagerService: MESSAGE_BLUETOOTH_SERVICE_CONNECTED: 2
12-12 12:47:09.226   925   955 W BroadcastQueue: Permission Denial: receiving Intent { act=android.bluetooth.adapter.action.STATE_CHANGED flg=0x14000010 (has extras) } to ProcessRecord{42a692f0 2797:com.amazon.whisperplay.cds:cds_services/u0a22006} (pid=2797, uid=32006) requires android.permission.BLUETOOTH due to sender android (uid 1000)
12-12 12:47:09.236  7196  7196 I qcom-bt-wlan-coex: /system/etc/init.qcom.coex.sh: start_coex: pid = 7195 
12-12 12:47:09.236  7195  7195 I abtfilt : Ath BT Filter Daemon
12-12 12:47:09.236  7195  7195 I abtfilt : Enabling Debug Information
12-12 12:47:09.236  7195  7195 D abtfilt : Calling Fcore Init
12-12 12:47:09.236  7195  7195 E abtfilt : [AthBtFilter_Attach] Failed to process string overrided (status:-1)
12-12 12:47:09.236  7195  7195 E abtfilt : Last Error: No such file or directory
12-12 12:47:09.236  7195  7195 I abtfilt : BT Filter Core init complete
12-12 12:47:09.236  7195  7197 I abtfilt : Starting the BT Filter task
12-12 12:47:09.236  7195  7195 I abtfilt : WLAN Stack Notification init complete
12-12 12:47:09.236  7195  7195 I abtfilt : AFH Classification Command will be issued on WLAN connect/disconnect 
12-12 12:47:09.236  7195  7195 I abtfilt : Headset Profile notifications will use HCI filter instead of stack events 
12-12 12:47:09.236  7195  7198 I abtfilt : Starting the WLAN Event Handler task
12-12 12:47:09.236  7195  7195 I abtfilt : before init Abf_BtStackNotificationInit:189
12-12 12:47:09.236  7195  7195 I abtfilt : After init Abf_BtStackNotificationInit:195
12-12 12:47:09.236  7195  7195 I abtfilt : [start_monitor_stack_events] enter
12-12 12:47:09.236  7195  7195 I abtfilt : start_monitor_stack_events: connect() retry 1 times
12-12 12:47:09.236  7195  7198 D abtfilt : Abf_WlanCheckSettings : wlan: wlan0
12-12 12:47:09.236  7195  7198 I abtfilt : Trying To get Device Info
12-12 12:47:09.236  7195  7198 I abtfilt : BT Filter Core : WLAN Arrived 
12-12 12:47:09.236  7195  7198 D abtfilt : Abf_WlanCheckSettings : wlan: wlan0
12-12 12:47:09.236  7195  7198 I abtfilt : BT ON
12-12 12:47:09.236  7195  7198 I abtfilt : WMI Cmd: 144 Len: 24
12-12 12:47:09.236  7195  7198 I abtfilt : Front End config
12-12 12:47:09.236  7195  7198 I abtfilt : WMI Cmd: 139 Len: 5
12-12 12:47:09.236  7195  7198 I abtfilt : FLAGS = 203, Issue FE antenna configuration as dual 
12-12 12:47:09.236  7195  7198 I abtfilt : WMI Cmd: 138 Len: 5
12-12 12:47:09.236  7195  7198 D abtfilt : abfAddConnection : ifId:4 channel:2462 status=0
12-12 12:47:09.236  7195  7198 I abtfilt : WLAN Operating Channel: 2462 
12-12 12:47:09.236  7195  7198 D abtfilt : <---------Dumping 10 Bytes : AFH Channel Classification Map ------>
12-12 12:47:09.236  7195  7198 D abtfilt : [H]: FF FF FF FF FF FF 01 00 00 7F 
12-12 12:47:09.236  7195  7198 D abtfilt : <------------------------------------------------->
12-12 12:47:09.236  7195  7198 E abtfilt : Failed to get BTCServer socket: IssueHCICommand
12-12 12:47:09.236  7195  7198 E abtfilt : Last Error: Invalid argument
12-12 12:47:09.236  7195  7198 I abtfilt : WLAN Adapter Added
12-12 12:47:09.236  7137  7137 W ContextImpl: Calling a method in the system process without a qualified user: android.app.ContextImpl.startService:1818 android.content.ContextWrapper.startService:529 android.content.ContextWrapper.startService:529 com.android.settings.bluetooth.DockEventReceiver.beginStartingService:134 com.android.settings.bluetooth.DockEventReceiver.onReceive:115 
12-12 12:47:09.246   925   961 D BluetoothManagerService: Message: 20
12-12 12:47:09.246   925   961 D BluetoothManagerService: Added callback: android.bluetooth.IBluetoothManagerCallback$Stub$Proxy@423d4ef0:true
12-12 12:47:09.246  7119  7119 V BTCService: BTCService
12-12 12:47:09.246  7119  7119 V BTCService: onCreate
12-12 12:47:09.246  7119  7119 V BTCService: calling startListener
12-12 12:47:09.256  7119  7119 D BTCService: onStart Command called!!
12-12 12:47:09.256  7119  7148 D BluetoothAdapterService(1109556376): getState(): mAdapterProperties: com.android.bluetooth.btservice.AdapterProperties@42229d78
12-12 12:47:09.256  7137  7137 D LocalBluetoothProfileManager: Adding local A2DP profile
12-12 12:47:09.256   925   961 D BluetoothManagerService: Message: 30
12-12 12:47:09.256  7137  7137 W ContextImpl: Calling a method in the system process without a qualified user: android.app.ContextImpl.bindService:1882 android.content.ContextWrapper.bindService:552 android.bluetooth.BluetoothA2dp.doBind:167 android.bluetooth.BluetoothA2dp.<init>:160 android.bluetooth.BluetoothAdapter.getProfileProxy:1421 
12-12 12:47:09.266   925   961 D BluetoothManagerService: Message: 30
12-12 12:47:09.266   925   961 D BluetoothManagerService: Message: 30
12-12 12:47:09.266  7137  7137 E BluetoothPan: Could not bind to Bluetooth Pan Service with Intent { act=android.bluetooth.IBluetoothPan }
12-12 12:47:09.266  7137  7137 D LocalBluetoothProfileManager: Adding local MAP profile
12-12 12:47:09.266  7137  7137 D BluetoothMap: Create BluetoothMap proxy object
12-12 12:47:09.266   925   961 D BluetoothManagerService: Message: 30
12-12 12:47:09.266  7137  7137 E BluetoothMap: Could not bind to Bluetooth MAP Service with Intent { act=android.bluetooth.IBluetoothMap }
12-12 12:47:09.266   925   961 D BluetoothManagerService: Message: 30
12-12 12:47:09.266  7137  7137 E BluetoothPbap: Could not bind to Bluetooth Pbap Service with Intent { act=android.bluetooth.IBluetoothPbap }
12-12 12:47:09.266  7137  7137 D LocalBluetoothProfileManager: LocalBluetoothProfileManager construction complete
12-12 12:47:09.266  7137  7137 W ContextImpl: Calling a method in the system process without a qualified user: android.app.ContextImpl.bindService:1882 android.content.ContextWrapper.bindService:552 android.bluetooth.BluetoothInputDevice.doBind:308 android.bluetooth.BluetoothInputDevice.<init>:301 android.bluetooth.BluetoothAdapter.getProfileProxy:1424 
12-12 12:47:09.276  7137  7137 D DockEventReceiver: finishStartingService: stopping service
12-12 12:47:09.276  7137  7137 D BluetoothA2dp: Proxy object connected
12-12 12:47:09.276  7137  7137 D A2dpProfile: Bluetooth service connected
12-12 12:47:09.276  7119  7148 D BluetoothAdapterService(1109556376): getState(): mAdapterProperties: com.android.bluetooth.btservice.AdapterProperties@42229d78
12-12 12:47:09.276  7137  7137 D BluetoothInputDevice: Proxy object connected
12-12 12:47:09.276  7137  7137 D HidProfile: Bluetooth service connected
12-12 12:47:09.276  7119  7129 D BluetoothAdapterService(1109556376): getState(): mAdapterProperties: com.android.bluetooth.btservice.AdapterProperties@42229d78
12-12 12:47:09.276   925  1580 W SharedAssetStorage: Launching com.amazon.device.messaging (32013) with AMZ_APP_GID
12-12 12:47:09.286  7204  7204 I dalvikvm: Marking process com.amazon.device.messaging skinny
12-12 12:47:09.296   925  1580 I ActivityManager: Start proc com.amazon.device.messaging for broadcast com.amazon.device.messaging/.OdotService$ScheduleFlushReceiver: pid=7204 uid=32013 gids={72013, 3003, 9001}
12-12 12:47:09.306   925  1058 E LocSvc_eng: I/===> int loc_eng_inject_time(loc_eng_data_s_type&, GpsUtcTime, int64_t, int) line 1842 
12-12 12:47:09.306   925  1058 E LocSvc_eng: W/int loc_eng_inject_time(loc_eng_data_s_type&, GpsUtcTime, int64_t, int): log_eng state error: instance not initialized
12-12 12:47:09.566   925  1013 I TimeService: HTTP query, time result=1513111629000
12-12 12:47:09.566   925  1013 V ContextImpl: Implicit intents with startService are not safe: Intent { act=com.amazon.kindle.otter.oobe.TIMESET_RECEIVER_SERVICE } com.amazon.acos.service.TimeService.startOobeTimesetService:203 com.amazon.acos.service.TimeService.access$100:41 com.amazon.acos.service.TimeService$TimeQuery.run:164 
12-12 12:47:09.566   925  1013 W SharedAssetStorage: Launching com.amazon.kindle.otter.oobe (32075) with AMZ_APP_GID
12-12 12:47:09.566   925  1013 W ContextImpl: Calling a method in the system process without a qualified user: android.app.ContextImpl.startService:1818 com.amazon.acos.service.TimeService.startOobeTimesetService:203 com.amazon.acos.service.TimeService.access$100:41 com.amazon.acos.service.TimeService$TimeQuery.run:164 <bottom of call stack> 
12-12 12:47:09.586   925  1013 D TimeService: HTTP query done for rough time and notified OOBE
12-12 12:47:09.586   925  1013 I ActivityManager: Start proc com.amazon.kindle.otter.oobe for service com.amazon.kindle.otter.oobe/.stateInitializer.InitializerService: pid=7221 uid=32075 gids={72075, 3003, 3002, 3001, 9001}
12-12 12:47:09.616  6244  7117 D AWSDeviceFarmAndroidLib: setEnabled: bt is: true
12-12 12:47:09.616  6244  6244 D AatpDeviceManager: taskStatus update (de19d32d4d223d411bc6d00e443822a7293018f2: {"result":"Bluetooth enabled: true","state":2})
12-12 12:47:09.646   925  1013 I TimeService: NTP query, time result=1513111629300
12-12 12:47:09.300   925   973 W ContextImpl: Calling a method in the system process without a qualified user: android.app.ContextImpl.sendBroadcast:1460 com.android.server.AlarmManagerService$AlarmThread.run:1382 <bottom of call stack> <bottom of call stack> <bottom of call stack> 
12-12 12:47:09.646   925  1013 D empty   : Setting time of day to sec=1513111629
12-12 12:47:09.360  7119  7119 D BluetoothAdapterService(1109556376): Message: 50
12-12 12:47:09.360  7119  7119 D BluetoothAdapterService(1109556376): MESSAGE_AUTO_CONNECT_PROFILES
12-12 12:47:09.360  7119  7119 D BluetoothAdapterService(1109556376): getState(): mAdapterProperties: com.android.bluetooth.btservice.AdapterProperties@42229d78
12-12 12:47:09.360  7119  7119 D BluetoothAdapterService(1109556376): Quiet mode Enabled = false
12-12 12:47:09.360  7119  7119 D BluetoothAdapterService(1109556376): Initiate auto connection on BT on...
12-12 12:47:09.360  7119  7119 D BluetoothAdapterService(1109556376): Get Bonded Devices being called
12-12 12:47:09.360  7119  7119 D BluetoothAdapterService(1109556376): Get Bonded Devices being called
12-12 12:47:09.380  7195  7195 I abtfilt : [SetupHciEventFilter] start
12-12 12:47:09.380  7195  7195 I abtfilt : Waiting for HCI CMD Complete Event, Opcode: 0x1009 (2000 MS) 
12-12 12:47:09.380  7119  7165 E BTC_COMMON: btc_process_client_command 
12-12 12:47:09.380  7119  7158 D bt_hci_bdroid: signal_event :0x8
12-12 12:47:09.380  7119  7154 D bt_hci_bdroid: bt_hc_worker_thread events : 0x8
12-12 12:47:09.380  7119  7154 D bt_hci_bdroid: bt_hc_worker_thread recvd HC_EVENT_TX
12-12 12:47:09.380  7119  7154 D bt_h4   : hci_h4_send_msg  
12-12 12:47:09.380  7119  7154 D bt_h4   : hci_h4_set_lpm : state : 0, lpm_Ind : 0 
12-12 12:47:09.380  7119  7154 D bt_h4   : hci_h4_set_lpm : ** SAME **Current state and the Requested states are same   
12-12 12:47:09.380  7119  7200 V BTCService: Got socket: android.net.LocalSocket@42262310 impl:android.net.LocalSocketImpl@422601b0 fd:FileDescriptor[93]
12-12 12:47:09.380  7195  7238 I abtfilt : [Bluedroid_stack_event_thread] starting up 
12-12 12:47:09.380  7119  7200 V BTCService: Authenticated socket: android.net.LocalSocket@42262310 impl:android.net.LocalSocketImpl@422601b0 fd:FileDescriptor[93]
12-12 12:47:09.380  7119  7164 D bt_hci_bdroid: signal_event :0x4
12-12 12:47:09.380  7119  7154 D bt_hci_bdroid: bt_hc_worker_thread events : 0x4
12-12 12:47:09.380  7119  7154 D bt_h4   : hci_h4_receive_msg  
12-12 12:47:09.380  7195  7195 D abtfilt : BT-HCI Device Address: (39:1F:96:60:AE:10)
12-12 12:47:09.380  7195  7195 I abtfilt : WLAN Operating Channel: 2462 
12-12 12:47:09.380  7195  7195 D abtfilt : <---------Dumping 10 Bytes : AFH Channel Classification Map ------>
12-12 12:47:09.380  7195  7195 D abtfilt : [H]: FF FF FF FF FF FF 01 00 00 7F 
12-12 12:47:09.380  7195  7195 D abtfilt : <------------------------------------------------->
12-12 12:47:09.380  7195  7195 I abtfilt : Waiting for HCI CMD Complete Event, Opcode: 0x0C3F (2000 MS) 
12-12 12:47:09.380  7119  7165 E BTC_COMMON: btc_process_client_command 
12-12 12:47:09.380  7119  7158 D bt_hci_bdroid: signal_event :0x8
12-12 12:47:09.380  7119  7154 D bt_hci_bdroid: bt_hc_worker_thread events : 0x8
12-12 12:47:09.380  7119  7154 D bt_hci_bdroid: bt_hc_worker_thread recvd HC_EVENT_TX
12-12 12:47:09.380  7119  7154 D bt_h4   : hci_h4_send_msg  
12-12 12:47:09.380  7119  7154 D bt_h4   : hci_h4_set_lpm : state : 0, lpm_Ind : 0 
12-12 12:47:09.380  7119  7154 D bt_h4   : hci_h4_set_lpm : ** SAME **Current state and the Requested states are same   
12-12 12:47:09.380  7195  7239 I abtfilt : [HCIFilterThread] starting up 
12-12 12:47:09.380  7119  7164 D bt_hci_bdroid: signal_event :0x4
12-12 12:47:09.380  7119  7154 D bt_hci_bdroid: bt_hc_worker_thread events : 0x4
12-12 12:47:09.380  7119  7154 D bt_h4   : hci_h4_receive_msg  
12-12 12:47:09.380  7195  7195 I abtfilt :  AFH Command successfully issued 
12-12 12:47:09.380  7195  7195 I abtfilt : BT Adapter Added
12-12 12:47:09.380  7195  7195 I abtfilt : [AcquireDefaultAudioDevice]StartRegister
12-12 12:47:09.380  7195  7195 I abtfilt : [AcquireDefaultAudioDevice]EndRegister
12-12 12:47:09.380  7195  7195 I abtfilt : Init complete:Abf_BtStackNotificationInit:204
12-12 12:47:09.380  7195  7195 I abtfilt : BT Stack Notification init complete
12-12 12:47:09.380  7195  7195 D abtfilt : Service running, waiting for termination .... 
12-12 12:47:09.380  7119  7158 D bt_hci_bdroid: signal_event :0x80
12-12 12:47:09.380  7119  7158 D bt_hci_bdroid: signal_event :0x80
12-12 12:47:09.380  7119  7154 D bt_hci_bdroid: bt_hc_worker_thread events : 0x80
12-12 12:47:09.440  6244  7249 D Aatp    : /task/de19d32d4d223d411bc6d00e443822a7293018f2/status
12-12 12:47:09.530  6244  7252 D Aatp    : /gps
12-12 12:47:09.550  6244  7252 D Aatp    : sha1: 13d288a8b28f4acff0e9e0a0c0cb1feb32193cda
12-12 12:47:09.550  6244  7252 D AatpDeviceManager: k: enabled v: True
12-12 12:47:09.550  6244  7252 D AatpDeviceManager: k: NanoHttpd.QUERY_STRING v: enabled=True
12-12 12:47:09.550  6244  6244 D AatpDeviceManager: taskStatus update (13d288a8b28f4acff0e9e0a0c0cb1feb32193cda: {"state":1})
12-12 12:47:09.550  6244  6244 D AatpDeviceManager: taskStatus update (13d288a8b28f4acff0e9e0a0c0cb1feb32193cda: {"result":"GPS not supported on this platform","state":2})
12-12 12:47:09.560  6244  7260 D AWSDeviceFarmAndroidLib: setEnabled: enabling GPS
12-12 12:47:09.560  6244  7260 D AWSDeviceFarmAndroidLib: enableGPS()
12-12 12:47:09.560  6244  7260 D AWSDeviceFarmAndroidLib: enableGPS(): network
12-12 12:47:09.560  6244  7260 D AWSDeviceFarmAndroidLib: enableGPS() gpsEnabled: network,gps
12-12 12:47:09.560  6244  7252 D Aatp    : /task/13d288a8b28f4acff0e9e0a0c0cb1feb32193cda
12-12 12:47:09.580  6244  7260 D AWSDeviceFarmAndroidLib: setEnabled: GPS is: true
12-12 12:47:09.580  6244  6244 D AatpDeviceManager: taskStatus update (13d288a8b28f4acff0e9e0a0c0cb1feb32193cda: {"result":"GPS enabled: true","state":2})
12-12 12:47:09.580   925  1425 W BackupManagerService: dataChanged but no participant pkg='com.android.providers.settings' uid=10000
12-12 12:47:09.590   925   956 E LocSvc_eng: I/===> int loc_eng_init(loc_eng_data_s_type&, LocCallbacks*, LOC_API_ADAPTER_EVENT_MASK_T, loc_core::ContextBase*) line 1491 
12-12 12:47:09.590   925  1305 E LocSvc_api_v02: I/---> locClientSendReq line 2305 QMI_LOC_REG_EVENTS_REQ_V02
12-12 12:47:09.590   925   956 E LocSvc_eng: I/===> void loc_eng_agps_init(loc_eng_data_s_type&, AGpsExtCallbacks*) line 2061 
12-12 12:47:09.590   925   956 E LocSvc_eng: I/===> void loc_eng_ni_init(loc_eng_data_s_type&, GpsNiExtCallbacks*) line 298 
12-12 12:47:09.590   925   956 E Geofence_Adapter: I/===> void GeofenceAdapter::addGfClients(uint32_t) line 64 
12-12 12:47:09.590   925  1305 E LocSvc_api_v02: I/---> locClientSendReq line 2305 QMI_LOC_SET_PROTOCOL_CONFIG_PARAMETERS_REQ_V02
12-12 12:47:09.600   925  1331 E LocSvc_ApiV02: I/<--- void globalRespCb(locClientHandleType, uint32_t, locClientRespIndUnionType, void*) line 106 QMI_LOC_SET_PROTOCOL_CONFIG_PARAMETERS_REQ_V02
12-12 12:47:09.600   925  1305 E LocSvc_api_v02: I/---> locClientSendReq line 2305 QMI_LOC_SET_PROTOCOL_CONFIG_PARAMETERS_REQ_V02
12-12 12:47:09.600   925  1331 E LocSvc_ApiV02: I/<--- void globalRespCb(locClientHandleType, uint32_t, locClientRespIndUnionType, void*) line 106 QMI_LOC_SET_PROTOCOL_CONFIG_PARAMETERS_REQ_V02
12-12 12:47:09.600   925  1305 E LocSvc_api_v02: I/---> locClientSendReq line 2305 QMI_LOC_SET_SENSOR_CONTROL_CONFIG_REQ_V02
12-12 12:47:09.600   925  1331 E LocSvc_ApiV02: I/<--- void globalRespCb(locClientHandleType, uint32_t, locClientRespIndUnionType, void*) line 106 QMI_LOC_SET_SENSOR_CONTROL_CONFIG_REQ_V02
12-12 12:47:09.600   925  1305 E LocSvc_api_v02: I/---> locClientSendReq line 2305 QMI_LOC_SET_PROTOCOL_CONFIG_PARAMETERS_REQ_V02
12-12 12:47:09.600   925  1331 E LocSvc_ApiV02: I/<--- void globalRespCb(locClientHandleType, uint32_t, locClientRespIndUnionType, void*) line 106 QMI_LOC_SET_PROTOCOL_CONFIG_PARAMETERS_REQ_V02
12-12 12:47:09.600   925  1305 E LocSvc_api_v02: I/---> locClientSendReq line 2305 QMI_LOC_SET_SENSOR_PERFORMANCE_CONTROL_CONFIGURATION_REQ_V02
12-12 12:47:09.600   925  1331 E LocSvc_ApiV02: I/<--- void globalRespCb(locClientHandleType, uint32_t, locClientRespIndUnionType, void*) line 106 QMI_LOC_SET_SENSOR_PERFORMANCE_CONTROL_CONFIGURATION_REQ_V02
12-12 12:47:09.670   925  1193 W SharedAssetStorage: Launching com.amazon.dcp (32016) with AMZ_APP_GID
12-12 12:47:09.680  6244  7261 D Aatp    : /task/13d288a8b28f4acff0e9e0a0c0cb1feb32193cda/status
12-12 12:47:09.690   925  1193 I ActivityManager: Start proc com.amazon.dcp:OTAService for broadcast com.amazon.dcp/.ota.ScheduledUpdateCheckerService$Receiver: pid=7273 uid=32016 gids={72016, 2001, 3003, 1028, 1015, 3002, 9001}
12-12 12:47:09.770  6244  7286 D Aatp    : /nfc
12-12 12:47:09.780  6244  7286 D Aatp    : sha1: 0e2b6c291ec878ea2b6076404d96cfe3b73b6bed
12-12 12:47:09.780  6244  7286 D AatpDeviceManager: k: enabled v: True
12-12 12:47:09.780  6244  7286 D AatpDeviceManager: k: NanoHttpd.QUERY_STRING v: enabled=True
12-12 12:47:09.790  6244  6244 D AatpDeviceManager: taskStatus update (0e2b6c291ec878ea2b6076404d96cfe3b73b6bed: {"state":1})
12-12 12:47:09.790  6244  6244 D AatpDeviceManager: taskStatus update (0e2b6c291ec878ea2b6076404d96cfe3b73b6bed: {"result":"NFC not supported on platform. Skipping","state":2})
12-12 12:47:09.800  6244  7286 D Aatp    : /task/0e2b6c291ec878ea2b6076404d96cfe3b73b6bed
12-12 12:47:09.910  6244  7290 D Aatp    : /task/0e2b6c291ec878ea2b6076404d96cfe3b73b6bed/status
12-12 12:47:10.050  6244  7291 D Aatp    : /location
12-12 12:47:10.070  6244  7291 D Aatp    : sha1: 1df4c6aa3036ec6e8c6cfa0071ed47a0266f93a3
12-12 12:47:10.070  6244  7291 D AatpDeviceManager: k: lon v: -122.3491
12-12 12:47:10.070  6244  7291 D AatpDeviceManager: k: lat v: 47.6204
12-12 12:47:10.070  6244  7291 D AatpDeviceManager: k: NanoHttpd.QUERY_STRING v: lat=47.6204&lon=-122.3491
12-12 12:47:10.080  6244  6244 D AatpDeviceManager: taskStatus update (1df4c6aa3036ec6e8c6cfa0071ed47a0266f93a3: {"state":1})
12-12 12:47:10.080  6244  7295 W GooglePlayServicesUtil: Google Play services is missing.
12-12 12:47:10.080  6244  7295 D AatpDeviceManager: Google play services not available on this device. Providing location not supported.
12-12 12:47:10.080  6244  6244 D AatpDeviceManager: taskStatus update (1df4c6aa3036ec6e8c6cfa0071ed47a0266f93a3: {"result":"","state":2})
12-12 12:47:10.090  6244  7291 D Aatp    : /task/1df4c6aa3036ec6e8c6cfa0071ed47a0266f93a3
12-12 12:47:10.150   925   936 D ActivityManager: single user service: com.amazon.dcp:OTAService
12-12 12:47:10.150   925   936 D ActivityManager: app = com.amazon.dcp:OTAService, has single user service, setting process record.
12-12 12:47:10.210  6244  7306 D Aatp    : /task/1df4c6aa3036ec6e8c6cfa0071ed47a0266f93a3/status
12-12 12:47:10.230   925  1420 D ActivityManager: single user service: com.amazon.dcp:OTAService
12-12 12:47:10.230   925  1420 D ActivityManager: app = com.amazon.dcp:OTAService, has single user service, setting process record.
12-12 12:47:10.240   925  1388 D ActivityManager: single user service: com.amazon.device.settings:Settings
12-12 12:47:10.240   925  1004 W SharedAssetStorage: Launching com.amazon.digital.asset.ownership.app (32059) with AMZ_APP_GID
12-12 12:47:10.240   925  1388 D ActivityManager: app = com.amazon.device.settings:Settings, has single user service, setting process record.
12-12 12:47:10.260   925  1004 I ActivityManager: Start proc com.amazon.digital.asset.ownership.app for broadcast com.amazon.digital.asset.ownership.app/.notification.reciever.NetworkStateChangeBroadcastReciever: pid=7316 uid=32059 gids={72059, 3003, 9001}
12-12 12:47:10.290  6244  7312 D Aatp    : /locale
12-12 12:47:10.300  6244  7312 D Aatp    : sha1: c8ec73f45a23eb8c33dd7084d4adf6faa55937d5
12-12 12:47:10.300  6244  7312 D AatpDeviceManager: k: NanoHttpd.QUERY_STRING v: locale=en_US
12-12 12:47:10.300  6244  7312 D AatpDeviceManager: k: locale v: en_US
12-12 12:47:10.310  6244  6244 D AatpDeviceManager: taskStatus update (c8ec73f45a23eb8c33dd7084d4adf6faa55937d5: {"state":1})
12-12 12:47:10.310  6244  7328 D AatpDeviceManager: Setting locale to: en_US
12-12 12:47:10.310  6244  7328 D AWSDeviceFarmAndroidLib: Setting locale to: en_US
12-12 12:47:10.310  6244  7312 D Aatp    : /task/c8ec73f45a23eb8c33dd7084d4adf6faa55937d5
12-12 12:47:10.340   925   936 W SharedAssetStorage: Launching com.audible.application.kindle (32103) with AMZ_APP_GID
12-12 12:47:10.350   925   936 I ActivityManager: Start proc com.audible.application.kindle for broadcast com.audible.application.kindle/com.amazon.kindle.GlobalSyncBroadcastEventTracker: pid=7337 uid=32103 gids={72103, 3003, 1028, 1015, 3002, 9001}
12-12 12:47:10.380  7119  7168 D bt_hci_bdroid: signal_event :0x100
12-12 12:47:10.380  7119  7154 D bt_hci_bdroid: bt_hc_worker_thread events : 0x100
12-12 12:47:10.380  7119  7154 I bt_hci_bdroid: ro.qualcomm.bt.hci_transport not set, so using default.
12-12 12:47:10.380  7119  7154 D bt_h4   : hci_h4_set_lpm : state : 0, lpm_Ind : 1 
12-12 12:47:10.380  7119  7154 D bt_h4   : lpm_start_timer  ,  timer_index : 1
12-12 12:47:10.380  7119  7154 D bt_h4   : lpm_state_machine.lpm_ack_lock :  Aquired
12-12 12:47:10.380  7119  7164 I bt_h4   : Command complete recvd for wake/sleep command
12-12 12:47:10.380  7119  7164 I bt_h4   : Stopped the timer: 1
12-12 12:47:10.380  7119  7164 I bt_h4   : Indicating Rx/Tx path to proceed with data transfer
12-12 12:47:10.380  7119  7164 D bt_hci_bdroid: signal_event :0x4
12-12 12:47:10.380  7119  7154 I bt_h4   : hci_h4_set_lpm: Received wake-ack from SOC : 1
12-12 12:47:10.380  7119  7154 I bt_h4   : Stopped the timer: 1
12-12 12:47:10.380  7119  7154 E bt_vendor: lpm mode: 0  action: 1
12-12 12:47:10.380  7119  7154 I bt_vendor: UPIO_BT_WAKE
12-12 12:47:10.390  7119  7154 I bt_vendor: BT_WAKE is set to de-asserted
12-12 12:47:10.390  7119  7154 I bt_vendor: proc btwrite assertion
12-12 12:47:10.390  7119  7154 D bt_h4   : lpm_state_machine.lpm_ack_lock :  released
12-12 12:47:10.390  7119  7154 D bt_h4   : lpm_state_machine.lpm_state_lock :  released
12-12 12:47:10.390  7119  7154 D bt_hci_bdroid: bt_hc_worker_thread events : 0x4
12-12 12:47:10.390  7119  7154 D bt_h4   : hci_h4_receive_msg  
12-12 12:47:10.390  7119  7158 D bt_hci_bdroid: signal_event :0x80
12-12 12:47:10.390  7119  7158 D bt_hci_bdroid: signal_event :0x80
12-12 12:47:10.390  7119  7154 D bt_hci_bdroid: bt_hc_worker_thread events : 0x80
12-12 12:47:10.430  6244  7353 D Aatp    : /task/c8ec73f45a23eb8c33dd7084d4adf6faa55937d5/status
12-12 12:47:10.570  7337  7337 W linker  : libAAX_SDK.so has text relocations. This is wasting memory and is a security risk. Please fix.
12-12 12:47:10.640   925  1100 W SharedAssetStorage: Launching com.android.calendar (32099) with AMZ_APP_GID
12-12 12:47:10.660   925  1100 I ActivityManager: Start proc com.android.calendar for broadcast com.android.calendar/.home.HomeUpdateReceiver: pid=7377 uid=32099 gids={72099, 3003, 1028, 1015, 9001}
12-12 12:47:10.730   925   935 W SharedAssetStorage: Launching com.android.deskclock (32100) with AMZ_APP_GID
12-12 12:47:10.750   925  1425 W SharedAssetStorage: Launching com.android.providers.calendar (32102) with AMZ_APP_GID
12-12 12:47:10.750   925   935 I ActivityManager: Start proc com.android.deskclock for broadcast com.android.deskclock/.AlarmInitReceiver: pid=7395 uid=32100 gids={72100, 1028, 9001}
12-12 12:47:10.760   925  1425 I ActivityManager: Start proc com.android.providers.calendar for content provider com.android.providers.calendar/.CalendarProvider2: pid=7406 uid=32102 gids={72102, 3003, 1028, 1015, 9001}
12-12 12:47:10.760   925  1425 I ActivityManager: CPR:ContentProviderRecord{42cdf818 u0 com.android.providers.calendar/.CalendarProvider2}, wait begins for proc7377 nCountWaiting=1
12-12 12:47:10.760   925  1425 I ActivityManager: CPR: ContentProviderRecord{42cdf818 u0 com.android.providers.calendar/.CalendarProvider2} long wait begins for proc7377
12-12 12:47:10.840   925  1100 W SharedAssetStorage: Launching com.qualcomm.timeservice (1000) with AMZ_APP_GID
12-12 12:47:10.840   925  1100 I ActivityManager: Start proc com.qualcomm.timeservice for broadcast com.qualcomm.timeservice/.TimeServiceBroadcastReceiver: pid=7433 uid=1000 gids={41000, 1028, 1015, 3002, 3001, 3003, 2001, 1021, 3004, 3005, 1000, 3009, 1023, 1010, 9001}
12-12 12:47:10.870  7433  7433 D dalvikvm: Good opt header, DEX offset is 64, flags=0x00
12-12 12:47:10.870  7433  7433 D dalvikvm: dalvik-aux-structure mapped at 0x603d5000 with sizes 28 52 24 4
12-12 12:47:10.870  7433  7433 D ProfileManager: Create ProfileManager instance
12-12 12:47:10.870  7433  7433 W ResourceType: No package identifier when getting value for resource number 0x00000000
12-12 12:47:10.870  7433  7433 I Dispatch: No dispatch information file found
12-12 12:47:10.870  7433  7433 D dalvikvm: No JNI_OnLoad found in /vendor/lib/libTimeService.so 0x421f5690, skipping init
12-12 12:47:10.870  7433  7433 D TimeService: Receivedandroid.intent.action.TIME_SET intent. Current Time is 1513111630880
12-12 12:47:10.870  7433  7433 D empty   : TimeServiceNative: User Time to be set is 1513111630880
12-12 12:47:10.870  7433  7433 D QC-time-services: Lib:time_genoff_operation: pargs->base = 2
12-12 12:47:10.870  7433  7433 D QC-time-services: Lib:time_genoff_operation: pargs->operation = 0
12-12 12:47:10.870  7433  7433 D QC-time-services: Lib:time_genoff_operation: pargs->ts_val = 1513111630880
12-12 12:47:10.870   385   794 D QC-time-services: Daemon: Connection accepted:time_genoff
12-12 12:47:10.870  7433  7433 D QC-time-services: Lib:time_genoff_operation: Send to server  passed!!
12-12 12:47:10.870   385  7446 D QC-time-services: Daemon:Received base = 2, unit = 1, operation = 0,value = 1513111630880
12-12 12:47:10.870   385  7446 D QC-time-services: Daemon:genoff_opr: Base = 2, val = 1513111630880, operation = 0
12-12 12:47:10.870   385  7446 D QC-time-services: Daemon:rtc_get: Time read from RTC -- MM/DD/YY HH:MM:SS1/10/70 19:58:52
12-12 12:47:10.870   385  7446 D QC-time-services: Daemon:Value read from RTC seconds = 3527932000
12-12 12:47:10.870   385  7446 D QC-time-services: Daemon:new time 1513111630880 
12-12 12:47:10.870   385  7446 D QC-time-services: Daemon: delta 1509583698880 genoff 1509583698880 
12-12 12:47:10.870   385  7446 D QC-time-services: Daemon:genoff_persistent_update: Writing genoff = 1509583698880 to memory
12-12 12:47:10.870   385  7446 D QC-time-services: Daemon:Opening File: /data/time/ats_2
12-12 12:47:10.870   385  7446 D QC-time-services: Daemon:time_persistent_memory_opr:Genoff write operation 
12-12 12:47:10.880   385  7446 D QC-time-services: Updating the TOD offset
12-12 12:47:10.880   385  7446 D QC-time-services: Daemon:genoff_persistent_update: Writing genoff = 1509583698880 to memory
12-12 12:47:10.880   385  7446 D QC-time-services: Daemon:Opening File: /data/time/ats_1
12-12 12:47:10.880   385  7446 D QC-time-services: Daemon:time_persistent_memory_opr:Genoff write operation 
12-12 12:47:10.880   385  7446 E QC-time-services: Daemon:Update to modem bit set
12-12 12:47:10.880   385  7446 D QC-time-services: Daemon:genoff_send_modem: Sending data to MODEM !
12-12 12:47:10.880   385  7446 D QC-time-services: Daemon: Base = 2, Value being sent to MODEM = 1193618898880
12-12 12:47:10.880  7433  7433 E QC-time-services: Receive Passed == base = 2, unit = 1, operation = 0, result = 0
12-12 12:47:10.880   385   794 E QC-time-services: Daemon: Time-services: Waiting to acceptconnection
12-12 12:47:10.880  7137  7137 I LbsExpiryBroadcastReceiver: Lbs expiry broadcast Receiver triggered
12-12 12:47:10.880  7137  7137 I LbsExpiryBroadcastReceiver: Received Mode changed action
12-12 12:47:10.880   385   792 E QC-time-services: Daemon:tod_update_ind_cb: Got Update from modem msg_id 40
12-12 12:47:10.890  7137  7137 D LbsExpiryBroadcastReceiver: Lbs Enabled: true
12-12 12:47:10.890  7137  7137 D FmkBroadcastReceiver: FMK broadcast Receiver triggered
12-12 12:47:10.890   925  1425 I ActivityManager: CPR: ContentProviderRecord{42cdf818 u0 com.android.providers.calendar/.CalendarProvider2} continue to wait after long wait
12-12 12:47:10.900   925  1425 I ActivityManager: Killing 6450:com.amazon.ods.kindleconnect/u0a22085 (adj 12): empty #17
12-12 12:47:11.350   925  1130 D ConnectivityService: setProvNotificationVisible: E visible=false networkType=1 extraInfo= url=null
12-12 12:47:11.390  7119  7168 D bt_hci_bdroid: signal_event :0x100
12-12 12:47:11.390  7119  7154 D bt_hci_bdroid: bt_hc_worker_thread events : 0x100
12-12 12:47:11.390  7119  7154 I bt_hci_bdroid: ro.qualcomm.bt.hci_transport not set, so using default.
12-12 12:47:11.390  7119  7154 D bt_h4   : hci_h4_set_lpm : state : 1, lpm_Ind : 1 
12-12 12:47:11.390  7119  7154 D bt_h4   : hci_h4_set_lpm : ** SAME **Current state and the Requested states are same   
12-12 12:47:11.460  6244  7470 D Aatp    : /task/c8ec73f45a23eb8c33dd7084d4adf6faa55937d5/status
12-12 12:47:11.690   925  1130 D CaptivePortalTracker: Authentication Successful
12-12 12:47:11.690   925   925 W Settings: Setting auto_time has moved from android.provider.Settings.System to android.provider.Settings.Global, returning read-only value.
12-12 12:47:11.690   925   925 I TimeService: captive portal authenticated, updating system time
12-12 12:47:11.690   925  1130 W ContextImpl: Calling a method in the system process without a qualified user: android.app.ContextImpl.sendBroadcast:1460 android.net.CaptivePortalTracker.connectionEstablished:799 android.net.CaptivePortalTracker.isCaptivePortal:577 android.net.CaptivePortalTracker.access$2300:72 android.net.CaptivePortalTracker$DelayedCaptiveCheckState.processMessage:435 
12-12 12:47:11.700   925  1130 D CaptivePortalTracker: Coarse grained connectivity change: Wifi completely connected
12-12 12:47:11.700   925  1130 W ContextImpl: Calling a method in the system process without a qualified user: android.app.ContextImpl.sendBroadcast:1460 android.net.CaptivePortalTracker.handleAnyDataConnectionUp:860 android.net.CaptivePortalTracker.handleWifiConnectionUp:844 android.net.CaptivePortalTracker.connectionEstablished:802 android.net.CaptivePortalTracker.isCaptivePortal:577 
12-12 12:47:11.700   925  1130 D ConnectivityService: setProvNotificationVisible: E visible=false networkType=1 extraInfo= url=null
12-12 12:47:11.700   925  1130 D ConnectivityService: captivePortalCheckCompleted: ni=xxxx captive=false
12-12 12:47:11.720   925  1013 I TimeService: NTP query, time result=1513111631714
12-12 12:47:11.720   925  1013 D empty   : Setting time of day to sec=1513111631
12-12 12:47:11.714   925   973 W ContextImpl: Calling a method in the system process without a qualified user: android.app.ContextImpl.sendBroadcast:1460 com.android.server.AlarmManagerService$AlarmThread.run:1382 <bottom of call stack> <bottom of call stack> <bottom of call stack> 
12-12 12:47:11.734  7433  7433 D TimeService: Receivedandroid.intent.action.TIME_SET intent. Current Time is 1513111631745
12-12 12:47:11.734  7433  7433 D empty   : TimeServiceNative: User Time to be set is 1513111631745
12-12 12:47:11.734  7433  7433 D QC-time-services: Lib:time_genoff_operation: pargs->base = 2
12-12 12:47:11.734  7433  7433 D QC-time-services: Lib:time_genoff_operation: pargs->operation = 0
12-12 12:47:11.734  7433  7433 D QC-time-services: Lib:time_genoff_operation: pargs->ts_val = 1513111631745
12-12 12:47:11.734   385   794 D QC-time-services: Daemon: Connection accepted:time_genoff
12-12 12:47:11.734  7433  7433 D QC-time-services: Lib:time_genoff_operation: Send to server  passed!!
12-12 12:47:11.734   385  7474 D QC-time-services: Daemon:Received base = 2, unit = 1, operation = 0,value = 1513111631745
12-12 12:47:11.734   385  7474 D QC-time-services: Daemon:genoff_opr: Base = 2, val = 1513111631745, operation = 0
12-12 12:47:11.734   385  7474 D QC-time-services: Daemon:rtc_get: Time read from RTC -- MM/DD/YY HH:MM:SS1/10/70 19:58:53
12-12 12:47:11.734   385  7474 D QC-time-services: Daemon:Value read from RTC seconds = 3527933000
12-12 12:47:11.734   385  7474 D QC-time-services: Daemon:new time 1513111631745 
12-12 12:47:11.734   385  7474 D QC-time-services: Daemon: delta 1509583698745 genoff 1509583698745 
12-12 12:47:11.734   385  7474 D QC-time-services: Daemon:genoff_persistent_update: Writing genoff = 1509583698745 to memory
12-12 12:47:11.734   385  7474 D QC-time-services: Daemon:Opening File: /data/time/ats_2
12-12 12:47:11.734   385  7474 D QC-time-services: Daemon:time_persistent_memory_opr:Genoff write operation 
12-12 12:47:11.744   385  7474 D QC-time-services: Updating the TOD offset
12-12 12:47:11.744   385  7474 D QC-time-services: Daemon:genoff_persistent_update: Writing genoff = 1509583698745 to memory
12-12 12:47:11.744   385  7474 D QC-time-services: Daemon:Opening File: /data/time/ats_1
12-12 12:47:11.744   385  7474 D QC-time-services: Daemon:time_persistent_memory_opr:Genoff write operation 
12-12 12:47:11.744   385  7474 E QC-time-services: Daemon:Update to modem bit set
12-12 12:47:11.744   385  7474 D QC-time-services: Daemon:genoff_send_modem: Sending data to MODEM !
12-12 12:47:11.744   385  7474 D QC-time-services: Daemon: Base = 2, Value being sent to MODEM = 1193618898745
12-12 12:47:11.744  7433  7433 E QC-time-services: Receive Passed == base = 2, unit = 1, operation = 0, result = 0
12-12 12:47:11.744   385   794 E QC-time-services: Daemon: Time-services: Waiting to acceptconnection
12-12 12:47:11.744   385   792 E QC-time-services: Daemon:tod_update_ind_cb: Got Update from modem msg_id 40
12-12 12:47:11.944   925   935 I ActivityManager: Killing 6661:com.android.externalstorage/u0a22020 (adj 12): empty #17
12-12 12:47:12.184   925   997 D ConnectivityService: handleInetConditionHoldEnd: net=1, condition=70, published condition=0
12-12 12:47:12.404  6244  6244 D AatpDeviceManager: taskStatus update (c8ec73f45a23eb8c33dd7084d4adf6faa55937d5: {"result":"en_US","state":2})
12-12 12:47:12.524  6244  7496 D Aatp    : /task/c8ec73f45a23eb8c33dd7084d4adf6faa55937d5/status
12-12 12:47:12.704   258   491 D PermissionCache: checking android.permission.READ_FRAME_BUFFER for uid=2000 => granted (521 us)
12-12 12:47:15.124   925   973 V BatteryDrain: sending alarm Alarm{42bb3ba8 type 2 com.nokia.odnp.service}
12-12 12:47:16.733   925   973 V BatteryDrain: sending alarm Alarm{42b22a70 type 2 com.android.providers.calendar}
12-12 12:47:19.453  7507  7507 D AndroidRuntime: 
12-12 12:47:19.453  7507  7507 D AndroidRuntime: >>>>>> AndroidRuntime START com.android.internal.os.RuntimeInit <<<<<<
12-12 12:47:19.463  7507  7507 D AndroidRuntime: CheckJNI is OFF
12-12 12:47:19.463  7507  7507 D dalvikvm: Good opt header, DEX offset is 64, flags=0x00
12-12 12:47:19.463  7507  7507 D dalvikvm: dalvik-aux-structure mapped at 0x41cbd000 with sizes 17456 9068 22916 7820
12-12 12:47:19.463  7507  7507 D dalvikvm: Good opt header, DEX offset is 64, flags=0x00
12-12 12:47:19.463  7507  7507 D dalvikvm: dalvik-aux-structure mapped at 0x41ccb000 with sizes 3488 1968 3700 1000
12-12 12:47:19.463  7507  7507 D dalvikvm: Good opt header, DEX offset is 64, flags=0x00
12-12 12:47:19.463  7507  7507 D dalvikvm: dalvik-aux-structure mapped at 0x41ccf000 with sizes 1212 1216 2416 256
12-12 12:47:19.463  7507  7507 D dalvikvm: Good opt header, DEX offset is 64, flags=0x00
12-12 12:47:19.463  7507  7507 D dalvikvm: dalvik-aux-structure mapped at 0x41cd6000 with sizes 132 296 392 8
12-12 12:47:19.463  7507  7507 D dalvikvm: Good opt header, DEX offset is 64, flags=0x00
12-12 12:47:19.463  7507  7507 D dalvikvm: dalvik-aux-structure mapped at 0x41d7b000 with sizes 8748 4364 7932 3996
12-12 12:47:19.463  7507  7507 D dalvikvm: Good opt header, DEX offset is 64, flags=0x00
12-12 12:47:19.463  7507  7507 D dalvikvm: dalvik-aux-structure mapped at 0x41d82000 with sizes 22496 5180 8540 1804
