12-12 12:47:26.213   925   955 W SharedAssetStorage: Launching com.amazon.venezia (32092) with AMZ_APP_GID
12-12 12:47:26.213   925   989 W RegisteredPolicyManager: Metadata not available in package:com.example.snoopy
12-12 12:47:26.213   925   989 I RegisteredPolicyManager: Package removed:com.example.snoopy
12-12 12:47:26.213   925   989 I DevicePolicyManagerService: Notified isValidMDM=true
12-12 12:47:26.213   925   989 I DevicePolicyManagerService: Notified isValidMDM=true
12-12 12:47:26.213   925   989 I DevicePolicyManagerService: Notified isValidMDM=true
12-12 12:47:26.213   925   989 I DevicePolicyManagerService: Notified isValidMDM=true
12-12 12:47:26.213   925   989 I DevicePolicyManagerService: Notified isValidMDM=true
12-12 12:47:26.213   925   989 I DevicePolicyManagerService: Notified isValidMDM=true
12-12 12:47:26.213   925   956 W Settings: Setting default_input_method has moved from android.provider.Settings.Secure to android.provider.Settings.Global.
12-12 12:47:26.243   925   978 I InputReader: Reconfiguring input devices.  changes=0x00000010
12-12 12:47:26.243   925   955 I ActivityManager: Start proc com.amazon.venezia for broadcast com.amazon.venezia/com.amazon.mas.client.locker.LockerBroadcastReceiver: pid=7618 uid=32092 gids={72092, 3003, 1028, 1015, 1007, 9001}
12-12 12:47:26.253   925   956 W Settings: Setting default_input_method has moved from android.provider.Settings.Secure to android.provider.Settings.Global.
12-12 12:47:26.253   925  1596 V IntentResolver: Resolving type=null scheme=null defaultOnly=false userId=0 of Intent { act=com.amazon.whisperlink.actview.ui.SELECTION flg=0x8 }
12-12 12:47:26.253   925  1596 V IntentResolver: Action list: [ServiceIntentInfo{428e0e00 com.amazon.avod/com.amazon.messaging.common.whisperplay.internal.service.WhisperPlayPlaybackControlLocalService}, ServiceIntentInfo{4289ff60 com.amazon.photos/com.amazon.gallery.thor.whisperplay.ThorWhisperService}]
12-12 12:47:26.253   925  1596 V IntentResolver: Matching against filter ServiceIntentInfo{428e0e00 com.amazon.avod/com.amazon.messaging.common.whisperplay.internal.service.WhisperPlayPlaybackControlLocalService}
12-12 12:47:26.253   925  1596 V IntentResolver:   Filter matched!  match=0x108000 hasDefault=false
12-12 12:47:26.253   925  1596 V IntentResolver:     428e0a28 com.amazon.avod/com.amazon.messaging.common.whisperplay.internal.service.WhisperPlayPlaybackControlLocalService filter 428e0e00
12-12 12:47:26.253   925  1596 V IntentResolver:     Action: "com.amazon.whisperlink.actview.ui.SELECTION"
12-12 12:47:26.253   925  1596 V IntentResolver:     Category: "com.amazon.whisperlink.actview.ui.DEFAULT_UX"
12-12 12:47:26.253   925  1596 V IntentResolver: Matching against filter ServiceIntentInfo{4289ff60 com.amazon.photos/com.amazon.gallery.thor.whisperplay.ThorWhisperService}
12-12 12:47:26.253   925  1596 V IntentResolver:   Filter matched!  match=0x108000 hasDefault=false
12-12 12:47:26.253   925  1596 V IntentResolver:     4280e710 com.amazon.photos/com.amazon.gallery.thor.whisperplay.ThorWhisperService filter 4289ff60
12-12 12:47:26.253   925  1596 V IntentResolver:     Action: "com.amazon.whisperlink.actview.ui.SELECTION"
12-12 12:47:26.253   925  1596 V IntentResolver:     Action: "com.amazon.whisperlink.actview.ui.DEFAULT_UX"
12-12 12:47:26.253   925  1596 V IntentResolver: Final result list:
12-12 12:47:26.253   925  1596 V IntentResolver:   ResolveInfo{42f018f0 com.amazon.avod/com.amazon.messaging.common.whisperplay.internal.service.WhisperPlayPlaybackControlLocalService m=0x108000}
12-12 12:47:26.253   925  1596 V IntentResolver:   ResolveInfo{42f039e8 com.amazon.photos/com.amazon.gallery.thor.whisperplay.ThorWhisperService m=0x108000}
12-12 12:47:26.263   925   989 I DevicePolicyManagerService: isAdmin ComponentInfo{com.android.email/com.android.email.SecurityPolicy$PolicyAdmin} whiteListed true
12-12 12:47:26.263   925   989 I DevicePolicyManagerService: isAdmin ComponentInfo{com.amazon.kor.demo/com.amazon.kor.demo.receiver.BindDeviceAdminReceiver} whiteListed true
12-12 12:47:26.263   925   989 I DevicePolicyManagerService: isAdmin ComponentInfo{com.amazon.parentalcontrols/com.amazon.parentalcontrols.receivers.ParentalAdminReceiver} whiteListed true
12-12 12:47:26.263   925   989 I DevicePolicyManagerService: isAdmin ComponentInfo{com.amazon.kindle.rdmdeviceadmin/com.amazon.rdmdeviceadmin.DeviceControlsAdminReceiver} whiteListed true
12-12 12:47:26.263   925   989 I DevicePolicyManagerService: isAdmin ComponentInfo{com.amazon.tahoe/com.amazon.tahoe.deviceadmin.FreeTimeDeviceAdminReceiver} whiteListed true
12-12 12:47:26.263   925   989 I DevicePolicyManagerService: isAdmin ComponentInfo{com.amazon.kindle.devicecontrols/com.amazon.kindle.devicecontrols.receivers.DeviceControlsAdminReceiver} whiteListed true
12-12 12:47:26.263   925   925 D BackupManagerService: Received broadcast Intent { act=android.intent.action.PACKAGE_ADDED dat=xxxx flg=0x4000010 (has extras) }
12-12 12:47:26.273   925   925 V BackupManagerService: addPackageParticipantsLocked: #1
12-12 12:47:26.373  7595  7595 D AndroidRuntime: Shutting down VM
12-12 12:47:26.413   925   956 W Searchables: No web search activity found
12-12 12:47:26.413   925   956 W RecognitionManagerService: no available voice recognition services found for user 0
12-12 12:47:26.563   925  1004 D ActivityManager: single user service: com.amazon.dcp:OTAService
12-12 12:47:26.573   925  1004 D ActivityManager: app = com.amazon.dcp:OTAService, has single user service, setting process record.
12-12 12:47:26.573   925  1196 I ActivityManager: Delay finish: com.amazon.dcp/.ota.OTAService$OTADedupeReceiver
12-12 12:47:26.603   925  1423 W SharedAssetStorage: Launching com.amazon.identity.auth.device.authorization (32032) with AMZ_APP_GID
12-12 12:47:26.603   925  1416 I ActivityManager: Resuming delayed broadcast
12-12 12:47:26.613   925  1423 I ActivityManager: Start proc com.amazon.identity.auth.device.authorization for broadcast com.amazon.identity.auth.device.authorization/.appsync.PackageChangedReceiver: pid=7669 uid=32032 gids={72032, 3003, 9001}
12-12 12:47:26.683   925  1193 I ActivityManager: Delay finish: com.amazon.identity.auth.device.authorization/.appsync.PackageChangedReceiver
12-12 12:47:26.703   925  1193 W SharedAssetStorage: Launching com.amazon.kindle.unifiedSearch (32080) with AMZ_APP_GID
12-12 12:47:26.703   925   935 I ActivityManager: Resuming delayed broadcast
12-12 12:47:26.713   925  1193 I ActivityManager: Start proc com.amazon.kindle.unifiedSearch for broadcast com.amazon.kindle.unifiedSearch/com.amazon.device.search.PackageBroadcastReceiver: pid=7688 uid=32080 gids={72080, 3003, 1028, 1015, 9001}
12-12 12:47:26.763   925  1420 D ActivityManager: single user service: com.amazon.kindle.cms
12-12 12:47:26.813   925   936 W SharedAssetStorage: Launching com.android.providers.contacts (32041) with AMZ_APP_GID
12-12 12:47:26.833   925   936 I ActivityManager: Start proc android.process.acore for broadcast com.android.providers.contacts/.PackageIntentReceiver: pid=7705 uid=32041 gids={72041, 3003, 1028, 1015, 9001}
12-12 12:47:26.833   925   936 I ActivityManager: Killing 6635:com.android.documentsui/u0a22110 (adj 12): empty #17
12-12 12:47:26.973  7705  7705 W ActivityThread: ClassLoader.loadClass: The class loader returned by Thread.getContextClassLoader() may fail for processes that host multiple applications. You should explicitly specify a context class loader. For example: Thread.setContextClassLoader(getClass().getClassLoader());
12-12 12:47:26.983   925  1416 W SharedAssetStorage: Launching com.svox.pico (32114) with AMZ_APP_GID
12-12 12:47:26.993   925  1416 I ActivityManager: Start proc com.svox.pico for broadcast com.svox.pico/.VoiceDataInstallerReceiver: pid=7719 uid=32114 gids={72114, 1028, 1015, 9001}
12-12 12:47:26.993   925  1416 I ActivityManager: Killing 6992:com.amazon.securitysyncclient/u0a22033 (adj 12): empty #17
12-12 12:47:27.043   925  1196 I ActivityManager: Killing 7006:com.amazon.devicecontrol/1000 (adj 12): empty #17
12-12 12:47:27.053  6244  6244 D AatpInstallReceiver: [com.example.snoopy]: Checking signature: 3082037b30820263a00302010202046fa81c07300d06092a864886f70d01010b0500306d310b3009060355040613025553310f300d060355040813064f7265676f6e3111300f06035504071308506f72746c616e6431123010060355040a130941707054687761636b31123010060355040b130941707054687761636b311230100603550403130941707054687761636b3020170d3132313131323037343033335a180f32303531303331333037343033335a306d310b3009060355040613025553310f300d060355040813064f7265676f6e3111300f06035504071308506f72746c616e6431123010060355040a130941707054687761636b31123010060355040b130941707054687761636b311230100603550403130941707054687761636b30820122300d06092a864886f70d01010105000382010f003082010a0282010100c8a2ced2ac4e08ad877450353d44c8cfe263eedf111694e15d3813f7a89ee7101b6547515811a68dc91d02a50d2ccf964ac675d4e9d9f2bb08114ebba27e601476591da39fefc269cbe9c82e718243fd90b6ce55a91aef95a5e87d1ba9c49c26deeeb3f0eed1613b3265d09c679ee9e081bab7ef5d110fc960017797fdeebbe44bc3e9788eb277a1aa6cbfa1fa81cbb2e29cbaa66c17f12c5f063c5795c9ed7d9ffc2c79240a47cf03d483ebb603c96950f5de46ddeb2b38fb11d3cdb8af1d3234478cca4a1092841fc483fcbac0ac3001a9cf4806aba036bb03530f8da3dd222c35e0074c9b533fae5598ad7007be3c99ae5c88a40971d002582811fd9061510203010001a321301f301d0603551d0e04160414ee59bdaa05b04c31e520eb310ee42d90deb67470300d06092a864886f70d01010b050003820101009ad52f7de1c94afc2ac18af8f3cf2431bd121547afa1b00c904cd86438a9c6f15dcb3da8613325fb65bfc1210111a6868a6078c27f3f2f000c29e37e8546685b823508e7159421d3b0098ac0775433994d0d374632b8aa0bd3cd0ceb9969c062c3b830bde751b043e9d66db94d2e88ebcbceb0d7a9c5e516740f2bead81ee403cb0268b9b6ce3635e90342dd8a1c524a94415aad9bb2abd0264b817b590cc8e1a541f69cb5281d7435c5ebaa5ffe6d0962340583ec7349352e262c2beed133bc2862403f58ec18910b99c9fee1ef9acde5c26b1ffe024f53b4a2ad9655a67011471539d74eb533241519c90fdb2eab75a3ab2808b64b6fa2d7f835f7966c54d7
12-12 12:47:27.063   925  1196 I ActivityManager: Delay finish: com.amazon.venezia/com.amazon.mas.client.cmsservice.publisher.CmsPublisherBroadcastReceiver
12-12 12:47:27.143   925   935 I ActivityManager: Resuming delayed broadcast
12-12 12:47:27.203  7732  7732 D AndroidRuntime: 
12-12 12:47:27.203  7732  7732 D AndroidRuntime: >>>>>> AndroidRuntime START com.android.internal.os.RuntimeInit <<<<<<
12-12 12:47:27.203  7732  7732 D AndroidRuntime: CheckJNI is OFF
12-12 12:47:27.203  7732  7732 D dalvikvm: Good opt header, DEX offset is 64, flags=0x00
12-12 12:47:27.203  7732  7732 D dalvikvm: dalvik-aux-structure mapped at 0x588bc000 with sizes 17456 9068 22916 7820
12-12 12:47:27.203  7732  7732 D dalvikvm: Good opt header, DEX offset is 64, flags=0x00
12-12 12:47:27.203  7732  7732 D dalvikvm: dalvik-aux-structure mapped at 0x588ca000 with sizes 3488 1968 3700 1000
12-12 12:47:27.203  7732  7732 D dalvikvm: Good opt header, DEX offset is 64, flags=0x00
12-12 12:47:27.203  7732  7732 D dalvikvm: dalvik-aux-structure mapped at 0x588ce000 with sizes 1212 1216 2416 256
12-12 12:47:27.203  7732  7732 D dalvikvm: Good opt header, DEX offset is 64, flags=0x00
12-12 12:47:27.203  7732  7732 D dalvikvm: dalvik-aux-structure mapped at 0x588d5000 with sizes 132 296 392 8
12-12 12:47:27.203  7732  7732 D dalvikvm: Good opt header, DEX offset is 64, flags=0x00
12-12 12:47:27.203  7732  7732 D dalvikvm: dalvik-aux-structure mapped at 0x58a94000 with sizes 8748 4364 7932 3996
12-12 12:47:27.203  7732  7732 D dalvikvm: Good opt header, DEX offset is 64, flags=0x00
12-12 12:47:27.203  7732  7732 D dalvikvm: dalvik-aux-structure mapped at 0x58a9b000 with sizes 22496 5180 8540 1804
12-12 12:47:27.203  7732  7732 D dalvikvm: Good opt header, DEX offset is 64, flags=0x00
12-12 12:47:27.203  7732  7732 D dalvikvm: dalvik-aux-structure mapped at 0x5960f000 with sizes 56980 26392 103936 34400
12-12 12:47:27.203  7732  7732 D dalvikvm: Good opt header, DEX offset is 64, flags=0x00
12-12 12:47:27.203  7732  7732 D dalvikvm: dalvik-aux-structure mapped at 0x5982a000 with sizes 9456 6512 11508 3328
12-12 12:47:27.213  7732  7732 D dalvikvm: Good opt header, DEX offset is 64, flags=0x00
12-12 12:47:27.213  7732  7732 D dalvikvm: dalvik-aux-structure mapped at 0x5999e000 with sizes 20772 3532 10520 3092
12-12 12:47:27.213  7732  7732 D dalvikvm: Good opt header, DEX offset is 64, flags=0x00
12-12 12:47:27.213  7732  7732 D dalvikvm: dalvik-aux-structure mapped at 0x58aaa000 with sizes 1660 956 2388 56
12-12 12:47:27.213  7732  7732 D dalvikvm: Good opt header, DEX offset is 64, flags=0x00
12-12 12:47:27.213  7732  7732 D dalvikvm: dalvik-aux-structure mapped at 0x59a06000 with sizes 1312 504 800 184
12-12 12:47:27.213  7732  7732 D dalvikvm: Good opt header, DEX offset is 64, flags=0x00
12-12 12:47:27.213  7732  7732 D dalvikvm: dalvik-aux-structure mapped at 0x59a07000 with sizes 1704 1896 3404 216
12-12 12:47:27.213  7732  7732 D dalvikvm: Good opt header, DEX offset is 64, flags=0x00
12-12 12:47:27.213  7732  7732 D dalvikvm: dalvik-aux-structure mapped at 0x59e4a000 with sizes 41656 10740 31732 2024
12-12 12:47:27.213  7732  7732 D dalvikvm: Good opt header, DEX offset is 64, flags=0x00
12-12 12:47:27.213  7732  7732 D dalvikvm: dalvik-aux-structure mapped at 0x59a0c000 with sizes 13340 3572 6468 560
12-12 12:47:27.213  7732  7732 D dalvikvm: Good opt header, DEX offset is 64, flags=0x00
12-12 12:47:27.213  7732  7732 D dalvikvm: dalvik-aux-structure mapped at 0x5a08f000 with sizes 3752 5072 11996 2620
12-12 12:47:27.213  7732  7732 D dalvikvm: Good opt header, DEX offset is 64, flags=0x00
12-12 12:47:27.213  7732  7732 D dalvikvm: dalvik-aux-structure mapped at 0x59a14000 with sizes 864 112 12 8
12-12 12:47:27.213  7732  7732 D dalvikvm: Good opt header, DEX offset is 64, flags=0x00
12-12 12:47:27.213  7732  7732 D dalvikvm: dalvik-aux-structure mapped at 0x59a16000 with sizes 144 424 416 84
12-12 12:47:27.213  7732  7732 D dalvikvm: Good opt header, DEX offset is 64, flags=0x00
12-12 12:47:27.213  7732  7732 D dalvikvm: dalvik-aux-structure mapped at 0x5a0a8000 with sizes 8 84 20 52
12-12 12:47:27.213  7732  7732 D dalvikvm: Good opt header, DEX offset is 64, flags=0x00
12-12 12:47:27.213  7732  7732 D dalvikvm: dalvik-aux-structure mapped at 0x5a0a9000 with sizes 2300 1284 1900 732
12-12 12:47:27.213  7732  7732 D dalvikvm: Good opt header, DEX offset is 64, flags=0x00
12-12 12:47:27.213  7732  7732 D dalvikvm: dalvik-aux-structure mapped at 0x5a0ad000 with sizes 3068 1548 4364 1460
12-12 12:47:27.213  7732  7732 D dalvikvm: Good opt header, DEX offset is 64, flags=0x00
12-12 12:47:27.213  7732  7732 D dalvikvm: dalvik-aux-structure mapped at 0x5a0b1000 with sizes 2512 2028 2656 348
12-12 12:47:27.213  7732  7732 D dalvikvm: Good opt header, DEX offset is 64, flags=0x00
12-12 12:47:27.213  7732  7732 D dalvikvm: dalvik-aux-structure mapped at 0x5a0b4000 with sizes 244 632 480 120
12-12 12:47:27.213  7732  7732 D dalvikvm: Good opt header, DEX offset is 64, flags=0x00
12-12 12:47:27.213  7732  7732 D dalvikvm: dalvik-aux-structure mapped at 0x5a0b7000 with sizes 44 16 4 16
12-12 12:47:27.213  7732  7732 D dalvikvm: Good opt header, DEX offset is 64, flags=0x00
12-12 12:47:27.213  7732  7732 D dalvikvm: dalvik-aux-structure mapped at 0x5a406000 with sizes 17456 5180 15016 5508
12-12 12:47:27.213  7732  7732 D dalvikvm: Good opt header, DEX offset is 64, flags=0x00
12-12 12:47:27.213  7732  7732 D dalvikvm: dalvik-aux-structure mapped at 0x5a19d000 with sizes 17648 1196 1848 1084
12-12 12:47:27.213  7732  7732 D dalvikvm: Good opt header, DEX offset is 64, flags=0x00
12-12 12:47:27.213  7732  7732 D dalvikvm: dalvik-aux-structure mapped at 0x5a636000 with sizes 5448 6248 17376 5152
12-12 12:47:27.213  7732  7732 D dalvikvm: Good opt header, DEX offset is 64, flags=0x00
12-12 12:47:27.213  7732  7732 D dalvikvm: dalvik-aux-structure mapped at 0x5a1a4000 with sizes 92 272 204 12
12-12 12:47:27.213  7732  7732 D dalvikvm: Good opt header, DEX offset is 64, flags=0x00
12-12 12:47:27.213  7732  7732 D dalvikvm: dalvik-aux-structure mapped at 0x5a648000 with sizes 368 52 8 52
12-12 12:47:27.213  7732  7732 D dalvikvm: Good opt header, DEX offset is 64, flags=0x00
12-12 12:47:27.213  7732  7732 D dalvikvm: dalvik-aux-structure mapped at 0x5a665000 with sizes 848 488 512 692
12-12 12:47:27.213  7732  7732 D dalvikvm: Good opt header, DEX offset is 64, flags=0x00
12-12 12:47:27.213  7732  7732 D dalvikvm: dalvik-aux-structure mapped at 0x5a668000 with sizes 20 36 20 8
12-12 12:47:27.223  7732  7732 D dalvikvm: Good opt header, DEX offset is 64, flags=0x00
12-12 12:47:27.223  7732  7732 D dalvikvm: dalvik-aux-structure mapped at 0x5a671000 with sizes 360 232 320 68
12-12 12:47:27.223  7732  7732 D dalvikvm: Good opt header, DEX offset is 64, flags=0x00
12-12 12:47:27.223  7732  7732 D dalvikvm: dalvik-aux-structure mapped at 0x5a681000 with sizes 864 272 320 208
12-12 12:47:27.223  7732  7732 D dalvikvm: Trying to load lib libjavacore.so 0x0
12-12 12:47:27.223  7732  7732 D dalvikvm: Added shared lib libjavacore.so 0x0
12-12 12:47:27.223  7732  7732 D dalvikvm: Trying to load lib libnativehelper.so 0x0
12-12 12:47:27.223  7732  7732 D dalvikvm: Added shared lib libnativehelper.so 0x0
12-12 12:47:27.223  7732  7732 D dalvikvm: No JNI_OnLoad found in libnativehelper.so 0x0, skipping init
12-12 12:47:27.233  7732  7732 D dalvikvm: Good opt header, DEX offset is 64, flags=0x00
12-12 12:47:27.233  7732  7732 D dalvikvm: dalvik-aux-structure mapped at 0x5b8e6000 with sizes 936 360 416 20
12-12 12:47:27.253  7732  7732 D dalvikvm: Note: class Landroid/app/ActivityManagerNative; has 179 unimplemented (abstract) methods
12-12 12:47:27.373  7732  7732 D AndroidRuntime: Calling main entry com.android.commands.pm.Pm
12-12 12:47:27.463  7732  7732 D AndroidRuntime: Shutting down VM
12-12 12:47:28.053  6244  7765 D Aatp    : /track-package
12-12 12:47:28.093  6244  7765 D AatpDeviceManager: Tracking package com.example.snoopy with UID 10002
12-12 12:47:34.373   925  1389 I ActivityManager: Killing 6383:com.amazon.webapp/u0a22096 (adj 12): empty #17
12-12 12:47:41.564   925   955 I ActivityManager: Waited long enough for: ServiceRecord{42f25f88 u0 com.amazon.venezia/com.amazon.mas.client.locker.service.appmgr.AppManagerService}
12-12 12:47:41.594   925  1420 I ActivityManager: Delay finish: com.amazon.venezia/com.amazon.mas.client.notifications.fad.MarketingAppReceiver
12-12 12:47:41.604   925  1580 I ActivityManager: Resuming delayed broadcast
12-12 12:47:41.613   925  1100 I ActivityManager: Delay finish: com.amazon.venezia/com.amazon.mas.client.tokenrefresh.RefreshScheduleReceiver
12-12 12:47:41.623   925  1389 I ActivityManager: Resuming delayed broadcast
12-12 12:47:41.633   925  1388 I ActivityManager: Delay finish: com.amazon.venezia/com.amazon.mas.client.serviceconfig.receiver.ServiceConfigScheduleReceiver
12-12 12:47:41.653   925  1425 I ActivityManager: Resuming delayed broadcast
12-12 12:47:41.653   925  1505 I ActivityManager: Delay finish: com.amazon.venezia/com.amazon.mas.client.featureconfig.FeatureConfigScheduleReceiver
12-12 12:47:41.663   925  1100 I ActivityManager: Resuming delayed broadcast
12-12 12:47:41.673   925  1423 I ActivityManager: Delay finish: com.amazon.venezia/com.amazon.mas.client.locker.LockerBroadcastReceiver
12-12 12:47:41.683   925  1196 I ActivityManager: Resuming delayed broadcast
12-12 12:47:41.683   925  1389 I ActivityManager: Delay finish: com.amazon.venezia/com.amazon.mcc.resources.ScheduleUpdatesReceiver
12-12 12:47:41.703   925   936 I ActivityManager: Resuming delayed broadcast
12-12 12:47:41.723   925  1580 I ActivityManager: Delay finish: com.amazon.venezia/.crash.CrashReporterStartupReceiver
12-12 12:47:41.723   925   936 I ActivityManager: Resuming delayed broadcast
12-12 12:47:41.733   925   935 I ActivityManager: Delay finish: com.amazon.venezia/com.amazon.mas.client.http.cache.DiskCacheCleanReceiver
12-12 12:47:41.733   925  1580 I ActivityManager: Resuming delayed broadcast
12-12 12:47:42.063   925   955 I ActivityManager: Waited long enough for: ServiceRecord{42efa4b8 u0 com.amazon.venezia/com.amazon.mas.client.cmsservice.publisher.CmsPublisherService}
12-12 12:47:46.803  7813  7813 D AndroidRuntime: 
12-12 12:47:46.803  7813  7813 D AndroidRuntime: >>>>>> AndroidRuntime START com.android.internal.os.RuntimeInit <<<<<<
12-12 12:47:46.813  7813  7813 D AndroidRuntime: CheckJNI is OFF
12-12 12:47:46.813  7813  7813 D dalvikvm: Good opt header, DEX offset is 64, flags=0x00
12-12 12:47:46.813  7813  7813 D dalvikvm: dalvik-aux-structure mapped at 0x41a7b000 with sizes 17456 9068 22916 7820
12-12 12:47:46.813  7813  7813 D dalvikvm: Good opt header, DEX offset is 64, flags=0x00
12-12 12:47:46.813  7813  7813 D dalvikvm: dalvik-aux-structure mapped at 0x41a89000 with sizes 3488 1968 3700 1000
12-12 12:47:46.813  7813  7813 D dalvikvm: Good opt header, DEX offset is 64, flags=0x00
12-12 12:47:46.813  7813  7813 D dalvikvm: dalvik-aux-structure mapped at 0x41a8d000 with sizes 1212 1216 2416 256
12-12 12:47:46.813  7813  7813 D dalvikvm: Good opt header, DEX offset is 64, flags=0x00
12-12 12:47:46.813  7813  7813 D dalvikvm: dalvik-aux-structure mapped at 0x41a94000 with sizes 132 296 392 8
12-12 12:47:46.813  7813  7813 D dalvikvm: Good opt header, DEX offset is 64, flags=0x00
12-12 12:47:46.813  7813  7813 D dalvikvm: dalvik-aux-structure mapped at 0x41b02000 with sizes 8748 4364 7932 3996
12-12 12:47:46.813  7813  7813 D dalvikvm: Good opt header, DEX offset is 64, flags=0x00
12-12 12:47:46.813  7813  7813 D dalvikvm: dalvik-aux-structure mapped at 0x41b09000 with sizes 22496 5180 8540 1804
12-12 12:47:46.813  7813  7813 D dalvikvm: Good opt header, DEX offset is 64, flags=0x00
12-12 12:47:46.813  7813  7813 D dalvikvm: dalvik-aux-structure mapped at 0x59664000 with sizes 56980 26392 103936 34400
12-12 12:47:46.813  7813  7813 D dalvikvm: Good opt header, DEX offset is 64, flags=0x00
12-12 12:47:46.813  7813  7813 D dalvikvm: dalvik-aux-structure mapped at 0x41b13000 with sizes 9456 6512 11508 3328
12-12 12:47:46.813  7813  7813 D dalvikvm: Good opt header, DEX offset is 64, flags=0x00
12-12 12:47:46.813  7813  7813 D dalvikvm: dalvik-aux-structure mapped at 0x599eb000 with sizes 20772 3532 10520 3092
12-12 12:47:46.813  7813  7813 D dalvikvm: Good opt header, DEX offset is 64, flags=0x00
12-12 12:47:46.813  7813  7813 D dalvikvm: dalvik-aux-structure mapped at 0x41b1f000 with sizes 1660 956 2388 56
12-12 12:47:46.813  7813  7813 D dalvikvm: Good opt header, DEX offset is 64, flags=0x00
12-12 12:47:46.813  7813  7813 D dalvikvm: dalvik-aux-structure mapped at 0x41b23000 with sizes 1312 504 800 184
12-12 12:47:46.813  7813  7813 D dalvikvm: Good opt header, DEX offset is 64, flags=0x00
12-12 12:47:46.813  7813  7813 D dalvikvm: dalvik-aux-structure mapped at 0x59a51000 with sizes 1704 1896 3404 216
12-12 12:47:46.823  7813  7813 D dalvikvm: Good opt header, DEX offset is 64, flags=0x00
12-12 12:47:46.823  7813  7813 D dalvikvm: dalvik-aux-structure mapped at 0x59e94000 with sizes 41656 10740 31732 2024
12-12 12:47:46.823  7813  7813 D dalvikvm: Good opt header, DEX offset is 64, flags=0x00
12-12 12:47:46.823  7813  7813 D dalvikvm: dalvik-aux-structure mapped at 0x59a56000 with sizes 13340 3572 6468 560
12-12 12:47:46.823  7813  7813 D dalvikvm: Good opt header, DEX offset is 64, flags=0x00
12-12 12:47:46.823  7813  7813 D dalvikvm: dalvik-aux-structure mapped at 0x5a0d9000 with sizes 3752 5072 11996 2620
12-12 12:47:46.823  7813  7813 D dalvikvm: Good opt header, DEX offset is 64, flags=0x00
12-12 12:47:46.823  7813  7813 D dalvikvm: dalvik-aux-structure mapped at 0x59a5e000 with sizes 864 112 12 8
12-12 12:47:46.823  7813  7813 D dalvikvm: Good opt header, DEX offset is 64, flags=0x00
12-12 12:47:46.823  7813  7813 D dalvikvm: dalvik-aux-structure mapped at 0x59a60000 with sizes 144 424 416 84
12-12 12:47:46.823  7813  7813 D dalvikvm: Good opt header, DEX offset is 64, flags=0x00
12-12 12:47:46.823  7813  7813 D dalvikvm: dalvik-aux-structure mapped at 0x5a0f2000 with sizes 8 84 20 52
12-12 12:47:46.823  7813  7813 D dalvikvm: Good opt header, DEX offset is 64, flags=0x00
12-12 12:47:46.823  7813  7813 D dalvikvm: dalvik-aux-structure mapped at 0x5a0f3000 with sizes 2300 1284 1900 732
12-12 12:47:46.823  7813  7813 D dalvikvm: Good opt header, DEX offset is 64, flags=0x00
12-12 12:47:46.823  7813  7813 D dalvikvm: dalvik-aux-structure mapped at 0x5a0f7000 with sizes 3068 1548 4364 1460
12-12 12:47:46.823  7813  7813 D dalvikvm: Good opt header, DEX offset is 64, flags=0x00
12-12 12:47:46.823  7813  7813 D dalvikvm: dalvik-aux-structure mapped at 0x5a0fb000 with sizes 2512 2028 2656 348
12-12 12:47:46.823  7813  7813 D dalvikvm: Good opt header, DEX offset is 64, flags=0x00
12-12 12:47:46.823  7813  7813 D dalvikvm: dalvik-aux-structure mapped at 0x5a0fe000 with sizes 244 632 480 120
12-12 12:47:46.823  7813  7813 D dalvikvm: Good opt header, DEX offset is 64, flags=0x00
12-12 12:47:46.823  7813  7813 D dalvikvm: dalvik-aux-structure mapped at 0x5a101000 with sizes 44 16 4 16
12-12 12:47:46.823  7813  7813 D dalvikvm: Good opt header, DEX offset is 64, flags=0x00
12-12 12:47:46.823  7813  7813 D dalvikvm: dalvik-aux-structure mapped at 0x5a450000 with sizes 17456 5180 15016 5508
12-12 12:47:46.823  7813  7813 D dalvikvm: Good opt header, DEX offset is 64, flags=0x00
12-12 12:47:46.823  7813  7813 D dalvikvm: dalvik-aux-structure mapped at 0x5a1e7000 with sizes 17648 1196 1848 1084
12-12 12:47:46.823  7813  7813 D dalvikvm: Good opt header, DEX offset is 64, flags=0x00
12-12 12:47:46.823  7813  7813 D dalvikvm: dalvik-aux-structure mapped at 0x5a680000 with sizes 5448 6248 17376 5152
12-12 12:47:46.823  7813  7813 D dalvikvm: Good opt header, DEX offset is 64, flags=0x00
12-12 12:47:46.823  7813  7813 D dalvikvm: dalvik-aux-structure mapped at 0x5a1ee000 with sizes 92 272 204 12
12-12 12:47:46.833  7813  7813 D dalvikvm: Good opt header, DEX offset is 64, flags=0x00
12-12 12:47:46.833  7813  7813 D dalvikvm: dalvik-aux-structure mapped at 0x5a692000 with sizes 368 52 8 52
12-12 12:47:46.833  7813  7813 D dalvikvm: Good opt header, DEX offset is 64, flags=0x00
12-12 12:47:46.833  7813  7813 D dalvikvm: dalvik-aux-structure mapped at 0x5a6af000 with sizes 848 488 512 692
12-12 12:47:46.833  7813  7813 D dalvikvm: Good opt header, DEX offset is 64, flags=0x00
12-12 12:47:46.833  7813  7813 D dalvikvm: dalvik-aux-structure mapped at 0x5a6b2000 with sizes 20 36 20 8
12-12 12:47:46.833  7813  7813 D dalvikvm: Good opt header, DEX offset is 64, flags=0x00
12-12 12:47:46.833  7813  7813 D dalvikvm: dalvik-aux-structure mapped at 0x5a6bb000 with sizes 360 232 320 68
12-12 12:47:46.833  7813  7813 D dalvikvm: Good opt header, DEX offset is 64, flags=0x00
12-12 12:47:46.833  7813  7813 D dalvikvm: dalvik-aux-structure mapped at 0x5a6cb000 with sizes 864 272 320 208
12-12 12:47:46.833  7813  7813 D dalvikvm: Trying to load lib libjavacore.so 0x0
12-12 12:47:46.833  7813  7813 D dalvikvm: Added shared lib libjavacore.so 0x0
12-12 12:47:46.843  7813  7813 D dalvikvm: Trying to load lib libnativehelper.so 0x0
12-12 12:47:46.843  7813  7813 D dalvikvm: Added shared lib libnativehelper.so 0x0
12-12 12:47:46.843  7813  7813 D dalvikvm: No JNI_OnLoad found in libnativehelper.so 0x0, skipping init
12-12 12:47:46.843  7813  7813 D dalvikvm: Good opt header, DEX offset is 64, flags=0x00
12-12 12:47:46.843  7813  7813 D dalvikvm: dalvik-aux-structure mapped at 0x5b930000 with sizes 936 360 416 20
12-12 12:47:46.873  7813  7813 D dalvikvm: Note: class Landroid/app/ActivityManagerNative; has 179 unimplemented (abstract) methods
12-12 12:47:46.993  7813  7813 D AndroidRuntime: Calling main entry com.android.commands.pm.Pm
12-12 12:47:47.113  7813  7813 D AndroidRuntime: Shutting down VM
12-12 12:47:48.133  7835  7835 D AndroidRuntime: 
12-12 12:47:48.133  7835  7835 D AndroidRuntime: >>>>>> AndroidRuntime START com.android.internal.os.RuntimeInit <<<<<<
12-12 12:47:48.133  7835  7835 D AndroidRuntime: CheckJNI is OFF
12-12 12:47:48.133  7835  7835 D dalvikvm: Good opt header, DEX offset is 64, flags=0x00
12-12 12:47:48.133  7835  7835 D dalvikvm: dalvik-aux-structure mapped at 0x58872000 with sizes 17456 9068 22916 7820
12-12 12:47:48.133  7835  7835 D dalvikvm: Good opt header, DEX offset is 64, flags=0x00
12-12 12:47:48.133  7835  7835 D dalvikvm: dalvik-aux-structure mapped at 0x58880000 with sizes 3488 1968 3700 1000
12-12 12:47:48.133  7835  7835 D dalvikvm: Good opt header, DEX offset is 64, flags=0x00
12-12 12:47:48.133  7835  7835 D dalvikvm: dalvik-aux-structure mapped at 0x58884000 with sizes 1212 1216 2416 256
12-12 12:47:48.133  7835  7835 D dalvikvm: Good opt header, DEX offset is 64, flags=0x00
12-12 12:47:48.133  7835  7835 D dalvikvm: dalvik-aux-structure mapped at 0x5888b000 with sizes 132 296 392 8
12-12 12:47:48.133  7835  7835 D dalvikvm: Good opt header, DEX offset is 64, flags=0x00
12-12 12:47:48.133  7835  7835 D dalvikvm: dalvik-aux-structure mapped at 0x58a4a000 with sizes 8748 4364 7932 3996
12-12 12:47:48.133  7835  7835 D dalvikvm: Good opt header, DEX offset is 64, flags=0x00
12-12 12:47:48.133  7835  7835 D dalvikvm: dalvik-aux-structure mapped at 0x58a51000 with sizes 22496 5180 8540 1804
12-12 12:47:48.133  7835  7835 D dalvikvm: Good opt header, DEX offset is 64, flags=0x00
12-12 12:47:48.133  7835  7835 D dalvikvm: dalvik-aux-structure mapped at 0x595c5000 with sizes 56980 26392 103936 34400
12-12 12:47:48.133  7835  7835 D dalvikvm: Good opt header, DEX offset is 64, flags=0x00
12-12 12:47:48.133  7835  7835 D dalvikvm: dalvik-aux-structure mapped at 0x597e0000 with sizes 9456 6512 11508 3328
12-12 12:47:48.133  7835  7835 D dalvikvm: Good opt header, DEX offset is 64, flags=0x00
12-12 12:47:48.133  7835  7835 D dalvikvm: dalvik-aux-structure mapped at 0x59954000 with sizes 20772 3532 10520 3092
12-12 12:47:48.133  7835  7835 D dalvikvm: Good opt header, DEX offset is 64, flags=0x00
12-12 12:47:48.133  7835  7835 D dalvikvm: dalvik-aux-structure mapped at 0x58a60000 with sizes 1660 956 2388 56
12-12 12:47:48.133  7835  7835 D dalvikvm: Good opt header, DEX offset is 64, flags=0x00
12-12 12:47:48.133  7835  7835 D dalvikvm: dalvik-aux-structure mapped at 0x599bc000 with sizes 1312 504 800 184
12-12 12:47:48.133  7835  7835 D dalvikvm: Good opt header, DEX offset is 64, flags=0x00
12-12 12:47:48.133  7835  7835 D dalvikvm: dalvik-aux-structure mapped at 0x599bd000 with sizes 1704 1896 3404 216
12-12 12:47:48.143  7835  7835 D dalvikvm: Good opt header, DEX offset is 64, flags=0x00
12-12 12:47:48.143  7835  7835 D dalvikvm: dalvik-aux-structure mapped at 0x59e00000 with sizes 41656 10740 31732 2024
12-12 12:47:48.143  7835  7835 D dalvikvm: Good opt header, DEX offset is 64, flags=0x00
12-12 12:47:48.143  7835  7835 D dalvikvm: dalvik-aux-structure mapped at 0x599c2000 with sizes 13340 3572 6468 560
12-12 12:47:48.143  7835  7835 D dalvikvm: Good opt header, DEX offset is 64, flags=0x00
12-12 12:47:48.143  7835  7835 D dalvikvm: dalvik-aux-structure mapped at 0x5a045000 with sizes 3752 5072 11996 2620
12-12 12:47:48.143  7835  7835 D dalvikvm: Good opt header, DEX offset is 64, flags=0x00
12-12 12:47:48.143  7835  7835 D dalvikvm: dalvik-aux-structure mapped at 0x599ca000 with sizes 864 112 12 8
12-12 12:47:48.143  7835  7835 D dalvikvm: Good opt header, DEX offset is 64, flags=0x00
12-12 12:47:48.143  7835  7835 D dalvikvm: dalvik-aux-structure mapped at 0x599cc000 with sizes 144 424 416 84
12-12 12:47:48.143  7835  7835 D dalvikvm: Good opt header, DEX offset is 64, flags=0x00
12-12 12:47:48.143  7835  7835 D dalvikvm: dalvik-aux-structure mapped at 0x5a05e000 with sizes 8 84 20 52
12-12 12:47:48.143  7835  7835 D dalvikvm: Good opt header, DEX offset is 64, flags=0x00
12-12 12:47:48.143  7835  7835 D dalvikvm: dalvik-aux-structure mapped at 0x5a05f000 with sizes 2300 1284 1900 732
12-12 12:47:48.143  7835  7835 D dalvikvm: Good opt header, DEX offset is 64, flags=0x00
12-12 12:47:48.143  7835  7835 D dalvikvm: dalvik-aux-structure mapped at 0x5a063000 with sizes 3068 1548 4364 1460
12-12 12:47:48.143  7835  7835 D dalvikvm: Good opt header, DEX offset is 64, flags=0x00
12-12 12:47:48.143  7835  7835 D dalvikvm: dalvik-aux-structure mapped at 0x5a067000 with sizes 2512 2028 2656 348
12-12 12:47:48.143  7835  7835 D dalvikvm: Good opt header, DEX offset is 64, flags=0x00
12-12 12:47:48.143  7835  7835 D dalvikvm: dalvik-aux-structure mapped at 0x5a06a000 with sizes 244 632 480 120
12-12 12:47:48.143  7835  7835 D dalvikvm: Good opt header, DEX offset is 64, flags=0x00
12-12 12:47:48.143  7835  7835 D dalvikvm: dalvik-aux-structure mapped at 0x5a06d000 with sizes 44 16 4 16
12-12 12:47:48.143  7835  7835 D dalvikvm: Good opt header, DEX offset is 64, flags=0x00
12-12 12:47:48.143  7835  7835 D dalvikvm: dalvik-aux-structure mapped at 0x5a3bc000 with sizes 17456 5180 15016 5508
12-12 12:47:48.143  7835  7835 D dalvikvm: Good opt header, DEX offset is 64, flags=0x00
12-12 12:47:48.143  7835  7835 D dalvikvm: dalvik-aux-structure mapped at 0x5a153000 with sizes 17648 1196 1848 1084
12-12 12:47:48.143  7835  7835 D dalvikvm: Good opt header, DEX offset is 64, flags=0x00
12-12 12:47:48.143  7835  7835 D dalvikvm: dalvik-aux-structure mapped at 0x5a5ec000 with sizes 5448 6248 17376 5152
12-12 12:47:48.143  7835  7835 D dalvikvm: Good opt header, DEX offset is 64, flags=0x00
12-12 12:47:48.143  7835  7835 D dalvikvm: dalvik-aux-structure mapped at 0x5a15a000 with sizes 92 272 204 12
12-12 12:47:48.143  7835  7835 D dalvikvm: Good opt header, DEX offset is 64, flags=0x00
12-12 12:47:48.143  7835  7835 D dalvikvm: dalvik-aux-structure mapped at 0x5a5fe000 with sizes 368 52 8 52
12-12 12:47:48.143  7835  7835 D dalvikvm: Good opt header, DEX offset is 64, flags=0x00
12-12 12:47:48.143  7835  7835 D dalvikvm: dalvik-aux-structure mapped at 0x5a61b000 with sizes 848 488 512 692
12-12 12:47:48.143  7835  7835 D dalvikvm: Good opt header, DEX offset is 64, flags=0x00
12-12 12:47:48.143  7835  7835 D dalvikvm: dalvik-aux-structure mapped at 0x5a61e000 with sizes 20 36 20 8
12-12 12:47:48.143  7835  7835 D dalvikvm: Good opt header, DEX offset is 64, flags=0x00
12-12 12:47:48.143  7835  7835 D dalvikvm: dalvik-aux-structure mapped at 0x5a627000 with sizes 360 232 320 68
12-12 12:47:48.143  7835  7835 D dalvikvm: Good opt header, DEX offset is 64, flags=0x00
12-12 12:47:48.143  7835  7835 D dalvikvm: dalvik-aux-structure mapped at 0x5a637000 with sizes 864 272 320 208
12-12 12:47:48.153  7835  7835 D dalvikvm: Trying to load lib libjavacore.so 0x0
12-12 12:47:48.153  7835  7835 D dalvikvm: Added shared lib libjavacore.so 0x0
12-12 12:47:48.153  7835  7835 D dalvikvm: Trying to load lib libnativehelper.so 0x0
12-12 12:47:48.153  7835  7835 D dalvikvm: Added shared lib libnativehelper.so 0x0
12-12 12:47:48.153  7835  7835 D dalvikvm: No JNI_OnLoad found in libnativehelper.so 0x0, skipping init
12-12 12:47:48.163  7835  7835 D dalvikvm: Good opt header, DEX offset is 64, flags=0x00
12-12 12:47:48.163  7835  7835 D dalvikvm: dalvik-aux-structure mapped at 0x5b89c000 with sizes 936 360 416 20
12-12 12:47:48.183  7835  7835 D dalvikvm: Note: class Landroid/app/ActivityManagerNative; has 179 unimplemented (abstract) methods
12-12 12:47:48.303  7835  7835 D AndroidRuntime: Calling main entry com.android.commands.pm.Pm
12-12 12:47:48.313   925   964 W ActivityManager: No content provider found for permission revoke: file:///data/local/tmp/AUTUtils2WRXId.apk
12-12 12:47:48.313   925   964 W ActivityManager: No content provider found for permission revoke: file:///data/local/tmp/AUTUtils2WRXId.apk
12-12 12:47:48.323   925   964 I PackageManager: Copying native libraries to /data/app-lib/vmdl1580111675
12-12 12:47:48.323   925   964 I PackageParser: com.trellis: compat added android.permission.READ_PHONE_STATE
12-12 12:47:48.353   925   964 I PackageManager: Running dexopt on: com.trellis
12-12 12:47:48.543   925   955 I ActivityManager: Force stopping com.trellis appid=10003 user=-1: update pkg
12-12 12:47:48.643   925   956 W Settings: Setting default_input_method has moved from android.provider.Settings.Secure to android.provider.Settings.Global.
12-12 12:47:48.643   925   989 I RegisteredPolicyManager: user/package action=android.intent.action.PACKAGE_ADDED	userHandle0
12-12 12:47:48.653   925   989 W RegisteredPolicyManager: Metadata not available in package:com.trellis
12-12 12:47:48.653   925   989 I RegisteredPolicyManager: Package removed:com.trellis
12-12 12:47:48.653   925   989 I DevicePolicyManagerService: Notified isValidMDM=true
12-12 12:47:48.653   925   989 I DevicePolicyManagerService: Notified isValidMDM=true
12-12 12:47:48.653   925   989 I DevicePolicyManagerService: Notified isValidMDM=true
12-12 12:47:48.663   925   989 I DevicePolicyManagerService: Notified isValidMDM=true
12-12 12:47:48.663   925   989 I DevicePolicyManagerService: Notified isValidMDM=true
12-12 12:47:48.663   925   989 I DevicePolicyManagerService: Notified isValidMDM=true
12-12 12:47:48.663   925   989 I DevicePolicyManagerService: isAdmin ComponentInfo{com.android.email/com.android.email.SecurityPolicy$PolicyAdmin} whiteListed true
12-12 12:47:48.663   925   989 I DevicePolicyManagerService: isAdmin ComponentInfo{com.amazon.kor.demo/com.amazon.kor.demo.receiver.BindDeviceAdminReceiver} whiteListed true
12-12 12:47:48.663   925   989 I DevicePolicyManagerService: isAdmin ComponentInfo{com.amazon.parentalcontrols/com.amazon.parentalcontrols.receivers.ParentalAdminReceiver} whiteListed true
12-12 12:47:48.663   925   989 I DevicePolicyManagerService: isAdmin ComponentInfo{com.amazon.kindle.rdmdeviceadmin/com.amazon.rdmdeviceadmin.DeviceControlsAdminReceiver} whiteListed true
12-12 12:47:48.663   925   989 I DevicePolicyManagerService: isAdmin ComponentInfo{com.amazon.tahoe/com.amazon.tahoe.deviceadmin.FreeTimeDeviceAdminReceiver} whiteListed true
12-12 12:47:48.663   925   989 I DevicePolicyManagerService: isAdmin ComponentInfo{com.amazon.kindle.devicecontrols/com.amazon.kindle.devicecontrols.receivers.DeviceControlsAdminReceiver} whiteListed true
12-12 12:47:48.663   925   978 I InputReader: Reconfiguring input devices.  changes=0x00000010
12-12 12:47:48.663   925  1388 D ActivityManager: single user service: com.amazon.dcp:OTAService
12-12 12:47:48.663   925  1388 D ActivityManager: app = com.amazon.dcp:OTAService, has single user service, setting process record.
12-12 12:47:48.673   925   925 D BackupManagerService: Received broadcast Intent { act=android.intent.action.PACKAGE_ADDED dat=xxxx flg=0x4000010 (has extras) }
12-12 12:47:48.673   925  1505 I ActivityManager: Delay finish: com.amazon.identity.auth.device.authorization/.appsync.PackageChangedReceiver
12-12 12:47:48.673   925   925 V BackupManagerService: addPackageParticipantsLocked: #1
12-12 12:47:48.683   925  1093 I ActivityManager: Resuming delayed broadcast
12-12 12:47:48.693   925   956 W Settings: Setting default_input_method has moved from android.provider.Settings.Secure to android.provider.Settings.Global.
12-12 12:47:48.693   925  1389 V IntentResolver: Resolving type=null scheme=null defaultOnly=false userId=0 of Intent { act=com.amazon.whisperlink.actview.ui.SELECTION flg=0x8 }
12-12 12:47:48.693   925  1389 V IntentResolver: Action list: [ServiceIntentInfo{428e0e00 com.amazon.avod/com.amazon.messaging.common.whisperplay.internal.service.WhisperPlayPlaybackControlLocalService}, ServiceIntentInfo{4289ff60 com.amazon.photos/com.amazon.gallery.thor.whisperplay.ThorWhisperService}]
12-12 12:47:48.693   925  1389 V IntentResolver: Matching against filter ServiceIntentInfo{428e0e00 com.amazon.avod/com.amazon.messaging.common.whisperplay.internal.service.WhisperPlayPlaybackControlLocalService}
12-12 12:47:48.693   925  1389 V IntentResolver:   Filter matched!  match=0x108000 hasDefault=false
12-12 12:47:48.693   925  1389 V IntentResolver:     428e0a28 com.amazon.avod/com.amazon.messaging.common.whisperplay.internal.service.WhisperPlayPlaybackControlLocalService filter 428e0e00
12-12 12:47:48.693   925  1389 V IntentResolver:     Action: "com.amazon.whisperlink.actview.ui.SELECTION"
12-12 12:47:48.693   925  1389 V IntentResolver:     Category: "com.amazon.whisperlink.actview.ui.DEFAULT_UX"
12-12 12:47:48.693   925  1389 V IntentResolver: Matching against filter ServiceIntentInfo{4289ff60 com.amazon.photos/com.amazon.gallery.thor.whisperplay.ThorWhisperService}
12-12 12:47:48.693   925  1389 V IntentResolver:   Filter matched!  match=0x108000 hasDefault=false
12-12 12:47:48.693   925  1389 V IntentResolver:     4280e710 com.amazon.photos/com.amazon.gallery.thor.whisperplay.ThorWhisperService filter 4289ff60
12-12 12:47:48.693   925  1389 V IntentResolver:     Action: "com.amazon.whisperlink.actview.ui.SELECTION"
12-12 12:47:48.693   925  1389 V IntentResolver:     Action: "com.amazon.whisperlink.actview.ui.DEFAULT_UX"
12-12 12:47:48.693   925  1389 V IntentResolver: Final result list:
12-12 12:47:48.693   925  1389 V IntentResolver:   ResolveInfo{42e44820 com.amazon.avod/com.amazon.messaging.common.whisperplay.internal.service.WhisperPlayPlaybackControlLocalService m=0x108000}
12-12 12:47:48.693   925  1389 V IntentResolver:   ResolveInfo{42cff118 com.amazon.photos/com.amazon.gallery.thor.whisperplay.ThorWhisperService m=0x108000}
12-12 12:47:48.713  6244  6244 D AatpInstallReceiver: [com.trellis]: Checking signature: 3082037b30820263a00302010202046fa81c07300d06092a864886f70d01010b0500306d310b3009060355040613025553310f300d060355040813064f7265676f6e3111300f06035504071308506f72746c616e6431123010060355040a130941707054687761636b31123010060355040b130941707054687761636b311230100603550403130941707054687761636b3020170d3132313131323037343033335a180f32303531303331333037343033335a306d310b3009060355040613025553310f300d060355040813064f7265676f6e3111300f06035504071308506f72746c616e6431123010060355040a130941707054687761636b31123010060355040b130941707054687761636b311230100603550403130941707054687761636b30820122300d06092a864886f70d01010105000382010f003082010a0282010100c8a2ced2ac4e08ad877450353d44c8cfe263eedf111694e15d3813f7a89ee7101b6547515811a68dc91d02a50d2ccf964ac675d4e9d9f2bb08114ebba27e601476591da39fefc269cbe9c82e718243fd90b6ce55a91aef95a5e87d1ba9c49c26deeeb3f0eed1613b3265d09c679ee9e081bab7ef5d110fc960017797fdeebbe44bc3e9788eb277a1aa6cbfa1fa81cbb2e29cbaa66c17f12c5f063c5795c9ed7d9ffc2c79240a47cf03d483ebb603c96950f5de46ddeb2b38fb11d3cdb8af1d3234478cca4a1092841fc483fcbac0ac3001a9cf4806aba036bb03530f8da3dd222c35e0074c9b533fae5598ad7007be3c99ae5c88a40971d002582811fd9061510203010001a321301f301d0603551d0e04160414ee59bdaa05b04c31e520eb310ee42d90deb67470300d06092a864886f70d01010b050003820101009ad52f7de1c94afc2ac18af8f3cf2431bd121547afa1b00c904cd86438a9c6f15dcb3da8613325fb65bfc1210111a6868a6078c27f3f2f000c29e37e8546685b823508e7159421d3b0098ac0775433994d0d374632b8aa0bd3cd0ceb9969c062c3b830bde751b043e9d66db94d2e88ebcbceb0d7a9c5e516740f2bead81ee403cb0268b9b6ce3635e90342dd8a1c524a94415aad9bb2abd0264b817b590cc8e1a541f69cb5281d7435c5ebaa5ffe6d0962340583ec7349352e262c2beed133bc2862403f58ec18910b99c9fee1ef9acde5c26b1ffe024f53b4a2ad9655a67011471539d74eb533241519c90fdb2eab75a3ab2808b64b6fa2d7f835f7966c54d7
12-12 12:47:48.743   925   956 W Searchables: No web search activity found
12-12 12:47:48.743   925   956 W RecognitionManagerService: no available voice recognition services found for user 0
12-12 12:47:48.793  7835  7835 D AndroidRuntime: Shutting down VM
12-12 12:47:49.673  7883  7883 D AndroidRuntime: 
12-12 12:47:49.673  7883  7883 D AndroidRuntime: >>>>>> AndroidRuntime START com.android.internal.os.RuntimeInit <<<<<<
12-12 12:47:49.673  7883  7883 D AndroidRuntime: CheckJNI is OFF
12-12 12:47:49.673  7883  7883 D dalvikvm: Good opt header, DEX offset is 64, flags=0x00
12-12 12:47:49.673  7883  7883 D dalvikvm: dalvik-aux-structure mapped at 0x588a7000 with sizes 17456 9068 22916 7820
12-12 12:47:49.673  7883  7883 D dalvikvm: Good opt header, DEX offset is 64, flags=0x00
12-12 12:47:49.673  7883  7883 D dalvikvm: dalvik-aux-structure mapped at 0x588b5000 with sizes 3488 1968 3700 1000
12-12 12:47:49.673  7883  7883 D dalvikvm: Good opt header, DEX offset is 64, flags=0x00
12-12 12:47:49.673  7883  7883 D dalvikvm: dalvik-aux-structure mapped at 0x588b9000 with sizes 1212 1216 2416 256
12-12 12:47:49.673  7883  7883 D dalvikvm: Good opt header, DEX offset is 64, flags=0x00
12-12 12:47:49.673  7883  7883 D dalvikvm: dalvik-aux-structure mapped at 0x588c0000 with sizes 132 296 392 8
12-12 12:47:49.673  7883  7883 D dalvikvm: Good opt header, DEX offset is 64, flags=0x00
12-12 12:47:49.673  7883  7883 D dalvikvm: dalvik-aux-structure mapped at 0x58a7f000 with sizes 8748 4364 7932 3996
12-12 12:47:49.673  7883  7883 D dalvikvm: Good opt header, DEX offset is 64, flags=0x00
12-12 12:47:49.673  7883  7883 D dalvikvm: dalvik-aux-structure mapped at 0x58a86000 with sizes 22496 5180 8540 1804
12-12 12:47:49.673  7883  7883 D dalvikvm: Good opt header, DEX offset is 64, flags=0x00
12-12 12:47:49.673  7883  7883 D dalvikvm: dalvik-aux-structure mapped at 0x595fa000 with sizes 56980 26392 103936 34400
12-12 12:47:49.673  7883  7883 D dalvikvm: Good opt header, DEX offset is 64, flags=0x00
12-12 12:47:49.673  7883  7883 D dalvikvm: dalvik-aux-structure mapped at 0x59815000 with sizes 9456 6512 11508 3328
12-12 12:47:49.673  7883  7883 D dalvikvm: Good opt header, DEX offset is 64, flags=0x00
12-12 12:47:49.673  7883  7883 D dalvikvm: dalvik-aux-structure mapped at 0x59989000 with sizes 20772 3532 10520 3092
12-12 12:47:49.673  7883  7883 D dalvikvm: Good opt header, DEX offset is 64, flags=0x00
12-12 12:47:49.673  7883  7883 D dalvikvm: dalvik-aux-structure mapped at 0x58a95000 with sizes 1660 956 2388 56
12-12 12:47:49.683  7883  7883 D dalvikvm: Good opt header, DEX offset is 64, flags=0x00
12-12 12:47:49.683  7883  7883 D dalvikvm: dalvik-aux-structure mapped at 0x599f1000 with sizes 1312 504 800 184
12-12 12:47:49.683  7883  7883 D dalvikvm: Good opt header, DEX offset is 64, flags=0x00
12-12 12:47:49.683  7883  7883 D dalvikvm: dalvik-aux-structure mapped at 0x599f2000 with sizes 1704 1896 3404 216
12-12 12:47:49.683  7883  7883 D dalvikvm: Good opt header, DEX offset is 64, flags=0x00
12-12 12:47:49.683  7883  7883 D dalvikvm: dalvik-aux-structure mapped at 0x59e35000 with sizes 41656 10740 31732 2024
12-12 12:47:49.683  7883  7883 D dalvikvm: Good opt header, DEX offset is 64, flags=0x00
12-12 12:47:49.683  7883  7883 D dalvikvm: dalvik-aux-structure mapped at 0x599f7000 with sizes 13340 3572 6468 560
12-12 12:47:49.683  7883  7883 D dalvikvm: Good opt header, DEX offset is 64, flags=0x00
12-12 12:47:49.683  7883  7883 D dalvikvm: dalvik-aux-structure mapped at 0x5a07a000 with sizes 3752 5072 11996 2620
12-12 12:47:49.683  7883  7883 D dalvikvm: Good opt header, DEX offset is 64, flags=0x00
12-12 12:47:49.683  7883  7883 D dalvikvm: dalvik-aux-structure mapped at 0x599ff000 with sizes 864 112 12 8
12-12 12:47:49.683  7883  7883 D dalvikvm: Good opt header, DEX offset is 64, flags=0x00
12-12 12:47:49.683  7883  7883 D dalvikvm: dalvik-aux-structure mapped at 0x59a01000 with sizes 144 424 416 84
12-12 12:47:49.683  7883  7883 D dalvikvm: Good opt header, DEX offset is 64, flags=0x00
12-12 12:47:49.683  7883  7883 D dalvikvm: dalvik-aux-structure mapped at 0x5a093000 with sizes 8 84 20 52
12-12 12:47:49.683  7883  7883 D dalvikvm: Good opt header, DEX offset is 64, flags=0x00
12-12 12:47:49.683  7883  7883 D dalvikvm: dalvik-aux-structure mapped at 0x5a094000 with sizes 2300 1284 1900 732
12-12 12:47:49.683  7883  7883 D dalvikvm: Good opt header, DEX offset is 64, flags=0x00
12-12 12:47:49.683  7883  7883 D dalvikvm: dalvik-aux-structure mapped at 0x5a098000 with sizes 3068 1548 4364 1460
12-12 12:47:49.683  7883  7883 D dalvikvm: Good opt header, DEX offset is 64, flags=0x00
12-12 12:47:49.683  7883  7883 D dalvikvm: dalvik-aux-structure mapped at 0x5a09c000 with sizes 2512 2028 2656 348
12-12 12:47:49.683  7883  7883 D dalvikvm: Good opt header, DEX offset is 64, flags=0x00
12-12 12:47:49.683  7883  7883 D dalvikvm: dalvik-aux-structure mapped at 0x5a09f000 with sizes 244 632 480 120
12-12 12:47:49.683  7883  7883 D dalvikvm: Good opt header, DEX offset is 64, flags=0x00
12-12 12:47:49.683  7883  7883 D dalvikvm: dalvik-aux-structure mapped at 0x5a0a2000 with sizes 44 16 4 16
12-12 12:47:49.683  7883  7883 D dalvikvm: Good opt header, DEX offset is 64, flags=0x00
12-12 12:47:49.683  7883  7883 D dalvikvm: dalvik-aux-structure mapped at 0x5a3f1000 with sizes 17456 5180 15016 5508
12-12 12:47:49.683  7883  7883 D dalvikvm: Good opt header, DEX offset is 64, flags=0x00
12-12 12:47:49.683  7883  7883 D dalvikvm: dalvik-aux-structure mapped at 0x5a188000 with sizes 17648 1196 1848 1084
12-12 12:47:49.683  7883  7883 D dalvikvm: Good opt header, DEX offset is 64, flags=0x00
12-12 12:47:49.683  7883  7883 D dalvikvm: dalvik-aux-structure mapped at 0x5a621000 with sizes 5448 6248 17376 5152
12-12 12:47:49.683  7883  7883 D dalvikvm: Good opt header, DEX offset is 64, flags=0x00
12-12 12:47:49.683  7883  7883 D dalvikvm: dalvik-aux-structure mapped at 0x5a18f000 with sizes 92 272 204 12
12-12 12:47:49.683  7883  7883 D dalvikvm: Good opt header, DEX offset is 64, flags=0x00
12-12 12:47:49.683  7883  7883 D dalvikvm: dalvik-aux-structure mapped at 0x5a633000 with sizes 368 52 8 52
12-12 12:47:49.683  7883  7883 D dalvikvm: Good opt header, DEX offset is 64, flags=0x00
12-12 12:47:49.683  7883  7883 D dalvikvm: dalvik-aux-structure mapped at 0x5a650000 with sizes 848 488 512 692
12-12 12:47:49.683  7883  7883 D dalvikvm: Good opt header, DEX offset is 64, flags=0x00
12-12 12:47:49.683  7883  7883 D dalvikvm: dalvik-aux-structure mapped at 0x5a653000 with sizes 20 36 20 8
