12-12 12:47:08.536  7119  7154 I bt_vendor: read_hci_event: Wait for Command Compete Event from SOC
12-12 12:47:08.536  7119  7154 I bt_vendor: read_hci_event: Event Received from SOC
12-12 12:47:08.536  7119  7154 I bt_vendor: read_hci_event: Event Read from SOC
12-12 12:47:08.536  7119  7154 I bt_vendor: read_hci_event: Wait for Command Compete Event from SOC
12-12 12:47:08.536  7119  7154 I bt_vendor: read_hci_event: Event Received from SOC
12-12 12:47:08.536  7119  7154 I bt_vendor: read_hci_event: Event Read from SOC
12-12 12:47:08.536  7119  7154 I bt_vendor: read_hci_event: Wait for Command Compete Event from SOC
12-12 12:47:08.536  7119  7154 I bt_vendor: read_hci_event: Event Received from SOC
12-12 12:47:08.536  7119  7154 I bt_vendor: read_hci_event: Event Read from SOC
12-12 12:47:08.536  7119  7154 I bt_vendor: read_hci_event: Wait for Command Compete Event from SOC
12-12 12:47:08.536  7119  7154 I bt_vendor: read_hci_event: Event Received from SOC
12-12 12:47:08.546  7119  7154 I bt_vendor: read_hci_event: Event Read from SOC
12-12 12:47:08.546  7119  7154 I bt_vendor: read_hci_event: Wait for Command Compete Event from SOC
12-12 12:47:08.546  7119  7154 I bt_vendor: read_hci_event: Event Received from SOC
12-12 12:47:08.546  7119  7154 I bt_vendor: read_hci_event: Event Read from SOC
12-12 12:47:08.546  7119  7154 I bt_vendor: read_hci_event: Wait for Command Compete Event from SOC
12-12 12:47:08.546  7119  7154 I bt_vendor: read_hci_event: Event Received from SOC
12-12 12:47:08.546  7119  7154 I bt_vendor: read_hci_event: Event Read from SOC
12-12 12:47:08.546  7119  7154 I bt_vendor: read_hci_event: Wait for Command Compete Event from SOC
12-12 12:47:08.546  7119  7154 I bt_vendor: read_hci_event: Event Received from SOC
12-12 12:47:08.546  7119  7154 I bt_vendor: read_hci_event: Event Read from SOC
12-12 12:47:08.546  7119  7154 I bt_vendor: read_hci_event: Wait for Command Compete Event from SOC
12-12 12:47:08.556  7119  7154 I bt_vendor: read_hci_event: Event Received from SOC
12-12 12:47:08.556  7119  7154 I bt_vendor: read_hci_event: Event Read from SOC
12-12 12:47:08.556  7119  7154 I bt_vendor: read_hci_event: Wait for Command Compete Event from SOC
12-12 12:47:08.556  7119  7154 I bt_vendor: read_hci_event: Event Received from SOC
12-12 12:47:08.556  7119  7154 I bt_vendor: read_hci_event: Event Read from SOC
12-12 12:47:08.556  7119  7154 I bt_vendor: read_hci_event: Wait for Command Compete Event from SOC
12-12 12:47:08.556  7119  7154 I bt_vendor: read_hci_event: Event Received from SOC
12-12 12:47:08.556  7119  7154 I bt_vendor: read_hci_event: Event Read from SOC
12-12 12:47:08.556  7119  7154 I bt_vendor: read_hci_event: Wait for Command Compete Event from SOC
12-12 12:47:08.556  7119  7154 I bt_vendor: read_hci_event: Event Received from SOC
12-12 12:47:08.556  7119  7154 I bt_vendor: read_hci_event: Event Read from SOC
12-12 12:47:08.556  7119  7154 I bt_vendor: read_hci_event: Wait for Command Compete Event from SOC
12-12 12:47:08.556  7119  7154 I bt_vendor: read_hci_event: Event Received from SOC
12-12 12:47:08.556  7119  7154 I bt_vendor: read_hci_event: Event Read from SOC
12-12 12:47:08.556  7119  7154 I bt_vendor: read_hci_event: Wait for Command Compete Event from SOC
12-12 12:47:08.566  7119  7154 I bt_vendor: read_hci_event: Event Received from SOC
12-12 12:47:08.566  7119  7154 I bt_vendor: read_hci_event: Event Read from SOC
12-12 12:47:08.566  7119  7154 I bt_vendor: read_hci_event: Wait for Command Compete Event from SOC
12-12 12:47:08.566  7119  7154 I bt_vendor: read_hci_event: Event Received from SOC
12-12 12:47:08.566  7119  7154 I bt_vendor: read_hci_event: Event Read from SOC
12-12 12:47:08.566  7119  7154 I bt_vendor: read_hci_event: Wait for Command Compete Event from SOC
12-12 12:47:08.566  7119  7154 I bt_vendor: read_hci_event: Event Received from SOC
12-12 12:47:08.566  7119  7154 I bt_vendor: read_hci_event: Event Read from SOC
12-12 12:47:08.566  7119  7154 I bt_vendor: read_hci_event: Wait for Command Compete Event from SOC
12-12 12:47:08.566  7119  7154 I bt_vendor: read_hci_event: Event Received from SOC
12-12 12:47:08.566  7119  7154 I bt_vendor: read_hci_event: Event Read from SOC
12-12 12:47:08.566  7119  7154 I bt_vendor: read_hci_event: Wait for Command Compete Event from SOC
12-12 12:47:08.566  7119  7154 I bt_vendor: read_hci_event: Event Received from SOC
12-12 12:47:08.566  7119  7154 I bt_vendor: read_hci_event: Event Read from SOC
12-12 12:47:08.566  7119  7154 I bt_vendor: read_hci_event: Wait for Command Compete Event from SOC
12-12 12:47:08.576  7119  7154 I bt_vendor: read_hci_event: Event Received from SOC
12-12 12:47:08.576  7119  7154 I bt_vendor: read_hci_event: Event Read from SOC
12-12 12:47:08.576  7119  7154 I bt_vendor: read_hci_event: Wait for Command Compete Event from SOC
12-12 12:47:08.576  7119  7154 I bt_vendor: read_hci_event: Event Received from SOC
12-12 12:47:08.576  7119  7154 I bt_vendor: read_hci_event: Event Read from SOC
12-12 12:47:08.576  7119  7154 I bt_vendor: read_hci_event: Wait for Command Compete Event from SOC
12-12 12:47:08.576  7119  7154 I bt_vendor: read_hci_event: Event Received from SOC
12-12 12:47:08.576  7119  7154 I bt_vendor: read_hci_event: Event Read from SOC
12-12 12:47:08.576  7119  7154 I bt_vendor: read_hci_event: Wait for Command Compete Event from SOC
12-12 12:47:08.576  7119  7154 I bt_vendor: read_hci_event: Event Received from SOC
12-12 12:47:08.576  7119  7154 I bt_vendor: read_hci_event: Event Read from SOC
12-12 12:47:08.576  7119  7154 I bt_vendor: read_hci_event: Wait for Command Compete Event from SOC
12-12 12:47:08.586  7119  7154 I bt_vendor: read_hci_event: Event Received from SOC
12-12 12:47:08.586  7119  7154 I bt_vendor: read_hci_event: Event Read from SOC
12-12 12:47:08.586  7119  7154 I bt_vendor: read_hci_event: Wait for Command Compete Event from SOC
12-12 12:47:08.586  7119  7154 I bt_vendor: read_hci_event: Event Received from SOC
12-12 12:47:08.586  7119  7154 I bt_vendor: read_hci_event: Event Read from SOC
12-12 12:47:08.586  7119  7154 I bt_vendor: read_hci_event: Wait for Command Compete Event from SOC
12-12 12:47:08.586  7119  7154 I bt_vendor: read_hci_event: Event Received from SOC
12-12 12:47:08.586  7119  7154 I bt_vendor: read_hci_event: Event Read from SOC
12-12 12:47:08.586  7119  7154 I bt_vendor: read_hci_event: Wait for Command Compete Event from SOC
12-12 12:47:08.586  7119  7154 I bt_vendor: read_hci_event: Event Received from SOC
12-12 12:47:08.586  7119  7154 I bt_vendor: read_hci_event: Event Read from SOC
12-12 12:47:08.586  7119  7154 I bt_vendor: read_hci_event: Wait for Command Compete Event from SOC
12-12 12:47:08.586  7119  7154 I bt_vendor: read_hci_event: Event Received from SOC
12-12 12:47:08.586  7119  7154 I bt_vendor: read_hci_event: Event Read from SOC
12-12 12:47:08.586  7119  7154 I bt_vendor: read_hci_event: Wait for Command Compete Event from SOC
12-12 12:47:08.596  7119  7154 I bt_vendor: read_hci_event: Event Received from SOC
12-12 12:47:08.596  7119  7154 I bt_vendor: read_hci_event: Event Read from SOC
12-12 12:47:08.596  7119  7154 I bt_vendor: read_hci_event: Wait for Command Compete Event from SOC
12-12 12:47:08.596  7119  7154 I bt_vendor: read_hci_event: Event Received from SOC
12-12 12:47:08.596  7119  7154 I bt_vendor: read_hci_event: Event Read from SOC
12-12 12:47:08.596  7119  7154 I bt_vendor: read_hci_event: Wait for Command Compete Event from SOC
12-12 12:47:08.596  7119  7154 I bt_vendor: read_hci_event: Event Received from SOC
12-12 12:47:08.596  7119  7154 I bt_vendor: read_hci_event: Event Read from SOC
12-12 12:47:08.596  7119  7154 I bt_vendor: read_hci_event: Wait for Command Compete Event from SOC
12-12 12:47:08.596  7119  7154 I bt_vendor: read_hci_event: Event Received from SOC
12-12 12:47:08.596  7119  7154 I bt_vendor: read_hci_event: Event Read from SOC
12-12 12:47:08.596  7119  7154 I bt_vendor: read_hci_event: Wait for Command Compete Event from SOC
12-12 12:47:08.596  7119  7154 I bt_vendor: read_hci_event: Event Received from SOC
12-12 12:47:08.596  7119  7154 I bt_vendor: read_hci_event: Event Read from SOC
12-12 12:47:08.596  7119  7154 I bt_vendor: read_hci_event: Wait for Command Compete Event from SOC
12-12 12:47:08.606  7119  7154 I bt_vendor: read_hci_event: Event Received from SOC
12-12 12:47:08.606  7119  7154 I bt_vendor: read_hci_event: Event Read from SOC
12-12 12:47:08.606  7119  7154 I bt_vendor: read_hci_event: Wait for Command Compete Event from SOC
12-12 12:47:08.606  7119  7154 I bt_vendor: read_hci_event: Event Received from SOC
12-12 12:47:08.606  7119  7154 I bt_vendor: read_hci_event: Event Read from SOC
12-12 12:47:08.606  7119  7154 I bt_vendor: read_hci_event: Wait for Command Compete Event from SOC
12-12 12:47:08.606  7119  7154 I bt_vendor: read_hci_event: Event Received from SOC
12-12 12:47:08.606  7119  7154 I bt_vendor: read_hci_event: Event Read from SOC
12-12 12:47:08.606  7119  7154 I bt_vendor: read_hci_event: Wait for Command Compete Event from SOC
12-12 12:47:08.606  7119  7154 I bt_vendor: read_hci_event: Event Received from SOC
12-12 12:47:08.606  7119  7154 I bt_vendor: read_hci_event: Event Read from SOC
12-12 12:47:08.606  7119  7154 I bt_vendor: read_hci_event: Wait for Command Compete Event from SOC
12-12 12:47:08.606  7119  7154 I bt_vendor: read_hci_event: Event Received from SOC
12-12 12:47:08.606  7119  7154 I bt_vendor: read_hci_event: Event Read from SOC
12-12 12:47:08.606  7119  7154 I bt_vendor: read_hci_event: Wait for Command Compete Event from SOC
12-12 12:47:08.606  7119  7154 I bt_vendor: read_hci_event: Event Received from SOC
12-12 12:47:08.606  7119  7154 I bt_vendor: read_hci_event: Event Read from SOC
12-12 12:47:08.606  7119  7154 I bt_vendor: read_hci_event: Wait for Command Compete Event from SOC
12-12 12:47:08.616  7119  7154 I bt_vendor: read_hci_event: Event Received from SOC
12-12 12:47:08.616  7119  7154 I bt_vendor: read_hci_event: Event Read from SOC
12-12 12:47:08.616  7119  7154 I bt_vendor: read_hci_event: Wait for Command Compete Event from SOC
12-12 12:47:08.616  7119  7154 I bt_vendor: read_hci_event: Event Received from SOC
12-12 12:47:08.616  7119  7154 I bt_vendor: read_hci_event: Event Read from SOC
12-12 12:47:08.616  7119  7154 I bt_vendor: read_hci_event: Wait for Command Compete Event from SOC
12-12 12:47:08.616  7119  7154 I bt_vendor: read_hci_event: Event Received from SOC
12-12 12:47:08.616  7119  7154 I bt_vendor: read_hci_event: Event Read from SOC
12-12 12:47:08.616  7119  7154 I bt_vendor: read_hci_event: Wait for Command Compete Event from SOC
12-12 12:47:08.616  7119  7154 I bt_vendor: read_hci_event: Event Received from SOC
12-12 12:47:08.616  7119  7154 I bt_vendor: read_hci_event: Event Read from SOC
12-12 12:47:08.616  7119  7154 I bt_vendor: read_hci_event: Wait for Command Compete Event from SOC
12-12 12:47:08.616  7119  7154 I bt_vendor: read_hci_event: Event Received from SOC
12-12 12:47:08.616  7119  7154 I bt_vendor: read_hci_event: Event Read from SOC
12-12 12:47:08.616  7119  7154 I bt_vendor: read_hci_event: Wait for Command Compete Event from SOC
12-12 12:47:08.616  7119  7154 I bt_vendor: read_hci_event: Event Received from SOC
12-12 12:47:08.616  7119  7154 I bt_vendor: read_hci_event: Event Read from SOC
12-12 12:47:08.616  7119  7154 I bt_vendor: read_hci_event: Wait for Command Compete Event from SOC
12-12 12:47:08.616  7119  7154 I bt_vendor: read_hci_event: Event Received from SOC
12-12 12:47:08.616  7119  7154 I bt_vendor: read_hci_event: Event Read from SOC
12-12 12:47:08.616  7119  7154 I bt_vendor: read_hci_event: Wait for Command Compete Event from SOC
12-12 12:47:08.626  7119  7154 I bt_vendor: read_hci_event: Event Received from SOC
12-12 12:47:08.626  7119  7154 I bt_vendor: read_hci_event: Event Read from SOC
12-12 12:47:08.626  7119  7154 I bt_vendor: read_hci_event: Wait for Command Compete Event from SOC
12-12 12:47:08.626  7119  7154 I bt_vendor: read_hci_event: Event Received from SOC
12-12 12:47:08.626  7119  7154 I bt_vendor: read_hci_event: Event Read from SOC
12-12 12:47:08.626  7119  7154 I bt_vendor: read_hci_event: Wait for Command Compete Event from SOC
12-12 12:47:08.626  7119  7154 I bt_vendor: read_hci_event: Event Received from SOC
12-12 12:47:08.626  7119  7154 I bt_vendor: read_hci_event: Event Read from SOC
12-12 12:47:08.626  7119  7154 I bt_vendor: read_hci_event: Wait for Command Compete Event from SOC
12-12 12:47:08.626  7119  7154 I bt_vendor: read_hci_event: Event Received from SOC
12-12 12:47:08.626  7119  7154 I bt_vendor: read_hci_event: Event Read from SOC
12-12 12:47:08.626  7119  7154 I bt_vendor: read_hci_event: Wait for Command Compete Event from SOC
12-12 12:47:08.626  7119  7154 I bt_vendor: read_hci_event: Event Received from SOC
12-12 12:47:08.626  7119  7154 I bt_vendor: read_hci_event: Event Read from SOC
12-12 12:47:08.626  7119  7154 I bt_vendor: read_hci_event: Wait for Command Compete Event from SOC
12-12 12:47:08.626  7119  7154 I bt_vendor: read_hci_event: Event Received from SOC
12-12 12:47:08.626  7119  7154 I bt_vendor: read_hci_event: Event Read from SOC
12-12 12:47:08.626  7119  7154 I bt_vendor: read_hci_event: Wait for Command Compete Event from SOC
12-12 12:47:08.626  7119  7154 I bt_vendor: read_hci_event: Event Received from SOC
12-12 12:47:08.626  7119  7154 I bt_vendor: read_hci_event: Event Read from SOC
12-12 12:47:08.626  7119  7154 I bt_vendor: read_hci_event: Wait for Command Compete Event from SOC
12-12 12:47:08.636  7119  7154 I bt_vendor: read_hci_event: Event Received from SOC
12-12 12:47:08.636  7119  7154 I bt_vendor: read_hci_event: Event Read from SOC
12-12 12:47:08.636  7119  7154 I bt_vendor: read_hci_event: Wait for Command Compete Event from SOC
12-12 12:47:08.636  7119  7154 I bt_vendor: read_hci_event: Event Received from SOC
12-12 12:47:08.636  7119  7154 I bt_vendor: read_hci_event: Event Read from SOC
12-12 12:47:08.636  7119  7154 I bt_vendor: read_hci_event: Wait for Command Compete Event from SOC
12-12 12:47:08.636  7119  7154 I bt_vendor: read_hci_event: Event Received from SOC
12-12 12:47:08.636  7119  7154 I bt_vendor: read_hci_event: Event Read from SOC
12-12 12:47:08.636  7119  7154 I bt_vendor: read_hci_event: Wait for Command Compete Event from SOC
12-12 12:47:08.636  7119  7154 I bt_vendor: read_hci_event: Event Received from SOC
12-12 12:47:08.636  7119  7154 I bt_vendor: read_hci_event: Event Read from SOC
12-12 12:47:08.636  7119  7154 I bt_vendor: read_hci_event: Wait for Command Compete Event from SOC
12-12 12:47:08.636  7119  7154 I bt_vendor: read_hci_event: Event Received from SOC
12-12 12:47:08.636  7119  7154 I bt_vendor: read_hci_event: Event Read from SOC
12-12 12:47:08.636  7119  7154 I bt_vendor: read_hci_event: Wait for Command Compete Event from SOC
12-12 12:47:08.636  7119  7154 I bt_vendor: read_hci_event: Event Received from SOC
12-12 12:47:08.636  7119  7154 I bt_vendor: read_hci_event: Event Read from SOC
12-12 12:47:08.636  7119  7154 I bt_vendor: read_hci_event: Wait for Command Compete Event from SOC
12-12 12:47:08.646  7119  7154 I bt_vendor: read_hci_event: Event Received from SOC
12-12 12:47:08.646  7119  7154 I bt_vendor: read_hci_event: Event Read from SOC
12-12 12:47:08.646  7119  7154 I bt_vendor: read_hci_event: Wait for Command Compete Event from SOC
12-12 12:47:08.646  7119  7154 I bt_vendor: read_hci_event: Event Received from SOC
12-12 12:47:08.646  7119  7154 I bt_vendor: read_hci_event: Event Read from SOC
12-12 12:47:08.646  7119  7154 I bt_vendor: read_hci_event: Wait for Command Compete Event from SOC
12-12 12:47:08.646  7119  7154 I bt_vendor: read_hci_event: Event Received from SOC
12-12 12:47:08.646  7119  7154 I bt_vendor: read_hci_event: Event Read from SOC
12-12 12:47:08.646  7119  7154 I bt_vendor: read_hci_event: Wait for Command Compete Event from SOC
12-12 12:47:08.646  7119  7154 I bt_vendor: read_hci_event: Event Received from SOC
12-12 12:47:08.646  7119  7154 I bt_vendor: read_hci_event: Event Read from SOC
12-12 12:47:08.646  7119  7154 I bt_vendor: read_hci_event: Wait for Command Compete Event from SOC
12-12 12:47:08.646  7119  7154 I bt_vendor: read_hci_event: Event Received from SOC
12-12 12:47:08.646  7119  7154 I bt_vendor: read_hci_event: Event Read from SOC
12-12 12:47:08.646  7119  7154 I bt_vendor: read_hci_event: Wait for Command Compete Event from SOC
12-12 12:47:08.646  7119  7154 I bt_vendor: read_hci_event: Event Received from SOC
12-12 12:47:08.646  7119  7154 I bt_vendor: read_hci_event: Event Read from SOC
12-12 12:47:08.646  7119  7154 I bt_vendor: read_hci_event: Wait for Command Compete Event from SOC
12-12 12:47:08.646  7119  7154 I bt_vendor: read_hci_event: Event Received from SOC
12-12 12:47:08.646  7119  7154 I bt_vendor: read_hci_event: Event Read from SOC
12-12 12:47:08.646  7119  7154 I bt_vendor: read_hci_event: Wait for Command Compete Event from SOC
12-12 12:47:08.656  7119  7154 I bt_vendor: read_hci_event: Event Received from SOC
12-12 12:47:08.656  7119  7154 I bt_vendor: read_hci_event: Event Read from SOC
12-12 12:47:08.656  7119  7154 I bt_vendor: read_hci_event: Wait for Command Compete Event from SOC
12-12 12:47:08.656  7119  7154 I bt_vendor: read_hci_event: Event Received from SOC
12-12 12:47:08.656  7119  7154 I bt_vendor: read_hci_event: Event Read from SOC
12-12 12:47:08.656  7119  7154 I bt_vendor: read_hci_event: Wait for Command Compete Event from SOC
12-12 12:47:08.656  7119  7154 I bt_vendor: read_hci_event: Event Received from SOC
12-12 12:47:08.656  7119  7154 I bt_vendor: read_hci_event: Event Read from SOC
12-12 12:47:08.656  7119  7154 I bt_vendor: read_hci_event: Wait for Command Compete Event from SOC
12-12 12:47:08.656  7119  7154 I bt_vendor: read_hci_event: Event Received from SOC
12-12 12:47:08.656  7119  7154 I bt_vendor: read_hci_event: Event Read from SOC
12-12 12:47:08.656  7119  7154 I bt_vendor: read_hci_event: Wait for Command Compete Event from SOC
12-12 12:47:08.656  7119  7154 I bt_vendor: read_hci_event: Event Received from SOC
12-12 12:47:08.656  7119  7154 I bt_vendor: read_hci_event: Event Read from SOC
12-12 12:47:08.656  7119  7154 I bt_vendor: read_hci_event: Wait for Command Compete Event from SOC
12-12 12:47:08.656  7119  7154 I bt_vendor: read_hci_event: Event Received from SOC
12-12 12:47:08.656  7119  7154 I bt_vendor: read_hci_event: Event Read from SOC
12-12 12:47:08.656  7119  7154 I bt_vendor: read_hci_event: Wait for Command Compete Event from SOC
12-12 12:47:08.666  7119  7154 I bt_vendor: read_hci_event: Event Received from SOC
12-12 12:47:08.666  7119  7154 I bt_vendor: read_hci_event: Event Read from SOC
12-12 12:47:08.666  7119  7154 I bt_vendor: read_hci_event: Wait for Command Compete Event from SOC
12-12 12:47:08.666  7119  7154 I bt_vendor: read_hci_event: Event Received from SOC
12-12 12:47:08.666  7119  7154 I bt_vendor: read_hci_event: Event Read from SOC
12-12 12:47:08.666  7119  7154 I bt_vendor: read_hci_event: Wait for Command Compete Event from SOC
12-12 12:47:08.666  7119  7154 I bt_vendor: read_hci_event: Event Received from SOC
12-12 12:47:08.666  7119  7154 I bt_vendor: read_hci_event: Event Read from SOC
12-12 12:47:08.666  7119  7154 I bt_vendor: read_hci_event: Wait for Command Compete Event from SOC
12-12 12:47:08.666  7119  7154 I bt_vendor: read_hci_event: Event Received from SOC
12-12 12:47:08.666  7119  7154 I bt_vendor: read_hci_event: Event Read from SOC
12-12 12:47:08.666  7119  7154 I bt_vendor: read_hci_event: Wait for Command Compete Event from SOC
12-12 12:47:08.666  7119  7154 I bt_vendor: read_hci_event: Event Received from SOC
12-12 12:47:08.666  7119  7154 I bt_vendor: read_hci_event: Event Read from SOC
12-12 12:47:08.666  7119  7154 I bt_vendor: read_hci_event: Wait for Command Compete Event from SOC
12-12 12:47:08.666  7119  7154 I bt_vendor: read_hci_event: Event Received from SOC
12-12 12:47:08.666  7119  7154 I bt_vendor: read_hci_event: Event Read from SOC
12-12 12:47:08.666  7119  7154 I bt_vendor: read_hci_event: Wait for Command Compete Event from SOC
12-12 12:47:08.666  7119  7154 I bt_vendor: read_hci_event: Event Received from SOC
12-12 12:47:08.666  7119  7154 I bt_vendor: read_hci_event: Event Read from SOC
12-12 12:47:08.666  7119  7154 I bt_vendor: read_hci_event: Wait for Command Compete Event from SOC
12-12 12:47:08.676  7119  7154 I bt_vendor: read_hci_event: Event Received from SOC
12-12 12:47:08.676  7119  7154 I bt_vendor: read_hci_event: Event Read from SOC
12-12 12:47:08.676  7119  7154 I bt_vendor: read_hci_event: Wait for Command Compete Event from SOC
12-12 12:47:08.676  7119  7154 I bt_vendor: read_hci_event: Event Received from SOC
12-12 12:47:08.676  7119  7154 I bt_vendor: read_hci_event: Event Read from SOC
12-12 12:47:08.676  7119  7154 I bt_vendor: read_hci_event: Wait for Command Compete Event from SOC
12-12 12:47:08.676  7119  7154 I bt_vendor: read_hci_event: Event Received from SOC
12-12 12:47:08.676  7119  7154 I bt_vendor: read_hci_event: Event Read from SOC
12-12 12:47:08.676  7119  7154 I bt_vendor: read_hci_event: Wait for Command Compete Event from SOC
12-12 12:47:08.676  7119  7154 I bt_vendor: read_hci_event: Event Received from SOC
12-12 12:47:08.676  7119  7154 I bt_vendor: read_hci_event: Event Read from SOC
12-12 12:47:08.676  7119  7154 I bt_vendor: read_hci_event: Wait for Command Compete Event from SOC
12-12 12:47:08.676  7119  7154 I bt_vendor: read_hci_event: Event Received from SOC
12-12 12:47:08.676  7119  7154 I bt_vendor: read_hci_event: Event Read from SOC
12-12 12:47:08.676  7119  7154 I bt_vendor: read_hci_event: Wait for Command Compete Event from SOC
12-12 12:47:08.676  7119  7154 I bt_vendor: read_hci_event: Event Received from SOC
12-12 12:47:08.676  7119  7154 I bt_vendor: read_hci_event: Event Read from SOC
12-12 12:47:08.676  7119  7154 I bt_vendor: read_hci_event: Wait for Command Compete Event from SOC
12-12 12:47:08.686  7119  7154 I bt_vendor: read_hci_event: Event Received from SOC
12-12 12:47:08.686  7119  7154 I bt_vendor: read_hci_event: Event Read from SOC
12-12 12:47:08.686  7119  7154 I bt_vendor: read_hci_event: Wait for Command Compete Event from SOC
12-12 12:47:08.686  7119  7154 I bt_vendor: read_hci_event: Event Received from SOC
12-12 12:47:08.686  7119  7154 I bt_vendor: read_hci_event: Event Read from SOC
12-12 12:47:08.686  7119  7154 I bt_vendor: read_hci_event: Wait for Command Compete Event from SOC
12-12 12:47:08.686  7119  7154 I bt_vendor: read_hci_event: Event Received from SOC
12-12 12:47:08.686  7119  7154 I bt_vendor: read_hci_event: Event Read from SOC
12-12 12:47:08.686  7119  7154 I bt_vendor: read_hci_event: Wait for Command Compete Event from SOC
12-12 12:47:08.686  7119  7154 I bt_vendor: read_hci_event: Event Received from SOC
12-12 12:47:08.686  7119  7154 I bt_vendor: read_hci_event: Event Read from SOC
12-12 12:47:08.686  7119  7154 I bt_vendor: read_hci_event: Wait for Command Compete Event from SOC
12-12 12:47:08.686  7119  7154 I bt_vendor: read_hci_event: Event Received from SOC
12-12 12:47:08.686  7119  7154 I bt_vendor: read_hci_event: Event Read from SOC
12-12 12:47:08.686  7119  7154 I bt_vendor: read_hci_event: Wait for Command Compete Event from SOC
12-12 12:47:08.686  7119  7154 I bt_vendor: read_hci_event: Event Received from SOC
12-12 12:47:08.686  7119  7154 I bt_vendor: read_hci_event: Event Read from SOC
12-12 12:47:08.686  7119  7154 I bt_vendor: read_hci_event: Wait for Command Compete Event from SOC
12-12 12:47:08.686  7119  7154 I bt_vendor: read_hci_event: Event Received from SOC
12-12 12:47:08.686  7119  7154 I bt_vendor: read_hci_event: Event Read from SOC
12-12 12:47:08.696  7119  7154 I bt_vendor: read_hci_event: Wait for Command Compete Event from SOC
12-12 12:47:08.696  7119  7154 I bt_vendor: read_hci_event: Event Received from SOC
12-12 12:47:08.696  7119  7154 I bt_vendor: read_hci_event: Event Read from SOC
12-12 12:47:08.696  7119  7154 I bt_vendor: read_hci_event: Wait for Command Compete Event from SOC
12-12 12:47:08.696  7119  7154 I bt_vendor: read_hci_event: Event Received from SOC
12-12 12:47:08.696  7119  7154 I bt_vendor: read_hci_event: Event Read from SOC
12-12 12:47:08.696  7119  7154 I bt_vendor: read_hci_event: Wait for Command Compete Event from SOC
12-12 12:47:08.696  7119  7154 I bt_vendor: read_hci_event: Event Received from SOC
12-12 12:47:08.696  7119  7154 I bt_vendor: read_hci_event: Event Read from SOC
12-12 12:47:08.696  7119  7154 I bt_vendor: read_hci_event: Wait for Command Compete Event from SOC
12-12 12:47:08.696  7119  7154 I bt_vendor: read_hci_event: Event Received from SOC
12-12 12:47:08.696  7119  7154 I bt_vendor: read_hci_event: Event Read from SOC
12-12 12:47:08.696  7119  7154 I bt_vendor: read_hci_event: Wait for Command Compete Event from SOC
12-12 12:47:08.696  7119  7154 I bt_vendor: read_hci_event: Event Received from SOC
12-12 12:47:08.696  7119  7154 I bt_vendor: read_hci_event: Event Read from SOC
12-12 12:47:08.696  7119  7154 I bt_vendor: read_hci_event: Wait for Command Compete Event from SOC
12-12 12:47:08.706  7119  7154 I bt_vendor: read_hci_event: Event Received from SOC
12-12 12:47:08.706  7119  7154 I bt_vendor: read_hci_event: Event Read from SOC
12-12 12:47:08.706  7119  7154 I bt_vendor: read_hci_event: Wait for Command Compete Event from SOC
12-12 12:47:08.706  7119  7154 I bt_vendor: read_hci_event: Event Received from SOC
12-12 12:47:08.706  7119  7154 I bt_vendor: read_hci_event: Event Read from SOC
12-12 12:47:08.706  7119  7154 I bt_vendor: read_hci_event: Wait for Command Compete Event from SOC
12-12 12:47:08.706  7119  7154 I bt_vendor: read_hci_event: Event Received from SOC
12-12 12:47:08.706  7119  7154 I bt_vendor: read_hci_event: Event Read from SOC
12-12 12:47:08.706  7119  7154 I bt_vendor: read_hci_event: Wait for Command Compete Event from SOC
12-12 12:47:08.706  7119  7154 I bt_vendor: read_hci_event: Event Received from SOC
12-12 12:47:08.706  7119  7154 I bt_vendor: read_hci_event: Event Read from SOC
12-12 12:47:08.706  7119  7154 I bt_vendor: read_hci_event: Wait for Command Compete Event from SOC
12-12 12:47:08.706  7119  7154 I bt_vendor: read_hci_event: Event Received from SOC
12-12 12:47:08.706  7119  7154 I bt_vendor: read_hci_event: Event Read from SOC
12-12 12:47:08.706  7119  7154 I bt_vendor: read_hci_event: Wait for Command Compete Event from SOC
12-12 12:47:08.706  7119  7154 I bt_vendor: read_hci_event: Event Received from SOC
12-12 12:47:08.706  7119  7154 I bt_vendor: read_hci_event: Event Read from SOC
12-12 12:47:08.706  7119  7154 I bt_vendor: read_hci_event: Wait for Command Compete Event from SOC
12-12 12:47:08.716  7119  7154 I bt_vendor: read_hci_event: Event Received from SOC
12-12 12:47:08.716  7119  7154 I bt_vendor: read_hci_event: Event Read from SOC
12-12 12:47:08.716  7119  7154 I bt_vendor: read_hci_event: Wait for Command Compete Event from SOC
12-12 12:47:08.716  7119  7154 I bt_vendor: read_hci_event: Event Received from SOC
12-12 12:47:08.716  7119  7154 I bt_vendor: read_hci_event: Event Read from SOC
12-12 12:47:08.716  7119  7154 I bt_vendor: read_hci_event: Wait for Command Compete Event from SOC
12-12 12:47:08.716  7119  7154 I bt_vendor: read_hci_event: Event Received from SOC
12-12 12:47:08.716  7119  7154 I bt_vendor: read_hci_event: Event Read from SOC
12-12 12:47:08.716  7119  7154 I bt_vendor: read_hci_event: Wait for Command Compete Event from SOC
12-12 12:47:08.716  7119  7154 I bt_vendor: read_hci_event: Event Received from SOC
12-12 12:47:08.716  7119  7154 I bt_vendor: read_hci_event: Event Read from SOC
12-12 12:47:08.716  7119  7154 I bt_vendor: read_hci_event: Wait for Command Compete Event from SOC
12-12 12:47:08.716  7119  7154 I bt_vendor: read_hci_event: Event Received from SOC
12-12 12:47:08.716  7119  7154 I bt_vendor: read_hci_event: Event Read from SOC
12-12 12:47:08.716  7119  7154 I bt_vendor: read_hci_event: Wait for Command Compete Event from SOC
12-12 12:47:08.716  7119  7154 I bt_vendor: read_hci_event: Event Received from SOC
12-12 12:47:08.716  7119  7154 I bt_vendor: read_hci_event: Event Read from SOC
12-12 12:47:08.716  7119  7154 I bt_vendor: read_hci_event: Wait for Command Compete Event from SOC
12-12 12:47:08.726  7119  7154 I bt_vendor: read_hci_event: Event Received from SOC
12-12 12:47:08.726  7119  7154 I bt_vendor: read_hci_event: Event Read from SOC
12-12 12:47:08.726  7119  7154 I bt_vendor: read_hci_event: Wait for Command Compete Event from SOC
12-12 12:47:08.726  7119  7154 I bt_vendor: read_hci_event: Event Received from SOC
12-12 12:47:08.726  7119  7154 I bt_vendor: read_hci_event: Event Read from SOC
12-12 12:47:08.726  7119  7154 I bt_vendor: read_hci_event: Wait for Command Compete Event from SOC
12-12 12:47:08.726  7119  7154 I bt_vendor: read_hci_event: Event Received from SOC
12-12 12:47:08.726  7119  7154 I bt_vendor: read_hci_event: Event Read from SOC
12-12 12:47:08.726  7119  7154 I bt_vendor: read_hci_event: Wait for Command Compete Event from SOC
12-12 12:47:08.736  7119  7154 I bt_vendor: read_hci_event: Event Received from SOC
12-12 12:47:08.736  7119  7154 I bt_vendor: read_hci_event: Event Read from SOC
12-12 12:47:08.736  7119  7154 I bt_vendor: read_hci_event: Wait for Command Compete Event from SOC
12-12 12:47:08.736  7119  7154 I bt_vendor: read_hci_event: Event Received from SOC
12-12 12:47:08.736  7119  7154 I bt_vendor: read_hci_event: Event Read from SOC
12-12 12:47:08.736  7119  7154 I bt_vendor: read_hci_event: Wait for Command Compete Event from SOC
12-12 12:47:08.736  7119  7154 I bt_vendor: read_hci_event: Event Received from SOC
12-12 12:47:08.736  7119  7154 I bt_vendor: read_hci_event: Event Read from SOC
12-12 12:47:08.736  7119  7154 I bt_vendor: read_hci_event: Wait for Command Compete Event from SOC
12-12 12:47:08.736  7119  7154 I bt_vendor: read_hci_event: Event Received from SOC
12-12 12:47:08.736  7119  7154 I bt_vendor: read_hci_event: Event Read from SOC
12-12 12:47:08.736  7119  7154 I bt_vendor: read_hci_event: Wait for Command Compete Event from SOC
12-12 12:47:08.746  7119  7154 I bt_vendor: read_hci_event: Event Received from SOC
12-12 12:47:08.746  7119  7154 I bt_vendor: read_hci_event: Event Read from SOC
12-12 12:47:08.746  7119  7154 I bt_vendor: read_hci_event: Wait for Command Compete Event from SOC
12-12 12:47:08.746  7119  7154 I bt_vendor: read_hci_event: Event Received from SOC
12-12 12:47:08.746  7119  7154 I bt_vendor: read_hci_event: Event Read from SOC
12-12 12:47:08.746  7119  7154 I bt_vendor: Set mac from IDME
12-12 12:47:08.746  7119  7154 I bt_vendor: read_hci_event: Wait for Command Compete Event from SOC
12-12 12:47:08.746  7119  7154 I bt_vendor: read_hci_event: Event Received from SOC
12-12 12:47:08.746  7119  7154 I bt_vendor: read_hci_event: Event Read from SOC
12-12 12:47:08.746  7119  7154 I bt_vendor: ath_ps_download is done
12-12 12:47:08.756  7119  7154 I bt_vendor: read_hci_event: Wait for Command Compete Event from SOC
12-12 12:47:08.756  6244  7163 D Aatp    : /task/de19d32d4d223d411bc6d00e443822a7293018f2/status
12-12 12:47:08.856  7119  7154 I bt_vendor: read_hci_event: Event Received from SOC
12-12 12:47:08.856  7119  7154 I bt_vendor: read_hci_event: Event Read from SOC
12-12 12:47:08.856  7119  7154 I bt_vendor: HCI Reset is done
12-12 12:47:08.856  7119  7154 I bt_vendor: read_hci_event: Wait for Command Compete Event from SOC
12-12 12:47:08.896  7119  7154 I bt_vendor: read_hci_event: Event Received from SOC
12-12 12:47:08.896  7119  7154 I bt_vendor: read_hci_event: Event Read from SOC
12-12 12:47:08.896  7119  7154 I bt_vendor: Device setup complete
12-12 12:47:08.896  7119  7154 I bt_vendor: device fd = 84 open
12-12 12:47:08.896  7119  7154 I bt_vendor: Bluetooth Firmware and transport layer are initialized
12-12 12:47:08.896  7119  7158 I bt-btu  : btu_task received preload complete event
12-12 12:47:08.896  7119  7158 W bt-l2cap: L2CAP - L2CA_Register() called for PSM: 0x0001
12-12 12:47:08.896  7119  7158 W bt-l2cap: L2CAP - L2CA_Register() called for PSM: 0x001f
12-12 12:47:08.906  7119  7158 E bt-btm  : BTM_ReadAdvTxPower
12-12 12:47:08.916  7119  7158 D bt_hci_bdroid: signal_event :0x8
12-12 12:47:08.916  7119  7154 D bt_hci_bdroid: bt_hc_worker_thread events : 0x8
12-12 12:47:08.916  7119  7154 D bt_hci_bdroid: bt_hc_worker_thread recvd HC_EVENT_TX
12-12 12:47:08.916  7119  7154 D bt_h4   : hci_h4_send_msg  
12-12 12:47:08.916  7119  7154 D bt_h4   : hci_h4_set_lpm : state : 0, lpm_Ind : 0 
12-12 12:47:08.916  7119  7164 D bt_hci_bdroid: signal_event :0x4
12-12 12:47:08.916  7119  7154 D bt_hci_bdroid: bt_hc_worker_thread events : 0x4
12-12 12:47:08.916  7119  7154 D bt_h4   : hci_h4_receive_msg  
12-12 12:47:08.926  7119  7158 E bt-btm  : BTM_ReadAdvTxPower result: 1
12-12 12:47:08.926  7119  7158 W bt-l2cap: L2CAP - L2CA_Register() called for PSM: 0x0003
12-12 12:47:08.926  7119  7158 I empty   : BTE_InitTraceLevels -- TRC_HCI
12-12 12:47:08.926  7119  7158 I empty   : BTE_InitTraceLevels -- TRC_L2CAP
12-12 12:47:08.926  7119  7158 I empty   : BTE_InitTraceLevels -- TRC_RFCOMM
12-12 12:47:08.926  7119  7158 I empty   : BTE_InitTraceLevels -- TRC_AVDT
12-12 12:47:08.936  7119  7158 I empty   : BTE_InitTraceLevels -- TRC_AVRC
12-12 12:47:08.936  7119  7158 I empty   : BTE_InitTraceLevels -- TRC_A2D
12-12 12:47:08.936  7119  7158 I empty   : BTE_InitTraceLevels -- TRC_BNEP
12-12 12:47:08.936  7119  7158 I empty   : BTE_InitTraceLevels -- TRC_BTM
12-12 12:47:08.936  7119  7158 I empty   : BTE_InitTraceLevels -- TRC_HID_HOST
12-12 12:47:08.936  7119  7158 I empty   : BTE_InitTraceLevels -- TRC_GAP
12-12 12:47:08.936  7119  7158 I empty   : BTE_InitTraceLevels -- TRC_PAN
12-12 12:47:08.946  7119  7158 I empty   : BTE_InitTraceLevels -- TRC_SDP
12-12 12:47:08.946  7119  7158 I empty   : BTE_InitTraceLevels -- TRC_GATT
12-12 12:47:08.946  7119  7158 I empty   : BTE_InitTraceLevels -- TRC_SMP
12-12 12:47:08.946  7119  7158 I empty   : BTE_InitTraceLevels -- TRC_HID_DEV
12-12 12:47:08.946  7119  7158 I empty   : BTE_InitTraceLevels -- TRC_BTAPP
12-12 12:47:08.946  7119  7158 I empty   : BTE_InitTraceLevels -- TRC_BTIF
12-12 12:47:08.956  7119  7158 I empty   : BTE_InitTraceLevels -- TRC_LATENCY_AUDIO
12-12 12:47:08.956  7119  7158 D bt_hci_bdroid: signal_event :0x8
12-12 12:47:08.956  7119  7154 D bt_hci_bdroid: bt_hc_worker_thread events : 0x8
12-12 12:47:08.956  7119  7154 D bt_hci_bdroid: bt_hc_worker_thread recvd HC_EVENT_TX
12-12 12:47:08.956  7119  7154 D bt_h4   : hci_h4_send_msg  
12-12 12:47:08.956  7119  7154 D bt_h4   : hci_h4_set_lpm : state : 0, lpm_Ind : 0 
12-12 12:47:09.056  7119  7164 D bt_hci_bdroid: signal_event :0x4
12-12 12:47:09.056  7119  7154 D bt_hci_bdroid: bt_hc_worker_thread events : 0x4
12-12 12:47:09.056  7119  7154 D bt_h4   : hci_h4_receive_msg  
12-12 12:47:09.056  7119  7158 D bt_hci_bdroid: signal_event :0x8
12-12 12:47:09.056  7119  7154 D bt_hci_bdroid: bt_hc_worker_thread events : 0x8
12-12 12:47:09.056  7119  7154 D bt_hci_bdroid: bt_hc_worker_thread recvd HC_EVENT_TX
12-12 12:47:09.056  7119  7154 D bt_h4   : hci_h4_send_msg  
12-12 12:47:09.056  7119  7154 D bt_h4   : hci_h4_set_lpm : state : 0, lpm_Ind : 0 
12-12 12:47:09.076  7119  7164 D bt_hci_bdroid: signal_event :0x4
12-12 12:47:09.076  7119  7154 D bt_hci_bdroid: bt_hc_worker_thread events : 0x4
12-12 12:47:09.076  7119  7154 D bt_h4   : hci_h4_receive_msg  
12-12 12:47:09.076  7119  7158 D bt_hci_bdroid: signal_event :0x8
12-12 12:47:09.076  7119  7154 D bt_hci_bdroid: bt_hc_worker_thread events : 0x8
12-12 12:47:09.076  7119  7154 D bt_hci_bdroid: bt_hc_worker_thread recvd HC_EVENT_TX
12-12 12:47:09.076  7119  7154 D bt_h4   : hci_h4_send_msg  
12-12 12:47:09.076  7119  7154 D bt_h4   : hci_h4_set_lpm : state : 0, lpm_Ind : 0 
12-12 12:47:09.086  7119  7164 D bt_hci_bdroid: signal_event :0x4
12-12 12:47:09.086  7119  7154 D bt_hci_bdroid: bt_hc_worker_thread events : 0x4
12-12 12:47:09.086  7119  7154 D bt_h4   : hci_h4_receive_msg  
12-12 12:47:09.086  7119  7158 D bt_hci_bdroid: signal_event :0x8
12-12 12:47:09.086  7119  7154 D bt_hci_bdroid: bt_hc_worker_thread events : 0x8
12-12 12:47:09.086  7119  7154 D bt_hci_bdroid: bt_hc_worker_thread recvd HC_EVENT_TX
12-12 12:47:09.086  7119  7154 D bt_h4   : hci_h4_send_msg  
12-12 12:47:09.086  7119  7154 D bt_h4   : hci_h4_set_lpm : state : 0, lpm_Ind : 0 
12-12 12:47:09.096  7119  7164 D bt_hci_bdroid: signal_event :0x4
12-12 12:47:09.096  7119  7154 D bt_hci_bdroid: bt_hc_worker_thread events : 0x4
12-12 12:47:09.096  7119  7154 D bt_h4   : hci_h4_receive_msg  
12-12 12:47:09.096  7119  7158 D bt_hci_bdroid: signal_event :0x8
12-12 12:47:09.096  7119  7154 D bt_hci_bdroid: bt_hc_worker_thread events : 0x8
12-12 12:47:09.096  7119  7154 D bt_hci_bdroid: bt_hc_worker_thread recvd HC_EVENT_TX
12-12 12:47:09.096  7119  7154 D bt_h4   : hci_h4_send_msg  
12-12 12:47:09.106  7119  7154 D bt_h4   : hci_h4_set_lpm : state : 0, lpm_Ind : 0 
12-12 12:47:09.106  7119  7164 D bt_hci_bdroid: signal_event :0x4
12-12 12:47:09.106  7119  7154 D bt_hci_bdroid: bt_hc_worker_thread events : 0x4
12-12 12:47:09.106  7119  7154 D bt_h4   : hci_h4_receive_msg  
12-12 12:47:09.106  7119  7158 D bt_hci_bdroid: signal_event :0x8
12-12 12:47:09.116  7119  7154 D bt_hci_bdroid: bt_hc_worker_thread events : 0x8
12-12 12:47:09.116  7119  7154 D bt_hci_bdroid: bt_hc_worker_thread recvd HC_EVENT_TX
12-12 12:47:09.116  7119  7154 D bt_h4   : hci_h4_send_msg  
12-12 12:47:09.116  7119  7154 D bt_h4   : hci_h4_set_lpm : state : 0, lpm_Ind : 0 
12-12 12:47:09.116  7119  7164 D bt_hci_bdroid: signal_event :0x4
12-12 12:47:09.116  7119  7154 D bt_hci_bdroid: bt_hc_worker_thread events : 0x4
12-12 12:47:09.126  7119  7154 D bt_h4   : hci_h4_receive_msg  
12-12 12:47:09.126  7119  7158 D bt_hci_bdroid: signal_event :0x8
12-12 12:47:09.126  7119  7154 D bt_hci_bdroid: bt_hc_worker_thread events : 0x8
12-12 12:47:09.126  7119  7154 D bt_hci_bdroid: bt_hc_worker_thread recvd HC_EVENT_TX
12-12 12:47:09.126  7119  7154 D bt_h4   : hci_h4_send_msg  
12-12 12:47:09.126  7119  7154 D bt_h4   : hci_h4_set_lpm : state : 0, lpm_Ind : 0 
12-12 12:47:09.136  7119  7164 D bt_hci_bdroid: signal_event :0x4
12-12 12:47:09.136  7119  7154 D bt_hci_bdroid: bt_hc_worker_thread events : 0x4
12-12 12:47:09.136  7119  7154 D bt_h4   : hci_h4_receive_msg  
12-12 12:47:09.136  7119  7158 D bt_hci_bdroid: signal_event :0x8
12-12 12:47:09.136  7119  7154 D bt_hci_bdroid: bt_hc_worker_thread events : 0x8
12-12 12:47:09.136  7119  7154 D bt_hci_bdroid: bt_hc_worker_thread recvd HC_EVENT_TX
12-12 12:47:09.136  7119  7154 D bt_h4   : hci_h4_send_msg  
12-12 12:47:09.136  7119  7154 D bt_h4   : hci_h4_set_lpm : state : 0, lpm_Ind : 0 
12-12 12:47:09.136  7119  7164 D bt_hci_bdroid: signal_event :0x4
12-12 12:47:09.136  7119  7154 D bt_hci_bdroid: bt_hc_worker_thread events : 0x4
12-12 12:47:09.136  7119  7154 D bt_h4   : hci_h4_receive_msg  
12-12 12:47:09.136  7119  7158 D bt_hci_bdroid: signal_event :0x8
12-12 12:47:09.136  7119  7154 D bt_hci_bdroid: bt_hc_worker_thread events : 0x8
12-12 12:47:09.136  7119  7154 D bt_hci_bdroid: bt_hc_worker_thread recvd HC_EVENT_TX
12-12 12:47:09.136  7119  7154 D bt_h4   : hci_h4_send_msg  
12-12 12:47:09.136  7119  7154 D bt_h4   : hci_h4_set_lpm : state : 0, lpm_Ind : 0 
12-12 12:47:09.156  7119  7164 D bt_hci_bdroid: signal_event :0x4
12-12 12:47:09.156  7119  7154 D bt_hci_bdroid: bt_hc_worker_thread events : 0x4
12-12 12:47:09.156  7119  7154 D bt_h4   : hci_h4_receive_msg  
12-12 12:47:09.156  7119  7158 D bt_hci_bdroid: signal_event :0x8
12-12 12:47:09.156  7119  7154 D bt_hci_bdroid: bt_hc_worker_thread events : 0x8
12-12 12:47:09.156  7119  7154 D bt_hci_bdroid: bt_hc_worker_thread recvd HC_EVENT_TX
12-12 12:47:09.156  7119  7154 D bt_h4   : hci_h4_send_msg  
12-12 12:47:09.156  7119  7154 D bt_h4   : hci_h4_set_lpm : state : 0, lpm_Ind : 0 
12-12 12:47:09.156  7119  7164 D bt_hci_bdroid: signal_event :0x4
12-12 12:47:09.156  7119  7154 D bt_hci_bdroid: bt_hc_worker_thread events : 0x4
12-12 12:47:09.156  7119  7154 D bt_h4   : hci_h4_receive_msg  
12-12 12:47:09.156  7119  7158 D bt_hci_bdroid: signal_event :0x8
12-12 12:47:09.156  7119  7154 D bt_hci_bdroid: bt_hc_worker_thread events : 0x8
12-12 12:47:09.156  7119  7154 D bt_hci_bdroid: bt_hc_worker_thread recvd HC_EVENT_TX
12-12 12:47:09.156  7119  7154 D bt_h4   : hci_h4_send_msg  
12-12 12:47:09.156  7119  7154 D bt_h4   : hci_h4_set_lpm : state : 0, lpm_Ind : 0 
12-12 12:47:09.156  7119  7164 D bt_hci_bdroid: signal_event :0x4
12-12 12:47:09.156  7119  7154 D bt_hci_bdroid: bt_hc_worker_thread events : 0x4
12-12 12:47:09.156  7119  7154 D bt_h4   : hci_h4_receive_msg  
12-12 12:47:09.156  7119  7158 D bt_hci_bdroid: signal_event :0x8
12-12 12:47:09.156  7119  7154 D bt_hci_bdroid: bt_hc_worker_thread events : 0x8
12-12 12:47:09.156  7119  7154 D bt_hci_bdroid: bt_hc_worker_thread recvd HC_EVENT_TX
12-12 12:47:09.156  7119  7154 D bt_h4   : hci_h4_send_msg  
12-12 12:47:09.156  7119  7154 D bt_h4   : hci_h4_set_lpm : state : 0, lpm_Ind : 0 
12-12 12:47:09.156  7119  7164 D bt_hci_bdroid: signal_event :0x4
12-12 12:47:09.156  7119  7154 D bt_hci_bdroid: bt_hc_worker_thread events : 0x4
12-12 12:47:09.156  7119  7154 D bt_h4   : hci_h4_receive_msg  
12-12 12:47:09.156  7119  7158 D bt_hci_bdroid: signal_event :0x8
12-12 12:47:09.156  7119  7154 D bt_hci_bdroid: bt_hc_worker_thread events : 0x8
12-12 12:47:09.156  7119  7154 D bt_hci_bdroid: bt_hc_worker_thread recvd HC_EVENT_TX
12-12 12:47:09.156  7119  7154 D bt_h4   : hci_h4_send_msg  
12-12 12:47:09.156  7119  7154 D bt_h4   : hci_h4_set_lpm : state : 0, lpm_Ind : 0 
12-12 12:47:09.156  7119  7164 D bt_hci_bdroid: signal_event :0x4
12-12 12:47:09.156  7119  7154 D bt_hci_bdroid: bt_hc_worker_thread events : 0x4
12-12 12:47:09.156  7119  7154 D bt_h4   : hci_h4_receive_msg  
12-12 12:47:09.156  7119  7158 D bt_hci_bdroid: signal_event :0x8
12-12 12:47:09.156  7119  7154 D bt_hci_bdroid: bt_hc_worker_thread events : 0x8
12-12 12:47:09.156  7119  7154 D bt_hci_bdroid: bt_hc_worker_thread recvd HC_EVENT_TX
12-12 12:47:09.156  7119  7154 D bt_h4   : hci_h4_send_msg  
12-12 12:47:09.156  7119  7154 D bt_h4   : hci_h4_set_lpm : state : 0, lpm_Ind : 0 
12-12 12:47:09.166  7119  7164 D bt_hci_bdroid: signal_event :0x4
12-12 12:47:09.166  7119  7154 D bt_hci_bdroid: bt_hc_worker_thread events : 0x4
12-12 12:47:09.166  7119  7154 D bt_h4   : hci_h4_receive_msg  
12-12 12:47:09.166  7119  7158 D bt_hci_bdroid: signal_event :0x8
12-12 12:47:09.166  7119  7158 E bt-btm  : BTM_SecRegister:p_cb_info->p_le_callback == 0x605c37bd 
12-12 12:47:09.166  7119  7154 D bt_hci_bdroid: bt_hc_worker_thread events : 0x8
12-12 12:47:09.166  7119  7154 D bt_hci_bdroid: bt_hc_worker_thread recvd HC_EVENT_TX
12-12 12:47:09.166  7119  7154 D bt_h4   : hci_h4_send_msg  
12-12 12:47:09.166  7119  7154 D bt_h4   : hci_h4_set_lpm : state : 0, lpm_Ind : 0 
12-12 12:47:09.166  7119  7158 E bt-btm  : BTM_SecRegister: btm_cb.api.p_le_callback = 0x605c37bd 
12-12 12:47:09.166  7119  7164 D bt_hci_bdroid: signal_event :0x4
12-12 12:47:09.166  7119  7154 D bt_hci_bdroid: bt_hc_worker_thread events : 0x4
12-12 12:47:09.166  7119  7154 D bt_h4   : hci_h4_receive_msg  
12-12 12:47:09.166  7119  7158 D bt_hci_bdroid: signal_event :0x8
12-12 12:47:09.166  7119  7154 D bt_hci_bdroid: bt_hc_worker_thread events : 0x8
12-12 12:47:09.166  7119  7154 D bt_hci_bdroid: bt_hc_worker_thread recvd HC_EVENT_TX
12-12 12:47:09.166  7119  7154 D bt_h4   : hci_h4_send_msg  
12-12 12:47:09.166  7119  7154 D bt_h4   : hci_h4_set_lpm : state : 0, lpm_Ind : 0 
12-12 12:47:09.166  7119  7164 D bt_hci_bdroid: signal_event :0x4
12-12 12:47:09.166  7119  7154 D bt_hci_bdroid: bt_hc_worker_thread events : 0x4
12-12 12:47:09.166  7119  7154 D bt_h4   : hci_h4_receive_msg  
12-12 12:47:09.166  7119  7158 D bt_hci_bdroid: signal_event :0x8
12-12 12:47:09.166  7119  7154 D bt_hci_bdroid: bt_hc_worker_thread events : 0x8
12-12 12:47:09.166  7119  7154 D bt_hci_bdroid: bt_hc_worker_thread recvd HC_EVENT_TX
12-12 12:47:09.166  7119  7154 D bt_h4   : hci_h4_send_msg  
12-12 12:47:09.166  7119  7154 D bt_h4   : hci_h4_set_lpm : state : 0, lpm_Ind : 0 
12-12 12:47:09.166  7119  7164 D bt_hci_bdroid: signal_event :0x4
12-12 12:47:09.166  7119  7154 D bt_hci_bdroid: bt_hc_worker_thread events : 0x4
12-12 12:47:09.166  7119  7154 D bt_h4   : hci_h4_receive_msg  
12-12 12:47:09.166  7119  7158 D bt_hci_bdroid: signal_event :0x8
12-12 12:47:09.166  7119  7154 D bt_hci_bdroid: bt_hc_worker_thread events : 0x8
12-12 12:47:09.166  7119  7154 D bt_hci_bdroid: bt_hc_worker_thread recvd HC_EVENT_TX
12-12 12:47:09.166  7119  7154 D bt_h4   : hci_h4_send_msg  
12-12 12:47:09.166  7119  7154 D bt_h4   : hci_h4_set_lpm : state : 0, lpm_Ind : 0 
12-12 12:47:09.166  7119  7164 D bt_hci_bdroid: signal_event :0x4
12-12 12:47:09.166  7119  7154 D bt_hci_bdroid: bt_hc_worker_thread events : 0x4
12-12 12:47:09.166  7119  7154 D bt_h4   : hci_h4_receive_msg  
12-12 12:47:09.166  7119  7158 D bt_hci_bdroid: signal_event :0x8
12-12 12:47:09.166  7119  7154 D bt_hci_bdroid: bt_hc_worker_thread events : 0x8
12-12 12:47:09.166  7119  7154 D bt_hci_bdroid: bt_hc_worker_thread recvd HC_EVENT_TX
12-12 12:47:09.166  7119  7154 D bt_h4   : hci_h4_send_msg  
12-12 12:47:09.166  7119  7154 D bt_h4   : hci_h4_set_lpm : state : 0, lpm_Ind : 0 
12-12 12:47:09.166  7119  7164 D bt_hci_bdroid: signal_event :0x4
12-12 12:47:09.166  7119  7154 D bt_hci_bdroid: bt_hc_worker_thread events : 0x4
12-12 12:47:09.166  7119  7154 D bt_h4   : hci_h4_receive_msg  
12-12 12:47:09.166  7119  7158 D bt_hci_bdroid: signal_event :0x8
12-12 12:47:09.166  7119  7154 D bt_hci_bdroid: bt_hc_worker_thread events : 0x8
12-12 12:47:09.166  7119  7154 D bt_hci_bdroid: bt_hc_worker_thread recvd HC_EVENT_TX
12-12 12:47:09.166  7119  7154 D bt_h4   : hci_h4_send_msg  
12-12 12:47:09.166  7119  7154 D bt_h4   : hci_h4_set_lpm : state : 0, lpm_Ind : 0 
12-12 12:47:09.166  7119  7164 D bt_hci_bdroid: signal_event :0x4
12-12 12:47:09.176  7119  7154 D bt_hci_bdroid: bt_hc_worker_thread events : 0x4
12-12 12:47:09.176  7119  7154 D bt_h4   : hci_h4_receive_msg  
12-12 12:47:09.176  7119  7158 D bt_hci_bdroid: signal_event :0x8
12-12 12:47:09.176  7119  7154 D bt_hci_bdroid: bt_hc_worker_thread events : 0x8
12-12 12:47:09.176  7119  7154 D bt_hci_bdroid: bt_hc_worker_thread recvd HC_EVENT_TX
12-12 12:47:09.176  7119  7154 D bt_h4   : hci_h4_send_msg  
12-12 12:47:09.176  7119  7154 D bt_h4   : hci_h4_set_lpm : state : 0, lpm_Ind : 0 
12-12 12:47:09.176  7119  7164 D bt_hci_bdroid: signal_event :0x4
12-12 12:47:09.176  7119  7154 D bt_hci_bdroid: bt_hc_worker_thread events : 0x4
12-12 12:47:09.176  7119  7154 D bt_h4   : hci_h4_receive_msg  
12-12 12:47:09.176  7119  7158 D bt_hci_bdroid: signal_event :0x8
12-12 12:47:09.176  7119  7154 D bt_hci_bdroid: bt_hc_worker_thread events : 0x8
12-12 12:47:09.176  7119  7154 D bt_hci_bdroid: bt_hc_worker_thread recvd HC_EVENT_TX
12-12 12:47:09.176  7119  7154 D bt_h4   : hci_h4_send_msg  
12-12 12:47:09.176  7119  7154 D bt_h4   : hci_h4_set_lpm : state : 0, lpm_Ind : 0 
12-12 12:47:09.176  7119  7164 D bt_hci_bdroid: signal_event :0x4
12-12 12:47:09.176  7119  7154 D bt_hci_bdroid: bt_hc_worker_thread events : 0x4
12-12 12:47:09.176  7119  7154 D bt_h4   : hci_h4_receive_msg  
12-12 12:47:09.176  7119  7135 E bt-btif : Calling BTA_HhEnable
12-12 12:47:09.176  7119  7158 D bt_hci_bdroid: signal_event :0x8
12-12 12:47:09.176  7119  7158 W bt-l2cap: L2CAP - L2CA_Register() called for PSM: 0x0019
12-12 12:47:09.176  7119  7154 D bt_hci_bdroid: bt_hc_worker_thread events : 0x8
12-12 12:47:09.176  7119  7154 D bt_hci_bdroid: bt_hc_worker_thread recvd HC_EVENT_TX
12-12 12:47:09.176  7119  7154 D bt_h4   : hci_h4_send_msg  
12-12 12:47:09.176  7119  7154 D bt_h4   : hci_h4_set_lpm : state : 0, lpm_Ind : 0 
12-12 12:47:09.176  7119  7158 W bt-l2cap: L2CAP - L2CA_Register() called for PSM: 0x0017
12-12 12:47:09.176  7119  7158 D bt-btif :  AVRC_Open AVRC_Open role: 1, control:1 status:0, handle:0
12-12 12:47:09.176  7119  7158 W bt-l2cap: L2CAP - L2CA_Register() called for PSM: 0x0011
12-12 12:47:09.176  7119  7158 W bt-l2cap: L2CAP - L2CA_Register() called for PSM: 0x0013
12-12 12:47:09.176  7119  7164 D bt_hci_bdroid: signal_event :0x4
12-12 12:47:09.176  7119  7154 D bt_hci_bdroid: bt_hc_worker_thread events : 0x4
12-12 12:47:09.176  7119  7154 D bt_h4   : hci_h4_receive_msg  
12-12 12:47:09.176  7119  7158 D bt_hci_bdroid: signal_event :0x8
12-12 12:47:09.176  7119  7154 D bt_hci_bdroid: bt_hc_worker_thread events : 0x8
12-12 12:47:09.176  7119  7154 D bt_hci_bdroid: bt_hc_worker_thread recvd HC_EVENT_TX
12-12 12:47:09.176  7119  7154 D bt_h4   : hci_h4_send_msg  
12-12 12:47:09.176  7119  7154 D bt_h4   : hci_h4_set_lpm : state : 0, lpm_Ind : 0 
12-12 12:47:09.176  7119  7135 E bt-btif : btif_storage_get_adapter_property service_mask:0x140000
12-12 12:47:09.176  7119  7135 I BluetoothAdapterProperties: adapterPropertyChangedCallback with type:2 len:6
12-12 12:47:09.176  7119  7135 D BluetoothAdapterProperties: Address is:xxxx
12-12 12:47:09.176  7119  7135 I BluetoothAdapterProperties: adapterPropertyChangedCallback with type:1 len:7
12-12 12:47:09.176  7119  7164 D bt_hci_bdroid: signal_event :0x4
12-12 12:47:09.176  7119  7154 D bt_hci_bdroid: bt_hc_worker_thread events : 0x4
12-12 12:47:09.176  7119  7154 D bt_h4   : hci_h4_receive_msg  
12-12 12:47:09.176  7119  7158 D bt_hci_bdroid: signal_event :0x8
12-12 12:47:09.186  7119  7154 D bt_hci_bdroid: bt_hc_worker_thread events : 0x8
12-12 12:47:09.186  7119  7154 D bt_hci_bdroid: bt_hc_worker_thread recvd HC_EVENT_TX
12-12 12:47:09.186  7119  7154 D bt_h4   : hci_h4_send_msg  
