12-12 13:32:59.427  7299  7532 I Icing   : Indexing done CCF042226F66FE388212702AC83FBF74E681EDD8
12-12 13:32:59.428  7299  7532 I Icing   : Indexing A83ED2CCBC00FBA2258081340A6B1F37340ED6B4 from com.google.android.gms
12-12 13:32:59.444  8188  8188 D MusicLifecycle: com.google.android.music.wear.WearBroadcastReceiver generated event: Broadcast received with context android.app.ReceiverRestrictedContext@1024f55 and intent Intent { act=com.google.android.music.IMPORT_COMPLETE flg=0x10 cmp=com.google.android.music/.wear.WearBroadcastReceiver }
12-12 13:32:59.448  7225  7410 I NetRec  : [502] ConfigChangedIntentOperation.onHandleIntent: Handling a Phenotype update
12-12 13:32:59.448  7225  7410 I NetRec  : [502] zku.b: onConfigChanged()
12-12 13:32:59.450  7225  8328 W ConfigurationChimeraPro: Got null configs for com.google.android.gms.auth_managed
12-12 13:32:59.467  8188  8259 W WearSignatureVerifier: No package com.google.android.wearable.app.cn
12-12 13:32:59.475  8188  8259 W WearSignatureVerifier: No package com.google.android.wearable.app.cn
12-12 13:32:59.475  8188  8259 W WearSignatureVerifier: No package com.google.android.wearable.app.cn
12-12 13:32:59.475  8188  8259 W WearSignatureVerifier: No package com.google.android.wearable.app.cn
12-12 13:32:59.478  7225  7318 D WearableService: onGetService - Wear is not available on this device.
12-12 13:32:59.480  8188  8188 W WearSignatureVerifier: No package com.google.android.wearable.app.cn
12-12 13:32:59.486  8188  8394 E GmsUtils: Failed to connect to Google API client: ConnectionResult{statusCode=API_UNAVAILABLE, resolution=null, message=null}
12-12 13:32:59.491  7299  7532 I Icing   : Indexing done A83ED2CCBC00FBA2258081340A6B1F37340ED6B4
12-12 13:32:59.493  7299  7532 I Icing   : Indexing 3B15565A81F65C4722AE8EFD721DC40287609F7C from com.google.android.gms
12-12 13:32:59.506  7225  7410 I PTCommittedOperation: Receive new configuration for com.google.android.gms.firebase.auth
12-12 13:32:59.512  7299  7729 I SettingsChangedIntentOp: SettingsChangedIntentOperation.run: Got intent Intent { act=com.google.android.gms.phenotype.COMMITTED flg=0x10 pkg=com.google.android.gms cmp=com.google.android.gms/.chimera.GmsIntentOperationService (has extras) }
12-12 13:32:59.512  7299  7729 I SettingsChangedIntentOp: SettingsChangedIntentOperation.run Intent extra com.google.android.gms.phenotype.PACKAGE_NAME: com.google.android.gms.firebase.auth
12-12 13:32:59.512  7299  7729 I SettingsChangedIntentOp: Action: com.google.android.gms.phenotype.COMMITTED
12-12 13:32:59.513  7299  7729 I SettingsChangedIntentOp: EXTRA_PACKAGE_NAME: com.google.android.gms.firebase.auth
12-12 13:32:59.521  8008  8165 W dex2oat : Compilation of boolean com.google.android.gms.ads.internal.video.gmsg.p.a(java.lang.String) took 212.893ms
12-12 13:32:59.539  7225  7231 I art     : Do partial code cache collection, code=232KB, data=211KB
12-12 13:32:59.562  7225  7231 I art     : After code cache collection, code=232KB, data=211KB
12-12 13:32:59.562  7225  7231 I art     : Increasing code cache capacity to 1024KB
12-12 13:32:59.581  7299  7532 I Icing   : Indexing done 3B15565A81F65C4722AE8EFD721DC40287609F7C
12-12 13:32:59.587  7299  7532 I Icing   : Indexing EFE60EDDF088D6B2278CAD4BB1172D94C5C5D4EF from com.google.android.gms
12-12 13:32:59.594  7225  7496 I NetRec  : [522] ConfigChangedIntentOperation.onHandleIntent: Handling a Phenotype update
12-12 13:32:59.594  7225  7496 I NetRec  : [522] zku.b: onConfigChanged()
12-12 13:32:59.608  7299  7532 I Icing   : Indexing done EFE60EDDF088D6B2278CAD4BB1172D94C5C5D4EF
12-12 13:32:59.616  7299  8180 I SettingsChangedIntentOp: SettingsChangedIntentOperation.run: Got intent Intent { act=com.google.android.gms.phenotype.COMMITTED flg=0x10 pkg=com.google.android.gms cmp=com.google.android.gms/.chimera.GmsIntentOperationService (has extras) }
12-12 13:32:59.616  7299  8180 I SettingsChangedIntentOp: SettingsChangedIntentOperation.run Intent extra com.google.android.gms.phenotype.PACKAGE_NAME: com.google.android.gms.gcm
12-12 13:32:59.616  7299  8180 I SettingsChangedIntentOp: Action: com.google.android.gms.phenotype.COMMITTED
12-12 13:32:59.617  7299  8180 I SettingsChangedIntentOp: EXTRA_PACKAGE_NAME: com.google.android.gms.gcm
12-12 13:32:59.626  7225  7410 I PTCommittedOperation: Receive new configuration for com.google.android.gms.gcm
12-12 13:32:59.632  7299  7532 I Icing   : doRemovePackageData com.google.android.gm
12-12 13:32:59.656  7299  7416 I SettingsChangedIntentOp: SettingsChangedIntentOperation.run: Got intent Intent { act=com.google.android.gms.phenotype.COMMITTED flg=0x10 pkg=com.google.android.gms cmp=com.google.android.gms/.chimera.GmsIntentOperationService (has extras) }
12-12 13:32:59.656  7299  7416 I SettingsChangedIntentOp: SettingsChangedIntentOperation.run Intent extra com.google.android.gms.phenotype.PACKAGE_NAME: com.google.android.gms.auth_cryptauth
12-12 13:32:59.656  7299  7416 I SettingsChangedIntentOp: Action: com.google.android.gms.phenotype.COMMITTED
12-12 13:32:59.656  7299  7416 I SettingsChangedIntentOp: EXTRA_PACKAGE_NAME: com.google.android.gms.auth_cryptauth
12-12 13:32:59.692  7299  7309 W art     : Suspending all threads took: 5.103ms
12-12 13:32:59.698  7225  8183 I PTCommittedOperation: Receive new configuration for com.google.android.gms.auth_cryptauth
12-12 13:32:59.706  7299  7532 I Icing   : updateResources: need to parse unr{com.google.android.gm}
12-12 13:32:59.717  7299  8335 I SettingsChangedIntentOp: SettingsChangedIntentOperation.run: Got intent Intent { act=com.google.android.gms.phenotype.COMMITTED flg=0x10 pkg=com.google.android.gms cmp=com.google.android.gms/.chimera.GmsIntentOperationService (has extras) }
12-12 13:32:59.717  7299  8335 I SettingsChangedIntentOp: SettingsChangedIntentOperation.run Intent extra com.google.android.gms.phenotype.PACKAGE_NAME: com.google.android.gms.ulr
12-12 13:32:59.717  7299  8335 I SettingsChangedIntentOp: Action: com.google.android.gms.phenotype.COMMITTED
12-12 13:32:59.718  7299  8335 I SettingsChangedIntentOp: EXTRA_PACKAGE_NAME: com.google.android.gms.ulr
12-12 13:32:59.739  7225  8400 I PTCommittedOperation: Receive new configuration for com.google.android.gms.ulr
12-12 13:32:59.741  7225  8400 I GCoreUlr: Starting service, intent=Intent { act=com.google.android.location.reporting.ACTION_UPDATE_WORLD cmp=com.google.android.gms/com.google.android.location.reporting.service.DispatchingService (has extras) }, extras=Bundle[{receiverAction=com.google.gservices.intent.action.GSERVICES_CHANGED}]
12-12 13:32:59.752  7225  8328 W ConfigurationChimeraPro: Got null configs for com.google.android.gms.auth_managed
12-12 13:32:59.765  7299  7736 I SettingsChangedIntentOp: SettingsChangedIntentOperation.run: Got intent Intent { act=com.google.android.gms.phenotype.COMMITTED flg=0x10 pkg=com.google.android.gms cmp=com.google.android.gms/.chimera.GmsIntentOperationService (has extras) }
12-12 13:32:59.765  7299  7736 I SettingsChangedIntentOp: SettingsChangedIntentOperation.run Intent extra com.google.android.gms.phenotype.PACKAGE_NAME: com.google.android.gms.nearby
12-12 13:32:59.765  7299  7736 I SettingsChangedIntentOp: Action: com.google.android.gms.phenotype.COMMITTED
12-12 13:32:59.765  7299  7736 I SettingsChangedIntentOp: EXTRA_PACKAGE_NAME: com.google.android.gms.nearby
12-12 13:32:59.815  7225  7434 E NetworkScheduler: ignoring stale queue check message
12-12 13:32:59.831  7225  8400 I PTCommittedOperation: Receive new configuration for com.google.android.gms.nearby
12-12 13:32:59.837  7299  7735 I SettingsChangedIntentOp: SettingsChangedIntentOperation.run: Got intent Intent { act=com.google.android.gms.phenotype.COMMITTED flg=0x10 pkg=com.google.android.gms cmp=com.google.android.gms/.chimera.GmsIntentOperationService (has extras) }
12-12 13:32:59.837  7299  7735 I SettingsChangedIntentOp: SettingsChangedIntentOperation.run Intent extra com.google.android.gms.phenotype.PACKAGE_NAME: com.google.android.gms.trustlet_onbody
12-12 13:32:59.837  7299  7735 I SettingsChangedIntentOp: Action: com.google.android.gms.phenotype.COMMITTED
12-12 13:32:59.837  7299  7735 I SettingsChangedIntentOp: EXTRA_PACKAGE_NAME: com.google.android.gms.trustlet_onbody
12-12 13:32:59.840  7225  7835 I GCoreUlr: WorldUpdater received intent Intent { act=com.google.android.location.reporting.ACTION_UPDATE_WORLD cmp=com.google.android.gms/com.google.android.location.reporting.service.DispatchingService (has extras) } with receiverAction com.google.gservices.intent.action.GSERVICES_CHANGED
12-12 13:32:59.876  7225  8182 I PTCommittedOperation: Receive new configuration for com.google.android.gms.trustlet_onbody
12-12 13:32:59.888  7299  7729 I SettingsChangedIntentOp: SettingsChangedIntentOperation.run: Got intent Intent { act=com.google.android.gms.phenotype.COMMITTED flg=0x10 pkg=com.google.android.gms cmp=com.google.android.gms/.chimera.GmsIntentOperationService (has extras) }
12-12 13:32:59.888  7299  7729 I SettingsChangedIntentOp: SettingsChangedIntentOperation.run Intent extra com.google.android.gms.phenotype.PACKAGE_NAME: com.google.android.location
12-12 13:32:59.888  7299  7729 I SettingsChangedIntentOp: Action: com.google.android.gms.phenotype.COMMITTED
12-12 13:32:59.888  7299  7729 I SettingsChangedIntentOp: EXTRA_PACKAGE_NAME: com.google.android.location
12-12 13:32:59.928  7225  8328 I PTCommittedOperation: Receive new configuration for com.google.android.location
12-12 13:32:59.946  7225  8328 I PTCommittedOperation: Receive new configuration for com.google.android.gms.telephonyspam
12-12 13:32:59.946  7299  7735 I SettingsChangedIntentOp: SettingsChangedIntentOperation.run: Got intent Intent { act=com.google.android.gms.phenotype.COMMITTED flg=0x10 pkg=com.google.android.gms cmp=com.google.android.gms/.chimera.GmsIntentOperationService (has extras) }
12-12 13:32:59.946  7299  7735 I SettingsChangedIntentOp: SettingsChangedIntentOperation.run Intent extra com.google.android.gms.phenotype.PACKAGE_NAME: com.google.android.gms.telephonyspam
12-12 13:32:59.946  7299  7735 I SettingsChangedIntentOp: Action: com.google.android.gms.phenotype.COMMITTED
12-12 13:32:59.946  7299  7735 I SettingsChangedIntentOp: EXTRA_PACKAGE_NAME: com.google.android.gms.telephonyspam
12-12 13:32:59.946  7299  7735 I SettingsChangedIntentOp: telephonyspam phenotype flag changed
12-12 13:32:59.946  7299  7735 I SpamListSync: schedulePeriodicTask
12-12 13:33:00.023  7299  7838 I SettingsChangedIntentOp: SettingsChangedIntentOperation.run: Got intent Intent { act=com.google.android.gms.phenotype.COMMITTED flg=0x10 pkg=com.google.android.gms cmp=com.google.android.gms/.chimera.GmsIntentOperationService (has extras) }
12-12 13:33:00.023  7299  7838 I SettingsChangedIntentOp: SettingsChangedIntentOperation.run Intent extra com.google.android.gms.phenotype.PACKAGE_NAME: com.google.android.gms.smartdevice
12-12 13:33:00.024  7299  7838 I SettingsChangedIntentOp: Action: com.google.android.gms.phenotype.COMMITTED
12-12 13:33:00.024  7299  7838 I SettingsChangedIntentOp: EXTRA_PACKAGE_NAME: com.google.android.gms.smartdevice
12-12 13:33:00.055  7225  8182 I NetRec  : [622] ConfigChangedIntentOperation.onHandleIntent: Handling a Phenotype update
12-12 13:33:00.057  7225  8400 I PTCommittedOperation: Receive new configuration for com.google.android.gms.smartdevice
12-12 13:33:00.058  7225  8182 I NetRec  : [622] zku.b: onConfigChanged()
12-12 13:33:00.060  7225  7496 W ConfigurationChimeraPro: Got null configs for com.google.android.gms.auth_managed
12-12 13:33:00.065  7299  7736 I SettingsChangedIntentOp: SettingsChangedIntentOperation.run: Got intent Intent { act=com.google.android.gms.phenotype.COMMITTED flg=0x10 pkg=com.google.android.gms cmp=com.google.android.gms/.chimera.GmsIntentOperationService (has extras) }
12-12 13:33:00.065  7299  7736 I SettingsChangedIntentOp: SettingsChangedIntentOperation.run Intent extra com.google.android.gms.phenotype.PACKAGE_NAME: com.google.android.gms.people.ui
12-12 13:33:00.065  7299  7736 I SettingsChangedIntentOp: Action: com.google.android.gms.phenotype.COMMITTED
12-12 13:33:00.065  7299  7736 I SettingsChangedIntentOp: EXTRA_PACKAGE_NAME: com.google.android.gms.people.ui
12-12 13:33:00.085  7225  7496 I PTCommittedOperation: Receive new configuration for com.google.android.gms.people.ui
12-12 13:33:00.096  7225  7835 I GCoreUlr: WorldUpdater:com.google.gservices.intent.action.GSERVICES_CHANGED: Ensuring that reporting is stopped because of reasons: (no Google accounts)
12-12 13:33:00.101  7299  7838 I SettingsChangedIntentOp: SettingsChangedIntentOperation.run: Got intent Intent { act=com.google.android.gms.phenotype.COMMITTED flg=0x10 pkg=com.google.android.gms cmp=com.google.android.gms/.chimera.GmsIntentOperationService (has extras) }
12-12 13:33:00.101  7299  7838 I SettingsChangedIntentOp: SettingsChangedIntentOperation.run Intent extra com.google.android.gms.phenotype.PACKAGE_NAME: com.google.android.gms.herrevad
12-12 13:33:00.101  7299  7838 I SettingsChangedIntentOp: Action: com.google.android.gms.phenotype.COMMITTED
12-12 13:33:00.101  7299  7838 I SettingsChangedIntentOp: EXTRA_PACKAGE_NAME: com.google.android.gms.herrevad
12-12 13:33:00.126  7225  7835 I GCoreUlr: Unbound from all location providers
12-12 13:33:00.126  7225  7835 I GCoreUlr: Place inference reporting - stop
12-12 13:33:00.164  7225  8183 I PTCommittedOperation: Receive new configuration for com.google.android.gms.herrevad
12-12 13:33:00.169  7225  7835 I GCoreUlr: DispatchingService ignoring Intent { act=android.net.wifi.WIFI_STATE_CHANGED flg=0x4000010 (has extras) } because ULR inactive
12-12 13:33:00.177  7225  7225 I GCoreUlr: Stopping handler for UlrDispSvcFast
12-12 13:33:00.184  7225  7225 I GCoreUlr: Unbound from all location providers
12-12 13:33:00.185  7225  7225 I GCoreUlr: Place inference reporting - stop
12-12 13:33:00.227  7225  7236 W art     : Suspending all threads took: 18.861ms
12-12 13:33:00.245  7225  7236 I art     : Background sticky concurrent mark sweep GC freed 36974(3MB) AllocSpace objects, 6(120KB) LOS objects, 28% free, 10MB/14MB, paused 19.970ms total 68.190ms
12-12 13:33:00.280  1040  1050 I art     : Background partial concurrent mark sweep GC freed 105641(6MB) AllocSpace objects, 1(20KB) LOS objects, 33% free, 16MB/25MB, paused 1.053ms total 102.119ms
12-12 13:33:00.322  7225  8182 I NetRec  : [622] ConfigChangedIntentOperation.onHandleIntent: Handling a Phenotype update
12-12 13:33:00.322  7225  8182 I NetRec  : [622] zku.b: onConfigChanged()
12-12 13:33:00.324  7225  7496 W ConfigurationChimeraPro: Got null configs for com.google.android.gms.auth_managed
12-12 13:33:00.331  7299  8180 I SettingsChangedIntentOp: SettingsChangedIntentOperation.run: Got intent Intent { act=com.google.android.gms.phenotype.COMMITTED flg=0x10 pkg=com.google.android.gms cmp=com.google.android.gms/.chimera.GmsIntentOperationService (has extras) }
12-12 13:33:00.331  7299  8180 I SettingsChangedIntentOp: SettingsChangedIntentOperation.run Intent extra com.google.android.gms.phenotype.PACKAGE_NAME: com.google.android.gms.mobile_data_plan
12-12 13:33:00.331  7299  8180 I SettingsChangedIntentOp: Action: com.google.android.gms.phenotype.COMMITTED
12-12 13:33:00.331  7299  8180 I SettingsChangedIntentOp: EXTRA_PACKAGE_NAME: com.google.android.gms.mobile_data_plan
12-12 13:33:00.334  7225  8400 I PTCommittedOperation: Receive new configuration for com.google.android.gms.mobile_data_plan
12-12 13:33:00.368  7299  7532 I Icing   : Usage reports ok 0, Failed Usage reports 0, indexed 0, rejected 0, imm upload false
12-12 13:33:00.409  7299  7532 I Icing   : Usage reports ok 0, Failed Usage reports 0, indexed 0, rejected 0, imm upload false
12-12 13:33:00.430  8401  8401 D AndroidRuntime: >>>>>> START com.android.internal.os.RuntimeInit uid 2000 <<<<<<
12-12 13:33:00.433  8401  8401 D AndroidRuntime: CheckJNI is OFF
12-12 13:33:00.461  7299  7532 I Icing   : Usage reports ok 0, Failed Usage reports 0, indexed 0, rejected 0, imm upload false
12-12 13:33:00.480  7225  8182 I NetRec  : [622] ConfigChangedIntentOperation.onHandleIntent: Handling a Phenotype update
12-12 13:33:00.481  7225  8182 I NetRec  : [622] zku.b: onConfigChanged()
12-12 13:33:00.482  7225  8183 W ConfigurationChimeraPro: Got null configs for com.google.android.gms.auth_managed
12-12 13:33:00.485  7299  7736 I SettingsChangedIntentOp: SettingsChangedIntentOperation.run: Got intent Intent { act=com.google.android.gms.phenotype.COMMITTED flg=0x10 pkg=com.google.android.gms cmp=com.google.android.gms/.chimera.GmsIntentOperationService (has extras) }
12-12 13:33:00.485  7299  7736 I SettingsChangedIntentOp: SettingsChangedIntentOperation.run Intent extra com.google.android.gms.phenotype.PACKAGE_NAME: com.google.android.gms.udc
12-12 13:33:00.485  7299  7736 I SettingsChangedIntentOp: Action: com.google.android.gms.phenotype.COMMITTED
12-12 13:33:00.485  7299  7736 I SettingsChangedIntentOp: EXTRA_PACKAGE_NAME: com.google.android.gms.udc
12-12 13:33:00.486  8401  8401 D ICU     : No timezone override file found: /data/misc/zoneinfo/current/icu/icu_tzdata.dat
12-12 13:33:00.494  7225  8183 I PTCommittedOperation: Receive new configuration for com.google.android.gms.udc
12-12 13:33:00.509  8401  8401 I Radio-JNI: register_android_hardware_Radio DONE
12-12 13:33:00.520  8401  8401 D AndroidRuntime: Calling main entry com.android.commands.pm.Pm
12-12 13:33:00.533  8401  8401 I art     : System.exit called, status: 0
12-12 13:33:00.533  8401  8401 I AndroidRuntime: VM exiting with result code 0.
12-12 13:33:00.559  8008  8164 W dex2oat : Compilation of void com.google.android.gms.ads.nonagon.p.<init>(com.google.android.gms.ads.nonagon.t) took 104.110ms
12-12 13:33:00.573  7299  7532 I Icing   : Usage reports ok 0, Failed Usage reports 0, indexed 0, rejected 0, imm upload false
12-12 13:33:00.671  7225  7496 I NetRec  : [522] ConfigChangedIntentOperation.onHandleIntent: Handling a Phenotype update
12-12 13:33:00.671  7225  7496 I NetRec  : [522] zku.b: onConfigChanged()
12-12 13:33:00.673  7299  8180 I SettingsChangedIntentOp: SettingsChangedIntentOperation.run: Got intent Intent { act=com.google.android.gms.phenotype.COMMITTED flg=0x10 pkg=com.google.android.gms cmp=com.google.android.gms/.chimera.GmsIntentOperationService (has extras) }
12-12 13:33:00.673  7299  8180 I SettingsChangedIntentOp: SettingsChangedIntentOperation.run Intent extra com.google.android.gms.phenotype.PACKAGE_NAME: com.google.android.gms.octarine
12-12 13:33:00.673  7299  8180 I SettingsChangedIntentOp: Action: com.google.android.gms.phenotype.COMMITTED
12-12 13:33:00.673  7299  8180 I SettingsChangedIntentOp: EXTRA_PACKAGE_NAME: com.google.android.gms.octarine
12-12 13:33:00.675  7299  7532 I Icing   : Indexing done 356B25A17E14ED7A34BAC151497D5366089701CB
12-12 13:33:00.679  7225  8182 W ConfigurationChimeraPro: Got null configs for com.google.android.gms.auth_managed
12-12 13:33:00.682  7225  8328 I PTCommittedOperation: Receive new configuration for com.google.android.gms.octarine
12-12 13:33:00.823  7225  7496 I NetRec  : [522] ConfigChangedIntentOperation.onHandleIntent: Handling a Phenotype update
12-12 13:33:00.827  7225  7496 I NetRec  : [522] zku.b: onConfigChanged()
12-12 13:33:00.830  7299  8180 I SettingsChangedIntentOp: SettingsChangedIntentOperation.run: Got intent Intent { act=com.google.android.gms.phenotype.COMMITTED flg=0x10 pkg=com.google.android.gms cmp=com.google.android.gms/.chimera.GmsIntentOperationService (has extras) }
12-12 13:33:00.830  7299  8180 I SettingsChangedIntentOp: SettingsChangedIntentOperation.run Intent extra com.google.android.gms.phenotype.PACKAGE_NAME: com.google.android.gms.cast
12-12 13:33:00.830  7299  8180 I SettingsChangedIntentOp: Action: com.google.android.gms.phenotype.COMMITTED
12-12 13:33:00.831  7299  8180 I SettingsChangedIntentOp: EXTRA_PACKAGE_NAME: com.google.android.gms.cast
12-12 13:33:00.839  7225  8183 W ConfigurationChimeraPro: Got null configs for com.google.android.gms.auth_managed
12-12 13:33:00.861  7225  8327 I PTCommittedOperation: Receive new configuration for com.google.android.gms.cast
12-12 13:33:01.013  7225  7243 I GeofencerStateMachine: removeGeofences: removeRequest=RemoveGeofencingRequest[REMOVE_BY_IDS Ids=[atn_geofence_request_id], packageName=com.google.android.apps.maps]
12-12 13:33:01.053  7225  8421 W ConfigurationChimeraPro: Got null configs for com.google.android.gms.auth.account.base
12-12 13:33:01.057  7225  8328 I NetRec  : [648] ConfigChangedIntentOperation.onHandleIntent: Handling a Phenotype update
12-12 13:33:01.057  7225  8328 I NetRec  : [648] zku.b: onConfigChanged()
12-12 13:33:01.065  7225  7496 W ConfigurationChimeraPro: Got null configs for com.google.android.gms.auth_managed
12-12 13:33:01.070  7299  7739 I SettingsChangedIntentOp: SettingsChangedIntentOperation.run: Got intent Intent { act=com.google.android.gms.phenotype.COMMITTED flg=0x10 pkg=com.google.android.gms cmp=com.google.android.gms/.chimera.GmsIntentOperationService (has extras) }
12-12 13:33:01.070  7299  7739 I SettingsChangedIntentOp: SettingsChangedIntentOperation.run Intent extra com.google.android.gms.phenotype.PACKAGE_NAME: com.google.android.gms.clearcut.public
12-12 13:33:01.070  7299  7739 I SettingsChangedIntentOp: Action: com.google.android.gms.phenotype.COMMITTED
12-12 13:33:01.070  7299  7739 I SettingsChangedIntentOp: EXTRA_PACKAGE_NAME: com.google.android.gms.clearcut.public
12-12 13:33:01.082  7225  8327 I PTCommittedOperation: Receive new configuration for com.google.android.gms.clearcut.public
12-12 13:33:01.277  7225  8400 I NetRec  : [659] ConfigChangedIntentOperation.onHandleIntent: Handling a Phenotype update
12-12 13:33:01.278  7225  8400 I NetRec  : [659] zku.b: onConfigChanged()
12-12 13:33:01.284  7225  8328 W ConfigurationChimeraPro: Got null configs for com.google.android.gms.auth_managed
12-12 13:33:01.294  7225  8183 I PTCommittedOperation: Receive new configuration for com.google.android.gms.instantapps
12-12 13:33:01.299  7299  7735 I SettingsChangedIntentOp: SettingsChangedIntentOperation.run: Got intent Intent { act=com.google.android.gms.phenotype.COMMITTED flg=0x10 pkg=com.google.android.gms cmp=com.google.android.gms/.chimera.GmsIntentOperationService (has extras) }
12-12 13:33:01.300  7299  7735 I SettingsChangedIntentOp: SettingsChangedIntentOperation.run Intent extra com.google.android.gms.phenotype.PACKAGE_NAME: com.google.android.gms.instantapps
12-12 13:33:01.300  7299  7735 I SettingsChangedIntentOp: Action: com.google.android.gms.phenotype.COMMITTED
12-12 13:33:01.300  7299  7735 I SettingsChangedIntentOp: EXTRA_PACKAGE_NAME: com.google.android.gms.instantapps
12-12 13:33:01.439  7225  7434 E NetworkScheduler: ignoring stale queue check message
12-12 13:33:01.495  7299  7309 W art     : Suspending all threads took: 9.804ms
12-12 13:33:01.526  7225  8400 I NetRec  : [659] ConfigChangedIntentOperation.onHandleIntent: Handling a Phenotype update
12-12 13:33:01.527  7225  8400 I NetRec  : [659] zku.b: onConfigChanged()
12-12 13:33:01.540  7299  8335 I SettingsChangedIntentOp: SettingsChangedIntentOperation.run: Got intent Intent { act=com.google.android.gms.phenotype.COMMITTED flg=0x10 pkg=com.google.android.gms cmp=com.google.android.gms/.chimera.GmsIntentOperationService (has extras) }
12-12 13:33:01.541  7299  8335 I SettingsChangedIntentOp: SettingsChangedIntentOperation.run Intent extra com.google.android.gms.phenotype.PACKAGE_NAME: com.google.android.gms.wallet
12-12 13:33:01.541  7299  8335 I SettingsChangedIntentOp: Action: com.google.android.gms.phenotype.COMMITTED
12-12 13:33:01.541  7299  8335 I SettingsChangedIntentOp: EXTRA_PACKAGE_NAME: com.google.android.gms.wallet
12-12 13:33:01.542  7225  7496 I PTCommittedOperation: Receive new configuration for com.google.android.gms.wallet
12-12 13:33:01.587  7225  8183 W ConfigurationChimeraPro: Got null configs for com.google.android.gms.auth_managed
12-12 13:33:01.677  7299  7532 I Icing   : Indexing 356B25A17E14ED7A34BAC151497D5366089701CB from com.google.android.gms
12-12 13:33:01.718  7299  7532 I Icing   : Indexing done 356B25A17E14ED7A34BAC151497D5366089701CB
12-12 13:33:01.721  7225  8182 I NetRec  : [622] ConfigChangedIntentOperation.onHandleIntent: Handling a Phenotype update
12-12 13:33:01.721  7225  8182 I NetRec  : [622] zku.b: onConfigChanged()
12-12 13:33:01.728  7299  7736 I SettingsChangedIntentOp: SettingsChangedIntentOperation.run: Got intent Intent { act=com.google.android.gms.phenotype.COMMITTED flg=0x10 pkg=com.google.android.gms cmp=com.google.android.gms/.chimera.GmsIntentOperationService (has extras) }
12-12 13:33:01.728  7299  7736 I SettingsChangedIntentOp: SettingsChangedIntentOperation.run Intent extra com.google.android.gms.phenotype.PACKAGE_NAME: com.google.android.gms.smart_profile
12-12 13:33:01.729  7299  7736 I SettingsChangedIntentOp: Action: com.google.android.gms.phenotype.COMMITTED
12-12 13:33:01.729  7299  7736 I SettingsChangedIntentOp: EXTRA_PACKAGE_NAME: com.google.android.gms.smart_profile
12-12 13:33:01.730  7225  7496 I PTCommittedOperation: Receive new configuration for com.google.android.gms.smart_profile
12-12 13:33:01.745  7225  8400 W ConfigurationChimeraPro: Got null configs for com.google.android.gms.auth_managed
12-12 13:33:01.815  8428  8428 I dex2oat : /system/bin/dex2oat --dex-file=/data/user/0/com.google.android.gms/cache/1505450608132.jar --oat-fd=121 --oat-location=/data/user/0/com.google.android.gms/cache/1505450608132.dex --compiler-filter=speed
12-12 13:33:01.931  7225  8400 I NetRec  : [659] ConfigChangedIntentOperation.onHandleIntent: Handling a Phenotype update
12-12 13:33:01.932  7225  8400 I NetRec  : [659] zku.b: onConfigChanged()
12-12 13:33:01.940  7225  8327 I PTCommittedOperation: Receive new configuration for com.google.android.gms.walletp2p#config
12-12 13:33:01.940  7299  7729 I SettingsChangedIntentOp: SettingsChangedIntentOperation.run: Got intent Intent { act=com.google.android.gms.phenotype.COMMITTED flg=0x10 pkg=com.google.android.gms cmp=com.google.android.gms/.chimera.GmsIntentOperationService (has extras) }
12-12 13:33:01.940  7299  7729 I SettingsChangedIntentOp: SettingsChangedIntentOperation.run Intent extra com.google.android.gms.phenotype.PACKAGE_NAME: com.google.android.gms.walletp2p#config
12-12 13:33:01.940  7299  7729 I SettingsChangedIntentOp: Action: com.google.android.gms.phenotype.COMMITTED
12-12 13:33:01.940  7299  7729 I SettingsChangedIntentOp: EXTRA_PACKAGE_NAME: com.google.android.gms.walletp2p#config
12-12 13:33:01.961  7225  8182 W ConfigurationChimeraPro: Got null configs for com.google.android.gms.auth_managed
12-12 13:33:02.007  8430  8430 D AndroidRuntime: >>>>>> START com.android.internal.os.RuntimeInit uid 2000 <<<<<<
12-12 13:33:02.010  8430  8430 D AndroidRuntime: CheckJNI is OFF
12-12 13:33:02.063  8430  8430 D ICU     : No timezone override file found: /data/misc/zoneinfo/current/icu/icu_tzdata.dat
12-12 13:33:02.085  8430  8430 I Radio-JNI: register_android_hardware_Radio DONE
12-12 13:33:02.097  8430  8430 D AndroidRuntime: Calling main entry com.android.commands.pm.Pm
12-12 13:33:02.106   625   625 I         : free_cache(2144835) avail 24782155776
12-12 13:33:02.151  7225  8429 W GoogleSignatureVerifier: Package has more than one signature.
12-12 13:33:02.151  7225  8429 W GoogleSignatureVerifier: Package has more than one signature.
12-12 13:33:02.210  7299  7735 I SettingsChangedIntentOp: SettingsChangedIntentOperation.run: Got intent Intent { act=com.google.android.gms.phenotype.COMMITTED flg=0x10 pkg=com.google.android.gms cmp=com.google.android.gms/.chimera.GmsIntentOperationService (has extras) }
12-12 13:33:02.210  7299  7735 I SettingsChangedIntentOp: SettingsChangedIntentOperation.run Intent extra com.google.android.gms.phenotype.PACKAGE_NAME: com.google.android.gms.reachability
12-12 13:33:02.211  7299  7735 I SettingsChangedIntentOp: Action: com.google.android.gms.phenotype.COMMITTED
12-12 13:33:02.211  7299  7735 I SettingsChangedIntentOp: EXTRA_PACKAGE_NAME: com.google.android.gms.reachability
12-12 13:33:02.212  7225  8183 I PTCommittedOperation: Receive new configuration for com.google.android.gms.reachability
12-12 13:33:02.213  7225  8327 I NetRec  : [647] ConfigChangedIntentOperation.onHandleIntent: Handling a Phenotype update
12-12 13:33:02.213  7225  8327 I NetRec  : [647] zku.b: onConfigChanged()
12-12 13:33:02.220  7225  8400 W ConfigurationChimeraPro: Got null configs for com.google.android.gms.auth_managed
12-12 13:33:02.333  8008  8008 W dex2oat : Compilation of java.lang.Object yt.a(int, java.lang.Object, java.lang.Object) took 136.951ms
12-12 13:33:02.397  7225  8400 I NetRec  : [659] ConfigChangedIntentOperation.onHandleIntent: Handling a Phenotype update
12-12 13:33:02.398  7225  8400 I NetRec  : [659] zku.b: onConfigChanged()
12-12 13:33:02.406  7299  7736 I SettingsChangedIntentOp: SettingsChangedIntentOperation.run: Got intent Intent { act=com.google.android.gms.phenotype.COMMITTED flg=0x10 pkg=com.google.android.gms cmp=com.google.android.gms/.chimera.GmsIntentOperationService (has extras) }
12-12 13:33:02.406  7299  7736 I SettingsChangedIntentOp: SettingsChangedIntentOperation.run Intent extra com.google.android.gms.phenotype.PACKAGE_NAME: com.google.android.gms.places
12-12 13:33:02.406  7299  7736 I SettingsChangedIntentOp: Action: com.google.android.gms.phenotype.COMMITTED
12-12 13:33:02.407  7299  7736 I SettingsChangedIntentOp: EXTRA_PACKAGE_NAME: com.google.android.gms.places
12-12 13:33:02.412  7225  8327 W ConfigurationChimeraPro: Got null configs for com.google.android.gms.auth_managed
12-12 13:33:02.421  7225  8183 I PTCommittedOperation: Receive new configuration for com.google.android.gms.places
12-12 13:33:02.455  8428  8443 W dex2oat : Compilation of java.lang.String com.google.android.ads.zxxz.o.a(java.lang.StackTraceElement[]) took 111.484ms
12-12 13:33:02.473  1040  1122 W PackageParser: Unknown element under <manifest>: meta-data at /data/app/vmdl473514442.tmp/base.apk Binary XML file line #18
12-12 13:33:02.478  8428  8444 W dex2oat : Compilation of java.nio.ByteBuffer com.google.android.ads.zxxz.c.a(android.content.Context) took 129.887ms
12-12 13:33:02.479  1040  1122 I PackageManager.DexOptimizer: Running dexopt (dex2oat) on: /data/app/vmdl473514442.tmp/base.apk pkg=com.example.snoopy isa=arm64 vmSafeMode=false debuggable=true target-filter=interpret-only oatDir = /data/app/vmdl473514442.tmp/oat sharedLibraries=null
12-12 13:33:02.499  8447  8447 I dex2oat : /system/bin/dex2oat --compiler-filter=interpret-only --debuggable
12-12 13:33:02.526  8428  8428 I dex2oat : dex2oat took 712.726ms (threads: 4) arena alloc=613KB (628568B) java alloc=64KB (66552B) native alloc=1005KB (1029240B) free=2MB (2640776B)
12-12 13:33:02.572  7225  8183 I NetRec  : [623] ConfigChangedIntentOperation.onHandleIntent: Handling a Phenotype update
12-12 13:33:02.573  7225  8183 I NetRec  : [623] zku.b: onConfigChanged()
12-12 13:33:02.586  7225  8182 I PTCommittedOperation: Receive new configuration for com.google.android.gms.netrec
12-12 13:33:02.588  7299  7739 I SettingsChangedIntentOp: SettingsChangedIntentOperation.run: Got intent Intent { act=com.google.android.gms.phenotype.COMMITTED flg=0x10 pkg=com.google.android.gms cmp=com.google.android.gms/.chimera.GmsIntentOperationService (has extras) }
12-12 13:33:02.588  7299  7739 I SettingsChangedIntentOp: SettingsChangedIntentOperation.run Intent extra com.google.android.gms.phenotype.PACKAGE_NAME: com.google.android.gms.netrec
12-12 13:33:02.588  7299  7739 I SettingsChangedIntentOp: Action: com.google.android.gms.phenotype.COMMITTED
12-12 13:33:02.588  7299  7739 I SettingsChangedIntentOp: EXTRA_PACKAGE_NAME: com.google.android.gms.netrec
12-12 13:33:02.603  7225  8400 W ConfigurationChimeraPro: Got null configs for com.google.android.gms.auth_managed
12-12 13:33:02.616  7225  8183 I NetRec  : [623] zku.b: Cancelling all NetRec GCM tasks
12-12 13:33:02.633  7225  8400 I NetRec  : [659] ClearDatabaseService.onHandleIntent: Clearing score cache
12-12 13:33:02.653  7225  8400 I NetRec  : [659] zob.<init>: Generating AES key
12-12 13:33:02.653  7225  8400 I NetRec  : [659] zob.<init>: Generating HMAC key
12-12 13:33:02.658  7299  8422 W art     : Before Android 4.1, method double java.util.concurrent.ThreadLocalRandom.internalNextDouble(double, double) would have incorrectly overridden the package-private method in java.util.Random
12-12 13:33:02.658  7299  8422 W art     : Before Android 4.1, method int java.util.concurrent.ThreadLocalRandom.internalNextInt(int, int) would have incorrectly overridden the package-private method in java.util.Random
12-12 13:33:02.658  7299  8422 W art     : Before Android 4.1, method long java.util.concurrent.ThreadLocalRandom.internalNextLong(long, long) would have incorrectly overridden the package-private method in java.util.Random
12-12 13:33:02.668  7225  8400 W NetRec  : [659] zof.a: Setting current/known encrypter
12-12 13:33:02.690  7225  8182 I NetRec  : [622] ConfigChangedIntentOperation.onHandleIntent: Handling a Phenotype update
12-12 13:33:02.690  7225  8182 I NetRec  : [622] zku.b: onConfigChanged()
12-12 13:33:02.695  7299  7838 I SettingsChangedIntentOp: SettingsChangedIntentOperation.run: Got intent Intent { act=com.google.android.gms.phenotype.COMMITTED flg=0x10 pkg=com.google.android.gms cmp=com.google.android.gms/.chimera.GmsIntentOperationService (has extras) }
12-12 13:33:02.695  7299  7838 I SettingsChangedIntentOp: SettingsChangedIntentOperation.run Intent extra com.google.android.gms.phenotype.PACKAGE_NAME: com.google.android.gms.matchstick
12-12 13:33:02.695  7299  7838 I SettingsChangedIntentOp: Action: com.google.android.gms.phenotype.COMMITTED
12-12 13:33:02.695  7299  7838 I SettingsChangedIntentOp: EXTRA_PACKAGE_NAME: com.google.android.gms.matchstick
12-12 13:33:02.696  7225  8328 I PTCommittedOperation: Receive new configuration for com.google.android.gms.matchstick
12-12 13:33:02.708  7225  8183 W ConfigurationChimeraPro: Got null configs for com.google.android.gms.auth_managed
12-12 13:33:02.735  7225  8429 W GoogleSignatureVerifier: Package has more than one signature.
12-12 13:33:02.735  7225  8429 W GoogleSignatureVerifier: Package has more than one signature.
12-12 13:33:02.749  7225  8182 I NetRec  : [622] zku.b: Cancelling all NetRec GCM tasks
12-12 13:33:02.791  8447  8447 W dex2oat : Before Android 4.1, method int android.support.v7.widget.ListViewCompat.lookForSelectablePosition(int, boolean) would have incorrectly overridden the package-private method in android.widget.ListView
12-12 13:33:02.796  7225  8183 I NetRec  : [623] ClearDatabaseService.onHandleIntent: Clearing score cache
12-12 13:33:02.845  8447  8452 W dex2oat : Before Android 4.1, method android.graphics.PorterDuffColorFilter android.support.graphics.drawable.VectorDrawableCompat.updateTintFilter(android.graphics.PorterDuffColorFilter, android.content.res.ColorStateList, android.graphics.PorterDuff$Mode) would have incorrectly overridden the package-private method in android.graphics.drawable.Drawable
12-12 13:33:02.896  7225  8183 I NetRec  : [623] ConfigChangedIntentOperation.onHandleIntent: Handling a Phenotype update
12-12 13:33:02.896  7225  8183 I NetRec  : [623] zku.b: onConfigChanged()
12-12 13:33:02.910  7225  7496 I PTCommittedOperation: Receive new configuration for com.google.android.gms.wearable
12-12 13:33:02.911  7299  7416 I SettingsChangedIntentOp: SettingsChangedIntentOperation.run: Got intent Intent { act=com.google.android.gms.phenotype.COMMITTED flg=0x10 pkg=com.google.android.gms cmp=com.google.android.gms/.chimera.GmsIntentOperationService (has extras) }
12-12 13:33:02.912  7299  7416 I SettingsChangedIntentOp: SettingsChangedIntentOperation.run Intent extra com.google.android.gms.phenotype.PACKAGE_NAME: com.google.android.gms.wearable
12-12 13:33:02.912  7299  7416 I SettingsChangedIntentOp: Action: com.google.android.gms.phenotype.COMMITTED
12-12 13:33:02.912  7299  7416 I SettingsChangedIntentOp: EXTRA_PACKAGE_NAME: com.google.android.gms.wearable
12-12 13:33:02.919  7225  8182 W ConfigurationChimeraPro: Got null configs for com.google.android.gms.auth_managed
12-12 13:33:02.961  7225  8183 I NetRec  : [623] zku.b: Cancelling all NetRec GCM tasks
12-12 13:33:02.979  7635  8274 D DownloadManager: [6329] Finished with status SUCCESS
12-12 13:33:02.988  7225  8400 I NetRec  : [659] ClearDatabaseService.onHandleIntent: Clearing score cache
12-12 13:33:03.063  7225  8400 I NetRec  : [659] ConfigChangedIntentOperation.onHandleIntent: Handling a Phenotype update
12-12 13:33:03.063  7225  8400 I NetRec  : [659] zku.b: onConfigChanged()
12-12 13:33:03.076  7225  8183 W ConfigurationChimeraPro: Got null configs for com.google.android.gms.auth_managed
12-12 13:33:03.095  7299  7735 I SettingsChangedIntentOp: SettingsChangedIntentOperation.run: Got intent Intent { act=com.google.android.gms.phenotype.COMMITTED flg=0x10 pkg=com.google.android.gms cmp=com.google.android.gms/.chimera.GmsIntentOperationService (has extras) }
12-12 13:33:03.095  7299  7735 I SettingsChangedIntentOp: SettingsChangedIntentOperation.run Intent extra com.google.android.gms.phenotype.PACKAGE_NAME: com.google.android.gms.googlehelp
12-12 13:33:03.095  7225  8183 I PTCommittedOperation: Receive new configuration for com.google.android.gms.googlehelp
12-12 13:33:03.095  7299  7735 I SettingsChangedIntentOp: Action: com.google.android.gms.phenotype.COMMITTED
12-12 13:33:03.095  7299  7735 I SettingsChangedIntentOp: EXTRA_PACKAGE_NAME: com.google.android.gms.googlehelp
12-12 13:33:03.109  7225  8400 I NetRec  : [659] zku.b: Cancelling all NetRec GCM tasks
12-12 13:33:03.137  8008  8008 I dex2oat : dex2oat took 13.757s (threads: 4) arena alloc=5MB (6067664B) java alloc=2MB (2845952B) native alloc=13MB (14420072B) free=8MB (8648600B)
12-12 13:33:03.158  7225  7496 I NetRec  : [522] ClearDatabaseService.onHandleIntent: Clearing score cache
12-12 13:33:03.251  7225  8182 I NetRec  : [622] ConfigChangedIntentOperation.onHandleIntent: Handling a Phenotype update
12-12 13:33:03.251  7225  8182 I NetRec  : [622] zku.b: onConfigChanged()
12-12 13:33:03.254  7225  8328 I PTCommittedOperation: Receive new configuration for com.google.android.gms.feedback
12-12 13:33:03.258  7299  7729 I SettingsChangedIntentOp: SettingsChangedIntentOperation.run: Got intent Intent { act=com.google.android.gms.phenotype.COMMITTED flg=0x10 pkg=com.google.android.gms cmp=com.google.android.gms/.chimera.GmsIntentOperationService (has extras) }
12-12 13:33:03.258  7299  7729 I SettingsChangedIntentOp: SettingsChangedIntentOperation.run Intent extra com.google.android.gms.phenotype.PACKAGE_NAME: com.google.android.gms.feedback
12-12 13:33:03.258  7299  7729 I SettingsChangedIntentOp: Action: com.google.android.gms.phenotype.COMMITTED
12-12 13:33:03.258  7299  7729 I SettingsChangedIntentOp: EXTRA_PACKAGE_NAME: com.google.android.gms.feedback
12-12 13:33:03.269  7225  8400 W ConfigurationChimeraPro: Got null configs for com.google.android.gms.auth_managed
12-12 13:33:03.286  7225  8182 I NetRec  : [622] zku.b: Cancelling all NetRec GCM tasks
12-12 13:33:03.306  7225  8400 I NetRec  : [659] ClearDatabaseService.onHandleIntent: Clearing score cache
12-12 13:33:03.333  7299  8180 I Vision  : Registration status ocr_arm64_v8a.zip: The download is pending.
12-12 13:33:03.399  7635  8105 V DownloadManager: Deleting /data/data/com.android.providers.downloads/cache/ocr_arm64_v8a-1.zip via provider delete
12-12 13:33:03.406  7299  8180 I Vision  : Download status ocr_arm64_v8a.zip: The download is pending.
12-12 13:33:03.413  7299  8180 I Vision  : Forcing download ocr_arm64_v8a.zip: The download is pending.
12-12 13:33:03.440  7299  7736 W DownloadServiceState: No pending download found for id 6319
12-12 13:33:03.463  7225  8183 I NetRec  : [623] ConfigChangedIntentOperation.onHandleIntent: Handling a Phenotype update
12-12 13:33:03.463  7225  8183 I NetRec  : [623] zku.b: onConfigChanged()
12-12 13:33:03.471  7225  7496 I PTCommittedOperation: Receive new configuration for com.google.android.gms.growth
12-12 13:33:03.478  7299  8180 I SettingsChangedIntentOp: SettingsChangedIntentOperation.run: Got intent Intent { act=com.google.android.gms.phenotype.COMMITTED flg=0x10 pkg=com.google.android.gms cmp=com.google.android.gms/.chimera.GmsIntentOperationService (has extras) }
12-12 13:33:03.478  7299  8180 I SettingsChangedIntentOp: SettingsChangedIntentOperation.run Intent extra com.google.android.gms.phenotype.PACKAGE_NAME: com.google.android.gms.growth
12-12 13:33:03.478  7299  8180 I SettingsChangedIntentOp: Action: com.google.android.gms.phenotype.COMMITTED
12-12 13:33:03.478  7299  8180 I SettingsChangedIntentOp: EXTRA_PACKAGE_NAME: com.google.android.gms.growth
12-12 13:33:03.487  7225  8400 W ConfigurationChimeraPro: Got null configs for com.google.android.gms.auth_managed
12-12 13:33:03.504  7225  8183 I NetRec  : [623] zku.b: Cancelling all NetRec GCM tasks
12-12 13:33:03.519  7225  8429 W Conscrypt: Could not set socket write timeout:
12-12 13:33:03.519  7225  8429 W Conscrypt:    java.lang.reflect.Method.invoke(Native Method)
12-12 13:33:03.519  7225  8429 W Conscrypt:    com.google.android.gms.org.conscrypt.Platform.setSocketWriteTimeout(:com.google.android.gms@11951440:13)
12-12 13:33:03.520  7299  7736 W DownloadServiceState: No pending download found for id 6319
12-12 13:33:03.540  7225  8400 I NetRec  : [659] ClearDatabaseService.onHandleIntent: Clearing score cache
12-12 13:33:03.555  7225  8429 W Conscrypt: Could not set socket write timeout:
12-12 13:33:03.555  7225  8429 W Conscrypt:    java.lang.reflect.Method.invoke(Native Method)
12-12 13:33:03.555  7225  8429 W Conscrypt:    com.google.android.gms.org.conscrypt.Platform.setSocketWriteTimeout(:com.google.android.gms@11951440:13)
12-12 13:33:03.558  7635  8105 V DownloadManager: Deleting /data/data/com.android.providers.downloads/cache/ocr_arm64_v8a.zip via provider delete
12-12 13:33:03.578  7299  7736 W DownloadServiceState: Failed to clear DownloadManager id in DownloadService
12-12 13:33:03.585  7225  7225 I WearableService: Wearable Services stopping
12-12 13:33:03.600  8465  8465 I dex2oat : /system/bin/dex2oat --dex-file=/data/user_de/0/com.google.android.gms/app_chimera/m/00000003/DynamiteModulesB_GmsCore_prodmnc_alldpi_release.apk --oat-fd=121 --oat-location=/data/user_de/0/com.google.android.gms/app_chimera/m/00000003/oat/arm64/DynamiteModulesB_GmsCore_prodmnc_alldpi_release.dex --compiler-filter=speed
12-12 13:33:03.633  7225  8400 I NetRec  : [659] ConfigChangedIntentOperation.onHandleIntent: Handling a Phenotype update
12-12 13:33:03.633  7225  8400 I NetRec  : [659] zku.b: onConfigChanged()
12-12 13:33:03.635  7225  8183 W ConfigurationChimeraPro: Got null configs for com.google.android.gms.auth_managed
12-12 13:33:03.641  7299  7729 I SettingsChangedIntentOp: SettingsChangedIntentOperation.run: Got intent Intent { act=com.google.android.gms.phenotype.COMMITTED flg=0x10 pkg=com.google.android.gms cmp=com.google.android.gms/.chimera.GmsIntentOperationService (has extras) }
12-12 13:33:03.642  7299  7729 I SettingsChangedIntentOp: SettingsChangedIntentOperation.run Intent extra com.google.android.gms.phenotype.PACKAGE_NAME: com.google.android.gms.devicedoctor
12-12 13:33:03.642  7299  7729 I SettingsChangedIntentOp: Action: com.google.android.gms.phenotype.COMMITTED
12-12 13:33:03.642  7299  7729 I SettingsChangedIntentOp: EXTRA_PACKAGE_NAME: com.google.android.gms.devicedoctor
12-12 13:33:03.663  7225  8183 I PTCommittedOperation: Receive new configuration for com.google.android.gms.devicedoctor
12-12 13:33:03.666  7225  8183 I PTCommittedOperation: Running Fixer Framework for com.google.android.gms.devicedoctor
12-12 13:33:03.676  7225  8400 I NetRec  : [659] zku.b: Cancelling all NetRec GCM tasks
12-12 13:33:03.679  7225  8328 I NetRec  : [648] ClearDatabaseService.onHandleIntent: Clearing score cache
12-12 13:33:03.682  8447  8447 I dex2oat : dex2oat took 1.183s (threads: 4) arena alloc=8KB (8392B) java alloc=4MB (4411472B) native alloc=6MB (6555064B) free=2MB (2357832B)
12-12 13:33:03.713  7225  8400 I NetRec  : [659] ConfigChangedIntentOperation.onHandleIntent: Handling a Phenotype update
12-12 13:33:03.713  7225  8400 I NetRec  : [659] zku.b: onConfigChanged()
12-12 13:33:03.911  7299  7494 I Icing   : IndexChimeraService.getServiceInterface callingPackage=com.google.android.gms componentName=AppsCorpus serviceId=36
12-12 13:33:03.912   625   625 D installd: Detected label change from u:object_r:system_data_file:s0 to u:object_r:app_data_file:s0:c512,c768 at /data/data/com.example.snoopy; running recursive restorecon
12-12 13:33:03.916   625   625 D installd: Detected label change from u:object_r:system_data_file:s0 to u:object_r:app_data_file:s0:c512,c768 at /data/user_de/0/com.example.snoopy; running recursive restorecon
12-12 13:33:03.917  7299  7677 I Icing   : IndexChimeraService.getServiceInterface callingPackage=com.google.android.gms componentName=AppsCorpus serviceId=32
12-12 13:33:03.925  1040  1122 V BackupManagerService: restoreAtInstall pkg=com.example.snoopy token=8 restoreSet=0
12-12 13:33:03.925  1040  1122 W BackupManagerService: Requested unavailable transport: com.google.android.gms/.backup.BackupTransportService
12-12 13:33:03.925  1040  1122 W BackupManagerService: No transport
12-12 13:33:03.925  1040  1122 V BackupManagerService: Finishing install immediately
12-12 13:33:03.926  1040  1122 I art     : Starting a blocking GC Explicit
12-12 13:33:03.950  7225  8400 I NetRec  : [659] zku.b: Cancelling all NetRec GCM tasks
12-12 13:33:04.005  7299  7609 I Icing   : Usage reports ok 0, Failed Usage reports 0, indexed 0, rejected 0, imm upload false
12-12 13:33:04.008  7299  7677 I Icing   : Query from com.google.android.gms package restrict com.google.android.gms start 0 num 100
12-12 13:33:04.022  7225  8328 I NetRec  : [648] ClearDatabaseService.onHandleIntent: Clearing score cache
12-12 13:33:04.046  7299  7609 I Icing   : Usage reports ok 0, Failed Usage reports 0, indexed 0, rejected 0, imm upload false
12-12 13:33:04.085  1040  1122 I art     : Explicit concurrent mark sweep GC freed 71455(4MB) AllocSpace objects, 7(140KB) LOS objects, 33% free, 16MB/24MB, paused 829us total 158.645ms
12-12 13:33:04.085   625   625 E         : Couldn't opendir /data/app/vmdl473514442.tmp: No such file or directory
12-12 13:33:04.087  1040  2091 D PackageInstaller: Ignoring abandon after commit relinquished control
12-12 13:33:04.088  8430  8430 I art     : System.exit called, status: 0
12-12 13:33:04.088  8430  8430 I AndroidRuntime: VM exiting with result code 0.
12-12 13:33:04.099  7444  7444 D BluetoothMapAppObserver: onReceive
12-12 13:33:04.099  7444  7444 D BluetoothMapAppObserver: The installed package is: com.example.snoopy
12-12 13:33:04.099  7444  7444 D BluetoothMapAppObserver: Found 0 application(s) with intent android.bluetooth.action.BLUETOOTH_MAP_PROVIDER
12-12 13:33:04.100  7444  7444 D BluetoothMapAppObserver: Found 0 application(s) with intent android.bluetooth.action.BLUETOOTH_MAP_IM_PROVIDER
12-12 13:33:04.104  1040  1083 I ActivityManager: Start proc 8469:com.android.musicfx/u0a31 for broadcast com.android.musicfx/.Compatibility$Receiver
12-12 13:33:04.106  1040  1413 I InputReader: Reconfiguring input devices.  changes=0x00000010
12-12 13:33:04.120  7299  7677 I Icing   : IndexChimeraService.getServiceInterface callingPackage=com.google.android.gms componentName=AppsCorpus serviceId=36
12-12 13:33:04.133  7299  7494 I Icing   : IndexChimeraService.getServiceInterface callingPackage=com.google.android.gms componentName=AppsCorpus serviceId=32
12-12 13:33:04.140  1761  1761 D CarrierSvcBindHelper: No carrier app for: 0
12-12 13:33:04.140  1761  1761 D CarrierConfigLoader: mHandler: 9 phoneId: 0
12-12 13:33:04.156  1968  1968 D RegisteredNfcFServicesCache: Service unchanged, not updating
12-12 13:33:04.161  7299  7892 I Icing   : Usage reports ok 0, Failed Usage reports 0, indexed 0, rejected 0, imm upload false
12-12 13:33:04.178  7225  8183 I NetRec  : [623] ConfigChangedIntentOperation.onHandleIntent: Handling a Phenotype update
12-12 13:33:04.178  7225  8183 I NetRec  : [623] zku.b: onConfigChanged()
12-12 13:33:04.180  8469  8469 W System  : ClassLoader referenced unknown path: /system/priv-app/MusicFX/lib/arm64
12-12 13:33:04.181  7225  8328 W ConfigurationChimeraPro: Got null configs for com.google.android.gms.auth_managed
12-12 13:33:04.199  7225  8183 I NetRec  : [623] zku.b: Cancelling all NetRec GCM tasks
12-12 13:33:04.200  7225  8328 I NetRec  : [648] ClearDatabaseService.onHandleIntent: Clearing score cache
12-12 13:33:04.202  7225  8429 I acfq    : Scheduling adaptive one off task with window [14400, 604800] in seconds
12-12 13:33:04.223  8276  8276 W Finsky  : [1] com.google.android.finsky.application.FinskyAppImpl.bM(1132): No account configured on this device.
12-12 13:33:04.236  8276  8318 W WearSignatureVerifier: No package com.google.android.wearable.app.cn
12-12 13:33:04.240  8276  8318 W WearSignatureVerifier: No package com.google.android.wearable.app.cn
12-12 13:33:04.240  8276  8318 W WearSignatureVerifier: No package com.google.android.wearable.app.cn
12-12 13:33:04.241  8276  8318 W WearSignatureVerifier: No package com.google.android.wearable.app.cn
12-12 13:33:04.250  8276  8276 I Finsky  : [1] com.google.android.finsky.utils.PermissionPolicies$PermissionPolicyService.onStartCommand(18): post-install permissions check for com.example.snoopy
12-12 13:33:04.251  8276  8276 W Finsky  : [1] com.google.android.finsky.application.FinskyAppImpl.bM(1132): No account configured on this device.
