12-12 13:32:45.429  6472  7678 D AatpDeviceManager: k: enabled v: True
12-12 13:32:45.429  6472  7678 D AatpDeviceManager: k: NanoHttpd.QUERY_STRING v: enabled=True
12-12 13:32:45.439  6472  6472 D AatpDeviceManager: taskStatus update (223cbf1c76d995c20d65f94ce17a482d4a2606ca: {"state":1})
12-12 13:32:45.439  6472  7694 D AWSDeviceFarmAndroidLib: setEnabled: enabled: true
12-12 13:32:45.444  6472  7678 D Aatp    : /task/223cbf1c76d995c20d65f94ce17a482d4a2606ca
12-12 13:32:45.448  6472  7694 D AWSDeviceFarmAndroidLib: setEnabled: enabling nfc
12-12 13:32:45.451  1968  7696 I NfcService: Enabling NFC
12-12 13:32:45.457  7299  7418 I Fido    : [FidoInitIntentOperation] Initializing Fido module, InitRuntimeState=12
12-12 13:32:45.463  7299  7485 I Fitness : Module updated. Enabling [com.google.android.gms.fitness.service.wearable.WearableSyncMessageService, com.google.android.gms.fitness.service.wearable.WearableSyncAccountService, com.google.android.gms.fitness.service.wearable.WearableSyncConnectionService, com.google.android.gms.fitness.service.wearable.WearableSyncConfigService, com.google.android.gms.fitness.service.goals.FitGoalsBroker]
12-12 13:32:45.470  7299  7485 W ProviderHelper: Unknown dynamite feature flags
12-12 13:32:45.470  7299  7485 I DynamiteModule: Considering local module com.google.android.gms.flags:2 and remote module com.google.android.gms.flags:0
12-12 13:32:45.470  7299  7485 I DynamiteModule: Selected local version of com.google.android.gms.flags
12-12 13:32:45.475  1968  7696 E NfcAdaptation: NfcAdaptation::Initialize: ver=NFCDROID-AOSP_N_00.01 nfa=NFA_PI_1.03.66+
12-12 13:32:45.479  1968  7701 I BrcmNfcNfa: NFC_TASK started.
12-12 13:32:45.480  1968  7696 D NxpNfcNciHal: nfc_open: enter; name=nci
12-12 13:32:45.480  1968  7696 D NxpNfcNciHal: nfc_open: exit 0
12-12 13:32:45.480  1968  7696 I BrcmNfcNfa: nfa_dm_init ()
12-12 13:32:45.480  1968  7696 I BrcmNfcNfa: nfa_sys_register () id=1, enable_cplt_mask=0x0
12-12 13:32:45.480  1968  7696 I BrcmNfcNfa: nfa_sys_register () id=3, enable_cplt_mask=0x8
12-12 13:32:45.480  1968  7696 I BrcmNfcNfa: nfa_rw_init ()
12-12 13:32:45.480  1968  7696 I BrcmNfcNfa: nfa_sys_register () id=6, enable_cplt_mask=0x48
12-12 13:32:45.480  1968  7696 I BrcmNfcNfa: nfa_ce_init ()
12-12 13:32:45.480  1968  7696 I BrcmNfcNfa: nfa_sys_register () id=7, enable_cplt_mask=0xc8
12-12 13:32:45.480  1968  7696 I BrcmNfcNfa: nfa_ee_init ()
12-12 13:32:45.480  1968  7696 I BrcmNfcNfa: nfa_sys_register () id=2, enable_cplt_mask=0xcc
12-12 13:32:45.480  1968  7696 I BrcmNfcNfa: nfa_hci_init ()
12-12 13:32:45.480  1968  7696 I BrcmNfcNfa: nfa_sys_register () id=8, enable_cplt_mask=0x1cc
12-12 13:32:45.480  1968  7696 I BrcmNfcNfa: LLCP - llcp_init ()
12-12 13:32:45.480  1968  7696 I BrcmNfcNfa: num_rx_buff = 9, rx_congest_start = 6, rx_congest_end = 4, max_num_ll_rx_buff = 2
12-12 13:32:45.480  1968  7696 I BrcmNfcNfa: max_num_tx_buff = 21, max_num_ll_tx_buff = 6
12-12 13:32:45.480  1968  7696 I BrcmNfcNfa: LLCP_RegisterServer (): SAP:0x1, link_type:0x2, ServiceName:<urn:nfc:sn:sdp>
12-12 13:32:45.480  1968  7696 I BrcmNfcNfa: LLCP_RegisterServer (): Registered SAP = 0x01
12-12 13:32:45.480  1968  7696 I BrcmNfcNfa: NFA_Enable ()
12-12 13:32:45.480  1968  7696 I BrcmNfcNfa: NFC_SetTraceLevel () new_level = 1
12-12 13:32:45.486  1968  7701 D         : phNxpLog_InitializeLogLevel: global =1, Fwdnld =1, extns =1,                 hal =1, tml =1, ncir =1,                 ncix =1
12-12 13:32:45.494  7299  7532 I Icing   : updateResources: need to parse unr{com.google.android.gms}
12-12 13:32:45.507  1040  4758 I ActivityManager: Start proc 7708:com.google.android.youtube/u0a103 for service com.google.android.youtube/com.google.android.apps.youtube.app.common.ads.AdIdListenerService
12-12 13:32:45.520  7681  7681 I LoadedApk: No resource references to update in package FFFFFFFFFFFFFFFFFFFFFF
12-12 13:32:45.567  6472  7720 D Aatp    : /task/223cbf1c76d995c20d65f94ce17a482d4a2606ca/status
12-12 13:32:45.572  7299  7418 E ConfigFileUtils: Failed to read config file: /data/data/com.google.android.gms/app_chimera/current_fileapks.pb (No such file or directory)
12-12 13:32:45.574  7299  7484 E ConfigFileUtils: Failed to read config file: /data/data/com.google.android.gms/app_chimera/current_fileapks.pb (No such file or directory)
12-12 13:32:45.582  7299  7484 W ChmraDebugLogger: Suspected failure status/reason: [5] /data/user_de/0/com.google.android.gms/app_chimera/current_config.fb (No such file or directory)
12-12 13:32:45.609  7681  7681 W linker  : /data/app/com.google.android.gms-1/lib/arm64/libconscrypt_gmscore_jni.so: unused DT entry: type 0xf arg 0x8a
12-12 13:32:45.609  7681  7681 V NativeCrypto: Registering com/google/android/gms/org/conscrypt/NativeCrypto's 276 native methods...
12-12 13:32:45.635  7681  7681 D NetworkSecurityConfig: No Network Security Config specified, using platform default
12-12 13:32:45.640  1968  7701 E NxpHal  : i2c_fragmentation_status existing
12-12 13:32:45.641  1968  7701 E NxpFwDnld: Freeing Mem for Dnld Context..
12-12 13:32:45.645  7299  7418 E ConfigFileUtils: Failed to read config file: /data/data/com.google.android.gms/app_chimera/current_fileapks.pb (No such file or directory)
12-12 13:32:45.646  7299  7418 W ChmraDebugLogger: Suspected failure status/reason: [5] /data/user_de/0/com.google.android.gms/app_chimera/current_config.fb (No such file or directory)
12-12 13:32:45.651  7681  7681 I ProviderInstaller: Installed default security provider GmsCore_OpenSSL
12-12 13:32:45.676  1968  7701 E BrcmNfcNfa: NCI version mismatch!!:0x10 != 0x11 
12-12 13:32:45.688  7260  7336 D NetworkSecurityConfig: No Network Security Config specified, using platform default
12-12 13:32:45.694  7260  7336 I ProviderInstaller: Installed default security provider GmsCore_OpenSSL
12-12 13:32:45.706  7299  7730 I Backup  : [CallLogFlagSetter] Whitelisted for call log backup; backup_enabled flag already enabled.
12-12 13:32:45.715  7525  7550 I WCNSS_FILTER: ibs_msm_serial_clock_vote: vote UART CLK OFF using UART driver's ioctl()
12-12 13:32:45.723  7299  7736 I FontsSharedState: No directory on disk newer than version 0
12-12 13:32:45.748  7299  7732 I ChimeraConfigService: Scheduling checkin every 120 seconds, with flex of 60 seconds
12-12 13:32:45.757  7299  7484 E ConfigFileUtils: Failed to read config file: /data/data/com.google.android.gms/app_chimera/current_fileapks.pb (No such file or directory)
12-12 13:32:45.758  7299  7484 W ChmraDebugLogger: Suspected failure status/reason: [5] null
12-12 13:32:45.759  7708  7749 W YouTube : Fetching the Gservices key 'failsafe_clear_cache_release' before the end of the bulk initialization
12-12 13:32:45.764  7299  7730 E ConfigFileUtils: Failed to read config file: /data/user_de/0/com.google.android.gms/app_chimera/current_fileapks.pb (No such file or directory)
12-12 13:32:45.764  7299  7414 W ChimeraUtils: Non Chimera context
12-12 13:32:45.780  7708  7752 W YouTube : Fetching the Gservices key 'disable_binder_callback_flush' before the end of the bulk initialization
12-12 13:32:45.842  7225  7439 I GCM     : GCM config loaded
12-12 13:32:45.937  7225  7433 I acfq    : Scheduling Phenotype for a PhenotypeSyncImmediately(6, com.google.android.gms.auth_api_phone) one off with window [1, 2] in seconds
12-12 13:32:46.023  7225  7237 W ConfigurationChimeraPro: Got null configs for com.google.android.gms.constellation
12-12 13:32:46.061  7708  7750 D ApplicationLoaders: ignored Vulkan layer search path /data/app/com.google.android.gms-1/lib/arm64:/system/fake-libs64:/data/app/com.google.android.gms-1/base.apk!/lib/arm64-v8a for namespace 0x72f3fcc0f0
12-12 13:32:46.078  7225  7225 I BeaconBle: Using BLE 'L' hardware layer
12-12 13:32:46.100  7225  7225 W Nearby  : Bind call too late - someone already tried to get: interface azak
12-12 13:32:46.160  7708  7750 W System  : ClassLoader referenced unknown path: 
12-12 13:32:46.161  7708  7750 D ApplicationLoaders: ignored Vulkan layer search path /data/app/com.google.android.gms-1/lib/arm64:/system/fake-libs64:/data/app/com.google.android.gms-1/base.apk!/lib/arm64-v8a for namespace 0x72f3fcc160
12-12 13:32:46.163  7299  7565 W Conscrypt: Could not set socket write timeout:
12-12 13:32:46.188  7708  7772 D NetworkSecurityConfig: No Network Security Config specified, using platform default
12-12 13:32:46.195  7299  7565 W Conscrypt:    java.lang.reflect.Method.invoke(Native Method)
12-12 13:32:46.195  7299  7565 W Conscrypt:    com.google.android.gms.org.conscrypt.Platform.setSocketWriteTimeout(:com.google.android.gms@11951440:13)
12-12 13:32:46.233  7225  7318 W ConfigurationChimeraPro: Got null configs for com.google.android.gms.droidguard
12-12 13:32:46.314  7225  7225 W ConfigurationChimeraPro: Got null configs for com.google.android.gms.fitness
12-12 13:32:46.328  7299  7309 I art     : Background partial concurrent mark sweep GC freed 33009(2MB) AllocSpace objects, 2(220KB) LOS objects, 40% free, 7MB/13MB, paused 5.248ms total 134.067ms
12-12 13:32:46.408  7225  7331 I GeofencerStateMachine: removeGeofences: removeRequest=RemoveGeofencingRequest[REMOVE_BY_PENDING_INTENT pendingIntent=PendingIntent[creatorPackage=com.google.android.gms], packageName=null]
12-12 13:32:46.429  7299  7826 I Authzen : [PermitStore] Getting all permits...
12-12 13:32:46.469  1040  2031 W ActivityManager: Permission Denial: getIntentSender() from pid=7708, uid=10103, (need uid=10018) is not allowed to send as package com.google.android.gms
12-12 13:32:46.485  7225  7496 I GCoreUlr: Starting service, intent=Intent { act=com.google.android.location.reporting.ACTION_UPDATE_WORLD cmp=com.google.android.gms/com.google.android.location.reporting.service.DispatchingService (has extras) }, extras=Bundle[{receiverAction=com.google.android.location.internal.server.ACTION_RESTARTED}]
12-12 13:32:46.546  7708  7754 W linker  : /data/app/com.google.android.gms-1/lib/arm64/libconscrypt_gmscore_jni.so: unused DT entry: type 0xf arg 0x8a
12-12 13:32:46.546  7708  7754 V NativeCrypto: Registering com/google/android/gms/org/conscrypt/NativeCrypto's 276 native methods...
12-12 13:32:46.551  7708  7750 W DynamiteUtils: Failed to load module: module com.google.android.gms.ads.dynamite not found
12-12 13:32:46.551  7708  7750 W DynamiteUtils: Attempt 1 failed.
12-12 13:32:46.563  1040  1050 I art     : Background partial concurrent mark sweep GC freed 25615(1406KB) AllocSpace objects, 1(20KB) LOS objects, 33% free, 15MB/23MB, paused 1.066ms total 118.330ms
12-12 13:32:46.621  7299  7742 W DownloadServiceState: No pending download found for id 6319
12-12 13:32:46.654  6472  7846 D Aatp    : /task/223cbf1c76d995c20d65f94ce17a482d4a2606ca/status
12-12 13:32:46.662  7299  7299 D AdvertisingIdNS: Notifying advertising info update event for package com.google.android.youtube
12-12 13:32:46.667  7708  7750 W DynamiteUtils: Failed to load module: module com.google.android.gms.ads.dynamite not found
12-12 13:32:46.667  7708  7750 W DynamiteUtils: Attempt 2 failed.
12-12 13:32:46.674  7299  7736 I GCM-GMS : Scheduling task to register GMS
12-12 13:32:46.683  7488  7488 I Finsky  : [1] com.google.android.finsky.services.AdIdListener.onCreate(3): AdId refresh
12-12 13:32:46.691  7488  7849 W Finsky  : [89] com.google.android.finsky.application.FinskyAppImpl.bM(1132): No account configured on this device.
12-12 13:32:46.713  7299  7742 W DownloadServiceState: No pending download found for id 6319
12-12 13:32:46.733  7225  7236 W art     : Suspending all threads took: 11.596ms
12-12 13:32:46.738  7225  7236 I art     : Background sticky concurrent mark sweep GC freed 14991(1766KB) AllocSpace objects, 1(20KB) LOS objects, 14% free, 9MB/10MB, paused 12.901ms total 136.239ms
12-12 13:32:46.773  7299  7565 W Conscrypt: Could not set socket write timeout:
12-12 13:32:46.773  7299  7565 W Conscrypt:    java.lang.reflect.Method.invoke(Native Method)
12-12 13:32:46.773  7299  7565 W Conscrypt:    com.google.android.gms.org.conscrypt.Platform.setSocketWriteTimeout(:com.google.android.gms@11951440:13)
12-12 13:32:46.775  7299  7304 I art     : Do full code cache collection, code=125KB, data=117KB
12-12 13:32:46.806  7708  7750 W DynamiteUtils: Failed to load module: module com.google.android.gms.ads.dynamite not found
12-12 13:32:46.806  7708  7750 W DynamiteUtils: Attempt 3 failed.
12-12 13:32:46.820  7681  7822 I DynamiteModule: Considering local module com.google.android.gms.googlecertificates:4 and remote module com.google.android.gms.googlecertificates:4
12-12 13:32:46.820  7681  7822 I DynamiteModule: Selected local version of com.google.android.gms.googlecertificates
12-12 13:32:46.821  7708  7750 D DynamitePackage: Module could not be loaded.
12-12 13:32:46.822  7708  7750 E DynamitePackage: Failed to load ads dynamite module.
12-12 13:32:46.822  7708  7750 E DynamitePackage: android.os.RemoteException
12-12 13:32:46.822  7708  7750 E DynamitePackage: 	at dxe.<init>(:com.google.android.gms@11951440:3)
12-12 13:32:46.822  7708  7750 E DynamitePackage: 	at dxe.a(:com.google.android.gms@11951440:1)
12-12 13:32:46.822  7708  7750 E DynamitePackage: 	at com.google.android.gms.ads.adshield.AdShieldCreatorImpl.newAdShieldClient(:com.google.android.gms@11951440:2)
12-12 13:32:46.822  7708  7750 E DynamitePackage: 	at com.google.android.gms.ads.adshield.internal.b.onTransact(:com.google.android.gms@11951440:7)
12-12 13:32:46.822  7708  7750 E DynamitePackage: 	at android.os.Binder.transact(Binder.java:499)
12-12 13:32:46.822  7708  7750 E DynamitePackage: 	at ngt.a(Unknown Source)
12-12 13:32:46.822  7708  7750 E DynamitePackage: 	at nhg.a(Unknown Source)
12-12 13:32:46.822  7708  7750 E DynamitePackage: 	at nhb.b(Unknown Source)
12-12 13:32:46.822  7708  7750 E DynamitePackage: 	at nhb.a(Unknown Source)
12-12 13:32:46.822  7708  7750 E DynamitePackage: 	at lgo.<init>(Unknown Source)
12-12 13:32:46.822  7708  7750 E DynamitePackage: 	at oie.<init>(SourceFile:1)
12-12 13:32:46.822  7708  7750 E DynamitePackage: 	at oif.a(SourceFile:4)
12-12 13:32:46.822  7708  7750 E DynamitePackage: 	at oif.a(SourceFile:2)
12-12 13:32:46.822  7708  7750 E DynamitePackage: 	at qbs.a(SourceFile:79)
12-12 13:32:46.822  7708  7750 E DynamitePackage: 	at qbt.a(SourceFile:3)
12-12 13:32:46.822  7708  7750 E DynamitePackage: 	at sgl.get(SourceFile:23)
12-12 13:32:46.822  7708  7750 E DynamitePackage: 	at qbs.g(SourceFile:49)
12-12 13:32:46.822  7708  7750 E DynamitePackage: 	at qbs.c(SourceFile:31)
12-12 13:32:46.822  7708  7750 E DynamitePackage: 	at qcn.i(SourceFile:63)
12-12 13:32:46.822  7708  7750 E DynamitePackage: 	at qcn.c(SourceFile:38)
12-12 13:32:46.822  7708  7750 E DynamitePackage: 	at qcn.a(SourceFile:10)
12-12 13:32:46.822  7708  7750 E DynamitePackage: 	at cai.run(SourceFile:3)
12-12 13:32:46.822  7708  7750 E DynamitePackage: 	at java.util.concurrent.Executors$RunnableAdapter.call(Executors.java:428)
12-12 13:32:46.822  7708  7750 E DynamitePackage: 	at java.util.concurrent.FutureTask.run(FutureTask.java:237)
12-12 13:32:46.822  7708  7750 E DynamitePackage: 	at java.util.concurrent.ScheduledThreadPoolExecutor$ScheduledFutureTask.run(ScheduledThreadPoolExecutor.java:272)
12-12 13:32:46.822  7708  7750 E DynamitePackage: 	at java.util.concurrent.ThreadPoolExecutor.runWorker(ThreadPoolExecutor.java:1133)
12-12 13:32:46.822  7708  7750 E DynamitePackage: 	at java.util.concurrent.ThreadPoolExecutor$Worker.run(ThreadPoolExecutor.java:607)
12-12 13:32:46.822  7708  7750 E DynamitePackage: 	at rok.run(SourceFile:24)
12-12 13:32:46.822  7708  7750 E DynamitePackage: 	at java.lang.Thread.run(Thread.java:761)
12-12 13:32:46.822  7708  7750 D DynamitePackage: Instantiated singleton DynamitePackage.
12-12 13:32:46.833  7225  7352 I GCoreUlr: WorldUpdater received intent Intent { act=com.google.android.location.reporting.ACTION_UPDATE_WORLD cmp=com.google.android.gms/com.google.android.location.reporting.service.DispatchingService (has extras) } with receiverAction com.google.android.location.internal.server.ACTION_RESTARTED
12-12 13:32:46.842  7299  7417 I GrowthService: Scheduled sync with period: 14400
12-12 13:32:46.855  7299  7304 I art     : Starting a blocking GC JitCodeCache
12-12 13:32:46.860  7225  7231 I art     : Do full code cache collection, code=121KB, data=116KB
12-12 13:32:46.863  7225  7231 I art     : Starting a blocking GC JitCodeCache
12-12 13:32:46.864  7225  7231 I art     : After code cache collection, code=66KB, data=62KB
12-12 13:32:46.869  7299  7304 I art     : After code cache collection, code=121KB, data=100KB
12-12 13:32:46.927  7299  7299 D AdvertisingIdNS: Notifying advertising info update event for package com.android.vending
12-12 13:32:46.932  1040  2091 I ActivityManager: Killing 4008:com.verizon.vzwavs/u0a47 (adj 906): empty #17
12-12 13:32:46.945  7299  7677 W ProcessCheckinRequest: Fail to connect to GoogleApiClient error : lqt{statusCode=TIMEOUT, resolution=null, message=null}
12-12 13:32:46.947  7488  7863 I Finsky  : [90] com.google.android.finsky.services.AdIdListener.a(12): AdId change: id (hash)=1457006950 limit=false
12-12 13:32:46.951  1040  1069 D ActivityManager: cleanUpApplicationRecord -- 4008
12-12 13:32:46.986  7299  7677 I CheckinRequestBuilder: Checkin reason type: 5 attempt count: 1
12-12 13:32:47.002  7861  7861 I dex2oat : /system/bin/dex2oat --dex-file=/data/user/0/com.google.android.gms/app_dg_cache/CA9FE96AF7756C26E52026D096CD098820047FF3/the.apk --oat-fd=32 --oat-location=/data/user/0/com.google.android.gms/app_dg_cache/CA9FE96AF7756C26E52026D096CD098820047FF3/opt/the.dex --compiler-filter=speed
12-12 13:32:47.004  7488  7849 W Finsky  : [89] com.google.android.finsky.application.FinskyAppImpl.bM(1132): No account configured on this device.
12-12 13:32:47.021  7708  7719 W art     : Suspending all threads took: 22.225ms
12-12 13:32:47.036  7708  7719 I art     : Background partial concurrent mark sweep GC freed 29107(1927KB) AllocSpace objects, 3(60KB) LOS objects, 40% free, 6MB/10MB, paused 32.146ms total 191.245ms
12-12 13:32:47.064  7852  7852 I dex2oat : /system/bin/dex2oat --dex-file=/data/user_de/0/com.google.android.gms/app_chimera/m/00000000/DynamiteLoader_GmsCore_prodmnc_alldpi_release.apk --oat-fd=96 --oat-location=/data/user_de/0/com.google.android.gms/app_chimera/m/00000000/oat/arm64/DynamiteLoader_GmsCore_prodmnc_alldpi_release.dex --compiler-filter=speed
12-12 13:32:47.072  7708  7754 I ProviderInstaller: Installed default security provider GmsCore_OpenSSL
12-12 13:32:47.074  7299  7304 I art     : Do partial code cache collection, code=121KB, data=106KB
12-12 13:32:47.101  7225  7352 I GCoreUlr: WorldUpdater:com.google.android.location.internal.server.ACTION_RESTARTED: Ensuring that reporting is stopped because of reasons: (no Google accounts)
12-12 13:32:47.142  7299  7304 I art     : After code cache collection, code=121KB, data=107KB
12-12 13:32:47.142  7299  7304 I art     : Increasing code cache capacity to 512KB
12-12 13:32:47.160  7861  7861 I dex2oat : dex2oat took 159.175ms (threads: 4) arena alloc=143KB (146568B) java alloc=32KB (33136B) native alloc=833KB (853088B) free=1726KB (1768352B)
12-12 13:32:47.185  7225  7352 I GCoreUlr: Unbound from all location providers
12-12 13:32:47.185  7225  7352 I GCoreUlr: Place inference reporting - stop
12-12 13:32:47.189  7299  7309 W art     : Suspending all threads took: 5.986ms
12-12 13:32:47.207  7299  7309 I art     : Background sticky concurrent mark sweep GC freed 43656(3MB) AllocSpace objects, 12(412KB) LOS objects, 31% free, 8MB/13MB, paused 7.066ms total 82.233ms
12-12 13:32:47.219  7225  7835 I GCM     : GCM config loaded
12-12 13:32:47.270  7299  7299 D AdvertisingIdNS: Notifying advertising info update event for package com.google.android.youtube
12-12 13:32:47.288  7225  7319 W ConfigurationChimeraPro: Got null configs for com.google.android.gms.locationsharing
12-12 13:32:47.296  7225  7670 D BluetoothAdapter: isLeEnabled(): ON
12-12 13:32:47.299  7444  7456 D BtGatt.GattService: registerClient() - UUID=e114e9f7-1792-498e-bf13-2621746c83e3
12-12 13:32:47.300  7444  7473 D BtGatt.GattService: onClientRegistered() - UUID=e114e9f7-1792-498e-bf13-2621746c83e3, clientIf=5
12-12 13:32:47.301  7225  7318 D BluetoothLeScanner: onClientRegistered() - status=0 clientIf=5 mClientIf=0
12-12 13:32:47.301  7225  7352 I GCoreUlr: DispatchingService ignoring Intent { act=android.net.wifi.WIFI_STATE_CHANGED flg=0x4000010 (has extras) } because ULR inactive
12-12 13:32:47.301  7444  7455 D BtGatt.GattService: start scan with filters
12-12 13:32:47.307  7444  7476 D BtGatt.ScanManager: handling starting scan
12-12 13:32:47.307  7444  7476 D BluetoothAdapterService: getAdapterService() - returning com.android.bluetooth.btservice.AdapterService@9d9fcb8
12-12 13:32:47.309  7525  7529 I WCNSS_FILTER: ibs_msm_serial_clock_vote: vote UART CLK ON using UART driver's ioctl()
12-12 13:32:47.311  7870  7870 I dex2oat : /system/bin/dex2oat --dex-file=/data/user/0/com.google.android.youtube/cache/1489418796403.jar --oat-fd=68 --oat-location=/data/user/0/com.google.android.youtube/cache/1489418796403.dex --compiler-filter=speed
12-12 13:32:47.311  7225  7670 I BeaconBle: Client requested scan, settings=BleSettings [scanMode=LOW_LATENCY, callbackType=ALL_MATCHES, reportDelayMillis=0, 6 filters, 1 clients, callingClientName=Nearby]
12-12 13:32:47.316  7444  7473 D BtGatt.GattService: onScanFilterEnableDisabled() - clientIf=5, status=0, action=1
12-12 13:32:47.316  7444  7473 D BtGatt.ScanManager: callback done for clientIf - 5 status - 0
12-12 13:32:47.319  7488  7488 I Finsky  : [1] com.google.android.finsky.services.AdIdListener.onCreate(3): AdId refresh
12-12 13:32:47.320  7444  7476 D BtGatt.ScanManager: addFilterToController: 6
12-12 13:32:47.323  7444  7473 D BtGatt.GattService: onScanFilterConfig() - clientIf=5, action = 0 status = 0, filterType=6, availableSpace=31
12-12 13:32:47.323  7444  7473 D BtGatt.ScanManager: callback done for clientIf - 5 status - 0
12-12 13:32:47.323  7444  7476 D BtGatt.ScanManager: configureFilterParamter 500 10000 1 0
12-12 13:32:47.325  7444  7473 D BtGatt.GattService: onScanFilterParamsConfigured() - clientIf=5, status=0, action=0, availableSpace=15
12-12 13:32:47.325  7444  7473 D BtGatt.ScanManager: callback done for clientIf - 5 status - 0
12-12 13:32:47.326  7444  7476 D BtGatt.ScanManager: configureRegularScanParams() - queue=1
12-12 13:32:47.326  7444  7476 D BtGatt.ScanManager: configureRegularScanParams() - ScanSetting Scan mode=0 mLastConfiguredScanSetting=-2147483648
12-12 13:32:47.326  7444  7476 D BtGatt.ScanManager: configureRegularScanParams - scanInterval = 8000configureRegularScanParams - scanWindow = 800
12-12 13:32:47.326  7444  7473 D BtGatt.GattService: onScanParamSetupCompleted : 0
12-12 13:32:47.332  7488  7613 W Finsky  : [83] com.google.android.finsky.application.FinskyAppImpl.bM(1132): No account configured on this device.
12-12 13:32:47.353  7225  7225 I GCoreUlr: Stopping handler for UlrDispSvcFast
12-12 13:32:47.350  7822  7822 W IntentService[D: type=1400 audit(0.0:190): avc: denied { read } for name="/" dev="tmpfs" ino=14610 scontext=u:r:priv_app:s0:c512,c768 tcontext=u:object_r:device:s0 tclass=dir permissive=0
12-12 13:32:47.372  7225  7225 I GCoreUlr: Unbound from all location providers
12-12 13:32:47.372  7225  7225 I GCoreUlr: Place inference reporting - stop
12-12 13:32:47.374  7225  7670 I BeaconBle: 'L' hardware scan: 6 filters, scanMode=2, reportdelay=0, callback type=1, #clients=1, workSource=WorkSource{10018 com.google.android.gms}
12-12 13:32:47.376  7225  7670 I BeaconBle: Starting scan on OS scanner. BT state: 12
12-12 13:32:47.377  7225  7670 D BluetoothAdapter: isLeEnabled(): ON
12-12 13:32:47.390  7444  7456 D BtGatt.GattService: registerClient() - UUID=e7fd5681-86cb-4b4d-ab9e-bbd5ab6a9595
12-12 13:32:47.391  7444  7473 D BtGatt.GattService: onClientRegistered() - UUID=e7fd5681-86cb-4b4d-ab9e-bbd5ab6a9595, clientIf=6
12-12 13:32:47.407  7225  7653 D BluetoothLeScanner: onClientRegistered() - status=0 clientIf=6 mClientIf=0
12-12 13:32:47.408  7444  7610 D BtGatt.GattService: start scan with filters
12-12 13:32:47.416  7444  7476 D BtGatt.ScanManager: handling starting scan
12-12 13:32:47.420  7444  7473 D BtGatt.GattService: onScanFilterEnableDisabled() - clientIf=6, status=0, action=1
12-12 13:32:47.420  7444  7473 D BtGatt.ScanManager: callback done for clientIf - 6 status - 0
12-12 13:32:47.421  7225  7496 I GCoreUlr: Starting service, intent=Intent { act=com.google.android.location.reporting.ACTION_UPDATE_WORLD cmp=com.google.android.gms/com.google.android.location.reporting.service.DispatchingService (has extras) }, extras=Bundle[{receiverAction=com.google.android.gms.location.init.INIT_ACTION, is_module_updated=true}]
12-12 13:32:47.421  7444  7476 D BtGatt.ScanManager: addFilterToController: 5
12-12 13:32:47.425  7444  7473 D BtGatt.GattService: onScanFilterConfig() - clientIf=6, action = 0 status = 0, filterType=5, availableSpace=31
12-12 13:32:47.425  7444  7473 D BtGatt.ScanManager: callback done for clientIf - 6 status - 0
12-12 13:32:47.425  7444  7476 D BtGatt.ScanManager: configureFilterParamter 500 10000 1 0
12-12 13:32:47.426  7444  7473 D BtGatt.GattService: onScanFilterParamsConfigured() - clientIf=6, status=0, action=0, availableSpace=14
12-12 13:32:47.426  7444  7473 D BtGatt.ScanManager: callback done for clientIf - 6 status - 0
12-12 13:32:47.427  7444  7476 D BtGatt.ScanManager: addFilterToController: 2
12-12 13:32:47.428  7444  7473 D BtGatt.GattService: onScanFilterConfig() - clientIf=6, action = 0 status = 0, filterType=2, availableSpace=31
12-12 13:32:47.428  7444  7473 D BtGatt.ScanManager: callback done for clientIf - 6 status - 0
12-12 13:32:47.428  7444  7476 D BtGatt.ScanManager: configureFilterParamter 500 10000 1 0
12-12 13:32:47.431  7444  7473 D BtGatt.GattService: onScanFilterParamsConfigured() - clientIf=6, status=0, action=0, availableSpace=13
12-12 13:32:47.431  7444  7473 D BtGatt.ScanManager: callback done for clientIf - 6 status - 0
12-12 13:32:47.431  7444  7476 D BtGatt.ScanManager: addFilterToController: 5
12-12 13:32:47.434  7444  7473 D BtGatt.GattService: onScanFilterConfig() - clientIf=6, action = 0 status = 0, filterType=5, availableSpace=30
12-12 13:32:47.434  7444  7473 D BtGatt.ScanManager: callback done for clientIf - 6 status - 0
12-12 13:32:47.434  7444  7476 D BtGatt.ScanManager: configureFilterParamter 500 10000 1 0
12-12 13:32:47.436  7444  7473 D BtGatt.GattService: onScanFilterParamsConfigured() - clientIf=6, status=0, action=0, availableSpace=12
12-12 13:32:47.436  7444  7473 D BtGatt.ScanManager: callback done for clientIf - 6 status - 0
12-12 13:32:47.436  7444  7476 D BtGatt.ScanManager: addFilterToController: 5
12-12 13:32:47.438  7444  7473 D BtGatt.GattService: onScanFilterConfig() - clientIf=6, action = 0 status = 0, filterType=5, availableSpace=29
12-12 13:32:47.438  7444  7473 D BtGatt.ScanManager: callback done for clientIf - 6 status - 0
12-12 13:32:47.439  7444  7476 D BtGatt.ScanManager: configureFilterParamter 500 10000 1 0
12-12 13:32:47.441  7444  7473 D BtGatt.GattService: onScanFilterParamsConfigured() - clientIf=6, status=0, action=0, availableSpace=11
12-12 13:32:47.441  7444  7473 D BtGatt.ScanManager: callback done for clientIf - 6 status - 0
12-12 13:32:47.441  7444  7476 D BtGatt.ScanManager: addFilterToController: 2
12-12 13:32:47.443  7444  7473 D BtGatt.GattService: onScanFilterConfig() - clientIf=6, action = 0 status = 0, filterType=2, availableSpace=30
12-12 13:32:47.443  7444  7473 D BtGatt.ScanManager: callback done for clientIf - 6 status - 0
12-12 13:32:47.443  7444  7476 D BtGatt.ScanManager: configureFilterParamter 500 10000 1 0
12-12 13:32:47.449  7444  7473 D BtGatt.GattService: onScanFilterParamsConfigured() - clientIf=6, status=0, action=0, availableSpace=10
12-12 13:32:47.449  7444  7473 D BtGatt.ScanManager: callback done for clientIf - 6 status - 0
12-12 13:32:47.449  7444  7476 D BtGatt.ScanManager: addFilterToController: 2
12-12 13:32:47.450  7444  7473 D BtGatt.GattService: onScanFilterConfig() - clientIf=6, action = 0 status = 0, filterType=2, availableSpace=29
12-12 13:32:47.450  7444  7473 D BtGatt.ScanManager: callback done for clientIf - 6 status - 0
12-12 13:32:47.450  7444  7476 D BtGatt.ScanManager: configureFilterParamter 500 10000 1 0
12-12 13:32:47.459  7444  7473 D BtGatt.GattService: onScanFilterParamsConfigured() - clientIf=6, status=0, action=0, availableSpace=9
12-12 13:32:47.459  7444  7473 D BtGatt.ScanManager: callback done for clientIf - 6 status - 0
12-12 13:32:47.459  7444  7476 D BtGatt.ScanManager: configureRegularScanParams() - queue=2
12-12 13:32:47.459  7444  7476 D BtGatt.ScanManager: configureRegularScanParams() - ScanSetting Scan mode=2 mLastConfiguredScanSetting=0
12-12 13:32:47.459  7444  7476 D BtGatt.ScanManager: configureRegularScanParams - scanInterval = 8000configureRegularScanParams - scanWindow = 8000
12-12 13:32:47.459  7299  7299 D AdvertisingIdNS: Notifying advertising info update event for package com.android.vending
12-12 13:32:47.461  7444  7473 D BtGatt.GattService: onScanParamSetupCompleted : 0
12-12 13:32:47.491  7488  7890 I Finsky  : [91] com.google.android.finsky.services.AdIdListener.a(12): AdId change: id (hash)=1457006950 limit=false
12-12 13:32:47.507  7488  7613 W Finsky  : [83] com.google.android.finsky.application.FinskyAppImpl.bM(1132): No account configured on this device.
12-12 13:32:47.578  7681  7822 W System  : ClassLoader referenced unknown path: /data/user/0/com.google.android.gms/app_daVde0
12-12 13:32:47.578  7681  7822 W System  : ClassLoader referenced unknown path: 
12-12 13:32:47.589  7225  7352 I GCoreUlr: WorldUpdater received intent Intent { act=com.google.android.location.reporting.ACTION_UPDATE_WORLD cmp=com.google.android.gms/com.google.android.location.reporting.service.DispatchingService (has extras) } with receiverAction com.google.android.gms.location.init.INIT_ACTION
12-12 13:32:47.620  1040  1392 I ActivityManager: Start proc 7896:com.google.android.gms.ui/u0a18 for service com.google.android.gms/.chimera.UiIntentOperationService
12-12 13:32:47.631  7299  7826 I Icing   : MaintenanceDriver: Registering all GCM Tasks.
12-12 13:32:47.631  7225  7352 I GCoreUlr: WorldUpdater:com.google.android.gms.location.init.INIT_ACTION: Ensuring that reporting is stopped because of reasons: (no Google accounts)
12-12 13:32:47.688  7488  7488 W Finsky  : [1] com.google.android.finsky.application.FinskyAppImpl.bM(1132): No account configured on this device.
12-12 13:32:47.696  7225  7902 I CheckinUtil: Classify the device as Phone.
12-12 13:32:47.714  7225  7352 I GCoreUlr: Unbound from all location providers
12-12 13:32:47.714  7225  7352 I GCoreUlr: Place inference reporting - stop
12-12 13:32:47.736  7225  7433 I acfq    : Scheduling Phenotype for a PhenotypeSyncImmediately(6, com.google.android.gms.lockbox) one off with window [1, 2] in seconds
12-12 13:32:47.743  6472  7915 D Aatp    : /task/223cbf1c76d995c20d65f94ce17a482d4a2606ca/status
12-12 13:32:47.763  7896  7896 I LoadedApk: No resource references to update in package FFFFFFFFFFFFFFFFFFFFFF
12-12 13:32:47.812  1968  7696 D         : phNxpLog_InitializeLogLevel: global =1, Fwdnld =1, extns =1,                 hal =1, tml =1, ncir =1,                 ncix =1
12-12 13:32:47.812  1968  7696 D BrcmNfcJni: RoutingManager::initialize(): try ee register
12-12 13:32:47.812  1968  7701 D BrcmNfcJni: RoutingManager::nfaEeCallback: NFA_EE_REGISTER_EVT; status=0
12-12 13:32:47.812  1968  7701 D BrcmNfcJni: nfaEeCallback: NFA_EE_DISCOVER_REQ_EVT; status=0x0; num ee=0
12-12 13:32:47.812  1968  7701 D BrcmNfcJni: RoutingManager::stackCallback: event=0x15
12-12 13:32:47.812  1968  7701 D BrcmNfcJni: RoutingManager::stackCallback: NFA_CE_REGISTERED_EVT; status=0x0; h=0x301
12-12 13:32:47.835  7225  7225 I GCoreUlr: Stopping handler for UlrDispSvcFast
12-12 13:32:47.845  7225  7902 W Conscrypt: Could not set socket write timeout:
12-12 13:32:47.846  7225  7902 W Conscrypt:    java.lang.reflect.Method.invoke(Native Method)
12-12 13:32:47.846  7225  7902 W Conscrypt:    com.google.android.gms.org.conscrypt.Platform.setSocketWriteTimeout(:com.google.android.gms@11951440:13)
12-12 13:32:47.864   575   575 I MSM-irqbalance: Discovered a new IRQ: 18
12-12 13:32:47.869  1968  7696 D NdefPushServer: start, thread = null
12-12 13:32:47.869  1968  7696 D NdefPushServer: starting new server thread
12-12 13:32:47.877  1968  7924 D NdefPushServer: about create LLCP service socket
12-12 13:32:47.877  1968  7924 D NdefPushServer: created LLCP service socket
12-12 13:32:47.878  1968  7924 D NdefPushServer: about to accept
12-12 13:32:47.881  7225  7352 I GCoreUlr: DispatchingService ignoring Intent { act=android.net.wifi.WIFI_STATE_CHANGED flg=0x4000010 (has extras) } because ULR inactive
12-12 13:32:47.890  1968  1968 D NfcService: Not committing routing because discovery is disabled.
12-12 13:32:47.894  7225  7225 I GCoreUlr: Unbound from all location providers
12-12 13:32:47.894  7225  7225 I GCoreUlr: Place inference reporting - stop
12-12 13:32:47.918  1968  7701 E BrcmNfcJni: nfaDeviceManagementCallback: NFA_DM_GET_CONFIG failed
12-12 13:32:47.918  1968  7696 E BrcmNfcJni: enableDisableLptd: Config TLV length 0 returned is too short
12-12 13:32:47.919  1968  7701 E BrcmNfcJni: nfaConnectionCallback: unknown event ????
12-12 13:32:47.919  1968  7701 D BrcmNfcJni: RoutingManager::nfaEeCallback: NFA_EE_SET_TECH_CFG_EVT; status=0x0
12-12 13:32:47.919  1968  7701 D BrcmNfcJni: RoutingManager::nfaEeCallback: NFA_EE_SET_PROTO_CFG_EVT; status=0x0
12-12 13:32:47.919  1968  7696 D BrcmNfcJni: RoutingManager::commitRouting
12-12 13:32:47.921  1968  7927 E WVMExtractor: Failed to open libwvm.so: dlopen failed: library "libwvm.so" not found
12-12 13:32:47.928  1968  7701 D BrcmNfcJni: RoutingManager::nfaEeCallback: NFA_EE_UPDATED_EVT
12-12 13:32:47.937  7896  7896 W linker  : /data/app/com.google.android.gms-1/lib/arm64/libconscrypt_gmscore_jni.so: unused DT entry: type 0xf arg 0x8a
12-12 13:32:47.938  7896  7896 V NativeCrypto: Registering com/google/android/gms/org/conscrypt/NativeCrypto's 276 native methods...
12-12 13:32:47.953   630  1499 I MediaPlayerService: MediaPlayerService::getOMX
12-12 13:32:47.954  1968  7930 I OMXClient: MuxOMX ctor
12-12 13:32:47.954   627  1670 I OMXMaster: makeComponentInstance(OMX.google.vorbis.decoder) in mediacodec process
12-12 13:32:47.971  7896  7896 D NetworkSecurityConfig: No Network Security Config specified, using platform default
12-12 13:32:47.982  7896  7896 I ProviderInstaller: Installed default security provider GmsCore_OpenSSL
12-12 13:32:47.988  7299  7677 I CheckinRequestBuilder: Unknown state of subscriptions on the device
12-12 13:32:48.002  7225  7902 W Conscrypt: Could not set socket write timeout:
12-12 13:32:48.003  7225  7902 W Conscrypt:    java.lang.reflect.Method.invoke(Native Method)
12-12 13:32:48.003  7225  7902 W Conscrypt:    com.google.android.gms.org.conscrypt.Platform.setSocketWriteTimeout(:com.google.android.gms@11951440:13)
12-12 13:32:48.123   630   801 I MediaPlayerService: MediaPlayerService::getOMX
12-12 13:32:48.141  1968  7941 I OMXClient: MuxOMX ctor
12-12 13:32:48.141   627  1498 I OMXMaster: makeComponentInstance(OMX.google.vorbis.decoder) in mediacodec process
12-12 13:32:48.176  7225  7352 I GCM     : GCM config loaded
12-12 13:32:48.215  7870  7870 I dex2oat : dex2oat took 908.883ms (threads: 4) arena alloc=764KB (782432B) java alloc=50KB (52008B) native alloc=950KB (972832B) free=2MB (2697184B)
12-12 13:32:48.257   630  1583 I MediaPlayerService: MediaPlayerService::getOMX
12-12 13:32:48.258  1968  7948 I OMXClient: MuxOMX ctor
12-12 13:32:48.258   627  1498 I OMXMaster: makeComponentInstance(OMX.google.vorbis.decoder) in mediacodec process
12-12 13:32:48.276  7225  7442 W GCoreFlp: No location to return for getLastLocation()
12-12 13:32:48.294  7299  7677 I GoogleSettingsUtils: Updated ID in checkin_id_token file
12-12 13:32:48.358  7225  7622 W NearbyMessages: LocationProvider returns null
12-12 13:32:48.376  7708  7750 W art     : Before Android 4.1, method double java.util.concurrent.ThreadLocalRandom.internalNextDouble(double, double) would have incorrectly overridden the package-private method in java.util.Random
12-12 13:32:48.376  7708  7750 W art     : Before Android 4.1, method int java.util.concurrent.ThreadLocalRandom.internalNextInt(int, int) would have incorrectly overridden the package-private method in java.util.Random
12-12 13:32:48.376  7708  7750 W art     : Before Android 4.1, method long java.util.concurrent.ThreadLocalRandom.internalNextLong(long, long) would have incorrectly overridden the package-private method in java.util.Random
12-12 13:32:48.421  7225  7352 W Conscrypt: Could not set socket write timeout:
12-12 13:32:48.422  7225  7352 W Conscrypt:    java.lang.reflect.Method.invoke(Native Method)
12-12 13:32:48.422  7225  7352 W Conscrypt:    com.google.android.gms.org.conscrypt.Platform.setSocketWriteTimeout(:com.google.android.gms@11951440:13)
12-12 13:32:48.444  7299  7309 I art     : Background sticky concurrent mark sweep GC freed 37920(3MB) AllocSpace objects, 12(288KB) LOS objects, 25% free, 9MB/13MB, paused 5.056ms total 167.137ms
12-12 13:32:48.456  6472  7694 D AWSDeviceFarmAndroidLib: setEnabled: nfc is: true
12-12 13:32:48.460  6472  6472 D AatpDeviceManager: taskStatus update (223cbf1c76d995c20d65f94ce17a482d4a2606ca: {"result":"NFC enabled: true","state":2})
12-12 13:32:48.462  7525  7550 I WCNSS_FILTER: ibs_msm_serial_clock_vote: vote UART CLK OFF using UART driver's ioctl()
12-12 13:32:48.545  7225  7352 W Conscrypt: Could not set socket write timeout:
12-12 13:32:48.545  7225  7352 W Conscrypt:    java.lang.reflect.Method.invoke(Native Method)
12-12 13:32:48.545  7225  7352 W Conscrypt:    com.google.android.gms.org.conscrypt.Platform.setSocketWriteTimeout(:com.google.android.gms@11951440:13)
12-12 13:32:48.564  7225  7439 W ChimeraUtils: Non Chimera context
12-12 13:32:48.748  7852  7852 I dex2oat : dex2oat took 1.684s (threads: 4) arena alloc=1898KB (1943744B) java alloc=158KB (161864B) native alloc=1282KB (1312952B) free=3MB (3929928B)
12-12 13:32:48.797  6472  7988 D Aatp    : /task/223cbf1c76d995c20d65f94ce17a482d4a2606ca/status
12-12 13:32:48.834  7299  7987 I Authzen : [PermitStore] Getting all permits...
12-12 13:32:49.000  7299  7609 W Herrevad: [540] uit.b: Invalid mccmnc 
12-12 13:32:49.001  7299  7609 W Herrevad: [540] uit.b: Invalid mccmnc 
12-12 13:32:49.095  6472  8007 D Aatp    : /location
12-12 13:32:49.126  6472  8007 D Aatp    : sha1: 4030c0068b11723c63a78f93cdd20a407c6f2583
12-12 13:32:49.126  6472  8007 D AatpDeviceManager: k: lon v: -122.3491
12-12 13:32:49.126  6472  8007 D AatpDeviceManager: k: lat v: 47.6204
12-12 13:32:49.126  6472  8007 D AatpDeviceManager: k: NanoHttpd.QUERY_STRING v: lat=47.6204&lon=-122.3491
12-12 13:32:49.163  6472  8007 D Aatp    : /task/4030c0068b11723c63a78f93cdd20a407c6f2583
12-12 13:32:49.170  6472  6472 D AatpDeviceManager: taskStatus update (4030c0068b11723c63a78f93cdd20a407c6f2583: {"state":1})
12-12 13:32:49.174  6472  8010 D AatpDeviceManager: Enabling Mock Locations: Lat: 47.620399475097656 Lon: -122.3490982055664
12-12 13:32:49.174  6472  8010 D AatpDeviceManager: Providing location: 47.620399 lon: -122.349098
12-12 13:32:49.175  6472  6472 D AatpDeviceManager: taskStatus update (4030c0068b11723c63a78f93cdd20a407c6f2583: {"result":"","state":2})
12-12 13:32:49.221  6472  8010 D AatpDeviceManager: Waiting for mock location connection...
12-12 13:32:49.226  6472  6472 D AatpDeviceManager: onConnected
12-12 13:32:49.253  7299  8001 I FA-SVC  : App measurement is starting up, version: 11951
12-12 13:32:49.285  6472  8014 D Aatp    : /task/4030c0068b11723c63a78f93cdd20a407c6f2583/status
12-12 13:32:49.313  7299  8001 I FA-SVC  : This instance being marked as an uploader
12-12 13:32:49.329  8015  8015 I dex2oat : /system/bin/dex2oat --dex-file=/data/user/0/com.google.android.gms/app_fb/f.apk --oat-fd=50 --oat-location=/data/user/0/com.google.android.gms/app_fb/f.dex --compiler-filter=speed
12-12 13:32:49.376  7299  7309 I art     : Background partial concurrent mark sweep GC freed 50979(3MB) AllocSpace objects, 11(616KB) LOS objects, 40% free, 8MB/14MB, paused 5.948ms total 138.195ms
12-12 13:32:49.380  8008  8008 I dex2oat : /system/bin/dex2oat --dex-file=/data/user_de/0/com.google.android.gms/app_chimera/m/00000002/DynamiteModulesA_GmsCore_prodmnc_alldpi_release.apk --oat-fd=90 --oat-location=/data/user_de/0/com.google.android.gms/app_chimera/m/00000002/oat/arm64/DynamiteModulesA_GmsCore_prodmnc_alldpi_release.dex --compiler-filter=speed
12-12 13:32:49.392  6472  8018 D Aatp    : /locale
12-12 13:32:49.409  6472  8018 D Aatp    : sha1: 3bb29161f54826ccee6f65fdf172de4eca130bd6
12-12 13:32:49.409  6472  8018 D AatpDeviceManager: k: NanoHttpd.QUERY_STRING v: locale=en_US
12-12 13:32:49.409  6472  8018 D AatpDeviceManager: k: locale v: en_US
12-12 13:32:49.441  6472  8025 D AatpDeviceManager: Setting locale to: en_US
12-12 13:32:49.441  6472  8025 D AWSDeviceFarmAndroidLib: Setting locale to: en_US
12-12 13:32:49.442  6472  6472 D AatpDeviceManager: taskStatus update (3bb29161f54826ccee6f65fdf172de4eca130bd6: {"state":1})
12-12 13:32:49.443  8015  8015 I dex2oat : dex2oat took 114.417ms (threads: 4) arena alloc=447KB (458448B) java alloc=43KB (44528B) native alloc=950KB (973384B) free=2MB (2696632B)
12-12 13:32:49.452  7681  7692 W System  : ClassLoader referenced unknown path: 
12-12 13:32:49.452  1040  1793 I ActivityManager: Config changes=4 {1.0 ?mcc?mnc [en_US] ldltr sw411dp w411dp h659dp 420dpi nrml port finger -keyb/v/h -nav/h s.5}
12-12 13:32:49.453  1040  1083 D ActivityManager: Storing locale en-US for decryption UI
12-12 13:32:49.454  1040  1083 D CryptdConnector: SND -> {4 cryptfs setfield SystemLocale en-US}
12-12 13:32:49.454   547   553 E Cryptfs : Cannot set field when file encrypted
12-12 13:32:49.454  1040  1420 D CryptdConnector: RCV <- {200 4 -1}
12-12 13:32:49.455  6472  8018 D Aatp    : /task/3bb29161f54826ccee6f65fdf172de4eca130bd6
12-12 13:32:49.457  7681  7692 I Adreno  : QUALCOMM build                   : 6818200, Idb2b4cb785
12-12 13:32:49.457  7681  7692 I Adreno  : Build Date                       : 11/17/16
12-12 13:32:49.457  7681  7692 I Adreno  : OpenGL ES Shader Compiler Version: XE031.09.00.04
12-12 13:32:49.457  7681  7692 I Adreno  : Local Branch                     : N25
12-12 13:32:49.457  7681  7692 I Adreno  : Remote Branch                    : 
12-12 13:32:49.457  7681  7692 I Adreno  : Remote Branch                    : 
12-12 13:32:49.457  7681  7692 I Adreno  : Reconstruct Branch               : 
12-12 13:32:49.474  7225  7433 I acfq    : Scheduling Phenotype for a PhenotypeSyncImmediately(6, com.google.android.gms.settings.platform) one off with window [1, 2] in seconds
12-12 13:32:49.480  7225  7434 E NetworkScheduler: ignoring stale queue check message
12-12 13:32:49.530  2064  2132 V GridSizeMigrationTask: Workspace migration completed in 29
12-12 13:32:49.531  2064  2132 D Launcher.Model: loadWorkspace: loading default favorites
12-12 13:32:49.585  6472  8029 D Aatp    : /task/3bb29161f54826ccee6f65fdf172de4eca130bd6/status
12-12 13:32:49.625  7681  7692 I Adreno  : QUALCOMM build                   : 6818200, Idb2b4cb785
12-12 13:32:49.625  7681  7692 I Adreno  : Build Date                       : 11/17/16
12-12 13:32:49.625  7681  7692 I Adreno  : OpenGL ES Shader Compiler Version: XE031.09.00.04
12-12 13:32:49.625  7681  7692 I Adreno  : Local Branch                     : N25
12-12 13:32:49.625  7681  7692 I Adreno  : Remote Branch                    : 
12-12 13:32:49.625  7681  7692 I Adreno  : Remote Branch                    : 
12-12 13:32:49.625  7681  7692 I Adreno  : Reconstruct Branch               : 
12-12 13:32:49.647  7488  7488 I Finsky  : [1] com.google.android.finsky.receivers.ClearCacheReceiver.onReceive(6): Received android.intent.action.LOCALE_CHANGED. Clearing cache and exiting.
12-12 13:32:49.655  7225  7496 I NetRec  : [522] zku.a: onAppUpdated()
12-12 13:32:49.655  7488  7488 W Finsky  : [1] com.google.android.finsky.application.FinskyAppImpl.bM(1132): No account configured on this device.
12-12 13:32:49.656  7225  7496 I NetRec  : [522] zku.b: onConfigChanged()
12-12 13:32:49.656  1040  1068 I ActivityManager: Start proc 8032:com.android.externalstorage/u0a15 for content provider com.android.externalstorage/.ExternalStorageProvider
12-12 13:32:49.661  7488  7556 D Volley  : [68] a.b: Cache cleared.
12-12 13:32:49.668  7299  7763 I SystemFontIndexJob: Created system font index (/data/user/0/com.google.android.gms/files/fonts/system.directory.pb) in 3795 ms
12-12 13:32:49.674  7488  7488 W Finsky  : [1] com.google.android.finsky.application.FinskyAppImpl.bM(1132): No account configured on this device.
12-12 13:32:49.677  7488  7582 D Volley  : [76] a.b: Cache cleared.
12-12 13:32:49.699  7488  7488 W Finsky  : [1] com.google.android.finsky.application.FinskyAppImpl.bM(1132): No account configured on this device.
12-12 13:32:49.699  7488  7488 D Volley  : [1] a.b: Cache cleared.
12-12 13:32:49.706  7681  7692 I Adreno  : QUALCOMM build                   : 6818200, Idb2b4cb785
12-12 13:32:49.706  7681  7692 I Adreno  : Build Date                       : 11/17/16
12-12 13:32:49.706  7681  7692 I Adreno  : OpenGL ES Shader Compiler Version: XE031.09.00.04
12-12 13:32:49.706  7681  7692 I Adreno  : Local Branch                     : N25
12-12 13:32:49.706  7681  7692 I Adreno  : Remote Branch                    : 
12-12 13:32:49.706  7681  7692 I Adreno  : Remote Branch                    : 
12-12 13:32:49.706  7681  7692 I Adreno  : Reconstruct Branch               : 
12-12 13:32:49.722  6472  8010 D AatpDeviceManager: Connection established
12-12 13:32:49.726  8032  8032 W System  : ClassLoader referenced unknown path: /system/priv-app/ExternalStorageProvider/lib/arm64
12-12 13:32:49.729  7488  7488 I art     : System.exit called, status: 0
12-12 13:32:49.729  7488  7488 I AndroidRuntime: VM exiting with result code 0, cleanup skipped.
12-12 13:32:49.765  1040  7919 I ActivityManager: Start proc 8048:com.google.android.apps.maps/u0a82 for broadcast com.google.android.apps.maps/com.google.android.apps.gmm.notification.channels.NotificationChannelBroadcastReceiver
12-12 13:32:49.773  1040  7919 I ActivityManager: Killing 3574:com.android.printspooler/u0a93 (adj 906): empty #17
12-12 13:32:49.791  1040  1069 D ActivityManager: cleanUpApplicationRecord -- 3574
12-12 13:32:49.817  7299  7417 I CmaSystemUpdateService: Runtime init receiver: Intent { act=com.google.android.chimera.IntentOperation.NEW_MODULE (has extras) } with flags: 12
12-12 13:32:49.817  7299  7417 I CmaSystemUpdateService: receiver: Intent { act=com.google.android.chimera.IntentOperation.NEW_MODULE (has extras) }
12-12 13:32:49.828  8032  8032 D ExternalStorage: After updating volumes, found 2 active roots
12-12 13:32:49.827  7692  7692 W Binder:7681_1: type=1400 audit(0.0:191): avc: denied { read } for name="/" dev="tmpfs" ino=14610 scontext=u:r:priv_app:s0:c512,c768 tcontext=u:object_r:device:s0 tclass=dir permissive=0
12-12 13:32:49.844  7299  7417 I PeopleSync: First sync
12-12 13:32:49.873  7225  7433 I acfq    : Scheduling Phenotype for a PhenotypeSyncImmediately(6, com.google.android.gms.phenotype) one off with window [1, 2] in seconds
12-12 13:32:49.988  1040  7830 I ActivityManager: Start proc 8069:com.android.mtp/u0a13 for content provider com.android.mtp/.MtpDocumentsProvider
12-12 13:32:50.001  8048  8048 I LoadedApk: No resource references to update in package FFFFFFFFFFFFFFFFFFFFFF
12-12 13:32:50.005  7299  7838 I SystemUpdate: [Installation,ReceiverIntentOperation] Received intent: Intent { act=com.google.android.gms.update.BASE_MODULE_INIT cat=[targeted_intent_op_prefix:.update.control.ReceiverIntentOperation] cmp=com.google.android.gms/.chimera.GmsIntentOperationService }.
12-12 13:32:50.023  1040  7911 I ActivityManager: Process com.android.vending (pid 7488) has died
12-12 13:32:50.023  1040  7911 D ActivityManager: cleanUpApplicationRecord -- 7488
12-12 13:32:50.024  7225  7225 I WearableService: Wearable Services stopping
12-12 13:32:50.035  7225  8058 W ConfigurationChimeraPro: Got null configs for com.google.android.gms.notifications
12-12 13:32:50.036  7225  7319 W ConfigurationChimeraPro: Got null configs for com.google.android.gms.people
12-12 13:32:50.050  7225  7318 W ConfigurationChimeraPro: Got null configs for com.google.android.gms.update
12-12 13:32:50.062  7299  7838 W Settings: Setting device_provisioned has moved from android.provider.Settings.Secure to android.provider.Settings.Global.
12-12 13:32:50.075  7299  7838 W ChimeraUtils: Non Chimera context
12-12 13:32:50.203  1040  2031 D VoldConnector: SND -> {17 appfuse mount 10013 8069 MtpDocumentsProvider}
12-12 13:32:50.204  7299  7417 I PeopleSync: requestAllFullSyncForDbUpgrade
12-12 13:32:50.212  7225  7435 W ConfigurationChimeraPro: Got null configs for com.google.android.gms.auth.account.base
12-12 13:32:50.215  1040  1419 D VoldConnector: RCV <- {200 17 AppFuse command succeeded}
12-12 13:32:50.233  7986  7986 W Binder:7681_4: type=1400 audit(0.0:192): avc: denied { read } for name="/" dev="tmpfs" ino=14610 scontext=u:r:priv_app:s0:c512,c768 tcontext=u:object_r:device:s0 tclass=dir permissive=0
12-12 13:32:50.250  7681  7986 I Adreno  : QUALCOMM build                   : 6818200, Idb2b4cb785
12-12 13:32:50.250  7681  7986 I Adreno  : Build Date                       : 11/17/16
12-12 13:32:50.250  7681  7986 I Adreno  : OpenGL ES Shader Compiler Version: XE031.09.00.04
12-12 13:32:50.250  7681  7986 I Adreno  : Local Branch                     : N25
