12-12 13:32:32.581  6472  6472 D AatpDeviceManager: taskStatus update (9d241f317da9aa82788e5a8b97d20f40235ec7b0: {"result":"Cleaned Accounts PASS","state":2})
12-12 13:32:32.626  4934  5048 W Conscrypt: Could not set socket write timeout:
12-12 13:32:32.626  4934  5048 W Conscrypt:    java.lang.reflect.Method.invoke(Native Method)
12-12 13:32:32.626  4934  5048 W Conscrypt:    com.google.android.gms.org.conscrypt.Platform.setSocketWriteTimeout(:com.google.android.gms@11951440:13)
12-12 13:32:32.700  6472  6794 D Aatp    : /task/9d241f317da9aa82788e5a8b97d20f40235ec7b0/status
12-12 13:32:32.722  6568  6668 I Adreno  : QUALCOMM build                   : 6818200, Idb2b4cb785
12-12 13:32:32.722  6568  6668 I Adreno  : Build Date                       : 11/17/16
12-12 13:32:32.722  6568  6668 I Adreno  : OpenGL ES Shader Compiler Version: XE031.09.00.04
12-12 13:32:32.722  6568  6668 I Adreno  : Local Branch                     : N25
12-12 13:32:32.722  6568  6668 I Adreno  : Remote Branch                    : 
12-12 13:32:32.722  6568  6668 I Adreno  : Remote Branch                    : 
12-12 13:32:32.722  6568  6668 I Adreno  : Reconstruct Branch               : 
12-12 13:32:32.754  6568  6668 I Adreno  : QUALCOMM build                   : 6818200, Idb2b4cb785
12-12 13:32:32.754  6568  6668 I Adreno  : Build Date                       : 11/17/16
12-12 13:32:32.754  6568  6668 I Adreno  : OpenGL ES Shader Compiler Version: XE031.09.00.04
12-12 13:32:32.754  6568  6668 I Adreno  : Local Branch                     : N25
12-12 13:32:32.754  6568  6668 I Adreno  : Remote Branch                    : 
12-12 13:32:32.754  6568  6668 I Adreno  : Remote Branch                    : 
12-12 13:32:32.754  6568  6668 I Adreno  : Reconstruct Branch               : 
12-12 13:32:32.793  6668  6668 W Binder:6568_4: type=1400 audit(0.0:186): avc: denied { read } for name="/" dev="tmpfs" ino=14610 scontext=u:r:priv_app:s0:c512,c768 tcontext=u:object_r:device:s0 tclass=dir permissive=0
12-12 13:32:32.806  6472  6795 D Aatp    : /rm-external-files
12-12 13:32:32.811  6472  6795 D Aatp    : sha1: 9c7ffe80ad7d9d1eabf22ee5ad3f405ab7a615b5
12-12 13:32:32.814  1040  4759 I ActivityManager: Start proc 6796:com.google.android.youtube/u0a103 for service com.google.android.youtube/com.google.android.libraries.youtube.common.gcore.gcoreclient.gcm.impl.GcmTaskServiceDelegator
12-12 13:32:32.827  6472  6801 W System.err: java.io.FileNotFoundException: /system/etc/vold.fstab (No such file or directory)
12-12 13:32:32.827  6472  6801 W System.err: 	at java.io.FileInputStream.open(Native Method)
12-12 13:32:32.827  6472  6801 W System.err: 	at java.io.FileInputStream.<init>(FileInputStream.java:146)
12-12 13:32:32.827  6472  6801 W System.err: 	at java.util.Scanner.<init>(Scanner.java:659)
12-12 13:32:32.827  6472  6801 W System.err: 	at com.amazon.aatp.util.StorageOptions.readVoldFile(StorageOptions.java:43)
12-12 13:32:32.827  6472  6801 W System.err: 	at com.amazon.aatp.util.StorageOptions.determineStorageOptions(StorageOptions.java:20)
12-12 13:32:32.827  6472  6801 W System.err: 	at com.amazon.aatp.aatpdevicemanager.tasks.RmExternalFiles.onHandleIntent(RmExternalFiles.java:34)
12-12 13:32:32.827  6472  6801 W System.err: 	at android.app.IntentService$ServiceHandler.handleMessage(IntentService.java:68)
12-12 13:32:32.827  6472  6801 W System.err: 	at android.os.Handler.dispatchMessage(Handler.java:102)
12-12 13:32:32.827  6472  6801 W System.err: 	at android.os.Looper.loop(Looper.java:154)
12-12 13:32:32.827  6472  6801 W System.err: 	at android.os.HandlerThread.run(HandlerThread.java:61)
12-12 13:32:32.828  6472  6801 D AatpDeviceManager: Wiping files from: /sdcard
12-12 13:32:32.828  6472  6472 D AatpDeviceManager: taskStatus update (9c7ffe80ad7d9d1eabf22ee5ad3f405ab7a615b5: {"state":1})
12-12 13:32:32.833  6472  6795 D Aatp    : /task/9c7ffe80ad7d9d1eabf22ee5ad3f405ab7a615b5
12-12 13:32:32.865  6472  6801 D AatpDeviceManager: Wiping files from: /mnt/sdcard
12-12 13:32:32.866  6472  6801 D AatpDeviceManager: 0 files left!
12-12 13:32:32.867  6472  6472 D AatpDeviceManager: taskStatus update (9c7ffe80ad7d9d1eabf22ee5ad3f405ab7a615b5: {"result":[],"state":2})
12-12 13:32:32.964  6796  6821 W YouTube : Fetching the Gservices key 'failsafe_clear_cache_release' before the end of the bulk initialization
12-12 13:32:32.979  6796  6820 W YouTube : Fetching the Gservices key 'disable_binder_callback_flush' before the end of the bulk initialization
12-12 13:32:32.992  6472  6812 D Aatp    : /task/9c7ffe80ad7d9d1eabf22ee5ad3f405ab7a615b5/status
12-12 13:32:33.131  6796  6821 W YouTube : ECatcher disabled: level: ERROR, category: logging, message: Failed delayed event dispatch, no dispatchers.
12-12 13:32:33.131  6796  6821 W YouTube : java.lang.Exception
12-12 13:32:33.131  6796  6821 W YouTube : 	at yhm.a(SourceFile:3)
12-12 13:32:33.131  6796  6821 W YouTube : 	at yfg.c(SourceFile:97)
12-12 13:32:33.131  6796  6821 W YouTube : 	at yfo.run(Unknown Source)
12-12 13:32:33.131  6796  6821 W YouTube : 	at java.util.concurrent.Executors$RunnableAdapter.call(Executors.java:428)
12-12 13:32:33.131  6796  6821 W YouTube : 	at java.util.concurrent.FutureTask.run(FutureTask.java:237)
12-12 13:32:33.131  6796  6821 W YouTube : 	at java.util.concurrent.ScheduledThreadPoolExecutor$ScheduledFutureTask.run(ScheduledThreadPoolExecutor.java:272)
12-12 13:32:33.131  6796  6821 W YouTube : 	at java.util.concurrent.ThreadPoolExecutor.runWorker(ThreadPoolExecutor.java:1133)
12-12 13:32:33.131  6796  6821 W YouTube : 	at java.util.concurrent.ThreadPoolExecutor$Worker.run(ThreadPoolExecutor.java:607)
12-12 13:32:33.131  6796  6821 W YouTube : 	at rok.run(SourceFile:24)
12-12 13:32:33.131  6796  6821 W YouTube : 	at java.lang.Thread.run(Thread.java:761)
12-12 13:32:33.178  6796  6817 D ApplicationLoaders: ignored Vulkan layer search path /data/app/com.google.android.gms-1/lib/arm64:/system/fake-libs64:/data/app/com.google.android.gms-1/base.apk!/lib/arm64-v8a for namespace 0x72f40b30f0
12-12 13:32:33.207  6568  6668 I Adreno  : QUALCOMM build                   : 6818200, Idb2b4cb785
12-12 13:32:33.207  6568  6668 I Adreno  : Build Date                       : 11/17/16
12-12 13:32:33.207  6568  6668 I Adreno  : OpenGL ES Shader Compiler Version: XE031.09.00.04
12-12 13:32:33.207  6568  6668 I Adreno  : Local Branch                     : N25
12-12 13:32:33.207  6568  6668 I Adreno  : Remote Branch                    : 
12-12 13:32:33.207  6568  6668 I Adreno  : Remote Branch                    : 
12-12 13:32:33.207  6568  6668 I Adreno  : Reconstruct Branch               : 
12-12 13:32:33.221  1040  1069 D VoldConnector: SND -> {15 volume mkdirs /storage/emulated/0/Android/data/com.google.android.youtube/files/}
12-12 13:32:33.226  1040  1419 D VoldConnector: RCV <- {200 15 Command succeeded}
12-12 13:32:33.240  6568  6668 I Adreno  : QUALCOMM build                   : 6818200, Idb2b4cb785
12-12 13:32:33.240  6568  6668 I Adreno  : Build Date                       : 11/17/16
12-12 13:32:33.240  6568  6668 I Adreno  : OpenGL ES Shader Compiler Version: XE031.09.00.04
12-12 13:32:33.240  6568  6668 I Adreno  : Local Branch                     : N25
12-12 13:32:33.240  6568  6668 I Adreno  : Remote Branch                    : 
12-12 13:32:33.240  6568  6668 I Adreno  : Remote Branch                    : 
12-12 13:32:33.240  6568  6668 I Adreno  : Reconstruct Branch               : 
12-12 13:32:33.245  6796  6818 W System  : ClassLoader referenced unknown path: 
12-12 13:32:33.247  6796  6818 D ApplicationLoaders: ignored Vulkan layer search path /data/app/com.google.android.gms-1/lib/arm64:/system/fake-libs64:/data/app/com.google.android.gms-1/base.apk!/lib/arm64-v8a for namespace 0x72f40b3160
12-12 13:32:33.267  6668  6668 W Binder:6568_4: type=1400 audit(0.0:187): avc: denied { read } for name="/" dev="tmpfs" ino=14610 scontext=u:r:priv_app:s0:c512,c768 tcontext=u:object_r:device:s0 tclass=dir permissive=0
12-12 13:32:33.319  6796  6834 D NetworkSecurityConfig: No Network Security Config specified, using platform default
12-12 13:32:33.353  1040  1393 I ActivityManager: Start proc 6886:com.google.android.music:main/u0a83 for service com.google.android.music/.sync.google.MusicGcmTaskService
12-12 13:32:33.397  6886  6886 W System  : ClassLoader referenced unknown path: /data/app/com.google.android.music-2/lib/arm64
12-12 13:32:33.411  4934  5083 E NetworkScheduler: ignoring stale queue check message
12-12 13:32:33.413  6886  6886 I MultiDex: VM with version 2.1.0 has multidex support
12-12 13:32:33.413  6886  6886 I MultiDex: install
12-12 13:32:33.413  6886  6886 I MultiDex: VM has multidex support, MultiDex support library is disabled.
12-12 13:32:33.427  6886  6886 D MusicLifecycle: com.google.android.music.store.ConfigContentProvider generated event: Content provider created
12-12 13:32:33.432  6886  6886 D MusicLifecycle: com.google.android.music.api.MusicPublicContentProvider generated event: Content provider created
12-12 13:32:33.439  6796  6817 W linker  : /data/app/com.google.android.gms-1/lib/arm64/libconscrypt_gmscore_jni.so: unused DT entry: type 0xf arg 0x8a
12-12 13:32:33.440  6796  6817 V NativeCrypto: Registering com/google/android/gms/org/conscrypt/NativeCrypto's 276 native methods...
12-12 13:32:33.476  6886  6886 D MusicLifecycle: com.google.android.music.store.MusicContentProvider generated event: Content provider created
12-12 13:32:33.481  6886  6886 D MusicLifecycle: com.google.android.music.ui.PhoneMusicApplication generated event: Application created
12-12 13:32:33.500  4934  4934 I WearableService: Wearable Services not starting - Wear is not available on this device.
12-12 13:32:33.509  4934  5228 D WearableService: onGetService - Wear is not available on this device.
12-12 13:32:33.517  6886  6886 D MusicLifecycle: com.google.android.music.store.ConfigContentProvider generated event: initializing
12-12 13:32:33.518  6886  6886 I BaseStore: ConfigStore database version: 1
12-12 13:32:33.521  6796  6818 W System  : ClassLoader referenced unknown path: /data/user_de/0/com.google.android.gms/app_chimera/m/00000002/n/arm64-v8a
12-12 13:32:33.548  6886  6886 D ApplicationLoaders: ignored Vulkan layer search path /data/app/com.google.android.gms-1/lib/arm64:/system/fake-libs64:/data/app/com.google.android.gms-1/base.apk!/lib/arm64-v8a for namespace 0x72f41750f0
12-12 13:32:33.555  6882  6882 D AndroidRuntime: >>>>>> START com.android.internal.os.RuntimeInit uid 2000 <<<<<<
12-12 13:32:33.557  6796  6818 D DynamitePackage: Instantiated singleton DynamitePackage.
12-12 13:32:33.557  6796  6818 D DynamitePackage: Instantiating com.google.android.gms.ads.adshield.ChimeraAdShieldCreatorImpl
12-12 13:32:33.558  6882  6882 D AndroidRuntime: CheckJNI is OFF
12-12 13:32:33.562  6886  6886 W linker  : /data/app/com.google.android.gms-1/lib/arm64/libconscrypt_gmscore_jni.so: unused DT entry: type 0xf arg 0x8a
12-12 13:32:33.563  6886  6886 V NativeCrypto: Registering com/google/android/gms/org/conscrypt/NativeCrypto's 276 native methods...
12-12 13:32:33.576  6886  6886 D NetworkSecurityConfig: No Network Security Config specified, using platform default
12-12 13:32:33.577  6886  6886 I ProviderInstaller: Installed default security provider GmsCore_OpenSSL
12-12 13:32:33.577  6886  6886 D AndroidMusic: GMSCore installation verified
12-12 13:32:33.609  6882  6882 D ICU     : No timezone override file found: /data/misc/zoneinfo/current/icu/icu_tzdata.dat
12-12 13:32:33.630  6882  6882 I Radio-JNI: register_android_hardware_Radio DONE
12-12 13:32:33.664  6882  6882 D AndroidRuntime: Calling main entry com.android.commands.pm.Pm
12-12 13:32:33.673  1040  1790 W ActivityManager: Invalid packageName: com.google.android.browser
12-12 13:32:33.678  6882  6882 I art     : System.exit called, status: 1
12-12 13:32:33.678  6882  6882 I AndroidRuntime: VM exiting with result code 1.
12-12 13:32:33.682  6796  6807 W art     : Suspending all threads took: 6.986ms
12-12 13:32:33.699  4934  6930 I CheckinUtil: Classify the device as Phone.
12-12 13:32:33.730  6886  6886 I MusicExperimentManager: Received config change, experiments list is null
12-12 13:32:33.731  6886  6886 W MusicExperimentManager: Parsing error while updating analysis experiments
12-12 13:32:33.740  6796  6817 I ProviderInstaller: Installed default security provider GmsCore_OpenSSL
12-12 13:32:33.760  6886  6886 I TopChartsIcing: Starting 'com.google.android.music.sync.google.MusicGcmTaskService
12-12 13:32:33.767  6886  6886 I BaseStore: Store database version: 146
12-12 13:32:33.795  6796  6818 W art     : Before Android 4.1, method double java.util.concurrent.ThreadLocalRandom.internalNextDouble(double, double) would have incorrectly overridden the package-private method in java.util.Random
12-12 13:32:33.795  6796  6818 W art     : Before Android 4.1, method int java.util.concurrent.ThreadLocalRandom.internalNextInt(int, int) would have incorrectly overridden the package-private method in java.util.Random
12-12 13:32:33.795  6796  6818 W art     : Before Android 4.1, method long java.util.concurrent.ThreadLocalRandom.internalNextLong(long, long) would have incorrectly overridden the package-private method in java.util.Random
12-12 13:32:33.835  4934  6930 W Conscrypt: Could not set socket write timeout:
12-12 13:32:33.836  4934  6930 W Conscrypt:    java.lang.reflect.Method.invoke(Native Method)
12-12 13:32:33.836  4934  6930 W Conscrypt:    com.google.android.gms.org.conscrypt.Platform.setSocketWriteTimeout(:com.google.android.gms@11951440:13)
12-12 13:32:33.854  6886  6886 I PlaybackClient: init: Initializing
12-12 13:32:33.916  6886  6886 D MusicLifecycle: com.google.android.music.net.NetworkConnectivityMonitor$NetworkChangedReceiver generated event: Broadcast received with context com.google.android.music.ui.PhoneMusicApplication@7b1e1a9 and intent Intent { act=android.net.conn.CONNECTIVITY_CHANGE flg=0x4000010 (has extras) }
12-12 13:32:33.917  6886  6886 I NetworkConnectivity: Network state changed: [type: WIFI[], state: CONNECTED/CONNECTED, reason: (unspecified), extra: "9902431642", failover: false, available: true, roaming: false, metered: false]
12-12 13:32:33.931  6886  6886 D MusicLifecycle: com.google.android.music.download.EncapsulatedBroadcastReceiver$1 generated event: Broadcast received with context com.google.android.music.ui.PhoneMusicApplication@7b1e1a9 and intent Intent { act=com.google.android.music.ResumeStorageMigration flg=0x10 (has extras) }
12-12 13:32:33.932  6886  6886 D MusicLifecycle: com.google.android.music.download.artwork.ArtDownloadService generated event: Service created
12-12 13:32:33.934  4980  6939 I SpamListSync: SpamListSyncChimeraService.syncSpamList called with tag: telephonyspam.SpamListSyncOneOffTask, extras: null
12-12 13:32:33.940  4980  6939 I SpamListSync: Spam module disabled. Skipping spam list syncing.
12-12 13:32:33.967  6886  6886 I NetworkPolicyMonitor: Download-ability status changed to (true) unmetered wifi/eth: true mobileOrMetered: false
12-12 13:32:33.979  6886  6886 I NetworkPolicyMonitor: Stream-ability status changed to (true) unmetered wifi/eth: true mobileOrMetered: false
12-12 13:32:34.005  6886  6886 D MusicLifecycle: com.google.android.music.download.EncapsulatedBroadcastReceiver$1 generated event: Broadcast received with context com.google.android.music.ui.PhoneMusicApplication@7b1e1a9 and intent Intent { act=com.google.android.music.download.keepon.KeeponSchedulingService.START_DOWNLOAD flg=0x10 }
12-12 13:32:34.011  4934  5158 E NetworkScheduler.ATC: Received callback from client for task that is already complete. ComponentInfo{com.google.android.music/com.google.android.music.sync.google.MusicGcmTaskService} TopChartsIcingTask
12-12 13:32:34.030  4980  6959 I EventLogChimeraService: Accumulating logs since 1513102084981
12-12 13:32:34.049  4934  6930 W Conscrypt: Could not set socket write timeout:
12-12 13:32:34.049  4934  6930 W Conscrypt:    java.lang.reflect.Method.invoke(Native Method)
12-12 13:32:34.049  4934  6930 W Conscrypt:    com.google.android.gms.org.conscrypt.Platform.setSocketWriteTimeout(:com.google.android.gms@11951440:13)
12-12 13:32:34.059  1040  4758 I ActivityManager: Killing 3968:com.android.keychain/1000 (adj 906): empty #17
12-12 13:32:34.078  6886  6937 D AwarenessRouter: 0 new fences
12-12 13:32:34.080  1040  1393 D ActivityManager: cleanUpApplicationRecord -- 3968
12-12 13:32:34.092  6886  6937 D AwarenessRouter: 0 fences already registered
12-12 13:32:34.101  6886  6937 D AwarenessRouter: Successfully removed 0 context fences
12-12 13:32:34.127  4980  6959 I ProcessCheckinRequest: Get token from PseudonymousIdApi: null
12-12 13:32:34.128  4980  6959 I CheckinRequestBuilder: Checkin reason type: 1 attempt count: 1
12-12 13:32:34.164  6952  6952 D AndroidRuntime: >>>>>> START com.android.internal.os.RuntimeInit uid 2000 <<<<<<
12-12 13:32:34.167  6952  6952 D AndroidRuntime: CheckJNI is OFF
12-12 13:32:34.195  4980  6959 I CheckinRequestBuilder: Unknown state of subscriptions on the device
12-12 13:32:34.212  6952  6952 D ICU     : No timezone override file found: /data/misc/zoneinfo/current/icu/icu_tzdata.dat
12-12 13:32:34.213  4980  6633 W ChmraDebugLogger: Suspected failure status/reason: [51] null
12-12 13:32:34.231  6952  6952 I Radio-JNI: register_android_hardware_Radio DONE
12-12 13:32:34.242  6952  6952 D AndroidRuntime: Calling main entry com.android.commands.pm.Pm
12-12 13:32:34.244  1040  1790 I ActivityManager: Force stopping com.android.chrome appid=10061 user=0: clear data
12-12 13:32:34.246  1040  1083 I ActivityManager: Force stopping com.android.chrome appid=10061 user=-1: clearApplicationUserData
12-12 13:32:34.271  4980  6901 I ChimeraConfigService: Scheduling checkin every 43200 seconds, with flex of 1800 seconds
12-12 13:32:34.276  6952  6952 I art     : System.exit called, status: 0
12-12 13:32:34.276  6952  6952 I AndroidRuntime: VM exiting with result code 0.
12-12 13:32:34.278  4934  4934 I GeofencerStateMachine: removeGeofences: removeRequest=RemoveGeofencingRequest[REMOVE_ALL packageName=com.android.chrome]
12-12 13:32:34.280  1761  1761 D CarrierSvcBindHelper: No carrier app for: 0
12-12 13:32:34.288  1040  1083 I ActivityManager: Start proc 6978:com.android.documentsui/u0a12 for broadcast com.android.documentsui/.PackageReceiver
12-12 13:32:34.293  1040  1081 W ResourceType: No known package when getting value for resource number 0x7f020203
12-12 13:32:34.293  1040  1081 W ResourceType: No known package when getting value for resource number 0x7f0a02ac
12-12 13:32:34.294  1040  1081 W ResourceType: No known package when getting value for resource number 0x7f020202
12-12 13:32:34.294  1040  1081 W ResourceType: No known package when getting value for resource number 0x7f0a02fd
12-12 13:32:34.294  1040  1081 W ResourceType: No known package when getting value for resource number 0x7f0a02ad
12-12 13:32:34.306  1968  1968 D RegisteredNfcFServicesCache: Service unchanged, not updating
12-12 13:32:34.322  6978  6978 W System  : ClassLoader referenced unknown path: /system/priv-app/DocumentsUI/lib/arm64
12-12 13:32:34.366  1040  1393 I ActivityManager: Killing 4174:com.google.android.partnersetup/u0a26 (adj 906): empty #17
12-12 13:32:34.381  1040  1793 D ActivityManager: cleanUpApplicationRecord -- 4174
12-12 13:32:34.425  4980  6633 D Wear_Controller: Received broadcast action=android.intent.action.PACKAGE_DATA_CLEARED and uri=com.android.chrome
12-12 13:32:34.452  4980  6633 I LocationSettingsChecker: Removing dialog suppression flag for package com.android.chrome
12-12 13:32:34.470  4980  5159 I Icing   : doRemovePackageData com.android.chrome
12-12 13:32:34.489  4980  5159 I Icing   : updateResources: need to parse unr{com.android.chrome}
12-12 13:32:34.495  4934  4947 E NetworkScheduler.ATC: Received callback from client for task that is already complete. ComponentInfo{com.google.android.youtube/com.google.android.libraries.youtube.common.gcore.gcoreclient.gcm.impl.GcmTaskServiceDelegator} offline_library_browse_fetch
12-12 13:32:34.499  1040  2054 I ActivityManager: Killing 3987:com.android.musicfx/u0a31 (adj 906): empty #17
12-12 13:32:34.508  1040  1793 D ActivityManager: cleanUpApplicationRecord -- 3987
12-12 13:32:34.511  4934  5048 I acfq    : Scheduling Phenotype for a PhenotypeSyncImmediately(6, com.google.android.gms.settings.platform) one off with window [1, 2] in seconds
12-12 13:32:34.540  6568  6672 I Adreno  : QUALCOMM build                   : 6818200, Idb2b4cb785
12-12 13:32:34.540  6568  6672 I Adreno  : Build Date                       : 11/17/16
12-12 13:32:34.540  6568  6672 I Adreno  : OpenGL ES Shader Compiler Version: XE031.09.00.04
12-12 13:32:34.540  6568  6672 I Adreno  : Local Branch                     : N25
12-12 13:32:34.540  6568  6672 I Adreno  : Remote Branch                    : 
12-12 13:32:34.540  6568  6672 I Adreno  : Remote Branch                    : 
12-12 13:32:34.540  6568  6672 I Adreno  : Reconstruct Branch               : 
12-12 13:32:34.550  4934  5043 I acfq    : Scheduling Phenotype for a PhenotypeSyncImmediately(6, com.google.android.gms.phenotype) one off with window [1, 2] in seconds
12-12 13:32:34.565  1040  1069 I ActivityManager: Killing 5096:com.google.android.apps.cloudprint/u0a62 (adj 906): empty #17
12-12 13:32:34.574  1040  1793 D ActivityManager: cleanUpApplicationRecord -- 5096
12-12 13:32:34.590  6672  6672 W Binder:6568_5: type=1400 audit(0.0:188): avc: denied { read } for name="/" dev="tmpfs" ino=14610 scontext=u:r:priv_app:s0:c512,c768 tcontext=u:object_r:device:s0 tclass=dir permissive=0
12-12 13:32:34.638  4934  5049 E NetworkScheduler.ATC: Called cancelTask for already completed task com.google.android.youtube/com.google.android.libraries.youtube.common.gcore.gcoreclient.gcm.impl.GcmTaskServiceDelegator{u=0 tag="offline_library_browse_fetch" trigger=window{start=0s,end=1s,earliest=-1s,latest=0s} requirements=[NET_CONNECTED] attributes=[PERSISTED] scheduled=-1s last_run=0s jid=N/A status=ACTIVE retries=0 client_lib=MANCHEGO_GCM-11011000} :RESCHEDULED
12-12 13:32:34.670  4934  5083 E NetworkScheduler: ignoring stale queue check message
12-12 13:32:34.671  4980  5159 I Icing   : Indexing 5BC322B1F7C8A28C2BACB26B80490C378D9B5503 from com.android.chrome
12-12 13:32:34.687  4934  6997 W GoogleSignatureVerifier: Package has more than one signature.
12-12 13:32:34.687  4934  6997 W GoogleSignatureVerifier: Package has more than one signature.
12-12 13:32:34.687  1040  1790 I ActivityManager: Start proc 7003:com.android.chrome/u0a61 for content provider com.android.chrome/com.google.android.apps.chrome.icing.IcingProvider
12-12 13:32:34.706  7003  7003 W ActivityThread: Application com.android.chrome can be debugged on port 8100...
12-12 13:32:34.711  7003  7003 W System  : ClassLoader referenced unknown path: /system/app/Chrome/lib/arm
12-12 13:32:34.712  6568  6672 I Adreno  : QUALCOMM build                   : 6818200, Idb2b4cb785
12-12 13:32:34.712  6568  6672 I Adreno  : Build Date                       : 11/17/16
12-12 13:32:34.712  6568  6672 I Adreno  : OpenGL ES Shader Compiler Version: XE031.09.00.04
12-12 13:32:34.712  6568  6672 I Adreno  : Local Branch                     : N25
12-12 13:32:34.712  6568  6672 I Adreno  : Remote Branch                    : 
12-12 13:32:34.712  6568  6672 I Adreno  : Remote Branch                    : 
12-12 13:32:34.712  6568  6672 I Adreno  : Reconstruct Branch               : 
12-12 13:32:34.743  6568  6672 I Adreno  : QUALCOMM build                   : 6818200, Idb2b4cb785
12-12 13:32:34.743  6568  6672 I Adreno  : Build Date                       : 11/17/16
12-12 13:32:34.743  6568  6672 I Adreno  : OpenGL ES Shader Compiler Version: XE031.09.00.04
12-12 13:32:34.743  6568  6672 I Adreno  : Local Branch                     : N25
12-12 13:32:34.743  6568  6672 I Adreno  : Remote Branch                    : 
12-12 13:32:34.743  6568  6672 I Adreno  : Remote Branch                    : 
12-12 13:32:34.743  6568  6672 I Adreno  : Reconstruct Branch               : 
12-12 13:32:34.747  7003  7003 W DynamiteModule: Local module descriptor class for com.google.android.gms.googlecertificates not found.
12-12 13:32:34.753  4934  6997 W GoogleSignatureVerifier: Package has more than one signature.
12-12 13:32:34.753  4934  6997 W GoogleSignatureVerifier: Package has more than one signature.
12-12 13:32:34.775  7003  7003 D ApplicationLoaders: ignored Vulkan layer search path /data/app/com.google.android.gms-1/lib/arm:/system/fake-libs:/data/app/com.google.android.gms-1/base.apk!/lib/armeabi-v7a for namespace 0xf2dde090
12-12 13:32:34.788  4980  6959 I CheckinUtil: Classify the device as Phone.
12-12 13:32:34.792  7003  7003 I DynamiteModule: Considering local module com.google.android.gms.googlecertificates:0 and remote module com.google.android.gms.googlecertificates:4
12-12 13:32:34.792  7003  7003 I DynamiteModule: Selected remote version of com.google.android.gms.googlecertificates, version >= 4
12-12 13:32:34.801  7000  7000 D AndroidRuntime: >>>>>> START com.android.internal.os.RuntimeInit uid 2000 <<<<<<
12-12 13:32:34.804  7000  7000 D AndroidRuntime: CheckJNI is OFF
12-12 13:32:34.806  7003  7003 W System  : ClassLoader referenced unknown path: 
12-12 13:32:34.807  7003  7003 D ApplicationLoaders: ignored Vulkan layer search path /data/app/com.google.android.gms-1/lib/arm:/system/fake-libs:/data/app/com.google.android.gms-1/base.apk!/lib/armeabi-v7a for namespace 0xf2dde0d0
12-12 13:32:34.847  7003  7003 W System  : ClassLoader referenced unknown path: /data/user_de/0/com.google.android.gms/app_chimera/m/00000001/n/armeabi-v7a
12-12 13:32:34.847  7003  7003 W System  : ClassLoader referenced unknown path: /data/user_de/0/com.google.android.gms/app_chimera/m/00000001/n/armeabi
12-12 13:32:34.865  7000  7000 D ICU     : No timezone override file found: /data/misc/zoneinfo/current/icu/icu_tzdata.dat
12-12 13:32:34.886  7000  7000 I Radio-JNI: register_android_hardware_Radio DONE
12-12 13:32:34.897  7000  7000 D AndroidRuntime: Calling main entry com.android.commands.pm.Pm
12-12 13:32:34.900  1040  2106 I ActivityManager: Force stopping com.android.systemui appid=10043 user=0: clear data
12-12 13:32:34.901  1040  1083 I ActivityManager: Force stopping com.android.systemui appid=10043 user=-1: clearApplicationUserData
12-12 13:32:34.919  4980  5159 I Icing   : Indexing done 5BC322B1F7C8A28C2BACB26B80490C378D9B5503
12-12 13:32:34.927  1761  1761 D CarrierSvcBindHelper: No carrier app for: 0
12-12 13:32:34.927  7000  7000 I art     : System.exit called, status: 0
12-12 13:32:34.927  7000  7000 I AndroidRuntime: VM exiting with result code 0.
12-12 13:32:34.928  4934  4934 I GeofencerStateMachine: removeGeofences: removeRequest=RemoveGeofencingRequest[REMOVE_ALL packageName=com.android.systemui]
12-12 13:32:34.944  1968  1968 D RegisteredNfcFServicesCache: Service unchanged, not updating
12-12 13:32:34.949  4980  6633 D Wear_Controller: Received broadcast action=android.intent.action.PACKAGE_DATA_CLEARED and uri=com.android.systemui
12-12 13:32:34.950  4980  6599 I LocationSettingsChecker: Removing dialog suppression flag for package com.android.systemui
12-12 13:32:34.976  4980  5159 I Icing   : doRemovePackageData com.android.systemui
12-12 13:32:35.114  4934  6997 W Conscrypt: Could not set socket write timeout:
12-12 13:32:35.114  4934  6997 W Conscrypt:    java.lang.reflect.Method.invoke(Native Method)
12-12 13:32:35.114  4934  6997 W Conscrypt:    com.google.android.gms.org.conscrypt.Platform.setSocketWriteTimeout(:com.google.android.gms@11951440:13)
12-12 13:32:35.315  4934  6997 W Conscrypt: Could not set socket write timeout:
12-12 13:32:35.315  4934  6997 W Conscrypt:    java.lang.reflect.Method.invoke(Native Method)
12-12 13:32:35.315  4934  6997 W Conscrypt:    com.google.android.gms.org.conscrypt.Platform.setSocketWriteTimeout(:com.google.android.gms@11951440:13)
12-12 13:32:35.458  7043  7043 D AndroidRuntime: >>>>>> START com.android.internal.os.RuntimeInit uid 2000 <<<<<<
12-12 13:32:35.461  7043  7043 D AndroidRuntime: CheckJNI is OFF
12-12 13:32:35.494  4934  5043 I acfq    : Scheduling Phenotype for a PhenotypeSyncImmediately(6, com.google.android.gms.playlog.uploader) one off with window [1, 2] in seconds
12-12 13:32:35.516  7043  7043 D ICU     : No timezone override file found: /data/misc/zoneinfo/current/icu/icu_tzdata.dat
12-12 13:32:35.542  7043  7043 I Radio-JNI: register_android_hardware_Radio DONE
12-12 13:32:35.553  7043  7043 D AndroidRuntime: Calling main entry com.android.commands.pm.Pm
12-12 13:32:35.559  1040  1393 I ActivityManager: Force stopping com.android.phone appid=1001 user=0: clear data
12-12 13:32:35.563  1040  1083 I ActivityManager: Force stopping com.android.phone appid=1001 user=-1: clearApplicationUserData
12-12 13:32:35.587  7043  7043 I art     : System.exit called, status: 0
12-12 13:32:35.587  7043  7043 I AndroidRuntime: VM exiting with result code 0.
12-12 13:32:35.589  4934  4934 I GeofencerStateMachine: removeGeofences: removeRequest=RemoveGeofencingRequest[REMOVE_ALL packageName=com.android.phone]
12-12 13:32:35.590  1761  1761 D CarrierSvcBindHelper: No carrier app for: 0
12-12 13:32:35.610  4980  6599 D Wear_Controller: Received broadcast action=android.intent.action.PACKAGE_DATA_CLEARED and uri=com.android.phone
12-12 13:32:35.613  4980  6634 I LocationSettingsChecker: Removing dialog suppression flag for package com.android.phone
12-12 13:32:35.617  1968  1968 D RegisteredNfcFServicesCache: Service unchanged, not updating
12-12 13:32:35.636  4980  5159 I Icing   : doRemovePackageData com.android.phone
12-12 13:32:35.680  4980  6959 I ProcessCheckinRequest: cookie is null
12-12 13:32:35.747  4980  6959 W Conscrypt: Could not set socket write timeout:
12-12 13:32:35.747  4980  6959 W Conscrypt:    java.lang.reflect.Method.invoke(Native Method)
12-12 13:32:35.747  4980  6959 W Conscrypt:    com.google.android.gms.org.conscrypt.Platform.setSocketWriteTimeout(:com.google.android.gms@11951440:13)
12-12 13:32:35.820  4980  6959 W Conscrypt: Could not set socket write timeout:
12-12 13:32:35.820  4980  6959 W Conscrypt:    java.lang.reflect.Method.invoke(Native Method)
12-12 13:32:35.820  4980  6959 W Conscrypt:    com.google.android.gms.org.conscrypt.Platform.setSocketWriteTimeout(:com.google.android.gms@11951440:13)
12-12 13:32:35.836  1040  2054 I ActivityManager: Start proc 7063:com.google.android.gms.ui/u0a18 for service com.google.android.gms/.chimera.UiIntentOperationService
12-12 13:32:35.920  4934  7034 I NetRec  : [600] ConfigChangedIntentOperation.onHandleIntent: Handling a Phenotype update
12-12 13:32:35.920  4934  7034 I NetRec  : [600] zku.b: onConfigChanged()
12-12 13:32:35.937  7063  7063 I LoadedApk: No resource references to update in package FFFFFFFFFFFFFFFFFFFFFF
12-12 13:32:35.968  7063  7063 W linker  : /data/app/com.google.android.gms-1/lib/arm64/libconscrypt_gmscore_jni.so: unused DT entry: type 0xf arg 0x8a
12-12 13:32:35.969  7063  7063 V NativeCrypto: Registering com/google/android/gms/org/conscrypt/NativeCrypto's 276 native methods...
12-12 13:32:35.980  4934  7059 W ConfigurationChimeraPro: Got null configs for com.google.android.gms.auth_managed
12-12 13:32:35.986  7063  7063 D NetworkSecurityConfig: No Network Security Config specified, using platform default
12-12 13:32:35.988  7063  7063 I ProviderInstaller: Installed default security provider GmsCore_OpenSSL
12-12 13:32:36.102  7077  7077 D AndroidRuntime: >>>>>> START com.android.internal.os.RuntimeInit uid 2000 <<<<<<
12-12 13:32:36.105  7077  7077 D AndroidRuntime: CheckJNI is OFF
12-12 13:32:36.117  4934  7082 I PTCommittedOperation: Receive new configuration for com.google.android.gms.people
12-12 13:32:36.154  7077  7077 D ICU     : No timezone override file found: /data/misc/zoneinfo/current/icu/icu_tzdata.dat
12-12 13:32:36.158  4934  4948 W ConfigurationChimeraPro: Got null configs for com.google.android.gms.ads
12-12 13:32:36.177  7077  7077 I Radio-JNI: register_android_hardware_Radio DONE
12-12 13:32:36.180  4980  6599 I SettingsChangedIntentOp: SettingsChangedIntentOperation.run: Got intent Intent { act=com.google.android.gms.phenotype.COMMITTED flg=0x10 pkg=com.google.android.gms cmp=com.google.android.gms/.chimera.GmsIntentOperationService (has extras) }
12-12 13:32:36.180  4980  6599 I SettingsChangedIntentOp: SettingsChangedIntentOperation.run Intent extra com.google.android.gms.phenotype.PACKAGE_NAME: com.google.android.gms.people
12-12 13:32:36.180  4980  6599 I SettingsChangedIntentOp: Action: com.google.android.gms.phenotype.COMMITTED
12-12 13:32:36.181  4980  6599 I SettingsChangedIntentOp: EXTRA_PACKAGE_NAME: com.google.android.gms.people
12-12 13:32:36.182  7063  7073 W art     : Suspending all threads took: 10.206ms
12-12 13:32:36.188  7077  7077 D AndroidRuntime: Calling main entry com.android.commands.pm.Pm
12-12 13:32:36.195  1040  2054 I ActivityManager: Force stopping com.google.android.apps.maps appid=10082 user=0: clear data
12-12 13:32:36.195  1040  2054 I ActivityManager: Killing 6259:com.google.android.apps.maps/u0a82 (adj 904): stop com.google.android.apps.maps
12-12 13:32:36.195  1040  2054 D ActivityManager: cleanUpApplicationRecord -- 6259
12-12 13:32:36.198  1040  1083 I ActivityManager: Force stopping com.google.android.apps.maps appid=10082 user=-1: clearApplicationUserData
12-12 13:32:36.222  7077  7077 I art     : System.exit called, status: 0
12-12 13:32:36.222  7077  7077 I AndroidRuntime: VM exiting with result code 0.
12-12 13:32:36.222  4934  4934 I GeofencerStateMachine: removeGeofences: removeRequest=RemoveGeofencingRequest[REMOVE_ALL packageName=com.google.android.apps.maps]
12-12 13:32:36.226  1761  1761 D CarrierSvcBindHelper: No carrier app for: 0
12-12 13:32:36.231  1968  1968 D RegisteredNfcFServicesCache: Service unchanged, not updating
12-12 13:32:36.249  4980  7035 D Wear_Controller: Received broadcast action=android.intent.action.PACKAGE_DATA_CLEARED and uri=com.google.android.apps.maps
12-12 13:32:36.250  4980  6599 I LocationSettingsChecker: Removing dialog suppression flag for package com.google.android.apps.maps
12-12 13:32:36.260  1040  1081 W ResourceType: No known package when getting value for resource number 0x7f0203bd
12-12 13:32:36.260  1040  1081 W ResourceType: No known package when getting value for resource number 0x7e110002
12-12 13:32:36.263  1040  1081 W ResourceType: No known package when getting value for resource number 0x7f02045c
12-12 13:32:36.263  1040  1081 W ResourceType: No known package when getting value for resource number 0x7e11000b
12-12 13:32:36.279  4934  7090 I NetRec  : [609] ConfigChangedIntentOperation.onHandleIntent: Handling a Phenotype update
12-12 13:32:36.280  4934  7090 I NetRec  : [609] zku.b: onConfigChanged()
12-12 13:32:36.283  1040  1068 D ConnectivityService: ConnectivityService NetworkRequestInfo binderDied(NetworkRequest [ LISTEN id=12, [ Capabilities: INTERNET&NOT_RESTRICTED&TRUSTED&FOREGROUND] ], android.os.BinderProxy@2d61237)
12-12 13:32:36.284  1040  1430 E ConnectivityService: RemoteException caught trying to send a callback msg for NetworkRequest [ LISTEN id=12, [ Capabilities: INTERNET&NOT_RESTRICTED&TRUSTED&FOREGROUND] ]
12-12 13:32:36.289  4934  7034 W ConfigurationChimeraPro: Got null configs for com.google.android.gms.auth_managed
12-12 13:32:36.294  4980  5159 I Icing   : doRemovePackageData com.google.android.apps.maps
12-12 13:32:36.313  4934  7117 I NetRec  : [610] ConfigChangedIntentOperation.onHandleIntent: Handling a Phenotype update
12-12 13:32:36.314  4934  7117 I NetRec  : [610] zku.b: onConfigChanged()
12-12 13:32:36.327  4980  7035 I SettingsChangedIntentOp: SettingsChangedIntentOperation.run: Got intent Intent { act=com.google.android.gms.phenotype.COMMITTED flg=0x10 pkg=com.google.android.gms cmp=com.google.android.gms/.chimera.GmsIntentOperationService (has extras) }
12-12 13:32:36.327  4980  7035 I SettingsChangedIntentOp: SettingsChangedIntentOperation.run Intent extra com.google.android.gms.phenotype.PACKAGE_NAME: com.google.android.gms.trustagent
12-12 13:32:36.327  4980  7035 I SettingsChangedIntentOp: Action: com.google.android.gms.phenotype.COMMITTED
12-12 13:32:36.327  4980  7035 I SettingsChangedIntentOp: EXTRA_PACKAGE_NAME: com.google.android.gms.trustagent
12-12 13:32:36.339  4934  7082 I PTCommittedOperation: Receive new configuration for com.google.android.gms.trustagent
12-12 13:32:36.387  4980  6959 I ProcessCheckinRequest: REQUEST: b: "352689080506631"
12-12 13:32:36.387  4980  6959 I ProcessCheckinRequest: c: "ac37434bcb9c"
12-12 13:32:36.387  4980  6959 I ProcessCheckinRequest: d: "wifi"
12-12 13:32:36.387  4980  6959 I ProcessCheckinRequest: e: "FA6980307483"
12-12 13:32:36.387  4980  6959 I ProcessCheckinRequest: g: 3897752905580008124
12-12 13:32:36.387  4980  6959 I ProcessCheckinRequest: h: -9126776724892232298
12-12 13:32:36.387  4980  6959 I ProcessCheckinRequest: i: "1-ac0e7e049e3d7de73ffb10e49b56a3d10f95457e"
12-12 13:32:36.387  4980  6959 I ProcessCheckinRequest: j: "en_US"
12-12 13:32:36.387  4980  6959 I ProcessCheckinRequest: k <
12-12 13:32:36.387  4980  6959 I ProcessCheckinRequest:   a <
12-12 13:32:36.387  4980  6959 I ProcessCheckinRequest:     a: "google/sailfish/sailfish:7.1.2/NJH47F/4146041:user/release-keys"
12-12 13:32:36.387  4980  6959 I ProcessCheckinRequest:     b: "8996-012901-1702171013"
12-12 13:32:36.387  4980  6959 I ProcessCheckinRequest:     c: "8996-012001-1704121145"
12-12 13:32:36.387  4980  6959 I ProcessCheckinRequest:     d: "sailfish"
12-12 13:32:36.387  4980  6959 I ProcessCheckinRequest:     e: "google"
12-12 13:32:36.387  4980  6959 I ProcessCheckinRequest:     f: "android-google"
12-12 13:32:36.387  4980  6959 I ProcessCheckinRequest:     g: 1498759979
12-12 13:32:36.387  4980  6959 I ProcessCheckinRequest:     h: 11951440
12-12 13:32:36.387  4980  6959 I ProcessCheckinRequest:     i: 25
12-12 13:32:36.387  4980  6959 I ProcessCheckinRequest:     j: "sailfish"
12-12 13:32:36.387  4980  6959 I ProcessCheckinRequest:     k: "Pixel"
12-12 13:32:36.387  4980  6959 I ProcessCheckinRequest:     l: "Google"
12-12 13:32:36.387  4980  6959 I ProcessCheckinRequest:     m: "sailfish"
12-12 13:32:36.387  4980  6959 I ProcessCheckinRequest:     n: false
12-12 13:32:36.387  4980  6959 I ProcessCheckinRequest:     o <
12-12 13:32:36.387  4980  6959 I ProcessCheckinRequest:       a: 2
12-12 13:32:36.387  4980  6959 I ProcessCheckinRequest:       b: "ms-android-google"
12-12 13:32:36.387  4980  6959 I ProcessCheckinRequest:     >
12-12 13:32:36.387  4980  6959 I ProcessCheckinRequest:     o <
12-12 13:32:36.387  4980  6959 I ProcessCheckinRequest:       a: 1
12-12 13:32:36.387  4980  6959 I ProcessCheckinRequest:       b: "android-google"
12-12 13:32:36.387  4980  6959 I ProcessCheckinRequest:     >
12-12 13:32:36.387  4980  6959 I ProcessCheckinRequest:     o <
12-12 13:32:36.387  4980  6959 I ProcessCheckinRequest:       a: 4
12-12 13:32:36.387  4980  6959 I ProcessCheckinRequest:       b: "gmm-android-google"
12-12 13:32:36.387  4980  6959 I ProcessCheckinRequest:     >
12-12 13:32:36.387  4980  6959 I ProcessCheckinRequest:     o <
12-12 13:32:36.387  4980  6959 I ProcessCheckinRequest:       a: 5
12-12 13:32:36.387  4980  6959 I ProcessCheckinRequest:       b: "mvapp-android-google"
12-12 13:32:36.387  4980  6959 I ProcessCheckinRequest:     >
12-12 13:32:36.387  4980  6959 I ProcessCheckinRequest:     o <
12-12 13:32:36.387  4980  6959 I ProcessCheckinRequest:       a: 6
12-12 13:32:36.387  4980  6959 I ProcessCheckinRequest:       b: "am-android-google"
12-12 13:32:36.387  4980  6959 I ProcessCheckinRequest:     >
12-12 13:32:36.387  4980  6959 I ProcessCheckinRequest:     o <
12-12 13:32:36.387  4980  6959 I ProcessCheckinRequest:       a: 9
12-12 13:32:36.387  4980  6959 I ProcessCheckinRequest:       b: "ms-android-google"
12-12 13:32:36.387  4980  6959 I ProcessCheckinRequest:     >
12-12 13:32:36.387  4980  6959 I ProcessCheckinRequest:     q: "2017-08-05"
12-12 13:32:36.387  4980  6959 I ProcessCheckinRequest:   >
12-12 13:32:36.387  4980  6959 I ProcessCheckinRequest:   b: 0
12-12 13:32:36.387  4980  6959 I ProcessCheckinRequest:   d <
12-12 13:32:36.387  4980  6959 I ProcessCheckinRequest:     a: "event_log_start"
12-12 13:32:36.387  4980  6959 I ProcessCheckinRequest:     c: 1512841268292
12-12 13:32:36.387  4980  6959 I ProcessCheckinRequest:   >
12-12 13:32:36.387  4980  6959 I ProcessCheckinRequest:   d <
12-12 13:32:36.387  4980  6959 I ProcessCheckinRequest:     a: "event_log_start"
12-12 13:32:36.387  4980  6959 I ProcessCheckinRequest:     c: 1512841268292
12-12 13:32:36.387  4980  6959 I ProcessCheckinRequest:   >
12-12 13:32:36.387  4980  6959 I ProcessCheckinRequest:   d <
12-12 13:32:36.387  4980  6959 I ProcessCheckinRequest:     a: "event_log_start"
12-12 13:32:36.387  4980  6959 I ProcessCheckinRequest:     c: 1512845701977
12-12 13:32:36.387  4980  6959 I ProcessCheckinRequest:   >
12-12 13:32:36.387  4980  6959 I ProcessCheckinRequest:   d <
12-12 13:32:36.387  4980  6959 I ProcessCheckinRequest:     a: "event_log_start"
12-12 13:32:36.387  4980  6959 I ProcessCheckinRequest:     c: 1512845701977
12-12 13:32:36.387  4980  6959 I ProcessCheckinRequest:   >
12-12 13:32:36.387  4980  6959 I ProcessCheckinRequest:   d <
12-12 13:32:36.387  4980  6959 I ProcessCheckinRequest:     a: "event_log_start"
12-12 13:32:36.387  4980  6959 I ProcessCheckinRequest:     c: 1512845701977
12-12 13:32:36.387  4980  6959 I ProcessCheckinRequest:   >
12-12 13:32:36.387  4980  6959 I ProcessCheckinRequest:   d <
12-12 13:32:36.387  4980  6959 I ProcessCheckinRequest:     a: "event_log_start"
12-12 13:32:36.387  4980  6959 I ProcessCheckinRequest:     c: 1512845701977
12-12 13:32:36.387  4980  6959 I ProcessCheckinRequest:   >
12-12 13:32:36.387  4980  6959 I ProcessCheckinRequest:   d <
12-12 13:32:36.387  4980  6959 I ProcessCheckinRequest:     a: "event_log_start"
12-12 13:32:36.387  4980  6959 I ProcessCheckinRequest:     c: 1512855499097
12-12 13:32:36.387  4980  6959 I ProcessCheckinRequest:   >
12-12 13:32:36.387  4980  6959 I ProcessCheckinRequest:   d <
12-12 13:32:36.387  4980  6959 I ProcessCheckinRequest:     a: "event_log_start"
12-12 13:32:36.387  4980  6959 I ProcessCheckinRequest:     c: 1512855499098
12-12 13:32:36.387  4980  6959 I ProcessCheckinRequest:   >
12-12 13:32:36.387  4980  6959 I ProcessCheckinRequest:   d <
12-12 13:32:36.387  4980  6959 I ProcessCheckinRequest:     a: "event_log_start"
12-12 13:32:36.387  4980  6959 I ProcessCheckinRequest:     c: 1512855499098
12-12 13:32:36.387  4980  6959 I ProcessCheckinRequest:   >
12-12 13:32:36.387  4980  6959 I ProcessCheckinRequest:   d <
12-12 13:32:36.387  4980  6959 I ProcessCheckinRequest:     a: "event_log_start"
12-12 13:32:36.387  4980  6959 I ProcessCheckinRequest:     c: 1512855499098
12-12 13:32:36.387  4980  6959 I ProcessCheckinRequest:   >
12-12 13:32:36.387  4980  6959 I ProcessCheckinRequest:   d <
12-12 13:32:36.387  4980  6959 I ProcessCheckinRequest:     a: "event_log_start"
12-12 13:32:36.387  4980  6959 I ProcessCheckinRequest:     c: 1512859147572
12-12 13:32:36.387  4980  6959 I ProcessCheckinRequest:   >
12-12 13:32:36.387  4980  6959 I ProcessCheckinRequest:   d <
12-12 13:32:36.387  4980  6959 I ProcessCheckinRequest:     a: "event_log_start"
12-12 13:32:36.387  4980  6959 I ProcessCheckinRequest:     c: 1512859147572
12-12 13:32:36.387  4980  6959 I ProcessCheckinRequest:   >
12-12 13:32:36.387  4980  6959 I ProcessCheckinRequest:   d <
12-12 13:32:36.387  4980  6959 I ProcessCheckinRequest:     a: "event_log_start"
12-12 13:32:36.387  4980  6959 I ProcessCheckinRequest:     c: 1512859147572
12-12 13:32:36.387  4980  6959 I ProcessCheckinRequest:   >
12-12 13:32:36.387  4980  6959 I ProcessCheckinRequest:   d <
12-12 13:32:36.387  4980  6959 I ProcessCheckinRequest:     a: "event_log_start"
12-12 13:32:36.387  4980  6959 I ProcessCheckinRequest:     c: 1512859147572
12-12 13:32:36.387  4980  6959 I ProcessCheckinRequest:   >
12-12 13:32:36.387  4980  6959 I ProcessCheckinRequest:   d <
12-12 13:32:36.387  4980  6959 I ProcessCheckinRequest:     a: "event_log_start"
12-12 13:32:36.387  4980  6959 I ProcessCheckinRequest:     c: 1512880333839
12-12 13:32:36.387  4980  6959 I ProcessCheckinRequest:   >
12-12 13:32:36.387  4980  6959 I ProcessCheckinRequest:   d <
12-12 13:32:36.387  4980  6959 I ProcessCheckinRequest:     a: "event_log_start"
12-12 13:32:36.387  4980  6959 I ProcessCheckinRequest:     c: 1512880333840
12-12 13:32:36.387  4980  6959 I ProcessCheckinRequest:   >
12-12 13:32:36.387  4980  6959 I ProcessCheckinRequest:   d <
12-12 13:32:36.387  4980  6959 I ProcessCheckinRequest:     a: "event_log_start"
12-12 13:32:36.387  4980  6959 I ProcessCheckinRequest:     c: 1512880333840
12-12 13:32:36.387  4980  6959 I ProcessCheckinRequest:   >
12-12 13:32:36.387  4980  6959 I ProcessCheckinRequest:   d <
12-12 13:32:36.387  4980  6959 I ProcessCheckinRequest:     a: "event_log_start"
12-12 13:32:36.387  4980  6959 I ProcessCheckinRequest:     c: 1512880333840
12-12 13:32:36.387  4980  6959 I ProcessCheckinRequest:   >
12-12 13:32:36.387  4980  6959 I ProcessCheckinRequest:   d <
12-12 13:32:36.387  4980  6959 I ProcessCheckinRequest:     a: "event_log_start"
12-12 13:32:36.387  4980  6959 I ProcessCheckinRequest:     c: 1512885604584
12-12 13:32:36.387  4980  6959 I ProcessCheckinRequest:   >
12-12 13:32:36.387  4980  6959 I ProcessCheckinRequest:   d <
12-12 13:32:36.387  4980  6959 I ProcessCheckinRequest:     a: "event_log_start"
12-12 13:32:36.387  4980  6959 I ProcessCheckinRequest:     c: 1512885604584
12-12 13:32:36.387  4980  6959 I ProcessCheckinRequest:   >
12-12 13:32:36.387  4980  6959 I ProcessCheckinRequest:   d <
12-12 13:32:36.387  4980  6959 I ProcessCheckinRequest:     a: "event_log_start"
12-12 13:32:36.387  4980  6959 I ProcessCheckinRequest:     c: 1512885604584
12-12 13:32:36.387  4980  6959 I ProcessCheckinRequest:   >
12-12 13:32:36.387  4980  6959 I ProcessCheckinRequest:   d <
12-12 13:32:36.387  4980  6959 I ProcessCheckinRequest:     a: "event_log_start"
12-12 13:32:36.387  4980  6959 I ProcessCheckinRequest:     c: 1512895954229
12-12 13:32:36.387  4980  6959 I ProcessCheckinRequest:   >
12-12 13:32:36.387  4980  6959 I ProcessCheckinRequest:   d <
12-12 13:32:36.387  4980  6959 I ProcessCheckinRequest:     a: "event_log_start"
12-12 13:32:36.387  4980  6959 I ProcessCheckinRequest:     c: 1512895954229
12-12 13:32:36.387  4980  6959 I ProcessCheckinRequest:   >
12-12 13:32:36.387  4980  6959 I ProcessCheckinRequest:   d <
12-12 13:32:36.387  4980  6959 I ProcessCheckinRequest:     a: "event_log_start"
12-12 13:32:36.387  4980  6959 I ProcessCheckinRequest:     c: 1512896210130
12-12 13:32:36.387  4980  6959 I ProcessCheckinRequest:   >
12-12 13:32:36.387  4980  6959 I ProcessCheckinRequest:   d <
12-12 13:32:36.387  4980  6959 I ProcessCheckinRequest:     a: "event_log_start"
12-12 13:32:36.387  4980  6959 I ProcessCheckinRequest:     c: 1512896210131
12-12 13:32:36.387  4980  6959 I ProcessCheckinRequest:   >
12-12 13:32:36.387  4980  6959 I ProcessCheckinRequest:   d <
12-12 13:32:36.387  4980  6959 I ProcessCheckinRequest:     a: "event_log_start"
12-12 13:32:36.387  4980  6959 I ProcessCheckinRequest:     c: 1512896210131
12-12 13:32:36.387  4980  6959 I ProcessCheckinRequest:   >
12-12 13:32:36.387  4980  6959 I ProcessCheckinRequest:   d <
12-12 13:32:36.387  4980  6959 I ProcessCheckinRequest:     a: "event_log_start"
12-12 13:32:36.387  4980  6959 I ProcessCheckinRequest:     c: 1512896210131
12-12 13:32:36.387  4980  6959 I ProcessCheckinRequest:   >
12-12 13:32:36.387  4980  6959 I ProcessCheckinRequest:   d <
12-12 13:32:36.387  4980  6959 I ProcessCheckinRequest:     a: "event_log_start"
12-12 13:32:36.387  4980  6959 I ProcessCheckinRequest:     c: 1512898626604
12-12 13:32:36.387  4980  6959 I ProcessCheckinRequest:   >
12-12 13:32:36.387  4980  6959 I ProcessCheckinRequest:   d <
12-12 13:32:36.387  4980  6959 I ProcessCheckinRequest:     a: "event_log_start"
12-12 13:32:36.387  4980  6959 I ProcessCheckinRequest:     c: 1512898626605
12-12 13:32:36.387  4980  6959 I ProcessCheckinRequest:   >
12-12 13:32:36.387  4980  6959 I ProcessCheckinRequest:   d <
12-12 13:32:36.387  4980  6959 I ProcessCheckinRequest:     a: "event_log_start"
12-12 13:32:36.387  4980  6959 I ProcessCheckinRequest:     c: 1512898626605
12-12 13:32:36.387  4980  6959 I ProcessCheckinRequest:   >
12-12 13:32:36.387  4980  6959 I ProcessCheckinRequest:   d <
12-12 13:32:36.387  4980  6959 I ProcessCheckinRequest:     a: "event_log_start"
12-12 13:32:36.387  4980  6959 I ProcessCheckinRequest:     c: 1512898626605
12-12 13:32:36.387  4980  6959 I ProcessCheckinRequest:   >
12-12 13:32:36.387  4980  6959 I ProcessCheckinRequest:   d <
12-12 13:32:36.387  4980  6959 I ProcessCheckinRequest:     a: "event_log_start"
12-12 13:32:36.387  4980  6959 I ProcessCheckinRequest:     c: 1512902251790
12-12 13:32:36.387  4980  6959 I ProcessCheckinRequest:   >
12-12 13:32:36.387  4980  6959 I ProcessCheckinRequest:   d <
12-12 13:32:36.387  4980  6959 I ProcessCheckinRequest:     a: "event_log_start"
12-12 13:32:36.387  4980  6959 I ProcessCheckinRequest:     c: 1512902251790
12-12 13:32:36.387  4980  6959 I ProcessCheckinRequest:   >
12-12 13:32:36.387  4980  6959 I ProcessCheckinRequest:   d <
12-12 13:32:36.387  4980  6959 I ProcessCheckinRequest:     a: "event_log_start"
12-12 13:32:36.387  4980  6959 I ProcessCheckinRequest:     c: 1512902251790
12-12 13:32:36.387  4980  6959 I ProcessCheckinRequest:   >
12-12 13:32:36.387  4980  6959 I ProcessCheckinRequest:   d <
12-12 13:32:36.387  4980  6959 I ProcessCheckinRequest:     a: "event_log_start"
