12-12 13:32:39.973  7299  7299 E IntentOperation: 	at csc.attachBaseContext(:com.google.android.gms@11951440:2)
12-12 13:32:39.973  7299  7299 E IntentOperation: 	at android.app.Service.attach(Service.java:763)
12-12 13:32:39.973  7299  7299 E IntentOperation: 	at android.app.ActivityThread.handleCreateService(ActivityThread.java:3190)
12-12 13:32:39.973  7299  7299 E IntentOperation: 	at android.app.ActivityThread.-wrap5(ActivityThread.java)
12-12 13:32:39.973  7299  7299 E IntentOperation: 	at android.app.ActivityThread$H.handleMessage(ActivityThread.java:1568)
12-12 13:32:39.973  7299  7299 E IntentOperation: 	at android.os.Handler.dispatchMessage(Handler.java:102)
12-12 13:32:39.973  7299  7299 E IntentOperation: 	at android.os.Looper.loop(Looper.java:154)
12-12 13:32:39.973  7299  7299 E IntentOperation: 	at android.app.ActivityThread.main(ActivityThread.java:6121)
12-12 13:32:39.973  7299  7299 E IntentOperation: 	at java.lang.reflect.Method.invoke(Native Method)
12-12 13:32:39.973  7299  7299 E IntentOperation: 	at com.android.internal.os.ZygoteInit$MethodAndArgsCaller.run(ZygoteInit.java:889)
12-12 13:32:39.973  7299  7299 E IntentOperation: 	at com.android.internal.os.ZygoteInit.main(ZygoteInit.java:779)
12-12 13:32:39.973  7299  7299 E IntentOperation: Caused by: java.io.FileNotFoundException: /data/user_de/0/com.google.android.gms/app_chimera/current_config.fb (No such file or directory)
12-12 13:32:39.973  7299  7299 E IntentOperation: 	at java.io.FileInputStream.open(Native Method)
12-12 13:32:39.973  7299  7299 E IntentOperation: 	at java.io.FileInputStream.<init>(FileInputStream.java:146)
12-12 13:32:39.973  7299  7299 E IntentOperation: 	at com.google.android.chimera.container.ConfigurationManager.a(:com.google.android.gms@11951440:131)
12-12 13:32:39.973  7299  7299 E IntentOperation: 	... 21 more
12-12 13:32:39.981  7260  7337 W GAv4    : AnalyticsService not registered in the app manifest. Hits might not be delivered reliably. See http://goo.gl/8Rd3yj for instructions.
12-12 13:32:40.036  7299  7299 E ChimeraCfgMgr: Failed to read module config: java.io.FileNotFoundException: /data/user_de/0/com.google.android.gms/app_chimera/current_config.fb (No such file or directory)
12-12 13:32:40.043  7163  7179 D ConnMetrics:App: IsOptedIn = false
12-12 13:32:40.135  7356  7356 D AndroidRuntime: >>>>>> START com.android.internal.os.RuntimeInit uid 2000 <<<<<<
12-12 13:32:40.138  7356  7356 D AndroidRuntime: CheckJNI is OFF
12-12 13:32:40.144  7299  7309 W art     : Suspending all threads took: 16.683ms
12-12 13:32:40.193  7356  7356 D ICU     : No timezone override file found: /data/misc/zoneinfo/current/icu/icu_tzdata.dat
12-12 13:32:40.216  7356  7356 I Radio-JNI: register_android_hardware_Radio DONE
12-12 13:32:40.228  7356  7356 D AndroidRuntime: Calling main entry com.android.commands.pm.Pm
12-12 13:32:40.232  1040  2012 W ActivityManager: Invalid packageName: com.samsung.android.scloud.proxy.sbrowser
12-12 13:32:40.233  7356  7356 I art     : System.exit called, status: 1
12-12 13:32:40.233  7356  7356 I AndroidRuntime: VM exiting with result code 1.
12-12 13:32:40.365  7225  7231 I art     : Do partial code cache collection, code=29KB, data=28KB
12-12 13:32:40.421  7225  7231 I art     : After code cache collection, code=29KB, data=28KB
12-12 13:32:40.421  7225  7231 I art     : Increasing code cache capacity to 128KB
12-12 13:32:40.571  7299  7299 W System  : ClassLoader referenced unknown path: 
12-12 13:32:40.571  7299  7299 W System  : ClassLoader referenced unknown path: /system/priv-app/GmsCoreSetupPrebuilt/lib/arm64
12-12 13:32:40.573  7299  7299 D ApplicationLoaders: ignored Vulkan layer search path /system/priv-app/GmsCoreSetupPrebuilt/lib/arm64:/system/lib64:/vendor/lib64 for namespace 0x72f40b30f0
12-12 13:32:40.744  4327  6563 W PhenotypeFlagCommitter: Committing snapshot for com.google.android.apps.photos failed, retrying
12-12 13:32:40.865  7377  7377 D AndroidRuntime: >>>>>> START com.android.internal.os.RuntimeInit uid 2000 <<<<<<
12-12 13:32:40.868  7377  7377 D AndroidRuntime: CheckJNI is OFF
12-12 13:32:40.918  7377  7377 D ICU     : No timezone override file found: /data/misc/zoneinfo/current/icu/icu_tzdata.dat
12-12 13:32:40.942  7377  7377 I Radio-JNI: register_android_hardware_Radio DONE
12-12 13:32:40.953  7377  7377 D AndroidRuntime: Calling main entry com.android.commands.pm.Pm
12-12 13:32:40.957  1040  1069 W ActivityManager: Invalid packageName: com.sec.android.app.sbrowser
12-12 13:32:40.959  7377  7377 I art     : System.exit called, status: 1
12-12 13:32:40.959  7377  7377 I AndroidRuntime: VM exiting with result code 1.
12-12 13:32:41.288  7225  7383 E SQLiteLog: (1) no such table: storage_size
12-12 13:32:41.477  7395  7395 D AndroidRuntime: >>>>>> START com.android.internal.os.RuntimeInit uid 2000 <<<<<<
12-12 13:32:41.481  7395  7395 D AndroidRuntime: CheckJNI is OFF
12-12 13:32:41.535  7395  7395 D ICU     : No timezone override file found: /data/misc/zoneinfo/current/icu/icu_tzdata.dat
12-12 13:32:41.562  7395  7395 I Radio-JNI: register_android_hardware_Radio DONE
12-12 13:32:41.574  7395  7395 D AndroidRuntime: Calling main entry com.android.commands.pm.Pm
12-12 13:32:41.578  1040  4758 W ActivityManager: Invalid packageName: com.sec.android.app.sbrowsertry
12-12 13:32:41.580  7395  7395 I art     : System.exit called, status: 1
12-12 13:32:41.580  7395  7395 I AndroidRuntime: VM exiting with result code 1.
12-12 13:32:41.609  7299  7299 E ConfigFileUtils: Failed to read config file: /data/user_de/0/com.google.android.gms/app_chimera/current_modules_init.pb (No such file or directory)
12-12 13:32:41.786  7225  7383 I acco    : No Heterodyne serving version in database
12-12 13:32:41.823  7225  7394 W ConfigurationChimeraPro: Got null configs for com.google.android.gms.clearcut.public
12-12 13:32:41.846  7225  7236 W art     : Suspending all threads took: 16.439ms
12-12 13:32:42.065  7299  7416 E ConfigFileUtils: Failed to read config file: /data/data/com.google.android.gms/app_chimera/current_fileapks.pb (No such file or directory)
12-12 13:32:42.092  7225  7383 I BootCount: Successfully migrate boot count SharedPreferences from CE to DE.
12-12 13:32:42.109  7299  7416 E ConfigFileUtils: Failed to read config file: /data/data/com.google.android.gms/app_chimera/current_fileapks.pb (No such file or directory)
12-12 13:32:42.225  7299  7309 W art     : Suspending all threads took: 40.910ms
12-12 13:32:42.243  7299  7416 E ConfigFileUtils: Failed to read config file: /data/data/com.google.android.gms/app_chimera/current_fileapks.pb (No such file or directory)
12-12 13:32:42.258  7299  7416 E ConfigFileUtils: Failed to read config file: /data/data/com.google.android.gms/app_chimera/current_fileapks.pb (No such file or directory)
12-12 13:32:42.278  7299  7418 E ConfigFileUtils: Failed to read config file: /data/data/com.google.android.gms/app_chimera/current_fileapks.pb (No such file or directory)
12-12 13:32:42.280  7225  7318 W ConfigurationChimeraPro: Got null configs for com.google.android.gms.accountsettings
12-12 13:32:42.282  6472  7422 D Aatp    : /keyguard
12-12 13:32:42.283  7225  7382 W ConfigurationChimeraPro: Got null configs for com.google.android.gms.gcm
12-12 13:32:42.290  6472  7422 D Aatp    : sha1: 73ce584efd9960e4d1a32bf7bb1f04ad2a696feb
12-12 13:32:42.306  7299  7418 E ConfigFileUtils: Failed to read config file: /data/data/com.google.android.gms/app_chimera/current_fileapks.pb (No such file or directory)
12-12 13:32:42.306  6472  7422 D Aatp    : /task/73ce584efd9960e4d1a32bf7bb1f04ad2a696feb
12-12 13:32:42.311  6472  6472 D AatpDeviceManager: taskStatus update (73ce584efd9960e4d1a32bf7bb1f04ad2a696feb: {"state":1})
12-12 13:32:42.311  6472  7423 D AatpDeviceManager: Keyguard enabled: false
12-12 13:32:42.312  6472  6472 D AatpDeviceManager: taskStatus update (73ce584efd9960e4d1a32bf7bb1f04ad2a696feb: {"result":{"enabled":false},"state":2})
12-12 13:32:42.389  7225  7237 W ConfigurationChimeraPro: Got null configs for com.google.android.gms.ads
12-12 13:32:42.431  6472  7425 D Aatp    : /task/73ce584efd9960e4d1a32bf7bb1f04ad2a696feb/status
12-12 13:32:42.520  6472  7426 D Aatp    : /wifi
12-12 13:32:42.575  7225  7382 I NetworkScheduler: Using standalone scheduling engine
12-12 13:32:42.576  6472  7426 D Aatp    : sha1: 0d2856dc82823d295b21e18a0fa35c906f684698
12-12 13:32:42.583  6472  7426 D AatpDeviceManager: k: enabled v: True
12-12 13:32:42.583  6472  7426 D AatpDeviceManager: k: NanoHttpd.QUERY_STRING v: enabled=True
12-12 13:32:42.591  7225  7225 W ConfigurationChimeraPro: Got null configs for com.google.android.location
12-12 13:32:42.599  7299  7304 I art     : Do partial code cache collection, code=29KB, data=29KB
12-12 13:32:42.599  6472  7426 D Aatp    : /task/0d2856dc82823d295b21e18a0fa35c906f684698
12-12 13:32:42.609  6472  6472 D AatpDeviceManager: taskStatus update (0d2856dc82823d295b21e18a0fa35c906f684698: {"state":1})
12-12 13:32:42.626  7299  7304 I art     : After code cache collection, code=29KB, data=29KB
12-12 13:32:42.627  7299  7304 I art     : Increasing code cache capacity to 128KB
12-12 13:32:42.651  6472  7428 I AWSDeviceFarmAndroidLib: Wi-Fi already connected to desired network. Skipping.
12-12 13:32:42.651  6472  7428 D AWSDeviceFarmAndroidLib: WiFiLock: acquire
12-12 13:32:42.654  6472  6472 D AatpDeviceManager: taskStatus update (0d2856dc82823d295b21e18a0fa35c906f684698: {"result":"Wifi enabled: true","state":2})
12-12 13:32:42.721  7225  7433 W aceg    : Stale snapshot (change count changed) for com.google.android.apps.photos
12-12 13:32:42.726  1040  1393 D ContextHubService: Hub Google System Nanohub on Default is mapped to 0
12-12 13:32:42.743  6472  7436 D Aatp    : /task/0d2856dc82823d295b21e18a0fa35c906f684698/status
12-12 13:32:42.828  6472  7441 D Aatp    : /bluetooth
12-12 13:32:42.834  6472  7441 D Aatp    : sha1: 81934059c4ccb2834ad8c7ac5d04974c4eab18fe
12-12 13:32:42.834  6472  7441 D AatpDeviceManager: k: enabled v: True
12-12 13:32:42.834  6472  7441 D AatpDeviceManager: k: NanoHttpd.QUERY_STRING v: enabled=True
12-12 13:32:42.842  7225  7231 I art     : Do partial code cache collection, code=61KB, data=47KB
12-12 13:32:42.843  6472  6472 D AatpDeviceManager: taskStatus update (81934059c4ccb2834ad8c7ac5d04974c4eab18fe: {"state":1})
12-12 13:32:42.844  6472  7443 D AWSDeviceFarmAndroidLib: setEnabled: enabled: true
12-12 13:32:42.846  6472  7443 D AWSDeviceFarmAndroidLib: setEnabled: setting bluetooth to: true
12-12 13:32:42.851  1040  1068 D BluetoothManagerService: enable(com.amazon.aatp.aatpdevicemanager):  mBluetooth =null mBinding = false mState = OFF
12-12 13:32:42.851  6472  7441 D Aatp    : /task/81934059c4ccb2834ad8c7ac5d04974c4eab18fe
12-12 13:32:42.851  1040  1068 D BluetoothManagerService: enable returning
12-12 13:32:42.852  1040  1101 D BluetoothManagerService: MESSAGE_ENABLE(0): mBluetooth = null
12-12 13:32:42.867  1040  1101 I ActivityManager: Start proc 7444:com.android.bluetooth/1002 for service com.android.bluetooth/.btservice.AdapterService
12-12 13:32:42.918  7225  7231 I art     : After code cache collection, code=58KB, data=45KB
12-12 13:32:42.918  7225  7231 I art     : Increasing code cache capacity to 256KB
12-12 13:32:42.956  7299  7299 I GAv4-SVC: Google Analytics 11.9.51 is starting up.
12-12 13:32:42.970  6472  7458 D Aatp    : /task/81934059c4ccb2834ad8c7ac5d04974c4eab18fe/status
12-12 13:32:42.974  1040  4759 D ContextHubService: Asking HAL to remove app
12-12 13:32:42.978  1040  1386 I nanohub : osLog: [NanoMinion] received MSG Type 0x11, Version 0, 6 bytes
12-12 13:32:42.981  7225  7225 W Settings: Setting airplane_mode_on has moved from android.provider.Settings.System to android.provider.Settings.Global, returning read-only value.
12-12 13:32:42.988  1040  2012 D ContextHubService: Asking HAL to remove app
12-12 13:32:42.992  1040  1386 I nanohub : osLog: [NanoMinion] received MSG Type 0x31, Version 0, 12 bytes
12-12 13:32:42.994  1040  1386 I nanohub : osLog: [NanoMinion] sent MSG Type 0x30, Version 0, 2 bytes, MessageId 4
12-12 13:32:43.000  7444  7444 D AdapterServiceConfig: Adding HeadsetService
12-12 13:32:43.000  7444  7444 D AdapterServiceConfig: Adding A2dpService
12-12 13:32:43.001  7444  7444 D AdapterServiceConfig: Adding HidService
12-12 13:32:43.001  7444  7444 D AdapterServiceConfig: Adding HealthService
12-12 13:32:43.001  7444  7444 D AdapterServiceConfig: Adding PanService
12-12 13:32:43.001  7444  7444 D AdapterServiceConfig: Adding GattService
12-12 13:32:43.001  7444  7444 D AdapterServiceConfig: Adding BluetoothMapService
12-12 13:32:43.001  7444  7444 D AdapterServiceConfig: Adding SapService
12-12 13:32:43.035  7225  7433 W Settings: Setting airplane_mode_on has moved from android.provider.Settings.System to android.provider.Settings.Global, returning read-only value.
12-12 13:32:43.036  1040  2054 D ContextHubService: Asking HAL to remove app
12-12 13:32:43.039  7225  7225 I GeofencerStateMachine: sendWifiConnectivityChanged: connectivity=true
12-12 13:32:43.041  1040  1386 I nanohub : osLog: [NanoMinion] received MSG Type 0x31, Version 0, 12 bytes
12-12 13:32:43.062  7225  7430 E GeofenceStateCache: Unable to load state, all registered geofences are lost.
12-12 13:32:43.072  7260  7272 I art     : Waiting for a blocking GC DisableMovingGc
12-12 13:32:43.075  7260  7272 I art     : Starting a blocking GC DisableMovingGc
12-12 13:32:43.096  7444  7444 D BluetoothAdapterService: onCreate()
12-12 13:32:43.099  7444  7444 D BluetoothAdapterState: make() - Creating AdapterState
12-12 13:32:43.111  7444  7444 I bt_btif : init
12-12 13:32:43.111  7444  7467 I BluetoothAdapterState: Entering OffState
12-12 13:32:43.112  7444  7468 W bt_osi_thread: run_thread: thread id 7468, thread name stack_manager started
12-12 13:32:43.112  7444  7468 I bt_stack_manager: event_init_stack is initializing the stack
12-12 13:32:43.113  7444  7468 I bt_core_module: module_init Initializing module "osi_module"
12-12 13:32:43.113  7444  7468 I bt_core_module: module_init Initialized module "osi_module"
12-12 13:32:43.113  7444  7468 I bt_core_module: module_init Initializing module "bt_utils_module"
12-12 13:32:43.113  7444  7468 I bt_core_module: module_init Initialized module "bt_utils_module"
12-12 13:32:43.113  7444  7468 I bt_core_module: module_init Initializing module "btif_config_module"
12-12 13:32:43.114  7444  7471 W bt_osi_thread: run_thread: thread id 7471, thread name alarm_default_ca started
12-12 13:32:43.115  7444  7472 W bt_osi_thread: run_thread: thread id 7472, thread name alarm_dispatcher started
12-12 13:32:43.115  7444  7468 I bt_core_module: module_init Initialized module "btif_config_module"
12-12 13:32:43.115  7444  7468 I bt_core_module: module_init Initializing module "interop_module"
12-12 13:32:43.115  7444  7468 I bt_core_module: module_init Initialized module "interop_module"
12-12 13:32:43.115  7444  7468 I bt_core_module: module_init Initializing module "stack_config_module"
12-12 13:32:43.115  7444  7468 I bt_stack_config: init attempt to load stack conf from /etc/bluetooth/bt_stack.conf
12-12 13:32:43.116  7444  7468 I bt_core_module: module_init Initialized module "stack_config_module"
12-12 13:32:43.117  7444  7473 W bt_osi_thread: run_thread: thread id 7473, thread name bt_jni_workqueue started
12-12 13:32:43.117  7444  7468 I bt_stack_manager: event_init_stack finished
12-12 13:32:43.117  7444  7444 I bt_osi_wakelock: wakelock_set_os_callouts set to non-native
12-12 13:32:43.117  7444  7444 I bt_btif : get_profile_interface socket
12-12 13:32:43.120  7444  7444 I bt_btif : get_profile_interface sdp
12-12 13:32:43.124  7444  7444 D BluetoothAdapterService: setAdapterService() - set to: null
12-12 13:32:43.125  7444  7444 D BluetoothAdapterService: onBind()
12-12 13:32:43.126  1040  1040 D BluetoothManagerService: BluetoothServiceConnection: com.android.bluetooth.btservice.AdapterService
12-12 13:32:43.126  1040  1101 D BluetoothManagerService: MESSAGE_BLUETOOTH_SERVICE_CONNECTED: 1
12-12 13:32:43.127  7444  7455 I bt_btif : config_hci_snoop_log
12-12 13:32:43.128  1040  1101 D BluetoothManagerService: Broadcasting onBluetoothServiceUp() to 6 receivers.
12-12 13:32:43.129  1040  1101 D BluetoothAdapter: onBluetoothServiceUp: android.bluetooth.IBluetooth$Stub$Proxy@6e4c5e4
12-12 13:32:43.129  1500  1527 D BluetoothAdapter: onBluetoothServiceUp: android.bluetooth.IBluetooth$Stub$Proxy@ebad593
12-12 13:32:43.129  6472  6483 D BluetoothAdapter: onBluetoothServiceUp: android.bluetooth.IBluetooth$Stub$Proxy@3aaf1b7
12-12 13:32:43.130  7444  7455 D BluetoothAdapter: onBluetoothServiceUp: com.android.bluetooth.btservice.AdapterService$AdapterServiceBinder@992f5f7
12-12 13:32:43.130  1968  1981 D BluetoothAdapter: onBluetoothServiceUp: android.bluetooth.IBluetooth$Stub$Proxy@521290b
12-12 13:32:43.130  1761  1773 D BluetoothAdapter: onBluetoothServiceUp: android.bluetooth.IBluetooth$Stub$Proxy@3701633
12-12 13:32:43.131  7444  7456 D BluetoothAdapterService: enable() - Enable called with quiet mode status =  false
12-12 13:32:43.131  7444  7467 D BluetoothAdapterState: Current state: OFF, message: 0
12-12 13:32:43.131  7444  7467 D BluetoothAdapterProperties: Setting state to 14
12-12 13:32:43.131  7444  7467 I BluetoothAdapterState: Bluetooth adapter state changed: 10-> 14
12-12 13:32:43.131  7444  7467 D BluetoothAdapterService: updateAdapterState() - Broadcasting state to 1 receivers.
12-12 13:32:43.132  7444  7467 D BluetoothAdapterService: BleOnProcessStart()
12-12 13:32:43.132  7444  7467 D BluetoothAdapterService: BleOnProcessStart() - Make Bond State Machine
12-12 13:32:43.132  7444  7467 D BluetoothBondStateMachine: make
12-12 13:32:43.133  1040  1101 D BluetoothManagerService: MESSAGE_BLUETOOTH_STATE_CHANGE: OFF > BLE_TURNING_ON
12-12 13:32:43.133  1040  1101 D BluetoothManagerService: Sending BLE State Change: OFF > BLE_TURNING_ON
12-12 13:32:43.135  7444  7473 D BluetoothAdapterProperties: Address is:AC:37:43:84:FE:89
12-12 13:32:43.137  1040  1040 D BluetoothManagerService: Bluetooth Adapter name changed to Pixel
12-12 13:32:43.137  7444  7467 D BluetoothAdapterService: setProfileServiceState() - Starting service com.android.bluetooth.gatt.GattService
12-12 13:32:43.137  1040  1040 D BluetoothManagerService: Stored Bluetooth name: Pixel
12-12 13:32:43.137  7444  7473 D BluetoothAdapterProperties: Name is: Pixel
12-12 13:32:43.139  7444  7474 I BluetoothBondStateMachine: StableState(): Entering Off State
12-12 13:32:43.139  7444  7467 I BluetoothAdapterState: Entering PendingCommandState
12-12 13:32:43.140  7444  7444 I BtGatt.JNI: classInitNative(L922): classInitNative: Success!
12-12 13:32:43.141  7444  7444 D BtGatt.DebugUtils: handleDebugAction() action=null
12-12 13:32:43.141  7444  7444 D BluetoothAdapterService: getAdapterService() - returning com.android.bluetooth.btservice.AdapterService@9d9fcb8
12-12 13:32:43.142  7444  7444 D BtGatt.GattService: Received start request. Starting profile...
12-12 13:32:43.142  7444  7444 D BtGatt.GattService: start()
12-12 13:32:43.142  7444  7444 I bt_btif : get_profile_interface gatt
12-12 13:32:43.143  7444  7444 D BluetoothAdapterService: getAdapterService() - returning com.android.bluetooth.btservice.AdapterService@9d9fcb8
12-12 13:32:43.143  7444  7444 D BtGatt.AdvertiseManager: advertise manager created
12-12 13:32:43.147  7444  7444 D BluetoothAdapterService: getAdapterService() - returning com.android.bluetooth.btservice.AdapterService@9d9fcb8
12-12 13:32:43.148  7444  7444 D BluetoothAdapterService: handleMessage() - Message: 1
12-12 13:32:43.148  7444  7444 D BluetoothAdapterService: handleMessage() - MESSAGE_PROFILE_SERVICE_STATE_CHANGED
12-12 13:32:43.148  7444  7444 D BluetoothAdapterService: processProfileServiceStateChanged() serviceName=com.android.bluetooth.gatt.GattService, state=12, doUpdate=true
12-12 13:32:43.148  7444  7444 V BluetoothAdapterState: isTurningOff()=false
12-12 13:32:43.148  7444  7444 V BluetoothAdapterState: isTurningOn()=false
12-12 13:32:43.148  7444  7444 V BluetoothAdapterState: isBleTurningOn()=true
12-12 13:32:43.148  7444  7444 V BluetoothAdapterState: isBleTurningOff()=false
12-12 13:32:43.148  7444  7444 D BluetoothAdapterService: processProfileServiceStateChanged() - serviceName=com.android.bluetooth.gatt.GattService isTurningOn=false isTurningOff=false isBleTurningOn=true isBleTurningOff=false
12-12 13:32:43.148  7444  7444 D BluetoothAdapterService: GattService is started
12-12 13:32:43.149  7444  7467 D BluetoothAdapterState: Current state: PENDING_COMMAND, message: 4
12-12 13:32:43.150  7444  7467 I bt_btif : enable: start restricted = 0
12-12 13:32:43.150  7444  7468 I bt_stack_manager: event_start_up_stack is bringing up the stack
12-12 13:32:43.150  7444  7468 I bt_core_module: module_start_up Starting module "btif_config_module"
12-12 13:32:43.150  7444  7468 I bt_core_module: module_start_up Started module "btif_config_module"
12-12 13:32:43.150  7444  7468 I bt_core_module: module_start_up Starting module "btsnoop_module"
12-12 13:32:43.150  7444  7468 I bt_core_module: module_start_up Started module "btsnoop_module"
12-12 13:32:43.150  7444  7468 I bt_core_module: module_start_up Starting module "hci_module"
12-12 13:32:43.150  7444  7468 I bt_hci  : start_up
12-12 13:32:43.151  7444  7477 W bt_osi_thread: run_thread: thread id 7477, thread name hci_thread started
12-12 13:32:43.154  7444  7468 I bt_vendor: alloc value 0xd6bf6a6d
12-12 13:32:43.154  7444  7468 I bt_vendor: bt-vendor : init
12-12 13:32:43.154  7444  7468 I bt_vendor: bt-vendor : get_bt_soc_type
12-12 13:32:43.154  7444  7468 I bt_vendor: qcom.bluetooth.soc set to rome
12-12 13:32:43.154  7444  7468 I bt_vendor: bt-vendor : Initializing UART transport layer
12-12 13:32:43.154  7444  7468 I bt_vendor: init: Local BD Address : 89:fe:84:43:37:ac
12-12 13:32:43.154  7444  7468 W bt_hci  : start_up not turning off the chip before turning on.
12-12 13:32:43.154  7444  7468 I bt_vendor: bt-vendor : BT_VND_OP_POWER_CTRL: On
12-12 13:32:43.154  7444  7468 I bt_vendor: bt_powerup: 1
12-12 13:32:43.155  7444  7468 E bt_vendor: Write 1 to rfkill
12-12 13:32:43.235  7225  7466 D RttManager: Get the messenger from android.net.wifi.IRttManager$Stub$Proxy@43858a9
12-12 13:32:43.238  1040  1429 D RttService: ClientHandler got{ when=0 what=69633 target=com.android.server.wifi.RttService$RttServiceImpl$ClientHandler } what = CMD_UNKNOWN
12-12 13:32:43.238  7225  7438 I RttManager: RTT manager get message: 69634
12-12 13:32:43.261  7444  7468 D bt_hci  : start_up starting async portion
12-12 13:32:43.262  7444  7477 I bt_hci  : event_finish_startup
12-12 13:32:43.262  7444  7477 I bt_hci_h4: hal_open
12-12 13:32:43.262  7444  7477 I bt_vendor: bt-vendor : BT_VND_OP_USERIAL_OPEN
12-12 13:32:43.262  7444  7477 I bt_vendor: wait_for_patch_download: patch download completed
12-12 13:32:43.262  7444  7477 I bt_vendor: bt-vendor : is_soc_initialized
12-12 13:32:43.262  7444  7477 E bt_vendor: is_soc_initialized: Failed to get wc_transport.soc_initialized
12-12 13:32:43.262  7444  7477 I bt_vendor: userial vendor open: opening /dev/ttyHS0
12-12 13:32:43.265  7225  7466 E ChreGmsCore: Unable to find NanoApp with Id=0x476F6F676C00100B
12-12 13:32:43.266  7444  7477 I bt_vendor: device fd = 69 open
12-12 13:32:43.266  7444  7477 D bt_vendor: userial clock on
12-12 13:32:43.266  7444  7477 I bt_vendor:  rome_soc_init 
12-12 13:32:43.266  7444  7477 I bt_vendor: rome_soc_init: reserved param
12-12 13:32:43.266  7444  7477 D bt_vendor: frame_hci_cmd_pkt: Sending EDL_PATCH_VER_REQ_CMD
12-12 13:32:43.266  7444  7477 I bt_vendor: read_vs_hci_event: Wait for HCI-Vendor Specfic Event from SOC
12-12 13:32:43.310  7444  7477 I bt_vendor: get_vs_hci_event: Received HCI-Vendor Specific event
12-12 13:32:43.310  7444  7477 I bt_vendor: get_vs_hci_event: length 0xe resp 0x0 type 0x2
12-12 13:32:43.310  7444  7477 I bt_vendor: 	 Current Product ID		: 0x00000008
12-12 13:32:43.310  7444  7477 I bt_vendor: 	 Current Patch Version		: 0x0111
12-12 13:32:43.310  7444  7477 I bt_vendor: 	 Current ROM Build Version	: 0x0302
12-12 13:32:43.310  7444  7477 I bt_vendor: 	 Current SOC Version		: 0x00000044
12-12 13:32:43.312  7444  7477 I bt_vendor: hci_send_vs_cmd: Received HCI-Vendor Specific Event from SOC
12-12 13:32:43.312  7444  7477 I bt_vendor: read_hci_event: Wait for Command Compete Event from SOC
12-12 13:32:43.312  7444  7477 I bt_vendor: rome_soc_init: Rome Version (0x03020044)
12-12 13:32:43.312  7444  7477 I bt_vendor: ## userial_vendor_ioctl: UART Flow Off 
12-12 13:32:43.312  7444  7477 I bt_vendor: ## userial_vendor_set_baud: 14
12-12 13:32:43.317  7444  7477 I bt_vendor: ## userial_vendor_ioctl: UART Flow On 
12-12 13:32:43.317  7444  7477 I bt_vendor: read_vs_hci_event: Wait for HCI-Vendor Specfic Event from SOC
12-12 13:32:43.329  7444  7477 I bt_vendor: get_vs_hci_event: Received HCI-Vendor Specific event
12-12 13:32:43.329  7444  7477 I bt_vendor: get_vs_hci_event: length 0x2 resp 0x92 type 0x1
12-12 13:32:43.329  7444  7477 I bt_vendor: rome_set_baudrate_req: Received HCI-Vendor Specific Event from SOC
12-12 13:32:43.329  7444  7477 I bt_vendor: read_hci_event: Wait for Command Compete Event from SOC
12-12 13:32:43.329  7444  7477 I bt_vendor: rome_soc_init: Baud rate changed successfully 
12-12 13:32:43.329  7444  7477 I bt_vendor: File Open (/vendor/firmware/btfw32.tlv)
12-12 13:32:43.331  7444  7477 I bt_vendor: ====================================================
12-12 13:32:43.331  7444  7477 I bt_vendor: TLV Type			 : 0x1
12-12 13:32:43.331  7444  7477 I bt_vendor: Length			 : 60644 bytes
12-12 13:32:43.331  7444  7477 I bt_vendor: Total Length			 : 60388 bytes
12-12 13:32:43.331  7444  7477 I bt_vendor: Patch Data Length			 : 60364 bytes
12-12 13:32:43.331  7444  7477 I bt_vendor: Signing Format Version	 : 0x1
12-12 13:32:43.331  7444  7477 I bt_vendor: Signature Algorithm		 : 0x2
12-12 13:32:43.331  7444  7477 I bt_vendor: Event Handling			 : 0x3
12-12 13:32:43.331  7444  7477 I bt_vendor: Reserved			 : 0x0
12-12 13:32:43.331  7444  7477 I bt_vendor: Product ID			 : 0x0008
12-12 13:32:43.331  7444  7477 I bt_vendor: Rom Build Version		 : 0x0302
12-12 13:32:43.331  7444  7477 I bt_vendor: Patch Version		 : 0x0145
12-12 13:32:43.331  7444  7477 I bt_vendor: Reserved			 : 0x8000
12-12 13:32:43.331  7444  7477 I bt_vendor: Patch Entry Address		 : 0x19b08
12-12 13:32:43.331  7444  7477 I bt_vendor: ====================================================
12-12 13:32:43.331  7444  7477 I bt_vendor: rome_tlv_dnld_req: TLV size: 60648, Total Seg num: 249, remain size: 141
12-12 13:32:43.331  7444  7477 I bt_vendor: Event handling type: ROME_SKIP_EVT_VSE_CC
12-12 13:32:43.331  7444  7477 D bt_vendor: frame_hci_cmd_pkt: Sending EDL_PATCH_TLV_REQ_CMD
12-12 13:32:43.331  7444  7477 I bt_vendor: rome_tlv_dnld_segment: Successfully downloaded patch segment: 0
12-12 13:32:43.331  7444  7477 D bt_vendor: frame_hci_cmd_pkt: Sending EDL_PATCH_TLV_REQ_CMD
12-12 13:32:43.331  7444  7477 I bt_vendor: rome_tlv_dnld_segment: Successfully downloaded patch segment: 1
12-12 13:32:43.331  7444  7477 D bt_vendor: frame_hci_cmd_pkt: Sending EDL_PATCH_TLV_REQ_CMD
12-12 13:32:43.331  7444  7477 I bt_vendor: rome_tlv_dnld_segment: Successfully downloaded patch segment: 2
12-12 13:32:43.331  7444  7477 D bt_vendor: frame_hci_cmd_pkt: Sending EDL_PATCH_TLV_REQ_CMD
12-12 13:32:43.331  7444  7477 I bt_vendor: rome_tlv_dnld_segment: Successfully downloaded patch segment: 3
12-12 13:32:43.331  7444  7477 D bt_vendor: frame_hci_cmd_pkt: Sending EDL_PATCH_TLV_REQ_CMD
12-12 13:32:43.331  7444  7477 I bt_vendor: rome_tlv_dnld_segment: Successfully downloaded patch segment: 4
12-12 13:32:43.331  7444  7477 D bt_vendor: frame_hci_cmd_pkt: Sending EDL_PATCH_TLV_REQ_CMD
12-12 13:32:43.332  7444  7477 I bt_vendor: rome_tlv_dnld_segment: Successfully downloaded patch segment: 5
12-12 13:32:43.332  7444  7477 D bt_vendor: frame_hci_cmd_pkt: Sending EDL_PATCH_TLV_REQ_CMD
12-12 13:32:43.332  7444  7477 I bt_vendor: rome_tlv_dnld_segment: Successfully downloaded patch segment: 6
12-12 13:32:43.332  7444  7477 D bt_vendor: frame_hci_cmd_pkt: Sending EDL_PATCH_TLV_REQ_CMD
12-12 13:32:43.332  7444  7477 I bt_vendor: rome_tlv_dnld_segment: Successfully downloaded patch segment: 7
12-12 13:32:43.332  7444  7477 D bt_vendor: frame_hci_cmd_pkt: Sending EDL_PATCH_TLV_REQ_CMD
12-12 13:32:43.332  7444  7477 I bt_vendor: rome_tlv_dnld_segment: Successfully downloaded patch segment: 8
12-12 13:32:43.332  7444  7477 D bt_vendor: frame_hci_cmd_pkt: Sending EDL_PATCH_TLV_REQ_CMD
12-12 13:32:43.332  7444  7477 I bt_vendor: rome_tlv_dnld_segment: Successfully downloaded patch segment: 9
12-12 13:32:43.332  7444  7477 D bt_vendor: frame_hci_cmd_pkt: Sending EDL_PATCH_TLV_REQ_CMD
12-12 13:32:43.332  7444  7477 I bt_vendor: rome_tlv_dnld_segment: Successfully downloaded patch segment: 10
12-12 13:32:43.332  7444  7477 D bt_vendor: frame_hci_cmd_pkt: Sending EDL_PATCH_TLV_REQ_CMD
12-12 13:32:43.332  7444  7477 I bt_vendor: rome_tlv_dnld_segment: Successfully downloaded patch segment: 11
12-12 13:32:43.332  7444  7477 D bt_vendor: frame_hci_cmd_pkt: Sending EDL_PATCH_TLV_REQ_CMD
12-12 13:32:43.332  7444  7477 I bt_vendor: rome_tlv_dnld_segment: Successfully downloaded patch segment: 12
12-12 13:32:43.332  7444  7477 D bt_vendor: frame_hci_cmd_pkt: Sending EDL_PATCH_TLV_REQ_CMD
12-12 13:32:43.332  7444  7477 I bt_vendor: rome_tlv_dnld_segment: Successfully downloaded patch segment: 13
12-12 13:32:43.332  7444  7477 D bt_vendor: frame_hci_cmd_pkt: Sending EDL_PATCH_TLV_REQ_CMD
12-12 13:32:43.332  7444  7477 I bt_vendor: rome_tlv_dnld_segment: Successfully downloaded patch segment: 14
12-12 13:32:43.332  7444  7477 D bt_vendor: frame_hci_cmd_pkt: Sending EDL_PATCH_TLV_REQ_CMD
12-12 13:32:43.332  7444  7477 I bt_vendor: rome_tlv_dnld_segment: Successfully downloaded patch segment: 15
12-12 13:32:43.332  7444  7477 D bt_vendor: frame_hci_cmd_pkt: Sending EDL_PATCH_TLV_REQ_CMD
12-12 13:32:43.345  7444  7477 I bt_vendor: rome_tlv_dnld_segment: Successfully downloaded patch segment: 16
12-12 13:32:43.345  7444  7477 D bt_vendor: frame_hci_cmd_pkt: Sending EDL_PATCH_TLV_REQ_CMD
12-12 13:32:43.345  7444  7477 I bt_vendor: rome_tlv_dnld_segment: Successfully downloaded patch segment: 17
12-12 13:32:43.345  7444  7477 D bt_vendor: frame_hci_cmd_pkt: Sending EDL_PATCH_TLV_REQ_CMD
12-12 13:32:43.345  7444  7477 I bt_vendor: rome_tlv_dnld_segment: Successfully downloaded patch segment: 18
12-12 13:32:43.345  7444  7477 D bt_vendor: frame_hci_cmd_pkt: Sending EDL_PATCH_TLV_REQ_CMD
12-12 13:32:43.345  7444  7477 I bt_vendor: rome_tlv_dnld_segment: Successfully downloaded patch segment: 19
12-12 13:32:43.345  7444  7477 D bt_vendor: frame_hci_cmd_pkt: Sending EDL_PATCH_TLV_REQ_CMD
12-12 13:32:43.345  7444  7477 I bt_vendor: rome_tlv_dnld_segment: Successfully downloaded patch segment: 20
12-12 13:32:43.345  7444  7477 D bt_vendor: frame_hci_cmd_pkt: Sending EDL_PATCH_TLV_REQ_CMD
12-12 13:32:43.346  7444  7477 I bt_vendor: rome_tlv_dnld_segment: Successfully downloaded patch segment: 21
12-12 13:32:43.346  7444  7477 D bt_vendor: frame_hci_cmd_pkt: Sending EDL_PATCH_TLV_REQ_CMD
12-12 13:32:43.346  7444  7477 I bt_vendor: rome_tlv_dnld_segment: Successfully downloaded patch segment: 22
12-12 13:32:43.346  7444  7477 D bt_vendor: frame_hci_cmd_pkt: Sending EDL_PATCH_TLV_REQ_CMD
12-12 13:32:43.346  7444  7477 I bt_vendor: rome_tlv_dnld_segment: Successfully downloaded patch segment: 23
12-12 13:32:43.346  7444  7477 D bt_vendor: frame_hci_cmd_pkt: Sending EDL_PATCH_TLV_REQ_CMD
12-12 13:32:43.346  7444  7477 I bt_vendor: rome_tlv_dnld_segment: Successfully downloaded patch segment: 24
12-12 13:32:43.346  7444  7477 D bt_vendor: frame_hci_cmd_pkt: Sending EDL_PATCH_TLV_REQ_CMD
12-12 13:32:43.346  7444  7477 I bt_vendor: rome_tlv_dnld_segment: Successfully downloaded patch segment: 25
12-12 13:32:43.346  7444  7477 D bt_vendor: frame_hci_cmd_pkt: Sending EDL_PATCH_TLV_REQ_CMD
12-12 13:32:43.346  7444  7477 I bt_vendor: rome_tlv_dnld_segment: Successfully downloaded patch segment: 26
12-12 13:32:43.346  7444  7477 D bt_vendor: frame_hci_cmd_pkt: Sending EDL_PATCH_TLV_REQ_CMD
12-12 13:32:43.346  7444  7477 I bt_vendor: rome_tlv_dnld_segment: Successfully downloaded patch segment: 27
12-12 13:32:43.346  7444  7477 D bt_vendor: frame_hci_cmd_pkt: Sending EDL_PATCH_TLV_REQ_CMD
12-12 13:32:43.346  7444  7477 I bt_vendor: rome_tlv_dnld_segment: Successfully downloaded patch segment: 28
12-12 13:32:43.346  7444  7477 D bt_vendor: frame_hci_cmd_pkt: Sending EDL_PATCH_TLV_REQ_CMD
12-12 13:32:43.346  7444  7477 I bt_vendor: rome_tlv_dnld_segment: Successfully downloaded patch segment: 29
12-12 13:32:43.346  7444  7477 D bt_vendor: frame_hci_cmd_pkt: Sending EDL_PATCH_TLV_REQ_CMD
12-12 13:32:43.346  7444  7477 I bt_vendor: rome_tlv_dnld_segment: Successfully downloaded patch segment: 30
12-12 13:32:43.346  7444  7477 D bt_vendor: frame_hci_cmd_pkt: Sending EDL_PATCH_TLV_REQ_CMD
12-12 13:32:43.346  7444  7477 I bt_vendor: rome_tlv_dnld_segment: Successfully downloaded patch segment: 31
12-12 13:32:43.346  7444  7477 D bt_vendor: frame_hci_cmd_pkt: Sending EDL_PATCH_TLV_REQ_CMD
12-12 13:32:43.360  7444  7477 I bt_vendor: rome_tlv_dnld_segment: Successfully downloaded patch segment: 32
12-12 13:32:43.360  7444  7477 D bt_vendor: frame_hci_cmd_pkt: Sending EDL_PATCH_TLV_REQ_CMD
12-12 13:32:43.360  7444  7477 I bt_vendor: rome_tlv_dnld_segment: Successfully downloaded patch segment: 33
12-12 13:32:43.360  7444  7477 D bt_vendor: frame_hci_cmd_pkt: Sending EDL_PATCH_TLV_REQ_CMD
12-12 13:32:43.360  7444  7477 I bt_vendor: rome_tlv_dnld_segment: Successfully downloaded patch segment: 34
12-12 13:32:43.360  7444  7477 D bt_vendor: frame_hci_cmd_pkt: Sending EDL_PATCH_TLV_REQ_CMD
12-12 13:32:43.360  7444  7477 I bt_vendor: rome_tlv_dnld_segment: Successfully downloaded patch segment: 35
12-12 13:32:43.360  7444  7477 D bt_vendor: frame_hci_cmd_pkt: Sending EDL_PATCH_TLV_REQ_CMD
12-12 13:32:43.360  7444  7477 I bt_vendor: rome_tlv_dnld_segment: Successfully downloaded patch segment: 36
12-12 13:32:43.360  7444  7477 D bt_vendor: frame_hci_cmd_pkt: Sending EDL_PATCH_TLV_REQ_CMD
12-12 13:32:43.360  7444  7477 I bt_vendor: rome_tlv_dnld_segment: Successfully downloaded patch segment: 37
12-12 13:32:43.360  7444  7477 D bt_vendor: frame_hci_cmd_pkt: Sending EDL_PATCH_TLV_REQ_CMD
12-12 13:32:43.360  7444  7477 I bt_vendor: rome_tlv_dnld_segment: Successfully downloaded patch segment: 38
12-12 13:32:43.360  7444  7477 D bt_vendor: frame_hci_cmd_pkt: Sending EDL_PATCH_TLV_REQ_CMD
12-12 13:32:43.360  7444  7477 I bt_vendor: rome_tlv_dnld_segment: Successfully downloaded patch segment: 39
12-12 13:32:43.360  7444  7477 D bt_vendor: frame_hci_cmd_pkt: Sending EDL_PATCH_TLV_REQ_CMD
12-12 13:32:43.360  7444  7477 I bt_vendor: rome_tlv_dnld_segment: Successfully downloaded patch segment: 40
12-12 13:32:43.360  7444  7477 D bt_vendor: frame_hci_cmd_pkt: Sending EDL_PATCH_TLV_REQ_CMD
12-12 13:32:43.360  7444  7477 I bt_vendor: rome_tlv_dnld_segment: Successfully downloaded patch segment: 41
12-12 13:32:43.360  7444  7477 D bt_vendor: frame_hci_cmd_pkt: Sending EDL_PATCH_TLV_REQ_CMD
12-12 13:32:43.360  7444  7477 I bt_vendor: rome_tlv_dnld_segment: Successfully downloaded patch segment: 42
12-12 13:32:43.360  7444  7477 D bt_vendor: frame_hci_cmd_pkt: Sending EDL_PATCH_TLV_REQ_CMD
12-12 13:32:43.360  7444  7477 I bt_vendor: rome_tlv_dnld_segment: Successfully downloaded patch segment: 43
12-12 13:32:43.360  7444  7477 D bt_vendor: frame_hci_cmd_pkt: Sending EDL_PATCH_TLV_REQ_CMD
12-12 13:32:43.360  7444  7477 I bt_vendor: rome_tlv_dnld_segment: Successfully downloaded patch segment: 44
12-12 13:32:43.360  7444  7477 D bt_vendor: frame_hci_cmd_pkt: Sending EDL_PATCH_TLV_REQ_CMD
12-12 13:32:43.360  7444  7477 I bt_vendor: rome_tlv_dnld_segment: Successfully downloaded patch segment: 45
12-12 13:32:43.360  7444  7477 D bt_vendor: frame_hci_cmd_pkt: Sending EDL_PATCH_TLV_REQ_CMD
12-12 13:32:43.360  7444  7477 I bt_vendor: rome_tlv_dnld_segment: Successfully downloaded patch segment: 46
12-12 13:32:43.360  7444  7477 D bt_vendor: frame_hci_cmd_pkt: Sending EDL_PATCH_TLV_REQ_CMD
12-12 13:32:43.360  7444  7477 I bt_vendor: rome_tlv_dnld_segment: Successfully downloaded patch segment: 47
12-12 13:32:43.360  7444  7477 D bt_vendor: frame_hci_cmd_pkt: Sending EDL_PATCH_TLV_REQ_CMD
12-12 13:32:43.360  7444  7477 I bt_vendor: rome_tlv_dnld_segment: Successfully downloaded patch segment: 48
12-12 13:32:43.360  7444  7477 D bt_vendor: frame_hci_cmd_pkt: Sending EDL_PATCH_TLV_REQ_CMD
12-12 13:32:43.374  7444  7477 I bt_vendor: rome_tlv_dnld_segment: Successfully downloaded patch segment: 49
12-12 13:32:43.374  7444  7477 D bt_vendor: frame_hci_cmd_pkt: Sending EDL_PATCH_TLV_REQ_CMD
12-12 13:32:43.374  7444  7477 I bt_vendor: rome_tlv_dnld_segment: Successfully downloaded patch segment: 50
12-12 13:32:43.374  7444  7477 D bt_vendor: frame_hci_cmd_pkt: Sending EDL_PATCH_TLV_REQ_CMD
12-12 13:32:43.374  7444  7477 I bt_vendor: rome_tlv_dnld_segment: Successfully downloaded patch segment: 51
12-12 13:32:43.375  7444  7477 D bt_vendor: frame_hci_cmd_pkt: Sending EDL_PATCH_TLV_REQ_CMD
12-12 13:32:43.375  7444  7477 I bt_vendor: rome_tlv_dnld_segment: Successfully downloaded patch segment: 52
12-12 13:32:43.375  7444  7477 D bt_vendor: frame_hci_cmd_pkt: Sending EDL_PATCH_TLV_REQ_CMD
12-12 13:32:43.375  7444  7477 I bt_vendor: rome_tlv_dnld_segment: Successfully downloaded patch segment: 53
12-12 13:32:43.375  7444  7477 D bt_vendor: frame_hci_cmd_pkt: Sending EDL_PATCH_TLV_REQ_CMD
12-12 13:32:43.375  7444  7477 I bt_vendor: rome_tlv_dnld_segment: Successfully downloaded patch segment: 54
12-12 13:32:43.375  7444  7477 D bt_vendor: frame_hci_cmd_pkt: Sending EDL_PATCH_TLV_REQ_CMD
12-12 13:32:43.375  7444  7477 I bt_vendor: rome_tlv_dnld_segment: Successfully downloaded patch segment: 55
12-12 13:32:43.375  7444  7477 D bt_vendor: frame_hci_cmd_pkt: Sending EDL_PATCH_TLV_REQ_CMD
12-12 13:32:43.375  7444  7477 I bt_vendor: rome_tlv_dnld_segment: Successfully downloaded patch segment: 56
12-12 13:32:43.375  7444  7477 D bt_vendor: frame_hci_cmd_pkt: Sending EDL_PATCH_TLV_REQ_CMD
12-12 13:32:43.375  7444  7477 I bt_vendor: rome_tlv_dnld_segment: Successfully downloaded patch segment: 57
12-12 13:32:43.375  7444  7477 D bt_vendor: frame_hci_cmd_pkt: Sending EDL_PATCH_TLV_REQ_CMD
12-12 13:32:43.375  7444  7477 I bt_vendor: rome_tlv_dnld_segment: Successfully downloaded patch segment: 58
12-12 13:32:43.375  7444  7477 D bt_vendor: frame_hci_cmd_pkt: Sending EDL_PATCH_TLV_REQ_CMD
12-12 13:32:43.375  7444  7477 I bt_vendor: rome_tlv_dnld_segment: Successfully downloaded patch segment: 59
12-12 13:32:43.375  7444  7477 D bt_vendor: frame_hci_cmd_pkt: Sending EDL_PATCH_TLV_REQ_CMD
12-12 13:32:43.375  7444  7477 I bt_vendor: rome_tlv_dnld_segment: Successfully downloaded patch segment: 60
12-12 13:32:43.375  7444  7477 D bt_vendor: frame_hci_cmd_pkt: Sending EDL_PATCH_TLV_REQ_CMD
12-12 13:32:43.375  7444  7477 I bt_vendor: rome_tlv_dnld_segment: Successfully downloaded patch segment: 61
12-12 13:32:43.375  7444  7477 D bt_vendor: frame_hci_cmd_pkt: Sending EDL_PATCH_TLV_REQ_CMD
12-12 13:32:43.375  7444  7477 I bt_vendor: rome_tlv_dnld_segment: Successfully downloaded patch segment: 62
12-12 13:32:43.375  7444  7477 D bt_vendor: frame_hci_cmd_pkt: Sending EDL_PATCH_TLV_REQ_CMD
12-12 13:32:43.375  7444  7477 I bt_vendor: rome_tlv_dnld_segment: Successfully downloaded patch segment: 63
12-12 13:32:43.375  7444  7477 D bt_vendor: frame_hci_cmd_pkt: Sending EDL_PATCH_TLV_REQ_CMD
12-12 13:32:43.375  7444  7477 I bt_vendor: rome_tlv_dnld_segment: Successfully downloaded patch segment: 64
12-12 13:32:43.375  7444  7477 D bt_vendor: frame_hci_cmd_pkt: Sending EDL_PATCH_TLV_REQ_CMD
12-12 13:32:43.382  7299  7418 I art     : Waiting for a blocking GC DisableMovingGc
12-12 13:32:43.383  7299  7416 I art     : Waiting for a blocking GC DisableMovingGc
12-12 13:32:43.388  7444  7477 I bt_vendor: rome_tlv_dnld_segment: Successfully downloaded patch segment: 65
12-12 13:32:43.388  7444  7477 D bt_vendor: frame_hci_cmd_pkt: Sending EDL_PATCH_TLV_REQ_CMD
12-12 13:32:43.388  7444  7477 I bt_vendor: rome_tlv_dnld_segment: Successfully downloaded patch segment: 66
12-12 13:32:43.388  7444  7477 D bt_vendor: frame_hci_cmd_pkt: Sending EDL_PATCH_TLV_REQ_CMD
12-12 13:32:43.388  7444  7477 I bt_vendor: rome_tlv_dnld_segment: Successfully downloaded patch segment: 67
12-12 13:32:43.388  7444  7477 D bt_vendor: frame_hci_cmd_pkt: Sending EDL_PATCH_TLV_REQ_CMD
12-12 13:32:43.388  7444  7477 I bt_vendor: rome_tlv_dnld_segment: Successfully downloaded patch segment: 68
12-12 13:32:43.388  7444  7477 D bt_vendor: frame_hci_cmd_pkt: Sending EDL_PATCH_TLV_REQ_CMD
12-12 13:32:43.388  7444  7477 I bt_vendor: rome_tlv_dnld_segment: Successfully downloaded patch segment: 69
12-12 13:32:43.388  7444  7477 D bt_vendor: frame_hci_cmd_pkt: Sending EDL_PATCH_TLV_REQ_CMD
12-12 13:32:43.388  7444  7477 I bt_vendor: rome_tlv_dnld_segment: Successfully downloaded patch segment: 70
12-12 13:32:43.388  7444  7477 D bt_vendor: frame_hci_cmd_pkt: Sending EDL_PATCH_TLV_REQ_CMD
12-12 13:32:43.388  7444  7477 I bt_vendor: rome_tlv_dnld_segment: Successfully downloaded patch segment: 71
12-12 13:32:43.388  7444  7477 D bt_vendor: frame_hci_cmd_pkt: Sending EDL_PATCH_TLV_REQ_CMD
12-12 13:32:43.388  7444  7477 I bt_vendor: rome_tlv_dnld_segment: Successfully downloaded patch segment: 72
12-12 13:32:43.388  7444  7477 D bt_vendor: frame_hci_cmd_pkt: Sending EDL_PATCH_TLV_REQ_CMD
12-12 13:32:43.388  7444  7477 I bt_vendor: rome_tlv_dnld_segment: Successfully downloaded patch segment: 73
12-12 13:32:43.388  7444  7477 D bt_vendor: frame_hci_cmd_pkt: Sending EDL_PATCH_TLV_REQ_CMD
12-12 13:32:43.388  7444  7477 I bt_vendor: rome_tlv_dnld_segment: Successfully downloaded patch segment: 74
12-12 13:32:43.388  7444  7477 D bt_vendor: frame_hci_cmd_pkt: Sending EDL_PATCH_TLV_REQ_CMD
12-12 13:32:43.388  7444  7477 I bt_vendor: rome_tlv_dnld_segment: Successfully downloaded patch segment: 75
12-12 13:32:43.388  7444  7477 D bt_vendor: frame_hci_cmd_pkt: Sending EDL_PATCH_TLV_REQ_CMD
12-12 13:32:43.388  7444  7477 I bt_vendor: rome_tlv_dnld_segment: Successfully downloaded patch segment: 76
12-12 13:32:43.388  7444  7477 D bt_vendor: frame_hci_cmd_pkt: Sending EDL_PATCH_TLV_REQ_CMD
12-12 13:32:43.388  7444  7477 I bt_vendor: rome_tlv_dnld_segment: Successfully downloaded patch segment: 77
12-12 13:32:43.388  7444  7477 D bt_vendor: frame_hci_cmd_pkt: Sending EDL_PATCH_TLV_REQ_CMD
12-12 13:32:43.388  7444  7477 I bt_vendor: rome_tlv_dnld_segment: Successfully downloaded patch segment: 78
12-12 13:32:43.388  7444  7477 D bt_vendor: frame_hci_cmd_pkt: Sending EDL_PATCH_TLV_REQ_CMD
12-12 13:32:43.388  7444  7477 I bt_vendor: rome_tlv_dnld_segment: Successfully downloaded patch segment: 79
12-12 13:32:43.388  7444  7477 D bt_vendor: frame_hci_cmd_pkt: Sending EDL_PATCH_TLV_REQ_CMD
12-12 13:32:43.388  7444  7477 I bt_vendor: rome_tlv_dnld_segment: Successfully downloaded patch segment: 80
12-12 13:32:43.388  7444  7477 D bt_vendor: frame_hci_cmd_pkt: Sending EDL_PATCH_TLV_REQ_CMD
12-12 13:32:43.388  7444  7477 I bt_vendor: rome_tlv_dnld_segment: Successfully downloaded patch segment: 81
12-12 13:32:43.388  7444  7477 D bt_vendor: frame_hci_cmd_pkt: Sending EDL_PATCH_TLV_REQ_CMD
12-12 13:32:43.393  7299  7418 I art     : WaitForGcToComplete blocked for 10.522ms for cause DisableMovingGc
12-12 13:32:43.393  7299  7418 I art     : Starting a blocking GC DisableMovingGc
12-12 13:32:43.393  7299  7416 I art     : WaitForGcToComplete blocked for 10.216ms for cause DisableMovingGc
12-12 13:32:43.393  7299  7416 I art     : Starting a blocking GC DisableMovingGc
12-12 13:32:43.401  7444  7477 I bt_vendor: rome_tlv_dnld_segment: Successfully downloaded patch segment: 82
12-12 13:32:43.402  7444  7477 D bt_vendor: frame_hci_cmd_pkt: Sending EDL_PATCH_TLV_REQ_CMD
12-12 13:32:43.402  7444  7477 I bt_vendor: rome_tlv_dnld_segment: Successfully downloaded patch segment: 83
12-12 13:32:43.402  7444  7477 D bt_vendor: frame_hci_cmd_pkt: Sending EDL_PATCH_TLV_REQ_CMD
12-12 13:32:43.402  7444  7477 I bt_vendor: rome_tlv_dnld_segment: Successfully downloaded patch segment: 84
12-12 13:32:43.402  7444  7477 D bt_vendor: frame_hci_cmd_pkt: Sending EDL_PATCH_TLV_REQ_CMD
12-12 13:32:43.402  7444  7477 I bt_vendor: rome_tlv_dnld_segment: Successfully downloaded patch segment: 85
12-12 13:32:43.402  7444  7477 D bt_vendor: frame_hci_cmd_pkt: Sending EDL_PATCH_TLV_REQ_CMD
12-12 13:32:43.402  7444  7477 I bt_vendor: rome_tlv_dnld_segment: Successfully downloaded patch segment: 86
12-12 13:32:43.402  7444  7477 D bt_vendor: frame_hci_cmd_pkt: Sending EDL_PATCH_TLV_REQ_CMD
12-12 13:32:43.402  7444  7477 I bt_vendor: rome_tlv_dnld_segment: Successfully downloaded patch segment: 87
12-12 13:32:43.402  7444  7477 D bt_vendor: frame_hci_cmd_pkt: Sending EDL_PATCH_TLV_REQ_CMD
12-12 13:32:43.402  7444  7477 I bt_vendor: rome_tlv_dnld_segment: Successfully downloaded patch segment: 88
12-12 13:32:43.402  7444  7477 D bt_vendor: frame_hci_cmd_pkt: Sending EDL_PATCH_TLV_REQ_CMD
12-12 13:32:43.402  7444  7477 I bt_vendor: rome_tlv_dnld_segment: Successfully downloaded patch segment: 89
12-12 13:32:43.402  7444  7477 D bt_vendor: frame_hci_cmd_pkt: Sending EDL_PATCH_TLV_REQ_CMD
12-12 13:32:43.402  7444  7477 I bt_vendor: rome_tlv_dnld_segment: Successfully downloaded patch segment: 90
12-12 13:32:43.402  7444  7477 D bt_vendor: frame_hci_cmd_pkt: Sending EDL_PATCH_TLV_REQ_CMD
12-12 13:32:43.402  7444  7477 I bt_vendor: rome_tlv_dnld_segment: Successfully downloaded patch segment: 91
12-12 13:32:43.402  7444  7477 D bt_vendor: frame_hci_cmd_pkt: Sending EDL_PATCH_TLV_REQ_CMD
12-12 13:32:43.402  7444  7477 I bt_vendor: rome_tlv_dnld_segment: Successfully downloaded patch segment: 92
12-12 13:32:43.402  7444  7477 D bt_vendor: frame_hci_cmd_pkt: Sending EDL_PATCH_TLV_REQ_CMD
12-12 13:32:43.402  7444  7477 I bt_vendor: rome_tlv_dnld_segment: Successfully downloaded patch segment: 93
12-12 13:32:43.402  7444  7477 D bt_vendor: frame_hci_cmd_pkt: Sending EDL_PATCH_TLV_REQ_CMD
12-12 13:32:43.402  7444  7477 I bt_vendor: rome_tlv_dnld_segment: Successfully downloaded patch segment: 94
12-12 13:32:43.402  7444  7477 D bt_vendor: frame_hci_cmd_pkt: Sending EDL_PATCH_TLV_REQ_CMD
12-12 13:32:43.402  7444  7477 I bt_vendor: rome_tlv_dnld_segment: Successfully downloaded patch segment: 95
12-12 13:32:43.402  7444  7477 D bt_vendor: frame_hci_cmd_pkt: Sending EDL_PATCH_TLV_REQ_CMD
12-12 13:32:43.402  7444  7477 I bt_vendor: rome_tlv_dnld_segment: Successfully downloaded patch segment: 96
12-12 13:32:43.402  7444  7477 D bt_vendor: frame_hci_cmd_pkt: Sending EDL_PATCH_TLV_REQ_CMD
12-12 13:32:43.402  7444  7477 I bt_vendor: rome_tlv_dnld_segment: Successfully downloaded patch segment: 97
12-12 13:32:43.402  7444  7477 D bt_vendor: frame_hci_cmd_pkt: Sending EDL_PATCH_TLV_REQ_CMD
12-12 13:32:43.411  7225  7319 W ConfigurationChimeraPro: Got null configs for com.google.android.gms.icing
12-12 13:32:43.415  7444  7477 I bt_vendor: rome_tlv_dnld_segment: Successfully downloaded patch segment: 98
12-12 13:32:43.415  7444  7477 D bt_vendor: frame_hci_cmd_pkt: Sending EDL_PATCH_TLV_REQ_CMD
12-12 13:32:43.415  7444  7477 I bt_vendor: rome_tlv_dnld_segment: Successfully downloaded patch segment: 99
12-12 13:32:43.415  7444  7477 D bt_vendor: frame_hci_cmd_pkt: Sending EDL_PATCH_TLV_REQ_CMD
12-12 13:32:43.415  7444  7477 I bt_vendor: rome_tlv_dnld_segment: Successfully downloaded patch segment: 100
12-12 13:32:43.416  7444  7477 D bt_vendor: frame_hci_cmd_pkt: Sending EDL_PATCH_TLV_REQ_CMD
12-12 13:32:43.416  7444  7477 I bt_vendor: rome_tlv_dnld_segment: Successfully downloaded patch segment: 101
12-12 13:32:43.416  7444  7477 D bt_vendor: frame_hci_cmd_pkt: Sending EDL_PATCH_TLV_REQ_CMD
12-12 13:32:43.416  7444  7477 I bt_vendor: rome_tlv_dnld_segment: Successfully downloaded patch segment: 102
12-12 13:32:43.416  7444  7477 D bt_vendor: frame_hci_cmd_pkt: Sending EDL_PATCH_TLV_REQ_CMD
12-12 13:32:43.416  7444  7477 I bt_vendor: rome_tlv_dnld_segment: Successfully downloaded patch segment: 103
12-12 13:32:43.416  7444  7477 D bt_vendor: frame_hci_cmd_pkt: Sending EDL_PATCH_TLV_REQ_CMD
12-12 13:32:43.416  7444  7477 I bt_vendor: rome_tlv_dnld_segment: Successfully downloaded patch segment: 104
12-12 13:32:43.416  7444  7477 D bt_vendor: frame_hci_cmd_pkt: Sending EDL_PATCH_TLV_REQ_CMD
12-12 13:32:43.416  7444  7477 I bt_vendor: rome_tlv_dnld_segment: Successfully downloaded patch segment: 105
12-12 13:32:43.416  7444  7477 D bt_vendor: frame_hci_cmd_pkt: Sending EDL_PATCH_TLV_REQ_CMD
12-12 13:32:43.416  7444  7477 I bt_vendor: rome_tlv_dnld_segment: Successfully downloaded patch segment: 106
12-12 13:32:43.416  7444  7477 D bt_vendor: frame_hci_cmd_pkt: Sending EDL_PATCH_TLV_REQ_CMD
12-12 13:32:43.416  7444  7477 I bt_vendor: rome_tlv_dnld_segment: Successfully downloaded patch segment: 107
12-12 13:32:43.416  7444  7477 D bt_vendor: frame_hci_cmd_pkt: Sending EDL_PATCH_TLV_REQ_CMD
12-12 13:32:43.416  7444  7477 I bt_vendor: rome_tlv_dnld_segment: Successfully downloaded patch segment: 108
12-12 13:32:43.416  7444  7477 D bt_vendor: frame_hci_cmd_pkt: Sending EDL_PATCH_TLV_REQ_CMD
12-12 13:32:43.416  7444  7477 I bt_vendor: rome_tlv_dnld_segment: Successfully downloaded patch segment: 109
12-12 13:32:43.416  7444  7477 D bt_vendor: frame_hci_cmd_pkt: Sending EDL_PATCH_TLV_REQ_CMD
12-12 13:32:43.416  7444  7477 I bt_vendor: rome_tlv_dnld_segment: Successfully downloaded patch segment: 110
12-12 13:32:43.416  7444  7477 D bt_vendor: frame_hci_cmd_pkt: Sending EDL_PATCH_TLV_REQ_CMD
