12-12 13:34:56.696  1968  1980 D BluetoothAdapter: onBluetoothServiceDown: android.bluetooth.IBluetooth$Stub$Proxy@e8c132
12-12 13:34:56.699  9205  9205 D BluetoothAdapterService: onUnbind() - calling cleanup
12-12 13:34:56.699  9205  9205 D BluetoothAdapterService: cleanup()
12-12 13:34:56.703  1040  1101 D BluetoothManagerService: Sending BLE State Change: BLE_TURNING_OFF > OFF
12-12 13:34:56.704  1040  1101 D BluetoothManagerService: MESSAGE_USER_SWITCHED
12-12 13:34:56.705  9205  9205 W BluetoothSdpJni: Cleaning up Bluetooth SDP Interface...
12-12 13:34:56.705  9205  9205 W BluetoothSdpJni: Cleaning up Bluetooth SDP object
12-12 13:34:56.705  9205  9205 D BluetoothAdapterService: cleanup() - Cleaning up adapter native
12-12 13:34:56.707  9205  9222 I bt_stack_manager: event_clean_up_stack is cleaning up the stack
12-12 13:34:56.708  9205  9222 E BluetoothServiceJni: Callback env check fail: env: 0x0, callback: 0xe6655cf0
12-12 13:34:56.708  9205  9222 E BluetoothServiceJni: Callback: 'callback_thread_event' is not called on the correct thread
12-12 13:34:56.710  9205  9227 W bt_osi_thread: run_thread: thread id 9227, thread name bt_jni_workqueue exited
12-12 13:34:56.711  9205  9222 I bt_core_module: module_clean_up Cleaning up module "stack_config_module"
12-12 13:34:56.712  9205  9222 I bt_core_module: module_clean_up Cleanup of module "stack_config_module" completed
12-12 13:34:56.712  9205  9222 I bt_core_module: module_clean_up Cleaning up module "interop_module"
12-12 13:34:56.712  9205  9222 I bt_core_module: module_clean_up Cleanup of module "interop_module" completed
12-12 13:34:56.712  9205  9222 I bt_core_module: module_clean_up Cleaning up module "btif_config_module"
12-12 13:34:56.728  9205  9222 I bt_core_module: module_clean_up Cleanup of module "btif_config_module" completed
12-12 13:34:56.728  9205  9222 I bt_core_module: module_clean_up Cleaning up module "bt_utils_module"
12-12 13:34:56.728  9205  9222 I bt_core_module: module_clean_up Cleanup of module "bt_utils_module" completed
12-12 13:34:56.728  9205  9222 I bt_core_module: module_clean_up Cleaning up module "osi_module"
12-12 13:34:56.729  9205  9226 D bt_osi_alarm: callback_dispatch Callback thread exited
12-12 13:34:56.729  9205  9226 W bt_osi_thread: run_thread: thread id 9226, thread name alarm_dispatcher exited
12-12 13:34:56.730  9205  9225 W bt_osi_thread: run_thread: thread id 9225, thread name alarm_default_ca exited
12-12 13:34:56.731  9205  9222 I bt_core_module: module_clean_up Cleanup of module "osi_module" completed
12-12 13:34:56.731  9205  9222 I bt_stack_manager: event_clean_up_stack finished
12-12 13:34:56.731  9205  9205 I BluetoothServiceJni: cleanupNative: return from cleanup
12-12 13:34:56.745  9205  9205 I art     : System.exit called, status: 0
12-12 13:34:56.745  9205  9205 I AndroidRuntime: VM exiting with result code 0, cleanup skipped.
12-12 13:34:56.774  1040  2106 I ActivityManager: Process com.android.bluetooth (pid 9205) has died
12-12 13:34:56.774  1040  2106 D ActivityManager: cleanUpApplicationRecord -- 9205
12-12 13:34:57.322  1040  1104 D LuxLevels: bright hysteresis constant= 0.1, threshold=8.02438, lux=7.294891
12-12 13:34:57.323  1040  1104 D LuxLevels: dark hysteresis constant= 0.2, threshold=5.8359127, lux=7.294891
12-12 13:34:57.642  6472 11300 D Aatp    : /task/201451bace924c30357c28f0811ac5be75a6db3b/status
12-12 13:34:58.005  7225  7225 I WearableService: Wearable Services stopping
12-12 13:34:58.141  1040  1104 D LuxLevels: bright hysteresis constant= 0.1, threshold=5.9627395, lux=5.420672
12-12 13:34:58.141  1040  1104 D LuxLevels: dark hysteresis constant= 0.2, threshold=4.336538, lux=5.420672
12-12 13:34:58.743  6472 11302 D Aatp    : /task/201451bace924c30357c28f0811ac5be75a6db3b/status
12-12 13:34:58.892  1040  1104 D LuxLevels: bright hysteresis constant= 0.1, threshold=4.503241, lux=4.0938554
12-12 13:34:58.893  1040  1104 D LuxLevels: dark hysteresis constant= 0.2, threshold=3.2750843, lux=4.0938554
12-12 13:34:59.644  1040  1104 D LuxLevels: bright hysteresis constant= 0.1, threshold=3.4784527, lux=3.1622295
12-12 13:34:59.644  1040  1104 D LuxLevels: dark hysteresis constant= 0.2, threshold=2.5297837, lux=3.1622295
12-12 13:34:59.859  6472 11303 D Aatp    : /task/201451bace924c30357c28f0811ac5be75a6db3b/status
12-12 13:35:00.952  6472 11306 D Aatp    : /task/201451bace924c30357c28f0811ac5be75a6db3b/status
12-12 13:35:01.641  1040  1104 D LuxLevels: bright hysteresis constant= 0.1, threshold=2.6801274, lux=2.4364793
12-12 13:35:01.641  1040  1104 D LuxLevels: dark hysteresis constant= 0.2, threshold=1.9491835, lux=2.4364793
12-12 13:35:02.054  6472 11307 D Aatp    : /task/201451bace924c30357c28f0811ac5be75a6db3b/status
12-12 13:35:03.165  6472 11309 D Aatp    : /task/201451bace924c30357c28f0811ac5be75a6db3b/status
12-12 13:35:04.240  6472 11310 D Aatp    : /task/201451bace924c30357c28f0811ac5be75a6db3b/status
12-12 13:35:05.349  6472 11311 D Aatp    : /task/201451bace924c30357c28f0811ac5be75a6db3b/status
12-12 13:35:06.445  6472 11296 E AWSDeviceFarmAndroidLib: setEnabled: timed out setting GPS to state: false
12-12 13:35:06.447  6472 11296 D AWSDeviceFarmAndroidLib: setEnabled: GPS is: true
12-12 13:35:06.449  6472  6472 D AatpDeviceManager: taskStatus update (201451bace924c30357c28f0811ac5be75a6db3b: {"result":"GPS enabled: true","state":2})
12-12 13:35:06.468  6472 11312 D Aatp    : /task/201451bace924c30357c28f0811ac5be75a6db3b/status
12-12 13:35:06.613  6472 11313 D Aatp    : /nfc
12-12 13:35:06.643  6472 11313 D Aatp    : sha1: b13f50bc6cf505f0c9c622e1c9f3286e46637e75
12-12 13:35:06.647  6472 11313 D AatpDeviceManager: k: enabled v: False
12-12 13:35:06.647  6472 11313 D AatpDeviceManager: k: NanoHttpd.QUERY_STRING v: enabled=False
12-12 13:35:06.671  6472 11313 D Aatp    : /task/b13f50bc6cf505f0c9c622e1c9f3286e46637e75
12-12 13:35:06.682  6472  6472 D AatpDeviceManager: taskStatus update (b13f50bc6cf505f0c9c622e1c9f3286e46637e75: {"state":1})
12-12 13:35:06.685  6472 11314 D AWSDeviceFarmAndroidLib: setEnabled: enabled: false
12-12 13:35:06.688  6472 11314 D AWSDeviceFarmAndroidLib: setEnabled: disabling nfc
12-12 13:35:06.692  1040  1040 V NotificationService: pkg=com.amazon.aatp.aatpdevicemanager canInterrupt=false intercept=true
12-12 13:35:06.695  1968 11315 I NfcService: Disabling NFC
12-12 13:35:06.698  1968 11315 D NfcService: clear T3t Identifiers Cache
12-12 13:35:06.698  1968 11315 D NfcP2pLinkManager: enableDisable: llcp deactivate
12-12 13:35:06.699  1968 11315 I NfcP2pLinkManager: LLCP deactivated.
12-12 13:35:06.699  1968 11315 I NfcP2pLinkManager: Duplicate onLlcpDectivated()
12-12 13:35:06.721  1968  7923 E BrcmNfcJni: nativeLlcpServiceSocket_doAccept: fail accept
12-12 13:35:06.722  1968  7923 E SnepServer: IO error
12-12 13:35:06.722  1968  7923 E SnepServer: java.io.IOException
12-12 13:35:06.722  1968  7923 E SnepServer: 	at com.android.nfc.dhimpl.NativeLlcpServiceSocket.accept(NativeLlcpServiceSocket.java:42)
12-12 13:35:06.722  1968  7923 E SnepServer: 	at com.android.nfc.snep.SnepServer$ServerThread.run(SnepServer.java:211)
12-12 13:35:06.735  1968 11315 D NdefPushServer: stop, thread = Thread[Thread-3,5,main]
12-12 13:35:06.735  1968 11315 D NdefPushServer: shuting down server thread
12-12 13:35:06.738  1968  7924 E BrcmNfcJni: nativeLlcpServiceSocket_doAccept: fail accept
12-12 13:35:06.739  1968  7924 E NdefPushServer: IO error
12-12 13:35:06.739  1968  7924 E NdefPushServer: java.io.IOException
12-12 13:35:06.739  1968  7924 E NdefPushServer: 	at com.android.nfc.dhimpl.NativeLlcpServiceSocket.accept(NativeLlcpServiceSocket.java:42)
12-12 13:35:06.739  1968  7924 E NdefPushServer: 	at com.android.nfc.ndefpush.NdefPushServer$ServerThread.run(NdefPushServer.java:154)
12-12 13:35:06.746  1968  7925 E BrcmNfcJni: nativeLlcpServiceSocket_doAccept: fail accept
12-12 13:35:06.746  1968  7925 E HandoverServer: IO error
12-12 13:35:06.746  1968  7925 E HandoverServer: java.io.IOException
12-12 13:35:06.746  1968  7925 E HandoverServer: 	at com.android.nfc.dhimpl.NativeLlcpServiceSocket.accept(NativeLlcpServiceSocket.java:42)
12-12 13:35:06.746  1968  7925 E HandoverServer: 	at com.android.nfc.handover.HandoverServer$ServerThread.run(HandoverServer.java:118)
12-12 13:35:06.756  1968  7701 E BrcmNfcJni: RoutingManager::nfaEeCallback: unknown event=2 ????
12-12 13:35:06.804  6472 11317 D Aatp    : /task/b13f50bc6cf505f0c9c622e1c9f3286e46637e75/status
12-12 13:35:07.696  6472 11314 D AWSDeviceFarmAndroidLib: setEnabled: nfc is: false
12-12 13:35:07.701  6472  6472 D AatpDeviceManager: taskStatus update (b13f50bc6cf505f0c9c622e1c9f3286e46637e75: {"result":"NFC enabled: false","state":2})
12-12 13:35:07.736  1968  7701 I BrcmNfcNfa: GKI TASK_DEAD received. exit thread 3...
12-12 13:35:07.883  6472 11318 D Aatp    : /task/b13f50bc6cf505f0c9c622e1c9f3286e46637e75/status
12-12 13:35:08.039  6472 11319 D Aatp    : /stop-location
12-12 13:35:08.063  6472 11319 D AatpDeviceManager: stopTask
12-12 13:35:08.063  6472 11319 D AatpDeviceManager: got taskClass
12-12 13:35:08.064  6472 11319 D AatpDeviceManager: sending stop intent
12-12 13:35:08.066  6472  6472 D AatpDeviceManager: taskStatus update (4030c0068b11723c63a78f93cdd20a407c6f2583: {"result":"","state":3})
12-12 13:35:08.066  6472 11319 D AatpDeviceManager: intent sent
12-12 13:35:08.080  6472 11319 D Aatp    : /task/4030c0068b11723c63a78f93cdd20a407c6f2583
12-12 13:35:08.200 10630 10677 I Finsky  : [102] com.google.android.finsky.i.c.a(22): Completed 0 account content syncs with 0 successful.
12-12 13:35:08.201  6472 11320 D Aatp    : /task/4030c0068b11723c63a78f93cdd20a407c6f2583/status
12-12 13:35:08.201 10630 10630 I Finsky  : [1] com.google.android.finsky.services.e.a(5): Installation state replication succeeded.
12-12 13:35:08.882  6472  6472 D AatpDeviceManager: taskStatus update (4030c0068b11723c63a78f93cdd20a407c6f2583: {"result":"","state":1})
12-12 13:35:09.297  6472 11321 D Aatp    : /task/4030c0068b11723c63a78f93cdd20a407c6f2583/status
12-12 13:35:10.383  6472  8010 D AatpDeviceManager: Stopped Mock Location
12-12 13:35:10.383  6472  6472 D AatpDeviceManager: taskStatus update (4030c0068b11723c63a78f93cdd20a407c6f2583: {"result":"","state":2})
12-12 13:35:10.416  6472 11322 D Aatp    : /task/4030c0068b11723c63a78f93cdd20a407c6f2583/status
12-12 13:35:10.562  6472 11323 D Aatp    : /locale
12-12 13:35:10.599  6472 11323 D Aatp    : sha1: 2db02e73c49025c542250d3e4436d9e81f1f879a
12-12 13:35:10.601  6472 11323 D AatpDeviceManager: k: NanoHttpd.QUERY_STRING v: locale=en_US
12-12 13:35:10.601  6472 11323 D AatpDeviceManager: k: locale v: en_US
12-12 13:35:10.624  6472 11324 D AatpDeviceManager: Setting locale to: en_US
12-12 13:35:10.625  6472 11324 D AWSDeviceFarmAndroidLib: Setting locale to: en_US
12-12 13:35:10.625  6472  6472 D AatpDeviceManager: taskStatus update (2db02e73c49025c542250d3e4436d9e81f1f879a: {"state":1})
12-12 13:35:10.631  6472 11323 D Aatp    : /task/2db02e73c49025c542250d3e4436d9e81f1f879a
12-12 13:35:10.636  1040  1040 V NotificationService: pkg=com.amazon.aatp.aatpdevicemanager canInterrupt=false intercept=true
12-12 13:35:10.773  6472 11325 D Aatp    : /task/2db02e73c49025c542250d3e4436d9e81f1f879a/status
12-12 13:35:11.865  6472 11328 D Aatp    : /task/2db02e73c49025c542250d3e4436d9e81f1f879a/status
12-12 13:35:12.756  6472  6472 D AatpDeviceManager: taskStatus update (2db02e73c49025c542250d3e4436d9e81f1f879a: {"result":"en_US","state":2})
12-12 13:35:12.946  6472 11329 D Aatp    : /task/2db02e73c49025c542250d3e4436d9e81f1f879a/status
12-12 13:35:13.655  6472 11334 D Aatp    : /ping
12-12 13:35:13.811  6472 11335 D Aatp    : /apps-to-uninstall
12-12 13:35:13.848  6472 11335 D Aatp    : sha1: d34b547e4bc8ebb444b7cc9917e74a99cb8e095c
12-12 13:35:13.873  6472 11335 D Aatp    : /task/d34b547e4bc8ebb444b7cc9917e74a99cb8e095c
12-12 13:35:13.879  6472  6472 D AatpDeviceManager: taskStatus update (d34b547e4bc8ebb444b7cc9917e74a99cb8e095c: {"state":1})
12-12 13:35:13.900  1040  1040 V NotificationService: pkg=com.amazon.aatp.aatpdevicemanager canInterrupt=false intercept=true
12-12 13:35:13.937  6472  6472 D AatpDeviceManager: taskStatus update (d34b547e4bc8ebb444b7cc9917e74a99cb8e095c: {"result":[],"state":2})
12-12 13:35:14.018  6472 11337 D Aatp    : /task/d34b547e4bc8ebb444b7cc9917e74a99cb8e095c/status
12-12 13:35:14.102  6472 11338 D Aatp    : /ping
12-12 13:35:14.282  6472 11339 D Aatp    : /clean-accounts
12-12 13:35:14.297  6472 11339 D Aatp    : sha1: 5d5d14105ea2767173ddfd474ad6fc0039d8b179
12-12 13:35:14.325  6472 11339 D Aatp    : /task/5d5d14105ea2767173ddfd474ad6fc0039d8b179
12-12 13:35:14.334  6472  6472 D AatpDeviceManager: taskStatus update (5d5d14105ea2767173ddfd474ad6fc0039d8b179: {"state":1})
12-12 13:35:14.338  1040  1040 V NotificationService: pkg=com.amazon.aatp.aatpdevicemanager canInterrupt=false intercept=true
12-12 13:35:14.351  6472  6472 D AatpDeviceManager: taskStatus update (5d5d14105ea2767173ddfd474ad6fc0039d8b179: {"result":"Cleaned Accounts PASS","state":2})
12-12 13:35:14.473  6472 11341 D Aatp    : /task/5d5d14105ea2767173ddfd474ad6fc0039d8b179/status
12-12 13:35:14.617  6472 11342 D Aatp    : /rm-external-files
12-12 13:35:14.652  6472 11342 D Aatp    : sha1: 4b2e8ec805202358547ad3339ddc309094363b0d
12-12 13:35:14.687  6472 11343 W System.err: java.io.FileNotFoundException: /system/etc/vold.fstab (No such file or directory)
12-12 13:35:14.687  6472 11343 W System.err: 	at java.io.FileInputStream.open(Native Method)
12-12 13:35:14.687  6472 11343 W System.err: 	at java.io.FileInputStream.<init>(FileInputStream.java:146)
12-12 13:35:14.688  6472 11343 W System.err: 	at java.util.Scanner.<init>(Scanner.java:659)
12-12 13:35:14.688  6472 11343 W System.err: 	at com.amazon.aatp.util.StorageOptions.readVoldFile(StorageOptions.java:43)
12-12 13:35:14.688  6472 11343 W System.err: 	at com.amazon.aatp.util.StorageOptions.determineStorageOptions(StorageOptions.java:20)
12-12 13:35:14.688  6472 11343 W System.err: 	at com.amazon.aatp.aatpdevicemanager.tasks.RmExternalFiles.onHandleIntent(RmExternalFiles.java:34)
12-12 13:35:14.688  6472 11343 W System.err: 	at android.app.IntentService$ServiceHandler.handleMessage(IntentService.java:68)
12-12 13:35:14.688  6472 11343 W System.err: 	at android.os.Handler.dispatchMessage(Handler.java:102)
12-12 13:35:14.688  6472 11343 W System.err: 	at android.os.Looper.loop(Looper.java:154)
12-12 13:35:14.688  6472 11343 W System.err: 	at android.os.HandlerThread.run(HandlerThread.java:61)
12-12 13:35:14.690  6472 11343 D AatpDeviceManager: Wiping files from: /sdcard
12-12 13:35:14.690  6472 11342 D Aatp    : /task/4b2e8ec805202358547ad3339ddc309094363b0d
12-12 13:35:14.696  1040  1040 V NotificationService: pkg=com.amazon.aatp.aatpdevicemanager canInterrupt=false intercept=true
12-12 13:35:14.703  6472  6472 D AatpDeviceManager: taskStatus update (4b2e8ec805202358547ad3339ddc309094363b0d: {"state":1})
12-12 13:35:14.803  6472 11343 D AatpDeviceManager: Wiping files from: /mnt/sdcard
12-12 13:35:14.806  6472 11343 D AatpDeviceManager: 0 files left!
12-12 13:35:14.806  6472  6472 D AatpDeviceManager: taskStatus update (4b2e8ec805202358547ad3339ddc309094363b0d: {"result":[],"state":2})
12-12 13:35:14.837  6472 11344 D Aatp    : /task/4b2e8ec805202358547ad3339ddc309094363b0d/status
12-12 13:35:15.506 11345 11345 D AndroidRuntime: >>>>>> START com.android.internal.os.RuntimeInit uid 2000 <<<<<<
12-12 13:35:15.509 11345 11345 D AndroidRuntime: CheckJNI is OFF
12-12 13:35:15.570 11345 11345 D ICU     : No timezone override file found: /data/misc/zoneinfo/current/icu/icu_tzdata.dat
12-12 13:35:15.600 11345 11345 I Radio-JNI: register_android_hardware_Radio DONE
12-12 13:35:15.616 11345 11345 D AndroidRuntime: Calling main entry com.android.commands.pm.Pm
12-12 13:35:15.624  1040  4758 W ActivityManager: Invalid packageName: com.google.android.browser
12-12 13:35:15.626 11345 11345 I art     : System.exit called, status: 1
12-12 13:35:15.626 11345 11345 I AndroidRuntime: VM exiting with result code 1.
12-12 13:35:16.310 11356 11356 D AndroidRuntime: >>>>>> START com.android.internal.os.RuntimeInit uid 2000 <<<<<<
12-12 13:35:16.315 11356 11356 D AndroidRuntime: CheckJNI is OFF
12-12 13:35:16.384 11356 11356 D ICU     : No timezone override file found: /data/misc/zoneinfo/current/icu/icu_tzdata.dat
12-12 13:35:16.413 11356 11356 I Radio-JNI: register_android_hardware_Radio DONE
12-12 13:35:16.427 11356 11356 D AndroidRuntime: Calling main entry com.android.commands.pm.Pm
12-12 13:35:16.433  1040  7922 I ActivityManager: Force stopping com.android.chrome appid=10061 user=0: clear data
12-12 13:35:16.438  1040  1083 I ActivityManager: Force stopping com.android.chrome appid=10061 user=-1: clearApplicationUserData
12-12 13:35:16.486  1761  1761 D CarrierSvcBindHelper: No carrier app for: 0
12-12 13:35:16.493  7225  7225 I GeofencerStateMachine: removeGeofences: removeRequest=RemoveGeofencingRequest[REMOVE_ALL packageName=com.android.chrome]
12-12 13:35:16.499 11356 11356 I art     : System.exit called, status: 0
12-12 13:35:16.499 11356 11356 I AndroidRuntime: VM exiting with result code 0.
12-12 13:35:16.501  1040  1081 W ResourceType: No known package when getting value for resource number 0x7f020203
12-12 13:35:16.501  1040  1081 W ResourceType: No known package when getting value for resource number 0x7f0a02ac
12-12 13:35:16.502  1040  1081 W ResourceType: No known package when getting value for resource number 0x7f020202
12-12 13:35:16.502  1040  1081 W ResourceType: No known package when getting value for resource number 0x7f0a02fd
12-12 13:35:16.502  1040  1081 W ResourceType: No known package when getting value for resource number 0x7f0a02ad
12-12 13:35:16.524  1968  1968 D RegisteredNfcFServicesCache: Service unchanged, not updating
12-12 13:35:16.591  7299 11370 D Wear_Controller: Received broadcast action=android.intent.action.PACKAGE_DATA_CLEARED and uri=com.android.chrome
12-12 13:35:16.610  7299 11370 I LocationSettingsChecker: Removing dialog suppression flag for package com.android.chrome
12-12 13:35:16.619  7299  7892 I Icing   : doRemovePackageData com.android.chrome
12-12 13:35:16.631  7299  7892 I Icing   : updateResources: need to parse unr{com.android.chrome}
12-12 13:35:16.722  7225  7231 I art     : Do full code cache collection, code=506KB, data=477KB
12-12 13:35:16.723  7225  7231 I art     : Starting a blocking GC JitCodeCache
12-12 13:35:16.725  7225  7231 I art     : After code cache collection, code=491KB, data=408KB
12-12 13:35:16.749  7299  7892 I Icing   : Indexing 0B1E86D9869AB86E504E32B0AD7565610B351290 from com.android.chrome
12-12 13:35:16.779  1040  2031 I ActivityManager: Start proc 11382:com.android.chrome/u0a61 for content provider com.android.chrome/com.google.android.apps.chrome.icing.IcingProvider
12-12 13:35:16.813 11382 11382 W ActivityThread: Application com.android.chrome can be debugged on port 8100...
12-12 13:35:16.819 11382 11382 W System  : ClassLoader referenced unknown path: /system/app/Chrome/lib/arm
12-12 13:35:16.877 11382 11382 W DynamiteModule: Local module descriptor class for com.google.android.gms.googlecertificates not found.
12-12 13:35:16.908 11382 11382 D ApplicationLoaders: ignored Vulkan layer search path /data/app/com.google.android.gms-1/lib/arm:/system/fake-libs:/data/app/com.google.android.gms-1/base.apk!/lib/armeabi-v7a for namespace 0xf2dde090
12-12 13:35:16.927 11382 11382 I DynamiteModule: Considering local module com.google.android.gms.googlecertificates:0 and remote module com.google.android.gms.googlecertificates:4
12-12 13:35:16.927 11382 11382 I DynamiteModule: Selected remote version of com.google.android.gms.googlecertificates, version >= 4
12-12 13:35:16.942 11382 11382 W System  : ClassLoader referenced unknown path: 
12-12 13:35:16.944 11382 11382 D ApplicationLoaders: ignored Vulkan layer search path /data/app/com.google.android.gms-1/lib/arm:/system/fake-libs:/data/app/com.google.android.gms-1/base.apk!/lib/armeabi-v7a for namespace 0xf2dde0d0
12-12 13:35:16.975 11382 11382 W System  : ClassLoader referenced unknown path: /data/user_de/0/com.google.android.gms/app_chimera/m/00000001/n/armeabi-v7a
12-12 13:35:16.975 11382 11382 W System  : ClassLoader referenced unknown path: /data/user_de/0/com.google.android.gms/app_chimera/m/00000001/n/armeabi
12-12 13:35:17.039  7299  7892 I Icing   : Indexing done 0B1E86D9869AB86E504E32B0AD7565610B351290
12-12 13:35:17.101 11395 11395 D AndroidRuntime: >>>>>> START com.android.internal.os.RuntimeInit uid 2000 <<<<<<
12-12 13:35:17.104 11395 11395 D AndroidRuntime: CheckJNI is OFF
12-12 13:35:17.176 11395 11395 D ICU     : No timezone override file found: /data/misc/zoneinfo/current/icu/icu_tzdata.dat
12-12 13:35:17.204 11395 11395 I Radio-JNI: register_android_hardware_Radio DONE
12-12 13:35:17.218 11395 11395 D AndroidRuntime: Calling main entry com.android.commands.pm.Pm
12-12 13:35:17.222  1040  2031 I ActivityManager: Force stopping com.android.systemui appid=10043 user=0: clear data
12-12 13:35:17.224  1040  1083 I ActivityManager: Force stopping com.android.systemui appid=10043 user=-1: clearApplicationUserData
12-12 13:35:17.273  1761  1761 D CarrierSvcBindHelper: No carrier app for: 0
12-12 13:35:17.285  7225  7225 I GeofencerStateMachine: removeGeofences: removeRequest=RemoveGeofencingRequest[REMOVE_ALL packageName=com.android.systemui]
12-12 13:35:17.304 11395 11395 I art     : System.exit called, status: 0
12-12 13:35:17.304 11395 11395 I AndroidRuntime: VM exiting with result code 0.
12-12 13:35:17.306  1968  1968 D RegisteredNfcFServicesCache: Service unchanged, not updating
12-12 13:35:17.326  7299 11373 D Wear_Controller: Received broadcast action=android.intent.action.PACKAGE_DATA_CLEARED and uri=com.android.systemui
12-12 13:35:17.335  7299 11378 I LocationSettingsChecker: Removing dialog suppression flag for package com.android.systemui
12-12 13:35:17.373  7299  7892 I Icing   : doRemovePackageData com.android.systemui
12-12 13:35:17.993 11415 11415 D AndroidRuntime: >>>>>> START com.android.internal.os.RuntimeInit uid 2000 <<<<<<
12-12 13:35:17.997 11415 11415 D AndroidRuntime: CheckJNI is OFF
12-12 13:35:18.058 11415 11415 D ICU     : No timezone override file found: /data/misc/zoneinfo/current/icu/icu_tzdata.dat
12-12 13:35:18.090 11415 11415 I Radio-JNI: register_android_hardware_Radio DONE
12-12 13:35:18.104 11415 11415 D AndroidRuntime: Calling main entry com.android.commands.pm.Pm
12-12 13:35:18.113  1040  2116 I ActivityManager: Force stopping com.android.phone appid=1001 user=0: clear data
12-12 13:35:18.116  1040  1083 I ActivityManager: Force stopping com.android.phone appid=1001 user=-1: clearApplicationUserData
12-12 13:35:18.174  1761  1761 D CarrierSvcBindHelper: No carrier app for: 0
12-12 13:35:18.197  7225  7225 I GeofencerStateMachine: removeGeofences: removeRequest=RemoveGeofencingRequest[REMOVE_ALL packageName=com.android.phone]
12-12 13:35:18.207 11415 11415 I art     : System.exit called, status: 0
12-12 13:35:18.207 11415 11415 I AndroidRuntime: VM exiting with result code 0.
12-12 13:35:18.212  1968  1968 D RegisteredNfcFServicesCache: Service unchanged, not updating
12-12 13:35:18.253  7299 11370 D Wear_Controller: Received broadcast action=android.intent.action.PACKAGE_DATA_CLEARED and uri=com.android.phone
12-12 13:35:18.255  7299 11373 I LocationSettingsChecker: Removing dialog suppression flag for package com.android.phone
12-12 13:35:18.301  7299  7892 I Icing   : doRemovePackageData com.android.phone
12-12 13:35:18.848 11430 11430 D AndroidRuntime: >>>>>> START com.android.internal.os.RuntimeInit uid 2000 <<<<<<
12-12 13:35:18.852 11430 11430 D AndroidRuntime: CheckJNI is OFF
12-12 13:35:18.919 11430 11430 D ICU     : No timezone override file found: /data/misc/zoneinfo/current/icu/icu_tzdata.dat
12-12 13:35:18.952 11430 11430 I Radio-JNI: register_android_hardware_Radio DONE
12-12 13:35:18.968 11430 11430 D AndroidRuntime: Calling main entry com.android.commands.pm.Pm
12-12 13:35:18.974  1040  1393 I ActivityManager: Force stopping com.google.android.apps.maps appid=10082 user=0: clear data
12-12 13:35:18.977  1040  1083 I ActivityManager: Force stopping com.google.android.apps.maps appid=10082 user=-1: clearApplicationUserData
12-12 13:35:19.018  1761  1761 D CarrierSvcBindHelper: No carrier app for: 0
12-12 13:35:19.021 11430 11430 I art     : System.exit called, status: 0
12-12 13:35:19.021 11430 11430 I AndroidRuntime: VM exiting with result code 0.
12-12 13:35:19.032  7225  7225 I GeofencerStateMachine: removeGeofences: removeRequest=RemoveGeofencingRequest[REMOVE_ALL packageName=com.google.android.apps.maps]
12-12 13:35:19.065  1040  1081 W ResourceType: No known package when getting value for resource number 0x7f0203bd
12-12 13:35:19.065  1040  1081 W ResourceType: No known package when getting value for resource number 0x7e110002
12-12 13:35:19.066  1040  1081 W ResourceType: No known package when getting value for resource number 0x7f02045c
12-12 13:35:19.066  1040  1081 W ResourceType: No known package when getting value for resource number 0x7e11000b
12-12 13:35:19.077  1968  1968 D RegisteredNfcFServicesCache: Service unchanged, not updating
12-12 13:35:19.098  7299 11373 D Wear_Controller: Received broadcast action=android.intent.action.PACKAGE_DATA_CLEARED and uri=com.google.android.apps.maps
12-12 13:35:19.101  7299 11378 I LocationSettingsChecker: Removing dialog suppression flag for package com.google.android.apps.maps
12-12 13:35:19.157  7299  7892 I Icing   : doRemovePackageData com.google.android.apps.maps
12-12 13:35:19.677 11445 11445 D AndroidRuntime: >>>>>> START com.android.internal.os.RuntimeInit uid 2000 <<<<<<
12-12 13:35:19.681 11445 11445 D AndroidRuntime: CheckJNI is OFF
12-12 13:35:19.700  7299  7892 I ContentMaintenance: Pruning caches...
12-12 13:35:19.704  7299  7892 I ContentMaintenance: Internal cache bytes used: 0; limit: 100000000; download size: 0
12-12 13:35:19.714  7299  7892 I ContentMaintenance: Cache pruning complete.
12-12 13:35:19.722  7299  7892 I ContentMaintenance: Beginning garbage collection.
12-12 13:35:19.731  7299  7892 I RealtimeCacheCleanup: Beginning Realtime garbage collection.
12-12 13:35:19.733  7299  7892 I RealtimeCacheCleanup: Finished Realtime garbage collection.
12-12 13:35:19.734  7299  7892 I ContentMaintenance: Finished garbage collection.
12-12 13:35:19.746 11445 11445 D ICU     : No timezone override file found: /data/misc/zoneinfo/current/icu/icu_tzdata.dat
12-12 13:35:19.773 11445 11445 I Radio-JNI: register_android_hardware_Radio DONE
12-12 13:35:19.785 11445 11445 D AndroidRuntime: Calling main entry com.android.commands.pm.Pm
12-12 13:35:19.791  1040  1392 I ActivityManager: Force stopping com.android.settings appid=1000 user=0: clear data
12-12 13:35:19.792  1040  1392 I ActivityManager: Killing 10694:com.android.settings/1000 (adj 902): stop com.android.settings
12-12 13:35:19.793  1040  1392 D ActivityManager: cleanUpApplicationRecord -- 10694
12-12 13:35:19.797  1040  1083 I ActivityManager: Force stopping com.android.settings appid=1000 user=-1: clearApplicationUserData
12-12 13:35:19.844  1761  1761 D CarrierSvcBindHelper: No carrier app for: 0
12-12 13:35:19.850 11445 11445 I art     : System.exit called, status: 0
12-12 13:35:19.850 11445 11445 I AndroidRuntime: VM exiting with result code 0.
12-12 13:35:19.854  7225  7225 I GeofencerStateMachine: removeGeofences: removeRequest=RemoveGeofencingRequest[REMOVE_ALL packageName=com.android.settings]
12-12 13:35:19.864  1968  1968 D RegisteredNfcFServicesCache: Service unchanged, not updating
12-12 13:35:19.867  1040  1081 W ResourceType: No known package when getting value for resource number 0x7f02012b
12-12 13:35:19.867  1040  1081 W ResourceType: No known package when getting value for resource number 0x7f0b03d9
12-12 13:35:19.867  1040  1081 W ResourceType: No known package when getting value for resource number 0x7f02012a
12-12 13:35:19.867  1040  1081 W ResourceType: No known package when getting value for resource number 0x7f0b095d
12-12 13:35:19.867  1040  1081 W ResourceType: No known package when getting value for resource number 0x7f020129
12-12 13:35:19.867  1040  1081 W ResourceType: No known package when getting value for resource number 0x7f0b0817
12-12 13:35:19.923  7299 11377 D Wear_Controller: Received broadcast action=android.intent.action.PACKAGE_DATA_CLEARED and uri=com.android.settings
12-12 13:35:19.926  7299 11373 I LocationSettingsChecker: Removing dialog suppression flag for package com.android.settings
12-12 13:35:19.953  7299  7892 I Icing   : doRemovePackageData com.android.settings
12-12 13:35:20.551 11460 11460 D AndroidRuntime: >>>>>> START com.android.internal.os.RuntimeInit uid 2000 <<<<<<
12-12 13:35:20.555 11460 11460 D AndroidRuntime: CheckJNI is OFF
12-12 13:35:20.620 11460 11460 D ICU     : No timezone override file found: /data/misc/zoneinfo/current/icu/icu_tzdata.dat
12-12 13:35:20.647 11460 11460 I Radio-JNI: register_android_hardware_Radio DONE
12-12 13:35:20.660 11460 11460 D AndroidRuntime: Calling main entry com.android.commands.pm.Pm
12-12 13:35:20.668  1040  2054 I ActivityManager: Force stopping com.google.android.gms appid=10018 user=0: clear data
12-12 13:35:20.668  1040  2054 I ActivityManager: Killing 7225:com.google.android.gms.persistent/u0a18 (adj 100): stop com.google.android.gms
12-12 13:35:20.669  1040  2054 D ActivityManager: cleanUpApplicationRecord -- 7225
12-12 13:35:20.671  1040  2054 W ActivityManager: Scheduling restart of crashed service com.google.android.gms/com.google.android.contextmanager.service.ContextManagerService in 1000ms
12-12 13:35:20.679  1040  2054 W ActivityManager: Scheduling restart of crashed service com.google.android.gms/com.google.android.location.internal.GoogleLocationManagerService in 10993ms
12-12 13:35:20.680  1040  2054 W ActivityManager: Scheduling restart of crashed service com.google.android.gms/.gcm.GcmService in 20992ms
12-12 13:35:20.680  1040  2054 W ActivityManager: Scheduling restart of crashed service com.google.android.gms/.common.stats.GmsCoreStatsService in 30992ms
12-12 13:35:20.680  1040  2054 W ActivityManager: Scheduling restart of crashed service com.google.android.gms/.thunderbird.OutgoingSmsListenerService in 40992ms
12-12 13:35:20.681  1040  2054 W ActivityManager: Scheduling restart of crashed service com.google.android.gms/com.google.android.location.geofencer.service.GeofenceProviderService in 50991ms
12-12 13:35:20.681  1040  2054 W ActivityManager: Scheduling restart of crashed service com.google.android.gms/com.google.android.location.fused.FusedLocationService in 60991ms
12-12 13:35:20.681  1040  2054 W ActivityManager: Scheduling restart of crashed service com.google.android.gms/com.google.android.location.fused.service.FusedProviderService in 70991ms
12-12 13:35:20.681  1040  2054 W ActivityManager: Scheduling restart of crashed service com.google.android.gms/.auth.account.service.WorkAccountService in 80990ms
12-12 13:35:20.682  1040  2054 W ActivityManager: Scheduling restart of crashed service com.google.android.gms/com.google.android.location.geocode.GeocodeService in 80990ms
12-12 13:35:20.682  1040  2054 W ActivityManager: Scheduling restart of crashed service com.google.android.gms/com.google.android.location.internal.server.HardwareArProviderService in 90990ms
12-12 13:35:20.682  1040  2054 W ActivityManager: Scheduling restart of crashed service com.google.android.gms/com.google.android.location.internal.server.GoogleLocationService in 100990ms
12-12 13:35:20.682  1040  2054 W ActivityManager: Scheduling restart of crashed service com.google.android.gms/com.google.android.location.internal.PendingIntentCallbackService in 110990ms
12-12 13:35:20.682  1040  2054 W ActivityManager: Scheduling restart of crashed service com.google.android.gms/.lockbox.service.LockboxBrokerService in 110989ms
12-12 13:35:20.683  1040  2054 W ActivityManager: Scheduling restart of crashed service com.google.android.gms/com.google.android.location.network.NetworkLocationService in 120989ms
12-12 13:35:20.683  1040  2054 W ActivityManager: Scheduling restart of crashed service com.google.android.gms/.auth.setup.devicesignals.LockScreenService in 130989ms
12-12 13:35:20.683  1040  2054 W ActivityManager: Scheduling restart of crashed service com.google.android.gms/.usagereporting.service.UsageReportingService in 140989ms
12-12 13:35:20.683  1040  2054 W ActivityManager: Scheduling restart of crashed service com.google.android.gms/.chimera.PersistentIntentOperationService in 150989ms
12-12 13:35:20.683  1040  2054 W ActivityManager: Scheduling restart of crashed service com.google.android.gms/.clearcut.service.ClearcutLoggerService in 150988ms
12-12 13:35:20.684  1040  2054 W ActivityManager: Scheduling restart of crashed service com.google.android.gms/.auth.proximity.firstparty.SystemMemoryCacheService in 160988ms
12-12 13:35:20.691  1040  2054 W ActivityManager: Scheduling restart of crashed service com.google.android.gms/.deviceconnection.service.DeviceConnectionWatcherService in 160981ms
12-12 13:35:20.692 10782 10782 I ActivityThread: Removing dead content provider:android.content.ContentProviderProxy@135193e
12-12 13:35:20.696  7299  7299 I ActivityThread: Removing dead content provider:android.content.ContentProviderProxy@7cfbbb0
12-12 13:35:20.700  1040  2054 I ActivityManager: Killing 10630:com.android.vending/u0a35 (adj 900): stop com.google.android.gms
12-12 13:35:20.717  1040  2054 D ActivityManager: cleanUpApplicationRecord -- 10630
12-12 13:35:20.719  1040  2054 I ActivityManager: Killing 10782:com.google.android.gms.ui/u0a18 (adj 904): stop com.google.android.gms
12-12 13:35:20.719  1040  2054 D ActivityManager: cleanUpApplicationRecord -- 10782
12-12 13:35:20.720  1040  2054 I ActivityManager: Killing 11382:com.android.chrome/u0a61 (adj 700): stop com.google.android.gms
12-12 13:35:20.721  1040  2054 D ActivityManager: cleanUpApplicationRecord -- 11382
12-12 13:35:20.722  1040  2054 I ActivityManager: Killing 7299:com.google.android.gms/u0a18 (adj 500): stop com.google.android.gms
12-12 13:35:20.723  1040  2054 D ActivityManager: cleanUpApplicationRecord -- 7299
12-12 13:35:20.724  1040  2054 W ActivityManager: Scheduling restart of crashed service com.google.android.gms/.update.SystemUpdateService in 170948ms
12-12 13:35:20.724  1040  2054 W ActivityManager: Scheduling restart of crashed service com.google.android.gms/.chimera.GmsIntentOperationService in 170947ms
12-12 13:35:20.776  1040  2054 I ActivityManager:   Force stopping service ServiceRecord{75996f3 u0 com.google.android.gms/com.google.android.location.internal.server.HardwareArProviderService}
12-12 13:35:20.776  1040  2054 I ActivityManager:   Force stopping service ServiceRecord{37307df u0 com.google.android.gms/.clearcut.service.ClearcutLoggerService}
12-12 13:35:20.776  1040  2054 I ActivityManager:   Force stopping service ServiceRecord{c3d07af u0 com.google.android.gms/.common.stats.GmsCoreStatsService}
12-12 13:35:20.776  1040  2054 I ActivityManager:   Force stopping service ServiceRecord{d82be1d u0 com.google.android.gms/com.google.android.location.internal.GoogleLocationManagerService}
12-12 13:35:20.776  1040  2054 I ActivityManager:   Force stopping service ServiceRecord{61ea681 u0 com.google.android.gms/com.google.android.location.network.NetworkLocationService}
12-12 13:35:20.776  1040  2054 I ActivityManager:   Force stopping service ServiceRecord{f332953 u0 com.google.android.gms/com.google.android.contextmanager.service.ContextManagerService}
12-12 13:35:20.776  1040  2054 I ActivityManager:   Force stopping service ServiceRecord{64525f0 u0 com.google.android.gms/com.google.android.location.internal.server.GoogleLocationService}
12-12 13:35:20.776  1040  2054 I ActivityManager:   Force stopping service ServiceRecord{ac27344 u0 com.google.android.gms/com.google.android.location.geofencer.service.GeofenceProviderService}
12-12 13:35:20.777  1040  2054 I ActivityManager:   Force stopping service ServiceRecord{a60e703 u0 com.google.android.gms/com.google.android.location.fused.FusedLocationService}
12-12 13:35:20.777  1040  2054 I ActivityManager:   Force stopping service ServiceRecord{4119335 u0 com.google.android.gms/.usagereporting.service.UsageReportingService}
12-12 13:35:20.777  1040  2054 I ActivityManager:   Force stopping service ServiceRecord{9bd9598 u0 com.google.android.gms/com.google.android.location.fused.service.FusedProviderService}
12-12 13:35:20.777  1040  2054 I ActivityManager:   Force stopping service ServiceRecord{cfd6568 u0 com.google.android.gms/.gcm.GcmService}
12-12 13:35:20.777  1040  2054 I ActivityManager:   Force stopping service ServiceRecord{4f5a93f u0 com.google.android.gms/.auth.setup.devicesignals.LockScreenService}
12-12 13:35:20.777  1040  2054 I ActivityManager:   Force stopping service ServiceRecord{b282207 u0 com.google.android.gms/.thunderbird.OutgoingSmsListenerService}
12-12 13:35:20.777  1040  2054 I ActivityManager:   Force stopping service ServiceRecord{875d375 u0 com.google.android.gms/com.google.android.location.geocode.GeocodeService}
12-12 13:35:20.777  1040  2054 I ActivityManager:   Force stopping service ServiceRecord{1974666 u0 com.google.android.gms/.deviceconnection.service.DeviceConnectionWatcherService}
12-12 13:35:20.798  9545  9545 E UsageReportingClientImpl: disconnect(): Could not unregister listener from remote:
12-12 13:35:20.798  9545  9545 E UsageReportingClientImpl: android.os.DeadObjectException
12-12 13:35:20.798  9545  9545 E UsageReportingClientImpl: 	at abw.d_(Unknown Source)
12-12 13:35:20.798  9545  9545 E UsageReportingClientImpl: 	at aex.a(Unknown Source)
12-12 13:35:20.798  9545  9545 E UsageReportingClientImpl: 	at ahv.a(Unknown Source)
12-12 13:35:20.798  9545  9545 E UsageReportingClientImpl: 	at aib.a(Unknown Source)
12-12 13:35:20.798  9545  9545 E UsageReportingClientImpl: 	at ahh.a(Unknown Source)
12-12 13:35:20.798  9545  9545 E UsageReportingClientImpl: 	at aib.a(Unknown Source)
12-12 13:35:20.798  9545  9545 E UsageReportingClientImpl: 	at ahc.a(Unknown Source)
12-12 13:35:20.798  9545  9545 E UsageReportingClientImpl: 	at aby.a(Unknown Source)
12-12 13:35:20.798  9545  9545 E UsageReportingClientImpl: 	at aca.handleMessage(Unknown Source)
12-12 13:35:20.798  9545  9545 E UsageReportingClientImpl: 	at android.os.Handler.dispatchMessage(Handler.java:102)
12-12 13:35:20.798  9545  9545 E UsageReportingClientImpl: 	at android.os.Looper.loop(Looper.java:154)
12-12 13:35:20.798  9545  9545 E UsageReportingClientImpl: 	at android.app.ActivityThread.main(ActivityThread.java:6121)
12-12 13:35:20.798  9545  9545 E UsageReportingClientImpl: 	at java.lang.reflect.Method.invoke(Native Method)
12-12 13:35:20.798  9545  9545 E UsageReportingClientImpl: 	at com.android.internal.os.ZygoteInit$MethodAndArgsCaller.run(ZygoteInit.java:889)
12-12 13:35:20.798  9545  9545 E UsageReportingClientImpl: 	at com.android.internal.os.ZygoteInit.main(ZygoteInit.java:779)
12-12 13:35:20.804  6472  6472 D AatpDeviceManager: onDisconnected
12-12 13:35:20.812  1040  1083 I ActivityManager: Force stopping com.google.android.gms appid=10018 user=-1: clearApplicationUserData
12-12 13:35:20.822  9545  9545 W aqn     : ClearcutLogger connection suspended: 1
12-12 13:35:20.852  1040  1069 D GnssStatusListenerHelper: Remote Listener died: android.location.IGnssStatusListener$Stub$Proxy@12381a
12-12 13:35:20.854  1040  1429 D RttService: ClientHandler got{ when=0 what=69636 arg1=4 obj=com.android.internal.util.AsyncChannel@2f5ff4b target=com.android.server.wifi.RttService$RttServiceImpl$ClientHandler } what = CMD_UNKNOWN
12-12 13:35:20.854  1040  1429 D RttService: Client connection lost with reason: 4
12-12 13:35:20.854  1040  1429 D RttService: closing client android.os.Messenger@1d4134e
12-12 13:35:20.854  1040  1429 D RttService: EnabledState got{ when=0 what=160262 target=com.android.internal.util.StateMachine$SmHandler }
12-12 13:35:20.879  1040  2054 D ConnectivityService: ConnectivityService NetworkRequestInfo binderDied(NetworkRequest [ LISTEN id=17, [ Capabilities: INTERNET&NOT_RESTRICTED&TRUSTED&NOT_VPN] ], android.os.BinderProxy@588bd28)
12-12 13:35:20.880  1040  1430 E ConnectivityService: RemoteException caught trying to send a callback msg for NetworkRequest [ LISTEN id=17, [ Capabilities: INTERNET&NOT_RESTRICTED&TRUSTED&NOT_VPN] ]
12-12 13:35:21.020  1761  1761 D CarrierSvcBindHelper: No carrier app for: 0
12-12 13:35:21.038 11460 11460 I art     : System.exit called, status: 0
12-12 13:35:21.039 11460 11460 I AndroidRuntime: VM exiting with result code 0.
12-12 13:35:21.039  1968  1968 D RegisteredNfcFServicesCache: Service unchanged, not updating
12-12 13:35:21.715 11472 11472 D AndroidRuntime: >>>>>> START com.android.internal.os.RuntimeInit uid 2000 <<<<<<
12-12 13:35:21.719 11472 11472 D AndroidRuntime: CheckJNI is OFF
12-12 13:35:21.782 11472 11472 D ICU     : No timezone override file found: /data/misc/zoneinfo/current/icu/icu_tzdata.dat
12-12 13:35:21.812 11472 11472 I Radio-JNI: register_android_hardware_Radio DONE
12-12 13:35:21.827 11472 11472 D AndroidRuntime: Calling main entry com.android.commands.pm.Pm
12-12 13:35:21.835  1040  2054 I ActivityManager: Force stopping com.google.android.gm appid=10092 user=0: clear data
12-12 13:35:21.840  1040  1083 I ActivityManager: Force stopping com.google.android.gm appid=10092 user=-1: clearApplicationUserData
12-12 13:35:21.878  1761  1761 D CarrierSvcBindHelper: No carrier app for: 0
12-12 13:35:21.880 11472 11472 I art     : System.exit called, status: 0
12-12 13:35:21.880 11472 11472 I AndroidRuntime: VM exiting with result code 0.
12-12 13:35:21.895  1968  1968 D RegisteredNfcFServicesCache: Service unchanged, not updating
12-12 13:35:21.895  1040  1081 W ResourceType: No known package when getting value for resource number 0x7f020075
12-12 13:35:21.895  1040  1081 W ResourceType: No known package when getting value for resource number 0x7f09018f
12-12 13:35:21.932  1040  7830 I ActivityManager: Start proc 11484:com.google.android.gms.persistent/u0a18 for broadcast com.google.android.gms/.chimera.GmsIntentOperationService$PersistentTrustedReceiver
12-12 13:35:22.051 11484 11484 I LoadedApk: No resource references to update in package FFFFFFFFFFFFFFFFFFFFFF
12-12 13:35:22.129 11484 11484 W linker  : /data/app/com.google.android.gms-1/lib/arm64/libconscrypt_gmscore_jni.so: unused DT entry: type 0xf arg 0x8a
12-12 13:35:22.131 11484 11484 V NativeCrypto: Registering com/google/android/gms/org/conscrypt/NativeCrypto's 276 native methods...
12-12 13:35:22.161 11484 11484 D NetworkSecurityConfig: No Network Security Config specified, using platform default
12-12 13:35:22.165 11484 11484 I ProviderInstaller: Installed default security provider GmsCore_OpenSSL
12-12 13:35:22.190 11484 11484 E ChimeraCfgMgr: Failed to read module config: java.io.FileNotFoundException: /data/user_de/0/com.google.android.gms/app_chimera/current_config.fb (No such file or directory)
12-12 13:35:22.204 11484 11484 E ChimeraCfgMgr: Failed to read module config: java.io.FileNotFoundException: /data/user_de/0/com.google.android.gms/app_chimera/current_config.fb (No such file or directory)
12-12 13:35:22.206 11484 11484 E ConfigFileUtils: Failed to read config file: /data/data/com.google.android.gms/app_chimera/current_fileapks.pb (No such file or directory)
12-12 13:35:22.234 11484 11484 E ChimeraCfgMgr: Failed to read module config: java.io.FileNotFoundException: /data/user_de/0/com.google.android.gms/app_chimera/current_config.fb (No such file or directory)
12-12 13:35:22.248  1040  4759 I ActivityManager: Start proc 11505:com.google.android.gms/u0a18 for service com.google.android.gms/.chimera.GmsIntentOperationService
12-12 13:35:22.249 11484 11484 I DynamiteModule: Considering local module com.google.android.gms.googlecertificates:4 and remote module com.google.android.gms.googlecertificates:0
12-12 13:35:22.249 11484 11484 I DynamiteModule: Selected local version of com.google.android.gms.googlecertificates
12-12 13:35:22.271 11484 11484 E ConfigFileUtils: Failed to read config file: /data/data/com.google.android.gms/app_chimera/current_fileapks.pb (No such file or directory)
12-12 13:35:22.279 11484 11484 E ChimeraCfgMgr: Failed to read module config: java.io.FileNotFoundException: /data/user_de/0/com.google.android.gms/app_chimera/current_config.fb (No such file or directory)
12-12 13:35:22.283 11484 11484 E ChimeraCfgMgr: Failed to read module config: java.io.FileNotFoundException: /data/user_de/0/com.google.android.gms/app_chimera/current_config.fb (No such file or directory)
12-12 13:35:22.286 11484 11484 E IntentOperation: Failed to get Chimera config
12-12 13:35:22.286 11484 11484 E IntentOperation: com.google.android.chimera.config.InvalidConfigException: java.io.FileNotFoundException: /data/user_de/0/com.google.android.gms/app_chimera/current_config.fb (No such file or directory)
12-12 13:35:22.286 11484 11484 E IntentOperation: 	at com.google.android.chimera.container.ConfigurationManager.a(:com.google.android.gms@11951440:150)
12-12 13:35:22.286 11484 11484 E IntentOperation: 	at com.google.android.chimera.IntentOperation.a(:com.google.android.gms@11951440:3)
12-12 13:35:22.286 11484 11484 E IntentOperation: 	at com.google.android.chimera.IntentOperation.getStartIntent(:com.google.android.gms@11951440:3)
12-12 13:35:22.286 11484 11484 E IntentOperation: 	at com.google.android.chimera.IntentOperation.getStartIntent(:com.google.android.gms@11951440:1)
12-12 13:35:22.286 11484 11484 E IntentOperation: 	at com.google.android.gms.chimera.debug.ModuleSetJournalUpdate$ModuleSetJournalIntentOperation.a(:com.google.android.gms@11951440:1)
12-12 13:35:22.286 11484 11484 E IntentOperation: 	at com.google.android.gms.chimera.debug.ModuleSetJournalUpdate.a(:com.google.android.gms@11951440:11)
12-12 13:35:22.286 11484 11484 E IntentOperation: 	at com.google.android.gms.chimera.container.GmsModuleFinder.a(:com.google.android.gms@11951440:68)
12-12 13:35:22.286 11484 11484 E IntentOperation: 	at com.google.android.gms.chimera.container.GmsModuleFinder.a(:com.google.android.gms@11951440:86)
12-12 13:35:22.286 11484 11484 E IntentOperation: 	at com.google.android.gms.chimera.container.GmsModuleFinder.a(:com.google.android.gms@11951440:71)
12-12 13:35:22.286 11484 11484 E IntentOperation: 	at ldt.x_(:com.google.android.gms@11951440)
12-12 13:35:22.286 11484 11484 E IntentOperation: 	at csw.a(:com.google.android.gms@11951440:33)
12-12 13:35:22.286 11484 11484 E IntentOperation: 	at cqp.a(:com.google.android.gms@11951440:3)
12-12 13:35:22.286 11484 11484 E IntentOperation: 	at cqp.query(:com.google.android.gms@11951440:3)
12-12 13:35:22.286 11484 11484 E IntentOperation: 	at android.content.ContentProvider$Transport.query(ContentProvider.java:239)
12-12 13:35:22.286 11484 11484 E IntentOperation: 	at android.content.ContentResolver.query(ContentResolver.java:532)
12-12 13:35:22.286 11484 11484 E IntentOperation: 	at android.content.ContentResolver.query(ContentResolver.java:474)
12-12 13:35:22.286 11484 11484 E IntentOperation: 	at acan.c(:com.google.android.gms@11951440:1)
12-12 13:35:22.286 11484 11484 E IntentOperation: 	at acan.a(:com.google.android.gms@11951440:3)
12-12 13:35:22.286 11484 11484 E IntentOperation: 	at acbz.a(Unknown Source)
12-12 13:35:22.286 11484 11484 E IntentOperation: 	at acby.a(:com.google.android.gms@11951440:7)
12-12 13:35:22.286 11484 11484 E IntentOperation: 	at acby.c(:com.google.android.gms@11951440:12)
12-12 13:35:22.286 11484 11484 E IntentOperation: 	at acby.a(:com.google.android.gms@11951440:26)
12-12 13:35:22.286 11484 11484 E IntentOperation: 	at com.google.android.gms.common.app.GmsApplication.onCreate(:com.google.android.gms@11951440:24)
12-12 13:35:22.286 11484 11484 E IntentOperation: 	at android.app.Instrumentation.callApplicationOnCreate(Instrumentation.java:1024)
12-12 13:35:22.286 11484 11484 E IntentOperation: 	at android.app.ActivityThread.handleBindApplication(ActivityThread.java:5405)
12-12 13:35:22.286 11484 11484 E IntentOperation: 	at android.app.ActivityThread.-wrap2(ActivityThread.java)
12-12 13:35:22.286 11484 11484 E IntentOperation: 	at android.app.ActivityThread$H.handleMessage(ActivityThread.java:1546)
12-12 13:35:22.286 11484 11484 E IntentOperation: 	at android.os.Handler.dispatchMessage(Handler.java:102)
12-12 13:35:22.286 11484 11484 E IntentOperation: 	at android.os.Looper.loop(Looper.java:154)
12-12 13:35:22.286 11484 11484 E IntentOperation: 	at android.app.ActivityThread.main(ActivityThread.java:6121)
12-12 13:35:22.286 11484 11484 E IntentOperation: 	at java.lang.reflect.Method.invoke(Native Method)
12-12 13:35:22.286 11484 11484 E IntentOperation: 	at com.android.internal.os.ZygoteInit$MethodAndArgsCaller.run(ZygoteInit.java:889)
12-12 13:35:22.286 11484 11484 E IntentOperation: 	at com.android.internal.os.ZygoteInit.main(ZygoteInit.java:779)
12-12 13:35:22.286 11484 11484 E IntentOperation: Caused by: java.io.FileNotFoundException: /data/user_de/0/com.google.android.gms/app_chimera/current_config.fb (No such file or directory)
12-12 13:35:22.286 11484 11484 E IntentOperation: 	at java.io.FileInputStream.open(Native Method)
12-12 13:35:22.286 11484 11484 E IntentOperation: 	at java.io.FileInputStream.<init>(FileInputStream.java:146)
12-12 13:35:22.286 11484 11484 E IntentOperation: 	at com.google.android.chimera.container.ConfigurationManager.a(:com.google.android.gms@11951440:131)
12-12 13:35:22.286 11484 11484 E IntentOperation: 	... 32 more
12-12 13:35:22.312 11484 11484 E ChimeraCfgMgr: Failed to read module config: java.io.FileNotFoundException: /data/user_de/0/com.google.android.gms/app_chimera/current_config.fb (No such file or directory)
