--------- beginning of system
12-12 13:34:41.837  1040  1101 D BluetoothManagerService: MESSAGE_USER_SWITCHED
12-12 13:34:41.837  1040  1101 D BluetoothManagerService: Retry MESSAGE_USER_SWITCHED 76
12-12 13:34:42.037  1040  1101 D BluetoothManagerService: MESSAGE_USER_SWITCHED
12-12 13:34:42.037  1040  1101 D BluetoothManagerService: Retry MESSAGE_USER_SWITCHED 77
12-12 13:34:42.238  1040  1101 D BluetoothManagerService: MESSAGE_USER_SWITCHED
12-12 13:34:42.238  1040  1101 D BluetoothManagerService: Retry MESSAGE_USER_SWITCHED 78
12-12 13:34:42.439  1040  1101 D BluetoothManagerService: MESSAGE_USER_SWITCHED
12-12 13:34:42.439  1040  1101 D BluetoothManagerService: Retry MESSAGE_USER_SWITCHED 79
12-12 13:34:42.638  1040  1101 D BluetoothManagerService: MESSAGE_USER_SWITCHED
12-12 13:34:42.639  1040  1101 D BluetoothManagerService: Retry MESSAGE_USER_SWITCHED 80
--------- beginning of main
12-12 13:34:42.691 10888 10888 D AndroidRuntime: >>>>>> START com.android.internal.os.RuntimeInit uid 2000 <<<<<<
12-12 13:34:42.696 10888 10888 D AndroidRuntime: CheckJNI is OFF
12-12 13:34:42.763 10888 10888 D ICU     : No timezone override file found: /data/misc/zoneinfo/current/icu/icu_tzdata.dat
12-12 13:34:42.799 10888 10888 I Radio-JNI: register_android_hardware_Radio DONE
12-12 13:34:42.815 10888 10888 D AndroidRuntime: Calling main entry com.android.commands.am.Am
12-12 13:34:42.826  1040  2054 I ActivityManager: Force stopping com.example.snoopy appid=11788 user=0: start instr
12-12 13:34:42.826  1040  2054 I ActivityManager: Killing 8659:com.example.snoopy/u0a1788 (adj 0): stop com.example.snoopy
12-12 13:34:42.827  1040  2054 D ActivityManager: cleanUpApplicationRecord -- 8659
12-12 13:34:42.831  1040  2054 W ActivityManager: Force removing ActivityRecord{4503aa6 u0 com.example.snoopy/.LoginActivity t288}: app died, no saved state
12-12 13:34:42.839  1040  1101 D BluetoothManagerService: MESSAGE_USER_SWITCHED
12-12 13:34:42.839  1040  1101 D BluetoothManagerService: Retry MESSAGE_USER_SWITCHED 81
12-12 13:34:42.853  1040  1069 D GraphicsStats: Buffer count: 5
12-12 13:34:42.853  1040  1069 I WindowManager: WIN DEATH: Window{9335809 u0 com.example.snoopy/com.example.snoopy.MainActivity}
12-12 13:34:42.866  1040  2054 I ActivityManager: Start proc 10897:com.example.snoopy/u0a1788 for activity com.example.snoopy/.MainActivity
12-12 13:34:42.867  1040  2054 I ActivityManager:   Force finishing activity ActivityRecord{101bc61 u0 com.example.snoopy/.MainActivity t288}
12-12 13:34:42.876  1040  2054 I ActivityManager:   Force finishing activity ActivityRecord{101bc61 u0 com.example.snoopy/.MainActivity t288 f}
12-12 13:34:42.876  1040  2054 W ActivityManager: Duplicate finish request for ActivityRecord{101bc61 u0 com.example.snoopy/.MainActivity t288 f}
12-12 13:34:42.878 10897 10897 I art     : Late-enabling -Xcheck:jni
12-12 13:34:42.882 10630 10630 I Finsky  : [1] com.google.android.finsky.utils.af.onTrimMemory(2): Memory trim requested to level 60
12-12 13:34:42.895  2139  2263 I Adreno  : QUALCOMM build                   : 6818200, Idb2b4cb785
12-12 13:34:42.895  2139  2263 I Adreno  : Build Date                       : 11/17/16
12-12 13:34:42.895  2139  2263 I Adreno  : OpenGL ES Shader Compiler Version: XE031.09.00.04
12-12 13:34:42.895  2139  2263 I Adreno  : Local Branch                     : N25
12-12 13:34:42.895  2139  2263 I Adreno  : Remote Branch                    : 
12-12 13:34:42.895  2139  2263 I Adreno  : Remote Branch                    : 
12-12 13:34:42.895  2139  2263 I Adreno  : Reconstruct Branch               : 
12-12 13:34:42.896  1040  2054 I ActivityManager: Start proc 10910:com.example.snoopy/u0a1788 for added application com.example.snoopy
12-12 13:34:42.899  2139  2263 I OpenGLRenderer: Initialized EGL, version 1.4
12-12 13:34:42.899  2139  2263 D OpenGLRenderer: Swap behavior 1
12-12 13:34:42.903 10910 10910 I art     : Late-enabling -Xcheck:jni
12-12 13:34:42.915  1040  1392 W ActivityManager: No pending application record for pid 10897 (IApplicationThread android.app.ApplicationThreadProxy@cdcd88d); dropping process
12-12 13:34:42.936  2064  2166 I Adreno  : QUALCOMM build                   : 6818200, Idb2b4cb785
12-12 13:34:42.936  2064  2166 I Adreno  : Build Date                       : 11/17/16
12-12 13:34:42.936  2064  2166 I Adreno  : OpenGL ES Shader Compiler Version: XE031.09.00.04
12-12 13:34:42.936  2064  2166 I Adreno  : Local Branch                     : N25
12-12 13:34:42.936  2064  2166 I Adreno  : Remote Branch                    : 
12-12 13:34:42.936  2064  2166 I Adreno  : Remote Branch                    : 
12-12 13:34:42.936  2064  2166 I Adreno  : Reconstruct Branch               : 
12-12 13:34:42.946  2064  2166 I OpenGLRenderer: Initialized EGL, version 1.4
12-12 13:34:42.946  2064  2166 D OpenGLRenderer: Swap behavior 1
12-12 13:34:42.984 10724 10724 D zz      : UtWallpaperService$UtEngine.onVisibilityChanged() true
12-12 13:34:42.984  1040  7922 I sensors : batch
12-12 13:34:42.986  1040  7922 I nanohub : queueBatch: sensor=17, handle=14, period=66667000, latency=0
12-12 13:34:42.986  1040  7922 I sensors : activate
12-12 13:34:42.988  1040  7922 I nanohub : queueActivate: sensor=17, handle=14, enable=1
12-12 13:34:42.989 10724 10724 D zz      : UtRenderer.onVisible() 
12-12 13:34:42.991  1040  1386 I nanohub : osLog: [BMI160] gyrPower: on=1, state=3
12-12 13:34:42.994 10724 10724 W zz      : WeatherManager.doGet() no permissions
12-12 13:34:42.997 10724 10724 W zz      : SunriseUtil.doGet() no permissions
12-12 13:34:43.005 10910 10910 W System  : ClassLoader referenced unknown path: /data/app/com.trellis-1/lib/arm64
12-12 13:34:43.005 10910 10910 W System  : ClassLoader referenced unknown path: /data/app/com.example.snoopy-1/lib/arm64
12-12 13:34:43.007  2139  2139 I OptInState: There is a new client and it does not support opt-in. Dropping request.
12-12 13:34:43.009  2139  2145 I art     : Do partial code cache collection, code=219KB, data=250KB
12-12 13:34:43.010  2139  2145 I art     : After code cache collection, code=218KB, data=250KB
12-12 13:34:43.010  2139  2145 I art     : Increasing code cache capacity to 1024KB
12-12 13:34:43.010 10724 10724 V zz      : TimelapseRenderer$1.onReceive() got sunrise broadcast - false
12-12 13:34:43.012 10910 10910 W System  : ClassLoader referenced unknown path: 
12-12 13:34:43.023  2139  6502 W LocationOracle: No location history returned by ContextManager
12-12 13:34:43.040  1040  1101 D BluetoothManagerService: MESSAGE_USER_SWITCHED
12-12 13:34:43.040  1040  1101 D BluetoothManagerService: Retry MESSAGE_USER_SWITCHED 82
12-12 13:34:43.041  2139  2139 I MicroDetectionWorker: Micro detection mode: [mDetectionMode: [1]].
12-12 13:34:43.044  1040  1386 I nanohub : osLog: [BMI160] gyrSetRate: rate=102400, latency=66670592, state=3
12-12 13:34:43.052  2139 10932 I MicroRecognitionRunner: Starting detection.
12-12 13:34:43.053  2139  2214 I MicrophoneInputStream: mic_starting com.google.android.apps.gsa.speech.audio.ae@e398c68
12-12 13:34:43.059   503 10934 I AudioFlinger: AudioFlinger's thread 0xeaf039c0 ready to run
12-12 13:34:43.061   503   809 I SoundTriggerHwService::Module: void android::SoundTriggerHwService::Module::onCallbackEvent(const sp<android::SoundTriggerHwService::CallbackEvent> &) mClient == 0
12-12 13:34:43.062  2139  2214 I MicrophoneInputStream: mic_started com.google.android.apps.gsa.speech.audio.ae@e398c68
12-12 13:34:43.062   618   647 E ANDR-PERF-OPTSHANDLER: Warning: Resource [2, 0] not supported for core 1. Instead use resource for core 0
12-12 13:34:43.062   618   647 E ANDR-PERF-RESOURCEQS: Failed to apply optimization [2, 2, 0]
12-12 13:34:43.062   503 10934 I ACDB-LOADER: ACDB AFE returned = -19
12-12 13:34:43.063   503 10934 D sound_trigger_platform: platform_stdev_check_and_update_concurrency: concurrency active 0, tx 1, rx 0, concurrency session_allowed 0
12-12 13:34:43.063   503 10934 D hardware_info: hw_info_append_hw_type : device_name = voice-rec-mic
12-12 13:34:43.063   503 10934 D audio_hw_primary: enable_snd_device: snd_device(63: voice-rec-mic)
12-12 13:34:43.066 10910 10910 I System.out: EMMA: collecting runtime coverage data ...
12-12 13:34:43.068   503 10934 D audio_hw_primary: enable_audio_route: usecase(8) apply and update mixer path: audio-record
12-12 13:34:43.082 10910 10935 W DynamiteModule: Local module descriptor class for com.google.firebase.auth not found.
12-12 13:34:43.089 10910 10910 D FirebaseApp: com.google.firebase.crash.FirebaseCrash is not linked. Skipping initialization.
12-12 13:34:43.094 10910 10935 W DynamiteModule: Local module descriptor class for com.google.firebase.auth not found.
12-12 13:34:43.096 10910 10910 I FA      : App measurement is starting up, version: 11400
12-12 13:34:43.096 10910 10910 I FA      : To enable debug logging run: adb shell setprop log.tag.FA VERBOSE
12-12 13:34:43.104 10910 10910 I FA      : To enable faster debug mode event logging run:
12-12 13:34:43.104 10910 10910 I FA      :   adb shell setprop debug.firebase.analytics.app com.example.snoopy
12-12 13:34:43.114 10910 10910 I FirebaseInitProvider: FirebaseApp initialization successful
12-12 13:34:43.126 10910 10940 I TestRunner: started: rmInternalFiles(com.trellis.AUTUtils)
12-12 13:34:43.136 10910 10940 I art     : Starting a blocking GC Explicit
12-12 13:34:43.148 10910 10940 I art     : Explicit concurrent mark sweep GC freed 4982(548KB) AllocSpace objects, 5(100KB) LOS objects, 39% free, 4MB/7MB, paused 145us total 11.050ms
12-12 13:34:43.149 10910 10940 I art     : Starting a blocking GC Explicit
12-12 13:34:43.160 10910 10940 I art     : Explicit concurrent mark sweep GC freed 174(26KB) AllocSpace objects, 0(0B) LOS objects, 39% free, 4MB/7MB, paused 169us total 11.216ms
12-12 13:34:43.160 10910 10940 I TestRunner: finished: rmInternalFiles(com.trellis.AUTUtils)
12-12 13:34:43.161 10910 10940 I TestRunner: passed: rmInternalFiles(com.trellis.AUTUtils)
12-12 13:34:43.163  1040  2054 I ActivityManager: Force stopping com.example.snoopy appid=11788 user=0: finished inst
12-12 13:34:43.164  1040  2054 I ActivityManager: Killing 10910:com.example.snoopy/u0a1788 (adj 0): stop com.example.snoopy
12-12 13:34:43.165  1040  2054 D ActivityManager: cleanUpApplicationRecord -- 10910
12-12 13:34:43.165 10888 10888 D AndroidRuntime: Shutting down VM
12-12 13:34:43.167  2139  2139 I MicroDetectionWorker: onReady
12-12 13:34:43.240  1040  1101 D BluetoothManagerService: MESSAGE_USER_SWITCHED
12-12 13:34:43.240  1040  1101 D BluetoothManagerService: Retry MESSAGE_USER_SWITCHED 83
12-12 13:34:43.441  1040  1101 D BluetoothManagerService: MESSAGE_USER_SWITCHED
12-12 13:34:43.441  1040  1101 D BluetoothManagerService: Retry MESSAGE_USER_SWITCHED 84
12-12 13:34:43.455  2064  2166 W OpenGLRenderer: Incorrectly called buildLayer on View: ShortcutAndWidgetContainer, destroying layer...
12-12 13:34:43.641  1040  1101 D BluetoothManagerService: MESSAGE_USER_SWITCHED
12-12 13:34:43.642  1040  1101 D BluetoothManagerService: Retry MESSAGE_USER_SWITCHED 85
12-12 13:34:43.652  7299  7763 W Conscrypt: Could not set socket write timeout:
12-12 13:34:43.652  7299  7763 W Conscrypt:    java.lang.reflect.Method.invoke(Native Method)
12-12 13:34:43.652  7299  7763 W Conscrypt:    com.google.android.gms.org.conscrypt.Platform.setSocketWriteTimeout(:com.google.android.gms@11951440:13)
12-12 13:34:43.691  7299  7763 W Conscrypt: Could not set socket write timeout:
12-12 13:34:43.693  7299  7763 W Conscrypt:    java.lang.reflect.Method.invoke(Native Method)
12-12 13:34:43.695  7299  7763 W Conscrypt:    com.google.android.gms.org.conscrypt.Platform.setSocketWriteTimeout(:com.google.android.gms@11951440:13)
12-12 13:34:43.829 10943 10943 D AndroidRuntime: >>>>>> START com.android.internal.os.RuntimeInit uid 2000 <<<<<<
12-12 13:34:43.833 10943 10943 D AndroidRuntime: CheckJNI is OFF
12-12 13:34:43.844  1040  1101 D BluetoothManagerService: MESSAGE_USER_SWITCHED
12-12 13:34:43.844  1040  1101 D BluetoothManagerService: Retry MESSAGE_USER_SWITCHED 86
12-12 13:34:43.898 10943 10943 D ICU     : No timezone override file found: /data/misc/zoneinfo/current/icu/icu_tzdata.dat
12-12 13:34:43.926 10943 10943 I Radio-JNI: register_android_hardware_Radio DONE
12-12 13:34:43.938 10943 10943 D AndroidRuntime: Calling main entry com.android.commands.am.Am
12-12 13:34:43.942  1040  2106 I ActivityManager: Force stopping com.trellis appid=11789 user=0: from pid 10943
12-12 13:34:43.943 10943 10943 D AndroidRuntime: Shutting down VM
12-12 13:34:43.949  1761  1761 D CarrierSvcBindHelper: No carrier app for: 0
12-12 13:34:43.974  1968  1968 D RegisteredNfcFServicesCache: Service unchanged, not updating
12-12 13:34:44.045  1040  1101 D BluetoothManagerService: MESSAGE_USER_SWITCHED
12-12 13:34:44.045  1040  1101 D BluetoothManagerService: Retry MESSAGE_USER_SWITCHED 87
12-12 13:34:44.245  1040  1101 D BluetoothManagerService: MESSAGE_USER_SWITCHED
12-12 13:34:44.246  1040  1101 D BluetoothManagerService: Retry MESSAGE_USER_SWITCHED 88
12-12 13:34:44.446  1040  1101 D BluetoothManagerService: MESSAGE_USER_SWITCHED
12-12 13:34:44.446  1040  1101 D BluetoothManagerService: Retry MESSAGE_USER_SWITCHED 89
12-12 13:34:44.581 10954 10954 D AndroidRuntime: >>>>>> START com.android.internal.os.RuntimeInit uid 2000 <<<<<<
12-12 13:34:44.585 10954 10954 D AndroidRuntime: CheckJNI is OFF
12-12 13:34:44.647  1040  1101 D BluetoothManagerService: MESSAGE_USER_SWITCHED
12-12 13:34:44.647  1040  1101 D BluetoothManagerService: Retry MESSAGE_USER_SWITCHED 90
12-12 13:34:44.657 10954 10954 D ICU     : No timezone override file found: /data/misc/zoneinfo/current/icu/icu_tzdata.dat
12-12 13:34:44.692 10954 10954 I Radio-JNI: register_android_hardware_Radio DONE
12-12 13:34:44.707 10954 10954 D AndroidRuntime: Calling main entry com.android.commands.am.Am
12-12 13:34:44.710  1040  1793 W ActivityManager: Invalid packageName: com.trellis
12-12 13:34:44.711 10954 10954 D AndroidRuntime: Shutting down VM
12-12 13:34:44.848  1040  1101 D BluetoothManagerService: MESSAGE_USER_SWITCHED
12-12 13:34:44.848  1040  1101 D BluetoothManagerService: Retry MESSAGE_USER_SWITCHED 91
12-12 13:34:45.048  1040  1101 D BluetoothManagerService: MESSAGE_USER_SWITCHED
12-12 13:34:45.048  1040  1101 D BluetoothManagerService: Retry MESSAGE_USER_SWITCHED 92
12-12 13:34:45.248  1040  1101 D BluetoothManagerService: MESSAGE_USER_SWITCHED
12-12 13:34:45.249  1040  1101 D BluetoothManagerService: Retry MESSAGE_USER_SWITCHED 93
12-12 13:34:45.348 10964 10964 D AndroidRuntime: >>>>>> START com.android.internal.os.RuntimeInit uid 2000 <<<<<<
12-12 13:34:45.353 10964 10964 D AndroidRuntime: CheckJNI is OFF
12-12 13:34:45.422 10964 10964 D ICU     : No timezone override file found: /data/misc/zoneinfo/current/icu/icu_tzdata.dat
12-12 13:34:45.449  1040  1101 D BluetoothManagerService: MESSAGE_USER_SWITCHED
12-12 13:34:45.449  1040  1101 D BluetoothManagerService: Retry MESSAGE_USER_SWITCHED 94
12-12 13:34:45.450 10964 10964 I Radio-JNI: register_android_hardware_Radio DONE
12-12 13:34:45.463 10964 10964 D AndroidRuntime: Calling main entry com.android.commands.pm.Pm
12-12 13:34:45.469  1040  2054 I ActivityManager: Force stopping com.trellis appid=11789 user=0: clear data
12-12 13:34:45.472  1040  1083 I ActivityManager: Force stopping com.trellis appid=11789 user=-1: clearApplicationUserData
12-12 13:34:45.507  1040  1122 I ActivityManager: Start proc 10974:com.android.defcontainer/u0a11 for service com.android.defcontainer/.DefaultContainerService
12-12 13:34:45.568  1761  1761 D CarrierSvcBindHelper: No carrier app for: 0
12-12 13:34:45.572  7225  7225 I GeofencerStateMachine: removeGeofences: removeRequest=RemoveGeofencingRequest[REMOVE_ALL packageName=com.trellis]
12-12 13:34:45.579 10964 10964 I art     : System.exit called, status: 0
12-12 13:34:45.579 10964 10964 I AndroidRuntime: VM exiting with result code 0.
12-12 13:34:45.583  1040  1083 I ActivityManager: Start proc 10990:com.android.documentsui/u0a12 for broadcast com.android.documentsui/.PackageReceiver
12-12 13:34:45.591  1968  1968 D RegisteredNfcFServicesCache: Service unchanged, not updating
12-12 13:34:45.619 10990 10990 W System  : ClassLoader referenced unknown path: /system/priv-app/DocumentsUI/lib/arm64
12-12 13:34:45.650  1040  1101 D BluetoothManagerService: MESSAGE_USER_SWITCHED
12-12 13:34:45.650  1040  1101 D BluetoothManagerService: Retry MESSAGE_USER_SWITCHED 95
12-12 13:34:45.653  1040  7922 I ActivityManager: Start proc 11007:com.google.android.apps.photos/u0a88 for broadcast com.google.android.apps.photos/com.google.android.libraries.social.mediastoresync.reset.impl.MediaStoreClearedReceiver
12-12 13:34:45.694 11007 11007 W System  : ClassLoader referenced unknown path: /system/app/Photos/lib/arm64
12-12 13:34:45.850  1040  1101 D BluetoothManagerService: MESSAGE_USER_SWITCHED
12-12 13:34:45.851  1040  1101 D BluetoothManagerService: Retry MESSAGE_USER_SWITCHED 96
12-12 13:34:45.902  7299 11030 D Wear_Controller: Received broadcast action=android.intent.action.PACKAGE_DATA_CLEARED and uri=com.trellis
12-12 13:34:45.903  7299 11027 I LocationSettingsChecker: Removing dialog suppression flag for package com.trellis
12-12 13:34:45.915  7299  7763 I Icing   : doRemovePackageData com.trellis
12-12 13:34:46.051  1040  1101 D BluetoothManagerService: MESSAGE_USER_SWITCHED
12-12 13:34:46.051  1040  1101 D BluetoothManagerService: Retry MESSAGE_USER_SWITCHED 97
12-12 13:34:46.075 11022 11022 D AndroidRuntime: >>>>>> START com.android.internal.os.RuntimeInit uid 2000 <<<<<<
12-12 13:34:46.078 11022 11022 D AndroidRuntime: CheckJNI is OFF
12-12 13:34:46.144 11022 11022 D ICU     : No timezone override file found: /data/misc/zoneinfo/current/icu/icu_tzdata.dat
12-12 13:34:46.174 11022 11022 I Radio-JNI: register_android_hardware_Radio DONE
12-12 13:34:46.188 11022 11022 D AndroidRuntime: Calling main entry com.android.commands.pm.Pm
12-12 13:34:46.203 11022 11022 I art     : System.exit called, status: 0
12-12 13:34:46.203 11022 11022 I AndroidRuntime: VM exiting with result code 0.
12-12 13:34:46.215 11022 11043 W MessageQueue: Handler (android.os.Handler) {a45eed0} sending message to a Handler on a dead thread
12-12 13:34:46.215 11022 11043 W MessageQueue: java.lang.IllegalStateException: Handler (android.os.Handler) {a45eed0} sending message to a Handler on a dead thread
12-12 13:34:46.215 11022 11043 W MessageQueue: 	at android.os.MessageQueue.enqueueMessage(MessageQueue.java:543)
12-12 13:34:46.215 11022 11043 W MessageQueue: 	at android.os.Handler.enqueueMessage(Handler.java:643)
12-12 13:34:46.215 11022 11043 W MessageQueue: 	at android.os.Handler.sendMessageAtTime(Handler.java:612)
12-12 13:34:46.215 11022 11043 W MessageQueue: 	at android.os.Handler.sendMessageDelayed(Handler.java:582)
12-12 13:34:46.215 11022 11043 W MessageQueue: 	at android.os.Handler.post(Handler.java:338)
12-12 13:34:46.215 11022 11043 W MessageQueue: 	at android.os.ResultReceiver$MyResultReceiver.send(ResultReceiver.java:57)
12-12 13:34:46.215 11022 11043 W MessageQueue: 	at com.android.internal.os.IResultReceiver$Stub.onTransact(IResultReceiver.java:58)
12-12 13:34:46.215 11022 11043 W MessageQueue: 	at android.os.Binder.execTransact(Binder.java:565)
12-12 13:34:46.251  1040  1101 D BluetoothManagerService: MESSAGE_USER_SWITCHED
12-12 13:34:46.252  1040  1101 D BluetoothManagerService: Retry MESSAGE_USER_SWITCHED 98
12-12 13:34:46.452  1040  1101 D BluetoothManagerService: MESSAGE_USER_SWITCHED
12-12 13:34:46.452  1040  1101 D BluetoothManagerService: Retry MESSAGE_USER_SWITCHED 99
12-12 13:34:46.653  1040  1101 D BluetoothManagerService: MESSAGE_USER_SWITCHED
12-12 13:34:46.653  1040  1101 D BluetoothManagerService: Retry MESSAGE_USER_SWITCHED 100
12-12 13:34:46.854  1040  1101 D BluetoothManagerService: MESSAGE_USER_SWITCHED
12-12 13:34:46.854  1040  1101 D BluetoothManagerService: Retry MESSAGE_USER_SWITCHED 101
12-12 13:34:47.055  1040  1101 D BluetoothManagerService: MESSAGE_USER_SWITCHED
12-12 13:34:47.055  1040  1101 D BluetoothManagerService: Retry MESSAGE_USER_SWITCHED 102
12-12 13:34:47.189 11050 11050 D AndroidRuntime: >>>>>> START com.android.internal.os.RuntimeInit uid 2000 <<<<<<
12-12 13:34:47.194 11050 11050 D AndroidRuntime: CheckJNI is OFF
12-12 13:34:47.255  1040  1101 D BluetoothManagerService: MESSAGE_USER_SWITCHED
12-12 13:34:47.255  1040  1101 D BluetoothManagerService: Retry MESSAGE_USER_SWITCHED 103
12-12 13:34:47.258 11050 11050 D ICU     : No timezone override file found: /data/misc/zoneinfo/current/icu/icu_tzdata.dat
12-12 13:34:47.287 11050 11050 I Radio-JNI: register_android_hardware_Radio DONE
12-12 13:34:47.301 11050 11050 D AndroidRuntime: Calling main entry com.android.commands.pm.Pm
12-12 13:34:47.309  1040  1083 I ActivityManager: Force stopping com.trellis appid=11789 user=-1: deletePackageX
12-12 13:34:47.455  1040  1101 D BluetoothManagerService: MESSAGE_USER_SWITCHED
12-12 13:34:47.455  1040  1101 D BluetoothManagerService: Retry MESSAGE_USER_SWITCHED 104
12-12 13:34:47.459  1040  1122 I art     : Starting a blocking GC Explicit
12-12 13:34:47.574  1040  1122 I art     : Explicit concurrent mark sweep GC freed 61020(4MB) AllocSpace objects, 11(268KB) LOS objects, 33% free, 16MB/24MB, paused 1.622ms total 114.298ms
12-12 13:34:47.587 11050 11050 I art     : System.exit called, status: 0
12-12 13:34:47.587 11050 11050 I AndroidRuntime: VM exiting with result code 0.
12-12 13:34:47.593  1040  1122 I ActivityManager: Force stopping com.trellis appid=11789 user=0: pkg removed
12-12 13:34:47.608  7225  7225 I GeofencerStateMachine: removeGeofences: removeRequest=RemoveGeofencingRequest[REMOVE_ALL packageName=com.trellis]
12-12 13:34:47.610  9205  9205 D BluetoothMapAppObserver: onReceive
12-12 13:34:47.610  9205  9205 D BluetoothMapAppObserver: The removed package is: com.trellis
12-12 13:34:47.623  1040  1413 I InputReader: Reconfiguring input devices.  changes=0x00000010
12-12 13:34:47.639  1761  1761 D CarrierSvcBindHelper: No carrier app for: 0
12-12 13:34:47.643  1040  1083 I ActivityManager: Start proc 11065:com.android.keychain/1000 for broadcast com.android.keychain/.KeyChainBroadcastReceiver
12-12 13:34:47.656  1040  1101 D BluetoothManagerService: MESSAGE_USER_SWITCHED
12-12 13:34:47.656  1040  1101 D BluetoothManagerService: Retry MESSAGE_USER_SWITCHED 105
12-12 13:34:47.683 11065 11065 W System  : ClassLoader referenced unknown path: /system/app/KeyChain/lib/arm64
12-12 13:34:47.700  1968  1968 D RegisteredNfcFServicesCache: Service unchanged, not updating
12-12 13:34:47.701 11065 11065 W ContextImpl: Calling a method in the system process without a qualified user: android.app.ContextImpl.startService:1357 android.content.ContextWrapper.startService:613 android.content.ContextWrapper.startService:613 com.android.keychain.KeyChainBroadcastReceiver.onReceive:12 android.app.ActivityThread.handleReceiver:3041 
12-12 13:34:47.717  1040  7911 I ActivityManager: Start proc 11080:com.android.musicfx/u0a31 for broadcast com.android.musicfx/.Compatibility$Receiver
12-12 13:34:47.757 11080 11080 W System  : ClassLoader referenced unknown path: /system/priv-app/MusicFX/lib/arm64
12-12 13:34:47.795 10630 10630 W Finsky  : [1] com.google.android.finsky.application.FinskyAppImpl.bM(1132): No account configured on this device.
12-12 13:34:47.799 10630 10630 W Finsky  : [1] com.google.android.finsky.application.FinskyAppImpl.bM(1132): No account configured on this device.
12-12 13:34:47.800  2373 11097 D VoicemailCleanupService: Cleaning up data for package: com.trellis
12-12 13:34:47.807 10630 10630 W Finsky  : [1] com.google.android.finsky.application.FinskyAppImpl.bM(1132): No account configured on this device.
12-12 13:34:47.815  1040  1081 I ActivityManager: Start proc 11099:com.android.printspooler/u0a93 for service com.android.printspooler/.model.PrintSpoolerService
12-12 13:34:47.826 10630 10715 W WearSignatureVerifier: No package com.google.android.wearable.app.cn
12-12 13:34:47.826  7225 10772 E NetworkScheduler: Unrecognised action provided: android.intent.action.PACKAGE_REMOVED
12-12 13:34:47.831 10630 10715 W WearSignatureVerifier: No package com.google.android.wearable.app.cn
12-12 13:34:47.832 10630 10715 W WearSignatureVerifier: No package com.google.android.wearable.app.cn
12-12 13:34:47.832 10630 10715 W WearSignatureVerifier: No package com.google.android.wearable.app.cn
12-12 13:34:47.857  1040  1101 D BluetoothManagerService: MESSAGE_USER_SWITCHED
12-12 13:34:47.857  1040  1101 D BluetoothManagerService: Retry MESSAGE_USER_SWITCHED 106
12-12 13:34:47.863  2139 11116 I UpdateIcingCorporaServi: Updating corpora: APPS=com.trellis, CONTACTS=MAYBE
12-12 13:34:47.883  7225  7225 I WearableService: Wearable Services not starting - Wear is not available on this device.
12-12 13:34:47.884  1040  1068 I ActivityManager: Start proc 11118:com.verizon.vzwavs/u0a47 for broadcast com.verizon.vzwavs/.WakeupReceiver
12-12 13:34:47.887  2139 11116 I UpdateIcingCorporaServi: UpdateCorporaTask done [took 24 ms] updated apps [took 24 ms] 
12-12 13:34:47.898  7225  7237 W ConfigurationChimeraPro: Got null configs for com.google.android.gms.drive
12-12 13:34:47.905  7225  7653 D WearableService: onGetService - Wear is not available on this device.
12-12 13:34:47.906 10630 10630 W WearSignatureVerifier: No package com.google.android.wearable.app.cn
12-12 13:34:47.908 10630 10630 E Finsky  : [1] com.google.android.finsky.wear.bl.a(3): onConnectionFailed: ConnectionResult{statusCode=API_UNAVAILABLE, resolution=null, message=null}
12-12 13:34:47.909 10630 10630 W Finsky  : [1] com.google.android.finsky.wear.aj.run(9): Dropping command=auto_uninstall due to Gms not connected
12-12 13:34:47.914 10630 10630 W Finsky  : [1] com.google.android.finsky.wear.aj.run(9): Dropping command=send_installed_apps due to Gms not connected
12-12 13:34:47.997  7299 11033 I PeopleContactsSync: triggerPendingContactsCleanup: no accounts
12-12 13:34:47.998  7299 11033 D Wear_Controller: Received broadcast action=android.intent.action.PACKAGE_REMOVED and uri=com.trellis
12-12 13:34:48.009  7299 11027 I LocationSettingsChecker: Removing dialog suppression flag for package com.trellis
12-12 13:34:48.010 11118 11118 W System  : ClassLoader referenced unknown path: /system/priv-app/VZWAVS/lib/arm64
12-12 13:34:48.023  7299 11029 I GrowthService: Package com.trellis uninstalled. Removing from storage.
12-12 13:34:48.057  1040  1101 D BluetoothManagerService: MESSAGE_USER_SWITCHED
12-12 13:34:48.057  1040  1101 D BluetoothManagerService: Retry MESSAGE_USER_SWITCHED 107
12-12 13:34:48.062  7299  7892 I Icing   : doRemovePackageData com.trellis
12-12 13:34:48.069 11112 11112 D AndroidRuntime: >>>>>> START com.android.internal.os.RuntimeInit uid 2000 <<<<<<
12-12 13:34:48.072 11112 11112 D AndroidRuntime: CheckJNI is OFF
12-12 13:34:48.126 11112 11112 D ICU     : No timezone override file found: /data/misc/zoneinfo/current/icu/icu_tzdata.dat
12-12 13:34:48.146 11118 11140 V VZWAVSService: android.intent.action.PACKAGE_REMOVED
12-12 13:34:48.146 11118 11140 V VZWAVSService: Extra replacing: true
12-12 13:34:48.146 11118 11140 V VZWAVSService: Extra data removed: false
12-12 13:34:48.146 11118 11140 V VZWAVSService: com.trellis
12-12 13:34:48.146 11112 11112 I Radio-JNI: register_android_hardware_Radio DONE
12-12 13:34:48.175 11112 11112 D AndroidRuntime: Calling main entry com.android.commands.pm.Pm
12-12 13:34:48.184 11112 11112 I art     : System.exit called, status: 0
12-12 13:34:48.184 11112 11112 I AndroidRuntime: VM exiting with result code 0.
12-12 13:34:48.185 11112 11148 W MessageQueue: Handler (android.os.Handler) {1887f4a} sending message to a Handler on a dead thread
12-12 13:34:48.185 11112 11148 W MessageQueue: java.lang.IllegalStateException: Handler (android.os.Handler) {1887f4a} sending message to a Handler on a dead thread
12-12 13:34:48.185 11112 11148 W MessageQueue: 	at android.os.MessageQueue.enqueueMessage(MessageQueue.java:543)
12-12 13:34:48.185 11112 11148 W MessageQueue: 	at android.os.Handler.enqueueMessage(Handler.java:643)
12-12 13:34:48.185 11112 11148 W MessageQueue: 	at android.os.Handler.sendMessageAtTime(Handler.java:612)
12-12 13:34:48.185 11112 11148 W MessageQueue: 	at android.os.Handler.sendMessageDelayed(Handler.java:582)
12-12 13:34:48.185 11112 11148 W MessageQueue: 	at android.os.Handler.post(Handler.java:338)
12-12 13:34:48.185 11112 11148 W MessageQueue: 	at android.os.ResultReceiver$MyResultReceiver.send(ResultReceiver.java:57)
12-12 13:34:48.185 11112 11148 W MessageQueue: 	at com.android.internal.os.IResultReceiver$Stub.onTransact(IResultReceiver.java:58)
12-12 13:34:48.185 11112 11148 W MessageQueue: 	at android.os.Binder.execTransact(Binder.java:565)
12-12 13:34:48.204  7299 11139 I DatabaseHelper: Creating a new database at version 172 for /data/user/0/com.google.android.gms/databases/DocList.db
12-12 13:34:48.233  7299  7677 I Icing   : IndexChimeraService.getServiceInterface callingPackage=com.google.android.gms componentName=AppsCorpus serviceId=36
12-12 13:34:48.237  7299  7494 I Icing   : IndexChimeraService.getServiceInterface callingPackage=com.google.android.gms componentName=AppsCorpus serviceId=32
12-12 13:34:48.256  1040  1101 D BluetoothManagerService: MESSAGE_USER_SWITCHED
12-12 13:34:48.257  1040  1101 D BluetoothManagerService: Retry MESSAGE_USER_SWITCHED 108
12-12 13:34:48.439  7299 11030 W DriveInitializer: Awaiting to be initialized
12-12 13:34:48.454  7299 11155 W DriveInitializer: Background init thread started
12-12 13:34:48.457  1040  1101 D BluetoothManagerService: MESSAGE_USER_SWITCHED
12-12 13:34:48.457  1040  1101 D BluetoothManagerService: Retry MESSAGE_USER_SWITCHED 109
12-12 13:34:48.658  1040  1101 D BluetoothManagerService: MESSAGE_USER_SWITCHED
12-12 13:34:48.658  1040  1101 D BluetoothManagerService: Retry MESSAGE_USER_SWITCHED 110
12-12 13:34:48.684  7299 11137 I ContentMaintenance: Pruning caches...
12-12 13:34:48.733  7299 11155 W DriveInitializer: Background init thread ended
12-12 13:34:48.753 11156 11156 D AndroidRuntime: >>>>>> START com.android.internal.os.RuntimeInit uid 2000 <<<<<<
12-12 13:34:48.756 11156 11156 D AndroidRuntime: CheckJNI is OFF
12-12 13:34:48.765  7299 11153 I PinnedContentDownloader: Started downloading pinned content.
12-12 13:34:48.804 11156 11156 D ICU     : No timezone override file found: /data/misc/zoneinfo/current/icu/icu_tzdata.dat
12-12 13:34:48.815  7299 11137 I ContentMaintenance: Internal cache bytes used: 0; limit: 100000000; download size: 0
12-12 13:34:48.820  7299 11153 I PinnedContentDownloader: Finished downloading pinned content.
12-12 13:34:48.827 11156 11156 I Radio-JNI: register_android_hardware_Radio DONE
12-12 13:34:48.829  7299 11137 I ContentMaintenance: Cache pruning complete.
12-12 13:34:48.837 11156 11156 D AndroidRuntime: Calling main entry com.android.commands.am.Am
12-12 13:34:48.840  1040  4759 I ActivityManager: Force stopping com.example.snoopy appid=11788 user=0: from pid 11156
12-12 13:34:48.841  7299 11137 I ContentMaintenance: Beginning garbage collection.
12-12 13:34:48.843 11156 11156 D AndroidRuntime: Shutting down VM
12-12 13:34:48.844  1761  1761 D CarrierSvcBindHelper: No carrier app for: 0
12-12 13:34:48.858  1040  1101 D BluetoothManagerService: MESSAGE_USER_SWITCHED
12-12 13:34:48.858  1040  1101 D BluetoothManagerService: Retry MESSAGE_USER_SWITCHED 111
12-12 13:34:48.859  7299  7892 I Icing   : Usage reports ok 0, Failed Usage reports 0, indexed 0, rejected 0, imm upload false
12-12 13:34:48.861  7299 11137 I RealtimeCacheCleanup: Beginning Realtime garbage collection.
12-12 13:34:48.861  1968  1968 D RegisteredNfcFServicesCache: Service unchanged, not updating
12-12 13:34:48.866  7299 11137 I RealtimeCacheCleanup: Finished Realtime garbage collection.
12-12 13:34:48.866  7299 11137 I ContentMaintenance: Finished garbage collection.
12-12 13:34:48.875  7299  7892 I Icing   : Usage reports ok 0, Failed Usage reports 0, indexed 0, rejected 0, imm upload false
12-12 13:34:49.059  1040  1101 D BluetoothManagerService: MESSAGE_USER_SWITCHED
12-12 13:34:49.059  1040  1101 D BluetoothManagerService: Retry MESSAGE_USER_SWITCHED 112
12-12 13:34:49.260  1040  1101 D BluetoothManagerService: MESSAGE_USER_SWITCHED
12-12 13:34:49.260  1040  1101 D BluetoothManagerService: Retry MESSAGE_USER_SWITCHED 113
12-12 13:34:49.461  1040  1101 D BluetoothManagerService: MESSAGE_USER_SWITCHED
12-12 13:34:49.461  1040  1101 D BluetoothManagerService: Retry MESSAGE_USER_SWITCHED 114
12-12 13:34:49.554 11173 11173 D AndroidRuntime: >>>>>> START com.android.internal.os.RuntimeInit uid 2000 <<<<<<
12-12 13:34:49.558 11173 11173 D AndroidRuntime: CheckJNI is OFF
12-12 13:34:49.616 11173 11173 D ICU     : No timezone override file found: /data/misc/zoneinfo/current/icu/icu_tzdata.dat
12-12 13:34:49.644 11173 11173 I Radio-JNI: register_android_hardware_Radio DONE
12-12 13:34:49.657 11173 11173 D AndroidRuntime: Calling main entry com.android.commands.am.Am
12-12 13:34:49.661  1040  1101 D BluetoothManagerService: MESSAGE_USER_SWITCHED
12-12 13:34:49.662  1040  1101 D BluetoothManagerService: Retry MESSAGE_USER_SWITCHED 115
12-12 13:34:49.663  1040  2091 W ActivityManager: Invalid packageName: com.example.snoopy
12-12 13:34:49.664 11173 11173 D AndroidRuntime: Shutting down VM
12-12 13:34:49.862  1040  1101 D BluetoothManagerService: MESSAGE_USER_SWITCHED
12-12 13:34:49.863  1040  1101 D BluetoothManagerService: Retry MESSAGE_USER_SWITCHED 116
12-12 13:34:49.907  7299 11137 I Icing   : Indexing 356B25A17E14ED7A34BAC151497D5366089701CB from com.google.android.gms
12-12 13:34:49.939  7299 11137 I Icing   : Indexing done 356B25A17E14ED7A34BAC151497D5366089701CB
12-12 13:34:50.063  1040  1101 D BluetoothManagerService: MESSAGE_USER_SWITCHED
12-12 13:34:50.064  1040  1101 D BluetoothManagerService: Retry MESSAGE_USER_SWITCHED 117
12-12 13:34:50.264  1040  1101 D BluetoothManagerService: MESSAGE_USER_SWITCHED
12-12 13:34:50.265  1040  1101 D BluetoothManagerService: Retry MESSAGE_USER_SWITCHED 118
12-12 13:34:50.337 11183 11183 D AndroidRuntime: >>>>>> START com.android.internal.os.RuntimeInit uid 2000 <<<<<<
12-12 13:34:50.342 11183 11183 D AndroidRuntime: CheckJNI is OFF
12-12 13:34:50.415 11183 11183 D ICU     : No timezone override file found: /data/misc/zoneinfo/current/icu/icu_tzdata.dat
12-12 13:34:50.443 11183 11183 I Radio-JNI: register_android_hardware_Radio DONE
12-12 13:34:50.456 11183 11183 D AndroidRuntime: Calling main entry com.android.commands.pm.Pm
12-12 13:34:50.460  1040  7910 I ActivityManager: Force stopping com.example.snoopy appid=11788 user=0: clear data
12-12 13:34:50.462  1040  1083 I ActivityManager: Force stopping com.example.snoopy appid=11788 user=-1: clearApplicationUserData
12-12 13:34:50.465  1040  1101 D BluetoothManagerService: MESSAGE_USER_SWITCHED
12-12 13:34:50.465  1040  1101 D BluetoothManagerService: Retry MESSAGE_USER_SWITCHED 119
12-12 13:34:50.499  1761  1761 D CarrierSvcBindHelper: No carrier app for: 0
12-12 13:34:50.511  7225  7225 I GeofencerStateMachine: removeGeofences: removeRequest=RemoveGeofencingRequest[REMOVE_ALL packageName=com.example.snoopy]
12-12 13:34:50.548 11183 11183 I art     : System.exit called, status: 0
12-12 13:34:50.548 11183 11183 I AndroidRuntime: VM exiting with result code 0.
12-12 13:34:50.569  7299 11032 D Wear_Controller: Received broadcast action=android.intent.action.PACKAGE_DATA_CLEARED and uri=com.example.snoopy
12-12 13:34:50.571  1968  1968 D RegisteredNfcFServicesCache: Service unchanged, not updating
12-12 13:34:50.576  7299 11029 I LocationSettingsChecker: Removing dialog suppression flag for package com.example.snoopy
12-12 13:34:50.599  7299 11137 I Icing   : doRemovePackageData com.example.snoopy
12-12 13:34:50.600  1040  1050 I art     : Background sticky concurrent mark sweep GC freed 53014(6MB) AllocSpace objects, 5(100KB) LOS objects, 30% free, 16MB/24MB, paused 1.994ms total 103.989ms
12-12 13:34:50.666  1040  1101 D BluetoothManagerService: MESSAGE_USER_SWITCHED
12-12 13:34:50.666  1040  1101 D BluetoothManagerService: Retry MESSAGE_USER_SWITCHED 120
12-12 13:34:50.866  1040  1101 D BluetoothManagerService: MESSAGE_USER_SWITCHED
12-12 13:34:50.867  1040  1101 D BluetoothManagerService: Retry MESSAGE_USER_SWITCHED 121
12-12 13:34:51.067  1040  1101 D BluetoothManagerService: MESSAGE_USER_SWITCHED
12-12 13:34:51.067  1040  1101 D BluetoothManagerService: Retry MESSAGE_USER_SWITCHED 122
12-12 13:34:51.268  1040  1101 D BluetoothManagerService: MESSAGE_USER_SWITCHED
12-12 13:34:51.268  1040  1101 D BluetoothManagerService: Retry MESSAGE_USER_SWITCHED 123
12-12 13:34:51.278 11200 11200 D AndroidRuntime: >>>>>> START com.android.internal.os.RuntimeInit uid 2000 <<<<<<
12-12 13:34:51.281 11200 11200 D AndroidRuntime: CheckJNI is OFF
12-12 13:34:51.352 11200 11200 D ICU     : No timezone override file found: /data/misc/zoneinfo/current/icu/icu_tzdata.dat
12-12 13:34:51.386 11200 11200 I Radio-JNI: register_android_hardware_Radio DONE
12-12 13:34:51.402 11200 11200 D AndroidRuntime: Calling main entry com.android.commands.pm.Pm
12-12 13:34:51.413 11200 11200 I art     : System.exit called, status: 0
12-12 13:34:51.413 11200 11200 I AndroidRuntime: VM exiting with result code 0.
12-12 13:34:51.419 11200 11208 W MessageQueue: Handler (android.os.Handler) {46c5801} sending message to a Handler on a dead thread
12-12 13:34:51.419 11200 11208 W MessageQueue: java.lang.IllegalStateException: Handler (android.os.Handler) {46c5801} sending message to a Handler on a dead thread
12-12 13:34:51.419 11200 11208 W MessageQueue: 	at android.os.MessageQueue.enqueueMessage(MessageQueue.java:543)
12-12 13:34:51.419 11200 11208 W MessageQueue: 	at android.os.Handler.enqueueMessage(Handler.java:643)
12-12 13:34:51.419 11200 11208 W MessageQueue: 	at android.os.Handler.sendMessageAtTime(Handler.java:612)
12-12 13:34:51.419 11200 11208 W MessageQueue: 	at android.os.Handler.sendMessageDelayed(Handler.java:582)
12-12 13:34:51.419 11200 11208 W MessageQueue: 	at android.os.Handler.post(Handler.java:338)
12-12 13:34:51.419 11200 11208 W MessageQueue: 	at android.os.ResultReceiver$MyResultReceiver.send(ResultReceiver.java:57)
12-12 13:34:51.419 11200 11208 W MessageQueue: 	at com.android.internal.os.IResultReceiver$Stub.onTransact(IResultReceiver.java:58)
12-12 13:34:51.419 11200 11208 W MessageQueue: 	at android.os.Binder.execTransact(Binder.java:565)
12-12 13:34:51.468  1040  1101 D BluetoothManagerService: MESSAGE_USER_SWITCHED
12-12 13:34:51.468  1040  1101 D BluetoothManagerService: Retry MESSAGE_USER_SWITCHED 124
12-12 13:34:51.668  1040  1101 D BluetoothManagerService: MESSAGE_USER_SWITCHED
12-12 13:34:51.669  1040  1101 D BluetoothManagerService: Retry MESSAGE_USER_SWITCHED 125
12-12 13:34:51.870  1040  1101 D BluetoothManagerService: MESSAGE_USER_SWITCHED
12-12 13:34:51.870  1040  1101 D BluetoothManagerService: Retry MESSAGE_USER_SWITCHED 126
12-12 13:34:52.071  1040  1101 D BluetoothManagerService: MESSAGE_USER_SWITCHED
12-12 13:34:52.072  1040  1101 D BluetoothManagerService: Retry MESSAGE_USER_SWITCHED 127
12-12 13:34:52.272  1040  1101 D BluetoothManagerService: MESSAGE_USER_SWITCHED
12-12 13:34:52.272  1040  1101 D BluetoothManagerService: Retry MESSAGE_USER_SWITCHED 128
12-12 13:34:52.411 11215 11215 D AndroidRuntime: >>>>>> START com.android.internal.os.RuntimeInit uid 2000 <<<<<<
12-12 13:34:52.414 11215 11215 D AndroidRuntime: CheckJNI is OFF
12-12 13:34:52.473  1040  1101 D BluetoothManagerService: MESSAGE_USER_SWITCHED
12-12 13:34:52.473  1040  1101 D BluetoothManagerService: Retry MESSAGE_USER_SWITCHED 129
12-12 13:34:52.478 11215 11215 D ICU     : No timezone override file found: /data/misc/zoneinfo/current/icu/icu_tzdata.dat
12-12 13:34:52.510 11215 11215 I Radio-JNI: register_android_hardware_Radio DONE
12-12 13:34:52.526 11215 11215 D AndroidRuntime: Calling main entry com.android.commands.pm.Pm
12-12 13:34:52.538  1040  1083 I ActivityManager: Force stopping com.example.snoopy appid=11788 user=-1: deletePackageX
12-12 13:34:52.547  1040  1122 I PackageManager: Removing old permission: com.example.snoopy.permission.C2D_MESSAGE from package com.example.snoopy
12-12 13:34:52.673  1040  1101 D BluetoothManagerService: MESSAGE_USER_SWITCHED
12-12 13:34:52.674  1040  1101 D BluetoothManagerService: Retry MESSAGE_USER_SWITCHED 130
12-12 13:34:52.746  1040  1122 I art     : Starting a blocking GC Explicit
12-12 13:34:52.803  1040  1122 I art     : Explicit concurrent mark sweep GC freed 34866(2MB) AllocSpace objects, 7(188KB) LOS objects, 33% free, 16MB/24MB, paused 970us total 56.790ms
12-12 13:34:52.811 11215 11224 W MessageQueue: Handler (android.os.Handler) {da03e} sending message to a Handler on a dead thread
12-12 13:34:52.811 11215 11224 W MessageQueue: java.lang.IllegalStateException: Handler (android.os.Handler) {da03e} sending message to a Handler on a dead thread
12-12 13:34:52.811 11215 11224 W MessageQueue: 	at android.os.MessageQueue.enqueueMessage(MessageQueue.java:543)
12-12 13:34:52.811 11215 11224 W MessageQueue: 	at android.os.Handler.enqueueMessage(Handler.java:643)
12-12 13:34:52.811 11215 11224 W MessageQueue: 	at android.os.Handler.sendMessageAtTime(Handler.java:612)
12-12 13:34:52.811 11215 11224 W MessageQueue: 	at android.os.Handler.sendMessageDelayed(Handler.java:582)
12-12 13:34:52.811 11215 11224 W MessageQueue: 	at android.os.Handler.post(Handler.java:338)
12-12 13:34:52.811 11215 11224 W MessageQueue: 	at android.os.ResultReceiver$MyResultReceiver.send(ResultReceiver.java:57)
12-12 13:34:52.811 11215 11224 W MessageQueue: 	at com.android.internal.os.IResultReceiver$Stub.onTransact(IResultReceiver.java:58)
12-12 13:34:52.811 11215 11224 W MessageQueue: 	at android.os.Binder.execTransact(Binder.java:565)
12-12 13:34:52.812 11215 11215 I art     : System.exit called, status: 0
12-12 13:34:52.812 11215 11215 I AndroidRuntime: VM exiting with result code 0.
12-12 13:34:52.815  1040  1122 I ActivityManager: Force stopping com.example.snoopy appid=11788 user=0: pkg removed
12-12 13:34:52.825  7225  7225 I GeofencerStateMachine: removeGeofences: removeRequest=RemoveGeofencingRequest[REMOVE_ALL packageName=com.example.snoopy]
12-12 13:34:52.826  9205  9205 D BluetoothMapAppObserver: onReceive
12-12 13:34:52.826  9205  9205 D BluetoothMapAppObserver: The removed package is: com.example.snoopy
12-12 13:34:52.833  1040  1413 I InputReader: Reconfiguring input devices.  changes=0x00000010
12-12 13:34:52.835 11065 11065 W ContextImpl: Calling a method in the system process without a qualified user: android.app.ContextImpl.startService:1357 android.content.ContextWrapper.startService:613 android.content.ContextWrapper.startService:613 com.android.keychain.KeyChainBroadcastReceiver.onReceive:12 android.app.ActivityThread.handleReceiver:3041 
12-12 13:34:52.873  1761  1761 D CarrierSvcBindHelper: No carrier app for: 0
12-12 13:34:52.874  1040  1101 D BluetoothManagerService: MESSAGE_USER_SWITCHED
12-12 13:34:52.874  1040  1101 D BluetoothManagerService: Retry MESSAGE_USER_SWITCHED 131
12-12 13:34:52.874  1968  1968 D RegisteredNfcFServicesCache: Service unchanged, not updating
12-12 13:34:52.881 10630 10630 W Finsky  : [1] com.google.android.finsky.application.FinskyAppImpl.bM(1132): No account configured on this device.
12-12 13:34:52.884 10630 10630 W Finsky  : [1] com.google.android.finsky.application.FinskyAppImpl.bM(1132): No account configured on this device.
12-12 13:34:52.885  2373 11232 D VoicemailCleanupService: Cleaning up data for package: com.example.snoopy
12-12 13:34:52.889 10630 10630 W Finsky  : [1] com.google.android.finsky.application.FinskyAppImpl.bM(1132): No account configured on this device.
12-12 13:34:52.902  7225 10772 E NetworkScheduler: Unrecognised action provided: android.intent.action.PACKAGE_REMOVED
12-12 13:34:52.911 10630 10715 W WearSignatureVerifier: No package com.google.android.wearable.app.cn
12-12 13:34:52.917 10630 10715 W WearSignatureVerifier: No package com.google.android.wearable.app.cn
12-12 13:34:52.923 10630 10715 W WearSignatureVerifier: No package com.google.android.wearable.app.cn
12-12 13:34:52.923  7225  7225 I WearableService: Wearable Services stopping
12-12 13:34:52.925 10630 10715 W WearSignatureVerifier: No package com.google.android.wearable.app.cn
12-12 13:34:52.925  2139 11237 I UpdateIcingCorporaServi: Updating corpora: APPS=com.example.snoopy, CONTACTS=MAYBE
12-12 13:34:52.973 11099 11109 W art     : Suspending all threads took: 31.145ms
12-12 13:34:52.979  7225  7225 I WearableService: Wearable Services not starting - Wear is not available on this device.
12-12 13:34:52.981  7299  7677 I Icing   : IndexChimeraService.getServiceInterface callingPackage=com.google.android.googlequicksearchbox componentName=null serviceId=36
12-12 13:34:52.983  7299 11027 D Wear_Controller: Received broadcast action=android.intent.action.PACKAGE_REMOVED and uri=com.example.snoopy
12-12 13:34:52.985  7299 11027 I LocationSettingsChecker: Removing dialog suppression flag for package com.example.snoopy
12-12 13:34:52.990  7299 11032 I GrowthService: Package com.example.snoopy uninstalled. Removing from storage.
12-12 13:34:52.992  7225  7243 D WearableService: onGetService - Wear is not available on this device.
12-12 13:34:52.993 10630 10630 W WearSignatureVerifier: No package com.google.android.wearable.app.cn
12-12 13:34:52.995 10630 10630 E Finsky  : [1] com.google.android.finsky.wear.bl.a(3): onConnectionFailed: ConnectionResult{statusCode=API_UNAVAILABLE, resolution=null, message=null}
12-12 13:34:52.995 10630 10630 W Finsky  : [1] com.google.android.finsky.wear.aj.run(9): Dropping command=auto_uninstall due to Gms not connected
12-12 13:34:52.997 10630 10630 W Finsky  : [1] com.google.android.finsky.wear.aj.run(9): Dropping command=send_installed_apps due to Gms not connected
12-12 13:34:52.998  7299 11033 I PeopleContactsSync: triggerPendingContactsCleanup: no accounts
12-12 13:34:53.010 11118 11239 V VZWAVSService: android.intent.action.PACKAGE_REMOVED
12-12 13:34:53.010 11118 11239 V VZWAVSService: Extra replacing: true
12-12 13:34:53.010 11118 11239 V VZWAVSService: Extra data removed: false
12-12 13:34:53.010 11118 11239 V VZWAVSService: com.example.snoopy
12-12 13:34:53.018  2139 11237 I UpdateIcingCorporaServi: UpdateCorporaTask done [took 93 ms] updated apps [took 92 ms] 
12-12 13:34:53.043  7299  7887 I Icing   : doRemovePackageData com.example.snoopy
12-12 13:34:53.057  7299  7677 I Icing   : IndexChimeraService.getServiceInterface callingPackage=com.google.android.gms componentName=AppsCorpus serviceId=36
12-12 13:34:53.058  7299  7494 I Icing   : IndexChimeraService.getServiceInterface callingPackage=com.google.android.gms componentName=AppsCorpus serviceId=32
12-12 13:34:53.073  1040  1101 D BluetoothManagerService: MESSAGE_USER_SWITCHED
12-12 13:34:53.073  1040  1101 D BluetoothManagerService: Retry MESSAGE_USER_SWITCHED 132
12-12 13:34:53.095  7299  7887 I Icing   : Usage reports ok 0, Failed Usage reports 0, indexed 0, rejected 0, imm upload true
12-12 13:34:53.111  7299  7887 I Icing   : Usage reports ok 0, Failed Usage reports 0, indexed 0, rejected 0, imm upload false
12-12 13:34:53.125  7299  7887 I Icing   : Usage reports ok 0, Failed Usage reports 0, indexed 0, rejected 0, imm upload false
12-12 13:34:53.237 11245 11245 D AndroidRuntime: >>>>>> START com.android.internal.os.RuntimeInit uid 2000 <<<<<<
12-12 13:34:53.240 11245 11245 D AndroidRuntime: CheckJNI is OFF
12-12 13:34:53.274  1040  1101 D BluetoothManagerService: MESSAGE_USER_SWITCHED
12-12 13:34:53.274  1040  1101 D BluetoothManagerService: Retry MESSAGE_USER_SWITCHED 133
12-12 13:34:53.292 11245 11245 D ICU     : No timezone override file found: /data/misc/zoneinfo/current/icu/icu_tzdata.dat
12-12 13:34:53.312 11245 11245 I Radio-JNI: register_android_hardware_Radio DONE
12-12 13:34:53.321 11245 11245 D AndroidRuntime: Calling main entry com.android.commands.pm.Pm
12-12 13:34:53.330 11245 11245 I art     : System.exit called, status: 0
12-12 13:34:53.330 11245 11245 I AndroidRuntime: VM exiting with result code 0.
12-12 13:34:53.343 11245 11257 W MessageQueue: Handler (android.os.Handler) {baee87b} sending message to a Handler on a dead thread
12-12 13:34:53.343 11245 11257 W MessageQueue: java.lang.IllegalStateException: Handler (android.os.Handler) {baee87b} sending message to a Handler on a dead thread
12-12 13:34:53.343 11245 11257 W MessageQueue: 	at android.os.MessageQueue.enqueueMessage(MessageQueue.java:543)
12-12 13:34:53.343 11245 11257 W MessageQueue: 	at android.os.Handler.enqueueMessage(Handler.java:643)
12-12 13:34:53.343 11245 11257 W MessageQueue: 	at android.os.Handler.sendMessageAtTime(Handler.java:612)
12-12 13:34:53.343 11245 11257 W MessageQueue: 	at android.os.Handler.sendMessageDelayed(Handler.java:582)
12-12 13:34:53.343 11245 11257 W MessageQueue: 	at android.os.Handler.post(Handler.java:338)
12-12 13:34:53.343 11245 11257 W MessageQueue: 	at android.os.ResultReceiver$MyResultReceiver.send(ResultReceiver.java:57)
12-12 13:34:53.343 11245 11257 W MessageQueue: 	at com.android.internal.os.IResultReceiver$Stub.onTransact(IResultReceiver.java:58)
12-12 13:34:53.343 11245 11257 W MessageQueue: 	at android.os.Binder.execTransact(Binder.java:565)
12-12 13:34:53.474  1040  1101 D BluetoothManagerService: MESSAGE_USER_SWITCHED
12-12 13:34:53.475  1040  1101 D BluetoothManagerService: Retry MESSAGE_USER_SWITCHED 134
12-12 13:34:53.676  1040  1101 D BluetoothManagerService: MESSAGE_USER_SWITCHED
12-12 13:34:53.676  1040  1101 D BluetoothManagerService: Retry MESSAGE_USER_SWITCHED 135
12-12 13:34:53.864   502   502 W libEGL  : EGLNativeWindowType 0x7dfc0d2410 disconnect failed
12-12 13:34:53.876  1040  1101 D BluetoothManagerService: MESSAGE_USER_SWITCHED
