12-12 13:34:53.877  1040  1101 D BluetoothManagerService: Retry MESSAGE_USER_SWITCHED 136
12-12 13:34:54.026  7299  7892 I Icing   : Indexing 19B341A09C5DCB327D32D999101AA2B6816F7A32 from com.google.android.googlequicksearchbox
12-12 13:34:54.077  1040  1101 D BluetoothManagerService: MESSAGE_USER_SWITCHED
12-12 13:34:54.077  1040  1101 D BluetoothManagerService: Retry MESSAGE_USER_SWITCHED 137
12-12 13:34:54.175  7299  7892 I Icing   : Indexing done 19B341A09C5DCB327D32D999101AA2B6816F7A32
12-12 13:34:54.180  7299  7892 I Icing   : Indexing 356B25A17E14ED7A34BAC151497D5366089701CB from com.google.android.gms
12-12 13:34:54.193  7299  7892 I Icing   : Indexing done 356B25A17E14ED7A34BAC151497D5366089701CB
12-12 13:34:54.278  1040  1101 D BluetoothManagerService: MESSAGE_USER_SWITCHED
12-12 13:34:54.278  1040  1101 D BluetoothManagerService: Retry MESSAGE_USER_SWITCHED 138
12-12 13:34:54.479  1040  1101 D BluetoothManagerService: MESSAGE_USER_SWITCHED
12-12 13:34:54.479  1040  1101 D BluetoothManagerService: Retry MESSAGE_USER_SWITCHED 139
12-12 13:34:54.485  6472 11266 D Aatp    : /ping
12-12 13:34:54.610  6472 11267 D Aatp    : /wifi
12-12 13:34:54.645  6472 11267 D Aatp    : sha1: b973d7ee1248400f0c6b5eeee0c9f4285dfc92af
12-12 13:34:54.646  6472 11267 D AatpDeviceManager: k: enabled v: False
12-12 13:34:54.646  6472 11267 D AatpDeviceManager: k: NanoHttpd.QUERY_STRING v: enabled=False
12-12 13:34:54.670  6472 11268 D AWSDeviceFarmAndroidLib: WifiLock: release
12-12 13:34:54.672  6472 11268 D AWSDeviceFarmAndroidLib: setWifiEnabled: setting wifi to: true
12-12 13:34:54.673  1040  2091 D WifiService: setWifiEnabled: true pid=6472, uid=11787
12-12 13:34:54.674  6472 11267 D Aatp    : /task/b973d7ee1248400f0c6b5eeee0c9f4285dfc92af
12-12 13:34:54.678  1040  1040 V NotificationService: pkg=com.amazon.aatp.aatpdevicemanager canInterrupt=false intercept=true
12-12 13:34:54.680  1040  1101 D BluetoothManagerService: MESSAGE_USER_SWITCHED
12-12 13:34:54.680  1040  1101 D BluetoothManagerService: Retry MESSAGE_USER_SWITCHED 140
12-12 13:34:54.690  6472 11268 D AWSDeviceFarmAndroidLib: setWifiEnabled: wifi is: true
12-12 13:34:54.691  6472  6472 D AatpDeviceManager: taskStatus update (b973d7ee1248400f0c6b5eeee0c9f4285dfc92af: {"state":1})
12-12 13:34:54.698  9296  9296 I wpa_supplicant: wlan0: CTRL-EVENT-DISCONNECTED bssid=74:da:38:2b:07:33 reason=3 locally_generated=1
12-12 13:34:54.704  1040  1426 D WifiStateMachine: WifiStateMachine: Leaving Connected state
12-12 13:34:54.707   638   638 W cnss-daemon: type=1400 audit(0.0:230): avc: granted { net_admin } for capability=12 scontext=u:r:cnss-daemon:s0 tcontext=u:r:cnss-daemon:s0 tclass=capability
12-12 13:34:54.707   638   638 W cnss-daemon: type=1400 audit(0.0:231): avc: granted { net_admin } for capability=12 scontext=u:r:cnss-daemon:s0 tcontext=u:r:cnss-daemon:s0 tclass=capability
12-12 13:34:54.707   638   638 W cnss-daemon: type=1400 audit(0.0:232): avc: granted { net_admin } for capability=12 scontext=u:r:cnss-daemon:s0 tcontext=u:r:cnss-daemon:s0 tclass=capability
12-12 13:34:54.707   638   638 W cnss-daemon: type=1400 audit(0.0:233): avc: granted { net_admin } for capability=12 scontext=u:r:cnss-daemon:s0 tcontext=u:r:cnss-daemon:s0 tclass=capability
12-12 13:34:54.714  9296  9296 W wpa_supplicant: nl80211: Was expecting local disconnect but got another disconnect event first
12-12 13:34:54.715  1040  1426 D WifiNative-HAL: stopRssiMonitoring, cmdId 0
12-12 13:34:54.716  1040  1427 D DhcpClient: doQuit
12-12 13:34:54.716  1040  1427 D ApfFilter: (wlan0): shutting down
12-12 13:34:54.721   632  1215 D CommandListener: Setting iface cfg
12-12 13:34:54.722  1040  1430 D ConnectivityService: NetworkAgentInfo [WIFI () - 101] EVENT_NETWORK_INFO_CHANGED, going from CONNECTED to DISCONNECTED
12-12 13:34:54.722  1040  1430 D ConnectivityService: NetworkAgentInfo [WIFI () - 101] got DISCONNECTED, was satisfying 6
12-12 13:34:54.728  7225  9399 V NativeCrypto: Read error: ssl=0x72cf101148: I/O error during system call, Software caused connection abort
12-12 13:34:54.728   632  1208 I Netd    : Destroyed 11 sockets on 192.168.1.10 in 1.9 ms
12-12 13:34:54.729  7299  8614 V NativeCrypto: Read error: ssl=0x72c4873588: I/O error during system call, Software caused connection abort
12-12 13:34:54.732  9296  9296 I wpa_supplicant: wlan0: CTRL-EVENT-REGDOM-CHANGE init=USER type=COUNTRY alpha2=US
12-12 13:34:54.736  1040  9382 D DhcpClient: Receive thread stopped
12-12 13:34:54.737  7225  7225 I GeofencerStateMachine: sendWifiConnectivityChanged: connectivity=false
12-12 13:34:54.740  1040  1426 D WifiCountryCode: Succeeded to set country code to: US
12-12 13:34:54.730  7225  9399 V NativeCrypto: SSL shutdown failed: ssl=0x72cf101148: I/O error during system call, Broken pipe
12-12 13:34:54.745  7225  9399 E GCM     : Connection closed with errorCode 20
12-12 13:34:54.751  1748  1797 W QCNEJ   : |CORE| network lost: 101
12-12 13:34:54.752  1748  1797 W QCNEJ   : |CORE| onLost: unbind the process to WIFI
12-12 13:34:54.756  1040  1426 D WifiStateMachine: Start Disconnecting Watchdog 1
12-12 13:34:54.757  1040  9380 D DhcpClient: onQuitting
12-12 13:34:54.759  1040  1426 D WifiNative-HAL: stopRssiMonitoring, cmdId 0
12-12 13:34:54.707   638   638 W cnss-daemon: type=1400 audit(0.0:234): avc: granted { net_admin } for capability=12 scontext=u:r:cnss-daemon:s0 tcontext=u:r:cnss-daemon:s0 tclass=capability
12-12 13:34:54.707   638   638 W cnss-daemon: type=1400 audit(0.0:235): avc: granted { net_admin } for capability=12 scontext=u:r:cnss-daemon:s0 tcontext=u:r:cnss-daemon:s0 tclass=capability
12-12 13:34:54.765  1040  1426 I WifiConnectivityManager: scheduleWatchdogTimer
12-12 13:34:54.769  7299  7892 V NativeCrypto: Write error: ssl=0x72c4873588: I/O error during system call, Broken pipe
12-12 13:34:54.770  7299  7892 V NativeCrypto: Write error: ssl=0x72c4873588: I/O error during system call, Broken pipe
12-12 13:34:54.770  7299  7892 W bdrj    : Failed closing connection
12-12 13:34:54.770  7299  7892 W bdrj    : javax.net.ssl.SSLException: Write error: ssl=0x72c4873588: I/O error during system call, Broken pipe
12-12 13:34:54.770  7299  7892 W bdrj    : 	at com.google.android.gms.org.conscrypt.NativeCrypto.SSL_write(Native Method)
12-12 13:34:54.770  7299  7892 W bdrj    : 	at com.google.android.gms.org.conscrypt.SslWrapper.write(:com.google.android.gms@11951440)
12-12 13:34:54.770  7299  7892 W bdrj    : 	at com.google.android.gms.org.conscrypt.ConscryptFileDescriptorSocket$SSLOutputStream.write(:com.google.android.gms@11951440:6)
12-12 13:34:54.770  7299  7892 W bdrj    : 	at bdwv.a_(:com.google.android.gms@11951440:1)
12-12 13:34:54.770  7299  7892 W bdrj    : 	at bdwe.a_(:com.google.android.gms@11951440:6)
12-12 13:34:54.770  7299  7892 W bdrj    : 	at bdwy.close(:com.google.android.gms@11951440:3)
12-12 13:34:54.770  7299  7892 W bdrj    : 	at bdsv.close(:com.google.android.gms@11951440)
12-12 13:34:54.770  7299  7892 W bdrj    : 	at bdqs.run(:com.google.android.gms@11951440:6)
12-12 13:34:54.770  7299  7892 W bdrj    : 	at io.grpc.internal.es.run(:com.google.android.gms@11951440:2)
12-12 13:34:54.770  7299  7892 W bdrj    : 	at mvc.run(:com.google.android.gms@11951440:26)
12-12 13:34:54.770  7299  7892 W bdrj    : 	at java.util.concurrent.ThreadPoolExecutor.runWorker(ThreadPoolExecutor.java:1133)
12-12 13:34:54.770  7299  7892 W bdrj    : 	at java.util.concurrent.ThreadPoolExecutor$Worker.run(ThreadPoolExecutor.java:607)
12-12 13:34:54.770  7299  7892 W bdrj    : 	at nak.run(:com.google.android.gms@11951440)
12-12 13:34:54.770  7299  7892 W bdrj    : 	at java.lang.Thread.run(Thread.java:761)
12-12 13:34:54.774  7299  8255 W io.grpc.internal.dj: [{0}] Failed to resolve name. status={1}
12-12 13:34:54.777  1040  1426 D WifiNetworkAgent: NetworkAgent: NetworkAgent channel lost
12-12 13:34:54.789  1040  1426 W WifiStateMachine: Not authorized to remove network  cnid=0 uid=11787
12-12 13:34:54.795  6472 11268 D AWSDeviceFarmAndroidLib: setWifiEnabled: setting wifi to: false
12-12 13:34:54.796  1040  2012 D WifiService: setWifiEnabled: false pid=6472, uid=11787
12-12 13:34:54.803   632  1215 V IdletimerController: runCmd(/system/bin/ip6tables -w -t raw -D idletimer_raw_PREROUTING -i wlan0 -j IDLETIMER --timeout 15 --label 1 --send_nl_msg 1) res_ipv4=0, res_ipv6=0
12-12 13:34:54.809  1040  1050 I art     : Background sticky concurrent mark sweep GC freed 61710(6MB) AllocSpace objects, 4(80KB) LOS objects, 29% free, 17MB/24MB, paused 3.126ms total 104.323ms
12-12 13:34:54.813  1040  1426 I WifiConnectivityManager: Set WiFi disabled
12-12 13:34:54.815  7225  7466 W Settings: Setting airplane_mode_on has moved from android.provider.Settings.System to android.provider.Settings.Global, returning read-only value.
12-12 13:34:54.829  7225  7466 W Settings: Setting airplane_mode_on has moved from android.provider.Settings.System to android.provider.Settings.Global, returning read-only value.
12-12 13:34:54.830   632  1215 V IdletimerController: runCmd(/system/bin/ip6tables -w -t mangle -D idletimer_mangle_POSTROUTING -o wlan0 -j IDLETIMER --timeout 15 --label 1 --send_nl_msg 1) res_ipv4=0, res_ipv6=0
12-12 13:34:54.832  1040  1430 D ConnectivityService: Sending DISCONNECTED broadcast for type 1 NetworkAgentInfo [WIFI () - 101] isDefaultNetwork=true
12-12 13:34:54.833   632  1215 D CommandListener: Clearing all IP addresses on wlan0
12-12 13:34:54.837  6472 11272 D Aatp    : /task/b973d7ee1248400f0c6b5eeee0c9f4285dfc92af/status
12-12 13:34:54.837  7299  7299 I CmaSystemUpdateService: connectivity change: Intent { act=android.net.conn.CONNECTIVITY_CHANGE flg=0x4000010 (has extras) }
12-12 13:34:54.837  7299  7299 I CmaSystemUpdateService: receiver: Intent { act=android.net.conn.CONNECTIVITY_CHANGE flg=0x4000010 (has extras) }
12-12 13:34:54.841  2633  2656 D RcsStack: a: processConnectivityIntent(): mNetworkInfo=[type: WIFI[], state: DISCONNECTED/DISCONNECTED, reason: (unspecified), extra: (none), failover: false, available: true, roaming: false, metered: false] isConnected=false mState=DISCONNECTED
12-12 13:34:54.842 10630 10630 W Finsky  : [1] com.google.android.finsky.application.FinskyAppImpl.bM(1132): No account configured on this device.
12-12 13:34:54.854  7299  7299 I iu.Environment: update connectivity state; isNetworkMetered? false, isRoaming? false, isBackgroundDataAllowed? false*
12-12 13:34:54.857  7299  8929 I iu.UploadsManager: num queued entries: 0
12-12 13:34:54.857  7299  8929 I iu.UploadsManager: num updated entries: 0
12-12 13:34:54.858  7299  8929 I iu.SyncManager: NEXT; no task
12-12 13:34:54.866  1040  1104 D LuxLevels: bright hysteresis constant= 0.1, threshold=17.107613, lux=15.552375
12-12 13:34:54.866  1040  1104 D LuxLevels: dark hysteresis constant= 0.2, threshold=12.4419, lux=15.552375
12-12 13:34:54.872   632  1215 E Netd    : netlink response contains error (No such file or directory)
12-12 13:34:54.879  1040  1101 D BluetoothManagerService: MESSAGE_USER_SWITCHED
12-12 13:34:54.879  1040  1101 D BluetoothManagerService: Retry MESSAGE_USER_SWITCHED 141
12-12 13:34:55.080  1040  1101 D BluetoothManagerService: MESSAGE_USER_SWITCHED
12-12 13:34:55.080  1040  1101 D BluetoothManagerService: Retry MESSAGE_USER_SWITCHED 142
12-12 13:34:55.281  1040  1101 D BluetoothManagerService: MESSAGE_USER_SWITCHED
12-12 13:34:55.281  1040  1101 D BluetoothManagerService: Retry MESSAGE_USER_SWITCHED 143
12-12 13:34:55.482  1040  1101 D BluetoothManagerService: MESSAGE_USER_SWITCHED
12-12 13:34:55.482  1040  1101 D BluetoothManagerService: Retry MESSAGE_USER_SWITCHED 144
12-12 13:34:55.682  1040  1101 D BluetoothManagerService: MESSAGE_USER_SWITCHED
12-12 13:34:55.682  1040  1101 D BluetoothManagerService: Retry MESSAGE_USER_SWITCHED 145
12-12 13:34:55.801  6472 11268 D AWSDeviceFarmAndroidLib: setWifiEnabled: wifi is: false
12-12 13:34:55.805  6472  6472 D AatpDeviceManager: taskStatus update (b973d7ee1248400f0c6b5eeee0c9f4285dfc92af: {"result":"Wifi enabled: false","state":2})
12-12 13:34:55.818  1040  1104 D LuxLevels: bright hysteresis constant= 0.1, threshold=13.004342, lux=11.822129
12-12 13:34:55.819  1040  1104 D LuxLevels: dark hysteresis constant= 0.2, threshold=9.457704, lux=11.822129
12-12 13:34:55.882  1040  1101 D BluetoothManagerService: MESSAGE_USER_SWITCHED
12-12 13:34:55.882  1040  1101 D BluetoothManagerService: Retry MESSAGE_USER_SWITCHED 146
12-12 13:34:55.905  6472 11281 D Aatp    : /task/b973d7ee1248400f0c6b5eeee0c9f4285dfc92af/status
12-12 13:34:56.045  6472 11282 D Aatp    : /bluetooth
12-12 13:34:56.067  6472 11282 D Aatp    : sha1: 16dd1b7dee38a9f226bd9b69faf46df4ca38baa6
12-12 13:34:56.073  6472 11282 D AatpDeviceManager: k: enabled v: False
12-12 13:34:56.073  6472 11282 D AatpDeviceManager: k: NanoHttpd.QUERY_STRING v: enabled=False
12-12 13:34:56.082  1040  1101 D BluetoothManagerService: MESSAGE_USER_SWITCHED
12-12 13:34:56.082  1040  1101 D BluetoothManagerService: Retry MESSAGE_USER_SWITCHED 147
12-12 13:34:56.100  6472 11282 D Aatp    : /task/16dd1b7dee38a9f226bd9b69faf46df4ca38baa6
12-12 13:34:56.121  1040  1040 V NotificationService: pkg=com.amazon.aatp.aatpdevicemanager canInterrupt=false intercept=true
12-12 13:34:56.125  6472 11283 D AWSDeviceFarmAndroidLib: setEnabled: enabled: false
12-12 13:34:56.129  6472 11283 D AWSDeviceFarmAndroidLib: setEnabled: setting bluetooth to: false
12-12 13:34:56.134  1040  2116 D BluetoothManagerService: disable(): mBluetooth = android.bluetooth.IBluetooth$Stub$Proxy@2dcefe2 mBinding = false
12-12 13:34:56.134  1040  2116 D BluetoothManagerService: Persisting Bluetooth Setting: 0
12-12 13:34:56.135  1040  1101 D BluetoothManagerService: MESSAGE_DISABLE: mBluetooth = android.bluetooth.IBluetooth$Stub$Proxy@2dcefe2
12-12 13:34:56.135  1040  1101 D BluetoothManagerService: Sending off request.
12-12 13:34:56.137  9205  9217 D BluetoothAdapterService: disable() called...
12-12 13:34:56.138  9205  9221 D BluetoothAdapterState: Current state: ON, message: 23
12-12 13:34:56.138  9205  9221 D BluetoothAdapterProperties: Setting state to 13
12-12 13:34:56.138  9205  9221 I BluetoothAdapterState: Bluetooth adapter state changed: 12-> 13
12-12 13:34:56.138  9205  9221 D BluetoothAdapterService: updateAdapterState() - Broadcasting state to 1 receivers.
12-12 13:34:56.139  1040  1101 D BluetoothManagerService: MESSAGE_BLUETOOTH_STATE_CHANGE: ON > TURNING_OFF
12-12 13:34:56.139  9205  9221 D BluetoothAdapterProperties: onBluetoothDisable()
12-12 13:34:56.139  1040  1101 D BluetoothManagerService: Sending BLE State Change: ON > TURNING_OFF
12-12 13:34:56.151  9245  9246 I WCNSS_FILTER: ibs_msm_serial_clock_vote: vote UART CLK ON using UART driver's ioctl()
12-12 13:34:56.164  6472 11283 D AWSDeviceFarmAndroidLib: setEnabled: bt is: false
12-12 13:34:56.166  9205  9205 D BluetoothMapService: onReceive
12-12 13:34:56.166  9205  9205 D BluetoothMapService: onReceive: android.bluetooth.adapter.action.STATE_CHANGED
12-12 13:34:56.166  9205  9205 D BluetoothMapService: STATE_TURNING_OFF
12-12 13:34:56.166  9205  9205 E BluetoothMapService: mSessionStatusHandler.sendMessage() dispatched shutdown message
12-12 13:34:56.166  9205  9221 I BluetoothAdapterState: Entering PendingCommandState
12-12 13:34:56.166  9205  9319 D BluetoothMapService: MAP Service closeService in
12-12 13:34:56.167  9205  9319 D BluetoothMapMasInstance0: MAP Service shutdown
12-12 13:34:56.167  9205  9319 D BluetoothSdpJni: sdpRemoveSdpRecordNative:
12-12 13:34:56.167  9205  9319 D BluetoothSdpJni: SDP Remove record success - handle: 1
12-12 13:34:56.167  9205  9319 D BluetoothMapMasInstance0: RemoveSDPrecord returns true
12-12 13:34:56.167  9205  9319 D ObexServerSockets0: shutdown(block = true)
12-12 13:34:56.168  9205  9319 D ObexServerSockets0: shutdown called from another thread - interrupt().
12-12 13:34:56.168  9205  9319 D ObexServerSockets0: shutdown called from another thread - interrupt().
12-12 13:34:56.168  9205  9255 E bt_btif : SOCK_LIST: free(id = 1) - NO app_fd!
12-12 13:34:56.168  9205  9336 D ObexServerSockets0: AcceptThread ended for: ServerSocket: Type: TYPE_RFCOMM Channel: 4
12-12 13:34:56.169  9205  9205 D BluetoothSdpJni: sdpRemoveSdpRecordNative:
12-12 13:34:56.170  9205  9205 D BluetoothSdpJni: SDP Remove record success - handle: 0
12-12 13:34:56.171  9205  9337 D ObexServerSockets0: AcceptThread ended for: ServerSocket: Type: TYPE_L2CAP Channel: 4097
12-12 13:34:56.174  9205  9205 I BtOppRfcommListener: stopping Accept Thread
12-12 13:34:56.175  9205  9338 E BtOppRfcommListener: Error accept connection java.io.IOException: read failed, socket might closed or timeout, read ret: -1
12-12 13:34:56.175  9205  9227 D BluetoothAdapterProperties: Scan Mode:20
12-12 13:34:56.176  9205  9221 D BluetoothAdapterState: Current state: PENDING_COMMAND, message: 21
12-12 13:34:56.176  9205  9338 I BtOppRfcommListener: BluetoothSocket listen thread finished
12-12 13:34:56.176  9205  9221 D BluetoothAdapterService: setProfileServiceState() - Stopping service com.android.bluetooth.hfp.HeadsetService
12-12 13:34:56.178  9205  9221 D BluetoothAdapterService: setProfileServiceState() - Stopping service com.android.bluetooth.a2dp.A2dpService
12-12 13:34:56.180  6472  6472 D AatpDeviceManager: taskStatus update (16dd1b7dee38a9f226bd9b69faf46df4ca38baa6: {"state":1})
12-12 13:34:56.180  6472  6472 D AatpDeviceManager: taskStatus update (16dd1b7dee38a9f226bd9b69faf46df4ca38baa6: {"result":"Bluetooth enabled: false","state":2})
12-12 13:34:56.183  9205  9221 D BluetoothAdapterService: setProfileServiceState() - Stopping service com.android.bluetooth.hid.HidService
12-12 13:34:56.185  9205  9221 D BluetoothAdapterService: setProfileServiceState() - Stopping service com.android.bluetooth.hdp.HealthService
12-12 13:34:56.186  9205  9221 D BluetoothAdapterService: setProfileServiceState() - Stopping service com.android.bluetooth.pan.PanService
12-12 13:34:56.192  9205  9205 D BluetoothPbapReceiver: PbapReceiver onReceive action = android.bluetooth.adapter.action.STATE_CHANGED
12-12 13:34:56.192  9205  9205 D BluetoothPbapReceiver: state = 13
12-12 13:34:56.192  9205  9205 D BluetoothPbapReceiver: Calling start service with action = null
12-12 13:34:56.195  9205  9205 D BluetoothAdapterService: getAdapterService() - returning com.android.bluetooth.btservice.AdapterService@9d9fcb8
12-12 13:34:56.196  9205  9221 D BluetoothAdapterService: setProfileServiceState() - Stopping service com.android.bluetooth.map.BluetoothMapService
12-12 13:34:56.198  9205  9221 D BluetoothAdapterService: setProfileServiceState() - Stopping service com.android.bluetooth.sap.SapService
12-12 13:34:56.211  9205  9205 D HeadsetService: Received stop request...Stopping profile...
12-12 13:34:56.215  9205  9205 D BluetoothAdapterService: getAdapterService() - returning com.android.bluetooth.btservice.AdapterService@9d9fcb8
12-12 13:34:56.216  9205  9205 D BluetoothAdapterService: getAdapterService() - returning com.android.bluetooth.btservice.AdapterService@9d9fcb8
12-12 13:34:56.217  9205  9205 D A2dpService: Received stop request...Stopping profile...
12-12 13:34:56.219  9205  9205 D BluetoothAdapterService: getAdapterService() - returning com.android.bluetooth.btservice.AdapterService@9d9fcb8
12-12 13:34:56.219  9205  9314 D A2dpStateMachine: Exit Disconnected: -1
12-12 13:34:56.221  1040  1040 D BluetoothA2dp: Proxy object disconnected
12-12 13:34:56.222  9205  9205 D BluetoothAdapterService: getAdapterService() - returning com.android.bluetooth.btservice.AdapterService@9d9fcb8
12-12 13:34:56.222  9205  9205 D HidService: Received stop request...Stopping profile...
12-12 13:34:56.222  9205  9205 D HidService: Stopping Bluetooth HidService
12-12 13:34:56.223  9205  9205 D BluetoothAdapterService: getAdapterService() - returning com.android.bluetooth.btservice.AdapterService@9d9fcb8
12-12 13:34:56.226 10694 10694 W ContextImpl: Calling a method in the system process without a qualified user: android.app.ContextImpl.startService:1357 android.content.ContextWrapper.startService:613 android.content.ContextWrapper.startService:613 com.android.settings.bluetooth.DockEventReceiver.beginStartingService:134 com.android.settings.bluetooth.DockEventReceiver.onReceive:115 
12-12 13:34:56.232  9205  9205 D BluetoothAdapterService: getAdapterService() - returning com.android.bluetooth.btservice.AdapterService@9d9fcb8
12-12 13:34:56.232  9205  9205 D HealthService: Received stop request...Stopping profile...
12-12 13:34:56.233  9205  9205 D BluetoothAdapterService: getAdapterService() - returning com.android.bluetooth.btservice.AdapterService@9d9fcb8
12-12 13:34:56.234  9205  9205 D BluetoothAdapterService: getAdapterService() - returning com.android.bluetooth.btservice.AdapterService@9d9fcb8
12-12 13:34:56.235  9205  9205 D PanService: Received stop request...Stopping profile...
12-12 13:34:56.235  9205  9205 D BluetoothAdapterService: getAdapterService() - returning com.android.bluetooth.btservice.AdapterService@9d9fcb8
12-12 13:34:56.244  6472 11285 D Aatp    : /task/16dd1b7dee38a9f226bd9b69faf46df4ca38baa6/status
12-12 13:34:56.246  9205  9205 D BluetoothAdapterService: getAdapterService() - returning com.android.bluetooth.btservice.AdapterService@9d9fcb8
12-12 13:34:56.247  9205  9205 D BluetoothMapService: Received stop request...Stopping profile...
12-12 13:34:56.247  9205  9205 D BluetoothMapService: stop()
12-12 13:34:56.248  9205  9205 D BluetoothMapAppObserver: deinitObservers()
12-12 13:34:56.248  9205  9205 D BluetoothMapAppObserver: removeReceiver()
12-12 13:34:56.248  9205  9205 D BluetoothAdapterService: getAdapterService() - returning com.android.bluetooth.btservice.AdapterService@9d9fcb8
12-12 13:34:56.251  9205  9205 D BluetoothAdapterService: getAdapterService() - returning com.android.bluetooth.btservice.AdapterService@9d9fcb8
12-12 13:34:56.252  9205  9205 D SapService: Received stop request...Stopping profile...
12-12 13:34:56.252  9205  9205 V SapService: stop()
12-12 13:34:56.253  9205  9205 D BluetoothAdapterService: getAdapterService() - returning com.android.bluetooth.btservice.AdapterService@9d9fcb8
12-12 13:34:56.255  1500  1500 D BluetoothA2dp: Proxy object disconnected
12-12 13:34:56.255  1500  1500 D BluetoothInputDevice: Proxy object disconnected
12-12 13:34:56.255  1500  1500 D HidProfile: Bluetooth service disconnected
12-12 13:34:56.255  1500  1500 D BluetoothPan: BluetoothPAN Proxy object disconnected
12-12 13:34:56.255  1500  1500 D PanProfile: Bluetooth service disconnected
12-12 13:34:56.256  1500  1500 D BluetoothPbap: Proxy object disconnected
12-12 13:34:56.256  1500  1500 D PbapServerProfile: Bluetooth service disconnected
12-12 13:34:56.256  1500  1500 D BluetoothMap: Proxy object disconnected
12-12 13:34:56.256  1500  1500 D MapProfile: Bluetooth service disconnected
12-12 13:34:56.257  9205  9205 D BluetoothAdapterService: handleMessage() - Message: 1
12-12 13:34:56.257  9205  9205 D BluetoothAdapterService: handleMessage() - MESSAGE_PROFILE_SERVICE_STATE_CHANGED
12-12 13:34:56.258  9205  9205 D BluetoothAdapterService: processProfileServiceStateChanged() serviceName=com.android.bluetooth.hfp.HeadsetService, state=10, doUpdate=true
12-12 13:34:56.258  9205  9205 V BluetoothAdapterState: isTurningOff()=true
12-12 13:34:56.258  9205  9205 V BluetoothAdapterState: isTurningOn()=false
12-12 13:34:56.258  9205  9205 V BluetoothAdapterState: isBleTurningOn()=false
12-12 13:34:56.258  9205  9205 V BluetoothAdapterState: isBleTurningOff()=false
12-12 13:34:56.258  9205  9205 D BluetoothAdapterService: processProfileServiceStateChanged() - serviceName=com.android.bluetooth.hfp.HeadsetService isTurningOn=false isTurningOff=true isBleTurningOn=false isBleTurningOff=false
12-12 13:34:56.258  9205  9205 D BluetoothAdapterService: Service: com.android.bluetooth.hid.HidService
12-12 13:34:56.258  9205  9205 D BluetoothAdapterService: onProfileServiceStateChange() - Profile still running: com.android.bluetooth.hid.HidService
12-12 13:34:56.258  9205  9205 D BluetoothAdapterService: getAdapterService() - returning com.android.bluetooth.btservice.AdapterService@9d9fcb8
12-12 13:34:56.261  9205  9205 W BluetoothHeadsetServiceJni: Cleaning up Bluetooth Handsfree Interface...
12-12 13:34:56.261  9205  9205 W BluetoothHeadsetServiceJni: Cleaning up Bluetooth Handsfree callback object
12-12 13:34:56.262  9205  9205 D BluetoothAdapterService: handleMessage() - Message: 1
12-12 13:34:56.262  9205  9205 D BluetoothAdapterService: handleMessage() - MESSAGE_PROFILE_SERVICE_STATE_CHANGED
12-12 13:34:56.262  9205  9205 D BluetoothAdapterService: processProfileServiceStateChanged() serviceName=com.android.bluetooth.a2dp.A2dpService, state=10, doUpdate=true
12-12 13:34:56.262  9205  9205 V BluetoothAdapterState: isTurningOff()=true
12-12 13:34:56.262  9205  9205 V BluetoothAdapterState: isTurningOn()=false
12-12 13:34:56.262  9205  9205 V BluetoothAdapterState: isBleTurningOn()=false
12-12 13:34:56.262  9205  9205 V BluetoothAdapterState: isBleTurningOff()=false
12-12 13:34:56.262  9205  9205 D BluetoothAdapterService: processProfileServiceStateChanged() - serviceName=com.android.bluetooth.a2dp.A2dpService isTurningOn=false isTurningOff=true isBleTurningOn=false isBleTurningOff=false
12-12 13:34:56.262  9205  9205 D BluetoothAdapterService: Service: com.android.bluetooth.hid.HidService
12-12 13:34:56.262  9205  9205 D BluetoothAdapterService: onProfileServiceStateChange() - Profile still running: com.android.bluetooth.hid.HidService
12-12 13:34:56.262  9205  9205 D BluetoothAdapterService: getAdapterService() - returning com.android.bluetooth.btservice.AdapterService@9d9fcb8
12-12 13:34:56.263  9205  9205 D BluetoothAdapterService: handleMessage() - Message: 1
12-12 13:34:56.263  9205  9205 D BluetoothAdapterService: handleMessage() - MESSAGE_PROFILE_SERVICE_STATE_CHANGED
12-12 13:34:56.263  9205  9205 D BluetoothAdapterService: processProfileServiceStateChanged() serviceName=com.android.bluetooth.hid.HidService, state=10, doUpdate=true
12-12 13:34:56.263  9205  9205 V BluetoothAdapterState: isTurningOff()=true
12-12 13:34:56.263  9205  9205 V BluetoothAdapterState: isTurningOn()=false
12-12 13:34:56.263  9205  9205 V BluetoothAdapterState: isBleTurningOn()=false
12-12 13:34:56.263  9205  9205 V BluetoothAdapterState: isBleTurningOff()=false
12-12 13:34:56.263  9205  9205 D BluetoothAdapterService: processProfileServiceStateChanged() - serviceName=com.android.bluetooth.hid.HidService isTurningOn=false isTurningOff=true isBleTurningOn=false isBleTurningOff=false
12-12 13:34:56.263  9205  9205 D BluetoothAdapterService: Service: com.android.bluetooth.hid.HidService
12-12 13:34:56.263  9205  9205 D BluetoothAdapterService: Service: com.android.bluetooth.hfp.HeadsetService
12-12 13:34:56.263  9205  9205 D BluetoothAdapterService: Service: com.android.bluetooth.gatt.GattService
12-12 13:34:56.263  9205  9205 D BluetoothAdapterService: Skip GATT service - already started before
12-12 13:34:56.263  9205  9205 D BluetoothAdapterService: Service: com.android.bluetooth.map.BluetoothMapService
12-12 13:34:56.263  9205  9205 D BluetoothAdapterService: onProfileServiceStateChange() - Profile still running: com.android.bluetooth.map.BluetoothMapService
12-12 13:34:56.263  9205  9227 I bt_btif_storage: btif_storage_get_adapter_property service_mask:0x20100000
12-12 13:34:56.263  9205  9205 D BluetoothAdapterService: getAdapterService() - returning com.android.bluetooth.btservice.AdapterService@9d9fcb8
12-12 13:34:56.263  9205  9205 W BluetoothHidServiceJni: Cleaning up Bluetooth HID Interface...
12-12 13:34:56.263  9205  9205 W BluetoothHidServiceJni: Cleaning up Bluetooth GID callback object
12-12 13:34:56.264  9205  9315 W bt_osi_thread: run_thread: thread id 9315, thread name media_worker exited
12-12 13:34:56.264  9205  9205 D BluetoothAdapterService: handleMessage() - Message: 1
12-12 13:34:56.264  9205  9205 D BluetoothAdapterService: handleMessage() - MESSAGE_PROFILE_SERVICE_STATE_CHANGED
12-12 13:34:56.264  9205  9205 D BluetoothAdapterService: processProfileServiceStateChanged() serviceName=com.android.bluetooth.hdp.HealthService, state=10, doUpdate=true
12-12 13:34:56.264  9205  9205 V BluetoothAdapterState: isTurningOff()=true
12-12 13:34:56.264  9205  9205 V BluetoothAdapterState: isTurningOn()=false
12-12 13:34:56.264  9205  9205 V BluetoothAdapterState: isBleTurningOn()=false
12-12 13:34:56.264  9205  9205 V BluetoothAdapterState: isBleTurningOff()=false
12-12 13:34:56.264  9205  9205 D BluetoothAdapterService: processProfileServiceStateChanged() - serviceName=com.android.bluetooth.hdp.HealthService isTurningOn=false isTurningOff=true isBleTurningOn=false isBleTurningOff=false
12-12 13:34:56.264  9205  9205 D BluetoothAdapterService: Service: com.android.bluetooth.hid.HidService
12-12 13:34:56.264  9205  9205 D BluetoothAdapterService: Service: com.android.bluetooth.hfp.HeadsetService
12-12 13:34:56.264  9205  9205 D BluetoothAdapterService: Service: com.android.bluetooth.gatt.GattService
12-12 13:34:56.264  9205  9205 D BluetoothAdapterService: Skip GATT service - already started before
12-12 13:34:56.264  9205  9205 D BluetoothAdapterService: Service: com.android.bluetooth.map.BluetoothMapService
12-12 13:34:56.264  9205  9205 D BluetoothAdapterService: onProfileServiceStateChange() - Profile still running: com.android.bluetooth.map.BluetoothMapService
12-12 13:34:56.264  9205  9205 D BluetoothAdapterService: getAdapterService() - returning com.android.bluetooth.btservice.AdapterService@9d9fcb8
12-12 13:34:56.264  9205  9205 W BluetoothHealthServiceJni: Cleaning up Bluetooth Health Interface...
12-12 13:34:56.265  9205  9205 W BluetoothHealthServiceJni: Cleaning up Bluetooth Health object
12-12 13:34:56.265  9205  9205 D BluetoothAdapterService: handleMessage() - Message: 1
12-12 13:34:56.265  9205  9205 D BluetoothAdapterService: handleMessage() - MESSAGE_PROFILE_SERVICE_STATE_CHANGED
12-12 13:34:56.265  9205  9205 D BluetoothAdapterService: processProfileServiceStateChanged() serviceName=com.android.bluetooth.pan.PanService, state=10, doUpdate=true
12-12 13:34:56.265  9205  9205 V BluetoothAdapterState: isTurningOff()=true
12-12 13:34:56.265  9205  9205 V BluetoothAdapterState: isTurningOn()=false
12-12 13:34:56.265  9205  9205 V BluetoothAdapterState: isBleTurningOn()=false
12-12 13:34:56.265  9205  9205 V BluetoothAdapterState: isBleTurningOff()=false
12-12 13:34:56.265  9205  9205 D BluetoothAdapterService: processProfileServiceStateChanged() - serviceName=com.android.bluetooth.pan.PanService isTurningOn=false isTurningOff=true isBleTurningOn=false isBleTurningOff=false
12-12 13:34:56.265  9205  9205 D BluetoothAdapterService: Service: com.android.bluetooth.hid.HidService
12-12 13:34:56.265  9205  9205 D BluetoothAdapterService: Service: com.android.bluetooth.hfp.HeadsetService
12-12 13:34:56.265  9205  9205 D BluetoothAdapterService: Service: com.android.bluetooth.gatt.GattService
12-12 13:34:56.265  9205  9205 D BluetoothAdapterService: Skip GATT service - already started before
12-12 13:34:56.265  9205  9205 D BluetoothAdapterService: Service: com.android.bluetooth.map.BluetoothMapService
12-12 13:34:56.265  9205  9205 D BluetoothAdapterService: onProfileServiceStateChange() - Profile still running: com.android.bluetooth.map.BluetoothMapService
12-12 13:34:56.266  9205  9205 D BluetoothAdapterService: getAdapterService() - returning com.android.bluetooth.btservice.AdapterService@9d9fcb8
12-12 13:34:56.266  9205  9205 W BluetoothPanServiceJni: Cleaning up Bluetooth PAN Interface...
12-12 13:34:56.266  9205  9205 W BluetoothPanServiceJni: Cleaning up Bluetooth PAN callback object
12-12 13:34:56.267  9205  9205 D BluetoothAdapterService: handleMessage() - Message: 1
12-12 13:34:56.267  9205  9205 D BluetoothAdapterService: handleMessage() - MESSAGE_PROFILE_SERVICE_STATE_CHANGED
12-12 13:34:56.267  9205  9205 D BluetoothAdapterService: processProfileServiceStateChanged() serviceName=com.android.bluetooth.map.BluetoothMapService, state=10, doUpdate=true
12-12 13:34:56.267  9205  9205 V BluetoothAdapterState: isTurningOff()=true
12-12 13:34:56.267  9205  9205 V BluetoothAdapterState: isTurningOn()=false
12-12 13:34:56.267  9205  9205 V BluetoothAdapterState: isBleTurningOn()=false
12-12 13:34:56.267  9205  9205 V BluetoothAdapterState: isBleTurningOff()=false
12-12 13:34:56.267  9205  9205 D BluetoothAdapterService: processProfileServiceStateChanged() - serviceName=com.android.bluetooth.map.BluetoothMapService isTurningOn=false isTurningOff=true isBleTurningOn=false isBleTurningOff=false
12-12 13:34:56.267  9205  9205 D BluetoothAdapterService: Service: com.android.bluetooth.hid.HidService
12-12 13:34:56.267  9205  9205 D BluetoothAdapterService: Service: com.android.bluetooth.hfp.HeadsetService
12-12 13:34:56.267  9205  9205 D BluetoothAdapterService: Service: com.android.bluetooth.gatt.GattService
12-12 13:34:56.267  9205  9205 D BluetoothAdapterService: Skip GATT service - already started before
12-12 13:34:56.267  9205  9205 D BluetoothAdapterService: Service: com.android.bluetooth.map.BluetoothMapService
12-12 13:34:56.267  9205  9205 D BluetoothAdapterService: Service: com.android.bluetooth.sap.SapService
12-12 13:34:56.267  9205  9205 D BluetoothAdapterService: onProfileServiceStateChange() - Profile still running: com.android.bluetooth.sap.SapService
12-12 13:34:56.268  9205  9205 D BluetoothAdapterService: getAdapterService() - returning com.android.bluetooth.btservice.AdapterService@9d9fcb8
12-12 13:34:56.268  9205  9205 D BluetoothMapService: cleanup()
12-12 13:34:56.268  9205  9205 D BluetoothAdapterService: handleMessage() - Message: 1
12-12 13:34:56.268  9205  9205 D BluetoothAdapterService: handleMessage() - MESSAGE_PROFILE_SERVICE_STATE_CHANGED
12-12 13:34:56.268  9205  9205 D BluetoothAdapterService: processProfileServiceStateChanged() serviceName=com.android.bluetooth.sap.SapService, state=10, doUpdate=true
12-12 13:34:56.268  9205  9205 V BluetoothAdapterState: isTurningOff()=true
12-12 13:34:56.268  9205  9205 V BluetoothAdapterState: isTurningOn()=false
12-12 13:34:56.268  9205  9205 V BluetoothAdapterState: isBleTurningOn()=false
12-12 13:34:56.268  9205  9205 V BluetoothAdapterState: isBleTurningOff()=false
12-12 13:34:56.268  9205  9205 D BluetoothAdapterService: processProfileServiceStateChanged() - serviceName=com.android.bluetooth.sap.SapService isTurningOn=false isTurningOff=true isBleTurningOn=false isBleTurningOff=false
12-12 13:34:56.268  9205  9205 D BluetoothAdapterService: Service: com.android.bluetooth.hid.HidService
12-12 13:34:56.268  9205  9205 D BluetoothAdapterService: Service: com.android.bluetooth.hfp.HeadsetService
12-12 13:34:56.268  9205  9205 D BluetoothAdapterService: Service: com.android.bluetooth.gatt.GattService
12-12 13:34:56.268  9205  9205 D BluetoothAdapterService: Skip GATT service - already started before
12-12 13:34:56.268  9205  9205 D BluetoothAdapterService: Service: com.android.bluetooth.map.BluetoothMapService
12-12 13:34:56.268  9205  9205 D BluetoothAdapterService: Service: com.android.bluetooth.sap.SapService
12-12 13:34:56.268  9205  9205 D BluetoothAdapterService: Service: com.android.bluetooth.hdp.HealthService
12-12 13:34:56.268  9205  9205 D BluetoothAdapterService: Service: com.android.bluetooth.pan.PanService
12-12 13:34:56.269  9205  9205 D BluetoothAdapterService: Service: com.android.bluetooth.a2dp.A2dpService
12-12 13:34:56.269  9205  9205 D BluetoothAdapterService: onProfileServiceStateChange() - All profile services stopped...
12-12 13:34:56.276  9205  9251 W bt_l2cap: L2CAP - PSM: 0x0019 not found for deregistration
12-12 13:34:56.276  9205  9251 W bt_l2cap: L2CAP - PSM: 0x0017 not found for deregistration
12-12 13:34:56.276  9205  9251 W bt_l2cap: L2CAP - PSM: 0x0019 not found for deregistration
12-12 13:34:56.276  9205  9251 W bt_l2cap: L2CAP - PSM: 0x0017 not found for deregistration
12-12 13:34:56.276  9205  9227 I bt_btif_storage: btif_storage_get_adapter_property service_mask:0x20000000
12-12 13:34:56.276  9205  9227 E bt_btif : btif_hf_upstreams_evt: Invalid index 29793
12-12 13:34:56.276  9205  9227 I bt_btif_storage: btif_storage_get_adapter_property service_mask:0x20000000
12-12 13:34:56.276  9205  9227 E bt_btif : btif_in_execute_service_request: Unknown service 27 being disabled
12-12 13:34:56.277 10694 10694 D LocalBluetoothProfileManager: Adding local MAP profile
12-12 13:34:56.277  9205  9221 D BluetoothAdapterState: Current state: PENDING_COMMAND, message: 26
12-12 13:34:56.277  9205  9205 D BluetoothAdapterService: getAdapterService() - returning com.android.bluetooth.btservice.AdapterService@9d9fcb8
12-12 13:34:56.278  9205  9221 D BluetoothAdapterProperties: Setting state to 15
12-12 13:34:56.278  9205  9221 I BluetoothAdapterState: Bluetooth adapter state changed: 13-> 15
12-12 13:34:56.278  9205  9221 D BluetoothAdapterService: updateAdapterState() - Broadcasting state to 1 receivers.
12-12 13:34:56.278  1040  1101 D BluetoothManagerService: MESSAGE_BLUETOOTH_STATE_CHANGE: TURNING_OFF > BLE_ON
12-12 13:34:56.278  1040  1101 D BluetoothManagerService: Intermediate off, back to LE only mode
12-12 13:34:56.278  1040  1101 D BluetoothManagerService: Sending BLE State Change: TURNING_OFF > BLE_ON
12-12 13:34:56.279 10694 10694 D BluetoothMap: Create BluetoothMap proxy object
12-12 13:34:56.280  9205  9221 I BluetoothAdapterState: Entering BleOnState
12-12 13:34:56.280  1040  1101 D BluetoothManagerService: Broadcasting onBluetoothStateChange(false) to 13 receivers.
12-12 13:34:56.280  1500  9199 D BluetoothPbap: onBluetoothStateChange: up=false
12-12 13:34:56.281 10694 10708 D BluetoothInputDevice: onBluetoothStateChange: up=false
12-12 13:34:56.282  1500  1532 D BluetoothPan: onBluetoothStateChange on: false
12-12 13:34:56.283  1500  1681 D BluetoothHeadset: onBluetoothStateChange: up=false
12-12 13:34:56.283  1500  1527 D BluetoothMap: onBluetoothStateChange: up=false
12-12 13:34:56.287  7225  9326 I BeaconBle: Nearby requested to stop scan
12-12 13:34:56.288  1040  1101 D BluetoothHeadset: onBluetoothStateChange: up=false
12-12 13:34:56.288  1040  1101 D BluetoothHeadset: onBluetoothStateChange: up=false
12-12 13:34:56.288  1761  1866 D BluetoothHeadset: onBluetoothStateChange: up=false
12-12 13:34:56.288 10694 10710 D BluetoothPan: onBluetoothStateChange on: false
12-12 13:34:56.289  1040  1101 D BluetoothA2dp: onBluetoothStateChange: up=false
12-12 13:34:56.290  1500  9199 D BluetoothA2dp: onBluetoothStateChange: up=false
12-12 13:34:56.290  1040  1101 D BluetoothHeadset: onBluetoothStateChange: up=false
12-12 13:34:56.290  1500  1532 D BluetoothInputDevice: onBluetoothStateChange: up=false
12-12 13:34:56.291  1040  1101 D BluetoothManagerService: Calling sendBrEdrDownCallback callbacks
12-12 13:34:56.291  1040  1101 D BluetoothManagerService: isBleAppPresent() count: 0
12-12 13:34:56.291  9205  9221 D BluetoothAdapterState: Current state: BLE ON, message: 20
12-12 13:34:56.290  7225  9326 I BeaconBle: Scan canceled successfully.
12-12 13:34:56.291  9205  9221 D BluetoothAdapterProperties: Setting state to 16
12-12 13:34:56.292  9205  9221 I BluetoothAdapterState: Bluetooth adapter state changed: 15-> 16
12-12 13:34:56.292  9205  9221 D BluetoothAdapterService: updateAdapterState() - Broadcasting state to 1 receivers.
12-12 13:34:56.292  9205  9221 D BluetoothAdapterProperties: onBleDisable
12-12 13:34:56.292  9205  9221 I BluetoothAdapterState: Entering PendingCommandState
12-12 13:34:56.293  9205  9222 I bt_stack_manager: event_shut_down_stack is bringing down the stack
12-12 13:34:56.294  9205  9256 W bt_osi_thread: run_thread: thread id 9256, thread name btif_sock exited
12-12 13:34:56.294  1040  1101 D BluetoothManagerService: MESSAGE_USER_SWITCHED
12-12 13:34:56.294  1040  1101 D BluetoothManagerService: Retry MESSAGE_USER_SWITCHED 148
12-12 13:34:56.294  1040  1101 D BluetoothManagerService: MESSAGE_BLUETOOTH_STATE_CHANGE: BLE_ON > BLE_TURNING_OFF
12-12 13:34:56.294  1040  1101 D BluetoothManagerService: Sending BLE State Change: BLE_ON > BLE_TURNING_OFF
12-12 13:34:56.295 10694 10694 D LocalBluetoothProfileManager: LocalBluetoothProfileManager construction complete
12-12 13:34:56.295  9205  9222 I bt_core_module: module_shut_down Shutting down module "btif_config_module"
12-12 13:34:56.295  9205  9251 W bt_btif : bta_dm_disable BTA_DISABLE_DELAY set to 200 ms
12-12 13:34:56.296  9205  9205 D BluetoothPbapReceiver: PbapReceiver onReceive action = android.bluetooth.adapter.action.STATE_CHANGED
12-12 13:34:56.296  9205  9205 D BluetoothPbapReceiver: state = 10
12-12 13:34:56.298  9205  9227 D BluetoothAdapterProperties: Scan Mode:20
12-12 13:34:56.303  9245  9246 E WCNSS_FILTER: do_read: read returned 0, err = Success, read bytes: 0, expected: 0
12-12 13:34:56.308 10694 10694 D DockEventReceiver: finishStartingService: stopping service
12-12 13:34:56.311  9205  9222 I bt_core_module: module_shut_down Shutdown of module "btif_config_module" completed
12-12 13:34:56.311 10694 10694 W ContextImpl: Calling a method in the system process without a qualified user: android.app.ContextImpl.startService:1357 android.content.ContextWrapper.startService:613 android.content.ContextWrapper.startService:613 com.android.settings.bluetooth.DockEventReceiver.beginStartingService:134 com.android.settings.bluetooth.DockEventReceiver.onReceive:115 
12-12 13:34:56.318 10694 10694 D DockEventReceiver: finishStartingService: stopping service
12-12 13:34:56.368  7299  7494 I Authzen : [PermitStore] Getting all permits...
12-12 13:34:56.406  6472 11292 D Aatp    : /gps
12-12 13:34:56.414  6472 11292 D Aatp    : sha1: 201451bace924c30357c28f0811ac5be75a6db3b
12-12 13:34:56.414  6472 11292 D AatpDeviceManager: k: enabled v: False
12-12 13:34:56.414  6472 11292 D AatpDeviceManager: k: NanoHttpd.QUERY_STRING v: enabled=False
12-12 13:34:56.420  6472  6472 D AatpDeviceManager: taskStatus update (201451bace924c30357c28f0811ac5be75a6db3b: {"state":1})
12-12 13:34:56.420  6472 11296 D AWSDeviceFarmAndroidLib: setEnabled: disabling GPS
12-12 13:34:56.420  6472 11296 D AWSDeviceFarmAndroidLib: disableGPS()
12-12 13:34:56.421  6472 11296 D AWSDeviceFarmAndroidLib: disableGPS(): network,gps
12-12 13:34:56.421  6472 11296 D AWSDeviceFarmAndroidLib: disableGPS(): gpsDisabled: network
12-12 13:34:56.421  1040  1040 V NotificationService: pkg=com.amazon.aatp.aatpdevicemanager canInterrupt=false intercept=true
12-12 13:34:56.428  6472 11292 D Aatp    : /task/201451bace924c30357c28f0811ac5be75a6db3b
12-12 13:34:56.495  1040  1101 D BluetoothManagerService: MESSAGE_USER_SWITCHED
12-12 13:34:56.496  1040  1101 D BluetoothManagerService: Retry MESSAGE_USER_SWITCHED 149
12-12 13:34:56.497  9205  9232 I bt_low_power_manager: enable already disabled.
12-12 13:34:56.497  9205  9227 I bt_core_module: module_shut_down Shutting down module "hci_module"
12-12 13:34:56.497  9205  9227 I bt_hci  : shut_down
12-12 13:34:56.497  9205  9232 I bt_vendor: bt-vendor : is_soc_initialized
12-12 13:34:56.497  9205  9232 I bt_vendor: wc_transport.soc_initialized set to 1
12-12 13:34:56.497  9205  9232 I bt_vendor: hw_epilog_process
12-12 13:34:56.497  9245  9246 E WCNSS_FILTER: do_read: read returned 0, err = Success, read bytes: 0, expected: 0
12-12 13:34:56.555  9205  9232 I bt_vendor: hw_epilog_cback Opcode:0x0C03 Status: 0
12-12 13:34:56.555  9205  9232 I bt_vendor: epilog_cb
12-12 13:34:56.555  9205  9232 I bt_hci  : epilog_finished_callback
12-12 13:34:56.555  9205  9232 W bt_osi_thread: run_thread: thread id 9232, thread name hci_thread exited
12-12 13:34:56.557  9205  9227 I bt_hci_h4: hal_close
12-12 13:34:56.557  9205  9250 W bt_osi_thread: run_thread: thread id 9250, thread name hci_single_chann exited
12-12 13:34:56.558  9205  9227 I bt_vendor: bt-vendor : BT_VND_OP_USERIAL_CLOSE btSocType: 1
12-12 13:34:56.560  9205  9227 I bt_vendor: device fd = 70 close
12-12 13:34:56.560  9205  9227 I bt_vendor: bt-vendor : BT_VND_OP_POWER_CTRL: Off
12-12 13:34:56.560  9205  9227 I bt_vendor: bt_powerup: 0
12-12 13:34:56.560  9245  9246 E WCNSS_FILTER: handle_command_writes: This indicates the close of other end
12-12 13:34:56.560  9245  9246 E WCNSS_FILTER: wcnss_filter client is terminated
12-12 13:34:56.561  9245  9246 E WCNSS_FILTER: clean Value =  1
12-12 13:34:56.561  9245  9246 E WCNSS_FILTER: VOTOFF Clk before shutdown
12-12 13:34:56.561  9245  9246 E WCNSS_FILTER: Clearing filter properties before exit
12-12 13:34:56.563  9205  9227 E bt_vendor: Write 0 to rfkill
12-12 13:34:56.565  6472 11297 D Aatp    : /task/201451bace924c30357c28f0811ac5be75a6db3b/status
12-12 13:34:56.571  1040  1104 D LuxLevels: bright hysteresis constant= 0.1, threshold=10.291866, lux=9.356242
12-12 13:34:56.571  1040  1104 D LuxLevels: dark hysteresis constant= 0.2, threshold=7.484994, lux=9.356242
12-12 13:34:56.664  9205  9227 E bt_vendor: Stopping HCI filter as part of CTRL:OFF
12-12 13:34:56.664  9205  9227 I bt_vendor: stop_hci_filter: hci_filter has been stopped already
12-12 13:34:56.669  9205  9227 I bt_vendor: cleanup
12-12 13:34:56.671  9205  9227 I bt_core_module: module_shut_down Shutdown of module "hci_module" completed
12-12 13:34:56.671  9205  9227 I bt_core_module: module_shut_down Shutting down module "btsnoop_module"
12-12 13:34:56.671  9205  9227 I bt_core_module: module_shut_down Shutdown of module "btsnoop_module" completed
12-12 13:34:56.671  9205  9227 I bt_core_module: module_clean_up Cleaning up module "bte_logmsg_module"
12-12 13:34:56.671  9205  9227 I bt_core_module: module_clean_up Cleanup of module "bte_logmsg_module" completed
12-12 13:34:56.671  9205  9251 W bt_osi_thread: run_thread: thread id 9251, thread name bt_workqueue exited
12-12 13:34:56.672  9205  9222 I bt_core_module: module_shut_down Shutting down module "controller_module"
12-12 13:34:56.672  9205  9222 I bt_core_module: module_shut_down Shutdown of module "controller_module" completed
12-12 13:34:56.672  9205  9222 I bt_stack_manager: event_shut_down_stack finished
12-12 13:34:56.673  9205  9221 D BluetoothAdapterState: Current state: PENDING_COMMAND, message: 24
12-12 13:34:56.673  9205  9221 D BluetoothAdapterService: stopGattProfileService()
12-12 13:34:56.673  9205  9221 D BluetoothAdapterService: setProfileServiceState() - Stopping service com.android.bluetooth.gatt.GattService
12-12 13:34:56.676  9205  9205 D BtGatt.DebugUtils: handleDebugAction() action=null
12-12 13:34:56.676  9205  9205 D BluetoothAdapterService: getAdapterService() - returning com.android.bluetooth.btservice.AdapterService@9d9fcb8
12-12 13:34:56.678  9205  9205 D BtGatt.GattService: Received stop request...Stopping profile...
12-12 13:34:56.678  9205  9205 D BtGatt.GattService: stop()
12-12 13:34:56.679  9205  9205 D BtGatt.AdvertiseManager: advertise clients cleared
12-12 13:34:56.682  9205  9221 D BluetoothAdapterState: Stopping Gatt profile services that were post enabled
12-12 13:34:56.683  9205  9205 D BluetoothAdapterService: getAdapterService() - returning com.android.bluetooth.btservice.AdapterService@9d9fcb8
12-12 13:34:56.685  9205  9205 D BluetoothAdapterService: handleMessage() - Message: 1
12-12 13:34:56.686  9205  9205 D BluetoothAdapterService: handleMessage() - MESSAGE_PROFILE_SERVICE_STATE_CHANGED
12-12 13:34:56.688  9205  9205 D BluetoothAdapterService: processProfileServiceStateChanged() serviceName=com.android.bluetooth.gatt.GattService, state=10, doUpdate=true
12-12 13:34:56.688  9205  9205 V BluetoothAdapterState: isTurningOff()=false
12-12 13:34:56.688  9205  9205 V BluetoothAdapterState: isTurningOn()=false
12-12 13:34:56.688  9205  9205 V BluetoothAdapterState: isBleTurningOn()=false
12-12 13:34:56.688  9205  9205 V BluetoothAdapterState: isBleTurningOff()=true
12-12 13:34:56.688  9205  9205 D BluetoothAdapterService: processProfileServiceStateChanged() - serviceName=com.android.bluetooth.gatt.GattService isTurningOn=false isTurningOff=false isBleTurningOn=false isBleTurningOff=true
12-12 13:34:56.688  9205  9205 D BluetoothAdapterService: GattService stopped
12-12 13:34:56.690  9205  9221 D BluetoothAdapterState: Current state: PENDING_COMMAND, message: 25
12-12 13:34:56.690  9205  9221 D BluetoothAdapterProperties: Setting state to 10
12-12 13:34:56.690  9205  9221 I BluetoothAdapterState: Bluetooth adapter state changed: 16-> 10
12-12 13:34:56.691  9205  9221 D BluetoothAdapterService: updateAdapterState() - Broadcasting state to 1 receivers.
12-12 13:34:56.692  1040  1101 D BluetoothManagerService: MESSAGE_BLUETOOTH_STATE_CHANGE: BLE_TURNING_OFF > OFF
12-12 13:34:56.692  1040  1101 D BluetoothManagerService: Bluetooth is complete send Service Down
12-12 13:34:56.692  1040  1101 D BluetoothManagerService: Broadcasting onBluetoothServiceDown() to 8 receivers.
12-12 13:34:56.692  9205  9221 I BluetoothAdapterState: Entering OffState
12-12 13:34:56.692  1040  1101 D BluetoothAdapter: onBluetoothServiceDown: android.bluetooth.IBluetooth$Stub$Proxy@2dcefe2
12-12 13:34:56.693  1500  9199 D BluetoothAdapter: onBluetoothServiceDown: android.bluetooth.IBluetooth$Stub$Proxy@69a4567
12-12 13:34:56.693  1040  1101 D BluetoothManagerService: unbindAndFinish(): android.bluetooth.IBluetooth$Stub$Proxy@2dcefe2 mBinding = false mUnbinding = false
12-12 13:34:56.693  9205  9228 D BluetoothAdapter: onBluetoothServiceDown: com.android.bluetooth.btservice.AdapterService$AdapterServiceBinder@992f5f7
12-12 13:34:56.694  1761  1820 D BluetoothAdapter: onBluetoothServiceDown: android.bluetooth.IBluetooth$Stub$Proxy@826cb08
12-12 13:34:56.695 10694 10710 D BluetoothAdapter: onBluetoothServiceDown: android.bluetooth.IBluetooth$Stub$Proxy@d678ecd
12-12 13:34:56.695  6472  6483 D BluetoothAdapter: onBluetoothServiceDown: android.bluetooth.IBluetooth$Stub$Proxy@4139797
12-12 13:34:56.695  7225  7237 D BluetoothAdapter: onBluetoothServiceDown: android.bluetooth.IBluetooth$Stub$Proxy@923a4fc
