12-12 13:35:22.411 11505 11505 I LoadedApk: No resource references to update in package FFFFFFFFFFFFFFFFFFFFFF
12-12 13:35:22.419 11501 11501 D AndroidRuntime: >>>>>> START com.android.internal.os.RuntimeInit uid 2000 <<<<<<
12-12 13:35:22.423 11501 11501 D AndroidRuntime: CheckJNI is OFF
12-12 13:35:22.480 11501 11501 D ICU     : No timezone override file found: /data/misc/zoneinfo/current/icu/icu_tzdata.dat
12-12 13:35:22.482 11484 11484 W System  : ClassLoader referenced unknown path: 
12-12 13:35:22.483 11484 11484 W System  : ClassLoader referenced unknown path: /system/priv-app/GmsCoreSetupPrebuilt/lib/arm64
12-12 13:35:22.488 11484 11484 D ApplicationLoaders: ignored Vulkan layer search path /system/priv-app/GmsCoreSetupPrebuilt/lib/arm64:/system/lib64:/vendor/lib64 for namespace 0x72f40b30f0
12-12 13:35:22.507 11501 11501 I Radio-JNI: register_android_hardware_Radio DONE
12-12 13:35:22.518 11501 11501 D AndroidRuntime: Calling main entry com.android.commands.pm.Pm
12-12 13:35:22.523  1040  2106 W ActivityManager: Invalid packageName: com.android.browser
12-12 13:35:22.525 11501 11501 I art     : System.exit called, status: 1
12-12 13:35:22.525 11501 11501 I AndroidRuntime: VM exiting with result code 1.
12-12 13:35:22.534 11505 11505 W linker  : /data/app/com.google.android.gms-1/lib/arm64/libconscrypt_gmscore_jni.so: unused DT entry: type 0xf arg 0x8a
12-12 13:35:22.535 11505 11505 V NativeCrypto: Registering com/google/android/gms/org/conscrypt/NativeCrypto's 276 native methods...
12-12 13:35:22.586 11505 11505 D NetworkSecurityConfig: No Network Security Config specified, using platform default
12-12 13:35:22.589 11505 11505 I ProviderInstaller: Installed default security provider GmsCore_OpenSSL
12-12 13:35:23.161 11531 11531 D AndroidRuntime: >>>>>> START com.android.internal.os.RuntimeInit uid 2000 <<<<<<
12-12 13:35:23.164 11531 11531 D AndroidRuntime: CheckJNI is OFF
12-12 13:35:23.226 11531 11531 D ICU     : No timezone override file found: /data/misc/zoneinfo/current/icu/icu_tzdata.dat
12-12 13:35:23.248 11531 11531 I Radio-JNI: register_android_hardware_Radio DONE
12-12 13:35:23.258 11531 11531 D AndroidRuntime: Calling main entry com.android.commands.pm.Pm
12-12 13:35:23.262  1040  1393 W ActivityManager: Invalid packageName: com.android.browser.provider
12-12 13:35:23.264 11531 11531 I art     : System.exit called, status: 1
12-12 13:35:23.264 11531 11531 I AndroidRuntime: VM exiting with result code 1.
12-12 13:35:23.349 11484 11484 W ConfigurationChimeraPro: Got null configs for com.google.android.gms
12-12 13:35:23.349 11484 11484 W ConfigurationChimeraPro: Got null configs for com.google.android.gms
12-12 13:35:23.365 11505 11505 E ChimeraCfgMgr: Failed to read module config: java.io.FileNotFoundException: /data/user_de/0/com.google.android.gms/app_chimera/current_config.fb (No such file or directory)
12-12 13:35:23.392 11505 11505 E ChimeraCfgMgr: Failed to read module config: java.io.FileNotFoundException: /data/user_de/0/com.google.android.gms/app_chimera/current_config.fb (No such file or directory)
12-12 13:35:23.394 11505 11505 E ConfigFileUtils: Failed to read config file: /data/data/com.google.android.gms/app_chimera/current_fileapks.pb (No such file or directory)
12-12 13:35:23.433 11484 11489 I art     : Do partial code cache collection, code=29KB, data=28KB
12-12 13:35:23.433 11484 11489 I art     : After code cache collection, code=29KB, data=28KB
12-12 13:35:23.433 11484 11489 I art     : Increasing code cache capacity to 128KB
12-12 13:35:23.485 11505 11505 E ChimeraCfgMgr: Failed to read module config: java.io.FileNotFoundException: /data/user_de/0/com.google.android.gms/app_chimera/current_config.fb (No such file or directory)
12-12 13:35:23.494 11505 11505 I DynamiteModule: Considering local module com.google.android.gms.googlecertificates:4 and remote module com.google.android.gms.googlecertificates:0
12-12 13:35:23.494 11505 11505 I DynamiteModule: Selected local version of com.google.android.gms.googlecertificates
12-12 13:35:23.540 11505 11505 E ConfigFileUtils: Failed to read config file: /data/data/com.google.android.gms/app_chimera/current_fileapks.pb (No such file or directory)
12-12 13:35:23.562 11505 11505 E ChimeraCfgMgr: Failed to read module config: java.io.FileNotFoundException: /data/user_de/0/com.google.android.gms/app_chimera/current_config.fb (No such file or directory)
12-12 13:35:23.573 11505 11505 E ChimeraCfgMgr: Failed to read module config: java.io.FileNotFoundException: /data/user_de/0/com.google.android.gms/app_chimera/current_config.fb (No such file or directory)
12-12 13:35:23.575 11505 11505 E IntentOperation: Failed to get Chimera config
12-12 13:35:23.575 11505 11505 E IntentOperation: com.google.android.chimera.config.InvalidConfigException: java.io.FileNotFoundException: /data/user_de/0/com.google.android.gms/app_chimera/current_config.fb (No such file or directory)
12-12 13:35:23.575 11505 11505 E IntentOperation: 	at com.google.android.chimera.container.ConfigurationManager.a(:com.google.android.gms@11951440:150)
12-12 13:35:23.575 11505 11505 E IntentOperation: 	at com.google.android.chimera.IntentOperation.a(:com.google.android.gms@11951440:3)
12-12 13:35:23.575 11505 11505 E IntentOperation: 	at com.google.android.chimera.IntentOperation.getStartIntent(:com.google.android.gms@11951440:3)
12-12 13:35:23.575 11505 11505 E IntentOperation: 	at com.google.android.chimera.IntentOperation.getStartIntent(:com.google.android.gms@11951440:1)
12-12 13:35:23.575 11505 11505 E IntentOperation: 	at com.google.android.gms.chimera.debug.ModuleSetJournalUpdate$ModuleSetJournalIntentOperation.a(:com.google.android.gms@11951440:1)
12-12 13:35:23.575 11505 11505 E IntentOperation: 	at com.google.android.gms.chimera.debug.ModuleSetJournalUpdate.a(:com.google.android.gms@11951440:11)
12-12 13:35:23.575 11505 11505 E IntentOperation: 	at com.google.android.gms.chimera.container.GmsModuleFinder.a(:com.google.android.gms@11951440:68)
12-12 13:35:23.575 11505 11505 E IntentOperation: 	at com.google.android.gms.chimera.container.GmsModuleFinder.a(:com.google.android.gms@11951440:86)
12-12 13:35:23.575 11505 11505 E IntentOperation: 	at com.google.android.gms.chimera.container.GmsModuleFinder.a(:com.google.android.gms@11951440:71)
12-12 13:35:23.575 11505 11505 E IntentOperation: 	at ldw.x_(:com.google.android.gms@11951440)
12-12 13:35:23.575 11505 11505 E IntentOperation: 	at csw.a(:com.google.android.gms@11951440:33)
12-12 13:35:23.575 11505 11505 E IntentOperation: 	at csc.attachBaseContext(:com.google.android.gms@11951440:2)
12-12 13:35:23.575 11505 11505 E IntentOperation: 	at android.app.Service.attach(Service.java:763)
12-12 13:35:23.575 11505 11505 E IntentOperation: 	at android.app.ActivityThread.handleCreateService(ActivityThread.java:3190)
12-12 13:35:23.575 11505 11505 E IntentOperation: 	at android.app.ActivityThread.-wrap5(ActivityThread.java)
12-12 13:35:23.575 11505 11505 E IntentOperation: 	at android.app.ActivityThread$H.handleMessage(ActivityThread.java:1568)
12-12 13:35:23.575 11505 11505 E IntentOperation: 	at android.os.Handler.dispatchMessage(Handler.java:102)
12-12 13:35:23.575 11505 11505 E IntentOperation: 	at android.os.Looper.loop(Looper.java:154)
12-12 13:35:23.575 11505 11505 E IntentOperation: 	at android.app.ActivityThread.main(ActivityThread.java:6121)
12-12 13:35:23.575 11505 11505 E IntentOperation: 	at java.lang.reflect.Method.invoke(Native Method)
12-12 13:35:23.575 11505 11505 E IntentOperation: 	at com.android.internal.os.ZygoteInit$MethodAndArgsCaller.run(ZygoteInit.java:889)
12-12 13:35:23.575 11505 11505 E IntentOperation: 	at com.android.internal.os.ZygoteInit.main(ZygoteInit.java:779)
12-12 13:35:23.575 11505 11505 E IntentOperation: Caused by: java.io.FileNotFoundException: /data/user_de/0/com.google.android.gms/app_chimera/current_config.fb (No such file or directory)
12-12 13:35:23.575 11505 11505 E IntentOperation: 	at java.io.FileInputStream.open(Native Method)
12-12 13:35:23.575 11505 11505 E IntentOperation: 	at java.io.FileInputStream.<init>(FileInputStream.java:146)
12-12 13:35:23.575 11505 11505 E IntentOperation: 	at com.google.android.chimera.container.ConfigurationManager.a(:com.google.android.gms@11951440:131)
12-12 13:35:23.575 11505 11505 E IntentOperation: 	... 21 more
12-12 13:35:23.601 11505 11505 E ChimeraCfgMgr: Failed to read module config: java.io.FileNotFoundException: /data/user_de/0/com.google.android.gms/app_chimera/current_config.fb (No such file or directory)
12-12 13:35:23.607 11484 11494 W art     : Suspending all threads took: 5.816ms
12-12 13:35:23.820 11552 11552 D AndroidRuntime: >>>>>> START com.android.internal.os.RuntimeInit uid 2000 <<<<<<
12-12 13:35:23.823 11552 11552 D AndroidRuntime: CheckJNI is OFF
12-12 13:35:23.832 11505 11505 W System  : ClassLoader referenced unknown path: 
12-12 13:35:23.832 11505 11505 W System  : ClassLoader referenced unknown path: /system/priv-app/GmsCoreSetupPrebuilt/lib/arm64
12-12 13:35:23.834 11505 11505 D ApplicationLoaders: ignored Vulkan layer search path /system/priv-app/GmsCoreSetupPrebuilt/lib/arm64:/system/lib64:/vendor/lib64 for namespace 0x72f40b30f0
12-12 13:35:23.884 11552 11552 D ICU     : No timezone override file found: /data/misc/zoneinfo/current/icu/icu_tzdata.dat
12-12 13:35:23.908 11552 11552 I Radio-JNI: register_android_hardware_Radio DONE
12-12 13:35:23.920 11552 11552 D AndroidRuntime: Calling main entry com.android.commands.pm.Pm
12-12 13:35:23.923  1040  7910 W ActivityManager: Invalid packageName: com.samsung.android.scloud.proxy.sbrowser
12-12 13:35:23.925 11552 11552 I art     : System.exit called, status: 1
12-12 13:35:23.925 11552 11552 I AndroidRuntime: VM exiting with result code 1.
12-12 13:35:24.482 11565 11565 D AndroidRuntime: >>>>>> START com.android.internal.os.RuntimeInit uid 2000 <<<<<<
12-12 13:35:24.487 11565 11565 D AndroidRuntime: CheckJNI is OFF
12-12 13:35:24.548 11565 11565 D ICU     : No timezone override file found: /data/misc/zoneinfo/current/icu/icu_tzdata.dat
12-12 13:35:24.563 11505 11505 E ConfigFileUtils: Failed to read config file: /data/user_de/0/com.google.android.gms/app_chimera/current_modules_init.pb (No such file or directory)
12-12 13:35:24.573 11565 11565 I Radio-JNI: register_android_hardware_Radio DONE
12-12 13:35:24.586 11565 11565 D AndroidRuntime: Calling main entry com.android.commands.pm.Pm
12-12 13:35:24.590  1040  2054 W ActivityManager: Invalid packageName: com.sec.android.app.sbrowser
12-12 13:35:24.593 11565 11565 I art     : System.exit called, status: 1
12-12 13:35:24.593 11565 11565 I AndroidRuntime: VM exiting with result code 1.
12-12 13:35:24.816 11505 11578 E ConfigFileUtils: Failed to read config file: /data/data/com.google.android.gms/app_chimera/current_fileapks.pb (No such file or directory)
12-12 13:35:24.833 11505 11578 E ConfigFileUtils: Failed to read config file: /data/data/com.google.android.gms/app_chimera/current_fileapks.pb (No such file or directory)
12-12 13:35:24.872 11505 11578 E ConfigFileUtils: Failed to read config file: /data/data/com.google.android.gms/app_chimera/current_fileapks.pb (No such file or directory)
12-12 13:35:24.912 11505 11578 E ConfigFileUtils: Failed to read config file: /data/data/com.google.android.gms/app_chimera/current_fileapks.pb (No such file or directory)
12-12 13:35:24.927 11505 11579 D Wear_Controller: Received broadcast action=android.intent.action.PACKAGE_DATA_CLEARED and uri=com.google.android.gm
12-12 13:35:24.930 11505 11579 I LocationSettingsChecker: Removing dialog suppression flag for package com.google.android.gm
12-12 13:35:24.939 11484 11496 W ConfigurationChimeraPro: Got null configs for com.google.android.gms.icing
12-12 13:35:24.961 11505 11578 E ConfigFileUtils: Failed to read config file: /data/data/com.google.android.gms/app_chimera/current_fileapks.pb (No such file or directory)
12-12 13:35:24.996 11505 11584 I Icing   : Using regular flags by method 2
12-12 13:35:25.005 11505 11578 E ConfigFileUtils: Failed to read config file: /data/data/com.google.android.gms/app_chimera/current_fileapks.pb (No such file or directory)
12-12 13:35:25.028 11484 11542 W ConfigurationChimeraPro: Got null configs for com.google.android.gms.accountsettings
12-12 13:35:25.091 11581 11581 D AndroidRuntime: >>>>>> START com.android.internal.os.RuntimeInit uid 2000 <<<<<<
12-12 13:35:25.094 11581 11581 D AndroidRuntime: CheckJNI is OFF
12-12 13:35:25.124 11484 11542 W ConfigurationChimeraPro: Got null configs for com.google.android.gms.ads
12-12 13:35:25.143 11581 11581 D ICU     : No timezone override file found: /data/misc/zoneinfo/current/icu/icu_tzdata.dat
12-12 13:35:25.165 11581 11581 I Radio-JNI: register_android_hardware_Radio DONE
12-12 13:35:25.177 11581 11581 D AndroidRuntime: Calling main entry com.android.commands.pm.Pm
12-12 13:35:25.181  1040  7910 W ActivityManager: Invalid packageName: com.sec.android.app.sbrowsertry
12-12 13:35:25.183 11581 11581 I art     : System.exit called, status: 1
12-12 13:35:25.183 11581 11581 I AndroidRuntime: VM exiting with result code 1.
12-12 13:35:25.255 11505 11510 I art     : Do partial code cache collection, code=30KB, data=28KB
12-12 13:35:25.297 11505 11510 I art     : After code cache collection, code=30KB, data=28KB
12-12 13:35:25.297 11505 11510 I art     : Increasing code cache capacity to 128KB
12-12 13:35:25.485 11505 11606 W ChimeraUtils: Non Chimera context
12-12 13:35:25.511 11484 11593 W ConfigurationChimeraPro: Got null configs for com.google.android.gms.gcm
12-12 13:35:25.803  6472 11615 D Aatp    : /ping
12-12 13:35:25.845 11484 11593 I NetworkScheduler: Using standalone scheduling engine
12-12 13:35:25.887 11484 11484 W ConfigurationChimeraPro: Got null configs for com.google.android.location
12-12 13:35:25.922  1040  4759 D ContextHubService: Hub Google System Nanohub on Default is mapped to 0
12-12 13:35:25.944  6472 11620 D Aatp    : /sleep
12-12 13:35:25.951  6472 11620 D Aatp    : sha1: 596c8c1bf17d7fd25e22ce593305d2965d5e7fb6
12-12 13:35:25.961  1040  1040 V NotificationService: pkg=com.amazon.aatp.aatpdevicemanager canInterrupt=false intercept=true
12-12 13:35:25.965  6472 11620 D Aatp    : /task/596c8c1bf17d7fd25e22ce593305d2965d5e7fb6
12-12 13:35:25.971  6472  6472 D AatpDeviceManager: taskStatus update (596c8c1bf17d7fd25e22ce593305d2965d5e7fb6: {"state":1})
12-12 13:35:25.974  6472 11625 D AWSDeviceFarmAndroidLib: WakeLock: release
12-12 13:35:25.977  6472  6472 D AatpDeviceManager: taskStatus update (596c8c1bf17d7fd25e22ce593305d2965d5e7fb6: {"result":"Nighty night","state":2})
12-12 13:35:26.039 11505 11585 I DeviceConfigUtils: android.os.VintfObject class not found : android.os.VintfObject
12-12 13:35:26.092 11484 11484 W Settings: Setting airplane_mode_on has moved from android.provider.Settings.System to android.provider.Settings.Global, returning read-only value.
12-12 13:35:26.095  1040  1393 D ContextHubService: Asking HAL to remove app
12-12 13:35:26.098 11505 11585 I Adreno  : QUALCOMM build                   : 6818200, Idb2b4cb785
12-12 13:35:26.098 11505 11585 I Adreno  : Build Date                       : 11/17/16
12-12 13:35:26.098 11505 11585 I Adreno  : OpenGL ES Shader Compiler Version: XE031.09.00.04
12-12 13:35:26.098 11505 11585 I Adreno  : Local Branch                     : N25
12-12 13:35:26.098 11505 11585 I Adreno  : Remote Branch                    : 
12-12 13:35:26.098 11505 11585 I Adreno  : Remote Branch                    : 
12-12 13:35:26.098 11505 11585 I Adreno  : Reconstruct Branch               : 
12-12 13:35:26.099  1040  1386 I nanohub : osLog: [NanoMinion] received MSG Type 0x11, Version 0, 6 bytes
12-12 13:35:26.105  6472 11628 D Aatp    : /task/596c8c1bf17d7fd25e22ce593305d2965d5e7fb6/status
12-12 13:35:26.112  1040  7912 D ContextHubService: Asking HAL to remove app
12-12 13:35:26.116  1040  1386 I nanohub : osLog: [NanoMinion] received MSG Type 0x31, Version 0, 14 bytes
12-12 13:35:26.118  1040  1386 I nanohub : osLog: [NanoMinion] sent MSG Type 0x30, Version 0, 2 bytes, MessageId 6
12-12 13:35:26.143 11484 11489 I art     : Do partial code cache collection, code=61KB, data=48KB
12-12 13:35:26.152 11484 11635 W Settings: Setting airplane_mode_on has moved from android.provider.Settings.System to android.provider.Settings.Global, returning read-only value.
12-12 13:35:26.155  1040  2116 D ContextHubService: Asking HAL to remove app
12-12 13:35:26.159  1040  1386 I nanohub : osLog: [NanoMinion] received MSG Type 0x31, Version 0, 14 bytes
12-12 13:35:26.176 11484 11621 E GeofenceStateCache: Unable to load state, all registered geofences are lost.
12-12 13:35:26.186 11484 11489 I art     : After code cache collection, code=58KB, data=47KB
12-12 13:35:26.186 11484 11489 I art     : Increasing code cache capacity to 256KB
12-12 13:35:26.216 11505 11578 I Ads     : Parental control value is stale. Refreshing.
12-12 13:35:26.217 11484 11484 W ConfigurationChimeraPro: Got null configs for com.google.android.gms.clearcut.public
12-12 13:35:26.220 11505 11629 I Icing   : Storage manager: low false usage 0 Bytes avail 23.12GB capacity 24.32GB
12-12 13:35:26.232  1040  7830 I ActivityManager: Start proc 11643:com.android.vending/u0a35 for service com.android.vending/com.google.android.finsky.contentfilterui.ContentFiltersService
12-12 13:35:26.233 11505 11578 I Ads     : Initialized AdMob in container 11.9.51 (440-177350961)
12-12 13:35:26.318  1040  1087 E BatteryStatsService: no controller energy info supplied
12-12 13:35:26.353 11484 11618 E SQLiteLog: (1) no such table: storage_size
12-12 13:35:26.358 11484 11641 D RttManager: Get the messenger from android.net.wifi.IRttManager$Stub$Proxy@ef1d6e8
12-12 13:35:26.361  1040  1429 D RttService: ClientHandler got{ when=0 what=69633 target=com.android.server.wifi.RttService$RttServiceImpl$ClientHandler } what = CMD_UNKNOWN
12-12 13:35:26.361 11484 11622 I RttManager: RTT manager get message: 69634
12-12 13:35:26.441 11484 11641 E ChreGmsCore: Unable to find NanoApp with Id=0x476F6F676C00100B
12-12 13:35:26.494 11643 11643 W Finsky  : [1] com.google.android.finsky.application.FinskyAppImpl.bM(1132): No account configured on this device.
12-12 13:35:26.561 11643 11643 W Finsky  : [1] com.google.android.finsky.application.FinskyAppImpl.bM(1132): No account configured on this device.
12-12 13:35:26.573 11643 11643 W Finsky  : [1] com.google.android.finsky.application.FinskyAppImpl.bM(1132): No account configured on this device.
12-12 13:35:26.577 11643 11643 W Finsky  : [1] com.google.android.finsky.application.FinskyAppImpl.bM(1132): No account configured on this device.
12-12 13:35:26.583 11643 11643 W Finsky  : [1] com.google.android.finsky.application.FinskyAppImpl.bM(1132): No account configured on this device.
12-12 13:35:26.651 11484 11618 I acco    : No Heterodyne serving version in database
12-12 13:35:26.657 11505 11578 I Auth    : [WorkAccount] update authenticator enabled for boot or update
12-12 13:35:26.663 11484 11676 I Auth    : [Change,AccountsChange] First snapshot
12-12 13:35:26.665 11484 11676 W WakefulBroadcastReceiv.: No active wake lock id #1
12-12 13:35:26.667 11643 11643 W Finsky  : [1] com.google.android.finsky.application.FinskyAppImpl.bM(1132): No account configured on this device.
12-12 13:35:26.682 11643 11643 W Finsky  : [1] com.google.android.finsky.application.FinskyAppImpl.bM(1132): No account configured on this device.
12-12 13:35:26.683 11505 11515 W art     : Suspending all threads took: 5.327ms
12-12 13:35:26.684 11484 11618 I BootCount: Successfully migrate boot count SharedPreferences from CE to DE.
12-12 13:35:26.685 11643 11643 W Finsky  : [1] com.google.android.finsky.application.FinskyAppImpl.bM(1132): No account configured on this device.
12-12 13:35:26.688 11505 11515 I art     : Background partial concurrent mark sweep GC freed 15497(1173KB) AllocSpace objects, 6(120KB) LOS objects, 39% free, 5MB/9MB, paused 6.451ms total 57.815ms
12-12 13:35:26.716 11484 11496 W ConfigurationChimeraPro: Got null configs for com.google.android.gms.auth.account.base
12-12 13:35:26.739 11643 11643 W Finsky  : [1] com.google.android.finsky.application.FinskyAppImpl.bM(1132): No account configured on this device.
12-12 13:35:26.741 11484 11685 W ConfigurationChimeraPro: Got null configs for com.google.android.gms.auth.account.base
12-12 13:35:26.749 11643 11643 W Finsky  : [1] com.google.android.finsky.application.FinskyAppImpl.bM(1132): No account configured on this device.
12-12 13:35:26.751 11643 11643 W Finsky  : [1] com.google.android.finsky.application.FinskyAppImpl.bM(1132): No account configured on this device.
12-12 13:35:26.757 11643 11643 W Finsky  : [1] com.google.android.finsky.application.FinskyAppImpl.bM(1132): No account configured on this device.
12-12 13:35:26.794 11643 11643 W Finsky  : [1] com.google.android.finsky.application.FinskyAppImpl.bM(1132): No account configured on this device.
12-12 13:35:26.814 11643 11643 W Finsky  : [1] com.google.android.finsky.application.FinskyAppImpl.bM(1132): No account configured on this device.
12-12 13:35:26.816 11643 11643 W Finsky  : [1] com.google.android.finsky.application.FinskyAppImpl.bM(1132): No account configured on this device.
12-12 13:35:26.819 11643 11643 W Finsky  : [1] com.google.android.finsky.application.FinskyAppImpl.bM(1132): No account configured on this device.
12-12 13:35:26.820 11643 11643 W Finsky  : [1] com.google.android.finsky.application.FinskyAppImpl.bM(1132): No account configured on this device.
12-12 13:35:26.828 11643 11643 W Finsky  : [1] com.google.android.finsky.application.FinskyAppImpl.bM(1132): No account configured on this device.
12-12 13:35:26.845 11643 11643 W Finsky  : [1] com.google.android.finsky.application.FinskyAppImpl.bM(1132): No account configured on this device.
12-12 13:35:26.872 11643 11643 W Settings: Setting download_manager_max_bytes_over_mobile has moved from android.provider.Settings.Secure to android.provider.Settings.Global.
12-12 13:35:26.873 11643 11643 W Settings: Setting download_manager_recommended_max_bytes_over_mobile has moved from android.provider.Settings.Secure to android.provider.Settings.Global.
12-12 13:35:26.886 11643 11643 W Finsky  : [1] com.google.android.finsky.application.FinskyAppImpl.bM(1132): No account configured on this device.
12-12 13:35:26.892 11643 11643 W Finsky  : [1] com.google.android.finsky.application.FinskyAppImpl.bM(1132): No account configured on this device.
12-12 13:35:26.900 11643 11643 W Finsky  : [1] com.google.android.finsky.application.FinskyAppImpl.bM(1132): No account configured on this device.
12-12 13:35:26.903 11643 11643 W Finsky  : [1] com.google.android.finsky.application.FinskyAppImpl.bM(1132): No account configured on this device.
12-12 13:35:26.904 11643 11643 W Finsky  : [1] com.google.android.finsky.application.FinskyAppImpl.bM(1132): No account configured on this device.
12-12 13:35:26.911 11643 11643 W Finsky  : [1] com.google.android.finsky.application.FinskyAppImpl.bM(1132): No account configured on this device.
12-12 13:35:26.931 11643 11643 W Finsky  : [1] com.google.android.finsky.application.FinskyAppImpl.bM(1132): No account configured on this device.
12-12 13:35:26.936 11643 11643 W Finsky  : [1] com.google.android.finsky.application.FinskyAppImpl.bM(1132): No account configured on this device.
12-12 13:35:26.937 11643 11643 I Finsky  : [1] com.google.android.finsky.hygiene.DailyHygiene.a(45): No need to run daily hygiene.
12-12 13:35:26.939 11484 11542 W ConfigurationChimeraPro: Got null configs for com.google.android.gms.auth.api.phone
12-12 13:35:26.962 11643 11643 W Finsky  : [1] com.google.android.finsky.application.FinskyAppImpl.bM(1132): No account configured on this device.
12-12 13:35:26.965 11643 11643 W Finsky  : [1] com.google.android.finsky.application.FinskyAppImpl.bM(1132): No account configured on this device.
12-12 13:35:26.969 11643 11643 W Finsky  : [1] com.google.android.finsky.application.FinskyAppImpl.bM(1132): No account configured on this device.
12-12 13:35:26.979 11505 11584 I Auth    : [AuthManaged,AuthManagedModuleInitIntentOperation] enabling com.google.android.gms.auth.managed.ui.EmmActivity
12-12 13:35:26.979 11505 11584 I Auth    : [AuthManaged,AuthManagedModuleInitIntentOperation] enabling com.google.android.gms.auth.managed.ui.PhoneskyDpcInstallActivity
12-12 13:35:26.986 11484 11496 W ConfigurationChimeraPro: Got null configs for com.google.android.gms.auth_managed
12-12 13:35:27.010 11643 11643 W Finsky  : [1] com.google.android.finsky.application.FinskyAppImpl.bM(1132): No account configured on this device.
12-12 13:35:27.018 11505 11584 I CryptauthV2: [OldAuthzenDatabase] Deleting SigningKey for handle: device_key
12-12 13:35:27.038 11643 11643 W Finsky  : [1] com.google.android.finsky.application.FinskyAppImpl.bM(1132): No account configured on this device.
12-12 13:35:27.043 11643 11643 W Finsky  : [1] com.google.android.finsky.application.FinskyAppImpl.bM(1132): No account configured on this device.
12-12 13:35:27.045 11643 11643 W Finsky  : [1] com.google.android.finsky.application.FinskyAppImpl.bM(1132): No account configured on this device.
12-12 13:35:27.052 11643 11643 W Finsky  : [1] com.google.android.finsky.application.FinskyAppImpl.bM(1132): No account configured on this device.
12-12 13:35:27.053 11643 11643 W Finsky  : [1] com.google.android.finsky.application.FinskyAppImpl.bM(1132): No account configured on this device.
12-12 13:35:27.034 11505 11629 E Icing   : Opening file /data/data/com.google.android.gms/files/AppDataSearch/main/cur/compact_status for read failed: No such file or directory
12-12 13:35:27.054 11505 11629 W Icing   : transportation_script_path is empty
12-12 13:35:27.057 11505 11629 W Icing   : generic::invalid_argument: Empty URI
12-12 13:35:27.057 11505 11629 W Icing   : generic::invalid_argument: Empty URI
12-12 13:35:27.057 11505 11629 W Icing   : WordsMap was not properly initialized
12-12 13:35:27.059 11484 11641 W Settings: Setting airplane_mode_on has moved from android.provider.Settings.System to android.provider.Settings.Global, returning read-only value.
12-12 13:35:27.064 11643 11643 W Finsky  : [1] com.google.android.finsky.application.FinskyAppImpl.bM(1132): No account configured on this device.
12-12 13:35:27.068 11643 11643 W Finsky  : [1] com.google.android.finsky.application.FinskyAppImpl.bM(1132): No account configured on this device.
12-12 13:35:27.069 11643 11643 W Finsky  : [1] com.google.android.finsky.application.FinskyAppImpl.bM(1132): No account configured on this device.
12-12 13:35:27.071 11643 11643 W Finsky  : [1] com.google.android.finsky.application.FinskyAppImpl.bM(1132): No account configured on this device.
12-12 13:35:27.072 11643 11643 W Finsky  : [1] com.google.android.finsky.application.FinskyAppImpl.bM(1132): No account configured on this device.
12-12 13:35:27.074 11643 11643 W Finsky  : [1] com.google.android.finsky.application.FinskyAppImpl.bM(1132): No account configured on this device.
12-12 13:35:27.075 11643 11643 W Finsky  : [1] com.google.android.finsky.application.FinskyAppImpl.bM(1132): No account configured on this device.
12-12 13:35:27.075 11643 11643 W Finsky  : [1] com.google.android.finsky.application.FinskyAppImpl.a(887): No account configured on this device.
12-12 13:35:27.077 11643 11643 W Finsky  : [1] com.google.android.finsky.application.FinskyAppImpl.bM(1132): No account configured on this device.
12-12 13:35:27.086 11643 11643 W Finsky  : [1] com.google.android.finsky.application.FinskyAppImpl.bM(1132): No account configured on this device.
12-12 13:35:27.087 11643 11643 W Finsky  : [1] com.google.android.finsky.application.FinskyAppImpl.bM(1132): No account configured on this device.
12-12 13:35:27.088 11643 11643 W Finsky  : [1] com.google.android.finsky.application.FinskyAppImpl.bM(1132): No account configured on this device.
12-12 13:35:27.089 11643 11643 W Finsky  : [1] com.google.android.finsky.application.FinskyAppImpl.bM(1132): No account configured on this device.
12-12 13:35:27.089 11484 11641 W Settings: Setting airplane_mode_on has moved from android.provider.Settings.System to android.provider.Settings.Global, returning read-only value.
12-12 13:35:27.090 11643 11643 W Finsky  : [1] com.google.android.finsky.application.FinskyAppImpl.bM(1132): No account configured on this device.
12-12 13:35:27.092 11643 11643 W Finsky  : [1] com.google.android.finsky.application.FinskyAppImpl.bM(1132): No account configured on this device.
12-12 13:35:27.101 11643 11643 W Finsky  : [1] com.google.android.finsky.application.FinskyAppImpl.bM(1132): No account configured on this device.
12-12 13:35:27.107 11643 11707 W Finsky  : [112] com.google.android.finsky.application.FinskyAppImpl.bM(1132): No account configured on this device.
12-12 13:35:27.117 11505 11584 W CryptauthV2: [OldAuthzenDatabase] Unexpected number of rows deleted: 0
12-12 13:35:27.121 11643 11708 W WearSignatureVerifier: No package com.google.android.wearable.app.cn
12-12 13:35:27.127 11643 11708 W WearSignatureVerifier: No package com.google.android.wearable.app.cn
12-12 13:35:27.127 11643 11708 W WearSignatureVerifier: No package com.google.android.wearable.app.cn
12-12 13:35:27.128 11643 11708 W WearSignatureVerifier: No package com.google.android.wearable.app.cn
12-12 13:35:27.149 11484 11484 I WearableService: Wearable Services not starting - Wear is not available on this device.
12-12 13:35:27.158 11484 11495 W ConfigurationChimeraPro: Got null configs for com.google.android.gms.backup
12-12 13:35:27.159 11484 11542 D WearableService: onGetService - Wear is not available on this device.
12-12 13:35:27.161 11643 11643 W WearSignatureVerifier: No package com.google.android.wearable.app.cn
12-12 13:35:27.162 11643 11643 E Finsky  : [1] com.google.android.finsky.wear.bl.a(3): onConnectionFailed: ConnectionResult{statusCode=API_UNAVAILABLE, resolution=null, message=null}
12-12 13:35:27.162 11643 11643 W Finsky  : [1] com.google.android.finsky.wear.aj.run(9): Dropping command=send_installed_apps due to Gms not connected
12-12 13:35:27.170 11505 11510 I art     : Do partial code cache collection, code=62KB, data=56KB
12-12 13:35:27.172 11505 11584 I Backup  : [PreLComponentEnabler] Disabling pre-L components
12-12 13:35:27.180 11505 11590 I Backup  : [ComponentEnabler] Setting target components to enabled = true
12-12 13:35:27.185 11505 11510 I art     : After code cache collection, code=59KB, data=55KB
12-12 13:35:27.185 11505 11510 I art     : Increasing code cache capacity to 256KB
12-12 13:35:27.198 11505 11590 I Backup  : [ComponentEnabler] Setting source components to enabled = true
12-12 13:35:27.212 11505 11713 W ChimeraUtils: Non Chimera context
12-12 13:35:27.239 11505 11629 I Icing   : Version not set, assuming clear data.
12-12 13:35:27.239 11505 11629 I Icing   : Clearing storage
12-12 13:35:27.276 11505 11713 E BaseAppContext: Tried to stop global GMSCore RequestQueue. This is likely unintended, so ignoring.
12-12 13:35:27.284 11484 11554 I GCM     : GCM config loaded
12-12 13:35:27.284 11505 11713 I Authzen : [AuthZenEventHandler] Handling event: com.google.android.chimera.IntentOperation.NEW_MODULE
12-12 13:35:27.310 11643 11643 W Finsky  : [1] com.google.android.finsky.application.FinskyAppImpl.bM(1132): No account configured on this device.
12-12 13:35:27.314 11643 11643 W Finsky  : [1] com.google.android.finsky.application.FinskyAppImpl.bM(1132): No account configured on this device.
12-12 13:35:27.317 11643 11643 W Finsky  : [1] com.google.android.finsky.application.FinskyAppImpl.bM(1132): No account configured on this device.
12-12 13:35:27.323 11643 11643 W Finsky  : [1] com.google.android.finsky.application.FinskyAppImpl.bM(1132): No account configured on this device.
12-12 13:35:27.326 11643 11707 D ApplicationLoaders: ignored Vulkan layer search path /data/app/com.google.android.gms-1/lib/arm:/system/fake-libs:/data/app/com.google.android.gms-1/base.apk!/lib/armeabi-v7a for namespace 0xf2ddd090
12-12 13:35:27.328 11643 11643 W Finsky  : [1] com.google.android.finsky.application.FinskyAppImpl.bM(1132): No account configured on this device.
12-12 13:35:27.332 11643 11643 W Finsky  : [1] com.google.android.finsky.application.FinskyAppImpl.bM(1132): No account configured on this device.
12-12 13:35:27.342 11643 11643 W Finsky  : [1] com.google.android.finsky.application.FinskyAppImpl.bM(1132): No account configured on this device.
12-12 13:35:27.347 11643 11643 W Finsky  : [1] com.google.android.finsky.application.FinskyAppImpl.bM(1132): No account configured on this device.
12-12 13:35:27.350 11643 11643 W Finsky  : [1] com.google.android.finsky.application.FinskyAppImpl.bM(1132): No account configured on this device.
12-12 13:35:27.366 11643 11643 I Finsky  : [1] com.google.android.finsky.setup.av.a(213): Restore complete with 0 success and 0 failed.
12-12 13:35:27.370 11505 11510 I art     : Compiler allocated 4MB to compile void cru.run()
12-12 13:35:27.398 11484 11489 I art     : Compiler allocated 4MB to compile void cru.run()
12-12 13:35:27.424 11643 11655 W Finsky  : [86] com.google.android.finsky.application.FinskyAppImpl.bM(1132): No account configured on this device.
12-12 13:35:27.426 11643 11655 I Finsky  : [86] com.google.android.finsky.contentfilterui.q.a(8): Received content filters request from sharedUserId=com.google.uid.shared:10018
12-12 13:35:27.435 11643 11655 W Finsky  : [86] com.google.android.finsky.application.FinskyAppImpl.bM(1132): No account configured on this device.
12-12 13:35:27.436 11505 11505 I Ads     : Successfully received play store parental controls the result.
12-12 13:35:27.482 11484 11635 I acfq    : Scheduling Phenotype for a PhenotypeSyncImmediately(6, com.google.android.gms.auth_api_phone) one off with window [1, 2] in seconds
12-12 13:35:27.486 11505 11735 I Authzen : [PermitStore] Getting all permits...
12-12 13:35:27.503 11484 11551 E GcmPushIntentOperation: Failed to subscribe to GCM: com.google.android.gms.auth_api_phone
12-12 13:35:27.503 11484 11551 E GcmPushIntentOperation: java.io.IOException: SERVICE_NOT_AVAILABLE
12-12 13:35:27.503 11484 11551 E GcmPushIntentOperation: 	at vov.b(:com.google.android.gms@11951440:39)
12-12 13:35:27.503 11484 11551 E GcmPushIntentOperation: 	at vov.a(:com.google.android.gms@11951440:47)
12-12 13:35:27.503 11484 11551 E GcmPushIntentOperation: 	at vos.b(:com.google.android.gms@11951440:11)
12-12 13:35:27.503 11484 11551 E GcmPushIntentOperation: 	at vos.a(:com.google.android.gms@11951440:29)
12-12 13:35:27.503 11484 11551 E GcmPushIntentOperation: 	at com.google.android.gms.phenotype.gcmpush.GcmPushIntentOperation.a(:com.google.android.gms@11951440:13)
12-12 13:35:27.503 11484 11551 E GcmPushIntentOperation: 	at com.google.android.gms.phenotype.gcmpush.GcmPushIntentOperation.onHandleIntent(:com.google.android.gms@11951440:6)
12-12 13:35:27.503 11484 11551 E GcmPushIntentOperation: 	at com.google.android.chimera.IntentOperation.onHandleIntent(:com.google.android.gms@11951440:2)
12-12 13:35:27.503 11484 11551 E GcmPushIntentOperation: 	at crr.run(:com.google.android.gms@11951440:10)
12-12 13:35:27.503 11484 11551 E GcmPushIntentOperation: 	at cro.run(:com.google.android.gms@11951440:9)
12-12 13:35:27.503 11484 11551 E GcmPushIntentOperation: 	at java.util.concurrent.ThreadPoolExecutor.runWorker(ThreadPoolExecutor.java:1133)
12-12 13:35:27.503 11484 11551 E GcmPushIntentOperation: 	at java.util.concurrent.ThreadPoolExecutor$Worker.run(ThreadPoolExecutor.java:607)
12-12 13:35:27.503 11484 11551 E GcmPushIntentOperation: 	at java.lang.Thread.run(Thread.java:761)
12-12 13:35:27.518 11484 11554 I GCM     : GCM config loaded
12-12 13:35:27.519 11484 11551 E GcmPushIntentOperation: Failed to subscribe to GCM: com.google.android.gms.romanesco
12-12 13:35:27.519 11484 11551 E GcmPushIntentOperation: java.io.IOException: SERVICE_NOT_AVAILABLE
12-12 13:35:27.519 11484 11551 E GcmPushIntentOperation: 	at vov.b(:com.google.android.gms@11951440:39)
12-12 13:35:27.519 11484 11551 E GcmPushIntentOperation: 	at vov.a(:com.google.android.gms@11951440:46)
12-12 13:35:27.519 11484 11551 E GcmPushIntentOperation: 	at vos.b(:com.google.android.gms@11951440:11)
12-12 13:35:27.519 11484 11551 E GcmPushIntentOperation: 	at vos.a(:com.google.android.gms@11951440:29)
12-12 13:35:27.519 11484 11551 E GcmPushIntentOperation: 	at com.google.android.gms.phenotype.gcmpush.GcmPushIntentOperation.a(:com.google.android.gms@11951440:13)
12-12 13:35:27.519 11484 11551 E GcmPushIntentOperation: 	at com.google.android.gms.phenotype.gcmpush.GcmPushIntentOperation.onHandleIntent(:com.google.android.gms@11951440:6)
12-12 13:35:27.519 11484 11551 E GcmPushIntentOperation: 	at com.google.android.chimera.IntentOperation.onHandleIntent(:com.google.android.gms@11951440:2)
12-12 13:35:27.519 11484 11551 E GcmPushIntentOperation: 	at crr.run(:com.google.android.gms@11951440:10)
12-12 13:35:27.519 11484 11551 E GcmPushIntentOperation: 	at cro.run(:com.google.android.gms@11951440:9)
12-12 13:35:27.519 11484 11551 E GcmPushIntentOperation: 	at java.util.concurrent.ThreadPoolExecutor.runWorker(ThreadPoolExecutor.java:1133)
12-12 13:35:27.519 11484 11551 E GcmPushIntentOperation: 	at java.util.concurrent.ThreadPoolExecutor$Worker.run(ThreadPoolExecutor.java:607)
12-12 13:35:27.519 11484 11551 E GcmPushIntentOperation: 	at java.lang.Thread.run(Thread.java:761)
12-12 13:35:27.533 11484 11554 I GCM     : GCM config loaded
12-12 13:35:27.534 11484 11551 E GcmPushIntentOperation: Failed to subscribe to GCM: com.google.android.gms.accountsettings
12-12 13:35:27.534 11484 11551 E GcmPushIntentOperation: java.io.IOException: SERVICE_NOT_AVAILABLE
12-12 13:35:27.534 11484 11551 E GcmPushIntentOperation: 	at vov.b(:com.google.android.gms@11951440:39)
12-12 13:35:27.534 11484 11551 E GcmPushIntentOperation: 	at vov.a(:com.google.android.gms@11951440:46)
12-12 13:35:27.534 11484 11551 E GcmPushIntentOperation: 	at vos.b(:com.google.android.gms@11951440:11)
12-12 13:35:27.534 11484 11551 E GcmPushIntentOperation: 	at vos.a(:com.google.android.gms@11951440:29)
12-12 13:35:27.534 11484 11551 E GcmPushIntentOperation: 	at com.google.android.gms.phenotype.gcmpush.GcmPushIntentOperation.a(:com.google.android.gms@11951440:13)
12-12 13:35:27.534 11484 11551 E GcmPushIntentOperation: 	at com.google.android.gms.phenotype.gcmpush.GcmPushIntentOperation.onHandleIntent(:com.google.android.gms@11951440:6)
12-12 13:35:27.534 11484 11551 E GcmPushIntentOperation: 	at com.google.android.chimera.IntentOperation.onHandleIntent(:com.google.android.gms@11951440:2)
12-12 13:35:27.534 11484 11551 E GcmPushIntentOperation: 	at crr.run(:com.google.android.gms@11951440:10)
12-12 13:35:27.534 11484 11551 E GcmPushIntentOperation: 	at cro.run(:com.google.android.gms@11951440:9)
12-12 13:35:27.534 11484 11551 E GcmPushIntentOperation: 	at java.util.concurrent.ThreadPoolExecutor.runWorker(ThreadPoolExecutor.java:1133)
12-12 13:35:27.534 11484 11551 E GcmPushIntentOperation: 	at java.util.concurrent.ThreadPoolExecutor$Worker.run(ThreadPoolExecutor.java:607)
12-12 13:35:27.534 11484 11551 E GcmPushIntentOperation: 	at java.lang.Thread.run(Thread.java:761)
12-12 13:35:27.549 11484 11714 I GCM     : GCM config loaded
12-12 13:35:27.550 11484 11551 E GcmPushIntentOperation: Failed to subscribe to GCM: com.google.android.gms.beacon
12-12 13:35:27.550 11484 11551 E GcmPushIntentOperation: java.io.IOException: SERVICE_NOT_AVAILABLE
12-12 13:35:27.550 11484 11551 E GcmPushIntentOperation: 	at vov.b(:com.google.android.gms@11951440:39)
12-12 13:35:27.550 11484 11551 E GcmPushIntentOperation: 	at vov.a(:com.google.android.gms@11951440:46)
12-12 13:35:27.550 11484 11551 E GcmPushIntentOperation: 	at vos.b(:com.google.android.gms@11951440:11)
12-12 13:35:27.550 11484 11551 E GcmPushIntentOperation: 	at vos.a(:com.google.android.gms@11951440:29)
12-12 13:35:27.550 11484 11551 E GcmPushIntentOperation: 	at com.google.android.gms.phenotype.gcmpush.GcmPushIntentOperation.a(:com.google.android.gms@11951440:13)
12-12 13:35:27.550 11484 11551 E GcmPushIntentOperation: 	at com.google.android.gms.phenotype.gcmpush.GcmPushIntentOperation.onHandleIntent(:com.google.android.gms@11951440:6)
12-12 13:35:27.550 11484 11551 E GcmPushIntentOperation: 	at com.google.android.chimera.IntentOperation.onHandleIntent(:com.google.android.gms@11951440:2)
12-12 13:35:27.550 11484 11551 E GcmPushIntentOperation: 	at crr.run(:com.google.android.gms@11951440:10)
12-12 13:35:27.550 11484 11551 E GcmPushIntentOperation: 	at cro.run(:com.google.android.gms@11951440:9)
12-12 13:35:27.550 11484 11551 E GcmPushIntentOperation: 	at java.util.concurrent.ThreadPoolExecutor.runWorker(ThreadPoolExecutor.java:1133)
12-12 13:35:27.550 11484 11551 E GcmPushIntentOperation: 	at java.util.concurrent.ThreadPoolExecutor$Worker.run(ThreadPoolExecutor.java:607)
12-12 13:35:27.550 11484 11551 E GcmPushIntentOperation: 	at java.lang.Thread.run(Thread.java:761)
12-12 13:35:27.554 11505 11735 I Authzen : [gau] Creating database auth.proximity.permit_store...
12-12 13:35:27.568 11484 11714 I GCM     : GCM config loaded
12-12 13:35:27.569 11484 11551 E GcmPushIntentOperation: Failed to subscribe to GCM: com.google.android.gms.smart_profile
12-12 13:35:27.569 11484 11551 E GcmPushIntentOperation: java.io.IOException: SERVICE_NOT_AVAILABLE
12-12 13:35:27.569 11484 11551 E GcmPushIntentOperation: 	at vov.b(:com.google.android.gms@11951440:39)
12-12 13:35:27.569 11484 11551 E GcmPushIntentOperation: 	at vov.a(:com.google.android.gms@11951440:46)
12-12 13:35:27.569 11484 11551 E GcmPushIntentOperation: 	at vos.b(:com.google.android.gms@11951440:11)
12-12 13:35:27.569 11484 11551 E GcmPushIntentOperation: 	at vos.a(:com.google.android.gms@11951440:29)
12-12 13:35:27.569 11484 11551 E GcmPushIntentOperation: 	at com.google.android.gms.phenotype.gcmpush.GcmPushIntentOperation.a(:com.google.android.gms@11951440:13)
12-12 13:35:27.569 11484 11551 E GcmPushIntentOperation: 	at com.google.android.gms.phenotype.gcmpush.GcmPushIntentOperation.onHandleIntent(:com.google.android.gms@11951440:6)
12-12 13:35:27.569 11484 11551 E GcmPushIntentOperation: 	at com.google.android.chimera.IntentOperation.onHandleIntent(:com.google.android.gms@11951440:2)
12-12 13:35:27.569 11484 11551 E GcmPushIntentOperation: 	at crr.run(:com.google.android.gms@11951440:10)
12-12 13:35:27.569 11484 11551 E GcmPushIntentOperation: 	at cro.run(:com.google.android.gms@11951440:9)
12-12 13:35:27.569 11484 11551 E GcmPushIntentOperation: 	at java.util.concurrent.ThreadPoolExecutor.runWorker(ThreadPoolExecutor.java:1133)
12-12 13:35:27.569 11484 11551 E GcmPushIntentOperation: 	at java.util.concurrent.ThreadPoolExecutor$Worker.run(ThreadPoolExecutor.java:607)
12-12 13:35:27.569 11484 11551 E GcmPushIntentOperation: 	at java.lang.Thread.run(Thread.java:761)
12-12 13:35:27.582 11505 11735 I Authzen : [gau] Opening database auth.proximity.permit_store...
12-12 13:35:27.589 11484 11714 I GCM     : GCM config loaded
12-12 13:35:27.597 11484 11551 E GcmPushIntentOperation: Failed to subscribe to GCM: com.google.android.location
12-12 13:35:27.597 11484 11551 E GcmPushIntentOperation: java.io.IOException: SERVICE_NOT_AVAILABLE
12-12 13:35:27.597 11484 11551 E GcmPushIntentOperation: 	at vov.b(:com.google.android.gms@11951440:39)
12-12 13:35:27.597 11484 11551 E GcmPushIntentOperation: 	at vov.a(:com.google.android.gms@11951440:46)
12-12 13:35:27.597 11484 11551 E GcmPushIntentOperation: 	at vos.b(:com.google.android.gms@11951440:11)
12-12 13:35:27.597 11484 11551 E GcmPushIntentOperation: 	at vos.a(:com.google.android.gms@11951440:29)
12-12 13:35:27.597 11484 11551 E GcmPushIntentOperation: 	at com.google.android.gms.phenotype.gcmpush.GcmPushIntentOperation.a(:com.google.android.gms@11951440:13)
12-12 13:35:27.597 11484 11551 E GcmPushIntentOperation: 	at com.google.android.gms.phenotype.gcmpush.GcmPushIntentOperation.onHandleIntent(:com.google.android.gms@11951440:6)
12-12 13:35:27.597 11484 11551 E GcmPushIntentOperation: 	at com.google.android.chimera.IntentOperation.onHandleIntent(:com.google.android.gms@11951440:2)
12-12 13:35:27.597 11484 11551 E GcmPushIntentOperation: 	at crr.run(:com.google.android.gms@11951440:10)
12-12 13:35:27.597 11484 11551 E GcmPushIntentOperation: 	at cro.run(:com.google.android.gms@11951440:9)
12-12 13:35:27.597 11484 11551 E GcmPushIntentOperation: 	at java.util.concurrent.ThreadPoolExecutor.runWorker(ThreadPoolExecutor.java:1133)
12-12 13:35:27.597 11484 11551 E GcmPushIntentOperation: 	at java.util.concurrent.ThreadPoolExecutor$Worker.run(ThreadPoolExecutor.java:607)
12-12 13:35:27.597 11484 11551 E GcmPushIntentOperation: 	at java.lang.Thread.run(Thread.java:761)
12-12 13:35:27.607 11484 11714 I GCM     : GCM config loaded
12-12 13:35:27.609 11484 11551 E GcmPushIntentOperation: Failed to subscribe to GCM: com.google.android.gms.growth
12-12 13:35:27.609 11484 11551 E GcmPushIntentOperation: java.io.IOException: SERVICE_NOT_AVAILABLE
12-12 13:35:27.609 11484 11551 E GcmPushIntentOperation: 	at vov.b(:com.google.android.gms@11951440:39)
12-12 13:35:27.609 11484 11551 E GcmPushIntentOperation: 	at vov.a(:com.google.android.gms@11951440:46)
12-12 13:35:27.609 11484 11551 E GcmPushIntentOperation: 	at vos.b(:com.google.android.gms@11951440:11)
12-12 13:35:27.609 11484 11551 E GcmPushIntentOperation: 	at vos.a(:com.google.android.gms@11951440:29)
12-12 13:35:27.609 11484 11551 E GcmPushIntentOperation: 	at com.google.android.gms.phenotype.gcmpush.GcmPushIntentOperation.a(:com.google.android.gms@11951440:13)
12-12 13:35:27.609 11484 11551 E GcmPushIntentOperation: 	at com.google.android.gms.phenotype.gcmpush.GcmPushIntentOperation.onHandleIntent(:com.google.android.gms@11951440:6)
12-12 13:35:27.609 11484 11551 E GcmPushIntentOperation: 	at com.google.android.chimera.IntentOperation.onHandleIntent(:com.google.android.gms@11951440:2)
12-12 13:35:27.609 11484 11551 E GcmPushIntentOperation: 	at crr.run(:com.google.android.gms@11951440:10)
12-12 13:35:27.609 11484 11551 E GcmPushIntentOperation: 	at cro.run(:com.google.android.gms@11951440:9)
12-12 13:35:27.609 11484 11551 E GcmPushIntentOperation: 	at java.util.concurrent.ThreadPoolExecutor.runWorker(ThreadPoolExecutor.java:1133)
12-12 13:35:27.609 11484 11551 E GcmPushIntentOperation: 	at java.util.concurrent.ThreadPoolExecutor$Worker.run(ThreadPoolExecutor.java:607)
12-12 13:35:27.609 11484 11551 E GcmPushIntentOperation: 	at java.lang.Thread.run(Thread.java:761)
12-12 13:35:27.633 11484 11593 I GCM     : GCM config loaded
12-12 13:35:27.636 11484 11736 E GcmPushIntentOperation: Failed to subscribe to GCM: com.google.android.gms.nearby
12-12 13:35:27.636 11484 11736 E GcmPushIntentOperation: java.io.IOException: SERVICE_NOT_AVAILABLE
12-12 13:35:27.636 11484 11736 E GcmPushIntentOperation: 	at vov.b(:com.google.android.gms@11951440:39)
12-12 13:35:27.636 11484 11736 E GcmPushIntentOperation: 	at vov.a(:com.google.android.gms@11951440:46)
12-12 13:35:27.636 11484 11736 E GcmPushIntentOperation: 	at vos.b(:com.google.android.gms@11951440:11)
12-12 13:35:27.636 11484 11736 E GcmPushIntentOperation: 	at vos.a(:com.google.android.gms@11951440:29)
12-12 13:35:27.636 11484 11736 E GcmPushIntentOperation: 	at com.google.android.gms.phenotype.gcmpush.GcmPushIntentOperation.a(:com.google.android.gms@11951440:13)
12-12 13:35:27.636 11484 11736 E GcmPushIntentOperation: 	at com.google.android.gms.phenotype.gcmpush.GcmPushIntentOperation.onHandleIntent(:com.google.android.gms@11951440:6)
12-12 13:35:27.636 11484 11736 E GcmPushIntentOperation: 	at com.google.android.chimera.IntentOperation.onHandleIntent(:com.google.android.gms@11951440:2)
12-12 13:35:27.636 11484 11736 E GcmPushIntentOperation: 	at crr.run(:com.google.android.gms@11951440:10)
12-12 13:35:27.636 11484 11736 E GcmPushIntentOperation: 	at cro.run(:com.google.android.gms@11951440:9)
12-12 13:35:27.636 11484 11736 E GcmPushIntentOperation: 	at java.util.concurrent.ThreadPoolExecutor.runWorker(ThreadPoolExecutor.java:1133)
12-12 13:35:27.636 11484 11736 E GcmPushIntentOperation: 	at java.util.concurrent.ThreadPoolExecutor$Worker.run(ThreadPoolExecutor.java:607)
12-12 13:35:27.636 11484 11736 E GcmPushIntentOperation: 	at java.lang.Thread.run(Thread.java:761)
12-12 13:35:27.648 11484 11593 I GCM     : GCM config loaded
12-12 13:35:27.652 11484 11736 E GcmPushIntentOperation: Failed to subscribe to GCM: com.google.android.gms.netrec
12-12 13:35:27.652 11484 11736 E GcmPushIntentOperation: java.io.IOException: SERVICE_NOT_AVAILABLE
12-12 13:35:27.652 11484 11736 E GcmPushIntentOperation: 	at vov.b(:com.google.android.gms@11951440:39)
12-12 13:35:27.652 11484 11736 E GcmPushIntentOperation: 	at vov.a(:com.google.android.gms@11951440:46)
12-12 13:35:27.652 11484 11736 E GcmPushIntentOperation: 	at vos.b(:com.google.android.gms@11951440:11)
12-12 13:35:27.652 11484 11736 E GcmPushIntentOperation: 	at vos.a(:com.google.android.gms@11951440:29)
12-12 13:35:27.652 11484 11736 E GcmPushIntentOperation: 	at com.google.android.gms.phenotype.gcmpush.GcmPushIntentOperation.a(:com.google.android.gms@11951440:13)
12-12 13:35:27.652 11484 11736 E GcmPushIntentOperation: 	at com.google.android.gms.phenotype.gcmpush.GcmPushIntentOperation.onHandleIntent(:com.google.android.gms@11951440:6)
12-12 13:35:27.652 11484 11736 E GcmPushIntentOperation: 	at com.google.android.chimera.IntentOperation.onHandleIntent(:com.google.android.gms@11951440:2)
12-12 13:35:27.652 11484 11736 E GcmPushIntentOperation: 	at crr.run(:com.google.android.gms@11951440:10)
12-12 13:35:27.652 11484 11736 E GcmPushIntentOperation: 	at cro.run(:com.google.android.gms@11951440:9)
12-12 13:35:27.652 11484 11736 E GcmPushIntentOperation: 	at java.util.concurrent.ThreadPoolExecutor.runWorker(ThreadPoolExecutor.java:1133)
