12-12 13:33:42.795  1040  2116 I ActivityManager: START u0 {act=android.intent.action.MAIN cat=[android.intent.category.LAUNCHER] flg=0x10200000 cmp=com.example.snoopy/.CameraInputFrames} from uid 2000 on display 0
12-12 13:33:43.125  1040  4758 I ActivityManager: START u0 {} from uid 11787 on display 0
12-12 13:33:43.167  1040  1393 I ActivityManager: START u0 {} from uid 11787 on display 0
12-12 13:33:43.225  1040  7912 I ActivityManager: START u0 {} from uid 11787 on display 0
12-12 13:33:43.328  1040  7911 I ActivityManager: START u0 {flg=0x14000000 cmp=com.android.settings/.Settings$DataUsageSummaryActivity} from uid 10043 on display 0
12-12 13:33:43.503  7225  7466 W Settings: Setting airplane_mode_on has moved from android.provider.Settings.System to android.provider.Settings.Global, returning read-only value.
12-12 13:33:43.503  7225  7433 W Settings: Setting airplane_mode_on has moved from android.provider.Settings.System to android.provider.Settings.Global, returning read-only value.
12-12 13:33:43.504  1982  1982 I rcs     : [PresencePublication] onReceive intent=Intent { act=android.intent.action.AIRPLANE_MODE flg=0x10 (has extras) }
12-12 13:33:43.504  1982  1982 I rcs     : [PresencePublication] Airplane mode, set to PUBLISH_STATE_NOT_PUBLISHED
12-12 13:33:43.504  1982  1982 I rcs     : [RcsStackAdaptor] mPublishingState=1 publishState=1
12-12 13:33:43.504  1761  1761 I PhoneApp: Turning radio off - airplane
12-12 13:33:43.507  1040  7830 D ContextHubService: Asking HAL to remove app
12-12 13:33:43.509  1040  1040 D BluetoothManagerService: Bluetooth persisted state: 0
12-12 13:33:43.510  1040  1040 D BluetoothManagerService: State ON
12-12 13:33:43.510  1040  1040 D BluetoothManagerService: Calling disable
12-12 13:33:43.511  1040  1040 D WifiService: resetting country code because Airplane mode is ON
12-12 13:33:43.511  8847  8847 D CellBroadcastReceiver: onReceive Intent { act=android.intent.action.AIRPLANE_MODE flg=0x10 cmp=com.android.cellbroadcastreceiver/.CellBroadcastReceiver (has extras) }
12-12 13:33:43.511  8847  8847 W CellBroadcastReceiver: onReceive() unexpected action android.intent.action.AIRPLANE_MODE
12-12 13:33:43.511  1040  1426 D WifiStateMachine: WifiStateMachine: Leaving Connected state
12-12 13:33:43.512  1040  1426 D WifiNative-HAL: stopRssiMonitoring, cmdId 0
12-12 13:33:43.512  1040  1427 D DhcpClient: doQuit
12-12 13:33:43.513  1040  1427 D ApfFilter: (wlan0): shutting down
12-12 13:33:43.518  1040  6523 D DhcpClient: onQuitting
12-12 13:33:43.518  1040  1430 D ConnectivityService: NetworkAgentInfo [WIFI () - 100] EVENT_NETWORK_INFO_CHANGED, going from CONNECTED to DISCONNECTED
12-12 13:33:43.518  1040  1430 D ConnectivityService: NetworkAgentInfo [WIFI () - 100] got DISCONNECTED, was satisfying 6
12-12 13:33:43.519  1040  1386 I nanohub : osLog: [NanoMinion] received MSG Type 0x31, Version 0, 12 bytes
12-12 13:33:43.520   632  1215 D CommandListener: Setting iface cfg
12-12 13:33:43.522   632  1208 I Netd    : Destroyed 19 sockets on 192.168.1.10 in 0.5 ms
12-12 13:33:43.525  7225  7225 I GeofencerStateMachine: sendWifiConnectivityChanged: connectivity=false
12-12 13:33:43.527  7299  7763 V NativeCrypto: Read error: ssl=0x72c48727c8: I/O error during system call, Software caused connection abort
12-12 13:33:43.528  7225  7528 V NativeCrypto: Read error: ssl=0x72eeef0108: I/O error during system call, Software caused connection abort
12-12 13:33:43.529  1700  1700 I wpa_supplicant: wlan0: CTRL-EVENT-REGDOM-CHANGE init=USER type=COUNTRY alpha2=US
12-12 13:33:43.532  1040  1426 D WifiCountryCode: Succeeded to set country code to: US
12-12 13:33:43.533  1040  1426 I WifiConnectivityManager: Set WiFi disabled
12-12 13:33:43.533  1040  1426 D wifi    : android_net_wifi_reset_alert_handler = 0x72cb381b20
12-12 13:33:43.533  1040  1426 D wifi    : android_net_wifi_reset_log_handler = 0x72cb381b20
12-12 13:33:43.533  1040  1426 D wifi    : android_net_wifi_start_logging_ring_buffer = 0x72cb381b20
12-12 13:33:43.533  7225  7528 V NativeCrypto: SSL shutdown failed: ssl=0x72eeef0108: I/O error during system call, Broken pipe
12-12 13:33:43.533  1040  1426 D wifi    : start logging for ring power_events_rb
12-12 13:33:43.534  1040  1426 D wifi    : android_net_wifi_start_logging_ring_buffer = 0x72cb381b20
12-12 13:33:43.538  1040  1426 D wifi    : start logging for ring connectivity_events_rb
12-12 13:33:43.539  1040  1426 D wifi    : android_net_wifi_start_logging_ring_buffer = 0x72cb381b20
12-12 13:33:43.539  1040  1426 D wifi    : start logging for ring pkt_stats_rb
12-12 13:33:43.540  1040  1426 D wifi    : android_net_wifi_start_logging_ring_buffer = 0x72cb381b20
12-12 13:33:43.541  1040  1426 D wifi    : start logging for ring driver_prints_rb
12-12 13:33:43.541  1040  1426 D wifi    : android_net_wifi_start_logging_ring_buffer = 0x72cb381b20
12-12 13:33:43.542  7225  7528 E GCM     : Connection closed with errorCode 20
12-12 13:33:43.542  1040  1426 D wifi    : start logging for ring firmware_prints_rb
12-12 13:33:43.543  1040  6527 D DhcpClient: Receive thread stopped
12-12 13:33:43.548  7299  8255 W io.grpc.internal.dj: [{0}] Failed to resolve name. status={1}
12-12 13:33:43.552  7225  7466 W Settings: Setting airplane_mode_on has moved from android.provider.Settings.System to android.provider.Settings.Global, returning read-only value.
12-12 13:33:43.552  1040  1426 D WifiNetworkAgent: NetworkAgent: NetworkAgent channel lost
12-12 13:33:43.557  1040  7912 D ContextHubService: Asking HAL to remove app
12-12 13:33:43.557  1040  1040 W WindowManager: Attempted to remove non-existing token: android.os.Binder@549d389
12-12 13:33:43.559  1040  1040 D RttService: SCAN_AVAILABLE : 1
12-12 13:33:43.559  1040  1428 I WifiScanningService: wifi driver unloaded
12-12 13:33:43.561  7299  8614 V NativeCrypto: Write error: ssl=0x72c48727c8: I/O error during system call, Broken pipe
12-12 13:33:43.566  1040  1429 D RttService: EnabledState got{ when=-6ms what=160513 target=com.android.internal.util.StateMachine$SmHandler }
12-12 13:33:43.566  1040  1386 I nanohub : osLog: [NanoMinion] received MSG Type 0x31, Version 0, 10 bytes
12-12 13:33:43.569  1040  1428 W AlarmManager: Unrecognized alarm listener com.android.server.wifi.scanner.SupplicantWifiScannerImpl$2@3bc743f
12-12 13:33:43.570   632  1215 D CommandListener: Clearing all IP addresses on wlan0
12-12 13:33:43.574  7299  8614 V NativeCrypto: Write error: ssl=0x72c48727c8: I/O error during system call, Broken pipe
12-12 13:33:43.577  7299  8614 W bdrj    : Failed closing connection
12-12 13:33:43.577  7299  8614 W bdrj    : javax.net.ssl.SSLException: Write error: ssl=0x72c48727c8: I/O error during system call, Broken pipe
12-12 13:33:43.577  7299  8614 W bdrj    : 	at com.google.android.gms.org.conscrypt.NativeCrypto.SSL_write(Native Method)
12-12 13:33:43.577  7299  8614 W bdrj    : 	at com.google.android.gms.org.conscrypt.SslWrapper.write(:com.google.android.gms@11951440)
12-12 13:33:43.577  7299  8614 W bdrj    : 	at com.google.android.gms.org.conscrypt.ConscryptFileDescriptorSocket$SSLOutputStream.write(:com.google.android.gms@11951440:6)
12-12 13:33:43.577  7299  8614 W bdrj    : 	at bdwv.a_(:com.google.android.gms@11951440:1)
12-12 13:33:43.577  7299  8614 W bdrj    : 	at bdwe.a_(:com.google.android.gms@11951440:6)
12-12 13:33:43.577  7299  8614 W bdrj    : 	at bdwy.close(:com.google.android.gms@11951440:3)
12-12 13:33:43.577  7299  8614 W bdrj    : 	at bdsv.close(:com.google.android.gms@11951440)
12-12 13:33:43.577  7299  8614 W bdrj    : 	at bdqs.run(:com.google.android.gms@11951440:6)
12-12 13:33:43.577  7299  8614 W bdrj    : 	at io.grpc.internal.es.run(:com.google.android.gms@11951440:2)
12-12 13:33:43.577  7299  8614 W bdrj    : 	at mvc.run(:com.google.android.gms@11951440:26)
12-12 13:33:43.577  7299  8614 W bdrj    : 	at java.util.concurrent.ThreadPoolExecutor.runWorker(ThreadPoolExecutor.java:1133)
12-12 13:33:43.577  7299  8614 W bdrj    : 	at java.util.concurrent.ThreadPoolExecutor$Worker.run(ThreadPoolExecutor.java:607)
12-12 13:33:43.577  7299  8614 W bdrj    : 	at nak.run(:com.google.android.gms@11951440)
12-12 13:33:43.577  7299  8614 W bdrj    : 	at java.lang.Thread.run(Thread.java:761)
12-12 13:33:43.584  1748  1797 W QCNEJ   : |CORE| network lost: 100
12-12 13:33:43.587  1748  1797 W QCNEJ   : |CORE| onLost: unbind the process to WIFI
12-12 13:33:43.588  1040  1426 D WifiNative-HAL: stopRssiMonitoring, cmdId 0
12-12 13:33:43.589  1040  1426 D WifiStateMachine: SupplicantStoppingState: stopSupplicant  init.svc.wpa_supplicant=unknown init.svc.p2p_supplicant=unknown
12-12 13:33:43.592  1040  2012 I ActivityManager: START u0 {} from uid 11787 on display 0
12-12 13:33:43.603   638   638 W cnss-daemon: type=1400 audit(0.0:197): avc: granted { net_admin } for capability=12 scontext=u:r:cnss-daemon:s0 tcontext=u:r:cnss-daemon:s0 tclass=capability
12-12 13:33:43.603  1700  1700 I wpa_supplicant: wlan0: CTRL-EVENT-DISCONNECTED bssid=74:da:38:2b:07:33 reason=3 locally_generated=1
12-12 13:33:43.603   638   638 W cnss-daemon: type=1400 audit(0.0:198): avc: granted { net_admin } for capability=12 scontext=u:r:cnss-daemon:s0 tcontext=u:r:cnss-daemon:s0 tclass=capability
12-12 13:33:43.622   632  1215 V IdletimerController: runCmd(/system/bin/ip6tables -w -t raw -D idletimer_raw_PREROUTING -i wlan0 -j IDLETIMER --timeout 15 --label 1 --send_nl_msg 1) res_ipv4=0, res_ipv6=0
12-12 13:33:43.603   638   638 W cnss-daemon: type=1400 audit(0.0:199): avc: granted { net_admin } for capability=12 scontext=u:r:cnss-daemon:s0 tcontext=u:r:cnss-daemon:s0 tclass=capability
12-12 13:33:43.623  1040  1793 W WindowManager: Attempted to add existing input method token: android.os.BinderProxy@ebd88dc
12-12 13:33:43.603   638   638 W cnss-daemon: type=1400 audit(0.0:200): avc: granted { net_admin } for capability=12 scontext=u:r:cnss-daemon:s0 tcontext=u:r:cnss-daemon:s0 tclass=capability
12-12 13:33:43.603   638   638 W cnss-daemon: type=1400 audit(0.0:201): avc: granted { net_admin } for capability=12 scontext=u:r:cnss-daemon:s0 tcontext=u:r:cnss-daemon:s0 tclass=capability
12-12 13:33:43.603   638   638 W cnss-daemon: type=1400 audit(0.0:202): avc: granted { net_admin } for capability=12 scontext=u:r:cnss-daemon:s0 tcontext=u:r:cnss-daemon:s0 tclass=capability
12-12 13:33:43.625  1040  1790 I ActivityManager: START u0 {flg=0x10008000 cmp=com.google.android.gms/.nearby.discovery.ui.DiscoveryListActivity (has extras)} from uid 10018 on display 0
12-12 13:33:43.638  1700  1700 I wpa_supplicant: nl80211: deinit ifname=wlan0 disabled_11b_rates=0
12-12 13:33:43.643   632  1215 V IdletimerController: runCmd(/system/bin/ip6tables -w -t mangle -D idletimer_mangle_POSTROUTING -o wlan0 -j IDLETIMER --timeout 15 --label 1 --send_nl_msg 1) res_ipv4=0, res_ipv6=0
12-12 13:33:43.644  1040  1430 D ConnectivityService: Sending DISCONNECTED broadcast for type 1 NetworkAgentInfo [WIFI () - 100] isDefaultNetwork=true
12-12 13:33:43.651  1040  7830 W BroadcastQueue: Skipping deliver [background] BroadcastRecord{7f3aa55 u-1 android.net.conn.CONNECTIVITY_CHANGE} to ReceiverList{e3abc6b 8646 (unknown name)/2000/u-1 remote:70165dc}: process crashing
12-12 13:33:43.652  7299  7299 I CmaSystemUpdateService: connectivity change: Intent { act=android.net.conn.CONNECTIVITY_CHANGE flg=0x4000010 (has extras) }
12-12 13:33:43.652  7299  7299 I CmaSystemUpdateService: receiver: Intent { act=android.net.conn.CONNECTIVITY_CHANGE flg=0x4000010 (has extras) }
12-12 13:33:43.656  8188  8188 D MusicLifecycle: com.google.android.music.net.NetworkConnectivityMonitor$NetworkChangedReceiver generated event: Broadcast received with context com.google.android.music.ui.PhoneMusicApplication@7b1e1a9 and intent Intent { act=android.net.conn.CONNECTIVITY_CHANGE flg=0x4000010 (has extras) }
12-12 13:33:43.659  2633  2656 D RcsStack: a: processConnectivityIntent(): mNetworkInfo=[type: WIFI[], state: DISCONNECTED/DISCONNECTED, reason: (unspecified), extra: (none), failover: false, available: true, roaming: false, metered: false] isConnected=false mState=DISCONNECTED
12-12 13:33:43.664  1700  1700 I wpa_supplicant: wlan0: CTRL-EVENT-TERMINATING 
12-12 13:33:43.667  8276  8276 W Finsky  : [1] com.google.android.finsky.application.FinskyAppImpl.bM(1132): No account configured on this device.
12-12 13:33:43.668  8188  8188 I NetworkConnectivity: Network state changed: null
12-12 13:33:43.674  8188  8188 I NetworkPolicyMonitor: Download-ability status changed to (false) unmetered wifi/eth: false mobileOrMetered: false
12-12 13:33:43.681  7299  8929 I iu.SyncManager: SYNC; picasa accounts
12-12 13:33:43.682  8188  8188 I NetworkPolicyMonitor: Stream-ability status changed to (false) unmetered wifi/eth: false mobileOrMetered: false
12-12 13:33:43.700  8188  8188 D MusicLifecycle: com.google.android.music.download.EncapsulatedBroadcastReceiver$1 generated event: Broadcast received with context com.google.android.music.ui.PhoneMusicApplication@7b1e1a9 and intent Intent { act=com.google.android.music.download.keepon.KeeponSchedulingService.START_DOWNLOAD flg=0x10 }
12-12 13:33:43.706  1700  1700 I wpa_supplicant: nl80211: deinit ifname=p2p0 disabled_11b_rates=0
12-12 13:33:43.718   632  1215 E Netd    : netlink response contains error (No such file or directory)
12-12 13:33:43.737  1700  1700 I wpa_supplicant: p2p0: CTRL-EVENT-TERMINATING 
12-12 13:33:43.737  1700  1700 I wpa_supplicant: CTRL_IFACE: Detach monitor that cannot receive messages: /data/misc/wifi/sockets/wpa_ctrl_1040-2\x00
12-12 13:33:43.766  1040  1426 D wifi    : In wifi stop Hal
12-12 13:33:43.766  1040  1426 D wifi    : halHandle = 0x72e8c94c00, mVM = 0x72f04e7f00, mCls = 0x200c86
12-12 13:33:43.766  1040  1426 I WifiHAL : Sent msg on exit sock to unblock poll()
12-12 13:33:43.770  7225  7466 W Settings: Setting airplane_mode_on has moved from android.provider.Settings.System to android.provider.Settings.Global, returning read-only value.
12-12 13:33:43.777  1040  1699 D wifi    : In wifi cleaned up handler
12-12 13:33:43.786  1040  1699 D wifi    : set interface wlan0 flags (DOWN)
12-12 13:33:43.786  1040  1426 D WifiNative-HAL: HAL event thread stopped successfully
12-12 13:33:43.797   574   574 I rmt_storage: rmt_storage_connect_cb: clnt_h=0xc conn_h=0x7ee0a2a000
12-12 13:33:43.797   574   574 I rmt_storage: rmt_storage_rw_iovec_cb: /boot/modem_fs2: req_h=0xc msg_id=3: R/W request received
12-12 13:33:43.797   574   574 I rmt_storage: wakelock acquired: 1, error no: 42
12-12 13:33:43.797   574   871 I rmt_storage: rmt_storage_client_thread: /boot/modem_fs2: Unblock worker thread (th_id: 544931325008)
12-12 13:33:43.808  1761  1882 V ImsSenderRxr: Read packet: 15 bytes
12-12 13:33:43.829   574   871 I rmt_storage: rmt_storage_client_thread: /boot/modem_fs2: req_h=0xc msg_id=3: Bytes written = 2097152
12-12 13:33:43.829   574   871 I rmt_storage: rmt_storage_client_thread: /boot/modem_fs2: req_h=0xc msg_id=3: Send response: res=0 err=0
12-12 13:33:43.829   574   871 I rmt_storage: rmt_storage_client_thread: /boot/modem_fs2: About to block rmt_storage client thread (th_id: 544931325008) wakelock released: 1, error no: 0
12-12 13:33:43.829   574   871 I rmt_storage: 
12-12 13:33:43.830   574   574 I rmt_storage: rmt_storage_disconnect_cb: clnt_h=0xc conn_h=0x7ee0a2a000
12-12 13:33:43.840  8659  8673 I art     : Starting a blocking GC Explicit
12-12 13:33:43.854  8659  8673 I art     : Explicit concurrent mark sweep GC freed 4324(161KB) AllocSpace objects, 1(20KB) LOS objects, 39% free, 5MB/8MB, paused 150us total 14.541ms
12-12 13:33:43.879  1040  1040 I GnssLocationProvider: WakeLock acquired by sendMessage(12, 0, null)
12-12 13:33:43.881  1761  1761 D MccTable: updateMccMncConfiguration mccmnc='null' fromServiceState=true
12-12 13:33:43.881  1761  1761 D MccTable: WIFI_COUNTRY_CODE set to 
12-12 13:33:43.881  1040  2031 I WifiService: WifiService trying to set country code to  with persist set to false
12-12 13:33:43.890  1040  1081 I GnssLocationProvider: WakeLock released by handleMessage(12, 0, null)
12-12 13:33:43.890  1761  1761 I Telephony: PstnIncomingCallNotifier: Unregistering: Handler (com.android.internal.telephony.GsmCdmaPhone) {5698719}
12-12 13:33:43.891  1761  1761 E PhoneInterfaceManager: [PhoneIntfMgr] getIccId: No UICC
12-12 13:33:43.896  1040  7919 I Telecom : PhoneAccountRegistrar: [ComponentInfo{com.android.phone/com.android.services.telephony.TelephonyConnectionService}, [e0184adedf913b076626646d3f52c3b49c39ad6d], UserHandle{0}(icon: Icon(typ=BITMAP size=50x63) -> Icon(typ=BITMAP size=50x63))]: TSI.rPA@ADI
12-12 13:33:43.897  1040  7919 I Telecom : : Sending phone-account registered intent as user: TSI.rPA@ADI
12-12 13:33:43.898  1761  1761 I Telephony: AccountEntry: Registered phoneAccount: [[ ] PhoneAccount: ComponentInfo{com.android.phone/com.android.services.telephony.TelephonyConnectionService}, [e0184adedf913b076626646d3f52c3b49c39ad6d], UserHandle{0} Capabilities: CallProvider MultiUser PlaceEmerg SimSub  Audio Routes: BESW Schemes: tel voicemail  Extras: null GroupId: [da39a3ee5e6b4b0d3255bfef95601890afd80709]] with handle: ComponentInfo{com.android.phone/com.android.services.telephony.TelephonyConnectionService}, [e0184adedf913b076626646d3f52c3b49c39ad6d], UserHandle{0}
12-12 13:33:43.899  1761  1761 I Telephony: PstnIncomingCallNotifier: Registering: Handler (com.android.internal.telephony.GsmCdmaPhone) {5698719}
12-12 13:33:43.906  1761  1761 V XDivert : Action intent recieved:Intent { act=android.intent.action.ACTION_SUBINFO_RECORD_UPDATED flg=0x10 cmp=com.qti.xdivert/.XDivert }
12-12 13:33:43.906  1761  1761 I ImsExternalCallTracker: handleVideoCapabilitiesChanged : isVideoCapable = false
12-12 13:33:43.906  1761  1761 D ImsExternalCallTracker: refreshCallPullState
12-12 13:33:43.908  1761  1761 E PhoneInterfaceManager: [PhoneIntfMgr] getIccId: No UICC
12-12 13:33:43.909  8847  8847 D CellBroadcastReceiver: onReceive Intent { act=android.intent.action.SERVICE_STATE flg=0x10 cmp=com.android.cellbroadcastreceiver/.CellBroadcastReceiver (has extras) }
12-12 13:33:43.909  8847  8847 D CellBroadcastReceiver: Intent: android.intent.action.SERVICE_STATE
12-12 13:33:43.909  8847  8847 D CellBroadcastReceiver: Service state changed! 3 Full: 3 3 voice home data home null null null null null null  Unknown Unknown CSS not supported -1 -1 RoamInd=-1 DefRoamInd=-1 EmergOnly=false IsDataRoamingFromRegistration=false IsUsingCarrierAggregation=false Current state=1
12-12 13:33:43.914  1500  1500 W KeyguardUpdateMonitor: invalid subId in handleServiceStateChange()
12-12 13:33:43.915  1040  7919 I Telecom : PhoneAccountRegistrar: [ComponentInfo{com.android.phone/com.android.services.telephony.TelephonyConnectionService}, [e0184adedf913b076626646d3f52c3b49c39ad6d], UserHandle{0}(icon: Icon(typ=BITMAP size=50x63) -> Icon(typ=BITMAP size=50x63))]: TSI.rPA@ADU
12-12 13:33:43.917  1040  7919 I Telecom : : Sending phone-account registered intent as user: TSI.rPA@ADU
12-12 13:33:43.946  1040  1099 D IpManager.wlan0: interfaceRemoved(wlan0)
12-12 13:33:43.987  1040  1426 D WifiNative-HAL: Failing getSupportedFeatureset because HAL isn't started
12-12 13:33:43.989  7525  7529 E WCNSS_FILTER: do_read: read returned 0, err = Success, read bytes: 0, expected: 0
12-12 13:33:43.989  7525  7529 I WCNSS_FILTER: ibs_msm_serial_clock_vote: vote UART CLK ON using UART driver's ioctl()
12-12 13:33:44.004  1040  2054 E BatteryStatsService: no controller energy info supplied
12-12 13:33:44.106  1040  1101 E BluetoothManagerService: waitForOnOff time out
12-12 13:33:44.106  1040  1101 D BluetoothManagerService: MESSAGE_DISABLE: mBluetooth = android.bluetooth.IBluetooth$Stub$Proxy@6e4c5e4
12-12 13:33:44.107  1040  1101 D BluetoothManagerService: Sending off request.
12-12 13:33:44.107  7444  7456 D BluetoothAdapterService: disable() called...
12-12 13:33:44.107  7444  7467 D BluetoothAdapterState: Current state: ON, message: 23
12-12 13:33:44.107  7444  7467 D BluetoothAdapterProperties: Setting state to 13
12-12 13:33:44.108  7444  7467 I BluetoothAdapterState: Bluetooth adapter state changed: 12-> 13
12-12 13:33:44.108  7444  7467 D BluetoothAdapterService: updateAdapterState() - Broadcasting state to 1 receivers.
12-12 13:33:44.108  7444  7467 D BluetoothAdapterProperties: onBluetoothDisable()
12-12 13:33:44.108  7444  7467 I BluetoothAdapterState: Entering PendingCommandState
12-12 13:33:44.109  1040  1101 D BluetoothManagerService: MESSAGE_DISABLE: mBluetooth = android.bluetooth.IBluetooth$Stub$Proxy@6e4c5e4
12-12 13:33:44.109  1040  1101 D BluetoothManagerService: Sending off request.
12-12 13:33:44.109  7444  7473 D BluetoothAdapterProperties: Scan Mode:20
12-12 13:33:44.109  7444  7455 D BluetoothAdapterService: disable() called...
12-12 13:33:44.110  7444  7467 D BluetoothAdapterState: Current state: PENDING_COMMAND, message: 21
12-12 13:33:44.110  7444  7467 D BluetoothAdapterService: setProfileServiceState() - Stopping service com.android.bluetooth.hfp.HeadsetService
12-12 13:33:44.110  7444  7467 D BluetoothAdapterService: setProfileServiceState() - Stopping service com.android.bluetooth.a2dp.A2dpService
12-12 13:33:44.111  7444  7444 D BluetoothAdapterService: getAdapterService() - returning com.android.bluetooth.btservice.AdapterService@9d9fcb8
12-12 13:33:44.111  7444  7444 D HeadsetService: Received stop request...Stopping profile...
12-12 13:33:44.112  7444  7467 D BluetoothAdapterService: setProfileServiceState() - Stopping service com.android.bluetooth.hid.HidService
12-12 13:33:44.112  7444  7444 D BluetoothAdapterService: getAdapterService() - returning com.android.bluetooth.btservice.AdapterService@9d9fcb8
12-12 13:33:44.113  1040  1040 D BluetoothHeadset: Proxy object disconnected
12-12 13:33:44.113  1040  1040 D BluetoothHeadset: Proxy object disconnected
12-12 13:33:44.113  7444  7444 D BluetoothAdapterService: getAdapterService() - returning com.android.bluetooth.btservice.AdapterService@9d9fcb8
12-12 13:33:44.114  1761  1773 D BluetoothHeadset: Proxy object disconnected
12-12 13:33:44.115  1500  1532 D BluetoothHeadset: Proxy object disconnected
12-12 13:33:44.115  1040  1040 D BluetoothHeadset: Proxy object disconnected
12-12 13:33:44.115  7444  7467 D BluetoothAdapterService: setProfileServiceState() - Stopping service com.android.bluetooth.hdp.HealthService
12-12 13:33:44.116  7444  7444 D A2dpService: Received stop request...Stopping profile...
12-12 13:33:44.116  7444  7577 D A2dpStateMachine: Exit Disconnected: -1
12-12 13:33:44.118  7444  7444 D BluetoothAdapterService: getAdapterService() - returning com.android.bluetooth.btservice.AdapterService@9d9fcb8
12-12 13:33:44.120  1040  1040 D BluetoothA2dp: Proxy object disconnected
12-12 13:33:44.120  7444  7467 D BluetoothAdapterService: setProfileServiceState() - Stopping service com.android.bluetooth.pan.PanService
12-12 13:33:44.122  7444  7444 D BluetoothAdapterService: handleMessage() - Message: 1
12-12 13:33:44.122  7444  7444 D BluetoothAdapterService: handleMessage() - MESSAGE_PROFILE_SERVICE_STATE_CHANGED
12-12 13:33:44.122  7444  7444 D BluetoothAdapterService: processProfileServiceStateChanged() serviceName=com.android.bluetooth.hfp.HeadsetService, state=10, doUpdate=true
12-12 13:33:44.122  7444  7444 V BluetoothAdapterState: isTurningOff()=true
12-12 13:33:44.122  7444  7444 V BluetoothAdapterState: isTurningOn()=false
12-12 13:33:44.122  7444  7444 V BluetoothAdapterState: isBleTurningOn()=false
12-12 13:33:44.122  7444  7444 V BluetoothAdapterState: isBleTurningOff()=false
12-12 13:33:44.122  7444  7444 D BluetoothAdapterService: processProfileServiceStateChanged() - serviceName=com.android.bluetooth.hfp.HeadsetService isTurningOn=false isTurningOff=true isBleTurningOn=false isBleTurningOff=false
12-12 13:33:44.122  7444  7444 D BluetoothAdapterService: Service: com.android.bluetooth.hid.HidService
12-12 13:33:44.122  7444  7444 D BluetoothAdapterService: onProfileServiceStateChange() - Profile still running: com.android.bluetooth.hid.HidService
12-12 13:33:44.122  7444  7444 D BluetoothAdapterService: getAdapterService() - returning com.android.bluetooth.btservice.AdapterService@9d9fcb8
12-12 13:33:44.123  7444  7444 D HidService: Received stop request...Stopping profile...
12-12 13:33:44.123  7444  7444 D HidService: Stopping Bluetooth HidService
12-12 13:33:44.123  7444  7444 D BluetoothAdapterService: getAdapterService() - returning com.android.bluetooth.btservice.AdapterService@9d9fcb8
12-12 13:33:44.124  1500  1500 D HeadsetProfile: Bluetooth service disconnected
12-12 13:33:44.125  7444  7467 D BluetoothAdapterService: setProfileServiceState() - Stopping service com.android.bluetooth.map.BluetoothMapService
12-12 13:33:44.127  1040  1101 D BluetoothManagerService: MESSAGE_BLUETOOTH_STATE_CHANGE: ON > TURNING_OFF
12-12 13:33:44.127  1040  1101 D BluetoothManagerService: Sending BLE State Change: ON > TURNING_OFF
12-12 13:33:44.128  7444  7467 D BluetoothAdapterService: setProfileServiceState() - Stopping service com.android.bluetooth.sap.SapService
12-12 13:33:44.129  1500  1500 D BluetoothA2dp: Proxy object disconnected
12-12 13:33:44.129  1500  1500 D BluetoothInputDevice: Proxy object disconnected
12-12 13:33:44.129  1500  1500 D HidProfile: Bluetooth service disconnected
12-12 13:33:44.135  7444  7467 D BluetoothAdapterState: Current state: PENDING_COMMAND, message: 23
12-12 13:33:44.136  7444  7444 D BluetoothAdapterService: getAdapterService() - returning com.android.bluetooth.btservice.AdapterService@9d9fcb8
12-12 13:33:44.138  7444  7444 W BluetoothHeadsetServiceJni: Cleaning up Bluetooth Handsfree Interface...
12-12 13:33:44.138  7444  7444 W BluetoothHeadsetServiceJni: Cleaning up Bluetooth Handsfree callback object
12-12 13:33:44.138  7444  7444 D BluetoothAdapterService: getAdapterService() - returning com.android.bluetooth.btservice.AdapterService@9d9fcb8
12-12 13:33:44.139  7444  7473 I bt_btif_storage: btif_storage_get_adapter_property service_mask:0x20100008
12-12 13:33:44.139  7444  7473 E bt_btif : btif_hf_upstreams_evt: Invalid index 994
12-12 13:33:44.139  7444  7444 D HealthService: Received stop request...Stopping profile...
12-12 13:33:44.139  7444  7444 D BluetoothAdapterService: getAdapterService() - returning com.android.bluetooth.btservice.AdapterService@9d9fcb8
12-12 13:33:44.140  7444  7444 D BluetoothAdapterService: handleMessage() - Message: 1
12-12 13:33:44.140  7444  7444 D BluetoothAdapterService: handleMessage() - MESSAGE_PROFILE_SERVICE_STATE_CHANGED
12-12 13:33:44.140  7444  7444 D BluetoothAdapterService: processProfileServiceStateChanged() serviceName=com.android.bluetooth.a2dp.A2dpService, state=10, doUpdate=true
12-12 13:33:44.140  7444  7444 V BluetoothAdapterState: isTurningOff()=true
12-12 13:33:44.140  7444  7444 V BluetoothAdapterState: isTurningOn()=false
12-12 13:33:44.141  7444  7444 V BluetoothAdapterState: isBleTurningOn()=false
12-12 13:33:44.141  7444  7444 V BluetoothAdapterState: isBleTurningOff()=false
12-12 13:33:44.141  7444  7444 D BluetoothAdapterService: processProfileServiceStateChanged() - serviceName=com.android.bluetooth.a2dp.A2dpService isTurningOn=false isTurningOff=true isBleTurningOn=false isBleTurningOff=false
12-12 13:33:44.141  7444  7444 D BluetoothAdapterService: Service: com.android.bluetooth.hid.HidService
12-12 13:33:44.141  7444  7444 D BluetoothAdapterService: onProfileServiceStateChange() - Profile still running: com.android.bluetooth.hid.HidService
12-12 13:33:44.141  7444  7444 D BluetoothAdapterService: getAdapterService() - returning com.android.bluetooth.btservice.AdapterService@9d9fcb8
12-12 13:33:44.141  7444  7578 W bt_osi_thread: run_thread: thread id 7578, thread name media_worker exited
12-12 13:33:44.142  7444  7473 I bt_btif_storage: btif_storage_get_adapter_property service_mask:0x20100000
12-12 13:33:44.142  7444  7552 W bt_l2cap: L2CAP - PSM: 0x0019 not found for deregistration
12-12 13:33:44.142  7444  7552 W bt_l2cap: L2CAP - PSM: 0x0017 not found for deregistration
12-12 13:33:44.142  7444  7552 W bt_l2cap: L2CAP - PSM: 0x0019 not found for deregistration
12-12 13:33:44.142  7444  7552 W bt_l2cap: L2CAP - PSM: 0x0017 not found for deregistration
12-12 13:33:44.146  7444  7444 D BluetoothAdapterService: getAdapterService() - returning com.android.bluetooth.btservice.AdapterService@9d9fcb8
12-12 13:33:44.148  7444  7444 D PanService: Received stop request...Stopping profile...
12-12 13:33:44.148  7444  7444 D BluetoothAdapterService: getAdapterService() - returning com.android.bluetooth.btservice.AdapterService@9d9fcb8
12-12 13:33:44.149  7444  7444 D BluetoothAdapterService: handleMessage() - Message: 1
12-12 13:33:44.149  7444  7444 D BluetoothAdapterService: handleMessage() - MESSAGE_PROFILE_SERVICE_STATE_CHANGED
12-12 13:33:44.149  7444  7444 D BluetoothAdapterService: processProfileServiceStateChanged() serviceName=com.android.bluetooth.hid.HidService, state=10, doUpdate=true
12-12 13:33:44.149  7444  7444 V BluetoothAdapterState: isTurningOff()=true
12-12 13:33:44.149  7444  7444 V BluetoothAdapterState: isTurningOn()=false
12-12 13:33:44.149  7444  7444 V BluetoothAdapterState: isBleTurningOn()=false
12-12 13:33:44.149  7444  7444 V BluetoothAdapterState: isBleTurningOff()=false
12-12 13:33:44.149  7444  7444 D BluetoothAdapterService: processProfileServiceStateChanged() - serviceName=com.android.bluetooth.hid.HidService isTurningOn=false isTurningOff=true isBleTurningOn=false isBleTurningOff=false
12-12 13:33:44.149  7444  7444 D BluetoothAdapterService: Service: com.android.bluetooth.hid.HidService
12-12 13:33:44.149  7444  7444 D BluetoothAdapterService: Service: com.android.bluetooth.hfp.HeadsetService
12-12 13:33:44.149  7444  7444 D BluetoothAdapterService: Service: com.android.bluetooth.gatt.GattService
12-12 13:33:44.149  7444  7444 D BluetoothAdapterService: Skip GATT service - already started before
12-12 13:33:44.149  7444  7444 D BluetoothAdapterService: Service: com.android.bluetooth.map.BluetoothMapService
12-12 13:33:44.149  7444  7444 D BluetoothAdapterService: onProfileServiceStateChange() - Profile still running: com.android.bluetooth.map.BluetoothMapService
12-12 13:33:44.149  7444  7444 D BluetoothAdapterService: getAdapterService() - returning com.android.bluetooth.btservice.AdapterService@9d9fcb8
12-12 13:33:44.150  7444  7444 D BluetoothMapService: Received stop request...Stopping profile...
12-12 13:33:44.150  7444  7444 D BluetoothMapService: stop()
12-12 13:33:44.150  7444  7444 D BluetoothMapAppObserver: deinitObservers()
12-12 13:33:44.150  7444  7444 D BluetoothMapAppObserver: removeReceiver()
12-12 13:33:44.151  7444  7593 D BluetoothMapService: MAP Service closeService in
12-12 13:33:44.151  7444  7593 D BluetoothMapMasInstance0: MAP Service shutdown
12-12 13:33:44.151  7444  7593 D BluetoothSdpJni: sdpRemoveSdpRecordNative:
12-12 13:33:44.151  7444  7593 D BluetoothSdpJni: SDP Remove record success - handle: 1
12-12 13:33:44.151  7444  7593 D BluetoothMapMasInstance0: RemoveSDPrecord returns true
12-12 13:33:44.151  7444  7593 D ObexServerSockets0: shutdown(block = true)
12-12 13:33:44.151  7444  7593 D ObexServerSockets0: shutdown called from another thread - interrupt().
12-12 13:33:44.151  7444  7593 D ObexServerSockets0: shutdown called from another thread - interrupt().
12-12 13:33:44.151  7444  7561 E bt_btif : SOCK_LIST: free(id = 1) - NO app_fd!
12-12 13:33:44.151  7444  7614 D ObexServerSockets0: AcceptThread ended for: ServerSocket: Type: TYPE_RFCOMM Channel: 5
12-12 13:33:44.152  7444  7615 D ObexServerSockets0: AcceptThread ended for: ServerSocket: Type: TYPE_L2CAP Channel: 4097
12-12 13:33:44.152  7444  7444 E BluetoothMapService: mSessionStatusHandler.sendMessage() dispatched shutdown message
12-12 13:33:44.152  7444  7444 D BluetoothAdapterService: getAdapterService() - returning com.android.bluetooth.btservice.AdapterService@9d9fcb8
12-12 13:33:44.153  1500  8815 E libEGL  : error creating cache file /data/user_de/0/com.android.systemui/code_cache/com.android.opengl.shaders_cache: No such file or directory (2)
12-12 13:33:44.154  7444  7444 D BluetoothAdapterService: getAdapterService() - returning com.android.bluetooth.btservice.AdapterService@9d9fcb8
12-12 13:33:44.154  7444  7444 W BluetoothHidServiceJni: Cleaning up Bluetooth HID Interface...
12-12 13:33:44.154  7444  7444 W BluetoothHidServiceJni: Cleaning up Bluetooth GID callback object
12-12 13:33:44.154  7444  7473 I bt_btif_storage: btif_storage_get_adapter_property service_mask:0x20000000
12-12 13:33:44.154  7444  7444 D BluetoothAdapterService: getAdapterService() - returning com.android.bluetooth.btservice.AdapterService@9d9fcb8
12-12 13:33:44.155  7444  7444 D SapService: Received stop request...Stopping profile...
12-12 13:33:44.155  7444  7444 V SapService: stop()
12-12 13:33:44.155  7444  7444 D BluetoothSdpJni: sdpRemoveSdpRecordNative:
12-12 13:33:44.155  7444  7444 D BluetoothSdpJni: SDP Remove record success - handle: 0
12-12 13:33:44.155  7444  7444 D BluetoothAdapterService: getAdapterService() - returning com.android.bluetooth.btservice.AdapterService@9d9fcb8
12-12 13:33:44.156  7444  7444 D BluetoothPbapReceiver: PbapReceiver onReceive action = android.bluetooth.adapter.action.STATE_CHANGED
12-12 13:33:44.156  7444  7444 D BluetoothPbapReceiver: state = 13
12-12 13:33:44.156  7444  7444 D BluetoothPbapReceiver: Calling start service with action = null
12-12 13:33:44.158  7444  7444 D BluetoothAdapterService: handleMessage() - Message: 1
12-12 13:33:44.158  7444  7444 D BluetoothAdapterService: handleMessage() - MESSAGE_PROFILE_SERVICE_STATE_CHANGED
12-12 13:33:44.158  7444  7444 D BluetoothAdapterService: processProfileServiceStateChanged() serviceName=com.android.bluetooth.hdp.HealthService, state=10, doUpdate=true
12-12 13:33:44.158  7444  7444 V BluetoothAdapterState: isTurningOff()=true
12-12 13:33:44.158  7444  7444 V BluetoothAdapterState: isTurningOn()=false
12-12 13:33:44.158  7444  7444 V BluetoothAdapterState: isBleTurningOn()=false
12-12 13:33:44.158  7444  7444 V BluetoothAdapterState: isBleTurningOff()=false
12-12 13:33:44.158  7444  7444 D BluetoothAdapterService: processProfileServiceStateChanged() - serviceName=com.android.bluetooth.hdp.HealthService isTurningOn=false isTurningOff=true isBleTurningOn=false isBleTurningOff=false
12-12 13:33:44.158  7444  7444 D BluetoothAdapterService: Service: com.android.bluetooth.hid.HidService
12-12 13:33:44.158  7444  7444 D BluetoothAdapterService: Service: com.android.bluetooth.hfp.HeadsetService
12-12 13:33:44.158  7444  7444 D BluetoothAdapterService: Service: com.android.bluetooth.gatt.GattService
12-12 13:33:44.158  7444  7444 D BluetoothAdapterService: Skip GATT service - already started before
12-12 13:33:44.158  7444  7444 D BluetoothAdapterService: Service: com.android.bluetooth.map.BluetoothMapService
12-12 13:33:44.158  7444  7444 D BluetoothAdapterService: onProfileServiceStateChange() - Profile still running: com.android.bluetooth.map.BluetoothMapService
12-12 13:33:44.159  7444  7444 D BluetoothAdapterService: getAdapterService() - returning com.android.bluetooth.btservice.AdapterService@9d9fcb8
12-12 13:33:44.159  7444  7444 W BluetoothHealthServiceJni: Cleaning up Bluetooth Health Interface...
12-12 13:33:44.159  7444  7473 E bt_btif : btif_in_execute_service_request: Unknown service 27 being disabled
12-12 13:33:44.159  7444  7444 W BluetoothHealthServiceJni: Cleaning up Bluetooth Health object
12-12 13:33:44.160  7444  7444 D BluetoothAdapterService: handleMessage() - Message: 1
12-12 13:33:44.160  7444  7444 D BluetoothAdapterService: handleMessage() - MESSAGE_PROFILE_SERVICE_STATE_CHANGED
12-12 13:33:44.160  7444  7444 D BluetoothAdapterService: processProfileServiceStateChanged() serviceName=com.android.bluetooth.pan.PanService, state=10, doUpdate=true
12-12 13:33:44.160  7444  7444 V BluetoothAdapterState: isTurningOff()=true
12-12 13:33:44.160  7444  7444 V BluetoothAdapterState: isTurningOn()=false
12-12 13:33:44.160  7444  7444 V BluetoothAdapterState: isBleTurningOn()=false
12-12 13:33:44.160  7444  7444 V BluetoothAdapterState: isBleTurningOff()=false
12-12 13:33:44.160  7444  7444 D BluetoothAdapterService: processProfileServiceStateChanged() - serviceName=com.android.bluetooth.pan.PanService isTurningOn=false isTurningOff=true isBleTurningOn=false isBleTurningOff=false
12-12 13:33:44.160  7444  7444 D BluetoothAdapterService: Service: com.android.bluetooth.hid.HidService
12-12 13:33:44.160  7444  7444 D BluetoothAdapterService: Service: com.android.bluetooth.hfp.HeadsetService
12-12 13:33:44.160  7444  7444 D BluetoothAdapterService: Service: com.android.bluetooth.gatt.GattService
12-12 13:33:44.160  7444  7444 D BluetoothAdapterService: Skip GATT service - already started before
12-12 13:33:44.160  7444  7444 D BluetoothAdapterService: Service: com.android.bluetooth.map.BluetoothMapService
12-12 13:33:44.160  7444  7444 D BluetoothAdapterService: onProfileServiceStateChange() - Profile still running: com.android.bluetooth.map.BluetoothMapService
12-12 13:33:44.160  7444  7444 D BluetoothAdapterService: getAdapterService() - returning com.android.bluetooth.btservice.AdapterService@9d9fcb8
12-12 13:33:44.160  7444  7444 W BluetoothPanServiceJni: Cleaning up Bluetooth PAN Interface...
12-12 13:33:44.162  7444  7444 W BluetoothPanServiceJni: Cleaning up Bluetooth PAN callback object
12-12 13:33:44.163  7444  7444 D BluetoothAdapterService: handleMessage() - Message: 1
12-12 13:33:44.163  7444  7444 D BluetoothAdapterService: handleMessage() - MESSAGE_PROFILE_SERVICE_STATE_CHANGED
12-12 13:33:44.163  7444  7444 D BluetoothAdapterService: processProfileServiceStateChanged() serviceName=com.android.bluetooth.map.BluetoothMapService, state=10, doUpdate=true
12-12 13:33:44.163  7444  7444 V BluetoothAdapterState: isTurningOff()=true
12-12 13:33:44.163  7444  7444 V BluetoothAdapterState: isTurningOn()=false
12-12 13:33:44.163  7444  7444 V BluetoothAdapterState: isBleTurningOn()=false
12-12 13:33:44.163  7444  7444 V BluetoothAdapterState: isBleTurningOff()=false
12-12 13:33:44.163  7444  7444 D BluetoothAdapterService: processProfileServiceStateChanged() - serviceName=com.android.bluetooth.map.BluetoothMapService isTurningOn=false isTurningOff=true isBleTurningOn=false isBleTurningOff=false
12-12 13:33:44.163  7444  7444 D BluetoothAdapterService: Service: com.android.bluetooth.hid.HidService
12-12 13:33:44.163  7444  7444 D BluetoothAdapterService: Service: com.android.bluetooth.hfp.HeadsetService
12-12 13:33:44.163  7444  7444 D BluetoothAdapterService: Service: com.android.bluetooth.gatt.GattService
12-12 13:33:44.163  7444  7444 D BluetoothAdapterService: Skip GATT service - already started before
12-12 13:33:44.163  7444  7444 D BluetoothAdapterService: Service: com.android.bluetooth.map.BluetoothMapService
12-12 13:33:44.163  7444  7444 D BluetoothAdapterService: Service: com.android.bluetooth.sap.SapService
12-12 13:33:44.163  7444  7444 D BluetoothAdapterService: onProfileServiceStateChange() - Profile still running: com.android.bluetooth.sap.SapService
12-12 13:33:44.163  7444  7444 D BluetoothAdapterService: getAdapterService() - returning com.android.bluetooth.btservice.AdapterService@9d9fcb8
12-12 13:33:44.163  7444  7444 D BluetoothMapService: cleanup()
12-12 13:33:44.164  7444  7444 D BluetoothAdapterService: handleMessage() - Message: 1
12-12 13:33:44.164  7444  7444 D BluetoothAdapterService: handleMessage() - MESSAGE_PROFILE_SERVICE_STATE_CHANGED
12-12 13:33:44.164  7444  7444 D BluetoothAdapterService: processProfileServiceStateChanged() serviceName=com.android.bluetooth.sap.SapService, state=10, doUpdate=true
12-12 13:33:44.164  7444  7444 V BluetoothAdapterState: isTurningOff()=true
12-12 13:33:44.164  7444  7444 V BluetoothAdapterState: isTurningOn()=false
12-12 13:33:44.164  7444  7444 V BluetoothAdapterState: isBleTurningOn()=false
12-12 13:33:44.164  7444  7444 V BluetoothAdapterState: isBleTurningOff()=false
12-12 13:33:44.164  7444  7444 D BluetoothAdapterService: processProfileServiceStateChanged() - serviceName=com.android.bluetooth.sap.SapService isTurningOn=false isTurningOff=true isBleTurningOn=false isBleTurningOff=false
12-12 13:33:44.164  7444  7444 D BluetoothAdapterService: Service: com.android.bluetooth.hid.HidService
12-12 13:33:44.164  7444  7444 D BluetoothAdapterService: Service: com.android.bluetooth.hfp.HeadsetService
12-12 13:33:44.164  7444  7444 D BluetoothAdapterService: Service: com.android.bluetooth.gatt.GattService
12-12 13:33:44.164  7444  7444 D BluetoothAdapterService: Skip GATT service - already started before
12-12 13:33:44.164  7444  7444 D BluetoothAdapterService: Service: com.android.bluetooth.map.BluetoothMapService
12-12 13:33:44.164  7444  7444 D BluetoothAdapterService: Service: com.android.bluetooth.sap.SapService
12-12 13:33:44.164  7444  7444 D BluetoothAdapterService: Service: com.android.bluetooth.hdp.HealthService
12-12 13:33:44.164  7444  7444 D BluetoothAdapterService: Service: com.android.bluetooth.pan.PanService
12-12 13:33:44.164  7444  7444 D BluetoothAdapterService: Service: com.android.bluetooth.a2dp.A2dpService
12-12 13:33:44.164  7444  7444 D BluetoothAdapterService: onProfileServiceStateChange() - All profile services stopped...
12-12 13:33:44.164  7444  7467 D BluetoothAdapterState: Current state: PENDING_COMMAND, message: 26
12-12 13:33:44.164  7444  7467 D BluetoothAdapterProperties: Setting state to 15
12-12 13:33:44.164  7444  7467 I BluetoothAdapterState: Bluetooth adapter state changed: 13-> 15
12-12 13:33:44.164  7444  7467 D BluetoothAdapterService: updateAdapterState() - Broadcasting state to 1 receivers.
12-12 13:33:44.164  7444  7444 I BtOppRfcommListener: stopping Accept Thread
12-12 13:33:44.165  7444  7630 E BtOppRfcommListener: Error accept connection java.io.IOException: read failed, socket might closed or timeout, read ret: -1
12-12 13:33:44.165  1040  1101 D BluetoothManagerService: MESSAGE_BLUETOOTH_STATE_CHANGE: TURNING_OFF > BLE_ON
12-12 13:33:44.165  1040  1101 D BluetoothManagerService: Intermediate off, back to LE only mode
12-12 13:33:44.165  1040  1101 D BluetoothManagerService: Sending BLE State Change: TURNING_OFF > BLE_ON
12-12 13:33:44.165  7444  7467 I BluetoothAdapterState: Entering BleOnState
12-12 13:33:44.166  7444  7630 I BtOppRfcommListener: BluetoothSocket listen thread finished
12-12 13:33:44.167  1500  1500 D BluetoothPan: BluetoothPAN Proxy object disconnected
12-12 13:33:44.167  1500  1500 D PanProfile: Bluetooth service disconnected
12-12 13:33:44.167  1500  1500 D BluetoothMap: Proxy object disconnected
12-12 13:33:44.167  1500  1500 D MapProfile: Bluetooth service disconnected
12-12 13:33:44.173  1040  2091 I ActivityManager: Start proc 8948:com.android.settings/1000 for broadcast com.android.settings/.bluetooth.DockEventReceiver
12-12 13:33:44.174  1040  1101 D BluetoothManagerService: Broadcasting onBluetoothStateChange(false) to 11 receivers.
12-12 13:33:44.174  1500  1681 D BluetoothPbap: onBluetoothStateChange: up=false
12-12 13:33:44.176  7444  7444 D BluetoothAdapterService: getAdapterService() - returning com.android.bluetooth.btservice.AdapterService@9d9fcb8
12-12 13:33:44.177  1500  1527 D BluetoothPan: onBluetoothStateChange on: false
12-12 13:33:44.178  7225  7670 I BeaconBle: Nearby requested to stop scan
12-12 13:33:44.179  1500  1532 D BluetoothHeadset: onBluetoothStateChange: up=false
12-12 13:33:44.179  1500  1681 D BluetoothMap: onBluetoothStateChange: up=false
12-12 13:33:44.180  1040  1101 D BluetoothHeadset: onBluetoothStateChange: up=false
12-12 13:33:44.180  1040  1101 D BluetoothHeadset: onBluetoothStateChange: up=false
12-12 13:33:44.181  1761  1772 D BluetoothHeadset: onBluetoothStateChange: up=false
12-12 13:33:44.182  1040  1101 D BluetoothA2dp: onBluetoothStateChange: up=false
12-12 13:33:44.183  1500  1527 D BluetoothA2dp: onBluetoothStateChange: up=false
12-12 13:33:44.185  1040  1101 D BluetoothHeadset: onBluetoothStateChange: up=false
12-12 13:33:44.185  1500  1532 D BluetoothInputDevice: onBluetoothStateChange: up=false
12-12 13:33:44.186  1040  1101 D BluetoothManagerService: Calling sendBrEdrDownCallback callbacks
12-12 13:33:44.186  1040  1101 D BluetoothManagerService: isBleAppPresent() count: 0
12-12 13:33:44.186  7444  7467 D BluetoothAdapterState: Current state: BLE ON, message: 20
12-12 13:33:44.187  7444  7467 D BluetoothAdapterProperties: Setting state to 16
12-12 13:33:44.187  7444  7467 I BluetoothAdapterState: Bluetooth adapter state changed: 15-> 16
12-12 13:33:44.187  7444  7467 D BluetoothAdapterService: updateAdapterState() - Broadcasting state to 1 receivers.
12-12 13:33:44.187  7444  7467 D BluetoothAdapterProperties: onBleDisable
12-12 13:33:44.187  7444  7467 I BluetoothAdapterState: Entering PendingCommandState
12-12 13:33:44.188  7444  7468 I bt_stack_manager: event_shut_down_stack is bringing down the stack
12-12 13:33:44.188  7444  7562 W bt_osi_thread: run_thread: thread id 7562, thread name btif_sock exited
12-12 13:33:44.188  7444  7552 W bt_btif : bta_dm_disable BTA_DISABLE_DELAY set to 200 ms
12-12 13:33:44.189  7444  7468 I bt_core_module: module_shut_down Shutting down module "btif_config_module"
12-12 13:33:44.191  7444  7473 D BluetoothAdapterProperties: Scan Mode:20
12-12 13:33:44.191  7225  7670 I BeaconBle: Scan canceled successfully.
12-12 13:33:44.194  7525  7529 E WCNSS_FILTER: do_read: read returned 0, err = Success, read bytes: 0, expected: 0
12-12 13:33:44.196  1040  1101 D BluetoothManagerService: MESSAGE_BLUETOOTH_STATE_CHANGE: BLE_ON > BLE_TURNING_OFF
12-12 13:33:44.196  1040  1101 D BluetoothManagerService: Sending BLE State Change: BLE_ON > BLE_TURNING_OFF
12-12 13:33:44.201  7444  7468 I bt_core_module: module_shut_down Shutdown of module "btif_config_module" completed
12-12 13:33:44.222  8948  8948 W System  : ClassLoader referenced unknown path: /system/priv-app/SettingsGoogle/lib/arm64
12-12 13:33:44.255  8948  8948 W ContextImpl: Calling a method in the system process without a qualified user: android.app.ContextImpl.startService:1357 android.content.ContextWrapper.startService:613 android.content.ContextWrapper.startService:613 com.android.settings.bluetooth.DockEventReceiver.beginStartingService:134 com.android.settings.bluetooth.DockEventReceiver.onReceive:115 
12-12 13:33:44.274  7444  7444 D BluetoothPbapReceiver: PbapReceiver onReceive action = android.bluetooth.adapter.action.STATE_CHANGED
12-12 13:33:44.274  7444  7444 D BluetoothPbapReceiver: state = 10
12-12 13:33:44.281  8948  8948 D LocalBluetoothProfileManager: Adding local MAP profile
12-12 13:33:44.285  8948  8948 D BluetoothMap: Create BluetoothMap proxy object
12-12 13:33:44.292  8948  8948 D LocalBluetoothProfileManager: LocalBluetoothProfileManager construction complete
12-12 13:33:44.298  8948  8948 D DockEventReceiver: finishStartingService: stopping service
12-12 13:33:44.312  8948  8948 W ContextImpl: Calling a method in the system process without a qualified user: android.app.ContextImpl.startService:1357 android.content.ContextWrapper.startService:613 android.content.ContextWrapper.startService:613 com.android.settings.bluetooth.DockEventReceiver.beginStartingService:134 com.android.settings.bluetooth.DockEventReceiver.onReceive:115 
12-12 13:33:44.321  8948  8948 D DockEventReceiver: finishStartingService: stopping service
12-12 13:33:44.365  7299  7616 I Authzen : [PermitStore] Getting all permits...
12-12 13:33:44.389  7444  7477 I bt_low_power_manager: enable already disabled.
12-12 13:33:44.389  7444  7473 I bt_core_module: module_shut_down Shutting down module "hci_module"
12-12 13:33:44.389  7444  7473 I bt_hci  : shut_down
12-12 13:33:44.390  7444  7477 I bt_vendor: bt-vendor : is_soc_initialized
12-12 13:33:44.390  7444  7477 I bt_vendor: wc_transport.soc_initialized set to 1
12-12 13:33:44.390  7444  7477 I bt_vendor: hw_epilog_process
12-12 13:33:44.390  7525  7529 E WCNSS_FILTER: do_read: read returned 0, err = Success, read bytes: 0, expected: 0
12-12 13:33:44.445  7444  7477 I bt_vendor: hw_epilog_cback Opcode:0x0C03 Status: 0
12-12 13:33:44.445  7444  7477 I bt_vendor: epilog_cb
12-12 13:33:44.445  7444  7477 I bt_hci  : epilog_finished_callback
12-12 13:33:44.445  7444  7477 W bt_osi_thread: run_thread: thread id 7477, thread name hci_thread exited
12-12 13:33:44.445  7444  7473 I bt_hci_h4: hal_close
12-12 13:33:44.445  7444  7551 W bt_osi_thread: run_thread: thread id 7551, thread name hci_single_chann exited
12-12 13:33:44.446  7444  7473 I bt_vendor: bt-vendor : BT_VND_OP_USERIAL_CLOSE btSocType: 1
12-12 13:33:44.447  7444  7473 I bt_vendor: device fd = 70 close
12-12 13:33:44.447  7525  7529 E WCNSS_FILTER: handle_command_writes: This indicates the close of other end
12-12 13:33:44.447  7525  7529 E WCNSS_FILTER: wcnss_filter client is terminated
12-12 13:33:44.447  7525  7529 E WCNSS_FILTER: clean Value =  1
12-12 13:33:44.447  7525  7529 E WCNSS_FILTER: VOTOFF Clk before shutdown
12-12 13:33:44.447  7525  7529 E WCNSS_FILTER: Clearing filter properties before exit
12-12 13:33:44.447  7444  7473 I bt_vendor: bt-vendor : BT_VND_OP_POWER_CTRL: Off
12-12 13:33:44.447  7444  7473 I bt_vendor: bt_powerup: 0
12-12 13:33:44.448  7444  7473 E bt_vendor: Write 0 to rfkill
12-12 13:33:44.470  1040  1104 D LuxLevels: bright hysteresis constant= 0.1, threshold=8.650786, lux=7.864351
12-12 13:33:44.470  1040  1104 D LuxLevels: dark hysteresis constant= 0.2, threshold=6.2914805, lux=7.864351
12-12 13:33:44.541  1040  2031 I ActivityManager: START u0 {act=android.intent.action.MAIN cat=[android.intent.category.LAUNCHER] flg=0x10008000 cmp=com.android.settings/.deviceinfo.UsbModeChooserActivity} from uid 1000 on display 0
12-12 13:33:44.551  7444  7473 E bt_vendor: Stopping HCI filter as part of CTRL:OFF
