12-12 13:34:08.593  1040  9382 D DhcpClient: Received packet: ac:37:43:4b:cb:9c ACK: your new IP /192.168.1.10, netmask /255.255.255.0, gateways [/192.168.1.1] DNS servers: /10.0.100.40 , lease time 864000
12-12 13:34:08.593  1040  9380 D DhcpClient: Confirmed lease: IP address 192.168.1.10/24 Gateway 192.168.1.1  DNS servers: [ 10.0.100.40 ] Domains local DHCP server /192.168.1.1 Vendor info null lease 864000 seconds
12-12 13:34:08.596  1040  1426 D WifiStateMachine: updateCapabilities for config:9902431642false,false
12-12 13:34:08.601   632  1215 D CommandListener: Setting iface cfg
12-12 13:34:08.610  1040  9380 D DhcpClient: Scheduling renewal in 431999s
12-12 13:34:08.610  1040  9380 D DhcpClient: Scheduling rebind in 755999s
12-12 13:34:08.610  1040  9380 D DhcpClient: Scheduling expiry in 863999s
12-12 13:34:08.614  1040  1426 D WifiStateMachine: updateCapabilities for config:9902431642false,false
12-12 13:34:08.615  1040  1426 E WifiNative-HAL: setBssidBlacklist cmd 2 size 0
12-12 13:34:08.615  1040  1426 D wifi    : configure BSSID black list request [4] = 0x72c0514ba0
12-12 13:34:08.615  1040  1426 D wifi    : Added 0 bssids
12-12 13:34:08.616  1040  1430 D ConnectivityService: NetworkAgentInfo [WIFI () - 101] EVENT_NETWORK_INFO_CHANGED, going from CONNECTING to CONNECTED
12-12 13:34:08.617  1040  1430 D ConnectivityService: Adding iface wlan0 to network 101
12-12 13:34:08.619  1040  1426 D WifiStateMachine: updateCapabilities for config:9902431642false,false
12-12 13:34:08.627   547   553 E keymaster1_device: HwKmClose
12-12 13:34:08.627   547   553 D QSEECOMAPI: QSEECom_dealloc_memory 
12-12 13:34:08.628   547   553 D QSEECOMAPI: QSEECom_shutdown_app, app_id = 4
12-12 13:34:08.628   547   553 D vold    : Created key /data/misc/vold/user_keys/ce/10/current
12-12 13:34:08.632  1040  1426 E WifiStateMachine: Did not find remoteAddress {192.168.1.1} in /proc/net/arp
12-12 13:34:08.632  7225  7225 I GeofencerStateMachine: sendWifiConnectivityChanged: connectivity=true
12-12 13:34:08.634   547   553 D QSEECOMAPI: QSEECom_get_handle sb_length = 0xa000
12-12 13:34:08.634   547   553 D QSEECOMAPI: App is already loaded QSEE and app id = 4
12-12 13:34:08.636   547   553 E keymaster1_device: TA API Major Verion: 2
12-12 13:34:08.636   547   553 E keymaster1_device: TA API Minor Verion: 0
12-12 13:34:08.636   547   553 E keymaster1_device: TA Major Verion: 2
12-12 13:34:08.636   547   553 E keymaster1_device: TA Minor Verion: 17
12-12 13:34:08.636   547   553 E keymaster1_device: set_version_req->flags: 1
12-12 13:34:08.637   547   553 D vold    : Creating key that doesn't need auth token
12-12 13:34:08.656  1040  1430 D ConnectivityService: Setting DNS servers for network 101 to [/10.0.100.40]
12-12 13:34:08.657  1040  2012 I ActivityManager: START u0 {act=android.intent.action.MAIN cat=[android.intent.category.LAUNCHER] flg=0x10200000 cmp=com.example.snoopy/.CameraInputFrames} from uid 2000 on display 0
12-12 13:34:08.674   591   596 D DrmLibTime: got the req here! ret=0
12-12 13:34:08.674   591   596 D DrmLibTime: command id, time_cmd_id = 770
12-12 13:34:08.674   591   596 D DrmLibTime: time_getutcsec starts!
12-12 13:34:08.674   591   596 D DrmLibTime: QSEE Time Listener: time_getutcsec
12-12 13:34:08.674   591   596 D DrmLibTime: QSEE Time Listener: get_utc_seconds
12-12 13:34:08.674   591   596 D DrmLibTime: QSEE Time Listener: seconds: 1513103648
12-12 13:34:08.674   591   596 D DrmLibTime: QSEE Time Listener: nano seconds: 674755984
12-12 13:34:08.674   591   596 D DrmLibTime: time_getutcsec returns 0, sec = 1513103648; nsec = 674755984
12-12 13:34:08.674   591   596 D DrmLibTime: time_getutcsec finished! 
12-12 13:34:08.674   591   596 D DrmLibTime: iotcl_continue_command finished! and return 0 
12-12 13:34:08.674   591   596 D DrmLibTime: before calling ioctl to read the next time_cmd
12-12 13:34:08.685  1040  1426 D WifiNetworkAgent: NetworkAgent: Received signal strength thresholds: []
12-12 13:34:08.685  1040  1426 D WifiNative-HAL: stopRssiMonitoring, cmdId 0
12-12 13:34:08.686  1040  1430 D ConnectivityService: Switching to new default network: NetworkAgentInfo{ ni{[type: WIFI[], state: CONNECTED/CONNECTED, reason: (unspecified), extra: "9902431642", failover: false, available: true, roaming: false, metered: false]}  network{101}  nethandle{433808132830}  lp{{InterfaceName: wlan0 LinkAddresses: [fe80::ae37:43ff:fe4b:cb9c/64,192.168.1.10/24,]  Routes: [fe80::/64 -> :: wlan0,192.168.1.0/24 -> 0.0.0.0 wlan0,0.0.0.0/0 -> 192.168.1.1 wlan0,] DnsAddresses: [10.0.100.40,] Domains: local MTU: 0 TcpBufferSizes: 524288,2097152,4194304,262144,524288,1048576}}  nc{[ Transports: WIFI Capabilities: NOT_METERED&INTERNET&NOT_RESTRICTED&TRUSTED&NOT_VPN&FOREGROUND LinkUpBandwidth>=1048576Kbps LinkDnBandwidth>=1048576Kbps SignalStrength: -38]}  Score{20}  everValidated{false}  lastValidated{false}  created{true} lingering{false} explicitlySelected{false} acceptUnvalidated{false} everCaptivePortalDetected{false} lastCaptivePortalDetected{false} }
12-12 13:34:08.708   632  1215 V IdletimerController: runCmd(/system/bin/ip6tables -w -t raw -A idletimer_raw_PREROUTING -i wlan0 -j IDLETIMER --timeout 15 --label 1 --send_nl_msg 1) res_ipv4=0, res_ipv6=0
12-12 13:34:08.734   632  1215 V IdletimerController: runCmd(/system/bin/ip6tables -w -t mangle -A idletimer_mangle_POSTROUTING -o wlan0 -j IDLETIMER --timeout 15 --label 1 --send_nl_msg 1) res_ipv4=0, res_ipv6=0
12-12 13:34:08.739  1040  1430 D ConnectivityService: Sending CONNECTED broadcast for type 1 NetworkAgentInfo [WIFI () - 101] isDefaultNetwork=true
12-12 13:34:08.739  1040  1455 I GnssLocationProvider: WakeLock acquired by sendMessage(6, 0, null)
12-12 13:34:08.739  1040  1081 D GnssLocationProvider: handleDownloadXtraData() called when Xtra not supported
12-12 13:34:08.740  1748  1797 W QCNEJ   : |CORE| network available: 101
12-12 13:34:08.740   547   553 E keymaster1_device: HwKmClose
12-12 13:34:08.740   547   553 D QSEECOMAPI: QSEECom_dealloc_memory 
12-12 13:34:08.740   547   553 D QSEECOMAPI: QSEECom_shutdown_app, app_id = 4
12-12 13:34:08.740   547   553 D vold    : Created key /data/misc/vold/user_keys/de/10
12-12 13:34:08.740   547   553 D vold    : Added key 194012449 (ext4:e3b56a4c05b9af4a) to keyring 224442398 in process 547
12-12 13:34:08.740   547   553 D vold    : Added key 880426862 (ext4:1016bb02ed86fa52) to keyring 224442398 in process 547
12-12 13:34:08.740   547   553 D vold    : Created keys for user 10
12-12 13:34:08.741  1040  1420 D CryptdConnector: RCV <- {200 5 Command succeeded}
12-12 13:34:08.741  1040  7919 D CryptdConnector: SND -> {6 cryptfs prepare_user_storage ! 10 13 3}
12-12 13:34:08.741  1040  1081 I GnssLocationProvider: WakeLock released by handleMessage(6, 0, null)
12-12 13:34:08.742   547   553 D vold    : e4crypt_prepare_user_storage for volume null, user 10, serial 13, flags 3
12-12 13:34:08.742  1748  1797 W QCNEJ   : |CORE| onAvailable: bind the process to WIFI
12-12 13:34:08.742   547   553 D vold    : Preparing: /data/system/users/10
12-12 13:34:08.742   547   553 D vold    : Preparing: /data/misc/profiles/cur/10
12-12 13:34:08.743   547   553 D vold    : Preparing: /data/misc/profiles/cur/10/foreign-dex
12-12 13:34:08.743   547   553 D vold    : Preparing: /data/system_de/10
12-12 13:34:08.744  1748  1797 W QCNEJ   : |CORE| newLp: {InterfaceName: wlan0 LinkAddresses: [fe80::ae37:43ff:fe4b:cb9c/64,192.168.1.10/24,]  Routes: [fe80::/64 -> :: wlan0,192.168.1.0/24 -> 0.0.0.0 wlan0,0.0.0.0/0 -> 192.168.1.1 wlan0,] DnsAddresses: [10.0.100.40,] Domains: local MTU: 0 TcpBufferSizes: 524288,2097152,4194304,262144,524288,1048576}
12-12 13:34:08.745  1748  1797 W QCNEJ   : |CORE| curLp: {InterfaceName: wlan0 LinkAddresses: [fe80::ae37:43ff:fe4b:cb9c/64,192.168.1.10/24,]  Routes: [fe80::/64 -> :: wlan0,192.168.1.0/24 -> 0.0.0.0 wlan0,0.0.0.0/0 -> 192.168.1.1 wlan0,] DnsAddresses: [10.0.100.40,] Domains: local MTU: 0}
12-12 13:34:08.747   547   553 D vold    : Preparing: /data/misc_de/10
12-12 13:34:08.749   547   553 D vold    : Preparing: /data/user_de/10
12-12 13:34:08.750  1040  1083 W BroadcastQueue: Skipping deliver [background] BroadcastRecord{ce65d4 u-1 android.net.conn.CONNECTIVITY_CHANGE} to ReceiverList{e3abc6b 8646 (unknown name)/2000/u-1 remote:70165dc}: process crashing
12-12 13:34:08.750  7299  7299 I CmaSystemUpdateService: connectivity change: Intent { act=android.net.conn.CONNECTIVITY_CHANGE flg=0x4000010 (has extras) }
12-12 13:34:08.750  7299  7299 I CmaSystemUpdateService: receiver: Intent { act=android.net.conn.CONNECTIVITY_CHANGE flg=0x4000010 (has extras) }
12-12 13:34:08.751   547   553 I vold    : Policy for /data/system_de/10 set to e3b56a4c05b9af4a
12-12 13:34:08.752   547   553 I vold    : Policy for /data/misc_de/10 set to e3b56a4c05b9af4a
12-12 13:34:08.752   547   553 I vold    : Policy for /data/user_de/10 set to e3b56a4c05b9af4a
12-12 13:34:08.752   547   553 D vold    : Preparing: /data/system_ce/10
12-12 13:34:08.752   547   553 D vold    : Preparing: /data/misc_ce/10
12-12 13:34:08.753  8188  8188 D MusicLifecycle: com.google.android.music.net.NetworkConnectivityMonitor$NetworkChangedReceiver generated event: Broadcast received with context com.google.android.music.ui.PhoneMusicApplication@7b1e1a9 and intent Intent { act=android.net.conn.CONNECTIVITY_CHANGE flg=0x4000010 (has extras) }
12-12 13:34:08.753   547   553 D vold    : Preparing: /data/media/10
12-12 13:34:08.753   547   553 D vold    : Preparing: /data/user/10
12-12 13:34:08.755   547   553 I vold    : Policy for /data/system_ce/10 set to 1016bb02ed86fa52
12-12 13:34:08.755   547   553 I vold    : Policy for /data/misc_ce/10 set to 1016bb02ed86fa52
12-12 13:34:08.755   547   553 I vold    : Policy for /data/media/10 set to 1016bb02ed86fa52
12-12 13:34:08.755  2633  2656 D RcsStack: a: processConnectivityIntent(): mNetworkInfo=[type: WIFI[], state: CONNECTED/CONNECTED, reason: (unspecified), extra: "9902431642", failover: false, available: true, roaming: false, metered: false] isConnected=true mState=CONNECTED
12-12 13:34:08.755   547   553 I vold    : Policy for /data/user/10 set to 1016bb02ed86fa52
12-12 13:34:08.755   547   553 V vold    : Starting restorecon of /data/system_ce/10
12-12 13:34:08.756  2633  2633 D RcsService: Never provisioned and consent not granted, skipped config update request
12-12 13:34:08.757   547   553 V vold    : Finished restorecon of /data/system_ce/10
12-12 13:34:08.757   547   553 V vold    : Starting restorecon of /data/misc_ce/10
12-12 13:34:08.758  8188  8188 I NetworkConnectivity: Network state changed: [type: WIFI[], state: CONNECTED/CONNECTED, reason: (unspecified), extra: "9902431642", failover: false, available: true, roaming: false, metered: false]
12-12 13:34:08.758   547   553 V vold    : Finished restorecon of /data/misc_ce/10
12-12 13:34:08.759  1040  1420 D CryptdConnector: RCV <- {200 6 Command succeeded}
12-12 13:34:08.759  8276  8276 W Finsky  : [1] com.google.android.finsky.application.FinskyAppImpl.bM(1132): No account configured on this device.
12-12 13:34:08.760  1040  7919 V UserManagerService: Found /data/user_de/10 with serial number -1
12-12 13:34:08.760  1040  7919 D UserManagerService: Serial number missing on /data/user_de/10; assuming current is valid
12-12 13:34:08.761  1040  7919 V UserManagerService: Found /data/system_de/10 with serial number -1
12-12 13:34:08.761  1040  7919 D UserManagerService: Serial number missing on /data/system_de/10; assuming current is valid
12-12 13:34:08.761  1040  7919 V UserManagerService: Found /data/user/10 with serial number -1
12-12 13:34:08.761  1040  7919 D UserManagerService: Serial number missing on /data/user/10; assuming current is valid
12-12 13:34:08.762  1040  7919 V UserManagerService: Found /data/system_ce/10 with serial number -1
12-12 13:34:08.762  1040  7919 D UserManagerService: Serial number missing on /data/system_ce/10; assuming current is valid
12-12 13:34:08.764   625   625 D installd: Detected label change from u:object_r:system_data_file:s0 to u:object_r:app_data_file:s0:c522,c768 at /data/user/10/com.android.cts.priv.ctsshim; running recursive restorecon
12-12 13:34:08.766   625   625 D installd: Detected label change from u:object_r:system_data_file:s0 to u:object_r:app_data_file:s0:c522,c768 at /data/user_de/10/com.android.cts.priv.ctsshim; running recursive restorecon
12-12 13:34:08.770  8276  8276 W Finsky  : [1] com.google.android.finsky.application.FinskyAppImpl.bM(1132): No account configured on this device.
12-12 13:34:08.771   625   625 D installd: Detected label change from u:object_r:system_data_file:s0 to u:object_r:app_data_file:s0:c522,c768 at /data/user/10/com.google.android.youtube; running recursive restorecon
12-12 13:34:08.773  8276  8276 W Finsky  : [1] com.google.android.finsky.application.FinskyAppImpl.bM(1132): No account configured on this device.
12-12 13:34:08.775  8188  8188 I NetworkPolicyMonitor: Download-ability status changed to (true) unmetered wifi/eth: true mobileOrMetered: false
12-12 13:34:08.777  7299  7299 I iu.Environment: update connectivity state; isNetworkMetered? false, isRoaming? false, isBackgroundDataAllowed? true*
12-12 13:34:08.777   625   625 D installd: Detected label change from u:object_r:system_data_file:s0 to u:object_r:app_data_file:s0:c522,c768 at /data/user_de/10/com.google.android.youtube; running recursive restorecon
12-12 13:34:08.780   625   625 D installd: Detected label change from u:object_r:system_data_file:s0 to u:object_r:app_data_file:s0:c522,c768 at /data/user/10/com.google.android.ext.services; running recursive restorecon
12-12 13:34:08.782   625   625 D installd: Detected label change from u:object_r:system_data_file:s0 to u:object_r:app_data_file:s0:c522,c768 at /data/user_de/10/com.google.android.ext.services; running recursive restorecon
12-12 13:34:08.783  8276  8276 W Finsky  : [1] com.google.android.finsky.application.FinskyAppImpl.bM(1132): No account configured on this device.
12-12 13:34:08.784   625   625 D installd: Detected label change from u:object_r:system_data_file:s0 to u:object_r:radio_data_file:s0 at /data/user/10/com.android.providers.telephony; running recursive restorecon
12-12 13:34:08.785  8188  8188 I NetworkPolicyMonitor: Stream-ability status changed to (true) unmetered wifi/eth: true mobileOrMetered: false
12-12 13:34:08.786  8188  8188 D MusicLifecycle: com.google.android.music.download.EncapsulatedBroadcastReceiver$1 generated event: Broadcast received with context com.google.android.music.ui.PhoneMusicApplication@7b1e1a9 and intent Intent { act=com.google.android.music.download.keepon.KeeponSchedulingService.START_DOWNLOAD flg=0x10 }
12-12 13:34:08.792   625   625 D installd: Detected label change from u:object_r:system_data_file:s0 to u:object_r:radio_data_file:s0 at /data/user_de/10/com.android.providers.telephony; running recursive restorecon
12-12 13:34:08.796   625   625 D installd: Detected label change from u:object_r:system_data_file:s0 to u:object_r:radio_data_file:s0 at /data/user/10/com.android.sdm.plugins.connmo; running recursive restorecon
12-12 13:34:08.797   625   625 D installd: Detected label change from u:object_r:system_data_file:s0 to u:object_r:radio_data_file:s0 at /data/user_de/10/com.android.sdm.plugins.connmo; running recursive restorecon
12-12 13:34:08.799   625   625 D installd: Detected label change from u:object_r:system_data_file:s0 to u:object_r:app_data_file:s0:c522,c768 at /data/user/10/com.google.android.googlequicksearchbox; running recursive restorecon
12-12 13:34:08.801   625   625 D installd: Detected label change from u:object_r:system_data_file:s0 to u:object_r:app_data_file:s0:c522,c768 at /data/user_de/10/com.google.android.googlequicksearchbox; running recursive restorecon
12-12 13:34:08.804   625   625 D installd: Detected label change from u:object_r:system_data_file:s0 to u:object_r:app_data_file:s0:c522,c768 at /data/user/10/com.verizon.vzwavs; running recursive restorecon
12-12 13:34:08.806   625   625 D installd: Detected label change from u:object_r:system_data_file:s0 to u:object_r:app_data_file:s0:c522,c768 at /data/user_de/10/com.verizon.vzwavs; running recursive restorecon
12-12 13:34:08.808   625   625 D installd: Detected label change from u:object_r:system_data_file:s0 to u:object_r:app_data_file:s0:c522,c768 at /data/user/10/com.android.providers.calendar; running recursive restorecon
12-12 13:34:08.811   625   625 D installd: Detected label change from u:object_r:system_data_file:s0 to u:object_r:app_data_file:s0:c522,c768 at /data/user_de/10/com.android.providers.calendar; running recursive restorecon
12-12 13:34:08.813   625   625 D installd: Detected label change from u:object_r:system_data_file:s0 to u:object_r:app_data_file:s0:c522,c768 at /data/user/10/com.android.providers.media; running recursive restorecon
12-12 13:34:08.814   625   625 D installd: Detected label change from u:object_r:system_data_file:s0 to u:object_r:app_data_file:s0:c522,c768 at /data/user_de/10/com.android.providers.media; running recursive restorecon
12-12 13:34:08.816  1040  9386 D NetworkMonitor/NetworkAgentInfo [WIFI () - 101]: PROBE_DNS OK 124ms, connectivitycheck.gstatic.com=216.58.193.67
12-12 13:34:08.816  1040  9385 D NetworkMonitor/NetworkAgentInfo [WIFI () - 101]: PROBE_DNS OK 127ms, www.google.com=216.58.193.68
12-12 13:34:08.817   625   625 D installd: Detected label change from u:object_r:system_data_file:s0 to u:object_r:system_app_data_file:s0 at /data/user/10/com.qti.service.colorservice; running recursive restorecon
12-12 13:34:08.819   625   625 D installd: Detected label change from u:object_r:system_data_file:s0 to u:object_r:system_app_data_file:s0 at /data/user_de/10/com.qti.service.colorservice; running recursive restorecon
12-12 13:34:08.821   625   625 D installd: Detected label change from u:object_r:system_data_file:s0 to u:object_r:app_data_file:s0:c522,c768 at /data/user/10/com.google.android.onetimeinitializer; running recursive restorecon
12-12 13:34:08.821  7299  8929 I UploadsDatabaseHelper: Creating database tables at version 33
12-12 13:34:08.822   625   625 D installd: Detected label change from u:object_r:system_data_file:s0 to u:object_r:app_data_file:s0:c522,c768 at /data/user_de/10/com.google.android.onetimeinitializer; running recursive restorecon
12-12 13:34:08.824   625   625 D installd: Detected label change from u:object_r:system_data_file:s0 to u:object_r:app_data_file:s0:c522,c768 at /data/user/10/com.google.android.ext.shared; running recursive restorecon
12-12 13:34:08.825   625   625 D installd: Detected label change from u:object_r:system_data_file:s0 to u:object_r:app_data_file:s0:c522,c768 at /data/user_de/10/com.google.android.ext.shared; running recursive restorecon
12-12 13:34:08.827   625   625 D installd: Detected label change from u:object_r:system_data_file:s0 to u:object_r:app_data_file:s0:c522,c768 at /data/user/10/com.qualcomm.ltebc_vzw; running recursive restorecon
12-12 13:34:08.829   625   625 D installd: Detected label change from u:object_r:system_data_file:s0 to u:object_r:app_data_file:s0:c522,c768 at /data/user_de/10/com.qualcomm.ltebc_vzw; running recursive restorecon
12-12 13:34:08.831   625   625 D installd: Detected label change from u:object_r:system_data_file:s0 to u:object_r:app_data_file:s0:c522,c768 at /data/user/10/com.amazon.aatp.aatpdevicemanager; running recursive restorecon
12-12 13:34:08.833   625   625 D installd: Detected label change from u:object_r:system_data_file:s0 to u:object_r:app_data_file:s0:c522,c768 at /data/user_de/10/com.amazon.aatp.aatpdevicemanager; running recursive restorecon
12-12 13:34:08.835   625   625 D installd: Detected label change from u:object_r:system_data_file:s0 to u:object_r:app_data_file:s0:c522,c768 at /data/user/10/com.qualcomm.shutdownlistner; running recursive restorecon
12-12 13:34:08.836   625   625 D installd: Detected label change from u:object_r:system_data_file:s0 to u:object_r:app_data_file:s0:c522,c768 at /data/user_de/10/com.qualcomm.shutdownlistner; running recursive restorecon
12-12 13:34:08.838   625   625 D installd: Detected label change from u:object_r:system_data_file:s0 to u:object_r:system_app_data_file:s0 at /data/user/10/com.quicinc.cne.CNEService; running recursive restorecon
12-12 13:34:08.844   625   625 D installd: Detected label change from u:object_r:system_data_file:s0 to u:object_r:system_app_data_file:s0 at /data/user_de/10/com.quicinc.cne.CNEService; running recursive restorecon
12-12 13:34:08.846   625   625 D installd: Detected label change from u:object_r:system_data_file:s0 to u:object_r:radio_data_file:s0 at /data/user/10/com.htc.omadm.trigger; running recursive restorecon
12-12 13:34:08.847   625   625 D installd: Detected label change from u:object_r:system_data_file:s0 to u:object_r:radio_data_file:s0 at /data/user_de/10/com.htc.omadm.trigger; running recursive restorecon
12-12 13:34:08.850   625   625 D installd: Detected label change from u:object_r:system_data_file:s0 to u:object_r:app_data_file:s0:c522,c768 at /data/user/10/com.android.documentsui; running recursive restorecon
12-12 13:34:08.851   625   625 D installd: Detected label change from u:object_r:system_data_file:s0 to u:object_r:app_data_file:s0:c522,c768 at /data/user_de/10/com.android.documentsui; running recursive restorecon
12-12 13:34:08.852   625   625 D installd: Detected label change from u:object_r:system_data_file:s0 to u:object_r:app_data_file:s0:c522,c768 at /data/user/10/com.android.externalstorage; running recursive restorecon
12-12 13:34:08.854   625   625 D installd: Detected label change from u:object_r:system_data_file:s0 to u:object_r:app_data_file:s0:c522,c768 at /data/user_de/10/com.android.externalstorage; running recursive restorecon
12-12 13:34:08.855   625   625 D installd: Detected label change from u:object_r:system_data_file:s0 to u:object_r:app_data_file:s0:c522,c768 at /data/user/10/com.google.android.apps.enterprise.dmagent; running recursive restorecon
12-12 13:34:08.855  7299  8929 I iu.UploadsManager: num queued entries: 0
12-12 13:34:08.856   625   625 D installd: Detected label change from u:object_r:system_data_file:s0 to u:object_r:app_data_file:s0:c522,c768 at /data/user_de/10/com.google.android.apps.enterprise.dmagent; running recursive restorecon
12-12 13:34:08.856  7299  8929 I iu.UploadsManager: num updated entries: 0
12-12 13:34:08.858  7299  8929 I iu.SyncManager: NEXT; no task
12-12 13:34:08.858   625   625 D installd: Detected label change from u:object_r:system_data_file:s0 to u:object_r:app_data_file:s0:c522,c768 at /data/user/10/com.android.htmlviewer; running recursive restorecon
12-12 13:34:08.859   625   625 D installd: Detected label change from u:object_r:system_data_file:s0 to u:object_r:app_data_file:s0:c522,c768 at /data/user_de/10/com.android.htmlviewer; running recursive restorecon
12-12 13:34:08.861   625   625 D installd: Detected label change from u:object_r:system_data_file:s0 to u:object_r:app_data_file:s0:c522,c768 at /data/user/10/com.verizon.obdm_permissions; running recursive restorecon
12-12 13:34:08.862   625   625 D installd: Detected label change from u:object_r:system_data_file:s0 to u:object_r:app_data_file:s0:c522,c768 at /data/user_de/10/com.verizon.obdm_permissions; running recursive restorecon
12-12 13:34:08.864   625   625 D installd: Detected label change from u:object_r:system_data_file:s0 to u:object_r:radio_data_file:s0 at /data/user/10/com.android.mms.service; running recursive restorecon
12-12 13:34:08.865   625   625 D installd: Detected label change from u:object_r:system_data_file:s0 to u:object_r:radio_data_file:s0 at /data/user_de/10/com.android.mms.service; running recursive restorecon
12-12 13:34:08.867   625   625 D installd: Detected label change from u:object_r:system_data_file:s0 to u:object_r:app_data_file:s0:c522,c768 at /data/user/10/com.android.providers.downloads; running recursive restorecon
12-12 13:34:08.868   625   625 D installd: Detected label change from u:object_r:system_data_file:s0 to u:object_r:app_data_file:s0:c522,c768 at /data/user_de/10/com.android.providers.downloads; running recursive restorecon
12-12 13:34:08.869   625   625 D installd: Detected label change from u:object_r:system_data_file:s0 to u:object_r:app_data_file:s0:c522,c768 at /data/user/10/com.google.android.apps.messaging; running recursive restorecon
12-12 13:34:08.871   625   625 D installd: Detected label change from u:object_r:system_data_file:s0 to u:object_r:app_data_file:s0:c522,c768 at /data/user_de/10/com.google.android.apps.messaging; running recursive restorecon
12-12 13:34:08.872   625   625 D installd: Detected label change from u:object_r:system_data_file:s0 to u:object_r:app_data_file:s0:c522,c768 at /data/user/10/android.autoinstalls.config.google.nexus; running recursive restorecon
12-12 13:34:08.874   625   625 D installd: Detected label change from u:object_r:system_data_file:s0 to u:object_r:app_data_file:s0:c522,c768 at /data/user_de/10/android.autoinstalls.config.google.nexus; running recursive restorecon
12-12 13:34:08.875   625   625 D installd: Detected label change from u:object_r:system_data_file:s0 to u:object_r:app_data_file:s0:c522,c768 at /data/user/10/com.qualcomm.qti.telephonyservice; running recursive restorecon
12-12 13:34:08.877   625   625 D installd: Detected label change from u:object_r:system_data_file:s0 to u:object_r:app_data_file:s0:c522,c768 at /data/user_de/10/com.qualcomm.qti.telephonyservice; running recursive restorecon
12-12 13:34:08.878   625   625 D installd: Detected label change from u:object_r:system_data_file:s0 to u:object_r:app_data_file:s0:c522,c768 at /data/user/10/com.google.android.configupdater; running recursive restorecon
12-12 13:34:08.879   625   625 D installd: Detected label change from u:object_r:system_data_file:s0 to u:object_r:app_data_file:s0:c522,c768 at /data/user_de/10/com.google.android.configupdater; running recursive restorecon
12-12 13:34:08.881   625   625 D installd: Detected label change from u:object_r:system_data_file:s0 to u:object_r:app_data_file:s0:c522,c768 at /data/user/10/com.android.defcontainer; running recursive restorecon
12-12 13:34:08.882  1040  1068 I ActivityManager: START u0 {act=android.intent.action.MAIN cat=[android.intent.category.LAUNCHER] flg=0x10200000 cmp=com.example.snoopy/.CameraInputFrames} from uid 2000 on display 0
12-12 13:34:08.882   625   625 D installd: Detected label change from u:object_r:system_data_file:s0 to u:object_r:app_data_file:s0:c522,c768 at /data/user_de/10/com.android.defcontainer; running recursive restorecon
12-12 13:34:08.884   625   625 D installd: Detected label change from u:object_r:system_data_file:s0 to u:object_r:app_data_file:s0:c522,c768 at /data/user/10/com.android.providers.downloads.ui; running recursive restorecon
12-12 13:34:08.885   625   625 D installd: Detected label change from u:object_r:system_data_file:s0 to u:object_r:app_data_file:s0:c522,c768 at /data/user_de/10/com.android.providers.downloads.ui; running recursive restorecon
12-12 13:34:08.887   625   625 D installd: Detected label change from u:object_r:system_data_file:s0 to u:object_r:app_data_file:s0:c522,c768 at /data/user/10/com.android.vending; running recursive restorecon
12-12 13:34:08.888   625   625 D installd: Detected label change from u:object_r:system_data_file:s0 to u:object_r:app_data_file:s0:c522,c768 at /data/user_de/10/com.android.vending; running recursive restorecon
12-12 13:34:08.889   625   625 D installd: Detected label change from u:object_r:system_data_file:s0 to u:object_r:app_data_file:s0:c522,c768 at /data/user/10/com.android.pacprocessor; running recursive restorecon
12-12 13:34:08.891   625   625 D installd: Detected label change from u:object_r:system_data_file:s0 to u:object_r:app_data_file:s0:c522,c768 at /data/user_de/10/com.android.pacprocessor; running recursive restorecon
12-12 13:34:08.892   625   625 D installd: Detected label change from u:object_r:system_data_file:s0 to u:object_r:app_data_file:s0:c522,c768 at /data/user/10/com.android.certinstaller; running recursive restorecon
12-12 13:34:08.894   625   625 D installd: Detected label change from u:object_r:system_data_file:s0 to u:object_r:app_data_file:s0:c522,c768 at /data/user_de/10/com.android.certinstaller; running recursive restorecon
12-12 13:34:08.895   625   625 D installd: Detected label change from u:object_r:system_data_file:s0 to u:object_r:app_data_file:s0:c522,c768 at /data/user/10/com.android.carrierconfig; running recursive restorecon
12-12 13:34:08.896   625   625 D installd: Detected label change from u:object_r:system_data_file:s0 to u:object_r:app_data_file:s0:c522,c768 at /data/user_de/10/com.android.carrierconfig; running recursive restorecon
12-12 13:34:08.898   625   625 D installd: Detected label change from u:object_r:system_data_file:s0 to u:object_r:app_data_file:s0:c522,c768 at /data/user/10/com.google.android.marvin.talkback; running recursive restorecon
12-12 13:34:08.899   625   625 D installd: Detected label change from u:object_r:system_data_file:s0 to u:object_r:app_data_file:s0:c522,c768 at /data/user_de/10/com.google.android.marvin.talkback; running recursive restorecon
12-12 13:34:08.901   625   625 D installd: Detected label change from u:object_r:system_data_file:s0 to u:object_r:app_data_file:s0:c522,c768 at /data/user/10/com.google.android.apps.work.oobconfig; running recursive restorecon
12-12 13:34:08.902   625   625 D installd: Detected label change from u:object_r:system_data_file:s0 to u:object_r:app_data_file:s0:c522,c768 at /data/user_de/10/com.google.android.apps.work.oobconfig; running recursive restorecon
12-12 13:34:08.903   625   625 D installd: Detected label change from u:object_r:system_data_file:s0 to u:object_r:radio_data_file:s0 at /data/user/10/com.qti.qualcomm.datastatusnotification; running recursive restorecon
12-12 13:34:08.905   625   625 D installd: Detected label change from u:object_r:system_data_file:s0 to u:object_r:radio_data_file:s0 at /data/user_de/10/com.qti.qualcomm.datastatusnotification; running recursive restorecon
12-12 13:34:08.906   625   625 D installd: Detected label change from u:object_r:system_data_file:s0 to u:object_r:system_app_data_file:s0 at /data/user/10/android; running recursive restorecon
12-12 13:34:08.907   625   625 D installd: Detected label change from u:object_r:system_data_file:s0 to u:object_r:system_app_data_file:s0 at /data/user_de/10/android; running recursive restorecon
12-12 13:34:08.909   625   625 D installd: Detected label change from u:object_r:system_data_file:s0 to u:object_r:app_data_file:s0:c522,c768 at /data/user/10/com.vzw.apnservice; running recursive restorecon
12-12 13:34:08.910   625   625 D installd: Detected label change from u:object_r:system_data_file:s0 to u:object_r:app_data_file:s0:c522,c768 at /data/user_de/10/com.vzw.apnservice; running recursive restorecon
12-12 13:34:08.912   625   625 D installd: Detected label change from u:object_r:system_data_file:s0 to u:object_r:app_data_file:s0:c522,c768 at /data/user/10/com.android.hotwordenrollment; running recursive restorecon
12-12 13:34:08.913   625   625 D installd: Detected label change from u:object_r:system_data_file:s0 to u:object_r:app_data_file:s0:c522,c768 at /data/user_de/10/com.android.hotwordenrollment; running recursive restorecon
12-12 13:34:08.914   625   625 D installd: Detected label change from u:object_r:system_data_file:s0 to u:object_r:app_data_file:s0:c522,c768 at /data/user/10/com.google.android.apps.inputmethod.hindi; running recursive restorecon
12-12 13:34:08.915   625   625 D installd: Detected label change from u:object_r:system_data_file:s0 to u:object_r:app_data_file:s0:c522,c768 at /data/user_de/10/com.google.android.apps.inputmethod.hindi; running recursive restorecon
12-12 13:34:08.917   625   625 D installd: Detected label change from u:object_r:system_data_file:s0 to u:object_r:app_data_file:s0:c522,c768 at /data/user/10/com.android.egg; running recursive restorecon
12-12 13:34:08.918   625   625 D installd: Detected label change from u:object_r:system_data_file:s0 to u:object_r:app_data_file:s0:c522,c768 at /data/user_de/10/com.android.egg; running recursive restorecon
12-12 13:34:08.920   625   625 D installd: Detected label change from u:object_r:system_data_file:s0 to u:object_r:app_data_file:s0:c522,c768 at /data/user/10/com.android.mtp; running recursive restorecon
12-12 13:34:08.921   625   625 D installd: Detected label change from u:object_r:system_data_file:s0 to u:object_r:app_data_file:s0:c522,c768 at /data/user_de/10/com.android.mtp; running recursive restorecon
12-12 13:34:08.922   625   625 D installd: Detected label change from u:object_r:system_data_file:s0 to u:object_r:nfc_data_file:s0 at /data/user/10/com.android.nfc; running recursive restorecon
12-12 13:34:08.923   625   625 D installd: Detected label change from u:object_r:system_data_file:s0 to u:object_r:nfc_data_file:s0 at /data/user_de/10/com.android.nfc; running recursive restorecon
12-12 13:34:08.925   625   625 D installd: Detected label change from u:object_r:system_data_file:s0 to u:object_r:radio_data_file:s0 at /data/user/10/com.android.stk; running recursive restorecon
12-12 13:34:08.926   625   625 D installd: Detected label change from u:object_r:system_data_file:s0 to u:object_r:radio_data_file:s0 at /data/user_de/10/com.android.stk; running recursive restorecon
12-12 13:34:08.928   625   625 D installd: Detected label change from u:object_r:system_data_file:s0 to u:object_r:app_data_file:s0:c522,c768 at /data/user/10/com.android.backupconfirm; running recursive restorecon
12-12 13:34:08.929   625   625 D installd: Detected label change from u:object_r:system_data_file:s0 to u:object_r:app_data_file:s0:c522,c768 at /data/user_de/10/com.android.backupconfirm; running recursive restorecon
12-12 13:34:08.930   625   625 D installd: Detected label change from u:object_r:system_data_file:s0 to u:object_r:app_data_file:s0:c522,c768 at /data/user/10/com.google.android.deskclock; running recursive restorecon
12-12 13:34:08.932   625   625 D installd: Detected label change from u:object_r:system_data_file:s0 to u:object_r:app_data_file:s0:c522,c768 at /data/user_de/10/com.google.android.deskclock; running recursive restorecon
12-12 13:34:08.933   625   625 D installd: Detected label change from u:object_r:system_data_file:s0 to u:object_r:radio_data_file:s0 at /data/user/10/com.qualcomm.qti.radioconfiginterface; running recursive restorecon
12-12 13:34:08.934   625   625 D installd: Detected label change from u:object_r:system_data_file:s0 to u:object_r:radio_data_file:s0 at /data/user_de/10/com.qualcomm.qti.radioconfiginterface; running recursive restorecon
12-12 13:34:08.936   625   625 D installd: Detected label change from u:object_r:system_data_file:s0 to u:object_r:radio_data_file:s0 at /data/user/10/org.codeaurora.ims; running recursive restorecon
12-12 13:34:08.938   625   625 D installd: Detected label change from u:object_r:system_data_file:s0 to u:object_r:radio_data_file:s0 at /data/user_de/10/org.codeaurora.ims; running recursive restorecon
12-12 13:34:08.940   625   625 D installd: Detected label change from u:object_r:system_data_file:s0 to u:object_r:app_data_file:s0:c522,c768 at /data/user/10/com.android.statementservice; running recursive restorecon
12-12 13:34:08.942   625   625 D installd: Detected label change from u:object_r:system_data_file:s0 to u:object_r:app_data_file:s0:c522,c768 at /data/user_de/10/com.android.statementservice; running recursive restorecon
12-12 13:34:08.944   625   625 D installd: Detected label change from u:object_r:system_data_file:s0 to u:object_r:app_data_file:s0:c522,c768 at /data/user/10/com.google.android.carrierentitlement; running recursive restorecon
12-12 13:34:08.945   625   625 D installd: Detected label change from u:object_r:system_data_file:s0 to u:object_r:app_data_file:s0:c522,c768 at /data/user_de/10/com.google.android.carrierentitlement; running recursive restorecon
12-12 13:34:08.947   625   625 D installd: Detected label change from u:object_r:system_data_file:s0 to u:object_r:app_data_file:s0:c522,c768 at /data/user/10/com.google.android.gm; running recursive restorecon
12-12 13:34:08.948   625   625 D installd: Detected label change from u:object_r:system_data_file:s0 to u:object_r:app_data_file:s0:c522,c768 at /data/user_de/10/com.google.android.gm; running recursive restorecon
12-12 13:34:08.950   625   625 D installd: Detected label change from u:object_r:system_data_file:s0 to u:object_r:radio_data_file:s0 at /data/user/10/com.android.sdm.plugins.sprintdm; running recursive restorecon
12-12 13:34:08.951   625   625 D installd: Detected label change from u:object_r:system_data_file:s0 to u:object_r:radio_data_file:s0 at /data/user_de/10/com.android.sdm.plugins.sprintdm; running recursive restorecon
12-12 13:34:08.952   625   625 D installd: Detected label change from u:object_r:system_data_file:s0 to u:object_r:system_app_data_file:s0 at /data/user/10/com.qualcomm.qti.auth.secureextauthservice; running recursive restorecon
12-12 13:34:08.953   625   625 D installd: Detected label change from u:object_r:system_data_file:s0 to u:object_r:system_app_data_file:s0 at /data/user_de/10/com.qualcomm.qti.auth.secureextauthservice; running recursive restorecon
12-12 13:34:08.955   625   625 D installd: Detected label change from u:object_r:system_data_file:s0 to u:object_r:app_data_file:s0:c522,c768 at /data/user/10/com.google.android.setupwizard; running recursive restorecon
12-12 13:34:08.956   625   625 D installd: Detected label change from u:object_r:system_data_file:s0 to u:object_r:app_data_file:s0:c522,c768 at /data/user_de/10/com.google.android.setupwizard; running recursive restorecon
12-12 13:34:08.958   625   625 D installd: Detected label change from u:object_r:system_data_file:s0 to u:object_r:radio_data_file:s0 at /data/user/10/com.qualcomm.qcrilmsgtunnel; running recursive restorecon
12-12 13:34:08.959   625   625 D installd: Detected label change from u:object_r:system_data_file:s0 to u:object_r:radio_data_file:s0 at /data/user_de/10/com.qualcomm.qcrilmsgtunnel; running recursive restorecon
12-12 13:34:08.960  1040  9386 D NetworkMonitor/NetworkAgentInfo [WIFI () - 101]: PROBE_HTTP http://connectivitycheck.gstatic.com/generate_204 time=143ms ret=204 headers={null=[HTTP/1.1 204 No Content], Connection=[keep-alive], Content-Length=[0], Date=[Tue, 12 Dec 2017 18:34:08 GMT], Via=[1.1 ip-10-0-20-179 (squid/3.3.13)], X-Android-Received-Millis=[1513103648959], X-Android-Response-Source=[NETWORK 204], X-Android-Selected-Protocol=[http/1.1], X-Android-Sent-Millis=[1513103648828], X-Cache=[MISS from ip-10-0-20-179], X-Cache-Lookup=[MISS from ip-10-0-20-179:0]}
12-12 13:34:08.961   625   625 D installd: Detected label change from u:object_r:system_data_file:s0 to u:object_r:system_app_data_file:s0 at /data/user/10/com.android.providers.settings; running recursive restorecon
12-12 13:34:08.962   625   625 D installd: Detected label change from u:object_r:system_data_file:s0 to u:object_r:system_app_data_file:s0 at /data/user_de/10/com.android.providers.settings; running recursive restorecon
12-12 13:34:08.963   625   625 D installd: Detected label change from u:object_r:system_data_file:s0 to u:object_r:app_data_file:s0:c522,c768 at /data/user/10/com.android.sharedstoragebackup; running recursive restorecon
12-12 13:34:08.965   625   625 D installd: Detected label change from u:object_r:system_data_file:s0 to u:object_r:app_data_file:s0:c522,c768 at /data/user_de/10/com.android.sharedstoragebackup; running recursive restorecon
12-12 13:34:08.966   625   625 D installd: Detected label change from u:object_r:system_data_file:s0 to u:object_r:app_data_file:s0:c522,c768 at /data/user/10/com.verizon.services; running recursive restorecon
12-12 13:34:08.967   625   625 D installd: Detected label change from u:object_r:system_data_file:s0 to u:object_r:app_data_file:s0:c522,c768 at /data/user_de/10/com.verizon.services; running recursive restorecon
12-12 13:34:08.969   625   625 D installd: Detected label change from u:object_r:system_data_file:s0 to u:object_r:app_data_file:s0:c522,c768 at /data/user/10/com.google.android.music; running recursive restorecon
12-12 13:34:08.970   625   625 D installd: Detected label change from u:object_r:system_data_file:s0 to u:object_r:app_data_file:s0:c522,c768 at /data/user_de/10/com.google.android.music; running recursive restorecon
12-12 13:34:08.972   625   625 D installd: Detected label change from u:object_r:system_data_file:s0 to u:object_r:app_data_file:s0:c522,c768 at /data/user/10/com.android.printspooler; running recursive restorecon
12-12 13:34:08.973   625   625 D installd: Detected label change from u:object_r:system_data_file:s0 to u:object_r:app_data_file:s0:c522,c768 at /data/user_de/10/com.android.printspooler; running recursive restorecon
12-12 13:34:08.974   625   625 D installd: Detected label change from u:object_r:system_data_file:s0 to u:object_r:radio_data_file:s0 at /data/user/10/com.android.sdm.plugins.diagmon; running recursive restorecon
12-12 13:34:08.975   625   625 D installd: Detected label change from u:object_r:system_data_file:s0 to u:object_r:radio_data_file:s0 at /data/user_de/10/com.android.sdm.plugins.diagmon; running recursive restorecon
12-12 13:34:08.977   625   625 D installd: Detected label change from u:object_r:system_data_file:s0 to u:object_r:app_data_file:s0:c522,c768 at /data/user/10/com.android.dreams.basic; running recursive restorecon
12-12 13:34:08.978   625   625 D installd: Detected label change from u:object_r:system_data_file:s0 to u:object_r:app_data_file:s0:c522,c768 at /data/user_de/10/com.android.dreams.basic; running recursive restorecon
12-12 13:34:08.979   625   625 D installd: Detected label change from u:object_r:system_data_file:s0 to u:object_r:system_app_data_file:s0 at /data/user/10/com.android.inputdevices; running recursive restorecon
12-12 13:34:08.980   625   625 D installd: Detected label change from u:object_r:system_data_file:s0 to u:object_r:system_app_data_file:s0 at /data/user_de/10/com.android.inputdevices; running recursive restorecon
12-12 13:34:08.982   625   625 D installd: Detected label change from u:object_r:system_data_file:s0 to u:object_r:app_data_file:s0:c522,c768 at /data/user/10/com.google.android.dialer; running recursive restorecon
12-12 13:34:08.983   625   625 D installd: Detected label change from u:object_r:system_data_file:s0 to u:object_r:app_data_file:s0:c522,c768 at /data/user_de/10/com.google.android.dialer; running recursive restorecon
12-12 13:34:08.985   625   625 D installd: Detected label change from u:object_r:system_data_file:s0 to u:object_r:app_data_file:s0:c522,c768 at /data/user/10/com.android.retaildemo; running recursive restorecon
12-12 13:34:08.986   625   625 D installd: Detected label change from u:object_r:system_data_file:s0 to u:object_r:app_data_file:s0:c522,c768 at /data/user_de/10/com.android.retaildemo; running recursive restorecon
12-12 13:34:08.987   625   625 D installd: Detected label change from u:object_r:system_data_file:s0 to u:object_r:radio_data_file:s0 at /data/user/10/com.qti.xdivert; running recursive restorecon
12-12 13:34:08.989   625   625 D installd: Detected label change from u:object_r:system_data_file:s0 to u:object_r:radio_data_file:s0 at /data/user_de/10/com.qti.xdivert; running recursive restorecon
12-12 13:34:08.990   625   625 D installd: Detected label change from u:object_r:system_data_file:s0 to u:object_r:app_data_file:s0:c522,c768 at /data/user/10/com.google.android.apps.cloudprint; running recursive restorecon
12-12 13:34:08.991   625   625 D installd: Detected label change from u:object_r:system_data_file:s0 to u:object_r:app_data_file:s0:c522,c768 at /data/user_de/10/com.google.android.apps.cloudprint; running recursive restorecon
12-12 13:34:08.993   625   625 D installd: Detected label change from u:object_r:system_data_file:s0 to u:object_r:app_data_file:s0:c522,c768 at /data/user/10/com.android.musicfx; running recursive restorecon
12-12 13:34:08.994   625   625 D installd: Detected label change from u:object_r:system_data_file:s0 to u:object_r:app_data_file:s0:c522,c768 at /data/user_de/10/com.android.musicfx; running recursive restorecon
12-12 13:34:08.996   625   625 D installd: Detected label change from u:object_r:system_data_file:s0 to u:object_r:app_data_file:s0:c522,c768 at /data/user/10/com.google.android.apps.docs; running recursive restorecon
12-12 13:34:08.998   625   625 D installd: Detected label change from u:object_r:system_data_file:s0 to u:object_r:app_data_file:s0:c522,c768 at /data/user_de/10/com.google.android.apps.docs; running recursive restorecon
12-12 13:34:08.999   625   625 D installd: Detected label change from u:object_r:system_data_file:s0 to u:object_r:app_data_file:s0:c522,c768 at /data/user/10/com.google.android.apps.maps; running recursive restorecon
12-12 13:34:09.000   625   625 D installd: Detected label change from u:object_r:system_data_file:s0 to u:object_r:app_data_file:s0:c522,c768 at /data/user_de/10/com.google.android.apps.maps; running recursive restorecon
12-12 13:34:09.002   625   625 D installd: Detected label change from u:object_r:system_data_file:s0 to u:object_r:app_data_file:s0:c522,c768 at /data/user/10/com.android.cellbroadcastreceiver; running recursive restorecon
12-12 13:34:09.003   625   625 D installd: Detected label change from u:object_r:system_data_file:s0 to u:object_r:app_data_file:s0:c522,c768 at /data/user_de/10/com.android.cellbroadcastreceiver; running recursive restorecon
12-12 13:34:09.005   625   625 D installd: Detected label change from u:object_r:system_data_file:s0 to u:object_r:app_data_file:s0:c522,c768 at /data/user/10/com.google.android.webview; running recursive restorecon
12-12 13:34:09.007   625   625 D installd: Detected label change from u:object_r:system_data_file:s0 to u:object_r:app_data_file:s0:c522,c768 at /data/user_de/10/com.google.android.webview; running recursive restorecon
12-12 13:34:09.008   625   625 D installd: Detected label change from u:object_r:system_data_file:s0 to u:object_r:app_data_file:s0:c522,c768 at /data/user/10/com.google.android.contacts; running recursive restorecon
12-12 13:34:09.010   625   625 D installd: Detected label change from u:object_r:system_data_file:s0 to u:object_r:app_data_file:s0:c522,c768 at /data/user_de/10/com.google.android.contacts; running recursive restorecon
12-12 13:34:09.011   625   625 D installd: Detected label change from u:object_r:system_data_file:s0 to u:object_r:system_app_data_file:s0 at /data/user/10/com.android.server.telecom; running recursive restorecon
12-12 13:34:09.012   625   625 D installd: Detected label change from u:object_r:system_data_file:s0 to u:object_r:system_app_data_file:s0 at /data/user_de/10/com.android.server.telecom; running recursive restorecon
12-12 13:34:09.013   625   625 D installd: Detected label change from u:object_r:system_data_file:s0 to u:object_r:app_data_file:s0:c522,c768 at /data/user/10/com.google.android.syncadapters.contacts; running recursive restorecon
12-12 13:34:09.014   625   625 D installd: Detected label change from u:object_r:system_data_file:s0 to u:object_r:app_data_file:s0:c522,c768 at /data/user_de/10/com.google.android.syncadapters.contacts; running recursive restorecon
12-12 13:34:09.016   625   625 D installd: Detected label change from u:object_r:system_data_file:s0 to u:object_r:app_data_file:s0:c522,c768 at /data/user/10/com.trellis; running recursive restorecon
12-12 13:34:09.017   625   625 D installd: Detected label change from u:object_r:system_data_file:s0 to u:object_r:app_data_file:s0:c522,c768 at /data/user_de/10/com.trellis; running recursive restorecon
12-12 13:34:09.019   625   625 D installd: Detected label change from u:object_r:system_data_file:s0 to u:object_r:app_data_file:s0:c522,c768 at /data/user/10/com.android.facelock; running recursive restorecon
12-12 13:34:09.020   625   625 D installd: Detected label change from u:object_r:system_data_file:s0 to u:object_r:app_data_file:s0:c522,c768 at /data/user_de/10/com.android.facelock; running recursive restorecon
12-12 13:34:09.022   625   625 D installd: Detected label change from u:object_r:system_data_file:s0 to u:object_r:system_app_data_file:s0 at /data/user/10/com.android.keychain; running recursive restorecon
12-12 13:34:09.023   625   625 D installd: Detected label change from u:object_r:system_data_file:s0 to u:object_r:system_app_data_file:s0 at /data/user_de/10/com.android.keychain; running recursive restorecon
12-12 13:34:09.024   625   625 D installd: Detected label change from u:object_r:system_data_file:s0 to u:object_r:app_data_file:s0:c522,c768 at /data/user/10/com.google.android.calculator; running recursive restorecon
12-12 13:34:09.026   625   625 D installd: Detected label change from u:object_r:system_data_file:s0 to u:object_r:app_data_file:s0:c522,c768 at /data/user_de/10/com.google.android.calculator; running recursive restorecon
12-12 13:34:09.027   625   625 D installd: Detected label change from u:object_r:system_data_file:s0 to u:object_r:radio_data_file:s0 at /data/user/10/com.android.service.ims; running recursive restorecon
12-12 13:34:09.028   625   625 D installd: Detected label change from u:object_r:system_data_file:s0 to u:object_r:radio_data_file:s0 at /data/user_de/10/com.android.service.ims; running recursive restorecon
12-12 13:34:09.030   625   625 D installd: Detected label change from u:object_r:system_data_file:s0 to u:object_r:app_data_file:s0:c522,c768 at /data/user/10/com.android.chrome; running recursive restorecon
