12-12 13:33:44.551  7444  7473 I bt_vendor: stop_hci_filter: hci_filter has been stopped already
12-12 13:33:44.556  7444  7473 I bt_vendor: cleanup
12-12 13:33:44.557  7444  7473 I bt_core_module: module_shut_down Shutdown of module "hci_module" completed
12-12 13:33:44.557  7444  7473 I bt_core_module: module_shut_down Shutting down module "btsnoop_module"
12-12 13:33:44.557  7444  7473 I bt_core_module: module_shut_down Shutdown of module "btsnoop_module" completed
12-12 13:33:44.557  7444  7473 I bt_core_module: module_clean_up Cleaning up module "bte_logmsg_module"
12-12 13:33:44.557  7444  7473 I bt_core_module: module_clean_up Cleanup of module "bte_logmsg_module" completed
12-12 13:33:44.557  7444  7552 W bt_osi_thread: run_thread: thread id 7552, thread name bt_workqueue exited
12-12 13:33:44.558  7444  7468 I bt_core_module: module_shut_down Shutting down module "controller_module"
12-12 13:33:44.558  7444  7468 I bt_core_module: module_shut_down Shutdown of module "controller_module" completed
12-12 13:33:44.558  7444  7468 I bt_stack_manager: event_shut_down_stack finished
12-12 13:33:44.558  7444  7467 D BluetoothAdapterState: Current state: PENDING_COMMAND, message: 24
12-12 13:33:44.558  7444  7467 D BluetoothAdapterService: stopGattProfileService()
12-12 13:33:44.559  7444  7467 D BluetoothAdapterService: setProfileServiceState() - Stopping service com.android.bluetooth.gatt.GattService
12-12 13:33:44.560  7444  7444 D BtGatt.DebugUtils: handleDebugAction() action=null
12-12 13:33:44.560  7444  7444 D BluetoothAdapterService: getAdapterService() - returning com.android.bluetooth.btservice.AdapterService@9d9fcb8
12-12 13:33:44.561  7444  7444 D BtGatt.GattService: Received stop request...Stopping profile...
12-12 13:33:44.561  7444  7444 D BtGatt.GattService: stop()
12-12 13:33:44.561  7444  7444 D BtGatt.AdvertiseManager: advertise clients cleared
12-12 13:33:44.562  7444  7467 D BluetoothAdapterState: Stopping Gatt profile services that were post enabled
12-12 13:33:44.562  7444  7444 D BluetoothAdapterService: getAdapterService() - returning com.android.bluetooth.btservice.AdapterService@9d9fcb8
12-12 13:33:44.563  7444  7444 D BluetoothAdapterService: handleMessage() - Message: 1
12-12 13:33:44.563  7444  7444 D BluetoothAdapterService: handleMessage() - MESSAGE_PROFILE_SERVICE_STATE_CHANGED
12-12 13:33:44.563  7444  7444 D BluetoothAdapterService: processProfileServiceStateChanged() serviceName=com.android.bluetooth.gatt.GattService, state=10, doUpdate=true
12-12 13:33:44.563  7444  7444 V BluetoothAdapterState: isTurningOff()=false
12-12 13:33:44.563  7444  7444 V BluetoothAdapterState: isTurningOn()=false
12-12 13:33:44.563  7444  7444 V BluetoothAdapterState: isBleTurningOn()=false
12-12 13:33:44.563  7444  7444 V BluetoothAdapterState: isBleTurningOff()=true
12-12 13:33:44.563  7444  7444 D BluetoothAdapterService: processProfileServiceStateChanged() - serviceName=com.android.bluetooth.gatt.GattService isTurningOn=false isTurningOff=false isBleTurningOn=false isBleTurningOff=true
12-12 13:33:44.563  7444  7444 D BluetoothAdapterService: GattService stopped
12-12 13:33:44.564  7444  7467 D BluetoothAdapterState: Current state: PENDING_COMMAND, message: 25
12-12 13:33:44.564  7444  7467 D BluetoothAdapterProperties: Setting state to 10
12-12 13:33:44.564  7444  7467 I BluetoothAdapterState: Bluetooth adapter state changed: 16-> 10
12-12 13:33:44.564  7444  7467 D BluetoothAdapterService: updateAdapterState() - Broadcasting state to 1 receivers.
12-12 13:33:44.565  1040  1101 D BluetoothManagerService: MESSAGE_BLUETOOTH_STATE_CHANGE: BLE_TURNING_OFF > OFF
12-12 13:33:44.565  7444  7467 I BluetoothAdapterState: Entering OffState
12-12 13:33:44.565  1040  1101 D BluetoothManagerService: Bluetooth is complete send Service Down
12-12 13:33:44.565  1040  1101 D BluetoothManagerService: Broadcasting onBluetoothServiceDown() to 9 receivers.
12-12 13:33:44.565  7444  7610 D BluetoothAdapter: onBluetoothServiceDown: com.android.bluetooth.btservice.AdapterService$AdapterServiceBinder@992f5f7
12-12 13:33:44.565  1040  1101 D BluetoothAdapter: onBluetoothServiceDown: android.bluetooth.IBluetooth$Stub$Proxy@6e4c5e4
12-12 13:33:44.565  1500  1681 D BluetoothAdapter: onBluetoothServiceDown: android.bluetooth.IBluetooth$Stub$Proxy@ebad593
12-12 13:33:44.565  6472  6484 D BluetoothAdapter: onBluetoothServiceDown: android.bluetooth.IBluetooth$Stub$Proxy@3aaf1b7
12-12 13:33:44.565  8816  8827 D BluetoothAdapter: onBluetoothServiceDown: android.bluetooth.IBluetooth$Stub$Proxy@540d39f
12-12 13:33:44.565  1040  1101 D BluetoothManagerService: unbindAndFinish(): android.bluetooth.IBluetooth$Stub$Proxy@6e4c5e4 mBinding = false mUnbinding = false
12-12 13:33:44.565  7225  7237 D BluetoothAdapter: onBluetoothServiceDown: android.bluetooth.IBluetooth$Stub$Proxy@93a16a8
12-12 13:33:44.566  8948  8960 D BluetoothAdapter: onBluetoothServiceDown: android.bluetooth.IBluetooth$Stub$Proxy@cbb6df6
12-12 13:33:44.566  1761  1773 D BluetoothAdapter: onBluetoothServiceDown: android.bluetooth.IBluetooth$Stub$Proxy@3701633
12-12 13:33:44.566  1968  1981 D BluetoothAdapter: onBluetoothServiceDown: android.bluetooth.IBluetooth$Stub$Proxy@521290b
12-12 13:33:44.568  7444  7444 D BluetoothAdapterService: onUnbind() - calling cleanup
12-12 13:33:44.568  7444  7444 D BluetoothAdapterService: cleanup()
12-12 13:33:44.572  1040  1101 D BluetoothManagerService: Sending BLE State Change: BLE_TURNING_OFF > OFF
12-12 13:33:44.573  7444  7444 W BluetoothSdpJni: Cleaning up Bluetooth SDP Interface...
12-12 13:33:44.573  7444  7444 W BluetoothSdpJni: Cleaning up Bluetooth SDP object
12-12 13:33:44.573  7444  7444 D BluetoothAdapterService: cleanup() - Cleaning up adapter native
12-12 13:33:44.574  7444  7468 I bt_stack_manager: event_clean_up_stack is cleaning up the stack
12-12 13:33:44.574  7444  7468 E BluetoothServiceJni: Callback env check fail: env: 0x0, callback: 0xe6655430
12-12 13:33:44.574  7444  7468 E BluetoothServiceJni: Callback: 'callback_thread_event' is not called on the correct thread
12-12 13:33:44.574  7444  7473 W bt_osi_thread: run_thread: thread id 7473, thread name bt_jni_workqueue exited
12-12 13:33:44.575  7444  7468 I bt_core_module: module_clean_up Cleaning up module "stack_config_module"
12-12 13:33:44.575  7444  7468 I bt_core_module: module_clean_up Cleanup of module "stack_config_module" completed
12-12 13:33:44.575  7444  7468 I bt_core_module: module_clean_up Cleaning up module "interop_module"
12-12 13:33:44.575  7444  7468 I bt_core_module: module_clean_up Cleanup of module "interop_module" completed
12-12 13:33:44.575  7444  7468 I bt_core_module: module_clean_up Cleaning up module "btif_config_module"
12-12 13:33:44.579  7444  7468 I bt_core_module: module_clean_up Cleanup of module "btif_config_module" completed
12-12 13:33:44.579  7444  7468 I bt_core_module: module_clean_up Cleaning up module "bt_utils_module"
12-12 13:33:44.579  7444  7468 I bt_core_module: module_clean_up Cleanup of module "bt_utils_module" completed
12-12 13:33:44.580  7444  7468 I bt_core_module: module_clean_up Cleaning up module "osi_module"
12-12 13:33:44.580  7444  7472 D bt_osi_alarm: callback_dispatch Callback thread exited
12-12 13:33:44.580  7444  7472 W bt_osi_thread: run_thread: thread id 7472, thread name alarm_dispatcher exited
12-12 13:33:44.581  7444  7471 W bt_osi_thread: run_thread: thread id 7471, thread name alarm_default_ca exited
12-12 13:33:44.582  7444  7468 I bt_core_module: module_clean_up Cleanup of module "osi_module" completed
12-12 13:33:44.582  7444  7468 I bt_stack_manager: event_clean_up_stack finished
12-12 13:33:44.582  7444  7444 I BluetoothServiceJni: cleanupNative: return from cleanup
12-12 13:33:44.584  7444  7444 I art     : System.exit called, status: 0
12-12 13:33:44.584  7444  7444 I AndroidRuntime: VM exiting with result code 0, cleanup skipped.
12-12 13:33:44.598  1040  7911 I ActivityManager: Process com.android.bluetooth (pid 7444) has died
12-12 13:33:44.598  1040  7911 D ActivityManager: cleanUpApplicationRecord -- 7444
12-12 13:33:44.659  1040  7910 I ActivityManager: START u0 {} from uid 11787 on display 0
12-12 13:33:44.981  1040  2091 I ActivityManager: START u0 {act=android.intent.action.MAIN cat=[android.intent.category.LAUNCHER] flg=0x10200000 cmp=com.example.snoopy/.CameraInputFrames} from uid 2000 on display 0
12-12 13:33:45.183  1040  2012 I ActivityManager: START u0 {act=android.intent.action.MAIN cat=[android.intent.category.LAUNCHER] flg=0x10200000 cmp=com.example.snoopy/.MainActivity} from uid 2000 on display 0
12-12 13:33:45.356  1040  1104 D LuxLevels: bright hysteresis constant= 0.1, threshold=6.58702, lux=5.9881997
12-12 13:33:45.356  1040  1104 D LuxLevels: dark hysteresis constant= 0.2, threshold=4.79056, lux=5.9881997
12-12 13:33:45.383  1040  4758 I ActivityManager: START u0 {} from uid 11787 on display 0
12-12 13:33:45.498  1040  7911 I ActivityManager: START u0 {} from uid 11787 on display 0
12-12 13:33:45.561  1040  1040 W WindowManager: Attempted to remove non-existing token: android.os.Binder@93bd59b
12-12 13:33:45.754  1040  1068 I ActivityManager: START u0 {act=android.intent.action.MAIN cat=[android.intent.category.LAUNCHER] flg=0x10200000 cmp=com.example.snoopy/.CameraInputFrames} from uid 2000 on display 0
12-12 13:33:46.153  1040  1104 D LuxLevels: bright hysteresis constant= 0.1, threshold=5.025713, lux=4.56883
12-12 13:33:46.153  1040  1104 D LuxLevels: dark hysteresis constant= 0.2, threshold=3.655064, lux=4.56883
12-12 13:33:46.174  8659  8671 I art     : Starting a blocking GC Explicit
12-12 13:33:46.184  8659  8671 I art     : Explicit concurrent mark sweep GC freed 3992(147KB) AllocSpace objects, 1(20KB) LOS objects, 39% free, 5MB/8MB, paused 140us total 9.039ms
12-12 13:33:46.358  1040  4759 I ActivityManager: START u0 {} from uid 11787 on display 0
12-12 13:33:46.616  1040  7830 I ActivityManager: START u0 {act=android.intent.action.MAIN cat=[android.intent.category.LAUNCHER] flg=0x10200000 cmp=com.example.snoopy/.MainActivity} from uid 2000 on display 0
12-12 13:33:46.879  1040  2054 I ActivityManager: Setting hasTopUi=false for pid=1500
12-12 13:33:46.880  1500  1500 D PhoneStatusBar: disable: < expand icons* alerts system_info* back home recent clock search quick_settings >
12-12 13:33:46.950  1040  1104 D LuxLevels: bright hysteresis constant= 0.1, threshold=3.729175, lux=3.3901591
12-12 13:33:46.950  1040  1104 D LuxLevels: dark hysteresis constant= 0.2, threshold=2.7121274, lux=3.3901591
12-12 13:33:47.525  1040  7830 I ActivityManager: START u0 {act=android.intent.action.MAIN cat=[android.intent.category.LAUNCHER] flg=0x10200000 cmp=com.example.snoopy/.CameraInputFrames} from uid 2000 on display 0
12-12 13:33:47.772  1040  7911 I ActivityManager: START u0 {act=android.intent.action.MAIN cat=[android.intent.category.LAUNCHER] flg=0x10200000 cmp=com.example.snoopy/.CameraInputFrames} from uid 2000 on display 0
12-12 13:33:48.392  1040  1392 I ActivityManager: START u0 {act=android.intent.action.MAIN cat=[android.intent.category.LAUNCHER] flg=0x10200000 cmp=com.example.snoopy/.MainActivity} from uid 2000 on display 0
12-12 13:33:48.411  8659  8673 I art     : Starting a blocking GC Explicit
12-12 13:33:48.422  8659  8673 I art     : Explicit concurrent mark sweep GC freed 5378(182KB) AllocSpace objects, 1(20KB) LOS objects, 40% free, 5MB/8MB, paused 149us total 10.859ms
12-12 13:33:49.245  1040  7911 I ActivityManager: START u0 {act=android.intent.action.MAIN cat=[android.intent.category.LAUNCHER] flg=0x10200000 cmp=com.example.snoopy/.CameraInputFrames} from uid 2000 on display 0
12-12 13:33:49.317  1040  1393 I ActivityManager: Setting hasTopUi=true for pid=1500
12-12 13:33:49.322  1500  1500 D PhoneStatusBar: disable: < expand ICONS* alerts SYSTEM_INFO* back home recent clock search quick_settings >
12-12 13:33:49.391  1040  1393 I ActivityManager: Setting hasTopUi=false for pid=1500
12-12 13:33:49.392  1500  1500 D PhoneStatusBar: disable: < expand icons* alerts system_info* back home recent clock search quick_settings >
12-12 13:33:49.553   503   767 D audio_hw_primary: disable_audio_route: usecase(1) reset and update mixer path: low-latency-playback speaker
12-12 13:33:49.554   503   767 D hardware_info: hw_info_append_hw_type : device_name = speaker
12-12 13:33:49.554   503   767 D audio_hw_primary: disable_snd_device: snd_device(2: speaker)
12-12 13:33:50.035  1459  1459 W InputMethodService: Window size has been changed. This may cause jankiness of resizing window: -1 -> -2
12-12 13:33:50.076  1040  1069 I ActivityManager: START u0 {act=android.intent.action.MAIN cat=[android.intent.category.LAUNCHER] flg=0x10200000 cmp=com.example.snoopy/.CameraInputFrames} from uid 2000 on display 0
12-12 13:33:50.191  1040  1068 I ActivityManager: START u0 {act=android.intent.action.MAIN cat=[android.intent.category.LAUNCHER] flg=0x10200000 cmp=com.example.snoopy/.CameraInputFrames} from uid 2000 on display 0
12-12 13:33:50.409   503   767 I ACDB-LOADER: ACDB AFE returned = -19
12-12 13:33:50.409   503   767 D hardware_info: hw_info_append_hw_type : device_name = speaker
12-12 13:33:50.410   503   767 D audio_hw_primary: enable_snd_device: snd_device(2: speaker)
12-12 13:33:50.410   503   767 D audio_hw_primary: enable_audio_route: usecase(1) apply and update mixer path: low-latency-playback speaker
12-12 13:33:50.412   618   647 E ANDR-PERF-OPTSHANDLER: Warning: Resource [2, 0] not supported for core 1. Instead use resource for core 0
12-12 13:33:50.412   618   647 E ANDR-PERF-RESOURCEQS: Failed to apply optimization [2, 2, 0]
12-12 13:33:50.456  8659  8659 W InputEventReceiver: Attempted to finish an input event but the input event receiver has already been disposed.
12-12 13:33:50.457  8659  8659 W ViewRootImpl[MainActivity]: Dropping event due to root view being removed: MotionEvent { action=ACTION_UP, actionButton=0, id[0]=0, x[0]=510.50323, y[0]=569.2965, toolType[0]=TOOL_TYPE_UNKNOWN, buttonState=0, metaState=0, flags=0x0, edgeFlags=0x0, pointerCount=1, historySize=0, eventTime=1704159, downTime=1704158, deviceId=0, source=0x1002 }
12-12 13:33:50.457  8659  8659 W InputEventReceiver: Attempted to finish an input event but the input event receiver has already been disposed.
12-12 13:33:50.457  7299  7763 I AuthChimeraService: Executing request: ProxyRequest[ url: https://www.googleapis.com/identitytoolkit/v3/relyingparty/signupNewUser?alt=proto&key=AIzaSyAlPR096sOohVB9d0xuRCe1M34wBO-crBA, method: 1 ]
12-12 13:33:50.472  1040  7830 W InputMethodManagerService: Window already focused, ignoring focus gain of: com.android.internal.view.IInputMethodClient$Stub$Proxy@5ffe7f6 attribute=null, token = android.os.BinderProxy@c0aa510
12-12 13:33:50.482  7299  8756 V NativeCrypto: Read error: ssl=0x72c78a79c8: I/O error during system call, Software caused connection abort
12-12 13:33:50.483  7299  8756 V NativeCrypto: SSL shutdown failed: ssl=0x72c78a79c8: I/O error during system call, Broken pipe
12-12 13:33:50.486  7299  7763 I AuthChimeraService: Executing send connection operation
12-12 13:33:50.489  7299  7763 W FirebaseAuth: [PhoneNumberAuthPostProcessor] postProcess starts
12-12 13:33:50.489  7299  7763 W FirebaseAuth: [PhoneNumberAuthPostProcessor] postProcess ends
12-12 13:33:50.537  7299  7763 I AuthChimeraService: Executing request: ProxyRequest[ url: https://www.googleapis.com/identitytoolkit/v3/relyingparty/signupNewUser?alt=proto&key=AIzaSyAlPR096sOohVB9d0xuRCe1M34wBO-crBA, method: 1 ]
12-12 13:33:50.553  1040  2106 I ActivityManager: START u0 {act=android.intent.action.MAIN cat=[android.intent.category.LAUNCHER] flg=0x10200000 cmp=com.example.snoopy/.CameraInputFrames} from uid 2000 on display 0
12-12 13:33:50.555  7299  7763 I AuthChimeraService: Executing send connection operation
12-12 13:33:50.557  7299  7763 W FirebaseAuth: [PhoneNumberAuthPostProcessor] postProcess starts
12-12 13:33:50.557  7299  7763 W FirebaseAuth: [PhoneNumberAuthPostProcessor] postProcess ends
12-12 13:33:50.596  1040  4758 W InputMethodManagerService: Window already focused, ignoring focus gain of: com.android.internal.view.IInputMethodClient$Stub$Proxy@beb2c01 attribute=null, token = android.os.BinderProxy@c0aa510
12-12 13:33:50.623  1040  7830 I ActivityManager: START u0 {cmp=com.example.snoopy/.LoginActivity} from uid 11788 on display 0
12-12 13:33:50.640  1040  2106 I ActivityManager: Killing 6636:com.google.android.calendar/u0a58 (adj 906): empty #17
12-12 13:33:50.664  1040  7912 D ActivityManager: cleanUpApplicationRecord -- 6636
12-12 13:33:50.674  1040  1412 I InputDispatcher: Dropping event because there is no touchable window at (532, 1336).
12-12 13:33:50.674  1040  2054 W InputManager: Input event injection from pid 8646 failed.
12-12 13:33:50.675  1040  7922 W InputManager: Input event injection from pid 8646 failed.
12-12 13:33:50.738  1040  1102 I ActivityManager: Displayed com.example.snoopy/.LoginActivity: +101ms
12-12 13:33:50.762  8659  8672 I art     : Starting a blocking GC Explicit
12-12 13:33:50.766  8659  8659 W IInputConnectionWrapper: finishComposingText on inactive InputConnection
12-12 13:33:50.769  8659  8684 D OpenGLRenderer: endAllActiveAnimators on 0x72e8ae9c00 (RippleDrawable) with handle 0x72d486d080
12-12 13:33:50.776  8659  8672 I art     : Explicit concurrent mark sweep GC freed 7741(328KB) AllocSpace objects, 2(40KB) LOS objects, 39% free, 5MB/9MB, paused 348us total 13.765ms
12-12 13:33:50.842  1459  1459 W InputMethodService: Window size has been changed. This may cause jankiness of resizing window: -1 -> -2
12-12 13:33:50.848  8659  8659 W IInputConnectionWrapper: finishComposingText on inactive InputConnection
12-12 13:33:50.856  1459  1459 W InputConnectionWrapper: Fixing selection indices to 0, 0
12-12 13:33:51.449  1459  1459 W InputMethodService: Window size has been changed. This may cause jankiness of resizing window: -1 -> -2
12-12 13:33:51.581  1040  2054 I ActivityManager: START u0 {act=android.intent.action.MAIN cat=[android.intent.category.LAUNCHER] flg=0x10200000 cmp=com.example.snoopy/.MainActivity} from uid 2000 on display 0
12-12 13:33:51.969  1040  7830 I ActivityManager: START u0 {act=android.intent.action.MAIN cat=[android.intent.category.LAUNCHER] flg=0x10200000 cmp=com.example.snoopy/.CameraInputFrames} from uid 2000 on display 0
12-12 13:33:52.164  1459  1459 W InputMethodService: Window size has been changed. This may cause jankiness of resizing window: -1 -> -2
12-12 13:33:52.170  8659  8659 W IInputConnectionWrapper: finishComposingText on inactive InputConnection
12-12 13:33:52.190  1459  1459 W InputConnectionWrapper: Fixing selection indices to 0, 0
12-12 13:33:52.338  1040  2106 I ActivityManager: START u0 {act=android.intent.action.MAIN cat=[android.intent.category.LAUNCHER] flg=0x10200000 cmp=com.example.snoopy/.MainActivity} from uid 2000 on display 0
12-12 13:33:52.398  1040  2091 I ActivityManager: START u0 {act=android.intent.action.MAIN cat=[android.intent.category.LAUNCHER] flg=0x10200000 cmp=com.example.snoopy/.MainActivity} from uid 2000 on display 0
12-12 13:33:52.496  1040  1040 W WindowManager: Attempted to remove non-existing token: android.os.Binder@43a8d82
12-12 13:33:52.498  1040  1040 I ActivityManager: Killing 6685:com.google.android.deskclock/u0a91 (adj 906): empty #17
12-12 13:33:52.520  1040  1393 D ActivityManager: cleanUpApplicationRecord -- 6685
12-12 13:33:52.766  1040  1393 I ActivityManager: Setting hasTopUi=true for pid=1500
12-12 13:33:52.769  1500  1500 D PhoneStatusBar: disable: < expand ICONS* alerts SYSTEM_INFO* back home recent clock search quick_settings >
12-12 13:33:52.831  1040  7830 I ActivityManager: START u0 {act=android.intent.action.MAIN cat=[android.intent.category.LAUNCHER] flg=0x10008000 cmp=com.android.settings/.DevelopmentSettings} from uid 1000 on display 0
12-12 13:33:52.847  1040  7912 W InputMethodManagerService: Window already focused, ignoring focus gain of: com.android.internal.view.IInputMethodClient$Stub$Proxy@443928d attribute=null, token = android.os.BinderProxy@1dd873d
12-12 13:33:52.954  8659  8672 I art     : Starting a blocking GC Explicit
12-12 13:33:52.964  8659  8672 I art     : Explicit concurrent mark sweep GC freed 5983(218KB) AllocSpace objects, 1(20KB) LOS objects, 39% free, 5MB/9MB, paused 129us total 9.617ms
12-12 13:33:53.042  1040  1393 I ActivityManager: START u0 {act=android.intent.action.MAIN cat=[android.intent.category.LAUNCHER] flg=0x10200000 cmp=com.example.snoopy/.MainActivity} from uid 2000 on display 0
12-12 13:33:53.248  1040  2106 I ActivityManager: Setting hasTopUi=false for pid=1500
12-12 13:33:53.249  1500  1500 D PhoneStatusBar: disable: < expand icons* alerts system_info* back home recent clock search quick_settings >
12-12 13:33:53.304   502   502 E SurfaceFlinger: releasePendingBuffer failed: Unknown error -1 (1)
12-12 13:33:53.980  8659  8659 W IInputConnectionWrapper: finishComposingText on inactive InputConnection
12-12 13:33:54.015  8659  8659 W IInputConnectionWrapper: finishComposingText on inactive InputConnection
12-12 13:33:54.023  1459  1459 W InputConnectionWrapper: Fixing selection indices to 0, 0
12-12 13:33:54.406  1459  1459 W InputMethodService: Window size has been changed. This may cause jankiness of resizing window: -1 -> -2
12-12 13:33:54.453  1459  1459 W InputMethodService: Window size has been changed. This may cause jankiness of resizing window: -1 -> -2
12-12 13:33:54.486  1459  1459 W InputConnectionWrapper: Fixing selection indices to 7, 7
12-12 13:33:54.508  1040  1040 W WindowManager: Attempted to remove non-existing token: android.os.Binder@1284ada
12-12 13:33:54.927  1040  2091 I ActivityManager: START u0 {act=android.intent.action.MAIN cat=[android.intent.category.LAUNCHER] flg=0x10200000 cmp=com.example.snoopy/.MainActivity} from uid 2000 on display 0
12-12 13:33:55.099  1040  1068 I ActivityManager: START u0 {act=android.intent.action.MAIN cat=[android.intent.category.LAUNCHER] flg=0x10200000 cmp=com.example.snoopy/.CameraInputFrames} from uid 2000 on display 0
12-12 13:33:55.215  8659  8671 I art     : Starting a blocking GC Explicit
12-12 13:33:55.227  8659  8671 I art     : Explicit concurrent mark sweep GC freed 6366(223KB) AllocSpace objects, 1(20KB) LOS objects, 39% free, 5MB/9MB, paused 115us total 11.369ms
12-12 13:33:55.273  1040  4758 I ActivityManager: START u0 {act=android.intent.action.MAIN cat=[android.intent.category.LAUNCHER] flg=0x10200000 cmp=com.example.snoopy/.MainActivity} from uid 2000 on display 0
12-12 13:33:55.385  1040  2091 I ActivityManager: START u0 {act=android.intent.action.MAIN cat=[android.intent.category.LAUNCHER] flg=0x10200000 cmp=com.example.snoopy/.CameraInputFrames} from uid 2000 on display 0
12-12 13:33:55.591  8659  8659 W IInputConnectionWrapper: finishComposingText on inactive InputConnection
12-12 13:33:55.594  8659  8659 W IInputConnectionWrapper: finishComposingText on inactive InputConnection
12-12 13:33:55.630  1459  1459 W InputConnectionWrapper: Fixing selection indices to 3, 3
12-12 13:33:55.712  8659  8659 E SpannableStringBuilder: SPAN_EXCLUSIVE_EXCLUSIVE spans cannot have a zero length
12-12 13:33:55.712  8659  8659 E SpannableStringBuilder: SPAN_EXCLUSIVE_EXCLUSIVE spans cannot have a zero length
12-12 13:33:55.728  8659  8664 I art     : Do partial code cache collection, code=19KB, data=27KB
12-12 13:33:55.728  8659  8664 I art     : After code cache collection, code=19KB, data=27KB
12-12 13:33:55.728  8659  8664 I art     : Increasing code cache capacity to 128KB
12-12 13:33:55.871  1040  1068 I ActivityManager: Setting hasTopUi=true for pid=1500
12-12 13:33:55.874  1500  1500 D PhoneStatusBar: disable: < expand ICONS* alerts SYSTEM_INFO* back home recent clock search quick_settings >
12-12 13:33:55.947  1040  2116 I ActivityManager: Setting hasTopUi=false for pid=1500
12-12 13:33:55.948  1500  1500 D PhoneStatusBar: disable: < expand icons* alerts system_info* back home recent clock search quick_settings >
12-12 13:33:55.950  1040  2012 I ActivityManager: Setting hasTopUi=true for pid=1500
12-12 13:33:55.951  1500  1500 D PhoneStatusBar: disable: < expand ICONS* alerts SYSTEM_INFO* back home recent clock search quick_settings >
12-12 13:33:55.959  1040  7919 I ActivityManager: Setting hasTopUi=false for pid=1500
12-12 13:33:55.961  1500  1500 D PhoneStatusBar: disable: < expand icons* alerts system_info* back home recent clock search quick_settings >
12-12 13:33:55.963  1040  1790 I ActivityManager: Setting hasTopUi=true for pid=1500
12-12 13:33:55.964  1500  1500 D PhoneStatusBar: disable: < expand ICONS* alerts SYSTEM_INFO* back home recent clock search quick_settings >
12-12 13:33:56.020   503   767 D audio_hw_primary: disable_audio_route: usecase(1) reset and update mixer path: low-latency-playback speaker
12-12 13:33:56.021   503   767 D hardware_info: hw_info_append_hw_type : device_name = speaker
12-12 13:33:56.021   503   767 D audio_hw_primary: disable_snd_device: snd_device(2: speaker)
12-12 13:33:56.126   503   767 I ACDB-LOADER: ACDB AFE returned = -19
12-12 13:33:56.127   503   767 D hardware_info: hw_info_append_hw_type : device_name = speaker
12-12 13:33:56.127   503   767 D audio_hw_primary: enable_snd_device: snd_device(2: speaker)
12-12 13:33:56.127   503   767 D audio_hw_primary: enable_audio_route: usecase(1) apply and update mixer path: low-latency-playback speaker
12-12 13:33:56.131   618   647 E ANDR-PERF-OPTSHANDLER: Warning: Resource [2, 0] not supported for core 1. Instead use resource for core 0
12-12 13:33:56.131   618   647 E ANDR-PERF-RESOURCEQS: Failed to apply optimization [2, 2, 0]
12-12 13:33:56.135  1040  7830 I ActivityManager: START u0 {} from uid 11787 on display 0
12-12 13:33:56.145  1040  1392 W InputMethodManagerService: Window already focused, ignoring focus gain of: com.android.internal.view.IInputMethodClient$Stub$Proxy@3443f7f attribute=null, token = android.os.BinderProxy@1dd873d
12-12 13:33:56.159  1040  7911 I ActivityManager: START u0 {act=android.intent.action.MAIN cat=[android.intent.category.LAUNCHER] flg=0x10200000 cmp=com.example.snoopy/.MainActivity} from uid 2000 on display 0
12-12 13:33:56.511  1040  1040 W WindowManager: Attempted to remove non-existing token: android.os.Binder@9e41a5c
12-12 13:33:56.828  1040  4759 I ActivityManager: START u0 {act=android.intent.action.MAIN cat=[android.intent.category.LAUNCHER] flg=0x10200000 cmp=com.example.snoopy/.MainActivity} from uid 2000 on display 0
12-12 13:33:56.939  1040  2012 I ActivityManager: START u0 {act=android.intent.action.MAIN cat=[android.intent.category.LAUNCHER] flg=0x10200000 cmp=com.example.snoopy/.CameraInputFrames} from uid 2000 on display 0
12-12 13:33:57.189  1040  1392 I ActivityManager: START u0 {} from uid 11787 on display 0
12-12 13:33:57.222  1040  2031 I ActivityManager: START u0 {act=android.intent.action.MAIN cat=[android.intent.category.LAUNCHER] flg=0x10200000 cmp=com.example.snoopy/.CameraInputFrames} from uid 2000 on display 0
12-12 13:33:57.362  1040  2091 I ActivityManager: START u0 {} from uid 11787 on display 0
12-12 13:33:57.423  8659  8671 I art     : Starting a blocking GC Explicit
12-12 13:33:57.437  8659  8671 I art     : Explicit concurrent mark sweep GC freed 5282(199KB) AllocSpace objects, 1(20KB) LOS objects, 39% free, 5MB/9MB, paused 199us total 14.021ms
12-12 13:33:57.510  1040  2031 I ActivityManager: START u0 {act=android.intent.action.MAIN cat=[android.intent.category.LAUNCHER] flg=0x10200000 cmp=com.example.snoopy/.CameraInputFrames} from uid 2000 on display 0
12-12 13:33:58.013  1040  1068 I ActivityManager: START u0 {} from uid 11787 on display 0
12-12 13:33:58.159  1040  7911 I ActivityManager: START u0 {act=android.intent.action.MAIN cat=[android.intent.category.LAUNCHER] flg=0x10200000 cmp=com.example.snoopy/.CameraInputFrames} from uid 2000 on display 0
12-12 13:33:58.611  1040  7911 I ActivityManager: START u0 {act=android.intent.action.MAIN cat=[android.intent.category.LAUNCHER] flg=0x10200000 cmp=com.example.snoopy/.CameraInputFrames} from uid 2000 on display 0
12-12 13:33:58.734  1040  1392 I ActivityManager: START u0 {act=android.intent.action.MAIN cat=[android.intent.category.LAUNCHER] flg=0x10200000 cmp=com.example.snoopy/.CameraInputFrames} from uid 2000 on display 0
12-12 13:33:58.802  1040  1793 I ActivityManager: START u0 {} from uid 11787 on display 0
12-12 13:33:58.873  1040  1790 I ActivityManager: START u0 {} from uid 11787 on display 0
12-12 13:33:58.919  1040  1084 I sensors : activate
12-12 13:33:58.922  1040  1084 I nanohub : queueActivate: sensor=28, handle=30, enable=0
12-12 13:33:58.925  1040  1386 I nanohub : osLog: [BMI160] accPower: on=0, state=3
12-12 13:33:59.042  1040  1069 D BluetoothManagerService: enable(com.android.systemui):  mBluetooth =null mBinding = false mState = OFF
12-12 13:33:59.042  1040  1069 D BluetoothManagerService: enable returning
12-12 13:33:59.042  1040  1101 D BluetoothManagerService: MESSAGE_ENABLE(0): mBluetooth = null
12-12 13:33:59.054  1040  1101 I ActivityManager: Start proc 9087:com.android.bluetooth/1002 for service com.android.bluetooth/.btservice.AdapterService
12-12 13:33:59.120  9087  9087 D AdapterServiceConfig: Adding HeadsetService
12-12 13:33:59.120  9087  9087 D AdapterServiceConfig: Adding A2dpService
12-12 13:33:59.120  9087  9087 D AdapterServiceConfig: Adding HidService
12-12 13:33:59.120  9087  9087 D AdapterServiceConfig: Adding HealthService
12-12 13:33:59.121  9087  9087 D AdapterServiceConfig: Adding PanService
12-12 13:33:59.121  9087  9087 D AdapterServiceConfig: Adding GattService
12-12 13:33:59.121  9087  9087 D AdapterServiceConfig: Adding BluetoothMapService
12-12 13:33:59.121  9087  9087 D AdapterServiceConfig: Adding SapService
12-12 13:33:59.137  9087  9087 D BluetoothAdapterService: onCreate()
12-12 13:33:59.140  9087  9087 D BluetoothAdapterState: make() - Creating AdapterState
12-12 13:33:59.142  9087  9087 I bt_btif : init
12-12 13:33:59.143  9087  9102 I BluetoothAdapterState: Entering OffState
12-12 13:33:59.143  9087  9103 W bt_osi_thread: run_thread: thread id 9103, thread name stack_manager started
12-12 13:33:59.143  9087  9103 I bt_stack_manager: event_init_stack is initializing the stack
12-12 13:33:59.143  9087  9103 I bt_core_module: module_init Initializing module "osi_module"
12-12 13:33:59.143  9087  9103 I bt_core_module: module_init Initialized module "osi_module"
12-12 13:33:59.143  9087  9103 I bt_core_module: module_init Initializing module "bt_utils_module"
12-12 13:33:59.143  9087  9103 I bt_core_module: module_init Initialized module "bt_utils_module"
12-12 13:33:59.143  9087  9103 I bt_core_module: module_init Initializing module "btif_config_module"
12-12 13:33:59.144  9087  9106 W bt_osi_thread: run_thread: thread id 9106, thread name alarm_default_ca started
12-12 13:33:59.144  9087  9107 W bt_osi_thread: run_thread: thread id 9107, thread name alarm_dispatcher started
12-12 13:33:59.144  9087  9103 I bt_core_module: module_init Initialized module "btif_config_module"
12-12 13:33:59.144  9087  9103 I bt_core_module: module_init Initializing module "interop_module"
12-12 13:33:59.144  9087  9103 I bt_core_module: module_init Initialized module "interop_module"
12-12 13:33:59.144  9087  9103 I bt_core_module: module_init Initializing module "stack_config_module"
12-12 13:33:59.144  9087  9103 I bt_stack_config: init attempt to load stack conf from /etc/bluetooth/bt_stack.conf
12-12 13:33:59.144  9087  9103 I bt_core_module: module_init Initialized module "stack_config_module"
12-12 13:33:59.145  9087  9108 W bt_osi_thread: run_thread: thread id 9108, thread name bt_jni_workqueue started
12-12 13:33:59.145  9087  9103 I bt_stack_manager: event_init_stack finished
12-12 13:33:59.145  9087  9087 I bt_osi_wakelock: wakelock_set_os_callouts set to non-native
12-12 13:33:59.145  9087  9087 I bt_btif : get_profile_interface socket
12-12 13:33:59.146  9087  9087 I bt_btif : get_profile_interface sdp
12-12 13:33:59.149  9087  9108 D BluetoothAdapterProperties: Address is:AC:37:43:84:FE:89
12-12 13:33:59.150  1040  1040 D BluetoothManagerService: Bluetooth Adapter name changed to Pixel
12-12 13:33:59.150  1040  1040 D BluetoothManagerService: Stored Bluetooth name: Pixel
12-12 13:33:59.151  9087  9087 D BluetoothAdapterService: setAdapterService() - set to: null
12-12 13:33:59.152  9087  9087 D BluetoothAdapterService: onBind()
12-12 13:33:59.153  1040  1040 D BluetoothManagerService: BluetoothServiceConnection: com.android.bluetooth.btservice.AdapterService
12-12 13:33:59.153  1040  1101 D BluetoothManagerService: MESSAGE_BLUETOOTH_SERVICE_CONNECTED: 1
12-12 13:33:59.156  9087  9099 I bt_btif : config_hci_snoop_log
12-12 13:33:59.158  9087  9108 D BluetoothAdapterProperties: Name is: Pixel
12-12 13:33:59.158  1040  1101 D BluetoothManagerService: Broadcasting onBluetoothServiceUp() to 9 receivers.
12-12 13:33:59.159  1040  1101 D BluetoothAdapter: onBluetoothServiceUp: android.bluetooth.IBluetooth$Stub$Proxy@34f385a
12-12 13:33:59.159  8948  8960 D BluetoothAdapter: onBluetoothServiceUp: android.bluetooth.IBluetooth$Stub$Proxy@992f5f7
12-12 13:33:59.159  1500  1681 D BluetoothAdapter: onBluetoothServiceUp: android.bluetooth.IBluetooth$Stub$Proxy@ef2396f
12-12 13:33:59.159  6472  6483 D BluetoothAdapter: onBluetoothServiceUp: android.bluetooth.IBluetooth$Stub$Proxy@2791216
12-12 13:33:59.159  7225  7318 D BluetoothAdapter: onBluetoothServiceUp: android.bluetooth.IBluetooth$Stub$Proxy@a3584aa
12-12 13:33:59.159  8816  8828 D BluetoothAdapter: onBluetoothServiceUp: android.bluetooth.IBluetooth$Stub$Proxy@35e88b5
12-12 13:33:59.159  1761  1820 D BluetoothAdapter: onBluetoothServiceUp: android.bluetooth.IBluetooth$Stub$Proxy@8ee18ab
12-12 13:33:59.159  1968  1980 D BluetoothAdapter: onBluetoothServiceUp: android.bluetooth.IBluetooth$Stub$Proxy@ac6c53d
12-12 13:33:59.160  9087  9109 D BluetoothAdapter: onBluetoothServiceUp: com.android.bluetooth.btservice.AdapterService$AdapterServiceBinder@992f5f7
12-12 13:33:59.160  9087  9098 D BluetoothAdapterService: enable() - Enable called with quiet mode status =  false
12-12 13:33:59.160  9087  9102 D BluetoothAdapterState: Current state: OFF, message: 0
12-12 13:33:59.160  9087  9102 D BluetoothAdapterProperties: Setting state to 14
12-12 13:33:59.161  9087  9102 I BluetoothAdapterState: Bluetooth adapter state changed: 10-> 14
12-12 13:33:59.161  9087  9102 D BluetoothAdapterService: updateAdapterState() - Broadcasting state to 1 receivers.
12-12 13:33:59.161  9087  9102 D BluetoothAdapterService: BleOnProcessStart()
12-12 13:33:59.161  9087  9102 D BluetoothAdapterService: BleOnProcessStart() - Make Bond State Machine
12-12 13:33:59.162  1040  1101 D BluetoothManagerService: MESSAGE_BLUETOOTH_STATE_CHANGE: OFF > BLE_TURNING_ON
12-12 13:33:59.162  9087  9102 D BluetoothBondStateMachine: make
12-12 13:33:59.162  1040  1101 D BluetoothManagerService: Sending BLE State Change: OFF > BLE_TURNING_ON
12-12 13:33:59.163  9087  9102 D BluetoothAdapterService: setProfileServiceState() - Starting service com.android.bluetooth.gatt.GattService
12-12 13:33:59.163  9087  9111 I BluetoothBondStateMachine: StableState(): Entering Off State
12-12 13:33:59.165  9087  9087 I BtGatt.JNI: classInitNative(L922): classInitNative: Success!
12-12 13:33:59.166  9087  9102 I BluetoothAdapterState: Entering PendingCommandState
12-12 13:33:59.168  9087  9087 D BtGatt.DebugUtils: handleDebugAction() action=null
12-12 13:33:59.169  9087  9087 D BluetoothAdapterService: getAdapterService() - returning com.android.bluetooth.btservice.AdapterService@9d9fcb8
12-12 13:33:59.169  9087  9087 D BtGatt.GattService: Received start request. Starting profile...
12-12 13:33:59.169  9087  9087 D BtGatt.GattService: start()
12-12 13:33:59.169  9087  9087 I bt_btif : get_profile_interface gatt
12-12 13:33:59.172  9087  9087 D BluetoothAdapterService: getAdapterService() - returning com.android.bluetooth.btservice.AdapterService@9d9fcb8
12-12 13:33:59.172  9087  9087 D BtGatt.AdvertiseManager: advertise manager created
12-12 13:33:59.177  1040  2054 I ActivityManager: START u0 {} from uid 11787 on display 0
12-12 13:33:59.179  9087  9087 D BluetoothAdapterService: getAdapterService() - returning com.android.bluetooth.btservice.AdapterService@9d9fcb8
12-12 13:33:59.179  9087  9087 D BluetoothAdapterService: handleMessage() - Message: 1
12-12 13:33:59.179  9087  9087 D BluetoothAdapterService: handleMessage() - MESSAGE_PROFILE_SERVICE_STATE_CHANGED
12-12 13:33:59.180  9087  9087 D BluetoothAdapterService: processProfileServiceStateChanged() serviceName=com.android.bluetooth.gatt.GattService, state=12, doUpdate=true
12-12 13:33:59.180  9087  9087 V BluetoothAdapterState: isTurningOff()=false
12-12 13:33:59.180  9087  9087 V BluetoothAdapterState: isTurningOn()=false
12-12 13:33:59.180  9087  9087 V BluetoothAdapterState: isBleTurningOn()=true
12-12 13:33:59.180  9087  9087 V BluetoothAdapterState: isBleTurningOff()=false
12-12 13:33:59.180  9087  9087 D BluetoothAdapterService: processProfileServiceStateChanged() - serviceName=com.android.bluetooth.gatt.GattService isTurningOn=false isTurningOff=false isBleTurningOn=true isBleTurningOff=false
12-12 13:33:59.180  9087  9087 D BluetoothAdapterService: GattService is started
12-12 13:33:59.180  9087  9102 D BluetoothAdapterState: Current state: PENDING_COMMAND, message: 4
12-12 13:33:59.181  9087  9102 I bt_btif : enable: start restricted = 0
12-12 13:33:59.181  9087  9103 I bt_stack_manager: event_start_up_stack is bringing up the stack
12-12 13:33:59.181  9087  9103 I bt_core_module: module_start_up Starting module "btif_config_module"
12-12 13:33:59.181  9087  9103 I bt_core_module: module_start_up Started module "btif_config_module"
12-12 13:33:59.181  9087  9103 I bt_core_module: module_start_up Starting module "btsnoop_module"
12-12 13:33:59.181  9087  9103 I bt_core_module: module_start_up Started module "btsnoop_module"
12-12 13:33:59.181  9087  9103 I bt_core_module: module_start_up Starting module "hci_module"
12-12 13:33:59.181  9087  9103 I bt_hci  : start_up
12-12 13:33:59.182  9087  9115 W bt_osi_thread: run_thread: thread id 9115, thread name hci_thread started
12-12 13:33:59.183  9087  9103 I bt_vendor: alloc value 0xe9033a6d
12-12 13:33:59.183  9087  9103 I bt_vendor: bt-vendor : init
12-12 13:33:59.183  9087  9103 I bt_vendor: bt-vendor : get_bt_soc_type
12-12 13:33:59.183  9087  9103 I bt_vendor: qcom.bluetooth.soc set to rome
12-12 13:33:59.183  9087  9103 I bt_vendor: bt-vendor : Initializing UART transport layer
12-12 13:33:59.183  9087  9103 I bt_vendor: init: Local BD Address : 89:fe:84:43:37:ac
12-12 13:33:59.183  9087  9103 W bt_hci  : start_up not turning off the chip before turning on.
12-12 13:33:59.183  9087  9103 I bt_vendor: bt-vendor : BT_VND_OP_POWER_CTRL: On
12-12 13:33:59.183  9087  9103 I bt_vendor: bt_powerup: 1
12-12 13:33:59.184  9087  9103 E bt_vendor: Write 1 to rfkill
12-12 13:33:59.294  1040  4759 I ActivityManager: START u0 {act=android.settings.BLUETOOTH_SETTINGS flg=0x14000000 cmp=com.android.settings/.Settings$BluetoothSettingsActivity} from uid 10043 on display 0
12-12 13:33:59.295  9087  9103 D bt_hci  : start_up starting async portion
12-12 13:33:59.295  9087  9115 I bt_hci  : event_finish_startup
12-12 13:33:59.295  9087  9115 I bt_hci_h4: hal_open
12-12 13:33:59.295  9087  9115 I bt_vendor: bt-vendor : BT_VND_OP_USERIAL_OPEN
12-12 13:33:59.295  9087  9115 I bt_vendor: wait_for_patch_download: patch download completed
12-12 13:33:59.295  9087  9115 I bt_vendor: bt-vendor : is_soc_initialized
12-12 13:33:59.295  9087  9115 I bt_vendor: wc_transport.soc_initialized set to 0
12-12 13:33:59.295  9087  9115 I bt_vendor: userial vendor open: opening /dev/ttyHS0
12-12 13:33:59.298  9087  9115 I bt_vendor: device fd = 69 open
12-12 13:33:59.298  9087  9115 D bt_vendor: userial clock on
12-12 13:33:59.299  9087  9115 I bt_vendor:  rome_soc_init 
12-12 13:33:59.299  9087  9115 I bt_vendor: rome_soc_init: reserved param
12-12 13:33:59.299  9087  9115 D bt_vendor: frame_hci_cmd_pkt: Sending EDL_PATCH_VER_REQ_CMD
12-12 13:33:59.299  9087  9115 I bt_vendor: read_vs_hci_event: Wait for HCI-Vendor Specfic Event from SOC
12-12 13:33:59.349  9087  9115 I bt_vendor: get_vs_hci_event: Received HCI-Vendor Specific event
12-12 13:33:59.349  9087  9115 I bt_vendor: get_vs_hci_event: length 0xe resp 0x0 type 0x2
12-12 13:33:59.349  9087  9115 I bt_vendor: 	 Current Product ID		: 0x00000008
12-12 13:33:59.349  9087  9115 I bt_vendor: 	 Current Patch Version		: 0x0111
12-12 13:33:59.349  9087  9115 I bt_vendor: 	 Current ROM Build Version	: 0x0302
12-12 13:33:59.349  9087  9115 I bt_vendor: 	 Current SOC Version		: 0x00000044
12-12 13:33:59.350  9087  9115 I bt_vendor: hci_send_vs_cmd: Received HCI-Vendor Specific Event from SOC
12-12 13:33:59.350  9087  9115 I bt_vendor: read_hci_event: Wait for Command Compete Event from SOC
12-12 13:33:59.350  9087  9115 I bt_vendor: rome_soc_init: Rome Version (0x03020044)
12-12 13:33:59.350  9087  9115 I bt_vendor: ## userial_vendor_ioctl: UART Flow Off 
12-12 13:33:59.350  9087  9115 I bt_vendor: ## userial_vendor_set_baud: 14
12-12 13:33:59.357  9087  9115 I bt_vendor: ## userial_vendor_ioctl: UART Flow On 
12-12 13:33:59.357  9087  9115 I bt_vendor: read_vs_hci_event: Wait for HCI-Vendor Specfic Event from SOC
12-12 13:33:59.367  9087  9115 I bt_vendor: get_vs_hci_event: Received HCI-Vendor Specific event
12-12 13:33:59.367  9087  9115 I bt_vendor: get_vs_hci_event: length 0x2 resp 0x92 type 0x1
12-12 13:33:59.367  9087  9115 I bt_vendor: rome_set_baudrate_req: Received HCI-Vendor Specific Event from SOC
12-12 13:33:59.367  9087  9115 I bt_vendor: read_hci_event: Wait for Command Compete Event from SOC
12-12 13:33:59.367  9087  9115 I bt_vendor: rome_soc_init: Baud rate changed successfully 
12-12 13:33:59.367  9087  9115 I bt_vendor: File Open (/vendor/firmware/btfw32.tlv)
12-12 13:33:59.367  9087  9115 I bt_vendor: ====================================================
12-12 13:33:59.367  9087  9115 I bt_vendor: TLV Type			 : 0x1
12-12 13:33:59.368  9087  9115 I bt_vendor: Length			 : 60644 bytes
12-12 13:33:59.368  9087  9115 I bt_vendor: Total Length			 : 60388 bytes
12-12 13:33:59.368  9087  9115 I bt_vendor: Patch Data Length			 : 60364 bytes
12-12 13:33:59.368  9087  9115 I bt_vendor: Signing Format Version	 : 0x1
12-12 13:33:59.368  9087  9115 I bt_vendor: Signature Algorithm		 : 0x2
12-12 13:33:59.368  9087  9115 I bt_vendor: Event Handling			 : 0x3
12-12 13:33:59.368  9087  9115 I bt_vendor: Reserved			 : 0x0
12-12 13:33:59.368  9087  9115 I bt_vendor: Product ID			 : 0x0008
12-12 13:33:59.368  9087  9115 I bt_vendor: Rom Build Version		 : 0x0302
12-12 13:33:59.368  9087  9115 I bt_vendor: Patch Version		 : 0x0145
12-12 13:33:59.368  9087  9115 I bt_vendor: Reserved			 : 0x8000
12-12 13:33:59.368  9087  9115 I bt_vendor: Patch Entry Address		 : 0x19b08
12-12 13:33:59.368  9087  9115 I bt_vendor: ====================================================
12-12 13:33:59.368  9087  9115 I bt_vendor: rome_tlv_dnld_req: TLV size: 60648, Total Seg num: 249, remain size: 141
12-12 13:33:59.368  9087  9115 I bt_vendor: Event handling type: ROME_SKIP_EVT_VSE_CC
12-12 13:33:59.368  9087  9115 D bt_vendor: frame_hci_cmd_pkt: Sending EDL_PATCH_TLV_REQ_CMD
12-12 13:33:59.368  9087  9115 I bt_vendor: rome_tlv_dnld_segment: Successfully downloaded patch segment: 0
12-12 13:33:59.368  9087  9115 D bt_vendor: frame_hci_cmd_pkt: Sending EDL_PATCH_TLV_REQ_CMD
12-12 13:33:59.368  9087  9115 I bt_vendor: rome_tlv_dnld_segment: Successfully downloaded patch segment: 1
12-12 13:33:59.368  9087  9115 D bt_vendor: frame_hci_cmd_pkt: Sending EDL_PATCH_TLV_REQ_CMD
12-12 13:33:59.368  9087  9115 I bt_vendor: rome_tlv_dnld_segment: Successfully downloaded patch segment: 2
12-12 13:33:59.368  9087  9115 D bt_vendor: frame_hci_cmd_pkt: Sending EDL_PATCH_TLV_REQ_CMD
12-12 13:33:59.368  9087  9115 I bt_vendor: rome_tlv_dnld_segment: Successfully downloaded patch segment: 3
12-12 13:33:59.368  9087  9115 D bt_vendor: frame_hci_cmd_pkt: Sending EDL_PATCH_TLV_REQ_CMD
12-12 13:33:59.368  9087  9115 I bt_vendor: rome_tlv_dnld_segment: Successfully downloaded patch segment: 4
12-12 13:33:59.368  9087  9115 D bt_vendor: frame_hci_cmd_pkt: Sending EDL_PATCH_TLV_REQ_CMD
12-12 13:33:59.368  9087  9115 I bt_vendor: rome_tlv_dnld_segment: Successfully downloaded patch segment: 5
12-12 13:33:59.368  9087  9115 D bt_vendor: frame_hci_cmd_pkt: Sending EDL_PATCH_TLV_REQ_CMD
12-12 13:33:59.368  9087  9115 I bt_vendor: rome_tlv_dnld_segment: Successfully downloaded patch segment: 6
12-12 13:33:59.368  9087  9115 D bt_vendor: frame_hci_cmd_pkt: Sending EDL_PATCH_TLV_REQ_CMD
12-12 13:33:59.368  9087  9115 I bt_vendor: rome_tlv_dnld_segment: Successfully downloaded patch segment: 7
12-12 13:33:59.368  9087  9115 D bt_vendor: frame_hci_cmd_pkt: Sending EDL_PATCH_TLV_REQ_CMD
12-12 13:33:59.368  9087  9115 I bt_vendor: rome_tlv_dnld_segment: Successfully downloaded patch segment: 8
12-12 13:33:59.368  9087  9115 D bt_vendor: frame_hci_cmd_pkt: Sending EDL_PATCH_TLV_REQ_CMD
12-12 13:33:59.368  9087  9115 I bt_vendor: rome_tlv_dnld_segment: Successfully downloaded patch segment: 9
12-12 13:33:59.368  9087  9115 D bt_vendor: frame_hci_cmd_pkt: Sending EDL_PATCH_TLV_REQ_CMD
12-12 13:33:59.368  9087  9115 I bt_vendor: rome_tlv_dnld_segment: Successfully downloaded patch segment: 10
12-12 13:33:59.368  9087  9115 D bt_vendor: frame_hci_cmd_pkt: Sending EDL_PATCH_TLV_REQ_CMD
12-12 13:33:59.368  9087  9115 I bt_vendor: rome_tlv_dnld_segment: Successfully downloaded patch segment: 11
12-12 13:33:59.368  9087  9115 D bt_vendor: frame_hci_cmd_pkt: Sending EDL_PATCH_TLV_REQ_CMD
12-12 13:33:59.368  9087  9115 I bt_vendor: rome_tlv_dnld_segment: Successfully downloaded patch segment: 12
12-12 13:33:59.368  9087  9115 D bt_vendor: frame_hci_cmd_pkt: Sending EDL_PATCH_TLV_REQ_CMD
12-12 13:33:59.368  9087  9115 I bt_vendor: rome_tlv_dnld_segment: Successfully downloaded patch segment: 13
12-12 13:33:59.368  9087  9115 D bt_vendor: frame_hci_cmd_pkt: Sending EDL_PATCH_TLV_REQ_CMD
12-12 13:33:59.368  9087  9115 I bt_vendor: rome_tlv_dnld_segment: Successfully downloaded patch segment: 14
12-12 13:33:59.368  9087  9115 D bt_vendor: frame_hci_cmd_pkt: Sending EDL_PATCH_TLV_REQ_CMD
12-12 13:33:59.368  9087  9115 I bt_vendor: rome_tlv_dnld_segment: Successfully downloaded patch segment: 15
12-12 13:33:59.368  9087  9115 D bt_vendor: frame_hci_cmd_pkt: Sending EDL_PATCH_TLV_REQ_CMD
12-12 13:33:59.382  9087  9115 I bt_vendor: rome_tlv_dnld_segment: Successfully downloaded patch segment: 16
12-12 13:33:59.382  9087  9115 D bt_vendor: frame_hci_cmd_pkt: Sending EDL_PATCH_TLV_REQ_CMD
12-12 13:33:59.382  9087  9115 I bt_vendor: rome_tlv_dnld_segment: Successfully downloaded patch segment: 17
12-12 13:33:59.382  9087  9115 D bt_vendor: frame_hci_cmd_pkt: Sending EDL_PATCH_TLV_REQ_CMD
12-12 13:33:59.382  9087  9115 I bt_vendor: rome_tlv_dnld_segment: Successfully downloaded patch segment: 18
12-12 13:33:59.382  9087  9115 D bt_vendor: frame_hci_cmd_pkt: Sending EDL_PATCH_TLV_REQ_CMD
12-12 13:33:59.382  9087  9115 I bt_vendor: rome_tlv_dnld_segment: Successfully downloaded patch segment: 19
12-12 13:33:59.382  9087  9115 D bt_vendor: frame_hci_cmd_pkt: Sending EDL_PATCH_TLV_REQ_CMD
12-12 13:33:59.382  9087  9115 I bt_vendor: rome_tlv_dnld_segment: Successfully downloaded patch segment: 20
12-12 13:33:59.382  9087  9115 D bt_vendor: frame_hci_cmd_pkt: Sending EDL_PATCH_TLV_REQ_CMD
12-12 13:33:59.382  9087  9115 I bt_vendor: rome_tlv_dnld_segment: Successfully downloaded patch segment: 21
12-12 13:33:59.382  9087  9115 D bt_vendor: frame_hci_cmd_pkt: Sending EDL_PATCH_TLV_REQ_CMD
12-12 13:33:59.382  9087  9115 I bt_vendor: rome_tlv_dnld_segment: Successfully downloaded patch segment: 22
12-12 13:33:59.382  9087  9115 D bt_vendor: frame_hci_cmd_pkt: Sending EDL_PATCH_TLV_REQ_CMD
12-12 13:33:59.382  9087  9115 I bt_vendor: rome_tlv_dnld_segment: Successfully downloaded patch segment: 23
12-12 13:33:59.382  9087  9115 D bt_vendor: frame_hci_cmd_pkt: Sending EDL_PATCH_TLV_REQ_CMD
12-12 13:33:59.382  9087  9115 I bt_vendor: rome_tlv_dnld_segment: Successfully downloaded patch segment: 24
12-12 13:33:59.382  9087  9115 D bt_vendor: frame_hci_cmd_pkt: Sending EDL_PATCH_TLV_REQ_CMD
12-12 13:33:59.382  9087  9115 I bt_vendor: rome_tlv_dnld_segment: Successfully downloaded patch segment: 25
12-12 13:33:59.382  9087  9115 D bt_vendor: frame_hci_cmd_pkt: Sending EDL_PATCH_TLV_REQ_CMD
12-12 13:33:59.382  9087  9115 I bt_vendor: rome_tlv_dnld_segment: Successfully downloaded patch segment: 26
12-12 13:33:59.382  9087  9115 D bt_vendor: frame_hci_cmd_pkt: Sending EDL_PATCH_TLV_REQ_CMD
12-12 13:33:59.382  9087  9115 I bt_vendor: rome_tlv_dnld_segment: Successfully downloaded patch segment: 27
12-12 13:33:59.382  9087  9115 D bt_vendor: frame_hci_cmd_pkt: Sending EDL_PATCH_TLV_REQ_CMD
12-12 13:33:59.382  9087  9115 I bt_vendor: rome_tlv_dnld_segment: Successfully downloaded patch segment: 28
12-12 13:33:59.382  9087  9115 D bt_vendor: frame_hci_cmd_pkt: Sending EDL_PATCH_TLV_REQ_CMD
12-12 13:33:59.383  9087  9115 I bt_vendor: rome_tlv_dnld_segment: Successfully downloaded patch segment: 29
12-12 13:33:59.383  9087  9115 D bt_vendor: frame_hci_cmd_pkt: Sending EDL_PATCH_TLV_REQ_CMD
12-12 13:33:59.383  9087  9115 I bt_vendor: rome_tlv_dnld_segment: Successfully downloaded patch segment: 30
12-12 13:33:59.383  9087  9115 D bt_vendor: frame_hci_cmd_pkt: Sending EDL_PATCH_TLV_REQ_CMD
12-12 13:33:59.383  9087  9115 I bt_vendor: rome_tlv_dnld_segment: Successfully downloaded patch segment: 31
12-12 13:33:59.383  9087  9115 D bt_vendor: frame_hci_cmd_pkt: Sending EDL_PATCH_TLV_REQ_CMD
