--------- beginning of main
12-12 13:33:29.249  8646  8646 D AndroidRuntime: >>>>>> START com.android.internal.os.RuntimeInit uid 2000 <<<<<<
12-12 13:33:29.252  8646  8646 D AndroidRuntime: CheckJNI is OFF
12-12 13:33:29.307  8646  8646 D ICU     : No timezone override file found: /data/misc/zoneinfo/current/icu/icu_tzdata.dat
12-12 13:33:29.332  8646  8646 I Radio-JNI: register_android_hardware_Radio DONE
12-12 13:33:29.343  8646  8646 D AndroidRuntime: Calling main entry com.android.commands.monkey.Monkey
--------- beginning of system
12-12 13:33:29.381  1040  1083 W BroadcastQueue: Skipping deliver [background] BroadcastRecord{7ed35ba u-1 android.net.conn.CONNECTIVITY_CHANGE} to ReceiverList{e3abc6b 8646 (unknown name)/2000/u-1 remote:70165dc}: process crashing
12-12 13:33:29.391  1040  1392 I ActivityManager: START u0 {act=android.intent.action.MAIN cat=[android.intent.category.LAUNCHER] flg=0x10200000 cmp=com.example.snoopy/.MainActivity} from uid 2000 on display 0
12-12 13:33:29.394  1040  1392 D QCOM PowerHAL: LAUNCH HINT: ON
12-12 13:33:29.396  1040  1392 I QCOM PowerHAL: Activity launch hint handled
12-12 13:33:29.418  1040  7919 I ActivityManager: Start proc 8659:com.example.snoopy/u0a1788 for activity com.example.snoopy/.MainActivity
12-12 13:33:29.422  8659  8659 I art     : Late-enabling -Xcheck:jni
12-12 13:33:29.458  8659  8659 W System  : ClassLoader referenced unknown path: /data/app/com.example.snoopy-1/lib/arm64
12-12 13:33:29.479  1717  1717 D zz      : UtWallpaperService$UtEngine.onVisibilityChanged() false
12-12 13:33:29.484  1040  4759 I sensors : activate
12-12 13:33:29.485  1040  4759 I nanohub : queueActivate: sensor=17, handle=14, enable=0
12-12 13:33:29.486  1717  1717 D zz      : UtRenderer.onNotVisible() 
12-12 13:33:29.488  1040  1386 I nanohub : osLog: [BMI160] gyrPower: on=0, state=3
12-12 13:33:29.489  8659  8677 W DynamiteModule: Local module descriptor class for com.google.firebase.auth not found.
12-12 13:33:29.491   502   502 W SurfaceFlinger: couldn't log to binary event log: overflow.
12-12 13:33:29.498  8659  8659 D FirebaseApp: com.google.firebase.crash.FirebaseCrash is not linked. Skipping initialization.
12-12 13:33:29.503  8659  8659 I FA      : App measurement is starting up, version: 11400
12-12 13:33:29.503  8659  8659 I FA      : To enable debug logging run: adb shell setprop log.tag.FA VERBOSE
12-12 13:33:29.504  8659  8677 W DynamiteModule: Local module descriptor class for com.google.firebase.auth not found.
12-12 13:33:29.508  8659  8659 I FA      : To enable faster debug mode event logging run:
12-12 13:33:29.508  8659  8659 I FA      :   adb shell setprop debug.firebase.analytics.app com.example.snoopy
12-12 13:33:29.514  8659  8659 I FirebaseInitProvider: FirebaseApp initialization successful
12-12 13:33:29.533  8659  8659 W art     : Before Android 4.1, method android.graphics.PorterDuffColorFilter android.support.graphics.drawable.VectorDrawableCompat.updateTintFilter(android.graphics.PorterDuffColorFilter, android.content.res.ColorStateList, android.graphics.PorterDuff$Mode) would have incorrectly overridden the package-private method in android.graphics.drawable.Drawable
12-12 13:33:29.545  1040  1412 I InputDispatcher: Dropping event because there is no touchable window at (652, 1771).
12-12 13:33:29.546  1040  2012 W InputManager: Input event injection from pid 8646 failed.
12-12 13:33:29.547  1040  7922 W InputManager: Input event injection from pid 8646 failed.
12-12 13:33:29.555  2139  6503 I DeviceStateChecker: DeviceStateChecker cancelled
12-12 13:33:29.559  2139  2139 I MicroDetector: Keeping mic open: false
12-12 13:33:29.560  2139  2214 I AudioController: internalShutdown
12-12 13:33:29.561  2139  2214 I MicrophoneInputStream: mic_close com.google.android.apps.gsa.speech.audio.ae@72fdaf4
12-12 13:33:29.562  2139  2321 I MicroRecognitionRunner: Stopping hotword detection.
12-12 13:33:29.566  8552  8556 W dex2oat : Compilation of boolean zn.onTransact(int, android.os.Parcel, android.os.Parcel, int) took 176.982ms
12-12 13:33:29.571  2139  2139 W SearchService: Abort, client detached.
12-12 13:33:29.599  1040  1412 I InputDispatcher: Dropping event because there is no touchable window at (38, 1446).
12-12 13:33:29.599  1040  7919 W InputManager: Input event injection from pid 8646 failed.
12-12 13:33:29.600  1040  1068 W InputManager: Input event injection from pid 8646 failed.
12-12 13:33:29.609   503  6506 D audio_hw_primary: disable_audio_route: usecase(8) reset and update mixer path: audio-record
12-12 13:33:29.609   503  6506 D hardware_info: hw_info_append_hw_type : device_name = voice-rec-mic
12-12 13:33:29.610   503  6506 D audio_hw_primary: disable_snd_device: snd_device(63: voice-rec-mic)
12-12 13:33:29.615   503  6506 D sound_trigger_platform: platform_stdev_check_and_update_concurrency: concurrency active 0, tx 0, rx 0, concurrency session_allowed 1
12-12 13:33:29.617   503   809 I SoundTriggerHwService::Module: void android::SoundTriggerHwService::Module::onCallbackEvent(const sp<android::SoundTriggerHwService::CallbackEvent> &) mClient == 0
12-12 13:33:29.619  2139  6504 I MicroRecognitionRunner: Detection finished
12-12 13:33:29.632  8659  8684 I Adreno  : QUALCOMM build                   : 6818200, Idb2b4cb785
12-12 13:33:29.632  8659  8684 I Adreno  : Build Date                       : 11/17/16
12-12 13:33:29.632  8659  8684 I Adreno  : OpenGL ES Shader Compiler Version: XE031.09.00.04
12-12 13:33:29.632  8659  8684 I Adreno  : Local Branch                     : N25
12-12 13:33:29.632  8659  8684 I Adreno  : Remote Branch                    : 
12-12 13:33:29.632  8659  8684 I Adreno  : Remote Branch                    : 
12-12 13:33:29.632  8659  8684 I Adreno  : Reconstruct Branch               : 
12-12 13:33:29.635  8659  8684 I OpenGLRenderer: Initialized EGL, version 1.4
12-12 13:33:29.635  8659  8684 D OpenGLRenderer: Swap behavior 1
12-12 13:33:29.652  1040  7912 I ActivityManager: START u0 {act=android.intent.action.MAIN cat=[android.intent.category.LAUNCHER] flg=0x10200000 cmp=com.example.snoopy/.CameraInputFrames} from uid 2000 on display 0
12-12 13:33:29.728  7299  7887 I Icing   : Usage reports ok 0, Failed Usage reports 0, indexed 0, rejected 0, imm upload false
12-12 13:33:29.732  7299  7887 I Icing   : Indexing 439EE704580D0DF2E93E4F705E3D91267667FA3C from com.google.android.music
12-12 13:33:29.742  2064  2064 W IInputConnectionWrapper: reportFullscreenMode on inexistent InputConnection
12-12 13:33:29.743  1040  7922 D QCOM PowerHAL: LAUNCH HINT: OFF
12-12 13:33:29.746  1040  1102 I ActivityManager: Displayed com.example.snoopy/.MainActivity: +340ms
12-12 13:33:29.778   502   502 W SurfaceFlinger: couldn't log to binary event log: overflow.
12-12 13:33:29.801  8659  8683 I FA      : Tag Manager is not found and thus will not be used
12-12 13:33:29.803  7299  7616 I Icing   : IndexChimeraService.getServiceInterface callingPackage=com.google.android.music componentName=null serviceId=36
12-12 13:33:29.803  1040  2091 I ActivityManager: Setting hasTopUi=true for pid=1500
12-12 13:33:29.805  1500  1500 D PhoneStatusBar: disable: < expand ICONS* alerts SYSTEM_INFO* back home recent clock search quick_settings >
12-12 13:33:29.825  7299  7887 I Icing   : Indexing done 439EE704580D0DF2E93E4F705E3D91267667FA3C
12-12 13:33:29.826  7299  7887 I Icing   : Indexing C210B0F45FB21CA8E7DFB8DBB6B85E7A5B43004C from com.google.android.music
12-12 13:33:29.894  7299  7494 I Icing   : IndexChimeraService.getServiceInterface callingPackage=com.google.android.music componentName=null serviceId=36
12-12 13:33:29.920  7299  7887 I Icing   : Indexing done C210B0F45FB21CA8E7DFB8DBB6B85E7A5B43004C
12-12 13:33:29.922  7299  7887 I Icing   : Indexing 047C144D1B0E3DFF37D8C3DF86157574D498BAF8 from com.google.android.music
12-12 13:33:29.984  7299  7494 I Icing   : IndexChimeraService.getServiceInterface callingPackage=com.google.android.music componentName=null serviceId=36
12-12 13:33:30.025  7299  7887 I Icing   : Indexing done 047C144D1B0E3DFF37D8C3DF86157574D498BAF8
12-12 13:33:30.026  7299  7887 I Icing   : Indexing 3661A5A95DBBD476182E94CD9BE112E34B926759 from com.google.android.music
12-12 13:33:30.036  7299  7494 I Icing   : IndexChimeraService.getServiceInterface callingPackage=com.google.android.music componentName=null serviceId=36
12-12 13:33:30.056  1040  2091 W InputMethodManagerService: Window already focused, ignoring focus gain of: com.android.internal.view.IInputMethodClient$Stub$Proxy@8973ab1 attribute=null, token = android.os.BinderProxy@c0aa510
12-12 13:33:30.063  1040  1392 I ActivityManager: Setting hasTopUi=false for pid=1500
12-12 13:33:30.065  1500  1500 D PhoneStatusBar: disable: < expand icons* alerts system_info* back home recent clock search quick_settings >
12-12 13:33:30.177  8552  8552 I dex2oat : dex2oat took 10.773s (threads: 4) arena alloc=6MB (6790608B) java alloc=2MB (2443296B) native alloc=7MB (8196528B) free=8MB (9104976B)
12-12 13:33:30.219  7299  7494 I Icing   : IndexChimeraService.getServiceInterface callingPackage=com.google.android.music componentName=null serviceId=36
12-12 13:33:30.255  7299  7887 I Icing   : Indexing done 3661A5A95DBBD476182E94CD9BE112E34B926759
12-12 13:33:30.263  8659  8659 W IInputConnectionWrapper: finishComposingText on inactive InputConnection
12-12 13:33:30.267  7299  7887 I Icing   : Indexing BE05EB70B99B1D75D5971DA897266CB377E192A4 from com.google.android.music
12-12 13:33:30.278  7299  7494 I Icing   : IndexChimeraService.getServiceInterface callingPackage=com.google.android.music componentName=null serviceId=36
12-12 13:33:30.338  8697  8697 I dex2oat : /system/bin/dex2oat --dex-file=/data/user_de/0/com.google.android.gms/app_chimera/m/00000005/DynamiteModulesD_GmsCore_prodmnc_alldpi_release.apk --oat-fd=83 --oat-location=/data/user_de/0/com.google.android.gms/app_chimera/m/00000005/oat/arm64/DynamiteModulesD_GmsCore_prodmnc_alldpi_release.dex --compiler-filter=speed
12-12 13:33:30.388  7299  7887 I Icing   : Indexing done BE05EB70B99B1D75D5971DA897266CB377E192A4
12-12 13:33:30.390  7299  7887 I Icing   : Indexing A99222DAF3EBCCD1CF0F992F056598A0AF4959A7 from com.google.android.music
12-12 13:33:30.455  1459  1459 W InputConnectionWrapper: Fixing selection indices to 0, 0
12-12 13:33:30.475  7299  7887 I Icing   : Indexing done A99222DAF3EBCCD1CF0F992F056598A0AF4959A7
12-12 13:33:30.476  7299  7887 I Icing   : Indexing 6C172B40F14BEBADFC98F63F6D812214E8F037C7 from com.google.android.music
12-12 13:33:30.488  1459  8704 I Adreno  : QUALCOMM build                   : 6818200, Idb2b4cb785
12-12 13:33:30.488  1459  8704 I Adreno  : Build Date                       : 11/17/16
12-12 13:33:30.488  1459  8704 I Adreno  : OpenGL ES Shader Compiler Version: XE031.09.00.04
12-12 13:33:30.488  1459  8704 I Adreno  : Local Branch                     : N25
12-12 13:33:30.488  1459  8704 I Adreno  : Remote Branch                    : 
12-12 13:33:30.488  1459  8704 I Adreno  : Remote Branch                    : 
12-12 13:33:30.488  1459  8704 I Adreno  : Reconstruct Branch               : 
12-12 13:33:30.492  1459  8704 I OpenGLRenderer: Initialized EGL, version 1.4
12-12 13:33:30.493  1459  8704 D OpenGLRenderer: Swap behavior 1
12-12 13:33:30.506  1459  8701 D NetworkSecurityConfig: No Network Security Config specified, using platform default
12-12 13:33:30.574  7299  7887 I Icing   : Indexing done 6C172B40F14BEBADFC98F63F6D812214E8F037C7
12-12 13:33:30.589  7299  7887 I Icing   : Usage reports ok 0, Failed Usage reports 0, indexed 0, rejected 0, imm upload false
12-12 13:33:30.618  7299  7887 I Icing   : Usage reports ok 0, Failed Usage reports 0, indexed 0, rejected 0, imm upload false
12-12 13:33:30.637  7299  7887 I Icing   : Usage reports ok 0, Failed Usage reports 0, indexed 0, rejected 0, imm upload false
12-12 13:33:30.653  7299  7887 I Icing   : Usage reports ok 0, Failed Usage reports 0, indexed 0, rejected 0, imm upload false
12-12 13:33:30.682  7299  7887 I Icing   : Usage reports ok 0, Failed Usage reports 0, indexed 0, rejected 0, imm upload false
12-12 13:33:30.698  7299  7887 I Icing   : Usage reports ok 0, Failed Usage reports 0, indexed 0, rejected 0, imm upload false
12-12 13:33:30.807  1459  1477 W art     : Suspending all threads took: 7.324ms
12-12 13:33:30.813  1459  1477 I art     : Background sticky concurrent mark sweep GC freed 37304(1868KB) AllocSpace objects, 11(508KB) LOS objects, 25% free, 7MB/9MB, paused 9.139ms total 36.180ms
12-12 13:33:30.897  8697  8697 I dex2oat : dex2oat took 559.732ms (threads: 4) arena alloc=1167KB (1195872B) java alloc=175KB (179904B) native alloc=1335KB (1367976B) free=3MB (3874904B)
12-12 13:33:30.946  8718  8718 I dex2oat : /system/bin/dex2oat --dex-file=/data/user_de/0/com.google.android.gms/app_chimera/m/00000001/GoogleCertificates_GmsCore_prodmnc_alldpi_release.apk --oat-fd=83 --oat-location=/data/user_de/0/com.google.android.gms/app_chimera/m/00000001/oat/arm64/GoogleCertificates_GmsCore_prodmnc_alldpi_release.dex --compiler-filter=speed
12-12 13:33:31.094  1459  1459 E Conv2QueryDataProvider: onDownloadFailed() : gboard_conv2query_local_slices_en had update but failed
12-12 13:33:31.128  8718  8718 I dex2oat : dex2oat took 184.531ms (threads: 4) arena alloc=1712KB (1753848B) java alloc=173KB (177272B) native alloc=1260KB (1290992B) free=3MB (3427600B)
12-12 13:33:31.206  7225  7225 I WearableService: Wearable Services stopping
12-12 13:33:31.412  7299  7730 E ConfigFileUtils: Failed to read config file: /data/user_de/0/com.google.android.gms/app_chimera/current_modules_init.pb (No such file or directory)
12-12 13:33:31.419  1040  2012 W ActivityManager: Permission Denial: getIntentSender() from pid=7708, uid=10103, (need uid=10018) is not allowed to send as package com.google.android.gms
12-12 13:33:31.459  7299  7484 W ChmraDebugLogger: Suspected failure status/reason: [11] com.google.android.gms.ads.dynamite
12-12 13:33:31.517   503   767 I ACDB-LOADER: ACDB AFE returned = -19
12-12 13:33:31.517   503   767 D hardware_info: hw_info_append_hw_type : device_name = speaker
12-12 13:33:31.517   503   767 D audio_hw_primary: enable_snd_device: snd_device(2: speaker)
12-12 13:33:31.517   503   767 D audio_hw_primary: enable_audio_route: usecase(1) apply and update mixer path: low-latency-playback speaker
12-12 13:33:31.518   618   647 E ANDR-PERF-OPTSHANDLER: Warning: Resource [2, 0] not supported for core 1. Instead use resource for core 0
12-12 13:33:31.518   618   647 E ANDR-PERF-RESOURCEQS: Failed to apply optimization [2, 2, 0]
12-12 13:33:31.615  7299  7304 I art     : Compiler allocated 8MB to compile cte csn.a(ctj)
12-12 13:33:31.635  7299  7484 W ChmraDebugLogger: Suspected failure status/reason: [46] null
12-12 13:33:31.648  7299  7484 W ChmraDebugLogger: Suspected failure status/reason: [11] com.google.android.gms.ads.dynamite
12-12 13:33:31.658  7299  7730 W ChmraDebugLogger: Suspected failure status/reason: [11] com.google.android.gms.ads.dynamite
12-12 13:33:31.679  7299  8728 W ChmraDebugLogger: Suspected failure status/reason: [46] null
12-12 13:33:31.703  1040  1104 D LuxLevels: bright hysteresis constant= 0.1, threshold=6.970725, lux=6.337023
12-12 13:33:31.703  1040  1104 D LuxLevels: dark hysteresis constant= 0.2, threshold=5.069618, lux=6.337023
12-12 13:33:31.816  8659  8659 W IInputConnectionWrapper: finishComposingText on inactive InputConnection
12-12 13:33:31.817  8659  8659 W IInputConnectionWrapper: finishComposingText on inactive InputConnection
12-12 13:33:31.853  7225  7236 W art     : Suspending all threads took: 5.359ms
12-12 13:33:31.872  7225  7236 I art     : Background sticky concurrent mark sweep GC freed 61836(4MB) AllocSpace objects, 2(40KB) LOS objects, 33% free, 9MB/14MB, paused 6.360ms total 45.784ms
12-12 13:33:31.879  1459  1459 W InputConnectionWrapper: Fixing selection indices to 0, 0
12-12 13:33:31.982  1040  1790 I ActivityManager: START u0 {act=android.intent.action.MAIN cat=[android.intent.category.LAUNCHER] flg=0x10200000 cmp=com.example.snoopy/.MainActivity} from uid 2000 on display 0
12-12 13:33:32.011  1459  8702 I native  : adaptation-learner.cc:14 AdaptationLearner::Load: 'en_US'
12-12 13:33:32.011  1459  8702 I native  : state-store.cc:43 No adaptation data for: 'en_US' locale
12-12 13:33:32.011  1459  8702 I native  : (This is OK if the language is loaded for the first time.) /data/user/0/com.google.android.inputmethod.latin/files/personal/adapt_state.en_US.dat
12-12 13:33:32.095  1040  1104 D LuxLevels: bright hysteresis constant= 0.1, threshold=7.781778, lux=7.074343
12-12 13:33:32.095  1040  1104 D LuxLevels: dark hysteresis constant= 0.2, threshold=5.659475, lux=7.074343
12-12 13:33:32.277  1040  1392 I ActivityManager: START u0 {act=android.intent.action.MAIN cat=[android.intent.category.LAUNCHER] flg=0x10200000 cmp=com.example.snoopy/.CameraInputFrames} from uid 2000 on display 0
12-12 13:33:32.390  1040  1069 I ActivityManager: START u0 {act=android.intent.action.MAIN cat=[android.intent.category.LAUNCHER] flg=0x10200000 cmp=com.example.snoopy/.CameraInputFrames} from uid 2000 on display 0
12-12 13:33:32.450  1040  2091 I ActivityManager: START u0 {act=android.intent.action.MAIN cat=[android.intent.category.LAUNCHER] flg=0x10200000 cmp=com.example.snoopy/.MainActivity} from uid 2000 on display 0
12-12 13:33:32.457  8659  8673 I art     : Starting a blocking GC Explicit
12-12 13:33:32.471  8659  8673 I art     : Explicit concurrent mark sweep GC freed 4468(515KB) AllocSpace objects, 6(120KB) LOS objects, 39% free, 5MB/8MB, paused 160us total 13.417ms
12-12 13:33:32.494  1040  1104 D LuxLevels: bright hysteresis constant= 0.1, threshold=8.656057, lux=7.869143
12-12 13:33:32.494  1040  1104 D LuxLevels: dark hysteresis constant= 0.2, threshold=6.2953143, lux=7.869143
12-12 13:33:32.799  1040  7919 I ActivityManager: START u0 {act=android.intent.action.MAIN cat=[android.intent.category.LAUNCHER] flg=0x10200000 cmp=com.example.snoopy/.CameraInputFrames} from uid 2000 on display 0
12-12 13:33:32.868  8659  8659 W InputEventReceiver: Attempted to finish an input event but the input event receiver has already been disposed.
12-12 13:33:32.868  8659  8659 W ViewRootImpl[MainActivity]: Dropping event due to root view being removed: MotionEvent { action=ACTION_UP, actionButton=0, id[0]=0, x[0]=676.5193, y[0]=531.05347, toolType[0]=TOOL_TYPE_UNKNOWN, buttonState=0, metaState=0, flags=0x0, edgeFlags=0x0, pointerCount=1, historySize=0, eventTime=1686569, downTime=1686568, deviceId=0, source=0x1002 }
12-12 13:33:32.869  8659  8659 W InputEventReceiver: Attempted to finish an input event but the input event receiver has already been disposed.
12-12 13:33:32.880  7225  7319 W ConfigurationChimeraPro: Got null configs for com.google.android.gms.common_auth
12-12 13:33:32.881  1040  4758 W InputMethodManagerService: Window already focused, ignoring focus gain of: com.android.internal.view.IInputMethodClient$Stub$Proxy@f57838a attribute=null, token = android.os.BinderProxy@c0aa510
12-12 13:33:32.900  7299  7616 I Auth    : [ReflectiveChannelBinder] Successfully bound channel!
12-12 13:33:32.901  7299  7616 E BaseAppContext: Tried to stop global GMSCore RequestQueue. This is likely unintended, so ignoring.
12-12 13:33:32.905  7299  7887 I AuthChimeraService: Executing request: ProxyRequest[ url: https://www.googleapis.com/identitytoolkit/v3/relyingparty/signupNewUser?alt=proto&key=AIzaSyAlPR096sOohVB9d0xuRCe1M34wBO-crBA, method: 1 ]
12-12 13:33:32.925  7225  7243 W ConfigurationChimeraPro: Got null configs for com.google.android.gms.auth.account.base
12-12 13:33:32.944  1040  1104 D LuxLevels: bright hysteresis constant= 0.1, threshold=9.586119, lux=8.714653
12-12 13:33:32.944  1040  1104 D LuxLevels: dark hysteresis constant= 0.2, threshold=6.9717226, lux=8.714653
12-12 13:33:32.982  7299  8757 W Conscrypt: Could not set socket write timeout:
12-12 13:33:32.984  7299  8757 W Conscrypt:    java.lang.reflect.Method.invoke(Native Method)
12-12 13:33:32.984  7299  8757 W Conscrypt:    com.google.android.gms.org.conscrypt.Platform.setSocketWriteTimeout(:com.google.android.gms@11951440:13)
12-12 13:33:33.104  7299  8757 W Conscrypt: Could not set socket write timeout:
12-12 13:33:33.104  7299  8757 W Conscrypt:    java.lang.reflect.Method.invoke(Native Method)
12-12 13:33:33.104  7299  8757 W Conscrypt:    com.google.android.gms.org.conscrypt.Platform.setSocketWriteTimeout(:com.google.android.gms@11951440:13)
12-12 13:33:33.193  1040  7830 I ActivityManager: START u0 {act=android.intent.action.MAIN cat=[android.intent.category.LAUNCHER] flg=0x10200000 cmp=com.example.snoopy/.MainActivity} from uid 2000 on display 0
12-12 13:33:33.257  7299  8757 E Volley  : [714] BasicNetwork.performRequest: Unexpected response code 400 for https://www.googleapis.com/identitytoolkit/v3/relyingparty/signupNewUser?alt=proto&key=AIzaSyAlPR096sOohVB9d0xuRCe1M34wBO-crBA
12-12 13:33:33.275  7299  7887 I AuthChimeraService: Error description received from server: INVALID_EMAIL
12-12 13:33:33.283  7299  7892 W FirebaseAuth: [PhoneNumberAuthPostProcessor] postProcess starts
12-12 13:33:33.283  7299  7892 W FirebaseAuth: [PhoneNumberAuthPostProcessor] postProcess ends
12-12 13:33:33.399  7299  7892 I AuthChimeraService: Executing request: ProxyRequest[ url: https://www.googleapis.com/identitytoolkit/v3/relyingparty/signupNewUser?alt=proto&key=AIzaSyAlPR096sOohVB9d0xuRCe1M34wBO-crBA, method: 1 ]
12-12 13:33:33.498  8659  8659 W InputEventReceiver: Attempted to finish an input event but the input event receiver has already been disposed.
12-12 13:33:33.501  8659  8659 W ViewRootImpl[MainActivity]: Dropping event due to root view being removed: MotionEvent { action=ACTION_MOVE, actionButton=0, id[0]=0, x[0]=708.5062, y[0]=1004.2866, toolType[0]=TOOL_TYPE_UNKNOWN, buttonState=0, metaState=0, flags=0x0, edgeFlags=0x0, pointerCount=1, historySize=0, eventTime=1687189, downTime=1687188, deviceId=0, source=0x1002 }
12-12 13:33:33.501  8659  8659 W InputEventReceiver: Attempted to finish an input event but the input event receiver has already been disposed.
12-12 13:33:33.501  8659  8659 W ViewRootImpl[MainActivity]: Dropping event due to root view being removed: MotionEvent { action=ACTION_UP, actionButton=0, id[0]=0, x[0]=704.83386, y[0]=1016.0436, toolType[0]=TOOL_TYPE_UNKNOWN, buttonState=0, metaState=0, flags=0x0, edgeFlags=0x0, pointerCount=1, historySize=0, eventTime=1687191, downTime=1687188, deviceId=0, source=0x1002 }
12-12 13:33:33.501  8659  8659 W InputEventReceiver: Attempted to finish an input event but the input event receiver has already been disposed.
12-12 13:33:33.502  1040  7910 W InputMethodManagerService: Window already focused, ignoring focus gain of: com.android.internal.view.IInputMethodClient$Stub$Proxy@b9fe33a attribute=null, token = android.os.BinderProxy@c0aa510
12-12 13:33:33.522  1040  1040 W WindowManager: Attempted to remove non-existing token: android.os.Binder@c2b10a0
12-12 13:33:33.541  1040  1104 D LuxLevels: bright hysteresis constant= 0.1, threshold=10.773091, lux=9.793719
12-12 13:33:33.541  1040  1104 D LuxLevels: dark hysteresis constant= 0.2, threshold=7.8349757, lux=9.793719
12-12 13:33:33.563  7299  8756 E Volley  : [713] BasicNetwork.performRequest: Unexpected response code 400 for https://www.googleapis.com/identitytoolkit/v3/relyingparty/signupNewUser?alt=proto&key=AIzaSyAlPR096sOohVB9d0xuRCe1M34wBO-crBA
12-12 13:33:33.563  7299  7892 I AuthChimeraService: Error description received from server: INVALID_EMAIL
12-12 13:33:33.567  7299  7892 W FirebaseAuth: [PhoneNumberAuthPostProcessor] postProcess starts
12-12 13:33:33.567  7299  7892 W FirebaseAuth: [PhoneNumberAuthPostProcessor] postProcess ends
12-12 13:33:33.757  1040  1790 I ActivityManager: START u0 {act=android.intent.action.MAIN cat=[android.intent.category.LAUNCHER] flg=0x10200000 cmp=com.example.snoopy/.MainActivity} from uid 2000 on display 0
12-12 13:33:33.850  1500  8694 E libEGL  : error creating cache file /data/user_de/0/com.android.systemui/code_cache/com.android.opengl.shaders_cache: No such file or directory (2)
12-12 13:33:34.141  1040  1104 D LuxLevels: bright hysteresis constant= 0.1, threshold=11.890806, lux=10.809824
12-12 13:33:34.141  1040  1104 D LuxLevels: dark hysteresis constant= 0.2, threshold=8.64786, lux=10.809824
12-12 13:33:34.176  7299  7887 I AuthChimeraService: Executing request: ProxyRequest[ url: https://www.googleapis.com/identitytoolkit/v3/relyingparty/signupNewUser?alt=proto&key=AIzaSyAlPR096sOohVB9d0xuRCe1M34wBO-crBA, method: 1 ]
12-12 13:33:34.249  1040  2116 I ActivityManager: START u0 {act=android.intent.action.MAIN cat=[android.intent.category.LAUNCHER] flg=0x10200000 cmp=com.example.snoopy/.CameraInputFrames} from uid 2000 on display 0
12-12 13:33:34.350  7299  8754 E Volley  : [711] BasicNetwork.performRequest: Unexpected response code 400 for https://www.googleapis.com/identitytoolkit/v3/relyingparty/signupNewUser?alt=proto&key=AIzaSyAlPR096sOohVB9d0xuRCe1M34wBO-crBA
12-12 13:33:34.351  7299  7887 I AuthChimeraService: Error description received from server: INVALID_EMAIL
12-12 13:33:34.354  7299  7887 W FirebaseAuth: [PhoneNumberAuthPostProcessor] postProcess starts
12-12 13:33:34.354  7299  7887 W FirebaseAuth: [PhoneNumberAuthPostProcessor] postProcess ends
12-12 13:33:34.376  1040  2116 W InputMethodManagerService: Window already focused, ignoring focus gain of: com.android.internal.view.IInputMethodClient$Stub$Proxy@df2a424 attribute=null, token = android.os.BinderProxy@c0aa510
12-12 13:33:34.474  7299  7887 I AuthChimeraService: Executing request: ProxyRequest[ url: https://www.googleapis.com/identitytoolkit/v3/relyingparty/signupNewUser?alt=proto&key=AIzaSyAlPR096sOohVB9d0xuRCe1M34wBO-crBA, method: 1 ]
12-12 13:33:34.518  8659  8659 W InputEventReceiver: Attempted to finish an input event but the input event receiver has already been disposed.
12-12 13:33:34.519  8659  8659 W ViewRootImpl[MainActivity]: Dropping event due to root view being removed: MotionEvent { action=ACTION_UP, actionButton=0, id[0]=0, x[0]=332.61636, y[0]=-150.48004, toolType[0]=TOOL_TYPE_UNKNOWN, buttonState=0, metaState=0, flags=0x0, edgeFlags=0x0, pointerCount=1, historySize=0, eventTime=1688212, downTime=1688211, deviceId=0, source=0x1002 }
12-12 13:33:34.519  8659  8659 W InputEventReceiver: Attempted to finish an input event but the input event receiver has already been disposed.
12-12 13:33:34.528  1040  1068 W InputMethodManagerService: Window already focused, ignoring focus gain of: com.android.internal.view.IInputMethodClient$Stub$Proxy@3c7de90 attribute=null, token = android.os.BinderProxy@c0aa510
12-12 13:33:34.611  8659  8671 I art     : Starting a blocking GC Explicit
12-12 13:33:34.621  8659  8671 I art     : Explicit concurrent mark sweep GC freed 6439(366KB) AllocSpace objects, 1(20KB) LOS objects, 39% free, 5MB/8MB, paused 162us total 10.011ms
12-12 13:33:34.636  7299  8755 E Volley  : [712] BasicNetwork.performRequest: Unexpected response code 400 for https://www.googleapis.com/identitytoolkit/v3/relyingparty/signupNewUser?alt=proto&key=AIzaSyAlPR096sOohVB9d0xuRCe1M34wBO-crBA
12-12 13:33:34.642  7299  7887 I AuthChimeraService: Error description received from server: INVALID_EMAIL
12-12 13:33:34.647  7299  7892 W FirebaseAuth: [PhoneNumberAuthPostProcessor] postProcess starts
12-12 13:33:34.647  7299  7892 W FirebaseAuth: [PhoneNumberAuthPostProcessor] postProcess ends
12-12 13:33:34.862  8659  8659 W IInputConnectionWrapper: finishComposingText on inactive InputConnection
12-12 13:33:34.886  8659  8659 W IInputConnectionWrapper: finishComposingText on inactive InputConnection
12-12 13:33:34.902  1459  1459 W InputConnectionWrapper: Fixing selection indices to 2, 2
12-12 13:33:35.372  1040  2012 I ActivityManager: START u0 {act=android.intent.action.MAIN cat=[android.intent.category.LAUNCHER] flg=0x10200000 cmp=com.example.snoopy/.CameraInputFrames} from uid 2000 on display 0
12-12 13:33:35.525  1040  1040 W WindowManager: Attempted to remove non-existing token: android.os.Binder@31a1282
12-12 13:33:35.693  1040  1393 I ActivityManager: Setting hasTopUi=true for pid=1500
12-12 13:33:35.696  1500  1500 D PhoneStatusBar: disable: < expand ICONS* alerts SYSTEM_INFO* back home recent clock search quick_settings >
12-12 13:33:36.028  1040  7910 I ActivityManager: START u0 {} from uid 11787 on display 0
12-12 13:33:36.037  1040  1393 W InputMethodManagerService: Window already focused, ignoring focus gain of: com.android.internal.view.IInputMethodClient$Stub$Proxy@6094116 attribute=null, token = android.os.BinderProxy@c0aa510
12-12 13:33:36.067  1040  2054 I ActivityManager: START u0 {act=android.intent.action.MAIN cat=[android.intent.category.LAUNCHER] flg=0x10200000 cmp=com.example.snoopy/.CameraInputFrames} from uid 2000 on display 0
12-12 13:33:36.397  1040  2031 I ActivityManager: Setting hasTopUi=false for pid=1500
12-12 13:33:36.400  1500  1500 D PhoneStatusBar: disable: < expand icons* alerts system_info* back home recent clock search quick_settings >
12-12 13:33:36.553  1040  2012 I ActivityManager: START u0 {act=android.intent.action.MAIN cat=[android.intent.category.LAUNCHER] flg=0x10200000 cmp=com.example.snoopy/.CameraInputFrames} from uid 2000 on display 0
12-12 13:33:36.687  1040  1104 D LuxLevels: bright hysteresis constant= 0.1, threshold=16.797676, lux=15.270615
12-12 13:33:36.687  1040  1104 D LuxLevels: dark hysteresis constant= 0.2, threshold=12.216492, lux=15.270615
12-12 13:33:36.713  8659  8659 W IInputConnectionWrapper: finishComposingText on inactive InputConnection
12-12 13:33:36.713  8659  8659 W IInputConnectionWrapper: finishComposingText on inactive InputConnection
12-12 13:33:36.732  1459  1459 W InputConnectionWrapper: Fixing selection indices to 0, 0
12-12 13:33:36.803  1040  7919 I ActivityManager: START u0 {act=android.intent.action.MAIN cat=[android.intent.category.LAUNCHER] flg=0x10200000 cmp=com.example.snoopy/.MainActivity} from uid 2000 on display 0
12-12 13:33:36.943  8659  8671 I art     : Starting a blocking GC Explicit
12-12 13:33:36.955  8659  8671 I art     : Explicit concurrent mark sweep GC freed 6749(250KB) AllocSpace objects, 1(20KB) LOS objects, 39% free, 5MB/8MB, paused 117us total 10.857ms
12-12 13:33:36.986  1040  7830 I ActivityManager: START u0 {act=android.intent.action.MAIN cat=[android.intent.category.LAUNCHER] flg=0x10200000 cmp=com.example.snoopy/.CameraInputFrames} from uid 2000 on display 0
12-12 13:33:37.160  1040  2012 I ActivityManager: START u0 {act=android.intent.action.MAIN cat=[android.intent.category.LAUNCHER] flg=0x10200000 cmp=com.example.snoopy/.CameraInputFrames} from uid 2000 on display 0
12-12 13:33:37.220  1040  7922 I ActivityManager: START u0 {act=android.intent.action.MAIN cat=[android.intent.category.LAUNCHER] flg=0x10200000 cmp=com.example.snoopy/.MainActivity} from uid 2000 on display 0
12-12 13:33:37.529  1040  7919 I ActivityManager: START u0 {act=android.intent.action.MAIN cat=[android.intent.category.LAUNCHER] flg=0x10200000 cmp=com.example.snoopy/.CameraInputFrames} from uid 2000 on display 0
12-12 13:33:37.529  1040  1040 W WindowManager: Attempted to remove non-existing token: android.os.Binder@2148830
12-12 13:33:37.588  1040  4759 I ActivityManager: START u0 {act=android.intent.action.MAIN cat=[android.intent.category.LAUNCHER] flg=0x10200000 cmp=com.example.snoopy/.CameraInputFrames} from uid 2000 on display 0
12-12 13:33:37.691  8659  8659 W IInputConnectionWrapper: finishComposingText on inactive InputConnection
12-12 13:33:37.718  8659  8659 W IInputConnectionWrapper: finishComposingText on inactive InputConnection
12-12 13:33:37.734  1459  1459 W InputConnectionWrapper: Fixing selection indices to 6, 6
12-12 13:33:37.825  1040  7830 I ActivityManager: START u0 {act=android.intent.action.MAIN cat=[android.intent.category.LAUNCHER] flg=0x10200000 cmp=com.example.snoopy/.MainActivity} from uid 2000 on display 0
12-12 13:33:37.968  7299  8614 I AuthChimeraService: Executing request: ProxyRequest[ url: https://www.googleapis.com/identitytoolkit/v3/relyingparty/signupNewUser?alt=proto&key=AIzaSyAlPR096sOohVB9d0xuRCe1M34wBO-crBA, method: 1 ]
12-12 13:33:38.041  8659  8659 W InputEventReceiver: Attempted to finish an input event but the input event receiver has already been disposed.
12-12 13:33:38.042  8659  8659 W ViewRootImpl[MainActivity]: Dropping event due to root view being removed: MotionEvent { action=ACTION_UP, actionButton=0, id[0]=0, x[0]=5.988949, y[0]=-655.3509, toolType[0]=TOOL_TYPE_UNKNOWN, buttonState=0, metaState=0, flags=0x0, edgeFlags=0x0, pointerCount=1, historySize=0, eventTime=1691721, downTime=1691720, deviceId=0, source=0x1002 }
12-12 13:33:38.042  8659  8659 W InputEventReceiver: Attempted to finish an input event but the input event receiver has already been disposed.
12-12 13:33:38.043  1040  7922 W InputMethodManagerService: Window already focused, ignoring focus gain of: com.android.internal.view.IInputMethodClient$Stub$Proxy@52b35aa attribute=null, token = android.os.BinderProxy@c0aa510
12-12 13:33:38.135  7299  8757 E Volley  : [714] BasicNetwork.performRequest: Unexpected response code 400 for https://www.googleapis.com/identitytoolkit/v3/relyingparty/signupNewUser?alt=proto&key=AIzaSyAlPR096sOohVB9d0xuRCe1M34wBO-crBA
12-12 13:33:38.138  7299  8614 I AuthChimeraService: Error description received from server: INVALID_EMAIL
12-12 13:33:38.146  7299  8614 W FirebaseAuth: [PhoneNumberAuthPostProcessor] postProcess starts
12-12 13:33:38.146  7299  8614 W FirebaseAuth: [PhoneNumberAuthPostProcessor] postProcess ends
12-12 13:33:38.640  1040  1393 I ActivityManager: START u0 {act=android.intent.action.MAIN cat=[android.intent.category.LAUNCHER] flg=0x10200000 cmp=com.example.snoopy/.CameraInputFrames} from uid 2000 on display 0
12-12 13:33:39.080  1040  1104 D LuxLevels: bright hysteresis constant= 0.1, threshold=19.335632, lux=17.577847
12-12 13:33:39.080  1040  1104 D LuxLevels: dark hysteresis constant= 0.2, threshold=14.062278, lux=17.577847
12-12 13:33:39.268  1040  2031 I ActivityManager: START u0 {act=android.intent.action.MAIN cat=[android.intent.category.LAUNCHER] flg=0x10200000 cmp=com.example.snoopy/.CameraInputFrames} from uid 2000 on display 0
12-12 13:33:39.285  8659  8672 I art     : Starting a blocking GC Explicit
12-12 13:33:39.296  8659  8672 I art     : Explicit concurrent mark sweep GC freed 6115(223KB) AllocSpace objects, 1(20KB) LOS objects, 39% free, 5MB/8MB, paused 127us total 10.817ms
12-12 13:33:39.539  1040  1040 W WindowManager: Attempted to remove non-existing token: android.os.Binder@87aa11d
12-12 13:33:39.682  1040  7830 I ActivityManager: START u0 {act=android.intent.action.MAIN cat=[android.intent.category.LAUNCHER] flg=0x10200000 cmp=com.example.snoopy/.MainActivity} from uid 2000 on display 0
12-12 13:33:39.877  1040  7922 I ActivityManager: Setting hasTopUi=true for pid=1500
12-12 13:33:39.879  1500  1500 D PhoneStatusBar: disable: < expand ICONS* alerts SYSTEM_INFO* back home recent clock search quick_settings >
12-12 13:33:40.158  1040  2106 I ActivityManager: Start proc 8816:com.google.android.gms.ui/u0a18 for service com.google.android.gms/.nearby.discovery.ui.DiscoveryTileService
12-12 13:33:40.196  1040  7922 I ActivityManager: START u0 {} from uid 11787 on display 0
12-12 13:33:40.211  1040  2012 W InputMethodManagerService: Window already focused, ignoring focus gain of: com.android.internal.view.IInputMethodClient$Stub$Proxy@14182fe attribute=null, token = android.os.BinderProxy@c0aa510
12-12 13:33:40.239  8816  8816 I LoadedApk: No resource references to update in package FFFFFFFFFFFFFFFFFFFFFF
12-12 13:33:40.268  8816  8816 W linker  : /data/app/com.google.android.gms-1/lib/arm64/libconscrypt_gmscore_jni.so: unused DT entry: type 0xf arg 0x8a
12-12 13:33:40.269  8816  8816 V NativeCrypto: Registering com/google/android/gms/org/conscrypt/NativeCrypto's 276 native methods...
12-12 13:33:40.287  8816  8816 D NetworkSecurityConfig: No Network Security Config specified, using platform default
12-12 13:33:40.289  8816  8816 I ProviderInstaller: Installed default security provider GmsCore_OpenSSL
12-12 13:33:40.429  1040  1393 I ActivityManager: START u0 {} from uid 11787 on display 0
12-12 13:33:40.626  1040  7830 I ActivityManager: START u0 {} from uid 11787 on display 0
12-12 13:33:40.729  1040  1392 I ActivityManager: START u0 {} from uid 11787 on display 0
12-12 13:33:40.953  1040  1793 I ActivityManager: START u0 {} from uid 11787 on display 0
12-12 13:33:41.025  1040  2012 I ActivityManager: START u0 {flg=0x10008000 cmp=com.google.android.gms/.nearby.discovery.ui.DiscoveryListActivity (has extras)} from uid 10018 on display 0
12-12 13:33:41.087  1040  1040 D BluetoothManagerService: Bluetooth persisted state: 1
12-12 13:33:41.087  1040  1040 D BluetoothManagerService: Persisting Bluetooth Setting: 1
12-12 13:33:41.088  1982  1982 I rcs     : [PresencePublication] onReceive intent=Intent { act=android.intent.action.AIRPLANE_MODE flg=0x10 (has extras) }
12-12 13:33:41.088  7225  7433 W Settings: Setting airplane_mode_on has moved from android.provider.Settings.System to android.provider.Settings.Global, returning read-only value.
12-12 13:33:41.089  7225  7466 W Settings: Setting airplane_mode_on has moved from android.provider.Settings.System to android.provider.Settings.Global, returning read-only value.
12-12 13:33:41.089  1761  1761 I PhoneApp: Turning radio on - airplane
12-12 13:33:41.091  1040  1040 D BluetoothManagerService: State ON
12-12 13:33:41.091  1040  1040 D BluetoothManagerService: Calling enable
12-12 13:33:41.091  1040  1101 D BluetoothManagerService: MESSAGE_ENABLE(0): mBluetooth = android.bluetooth.IBluetooth$Stub$Proxy@6e4c5e4
12-12 13:33:41.097  1040  4759 D ContextHubService: Asking HAL to remove app
12-12 13:33:41.099  1040  1083 I ActivityManager: Start proc 8847:com.android.cellbroadcastreceiver/u0a6 for broadcast com.android.cellbroadcastreceiver/.CellBroadcastReceiver
12-12 13:33:41.101  1040  1386 I nanohub : osLog: [NanoMinion] received MSG Type 0x31, Version 0, 14 bytes
12-12 13:33:41.106  3155  3174 D QcrilMsgTunnelSocket: readRilMessage: Buffer = [B@63d45d HexData = [010000000404000014000000514f454d484f4f4bf2030800040000000050c011]
12-12 13:33:41.106  3155  3174 D QcrilMsgTunnelSocket: Rcvd UNSOL response with 28 bytes data for SUB0
12-12 13:33:41.107  3155  3174 D QcrilMsgTunnelSocket: Response ID 525298 is not served in this process.
12-12 13:33:41.107  3155  3174 D QcrilMsgTunnelSocket: To broadcast an Intent via the notifier to external apps
12-12 13:33:41.107  3155  3155 D QcrilMsgTunnelIfaceManager: handleMessage what = 0
12-12 13:33:41.109  1761  1761 D QC_RIL_OEM_HOOK: Received Broadcast Intent ACTION_UNSOL_RESPONSE_OEM_HOOK_RAW
12-12 13:33:41.109  1761  1761 D QC_RIL_OEM_HOOK: Oem ID in QCRILHOOK UNSOL RESP is QOEMHOOK
12-12 13:33:41.110  3155  3174 D QcrilMsgTunnelSocket: readRilMessage: Buffer = [B@63d45d HexData = [010000000404000014000000514f454d484f4f4bf2030800040000000050c011]
12-12 13:33:41.110  3155  3174 D QcrilMsgTunnelSocket: Rcvd UNSOL response with 28 bytes data for SUB0
12-12 13:33:41.110  3155  3174 D QcrilMsgTunnelSocket: Response ID 525298 is not served in this process.
12-12 13:33:41.110  3155  3174 D QcrilMsgTunnelSocket: To broadcast an Intent via the notifier to external apps
12-12 13:33:41.110  3155  3155 D QcrilMsgTunnelIfaceManager: handleMessage what = 0
12-12 13:33:41.113  1761  1761 D QC_RIL_OEM_HOOK: Received Broadcast Intent ACTION_UNSOL_RESPONSE_OEM_HOOK_RAW
12-12 13:33:41.113  1761  1761 D QC_RIL_OEM_HOOK: Oem ID in QCRILHOOK UNSOL RESP is QOEMHOOK
12-12 13:33:41.123  1040  7910 I ActivityManager: START u0 {act=android.intent.action.MAIN cat=[android.intent.category.LAUNCHER] flg=0x10200000 cmp=com.example.snoopy/.CameraInputFrames} from uid 2000 on display 0
12-12 13:33:41.135  1761  1882 V ImsSenderRxr: Read packet: 15 bytes
12-12 13:33:41.149  8847  8847 W System  : ClassLoader referenced unknown path: /system/priv-app/CellBroadcastReceiver/lib/arm64
12-12 13:33:41.156  1040  1040 I GnssLocationProvider: WakeLock acquired by sendMessage(12, 0, null)
12-12 13:33:41.177  8847  8847 D CellBroadcastReceiver: onReceive Intent { act=android.intent.action.AIRPLANE_MODE flg=0x10 cmp=com.android.cellbroadcastreceiver/.CellBroadcastReceiver (has extras) }
12-12 13:33:41.177  8847  8847 W CellBroadcastReceiver: onReceive() unexpected action android.intent.action.AIRPLANE_MODE
12-12 13:33:41.189  1500  1500 W KeyguardUpdateMonitor: invalid subId in handleServiceStateChange()
12-12 13:33:41.191  1761  1761 I Telephony: PstnIncomingCallNotifier: Unregistering: Handler (com.android.internal.telephony.GsmCdmaPhone) {5698719}
12-12 13:33:41.192  1761  1761 E PhoneInterfaceManager: [PhoneIntfMgr] getIccId: No UICC
12-12 13:33:41.193  1040  1081 I GnssLocationProvider: WakeLock released by handleMessage(12, 0, null)
12-12 13:33:41.199  1040  7919 I Telecom : PhoneAccountRegistrar: [ComponentInfo{com.android.phone/com.android.services.telephony.TelephonyConnectionService}, [e0184adedf913b076626646d3f52c3b49c39ad6d], UserHandle{0}(icon: Icon(typ=BITMAP size=50x63) -> Icon(typ=BITMAP size=50x63))]: TSI.rPA@ACY
12-12 13:33:41.203  1040  7919 I Telecom : : Sending phone-account registered intent as user: TSI.rPA@ACY
12-12 13:33:41.205  1761  1761 I Telephony: AccountEntry: Registered phoneAccount: [[ ] PhoneAccount: ComponentInfo{com.android.phone/com.android.services.telephony.TelephonyConnectionService}, [e0184adedf913b076626646d3f52c3b49c39ad6d], UserHandle{0} Capabilities: CallProvider MultiUser PlaceEmerg SimSub  Audio Routes: BESW Schemes: tel voicemail  Extras: null GroupId: [da39a3ee5e6b4b0d3255bfef95601890afd80709]] with handle: ComponentInfo{com.android.phone/com.android.services.telephony.TelephonyConnectionService}, [e0184adedf913b076626646d3f52c3b49c39ad6d], UserHandle{0}
12-12 13:33:41.206  1761  1761 I Telephony: PstnIncomingCallNotifier: Registering: Handler (com.android.internal.telephony.GsmCdmaPhone) {5698719}
12-12 13:33:41.266  1761  1761 V XDivert : Action intent recieved:Intent { act=android.intent.action.ACTION_SUBINFO_RECORD_UPDATED flg=0x10 cmp=com.qti.xdivert/.XDivert }
12-12 13:33:41.268  8847  8847 D CellBroadcastReceiver: onReceive Intent { act=android.intent.action.SERVICE_STATE flg=0x10 cmp=com.android.cellbroadcastreceiver/.CellBroadcastReceiver (has extras) }
12-12 13:33:41.268  8847  8847 D CellBroadcastReceiver: Intent: android.intent.action.SERVICE_STATE
12-12 13:33:41.268  1761  1761 D PhoneApp: Radio technology switched. Now CDMA (0) is active.
12-12 13:33:41.269  8847  8847 D CellBroadcastReceiver: Service state changed! 1 Full: 1 1 voice home data home null null null null null null  Unknown Unknown CSS not supported -1 -1 RoamInd=-1 DefRoamInd=-1 EmergOnly=false IsDataRoamingFromRegistration=false IsUsingCarrierAggregation=false Current state=-1
12-12 13:33:41.270  1761  1761 D AudioTrack: Client defaulted notificationFrames to 192 for frameCount 960
12-12 13:33:41.271  1761  1761 D CallNotifier: CallNotifier: mSignalInfoToneGenerator created when toneplay
12-12 13:33:41.271  1761  1761 I ImsExternalCallTracker: handleVideoCapabilitiesChanged : isVideoCapable = false
12-12 13:33:41.271  1761  1761 D ImsExternalCallTracker: refreshCallPullState
12-12 13:33:41.271  1761  1761 E PhoneInterfaceManager: [PhoneIntfMgr] getIccId: No UICC
12-12 13:33:41.275  1040  7919 I Telecom : PhoneAccountRegistrar: [ComponentInfo{com.android.phone/com.android.services.telephony.TelephonyConnectionService}, [e0184adedf913b076626646d3f52c3b49c39ad6d], UserHandle{0}(icon: Icon(typ=BITMAP size=50x63) -> Icon(typ=BITMAP size=50x63))]: TSI.rPA@ACk
12-12 13:33:41.276  1040  7919 I Telecom : : Sending phone-account registered intent as user: TSI.rPA@ACk
12-12 13:33:41.280  1040  1040 I GnssLocationProvider: WakeLock acquired by sendMessage(12, 0, null)
12-12 13:33:41.284  1761  1761 D MccTable: updateMccMncConfiguration mccmnc='00000' fromServiceState=true
12-12 13:33:41.285  1761  1761 D MccTable: updateMccMncConfiguration defaultMccMnc=
12-12 13:33:41.285  1761  1761 D MccTable: updateMccMncConfiguration: mcc=0, mnc=0
12-12 13:33:41.285  1761  1761 D MccTable: WIFI_COUNTRY_CODE set to 
12-12 13:33:41.286  1040  2116 I WifiService: WifiService trying to set country code to  with persist set to false
12-12 13:33:41.290  1040  1081 I GnssLocationProvider: WakeLock released by handleMessage(12, 0, null)
12-12 13:33:41.297  1761  1761 V XDivert : Action intent recieved:Intent { act=android.intent.action.RADIO_TECHNOLOGY flg=0x20000010 cmp=com.qti.xdivert/.XDivert (has extras) }
12-12 13:33:41.301  1761  1761 I Telephony: PstnIncomingCallNotifier: Unregistering: Handler (com.android.internal.telephony.GsmCdmaPhone) {5698719}
12-12 13:33:41.302  1761  1761 E PhoneInterfaceManager: [PhoneIntfMgr] getIccId: No UICC
12-12 13:33:41.309  1040  7922 I Telecom : PhoneAccountRegistrar: [ComponentInfo{com.android.phone/com.android.services.telephony.TelephonyConnectionService}, [e0184adedf913b076626646d3f52c3b49c39ad6d], UserHandle{0}(icon: Icon(typ=BITMAP size=50x63) -> Icon(typ=BITMAP size=50x63))]: TSI.rPA@ACo
12-12 13:33:41.311  1040  7922 I Telecom : : Sending phone-account registered intent as user: TSI.rPA@ACo
12-12 13:33:41.312  1761  1761 I Telephony: AccountEntry: Registered phoneAccount: [[ ] PhoneAccount: ComponentInfo{com.android.phone/com.android.services.telephony.TelephonyConnectionService}, [e0184adedf913b076626646d3f52c3b49c39ad6d], UserHandle{0} Capabilities: CallProvider MultiUser PlaceEmerg SimSub  Audio Routes: BESW Schemes: tel voicemail  Extras: null GroupId: [da39a3ee5e6b4b0d3255bfef95601890afd80709]] with handle: ComponentInfo{com.android.phone/com.android.services.telephony.TelephonyConnectionService}, [e0184adedf913b076626646d3f52c3b49c39ad6d], UserHandle{0}
12-12 13:33:41.312  1761  1761 I Telephony: PstnIncomingCallNotifier: Registering: Handler (com.android.internal.telephony.GsmCdmaPhone) {5698719}
12-12 13:33:41.317  1761  1761 V XDivert : Action intent recieved:Intent { act=android.intent.action.ACTION_SUBINFO_RECORD_UPDATED flg=0x10 cmp=com.qti.xdivert/.XDivert }
12-12 13:33:41.317  1761  1761 I ImsExternalCallTracker: handleVideoCapabilitiesChanged : isVideoCapable = false
12-12 13:33:41.317  1761  1761 D ImsExternalCallTracker: refreshCallPullState
12-12 13:33:41.318  1761  1761 E PhoneInterfaceManager: [PhoneIntfMgr] getIccId: No UICC
12-12 13:33:41.320  8847  8847 D CellBroadcastReceiver: onReceive Intent { act=android.intent.action.SERVICE_STATE flg=0x10 cmp=com.android.cellbroadcastreceiver/.CellBroadcastReceiver (has extras) }
12-12 13:33:41.320  8847  8847 D CellBroadcastReceiver: Intent: android.intent.action.SERVICE_STATE
12-12 13:33:41.324  1040  1068 I Telecom : PhoneAccountRegistrar: [ComponentInfo{com.android.phone/com.android.services.telephony.TelephonyConnectionService}, [e0184adedf913b076626646d3f52c3b49c39ad6d], UserHandle{0}(icon: Icon(typ=BITMAP size=50x63) -> Icon(typ=BITMAP size=50x63))]: TSI.rPA@AC4
12-12 13:33:41.325  1040  1068 I Telecom : : Sending phone-account registered intent as user: TSI.rPA@AC4
12-12 13:33:41.327  1500  1500 W KeyguardUpdateMonitor: invalid subId in handleServiceStateChange()
12-12 13:33:41.333  1040  4758 I ActivityManager: START u0 {act=android.intent.action.MAIN cat=[android.intent.category.LAUNCHER] flg=0x10008000 cmp=com.android.settings/.deviceinfo.UsbModeChooserActivity} from uid 1000 on display 0
12-12 13:33:41.357  1040  1069 I ActivityManager: START u0 {act=android.intent.action.MAIN cat=[android.intent.category.LAUNCHER] flg=0x10200000 cmp=com.example.snoopy/.CameraInputFrames} from uid 2000 on display 0
12-12 13:33:41.489  8659  8672 I art     : Starting a blocking GC Explicit
12-12 13:33:41.501  8659  8672 I art     : Explicit concurrent mark sweep GC freed 5914(240KB) AllocSpace objects, 2(40KB) LOS objects, 39% free, 5MB/8MB, paused 109us total 11.256ms
12-12 13:33:41.523  1040  7910 I ActivityManager: START u0 {act=android.intent.action.MAIN cat=[android.intent.category.LAUNCHER] flg=0x10200000 cmp=com.example.snoopy/.CameraInputFrames} from uid 2000 on display 0
12-12 13:33:41.544  1040  1040 W WindowManager: Attempted to remove non-existing token: android.os.Binder@8220b51
12-12 13:33:41.580  1040  7912 I ActivityManager: START u0 {act=android.intent.action.MAIN cat=[android.intent.category.LAUNCHER] flg=0x10200000 cmp=com.example.snoopy/.MainActivity} from uid 2000 on display 0
12-12 13:33:41.799  1040  7911 I ActivityManager: START u0 {act=android.intent.action.MAIN cat=[android.intent.category.LAUNCHER] flg=0x10200000 cmp=com.example.snoopy/.CameraInputFrames} from uid 2000 on display 0
12-12 13:33:41.950  8276  8312 I Finsky  : [86] com.google.android.finsky.i.c.a(22): Completed 0 account content syncs with 0 successful.
12-12 13:33:41.955  8276  8276 I Finsky  : [1] com.google.android.finsky.services.e.a(5): Installation state replication succeeded.
12-12 13:33:41.989  1040  1393 I ActivityManager: START u0 {} from uid 11787 on display 0
12-12 13:33:42.291  1040  1793 I ActivityManager: START u0 {act=android.intent.action.MAIN cat=[android.intent.category.LAUNCHER] flg=0x10008000 cmp=com.android.settings/.DevelopmentSettings} from uid 1000 on display 0
12-12 13:33:42.630  1040  1793 I ActivityManager: START u0 {act=android.intent.action.MAIN cat=[android.intent.category.LAUNCHER] flg=0x10200000 cmp=com.example.snoopy/.MainActivity} from uid 2000 on display 0
12-12 13:33:42.708  1040  2031 D BluetoothManagerService: disable(): mBluetooth = android.bluetooth.IBluetooth$Stub$Proxy@6e4c5e4 mBinding = false
12-12 13:33:42.708  1040  2031 D BluetoothManagerService: Persisting Bluetooth Setting: 0
