12-11 19:54:55.441  3475  3486 I art     : Wrote stack traces to '/data/anr/traces.txt'
12-11 19:54:55.598   883   896 I Process : Sending signal. PID: 3462 SIG: 3
12-11 19:54:55.598  3462  3467 I art     : Thread[2,tid=3467,WaitingInMainSignalCatcherLoop,Thread*=0x7f74d43000,peer=0x12c4e0a0,"Signal Catcher"]: reacting to signal 3
12-11 19:54:55.655  3462  3467 I art     : Wrote stack traces to '/data/anr/traces.txt'
12-11 19:54:55.798   883   896 I Process : Sending signal. PID: 3448 SIG: 3
12-11 19:54:55.798  3448  3455 I art     : Thread[2,tid=3455,WaitingInMainSignalCatcherLoop,Thread*=0x7f74d43000,peer=0x12c4e0a0,"Signal Catcher"]: reacting to signal 3
12-11 19:54:55.891  3448  3455 I art     : Wrote stack traces to '/data/anr/traces.txt'
12-11 19:54:55.998   883   896 I Process : Sending signal. PID: 3429 SIG: 3
12-11 19:54:55.999  3429  3438 I art     : Thread[2,tid=3438,WaitingInMainSignalCatcherLoop,Thread*=0x7f74d43000,peer=0x12c4c0a0,"Signal Catcher"]: reacting to signal 3
12-11 19:54:56.071  3429  3438 I art     : Wrote stack traces to '/data/anr/traces.txt'
12-11 19:54:56.199   883   896 I Process : Sending signal. PID: 3069 SIG: 3
12-11 19:54:56.199  3069  3075 I art     : Thread[2,tid=3075,WaitingInMainSignalCatcherLoop,Thread*=0x7f74d43000,peer=0x12c310a0,"Signal Catcher"]: reacting to signal 3
12-11 19:54:56.338   883 11483 E WifiHAL : Error polling socket
12-11 19:54:56.388  3069  3075 I art     : Wrote stack traces to '/data/anr/traces.txt'
12-11 19:54:56.462   883   888 I art     : Wrote stack traces to '/data/anr/traces.txt'
12-11 19:54:56.491 13537 13556 I art     : Starting a blocking GC Explicit
12-11 19:54:56.500 13537 13556 I art     : Explicit concurrent mark sweep GC freed 1265(74KB) AllocSpace objects, 1(20KB) LOS objects, 40% free, 11MB/19MB, paused 109us total 8.769ms
12-11 19:54:56.505 13537 13556 I art     : Starting a blocking GC Explicit
12-11 19:54:56.514 13537 13556 I art     : Explicit concurrent mark sweep GC freed 18(624B) AllocSpace objects, 0(0B) LOS objects, 40% free, 11MB/19MB, paused 114us total 8.521ms
12-11 19:54:56.520 13537 13556 I art     : Starting a blocking GC Explicit
12-11 19:54:56.528 13537 13556 I art     : Explicit concurrent mark sweep GC freed 3(96B) AllocSpace objects, 0(0B) LOS objects, 40% free, 11MB/19MB, paused 105us total 8.659ms
12-11 19:54:56.534 13537 13556 I art     : Starting a blocking GC Explicit
12-11 19:54:56.542 13537 13556 I art     : Explicit concurrent mark sweep GC freed 3(96B) AllocSpace objects, 0(0B) LOS objects, 40% free, 11MB/19MB, paused 105us total 8.175ms
12-11 19:54:56.547 13537 13556 I art     : Starting a blocking GC Explicit
12-11 19:54:56.556 13537 13556 I art     : Explicit concurrent mark sweep GC freed 3(96B) AllocSpace objects, 0(0B) LOS objects, 40% free, 11MB/19MB, paused 105us total 8.085ms
12-11 19:54:57.148 13537 13550 I art     : Starting a blocking GC Explicit
12-11 19:54:57.160 13537 13550 I art     : Explicit concurrent mark sweep GC freed 1276(75KB) AllocSpace objects, 1(20KB) LOS objects, 40% free, 11MB/19MB, paused 151us total 11.560ms
12-11 19:54:57.167 13537 13550 I art     : Starting a blocking GC Explicit
12-11 19:54:57.177 13537 13550 I art     : Explicit concurrent mark sweep GC freed 18(624B) AllocSpace objects, 0(0B) LOS objects, 40% free, 11MB/19MB, paused 122us total 9.953ms
12-11 19:54:57.183 13537 13550 I art     : Starting a blocking GC Explicit
12-11 19:54:57.191 13537 13550 I art     : Explicit concurrent mark sweep GC freed 3(96B) AllocSpace objects, 0(0B) LOS objects, 40% free, 11MB/19MB, paused 103us total 8.405ms
12-11 19:54:57.196 13537 13550 I art     : Starting a blocking GC Explicit
12-11 19:54:57.205 13537 13550 I art     : Explicit concurrent mark sweep GC freed 3(96B) AllocSpace objects, 0(0B) LOS objects, 40% free, 11MB/19MB, paused 104us total 8.111ms
12-11 19:54:57.210 13537 13550 I art     : Starting a blocking GC Explicit
12-11 19:54:57.218 13537 13550 I art     : Explicit concurrent mark sweep GC freed 3(96B) AllocSpace objects, 0(0B) LOS objects, 40% free, 11MB/19MB, paused 104us total 8.156ms
12-11 19:54:57.718   883  8489 I ActivityManager: START u0 {act=android.intent.action.MAIN cat=[android.intent.category.LAUNCHER] flg=0x10200000 cmp=com.example.snoopy/.CameraInputFrames} from uid 2000 on display 0
12-11 19:54:58.252   883  7546 I ActivityManager: START u0 {act=android.intent.action.MAIN cat=[android.intent.category.LAUNCHER] flg=0x10200000 cmp=com.example.snoopy/.CameraInputFrames} from uid 2000 on display 0
12-11 19:54:58.588  3069  3069 D PhoneStatusBar: disable: < expand ICONS* alerts SYSTEM_INFO* back home recent clock search quick_settings >
12-11 19:54:58.659  3069  3069 D PhoneStatusBar: disable: < expand icons* alerts system_info* back home recent clock search quick_settings >
12-11 19:54:58.662  3069  3069 D PhoneStatusBar: disable: < expand ICONS* alerts SYSTEM_INFO* back home recent clock search quick_settings >
12-11 19:54:58.683  3069  3069 D PhoneStatusBar: disable: < expand icons* alerts system_info* back home recent clock search quick_settings >
12-11 19:54:58.686  3069  3069 D PhoneStatusBar: disable: < expand ICONS* alerts SYSTEM_INFO* back home recent clock search quick_settings >
12-11 19:54:58.704  3069  3069 D PhoneStatusBar: disable: < expand icons* alerts system_info* back home recent clock search quick_settings >
12-11 19:54:58.707   883  3370 I ActivityManager: START u0 {act=android.intent.action.MAIN cat=[android.intent.category.LAUNCHER] flg=0x10200000 cmp=com.example.snoopy/.MainActivity} from uid 2000 on display 0
12-11 19:54:58.707  3069  3069 D PhoneStatusBar: disable: < expand ICONS* alerts SYSTEM_INFO* back home recent clock search quick_settings >
12-11 19:54:58.729  3069  3069 D PhoneStatusBar: disable: < expand icons* alerts system_info* back home recent clock search quick_settings >
12-11 19:54:58.731  3069  3069 D PhoneStatusBar: disable: < expand ICONS* alerts SYSTEM_INFO* back home recent clock search quick_settings >
12-11 19:54:58.752  3069  3069 D PhoneStatusBar: disable: < expand icons* alerts system_info* back home recent clock search quick_settings >
12-11 19:54:58.754  3069  3069 D PhoneStatusBar: disable: < expand ICONS* alerts SYSTEM_INFO* back home recent clock search quick_settings >
12-11 19:54:58.777  3069  3069 D PhoneStatusBar: disable: < expand icons* alerts system_info* back home recent clock search quick_settings >
12-11 19:54:58.779  3069  3069 D PhoneStatusBar: disable: < expand ICONS* alerts SYSTEM_INFO* back home recent clock search quick_settings >
12-11 19:54:58.802  3069  3069 D PhoneStatusBar: disable: < expand icons* alerts system_info* back home recent clock search quick_settings >
12-11 19:54:58.804  3069  3069 D PhoneStatusBar: disable: < expand ICONS* alerts SYSTEM_INFO* back home recent clock search quick_settings >
12-11 19:54:58.826  3069  3069 D PhoneStatusBar: disable: < expand icons* alerts system_info* back home recent clock search quick_settings >
12-11 19:54:58.828  3069  3069 D PhoneStatusBar: disable: < expand ICONS* alerts SYSTEM_INFO* back home recent clock search quick_settings >
12-11 19:54:58.846  3069  3069 D PhoneStatusBar: disable: < expand icons* alerts system_info* back home recent clock search quick_settings >
12-11 19:54:58.849  3069  3069 D PhoneStatusBar: disable: < expand ICONS* alerts SYSTEM_INFO* back home recent clock search quick_settings >
12-11 19:54:58.853   883  3370 W InputMethodManagerService: Window already focused, ignoring focus gain of: com.android.internal.view.IInputMethodClient$Stub$Proxy@9b66b7c attribute=null, token = android.os.BinderProxy@9ce78bb
12-11 19:54:58.865  3069  3069 D PhoneStatusBar: disable: < expand icons* alerts system_info* back home recent clock search quick_settings >
12-11 19:54:59.254   883  3520 I ActivityManager: START u0 {act=android.intent.action.MAIN cat=[android.intent.category.LAUNCHER] flg=0x10200000 cmp=com.example.snoopy/.MainActivity} from uid 2000 on display 0
12-11 19:54:59.319   883   896 E ActivityManager: ANR in com.google.android.googlequicksearchbox:search
12-11 19:54:59.319   883   896 E ActivityManager: PID: 12231
12-11 19:54:59.319   883   896 E ActivityManager: Reason: Broadcast of Intent { act=android.appwidget.action.APPWIDGET_UPDATE flg=0x10 cmp=com.google.android.googlequicksearchbox/.SearchWidgetProvider (has extras) }
12-11 19:54:59.319   883   896 E ActivityManager: Load: 10.47 / 8.49 / 6.69
12-11 19:54:59.319   883   896 E ActivityManager: CPU usage from 60169ms to 0ms ago:
12-11 19:54:59.319   883   896 E ActivityManager:   29% 883/system_server: 21% user + 7.8% kernel / faults: 28732 minor 41 major
12-11 19:54:59.319   883   896 E ActivityManager:   10% 477/adbd: 1.7% user + 9.2% kernel / faults: 11068 minor
12-11 19:54:59.319   883   896 E ActivityManager:   7.5% 274/mmcqd/0: 0% user + 7.5% kernel
12-11 19:54:59.319   883   896 E ActivityManager:   7.3% 11990/minicap: 7% user + 0.2% kernel / faults: 1 minor
12-11 19:54:59.319   883   896 E ActivityManager:   4% 3069/com.android.systemui: 3.2% user + 0.8% kernel / faults: 6395 minor 18 major
12-11 19:54:59.319   883   896 E ActivityManager:   3.4% 371/surfaceflinger: 1.7% user + 1.6% kernel / faults: 777 minor 8 major
12-11 19:54:59.319   883   896 E ActivityManager:   2.8% 474/jbd2/dm-2-8: 0% user + 2.8% kernel
12-11 19:54:59.319   883   896 E ActivityManager:   1.8% 10959/com.google.android.gms: 1.3% user + 0.4% kernel / faults: 13632 minor 30 major
12-11 19:54:59.319   883   896 E ActivityManager:   1.6% 461/dmcrypt_write: 0% user + 1.6% kernel
12-11 19:54:59.319   883   896 E ActivityManager:   1.4% 8/rcu_preempt: 0% user + 1.4% kernel
12-11 19:54:59.319   883   896 E ActivityManager:   1.3% 515/kworker/u12:7: 0% user + 1.3% kernel
12-11 19:54:59.319   883   896 E ActivityManager:   1.1% 16/ksoftirqd/2: 0% user + 1.1% kernel
12-11 19:54:59.319   883   896 E ActivityManager:   1% 260/kworker/u12:3: 0% user + 1% kernel
12-11 19:54:59.319   883   896 E ActivityManager:   0.9% 10657/kworker/u12:1: 0% user + 0.9% kernel
12-11 19:54:59.319   883   896 E ActivityManager:   0.9% 10925/com.google.android.gms.persistent: 0.6% user + 0.3% kernel / faults: 2950 minor 8 major
12-11 19:54:59.319   883   896 E ActivityManager:   0.9% 12201/com.google.android.music:main: 0.6% user + 0.2% kernel / faults: 11105 minor 16 major
12-11 19:54:59.319   883   896 E ActivityManager:   0.8% 10761/kworker/u12:8: 0% user + 0.8% kernel
12-11 19:54:59.319   883   896 E ActivityManager:   0.7% 3/ksoftirqd/0: 0% user + 0.7% kernel
12-11 19:54:59.319   883   896 E ActivityManager:   0.7% 314/kworker/u12:5: 0% user + 0.7% kernel
12-11 19:54:59.319   883   896 E ActivityManager:   0.6% 10658/kworker/u12:2: 0% user + 0.6% kernel
12-11 19:54:59.319   883   896 E ActivityManager:   0% 495/perfd: 0% user + 0% kernel / faults: 1266 minor 3 major
12-11 19:54:59.319   883   896 E ActivityManager:   0.5% 285/msm-core:sampli: 0% user + 0.5% kernel
12-11 19:54:59.319   883   896 E ActivityManager:   0.5% 11071/com.google.android.youtube: 0.1% user + 0.3% kernel / faults: 1192 minor 4 major
12-11 19:54:59.319   883   896 E ActivityManager:   0.5% 360/kworker/0:2: 0% user + 0.5% kernel
12-11 19:54:59.319   883   896 E ActivityManager:   0.4% 12/ksoftirqd/1: 0% user + 0.4% kernel
12-11 19:54:59.319   883   896 E ActivityManager:   0.4% 489/mediaserver: 0% user + 0.4% kernel / faults: 414 minor 7 major
12-11 19:54:59.319   883   896 E ActivityManager:   0.3% 40/kworker/0:1H: 0% user + 0.3% kernel
12-11 19:54:59.319   883   896 E ActivityManager:   0.3% 20/ksoftirqd/3: 0% user + 0.3% kernel
12-11 19:54:59.319   883   896 E ActivityManager:   0.3% 129/kswapd0: 0% user + 0.3% kernel
12-11 19:54:59.319   883   896 E ActivityManager:   0.3% 59/system: 0% user + 0.3% kernel
12-11 19:54:59.319   883   896 E ActivityManager:   0.3% 426/mdss_fb0: 0% user + 0.3% kernel
12-11 19:54:59.319   883   896 E ActivityManager:   0.3% 253/cfinteractive: 0% user + 0.3% kernel
12-11 19:54:59.319   883   896 E ActivityManager:   0.3% 3726/com.google.process.gapps: 0.1% user + 0.1% kernel / faults: 1197 minor
12-11 19:54:59.319   883   896 E ActivityManager:   0.2% 37/kworker/3:1: 0% user + 0.2% kernel
12-11 19:54:59.319   883   896 E ActivityManager:   0.2% 38/kworker/4:1: 0% user + 0.2% kernel
12-11 19:54:59.319   883   896 E ActivityManager:   0.2% 405/irq/215-fc38800: 0% user + 0.2% kernel
12-11 19:54:59.319   883   896 E ActivityManager:   0.2% 10660/kworker/1:0: 0% user + 0.2% kernel
12-11 19:54:59.319   883   896 E ActivityManager:   0.2% 3523/com.google.android.googlequicksearchbox: 0.1% user + 0.1% kernel / faults: 2834 minor 5 major
12-11 19:54:59.319   883   896 E ActivityManager:   0.2% 334/logd: 0% user + 0.1% kernel / faults: 7 minor
12-11 19:54:59.319   883   896 E ActivityManager:   0.2% 11452/VosMCThread: 0% user + 0.2% kernel
12-11 19:54:59.319   883   896 E ActivityManager:   0.1% 46/kworker/u13:0: 0% user + 0.1% kernel
12-11 19:54:59.319   883   896 E ActivityManager:   0.1% 200/kworker/2:2: 0% user + 0.1% kernel
12-11 19:54:59.319   883   896 E ActivityManager:   0.1% 11996/mdss_fb1: 0% user + 0.1% kernel
12-11 19:54:59.319   883   896 E ActivityManager:   0.1% 211/kworker/3:2: 0% user + 0.1% kernel
12-11 19:54:59.319   883   896 E ActivityManager:   0.1% 501/zygote64: 0% user + 0% kernel / faults: 7140 minor
12-11 19:54:59.319   883   896 E ActivityManager:   0% 24/ksoftirqd/4: 0% user + 0% kernel
12-11 19:54:59.319   883   896 E ActivityManager:   0% 157/hwrng: 0% user + 0% kernel
12-11 19:54:59.319   883   896 E ActivityManager:   0% 10764/com.amazon.aatp.aatpdevicemanager: 0% user + 0% kernel / faults: 769 minor 2 major
12-11 19:54:59.319   883   896 E ActivityManager:   0% 367/lmkd: 0% user + 0% kernel
12-11 19:54:59.319   883   896 E ActivityManager:   0% 10696/kworker/u12:4: 0% user + 0% kernel
12-11 19:54:59.319   883   896 E ActivityManager:   0% 12032/com.google.android.gm: 0% user + 0% kernel / faults: 2562 minor
12-11 19:54:59.319   883   896 E ActivityManager:   0% 12118/com.google.android.calendar: 0% user + 0% kernel / faults: 2549 minor
12-11 19:54:59.319   883   896 E ActivityManager:   0% 39/kworker/5:1: 0% user + 0% kernel
12-11 19:54:59.319   883   896 E ActivityManager:   0% 368/servicemanager: 0% user + 0% kernel
12-11 19:54:59.319   883   896 E ActivityManager:   0% 375/msm_irqbalance: 0% user + 0% kernel
12-11 19:54:59.319   883   896 E ActivityManager:   0% 3448/com.android.nfc: 0% user + 0% kernel / faults: 312 minor 1 major
12-11 19:54:59.319   883   896 E ActivityManager:   0% 3495/com.android.phone: 0% user + 0% kernel / faults: 629 minor 1 major
12-11 19:54:59.319   883   896 E ActivityManager:   0% 11596/com.android.bluetooth: 0% user + 0% kernel / faults: 5511 minor
12-11 19:54:59.319   883   896 E ActivityManager:   0% 12160/com.android.providers.calendar: 0% user + 0% kernel / faults: 2119 minor 1 major
12-11 19:54:59.319   883   896 E ActivityManager:   0% 28/ksoftirqd/5: 0% user + 0% kernel
12-11 19:54:59.319   883   896 E ActivityManager:   0% 315/kworker/1:1H: 0% user + 0% kernel
12-11 19:54:59.319   883   896 E ActivityManager:   0% 12057/com.google.android.gm.exchange: 0% user + 0% kernel / faults: 2624 minor
12-11 19:54:59.319   883   896 E ActivityManager:   0% 50/irq/51-cpr: 0% user + 0% kernel
12-11 19:54:59.319   883   896 E ActivityManager:   0% 247/irq/216-tsens_i: 0% user + 0% kernel
12-11 19:54:59.319   883   896 E ActivityManager:   0% 259/irq/224-spdm_bw: 0% user + 0% kernel
12-11 19:54:59.319   883   896 E ActivityManager:   0% 325/kworker/2:1H: 
12-11 19:54:59.397 13537 13556 I art     : Starting a blocking GC Explicit
12-11 19:54:59.406 13537 13556 I art     : Explicit concurrent mark sweep GC freed 1265(74KB) AllocSpace objects, 1(20KB) LOS objects, 40% free, 11MB/19MB, paused 112us total 8.858ms
12-11 19:54:59.411 13537 13556 I art     : Starting a blocking GC Explicit
12-11 19:54:59.420 13537 13556 I art     : Explicit concurrent mark sweep GC freed 18(624B) AllocSpace objects, 0(0B) LOS objects, 40% free, 11MB/19MB, paused 113us total 8.460ms
12-11 19:54:59.425 13537 13556 I art     : Starting a blocking GC Explicit
12-11 19:54:59.434 13537 13556 I art     : Explicit concurrent mark sweep GC freed 3(96B) AllocSpace objects, 0(0B) LOS objects, 40% free, 11MB/19MB, paused 150us total 8.626ms
12-11 19:54:59.440 13537 13556 I art     : Starting a blocking GC Explicit
12-11 19:54:59.448 13537 13556 I art     : Explicit concurrent mark sweep GC freed 3(96B) AllocSpace objects, 0(0B) LOS objects, 40% free, 11MB/19MB, paused 111us total 8.382ms
12-11 19:54:59.454 13537 13556 I art     : Starting a blocking GC Explicit
12-11 19:54:59.462 13537 13556 I art     : Explicit concurrent mark sweep GC freed 3(96B) AllocSpace objects, 0(0B) LOS objects, 40% free, 11MB/19MB, paused 115us total 8.265ms
12-11 19:55:01.450 13537 13550 I art     : Starting a blocking GC Explicit
12-11 19:55:01.460 13537 13550 I art     : Explicit concurrent mark sweep GC freed 1265(74KB) AllocSpace objects, 1(20KB) LOS objects, 39% free, 11MB/19MB, paused 123us total 9.487ms
12-11 19:55:01.466 13537 13550 I art     : Starting a blocking GC Explicit
12-11 19:55:01.474 13537 13550 I art     : Explicit concurrent mark sweep GC freed 20(704B) AllocSpace objects, 0(0B) LOS objects, 39% free, 11MB/19MB, paused 103us total 8.227ms
12-11 19:55:01.479 13537 13550 I art     : Starting a blocking GC Explicit
12-11 19:55:01.488 13537 13550 I art     : Explicit concurrent mark sweep GC freed 3(96B) AllocSpace objects, 0(0B) LOS objects, 39% free, 11MB/19MB, paused 101us total 8.193ms
12-11 19:55:01.493 13537 13550 I art     : Starting a blocking GC Explicit
12-11 19:55:01.501 13537 13550 I art     : Explicit concurrent mark sweep GC freed 3(96B) AllocSpace objects, 0(0B) LOS objects, 39% free, 11MB/19MB, paused 102us total 8.098ms
12-11 19:55:01.506 13537 13550 I art     : Starting a blocking GC Explicit
12-11 19:55:01.515 13537 13550 I art     : Explicit concurrent mark sweep GC freed 3(96B) AllocSpace objects, 0(0B) LOS objects, 39% free, 11MB/19MB, paused 102us total 8.253ms
12-11 19:55:03.570 13537 13556 I art     : Starting a blocking GC Explicit
12-11 19:55:03.579 13537 13556 I art     : Explicit concurrent mark sweep GC freed 1265(74KB) AllocSpace objects, 1(20KB) LOS objects, 40% free, 11MB/19MB, paused 121us total 9.652ms
12-11 19:55:03.585 13537 13556 I art     : Starting a blocking GC Explicit
12-11 19:55:03.594 13537 13556 I art     : Explicit concurrent mark sweep GC freed 18(624B) AllocSpace objects, 0(0B) LOS objects, 39% free, 11MB/19MB, paused 109us total 8.452ms
12-11 19:55:03.599 13537 13556 I art     : Starting a blocking GC Explicit
12-11 19:55:03.608 13537 13556 I art     : Explicit concurrent mark sweep GC freed 3(96B) AllocSpace objects, 0(0B) LOS objects, 39% free, 11MB/19MB, paused 101us total 8.745ms
12-11 19:55:03.614 13537 13556 I art     : Starting a blocking GC Explicit
12-11 19:55:03.622 13537 13556 I art     : Explicit concurrent mark sweep GC freed 3(96B) AllocSpace objects, 0(0B) LOS objects, 39% free, 11MB/19MB, paused 101us total 8.189ms
12-11 19:55:03.627 13537 13556 I art     : Starting a blocking GC Explicit
12-11 19:55:03.635 13537 13556 I art     : Explicit concurrent mark sweep GC freed 3(96B) AllocSpace objects, 0(0B) LOS objects, 39% free, 11MB/19MB, paused 102us total 8.161ms
12-11 19:55:05.656   883  3520 W ProcessCpuTracker: Skipping unknown process pid 15693
12-11 19:55:05.726 13537 15641 I art     : Starting a blocking GC Explicit
12-11 19:55:05.735 13537 15641 I art     : Explicit concurrent mark sweep GC freed 1265(74KB) AllocSpace objects, 1(20KB) LOS objects, 40% free, 11MB/19MB, paused 109us total 8.793ms
12-11 19:55:05.741 13537 15641 I art     : Starting a blocking GC Explicit
12-11 19:55:05.750 13537 15641 I art     : Explicit concurrent mark sweep GC freed 18(624B) AllocSpace objects, 0(0B) LOS objects, 39% free, 11MB/19MB, paused 113us total 8.481ms
12-11 19:55:05.755 13537 15641 I art     : Starting a blocking GC Explicit
12-11 19:55:05.764 13537 15641 I art     : Explicit concurrent mark sweep GC freed 3(96B) AllocSpace objects, 0(0B) LOS objects, 39% free, 11MB/19MB, paused 119us total 8.293ms
12-11 19:55:05.769 13537 15641 I art     : Starting a blocking GC Explicit
12-11 19:55:05.778 13537 15641 I art     : Explicit concurrent mark sweep GC freed 3(96B) AllocSpace objects, 0(0B) LOS objects, 39% free, 11MB/19MB, paused 118us total 8.303ms
12-11 19:55:05.783 13537 15641 I art     : Starting a blocking GC Explicit
12-11 19:55:05.791 13537 15641 I art     : Explicit concurrent mark sweep GC freed 3(96B) AllocSpace objects, 0(0B) LOS objects, 39% free, 11MB/19MB, paused 107us total 8.235ms
12-11 19:55:05.936   883   897 I sensors : activate
12-11 19:55:05.944   883  2847 I hubconnection: sensorhub said: 'activate 31 enable:0'
12-11 19:55:05.945   883   897 I sensors : batch
12-11 19:55:05.945   883   897 I sensors : activate
12-11 19:55:05.950   883  2847 I hubconnection: sensorhub said: 'batch 31 flags:0, sampling_rate_Hz:15.00, max_report_latency_us:0'
12-11 19:55:05.952   883  2847 I hubconnection: sensorhub said: 'activate 31 enable:1'
12-11 19:55:05.953 13499 13499 I art     : System.exit called, status: 2123
12-11 19:55:05.953 13499 13499 I AndroidRuntime: VM exiting with result code 2123.
12-11 19:55:08.140 13537 13550 I art     : Starting a blocking GC Explicit
12-11 19:55:08.151 13537 13550 I art     : Explicit concurrent mark sweep GC freed 1265(74KB) AllocSpace objects, 1(20KB) LOS objects, 40% free, 11MB/19MB, paused 140us total 11.067ms
12-11 19:55:08.158 13537 13550 I art     : Starting a blocking GC Explicit
12-11 19:55:08.167 13537 13550 I art     : Explicit concurrent mark sweep GC freed 18(624B) AllocSpace objects, 0(0B) LOS objects, 39% free, 11MB/19MB, paused 122us total 9.387ms
12-11 19:55:08.174 13537 13550 I art     : Starting a blocking GC Explicit
12-11 19:55:08.182 13537 13550 I art     : Explicit concurrent mark sweep GC freed 3(96B) AllocSpace objects, 0(0B) LOS objects, 39% free, 11MB/19MB, paused 104us total 8.014ms
12-11 19:55:08.187 13537 13550 I art     : Starting a blocking GC Explicit
12-11 19:55:08.195 13537 13550 I art     : Explicit concurrent mark sweep GC freed 3(96B) AllocSpace objects, 0(0B) LOS objects, 39% free, 11MB/19MB, paused 101us total 8.122ms
12-11 19:55:08.201 13537 13550 I art     : Starting a blocking GC Explicit
12-11 19:55:08.209 13537 13550 I art     : Explicit concurrent mark sweep GC freed 3(96B) AllocSpace objects, 0(0B) LOS objects, 39% free, 11MB/19MB, paused 104us total 8.178ms
12-11 19:55:10.227 13537 13556 I art     : Starting a blocking GC Explicit
12-11 19:55:10.239 13537 13556 I art     : Explicit concurrent mark sweep GC freed 1265(74KB) AllocSpace objects, 1(20KB) LOS objects, 40% free, 11MB/19MB, paused 130us total 11.790ms
12-11 19:55:10.247 13537 13556 I art     : Starting a blocking GC Explicit
12-11 19:55:10.257 13537 13556 I art     : Explicit concurrent mark sweep GC freed 18(624B) AllocSpace objects, 0(0B) LOS objects, 39% free, 11MB/19MB, paused 104us total 9.786ms
12-11 19:55:10.262 13537 13556 I art     : Starting a blocking GC Explicit
12-11 19:55:10.271 13537 13556 I art     : Explicit concurrent mark sweep GC freed 3(96B) AllocSpace objects, 0(0B) LOS objects, 39% free, 11MB/19MB, paused 106us total 8.424ms
12-11 19:55:10.276 13537 13556 I art     : Starting a blocking GC Explicit
12-11 19:55:10.284 13537 13556 I art     : Explicit concurrent mark sweep GC freed 3(96B) AllocSpace objects, 0(0B) LOS objects, 39% free, 11MB/19MB, paused 107us total 8.348ms
12-11 19:55:10.290 13537 13556 I art     : Starting a blocking GC Explicit
12-11 19:55:10.298 13537 13556 I art     : Explicit concurrent mark sweep GC freed 3(96B) AllocSpace objects, 0(0B) LOS objects, 39% free, 11MB/19MB, paused 105us total 8.164ms
12-11 19:55:11.039   883  2956 D WifiStateMachine: starting scan for "9902869299"WPA_PSK with 2412
12-11 19:55:12.452 13537 15641 I art     : Starting a blocking GC Explicit
12-11 19:55:12.464 13537 15641 I art     : Explicit concurrent mark sweep GC freed 1283(75KB) AllocSpace objects, 1(20KB) LOS objects, 39% free, 11MB/19MB, paused 183us total 11.518ms
12-11 19:55:12.471 13537 15641 I art     : Starting a blocking GC Explicit
12-11 19:55:12.481 13537 15641 I art     : Explicit concurrent mark sweep GC freed 50(2176B) AllocSpace objects, 0(0B) LOS objects, 40% free, 11MB/19MB, paused 125us total 10.005ms
12-11 19:55:12.487 13537 15641 I art     : Starting a blocking GC Explicit
12-11 19:55:12.496 13537 15641 I art     : Explicit concurrent mark sweep GC freed 3(96B) AllocSpace objects, 0(0B) LOS objects, 40% free, 11MB/19MB, paused 109us total 8.581ms
12-11 19:55:12.502 13537 15641 I art     : Starting a blocking GC Explicit
12-11 19:55:12.510 13537 15641 I art     : Explicit concurrent mark sweep GC freed 3(96B) AllocSpace objects, 0(0B) LOS objects, 40% free, 11MB/19MB, paused 103us total 8.336ms
12-11 19:55:12.515 13537 15641 I art     : Starting a blocking GC Explicit
12-11 19:55:12.524 13537 15641 I art     : Explicit concurrent mark sweep GC freed 3(96B) AllocSpace objects, 0(0B) LOS objects, 40% free, 11MB/19MB, paused 175us total 8.235ms
12-11 19:55:14.649 13537 13550 I art     : Starting a blocking GC Explicit
12-11 19:55:14.659 13537 13550 I art     : Explicit concurrent mark sweep GC freed 1265(74KB) AllocSpace objects, 1(20KB) LOS objects, 40% free, 11MB/19MB, paused 120us total 9.973ms
12-11 19:55:14.665 13537 13550 I art     : Starting a blocking GC Explicit
12-11 19:55:14.674 13537 13550 I art     : Explicit concurrent mark sweep GC freed 18(624B) AllocSpace objects, 0(0B) LOS objects, 40% free, 11MB/19MB, paused 123us total 8.272ms
12-11 19:55:14.679 13537 13550 I art     : Starting a blocking GC Explicit
12-11 19:55:14.688 13537 13550 I art     : Explicit concurrent mark sweep GC freed 3(96B) AllocSpace objects, 0(0B) LOS objects, 40% free, 11MB/19MB, paused 101us total 8.331ms
12-11 19:55:14.693 13537 13550 I art     : Starting a blocking GC Explicit
12-11 19:55:14.702 13537 13550 I art     : Explicit concurrent mark sweep GC freed 3(96B) AllocSpace objects, 0(0B) LOS objects, 40% free, 11MB/19MB, paused 99us total 8.175ms
12-11 19:55:14.707 13537 13550 I art     : Starting a blocking GC Explicit
12-11 19:55:14.716 13537 13550 I art     : Explicit concurrent mark sweep GC freed 3(96B) AllocSpace objects, 0(0B) LOS objects, 40% free, 11MB/19MB, paused 126us total 8.503ms
12-11 19:55:15.594   883   892 I art     : Background partial concurrent mark sweep GC freed 287629(14MB) AllocSpace objects, 5(1352KB) LOS objects, 27% free, 41MB/57MB, paused 1.011ms total 147.413ms
12-11 19:55:16.743 13537 13556 I art     : Starting a blocking GC Explicit
12-11 19:55:16.754 13537 13556 I art     : Explicit concurrent mark sweep GC freed 1265(74KB) AllocSpace objects, 1(20KB) LOS objects, 40% free, 11MB/19MB, paused 266us total 11.583ms
12-11 19:55:16.761 13537 13556 I art     : Starting a blocking GC Explicit
12-11 19:55:16.771 13537 13556 I art     : Explicit concurrent mark sweep GC freed 18(624B) AllocSpace objects, 0(0B) LOS objects, 40% free, 11MB/19MB, paused 127us total 10.145ms
12-11 19:55:16.777 13537 13556 I art     : Starting a blocking GC Explicit
12-11 19:55:16.787 13537 13556 I art     : Explicit concurrent mark sweep GC freed 3(96B) AllocSpace objects, 0(0B) LOS objects, 40% free, 11MB/19MB, paused 102us total 9.683ms
12-11 19:55:16.792 13537 13556 I art     : Starting a blocking GC Explicit
12-11 19:55:16.801 13537 13556 I art     : Explicit concurrent mark sweep GC freed 3(96B) AllocSpace objects, 0(0B) LOS objects, 40% free, 11MB/19MB, paused 99us total 8.082ms
12-11 19:55:16.806 13537 13556 I art     : Starting a blocking GC Explicit
12-11 19:55:16.814 13537 13556 I art     : Explicit concurrent mark sweep GC freed 3(96B) AllocSpace objects, 0(0B) LOS objects, 40% free, 11MB/19MB, paused 103us total 8.091ms
