--------- beginning of main
12-11 19:54:26.755 13499 13499 D AndroidRuntime: >>>>>> START com.android.internal.os.RuntimeInit uid 2000 <<<<<<
12-11 19:54:26.759 13499 13499 D AndroidRuntime: CheckJNI is OFF
12-11 19:54:26.788 13499 13499 D ICU     : No timezone override file found: /data/misc/zoneinfo/current/icu/icu_tzdata.dat
12-11 19:54:26.817 13499 13499 I Radio-JNI: register_android_hardware_Radio DONE
12-11 19:54:26.834 13499 13499 D AndroidRuntime: Calling main entry com.android.commands.monkey.Monkey
--------- beginning of system
12-11 19:54:26.872   883   896 W BroadcastQueue: Skipping deliver [background] BroadcastRecord{b292053 u-1 android.net.conn.CONNECTIVITY_CHANGE} to ReceiverList{b8e3d90 13499 (unknown name)/2000/u-1 remote:8e24e8d}: process crashing
12-11 19:54:26.881   883  3556 I ActivityManager: START u0 {act=android.intent.action.MAIN cat=[android.intent.category.LAUNCHER] flg=0x10200000 cmp=com.example.snoopy/.CameraInputFrames} from uid 2000 on display 0
12-11 19:54:26.894 12231 12241 W SearchService: Abort, client detached.
12-11 19:54:26.896 12231 12231 I HotwordDetector: Closing mic
12-11 19:54:26.896 12231 12471 I MicrophoneInputStream: mic_close com.google.android.apps.gsa.speech.audio.x@30bcbde
12-11 19:54:26.896 12231 12478 E AudioRecord-JNI: Error -4 during AudioRecord native read
12-11 19:54:26.921   883  8493 I ActivityManager: Start proc 13537:com.example.snoopy/u0a3217 for activity com.example.snoopy/.CameraInputFrames
12-11 19:54:26.922 13537 13537 I art     : Late-enabling -Xcheck:jni
12-11 19:54:26.971   489 12480 D audio_hw_primary: disable_audio_route: reset and update mixer path: audio-record
12-11 19:54:26.973   489 12480 D audio_hw_primary: disable_snd_device: snd_device(61: voice-rec-mic)
12-11 19:54:26.976   489 12480 I soundtrigger: audio_extn_sound_trigger_update_device_status: device 0x3d of type 1 for Event 0
12-11 19:54:26.976   489 12480 D sound_trigger_platform: platform_stdev_check_and_update_concurrency: concurrency active 0, tx 0, rx 0, concurrency session_allowed 1
12-11 19:54:26.977   489  2950 I SoundTriggerHwService::Module: void android::SoundTriggerHwService::Module::onCallbackEvent(const android::sp<android::SoundTriggerHwService::CallbackEvent>&) mClient == 0
12-11 19:54:26.979 12231 12473 I MicroRecognitionRnrImpl: Stopping hotword detection.
12-11 19:54:26.979 12231 12477 I MicroRecognitionRnrImpl: Detection finished
12-11 19:54:27.007 13537 13537 W System  : ClassLoader referenced unknown path: /data/app/com.example.snoopy-1/lib/arm64
12-11 19:54:27.026   883  2931 I InputDispatcher: Dropping event because there is no touchable window at (22, 1670).
12-11 19:54:27.026   883  7546 W InputManager: Input event injection from pid 13499 failed.
12-11 19:54:27.027   883  3370 W InputManager: Input event injection from pid 13499 failed.
12-11 19:54:27.028 13537 13560 W DynamiteModule: Local module descriptor class for com.google.firebase.auth not found.
12-11 19:54:27.028   883  3520 W InputManager: Input event injection from pid 13499 failed.
12-11 19:54:27.029   883   894 W InputManager: Input event injection from pid 13499 failed.
12-11 19:54:27.030   883  8493 W InputManager: Input event injection from pid 13499 failed.
12-11 19:54:27.031   883  7546 W InputManager: Input event injection from pid 13499 failed.
12-11 19:54:27.035 13537 13560 W DynamiteModule: Local module descriptor class for com.google.firebase.auth not found.
12-11 19:54:27.038 13537 13537 D FirebaseApp: com.google.firebase.crash.FirebaseCrash is not linked. Skipping initialization.
12-11 19:54:27.045 13537 13537 I FA      : App measurement is starting up, version: 11400
12-11 19:54:27.045 13537 13537 I FA      : To enable debug logging run: adb shell setprop log.tag.FA VERBOSE
12-11 19:54:27.063 13537 13537 I FA      : To enable faster debug mode event logging run:
12-11 19:54:27.063 13537 13537 I FA      :   adb shell setprop debug.firebase.analytics.app com.example.snoopy
12-11 19:54:27.067 13537 13537 I FirebaseInitProvider: FirebaseApp initialization successful
12-11 19:54:27.083   883  2931 I InputDispatcher: Dropping event because there is no touchable window at (476, 1082).
12-11 19:54:27.083   883  3556 W InputManager: Input event injection from pid 13499 failed.
12-11 19:54:27.084   883  3395 W InputManager: Input event injection from pid 13499 failed.
12-11 19:54:27.090 13537 13537 W art     : Before Android 4.1, method android.graphics.PorterDuffColorFilter android.support.graphics.drawable.VectorDrawableCompat.updateTintFilter(android.graphics.PorterDuffColorFilter, android.content.res.ColorStateList, android.graphics.PorterDuff$Mode) would have incorrectly overridden the package-private method in android.graphics.drawable.Drawable
12-11 19:54:27.125 13537 13571 D OpenGLRenderer: Use EGL_SWAP_BEHAVIOR_PRESERVED: true
12-11 19:54:27.136   883  2931 I InputDispatcher: Dropping event because there is no touchable window at (383, 875).
12-11 19:54:27.136   883  3556 W InputManager: Input event injection from pid 13499 failed.
12-11 19:54:27.137   883   893 W InputManager: Input event injection from pid 13499 failed.
12-11 19:54:27.159 13537 13571 I Adreno  : QUALCOMM build                   : fcf4852, I1af360237c
12-11 19:54:27.159 13537 13571 I Adreno  : Build Date                       : 09/23/15
12-11 19:54:27.159 13537 13571 I Adreno  : OpenGL ES Shader Compiler Version: XE031.05.13.02
12-11 19:54:27.159 13537 13571 I Adreno  : Local Branch                     : mybranch14465806
12-11 19:54:27.159 13537 13571 I Adreno  : Remote Branch                    : quic/LA.BF64.1.2.9_v2
12-11 19:54:27.159 13537 13571 I Adreno  : Remote Branch                    : NONE
12-11 19:54:27.159 13537 13571 I Adreno  : Reconstruct Branch               : NOTHING
12-11 19:54:27.162 13537 13571 I OpenGLRenderer: Initialized EGL, version 1.4
12-11 19:54:27.193  3365  3365 I Keyboard.Facilitator: onFinishInput()
12-11 19:54:27.290 13537 13567 I FA      : Tag Manager is not found and thus will not be used
12-11 19:54:27.313   883   901 I ActivityManager: Displayed com.example.snoopy/.CameraInputFrames: +407ms
12-11 19:54:27.901  3069  3069 D PhoneStatusBar: disable: < expand ICONS* alerts SYSTEM_INFO* back home recent clock search quick_settings >
12-11 19:54:27.936   883  3556 I ActivityManager: START u0 {act=android.intent.action.MAIN cat=[android.intent.category.LAUNCHER] flg=0x10200000 cmp=com.example.snoopy/.MainActivity} from uid 2000 on display 0
12-11 19:54:27.946  3069  3069 W PathParser: Points are too far apart 4.030360828967057
12-11 19:54:27.946  3069  3069 W PathParser: Points are too far apart 4.030360538880159
12-11 19:54:27.949  3069  3069 W PathParser: Points are too far apart 4.030360828967057
12-11 19:54:27.949  3069  3069 W PathParser: Points are too far apart 4.030360538880159
12-11 19:54:28.024  3069  3069 D PhoneStatusBar: disable: < expand icons* alerts system_info* back home recent clock search quick_settings >
12-11 19:54:28.043   883  3090 I ActivityManager: START u0 {act=android.intent.action.MAIN cat=[android.intent.category.LAUNCHER] flg=0x10200000 cmp=com.example.snoopy/.CameraInputFrames} from uid 2000 on display 0
12-11 19:54:28.325  3069  3069 D PhoneStatusBar: disable: < expand ICONS* alerts SYSTEM_INFO* back home recent clock search quick_settings >
12-11 19:54:28.385  3069  3069 D PhoneStatusBar: disable: < expand icons* alerts system_info* back home recent clock search quick_settings >
12-11 19:54:29.197   883  3504 I ActivityManager: START u0 {act=android.intent.action.MAIN cat=[android.intent.category.LAUNCHER] flg=0x10200000 cmp=com.example.snoopy/.CameraInputFrames} from uid 2000 on display 0
12-11 19:54:29.372 13537 13550 I art     : Starting a blocking GC Explicit
12-11 19:54:29.392 13537 13550 I art     : Explicit concurrent mark sweep GC freed 17753(1636KB) AllocSpace objects, 13(260KB) LOS objects, 40% free, 11MB/19MB, paused 201us total 19.520ms
12-11 19:54:29.403 13537 13550 I art     : Starting a blocking GC Explicit
12-11 19:54:29.412 13537 13550 I art     : Explicit concurrent mark sweep GC freed 710(41KB) AllocSpace objects, 0(0B) LOS objects, 40% free, 11MB/19MB, paused 108us total 8.666ms
12-11 19:54:29.418 13537 13550 I art     : Starting a blocking GC Explicit
12-11 19:54:29.423   883   893 I ActivityManager: START u0 {act=android.intent.action.MAIN cat=[android.intent.category.LAUNCHER] flg=0x10200000 cmp=com.example.snoopy/.MainActivity} from uid 2000 on display 0
12-11 19:54:29.426 13537 13550 I art     : Explicit concurrent mark sweep GC freed 27(832B) AllocSpace objects, 0(0B) LOS objects, 39% free, 11MB/19MB, paused 109us total 8.467ms
12-11 19:54:29.432 13537 13550 I art     : Starting a blocking GC Explicit
12-11 19:54:29.440 13537 13550 I art     : Explicit concurrent mark sweep GC freed 3(96B) AllocSpace objects, 0(0B) LOS objects, 39% free, 11MB/19MB, paused 108us total 8.386ms
12-11 19:54:29.446 13537 13550 I art     : Starting a blocking GC Explicit
12-11 19:54:29.454 13537 13550 I art     : Explicit concurrent mark sweep GC freed 3(96B) AllocSpace objects, 0(0B) LOS objects, 39% free, 11MB/19MB, paused 102us total 8.237ms
12-11 19:54:30.095 10959 11199 I Icing   : IndexChimeraService.getServiceInterface callingPackage=com.google.android.music componentName=null serviceId=36
12-11 19:54:30.112 10959 11158 I Icing   : updateResources: need to parse unr{com.google.android.music}
12-11 19:54:30.500 10959 11199 I Icing   : IndexChimeraService.getServiceInterface callingPackage=com.google.android.googlequicksearchbox componentName=null serviceId=33
12-11 19:54:30.504 10959 11257 I Icing   : IndexChimeraService.getServiceInterface callingPackage=com.google.android.googlequicksearchbox componentName=null serviceId=32
12-11 19:54:30.526 10959 11158 I Icing   : Usage reports ok 0, Failed Usage reports 0, indexed 0, rejected 0, imm upload false
12-11 19:54:30.544 10959 11158 I Icing   : Indexing 9EA0EA2700B1E8D83FD1073C16CA5F5A894C3296 from com.google.android.music
12-11 19:54:30.548 10959 11199 I Icing   : IndexChimeraService.getServiceInterface callingPackage=com.google.android.music componentName=null serviceId=36
12-11 19:54:30.600 10959 11199 I Icing   : IndexChimeraService.getServiceInterface callingPackage=com.google.android.music componentName=null serviceId=36
12-11 19:54:30.614   883   894 I ActivityManager: START u0 {act=android.intent.action.MAIN cat=[android.intent.category.LAUNCHER] flg=0x10200000 cmp=com.example.snoopy/.MainActivity} from uid 2000 on display 0
12-11 19:54:30.617 10959 11158 I Icing   : Indexing done 9EA0EA2700B1E8D83FD1073C16CA5F5A894C3296
12-11 19:54:30.618 10959 11158 I Icing   : Indexing 981C7C1BBC9833BFD7D069B3F19045E926E55E30 from com.google.android.music
12-11 19:54:30.622 10959 11257 I Icing   : IndexChimeraService.getServiceInterface callingPackage=com.google.android.music componentName=null serviceId=36
12-11 19:54:30.664 10959 11257 I Icing   : IndexChimeraService.getServiceInterface callingPackage=com.google.android.music componentName=null serviceId=36
12-11 19:54:30.667 10959 11158 I Icing   : Indexing done 981C7C1BBC9833BFD7D069B3F19045E926E55E30
12-11 19:54:30.668 10959 11158 I Icing   : Indexing 34EFC62B6AE901BAA46423F2ADB140774C0CEF8F from com.google.android.music
12-11 19:54:30.707 10959 11257 I Icing   : IndexChimeraService.getServiceInterface callingPackage=com.google.android.music componentName=null serviceId=36
12-11 19:54:30.715 10959 11158 I Icing   : Indexing done 34EFC62B6AE901BAA46423F2ADB140774C0CEF8F
12-11 19:54:30.716 10959 11158 I Icing   : Indexing 6357B52F1C427A91B7F26FF33A13B43B08F72B36 from com.google.android.music
12-11 19:54:30.755 10959 11257 I Icing   : IndexChimeraService.getServiceInterface callingPackage=com.google.android.music componentName=null serviceId=36
12-11 19:54:30.757 10959 11158 I Icing   : Indexing done 6357B52F1C427A91B7F26FF33A13B43B08F72B36
12-11 19:54:30.758 10959 11158 I Icing   : Indexing E4FF32D7F46AF2B8DDB93FB89D352A04A9E95E83 from com.google.android.music
12-11 19:54:30.803 10959 11158 I Icing   : Indexing done E4FF32D7F46AF2B8DDB93FB89D352A04A9E95E83
12-11 19:54:30.804 10959 11158 I Icing   : Indexing DBA519A9E834C64EECC63F9C13BFAFBF93B28CB2 from com.google.android.music
12-11 19:54:30.835 10959 11158 I Icing   : Indexing done DBA519A9E834C64EECC63F9C13BFAFBF93B28CB2
12-11 19:54:30.836 10959 11158 I Icing   : Indexing 1E25DDE9CC22A071AC2CA37A78EA647F8A50B2B1 from com.google.android.music
12-11 19:54:30.873 10959 11158 I Icing   : Indexing done 1E25DDE9CC22A071AC2CA37A78EA647F8A50B2B1
12-11 19:54:30.881 10959 11158 I Icing   : Usage reports ok 0, Failed Usage reports 0, indexed 0, rejected 0, imm upload true
12-11 19:54:30.887 10959 11158 I Icing   : Usage reports ok 0, Failed Usage reports 0, indexed 0, rejected 0, imm upload true
12-11 19:54:30.894 10959 11158 I Icing   : Usage reports ok 0, Failed Usage reports 0, indexed 0, rejected 0, imm upload false
12-11 19:54:30.899 10959 11158 I Icing   : Usage reports ok 0, Failed Usage reports 0, indexed 0, rejected 0, imm upload false
12-11 19:54:30.905 10959 11158 I Icing   : Usage reports ok 0, Failed Usage reports 0, indexed 0, rejected 0, imm upload false
12-11 19:54:30.910 10959 11158 I Icing   : Usage reports ok 0, Failed Usage reports 0, indexed 0, rejected 0, imm upload false
12-11 19:54:30.920 10959 11158 I Icing   : Usage reports ok 0, Failed Usage reports 0, indexed 0, rejected 0, imm upload false
12-11 19:54:30.926 10959 11158 I Icing   : Usage reports ok 0, Failed Usage reports 0, indexed 0, rejected 0, imm upload false
12-11 19:54:31.035   883  2956 D WifiStateMachine: starting scan for "9902869299"WPA_PSK with 2412
12-11 19:54:31.171   883  7545 I ActivityManager: START u0 {act=android.intent.action.MAIN cat=[android.intent.category.LAUNCHER] flg=0x10200000 cmp=com.example.snoopy/.MainActivity} from uid 2000 on display 0
12-11 19:54:31.754 13537 13550 I art     : Starting a blocking GC Explicit
12-11 19:54:31.763 13537 13550 I art     : Explicit concurrent mark sweep GC freed 1265(74KB) AllocSpace objects, 1(20KB) LOS objects, 39% free, 11MB/19MB, paused 124us total 9.391ms
12-11 19:54:31.770 13537 13550 I art     : Starting a blocking GC Explicit
12-11 19:54:31.779 13537 13550 I art     : Explicit concurrent mark sweep GC freed 22(784B) AllocSpace objects, 0(0B) LOS objects, 40% free, 11MB/19MB, paused 116us total 9.137ms
12-11 19:54:31.784 13537 13550 I art     : Starting a blocking GC Explicit
12-11 19:54:31.793 13537 13550 I art     : Explicit concurrent mark sweep GC freed 3(96B) AllocSpace objects, 0(0B) LOS objects, 40% free, 11MB/19MB, paused 107us total 8.311ms
12-11 19:54:31.798 13537 13550 I art     : Starting a blocking GC Explicit
12-11 19:54:31.807 13537 13550 I art     : Explicit concurrent mark sweep GC freed 3(96B) AllocSpace objects, 0(0B) LOS objects, 40% free, 11MB/19MB, paused 105us total 9.016ms
12-11 19:54:31.813 13537 13550 I art     : Starting a blocking GC Explicit
12-11 19:54:31.821 13537 13550 I art     : Explicit concurrent mark sweep GC freed 3(96B) AllocSpace objects, 0(0B) LOS objects, 40% free, 11MB/19MB, paused 109us total 8.248ms
12-11 19:54:31.971  3069 13629 E libEGL  : error creating cache file /data/user/0/com.android.systemui/code_cache/com.android.opengl.shaders_cache: No such file or directory (2)
12-11 19:54:32.251   883  3395 I ActivityManager: START u0 {act=android.intent.action.MAIN cat=[android.intent.category.LAUNCHER] flg=0x10200000 cmp=com.example.snoopy/.MainActivity} from uid 2000 on display 0
12-11 19:54:32.404   883 11508 D NetlinkSocketObserver: NeighborEvent{elapsedMs=1579300, 192.168.1.1, [74DA3889FDB8], RTM_NEWNEIGH, NUD_REACHABLE}
12-11 19:54:32.924   883   893 I ActivityManager: START u0 {act=android.intent.action.MAIN cat=[android.intent.category.LAUNCHER] flg=0x10200000 cmp=com.example.snoopy/.CameraInputFrames} from uid 2000 on display 0
12-11 19:54:33.583   883   893 I ActivityManager: START u0 {act=android.intent.action.MAIN cat=[android.intent.category.LAUNCHER] flg=0x10200000 cmp=com.example.snoopy/.MainActivity} from uid 2000 on display 0
12-11 19:54:33.974   883  3549 I ActivityManager: START u0 {act=android.intent.action.MAIN cat=[android.intent.category.LAUNCHER] flg=0x10200000 cmp=com.example.snoopy/.MainActivity} from uid 2000 on display 0
12-11 19:54:33.988 13537 13556 I art     : Starting a blocking GC Explicit
12-11 19:54:33.998 13537 13556 I art     : Explicit concurrent mark sweep GC freed 1282(75KB) AllocSpace objects, 1(20KB) LOS objects, 39% free, 11MB/19MB, paused 123us total 9.588ms
12-11 19:54:34.004 13537 13556 I art     : Starting a blocking GC Explicit
12-11 19:54:34.012 13537 13556 I art     : Explicit concurrent mark sweep GC freed 18(624B) AllocSpace objects, 0(0B) LOS objects, 40% free, 11MB/19MB, paused 106us total 8.135ms
12-11 19:54:34.018 13537 13556 I art     : Starting a blocking GC Explicit
12-11 19:54:34.027 13537 13556 I art     : Explicit concurrent mark sweep GC freed 3(96B) AllocSpace objects, 0(0B) LOS objects, 40% free, 11MB/19MB, paused 108us total 8.561ms
12-11 19:54:34.032 13537 13556 I art     : Starting a blocking GC Explicit
12-11 19:54:34.041 13537 13556 I art     : Explicit concurrent mark sweep GC freed 3(96B) AllocSpace objects, 0(0B) LOS objects, 40% free, 11MB/19MB, paused 110us total 8.404ms
12-11 19:54:34.046 13537 13556 I art     : Starting a blocking GC Explicit
12-11 19:54:34.055 13537 13556 I art     : Explicit concurrent mark sweep GC freed 3(96B) AllocSpace objects, 0(0B) LOS objects, 40% free, 11MB/19MB, paused 107us total 8.411ms
12-11 19:54:34.135   883  3520 I ActivityManager: START u0 {act=android.intent.action.MAIN cat=[android.intent.category.LAUNCHER] flg=0x10200000 cmp=com.example.snoopy/.CameraInputFrames} from uid 2000 on display 0
12-11 19:54:34.583   883  3415 I ActivityManager: START u0 {act=android.intent.action.MAIN cat=[android.intent.category.LAUNCHER] flg=0x10200000 cmp=com.example.snoopy/.CameraInputFrames} from uid 2000 on display 0
12-11 19:54:35.226  3069  3069 D PhoneStatusBar: disable: < expand ICONS* alerts SYSTEM_INFO* back home recent clock search quick_settings >
12-11 19:54:35.299  3069  3069 D PhoneStatusBar: disable: < expand icons* alerts system_info* back home recent clock search quick_settings >
12-11 19:54:35.581   883  8493 I ActivityManager: START u0 {act=android.intent.action.MAIN cat=[android.intent.category.LAUNCHER] flg=0x10200000 cmp=com.example.snoopy/.CameraInputFrames} from uid 2000 on display 0
12-11 19:54:35.932   883  7545 I ActivityManager: START u0 {act=android.intent.action.MAIN cat=[android.intent.category.LAUNCHER] flg=0x10200000 cmp=com.example.snoopy/.CameraInputFrames} from uid 2000 on display 0
12-11 19:54:36.018 13537 13550 I art     : Starting a blocking GC Explicit
12-11 19:54:36.028 13537 13550 I art     : Explicit concurrent mark sweep GC freed 1265(74KB) AllocSpace objects, 1(20KB) LOS objects, 39% free, 11MB/19MB, paused 122us total 9.782ms
12-11 19:54:36.034 13537 13550 I art     : Starting a blocking GC Explicit
12-11 19:54:36.043 13537 13550 I art     : Explicit concurrent mark sweep GC freed 18(624B) AllocSpace objects, 0(0B) LOS objects, 40% free, 11MB/19MB, paused 115us total 8.341ms
12-11 19:54:36.048 13537 13550 I art     : Starting a blocking GC Explicit
12-11 19:54:36.057 13537 13550 I art     : Explicit concurrent mark sweep GC freed 3(96B) AllocSpace objects, 0(0B) LOS objects, 40% free, 11MB/19MB, paused 116us total 8.732ms
12-11 19:54:36.062 13537 13550 I art     : Starting a blocking GC Explicit
12-11 19:54:36.064   883 11508 D NetlinkSocketObserver: NeighborEvent{elapsedMs=1582960, 192.168.1.1, [74DA3889FDB8], RTM_NEWNEIGH, NUD_STALE}
12-11 19:54:36.071 13537 13550 I art     : Explicit concurrent mark sweep GC freed 3(96B) AllocSpace objects, 0(0B) LOS objects, 40% free, 11MB/19MB, paused 106us total 8.129ms
12-11 19:54:36.076 13537 13550 I art     : Starting a blocking GC Explicit
12-11 19:54:36.084 13537 13550 I art     : Explicit concurrent mark sweep GC freed 3(96B) AllocSpace objects, 0(0B) LOS objects, 40% free, 11MB/19MB, paused 106us total 8.283ms
12-11 19:54:36.107  3069  3069 D PhoneStatusBar: disable: < expand ICONS* alerts SYSTEM_INFO* back home recent clock search quick_settings >
12-11 19:54:36.315   883  3549 W InputMethodManagerService: Window already focused, ignoring focus gain of: com.android.internal.view.IInputMethodClient$Stub$Proxy@f49149e attribute=null, token = android.os.BinderProxy@9ce78bb
12-11 19:54:36.330  3069  3069 D PhoneStatusBar: disable: < expand icons* alerts system_info* back home recent clock search quick_settings >
12-11 19:54:36.733  3069  3069 D PhoneStatusBar: disable: < expand ICONS* alerts SYSTEM_INFO* back home recent clock search quick_settings >
12-11 19:54:36.797  3069  3069 D PhoneStatusBar: disable: < expand icons* alerts system_info* back home recent clock search quick_settings >
12-11 19:54:36.808  3069  3069 D PhoneStatusBar: disable: < expand ICONS* alerts SYSTEM_INFO* back home recent clock search quick_settings >
12-11 19:54:36.825  3069  3069 D PhoneStatusBar: disable: < expand icons* alerts system_info* back home recent clock search quick_settings >
12-11 19:54:36.829  3069  3069 D PhoneStatusBar: disable: < expand ICONS* alerts SYSTEM_INFO* back home recent clock search quick_settings >
12-11 19:54:36.852  3069  3069 D PhoneStatusBar: disable: < expand icons* alerts system_info* back home recent clock search quick_settings >
12-11 19:54:36.854  3069  3069 D PhoneStatusBar: disable: < expand ICONS* alerts SYSTEM_INFO* back home recent clock search quick_settings >
12-11 19:54:36.872  3069  3069 D PhoneStatusBar: disable: < expand icons* alerts system_info* back home recent clock search quick_settings >
12-11 19:54:36.893   489  2937 D audio_hw_primary: out_set_parameters: enter: usecase(1: low-latency-playback) kvpairs: routing=2
12-11 19:54:36.895   883  3504 W InputMethodManagerService: Window already focused, ignoring focus gain of: com.android.internal.view.IInputMethodClient$Stub$Proxy@69a1b7f attribute=null, token = android.os.BinderProxy@9ce78bb
12-11 19:54:36.906   489  2937 D audio_hw_primary: select_devices: out_snd_device(2: speaker) in_snd_device(0: none)
12-11 19:54:36.907   489  2937 D msm8974_platform: platform_send_audio_calibration: sending audio calibration for snd_device(2) acdb_id(101)
12-11 19:54:36.907   489  2937 I soundtrigger: audio_extn_sound_trigger_update_device_status: device 0x2 of type 0 for Event 1
12-11 19:54:36.912   489  2937 D msm8974_platform: platform_send_audio_calibration: sending audio calibration for snd_device(69) acdb_id(102)
12-11 19:54:36.912   489  2937 D audio_hw_primary: enable_snd_device: snd_device(69: vi-feedback)
12-11 19:54:36.912   489  2937 D audio_hw_primary: enable_audio_route: apply and update mixer path: spkr-vi-record
12-11 19:54:36.939   489  2937 D msm8974_platform: platform_send_audio_calibration: sending audio calibration for snd_device(27) acdb_id(4)
12-11 19:54:36.939   489  2937 I ACDB-LOADER: ACDB AFE returned = -19
12-11 19:54:36.939   489  2937 D audio_hw_primary: enable_audio_route: apply and update mixer path: low-latency-playback
12-11 19:54:37.454   489  2937 D audio_hw_primary: disable_audio_route: reset and update mixer path: low-latency-playback
12-11 19:54:37.455   489  2937 D audio_hw_primary: disable_snd_device: snd_device(2: speaker)
12-11 19:54:37.468   489  2937 D audio_hw_primary: disable_snd_device: snd_device(69: vi-feedback)
12-11 19:54:37.468   489  2937 D audio_hw_primary: disable_audio_route: reset and update mixer path: spkr-vi-record
12-11 19:54:37.471   489  2937 I soundtrigger: audio_extn_sound_trigger_update_device_status: device 0x2 of type 0 for Event 0
12-11 19:54:37.754  3069  3069 D PhoneStatusBar: disable: < expand ICONS* alerts SYSTEM_INFO* back home recent clock search quick_settings >
12-11 19:54:37.805  3069  3069 D PhoneStatusBar: disable: < expand icons* alerts system_info* back home recent clock search quick_settings >
12-11 19:54:38.148   883  3395 I ActivityManager: START u0 {act=android.intent.action.MAIN cat=[android.intent.category.LAUNCHER] flg=0x10200000 cmp=com.example.snoopy/.MainActivity} from uid 2000 on display 0
12-11 19:54:38.316 13537 13556 I art     : Starting a blocking GC Explicit
12-11 19:54:38.328 13537 13556 I art     : Explicit concurrent mark sweep GC freed 1802(132KB) AllocSpace objects, 3(60KB) LOS objects, 40% free, 11MB/19MB, paused 127us total 11.611ms
12-11 19:54:38.334 13537 13556 I art     : Starting a blocking GC Explicit
12-11 19:54:38.344 13537 13556 I art     : Explicit concurrent mark sweep GC freed 263(15KB) AllocSpace objects, 0(0B) LOS objects, 40% free, 11MB/19MB, paused 240us total 9.928ms
12-11 19:54:38.350 13537 13556 I art     : Starting a blocking GC Explicit
12-11 19:54:38.359 13537 13556 I art     : Explicit concurrent mark sweep GC freed 3(96B) AllocSpace objects, 0(0B) LOS objects, 40% free, 11MB/19MB, paused 103us total 8.779ms
12-11 19:54:38.364 13537 13556 I art     : Starting a blocking GC Explicit
12-11 19:54:38.372 13537 13556 I art     : Explicit concurrent mark sweep GC freed 3(96B) AllocSpace objects, 0(0B) LOS objects, 40% free, 11MB/19MB, paused 107us total 8.134ms
12-11 19:54:38.378 13537 13556 I art     : Starting a blocking GC Explicit
12-11 19:54:38.386 13537 13556 I art     : Explicit concurrent mark sweep GC freed 3(96B) AllocSpace objects, 0(0B) LOS objects, 40% free, 11MB/19MB, paused 107us total 8.237ms
12-11 19:54:39.272   883  3090 I ActivityManager: START u0 {act=android.intent.action.MAIN cat=[android.intent.category.LAUNCHER] flg=0x10200000 cmp=com.example.snoopy/.MainActivity} from uid 2000 on display 0
12-11 19:54:39.382   883  3090 I ActivityManager: START u0 {act=android.intent.action.MAIN cat=[android.intent.category.LAUNCHER] flg=0x10200000 cmp=com.example.snoopy/.MainActivity} from uid 2000 on display 0
12-11 19:54:39.608  3069  3069 D PhoneStatusBar: disable: < expand ICONS* alerts SYSTEM_INFO* back home recent clock search quick_settings >
12-11 19:54:39.679  3069  3069 D PhoneStatusBar: disable: < expand icons* alerts system_info* back home recent clock search quick_settings >
12-11 19:54:39.771  3069  3069 D PhoneStatusBar: disable: < expand ICONS* alerts SYSTEM_INFO* back home recent clock search quick_settings >
12-11 19:54:39.807  3069  3069 D PhoneStatusBar: disable: < expand icons* alerts system_info* back home recent clock search quick_settings >
12-11 19:54:39.819   371   371 E SurfaceFlinger: rejecting buffer: bufWidth=1080, bufHeight=1920, front.active.{w=1080, h=63}
12-11 19:54:39.940   883  3395 I ActivityManager: START u0 {act=android.intent.action.MAIN cat=[android.intent.category.LAUNCHER] flg=0x10200000 cmp=com.example.snoopy/.CameraInputFrames} from uid 2000 on display 0
12-11 19:54:40.219  3069 14195 E libEGL  : error creating cache file /data/user/0/com.android.systemui/code_cache/com.android.opengl.shaders_cache: No such file or directory (2)
12-11 19:54:40.428 13537 13550 I art     : Starting a blocking GC Explicit
12-11 19:54:40.438 13537 13550 I art     : Explicit concurrent mark sweep GC freed 1266(74KB) AllocSpace objects, 1(20KB) LOS objects, 40% free, 11MB/19MB, paused 128us total 9.953ms
12-11 19:54:40.445 13537 13550 I art     : Starting a blocking GC Explicit
12-11 19:54:40.454 13537 13550 I art     : Explicit concurrent mark sweep GC freed 18(624B) AllocSpace objects, 0(0B) LOS objects, 40% free, 11MB/19MB, paused 151us total 8.216ms
12-11 19:54:40.459 13537 13550 I art     : Starting a blocking GC Explicit
12-11 19:54:40.467 13537 13550 I art     : Explicit concurrent mark sweep GC freed 3(96B) AllocSpace objects, 0(0B) LOS objects, 40% free, 11MB/19MB, paused 107us total 8.172ms
12-11 19:54:40.472 13537 13550 I art     : Starting a blocking GC Explicit
12-11 19:54:40.481 13537 13550 I art     : Explicit concurrent mark sweep GC freed 3(96B) AllocSpace objects, 0(0B) LOS objects, 40% free, 11MB/19MB, paused 105us total 8.262ms
12-11 19:54:40.486 13537 13550 I art     : Starting a blocking GC Explicit
12-11 19:54:40.494 13537 13550 I art     : Explicit concurrent mark sweep GC freed 3(96B) AllocSpace objects, 0(0B) LOS objects, 40% free, 11MB/19MB, paused 105us total 8.164ms
12-11 19:54:40.829   883  3520 I ActivityManager: START u0 {act=android.intent.action.MAIN cat=[android.intent.category.LAUNCHER] flg=0x10200000 cmp=com.example.snoopy/.CameraInputFrames} from uid 2000 on display 0
12-11 19:54:40.884   883  3504 I ActivityManager: START u0 {act=android.intent.action.MAIN cat=[android.intent.category.LAUNCHER] flg=0x10200000 cmp=com.example.snoopy/.MainActivity} from uid 2000 on display 0
12-11 19:54:42.536   883   894 I ActivityManager: START u0 {act=android.intent.action.MAIN cat=[android.intent.category.LAUNCHER] flg=0x10200000 cmp=com.example.snoopy/.CameraInputFrames} from uid 2000 on display 0
12-11 19:54:42.558 13537 13556 I art     : Starting a blocking GC Explicit
12-11 19:54:42.568 13537 13556 I art     : Explicit concurrent mark sweep GC freed 1281(75KB) AllocSpace objects, 1(20KB) LOS objects, 40% free, 11MB/19MB, paused 124us total 9.889ms
12-11 19:54:42.574 13537 13556 I art     : Starting a blocking GC Explicit
12-11 19:54:42.583 13537 13556 I art     : Explicit concurrent mark sweep GC freed 18(624B) AllocSpace objects, 0(0B) LOS objects, 40% free, 11MB/19MB, paused 106us total 8.535ms
12-11 19:54:42.589 13537 13556 I art     : Starting a blocking GC Explicit
12-11 19:54:42.597 13537 13556 I art     : Explicit concurrent mark sweep GC freed 3(96B) AllocSpace objects, 0(0B) LOS objects, 40% free, 11MB/19MB, paused 106us total 8.372ms
12-11 19:54:42.602 13537 13556 I art     : Starting a blocking GC Explicit
12-11 19:54:42.611 13537 13556 I art     : Explicit concurrent mark sweep GC freed 3(96B) AllocSpace objects, 0(0B) LOS objects, 40% free, 11MB/19MB, paused 110us total 8.597ms
12-11 19:54:42.617 13537 13556 I art     : Starting a blocking GC Explicit
12-11 19:54:42.626 13537 13556 I art     : Explicit concurrent mark sweep GC freed 3(96B) AllocSpace objects, 0(0B) LOS objects, 40% free, 11MB/19MB, paused 101us total 8.788ms
12-11 19:54:43.095  3069  3069 D PhoneStatusBar: disable: < expand ICONS* alerts SYSTEM_INFO* back home recent clock search quick_settings >
12-11 19:54:43.162  3069  3069 D PhoneStatusBar: disable: < expand icons* alerts system_info* back home recent clock search quick_settings >
12-11 19:54:43.672   883  7545 I ActivityManager: START u0 {act=android.intent.action.MAIN cat=[android.intent.category.LAUNCHER] flg=0x10200000 cmp=com.example.snoopy/.CameraInputFrames} from uid 2000 on display 0
12-11 19:54:44.669   883  3370 I ActivityManager: START u0 {act=android.intent.action.MAIN cat=[android.intent.category.LAUNCHER] flg=0x10200000 cmp=com.example.snoopy/.CameraInputFrames} from uid 2000 on display 0
12-11 19:54:44.708 13537 13550 I art     : Starting a blocking GC Explicit
12-11 19:54:44.718 13537 13550 I art     : Explicit concurrent mark sweep GC freed 1265(74KB) AllocSpace objects, 1(20KB) LOS objects, 40% free, 11MB/19MB, paused 125us total 9.981ms
12-11 19:54:44.724 13537 13550 I art     : Starting a blocking GC Explicit
12-11 19:54:44.734 13537 13550 I art     : Explicit concurrent mark sweep GC freed 18(624B) AllocSpace objects, 0(0B) LOS objects, 40% free, 11MB/19MB, paused 155us total 8.984ms
12-11 19:54:44.739 13537 13550 I art     : Starting a blocking GC Explicit
12-11 19:54:44.748 13537 13550 I art     : Explicit concurrent mark sweep GC freed 3(96B) AllocSpace objects, 0(0B) LOS objects, 40% free, 11MB/19MB, paused 104us total 8.572ms
12-11 19:54:44.753 13537 13550 I art     : Starting a blocking GC Explicit
12-11 19:54:44.762 13537 13550 I art     : Explicit concurrent mark sweep GC freed 3(96B) AllocSpace objects, 0(0B) LOS objects, 40% free, 11MB/19MB, paused 106us total 8.490ms
12-11 19:54:44.767 13537 13550 I art     : Starting a blocking GC Explicit
12-11 19:54:44.776 13537 13550 I art     : Explicit concurrent mark sweep GC freed 3(96B) AllocSpace objects, 0(0B) LOS objects, 40% free, 11MB/19MB, paused 104us total 8.775ms
12-11 19:54:44.954   883  8489 I ActivityManager: START u0 {act=android.intent.action.MAIN cat=[android.intent.category.LAUNCHER] flg=0x10200000 cmp=com.example.snoopy/.MainActivity} from uid 2000 on display 0
12-11 19:54:45.071   883  3520 I ActivityManager: START u0 {act=android.intent.action.MAIN cat=[android.intent.category.LAUNCHER] flg=0x10200000 cmp=com.example.snoopy/.MainActivity} from uid 2000 on display 0
12-11 19:54:45.237   883  3520 I ActivityManager: START u0 {act=android.intent.action.MAIN cat=[android.intent.category.LAUNCHER] flg=0x10200000 cmp=com.example.snoopy/.CameraInputFrames} from uid 2000 on display 0
12-11 19:54:45.418  3069  3069 D PhoneStatusBar: disable: < expand ICONS* alerts SYSTEM_INFO* back home recent clock search quick_settings >
12-11 19:54:45.490  3069  3069 D PhoneStatusBar: disable: < expand icons* alerts system_info* back home recent clock search quick_settings >
12-11 19:54:45.493  3069  3069 D PhoneStatusBar: disable: < expand ICONS* alerts SYSTEM_INFO* back home recent clock search quick_settings >
12-11 19:54:45.515  3069  3069 D PhoneStatusBar: disable: < expand icons* alerts system_info* back home recent clock search quick_settings >
12-11 19:54:46.062   883  3556 I ActivityManager: START u0 {act=android.intent.action.MAIN cat=[android.intent.category.LAUNCHER] flg=0x10200000 cmp=com.example.snoopy/.CameraInputFrames} from uid 2000 on display 0
12-11 19:54:46.742  3069  3069 D PhoneStatusBar: disable: < expand ICONS* alerts SYSTEM_INFO* back home recent clock search quick_settings >
12-11 19:54:46.778 13537 13556 I art     : Starting a blocking GC Explicit
12-11 19:54:46.788 13537 13556 I art     : Explicit concurrent mark sweep GC freed 1265(74KB) AllocSpace objects, 1(20KB) LOS objects, 40% free, 11MB/19MB, paused 125us total 10.338ms
12-11 19:54:46.795 13537 13556 I art     : Starting a blocking GC Explicit
12-11 19:54:46.803 13537 13556 I art     : Explicit concurrent mark sweep GC freed 18(624B) AllocSpace objects, 0(0B) LOS objects, 40% free, 11MB/19MB, paused 107us total 8.503ms
12-11 19:54:46.807  3069  3069 D PhoneStatusBar: disable: < expand icons* alerts system_info* back home recent clock search quick_settings >
12-11 19:54:46.809 13537 13556 I art     : Starting a blocking GC Explicit
12-11 19:54:46.818 13537 13556 I art     : Explicit concurrent mark sweep GC freed 3(96B) AllocSpace objects, 0(0B) LOS objects, 40% free, 11MB/19MB, paused 105us total 8.730ms
12-11 19:54:46.823 13537 13556 I art     : Starting a blocking GC Explicit
12-11 19:54:46.832 13537 13556 I art     : Explicit concurrent mark sweep GC freed 3(96B) AllocSpace objects, 0(0B) LOS objects, 40% free, 11MB/19MB, paused 106us total 8.859ms
12-11 19:54:46.838 13537 13556 I art     : Starting a blocking GC Explicit
12-11 19:54:46.847 13537 13556 I art     : Explicit concurrent mark sweep GC freed 3(96B) AllocSpace objects, 0(0B) LOS objects, 40% free, 11MB/19MB, paused 104us total 8.634ms
12-11 19:54:47.015   883   894 I ActivityManager: START u0 {act=android.intent.action.MAIN cat=[android.intent.category.LAUNCHER] flg=0x10200000 cmp=com.example.snoopy/.MainActivity} from uid 2000 on display 0
12-11 19:54:47.176   883  3504 I ActivityManager: START u0 {act=android.intent.action.MAIN cat=[android.intent.category.LAUNCHER] flg=0x10200000 cmp=com.example.snoopy/.MainActivity} from uid 2000 on display 0
12-11 19:54:47.740   883  3395 I ActivityManager: START u0 {act=android.intent.action.MAIN cat=[android.intent.category.LAUNCHER] flg=0x10200000 cmp=com.example.snoopy/.CameraInputFrames} from uid 2000 on display 0
12-11 19:54:47.801  3069  3069 D PhoneStatusBar: disable: < expand ICONS* alerts SYSTEM_INFO* back home recent clock search quick_settings >
12-11 19:54:47.856   883   894 I ActivityManager: START u0 {act=android.intent.action.MAIN cat=[android.intent.category.LAUNCHER] flg=0x10200000 cmp=com.example.snoopy/.MainActivity} from uid 2000 on display 0
12-11 19:54:47.861  3069  3069 D PhoneStatusBar: disable: < expand icons* alerts system_info* back home recent clock search quick_settings >
12-11 19:54:47.865  3069  3069 D PhoneStatusBar: disable: < expand ICONS* alerts SYSTEM_INFO* back home recent clock search quick_settings >
12-11 19:54:47.884  3069  3069 D PhoneStatusBar: disable: < expand icons* alerts system_info* back home recent clock search quick_settings >
12-11 19:54:47.886  3069  3069 D PhoneStatusBar: disable: < expand ICONS* alerts SYSTEM_INFO* back home recent clock search quick_settings >
12-11 19:54:47.903  3069  3069 D PhoneStatusBar: disable: < expand icons* alerts system_info* back home recent clock search quick_settings >
12-11 19:54:47.907  3069  3069 D PhoneStatusBar: disable: < expand ICONS* alerts SYSTEM_INFO* back home recent clock search quick_settings >
12-11 19:54:47.925  3069  3069 D PhoneStatusBar: disable: < expand icons* alerts system_info* back home recent clock search quick_settings >
12-11 19:54:47.927  3069  3069 D PhoneStatusBar: disable: < expand ICONS* alerts SYSTEM_INFO* back home recent clock search quick_settings >
12-11 19:54:47.948  3069  3069 D PhoneStatusBar: disable: < expand icons* alerts system_info* back home recent clock search quick_settings >
12-11 19:54:47.950  3069  3069 D PhoneStatusBar: disable: < expand ICONS* alerts SYSTEM_INFO* back home recent clock search quick_settings >
12-11 19:54:47.969  3069  3069 D PhoneStatusBar: disable: < expand icons* alerts system_info* back home recent clock search quick_settings >
12-11 19:54:47.973  3069  3069 D PhoneStatusBar: disable: < expand ICONS* alerts SYSTEM_INFO* back home recent clock search quick_settings >
12-11 19:54:47.977   883  3520 W InputMethodManagerService: Window already focused, ignoring focus gain of: com.android.internal.view.IInputMethodClient$Stub$Proxy@13ef09b attribute=null, token = android.os.BinderProxy@9ce78bb
12-11 19:54:47.989  3069  3069 D PhoneStatusBar: disable: < expand icons* alerts system_info* back home recent clock search quick_settings >
12-11 19:54:48.741   883   893 I ActivityManager: START u0 {act=android.intent.action.MAIN cat=[android.intent.category.LAUNCHER] flg=0x10200000 cmp=com.example.snoopy/.CameraInputFrames} from uid 2000 on display 0
12-11 19:54:48.878 13537 13550 I art     : Starting a blocking GC Explicit
12-11 19:54:48.888 13537 13550 I art     : Explicit concurrent mark sweep GC freed 1265(74KB) AllocSpace objects, 1(20KB) LOS objects, 40% free, 11MB/19MB, paused 126us total 9.914ms
12-11 19:54:48.894 13537 13550 I art     : Starting a blocking GC Explicit
12-11 19:54:48.903 13537 13550 I art     : Explicit concurrent mark sweep GC freed 18(624B) AllocSpace objects, 0(0B) LOS objects, 40% free, 11MB/19MB, paused 109us total 8.712ms
12-11 19:54:48.909 13537 13550 I art     : Starting a blocking GC Explicit
12-11 19:54:48.918 13537 13550 I art     : Explicit concurrent mark sweep GC freed 3(96B) AllocSpace objects, 0(0B) LOS objects, 40% free, 11MB/19MB, paused 108us total 8.476ms
12-11 19:54:48.923 13537 13550 I art     : Starting a blocking GC Explicit
12-11 19:54:48.932 13537 13550 I art     : Explicit concurrent mark sweep GC freed 3(96B) AllocSpace objects, 0(0B) LOS objects, 40% free, 11MB/19MB, paused 110us total 8.237ms
12-11 19:54:48.937 13537 13550 I art     : Starting a blocking GC Explicit
12-11 19:54:48.946 13537 13550 I art     : Explicit concurrent mark sweep GC freed 3(96B) AllocSpace objects, 0(0B) LOS objects, 40% free, 11MB/19MB, paused 109us total 8.904ms
12-11 19:54:49.871  3069  3069 D PhoneStatusBar: disable: < expand ICONS* alerts SYSTEM_INFO* back home recent clock search quick_settings >
12-11 19:54:50.260   883  3370 I ActivityManager: START u0 {act=android.intent.action.MAIN cat=[android.intent.category.LAUNCHER] flg=0x10200000 cmp=com.example.snoopy/.CameraInputFrames} from uid 2000 on display 0
12-11 19:54:50.460  3069  3069 D StatusBar: Clicked on content of 0|com.amazon.aatp.aatpdevicemanager|1096041560|null|13216
12-11 19:54:50.461   489  2937 D audio_hw_primary: out_set_parameters: enter: usecase(1: low-latency-playback) kvpairs: routing=2
12-11 19:54:50.464   883  3395 I ActivityManager: START u0 {} from uid 13216 on display 0
12-11 19:54:50.474   489  2937 D audio_hw_primary: select_devices: out_snd_device(2: speaker) in_snd_device(0: none)
12-11 19:54:50.474   489  2937 D msm8974_platform: platform_send_audio_calibration: sending audio calibration for snd_device(2) acdb_id(101)
12-11 19:54:50.474   489  2937 I soundtrigger: audio_extn_sound_trigger_update_device_status: device 0x2 of type 0 for Event 1
12-11 19:54:50.478   883  3504 W InputMethodManagerService: Window already focused, ignoring focus gain of: com.android.internal.view.IInputMethodClient$Stub$Proxy@7fddc38 attribute=null, token = android.os.BinderProxy@9ce78bb
12-11 19:54:50.481   489  2937 D msm8974_platform: platform_send_audio_calibration: sending audio calibration for snd_device(69) acdb_id(102)
12-11 19:54:50.481   489  2937 D audio_hw_primary: enable_snd_device: snd_device(69: vi-feedback)
12-11 19:54:50.482   489  2937 D audio_hw_primary: enable_audio_route: apply and update mixer path: spkr-vi-record
12-11 19:54:50.517   489  2937 D msm8974_platform: platform_send_audio_calibration: sending audio calibration for snd_device(27) acdb_id(4)
12-11 19:54:50.517   489  2937 I ACDB-LOADER: ACDB AFE returned = -19
12-11 19:54:50.517   489  2937 D audio_hw_primary: enable_audio_route: apply and update mixer path: low-latency-playback
12-11 19:54:50.703  3069  3069 D PhoneStatusBar: disable: < expand icons* alerts system_info* back home recent clock search quick_settings >
12-11 19:54:51.009 13537 13556 I art     : Starting a blocking GC Explicit
12-11 19:54:51.018 13537 13556 I art     : Explicit concurrent mark sweep GC freed 1265(74KB) AllocSpace objects, 1(20KB) LOS objects, 40% free, 11MB/19MB, paused 115us total 9.542ms
12-11 19:54:51.024 13537 13556 I art     : Starting a blocking GC Explicit
12-11 19:54:51.033 13537 13556 I art     : Explicit concurrent mark sweep GC freed 18(624B) AllocSpace objects, 0(0B) LOS objects, 40% free, 11MB/19MB, paused 116us total 8.321ms
12-11 19:54:51.038 13537 13556 I art     : Starting a blocking GC Explicit
12-11 19:54:51.040   489  2937 D audio_hw_primary: disable_audio_route: reset and update mixer path: low-latency-playback
12-11 19:54:51.041   489  2937 D audio_hw_primary: disable_snd_device: snd_device(2: speaker)
12-11 19:54:51.047 13537 13556 I art     : Explicit concurrent mark sweep GC freed 3(96B) AllocSpace objects, 0(0B) LOS objects, 40% free, 11MB/19MB, paused 117us total 8.387ms
12-11 19:54:51.052 13537 13556 I art     : Starting a blocking GC Explicit
12-11 19:54:51.055   489  2937 D audio_hw_primary: disable_snd_device: snd_device(69: vi-feedback)
12-11 19:54:51.055   489  2937 D audio_hw_primary: disable_audio_route: reset and update mixer path: spkr-vi-record
12-11 19:54:51.057   489  2937 I soundtrigger: audio_extn_sound_trigger_update_device_status: device 0x2 of type 0 for Event 0
12-11 19:54:51.061 13537 13556 I art     : Explicit concurrent mark sweep GC freed 3(96B) AllocSpace objects, 0(0B) LOS objects, 40% free, 11MB/19MB, paused 113us total 8.408ms
12-11 19:54:51.066 13537 13556 I art     : Starting a blocking GC Explicit
12-11 19:54:51.075 13537 13556 I art     : Explicit concurrent mark sweep GC freed 3(96B) AllocSpace objects, 0(0B) LOS objects, 40% free, 11MB/19MB, paused 100us total 8.261ms
12-11 19:54:51.833   883  7546 I ActivityManager: START u0 {act=android.intent.action.MAIN cat=[android.intent.category.LAUNCHER] flg=0x10200000 cmp=com.example.snoopy/.MainActivity} from uid 2000 on display 0
12-11 19:54:52.285  3069  3069 D PhoneStatusBar: disable: < expand ICONS* alerts SYSTEM_INFO* back home recent clock search quick_settings >
12-11 19:54:52.351  3069  3069 D PhoneStatusBar: disable: < expand icons* alerts system_info* back home recent clock search quick_settings >
12-11 19:54:52.355  3069  3069 D PhoneStatusBar: disable: < expand ICONS* alerts SYSTEM_INFO* back home recent clock search quick_settings >
12-11 19:54:52.375  3069  3069 D PhoneStatusBar: disable: < expand icons* alerts system_info* back home recent clock search quick_settings >
12-11 19:54:52.377  3069  3069 D PhoneStatusBar: disable: < expand ICONS* alerts SYSTEM_INFO* back home recent clock search quick_settings >
12-11 19:54:52.395  3069  3069 D PhoneStatusBar: disable: < expand icons* alerts system_info* back home recent clock search quick_settings >
12-11 19:54:52.400  3069  3069 D PhoneStatusBar: disable: < expand ICONS* alerts SYSTEM_INFO* back home recent clock search quick_settings >
12-11 19:54:52.405   883  3415 W InputMethodManagerService: Window already focused, ignoring focus gain of: com.android.internal.view.IInputMethodClient$Stub$Proxy@4a0d813 attribute=null, token = android.os.BinderProxy@9ce78bb
12-11 19:54:52.419  3069  3069 D PhoneStatusBar: disable: < expand icons* alerts system_info* back home recent clock search quick_settings >
12-11 19:54:52.511   883  8490 I ActivityManager: START u0 {act=android.intent.action.MAIN cat=[android.intent.category.LAUNCHER] flg=0x10200000 cmp=com.example.snoopy/.MainActivity} from uid 2000 on display 0
12-11 19:54:52.565   883  3090 I ActivityManager: START u0 {act=android.intent.action.MAIN cat=[android.intent.category.LAUNCHER] flg=0x10200000 cmp=com.example.snoopy/.MainActivity} from uid 2000 on display 0
12-11 19:54:52.619   883  3520 I ActivityManager: START u0 {act=android.intent.action.MAIN cat=[android.intent.category.LAUNCHER] flg=0x10200000 cmp=com.example.snoopy/.MainActivity} from uid 2000 on display 0
12-11 19:54:52.672   883  7544 I ActivityManager: START u0 {act=android.intent.action.MAIN cat=[android.intent.category.LAUNCHER] flg=0x10200000 cmp=com.example.snoopy/.MainActivity} from uid 2000 on display 0
12-11 19:54:53.060 13537 13550 I art     : Starting a blocking GC Explicit
12-11 19:54:53.070 13537 13550 I art     : Explicit concurrent mark sweep GC freed 1265(74KB) AllocSpace objects, 1(20KB) LOS objects, 40% free, 11MB/19MB, paused 139us total 9.724ms
12-11 19:54:53.076 13537 13550 I art     : Starting a blocking GC Explicit
12-11 19:54:53.085 13537 13550 I art     : Explicit concurrent mark sweep GC freed 18(624B) AllocSpace objects, 0(0B) LOS objects, 40% free, 11MB/19MB, paused 106us total 8.933ms
12-11 19:54:53.090 13537 13550 I art     : Starting a blocking GC Explicit
12-11 19:54:53.099 13537 13550 I art     : Explicit concurrent mark sweep GC freed 3(96B) AllocSpace objects, 0(0B) LOS objects, 40% free, 11MB/19MB, paused 104us total 8.201ms
12-11 19:54:53.104 13537 13550 I art     : Starting a blocking GC Explicit
12-11 19:54:53.112 13537 13550 I art     : Explicit concurrent mark sweep GC freed 3(96B) AllocSpace objects, 0(0B) LOS objects, 40% free, 11MB/19MB, paused 104us total 8.156ms
12-11 19:54:53.117 13537 13550 I art     : Starting a blocking GC Explicit
12-11 19:54:53.126 13537 13550 I art     : Explicit concurrent mark sweep GC freed 3(96B) AllocSpace objects, 0(0B) LOS objects, 40% free, 11MB/19MB, paused 107us total 8.210ms
12-11 19:54:53.462   883  7544 I ActivityManager: START u0 {act=android.intent.action.MAIN cat=[android.intent.category.LAUNCHER] flg=0x10200000 cmp=com.example.snoopy/.CameraInputFrames} from uid 2000 on display 0
12-11 19:54:53.517   883  3556 I ActivityManager: START u0 {act=android.intent.action.MAIN cat=[android.intent.category.LAUNCHER] flg=0x10200000 cmp=com.example.snoopy/.MainActivity} from uid 2000 on display 0
12-11 19:54:54.248   883  3090 I ActivityManager: START u0 {act=android.intent.action.MAIN cat=[android.intent.category.LAUNCHER] flg=0x10200000 cmp=com.example.snoopy/.CameraInputFrames} from uid 2000 on display 0
12-11 19:54:54.491  3069 15224 E libEGL  : error creating cache file /data/user/0/com.android.systemui/code_cache/com.android.opengl.shaders_cache: No such file or directory (2)
12-11 19:54:54.702   883  8489 I ActivityManager: START u0 {act=android.intent.action.MAIN cat=[android.intent.category.LAUNCHER] flg=0x10200000 cmp=com.example.snoopy/.CameraInputFrames} from uid 2000 on display 0
12-11 19:54:54.768   883   896 W BroadcastQueue: Timeout of broadcast BroadcastRecord{c03fa50 u0 android.appwidget.action.APPWIDGET_UPDATE} - receiver=android.os.BinderProxy@dd62449, started 60011ms ago
12-11 19:54:54.768   883   896 W BroadcastQueue: Receiver during timeout: ResolveInfo{cb1e14e com.google.android.googlequicksearchbox/.SearchWidgetProvider m=0x0}
12-11 19:54:54.797   883   896 I Process : Sending signal. PID: 12231 SIG: 3
12-11 19:54:54.797 12231 12236 I art     : Thread[2,tid=12236,WaitingInMainSignalCatcherLoop,Thread*=0x7f74d47000,peer=0x32c070a0,"Signal Catcher"]: reacting to signal 3
12-11 19:54:54.997   883   896 I Process : Sending signal. PID: 883 SIG: 3
12-11 19:54:54.997   883   888 I art     : Thread[2,tid=888,WaitingInMainSignalCatcherLoop,Thread*=0x7f74d43000,peer=0x12c010a0,"Signal Catcher"]: reacting to signal 3
12-11 19:54:55.100 12231 12236 I art     : Wrote stack traces to '/data/anr/traces.txt'
12-11 19:54:55.197   883   896 I Process : Sending signal. PID: 3495 SIG: 3
12-11 19:54:55.198  3495  3500 I art     : Thread[2,tid=3500,WaitingInMainSignalCatcherLoop,Thread*=0x7f74d43000,peer=0x12c500a0,"Signal Catcher"]: reacting to signal 3
12-11 19:54:55.398   883   896 I Process : Sending signal. PID: 3475 SIG: 3
12-11 19:54:55.398  3475  3486 I art     : Thread[2,tid=3486,WaitingInMainSignalCatcherLoop,Thread*=0x7f74d43000,peer=0x12c4e0a0,"Signal Catcher"]: reacting to signal 3
12-11 19:54:55.404  3495  3500 I art     : Wrote stack traces to '/data/anr/traces.txt'
